251578.5
304693
198464
443 448
5.542598
b0 264 228 297 271
b1 376 371 441 408
b2 297 209 331 262
b3 197 236 264 273
b4 379 425 408 444
b5 236 189 285 228
b6 0 428 40 446
b7 197 273 219 313
b8 327 275 377 337
b9 132 295 148 336
b10 133 68 151 120
b11 197 112 236 171
b12 154 353 215 381
b13 193 0 250 48
b14 296 57 359 100
b15 215 396 274 448
b16 51 95 87 152
b17 331 209 375 275
b18 0 98 51 146
b19 0 146 50 177
b20 280 420 317 439
b21 207 48 257 112
b22 153 159 187 208
b23 24 255 73 275
b24 376 343 421 371
b25 257 45 296 99
b26 0 323 40 378
b27 132 208 197 233
b28 41 0 87 39
b29 317 420 379 444
b30 0 255 24 281
b31 416 269 442 303
b32 326 156 369 209
b33 50 152 85 174
b34 40 344 94 371
b35 148 299 186 330
b36 303 100 370 139
b37 370 77 390 137
b38 109 198 132 255
b39 57 199 109 254
b40 257 99 283 128
b41 40 371 95 398
b42 370 155 432 208
b43 129 22 190 68
b44 390 90 437 155
b45 303 156 326 200
b46 40 322 79 344
b47 87 0 120 65
b48 311 0 338 57
b49 280 278 327 343
b50 403 23 435 90
b51 215 358 272 396
b52 257 0 311 45
b53 95 388 138 409
b54 219 273 280 291
b55 51 39 85 95
b56 379 408 442 425
b57 358 337 376 384
b58 87 107 133 141
b59 82 295 132 332
b60 186 313 209 353
b61 375 0 408 23
b62 95 409 155 428
b63 280 384 325 420
b64 40 398 87 448
b65 0 199 57 255
b66 236 128 303 189
b67 377 303 421 343
b68 155 381 207 444
b69 376 23 403 77
b70 87 65 129 107
b71 129 0 193 22
b72 375 208 436 269
b73 219 291 280 358
b74 0 60 42 98
b75 151 101 179 120
b76 132 336 154 369
b77 87 141 153 198
b78 325 388 361 420
b79 0 0 41 60
b80 95 428 153 444
b81 0 378 40 428
b82 25 275 82 322
b83 0 281 16 303
b84 0 177 67 199
b85 0 303 25 323
b86 95 332 132 388
b87 153 120 197 159
b88 338 0 375 24
b89 338 24 376 51
b90 377 269 416 302
b91 151 68 207 101
b92 297 262 323 278
b93 197 171 232 236
b94 280 343 339 384
b95 339 337 358 388
b96 82 255 148 295
b97 303 139 370 156
b98 421 303 443 365
b99 148 233 197 299
