648523.5
749797
547250
275 1990
16.925321
b0 49 1855 92 1888
b1 155 319 220 356
b2 134 143 187 177
b3 112 177 149 244
b4 182 523 211 542
b5 154 1122 193 1171
b6 108 1122 148 1140
b7 73 590 95 630
b8 22 1613 72 1675
b9 81 1210 97 1251
b10 137 361 155 413
b11 160 0 199 59
b12 83 643 144 671
b13 89 361 137 418
b14 60 1675 123 1718
b15 22 1561 81 1613
b16 160 59 196 116
b17 170 676 214 742
b18 74 1447 122 1498
b19 73 540 104 590
b20 78 1394 115 1413
b21 211 523 275 573
b22 0 1855 49 1889
b23 61 1210 81 1259
b24 123 1561 168 1589
b25 0 1951 54 1990
b26 211 632 266 672
b27 134 1001 159 1066
b28 81 1294 120 1340
b29 0 1889 24 1951
b30 24 1889 48 1915
b31 34 1675 60 1709
b32 151 266 194 319
b33 89 467 111 502
b34 81 1340 108 1394
b35 73 502 104 540
b36 130 742 169 809
b37 47 675 67 735
b38 97 1237 120 1294
b39 22 1447 74 1502
b40 47 0 73 29
b41 60 1718 87 1773
b42 120 1237 182 1290
b43 67 911 128 957
b44 104 502 169 549
b45 81 1561 104 1605
b46 112 266 151 288
b47 89 434 154 467
b48 97 1210 154 1237
b49 83 671 130 736
b50 67 1001 134 1033
b51 83 736 121 793
b52 49 1888 103 1933
b53 137 413 180 434
b54 104 582 122 643
b55 0 1675 34 1731
b56 165 1001 182 1064
b57 100 1718 118 1765
b58 61 1413 107 1447
b59 199 0 249 37
b60 134 116 174 139
b61 47 1150 80 1173
b62 80 1150 140 1169
b63 47 630 83 675
b64 149 177 199 224
b65 108 1066 165 1122
b66 169 462 236 523
b67 92 1830 136 1870
b68 74 1498 126 1561
b69 174 116 228 143
b70 112 319 154 361
b71 144 654 208 676
b72 121 809 182 870
b73 47 1083 108 1150
b74 149 224 187 266
b75 154 434 173 462
b76 112 0 134 33
b77 34 1773 100 1830
b78 165 870 201 902
b79 83 870 143 911
b80 73 33 89 91
b81 67 1033 107 1083
b82 0 0 47 57
b83 199 143 221 159
b84 144 632 211 654
b85 34 1830 54 1855
b86 47 1173 103 1210
b87 22 1210 61 1254
b88 128 911 165 935
b89 144 582 182 609
b90 73 0 112 33
b91 104 549 160 582
b92 134 0 160 16
b93 115 1340 180 1375
b94 182 573 223 632
b95 122 1375 173 1394
b96 130 676 170 742
b97 61 1259 78 1326
b98 0 57 22 119
b99 128 935 177 1001
