246985.75
292819.5
201152
448 449
4.064642
b0 385 198 428 231
b1 319 180 356 245
b2 127 312 161 365
b3 53 184 120 221
b4 356 198 385 217
b5 191 368 240 407
b6 354 0 372 40
b7 146 188 168 228
b8 76 398 138 448
b9 191 407 232 423
b10 241 334 293 352
b11 280 187 319 246
b12 0 280 28 341
b13 28 282 85 330
b14 198 271 241 334
b15 372 231 431 283
b16 374 162 431 198
b17 166 0 210 66
b18 326 96 374 147
b19 166 66 216 97
b20 0 341 19 378
b21 294 268 344 332
b22 221 169 270 203
b23 27 408 76 428
b24 59 77 87 122
b25 241 237 280 291
b26 387 67 442 107
b27 301 50 326 115
b28 242 352 281 398
b29 213 145 275 169
b30 146 241 170 267
b31 205 237 231 271
b32 241 291 294 334
b33 170 241 205 263
b34 0 378 27 432
b35 166 97 197 135
b36 127 0 166 67
b37 153 145 213 165
b38 57 0 80 57
b39 374 107 426 162
b40 127 136 153 165
b41 161 334 216 361
b42 0 161 53 223
b43 326 50 387 96
b44 210 0 257 65
b45 127 165 171 188
b46 105 57 127 96
b47 126 365 191 398
b48 257 0 314 27
b49 254 71 301 136
b50 27 341 59 408
b51 197 107 254 145
b52 240 398 294 443
b53 200 185 221 228
b54 407 283 425 344
b55 221 203 277 237
b56 344 324 407 341
b57 270 169 317 187
b58 127 67 161 113
b59 85 282 122 332
b60 171 165 194 205
b61 127 113 160 136
b62 177 423 237 442
b63 127 267 163 312
b64 316 341 363 391
b65 0 0 57 56
b66 59 332 126 393
b67 257 27 297 71
b68 336 393 399 445
b69 0 134 54 161
b70 294 394 336 436
b71 53 162 117 184
b72 66 221 127 282
b73 387 0 448 67
b74 216 65 254 107
b75 127 239 146 267
b76 275 136 297 169
b77 0 223 66 280
b78 168 205 200 241
b79 347 283 407 324
b80 356 217 372 275
b81 314 0 354 50
b82 80 0 127 57
b83 194 169 216 185
b84 280 246 347 268
b85 80 57 105 77
b86 0 56 56 93
b87 138 398 177 442
b88 301 115 325 152
b89 59 122 86 160
b90 325 147 364 180
b91 399 393 432 449
b92 216 352 242 368
b93 163 267 198 332
b94 0 93 59 134
b95 127 188 146 239
b96 87 96 127 162
b97 0 432 67 449
b98 294 332 316 394
b99 363 344 429 393
