299628.75
399001.5
200256
447 448
208.827187
b0 294 423 330 439
b1 86 404 125 423
b2 112 0 147 41
b3 362 235 409 253
b4 349 311 375 343
b5 333 279 368 310
b6 333 34 346 63
b7 273 395 294 423
b8 125 316 140 348
b9 332 390 366 436
b10 129 374 174 406
b11 148 29 184 43
b12 138 131 174 173
b13 100 41 148 86
b14 24 327 39 352
b15 100 86 146 131
b16 362 33 380 55
b17 354 0 380 33
b18 258 0 277 34
b19 264 111 276 141
b20 350 142 378 175
b21 280 84 319 128
b22 189 174 228 200
b23 174 375 199 415
b24 194 114 219 129
b25 302 128 338 164
b26 0 278 25 321
b27 0 132 34 147
b28 228 176 274 214
b29 81 0 93 37
b30 351 187 368 214
b31 249 365 265 402
b32 39 424 71 447
b33 73 175 109 193
b34 375 311 394 349
b35 353 109 368 142
b36 252 112 264 140
b37 278 236 299 252
b38 125 290 158 316
b39 378 135 408 177
b40 174 129 202 170
b41 299 236 315 252
b42 139 355 183 374
b43 366 390 400 430
b44 100 131 127 147
b45 23 147 37 184
b46 353 61 368 109
b47 296 338 310 361
b48 93 356 117 382
b49 57 37 88 77
b50 236 214 278 247
b51 289 252 337 279
b52 194 87 231 114
b53 57 230 75 247
b54 333 310 349 353
b55 425 0 438 46
b56 189 219 214 241
b57 357 216 405 235
b58 20 366 39 407
b59 205 311 251 357
b60 265 365 300 395
b61 0 99 34 132
b62 197 0 234 45
b63 42 0 57 35
b64 78 308 125 356
b65 95 238 128 268
b66 319 164 350 195
b67 296 294 333 338
b68 234 0 258 35
b69 394 312 432 331
b70 153 262 189 276
b71 402 278 444 312
b72 368 278 402 311
b73 75 356 93 394
b74 234 112 252 141
b75 310 338 333 365
b76 125 348 139 360
b77 128 262 152 278
b78 403 186 446 212
b79 202 241 221 278
b80 230 45 244 60
b81 39 404 71 424
b82 277 0 309 33
b83 234 75 253 112
b84 140 318 183 355
b85 199 357 236 405
b86 372 349 396 373
b87 257 141 302 160
b88 110 147 138 190
b89 0 407 35 419
b90 0 321 24 366
b91 245 402 273 446
b92 125 406 149 448
b93 202 129 223 172
b94 39 389 55 404
b95 337 242 362 278
b96 380 44 425 69
b97 138 173 166 198
b98 25 256 41 282
b99 0 366 20 403
b100 172 0 197 27
b101 149 214 189 262
b102 322 365 360 390
b103 168 415 200 447
b104 148 103 184 128
b105 0 0 42 31
b106 278 202 317 236
b107 25 282 41 327
b108 42 330 75 342
b109 333 353 355 365
b110 0 147 23 191
b111 280 128 298 141
b112 184 45 230 63
b113 408 143 436 186
b114 93 0 112 39
b115 100 208 137 238
b116 368 98 410 135
b117 57 0 81 37
b118 368 177 403 216
b119 253 75 277 111
b120 221 226 236 271
b121 409 232 441 277
b122 57 200 100 230
b123 236 357 249 392
b124 360 377 399 390
b125 109 190 137 208
b126 294 395 332 423
b127 0 256 24 278
b128 42 293 78 318
b129 243 266 289 310
b130 380 0 425 44
b131 0 31 36 51
b132 278 186 316 202
b133 350 175 364 187
b134 258 34 287 50
b135 137 198 174 213
b136 398 69 417 93
b137 183 318 205 336
b138 300 365 322 395
b139 0 225 33 256
b140 214 214 230 226
b141 317 195 351 220
b142 148 76 194 103
b143 42 249 88 293
b144 147 0 172 29
b145 309 0 354 34
b146 223 141 257 174
b147 122 278 153 290
b148 333 63 350 88
b149 93 382 115 404
b150 189 241 202 271
b151 346 34 362 61
b152 148 43 181 76
b153 74 394 86 434
b154 158 276 202 318
b155 117 360 129 373
b156 236 247 278 266
b157 137 213 149 255
b158 368 69 396 86
b159 57 119 93 143
b160 338 123 350 159
b161 149 406 168 437
b162 368 86 398 98
b163 400 345 447 391
b164 417 69 444 101
b165 202 278 243 311
b166 42 318 78 330
b167 394 331 441 345
b168 368 253 405 278
b169 287 56 333 84
b170 251 310 296 332
b171 319 88 353 123
b172 13 51 38 82
b173 277 164 319 186
b174 405 212 430 232
b175 360 343 372 377
b176 86 423 106 439
b177 251 332 282 353
b178 257 160 277 176
b179 200 405 245 446
b180 189 200 210 219
b181 289 279 331 294
b182 251 353 284 365
b183 57 163 73 200
b184 75 230 95 249
b185 174 170 187 214
b186 0 51 13 99
b187 309 34 333 56
b188 194 63 234 87
b189 57 143 88 163
b190 0 191 37 225
b191 410 101 447 143
b192 88 147 110 175
b193 57 77 100 119
b194 400 391 443 433
b195 244 50 280 75
b196 183 336 199 375
b197 39 342 74 389
b198 317 220 357 242
b199 88 268 122 308
