569802.25
845570.5
294034
526 559
273.442042
b0 0 166 15 193
b1 40 353 56 380
b2 464 34 486 60
b3 269 411 290 456
b4 305 127 345 172
b5 180 251 206 267
b6 388 151 426 178
b7 377 37 406 72
b8 141 537 177 558
b9 205 148 230 192
b10 188 37 219 52
b11 64 394 88 435
b12 385 306 402 325
b13 459 255 507 288
b14 325 199 369 220
b15 142 72 176 87
b16 220 514 262 559
b17 285 226 326 263
b18 159 291 202 335
b19 426 145 449 181
b20 182 365 199 378
b21 436 0 464 44
b22 212 91 247 120
b23 304 0 321 40
b24 206 248 230 266
b25 99 451 128 494
b26 359 422 377 449
b27 411 44 449 84
b28 330 343 342 367
b29 39 455 69 484
b30 299 310 327 330
b31 0 252 32 288
b32 160 355 182 374
b33 310 369 356 414
b34 62 229 74 258
b35 448 452 460 478
b36 493 150 520 180
b37 116 277 128 306
b38 205 229 226 248
b39 97 97 109 110
b40 447 478 494 497
b41 174 426 210 445
b42 12 404 37 450
b43 0 450 39 471
b44 217 0 241 27
b45 406 365 431 389
b46 160 404 173 423
b47 0 362 40 404
b48 277 79 305 113
b49 365 500 413 524
b50 434 239 448 258
b51 397 0 411 16
b52 348 310 385 328
b53 329 498 341 534
b54 65 484 99 514
b55 0 226 31 252
b56 172 445 218 476
b57 45 102 93 149
b58 235 310 260 335
b59 479 310 526 348
b60 97 81 136 97
b61 493 105 524 150
b62 359 386 405 422
b63 445 96 491 132
b64 373 329 406 344
b65 490 545 513 558
b66 97 113 142 155
b67 459 288 492 302
b68 32 278 60 323
b69 218 435 245 471
b70 203 310 219 355
b71 493 180 525 214
b72 507 255 522 287
b73 82 0 94 46
b74 0 70 43 104
b75 411 452 448 472
b76 176 52 212 91
b77 23 540 63 558
b78 270 119 286 161
b79 252 79 277 119
b80 510 427 525 463
b81 128 406 160 421
b82 261 236 285 275
b83 489 214 526 255
b84 330 239 368 273
b85 368 462 411 496
b86 231 132 270 176
b87 465 388 510 436
b88 0 41 44 70
b89 412 219 454 239
b90 341 495 365 541
b91 379 130 422 151
b92 285 263 330 310
b93 150 335 174 355
b94 413 513 432 544
b95 269 343 306 387
b96 368 239 414 272
b97 449 204 489 219
b98 0 471 35 484
b99 342 414 359 454
b100 358 84 402 129
b101 454 219 484 255
b102 0 326 40 362
b103 345 129 379 163
b104 62 258 76 300
b105 455 497 490 530
b106 39 443 72 455
b107 0 484 32 499
b108 359 0 397 37
b109 462 436 508 478
b110 65 517 104 559
b111 476 530 489 551
b112 411 84 441 109
b113 135 235 159 271
b114 305 83 339 127
b115 365 524 387 558
b116 0 499 28 518
b117 193 476 214 515
b118 449 132 493 170
b119 76 242 104 287
b120 79 206 115 242
b121 411 181 445 219
b122 369 219 412 239
b123 406 329 429 365
b124 104 242 135 277
b125 359 344 405 386
b126 189 104 211 116
b127 411 0 436 43
b128 0 138 44 166
b129 492 366 526 388
b130 32 252 62 278
b131 159 191 204 239
b132 79 188 118 206
b133 104 334 119 377
b134 45 182 79 229
b135 219 310 234 355
b136 0 404 12 441
b137 455 530 476 558
b138 369 188 411 216
b139 104 517 141 553
b140 262 0 274 43
b141 247 399 266 444
b142 348 273 375 310
b143 364 163 388 188
b144 30 0 45 40
b145 119 306 132 351
b146 111 155 159 188
b147 205 383 247 413
b148 414 239 434 257
b149 142 0 189 22
b150 31 229 62 252
b151 330 273 348 315
b152 212 132 231 148
b153 0 0 30 41
b154 230 413 247 435
b155 32 484 57 498
b156 330 315 346 343
b157 377 422 402 442
b158 408 544 431 557
b159 414 258 458 290
b160 15 210 42 226
b161 58 347 104 394
b162 492 348 523 366
b163 492 288 525 310
b164 332 454 368 495
b165 342 344 359 365
b166 375 272 411 306
b167 290 414 326 451
b168 269 387 310 411
b169 159 267 198 291
b170 274 0 303 45
b171 486 34 526 56
b172 0 193 13 220
b173 305 534 337 559
b174 128 449 144 492
b175 252 221 268 236
b176 45 64 78 102
b177 144 500 185 537
b178 247 382 266 399
b179 159 157 205 191
b180 402 310 442 329
b181 205 355 235 383
b182 251 176 275 221
b183 260 310 299 343
b184 142 22 188 47
b185 305 464 332 498
b186 495 0 526 33
b187 321 0 359 36
b188 28 499 65 539
b189 212 120 256 132
b190 45 0 82 27
b191 109 97 143 113
b192 176 378 205 426
b193 424 419 441 452
b194 128 421 141 449
b195 479 348 492 381
b196 119 365 160 406
b197 189 0 217 37
b198 286 113 305 161
b199 493 69 524 105
b200 218 471 255 514
b201 62 300 91 326
b202 235 343 269 382
b203 104 306 119 334
b204 45 149 86 182
b205 159 251 180 266
b206 185 515 220 557
b207 143 87 171 120
b208 72 451 99 471
b209 490 500 526 545
b210 245 444 269 457
b211 337 541 353 553
b212 402 109 444 130
b213 245 457 277 471
b214 405 402 432 419
b215 241 0 262 29
b216 326 220 368 239
b217 411 290 459 310
b218 72 436 115 451
b219 144 440 172 458
b220 442 310 479 340
b221 284 510 297 555
b222 142 47 176 72
b223 230 221 252 240
b224 441 407 462 452
b225 339 37 377 84
b226 510 388 526 427
b227 115 406 128 438
b228 210 413 230 434
b229 275 202 323 226
b230 275 172 308 202
b231 160 374 176 404
b232 88 394 111 436
b233 176 91 189 107
b234 132 332 150 365
b235 262 510 284 556
b236 37 404 64 443
b237 230 176 251 216
b238 325 172 364 199
b239 305 40 327 80
b240 0 540 23 559
b241 72 471 96 484
b242 212 69 252 91
b243 45 27 79 64
b244 290 451 327 464
b245 305 498 329 534
b246 432 513 455 557
b247 449 60 488 96
b248 230 240 261 283
b249 142 120 169 155
b250 464 0 495 34
b251 0 104 43 138
b252 405 419 424 447
b253 277 456 290 471
b254 406 389 430 402
b255 118 188 157 235
b256 189 91 210 104
b257 141 423 174 440
b258 449 170 493 204
b259 104 277 116 303
b260 135 313 147 332
b261 159 239 204 251
b262 230 283 278 310
b263 432 340 479 386
b264 99 494 144 517
b265 82 46 97 91
b266 94 0 142 45
b267 252 45 291 79
b268 86 155 111 177
b269 205 192 223 229
b270 422 130 445 145
b271 135 271 159 313
b272 158 476 193 500
b273 182 335 203 365
b274 432 386 465 407
b275 0 518 28 540
b276 144 458 158 489
b277 327 36 339 83
b278 413 500 455 513
b279 262 471 305 510
b280 494 478 525 500
b281 40 323 58 353
b282 15 166 45 210
b283 491 56 506 69
b284 387 524 408 554
b285 291 45 304 78
b286 97 45 138 81
b287 62 326 104 347
b288 411 472 447 500
b289 169 120 202 157
b290 346 328 373 344
b291 202 267 230 310
b292 306 330 330 369
b293 339 84 358 127
b294 308 172 325 198
b295 368 449 411 462
b296 326 414 342 441
b297 0 288 31 326
b298 219 29 252 69
b299 91 287 104 300
