253261.5
307616
198907
443 449
9.602435
b0 379 38 422 71
b1 62 235 127 272
b2 66 326 119 360
b3 331 256 368 323
b4 225 48 254 67
b5 186 133 235 172
b6 266 250 284 290
b7 235 212 275 234
b8 313 343 363 405
b9 309 405 325 446
b10 377 256 429 274
b11 318 117 357 176
b12 363 343 391 404
b13 186 172 234 229
b14 0 254 43 317
b15 0 394 59 446
b16 0 128 57 164
b17 325 405 391 449
b18 225 0 276 48
b19 368 274 399 324
b20 234 234 253 271
b21 247 330 311 380
b22 377 132 411 181
b23 0 53 49 73
b24 98 421 143 449
b25 186 0 225 54
b26 399 274 439 329
b27 219 271 244 336
b28 247 380 293 419
b29 0 230 62 254
b30 186 316 212 340
b31 323 91 357 117
b32 62 192 115 235
b33 296 75 318 110
b34 323 37 377 64
b35 311 176 349 207
b36 62 23 101 90
b37 357 91 377 151
b38 411 132 434 189
b39 0 73 52 128
b40 391 350 417 379
b41 323 64 378 91
b42 0 0 62 53
b43 186 396 247 442
b44 121 0 186 47
b45 22 371 66 394
b46 292 268 331 290
b47 186 229 219 294
b48 254 117 311 144
b49 312 209 377 256
b50 411 189 443 256
b51 379 0 436 38
b52 62 272 107 326
b53 391 329 434 350
b54 294 207 312 268
b55 377 181 411 237
b56 123 131 186 148
b57 276 0 323 18
b58 121 47 167 81
b59 149 81 186 131
b60 62 0 102 23
b61 417 350 440 383
b62 102 0 121 60
b63 107 283 152 319
b64 102 81 149 131
b65 186 340 243 396
b66 122 151 183 218
b67 66 360 110 400
b68 391 383 443 446
b69 235 185 289 212
b70 254 75 296 117
b71 127 218 149 282
b72 378 71 439 132
b73 119 322 186 383
b74 110 383 152 421
b75 377 237 405 256
b76 186 294 219 316
b77 0 164 57 230
b78 62 114 98 146
b79 62 151 122 192
b80 357 151 373 209
b81 22 321 62 371
b82 276 18 323 75
b83 244 271 266 287
b84 0 317 22 384
b85 98 131 123 151
b86 323 0 379 37
b87 59 400 98 444
b88 62 90 99 114
b89 167 54 205 81
b90 152 283 185 322
b91 152 383 185 439
b92 266 234 292 250
b93 149 218 184 283
b94 235 144 294 185
b95 331 324 382 343
b96 247 290 313 330
b97 43 254 60 321
b98 247 419 309 441
b99 205 67 254 133
