380970.75
567957.5
193984
433 448
42.937522
b0 284 0 320 16
b1 351 242 370 281
b2 181 122 222 157
b3 386 222 433 240
b4 162 388 194 414
b5 285 304 320 335
b6 100 273 129 286
b7 0 234 21 262
b8 162 373 194 388
b9 344 412 390 446
b10 138 233 183 265
b11 159 40 195 54
b12 93 131 135 167
b13 299 399 344 447
b14 259 304 284 319
b15 93 85 138 131
b16 0 140 22 158
b17 105 167 138 193
b18 308 178 327 212
b19 129 273 141 303
b20 57 196 90 224
b21 57 359 96 403
b22 99 247 138 273
b23 190 0 215 40
b24 320 323 345 338
b25 0 170 36 206
b26 319 217 362 242
b27 0 0 34 15
b28 144 0 190 38
b29 176 85 188 122
b30 323 306 350 323
b31 141 287 178 303
b32 183 232 206 264
b33 138 113 174 131
b34 19 364 57 383
b35 390 369 423 384
b36 0 158 28 170
b37 0 218 21 234
b38 249 85 275 118
b39 342 136 384 166
b40 0 99 28 140
b41 223 318 239 334
b42 57 320 101 339
b43 276 133 310 173
b44 284 62 311 78
b45 261 134 275 171
b46 90 193 138 208
b47 22 248 45 262
b48 345 348 371 372
b49 0 262 40 293
b50 57 224 99 257
b51 175 159 223 186
b52 255 319 282 356
b53 401 262 419 279
b54 390 428 433 444
b55 93 36 106 82
b56 221 334 246 356
b57 285 338 333 357
b58 304 263 323 304
b59 175 186 221 232
b60 138 203 173 233
b61 374 335 407 369
b62 248 356 285 401
b63 99 232 134 247
b64 261 173 308 221
b65 224 138 257 168
b66 19 399 50 430
b67 342 56 386 93
b68 174 303 198 338
b69 101 286 120 324
b70 374 279 410 293
b71 22 206 56 248
b72 186 265 220 298
b73 320 0 358 18
b74 28 99 57 117
b75 0 15 27 38
b76 373 38 387 50
b77 370 217 386 241
b78 57 294 100 320
b79 224 168 261 187
b80 133 373 147 388
b81 224 118 256 138
b82 174 414 207 446
b83 138 159 175 178
b84 204 46 247 83
b85 224 187 261 235
b86 0 71 24 95
b87 0 364 19 409
b88 138 131 181 159
b89 330 53 342 88
b90 0 293 45 317
b91 323 242 351 286
b92 374 293 398 335
b93 370 241 413 262
b94 266 249 282 264
b95 327 178 352 214
b96 120 303 165 328
b97 224 83 249 111
b98 414 70 430 96
b99 57 339 94 359
b100 57 92 84 117
b101 276 85 316 133
b102 224 261 262 286
b103 25 317 57 349
b104 215 0 240 36
b105 402 0 433 42
b106 352 178 386 217
b107 75 0 91 45
b108 133 361 166 373
b109 0 206 22 218
b110 316 134 339 178
b111 96 393 109 411
b112 50 403 96 421
b113 220 356 248 399
b114 0 409 19 448
b115 285 357 322 387
b116 282 221 319 263
b117 350 311 374 348
b118 249 46 284 85
b119 407 333 431 369
b120 34 65 79 80
b121 129 415 174 447
b122 386 192 429 222
b123 224 286 259 299
b124 194 372 207 411
b125 345 38 373 56
b126 138 85 176 113
b127 99 208 121 232
b128 57 257 93 282
b129 240 0 284 46
b130 36 152 81 196
b131 91 0 111 36
b132 19 383 57 399
b133 93 167 105 181
b134 163 54 179 83
b135 0 349 37 364
b136 24 80 48 99
b137 65 45 87 63
b138 351 281 373 311
b139 96 415 129 446
b140 341 166 357 178
b141 316 100 341 134
b142 284 16 311 62
b143 253 401 299 445
b144 0 317 25 346
b145 174 338 219 372
b146 0 38 34 71
b147 81 117 93 148
b148 358 13 375 38
b149 368 372 390 394
b150 224 235 254 248
b151 374 262 401 278
b152 111 0 144 33
b153 57 282 97 294
b154 390 384 432 428
b155 133 388 146 400
b156 262 285 304 304
b157 224 249 266 261
b158 261 221 278 249
b159 188 97 224 121
b160 57 80 93 92
b161 224 299 255 318
b162 285 387 315 399
b163 207 401 253 448
b164 56 421 88 448
b165 133 328 174 361
b166 188 85 224 97
b167 316 53 330 100
b168 138 178 175 203
b169 387 42 433 70
b170 141 265 186 287
b171 311 18 345 53
b172 179 54 204 85
b173 322 357 344 399
b174 143 54 163 79
b175 96 381 130 393
b176 323 286 339 306
b177 266 264 297 285
b178 256 118 276 134
b179 34 0 75 45
b180 198 317 219 336
b181 147 373 162 415
b182 206 232 218 265
b183 19 430 56 446
b184 198 298 218 317
b185 358 0 402 13
b186 111 38 159 51
b187 109 393 133 415
b188 344 372 368 412
b189 34 45 65 65
b190 106 51 143 85
b191 96 339 133 381
b192 386 70 414 92
b193 384 133 426 176
b194 342 93 384 136
b195 406 96 431 132
b196 386 176 425 192
b197 28 117 75 152
b198 384 93 406 133
b199 398 293 432 333
