569328.75
840151.5
298506
534 559
260.372989
b0 0 192 27 207
b1 165 237 192 253
b2 333 320 359 342
b3 272 493 317 514
b4 284 357 329 397
b5 289 467 305 493
b6 165 142 192 180
b7 155 338 184 373
b8 403 535 439 556
b9 246 124 290 149
b10 124 356 155 371
b11 504 142 528 183
b12 0 38 19 55
b13 406 384 454 417
b14 260 30 304 51
b15 192 451 207 485
b16 233 313 275 358
b17 0 117 37 158
b18 393 492 437 535
b19 413 417 436 453
b20 400 431 413 448
b21 98 210 126 254
b22 346 250 375 285
b23 0 358 40 375
b24 193 35 217 53
b25 504 229 533 272
b26 481 115 499 142
b27 466 173 504 213
b28 333 417 357 429
b29 311 136 341 165
b30 43 54 71 74
b31 0 375 32 411
b32 120 535 142 554
b33 146 435 192 480
b34 464 93 493 105
b35 438 93 464 105
b36 192 485 219 515
b37 378 250 407 262
b38 437 417 458 436
b39 481 469 494 481
b40 333 301 380 320
b41 493 79 512 115
b42 334 111 380 136
b43 149 283 188 304
b44 32 390 59 414
b45 504 204 528 229
b46 475 481 488 500
b47 480 272 520 314
b48 212 0 246 28
b49 99 302 147 326
b50 47 39 66 53
b51 467 314 483 328
b52 466 249 503 267
b53 522 305 534 341
b54 208 65 238 99
b55 155 373 186 399
b56 146 480 192 511
b57 358 164 406 211
b58 341 136 366 161
b59 0 0 47 38
b60 83 266 99 305
b61 193 382 224 427
b62 147 399 193 435
b63 392 93 438 129
b64 238 65 253 98
b65 19 283 42 296
b66 241 259 286 301
b67 251 171 284 185
b68 288 191 333 219
b69 129 117 165 144
b70 333 285 378 301
b71 318 477 352 509
b72 114 427 146 442
b73 165 225 211 237
b74 488 45 531 79
b75 252 508 272 545
b76 398 456 437 492
b77 144 511 184 529
b78 342 161 358 203
b79 406 314 446 339
b80 150 0 165 36
b81 257 419 289 434
b82 260 358 284 397
b83 251 218 288 259
b84 129 79 163 117
b85 165 69 208 103
b86 207 159 251 198
b87 99 254 144 302
b88 39 296 83 325
b89 487 425 529 445
b90 357 535 403 559
b91 71 34 114 55
b92 440 0 485 47
b93 19 296 39 320
b94 284 172 315 191
b95 420 221 464 258
b96 0 325 46 358
b97 244 455 284 470
b98 199 0 212 35
b99 420 258 460 275
b100 333 343 378 387
b101 37 110 67 146
b102 224 358 260 398
b103 188 348 222 382
b104 27 192 41 234
b105 46 325 81 358
b106 476 47 488 80
b107 165 180 180 212
b108 128 189 165 227
b109 38 495 84 537
b110 84 493 123 535
b111 192 159 205 180
b112 124 326 149 356
b113 47 74 71 110
b114 184 515 218 559
b115 452 328 474 362
b116 0 89 19 117
b117 42 257 63 296
b118 289 397 333 435
b119 136 144 164 189
b120 93 107 129 143
b121 309 0 347 34
b122 93 169 136 189
b123 124 371 147 407
b124 0 528 35 559
b125 420 179 466 221
b126 229 253 241 275
b127 93 144 136 169
b128 437 448 481 476
b129 165 0 199 22
b130 488 529 514 559
b131 288 219 333 267
b132 89 192 128 210
b133 65 358 80 401
b134 28 414 75 448
b135 397 0 412 45
b136 452 362 489 374
b137 123 492 144 520
b138 412 0 440 42
b139 352 74 389 110
b140 407 179 419 222
b141 75 537 120 556
b142 108 465 145 492
b143 67 130 92 154
b144 452 288 467 328
b145 440 80 485 93
b146 211 427 244 475
b147 246 0 288 30
b148 126 227 146 245
b149 199 137 246 159
b150 114 442 145 465
b151 311 514 353 532
b152 192 435 211 451
b153 142 529 183 559
b154 67 113 89 130
b155 333 203 347 228
b156 366 136 382 164
b157 117 407 142 427
b158 244 419 257 442
b159 285 435 329 467
b160 19 38 46 54
b161 0 448 46 495
b162 215 235 246 253
b163 251 149 284 171
b164 397 57 438 93
b165 272 470 289 491
b166 93 73 129 107
b167 215 198 251 235
b168 439 512 463 553
b169 47 0 71 39
b170 269 51 298 96
b171 193 237 215 277
b172 438 142 465 155
b173 40 358 65 390
b174 488 486 504 529
b175 193 53 208 69
b176 0 495 38 528
b177 278 301 319 338
b178 406 295 423 314
b179 0 158 46 192
b180 0 283 19 323
b181 378 401 406 431
b182 380 295 404 340
b183 347 211 380 250
b184 389 129 435 154
b185 488 314 522 341
b186 454 374 487 405
b187 466 213 504 249
b188 489 341 529 378
b189 299 128 311 172
b190 180 180 207 217
b191 303 267 337 283
b192 41 192 89 221
b193 63 257 80 290
b194 467 267 480 295
b195 407 222 420 255
b196 0 242 41 283
b197 165 22 193 59
b198 278 338 326 357
b199 356 42 392 73
b200 438 105 481 142
b201 423 288 452 314
b202 149 304 188 338
b203 280 96 295 124
b204 357 457 398 490
b205 412 42 433 57
b206 362 0 397 42
b207 0 411 28 444
b208 315 165 342 185
b209 188 312 233 348
b210 305 467 318 491
b211 62 448 74 464
b212 309 34 351 55
b213 215 253 229 285
b214 62 466 79 493
b215 504 183 533 204
b216 238 98 280 117
b217 333 429 353 477
b218 150 36 165 79
b219 19 89 47 107
b220 333 387 370 417
b221 85 221 98 266
b222 309 55 334 89
b223 334 55 356 74
b224 244 398 289 419
b225 46 154 93 192
b226 46 448 62 487
b227 333 228 346 260
b228 265 434 285 455
b229 407 155 455 179
b230 251 185 281 218
b231 253 65 269 95
b232 429 339 452 381
b233 59 401 75 414
b234 71 55 104 73
b235 463 500 485 546
b236 193 285 232 312
b237 357 417 378 457
b238 380 211 407 250
b239 71 73 93 113
b240 359 320 378 343
b241 224 398 237 422
b242 35 537 75 559
b243 199 103 236 137
b244 80 391 117 404
b245 439 476 463 512
b246 41 221 85 244
b247 298 89 334 128
b248 81 326 124 357
b249 0 207 27 242
b250 114 34 148 65
b251 0 55 43 89
b252 514 507 533 535
b253 284 149 299 162
b254 380 340 404 353
b255 75 404 114 451
b256 244 442 265 455
b257 286 267 303 300
b258 71 0 115 34
b259 146 227 158 253
b260 463 476 475 495
b261 233 301 278 313
b262 378 353 405 401
b263 487 378 533 425
b264 406 339 429 384
b265 512 79 527 124
b266 485 0 533 45
b267 165 103 199 142
b268 378 431 400 456
b269 334 74 352 111
b270 347 0 362 23
b271 486 445 528 469
b272 115 0 150 24
b273 288 0 309 30
b274 219 536 252 557
b275 244 470 272 492
b276 474 328 488 359
b277 208 53 255 65
b278 41 244 83 257
b279 272 514 311 557
b280 219 514 250 536
b281 504 124 534 142
b282 149 253 193 283
b283 74 451 87 466
b284 504 486 534 507
b285 520 272 533 305
b286 357 490 393 531
b287 87 451 108 493
b288 440 47 476 75
b289 80 358 117 391
b290 303 283 330 299
b291 458 405 486 448
b292 219 475 243 514
b293 217 30 260 49
b294 494 469 520 486
b295 423 275 466 288
b296 243 492 270 508
b297 466 142 504 173
b298 378 262 418 295
b299 165 212 178 225
