387248.75
576033.5
198464
448 443
16.547722
b0 224 0 240 36
b1 276 139 315 158
b2 0 232 41 267
b3 369 280 387 327
b4 310 0 342 26
b5 156 336 191 367
b6 414 0 427 29
b7 220 307 241 335
b8 71 0 86 32
b9 361 397 395 443
b10 131 58 176 90
b11 224 215 238 251
b12 361 361 403 397
b13 26 0 71 48
b14 334 381 349 406
b15 0 344 45 390
b16 427 0 445 22
b17 218 399 244 432
b18 311 404 330 438
b19 66 269 96 281
b20 380 247 408 280
b21 138 367 182 406
b22 0 0 26 39
b23 41 210 66 250
b24 194 141 219 156
b25 71 152 107 188
b26 164 283 207 308
b27 223 292 257 307
b28 206 361 252 399
b29 207 274 219 311
b30 405 220 422 247
b31 113 102 129 139
b32 298 381 330 404
b33 206 0 224 36
b34 268 298 287 336
b35 267 160 300 175
b36 361 347 389 359
b37 422 220 438 241
b38 289 42 315 75
b39 107 169 149 199
b40 226 175 267 203
b41 44 194 60 210
b42 94 344 138 363
b43 152 249 192 283
b44 45 338 72 354
b45 413 354 427 391
b46 268 336 283 384
b47 194 156 217 170
b48 0 82 26 106
b49 304 188 335 228
b50 229 40 271 73
b51 335 188 362 236
b52 342 0 369 37
b53 45 320 62 338
b54 325 37 368 53
b55 238 279 284 292
b56 238 254 263 276
b57 78 409 126 428
b58 334 294 353 335
b59 362 163 408 209
b60 108 139 143 169
b61 108 310 141 344
b62 267 175 304 220
b63 304 173 339 188
b64 287 298 334 346
b65 383 68 416 98
b66 37 126 68 157
b67 404 286 448 323
b68 182 371 206 406
b69 341 76 379 95
b70 289 28 325 42
b71 238 220 280 254
b72 71 69 105 102
b73 271 40 289 78
b74 316 82 334 111
b75 241 307 268 330
b76 15 289 27 303
b77 276 123 300 139
b78 324 268 367 294
b79 427 354 446 391
b80 0 289 15 303
b81 418 54 438 86
b82 194 170 226 203
b83 126 409 163 428
b84 362 209 405 246
b85 192 62 229 110
b86 280 220 304 244
b87 403 424 448 443
b88 164 308 207 336
b89 383 56 418 68
b90 240 130 264 175
b91 420 108 448 152
b92 143 108 167 150
b93 131 25 174 46
b94 381 147 396 163
b95 0 39 25 75
b96 131 0 176 25
b97 192 249 220 274
b98 300 75 316 101
b99 381 127 418 147
b100 414 29 441 54
b101 240 0 288 40
b102 71 217 96 255
b103 236 98 268 130
b104 116 242 152 267
b105 194 110 236 141
b106 408 247 442 286
b107 176 62 192 107
b108 207 311 219 344
b109 334 406 356 418
b110 280 256 324 279
b111 300 101 313 119
b112 129 90 175 108
b113 80 281 108 324
b114 381 108 420 127
b115 176 0 206 37
b116 339 95 381 132
b117 187 203 224 227
b118 90 34 129 69
b119 0 208 36 232
b120 300 158 345 173
b121 268 78 300 123
b122 255 384 298 414
b123 191 336 204 371
b124 408 165 447 178
b125 304 228 322 256
b126 0 406 38 434
b127 72 324 94 348
b128 182 406 218 431
b129 92 363 136 409
b130 149 150 194 194
b131 347 56 383 76
b132 353 294 369 332
b133 86 0 98 14
b134 389 323 418 339
b135 141 325 156 362
b136 71 44 90 68
b137 418 86 436 108
b138 369 0 399 22
b139 403 391 434 424
b140 71 32 87 44
b141 229 73 263 98
b142 334 335 361 381
b143 0 162 44 208
b144 71 188 96 217
b145 369 22 414 56
b146 98 0 131 34
b147 316 53 347 65
b148 316 65 341 82
b149 0 106 22 128
b150 298 404 311 434
b151 171 233 198 249
b152 37 48 70 81
b153 226 203 266 215
b154 26 82 68 126
b155 418 152 430 165
b156 71 102 113 121
b157 152 283 164 325
b158 345 154 362 182
b159 41 250 65 286
b160 131 46 167 58
b161 284 279 315 298
b162 264 130 276 160
b163 45 354 92 400
b164 167 110 194 142
b165 96 199 129 240
b166 219 335 255 347
b167 207 347 254 361
b168 44 157 69 194
b169 252 414 298 442
b170 335 246 380 268
b171 45 286 80 320
b172 330 418 361 443
b173 339 132 381 154
b174 198 227 223 247
b175 25 48 37 82
b176 96 240 116 256
b177 87 121 108 152
b178 71 121 87 141
b179 0 303 45 344
b180 219 141 240 160
b181 389 280 404 322
b182 105 69 117 102
b183 0 390 37 406
b184 369 327 388 347
b185 66 256 110 269
b186 255 330 268 378
b187 389 339 413 361
b188 315 111 339 151
b189 418 323 438 354
b190 0 128 37 162
b191 408 178 445 220
b192 288 0 310 28
b193 110 267 152 310
b194 129 199 171 242
b195 176 37 212 62
b196 171 194 187 233
b197 287 346 334 381
b198 0 267 40 289
b199 38 400 78 434
