250272.25
300739.5
199805
449 445
10.130197
b0 0 295 43 328
b1 106 314 143 379
b2 41 186 94 220
b3 125 36 192 73
b4 44 96 73 115
b5 0 66 39 115
b6 348 247 388 265
b7 400 118 440 140
b8 304 179 366 229
b9 44 0 60 41
b10 334 229 386 247
b11 140 197 199 236
b12 173 236 234 264
b13 204 311 261 359
b14 0 402 63 445
b15 328 310 380 369
b16 314 0 350 57
b17 0 0 44 66
b18 49 321 97 372
b19 18 328 49 378
b20 276 394 295 431
b21 399 0 449 64
b22 366 179 400 228
b23 192 111 212 160
b24 94 190 139 218
b25 250 41 289 95
b26 221 394 276 434
b27 125 126 190 151
b28 204 40 250 79
b29 0 378 62 402
b30 328 140 352 166
b31 234 220 260 254
b32 201 160 244 213
b33 60 74 95 96
b34 150 0 204 27
b35 400 202 438 233
b36 106 275 173 314
b37 244 160 264 220
b38 60 0 83 57
b39 389 66 444 118
b40 228 95 257 121
b41 101 379 156 406
b42 125 73 187 126
b43 257 95 303 156
b44 0 230 47 295
b45 388 290 432 313
b46 109 151 131 190
b47 44 153 109 186
b48 95 74 122 131
b49 156 375 221 422
b50 63 372 95 439
b51 49 220 106 258
b52 337 369 382 423
b53 261 244 282 287
b54 140 179 201 197
b55 106 218 140 274
b56 337 118 400 135
b57 0 328 18 375
b58 303 94 337 140
b59 289 57 339 94
b60 400 140 423 180
b61 301 229 334 252
b62 139 160 199 179
b63 348 265 384 310
b64 339 66 389 113
b65 388 233 444 290
b66 382 313 449 374
b67 352 135 392 179
b68 49 258 101 321
b69 95 406 149 433
b70 295 387 337 429
b71 44 131 108 153
b72 143 314 204 375
b73 382 374 449 435
b74 83 36 125 74
b75 282 222 301 250
b76 199 213 232 235
b77 282 252 348 309
b78 192 79 228 111
b79 254 0 314 41
b80 156 422 214 438
b81 204 0 254 40
b82 173 264 230 311
b83 261 222 277 244
b84 261 309 328 331
b85 261 331 286 351
b86 286 331 323 387
b87 212 121 256 160
b88 304 140 328 177
b89 234 254 261 292
b90 140 236 173 275
b91 0 174 33 230
b92 44 115 70 131
b93 221 359 286 394
b94 0 115 41 174
b95 83 0 134 19
b96 264 156 304 222
b97 83 19 150 36
b98 423 140 445 202
b99 350 0 399 66
