569986.75
834200.5
305773
547 559
110.744055
b0 187 149 202 176
b1 98 528 114 555
b2 251 173 277 195
b3 319 419 364 440
b4 201 391 246 431
b5 143 382 159 408
b6 213 206 251 233
b7 84 0 113 35
b8 488 341 509 377
b9 40 193 84 218
b10 499 224 530 239
b11 165 0 189 41
b12 295 458 312 477
b13 318 65 366 98
b14 271 359 315 380
b15 466 249 481 283
b16 366 84 408 129
b17 16 48 53 89
b18 390 0 433 44
b19 201 533 237 556
b20 453 74 470 87
b21 433 0 477 28
b22 470 28 505 57
b23 439 136 456 176
b24 76 262 94 286
b25 84 138 127 167
b26 127 136 145 163
b27 0 237 40 275
b28 454 50 466 74
b29 315 312 345 341
b30 16 0 44 20
b31 236 42 272 74
b32 141 233 163 252
b33 403 194 449 239
b34 476 347 488 376
b35 290 207 302 233
b36 348 159 378 186
b37 201 431 230 443
b38 525 245 546 264
b39 453 272 465 285
b40 420 103 439 150
b41 385 471 404 507
b42 60 98 106 123
b43 362 129 401 150
b44 97 491 124 515
b45 246 391 271 415
b46 519 417 538 430
b47 123 252 163 294
b48 488 265 522 293
b49 106 112 154 136
b50 515 205 529 224
b51 57 299 71 315
b52 113 0 131 37
b53 0 468 36 480
b54 494 141 528 171
b55 200 233 231 259
b56 84 167 115 213
b57 0 488 48 535
b58 404 465 429 490
b59 154 323 201 361
b60 53 82 92 98
b61 310 20 341 65
b62 349 461 385 507
b63 199 86 235 132
b64 234 173 249 206
b65 453 249 466 272
b66 236 0 281 42
b67 290 282 304 315
b68 0 363 45 391
b69 231 238 258 274
b70 302 413 318 458
b71 515 171 547 205
b72 236 74 268 89
b73 201 480 247 492
b74 251 195 285 238
b75 478 209 498 246
b76 441 519 477 558
b77 324 401 364 419
b78 0 0 16 42
b79 501 377 526 417
b80 82 474 97 510
b81 526 374 541 406
b82 366 0 390 39
b83 318 98 359 135
b84 120 323 154 361
b85 456 175 499 209
b86 38 141 82 180
b87 154 506 199 554
b88 120 294 164 323
b89 99 229 141 249
b90 240 319 264 365
b91 341 20 362 63
b92 67 365 112 412
b93 471 57 495 77
b94 271 398 302 417
b95 235 89 279 126
b96 235 140 281 173
b97 280 417 295 457
b98 38 180 73 193
b99 530 205 547 245
b100 264 315 309 359
b101 363 311 393 347
b102 44 0 84 36
b103 242 522 276 556
b104 235 126 277 140
b105 281 133 316 166
b106 64 542 97 554
b107 345 308 360 340
b108 439 433 476 471
b109 145 149 187 195
b110 247 480 286 522
b111 466 283 479 304
b112 522 265 547 295
b113 471 77 507 101
b114 131 0 165 44
b115 433 28 467 50
b116 364 347 383 375
b117 120 361 159 382
b118 201 346 239 390
b119 52 446 97 474
b120 40 218 76 254
b121 456 141 494 175
b122 468 304 488 347
b123 519 338 542 374
b124 329 239 360 274
b125 201 277 247 319
b126 302 401 324 413
b127 123 429 166 454
b128 131 454 159 498
b129 281 111 315 133
b130 210 0 236 30
b131 429 471 474 519
b132 153 83 192 101
b133 52 355 67 398
b134 53 36 100 70
b135 456 87 471 132
b136 16 36 53 48
b137 367 522 395 543
b138 281 166 323 194
b139 360 275 397 311
b140 378 185 390 228
b141 101 285 120 330
b142 402 438 439 465
b143 163 233 187 258
b144 364 375 379 415
b145 39 427 52 472
b146 303 206 351 239
b147 434 349 476 379
b148 423 519 441 539
b149 390 239 437 261
b150 76 286 99 317
b151 403 176 445 194
b152 48 515 64 534
b153 52 474 82 515
b154 490 0 507 22
b155 378 171 403 185
b156 159 472 187 488
b157 323 186 348 206
b158 390 185 403 208
b159 202 132 234 176
b160 41 299 57 326
b161 477 511 524 557
b162 271 380 302 398
b163 192 64 225 86
b164 164 279 200 320
b165 401 131 418 152
b166 319 525 355 559
b167 281 75 318 111
b168 366 39 390 80
b169 241 456 280 480
b170 108 83 153 112
b171 385 416 425 438
b172 52 398 65 425
b173 477 445 502 477
b174 499 171 515 214
b175 92 83 108 98
b176 272 42 310 75
b177 0 175 37 216
b178 403 152 420 171
b179 189 30 235 64
b180 114 540 154 559
b181 473 379 501 409
b182 444 304 468 349
b183 286 517 319 556
b184 319 479 344 525
b185 64 515 98 542
b186 0 275 31 308
b187 150 197 188 233
b188 507 0 544 40
b189 488 293 500 337
b190 258 238 285 275
b191 367 543 401 559
b192 72 317 101 365
b193 439 103 456 136
b194 348 186 376 199
b195 115 200 148 213
b196 201 492 242 533
b197 383 347 411 384
b198 500 293 519 341
b199 19 391 50 427
b200 247 275 290 312
b201 46 326 72 355
b202 0 434 39 468
b203 60 123 88 138
b204 0 308 41 341
b205 65 412 86 427
b206 159 361 201 396
b207 115 167 143 200
b208 323 159 343 186
b209 40 254 76 299
b210 420 90 444 103
b211 36 472 48 488
b212 187 176 229 197
b213 513 479 527 511
b214 364 416 381 443
b215 189 0 210 29
b216 412 50 454 69
b217 318 0 366 20
b218 408 512 423 555
b219 201 259 229 277
b220 86 416 123 446
b221 123 416 168 429
b222 188 197 213 231
b223 101 330 120 352
b224 319 440 364 461
b225 0 128 38 175
b226 360 234 376 273
b227 481 246 513 259
b228 378 150 398 171
b229 0 535 48 559
b230 304 282 337 312
b231 437 239 453 269
b232 124 498 147 540
b233 98 515 114 528
b234 159 488 192 506
b235 0 341 46 363
b236 201 319 240 346
b237 0 216 40 237
b238 246 417 273 456
b239 456 209 478 249
b240 337 274 360 293
b241 477 0 490 24
b242 390 44 412 84
b243 97 454 131 491
b244 281 0 318 13
b245 99 249 123 285
b246 76 218 99 262
b247 508 71 547 107
b248 379 385 422 416
b249 351 199 378 234
b250 112 382 143 416
b251 166 429 200 472
b252 397 321 425 340
b253 38 128 53 141
b254 99 213 123 226
b255 100 44 147 83
b256 395 512 408 533
b257 385 438 402 471
b258 502 445 546 479
b259 513 239 525 265
b260 355 522 367 541
b261 53 70 98 82
b262 425 385 452 433
b263 397 275 444 321
b264 411 340 434 385
b265 344 507 389 522
b266 154 101 199 149
b267 471 107 510 141
b268 404 490 429 512
b269 527 479 545 516
b270 337 293 360 308
b271 165 41 189 83
b272 201 443 225 478
b273 163 258 193 279
b274 420 69 453 90
b275 168 396 196 418
b276 378 261 409 275
b277 408 84 420 131
b278 519 295 532 337
b279 290 239 329 282
b280 332 377 363 399
b281 319 461 349 479
b282 16 98 60 128
b283 495 57 508 72
b284 302 380 332 401
b285 147 44 160 77
b286 315 341 356 377
b287 452 379 473 421
b288 477 479 513 507
b289 510 107 547 140
b290 123 213 150 229
b291 476 417 519 445
b292 323 135 362 159
b293 0 391 19 434
b294 240 365 257 391
b295 532 295 545 338
b296 225 443 241 470
b297 508 40 546 71
b298 286 477 319 517
b299 290 194 303 207
