572052.5
837214
306891
559 549
423.498687
b0 75 473 102 488
b1 0 481 27 497
b2 110 218 132 244
b3 279 278 300 323
b4 108 244 153 284
b5 85 73 101 99
b6 153 240 180 278
b7 122 0 157 29
b8 469 428 505 449
b9 45 445 89 470
b10 179 466 210 481
b11 39 242 80 266
b12 494 184 511 203
b13 364 305 397 353
b14 489 384 510 428
b15 134 284 149 318
b16 487 244 529 289
b17 179 185 220 222
b18 0 46 44 89
b19 516 25 539 61
b20 45 217 62 230
b21 447 187 475 231
b22 64 370 93 405
b23 385 490 402 530
b24 535 474 559 492
b25 441 0 470 43
b26 75 488 102 506
b27 380 149 420 187
b28 210 0 234 12
b29 417 316 447 345
b30 397 318 417 346
b31 102 473 138 505
b32 203 162 225 181
b33 217 116 262 162
b34 171 173 200 185
b35 358 49 384 61
b36 214 369 244 396
b37 316 296 328 325
b38 508 361 527 382
b39 462 43 475 55
b40 297 449 344 468
b41 85 99 104 135
b42 151 521 197 546
b43 132 180 171 201
b44 225 397 252 421
b45 85 218 110 242
b46 441 43 460 56
b47 403 234 443 276
b48 174 278 202 312
b49 301 43 325 91
b50 210 466 224 485
b51 481 227 495 243
b52 114 527 151 545
b53 234 0 246 36
b54 469 449 499 483
b55 270 434 296 465
b56 316 132 347 178
b57 358 442 405 490
b58 514 0 539 25
b59 45 157 83 204
b60 364 366 380 405
b61 225 162 270 193
b62 171 122 217 158
b63 270 132 316 168
b64 42 497 75 512
b65 104 36 117 59
b66 398 36 440 81
b67 538 84 552 117
b68 486 0 514 45
b69 441 151 468 187
b70 300 291 316 336
b71 487 289 521 321
b72 45 86 77 101
b73 285 388 297 434
b74 328 297 362 340
b75 259 313 279 350
b76 405 425 441 464
b77 67 266 85 306
b78 27 307 69 323
b79 270 168 310 193
b80 435 101 471 116
b81 171 158 203 173
b82 75 525 114 549
b83 450 254 487 295
b84 236 193 270 231
b85 525 201 559 244
b86 0 180 44 219
b87 225 432 270 480
b88 469 483 498 527
b89 539 42 559 84
b90 427 379 451 425
b91 145 369 166 412
b92 0 118 45 165
b93 535 454 559 474
b94 364 200 395 219
b95 93 391 137 428
b96 153 488 199 521
b97 358 34 398 49
b98 45 204 80 217
b99 433 276 450 316
b100 179 422 224 466
b101 249 277 279 313
b102 401 0 441 36
b103 0 497 34 531
b104 516 61 530 103
b105 252 397 285 432
b106 44 230 77 242
b107 341 411 356 443
b108 133 128 171 165
b109 137 412 179 458
b110 256 74 295 116
b111 387 266 400 287
b112 495 203 525 228
b113 514 103 538 139
b114 510 383 554 417
b115 0 243 22 277
b116 69 327 97 346
b117 153 278 174 317
b118 297 411 341 449
b119 441 425 469 470
b120 104 92 140 128
b121 178 84 212 122
b122 367 262 387 305
b123 199 485 222 521
b124 27 378 62 409
b125 468 138 510 184
b126 420 187 442 199
b127 180 222 205 265
b128 465 323 493 367
b129 122 29 156 51
b130 153 458 179 488
b131 85 135 133 180
b132 188 66 227 84
b133 544 117 559 160
b134 202 281 249 315
b135 0 445 45 460
b136 22 243 34 280
b137 270 465 291 493
b138 0 0 28 42
b139 41 409 78 445
b140 85 284 97 327
b141 205 236 224 281
b142 222 493 249 530
b143 140 88 165 112
b144 138 458 153 498
b145 285 375 330 388
b146 166 371 214 404
b147 53 44 83 86
b148 259 350 279 368
b149 467 116 514 138
b150 450 231 481 254
b151 514 183 556 201
b152 126 369 145 385
b153 130 339 171 369
b154 402 507 424 524
b155 295 118 320 132
b156 117 51 145 67
b157 467 55 492 75
b158 451 400 464 423
b159 53 0 85 44
b160 470 0 486 27
b161 380 370 427 416
b162 179 404 210 422
b163 493 322 526 344
b164 0 409 41 445
b165 493 344 514 361
b166 431 117 467 151
b167 85 0 122 36
b168 364 418 405 442
b169 86 346 125 370
b170 0 89 45 118
b171 316 0 356 22
b172 307 91 320 118
b173 104 67 136 92
b174 424 512 467 528
b175 210 404 225 420
b176 278 0 316 33
b177 316 224 357 261
b178 297 388 314 407
b179 313 178 347 224
b180 46 346 86 365
b181 186 315 214 345
b182 0 280 24 325
b183 320 98 359 131
b184 28 0 53 46
b185 0 325 27 359
b186 521 289 552 322
b187 499 454 535 492
b188 405 470 445 507
b189 174 312 186 356
b190 296 468 333 495
b191 417 276 433 310
b192 227 66 256 114
b193 296 495 329 512
b194 452 323 465 351
b195 45 101 78 114
b196 260 33 301 74
b197 450 295 487 323
b198 75 506 123 525
b199 157 0 188 36
b200 97 284 134 327
b201 234 36 260 65
b202 330 340 364 379
b203 212 84 227 112
b204 34 266 67 307
b205 397 346 412 367
b206 249 493 291 528
b207 325 43 358 71
b208 342 71 362 98
b209 258 232 294 277
b210 412 346 425 370
b211 27 346 43 358
b212 316 22 358 43
b213 246 0 260 32
b214 325 71 342 98
b215 441 56 462 85
b216 539 0 558 42
b217 333 468 353 516
b218 171 356 214 371
b219 260 0 278 28
b220 510 417 540 454
b221 225 480 270 493
b222 427 345 452 379
b223 188 0 210 19
b224 279 323 300 368
b225 85 180 132 218
b226 300 336 316 375
b227 316 340 329 372
b228 469 400 489 421
b229 492 45 516 93
b230 452 367 482 400
b231 495 228 525 244
b232 85 242 108 284
b233 362 61 378 74
b234 97 327 130 345
b235 294 232 316 278
b236 358 490 385 529
b237 45 114 85 135
b238 526 322 553 361
b239 471 93 511 115
b240 27 323 46 346
b241 364 353 388 366
b242 45 135 85 157
b243 498 492 535 526
b244 540 417 553 454
b245 535 492 559 528
b246 314 388 358 411
b247 396 81 435 117
b248 214 338 257 369
b249 316 261 343 296
b250 224 236 258 267
b251 358 0 401 34
b252 347 171 375 190
b253 364 405 379 418
b254 380 187 404 200
b255 132 201 179 240
b256 43 365 64 378
b257 347 190 364 223
b258 403 200 447 234
b259 295 91 307 117
b260 344 443 356 462
b261 291 516 336 528
b262 0 359 27 407
b263 188 19 234 66
b264 214 315 259 338
b265 0 165 45 180
b266 89 428 137 473
b267 357 223 391 262
b268 149 317 174 339
b269 85 36 103 73
b270 78 405 93 428
b271 445 470 469 512
b272 343 262 367 297
b273 359 98 380 128
b274 93 370 126 391
b275 123 505 151 527
b276 205 222 236 236
b277 391 219 403 266
b278 400 276 413 318
b279 270 193 313 232
b280 527 361 558 383
b281 378 61 396 91
b282 514 139 544 183
b283 380 134 393 149
b284 420 151 441 181
b285 262 116 295 129
b286 34 512 75 548
b287 0 460 42 481
b288 244 369 280 397
b289 145 51 178 88
b290 45 470 61 497
b291 529 244 557 287
b292 0 219 39 243
b293 475 184 494 227
b294 482 367 508 384
b295 380 91 393 134
b296 440 85 467 101
b297 393 117 431 148
b298 347 131 380 171
b299 300 278 313 291
