304432.25
409952.5
198912
448 444
113.515915
b0 402 278 418 314
b1 119 60 138 99
b2 314 0 349 41
b3 401 39 419 86
b4 116 0 142 32
b5 181 45 216 76
b6 174 99 187 128
b7 142 53 163 81
b8 57 383 89 398
b9 201 394 247 428
b10 57 398 89 443
b11 206 76 220 112
b12 362 168 398 210
b13 269 0 314 48
b14 42 360 57 385
b15 398 186 444 231
b16 160 290 178 312
b17 187 115 220 141
b18 362 68 396 87
b19 148 216 160 246
b20 376 134 404 167
b21 240 112 284 151
b22 150 141 189 167
b23 285 223 325 248
b24 304 75 319 100
b25 285 146 321 182
b26 0 201 25 244
b27 81 301 115 316
b28 238 210 284 248
b29 363 210 375 247
b30 257 85 274 112
b31 120 327 157 343
b32 157 324 189 347
b33 55 212 91 230
b34 310 323 348 342
b35 310 290 325 323
b36 319 82 347 94
b37 138 262 159 278
b38 386 0 419 26
b39 252 354 282 396
b40 319 41 347 82
b41 115 301 131 317
b42 13 41 32 85
b43 252 410 292 444
b44 103 98 119 125
b45 150 167 187 181
b46 347 43 362 91
b47 349 129 363 152
b48 188 357 212 383
b49 0 116 31 156
b50 325 275 358 317
b51 190 290 238 317
b52 73 185 110 212
b53 55 185 73 202
b54 321 118 337 161
b55 400 26 446 39
b56 309 342 334 364
b57 71 125 119 144
b58 0 405 41 424
b59 263 262 309 308
b60 103 237 138 267
b61 44 279 78 312
b62 284 101 321 146
b63 106 45 141 60
b64 221 0 269 47
b65 238 321 268 354
b66 119 123 150 154
b67 404 136 448 173
b68 282 353 306 388
b69 292 424 330 443
b70 33 108 69 122
b71 352 401 386 443
b72 325 241 358 275
b73 0 387 38 405
b74 189 141 218 159
b75 57 360 84 383
b76 141 81 155 93
b77 131 303 147 327
b78 162 264 205 290
b79 131 367 168 386
b80 348 317 362 332
b81 168 347 188 379
b82 252 178 285 210
b83 155 99 174 136
b84 349 0 386 43
b85 44 312 81 360
b86 189 224 213 248
b87 419 39 438 84
b88 285 195 328 223
b89 150 181 162 216
b90 144 398 168 443
b91 75 70 119 98
b92 84 354 126 378
b93 64 164 107 185
b94 89 422 104 438
b95 221 87 257 112
b96 238 265 263 310
b97 131 278 159 303
b98 41 387 57 413
b99 131 347 168 367
b100 189 159 216 184
b101 190 317 238 357
b102 362 43 400 68
b103 268 321 300 353
b104 227 357 252 393
b105 221 164 252 206
b106 362 314 401 348
b107 162 248 207 264
b108 144 386 177 398
b109 142 0 154 22
b110 0 309 44 332
b111 285 182 303 195
b112 163 53 181 99
b113 418 278 446 321
b114 187 76 206 115
b115 401 86 438 116
b116 401 321 443 358
b117 110 179 147 203
b118 340 94 379 129
b119 177 383 201 419
b120 33 199 48 244
b121 386 401 431 433
b122 12 344 42 387
b123 263 308 298 321
b124 363 129 376 168
b125 75 98 103 116
b126 33 122 71 150
b127 91 212 115 234
b128 84 329 120 354
b129 306 380 352 424
b130 358 247 402 292
b131 76 144 112 164
b132 325 225 363 241
b133 303 182 317 194
b134 309 364 338 380
b135 212 357 227 394
b136 321 94 340 118
b137 213 235 235 253
b138 379 87 401 117
b139 33 43 66 74
b140 148 246 160 262
b141 321 165 355 190
b142 162 181 189 227
b143 0 263 44 309
b144 213 206 238 235
b145 187 0 221 45
b146 115 203 148 237
b147 55 230 86 242
b148 379 117 404 134
b149 104 422 126 444
b150 131 386 144 416
b151 299 48 315 75
b152 154 0 187 33
b153 0 344 12 384
b154 89 378 131 422
b155 64 150 76 163
b156 0 244 42 263
b157 0 332 42 344
b158 213 253 230 281
b159 119 99 155 123
b160 337 129 349 165
b161 221 112 240 143
b162 230 253 260 265
b163 402 231 448 278
b164 252 151 284 178
b165 0 0 33 41
b166 81 317 117 329
b167 263 248 310 262
b168 352 376 389 401
b169 352 348 398 376
b170 0 156 22 201
b171 328 190 362 225
b172 75 45 106 70
b173 358 292 400 314
b174 404 116 429 136
b175 178 290 190 324
b176 168 419 188 435
b177 33 150 64 171
b178 284 85 304 101
b179 75 0 116 45
b180 221 143 240 164
b181 310 248 325 290
b182 91 234 103 267
b183 375 210 391 247
b184 154 33 173 53
b185 404 173 448 186
b186 0 41 13 89
b187 282 388 306 410
b188 189 184 213 224
b189 13 85 33 116
b190 33 74 70 108
b191 257 48 299 85
b192 33 171 55 199
b193 33 0 75 43
b194 398 358 441 400
b195 112 154 148 179
b196 201 428 240 444
b197 44 244 91 279
b198 221 47 243 87
b199 91 267 131 301
