643144
687833
598455
351 1705
17.572952
b0 150 276 193 309
b1 113 1450 178 1487
b2 120 1002 173 1036
b3 122 877 159 944
b4 67 1686 96 1705
b5 0 1637 39 1686
b6 213 595 253 613
b7 172 106 194 146
b8 124 146 174 208
b9 54 0 70 41
b10 174 205 192 257
b11 82 1253 121 1312
b12 185 502 246 530
b13 54 599 102 656
b14 236 0 299 43
b15 102 768 161 820
b16 102 820 138 877
b17 102 599 146 665
b18 124 0 172 51
b19 126 419 157 469
b20 20 1268 57 1287
b21 172 0 236 50
b22 80 968 129 1002
b23 0 45 20 94
b24 124 208 169 236
b25 100 1312 154 1351
b26 253 199 308 239
b27 128 665 153 730
b28 187 1058 226 1104
b29 70 454 94 516
b30 124 1630 148 1656
b31 94 1137 120 1171
b32 57 1312 100 1365
b33 17 1570 39 1605
b34 54 1047 81 1101
b35 128 730 159 768
b36 93 291 132 358
b37 150 309 170 369
b38 81 1080 104 1137
b39 67 1508 119 1563
b40 102 665 128 694
b41 54 1160 81 1215
b42 20 1215 82 1268
b43 185 456 246 502
b44 20 1427 85 1474
b45 70 27 93 71
b46 146 469 185 491
b47 246 166 311 199
b48 93 264 150 291
b49 186 530 233 595
b50 0 1538 67 1570
b51 149 1058 187 1115
b52 0 0 54 45
b53 82 1232 125 1253
b54 153 653 171 714
b55 172 50 206 106
b56 93 358 110 421
b57 169 1181 187 1228
b58 67 1474 113 1508
b59 94 527 144 564
b60 54 1137 94 1160
b61 129 968 162 991
b62 236 43 296 62
b63 80 1002 116 1047
b64 215 119 265 166
b65 67 1630 124 1686
b66 82 1171 149 1232
b67 125 1232 169 1272
b68 299 0 351 63
b69 70 0 124 27
b70 80 877 122 919
b71 149 1036 213 1058
b72 213 613 274 674
b73 67 1563 128 1630
b74 20 1474 58 1516
b75 124 236 143 264
b76 119 1487 141 1520
b77 206 62 272 119
b78 159 820 195 852
b79 113 1409 173 1450
b80 126 469 142 527
b81 132 369 172 419
b82 146 596 193 653
b83 161 714 183 730
b84 0 1516 67 1538
b85 193 276 213 301
b86 157 419 213 456
b87 85 1365 124 1409
b88 122 944 159 968
b89 173 1228 211 1255
b90 81 1047 120 1080
b91 70 421 126 454
b92 54 656 80 672
b93 70 564 135 599
b94 174 146 215 205
b95 169 257 220 276
b96 146 530 186 596
b97 0 1570 17 1637
b98 57 1365 79 1427
b99 149 1115 198 1181
