387912.5
575569
200256
447 448
19.64766
b0 388 221 404 257
b1 43 122 82 141
b2 138 70 173 111
b3 0 118 18 165
b4 213 205 245 231
b5 283 374 314 409
b6 173 76 186 105
b7 0 273 21 301
b8 198 190 230 205
b9 13 30 59 64
b10 226 58 271 90
b11 201 361 237 375
b12 0 76 36 118
b13 396 0 444 45
b14 70 204 95 219
b15 237 353 283 398
b16 54 246 76 264
b17 117 189 150 215
b18 188 267 207 301
b19 271 73 301 85
b20 225 114 253 147
b21 306 330 345 374
b22 138 31 164 70
b23 0 365 40 390
b24 129 164 144 189
b25 345 331 381 367
b26 225 147 250 190
b27 120 298 135 332
b28 348 90 394 128
b29 195 305 232 317
b30 284 144 301 171
b31 86 405 102 442
b32 273 409 296 441
b33 158 411 194 429
b34 82 136 101 174
b35 348 164 363 197
b36 82 35 110 47
b37 306 224 327 240
b38 21 268 54 294
b39 188 0 218 42
b40 392 143 433 171
b41 82 174 98 190
b42 67 386 111 405
b43 158 205 192 245
b44 86 348 113 364
b45 68 0 82 37
b46 271 58 319 73
b47 70 190 93 204
b48 159 325 183 351
b49 173 105 213 136
b50 18 167 51 209
b51 239 305 266 353
b52 102 105 129 142
b53 144 164 161 182
b54 138 148 181 164
b55 0 30 13 76
b56 12 334 37 356
b57 51 141 70 189
b58 306 205 347 224
b59 36 64 82 110
b60 33 0 68 30
b61 250 147 284 180
b62 259 0 304 37
b63 148 279 183 294
b64 213 398 261 445
b65 0 0 33 30
b66 152 294 183 325
b67 306 240 343 284
b68 381 308 405 343
b69 98 186 117 224
b70 52 232 88 246
b71 306 118 348 152
b72 104 47 138 80
b73 139 370 157 408
b74 102 425 131 443
b75 88 224 115 247
b76 118 80 130 94
b77 157 111 173 135
b78 158 361 201 387
b79 138 111 157 148
b80 86 303 101 317
b81 372 128 392 160
b82 0 390 33 422
b83 120 215 139 252
b84 296 410 339 447
b85 266 299 303 347
b86 385 284 409 308
b87 101 303 120 348
b88 376 45 404 88
b89 36 110 71 122
b90 164 0 188 45
b91 101 142 129 186
b92 213 90 255 114
b93 259 37 302 58
b94 381 343 397 358
b95 363 171 399 196
b96 18 122 43 167
b97 318 90 346 115
b98 192 251 218 267
b99 384 409 421 429
b100 404 87 431 112
b101 345 258 385 306
b102 120 345 158 370
b103 183 317 215 349
b104 82 80 118 105
b105 394 112 436 143
b106 261 180 295 219
b107 302 73 318 118
b108 183 349 216 361
b109 414 196 436 208
b110 76 247 120 270
b111 59 37 77 50
b112 195 205 213 251
b113 0 210 28 253
b114 255 125 294 144
b115 220 275 257 305
b116 388 359 425 401
b117 131 408 155 445
b118 266 264 305 299
b119 348 128 372 164
b120 0 165 15 210
b121 194 45 226 90
b122 409 294 439 337
b123 54 270 89 283
b124 120 332 159 345
b125 111 370 139 388
b126 306 152 344 180
b127 120 252 142 276
b128 345 306 381 331
b129 332 0 376 46
b130 262 219 306 264
b131 314 374 334 410
b132 339 425 377 441
b133 348 197 360 211
b134 245 190 261 219
b135 111 388 126 425
b136 28 232 47 256
b137 425 359 443 381
b138 82 47 104 77
b139 89 270 120 303
b140 183 301 195 317
b141 36 423 70 448
b142 318 284 345 330
b143 319 46 365 90
b144 414 171 443 196
b145 343 224 388 258
b146 33 390 67 423
b147 0 334 12 365
b148 181 158 198 183
b149 181 136 203 158
b150 207 267 220 297
b151 388 257 404 284
b152 0 301 33 334
b153 213 114 225 154
b154 220 231 262 275
b155 230 190 243 202
b156 194 387 213 429
b157 261 398 273 440
b158 135 298 152 326
b159 158 387 194 411
b160 201 375 237 387
b161 157 429 188 448
b162 421 401 433 431
b163 40 294 86 341
b164 198 158 225 190
b165 40 353 81 386
b166 40 341 76 353
b167 400 171 414 218
b168 306 180 343 205
b169 304 0 332 46
b170 150 183 195 205
b171 82 0 116 35
b172 138 0 163 31
b173 405 337 447 359
b174 376 0 396 25
b175 306 284 318 318
b176 161 164 181 180
b177 173 45 194 76
b178 81 364 101 380
b179 218 0 259 45
b180 139 215 158 236
b181 377 429 419 444
b182 19 256 52 268
b183 70 405 86 442
b184 0 253 19 273
b185 28 219 72 232
b186 433 381 446 429
b187 215 317 239 339
b188 360 197 400 221
b189 82 105 102 136
b190 409 260 446 294
b191 404 45 441 87
b192 120 276 148 298
b193 404 218 447 260
b194 345 367 388 409
b195 0 423 36 448
b196 345 409 384 425
b197 255 90 302 125
b198 116 0 138 40
b199 148 245 188 279
