379518.5
559677
199360
445 448
44.685845
b0 114 334 150 350
b1 420 0 439 39
b2 392 154 427 195
b3 206 349 224 396
b4 312 298 344 324
b5 335 408 370 439
b6 172 79 201 92
b7 234 48 262 69
b8 201 211 216 243
b9 250 225 284 271
b10 288 261 333 293
b11 266 28 280 64
b12 91 108 127 150
b13 244 122 292 167
b14 27 145 42 170
b15 332 215 377 261
b16 38 265 60 283
b17 79 308 112 334
b18 345 298 364 332
b19 127 108 139 138
b20 339 368 372 396
b21 31 382 75 421
b22 173 92 199 131
b23 201 66 226 106
b24 372 313 387 338
b25 264 401 300 437
b26 187 294 230 319
b27 0 287 34 302
b28 377 195 415 241
b29 333 261 345 298
b30 102 221 119 248
b31 150 317 187 333
b32 77 334 100 366
b33 91 40 109 76
b34 266 320 285 358
b35 127 150 142 183
b36 415 198 443 210
b37 63 275 79 296
b38 288 367 314 400
b39 201 109 243 139
b40 136 0 177 28
b41 136 28 152 44
b42 334 52 378 71
b43 324 0 364 34
b44 411 295 438 311
b45 100 334 114 371
b46 75 206 123 221
b47 372 391 395 405
b48 330 150 354 176
b49 0 302 31 342
b50 364 0 406 33
b51 415 247 442 295
b52 415 210 442 247
b53 224 379 242 396
b54 113 282 156 298
b55 274 64 287 110
b56 42 145 67 167
b57 311 170 330 218
b58 332 196 373 215
b59 306 104 352 150
b60 300 416 335 446
b61 79 275 113 308
b62 403 76 440 121
b63 300 401 335 416
b64 0 0 47 48
b65 159 257 189 290
b66 142 150 173 181
b67 201 167 238 211
b68 67 223 102 247
b69 313 218 332 256
b70 205 0 241 14
b71 128 412 170 446
b72 334 71 368 104
b73 385 430 423 448
b74 205 14 234 32
b75 380 76 403 103
b76 113 68 127 80
b77 387 313 411 329
b78 152 28 195 54
b79 345 261 364 298
b80 20 271 35 285
b81 234 28 266 48
b82 47 0 79 33
b83 150 298 187 317
b84 372 354 415 391
b85 34 97 71 145
b86 0 396 24 420
b87 373 148 392 193
b88 0 170 28 213
b89 114 362 126 397
b90 31 314 76 338
b91 279 0 323 28
b92 173 131 197 173
b93 266 358 287 401
b94 423 430 439 445
b95 339 332 364 368
b96 22 223 67 248
b97 177 0 205 25
b98 88 248 114 264
b99 292 150 329 170
b100 63 248 88 275
b101 226 69 274 109
b102 149 54 187 79
b103 124 183 156 215
b104 230 296 266 321
b105 368 106 399 148
b106 195 32 234 66
b107 248 379 264 424
b108 127 138 160 150
b109 0 108 12 130
b110 113 0 136 44
b111 199 244 217 257
b112 28 170 74 188
b113 201 139 244 167
b114 0 421 39 440
b115 187 319 224 349
b116 171 396 213 433
b117 113 298 150 322
b118 410 391 445 430
b119 113 44 149 68
b120 178 349 193 394
b121 123 215 155 260
b122 128 382 171 412
b123 160 113 173 148
b124 193 349 206 388
b125 47 33 75 51
b126 241 0 279 28
b127 47 51 71 73
b128 250 271 286 296
b129 31 338 77 382
b130 79 150 124 194
b131 332 176 368 196
b132 0 255 38 271
b133 171 433 185 445
b134 0 92 29 108
b135 395 391 410 428
b136 46 73 65 97
b137 334 34 356 52
b138 12 108 34 138
b139 0 342 31 375
b140 114 350 130 362
b141 314 367 339 401
b142 250 179 277 225
b143 0 48 46 92
b144 39 421 68 446
b145 156 181 201 215
b146 139 79 172 113
b147 339 396 370 408
b148 38 248 63 265
b149 230 321 252 343
b150 243 109 273 122
b151 68 421 84 448
b152 216 211 249 244
b153 426 311 438 351
b154 84 406 128 448
b155 130 370 143 382
b156 231 244 250 286
b157 79 194 121 206
b158 150 364 178 381
b159 75 382 111 406
b160 114 322 150 334
b161 150 333 169 364
b162 368 76 380 106
b163 287 44 334 90
b164 0 138 27 170
b165 399 121 440 154
b166 244 167 280 179
b167 287 90 334 104
b168 288 219 313 256
b169 91 80 137 108
b170 114 260 159 282
b171 213 396 248 430
b172 38 283 63 314
b173 0 213 22 255
b174 387 329 407 354
b175 79 0 91 34
b176 139 113 159 129
b177 0 375 31 396
b178 0 271 20 287
b179 364 272 409 313
b180 407 329 426 350
b181 370 405 385 447
b182 273 110 306 122
b183 287 28 324 44
b184 130 350 149 370
b185 427 154 440 198
b186 354 104 367 152
b187 266 296 288 320
b188 288 293 312 333
b189 377 241 397 272
b190 288 333 325 367
b191 189 257 231 294
b192 415 351 437 379
b193 378 33 420 76
b194 156 215 199 257
b195 224 343 249 379
b196 213 430 252 446
b197 28 188 75 223
b198 91 0 113 40
b199 277 179 311 219
