380639.5
564607
196672
439 448
108.235242
b0 394 38 430 54
b1 210 82 229 121
b2 0 413 41 448
b3 300 268 318 315
b4 312 366 344 392
b5 148 342 179 377
b6 109 312 122 341
b7 153 321 181 342
b8 394 0 409 32
b9 0 298 34 344
b10 360 24 392 69
b11 353 177 367 213
b12 69 237 105 279
b13 394 54 439 102
b14 0 231 25 246
b15 230 48 276 93
b16 153 258 171 280
b17 127 211 153 244
b18 169 0 203 19
b19 234 311 264 323
b20 201 293 234 321
b21 82 67 121 111
b22 199 190 238 216
b23 361 293 401 318
b24 288 213 303 238
b25 114 163 150 199
b26 97 0 122 43
b27 52 113 67 147
b28 24 75 70 113
b29 402 216 439 228
b30 122 312 139 339
b31 213 414 250 430
b32 153 226 176 258
b33 350 213 368 249
b34 293 315 312 353
b35 69 279 102 294
b36 0 113 12 141
b37 364 268 380 289
b38 69 204 95 237
b39 406 228 436 270
b40 232 323 260 364
b41 337 177 353 193
b42 345 249 364 293
b43 198 321 232 361
b44 37 275 64 291
b45 210 0 224 37
b46 133 262 148 310
b47 176 248 199 262
b48 109 244 133 270
b49 57 12 97 43
b50 239 123 272 165
b51 264 409 312 436
b52 0 271 37 298
b53 41 414 58 432
b54 318 294 361 310
b55 391 432 437 445
b56 176 226 201 248
b57 0 183 19 231
b58 318 310 359 329
b59 279 0 325 46
b60 98 396 128 431
b61 109 341 143 374
b62 394 102 439 139
b63 163 211 198 226
b64 166 377 213 425
b65 238 236 268 269
b66 360 69 391 100
b67 201 216 238 260
b68 268 244 303 268
b69 391 413 429 432
b70 194 121 230 135
b71 371 379 413 413
b72 36 221 69 255
b73 109 199 127 237
b74 52 159 81 177
b75 0 381 27 404
b76 382 0 394 14
b77 0 344 24 360
b78 337 151 380 177
b79 58 420 95 439
b80 95 204 109 219
b81 37 255 69 275
b82 325 24 357 57
b83 0 36 19 73
b84 24 344 67 381
b85 264 372 312 409
b86 97 43 121 67
b87 318 155 337 200
b88 194 39 222 82
b89 196 178 231 190
b90 337 0 382 24
b91 24 113 52 157
b92 109 270 133 312
b93 196 135 217 178
b94 272 229 288 244
b95 311 114 347 139
b96 73 375 98 420
b97 121 100 146 128
b98 347 135 373 151
b99 152 101 189 121
b100 368 218 395 243
b101 239 0 279 48
b102 300 46 325 84
b103 404 270 436 302
b104 0 246 36 271
b105 121 58 152 100
b106 238 181 272 220
b107 179 361 224 377
b108 371 335 383 368
b109 325 0 337 22
b110 153 425 197 448
b111 133 244 146 262
b112 312 392 330 438
b113 37 294 80 322
b114 380 139 399 178
b115 288 84 325 114
b116 402 174 439 216
b117 318 329 342 366
b118 399 139 438 174
b119 0 0 24 36
b120 94 159 109 204
b121 318 200 350 245
b122 230 93 273 123
b123 250 413 263 448
b124 272 144 311 157
b125 24 157 52 175
b126 409 0 437 38
b127 342 329 366 351
b128 128 411 153 447
b129 122 14 168 58
b130 24 177 69 221
b131 163 191 199 211
b132 272 191 288 229
b133 303 213 315 227
b134 231 165 260 181
b135 213 377 228 414
b136 380 268 404 287
b137 176 262 198 280
b138 288 191 318 213
b139 67 344 100 375
b140 295 353 311 365
b141 413 379 438 413
b142 344 351 371 397
b143 383 335 429 379
b144 264 311 293 336
b145 272 157 317 191
b146 24 0 57 34
b147 57 43 69 74
b148 318 277 343 294
b149 325 91 347 113
b150 60 381 73 411
b151 238 220 265 236
b152 201 260 234 293
b153 57 0 97 12
b154 146 121 190 163
b155 27 400 39 413
b156 364 249 406 268
b157 276 77 288 119
b158 121 128 138 156
b159 228 389 264 413
b160 127 199 163 211
b161 264 353 295 372
b162 213 430 243 442
b163 67 113 114 159
b164 318 245 345 277
b165 24 34 57 75
b166 303 227 315 263
b167 122 0 169 14
b168 273 119 310 144
b169 150 163 196 191
b170 34 322 79 344
b171 325 57 360 91
b172 169 19 194 50
b173 0 141 22 183
b174 401 302 426 322
b175 70 43 82 77
b176 194 19 210 39
b177 279 46 300 77
b178 317 139 337 155
b179 153 280 198 321
b180 27 381 48 400
b181 224 0 239 42
b182 48 381 60 414
b183 194 82 210 119
b184 281 268 300 288
b185 81 159 94 203
b186 371 322 419 335
b187 105 374 129 396
b188 80 294 104 334
b189 371 413 391 444
b190 129 377 166 411
b191 330 397 367 439
b192 217 135 239 163
b193 238 269 281 311
b194 152 58 194 101
b195 228 364 264 389
b196 181 321 197 360
b197 347 100 394 135
b198 0 73 22 113
b199 368 178 402 218
