378589
556922
200256
447 448
36.949793
b0 80 404 96 440
b1 373 43 392 82
b2 389 367 430 402
b3 44 354 91 372
b4 99 271 125 303
b5 98 0 129 35
b6 125 304 154 317
b7 211 383 232 411
b8 299 277 331 292
b9 177 359 211 405
b10 44 372 89 404
b11 111 370 147 384
b12 144 0 186 36
b13 388 232 433 280
b14 24 188 39 213
b15 24 84 69 130
b16 351 30 373 48
b17 123 75 149 108
b18 215 57 249 76
b19 435 314 447 344
b20 300 156 333 184
b21 165 83 209 122
b22 258 420 297 446
b23 258 303 298 328
b24 0 369 25 384
b25 210 303 246 339
b26 286 131 329 156
b27 92 345 107 379
b28 24 46 70 84
b29 246 303 258 340
b30 70 43 87 70
b31 96 395 112 432
b32 209 92 241 115
b33 37 25 73 43
b34 97 161 135 180
b35 286 0 301 33
b36 97 180 125 192
b37 254 245 275 261
b38 300 184 333 210
b39 402 132 432 174
b40 99 317 140 345
b41 392 43 408 59
b42 318 399 337 443
b43 143 384 177 424
b44 215 76 242 92
b45 145 161 159 198
b46 129 0 144 48
b47 319 241 333 264
b48 337 365 361 391
b49 254 205 285 245
b50 81 75 123 108
b51 147 335 174 383
b52 333 239 370 266
b53 333 42 351 59
b54 0 414 43 430
b55 24 0 37 46
b56 205 235 227 260
b57 112 384 131 432
b58 39 203 80 222
b59 46 296 92 342
b60 389 332 419 367
b61 303 366 337 399
b62 258 383 303 420
b63 355 135 390 150
b64 186 0 234 47
b65 209 115 242 145
b66 178 150 209 181
b67 43 404 80 448
b68 0 0 24 35
b69 0 334 38 353
b70 0 253 36 267
b71 301 0 335 42
b72 406 280 439 314
b73 415 0 433 38
b74 406 314 435 332
b75 227 235 254 258
b76 123 133 137 145
b77 0 353 24 369
b78 97 108 123 151
b79 25 353 44 390
b80 303 399 318 413
b81 306 94 326 126
b82 234 0 267 32
b83 393 113 430 132
b84 378 0 415 43
b85 209 168 246 216
b86 0 105 24 129
b87 209 216 254 235
b88 37 268 80 296
b89 149 76 161 111
b90 0 174 24 219
b91 69 118 97 162
b92 74 0 98 42
b93 333 266 376 287
b94 361 367 376 383
b95 174 301 210 326
b96 330 109 355 154
b97 181 122 206 150
b98 330 93 356 109
b99 286 94 306 131
b100 19 309 46 334
b101 393 65 433 113
b102 107 345 145 370
b103 350 400 382 432
b104 159 225 184 261
b105 319 334 361 365
b106 0 219 39 253
b107 372 216 388 261
b108 246 193 279 205
b109 143 424 155 446
b110 328 216 372 239
b111 337 391 350 409
b112 246 340 292 358
b113 177 405 205 448
b114 333 176 352 215
b115 249 57 286 87
b116 356 93 393 135
b117 361 330 385 367
b118 193 261 228 300
b119 191 47 215 83
b120 241 92 286 107
b121 80 193 125 225
b122 335 0 378 30
b123 271 261 284 296
b124 246 358 285 371
b125 160 149 178 177
b126 144 36 182 64
b127 333 154 357 176
b128 233 371 258 407
b129 159 181 205 225
b130 357 150 402 194
b131 299 241 319 277
b132 0 430 38 446
b133 419 332 433 344
b134 286 210 315 226
b135 146 286 183 301
b136 0 309 19 333
b137 145 317 167 335
b138 0 75 22 105
b139 402 199 433 232
b140 291 366 303 382
b141 159 261 193 286
b142 87 48 133 75
b143 80 225 124 271
b144 234 32 263 57
b145 125 205 159 250
b146 299 42 333 75
b147 98 35 129 47
b148 24 163 41 188
b149 408 43 430 65
b150 39 222 52 252
b151 165 122 181 149
b152 174 326 207 359
b153 46 342 86 354
b154 298 292 342 334
b155 39 252 52 264
b156 267 0 286 42
b157 149 64 191 76
b158 361 383 389 400
b159 0 390 36 414
b160 131 384 143 420
b161 299 75 330 94
b162 112 432 142 444
b163 382 402 429 448
b164 292 334 319 366
b165 24 130 65 163
b166 184 225 196 261
b167 286 156 300 203
b168 37 0 74 25
b169 52 222 80 268
b170 0 129 22 174
b171 125 250 159 285
b172 402 174 433 199
b173 123 111 165 133
b174 125 180 145 205
b175 69 84 81 118
b176 209 145 225 165
b177 75 162 96 193
b178 91 379 111 395
b179 242 107 283 152
b180 125 285 146 304
b181 286 226 328 241
b182 258 371 291 383
b183 123 145 160 161
b184 80 271 99 291
b185 286 33 299 77
b186 286 241 299 289
b187 211 359 233 383
b188 0 35 24 75
b189 210 339 241 359
b190 333 59 370 93
b191 0 267 37 309
b192 342 287 364 315
b193 364 287 406 330
b194 228 261 271 303
b195 246 168 282 193
b196 225 152 264 168
b197 211 411 258 446
b198 357 194 397 216
b199 41 163 75 203
