239577.75
282922.5
196233
447 439
4.165065
b0 347 329 390 362
b1 152 262 189 327
b2 71 322 105 375
b3 38 397 105 434
b4 189 305 208 334
b5 298 399 347 438
b6 189 373 229 391
b7 152 240 192 262
b8 295 212 357 262
b9 311 77 327 118
b10 292 296 344 314
b11 231 339 290 378
b12 107 19 135 80
b13 362 142 410 199
b14 0 169 63 212
b15 391 238 443 297
b16 410 142 446 199
b17 62 256 106 322
b18 293 314 344 362
b19 107 80 157 111
b20 102 0 139 19
b21 235 0 299 50
b22 293 262 342 296
b23 231 378 280 398
b24 231 226 276 254
b25 374 0 428 39
b26 391 297 446 337
b27 362 199 387 264
b28 126 111 165 157
b29 231 315 293 339
b30 126 157 152 181
b31 144 181 170 215
b32 0 212 53 255
b33 71 375 106 397
b34 231 254 285 281
b35 53 218 84 256
b36 295 124 362 163
b37 211 305 231 365
b38 371 68 394 125
b39 60 117 115 169
b40 347 362 376 388
b41 235 50 290 77
b42 0 274 62 327
b43 106 274 152 335
b44 344 264 391 329
b45 79 0 102 44
b46 189 334 211 373
b47 38 327 71 392
b48 295 185 352 212
b49 0 0 47 65
b50 47 0 79 67
b51 0 380 38 437
b52 99 186 144 240
b53 233 77 254 120
b54 0 256 61 274
b55 231 281 287 315
b56 63 169 126 186
b57 188 0 235 18
b58 106 240 152 274
b59 152 327 189 377
b60 106 335 146 358
b61 347 388 380 411
b62 233 146 293 165
b63 188 40 233 76
b64 60 67 107 117
b65 0 108 56 165
b66 170 173 231 240
b67 327 77 371 117
b68 395 39 447 102
b69 341 41 395 68
b70 106 358 148 400
b71 194 416 258 438
b72 231 165 292 226
b73 380 370 447 431
b74 152 401 194 439
b75 428 0 447 28
b76 188 18 221 40
b77 165 116 231 173
b78 63 186 99 218
b79 0 67 60 108
b80 299 0 315 58
b81 394 102 444 142
b82 254 77 311 124
b83 347 411 369 427
b84 295 163 362 185
b85 144 215 164 240
b86 290 362 346 399
b87 106 400 150 439
b88 152 377 189 401
b89 0 353 38 380
b90 387 199 420 238
b91 391 337 447 370
b92 0 327 16 353
b93 192 240 227 305
b94 315 0 374 41
b95 290 58 341 77
b96 165 76 231 116
b97 231 399 298 416
b98 233 124 295 146
b99 139 0 188 66
