578797.5
853499
304096
544 559
545.38918
b0 112 495 139 510
b1 220 111 236 138
b2 466 71 492 93
b3 319 535 364 556
b4 111 203 151 248
b5 211 453 237 469
b6 345 419 372 457
b7 461 125 496 154
b8 244 425 265 461
b9 197 269 241 294
b10 299 211 330 226
b11 328 496 369 520
b12 404 290 421 309
b13 128 44 176 77
b14 40 192 61 236
b15 299 405 314 439
b16 359 281 404 323
b17 407 514 448 551
b18 299 233 342 277
b19 518 32 541 68
b20 342 249 359 262
b21 0 121 44 149
b22 503 68 538 97
b23 70 82 110 99
b24 496 468 514 492
b25 41 390 70 433
b26 500 33 518 60
b27 0 204 40 242
b28 95 439 107 463
b29 164 192 194 221
b30 244 492 272 512
b31 427 478 459 514
b32 228 0 250 19
b33 197 189 242 235
b34 206 415 235 427
b35 172 344 184 370
b36 437 438 467 465
b37 394 436 423 448
b38 148 152 169 171
b39 299 349 311 362
b40 460 537 507 556
b41 297 103 333 122
b42 109 275 134 321
b43 0 183 39 204
b44 403 470 427 497
b45 72 391 97 415
b46 484 109 503 122
b47 325 47 365 89
b48 466 43 500 71
b49 450 227 498 251
b50 169 545 188 559
b51 403 497 419 511
b52 176 54 213 72
b53 185 364 221 376
b54 509 275 539 309
b55 204 427 235 453
b56 425 0 471 31
b57 449 322 496 370
b58 144 533 169 558
b59 337 0 375 47
b60 0 542 39 558
b61 39 74 70 119
b62 471 400 507 446
b63 0 483 46 519
b64 211 496 244 511
b65 151 198 164 221
b66 283 58 325 103
b67 230 362 263 376
b68 397 0 425 45
b69 111 248 147 275
b70 376 428 392 473
b71 504 0 538 32
b72 432 302 464 317
b73 336 161 382 173
b74 185 321 219 364
b75 348 345 385 365
b76 368 523 407 559
b77 376 388 394 428
b78 192 95 234 111
b79 336 173 376 198
b80 72 424 108 439
b81 237 410 269 425
b82 399 96 438 120
b83 468 264 509 301
b84 75 283 109 321
b85 408 179 442 222
b86 128 0 167 44
b87 238 63 283 111
b88 51 439 95 468
b89 407 159 449 179
b90 299 325 345 349
b91 85 182 128 203
b92 333 116 380 161
b93 213 54 237 74
b94 372 504 403 523
b95 85 145 129 182
b96 460 504 506 537
b97 93 516 108 556
b98 314 371 327 406
b99 167 0 184 40
b100 497 325 542 369
b101 44 119 80 149
b102 236 298 272 338
b103 0 404 34 438
b104 71 149 85 191
b105 250 0 283 35
b106 185 287 197 320
b107 432 317 447 349
b108 171 496 209 533
b109 46 490 92 532
b110 400 120 442 159
b111 438 43 459 56
b112 519 499 544 529
b113 75 246 111 270
b114 299 291 343 325
b115 314 349 348 371
b116 266 39 294 58
b117 395 415 434 436
b118 0 242 38 286
b119 404 309 432 354
b120 408 222 444 258
b121 84 357 122 391
b122 161 436 204 456
b123 0 519 36 542
b124 244 461 279 492
b125 282 465 324 511
b126 330 211 342 233
b127 211 511 236 554
b128 269 144 297 188
b129 191 144 225 166
b130 471 370 497 400
b131 33 29 81 74
b132 397 45 436 63
b133 84 321 127 336
b134 147 253 194 287
b135 363 216 408 231
b136 128 77 165 89
b137 450 157 471 185
b138 13 286 41 328
b139 459 468 496 504
b140 282 511 325 523
b141 129 139 148 184
b142 333 89 370 116
b143 69 532 93 557
b144 328 520 368 535
b145 485 181 498 226
b146 263 342 296 390
b147 307 0 337 42
b148 165 326 185 344
b149 471 446 518 468
b150 191 166 222 189
b151 382 137 400 179
b152 484 93 503 109
b153 510 152 540 193
b154 281 264 298 286
b155 509 247 523 272
b156 250 35 266 63
b157 197 34 222 54
b158 75 270 98 283
b159 151 221 195 253
b160 370 47 397 63
b161 115 412 161 459
b162 165 77 196 95
b163 482 0 504 33
b164 241 257 277 298
b165 461 108 482 125
b166 43 331 79 365
b167 112 459 149 495
b168 221 338 262 362
b169 206 376 230 415
b170 0 438 29 483
b171 169 152 191 192
b172 450 251 477 264
b173 407 258 432 290
b174 281 221 297 264
b175 498 193 514 208
b176 395 63 433 96
b177 149 459 190 496
b178 314 406 331 425
b179 437 392 471 438
b180 442 69 461 109
b181 40 236 70 264
b182 496 128 541 152
b183 134 287 167 326
b184 370 63 395 109
b185 242 173 269 207
b186 123 108 156 139
b187 108 516 144 554
b188 299 171 336 211
b189 438 31 482 43
b190 144 496 171 533
b191 498 309 532 325
b192 33 0 81 29
b193 167 287 184 320
b194 331 277 359 290
b195 237 19 250 52
b196 70 205 111 246
b197 379 179 407 216
b198 442 109 461 157
b199 503 97 539 128
b200 80 108 123 145
b201 299 439 328 465
b202 0 149 39 183
b203 523 247 538 275
b204 0 0 33 41
b205 81 61 96 82
b206 450 185 485 227
b207 269 188 297 221
b208 211 469 231 496
b209 127 357 172 393
b210 506 492 519 516
b211 343 290 355 306
b212 196 74 238 95
b213 299 277 331 291
b214 385 323 402 350
b215 269 434 298 455
b216 118 89 160 108
b217 92 468 112 516
b218 299 362 314 405
b219 230 392 258 410
b220 13 331 43 368
b221 184 0 197 45
b222 299 146 333 171
b223 190 533 209 555
b224 375 0 396 45
b225 402 354 449 392
b226 356 457 372 496
b227 160 95 192 108
b228 277 286 297 307
b229 104 0 128 48
b230 190 111 220 144
b231 294 42 324 58
b232 395 392 437 415
b233 437 465 453 478
b234 97 391 115 424
b235 46 468 92 490
b236 197 294 236 321
b237 190 456 211 496
b238 471 154 510 181
b239 345 323 385 345
b240 376 365 395 388
b241 519 475 532 499
b242 392 448 432 470
b243 282 523 319 557
b244 81 48 118 61
b245 297 122 333 146
b246 81 0 104 44
b247 242 221 281 257
b248 40 149 71 192
b249 272 307 299 342
b250 197 0 228 34
b251 197 235 240 269
b252 380 109 399 137
b253 236 111 249 126
b254 442 56 466 69
b255 0 74 39 121
b256 61 192 82 205
b257 328 425 345 458
b258 156 108 190 152
b259 72 365 84 391
b260 171 533 190 545
b261 448 514 460 559
b262 359 254 407 281
b263 236 512 282 559
b264 363 231 408 254
b265 518 430 533 475
b266 331 371 376 419
b267 41 292 75 331
b268 29 438 51 463
b269 342 198 379 216
b270 461 93 484 108
b271 497 369 539 393
b272 225 138 249 173
b273 39 532 69 553
b274 342 216 363 249
b275 53 264 75 292
b276 372 473 403 487
b277 421 290 468 302
b278 193 376 206 418
b279 498 208 541 247
b280 41 368 72 390
b281 432 258 450 288
b282 269 390 299 434
b283 96 61 111 74
b284 468 301 498 322
b285 507 529 540 542
b286 0 368 41 404
b287 84 336 126 357
b288 328 458 356 494
b289 507 393 540 430
b290 148 171 164 198
b291 165 393 193 436
b292 283 0 307 39
b293 122 393 165 412
b294 372 487 398 504
b295 0 286 13 329
b296 230 376 257 392
b297 127 326 165 357
b298 249 111 289 144
b299 40 264 53 277
