565691.75
836678.5
294705
531 555
497.995414
b0 457 47 484 62
b1 200 141 227 157
b2 473 363 499 385
b3 195 356 240 377
b4 160 118 200 163
b5 426 202 442 228
b6 385 409 412 447
b7 0 372 35 401
b8 89 275 110 311
b9 291 32 335 57
b10 313 501 328 532
b11 0 42 41 66
b12 53 408 72 425
b13 340 49 373 97
b14 452 228 473 272
b15 160 204 194 219
b16 0 66 42 111
b17 387 233 428 270
b18 43 89 87 132
b19 72 408 108 431
b20 189 92 202 109
b21 32 320 76 348
b22 239 199 268 234
b23 205 35 222 75
b24 43 0 67 18
b25 425 514 468 543
b26 473 385 491 412
b27 78 514 116 554
b28 259 47 271 71
b29 200 111 229 141
b30 283 359 303 387
b31 0 318 32 354
b32 392 60 414 79
b33 485 304 530 350
b34 194 219 223 231
b35 456 488 468 514
b36 328 506 355 536
b37 355 446 384 458
b38 427 181 446 202
b39 49 478 62 490
b40 310 345 357 364
b41 509 212 528 248
b42 299 476 345 501
b43 346 425 385 446
b44 129 111 153 138
b45 43 64 67 89
b46 412 424 425 443
b47 0 186 42 226
b48 234 479 268 507
b49 389 20 437 44
b50 86 0 105 14
b51 370 409 384 425
b52 268 534 305 552
b53 112 134 124 170
b54 427 361 457 395
b55 425 488 456 514
b56 153 316 184 362
b57 230 0 278 47
b58 471 519 496 544
b59 200 306 247 344
b60 457 361 473 400
b61 464 446 509 477
b62 67 50 113 86
b63 195 468 231 514
b64 204 231 219 264
b65 345 271 368 284
b66 105 0 150 42
b67 86 242 100 275
b68 446 145 491 173
b69 240 370 267 406
b70 302 111 347 127
b71 473 414 507 446
b72 0 444 15 476
b73 200 344 246 356
b74 267 286 310 320
b75 149 406 186 426
b76 58 181 94 220
b77 113 261 153 279
b78 267 359 283 401
b79 384 524 424 549
b80 58 166 94 181
b81 74 275 89 307
b82 307 422 346 446
b83 259 78 300 115
b84 408 102 446 136
b85 15 461 49 504
b86 195 377 239 416
b87 425 400 473 445
b88 105 364 134 408
b89 268 178 310 198
b90 43 18 67 64
b91 442 207 485 228
b92 113 216 160 261
b93 485 212 509 232
b94 509 460 528 491
b95 111 279 155 316
b96 484 45 530 78
b97 512 365 527 405
b98 42 166 55 201
b99 160 163 200 180
b100 480 78 524 123
b101 229 68 259 104
b102 124 138 160 178
b103 42 132 76 166
b104 245 144 259 186
b105 197 0 230 35
b106 298 198 310 231
b107 499 350 531 365
b108 310 227 348 264
b109 134 364 180 406
b110 468 477 507 519
b111 184 316 197 337
b112 250 115 280 140
b113 347 97 371 133
b114 149 426 193 460
b115 15 439 49 461
b116 312 394 331 422
b117 268 424 307 445
b118 259 140 303 178
b119 46 275 74 320
b120 418 318 454 354
b121 446 173 484 207
b122 310 207 353 227
b123 238 270 261 306
b124 496 519 531 550
b125 87 88 129 134
b126 156 36 168 58
b127 345 365 370 408
b128 485 184 529 212
b129 89 311 111 345
b130 378 106 408 132
b131 483 0 531 45
b132 195 450 234 468
b133 0 401 15 444
b134 52 228 86 275
b135 0 509 45 524
b136 518 123 530 160
b137 146 460 174 481
b138 350 133 378 175
b139 347 470 384 506
b140 219 234 262 246
b141 94 170 113 215
b142 168 36 205 63
b143 446 121 471 145
b144 180 362 195 402
b145 278 0 291 45
b146 234 507 267 555
b147 303 364 345 394
b148 305 534 323 554
b149 69 492 116 514
b150 387 200 410 231
b151 240 406 282 424
b152 373 60 392 76
b153 290 446 331 476
b154 325 127 347 144
b155 378 132 403 146
b156 240 424 268 440
b157 357 345 382 365
b158 53 425 66 448
b159 291 0 335 32
b160 199 185 226 201
b161 437 0 483 47
b162 227 144 245 175
b163 268 445 290 478
b164 156 0 197 36
b165 471 123 488 144
b166 70 456 104 492
b167 335 13 372 49
b168 219 246 260 270
b169 160 180 199 204
b170 355 506 384 551
b171 385 471 425 493
b172 226 186 253 199
b173 104 449 129 481
b174 373 0 389 43
b175 331 459 347 474
b176 15 406 53 439
b177 416 47 457 84
b178 174 460 193 477
b179 149 481 195 515
b180 247 306 266 346
b181 67 22 97 50
b182 155 271 200 295
b183 201 514 234 553
b184 353 175 399 200
b185 160 232 194 259
b186 268 478 299 511
b187 116 519 154 555
b188 310 170 350 207
b189 160 259 204 271
b190 113 61 150 88
b191 410 199 426 233
b192 156 63 204 92
b193 71 391 104 408
b194 491 171 519 184
b195 418 283 431 316
b196 108 408 149 449
b197 390 283 418 320
b198 129 92 177 111
b199 382 325 418 356
b200 0 226 37 269
b201 378 146 404 175
b202 234 440 268 479
b203 271 47 286 75
b204 485 271 526 304
b205 310 127 325 148
b206 0 151 42 186
b207 45 514 78 542
b208 354 325 381 345
b209 408 136 444 181
b210 457 62 481 75
b211 355 458 371 470
b212 310 288 352 309
b213 22 111 36 143
b214 94 215 111 242
b215 491 385 512 414
b216 393 356 412 398
b217 389 0 437 20
b218 37 228 52 271
b219 399 181 427 199
b220 0 0 30 37
b221 412 379 425 424
b222 70 431 104 456
b223 67 0 86 22
b224 155 295 200 316
b225 113 178 160 216
b226 425 472 464 488
b227 160 219 192 232
b228 49 490 69 511
b229 129 316 153 364
b230 268 211 298 244
b231 282 401 312 417
b232 485 248 527 271
b233 223 219 239 232
b234 0 354 33 372
b235 509 414 531 460
b236 425 445 464 472
b237 229 104 250 144
b238 348 244 387 271
b239 0 111 22 151
b240 507 491 530 510
b241 246 346 259 370
b242 283 244 305 284
b243 446 84 480 121
b244 76 307 89 344
b245 205 75 229 111
b246 370 365 393 409
b247 35 367 71 406
b248 454 318 485 361
b249 373 79 408 106
b250 385 493 419 524
b251 71 348 105 391
b252 33 348 61 367
b253 499 365 512 380
b254 331 446 355 459
b255 154 515 201 554
b256 268 198 289 211
b257 129 449 146 482
b258 353 200 387 244
b259 177 92 189 118
b260 368 271 387 283
b261 473 228 485 273
b262 491 123 518 171
b263 0 271 46 318
b264 268 511 313 534
b265 194 204 239 219
b266 431 273 479 318
b267 195 416 234 450
b268 280 115 302 140
b269 111 316 129 353
b270 412 356 427 379
b271 428 228 452 270
b272 310 264 345 288
b273 49 448 70 478
b274 291 57 324 78
b275 200 157 222 185
b276 331 408 362 422
b277 424 543 471 555
b278 30 0 43 42
b279 267 320 310 359
b280 310 148 341 170
b281 416 84 446 102
b282 310 309 354 339
b283 335 0 350 13
b284 229 47 259 68
b285 0 476 13 509
b286 354 284 390 325
b287 262 244 283 286
b288 76 134 112 162
b289 116 482 149 519
b290 42 201 58 228
b291 0 524 43 552
b292 385 447 424 471
b293 113 42 156 61
b294 328 536 354 553
b295 387 270 430 283
b296 389 44 416 60
b297 200 271 238 302
b298 300 78 340 111
b299 485 350 498 363
