379378.75
563457.5
195300
434 450
66.575112
b0 322 0 358 16
b1 0 411 19 450
b2 181 125 222 160
b3 370 217 417 235
b4 163 390 195 416
b5 285 300 320 331
b6 100 288 129 301
b7 0 236 21 264
b8 163 375 195 390
b9 385 134 431 168
b10 138 234 183 266
b11 0 152 36 166
b12 93 131 135 167
b13 299 401 344 449
b14 223 316 248 331
b15 93 85 138 131
b16 0 202 22 220
b17 105 167 138 193
b18 309 177 328 211
b19 129 266 141 296
b20 57 188 90 216
b21 57 333 96 377
b22 99 249 125 288
b23 190 0 215 40
b24 320 318 345 333
b25 0 166 36 202
b26 319 216 362 241
b27 0 0 34 15
b28 144 0 190 38
b29 176 87 188 124
b30 323 301 350 318
b31 133 359 170 375
b32 249 85 272 117
b33 138 114 174 132
b34 19 366 57 385
b35 386 435 419 450
b36 0 140 28 152
b37 0 220 21 236
b38 183 233 209 266
b39 342 135 384 165
b40 0 99 28 140
b41 259 299 275 315
b42 57 314 101 333
b43 276 133 316 167
b44 284 64 311 80
b45 261 133 275 170
b46 90 193 138 208
b47 22 242 45 256
b48 99 208 123 234
b49 0 264 40 295
b50 57 216 99 249
b51 175 160 223 187
b52 255 315 282 352
b53 401 256 418 274
b54 390 377 433 393
b55 93 36 106 82
b56 345 340 367 365
b57 285 333 333 352
b58 304 259 323 300
b59 175 187 221 233
b60 138 204 173 234
b61 374 340 407 374
b62 248 352 285 397
b63 99 234 134 249
b64 261 170 309 217
b65 224 137 257 167
b66 19 401 50 432
b67 342 56 386 93
b68 350 305 374 340
b69 101 301 120 339
b70 374 326 410 340
b71 398 284 432 326
b72 186 266 220 299
b73 284 0 322 18
b74 28 80 57 98
b75 0 15 23 42
b76 344 16 358 28
b77 165 56 181 80
b78 57 288 100 314
b79 224 167 261 186
b80 133 375 148 389
b81 224 117 256 137
b82 172 416 204 449
b83 138 160 175 179
b84 206 52 249 89
b85 224 186 261 234
b86 221 331 245 355
b87 0 366 19 411
b88 138 132 181 160
b89 330 52 342 87
b90 0 295 45 319
b91 323 241 351 285
b92 374 284 398 326
b93 370 235 413 256
b94 266 243 282 258
b95 362 168 387 204
b96 120 301 165 326
b97 224 89 249 117
b98 261 217 277 243
b99 57 377 94 397
b100 358 13 385 38
b101 276 85 316 133
b102 224 259 262 284
b103 25 319 57 351
b104 215 0 240 36
b105 402 0 433 42
b106 328 177 362 216
b107 75 0 91 45
b108 141 288 174 300
b109 198 40 220 52
b110 316 133 339 177
b111 96 393 109 411
b112 50 401 96 419
b113 220 355 248 398
b114 351 241 370 280
b115 285 352 315 389
b116 282 217 319 259
b117 407 340 431 377
b118 249 46 284 85
b119 174 299 198 335
b120 34 65 79 80
b121 127 417 172 449
b122 387 187 430 217
b123 224 284 259 297
b124 195 372 208 411
b125 358 38 386 56
b126 138 86 176 114
b127 0 77 24 99
b128 57 249 93 274
b129 240 0 284 46
b130 36 144 81 188
b131 91 0 111 36
b132 19 385 57 401
b133 93 167 105 181
b134 417 217 433 246
b135 0 351 37 366
b136 387 168 411 187
b137 65 45 87 63
b138 143 56 165 86
b139 96 417 127 450
b140 341 165 357 177
b141 316 99 341 133
b142 284 18 311 64
b143 255 401 299 447
b144 0 319 25 348
b145 174 338 219 372
b146 311 18 344 52
b147 81 109 93 140
b148 57 92 82 109
b149 368 374 390 396
b150 224 234 254 247
b151 374 268 401 284
b152 111 0 144 33
b153 57 274 97 286
b154 390 393 434 435
b155 370 256 383 268
b156 262 280 304 299
b157 224 247 266 259
b158 414 70 431 98
b159 188 101 224 125
b160 57 80 93 92
b161 224 297 255 316
b162 285 389 315 401
b163 208 398 255 444
b164 56 419 88 446
b165 133 326 174 359
b166 188 89 224 101
b167 316 52 330 99
b168 138 179 175 204
b169 386 42 432 70
b170 141 266 186 288
b171 0 42 34 77
b172 181 56 206 87
b173 315 352 337 394
b174 351 280 371 305
b175 96 381 130 393
b176 323 285 343 301
b177 266 259 297 280
b178 256 117 276 133
b179 34 0 75 45
b180 198 319 219 338
b181 148 375 163 417
b182 209 233 221 266
b183 19 432 56 448
b184 198 299 217 319
b185 358 0 402 13
b186 111 38 159 51
b187 109 393 131 417
b188 344 365 368 405
b189 34 45 65 65
b190 106 51 143 85
b191 96 339 133 381
b192 386 70 414 92
b193 344 405 386 448
b194 342 93 385 135
b195 407 98 432 134
b196 159 40 198 56
b197 28 109 75 144
b198 385 93 407 133
b199 22 202 56 242
