224795.5
245296
204295
449 455
6.719891
b0 354 332 397 365
b1 369 126 434 163
b2 172 401 206 454
b3 110 364 177 401
b4 50 345 79 364
b5 317 404 366 443
b6 314 359 354 377
b7 160 198 182 238
b8 202 155 264 205
b9 182 198 198 239
b10 337 280 355 332
b11 215 34 254 93
b12 110 425 171 453
b13 229 375 277 432
b14 313 0 356 63
b15 364 174 423 226
b16 301 274 337 331
b17 0 0 44 66
b18 0 104 51 152
b19 304 96 354 127
b20 277 359 314 378
b21 198 205 248 269
b22 132 27 166 76
b23 364 226 413 246
b24 355 280 400 308
b25 360 55 399 109
b26 356 0 396 55
b27 289 334 354 359
b28 354 365 400 404
b29 110 401 172 425
b30 263 334 289 358
b31 205 0 231 34
b32 51 104 94 157
b33 317 377 352 399
b34 36 157 90 184
b35 160 167 198 198
b36 281 235 348 274
b37 281 274 301 334
b38 206 396 229 453
b39 168 285 220 340
b40 423 163 449 192
b41 117 0 172 27
b42 0 402 62 455
b43 22 262 83 308
b44 399 44 446 109
b45 355 308 399 331
b46 248 224 270 263
b47 264 159 297 224
b48 44 47 71 104
b49 304 127 369 174
b50 83 280 150 312
b51 62 383 100 440
b52 97 235 151 280
b53 220 330 263 351
b54 94 193 155 211
b55 348 246 404 280
b56 214 358 277 375
b57 150 284 168 331
b58 254 60 300 94
b59 27 308 77 345
b60 94 0 117 40
b61 64 235 97 258
b62 50 364 110 383
b63 155 239 191 284
b64 44 0 94 47
b65 0 184 57 240
b66 202 94 269 155
b67 396 0 436 44
b68 83 312 146 364
b69 0 308 27 362
b70 160 92 202 134
b71 0 240 64 262
b72 220 269 281 330
b73 297 174 364 235
b74 0 66 42 104
b75 254 41 282 60
b76 0 262 22 295
b77 94 136 160 193
b78 0 152 36 184
b79 116 76 157 136
b80 157 76 215 92
b81 0 362 50 402
b82 400 379 447 436
b83 198 269 220 285
b84 404 246 426 313
b85 231 0 251 25
b86 177 340 214 396
b87 166 27 205 71
b88 94 211 131 235
b89 94 40 132 67
b90 160 134 199 167
b91 304 63 360 96
b92 71 47 87 73
b93 269 94 304 159
b94 254 0 313 41
b95 426 192 445 243
b96 277 378 317 444
b97 354 109 421 126
b98 94 67 116 129
b99 400 313 449 379
