257621.75
312768.5
202475
445 455
11.481872
b0 135 280 178 313
b1 353 418 418 455
b2 66 331 119 365
b3 406 302 443 369
b4 248 422 277 441
b5 66 365 105 414
b6 381 75 421 93
b7 277 422 317 444
b8 289 267 351 317
b9 297 226 313 267
b10 121 433 173 451
b11 0 24 59 63
b12 379 237 407 298
b13 238 178 295 226
b14 314 345 357 408
b15 0 197 52 256
b16 186 206 222 263
b17 248 317 314 361
b18 383 0 434 48
b19 62 23 93 73
b20 162 215 181 252
b21 381 93 445 143
b22 379 143 413 192
b23 250 98 299 118
b24 314 317 359 345
b25 187 0 226 54
b26 326 65 381 105
b27 220 265 245 330
b28 306 161 352 200
b29 0 0 62 24
b30 226 57 250 83
b31 186 263 220 289
b32 273 0 326 43
b33 186 184 221 206
b34 377 298 404 352
b35 147 402 185 433
b36 22 306 61 373
b37 102 0 122 60
b38 418 369 441 426
b39 0 396 55 448
b40 306 200 335 226
b41 326 38 381 65
b42 186 401 248 454
b43 62 151 123 197
b44 62 239 127 286
b45 22 373 66 396
b46 55 414 77 453
b47 407 237 440 302
b48 381 48 438 75
b49 122 0 187 47
b50 413 143 445 210
b51 326 0 383 38
b52 62 286 116 331
b53 0 256 21 299
b54 359 282 377 343
b55 326 105 360 161
b56 123 131 186 148
b57 273 43 320 61
b58 122 47 168 81
b59 149 81 186 131
b60 62 0 102 23
b61 379 192 412 215
b62 360 105 379 165
b63 317 408 353 453
b64 102 81 149 131
b65 186 345 243 401
b66 123 148 184 215
b67 77 414 121 454
b68 186 121 238 184
b69 0 63 54 90
b70 62 197 104 239
b71 0 306 22 370
b72 248 361 309 422
b73 119 314 186 375
b74 105 375 147 413
b75 116 286 135 314
b76 245 265 267 298
b77 0 131 57 197
b78 62 112 98 144
b79 0 90 60 131
b80 360 165 376 223
b81 21 256 61 306
b82 226 0 273 57
b83 351 266 373 282
b84 267 226 289 293
b85 98 131 123 151
b86 250 61 306 98
b87 222 226 266 265
b88 168 54 205 78
b89 147 375 185 402
b90 62 73 95 112
b91 186 289 219 345
b92 226 83 242 109
b93 127 215 162 280
b94 238 137 297 178
b95 250 118 301 137
b96 313 226 379 266
b97 205 54 222 121
b98 379 215 441 237
b99 357 352 406 418
