430970.75
553391.5
308550
550 561
362.40116
b0 443 141 458 168
b1 243 193 270 209
b2 191 210 213 236
b3 192 163 237 184
b4 256 0 296 45
b5 243 177 269 193
b6 88 322 126 349
b7 460 164 495 193
b8 297 248 333 269
b9 22 481 47 525
b10 250 252 281 267
b11 146 427 187 451
b12 130 349 147 368
b13 233 449 266 497
b14 117 177 138 221
b15 282 187 297 221
b16 146 189 191 231
b17 386 403 423 444
b18 503 89 547 132
b19 85 228 108 264
b20 0 468 17 481
b21 0 377 44 405
b22 0 85 35 114
b23 36 198 76 215
b24 376 257 394 281
b25 343 161 386 190
b26 504 202 531 220
b27 18 47 58 85
b28 68 304 80 328
b29 257 328 287 357
b30 302 467 330 487
b31 316 279 352 311
b32 426 36 445 58
b33 141 451 187 496
b34 102 44 114 73
b35 448 426 474 438
b36 398 216 428 243
b37 448 414 477 426
b38 199 285 218 306
b39 212 346 225 358
b40 218 540 265 559
b41 36 179 72 198
b42 146 23 192 48
b43 376 218 397 257
b44 0 114 24 141
b45 462 349 487 373
b46 191 197 210 210
b47 398 259 438 301
b48 114 44 142 78
b49 35 85 59 133
b50 180 337 199 351
b51 422 301 436 317
b52 241 140 259 177
b53 243 240 279 252
b54 238 357 272 387
b55 190 236 216 267
b56 514 311 545 357
b57 335 0 383 47
b58 481 451 506 476
b59 72 512 110 559
b60 297 187 336 203
b61 352 281 397 312
b62 181 515 217 561
b63 302 408 338 454
b64 270 172 303 187
b65 192 85 205 108
b66 483 503 525 548
b67 461 193 494 207
b68 457 386 502 414
b69 287 328 314 364
b70 331 47 347 92
b71 336 190 368 224
b72 148 337 180 352
b73 323 0 335 46
b74 218 497 252 540
b75 398 196 435 216
b76 383 0 422 36
b77 382 363 422 381
b78 0 405 42 421
b79 44 365 84 390
b80 22 525 37 561
b81 46 459 78 474
b82 223 79 262 103
b83 262 79 303 116
b84 47 474 81 512
b85 146 78 189 112
b86 385 444 424 488
b87 496 225 544 270
b88 269 483 298 527
b89 300 487 342 507
b90 438 237 462 283
b91 187 453 230 474
b92 458 47 503 94
b93 168 0 192 20
b94 364 512 395 531
b95 44 328 88 365
b96 223 268 269 301
b97 336 224 376 239
b98 347 136 382 149
b99 269 155 309 172
b100 319 508 364 552
b101 146 48 182 78
b102 0 291 40 327
b103 462 207 496 241
b104 333 265 375 279
b105 111 397 146 430
b106 462 241 474 274
b107 0 141 15 173
b108 446 512 483 550
b109 146 133 192 175
b110 450 0 489 42
b111 201 394 222 407
b112 265 530 295 555
b113 266 406 302 430
b114 502 357 546 391
b115 0 481 22 515
b116 168 496 196 515
b117 347 115 386 136
b118 506 456 550 494
b119 316 346 361 374
b120 187 358 223 394
b121 347 441 385 475
b122 0 327 43 347
b123 0 179 36 202
b124 43 273 78 304
b125 214 0 256 46
b126 148 315 170 327
b127 223 399 266 424
b128 72 143 100 187
b129 386 138 420 160
b130 451 319 477 349
b131 90 85 138 130
b132 297 203 336 221
b133 462 274 477 317
b134 0 421 34 468
b135 80 307 125 322
b136 361 336 373 373
b137 40 304 68 325
b138 148 243 190 271
b139 398 160 435 196
b140 343 149 386 161
b141 316 312 361 331
b142 296 0 323 37
b143 361 312 386 336
b144 436 319 451 359
b145 225 346 238 391
b146 338 408 386 441
b147 386 321 416 363
b148 287 364 307 382
b149 192 0 214 47
b150 425 105 456 128
b151 72 101 90 143
b152 71 85 90 101
b153 0 347 41 377
b154 224 140 241 162
b155 146 175 171 189
b156 366 373 382 401
b157 397 301 422 321
b158 192 184 215 197
b159 502 391 546 423
b160 474 241 490 268
b161 100 130 146 177
b162 100 491 131 509
b163 303 77 325 110
b164 514 270 550 311
b165 299 37 316 58
b166 330 374 366 408
b167 224 103 260 140
b168 503 27 527 68
b169 100 467 139 491
b170 212 317 257 346
b171 382 381 422 403
b172 245 304 272 317
b173 192 138 224 163
b174 59 69 102 85
b175 117 221 133 236
b176 108 236 146 269
b177 100 430 141 467
b178 443 200 460 219
b179 188 407 222 453
b180 416 321 435 361
b181 368 190 398 218
b182 383 488 428 512
b183 510 423 549 456
b184 458 139 504 164
b185 448 438 475 472
b186 44 390 75 423
b187 386 100 422 138
b188 477 303 514 343
b189 146 231 190 243
b190 297 221 334 248
b191 216 252 250 268
b192 347 47 376 95
b193 252 497 269 530
b194 192 108 220 121
b195 199 321 212 354
b196 76 187 117 228
b197 153 519 181 556
b198 110 509 129 557
b199 282 269 313 305
b200 0 215 43 252
b201 336 239 365 265
b202 266 444 300 483
b203 0 252 28 267
b204 342 475 383 508
b205 335 95 356 110
b206 88 349 130 384
b207 477 423 510 451
b208 216 232 243 252
b209 458 94 494 139
b210 462 373 486 386
b211 373 336 385 352
b212 298 507 319 549
b213 426 58 458 72
b214 481 476 498 503
b215 43 252 72 273
b216 287 387 329 406
b217 147 379 167 427
b218 487 343 502 386
b219 0 0 18 28
b220 298 116 335 146
b221 302 454 347 467
b222 222 424 256 449
b223 196 496 218 515
b224 126 304 147 349
b225 51 0 89 47
b226 423 361 462 377
b227 443 168 456 200
b228 356 95 377 115
b229 129 509 153 557
b230 426 72 456 105
b231 398 243 428 259
b232 75 397 98 439
b233 314 374 330 387
b234 428 219 461 237
b235 187 474 233 496
b236 148 352 187 379
b237 146 112 186 133
b238 501 0 540 27
b239 108 269 148 291
b240 531 202 550 225
b241 98 397 111 421
b242 58 47 98 69
b243 423 377 457 414
b244 269 267 282 304
b245 438 283 462 319
b246 272 305 316 328
b247 262 116 298 155
b248 504 132 547 163
b249 37 525 72 552
b250 243 209 277 240
b251 256 45 299 79
b252 303 58 331 77
b253 199 306 212 321
b254 22 468 46 481
b255 395 512 442 551
b256 108 291 129 304
b257 190 268 223 285
b258 89 0 123 44
b259 335 110 347 136
b260 386 160 398 179
b261 238 387 283 399
b262 216 184 243 232
b263 24 133 71 179
b264 123 0 168 23
b265 316 331 361 346
b266 377 55 425 100
b267 309 146 343 185
b268 423 414 448 436
b269 527 27 545 64
b270 153 496 168 519
b271 43 228 85 252
b272 0 267 35 291
b273 178 285 199 315
b274 167 394 188 427
b275 170 315 198 337
b276 266 430 297 444
b277 489 0 501 47
b278 84 384 126 397
b279 504 163 547 202
b280 78 439 100 470
b281 428 475 446 505
b282 148 271 178 315
b283 443 128 458 141
b284 422 128 443 158
b285 18 0 51 13
b286 34 423 75 459
b287 503 68 545 89
b288 422 0 450 36
b289 477 270 514 303
b290 218 301 245 317
b291 80 264 108 307
b292 424 436 448 475
b293 383 36 426 55
b294 192 121 218 138
b295 282 221 295 264
b296 81 470 97 497
b297 192 47 223 85
b298 448 472 481 512
b299 188 394 201 407
