393456.5
585763
201150
447 450
34.451166
b0 125 229 141 265
b1 269 379 308 398
b2 54 109 89 150
b3 179 199 197 246
b4 216 195 248 221
b5 0 341 35 372
b6 434 77 447 106
b7 363 400 384 428
b8 299 212 314 244
b9 160 78 206 112
b10 232 230 277 262
b11 425 403 439 439
b12 33 409 75 445
b13 217 48 265 93
b14 233 321 248 346
b15 185 149 230 195
b16 45 280 67 298
b17 196 419 229 445
b18 197 195 216 229
b19 131 291 161 303
b20 116 106 144 139
b21 322 86 361 130
b22 419 260 445 299
b23 385 339 425 364
b24 161 324 186 339
b25 196 383 232 419
b26 190 358 233 383
b27 254 409 269 443
b28 42 44 88 82
b29 122 408 134 445
b30 0 252 17 279
b31 100 106 116 143
b32 321 295 344 327
b33 79 325 115 343
b34 112 265 131 303
b35 161 291 176 324
b36 422 77 434 105
b37 425 311 446 327
b38 352 168 378 201
b39 135 199 177 229
b40 384 414 425 442
b41 37 17 53 33
b42 75 404 94 448
b43 154 339 188 379
b44 261 321 277 348
b45 167 0 181 37
b46 100 91 148 106
b47 419 0 442 14
b48 267 61 291 87
b49 260 190 291 230
b50 0 61 42 94
b51 105 0 132 48
b52 0 107 37 134
b53 0 0 17 18
b54 0 172 16 215
b55 255 363 268 409
b56 321 327 346 349
b57 60 298 79 346
b58 314 240 355 259
b59 397 214 443 260
b60 355 243 385 278
b61 0 405 33 439
b62 188 321 233 358
b63 73 230 88 265
b64 267 117 315 164
b65 0 372 30 405
b66 394 118 425 149
b67 277 296 321 333
b68 179 283 214 307
b69 0 134 19 172
b70 230 176 266 190
b71 321 349 363 383
b72 368 305 401 339
b73 19 134 37 172
b74 267 99 296 117
b75 33 386 60 409
b76 296 83 308 97
b77 378 168 394 192
b78 397 171 423 214
b79 177 403 196 440
b80 233 387 248 401
b81 277 254 297 286
b82 160 42 192 75
b83 267 0 286 37
b84 0 18 37 61
b85 37 150 85 187
b86 355 278 379 302
b87 425 327 444 372
b88 45 237 73 280
b89 248 190 260 225
b90 364 78 388 123
b91 62 0 90 44
b92 423 171 447 213
b93 267 40 310 61
b94 39 96 54 112
b95 180 112 216 137
b96 35 341 60 386
b97 45 212 73 237
b98 229 420 245 446
b99 299 259 319 296
b100 422 50 447 77
b101 225 0 265 48
b102 19 187 57 212
b103 147 259 179 291
b104 179 246 215 271
b105 220 290 262 321
b106 322 52 361 86
b107 364 123 380 168
b108 88 45 100 78
b109 425 299 447 311
b110 361 55 405 78
b111 226 93 244 106
b112 334 142 352 188
b113 314 212 357 240
b114 232 262 271 281
b115 141 229 178 259
b116 357 201 394 243
b117 216 112 240 149
b118 122 303 161 338
b119 154 379 190 403
b120 90 0 105 45
b121 148 112 180 157
b122 122 365 152 408
b123 54 96 89 109
b124 0 94 39 107
b125 0 279 28 297
b126 135 157 163 195
b127 277 230 299 254
b128 419 14 444 50
b129 89 143 135 187
b130 0 297 45 341
b131 319 259 339 295
b132 372 0 410 16
b133 267 87 281 99
b134 106 343 122 372
b135 39 112 54 149
b136 346 431 370 450
b137 354 0 372 22
b138 291 61 321 83
b139 291 179 322 212
b140 131 265 147 277
b141 310 0 344 25
b142 240 106 267 152
b143 277 333 321 379
b144 321 383 350 408
b145 385 260 419 305
b146 60 346 94 379
b147 215 229 227 260
b148 37 0 62 17
b149 363 347 385 369
b150 45 298 58 328
b151 138 338 154 365
b152 361 22 394 55
b153 115 187 127 227
b154 181 0 225 42
b155 385 243 397 256
b156 79 306 121 325
b157 322 130 364 142
b158 233 346 261 363
b159 230 152 266 176
b160 179 271 215 283
b161 425 372 444 403
b162 220 260 232 290
b163 269 398 315 445
b164 322 25 354 52
b165 79 265 112 306
b166 94 343 106 379
b167 42 82 89 96
b168 394 16 419 53
b169 94 379 122 425
b170 346 302 368 347
b171 132 0 167 34
b172 321 408 346 439
b173 163 157 185 199
b174 60 379 80 404
b175 322 142 334 176
b176 122 338 138 358
b177 363 369 384 400
b178 94 425 110 445
b179 384 369 425 414
b180 233 401 254 420
b181 267 164 309 179
b182 308 83 320 116
b183 425 106 441 143
b184 206 93 226 112
b185 176 307 220 320
b186 350 383 363 431
b187 233 363 255 387
b188 286 0 310 40
b189 401 305 421 336
b190 88 230 125 264
b191 0 215 42 252
b192 132 34 160 56
b193 134 408 177 450
b194 73 187 115 230
b195 192 42 217 78
b196 28 252 44 291
b197 105 56 152 91
b198 394 149 434 171
b199 388 78 422 118
