568064.5
836555
299574
534 561
190.27161
b0 461 82 488 97
b1 333 391 360 407
b2 333 319 359 341
b3 485 443 530 464
b4 233 336 278 376
b5 324 532 340 558
b6 41 120 68 158
b7 0 421 35 450
b8 357 537 393 558
b9 149 263 193 288
b10 258 461 289 476
b11 378 320 402 361
b12 41 269 58 288
b13 407 144 455 177
b14 69 538 113 559
b15 513 304 528 338
b16 288 367 333 409
b17 93 122 130 163
b18 284 202 327 246
b19 413 431 436 467
b20 172 236 189 249
b21 136 157 164 201
b22 153 344 188 373
b23 86 203 126 220
b24 395 442 413 466
b25 504 82 533 125
b26 39 398 66 416
b27 0 63 40 101
b28 333 441 357 453
b29 250 197 279 227
b30 193 260 213 288
b31 82 414 114 450
b32 327 249 349 268
b33 146 429 192 474
b34 124 368 153 380
b35 121 416 147 428
b36 192 484 219 514
b37 378 240 407 252
b38 438 431 457 452
b39 213 267 225 280
b40 272 508 319 527
b41 515 464 534 500
b42 310 34 356 59
b43 339 107 378 128
b44 31 39 58 63
b45 68 135 92 160
b46 113 534 132 547
b47 466 273 508 313
b48 276 0 310 28
b49 393 537 441 561
b50 244 461 258 480
b51 241 0 255 16
b52 465 255 502 273
b53 468 480 480 516
b54 208 73 242 103
b55 504 164 530 195
b56 242 103 288 134
b57 487 395 534 443
b58 153 373 178 398
b59 0 0 47 38
b60 195 221 211 260
b61 227 376 258 421
b62 114 50 160 86
b63 390 70 436 106
b64 327 207 342 240
b65 0 199 23 212
b66 256 267 301 309
b67 250 183 283 197
b68 259 30 304 58
b69 0 523 27 559
b70 333 284 378 300
b71 357 496 389 530
b72 163 221 195 236
b73 213 37 259 49
b74 165 65 208 99
b75 252 520 272 557
b76 368 162 404 201
b77 71 59 111 77
b78 66 414 82 456
b79 357 471 397 496
b80 150 0 165 36
b81 114 428 146 443
b82 504 125 528 164
b83 165 99 202 140
b84 272 527 310 561
b85 474 48 517 82
b86 165 170 209 209
b87 100 265 148 310
b88 189 327 233 356
b89 93 163 135 183
b90 100 310 146 334
b91 284 246 327 267
b92 437 0 484 45
b93 220 49 240 73
b94 422 299 453 318
b95 389 500 433 537
b96 0 333 46 366
b97 237 309 277 324
b98 407 220 420 255
b99 453 358 493 375
b100 333 347 378 391
b101 165 140 201 170
b102 202 103 242 139
b103 188 356 222 390
b104 468 516 482 558
b105 46 335 81 368
b106 324 499 336 532
b107 336 499 351 531
b108 126 203 163 241
b109 0 450 46 492
b110 0 379 39 421
b111 241 16 254 37
b112 45 368 70 398
b113 46 84 70 120
b114 183 514 217 558
b115 508 270 530 304
b116 0 101 19 129
b117 59 456 98 477
b118 289 409 333 447
b119 457 406 485 451
b120 289 447 325 483
b121 326 0 364 34
b122 93 183 136 203
b123 124 380 147 416
b124 130 122 161 157
b125 420 177 466 219
b126 335 59 357 71
b127 71 34 114 59
b128 438 452 482 480
b129 165 0 199 22
b130 213 241 243 267
b131 420 219 465 267
b132 144 511 183 529
b133 258 376 273 419
b134 98 461 145 495
b135 242 49 257 94
b136 46 455 58 492
b137 40 63 68 84
b138 504 195 532 237
b139 125 86 162 122
b140 407 177 419 220
b141 333 300 378 319
b142 441 480 468 517
b143 437 75 461 100
b144 273 376 288 416
b145 0 366 45 379
b146 211 429 244 477
b147 199 0 241 30
b148 0 38 18 58
b149 125 241 172 263
b150 314 171 337 202
b151 479 340 521 358
b152 192 429 211 445
b153 132 529 173 559
b154 266 442 288 459
b155 236 168 250 193
b156 406 291 422 319
b157 272 483 292 508
b158 311 483 324 506
b159 250 134 294 166
b160 310 0 326 27
b161 36 492 83 538
b162 219 520 250 538
b163 385 106 418 128
b164 0 129 41 165
b165 378 442 395 463
b166 303 104 339 138
b167 213 205 250 241
b168 441 517 465 558
b169 47 0 71 39
b170 257 58 286 103
b171 45 288 85 310
b172 193 51 220 64
b173 310 59 335 91
b174 352 162 368 205
b175 378 304 393 320
b176 298 138 336 171
b177 278 311 319 348
b178 237 267 256 284
b179 0 165 46 199
b180 0 288 19 328
b181 349 249 377 279
b182 101 220 125 265
b183 364 0 397 39
b184 40 199 86 224
b185 479 313 513 340
b186 454 375 487 406
b187 465 219 503 255
b188 493 358 533 395
b189 225 267 237 311
b190 209 168 236 205
b191 314 268 348 284
b192 202 139 250 168
b193 250 166 283 183
b194 466 313 479 341
b195 319 311 332 344
b196 0 247 41 288
b197 409 0 437 37
b198 278 348 326 367
b199 0 492 36 523
b200 146 474 189 511
b201 115 24 144 50
b202 149 310 188 344
b203 85 282 100 310
b204 397 467 438 500
b205 378 140 393 161
b206 342 207 377 249
b207 378 409 406 442
b208 504 237 531 257
b209 41 224 77 269
b210 18 38 31 62
b211 397 0 409 16
b212 27 538 69 559
b213 130 495 144 527
b214 314 284 331 311
b215 35 421 64 442
b216 492 540 534 559
b217 492 482 512 530
b218 288 91 303 134
b219 243 502 271 520
b220 437 45 474 75
b221 27 199 40 244
b222 124 334 149 368
b223 244 442 266 461
b224 244 421 289 442
b225 46 160 93 198
b226 192 445 208 484
b227 301 267 314 299
b228 193 30 213 51
b229 406 407 454 431
b230 357 39 390 69
b231 488 82 504 112
b232 427 365 450 407
b233 453 332 466 348
b234 482 464 515 482
b235 333 453 355 499
b236 193 288 220 327
b237 512 500 533 540
b238 377 201 404 240
b239 475 112 497 152
b240 292 483 311 506
b241 378 291 402 304
b242 149 288 189 310
b243 466 183 503 217
b244 70 368 107 381
b245 77 224 101 260
b246 19 310 63 333
b247 191 390 227 429
b248 81 335 124 366
b249 0 212 27 247
b250 94 86 125 120
b251 333 407 376 441
b252 359 319 378 347
b253 283 166 298 179
b254 504 257 528 270
b255 83 495 130 534
b256 68 122 89 135
b257 286 58 303 91
b258 71 0 115 34
b259 480 482 492 508
b260 385 128 404 140
b261 233 324 278 336
b262 378 361 405 409
b263 406 319 453 365
b264 71 77 94 122
b265 337 162 352 207
b266 484 0 529 48
b267 250 227 284 266
b268 63 310 85 335
b269 367 69 385 106
b270 85 310 100 333
b271 336 138 378 162
b272 115 0 150 24
b273 255 0 276 30
b274 219 538 252 559
b275 244 480 272 502
b276 107 366 121 397
b277 165 209 212 221
b278 58 269 100 282
b279 436 100 475 143
b280 283 179 314 201
b281 114 443 144 461
b282 147 398 191 428
b283 304 91 319 104
b284 357 441 378 471
b285 453 299 466 332
b286 378 255 419 291
b287 406 365 427 407
b288 339 71 367 107
b289 70 381 107 414
b290 404 128 431 144
b291 165 22 193 65
b292 219 477 243 516
b293 420 267 463 286
b294 19 288 45 305
b295 422 286 465 299
b296 19 101 46 117
b297 466 152 504 183
b298 397 37 437 70
b299 46 442 59 455
