569396
833047
305745
545 561
294.302696
b0 0 306 27 321
b1 100 476 127 492
b2 250 118 276 140
b3 134 256 155 301
b4 79 200 119 245
b5 228 321 254 337
b6 377 270 415 297
b7 395 528 430 557
b8 92 318 128 339
b9 420 79 445 123
b10 340 530 355 561
b11 225 280 249 321
b12 134 239 153 256
b13 445 67 493 100
b14 219 473 263 494
b15 130 404 164 419
b16 222 515 264 560
b17 362 467 403 504
b18 156 309 200 352
b19 87 164 110 200
b20 303 543 320 556
b21 75 261 103 305
b22 383 92 418 121
b23 164 370 181 410
b24 306 416 324 440
b25 46 33 75 76
b26 164 352 191 370
b27 28 476 66 516
b28 130 419 142 443
b29 348 276 377 306
b30 0 251 28 271
b31 430 528 466 560
b32 133 357 155 376
b33 283 291 329 336
b34 485 384 497 413
b35 199 273 225 285
b36 379 386 409 413
b37 234 337 246 366
b38 39 322 60 341
b39 174 90 187 102
b40 93 92 140 111
b41 28 516 64 535
b42 308 40 333 86
b43 267 381 306 402
b44 364 146 391 170
b45 142 419 166 444
b46 0 543 19 556
b47 303 119 343 161
b48 494 474 528 502
b49 395 504 443 528
b50 191 352 210 366
b51 0 475 16 489
b52 343 126 380 144
b53 81 68 93 104
b54 46 76 80 106
b55 340 504 371 530
b56 415 265 461 296
b57 93 45 141 92
b58 425 435 450 460
b59 414 173 452 220
b60 79 245 118 261
b61 407 0 438 45
b62 158 175 204 211
b63 379 350 425 386
b64 106 111 139 126
b65 269 140 282 163
b66 102 515 144 560
b67 141 88 174 102
b68 31 277 59 322
b69 303 336 330 372
b70 129 444 145 489
b71 453 182 485 216
b72 170 102 185 134
b73 81 0 93 46
b74 283 180 326 214
b75 348 306 385 326
b76 139 139 178 175
b77 414 220 454 238
b78 0 0 16 42
b79 425 362 450 402
b80 450 414 465 450
b81 330 313 345 345
b82 267 402 291 441
b83 46 152 87 189
b84 324 416 358 454
b85 0 110 43 144
b86 265 31 304 75
b87 93 0 141 45
b88 500 354 544 383
b89 380 126 422 146
b90 371 504 395 550
b91 219 494 262 515
b92 462 240 509 285
b93 175 254 199 274
b94 246 337 265 368
b95 204 391 248 428
b96 496 441 542 474
b97 410 238 450 253
b98 278 167 313 180
b99 285 516 302 556
b100 306 372 351 416
b101 278 75 308 111
b102 119 199 155 239
b103 188 521 222 555
b104 531 399 545 441
b105 46 0 81 33
b106 220 30 232 63
b107 188 28 220 43
b108 341 0 379 37
b109 368 224 410 270
b110 438 300 480 339
b111 166 431 187 444
b112 204 366 234 391
b113 187 90 211 126
b114 155 275 199 309
b115 493 95 527 117
b116 345 326 373 345
b117 282 128 303 167
b118 453 100 491 144
b119 145 444 173 489
b120 491 117 527 153
b121 453 144 487 182
b122 379 413 422 433
b123 430 136 453 172
b124 0 271 31 306
b125 480 285 526 327
b126 81 46 93 68
b127 253 75 278 118
b128 231 219 275 247
b129 405 482 439 504
b130 402 316 428 346
b131 452 339 500 384
b132 329 220 368 238
b133 201 478 216 521
b134 493 48 527 95
b135 60 258 75 303
b136 379 0 391 37
b137 103 296 131 317
b138 120 376 162 404
b139 303 507 340 543
b140 108 339 120 382
b141 211 128 230 173
b142 39 439 66 476
b143 303 482 327 507
b144 512 194 527 234
b145 0 406 13 451
b146 231 247 279 280
b147 372 173 414 203
b148 210 346 228 366
b149 141 27 188 49
b150 505 527 528 558
b151 306 440 324 482
b152 134 301 153 317
b153 283 214 324 244
b154 278 111 300 128
b155 487 194 512 208
b156 200 330 228 346
b157 443 508 468 528
b158 422 123 445 136
b159 0 78 44 110
b160 355 530 371 557
b161 283 244 329 291
b162 60 227 78 258
b163 405 460 438 482
b164 175 49 211 90
b165 158 254 175 275
b166 497 399 531 435
b167 0 369 36 406
b168 454 216 495 240
b169 0 451 39 475
b170 100 431 129 476
b171 158 211 198 233
b172 93 111 106 138
b173 494 502 526 527
b174 391 0 407 43
b175 490 527 505 543
b176 46 189 79 227
b177 0 144 41 181
b178 313 161 330 180
b179 173 444 219 478
b180 398 297 438 316
b181 173 478 201 508
b182 231 174 255 219
b183 308 86 347 119
b184 93 139 139 164
b185 330 161 364 188
b186 103 263 134 296
b187 329 238 365 276
b188 304 0 341 40
b189 70 417 114 429
b190 500 327 537 354
b191 500 383 534 399
b192 466 0 495 48
b193 362 350 379 383
b194 145 489 173 502
b195 120 339 133 372
b196 487 153 528 194
b197 256 445 293 473
b198 0 181 19 229
b199 66 528 102 559
b200 145 508 188 545
b201 31 251 60 277
b202 141 49 175 88
b203 209 0 224 28
b204 178 134 211 175
b205 495 208 510 229
b206 327 454 362 496
b207 495 0 523 33
b208 141 0 161 27
b209 267 336 303 381
b210 243 432 267 445
b211 44 227 56 243
b212 372 203 414 224
b213 60 318 92 332
b214 204 256 231 273
b215 373 329 402 350
b216 326 201 368 220
b217 443 488 491 508
b218 144 545 187 560
b219 0 489 28 507
b220 70 429 100 466
b221 293 423 306 468
b222 66 466 100 491
b223 36 371 55 393
b224 264 516 285 561
b225 348 37 386 84
b226 509 234 525 273
b227 385 297 398 329
b228 166 410 186 431
b229 110 175 158 199
b230 452 384 485 414
b231 39 341 55 371
b232 255 174 278 216
b233 267 311 283 324
b234 425 402 443 435
b235 468 508 490 554
b236 204 175 231 214
b237 386 43 407 83
b238 391 146 430 173
b239 134 317 156 357
b240 466 48 489 67
b241 119 239 132 263
b242 0 229 40 251
b243 407 45 444 79
b244 106 126 143 139
b245 28 535 64 559
b246 13 406 36 450
b247 211 92 250 128
b248 465 414 496 457
b249 143 102 170 137
b250 249 280 283 311
b251 362 433 405 467
b252 19 181 38 209
b253 462 285 475 300
b254 243 445 256 469
b255 0 322 39 369
b256 293 402 306 423
b257 461 457 494 474
b258 0 44 44 78
b259 409 386 421 412
b260 19 209 31 228
b261 200 285 212 330
b262 161 0 209 27
b263 46 106 93 152
b264 100 492 145 515
b265 333 40 348 85
b266 60 339 108 384
b267 230 140 269 174
b268 85 384 107 409
b269 330 276 348 313
b270 181 370 204 385
b271 204 214 228 256
b272 36 393 71 417
b273 158 233 188 254
b274 234 368 267 389
b275 439 460 461 488
b276 71 384 85 415
b277 415 253 462 265
b278 330 188 372 201
b279 264 473 303 516
b280 39 417 70 439
b281 186 385 204 415
b282 16 0 46 44
b283 347 345 362 358
b284 224 0 245 30
b285 495 33 528 46
b286 347 85 383 126
b287 211 71 253 92
b288 0 507 28 543
b289 66 491 99 528
b290 425 346 452 362
b291 438 0 466 43
b292 219 428 243 467
b293 248 389 267 432
b294 330 345 347 371
b295 60 305 103 318
b296 114 404 130 431
b297 245 0 283 31
b298 232 31 265 71
b299 407 79 420 92
