443121.25
574322.5
311920
557 560
569.303889
b0 340 446 367 461
b1 283 45 310 61
b2 57 72 79 98
b3 436 81 481 102
b4 276 258 316 303
b5 12 117 38 133
b6 357 402 395 429
b7 432 404 467 433
b8 433 284 469 305
b9 12 304 56 329
b10 302 436 333 451
b11 196 229 220 270
b12 136 320 155 337
b13 103 295 136 343
b14 357 0 378 44
b15 302 451 336 466
b16 12 0 57 42
b17 333 189 370 230
b18 469 516 512 560
b19 347 506 383 529
b20 102 387 119 400
b21 179 146 223 174
b22 521 0 556 29
b23 350 44 367 84
b24 247 353 265 377
b25 236 139 279 168
b26 333 337 360 355
b27 439 167 477 207
b28 296 61 308 85
b29 102 358 132 387
b30 186 272 214 292
b31 240 275 276 307
b32 477 479 496 501
b33 130 462 175 508
b34 283 0 295 29
b35 539 77 551 103
b36 257 410 287 437
b37 302 466 331 478
b38 282 174 303 193
b39 166 173 179 185
b40 12 285 59 304
b41 333 318 369 337
b42 186 422 211 468
b43 303 174 324 213
b44 12 176 39 200
b45 325 260 350 284
b46 386 88 399 107
b47 431 207 473 247
b48 299 328 333 356
b49 521 29 545 77
b50 249 241 268 255
b51 341 432 357 446
b52 79 72 116 90
b53 453 247 465 283
b54 335 284 365 318
b55 12 200 38 231
b56 347 529 393 560
b57 236 30 283 78
b58 450 102 475 127
b59 0 434 38 481
b60 223 193 262 209
b61 226 377 257 422
b62 301 508 347 544
b63 390 237 426 283
b64 469 291 502 306
b65 302 413 315 436
b66 386 128 431 170
b67 236 78 269 92
b68 486 401 531 429
b69 367 44 394 80
b70 93 0 138 16
b71 138 0 172 32
b72 138 255 153 287
b73 84 90 130 102
b74 152 419 186 462
b75 481 442 501 479
b76 194 23 233 59
b77 293 213 333 231
b78 40 453 56 495
b79 0 481 40 506
b80 130 204 166 219
b81 97 479 129 494
b82 283 85 322 109
b83 93 16 130 57
b84 214 465 252 499
b85 195 103 229 146
b86 431 128 475 167
b87 481 356 529 401
b88 179 174 223 203
b89 493 170 513 212
b90 370 186 394 232
b91 298 392 341 413
b92 430 466 477 511
b93 83 273 103 297
b94 394 206 425 225
b95 0 506 37 550
b96 283 109 316 155
b97 287 413 302 453
b98 440 327 475 340
b99 535 251 552 291
b100 493 126 538 170
b101 482 325 518 355
b102 512 516 552 552
b103 436 34 470 68
b104 70 98 84 140
b105 218 499 253 532
b106 350 84 383 96
b107 103 343 135 358
b108 393 509 430 547
b109 56 330 102 372
b110 171 312 210 354
b111 57 98 70 119
b112 210 314 240 339
b113 188 59 224 83
b114 389 284 433 318
b115 171 354 205 376
b116 316 284 335 312
b117 42 391 63 430
b118 513 170 557 208
b119 481 81 509 126
b120 57 0 93 36
b121 369 318 403 356
b122 12 133 32 176
b123 57 491 93 514
b124 136 337 171 368
b125 84 102 130 144
b126 0 0 12 22
b127 37 514 80 539
b128 129 508 173 536
b129 416 106 450 128
b130 100 453 130 479
b131 253 464 301 509
b132 378 0 396 39
b133 477 165 492 208
b134 63 431 97 478
b135 403 351 448 366
b136 394 225 431 237
b137 38 219 66 240
b138 87 174 129 202
b139 313 33 350 69
b140 389 356 401 399
b141 325 170 370 189
b142 250 437 287 464
b143 295 0 319 25
b144 113 240 153 255
b145 66 232 111 245
b146 488 0 521 48
b147 69 202 111 232
b148 295 25 313 45
b149 509 448 556 470
b150 262 193 293 216
b151 208 377 226 419
b152 172 17 188 36
b153 70 144 111 174
b154 172 0 194 17
b155 113 255 138 269
b156 370 170 398 186
b157 315 413 340 433
b158 113 282 136 295
b159 400 399 432 443
b160 541 291 557 318
b161 236 92 282 139
b162 38 201 69 219
b163 367 429 400 451
b164 398 170 439 206
b165 268 241 289 258
b166 0 387 36 421
b167 442 368 479 404
b168 365 277 389 318
b169 214 275 238 314
b170 302 479 347 508
b171 12 365 52 387
b172 171 285 184 312
b173 257 216 289 241
b174 175 505 218 521
b175 179 229 195 244
b176 319 0 357 33
b177 130 136 171 173
b178 177 98 194 117
b179 243 307 277 353
b180 509 429 549 448
b181 83 245 113 273
b182 322 103 367 127
b183 403 366 442 399
b184 236 168 282 193
b185 322 69 349 103
b186 12 84 43 117
b187 304 356 342 392
b188 63 391 100 431
b189 179 217 223 229
b190 426 247 453 284
b191 299 312 333 328
b192 510 77 539 125
b193 171 376 204 393
b194 481 429 509 442
b195 436 68 469 81
b196 80 516 121 557
b197 186 468 214 505
b198 53 372 101 391
b199 57 36 88 72
b200 336 127 373 170
b201 400 443 426 472
b202 502 291 541 325
b203 32 159 60 174
b204 257 377 298 410
b205 409 28 424 49
b206 12 42 47 84
b207 448 340 481 368
b208 209 83 236 103
b209 354 232 390 277
b210 538 125 551 149
b211 432 18 444 34
b212 205 356 247 377
b213 293 231 325 245
b214 473 250 500 267
b215 187 393 208 422
b216 473 208 492 250
b217 220 255 268 275
b218 301 544 344 559
b219 177 117 195 145
b220 239 0 276 30
b221 124 536 169 549
b222 223 209 257 234
b223 130 431 152 450
b224 347 461 368 506
b225 130 98 177 136
b226 477 126 493 165
b227 373 133 386 165
b228 316 127 336 148
b229 368 451 392 499
b230 451 433 481 466
b231 341 402 357 432
b232 60 245 83 287
b233 396 0 409 16
b234 428 0 461 18
b235 277 303 299 349
b236 132 368 171 395
b237 111 219 151 240
b238 508 251 535 290
b239 47 119 69 159
b240 467 404 486 427
b241 59 287 83 300
b242 509 470 549 492
b243 392 472 426 509
b244 373 96 386 133
b245 492 212 516 248
b246 138 36 182 59
b247 396 49 432 88
b248 102 400 145 431
b249 218 532 253 559
b250 130 173 164 204
b251 516 208 550 251
b252 409 0 428 28
b253 283 61 296 76
b254 113 269 137 282
b255 430 511 469 558
b256 63 478 84 491
b257 210 339 243 356
b258 173 521 217 555
b259 496 479 508 505
b260 277 349 296 361
b261 253 509 265 554
b262 39 174 87 201
b263 342 356 389 402
b264 194 0 239 23
b265 164 83 209 98
b266 12 240 60 285
b267 130 59 164 98
b268 426 443 451 465
b269 399 88 436 106
b270 42 430 57 453
b271 145 395 187 419
b272 508 492 543 516
b273 333 230 354 260
b274 136 287 157 320
b275 102 431 130 453
b276 179 203 210 217
b277 157 285 169 332
b278 0 421 42 434
b279 211 422 250 465
b280 93 494 124 516
b281 470 0 488 30
b282 59 300 103 330
b283 331 466 346 479
b284 386 107 416 128
b285 153 272 186 285
b286 12 329 53 365
b287 440 306 482 327
b288 265 509 301 537
b289 403 318 440 351
b290 277 361 304 377
b291 153 244 196 272
b292 469 267 508 291
b293 282 155 325 174
b294 223 234 249 251
b295 166 185 179 228
b296 184 292 211 308
b297 518 325 556 356
b298 470 48 510 81
b299 166 228 179 241
