580514
846868
314160
560 561
584.03702
b0 40 238 67 253
b1 217 106 233 133
b2 203 401 229 423
b3 354 171 399 192
b4 516 336 556 381
b5 230 417 256 433
b6 363 439 390 477
b7 520 285 549 320
b8 234 0 255 36
b9 490 451 534 476
b10 318 201 349 216
b11 418 133 459 157
b12 420 277 437 296
b13 137 254 185 287
b14 144 0 165 44
b15 318 391 333 425
b16 46 489 88 534
b17 149 460 190 497
b18 318 223 362 266
b19 527 39 550 75
b20 484 0 497 17
b21 0 121 44 149
b22 523 106 558 135
b23 346 541 386 558
b24 40 194 64 212
b25 41 388 70 431
b26 110 251 137 269
b27 0 203 40 241
b28 333 373 345 397
b29 203 372 233 401
b30 112 500 140 520
b31 451 453 483 489
b32 140 535 162 554
b33 254 514 300 559
b34 233 381 262 393
b35 266 502 292 514
b36 421 437 451 464
b37 390 513 419 525
b38 230 433 251 452
b39 333 397 345 410
b40 345 373 392 392
b41 414 405 450 424
b42 106 278 131 324
b43 0 182 39 203
b44 288 428 315 452
b45 426 252 451 276
b46 501 98 514 117
b47 300 515 342 555
b48 482 45 510 79
b49 469 238 517 262
b50 497 0 511 19
b51 506 543 522 557
b52 383 232 420 250
b53 230 452 266 464
b54 367 343 401 373
b55 230 464 261 490
b56 475 511 521 542
b57 467 335 514 383
b58 390 488 415 513
b59 39 74 77 121
b60 197 294 236 310
b61 47 281 78 326
b62 487 157 523 203
b63 0 474 46 510
b64 185 357 218 372
b65 459 45 482 58
b66 287 56 329 101
b67 259 331 292 345
b68 369 0 397 45
b69 397 63 433 90
b70 395 429 411 474
b71 233 106 265 140
b72 165 78 197 93
b73 354 159 400 171
b74 13 323 47 366
b75 497 19 534 39
b76 386 525 425 561
b77 469 150 487 190
b78 469 262 511 278
b79 346 516 386 541
b80 81 48 117 63
b81 256 417 288 432
b82 361 192 400 216
b83 428 215 469 252
b84 13 285 47 323
b85 185 310 228 344
b86 0 241 39 285
b87 239 56 287 101
b88 28 431 72 460
b89 419 489 461 509
b90 0 510 46 534
b91 162 438 205 459
b92 350 392 395 439
b93 69 534 89 558
b94 155 235 186 254
b95 87 146 131 183
b96 420 0 466 33
b97 89 519 104 559
b98 521 508 534 543
b99 161 287 178 327
b100 110 207 155 251
b101 44 121 80 151
b102 263 291 299 331
b103 526 413 560 447
b104 279 223 293 265
b105 140 500 173 535
b106 185 254 197 287
b107 514 476 529 508
b108 173 497 210 535
b109 378 277 420 323
b110 329 45 371 84
b111 362 280 375 301
b112 150 146 175 176
b113 81 63 117 87
b114 318 280 362 314
b115 299 119 333 141
b116 401 323 420 351
b117 84 339 123 360
b118 165 0 203 44
b119 0 429 28 474
b120 484 278 520 314
b121 84 360 122 394
b122 355 323 398 343
b123 299 141 335 164
b124 483 476 514 511
b125 300 461 346 503
b126 349 201 361 223
b127 165 395 190 438
b128 270 134 298 178
b129 215 51 237 85
b130 490 383 516 413
b131 33 0 81 45
b132 399 45 438 63
b133 84 324 127 339
b134 128 44 175 78
b135 383 217 428 232
b136 128 78 165 90
b137 362 216 383 244
b138 78 278 106 320
b139 318 164 354 201
b140 300 503 343 515
b141 459 58 478 103
b142 335 84 372 111
b143 456 429 481 453
b144 77 87 117 102
b145 511 203 556 216
b146 420 296 453 344
b147 311 0 341 42
b148 165 327 185 345
b149 511 135 558 157
b150 197 143 228 166
b151 400 136 418 178
b152 453 312 472 328
b153 131 287 161 328
b154 186 535 203 557
b155 150 176 175 190
b156 157 93 185 109
b157 279 265 299 290
b158 478 100 501 113
b159 516 381 560 413
b160 372 45 399 61
b161 115 414 162 460
b162 475 542 506 560
b163 266 432 288 465
b164 104 520 140 561
b165 333 410 350 431
b166 197 236 233 270
b167 47 326 83 363
b168 218 344 259 368
b169 400 178 424 217
b170 270 178 299 223
b171 175 143 197 183
b172 412 424 439 437
b173 72 394 97 426
b174 71 151 87 194
b175 478 113 493 129
b176 425 509 463 542
b177 428 178 469 215
b178 255 262 274 279
b179 456 383 490 429
b180 459 103 478 143
b181 318 431 346 461
b182 197 270 242 294
b183 265 345 298 384
b184 372 61 397 107
b185 243 164 270 198
b186 265 101 296 134
b187 490 413 526 451
b188 112 460 149 500
b189 440 33 484 45
b190 168 190 195 227
b191 514 320 548 336
b192 33 45 81 74
b193 395 396 412 429
b194 318 266 346 279
b195 117 112 130 145
b196 69 207 110 248
b197 255 0 283 37
b198 131 146 150 194
b199 523 75 559 106
b200 80 102 117 145
b201 40 212 69 238
b202 517 216 551 255
b203 92 491 107 519
b204 0 0 33 41
b205 482 79 497 100
b206 469 203 511 238
b207 341 0 369 33
b208 230 490 257 510
b209 127 359 172 395
b210 72 443 85 467
b211 511 0 527 12
b212 197 85 239 106
b213 346 266 378 280
b214 510 39 527 66
b215 380 107 401 136
b216 425 542 467 561
b217 92 443 112 491
b218 318 348 333 391
b219 453 294 481 312
b220 520 255 557 285
b221 155 190 168 235
b222 333 348 367 373
b223 501 79 523 98
b224 399 0 420 45
b225 420 344 467 382
b226 374 477 390 516
b227 233 368 265 381
b228 0 41 20 62
b229 104 0 128 48
b230 75 248 108 278
b231 72 427 102 443
b232 414 382 456 405
b233 466 0 479 16
b234 97 394 115 427
b235 46 467 92 489
b236 0 402 39 429
b237 190 459 230 480
b238 0 534 39 561
b239 117 90 157 112
b240 395 373 414 396
b241 185 344 209 357
b242 175 51 215 73
b243 318 314 355 348
b244 260 43 297 56
b245 233 393 269 417
b246 81 0 104 44
b247 243 223 279 262
b248 40 151 71 194
b249 236 294 263 329
b250 203 0 234 34
b251 174 109 217 143
b252 534 517 553 545
b253 439 424 454 437
b254 243 198 256 222
b255 0 74 39 121
b256 242 262 255 283
b257 346 439 363 472
b258 130 112 174 146
b259 72 363 84 389
b260 255 279 274 291
b261 463 489 475 534
b262 378 250 426 277
b263 197 189 243 236
b264 197 166 242 189
b265 534 447 549 492
b266 335 111 380 159
b267 523 157 557 196
b268 534 492 556 517
b269 298 101 335 119
b270 237 37 260 52
b271 228 140 270 164
b272 87 183 122 207
b273 39 534 69 555
b274 478 129 511 150
b275 53 253 75 281
b276 390 474 421 488
b277 437 282 484 294
b278 190 388 203 430
b279 401 90 440 133
b280 41 366 72 388
b281 451 252 469 282
b282 288 384 318 428
b283 173 535 186 550
b284 484 314 514 335
b285 522 545 555 558
b286 0 366 41 402
b287 424 157 466 178
b288 346 477 374 513
b289 266 465 299 502
b290 128 0 144 27
b291 283 0 311 43
b292 230 510 254 549
b293 122 395 165 414
b294 203 34 229 51
b295 0 285 13 328
b296 172 372 199 388
b297 127 328 165 359
b298 0 149 40 182
b299 40 253 53 266
