568032
839295
296769
529 561
170.650176
b0 373 521 388 548
b1 193 291 209 318
b2 389 0 415 22
b3 326 153 371 174
b4 0 0 45 40
b5 407 140 433 156
b6 45 523 72 561
b7 119 359 154 388
b8 37 331 73 352
b9 367 302 392 346
b10 384 221 399 252
b11 0 481 41 505
b12 270 241 289 258
b13 381 445 414 493
b14 229 441 250 485
b15 272 506 306 521
b16 481 365 526 407
b17 91 62 132 99
b18 426 96 469 140
b19 383 106 406 142
b20 52 313 65 330
b21 373 493 417 521
b22 445 513 480 542
b23 381 22 398 62
b24 475 449 499 467
b25 276 430 319 459
b26 145 0 172 18
b27 147 260 187 298
b28 354 174 366 198
b29 445 446 475 475
b30 70 298 90 326
b31 0 348 36 380
b32 74 520 96 539
b33 174 176 220 221
b34 167 507 179 536
b35 71 260 97 272
b36 407 156 437 183
b37 433 445 445 474
b38 361 19 380 40
b39 64 44 76 57
b40 45 0 64 47
b41 415 0 451 19
b42 465 203 490 249
b43 32 230 71 251
b44 66 197 90 224
b45 155 536 179 561
b46 233 242 246 261
b47 174 134 214 176
b48 326 224 360 252
b49 114 19 162 43
b50 114 0 133 14
b51 91 206 107 220
b52 320 252 357 270
b53 188 382 200 418
b54 199 441 229 475
b55 71 272 102 298
b56 280 128 326 159
b57 320 302 367 350
b58 45 498 70 523
b59 433 475 480 513
b60 214 40 230 79
b61 124 516 155 561
b62 45 90 91 126
b63 37 424 73 470
b64 166 430 199 445
b65 482 96 505 109
b66 298 0 340 45
b67 0 505 33 519
b68 25 285 70 313
b69 146 202 173 238
b70 417 473 433 518
b71 0 449 34 481
b72 0 231 32 246
b73 187 242 233 254
b74 446 403 480 446
b75 37 387 57 424
b76 244 316 280 355
b77 488 271 528 289
b78 280 414 322 430
b79 0 246 25 286
b80 91 501 127 516
b81 296 262 311 294
b82 250 292 289 316
b83 366 184 407 221
b84 0 169 38 203
b85 0 135 43 169
b86 309 45 353 84
b87 398 22 446 67
b88 418 67 462 96
b89 45 126 87 146
b90 200 388 246 412
b91 368 351 411 372
b92 482 126 527 173
b93 102 282 126 302
b94 407 100 426 131
b95 154 345 198 382
b96 198 318 244 351
b97 399 256 439 271
b98 214 138 249 151
b99 392 334 432 351
b100 0 90 44 135
b101 316 495 352 525
b102 289 159 325 199
b103 179 507 213 541
b104 124 419 166 433
b105 257 92 290 127
b106 229 152 262 164
b107 209 298 241 313
b108 492 0 529 38
b109 480 518 526 560
b110 256 0 298 39
b111 149 478 170 491
b112 246 379 276 404
b113 244 355 280 379
b114 490 203 524 247
b115 74 479 108 501
b116 361 0 389 19
b117 89 330 128 351
b118 132 122 170 166
b119 220 164 248 209
b120 316 459 352 495
b121 76 0 114 34
b122 506 60 526 103
b123 252 424 275 460
b124 469 65 504 96
b125 274 460 316 506
b126 208 475 220 497
b127 502 322 527 365
b128 359 62 387 106
b129 319 430 353 452
b130 57 387 83 417
b131 437 140 482 188
b132 368 372 407 390
b133 143 245 186 260
b134 213 501 247 548
b135 0 543 45 558
b136 167 418 204 430
b137 316 525 337 553
b138 96 516 124 558
b139 187 254 223 291
b140 132 110 175 122
b141 401 426 446 445
b142 469 38 506 65
b143 280 331 304 356
b144 219 0 234 40
b145 480 505 525 518
b146 37 354 85 387
b147 482 173 524 203
b148 481 429 499 449
b149 250 473 272 520
b150 76 34 107 57
b151 248 164 266 206
b152 128 343 147 359
b153 338 350 368 391
b154 83 390 105 407
b155 74 465 99 479
b156 73 326 89 354
b157 230 79 255 99
b158 78 146 91 169
b159 277 45 309 89
b160 296 294 312 321
b161 354 391 401 437
b162 289 244 320 262
b163 446 381 479 403
b164 187 85 228 121
b165 126 282 143 303
b166 85 354 119 390
b167 0 413 37 449
b168 0 519 41 543
b169 38 173 77 197
b170 0 40 45 69
b171 0 286 22 326
b172 469 96 482 123
b173 155 85 187 110
b174 304 321 320 364
b175 280 316 296 331
b176 270 203 303 241
b177 297 364 338 401
b178 74 501 91 520
b179 25 251 71 285
b180 105 390 124 430
b181 0 203 30 231
b182 360 221 384 266
b183 371 145 404 184
b184 426 271 451 317
b185 32 203 66 230
b186 387 67 418 100
b187 136 166 174 202
b188 274 521 311 561
b189 64 0 76 44
b190 223 261 250 298
b191 430 366 446 400
b192 204 412 252 441
b193 0 331 33 348
b194 326 174 354 187
b195 172 38 205 51
b196 91 144 132 185
b197 326 187 354 224
b198 114 43 162 62
b199 337 525 373 556
b200 200 351 243 388
b201 407 400 436 426
b202 250 258 289 292
b203 326 84 354 99
b204 487 289 528 322
b205 404 296 425 311
b206 446 339 481 381
b207 41 470 74 498
b208 354 42 381 62
b209 91 99 127 144
b210 353 480 377 493
b211 126 303 142 315
b212 0 69 42 90
b213 432 334 446 366
b214 482 109 509 126
b215 352 493 373 522
b216 173 221 215 240
b217 356 282 404 302
b218 312 285 355 300
b219 414 445 432 473
b220 112 245 142 282
b221 149 433 162 478
b222 407 222 432 256
b223 506 38 525 60
b224 91 185 136 206
b225 172 0 219 38
b226 360 266 399 282
b227 162 463 194 476
b228 252 404 273 424
b229 246 209 270 257
b230 462 0 492 33
b231 220 485 250 501
b232 132 62 155 104
b233 338 391 351 407
b234 326 99 359 117
b235 481 407 527 429
b236 230 99 257 138
b237 481 322 502 362
b238 407 183 434 222
b239 234 0 256 40
b240 148 491 167 514
b241 179 541 203 554
b242 108 478 148 500
b243 451 254 488 288
b244 175 121 212 134
b245 250 521 274 557
b246 266 159 289 203
b247 290 89 326 128
b248 124 388 167 419
b249 43 146 78 173
b250 162 51 193 85
b251 326 119 369 153
b252 128 315 147 343
b253 214 151 229 164
b254 250 460 274 473
b255 230 40 277 79
b256 255 79 276 92
b257 419 317 452 334
b258 480 471 524 505
b259 371 119 383 145
b260 133 0 145 19
b261 433 513 445 558
b262 74 417 101 465
b263 147 298 193 345
b264 303 199 326 244
b265 311 270 356 285
b266 101 433 149 478
b267 112 206 146 245
b268 404 271 426 296
b269 162 445 199 463
b270 509 103 524 126
b271 499 429 523 471
b272 452 288 487 312
b273 167 382 188 412
b274 220 209 241 242
b275 437 188 465 210
b276 249 138 280 152
b277 203 548 250 560
b278 446 19 459 61
b279 388 521 431 560
b280 323 407 354 429
b281 22 313 52 331
b282 434 210 464 254
b283 468 312 481 327
b284 193 51 214 81
b285 445 542 478 555
b286 71 224 112 260
b287 340 0 361 42
b288 90 302 126 330
b289 0 380 37 413
b290 452 312 468 339
b291 353 437 381 480
b292 490 247 529 271
b293 411 351 430 394
b294 280 356 297 382
b295 280 401 323 414
b296 392 311 419 327
b297 170 476 208 507
b298 45 57 85 90
b299 359 106 372 119
