570219
838620
301818
538 561
439.368175
b0 164 537 191 552
b1 390 175 417 191
b2 124 303 146 329
b3 269 488 314 509
b4 195 419 235 464
b5 269 534 285 560
b6 209 128 236 166
b7 14 443 49 472
b8 0 307 21 343
b9 268 295 312 320
b10 64 356 79 387
b11 417 150 458 174
b12 154 54 171 73
b13 236 445 269 493
b14 43 0 64 44
b15 372 81 406 96
b16 465 484 510 526
b17 382 470 419 511
b18 233 0 276 44
b19 64 387 100 410
b20 34 218 51 231
b21 488 321 532 349
b22 21 231 56 260
b23 425 174 442 214
b24 43 148 67 166
b25 113 196 156 225
b26 285 534 303 561
b27 79 522 119 560
b28 201 76 225 88
b29 310 155 339 185
b30 240 386 268 406
b31 127 432 163 464
b32 86 315 105 337
b33 430 417 475 463
b34 329 454 358 466
b35 515 370 527 396
b36 160 158 190 185
b37 242 283 271 295
b38 94 165 113 186
b39 0 407 13 419
b40 419 542 466 561
b41 271 270 307 289
b42 396 0 442 25
b43 43 44 64 83
b44 283 400 307 427
b45 61 315 86 339
b46 176 499 189 518
b47 0 160 42 200
b48 240 352 268 386
b49 355 197 403 221
b50 314 482 328 501
b51 194 207 208 223
b52 351 145 388 163
b53 264 232 276 268
b54 0 200 34 230
b55 235 77 266 103
b56 12 0 43 46
b57 0 260 48 307
b58 164 474 189 499
b59 113 158 160 196
b60 42 179 58 218
b61 458 127 489 172
b62 108 29 154 65
b63 160 112 196 158
b64 365 0 380 33
b65 131 98 154 111
b66 110 261 155 303
b67 389 221 403 254
b68 195 354 240 382
b69 305 103 332 139
b70 264 216 309 232
b71 14 411 48 443
b72 346 373 361 405
b73 0 0 12 46
b74 190 0 233 34
b75 350 434 387 454
b76 189 501 228 537
b77 160 94 200 112
b78 356 103 372 145
b79 235 103 275 128
b80 74 220 110 235
b81 159 369 191 384
b82 350 410 389 434
b83 417 109 454 150
b84 276 232 310 270
b85 204 239 238 282
b86 111 119 155 158
b87 488 242 533 290
b88 458 81 487 125
b89 240 406 282 426
b90 283 354 307 400
b91 88 98 131 119
b92 116 385 161 432
b93 413 313 433 337
b94 499 409 518 440
b95 64 41 108 78
b96 155 253 201 286
b97 514 441 529 481
b98 30 66 43 101
b99 21 307 61 324
b100 43 83 88 127
b101 0 66 30 102
b102 113 225 153 261
b103 325 36 359 70
b104 0 479 14 521
b105 108 65 143 98
b106 339 139 351 172
b107 197 313 229 328
b108 266 65 303 103
b109 79 343 125 385
b110 372 96 411 138
b111 190 166 211 179
b112 275 103 305 128
b113 397 337 421 373
b114 369 303 413 337
b115 312 303 346 325
b116 283 427 311 446
b117 88 438 127 459
b118 67 127 111 165
b119 510 484 538 529
b120 479 373 515 409
b121 14 472 52 506
b122 0 46 43 66
b123 389 429 425 452
b124 200 88 235 119
b125 442 174 484 220
b126 155 299 177 311
b127 454 373 479 416
b128 441 304 485 332
b129 160 207 194 229
b130 197 328 227 354
b131 442 0 487 48
b132 64 23 103 41
b133 268 354 283 397
b134 125 332 159 379
b135 0 545 45 560
b136 426 247 438 284
b137 251 147 272 175
b138 0 132 42 160
b139 154 0 190 37
b140 156 241 199 253
b141 403 210 422 255
b142 390 138 417 175
b143 358 454 382 479
b144 394 373 409 413
b145 518 396 531 441
b146 236 506 269 554
b147 0 102 42 132
b148 369 285 389 303
b149 484 192 531 214
b150 48 272 71 303
b151 387 452 429 470
b152 75 165 94 181
b153 201 283 242 313
b154 312 209 334 226
b155 430 478 444 503
b156 389 413 417 429
b157 479 409 499 434
b158 0 419 13 442
b159 312 325 356 357
b160 219 222 246 238
b161 487 18 533 65
b162 276 0 294 31
b163 88 459 110 492
b164 417 73 458 109
b165 57 339 78 356
b166 331 0 365 36
b167 159 332 195 369
b168 227 328 268 352
b169 312 185 351 209
b170 35 366 64 411
b171 160 185 200 207
b172 14 506 41 519
b173 202 51 234 76
b174 64 465 80 508
b175 204 223 219 239
b176 303 70 341 103
b177 195 382 236 419
b178 396 53 413 72
b179 161 384 195 430
b180 105 303 124 343
b181 80 492 108 522
b182 0 521 45 545
b183 311 416 350 449
b184 269 509 315 534
b185 45 528 79 555
b186 341 70 372 103
b187 359 337 397 373
b188 389 255 426 295
b189 160 229 204 241
b190 294 0 331 27
b191 461 65 495 81
b192 106 0 154 29
b193 169 37 202 54
b194 48 425 76 438
b195 42 166 75 179
b196 264 175 305 216
b197 475 440 512 468
b198 484 173 532 192
b199 421 337 452 373
b200 58 235 101 272
b201 238 175 264 204
b202 268 320 307 354
b203 413 298 441 313
b204 288 449 329 482
b205 346 300 361 321
b206 328 525 370 560
b207 234 44 262 77
b208 355 265 382 285
b209 119 525 164 561
b210 236 493 260 506
b211 520 0 532 16
b212 155 311 197 332
b213 48 411 80 425
b214 202 34 229 51
b215 0 230 21 259
b216 269 446 288 488
b217 413 53 461 73
b218 236 128 251 171
b219 45 510 73 528
b220 202 464 232 501
b221 315 501 328 546
b222 312 278 346 303
b223 403 191 425 210
b224 154 73 199 94
b225 110 464 157 502
b226 475 468 514 484
b227 329 512 361 525
b228 43 127 63 148
b229 372 33 396 81
b230 350 479 380 512
b231 208 206 238 222
b232 64 0 106 23
b233 58 220 74 233
b234 487 0 520 18
b235 489 127 511 173
b236 49 438 88 465
b237 488 349 528 370
b238 459 265 486 304
b239 511 127 533 167
b240 251 128 274 147
b241 417 404 430 428
b242 274 128 296 168
b243 419 508 456 542
b244 0 442 13 479
b245 332 103 356 139
b246 431 373 454 417
b247 58 181 94 220
b248 488 290 531 321
b249 200 179 235 206
b250 497 529 531 560
b251 71 272 105 315
b252 510 214 529 242
b253 154 37 169 50
b254 155 286 179 299
b255 307 369 346 416
b256 380 0 393 21
b257 422 214 439 247
b258 355 221 389 265
b259 164 499 176 525
b260 211 166 230 178
b261 52 465 64 510
b262 370 512 397 560
b263 487 81 534 127
b264 119 502 164 525
b265 430 463 475 478
b266 439 220 487 265
b267 351 163 390 197
b268 488 214 510 239
b269 246 204 264 241
b270 346 285 369 300
b271 33 324 57 366
b272 0 383 35 407
b273 444 478 465 508
b274 438 265 459 298
b275 242 295 264 323
b276 466 526 497 540
b277 312 357 359 369
b278 397 511 410 553
b279 312 239 355 278
b280 409 373 431 404
b281 171 54 201 72
b282 163 430 193 474
b283 189 474 202 489
b284 329 466 350 496
b285 196 119 209 152
b286 452 332 488 373
b287 238 241 259 283
b288 80 410 116 438
b289 361 373 394 410
b290 94 186 110 213
b291 396 25 439 53
b292 191 537 230 561
b293 240 426 283 445
b294 461 48 487 65
b295 312 226 355 239
b296 305 139 332 155
b297 294 27 325 65
b298 0 343 33 383
b299 356 321 369 334
