259071.75
311573.5
206570
455 454
3.286697
b0 388 370 431 403
b1 0 319 65 356
b2 91 94 125 147
b3 121 413 188 450
b4 426 95 455 114
b5 396 27 435 76
b6 224 172 264 190
b7 115 268 137 308
b8 335 247 397 297
b9 435 27 451 68
b10 297 155 315 207
b11 117 0 176 39
b12 230 0 291 28
b13 265 28 313 85
b14 358 153 421 196
b15 335 297 394 349
b16 65 232 122 268
b17 321 410 387 454
b18 397 300 448 348
b19 67 0 117 31
b20 358 223 395 242
b21 65 296 115 360
b22 190 235 224 284
b23 315 77 364 97
b24 269 155 297 200
b25 219 355 258 409
b26 224 190 264 245
b27 0 150 25 215
b28 62 393 108 432
b29 388 403 450 427
b30 67 31 93 55
b31 421 153 447 187
b32 137 263 190 306
b33 397 348 432 370
b34 315 120 369 147
b35 258 373 289 411
b36 169 133 236 172
b37 52 212 112 232
b38 269 211 326 234
b39 0 217 52 272
b40 314 0 340 29
b41 358 196 413 223
b42 0 356 62 409
b43 115 308 176 354
b44 0 272 65 319
b45 186 45 209 89
b46 418 261 440 300
b47 418 196 451 261
b48 384 0 441 27
b49 121 366 186 413
b50 364 39 396 106
b51 67 56 124 94
b52 176 0 230 45
b53 397 223 418 266
b54 258 355 319 373
b55 0 54 56 88
b56 188 409 251 426
b57 337 147 355 194
b58 269 121 315 155
b59 25 151 62 201
b60 388 427 428 450
b61 315 97 348 120
b62 176 306 195 366
b63 269 85 314 121
b64 122 213 169 263
b65 264 296 321 352
b66 125 45 186 112
b67 186 89 226 133
b68 169 172 221 235
b69 0 0 27 54
b70 125 171 167 213
b71 315 147 337 211
b72 62 151 123 212
b73 321 349 388 410
b74 314 39 356 77
b75 65 268 84 296
b76 269 234 302 256
b77 25 94 91 151
b78 326 211 358 247
b79 0 409 60 450
b80 253 107 269 165
b81 27 0 67 50
b82 369 106 426 153
b83 253 85 269 107
b84 190 284 257 306
b85 93 31 113 56
b86 209 45 265 82
b87 340 0 384 39
b88 289 373 313 410
b89 224 245 262 272
b90 186 366 219 405
b91 65 360 121 393
b92 25 201 51 217
b93 251 411 316 446
b94 125 112 166 171
b95 396 76 447 95
b96 269 256 335 296
b97 236 82 253 149
b98 0 88 22 150
b99 195 306 261 355
