564108.5
833692
294525
525 561
139.101661
b0 463 62 490 77
b1 83 94 110 110
b2 164 319 186 345
b3 501 336 522 381
b4 188 291 228 336
b5 327 256 343 282
b6 83 67 121 94
b7 332 335 361 370
b8 152 185 188 206
b9 44 36 69 80
b10 227 109 258 124
b11 249 479 273 520
b12 332 318 351 335
b13 0 480 33 528
b14 380 124 424 145
b15 323 518 338 552
b16 52 223 94 268
b17 39 106 80 143
b18 424 100 467 144
b19 303 495 339 518
b20 66 93 83 106
b21 227 65 255 109
b22 94 232 123 267
b23 101 508 118 548
b24 34 340 52 364
b25 92 438 121 481
b26 303 475 330 493
b27 302 49 342 87
b28 405 228 417 252
b29 273 479 303 508
b30 330 475 358 495
b31 332 370 364 406
b32 495 0 517 19
b33 361 406 407 451
b34 430 401 442 430
b35 368 0 380 26
b36 273 180 300 210
b37 408 531 437 543
b38 313 201 334 220
b39 123 263 135 276
b40 100 267 119 314
b41 101 48 137 67
b42 250 0 275 46
b43 476 383 497 422
b44 380 0 404 27
b45 367 381 391 406
b46 437 511 450 530
b47 481 505 523 545
b48 64 143 98 171
b49 52 268 100 292
b50 461 323 480 337
b51 351 318 367 332
b52 34 303 52 340
b53 442 376 454 412
b54 154 529 188 559
b55 158 119 189 145
b56 123 232 169 263
b57 361 451 408 499
b58 486 124 511 149
b59 437 464 475 511
b60 343 222 382 238
b61 86 389 131 420
b62 240 223 286 259
b63 118 512 154 558
b64 44 21 77 36
b65 306 426 319 449
b66 319 406 361 451
b67 481 545 514 559
b68 249 426 294 454
b69 136 263 163 299
b70 475 489 520 505
b71 491 304 525 336
b72 169 0 184 32
b73 110 94 156 106
b74 67 518 101 561
b75 80 481 100 518
b76 0 91 39 127
b77 232 0 250 40
b78 115 420 157 436
b79 292 337 332 362
b80 463 258 478 294
b81 69 48 101 63
b82 131 381 155 420
b83 15 443 56 480
b84 426 229 460 267
b85 64 189 107 223
b86 258 52 302 91
b87 160 481 205 529
b88 0 163 44 192
b89 273 540 315 560
b90 306 451 352 475
b91 0 422 43 443
b92 107 185 152 232
b93 188 529 208 553
b94 227 46 258 65
b95 203 185 240 229
b96 222 336 255 382
b97 209 419 249 434
b98 477 177 512 190
b99 441 541 481 558
b100 387 145 431 190
b101 424 193 454 229
b102 292 362 332 398
b103 0 303 34 337
b104 511 106 525 148
b105 327 283 360 318
b106 426 0 438 33
b107 342 37 357 69
b108 387 190 424 228
b109 367 335 409 381
b110 205 480 247 519
b111 338 546 359 559
b112 343 192 368 222
b113 255 373 291 397
b114 344 115 378 159
b115 488 24 522 46
b116 463 304 491 323
b117 44 0 83 21
b118 258 91 302 129
b119 477 149 522 177
b120 409 313 445 349
b121 52 337 86 375
b122 0 56 43 76
b123 302 13 325 49
b124 432 62 463 97
b125 98 143 144 185
b126 44 93 66 105
b127 249 454 292 479
b128 409 464 437 508
b129 454 376 476 410
b130 450 511 476 541
b131 182 43 227 91
b132 169 233 187 272
b133 188 160 203 203
b134 339 499 373 546
b135 110 106 155 121
b136 189 123 201 160
b137 188 233 209 261
b138 367 307 409 335
b139 0 127 37 163
b140 184 19 227 31
b141 119 299 164 318
b142 264 259 291 296
b143 249 397 273 422
b144 359 546 399 561
b145 275 0 320 13
b146 240 169 273 217
b147 201 124 243 154
b148 164 272 184 290
b149 269 296 291 343
b150 80 110 103 141
b151 73 420 115 438
b152 386 228 405 244
b153 460 228 501 258
b154 391 381 408 403
b155 372 238 386 263
b156 409 285 425 313
b157 121 67 146 87
b158 380 40 393 63
b159 144 153 188 185
b160 445 312 461 339
b161 478 258 525 304
b162 187 437 205 468
b163 353 159 386 181
b164 303 120 344 156
b165 119 276 136 297
b166 0 388 36 422
b167 291 258 327 295
b168 249 520 273 561
b169 188 267 227 291
b170 343 238 372 283
b171 103 121 143 143
b172 271 129 298 142
b173 273 508 298 540
b174 454 212 497 228
b175 119 25 134 41
b176 155 379 188 417
b177 228 298 269 335
b178 200 106 219 123
b179 100 318 134 364
b180 368 181 387 221
b181 43 409 73 437
b182 39 499 63 544
b183 0 528 39 561
b184 83 0 129 25
b185 169 206 203 233
b186 203 154 236 185
b187 121 474 157 512
b188 209 382 249 419
b189 294 426 306 470
b190 325 0 352 37
b191 476 422 510 438
b192 0 337 29 385
b193 336 159 353 192
b194 209 434 237 447
b195 31 0 44 33
b196 208 519 249 560
b197 404 33 441 61
b198 184 0 232 19
b199 228 267 264 298
b200 0 223 43 260
b201 156 76 182 105
b202 147 345 186 379
b203 0 443 15 471
b204 302 87 343 120
b205 188 422 209 437
b206 292 295 327 337
b207 409 373 442 401
b208 101 481 121 508
b209 344 70 380 115
b210 39 260 52 284
b211 157 417 169 433
b212 188 380 209 422
b213 144 121 158 153
b214 39 544 66 561
b215 164 290 185 319
b216 506 64 525 106
b217 44 143 64 191
b218 0 76 43 91
b219 169 417 187 445
b220 255 343 292 373
b221 155 106 200 119
b222 86 364 120 389
b223 467 124 486 146
b224 466 438 511 459
b225 441 24 488 62
b226 121 436 160 452
b227 67 479 80 511
b228 497 190 518 210
b229 360 283 408 307
b230 409 434 442 464
b231 273 142 303 158
b232 77 25 119 48
b233 352 0 368 13
b234 490 46 523 64
b235 479 337 501 383
b236 497 383 524 422
b237 129 0 169 21
b238 275 13 302 52
b239 249 129 271 169
b240 408 508 427 531
b241 29 364 42 388
b242 273 158 313 180
b243 445 339 479 376
b244 0 43 37 56
b245 442 426 466 462
b246 357 26 380 70
b247 146 37 182 76
b248 0 0 31 43
b249 160 445 187 480
b250 0 192 34 223
b251 373 499 407 542
b252 39 480 67 499
b253 236 154 249 169
b254 300 180 313 204
b255 467 77 506 124
b256 380 27 401 40
b257 409 252 426 285
b258 188 336 222 380
b259 426 300 452 312
b260 372 263 384 282
b261 184 31 229 43
b262 286 210 313 258
b263 431 146 477 193
b264 313 156 336 201
b265 182 91 227 106
b266 52 292 100 337
b267 398 61 432 100
b268 298 518 323 540
b269 380 63 398 100
b270 438 0 453 23
b271 453 0 495 24
b272 409 349 444 373
b273 386 252 407 282
b274 409 401 430 434
b275 404 0 426 28
b276 442 412 473 426
b277 134 318 146 365
b278 399 543 441 556
b279 0 260 39 303
b280 121 452 152 474
b281 64 171 94 189
b282 475 459 519 489
b283 187 468 202 481
b284 43 388 73 409
b285 44 80 77 93
b286 56 438 92 479
b287 501 210 522 252
b288 313 220 341 256
b289 426 267 463 300
b290 134 21 161 37
b291 273 398 316 426
b292 380 100 419 124
b293 454 193 497 212
b294 146 318 163 344
b295 43 375 86 388
b296 120 365 147 381
b297 209 229 240 267
b298 209 447 249 480
b299 273 210 286 223
