367681.25
552250.5
183112
376 487
11.395281
b0 187 260 223 276
b1 357 48 376 87
b2 28 80 69 115
b3 292 171 339 189
b4 32 207 64 233
b5 182 411 213 446
b6 43 194 72 207
b7 271 152 292 180
b8 222 310 254 325
b9 189 101 235 135
b10 95 442 127 487
b11 69 335 105 349
b12 203 451 245 487
b13 141 249 186 297
b14 44 262 69 277
b15 106 380 151 426
b16 169 164 187 186
b17 206 47 239 73
b18 286 451 320 470
b19 104 194 134 206
b20 264 246 297 274
b21 144 125 188 164
b22 225 236 264 262
b23 178 446 203 486
b24 44 305 69 320
b25 67 226 103 262
b26 153 420 178 463
b27 316 156 350 171
b28 69 262 107 308
b29 0 89 12 126
b30 39 143 66 160
b31 195 353 232 369
b32 241 209 273 232
b33 213 409 249 427
b34 96 91 134 110
b35 331 384 364 399
b36 120 0 148 12
b37 232 353 253 369
b38 151 369 184 395
b39 120 61 162 91
b40 212 325 253 353
b41 325 258 341 274
b42 284 0 328 19
b43 104 125 144 159
b44 12 116 28 143
b45 289 189 303 226
b46 325 471 373 486
b47 342 219 365 233
b48 292 143 316 169
b49 213 369 244 409
b50 28 47 70 80
b51 162 297 210 324
b52 69 308 106 335
b53 276 377 293 395
b54 141 233 184 249
b55 189 88 235 101
b56 267 180 289 205
b57 236 262 255 310
b58 206 28 247 47
b59 74 45 120 91
b60 132 297 162 332
b61 342 233 376 266
b62 230 164 267 209
b63 272 90 287 125
b64 328 0 375 48
b65 30 378 63 408
b66 345 440 376 471
b67 331 347 375 384
b68 213 427 248 451
b69 187 241 225 260
b70 134 91 170 105
b71 255 298 297 332
b72 71 125 104 159
b73 0 349 38 367
b74 184 369 213 387
b75 267 125 290 152
b76 350 156 362 170
b77 127 470 151 486
b78 331 48 357 91
b79 170 88 189 125
b80 12 57 27 71
b81 244 377 276 397
b82 235 115 267 148
b83 43 160 80 179
b84 293 380 330 423
b85 147 332 195 369
b86 184 387 208 411
b87 287 99 332 118
b88 28 115 71 143
b89 141 426 153 461
b90 96 0 120 45
b91 332 91 376 119
b92 255 274 297 298
b93 284 19 327 40
b94 12 143 27 159
b95 188 216 224 241
b96 331 322 376 347
b97 44 277 69 305
b98 102 426 128 442
b99 339 199 376 219
b100 42 233 67 260
b101 107 332 147 380
b102 81 349 106 387
b103 0 204 32 236
b104 44 320 69 356
b105 63 387 105 418
b106 166 0 205 34
b107 12 71 28 116
b108 264 234 297 246
b109 74 91 96 103
b110 0 280 44 303
b111 148 0 166 13
b112 120 43 166 61
b113 205 0 248 28
b114 63 418 102 437
b115 249 397 286 427
b116 289 62 331 99
b117 188 192 225 216
b118 104 159 143 194
b119 303 202 339 226
b120 197 73 242 88
b121 297 226 342 258
b122 120 13 163 43
b123 303 189 338 202
b124 362 156 375 195
b125 339 171 357 199
b126 286 423 324 451
b127 153 463 175 487
b128 340 297 376 322
b129 0 441 46 485
b130 253 332 297 377
b131 248 35 284 55
b132 316 118 332 156
b133 27 143 39 157
b134 273 205 289 234
b135 43 179 80 194
b136 186 276 210 295
b137 310 40 328 62
b138 0 379 30 401
b139 341 266 374 297
b140 210 306 222 322
b141 297 355 331 380
b142 46 441 73 487
b143 0 303 44 349
b144 153 395 182 420
b145 107 251 141 296
b146 297 322 331 355
b147 0 168 12 199
b148 290 118 307 143
b149 74 103 96 125
b150 210 276 223 306
b151 225 209 241 236
b152 104 206 137 239
b153 0 36 12 76
b154 0 236 42 280
b155 0 76 12 89
b156 143 186 185 205
b157 0 126 12 168
b158 195 324 212 352
b159 249 427 285 451
b160 235 152 271 164
b161 12 160 43 179
b162 0 367 30 379
b163 28 0 74 47
b164 72 199 104 226
b165 22 408 63 441
b166 0 0 12 36
b167 188 135 235 149
b168 235 90 272 115
b169 141 205 187 233
b170 73 437 95 482
b171 248 0 282 35
b172 12 179 43 204
b173 74 0 96 42
b174 144 164 169 184
b175 103 239 137 251
b176 181 68 197 88
b177 324 440 345 471
b178 12 0 28 20
b179 331 399 376 440
b180 289 40 310 59
b181 96 110 138 125
b182 69 349 81 382
b183 12 20 28 57
b184 162 68 181 88
b185 128 426 141 470
b186 223 262 236 310
b187 44 356 68 378
b188 80 159 104 199
b189 138 105 169 125
b190 245 451 282 485
b191 332 119 374 156
b192 297 258 325 280
b193 188 149 230 192
b194 297 280 340 322
b195 107 296 132 332
b196 286 471 325 487
b197 242 55 289 90
b198 0 401 22 441
b199 166 34 206 68
