243745.5
286381
201110
442 455
2.63352
b0 345 236 388 269
b1 209 311 246 376
b2 379 201 432 235
b3 83 157 150 194
b4 0 174 19 203
b5 270 202 319 241
b6 302 278 320 318
b7 320 352 360 374
b8 362 326 412 388
b9 68 319 109 335
b10 162 210 214 228
b11 167 278 206 337
b12 412 326 440 387
b13 69 218 117 275
b14 169 411 232 454
b15 192 106 251 158
b16 340 0 397 36
b17 214 158 280 202
b18 80 63 131 111
b19 227 0 258 50
b20 0 203 19 240
b21 382 137 432 201
b22 227 50 261 99
b23 162 190 211 210
b24 147 106 192 134
b25 284 71 338 110
b26 385 97 440 137
b27 320 228 345 293
b28 98 24 144 63
b29 98 0 160 24
b30 124 392 150 416
b31 150 156 176 190
b32 124 282 167 335
b33 0 384 35 406
b34 41 324 68 378
b35 284 164 315 202
b36 342 36 381 103
b37 261 42 281 102
b38 160 61 217 84
b39 246 343 301 395
b40 117 253 143 282
b41 19 0 46 55
b42 51 392 104 454
b43 80 111 141 157
b44 232 395 297 442
b45 388 235 432 258
b46 123 194 162 216
b47 104 416 169 449
b48 281 44 338 71
b49 297 395 362 442
b50 409 388 441 455
b51 124 335 162 392
b52 246 296 300 341
b53 342 103 385 124
b54 241 278 302 296
b55 214 202 270 236
b56 0 307 63 324
b57 0 127 18 174
b58 345 190 379 236
b59 270 241 320 278
b60 83 194 123 217
b61 397 0 420 33
b62 0 0 19 60
b63 117 217 162 253
b64 162 228 209 278
b65 68 335 124 392
b66 160 0 227 61
b67 300 0 340 44
b68 46 0 98 63
b69 19 169 73 196
b70 258 0 300 42
b71 19 196 83 218
b72 381 36 442 97
b73 19 63 80 130
b74 167 337 209 375
b75 284 145 312 164
b76 141 134 174 156
b77 361 269 427 326
b78 209 275 241 311
b79 0 324 41 384
b80 35 384 51 442
b81 19 218 69 258
b82 362 388 409 445
b83 284 129 306 145
b84 160 84 227 106
b85 300 318 320 343
b86 68 282 124 319
b87 214 236 258 275
b88 320 191 344 228
b89 176 158 214 185
b90 19 130 52 169
b91 251 102 284 158
b92 131 63 147 89
b93 167 376 232 411
b94 320 293 361 352
b95 284 110 335 129
b96 342 124 382 190
b97 0 60 17 127
b98 320 129 342 191
b99 0 258 66 307
