254252.75
306485.5
202020
444 455
0.788634
b0 74 178 107 221
b1 135 394 200 431
b2 37 0 71 53
b3 68 379 135 416
b4 181 375 210 394
b5 223 71 262 120
b6 351 70 369 110
b7 141 371 181 393
b8 0 264 62 314
b9 239 287 280 303
b10 89 361 141 379
b11 279 214 338 253
b12 338 221 399 249
b13 232 343 289 391
b14 364 158 407 221
b15 111 58 163 117
b16 234 303 291 339
b17 0 314 44 380
b18 368 399 419 447
b19 262 69 312 100
b20 247 158 266 195
b21 0 143 50 207
b22 262 100 296 149
b23 407 158 427 207
b24 415 343 443 388
b25 232 391 286 430
b26 199 31 254 71
b27 419 388 444 453
b28 177 71 223 110
b29 239 225 263 287
b30 50 178 74 204
b31 172 300 198 334
b32 172 158 215 211
b33 133 431 168 453
b34 111 290 165 317
b35 199 0 237 31
b36 71 50 110 117
b37 369 83 429 103
b38 368 249 391 306
b39 16 380 68 435
b40 107 317 133 346
b41 0 79 55 106
b42 315 17 377 70
b43 254 23 315 69
b44 317 148 364 213
b45 0 56 44 79
b46 333 413 355 452
b47 266 149 299 214
b48 377 0 434 27
b49 111 225 158 290
b50 215 158 247 225
b51 312 110 369 148
b52 44 318 89 372
b53 368 306 389 349
b54 111 40 172 58
b55 399 221 433 277
b56 228 435 291 452
b57 299 148 317 195
b58 177 110 211 156
b59 0 106 50 143
b60 237 0 277 23
b61 277 0 310 23
b62 210 375 229 435
b63 172 211 208 256
b64 368 349 415 399
b65 377 27 434 83
b66 111 158 172 225
b67 172 256 212 300
b68 291 314 354 366
b69 212 225 239 279
b70 291 413 333 455
b71 212 279 234 343
b72 50 117 111 178
b73 291 253 358 314
b74 211 120 253 158
b75 200 435 228 454
b76 289 366 311 399
b77 0 207 66 264
b78 196 343 232 375
b79 111 117 171 158
b80 263 214 279 272
b81 71 0 111 50
b82 311 366 368 413
b83 55 78 71 100
b84 369 136 436 158
b85 44 53 64 78
b86 0 0 37 56
b87 133 317 172 361
b88 172 334 196 371
b89 62 280 89 318
b90 312 70 351 103
b91 369 103 425 136
b92 0 380 16 406
b93 68 416 133 451
b94 66 221 107 280
b95 16 435 67 454
b96 111 0 177 40
b97 310 0 377 17
b98 177 0 199 62
b99 391 277 440 343
