1975207.5
3029915
920500
250 3682
805.635862
b0 97 1115 124 1130
b1 125 2474 152 2490
b2 54 3043 76 3069
b3 76 3043 97 3088
b4 160 238 200 283
b5 112 1028 128 1054
b6 141 372 179 399
b7 128 434 163 463
b8 54 2934 75 2970
b9 78 2298 122 2323
b10 21 3377 36 3408
b11 84 1722 125 1746
b12 86 1251 103 1270
b13 74 706 107 754
b14 108 707 152 728
b15 123 1175 157 1190
b16 141 897 186 939
b17 69 1488 110 1525
b18 59 2073 102 2117
b19 0 3424 36 3447
b20 158 981 171 998
b21 84 1355 112 1399
b22 124 1190 159 1219
b23 83 1130 123 1147
b24 127 1610 145 1634
b25 89 1858 118 1901
b26 36 3407 63 3425
b27 81 2683 119 2723
b28 104 434 128 446
b29 84 1428 113 1458
b30 13 2135 33 2163
b31 128 463 160 499
b32 186 558 205 580
b33 117 2065 162 2111
b34 148 1539 177 1551
b35 154 2367 166 2393
b36 91 3369 118 3399
b37 74 25 86 54
b38 127 1591 148 1610
b39 85 3207 97 3220
b40 100 2723 119 2770
b41 169 1579 205 1598
b42 141 347 187 372
b43 122 2346 161 2367
b44 56 1780 83 1804
b45 122 2321 146 2346
b46 112 1402 131 1415
b47 107 794 149 834
b48 139 1997 167 2031
b49 108 659 132 707
b50 141 214 160 228
b51 36 3377 50 3393
b52 102 1929 139 1947
b53 90 2968 126 2980
b54 61 1657 91 1691
b55 61 1691 87 1722
b56 187 283 233 314
b57 54 2858 101 2906
b58 132 2965 157 2990
b59 85 3133 132 3171
b60 78 2181 117 2197
b61 187 80 218 125
b62 128 2285 174 2321
b63 117 2543 153 2589
b64 117 2111 150 2126
b65 25 2112 38 2135
b66 0 2220 42 2265
b67 132 2825 146 2858
b68 41 1388 69 1433
b69 50 1251 86 1278
b70 70 2790 86 2835
b71 20 2858 54 2890
b72 97 1538 129 1553
b73 134 2723 146 2769
b74 129 1505 172 1539
b75 150 2146 170 2183
b76 21 3341 60 3377
b77 148 47 188 65
b78 54 2601 96 2617
b79 51 3316 91 3341
b80 101 2810 137 2825
b81 101 2825 116 2857
b82 58 1557 97 1581
b83 149 2683 186 2724
b84 51 3256 85 3294
b85 20 2890 54 2933
b86 42 2617 81 2661
b87 160 467 205 515
b88 197 580 226 624
b89 160 196 180 238
b90 158 998 204 1022
b91 86 638 129 659
b92 112 1355 157 1402
b93 0 2265 20 2289
b94 74 853 105 872
b95 97 872 141 909
b96 56 1929 102 1962
b97 128 1028 168 1043
b98 107 2263 120 2298
b99 85 2511 125 2528
b100 34 3544 78 3589
b101 21 3256 51 3292
b102 85 3171 125 3207
b103 110 1458 144 1492
b104 56 1962 98 1976
b105 130 2490 165 2523
b106 42 2259 54 2292
b107 141 834 173 849
b108 190 1466 227 1504
b109 86 446 128 492
b110 117 2183 156 2225
b111 0 0 13 21
b112 74 0 104 25
b113 104 1947 140 1971
b114 186 897 220 941
b115 51 3294 85 3316
b116 13 27 41 46
b117 107 2225 146 2246
b118 36 3506 80 3544
b119 123 1130 151 1175
b120 81 2617 117 2653
b121 97 1553 131 1591
b122 61 1976 104 1996
b123 67 2565 90 2601
b124 39 2016 70 2051
b125 162 2065 208 2107
b126 58 1581 80 1593
b127 163 424 188 467
b128 50 1324 94 1352
b129 152 691 186 713
b130 139 1971 169 1997
b131 103 1251 151 1296
b132 22 3589 40 3628
b133 97 909 112 952
b134 74 659 108 706
b135 170 882 215 897
b136 146 399 183 411
b137 169 1551 190 1579
b138 54 2906 96 2934
b139 90 2980 126 3017
b140 22 3447 34 3490
b141 63 3420 82 3465
b142 85 2528 112 2565
b143 154 283 178 308
b144 134 2683 149 2723
b145 90 2466 103 2511
b146 146 2225 194 2258
b147 20 3190 50 3232
b148 152 671 170 691
b149 86 544 133 566
b150 194 2107 217 2138
b151 208 1504 226 1546
b152 124 1067 140 1086
b153 69 1458 110 1488
b154 167 1997 189 2014
b155 20 2933 45 2947
b156 184 31 212 47
b157 41 1657 61 1682
b158 211 624 234 637
b159 83 1780 127 1812
b160 173 803 200 819
b161 112 981 158 1028
b162 125 196 156 214
b163 56 1858 89 1880
b164 96 2906 132 2947
b165 107 2246 128 2263
b166 50 1352 84 1388
b167 148 0 184 37
b168 50 0 74 41
b169 0 3643 24 3682
b170 128 499 157 544
b171 148 65 170 105
b172 163 411 190 424
b173 69 1525 94 1557
b174 39 2057 82 2073
b175 21 3408 36 3424
b176 118 1838 151 1876
b177 83 1190 124 1227
b178 60 3341 77 3360
b179 139 2031 185 2065
b180 91 1657 110 1697
b181 89 1901 119 1929
b182 190 314 235 338
b183 13 2181 46 2220
b184 171 941 217 966
b185 151 1088 178 1122
b186 188 47 219 80
b187 54 2384 90 2422
b188 104 242 141 282
b189 121 1415 165 1427
b190 13 0 50 27
b191 153 613 169 647
b192 141 849 170 897
b193 81 2653 114 2670
b194 63 3407 91 3420
b195 112 1054 145 1067
b196 36 3465 77 3506
b197 104 214 141 242
b198 74 834 122 853
b199 133 577 164 613
b200 41 1722 84 1759
b201 123 2445 149 2474
b202 25 2073 59 2112
b203 73 2762 88 2790
b204 170 849 211 882
b205 78 2323 99 2338
b206 104 399 146 434
b207 86 1296 119 1324
b208 157 1219 184 1239
b209 107 758 152 794
b210 163 515 176 539
b211 75 2934 91 2946
b212 141 939 162 981
b213 86 566 118 580
b214 41 1433 58 1460
b215 78 2197 107 2218
b216 83 1812 125 1831
b217 80 1591 100 1639
b218 0 3628 43 3643
b219 126 2947 154 2965
b220 138 159 168 196
b221 45 3145 58 3190
b222 118 613 152 638
b223 137 2769 159 2788
b224 41 1759 86 1780
b225 50 872 97 910
b226 148 105 187 121
b227 54 2970 67 3002
b228 132 651 153 671
b229 173 755 197 803
b230 133 544 163 577
b231 108 728 124 758
b232 42 2835 84 2858
b233 50 3190 66 3203
b234 61 1996 94 2014
b235 0 3447 22 3493
b236 214 338 241 377
b237 0 3256 21 3296
b238 73 2723 100 2762
b239 54 3088 94 3110
b240 125 0 148 19
b241 54 2436 67 2460
b242 39 1976 61 2016
b243 78 2350 115 2384
b244 84 1415 121 1428
b245 20 3232 56 3256
b246 125 19 148 63
b247 42 2220 78 2259
b248 184 0 227 31
b249 146 2258 181 2285
b250 42 2661 73 2695
b251 180 159 223 193
b252 90 2384 109 2412
b253 69 1388 84 1401
b254 110 1492 134 1505
b255 144 1427 191 1466
b256 132 638 153 651
b257 110 1505 127 1538
b258 148 125 192 159
b259 13 1799 39 1811
b260 122 834 141 846
b261 13 1811 25 1856
b262 97 1067 124 1115
b263 33 2135 80 2181
b264 69 3110 114 3133
b265 43 3589 88 3604
b266 109 2384 154 2432
b267 141 308 175 347
b268 117 1971 139 1996
b269 58 1639 95 1657
b270 227 0 250 15
b271 83 1227 125 1251
b272 45 3110 69 3145
b273 104 0 125 30
b274 90 2445 123 2466
b275 77 3341 99 3369
b276 54 2422 85 2436
b277 60 3360 72 3407
b278 173 713 186 755
b279 70 2014 109 2057
b280 77 3465 108 3487
b281 146 2321 176 2339
b282 114 2653 158 2683
b283 117 2528 130 2543
b284 96 2947 126 2968
b285 125 63 138 96
b286 54 3002 90 3043
b287 140 1067 182 1088
b288 42 2695 70 2731
b289 50 910 83 947
b290 83 1831 99 1858
b291 186 515 214 558
b292 162 2107 186 2146
b293 13 1780 56 1799
b294 125 1812 142 1838
b295 109 2432 152 2445
b296 99 2323 115 2350
b297 94 1324 132 1355
b298 101 2770 134 2810
b299 141 228 154 241
