385905.25
572910.5
198900
442 450
94.379499
b0 422 221 438 257
b1 280 429 319 448
b2 242 332 277 373
b3 232 428 279 446
b4 70 278 102 304
b5 137 0 168 35
b6 319 433 348 446
b7 0 135 21 163
b8 191 157 223 172
b9 42 73 88 107
b10 393 141 438 173
b11 339 366 375 380
b12 0 164 42 200
b13 309 107 357 152
b14 378 270 393 295
b15 102 323 148 368
b16 375 424 397 442
b17 66 422 99 448
b18 320 337 339 371
b19 135 57 165 69
b20 75 368 108 396
b21 397 393 436 437
b22 0 424 39 450
b23 284 158 309 198
b24 378 45 403 60
b25 342 264 378 300
b26 37 204 80 229
b27 108 414 123 448
b28 185 226 231 264
b29 321 265 333 302
b30 104 52 121 79
b31 333 417 370 433
b32 357 132 389 155
b33 42 37 60 73
b34 0 70 38 89
b35 247 77 262 110
b36 430 85 442 113
b37 166 179 182 200
b38 75 396 108 422
b39 69 27 99 69
b40 378 60 406 101
b41 223 157 239 173
b42 191 56 235 75
b43 30 278 70 312
b44 175 126 191 153
b45 293 84 307 121
b46 156 111 204 126
b47 135 69 158 83
b48 205 264 229 290
b49 104 12 135 52
b50 0 0 42 33
b51 215 374 242 422
b52 42 0 69 37
b53 191 75 208 93
b54 342 325 385 341
b55 122 52 135 98
b56 314 40 336 65
b57 191 0 210 48
b58 28 312 69 331
b59 108 368 154 414
b60 406 33 441 63
b61 69 334 102 368
b62 0 331 37 376
b63 69 0 104 15
b64 388 173 435 221
b65 0 89 33 119
b66 233 176 264 207
b67 53 241 97 278
b68 109 232 144 256
b69 156 126 175 164
b70 147 264 183 278
b71 122 98 156 140
b72 88 79 122 112
b73 154 349 192 367
b74 21 135 39 164
b75 114 168 141 191
b76 97 227 109 241
b77 42 175 66 191
b78 393 270 436 296
b79 321 228 340 265
b80 80 227 95 241
b81 123 212 155 232
b82 406 0 438 33
b83 0 212 37 231
b84 85 112 122 155
b85 284 273 321 321
b86 406 85 430 109
b87 385 316 430 335
b88 32 377 75 405
b89 321 302 333 337
b90 377 369 422 393
b91 25 231 53 275
b92 309 381 333 423
b93 123 191 166 212
b94 69 312 85 327
b95 284 122 309 158
b96 147 278 192 303
b97 377 341 402 369
b98 122 140 148 156
b99 80 207 117 227
b100 188 374 215 399
b101 314 0 362 40
b102 0 231 25 269
b103 393 109 425 141
b104 284 356 320 381
b105 183 195 225 226
b106 284 198 318 237
b107 69 107 85 152
b108 90 195 123 207
b109 320 216 342 228
b110 168 0 191 44
b111 402 335 420 348
b112 360 57 378 103
b113 204 114 232 157
b114 0 405 39 424
b115 0 275 30 312
b116 309 152 346 194
b117 259 254 283 291
b118 242 389 277 428
b119 66 155 90 191
b120 264 176 279 221
b121 192 328 237 360
b122 243 47 286 77
b123 233 207 246 242
b124 245 122 284 135
b125 0 312 28 330
b126 147 236 185 264
b127 42 153 66 175
b128 357 107 393 132
b129 342 218 386 264
b130 362 0 406 45
b131 170 407 190 443
b132 0 119 38 135
b133 297 381 309 395
b134 118 299 147 315
b135 333 380 348 417
b136 293 65 317 84
b137 191 93 213 111
b138 135 35 165 57
b139 210 0 243 31
b140 122 156 138 168
b141 342 300 376 325
b142 42 107 69 153
b143 148 303 192 349
b144 348 380 373 409
b145 192 294 237 328
b146 388 221 422 254
b147 69 15 100 27
b148 210 31 227 56
b149 320 194 342 216
b150 192 264 205 294
b151 39 417 66 433
b152 246 221 279 254
b153 135 83 175 95
b154 346 155 388 199
b155 232 114 245 126
b156 346 199 388 218
b157 336 45 378 57
b158 286 47 314 64
b159 284 237 308 273
b160 0 200 36 212
b161 377 393 396 424
b162 85 304 97 334
b163 243 0 289 47
b164 0 376 32 403
b165 239 299 280 332
b166 39 405 75 417
b167 192 360 239 374
b168 340 341 377 366
b169 37 331 65 377
b170 237 254 259 299
b171 284 321 318 356
b172 262 77 293 102
b173 191 173 233 195
b174 212 422 232 447
b175 308 237 320 271
b176 386 254 406 270
b177 402 348 433 369
b178 39 433 59 449
b179 239 135 284 176
b180 97 304 118 323
b181 141 164 183 179
b182 104 0 137 12
b183 242 373 279 389
b184 165 44 185 63
b185 42 191 86 204
b186 284 381 297 429
b187 155 212 177 236
b188 90 155 114 195
b189 262 102 293 122
b190 213 77 247 114
b191 0 33 42 70
b192 406 63 434 85
b193 317 65 360 107
b194 102 256 144 299
b195 289 0 314 36
b196 376 300 415 316
b197 123 414 170 449
b198 190 399 212 439
b199 154 367 188 407
