575654.5
836588
314721
561 561
138.630498
b0 398 265 425 280
b1 296 439 323 455
b2 325 191 347 217
b3 374 327 419 348
b4 89 299 129 344
b5 98 482 114 508
b6 257 109 295 136
b7 469 436 504 465
b8 440 48 461 84
b9 472 535 516 560
b10 374 524 389 555
b11 65 74 106 98
b12 60 156 79 173
b13 421 426 469 459
b14 461 43 482 87
b15 325 418 340 452
b16 308 467 353 509
b17 100 369 141 406
b18 485 262 528 306
b19 351 509 374 545
b20 114 482 127 499
b21 263 281 307 309
b22 143 212 172 247
b23 60 356 100 373
b24 328 280 352 298
b25 25 184 54 227
b26 0 41 27 59
b27 49 229 89 267
b28 280 157 304 169
b29 70 173 100 202
b30 500 507 528 527
b31 0 496 32 532
b32 124 210 143 232
b33 0 103 46 148
b34 328 42 357 54
b35 29 534 41 560
b36 141 369 171 396
b37 49 414 78 426
b38 236 44 257 63
b39 425 523 438 535
b40 253 354 272 401
b41 374 291 393 327
b42 485 216 510 262
b43 318 54 357 75
b44 142 424 166 451
b45 324 147 349 171
b46 425 535 438 554
b47 338 103 380 143
b48 278 309 312 337
b49 89 235 137 259
b50 63 339 82 353
b51 383 90 397 106
b52 397 64 434 82
b53 393 288 405 324
b54 451 195 485 225
b55 13 266 44 292
b56 139 323 170 369
b57 358 0 406 47
b58 253 329 278 354
b59 173 22 220 60
b60 44 338 60 377
b61 87 98 132 129
b62 172 246 218 282
b63 328 298 374 334
b64 34 470 49 503
b65 257 44 270 67
b66 129 278 171 323
b67 367 165 381 198
b68 229 102 257 147
b69 445 305 481 332
b70 280 203 325 219
b71 381 160 413 194
b72 127 424 142 456
b73 405 293 451 305
b74 417 222 451 265
b75 251 242 271 279
b76 13 227 49 266
b77 175 172 193 212
b78 451 179 493 195
b79 156 515 181 555
b80 413 180 449 195
b81 273 245 305 260
b82 0 362 39 386
b83 86 445 127 482
b84 49 426 83 464
b85 457 501 500 535
b86 397 84 441 123
b87 207 396 252 444
b88 0 59 29 103
b89 325 171 367 191
b90 278 387 324 411
b91 63 296 84 339
b92 374 402 421 447
b93 194 282 214 306
b94 398 224 417 255
b95 413 136 450 180
b96 181 510 227 543
b97 352 240 392 255
b98 16 148 29 183
b99 229 147 269 164
b100 483 0 528 44
b101 98 0 128 36
b102 522 128 558 168
b103 171 433 205 467
b104 344 0 358 42
b105 0 416 35 449
b106 386 255 398 288
b107 312 309 327 341
b108 46 98 83 136
b109 0 316 42 362
b110 522 86 561 128
b111 114 424 127 445
b112 385 194 410 224
b113 100 168 124 204
b114 451 225 485 269
b115 438 535 472 557
b116 398 367 417 395
b117 374 503 413 524
b118 431 360 475 398
b119 483 408 528 436
b120 242 519 278 555
b121 208 471 242 509
b122 242 476 262 519
b123 171 282 194 318
b124 89 204 124 235
b125 482 44 528 86
b126 76 398 98 410
b127 0 183 25 226
b128 431 332 475 360
b129 490 386 524 408
b130 194 307 224 333
b131 307 232 352 280
b132 100 406 139 424
b133 220 292 263 307
b134 0 449 34 496
b135 171 318 186 363
b136 49 464 86 476
b137 449 398 470 426
b138 500 465 528 507
b139 171 396 207 433
b140 298 455 341 467
b141 374 484 419 503
b142 205 444 242 471
b143 76 373 100 398
b144 475 347 490 387
b145 307 219 352 232
b146 171 363 219 396
b147 86 530 128 560
b148 510 216 528 236
b149 189 0 236 22
b150 249 164 280 187
b151 367 198 385 240
b152 0 148 16 167
b153 132 69 173 99
b154 493 127 515 144
b155 514 347 528 372
b156 161 0 189 16
b157 413 503 438 523
b158 237 63 250 86
b159 124 166 156 210
b160 54 184 70 211
b161 278 341 325 387
b162 54 211 85 229
b163 186 333 219 355
b164 193 176 229 217
b165 504 436 525 453
b166 352 255 386 291
b167 389 524 425 561
b168 0 0 24 41
b169 490 347 514 386
b170 44 267 89 296
b171 233 220 273 242
b172 470 398 483 425
b173 66 482 98 507
b174 233 164 249 207
b175 0 167 15 183
b176 300 114 338 147
b177 156 120 197 157
b178 281 476 298 495
b179 219 347 253 393
b180 156 172 175 212
b181 141 396 171 424
b182 304 0 328 45
b183 65 0 98 39
b184 34 509 80 534
b185 87 129 121 156
b186 249 187 280 220
b187 27 16 65 52
b188 374 447 414 484
b189 79 156 123 168
b190 49 377 76 414
b191 406 48 440 64
b192 172 217 220 246
b193 49 476 66 509
b194 417 374 430 402
b195 451 269 484 282
b196 485 306 526 347
b197 128 515 156 552
b198 430 0 449 48
b199 29 148 60 184
b200 127 456 170 493
b201 0 532 29 558
b202 302 75 336 114
b203 287 411 302 439
b204 489 86 522 127
b205 34 449 49 470
b206 65 39 107 74
b207 341 436 374 464
b208 60 136 87 156
b209 257 73 302 109
b210 374 367 398 380
b211 84 344 100 356
b212 132 99 174 120
b213 158 16 172 48
b214 174 97 201 114
b215 307 280 328 309
b216 262 476 281 518
b217 224 309 272 329
b218 352 191 367 234
b219 224 329 252 347
b220 173 60 203 97
b221 338 90 383 103
b222 273 220 307 245
b223 438 503 457 525
b224 353 464 374 509
b225 325 380 372 418
b226 24 0 63 16
b227 220 217 233 249
b228 280 136 300 157
b229 406 0 430 48
b230 498 183 528 216
b231 328 0 344 30
b232 259 0 282 42
b233 485 195 498 211
b234 341 418 374 436
b235 282 0 304 46
b236 181 471 208 510
b237 125 48 165 69
b238 201 102 228 141
b239 127 493 167 515
b240 302 411 325 430
b241 106 74 119 98
b242 405 305 445 327
b243 253 411 287 448
b244 380 106 393 143
b245 311 509 347 533
b246 236 0 259 44
b247 457 465 496 501
b248 220 249 251 292
b249 413 195 448 222
b250 137 247 171 278
b251 449 0 483 43
b252 430 398 449 426
b253 515 168 528 183
b254 35 416 48 440
b255 450 132 489 179
b256 405 280 426 293
b257 278 526 311 543
b258 280 169 324 203
b259 510 236 522 262
b260 336 75 355 87
b261 0 226 12 271
b262 270 46 318 73
b263 327 334 374 380
b264 41 534 86 557
b265 156 157 201 172
b266 441 87 489 132
b267 203 63 237 102
b268 426 265 451 287
b269 278 543 315 561
b270 281 495 304 510
b271 0 292 42 316
b272 201 141 225 176
b273 128 13 158 34
b274 273 260 306 281
b275 98 508 126 530
b276 83 424 114 438
b277 419 327 431 374
b278 393 123 435 136
b279 358 47 397 90
b280 349 143 380 165
b281 107 36 125 66
b282 0 386 44 416
b283 80 507 93 522
b284 451 282 481 303
b285 128 0 161 13
b286 29 52 65 93
b287 42 296 63 338
b288 315 533 351 561
b289 123 129 156 166
b290 281 510 308 526
b291 253 448 296 476
b292 100 344 139 368
b293 374 348 417 367
b294 380 143 406 160
b295 414 459 457 472
b296 220 22 236 49
b297 419 472 457 503
b298 89 259 122 299
b299 0 271 13 284
