381918.5
563587
200250
445 450
83.077258
b0 342 434 378 450
b1 416 66 435 105
b2 65 404 106 439
b3 25 121 43 168
b4 325 241 351 273
b5 313 278 344 313
b6 130 204 159 217
b7 335 128 363 149
b8 172 386 204 401
b9 42 0 88 34
b10 209 362 254 394
b11 98 261 134 275
b12 0 211 42 247
b13 218 33 263 81
b14 0 43 25 58
b15 0 247 45 293
b16 291 100 313 118
b17 263 44 296 70
b18 25 379 44 413
b19 404 363 434 375
b20 220 324 248 357
b21 0 293 39 337
b22 340 0 366 39
b23 0 123 25 163
b24 238 394 253 419
b25 192 116 228 152
b26 213 394 238 437
b27 45 338 60 372
b28 296 408 342 446
b29 88 186 125 198
b30 226 307 253 324
b31 210 100 247 116
b32 115 30 147 53
b33 253 394 271 430
b34 88 95 107 133
b35 45 257 60 290
b36 313 250 325 278
b37 0 107 21 123
b38 363 119 396 145
b39 148 0 178 42
b40 402 25 430 66
b41 254 284 270 300
b42 344 359 388 378
b43 403 148 443 182
b44 154 137 181 153
b45 65 104 79 141
b46 141 383 156 431
b47 88 216 111 230
b48 106 366 130 392
b49 313 97 353 128
b50 205 0 247 33
b51 88 0 115 48
b52 351 206 388 233
b53 88 169 106 186
b54 248 100 291 116
b55 206 294 252 307
b56 325 219 350 241
b57 128 185 176 204
b58 378 0 397 41
b59 246 194 292 240
b60 267 0 302 30
b61 42 34 76 67
b62 344 378 389 415
b63 63 252 98 267
b64 107 95 154 143
b65 115 0 148 30
b66 171 251 202 282
b67 61 367 105 404
b68 0 58 35 82
b69 210 81 248 100
b70 402 66 416 102
b71 403 182 445 216
b72 369 148 403 181
b73 88 198 126 216
b74 114 299 143 317
b75 141 360 168 383
b76 321 144 335 156
b77 302 0 318 24
b78 402 105 428 148
b79 134 263 171 282
b80 185 432 200 446
b81 247 0 267 32
b82 61 305 94 337
b83 246 240 283 259
b84 177 325 220 362
b85 388 235 436 272
b86 328 313 352 337
b87 111 216 130 261
b88 316 361 344 404
b89 354 61 389 73
b90 152 153 197 177
b91 389 421 433 449
b92 128 143 152 185
b93 44 404 65 447
b94 190 307 206 322
b95 218 186 243 222
b96 245 259 290 284
b97 0 398 25 426
b98 295 144 321 160
b99 45 104 65 141
b100 197 152 224 177
b101 178 33 218 81
b102 168 282 206 307
b103 42 212 74 244
b104 397 0 433 25
b105 297 319 328 361
b106 106 392 140 431
b107 161 235 206 251
b108 263 32 296 44
b109 344 337 356 359
b110 336 183 380 206
b111 45 244 63 257
b112 228 116 246 162
b113 254 332 297 360
b114 344 415 383 434
b115 276 70 313 100
b116 45 67 87 104
b117 172 362 209 386
b118 270 284 309 319
b119 98 275 134 299
b120 230 222 245 267
b121 271 361 316 393
b122 61 337 104 367
b123 106 353 141 366
b124 254 319 293 332
b125 202 251 230 269
b126 154 109 192 137
b127 224 162 246 186
b128 116 317 141 353
b129 292 173 336 219
b130 390 319 435 363
b131 354 41 390 61
b132 295 128 333 144
b133 254 300 266 314
b134 156 383 172 412
b135 156 412 193 427
b136 0 379 24 398
b137 352 258 370 280
b138 74 230 104 252
b139 292 219 325 250
b140 388 363 404 375
b141 247 153 281 178
b142 134 217 161 263
b143 354 73 398 119
b144 143 282 168 311
b145 132 61 177 95
b146 336 149 369 183
b147 366 0 378 31
b148 20 82 45 99
b149 176 177 198 199
b150 370 272 400 285
b151 177 93 204 109
b152 352 285 385 318
b153 213 437 253 449
b154 88 53 132 95
b155 336 206 349 218
b156 388 216 430 235
b157 176 199 218 211
b158 248 81 276 98
b159 313 73 349 97
b160 206 211 218 247
b161 154 431 185 450
b162 390 41 402 71
b163 389 375 436 421
b164 178 0 205 32
b165 313 40 354 73
b166 88 133 100 169
b167 143 311 190 325
b168 271 408 296 445
b169 390 291 436 319
b170 39 293 61 338
b171 143 325 177 360
b172 206 269 237 294
b173 106 143 128 185
b174 0 82 20 107
b175 104 317 116 351
b176 206 307 226 323
b177 292 250 313 281
b178 94 299 114 315
b179 0 338 45 379
b180 148 42 169 61
b181 271 393 313 408
b182 177 81 210 93
b183 61 267 98 283
b184 400 272 420 291
b185 285 160 329 173
b186 106 431 154 444
b187 21 99 45 121
b188 161 211 201 235
b189 193 401 213 432
b190 356 318 390 355
b191 45 141 87 178
b192 61 283 89 305
b193 0 168 42 211
b194 0 0 42 43
b195 352 233 388 258
b196 246 178 285 194
b197 248 118 295 153
b198 318 0 340 40
b199 42 178 82 212
