385701.25
574752.5
196650
437 450
15.31835
b0 56 254 72 290
b1 186 365 225 384
b2 375 363 416 398
b3 137 24 184 42
b4 81 346 113 372
b5 211 295 246 326
b6 0 437 29 450
b7 37 40 58 68
b8 81 25 96 57
b9 253 162 287 208
b10 0 153 45 185
b11 326 321 340 357
b12 44 407 80 449
b13 248 279 293 327
b14 81 0 96 25
b15 255 0 301 45
b16 181 281 203 299
b17 272 93 305 119
b18 84 254 118 273
b19 21 185 33 215
b20 220 155 253 183
b21 391 324 435 363
b22 171 45 210 71
b23 317 246 357 271
b24 157 375 182 390
b25 75 310 111 346
b26 392 174 435 199
b27 421 121 436 155
b28 133 45 171 91
b29 81 57 93 94
b30 12 77 39 94
b31 375 242 391 279
b32 207 326 239 349
b33 375 279 411 297
b34 212 72 250 91
b35 354 174 387 189
b36 238 183 250 211
b37 375 398 396 414
b38 111 298 137 331
b39 225 401 267 431
b40 288 133 329 161
b41 276 327 292 343
b42 411 256 430 300
b43 45 159 79 199
b44 48 310 75 326
b45 297 76 334 90
b46 0 228 48 243
b47 171 71 185 94
b48 113 331 139 355
b49 323 173 354 213
b50 371 35 404 77
b51 348 317 375 365
b52 355 201 392 228
b53 64 0 81 18
b54 387 158 430 174
b55 39 68 52 114
b56 255 346 280 368
b57 81 428 129 447
b58 416 363 435 404
b59 35 361 81 407
b60 0 394 35 424
b61 133 91 166 125
b62 272 379 317 416
b63 333 271 348 306
b64 250 45 297 93
b65 293 321 326 351
b66 139 301 170 332
b67 399 77 436 121
b68 393 0 417 35
b69 352 427 390 446
b70 357 228 393 242
b71 33 327 75 361
b72 236 118 269 152
b73 100 208 118 246
b74 220 183 238 212
b75 33 199 56 226
b76 272 119 286 131
b77 137 0 153 24
b78 51 116 77 159
b79 211 431 248 450
b80 181 299 196 313
b81 48 290 80 310
b82 323 213 355 246
b83 239 327 276 346
b84 0 34 37 77
b85 211 247 248 295
b86 212 91 236 115
b87 190 0 209 45
b88 317 379 345 422
b89 323 161 358 173
b90 391 300 436 324
b91 113 377 157 405
b92 170 131 212 155
b93 0 185 21 228
b94 253 208 268 224
b95 236 93 272 118
b96 248 254 293 279
b97 157 390 182 418
b98 28 288 44 314
b99 58 79 78 116
b100 250 224 275 251
b101 293 273 333 321
b102 392 199 430 224
b103 121 174 153 206
b104 12 114 48 139
b105 268 416 310 447
b106 131 125 170 159
b107 186 349 231 365
b108 96 45 129 57
b109 181 226 203 238
b110 113 405 157 428
b111 212 115 225 133
b112 170 155 216 173
b113 305 90 333 133
b114 380 77 399 116
b115 96 57 133 87
b116 182 384 224 421
b117 153 0 190 24
b118 165 173 200 212
b119 287 162 323 186
b120 120 219 135 264
b121 301 44 346 76
b122 181 238 211 281
b123 96 87 131 100
b124 12 139 51 152
b125 81 372 109 390
b126 212 44 250 72
b127 113 355 137 377
b128 0 358 25 394
b129 209 0 255 44
b130 301 0 346 44
b131 135 206 155 242
b132 375 297 391 335
b133 170 358 182 372
b134 120 264 136 293
b135 81 390 96 427
b136 293 254 317 273
b137 163 226 181 248
b138 345 405 375 427
b139 0 327 33 358
b140 393 224 405 240
b141 346 35 371 69
b142 348 271 375 317
b143 56 208 100 254
b144 329 133 358 158
b145 22 243 56 288
b146 0 0 33 34
b147 139 332 170 344
b148 390 426 415 443
b149 358 152 380 174
b150 79 195 109 208
b151 136 242 163 258
b152 404 35 437 68
b153 0 77 12 117
b154 275 210 317 254
b155 118 206 130 219
b156 37 21 79 40
b157 81 140 123 152
b158 0 288 28 305
b159 287 186 323 210
b160 0 117 12 153
b161 269 131 288 162
b162 153 174 165 204
b163 334 77 380 124
b164 407 224 434 256
b165 231 368 272 401
b166 72 254 84 290
b167 165 212 212 226
b168 170 313 207 338
b169 280 351 326 379
b170 0 243 22 288
b171 212 212 246 247
b172 139 344 164 375
b173 310 427 352 449
b174 191 421 211 446
b175 157 421 191 433
b176 170 338 186 358
b177 33 0 64 21
b178 239 346 255 366
b179 96 0 137 45
b180 326 357 345 378
b181 123 159 165 174
b182 354 189 387 201
b183 391 242 407 279
b184 248 431 268 450
b185 0 424 44 437
b186 0 314 48 327
b187 212 133 236 155
b188 348 365 372 405
b189 200 173 220 204
b190 387 121 421 158
b191 170 94 212 131
b192 358 124 380 152
b193 79 152 121 195
b194 139 258 181 301
b195 84 273 120 298
b196 58 40 74 79
b197 346 0 393 35
b198 396 404 436 426
b199 96 100 130 140
