2081404
3131948
1030860
276 3735
967.053221
b0 109 1898 136 1913
b1 96 2976 123 2992
b2 118 629 140 655
b3 77 2566 98 2611
b4 99 3070 139 3115
b5 123 2119 139 2145
b6 0 3649 38 3676
b7 139 2052 174 2081
b8 163 506 184 542
b9 184 132 228 157
b10 38 3323 53 3354
b11 173 239 214 263
b12 87 2320 104 2339
b13 187 464 220 512
b14 89 687 133 708
b15 62 2992 96 3007
b16 152 277 197 319
b17 146 469 187 506
b18 141 108 184 152
b19 59 2797 95 2820
b20 44 3657 57 3674
b21 87 1710 115 1754
b22 53 3402 88 3431
b23 46 1442 86 1459
b24 184 108 202 132
b25 104 3027 133 3070
b26 82 1153 109 1171
b27 141 199 179 239
b28 197 277 221 289
b29 129 3154 158 3184
b30 139 1457 159 1485
b31 214 37 246 73
b32 124 1023 143 1045
b33 109 1852 154 1898
b34 89 24 118 36
b35 65 2566 77 2592
b36 46 1459 73 1489
b37 77 3168 89 3197
b38 86 1442 107 1461
b39 31 3527 43 3540
b40 141 152 160 199
b41 59 2778 95 2797
b42 80 2871 126 2896
b43 146 2955 185 2976
b44 125 239 152 263
b45 71 3600 95 3625
b46 107 1814 126 1827
b47 130 1375 172 1415
b48 170 347 198 381
b49 167 735 191 783
b50 111 1935 130 1949
b51 72 2131 86 2147
b52 65 3431 102 3449
b53 161 899 197 911
b54 143 1165 173 1199
b55 0 2154 26 2185
b56 74 1411 120 1442
b57 65 2730 112 2778
b58 214 157 239 182
b59 93 1337 140 1375
b60 127 1629 166 1645
b61 34 2947 65 2992
b62 34 2879 80 2915
b63 30 1568 66 1614
b64 108 1754 141 1769
b65 154 1238 167 1261
b66 125 424 167 469
b67 154 1835 168 1868
b68 153 979 181 1024
b69 187 437 223 464
b70 111 1949 127 1994
b71 127 1645 161 1677
b72 89 708 121 723
b73 62 3135 74 3181
b74 75 2052 118 2086
b75 131 2282 151 2319
b76 102 3312 141 3348
b77 95 2705 135 2723
b78 126 2810 168 2826
b79 77 3115 117 3140
b80 26 3031 62 3046
b81 34 2915 49 2947
b82 53 3576 92 3600
b83 62 3031 99 3072
b84 94 2634 128 2672
b85 26 3280 60 3323
b86 161 855 200 899
b87 84 3244 129 3292
b88 124 979 153 1023
b89 46 3232 66 3274
b90 80 2847 126 2871
b91 126 1814 169 1835
b92 30 1978 75 2025
b93 63 2542 83 2566
b94 133 749 164 768
b95 214 0 258 37
b96 118 2896 164 2929
b97 141 0 181 15
b98 77 2630 90 2665
b99 130 1913 170 1930
b100 118 584 162 629
b101 69 2147 99 2183
b102 87 1629 127 1665
b103 82 1259 116 1293
b104 121 796 163 810
b105 31 3604 66 3637
b106 107 1442 119 1475
b107 110 2431 142 2446
b108 46 1530 83 1568
b109 110 2385 152 2431
b110 200 735 239 777
b111 118 2955 131 2976
b112 87 2220 117 2245
b113 89 0 125 24
b114 133 705 167 749
b115 116 1677 150 1699
b116 168 2205 196 2224
b117 123 2145 162 2166
b118 87 2282 131 2320
b119 53 3357 81 3402
b120 103 1528 139 1564
b121 0 2116 34 2154
b122 164 2826 207 2846
b123 74 1375 97 1411
b124 39 3181 70 3216
b125 167 1715 213 1757
b126 96 2921 118 2933
b127 73 1935 98 1978
b128 152 319 196 347
b129 224 73 258 95
b130 118 2929 148 2955
b131 162 584 210 629
b132 172 1239 190 1278
b133 100 2446 115 2489
b134 121 2553 155 2600
b135 63 2527 108 2542
b136 66 1568 103 1580
b137 93 1293 114 1321
b138 140 677 182 705
b139 46 34 82 71
b140 223 182 235 225
b141 63 2377 82 2422
b142 103 1491 130 1528
b143 49 2915 73 2940
b144 152 2385 167 2425
b145 72 2086 85 2131
b146 97 2019 145 2052
b147 146 542 176 584
b148 258 0 276 20
b149 162 2093 209 2115
b150 166 1506 189 1537
b151 82 2377 100 2419
b152 66 1775 82 1794
b153 183 911 224 941
b154 75 2019 97 2036
b155 130 1443 155 1457
b156 141 1699 169 1715
b157 169 1098 189 1123
b158 98 2553 121 2566
b159 95 2778 139 2810
b160 39 3216 66 3232
b161 70 3197 116 3244
b162 170 381 201 399
b163 181 86 214 108
b164 75 1978 111 2019
b165 107 1835 128 1852
b166 73 1812 107 1848
b167 87 2183 123 2220
b168 210 512 234 553
b169 137 856 161 895
b170 87 1665 116 1710
b171 198 289 220 329
b172 78 2672 105 2685
b173 164 783 189 815
b174 117 2220 160 2236
b175 62 3119 77 3135
b176 171 399 204 437
b177 143 1061 184 1098
b178 77 2611 94 2630
b179 137 911 183 945
b180 74 1293 93 1333
b181 77 3140 107 3168
b182 181 945 226 969
b183 123 2166 156 2205
b184 125 399 171 424
b185 62 3072 89 3106
b186 0 3354 31 3387
b187 82 2489 118 2527
b188 172 1199 209 1239
b189 0 3637 44 3649
b190 68 2820 105 2847
b191 73 1893 89 1927
b192 127 1117 156 1165
b193 108 1769 141 1786
b194 38 3674 66 3687
b195 181 0 214 13
b196 103 1588 144 1629
b197 107 1786 144 1814
b198 202 108 250 127
b199 97 1375 128 1411
b200 153 1024 196 1061
b201 30 2087 56 2116
b202 127 1199 161 1238
b203 130 1415 145 1443
b204 85 2086 126 2119
b205 160 152 181 167
b206 104 2992 146 3027
b207 211 553 244 581
b208 44 3637 71 3657
b209 82 1117 127 1153
b210 124 1564 137 1588
b211 127 1165 143 1177
b212 38 3470 59 3512
b213 174 1772 206 1786
b214 146 506 163 533
b215 34 2116 63 2137
b216 30 2025 72 2044
b217 26 3232 46 3280
b218 76 3494 119 3509
b219 209 969 237 987
b220 159 1442 189 1479
b221 65 2665 78 2710
b222 110 2320 144 2345
b223 46 2820 68 2839
b224 109 1238 154 1259
b225 63 2339 110 2377
b226 86 1475 125 1491
b227 118 655 131 687
b228 84 3292 105 3312
b229 63 2183 87 2231
b230 0 0 30 33
b231 125 0 141 30
b232 82 903 124 926
b233 81 3357 97 3370
b234 66 1794 99 1812
b235 121 810 143 856
b236 73 1491 100 1530
b237 66 1580 87 1620
b238 38 3431 65 3470
b239 89 1913 129 1935
b240 124 1098 147 1117
b241 26 3046 39 3070
b242 46 2839 68 2879
b243 98 2600 135 2634
b244 65 3449 102 3462
b245 59 3470 95 3494
b246 114 1293 137 1337
b247 26 2992 62 3031
b248 144 2354 187 2385
b249 145 1415 180 1442
b250 53 3323 84 3357
b251 46 0 89 34
b252 133 768 152 796
b253 62 3106 77 3119
b254 82 1775 106 1788
b255 117 3115 164 3154
b256 103 1564 124 1577
b257 105 2672 122 2705
b258 137 945 181 979
b259 139 2081 165 2093
b260 43 3564 62 3576
b261 34 2588 46 2633
b262 162 629 189 677
b263 117 2236 164 2282
b264 125 347 170 370
b265 144 1757 189 1772
b266 0 3687 45 3735
b267 160 2166 194 2205
b268 96 2896 118 2921
b269 156 1131 193 1149
b270 144 1715 167 1730
b271 62 3007 104 3031
b272 144 2319 168 2354
b273 152 239 173 269
b274 139 1485 172 1506
b275 31 3576 53 3604
b276 173 263 204 277
b277 119 856 131 903
b278 124 903 137 945
b279 30 2044 69 2087
b280 34 2566 65 2588
b281 65 2712 95 2730
b282 167 705 211 735
b283 38 3512 51 3527
b284 89 723 119 744
b285 156 1098 169 1131
b286 73 1852 109 1893
b287 66 1754 108 1775
b288 46 71 74 107
b289 43 3527 76 3564
b290 78 2685 94 2712
b291 118 469 146 512
b292 89 744 113 783
b293 30 1812 73 1831
b294 108 2527 125 2553
b295 181 73 224 86
b296 30 0 46 27
b297 0 3323 38 3354
b298 163 815 196 855
b299 46 2588 59 2601
