254345.25
303028.5
205662
453 454
2.007186
b0 396 0 439 33
b1 331 0 396 37
b2 146 379 180 432
b3 340 267 377 334
b4 61 383 80 412
b5 269 106 318 145
b6 107 355 125 395
b7 43 89 65 129
b8 65 98 127 148
b9 127 53 168 69
b10 128 379 146 431
b11 89 395 128 454
b12 127 187 188 215
b13 70 148 127 196
b14 268 0 331 43
b15 125 242 177 301
b16 303 348 339 405
b17 212 378 256 444
b18 27 215 75 266
b19 122 324 172 355
b20 89 40 126 59
b21 374 123 438 173
b22 217 344 266 378
b23 75 234 124 254
b24 269 145 314 173
b25 377 267 431 306
b26 89 0 144 40
b27 243 0 268 65
b28 207 106 246 152
b29 27 0 89 24
b30 0 180 26 204
b31 340 237 374 263
b32 0 285 43 338
b33 340 373 362 408
b34 124 215 178 242
b35 78 196 109 234
b36 178 257 217 324
b37 0 204 20 264
b38 283 235 340 258
b39 283 258 338 310
b40 240 65 269 91
b41 209 199 264 226
b42 144 0 206 53
b43 148 86 194 147
b44 323 59 370 124
b45 125 301 169 324
b46 177 324 216 346
b47 374 173 439 206
b48 0 0 27 57
b49 194 152 259 199
b50 180 346 212 413
b51 283 310 340 348
b52 269 61 323 106
b53 127 69 148 112
b54 246 91 264 152
b55 340 181 374 237
b56 0 57 17 120
b57 268 43 315 61
b58 340 339 386 373
b59 206 0 243 50
b60 0 140 23 180
b61 377 306 400 339
b62 62 24 81 84
b63 44 412 89 448
b64 286 181 336 228
b65 318 124 374 181
b66 374 206 441 267
b67 0 410 44 450
b68 217 292 280 344
b69 370 37 424 64
b70 65 341 107 383
b71 43 285 65 349
b72 0 349 61 410
b73 386 342 453 403
b74 399 403 437 445
b75 27 266 55 285
b76 331 37 364 59
b77 217 235 283 292
b78 400 306 432 342
b79 339 408 399 449
b80 193 199 209 257
b81 75 254 125 294
b82 65 294 122 341
b83 27 115 43 137
b84 128 432 195 454
b85 0 120 25 140
b86 266 348 303 404
b87 81 59 125 98
b88 125 355 162 379
b89 43 148 70 186
b90 168 53 207 86
b91 207 50 240 106
b92 27 89 43 115
b93 27 24 62 89
b94 374 64 415 123
b95 27 196 78 215
b96 127 147 193 187
b97 424 33 441 100
b98 264 173 286 235
b99 256 405 322 454
