2017580.75
3075341.5
959820
255 3764
952.211716
b0 80 3077 107 3092
b1 87 0 114 16
b2 63 1897 85 1923
b3 117 1799 138 1844
b4 108 1493 148 1538
b5 13 3172 29 3198
b6 71 3114 109 3141
b7 97 1146 132 1175
b8 51 2920 72 2956
b9 87 638 131 663
b10 13 3330 28 3361
b11 78 2078 119 2102
b12 144 16 161 35
b13 187 119 220 167
b14 115 3349 159 3370
b15 85 2270 119 2285
b16 87 779 132 821
b17 69 2810 110 2847
b18 26 2768 69 2812
b19 114 198 150 221
b20 0 2236 13 2253
b21 43 3485 71 3529
b22 131 747 166 776
b23 39 2458 79 2475
b24 55 2659 73 2683
b25 55 848 84 891
b26 71 3141 98 3159
b27 109 2475 147 2515
b28 65 3630 89 3642
b29 69 2513 98 2543
b30 29 3172 49 3200
b31 103 976 135 1012
b32 187 37 206 59
b33 149 1229 194 1275
b34 26 2511 55 2523
b35 26 2812 38 2838
b36 12 0 39 30
b37 139 2298 151 2327
b38 137 1626 158 1645
b39 0 0 12 13
b40 90 858 109 905
b41 124 2456 160 2475
b42 91 2340 137 2365
b43 39 2475 78 2496
b44 88 2115 115 2139
b45 75 1372 99 1397
b46 84 1131 103 1144
b47 127 3102 169 3142
b48 0 3435 28 3469
b49 76 3485 100 3533
b50 120 733 139 747
b51 39 2289 53 2305
b52 150 393 187 411
b53 131 381 167 393
b54 124 1994 154 2028
b55 164 593 190 624
b56 166 1546 212 1577
b57 86 3301 133 3349
b58 120 3276 145 3301
b59 51 3017 98 3055
b60 75 2725 114 2741
b61 48 1760 79 1805
b62 55 3210 101 3246
b63 79 3364 115 3410
b64 131 638 164 653
b65 186 411 199 434
b66 129 318 171 363
b67 48 1805 62 1838
b68 73 2659 101 2704
b69 109 949 145 976
b70 39 33 55 78
b71 75 1578 109 1610
b72 119 2267 151 2282
b73 63 1923 75 1969
b74 55 1175 98 1209
b75 13 2920 33 2957
b76 97 1077 136 1113
b77 69 1683 109 1701
b78 13 3156 55 3172
b79 70 2365 110 2390
b80 188 167 224 182
b81 53 2426 68 2458
b82 112 1930 151 1954
b83 28 3630 65 3671
b84 152 527 186 565
b85 0 3392 34 3435
b86 85 2162 124 2206
b87 76 2390 121 2438
b88 147 1185 176 1229
b89 94 1726 114 1768
b90 28 3671 74 3695
b91 124 1973 167 1994
b92 124 2028 169 2075
b93 55 2725 75 2749
b94 39 2270 70 2289
b95 39 1247 83 1284
b96 85 1897 131 1930
b97 190 434 230 449
b98 79 2438 92 2473
b99 69 2496 109 2513
b100 96 1303 140 1348
b101 117 891 147 927
b102 77 1824 117 1860
b103 152 493 186 527
b104 206 74 248 88
b105 117 858 152 891
b106 162 424 174 457
b107 114 1702 146 1717
b108 100 1626 137 1664
b109 13 3284 55 3330
b110 150 276 189 318
b111 67 3093 80 3114
b112 75 1397 105 1422
b113 83 1348 119 1372
b114 70 3441 104 3485
b115 33 3093 67 3115
b116 55 2749 83 2768
b117 85 2206 124 2227
b118 39 1209 83 1247
b119 115 593 143 638
b120 43 3364 79 3400
b121 49 3246 83 3284
b122 163 776 206 796
b123 53 2390 76 2426
b124 45 2115 76 2150
b125 76 3533 122 3575
b126 166 198 188 210
b127 34 3552 59 3595
b128 127 2864 171 2892
b129 86 3276 120 3298
b130 114 0 144 26
b131 72 2972 120 3017
b132 152 858 170 897
b133 148 776 163 819
b134 72 2886 106 2933
b135 117 1784 162 1799
b136 51 2150 88 2162
b137 41 1922 62 1950
b138 55 1144 97 1172
b139 99 2741 135 2778
b140 105 2594 117 2637
b141 131 393 150 438
b142 90 821 117 858
b143 109 3077 133 3102
b144 108 1538 123 1578
b145 26 2224 39 2269
b146 39 0 87 33
b147 69 2768 99 2810
b148 33 2920 51 2940
b149 80 3055 127 3077
b150 117 1012 140 1043
b151 217 32 235 74
b152 131 1185 147 1204
b153 86 3246 127 3276
b154 100 1860 122 1877
b155 12 2166 37 2180
b156 139 2282 167 2298
b157 97 1052 117 1077
b158 69 2102 92 2115
b159 87 747 131 779
b160 94 1768 121 1784
b161 39 2223 85 2270
b162 84 1113 115 1131
b163 62 1969 95 1991
b164 33 3115 69 3156
b165 51 2956 72 2973
b166 131 653 165 689
b167 39 1284 75 1321
b168 137 1406 161 1447
b169 132 1146 156 1185
b170 12 1378 41 1423
b171 79 1784 101 1824
b172 48 1354 75 1367
b173 230 0 255 32
b174 144 0 187 16
b175 109 2456 124 2472
b176 45 2039 78 2077
b177 169 1645 210 1682
b178 114 381 131 400
b179 48 1726 94 1760
b180 90 1012 109 1052
b181 165 652 195 680
b182 69 1702 114 1726
b183 148 819 181 858
b184 148 1493 194 1518
b185 43 3400 70 3434
b186 131 438 162 471
b187 41 1838 77 1876
b188 98 2554 135 2594
b189 194 101 238 113
b190 187 358 224 385
b191 150 198 166 232
b192 109 1578 138 1626
b193 106 2847 139 2864
b194 187 88 215 101
b195 87 663 120 676
b196 212 815 253 856
b197 139 565 176 593
b198 83 1209 131 1228
b199 167 2114 198 2150
b200 144 148 187 185
b201 161 119 187 148
b202 78 2039 112 2078
b203 114 400 129 428
b204 115 1113 156 1146
b205 110 1228 131 1243
b206 34 3595 76 3630
b207 12 2039 45 2067
b208 77 1877 104 1897
b209 166 210 211 246
b210 69 2635 82 2659
b211 55 3156 71 3168
b212 48 1367 69 1409
b213 105 1406 137 1420
b214 83 1276 100 1303
b215 98 2515 127 2536
b216 124 1954 166 1973
b217 51 2162 71 2210
b218 26 2496 69 2511
b219 129 363 157 381
b220 187 0 217 37
b221 90 905 103 950
b222 131 689 165 714
b223 194 796 216 815
b224 73 2704 118 2725
b225 33 3055 80 3093
b226 12 2150 51 2166
b227 217 0 230 32
b228 70 2340 91 2360
b229 115 506 139 554
b230 127 3142 157 3175
b231 59 3552 75 3582
b232 34 3529 76 3552
b233 115 428 131 441
b234 161 101 194 119
b235 41 1876 63 1922
b236 127 2515 154 2554
b237 171 318 192 358
b238 72 2933 99 2972
b239 109 927 149 949
b240 120 714 143 733
b241 150 232 163 256
b242 55 3284 77 3324
b243 26 2886 63 2920
b244 115 493 152 506
b245 12 1354 48 1378
b246 12 2180 35 2224
b247 38 2847 74 2886
b248 0 3361 43 3392
b249 55 821 90 848
b250 69 1649 100 1683
b251 43 3330 86 3364
b252 162 1518 181 1546
b253 114 221 129 234
b254 144 185 168 198
b255 124 2075 171 2114
b256 150 411 171 424
b257 39 1321 56 1354
b258 105 1372 149 1406
b259 0 2224 26 2236
b260 68 3168 87 3180
b261 29 3200 41 3245
b262 83 1228 110 1276
b263 105 1447 152 1493
b264 109 1679 154 1702
b265 100 1664 145 1679
b266 41 1991 86 2039
b267 0 3725 34 3764
b268 166 1577 188 1602
b269 86 2322 123 2340
b270 77 1860 100 1875
b271 149 1275 191 1299
b272 45 2077 69 2112
b273 13 3695 34 3725
b274 75 1493 108 1514
b275 164 624 186 652
b276 117 821 148 835
b277 131 1204 143 1251
b278 55 3168 68 3210
b279 167 1602 206 1645
b280 131 471 162 493
b281 109 2438 139 2456
b282 163 246 207 276
b283 84 1052 97 1067
b284 169 2892 199 2913
b285 0 3469 13 3502
b286 69 2594 105 2635
b287 143 714 185 735
b288 87 428 115 464
b289 86 2285 119 2322
b290 70 2285 86 2312
b291 85 2227 113 2270
b292 75 1610 99 1649
b293 101 2637 144 2656
b294 100 3485 117 3511
b295 37 2210 80 2223
b296 149 897 165 924
b297 79 3410 117 3441
b298 113 2227 146 2267
b299 83 1303 96 1316
