385641
570579
200703
447 449
93.875498
b0 219 225 255 241
b1 25 368 64 387
b2 121 397 156 438
b3 269 383 316 401
b4 362 70 388 102
b5 215 278 246 313
b6 358 160 387 173
b7 219 204 247 225
b8 37 109 69 124
b9 328 82 362 128
b10 264 283 309 315
b11 427 185 441 221
b12 358 235 400 271
b13 352 404 400 449
b14 276 335 301 350
b15 104 188 150 233
b16 259 218 277 240
b17 25 387 58 413
b18 12 65 31 99
b19 0 352 12 382
b20 79 19 107 52
b21 402 270 446 309
b22 19 245 58 271
b23 31 69 56 109
b24 83 267 98 292
b25 112 30 148 66
b26 0 278 25 321
b27 298 0 313 34
b28 358 0 404 38
b29 189 163 226 175
b30 276 350 303 367
b31 111 111 148 127
b32 25 271 57 294
b33 76 52 112 70
b34 0 240 19 278
b35 343 144 358 177
b36 346 0 358 28
b37 402 309 423 325
b38 146 318 172 351
b39 108 0 150 30
b40 150 239 191 267
b41 83 429 99 445
b42 22 20 41 64
b43 220 91 254 131
b44 328 128 355 144
b45 0 109 37 123
b46 391 378 439 393
b47 57 271 71 294
b48 402 246 428 270
b49 71 298 111 329
b50 187 0 220 42
b51 261 170 288 218
b52 49 32 76 69
b53 39 413 56 431
b54 362 54 405 70
b55 45 138 58 184
b56 141 370 166 392
b57 167 267 215 286
b58 67 0 108 19
b59 298 34 344 80
b60 298 80 328 115
b61 313 0 346 34
b62 307 406 352 443
b63 405 74 440 89
b64 288 178 335 226
b65 150 182 180 215
b66 239 241 270 272
b67 150 42 194 79
b68 316 382 351 406
b69 65 329 103 348
b70 150 28 186 42
b71 178 79 220 113
b72 312 278 345 312
b73 246 272 264 310
b74 252 416 270 445
b75 371 311 394 338
b76 247 204 259 218
b77 150 166 174 182
b78 178 314 204 357
b79 261 0 298 19
b80 278 76 292 91
b81 25 138 45 170
b82 88 397 121 429
b83 72 113 91 150
b84 254 91 297 128
b85 204 392 252 429
b86 58 231 82 255
b87 257 315 276 360
b88 192 113 220 156
b89 390 70 402 105
b90 112 66 136 111
b91 323 226 351 270
b92 191 215 215 257
b93 103 329 146 350
b94 56 413 71 429
b95 194 42 219 78
b96 32 184 57 229
b97 402 221 430 246
b98 298 115 324 131
b99 12 0 49 20
b100 220 0 245 27
b101 354 271 402 311
b102 111 288 136 326
b103 220 131 252 163
b104 402 185 427 221
b105 215 346 257 377
b106 25 334 64 368
b107 358 38 403 54
b108 56 69 68 102
b109 286 53 298 75
b110 242 53 286 76
b111 49 0 67 13
b112 25 294 71 312
b113 362 102 390 145
b114 180 175 219 194
b115 405 44 442 74
b116 270 401 307 443
b117 215 241 239 278
b118 0 413 39 448
b119 150 215 186 239
b120 402 170 447 185
b121 0 195 32 240
b122 68 70 111 100
b123 72 100 107 113
b124 358 197 397 210
b125 64 368 92 386
b126 167 286 205 314
b127 220 27 244 49
b128 0 123 25 159
b129 400 393 444 439
b130 402 126 447 170
b131 276 315 312 335
b132 353 388 391 404
b133 150 16 164 28
b134 39 431 68 447
b135 354 373 391 388
b136 64 386 88 405
b137 150 147 172 165
b138 156 392 178 422
b139 270 250 301 283
b140 32 229 44 245
b141 358 210 392 235
b142 104 161 150 188
b143 58 150 102 196
b144 178 381 203 410
b145 298 144 343 178
b146 261 19 294 53
b147 71 267 83 298
b148 172 141 189 166
b149 150 125 172 147
b150 49 19 79 32
b151 257 367 284 383
b152 402 325 435 358
b153 71 405 83 445
b154 404 0 446 44
b155 0 0 12 13
b156 335 178 354 220
b157 390 105 402 147
b158 354 311 371 339
b159 277 226 313 250
b160 242 76 278 88
b161 141 351 172 370
b162 0 65 12 95
b163 95 350 141 397
b164 140 267 167 299
b165 215 313 256 346
b166 104 233 140 245
b167 25 124 72 138
b168 312 357 349 382
b169 150 79 178 125
b170 0 20 22 65
b171 226 170 261 204
b172 0 321 25 352
b173 220 49 242 91
b174 178 410 203 430
b175 58 255 92 267
b176 394 358 410 378
b177 180 194 211 215
b178 172 125 192 141
b179 312 312 353 357
b180 146 299 167 318
b181 215 377 257 392
b182 257 383 269 416
b183 150 0 187 16
b184 0 382 20 401
b185 358 147 402 160
b186 344 34 357 82
b187 178 357 200 381
b188 358 173 398 197
b189 64 348 95 368
b190 107 127 144 161
b191 402 89 444 126
b192 301 250 323 278
b193 254 128 297 170
b194 98 245 140 288
b195 0 159 25 195
b196 245 0 261 39
b197 57 196 104 231
b198 25 312 65 334
b199 354 339 394 373
