420872.25
530944.5
310800
555 560
502.044961
b0 321 188 348 203
b1 376 268 403 284
b2 190 41 212 67
b3 245 491 290 512
b4 238 0 283 40
b5 82 347 98 373
b6 42 31 80 58
b7 520 107 555 136
b8 172 402 193 438
b9 119 459 163 484
b10 348 169 363 200
b11 190 96 231 120
b12 201 182 220 199
b13 145 0 193 33
b14 229 334 250 378
b15 439 159 473 174
b16 13 282 58 324
b17 134 413 171 454
b18 216 219 259 263
b19 332 146 368 169
b20 195 418 212 431
b21 231 107 259 151
b22 510 343 545 372
b23 365 102 405 119
b24 535 372 553 396
b25 367 46 396 89
b26 365 250 392 268
b27 479 397 519 435
b28 191 201 215 213
b29 142 54 171 84
b30 296 198 316 226
b31 259 226 295 258
b32 533 219 555 238
b33 42 99 88 144
b34 284 462 296 491
b35 493 179 505 205
b36 346 281 376 308
b37 387 481 399 510
b38 151 160 172 179
b39 86 144 99 156
b40 114 301 133 348
b41 165 182 201 201
b42 238 463 284 488
b43 415 320 436 359
b44 35 532 62 556
b45 510 372 535 396
b46 237 263 256 276
b47 335 401 375 443
b48 245 283 273 317
b49 484 349 508 397
b50 80 31 99 45
b51 396 455 412 469
b52 379 320 397 357
b53 129 179 165 191
b54 254 40 284 74
b55 58 319 89 345
b56 42 0 88 31
b57 428 111 475 159
b58 414 371 439 396
b59 0 463 47 501
b60 250 334 266 373
b61 316 203 361 234
b62 259 107 295 153
b63 309 510 345 556
b64 536 396 551 429
b65 172 389 195 402
b66 345 510 387 555
b67 363 187 396 201
b68 439 360 484 388
b69 379 284 406 320
b70 273 285 318 301
b71 321 234 353 268
b72 112 87 144 102
b73 374 359 420 371
b74 87 484 130 518
b75 436 317 456 354
b76 392 119 428 158
b77 439 388 479 406
b78 48 383 90 399
b79 89 307 114 347
b80 47 435 62 471
b81 98 348 130 363
b82 296 407 335 431
b83 338 308 379 345
b84 48 345 82 383
b85 375 395 409 438
b86 161 350 205 389
b87 475 93 520 141
b88 300 89 329 133
b89 250 373 292 393
b90 250 393 296 417
b91 375 438 396 481
b92 510 238 555 285
b93 190 67 214 87
b94 290 528 309 559
b95 180 308 224 345
b96 254 74 300 107
b97 470 255 510 270
b98 455 468 490 481
b99 399 469 416 509
b100 293 320 338 364
b101 480 219 510 255
b102 47 399 87 435
b103 487 59 521 93
b104 229 320 271 334
b105 13 324 48 357
b106 193 29 226 41
b107 87 459 119 474
b108 492 521 530 558
b109 96 45 142 87
b110 185 120 227 159
b111 229 378 250 391
b112 157 251 187 276
b113 88 87 112 123
b114 505 185 549 219
b115 90 385 112 419
b116 130 372 158 391
b117 510 285 549 306
b118 475 141 519 179
b119 268 417 296 462
b120 27 144 63 180
b121 214 62 252 96
b122 61 271 104 291
b123 63 144 86 180
b124 129 191 160 226
b125 310 0 352 46
b126 127 391 139 413
b127 62 435 87 478
b128 129 226 157 270
b129 292 364 326 386
b130 521 456 551 482
b131 245 512 290 560
b132 397 320 415 359
b133 521 396 536 439
b134 87 425 134 459
b135 192 263 237 278
b136 295 169 332 181
b137 58 291 79 319
b138 148 276 190 304
b139 295 133 332 169
b140 456 317 468 360
b141 293 301 338 320
b142 399 46 426 83
b143 296 239 321 263
b144 112 385 127 425
b145 248 165 261 210
b146 521 59 554 107
b147 106 271 148 301
b148 406 300 424 320
b149 271 317 293 364
b150 490 459 521 482
b151 227 278 245 320
b152 409 396 425 415
b153 41 228 82 258
b154 109 197 126 219
b155 13 0 27 25
b156 428 406 444 434
b157 227 151 247 176
b158 112 102 135 115
b159 519 141 551 185
b160 435 41 451 68
b161 388 0 435 46
b162 86 179 117 197
b163 405 83 427 116
b164 435 0 471 41
b165 145 33 162 54
b166 75 521 109 557
b167 361 201 398 237
b168 368 119 392 160
b169 13 243 37 282
b170 193 0 238 29
b171 109 518 131 558
b172 61 258 88 271
b173 205 431 230 463
b174 86 163 129 179
b175 234 391 250 406
b176 230 430 268 463
b177 42 58 79 99
b178 79 58 96 77
b179 325 476 371 510
b180 409 415 428 455
b181 318 268 346 298
b182 205 345 229 390
b183 328 46 367 79
b184 428 434 453 480
b185 338 345 372 372
b186 13 384 46 415
b187 329 79 365 117
b188 510 306 550 343
b189 353 237 365 281
b190 283 0 310 37
b191 171 438 205 454
b192 326 372 374 401
b193 139 391 172 408
b194 398 187 411 215
b195 296 495 309 528
b196 88 230 129 271
b197 220 182 248 219
b198 13 415 32 463
b199 406 221 442 252
b200 296 431 333 474
b201 332 117 358 146
b202 416 516 455 550
b203 13 228 41 243
b204 144 84 185 117
b205 296 474 311 495
b206 33 180 75 215
b207 444 406 477 434
b208 165 218 192 238
b209 352 0 388 45
b210 371 481 384 505
b211 475 77 487 93
b212 167 502 188 544
b213 407 159 439 173
b214 521 439 548 456
b215 208 481 237 502
b216 433 174 475 193
b217 13 180 33 228
b218 27 0 42 43
b219 403 252 431 270
b220 190 278 227 308
b221 32 415 45 460
b222 284 37 309 71
b223 171 33 190 55
b224 163 481 208 502
b225 424 270 462 317
b226 431 252 470 268
b227 367 89 399 102
b228 256 263 277 283
b229 192 213 216 261
b230 455 435 485 468
b231 427 68 457 84
b232 122 0 145 42
b233 396 438 409 454
b234 205 463 238 481
b235 485 37 531 59
b236 195 391 234 418
b237 201 536 241 557
b238 368 160 407 187
b239 99 123 121 163
b240 510 219 533 238
b241 75 197 88 221
b242 277 263 317 285
b243 455 524 492 558
b244 259 213 296 226
b245 485 435 521 459
b246 411 198 455 221
b247 416 480 455 516
b248 0 501 43 532
b249 13 357 48 384
b250 88 0 122 31
b251 455 481 489 524
b252 387 510 415 529
b253 296 226 311 239
b254 37 258 61 271
b255 489 482 536 521
b256 62 521 75 542
b257 288 181 321 198
b258 201 502 245 536
b259 365 237 391 249
b260 332 169 344 188
b261 212 418 257 430
b262 261 165 288 213
b263 133 304 180 350
b264 179 159 224 182
b265 27 43 42 88
b266 462 270 510 315
b267 468 315 507 349
b268 411 173 433 198
b269 475 179 493 216
b270 130 484 153 499
b271 163 454 205 478
b272 0 532 35 556
b273 296 386 326 407
b274 88 197 109 230
b275 98 363 126 385
b276 311 474 325 505
b277 248 153 295 165
b278 33 215 75 228
b279 47 478 86 521
b280 130 350 161 372
b281 406 270 424 300
b282 121 117 151 161
b283 391 237 406 250
b284 444 84 474 105
b285 0 0 13 33
b286 131 502 167 543
b287 212 41 254 62
b288 457 41 485 77
b289 471 0 504 37
b290 428 84 444 111
b291 151 117 179 160
b292 375 371 414 395
b293 309 46 328 89
b294 165 201 191 218
b295 188 502 201 545
b296 79 291 106 307
b297 442 221 480 252
b298 335 443 375 476
b299 157 238 170 251
