434864.75
557249.5
312480
558 560
831.081369
b0 490 140 505 167
b1 475 124 502 140
b2 361 246 383 272
b3 432 348 453 393
b4 167 362 212 402
b5 98 371 124 387
b6 258 399 285 437
b7 319 371 354 400
b8 295 504 316 540
b9 258 479 302 504
b10 224 150 255 165
b11 149 117 190 141
b12 346 316 365 333
b13 190 117 238 150
b14 373 431 394 475
b15 402 204 417 238
b16 35 198 80 240
b17 203 252 240 293
b18 403 139 446 183
b19 258 437 294 460
b20 124 371 141 384
b21 267 504 295 548
b22 516 0 545 35
b23 215 73 255 90
b24 343 263 361 287
b25 227 194 270 223
b26 375 138 402 156
b27 452 40 490 80
b28 176 185 188 209
b29 203 223 233 252
b30 108 17 136 37
b31 366 343 398 379
b32 460 186 482 205
b33 144 243 189 289
b34 471 480 500 492
b35 365 315 377 341
b36 383 243 410 273
b37 346 287 358 316
b38 245 375 264 396
b39 0 33 13 45
b40 144 367 163 414
b41 258 460 294 479
b42 0 454 46 479
b43 396 183 435 204
b44 319 302 346 326
b45 378 156 403 180
b46 502 312 515 331
b47 450 0 492 40
b48 353 518 387 546
b49 492 0 516 48
b50 98 271 117 285
b51 432 393 446 409
b52 375 82 393 119
b53 295 282 307 318
b54 190 150 224 180
b55 13 339 44 365
b56 98 387 144 418
b57 367 0 414 48
b58 416 308 441 333
b59 0 513 47 551
b60 315 400 354 416
b61 397 431 428 476
b62 270 177 306 223
b63 240 239 276 285
b64 530 412 545 445
b65 340 518 353 541
b66 509 155 554 197
b67 411 48 425 81
b68 101 169 146 197
b69 453 377 480 413
b70 444 238 460 283
b71 425 80 457 114
b72 104 489 136 504
b73 490 48 502 94
b74 197 507 231 550
b75 502 63 522 100
b76 414 0 450 39
b77 393 82 411 122
b78 88 491 104 533
b79 13 314 53 339
b80 47 543 83 558
b81 131 418 163 433
b82 210 293 234 332
b83 304 0 345 37
b84 80 115 118 149
b85 398 348 432 391
b86 428 508 467 552
b87 502 331 550 376
b88 340 474 369 518
b89 513 523 555 543
b90 128 141 174 165
b91 56 360 77 403
b92 509 197 556 242
b93 342 346 366 366
b94 294 435 325 454
b95 56 303 93 347
b96 249 285 295 318
b97 494 191 509 231
b98 411 81 424 116
b99 215 90 255 107
b100 513 479 558 523
b101 509 449 545 479
b102 41 94 77 134
b103 460 205 494 239
b104 189 236 203 278
b105 13 134 48 167
b106 55 0 67 33
b107 43 412 75 427
b108 215 338 253 375
b109 429 446 471 492
b110 255 54 297 93
b111 88 533 101 554
b112 253 338 278 368
b113 176 402 212 426
b114 181 73 215 117
b115 163 493 197 515
b116 212 435 240 454
b117 441 308 462 347
b118 515 287 553 331
b119 474 331 502 376
b120 13 35 49 71
b121 255 93 289 131
b122 0 419 43 439
b123 13 71 49 94
b124 280 365 315 396
b125 307 221 353 263
b126 316 542 338 554
b127 13 240 56 265
b128 80 0 108 44
b129 353 108 375 142
b130 397 476 423 506
b131 162 293 210 338
b132 411 391 429 430
b133 344 160 359 203
b134 163 459 210 493
b135 234 293 249 338
b136 354 366 366 403
b137 13 94 41 115
b138 369 475 397 517
b139 359 180 396 216
b140 522 63 534 106
b141 539 242 558 287
b142 457 80 484 117
b143 256 153 281 177
b144 47 491 87 506
b145 93 236 138 249
b146 163 426 211 459
b147 47 427 89 457
b148 442 283 460 303
b149 345 0 367 47
b150 414 116 445 139
b151 56 285 98 303
b152 361 272 380 288
b153 0 389 41 419
b154 108 0 130 17
b155 354 403 368 428
b156 417 204 433 232
b157 278 223 298 248
b158 342 333 365 346
b159 149 69 181 113
b160 509 106 536 122
b161 181 27 228 73
b162 240 429 258 460
b163 342 86 375 108
b164 471 413 512 449
b165 212 418 233 435
b166 123 524 157 560
b167 480 376 517 412
b168 534 63 558 104
b169 188 193 227 217
b170 133 289 162 334
b171 157 515 179 555
b172 117 271 144 284
b173 136 433 161 465
b174 426 265 442 308
b175 77 347 93 362
b176 373 398 411 431
b177 47 506 88 543
b178 104 96 121 115
b179 47 457 93 491
b180 462 312 502 331
b181 267 0 297 28
b182 316 497 340 542
b183 340 435 373 474
b184 380 273 426 298
b185 410 238 444 265
b186 93 312 126 343
b187 517 376 555 412
b188 387 517 424 557
b189 176 141 188 185
b190 365 216 402 243
b191 429 492 463 508
b192 446 117 475 165
b193 240 396 257 429
b194 499 284 512 312
b195 309 86 342 99
b196 108 55 149 96
b197 93 343 130 371
b198 104 504 123 552
b199 228 23 264 54
b200 13 277 56 314
b201 230 165 256 194
b202 467 510 506 544
b203 0 439 28 454
b204 93 456 134 489
b205 416 333 437 348
b206 13 0 55 35
b207 48 134 76 167
b208 253 318 280 338
b209 380 298 416 343
b210 490 167 503 191
b211 433 222 445 238
b212 136 482 157 524
b213 476 140 490 172
b214 361 288 378 315
b215 146 338 167 367
b216 312 416 354 435
b217 80 149 128 169
b218 93 441 136 456
b219 322 133 340 161
b220 509 242 539 279
b221 67 0 80 45
b222 281 133 306 167
b223 181 217 203 236
b224 77 371 98 416
b225 306 161 344 208
b226 375 122 414 138
b227 306 208 338 221
b228 345 47 366 67
b229 167 338 215 362
b230 309 37 342 67
b231 233 223 263 239
b232 89 418 131 441
b233 500 480 513 496
b234 467 492 500 510
b235 98 249 144 271
b236 285 396 312 435
b237 80 169 101 209
b238 425 40 452 79
b239 136 15 158 55
b240 359 156 378 179
b241 13 167 26 191
b242 264 28 304 50
b243 144 209 181 243
b244 340 108 353 145
b245 435 186 459 222
b246 223 0 267 23
b247 307 263 343 302
b248 35 167 78 198
b249 98 285 133 312
b250 276 248 307 282
b251 297 99 340 133
b252 366 379 394 398
b253 263 223 278 236
b254 163 402 176 426
b255 280 318 319 365
b256 56 347 77 360
b257 71 252 88 285
b258 0 479 44 513
b259 353 220 365 246
b260 338 208 357 220
b261 13 265 58 277
b262 175 0 223 27
b263 212 460 258 507
b264 319 326 342 371
b265 130 0 175 15
b266 460 239 508 284
b267 366 48 405 82
b268 255 131 280 153
b269 512 412 530 449
b270 41 389 56 412
b271 13 365 55 389
b272 80 44 104 79
b273 446 165 476 186
b274 212 375 245 396
b275 212 396 240 418
b276 264 368 278 399
b277 297 50 309 97
b278 188 180 230 193
b279 101 197 144 236
b280 13 191 35 222
b281 484 94 502 124
b282 146 165 176 209
b283 340 145 353 160
b284 453 347 474 377
b285 0 0 13 33
b286 231 507 267 548
b287 158 27 179 69
b288 516 35 552 63
b289 432 413 469 446
b290 306 133 322 160
b291 302 454 330 497
b292 460 284 499 308
b293 309 67 352 86
b294 136 465 162 482
b295 80 209 93 252
b296 130 334 146 361
b297 471 449 509 480
b298 509 122 549 155
b299 58 240 71 253
