606802.5
667710
545895
315 1733
14.351739
b0 52 1519 95 1552
b1 174 999 239 1036
b2 121 1085 174 1119
b3 0 1160 37 1227
b4 65 791 94 810
b5 181 208 220 257
b6 199 492 239 510
b7 121 1119 143 1159
b8 239 344 289 406
b9 187 407 203 448
b10 124 0 142 52
b11 57 1322 96 1381
b12 46 763 107 791
b13 142 52 190 109
b14 78 1042 141 1085
b15 142 0 201 52
b16 174 1036 210 1093
b17 77 1160 121 1226
b18 116 459 164 510
b19 145 1240 176 1290
b20 26 881 63 900
b21 0 1552 64 1602
b22 190 105 239 139
b23 37 1322 57 1371
b24 77 57 122 85
b25 201 0 255 39
b26 157 257 212 297
b27 110 1386 135 1451
b28 63 881 102 927
b29 46 819 70 881
b30 133 591 157 617
b31 0 0 26 34
b32 26 1070 69 1123
b33 52 1431 74 1466
b34 183 297 210 351
b35 64 1552 95 1590
b36 107 702 146 769
b37 0 1647 20 1707
b38 77 123 100 180
b39 0 1431 52 1486
b40 217 139 243 168
b41 103 534 130 589
b42 63 927 125 980
b43 64 1626 125 1672
b44 68 589 133 636
b45 144 1196 167 1240
b46 77 85 116 107
b47 122 407 187 440
b48 104 1359 161 1386
b49 140 769 187 834
b50 77 1226 144 1258
b51 102 827 140 884
b52 0 1602 54 1647
b53 52 1498 95 1519
b54 68 702 86 763
b55 183 351 217 407
b56 68 636 85 699
b57 124 255 142 302
b58 69 1085 115 1119
b59 142 139 192 176
b60 37 1160 77 1183
b61 124 232 157 255
b62 122 440 182 459
b63 74 1431 110 1476
b64 210 297 260 344
b65 124 176 181 232
b66 54 1672 121 1733
b67 102 884 146 924
b68 26 1007 78 1070
b69 63 980 117 1007
b70 143 957 185 999
b71 74 1476 138 1498
b72 95 1565 156 1626
b73 122 302 183 369
b74 77 1258 115 1300
b75 46 791 65 819
b76 125 924 147 957
b77 133 534 199 591
b78 181 176 217 208
b79 255 0 315 41
b80 107 769 123 827
b81 37 1381 77 1431
b82 77 0 124 57
b83 46 19 68 35
b84 37 1300 104 1322
b85 26 19 46 44
b86 26 1123 82 1160
b87 143 1119 182 1163
b88 116 510 153 534
b89 146 617 184 644
b90 121 1163 160 1196
b91 164 459 220 492
b92 77 107 103 123
b93 78 1007 143 1042
b94 104 1300 145 1359
b95 26 0 77 19
b96 85 636 125 702
b97 95 1498 112 1565
b98 167 1163 189 1225
b99 201 39 250 105
