649603
717571
581635
305 1907
14.278699
b0 114 401 157 434
b1 99 847 164 884
b2 189 983 242 1017
b3 213 496 250 563
b4 26 1211 55 1230
b5 83 491 122 540
b6 163 33 203 51
b7 61 0 83 40
b8 132 785 182 847
b9 152 566 168 607
b10 210 752 228 804
b11 0 1848 39 1907
b12 56 1608 117 1636
b13 26 1479 74 1536
b14 67 1536 130 1579
b15 143 116 202 168
b16 114 434 150 491
b17 125 1059 169 1125
b18 257 0 305 51
b19 242 563 273 613
b20 193 1052 230 1071
b21 61 1004 125 1054
b22 78 1216 127 1250
b23 0 101 20 150
b24 144 1159 189 1187
b25 163 77 217 116
b26 174 456 229 496
b27 23 1699 48 1764
b28 188 804 227 850
b29 78 1250 102 1312
b30 203 51 227 77
b31 0 67 26 101
b32 184 1272 227 1325
b33 152 531 174 566
b34 20 1536 47 1590
b35 83 368 114 406
b36 116 631 155 698
b37 143 0 163 60
b38 202 166 225 223
b39 125 1004 177 1059
b40 47 1579 73 1608
b41 157 401 184 456
b42 61 884 123 937
b43 20 1653 81 1699
b44 0 1801 65 1848
b45 0 1699 23 1743
b46 116 1299 155 1321
b47 123 884 188 917
b48 127 1272 184 1299
b49 26 1414 73 1479
b50 146 720 213 752
b51 61 1091 99 1148
b52 145 917 199 962
b53 177 962 220 983
b54 83 19 101 80
b55 143 212 177 268
b56 48 1699 65 1762
b57 242 51 260 98
b58 117 1125 163 1159
b59 23 1764 73 1801
b60 158 285 198 308
b61 99 777 132 800
b62 83 0 143 19
b63 20 1608 56 1653
b64 155 607 205 654
b65 101 268 158 324
b66 73 1414 140 1475
b67 122 491 166 531
b68 26 1148 78 1211
b69 127 374 181 401
b70 123 962 165 1004
b71 116 698 180 720
b72 55 1312 116 1373
b73 0 0 61 67
b74 61 599 99 641
b75 101 340 120 368
b76 188 752 210 785
b77 78 1159 144 1216
b78 116 599 152 631
b79 55 1373 115 1414
b80 198 285 214 343
b81 202 116 242 166
b82 99 720 146 777
b83 123 917 145 933
b84 65 1801 132 1823
b85 47 1536 67 1561
b86 61 1054 117 1091
b87 143 168 182 212
b88 219 27 256 51
b89 219 0 257 27
b90 146 752 185 785
b91 163 0 219 33
b92 101 324 127 340
b93 189 1017 254 1052
b94 83 540 124 599
b95 144 1253 195 1272
b96 158 308 198 374
b97 99 599 116 666
b98 182 223 204 285
b99 144 1187 193 1253
