2252352.5
3314197
1190508
311 3828
876.701202
b0 58 3047 85 3062
b1 101 2770 128 2786
b2 173 918 195 944
b3 119 871 140 916
b4 140 1126 180 1171
b5 129 2557 145 2583
b6 146 1601 184 1628
b7 55 3332 90 3361
b8 155 1853 176 1889
b9 66 3665 110 3690
b10 63 3468 78 3499
b11 99 2798 140 2822
b12 200 482 217 501
b13 120 1434 153 1482
b14 71 3114 115 3135
b15 119 1254 153 1269
b16 154 2726 199 2768
b17 126 416 167 453
b18 66 1910 109 1954
b19 18 3685 54 3708
b20 169 1054 182 1071
b21 200 438 228 482
b22 102 2059 137 2088
b23 82 2596 122 2613
b24 128 2770 146 2794
b25 140 1083 169 1126
b26 163 215 190 233
b27 181 1964 219 2004
b28 146 2714 170 2726
b29 34 3440 63 3470
b30 232 535 252 563
b31 87 832 119 868
b32 113 2037 132 2059
b33 196 106 241 152
b34 47 3376 76 3388
b35 156 390 168 416
b36 86 2980 113 3010
b37 119 916 131 945
b38 186 885 207 904
b39 71 2762 83 2775
b40 112 1827 131 1874
b41 165 306 201 325
b42 134 2012 180 2037
b43 114 1387 153 1408
b44 167 1171 194 1195
b45 112 1772 136 1797
b46 176 1853 195 1866
b47 80 1984 122 2024
b48 183 664 211 698
b49 51 3499 75 3547
b50 85 2305 104 2319
b51 120 1614 134 1630
b52 43 2265 80 2283
b53 35 3114 71 3126
b54 56 2231 86 2265
b55 120 1583 146 1614
b56 183 633 229 664
b57 105 2509 152 2557
b58 105 2444 130 2469
b59 114 472 161 510
b60 248 57 287 73
b61 71 2834 102 2879
b62 66 1772 112 1808
b63 99 1726 135 1772
b64 140 1673 173 1688
b65 138 3159 151 3182
b66 190 261 232 306
b67 192 944 206 977
b68 114 1269 142 1314
b69 201 306 237 333
b70 71 2879 87 2924
b71 228 355 262 387
b72 86 3047 118 3062
b73 166 1426 178 1472
b74 115 3104 158 3138
b75 56 1996 76 2033
b76 34 3592 73 3628
b77 146 1023 186 1041
b78 189 617 231 633
b79 177 537 217 562
b80 126 2260 162 2275
b81 78 3361 93 3393
b82 139 2308 178 2332
b83 66 1808 103 1849
b84 30 3769 64 3807
b85 122 2644 156 2687
b86 126 233 165 277
b87 185 2128 230 2176
b88 86 2936 115 2980
b89 146 1041 166 1083
b90 71 3308 117 3332
b91 114 794 157 815
b92 82 2687 127 2734
b93 186 2176 206 2200
b94 18 3661 49 3680
b95 73 3010 117 3047
b96 139 2275 185 2308
b97 107 2112 147 2127
b98 158 1688 171 1723
b99 114 815 154 832
b100 267 0 311 45
b101 153 690 183 726
b102 148 1817 188 1853
b103 208 501 242 535
b104 162 2114 204 2128
b105 231 24 266 57
b106 163 34 175 67
b107 87 3464 119 3479
b108 126 0 163 38
b109 190 215 232 261
b110 114 510 153 552
b111 201 596 214 617
b112 126 277 156 302
b113 231 0 267 24
b114 71 3135 105 3179
b115 163 2509 197 2531
b116 43 2398 71 2417
b117 43 2377 82 2398
b118 105 2406 149 2444
b119 161 584 189 629
b120 148 1351 184 1387
b121 126 2332 160 2370
b122 43 2924 86 2944
b123 66 3628 89 3664
b124 76 2112 107 2147
b125 160 768 206 810
b126 80 2265 102 2277
b127 165 233 190 276
b128 43 0 87 28
b129 197 333 231 355
b130 120 1408 150 1434
b131 51 3547 99 3592
b132 145 2557 163 2596
b133 151 1530 166 1573
b134 232 152 266 199
b135 181 1949 226 1964
b136 43 1984 80 1996
b137 99 1561 120 1589
b138 43 2305 85 2333
b139 79 3690 115 3727
b140 142 1308 154 1351
b141 140 1628 159 1673
b142 87 868 114 905
b143 83 2192 107 2217
b144 127 2860 142 2900
b145 83 2789 96 2834
b146 43 3081 91 3114
b147 216 786 246 828
b148 0 113 18 133
b149 167 416 214 438
b150 82 2365 105 2396
b151 115 3062 133 3104
b152 207 87 223 106
b153 207 57 248 87
b154 35 3423 57 3440
b155 34 3628 59 3642
b156 196 176 224 192
b157 35 3126 55 3151
b158 43 28 66 41
b159 82 2333 126 2365
b160 120 3198 147 3214
b161 114 747 160 794
b162 109 1910 140 1928
b163 122 1928 155 1950
b164 157 810 193 851
b165 133 2958 154 2975
b166 0 77 34 113
b167 216 749 252 786
b168 63 3427 87 3468
b169 207 0 231 39
b170 87 1436 116 1481
b171 105 2860 127 2900
b172 87 0 114 13
b173 155 1889 180 1921
b174 186 1023 229 1039
b175 58 2944 73 2960
b176 120 1688 153 1726
b177 99 1630 140 1667
b178 126 453 143 472
b179 226 1039 272 1073
b180 162 2037 181 2077
b181 71 2734 101 2762
b182 175 152 220 176
b183 163 176 196 215
b184 130 2484 176 2509
b185 55 3262 82 3296
b186 192 2004 223 2037
b187 149 2446 185 2484
b188 149 2406 186 2446
b189 153 735 197 747
b190 42 3742 79 3769
b191 161 453 177 487
b192 129 2596 158 2644
b193 80 2024 113 2041
b194 169 1041 197 1054
b195 66 1561 99 1574
b196 75 3499 116 3540
b197 80 2277 117 2305
b198 18 3642 66 3661
b199 177 501 208 537
b200 0 0 43 37
b201 159 1628 185 1657
b202 142 1269 176 1308
b203 151 1573 166 1601
b204 156 357 197 390
b205 82 3293 103 3308
b206 0 3708 42 3743
b207 87 1408 120 1436
b208 146 851 173 871
b209 101 2734 146 2770
b210 126 2275 139 2299
b211 101 2786 117 2798
b212 99 1667 120 1709
b213 252 681 284 695
b214 146 2687 163 2714
b215 115 3138 144 3159
b216 105 2900 147 2919
b217 145 3214 165 3262
b218 35 3361 78 3376
b219 150 1408 178 1426
b220 162 2077 192 2114
b221 76 2147 89 2192
b222 114 1351 148 1376
b223 80 2041 102 2060
b224 78 3393 123 3414
b225 102 2822 149 2860
b226 105 3182 144 3198
b227 165 325 178 357
b228 175 34 196 54
b229 229 633 253 681
b230 0 3743 30 3776
b231 66 1954 82 1984
b232 122 1950 164 1973
b233 133 2975 149 2988
b234 105 3159 138 3177
b235 84 3198 106 3244
b236 119 832 146 871
b237 161 629 182 669
b238 56 2192 83 2231
b239 161 562 201 584
b240 177 438 200 457
b241 49 3661 62 3685
b242 197 1039 219 1079
b243 42 3708 79 3742
b244 63 3414 100 3427
b245 80 2088 116 2112
b246 43 2333 66 2377
b247 115 2919 151 2958
b248 87 1530 130 1561
b249 0 50 35 77
b250 201 562 232 596
b251 173 851 216 885
b252 164 1921 183 1949
b253 43 2944 58 2957
b254 103 1897 127 1910
b255 82 2557 129 2596
b256 113 2024 134 2037
b257 34 3470 51 3503
b258 163 0 207 34
b259 160 2332 186 2344
b260 86 2924 105 2936
b261 114 0 126 45
b262 136 1751 163 1799
b263 170 977 217 1023
b264 103 1874 148 1897
b265 100 3414 145 3429
b266 116 1482 161 1530
b267 122 1973 156 2012
b268 136 1726 158 1751
b269 133 1799 170 1817
b270 180 1079 203 1094
b271 158 2768 200 2792
b272 100 3429 124 3464
b273 112 1797 133 1827
b274 0 3807 33 3828
b275 170 944 192 972
b276 202 735 233 749
b277 35 3376 47 3423
b278 140 1171 153 1213
b279 102 2217 141 2260
b280 120 1561 151 1583
b281 71 3244 101 3262
b282 73 3592 117 3622
b283 71 3179 84 3194
b284 153 669 183 690
b285 173 885 186 918
b286 131 1213 167 1254
b287 160 747 202 768
b288 126 2370 154 2406
b289 183 698 216 735
b290 55 3296 71 3323
b291 89 3622 117 3665
b292 146 871 170 910
b293 43 3062 86 3081
b294 176 1195 193 1221
b295 0 37 43 50
b296 83 2762 99 2789
b297 82 3262 120 3293
b298 93 3332 126 3372
b299 43 1996 56 2009
