1148189.25
1747635.5
548743
221 2483
206.193968
b0 116 610 152 626
b1 97 567 116 606
b2 26 1962 67 1997
b3 144 527 162 574
b4 62 0 88 32
b5 48 2006 83 2037
b6 0 2076 29 2089
b7 168 971 196 992
b8 106 1226 138 1241
b9 93 1719 139 1753
b10 144 64 189 96
b11 126 1670 140 1706
b12 101 308 137 350
b13 90 1997 138 2042
b14 74 1431 89 1456
b15 62 874 107 920
b16 44 2414 62 2436
b17 74 2342 107 2368
b18 116 2085 150 2104
b19 90 1985 120 1997
b20 61 2167 89 2200
b21 26 2037 70 2076
b22 0 1719 26 1758
b23 106 920 146 945
b24 0 2326 25 2341
b25 144 96 180 132
b26 25 2373 68 2398
b27 107 858 141 873
b28 138 1760 184 1798
b29 62 493 74 530
b30 72 1608 89 1635
b31 74 760 111 776
b32 157 32 180 64
b33 106 945 124 981
b34 54 1877 73 1915
b35 114 435 129 468
b36 25 1394 53 1406
b37 122 1774 138 1795
b38 93 1670 126 1696
b39 123 702 153 744
b40 110 626 138 667
b41 86 858 102 874
b42 74 493 93 537
b43 148 899 188 933
b44 25 2398 52 2414
b45 37 1324 51 1361
b46 101 293 149 308
b47 83 1248 106 1262
b48 25 1656 49 1682
b49 111 132 151 163
b50 73 962 106 1004
b51 37 1276 64 1324
b52 117 1052 144 1089
b53 97 459 114 477
b54 93 744 136 760
b55 97 606 110 652
b56 81 1178 103 1203
b57 103 1178 122 1226
b58 103 1774 122 1815
b59 0 2437 46 2483
b60 93 702 123 737
b61 68 2133 101 2167
b62 25 0 62 45
b63 89 1563 104 1598
b64 25 1608 72 1656
b65 68 2100 98 2133
b66 53 1527 84 1558
b67 25 1682 69 1719
b68 137 313 172 337
b69 60 1839 79 1877
b70 37 962 73 976
b71 106 1002 148 1036
b72 25 1361 59 1394
b73 165 933 183 971
b74 139 1283 168 1301
b75 88 0 111 27
b76 72 1635 86 1647
b77 54 1915 78 1931
b78 98 2042 124 2085
b79 111 760 130 797
b80 59 1512 73 1527
b81 29 2092 61 2112
b82 129 435 161 468
b83 111 188 130 225
b84 60 1774 103 1811
b85 78 1911 126 1948
b86 62 813 86 837
b87 129 468 174 487
b88 116 567 144 610
b89 146 864 158 899
b90 84 1539 129 1563
b91 89 1598 133 1626
b92 103 1815 145 1839
b93 93 1753 136 1774
b94 59 1349 74 1365
b95 111 163 147 188
b96 86 813 111 858
b97 196 529 221 557
b98 123 1101 139 1127
b99 37 2308 74 2328
b100 159 218 186 243
b101 128 245 168 293
b102 139 1301 164 1339
b103 169 0 201 32
b104 53 1583 89 1608
b105 64 1281 106 1312
b106 146 825 180 864
b107 106 1036 151 1052
b108 111 0 144 12
b109 76 1312 88 1334
b110 0 2414 44 2437
b111 126 1706 144 1719
b112 61 2200 79 2246
b113 111 797 154 825
b114 161 337 200 356
b115 88 1337 125 1367
b116 124 1241 161 1283
b117 67 1948 91 1985
b118 97 667 136 702
b119 76 1367 100 1403
b120 124 945 139 990
b121 37 2328 69 2373
b122 147 188 190 218
b123 189 32 202 67
b124 68 2373 81 2412
b125 76 1403 94 1431
b126 60 1811 98 1839
b127 73 1889 97 1911
b128 88 1312 124 1337
b129 73 1052 117 1098
b130 37 1134 81 1179
b131 53 1563 89 1583
b132 107 372 145 388
b133 89 1431 103 1443
b134 171 132 200 148
b135 74 776 89 813
b136 83 1262 107 1281
b137 26 1997 48 2015
b138 107 350 137 372
b139 60 1719 93 1750
b140 157 0 169 16
b141 62 2246 87 2280
b142 101 225 128 271
b143 93 1626 139 1670
b144 96 1443 121 1472
b145 113 1861 158 1895
b146 73 1004 106 1038
b147 54 1931 66 1962
b148 59 1324 76 1349
b149 98 1839 120 1861
b150 89 2167 102 2197
b151 84 1512 100 1539
b152 29 2246 62 2279
b153 73 1877 113 1889
b154 81 1134 123 1178
b155 25 45 37 58
b156 88 350 107 392
b157 123 1089 165 1101
b158 26 1731 54 1748
b159 88 392 112 428
b160 73 1098 85 1134
b161 88 428 107 459
b162 120 1981 150 1993
b163 112 388 158 435
b164 100 1472 132 1499
b165 91 1948 132 1981
b166 29 2280 65 2292
b167 148 487 195 501
b168 59 1487 96 1512
b169 37 1248 83 1276
b170 81 1203 103 1248
b171 62 459 97 493
b172 164 1301 195 1326
b173 74 2280 116 2302
b174 149 293 174 313
b175 26 1719 60 1731
b176 49 1656 69 1672
b177 74 1456 95 1487
b178 100 1367 120 1383
b179 139 1719 184 1760
b180 67 1985 86 2006
b181 62 920 77 962
b182 106 990 139 1002
b183 37 2292 74 2308
b184 151 132 171 151
b185 144 0 157 44
b186 88 27 101 75
b187 68 2076 90 2100
b188 114 527 138 567
b189 128 225 159 245
b190 0 2292 37 2326
b191 151 151 193 188
b192 180 501 202 529
b193 139 1339 181 1382
b194 168 992 210 1035
b195 0 0 25 36
b196 29 2076 68 2092
b197 140 1382 187 1417
b198 74 2302 96 2342
b199 114 487 148 527
