1248837.5
1873468
624207
233 2679
207.679764
b0 101 1946 137 1962
b1 178 162 197 201
b2 72 2465 113 2500
b3 110 892 128 939
b4 87 0 113 32
b5 113 0 148 31
b6 72 1992 101 2005
b7 113 31 141 52
b8 19 2195 51 2210
b9 88 562 134 596
b10 152 696 197 728
b11 92 1027 106 1063
b12 88 1084 124 1126
b13 41 2335 89 2380
b14 72 0 87 25
b15 92 939 137 985
b16 89 2284 107 2306
b17 46 1935 79 1961
b18 19 2440 53 2459
b19 44 1247 74 1259
b20 122 1494 150 1527
b21 20 2555 64 2594
b22 118 1236 144 1275
b23 131 441 171 466
b24 142 1827 167 1842
b25 142 241 178 277
b26 72 2017 115 2042
b27 89 1187 123 1202
b28 77 1790 123 1828
b29 64 2518 76 2555
b30 213 0 230 27
b31 176 344 213 360
b32 88 446 111 478
b33 36 2519 54 2555
b34 114 1667 133 1705
b35 92 2042 107 2075
b36 44 0 72 12
b37 30 1744 46 1765
b38 51 2309 84 2335
b39 160 120 190 162
b40 61 1151 89 1192
b41 109 631 125 647
b42 51 2265 70 2309
b43 82 1479 122 1513
b44 98 723 125 739
b45 91 1874 105 1911
b46 98 747 146 762
b47 101 1962 124 1976
b48 82 1588 106 1614
b49 137 1894 177 1925
b50 132 350 165 392
b51 114 1600 141 1648
b52 61 748 88 785
b53 44 12 61 30
b54 108 546 151 562
b55 110 846 123 892
b56 141 1596 163 1621
b57 0 56 19 104
b58 44 1413 63 1454
b59 77 1828 123 1874
b60 91 1911 121 1946
b61 108 1202 141 1236
b62 125 651 162 696
b63 36 2484 51 2519
b64 86 2417 133 2465
b65 0 23 30 56
b66 61 717 92 748
b67 74 1236 118 1273
b68 148 96 183 120
b69 136 1434 155 1472
b70 197 469 233 483
b71 106 1976 148 2010
b72 0 2646 34 2679
b73 176 360 194 398
b74 51 2500 80 2518
b75 111 497 134 524
b76 72 2417 86 2429
b77 72 664 96 680
b78 72 621 98 664
b79 72 680 91 717
b80 122 1479 136 1494
b81 153 761 185 781
b82 120 392 152 425
b83 141 120 160 157
b84 111 985 154 1022
b85 60 2075 108 2112
b86 87 384 111 408
b87 46 1874 91 1893
b88 159 797 187 840
b89 173 0 185 35
b90 20 2594 65 2618
b91 140 1275 184 1303
b92 30 1961 72 1985
b93 88 425 131 446
b94 144 1145 159 1161
b95 63 2240 99 2265
b96 99 1434 124 1479
b97 74 1341 99 1369
b98 137 846 153 872
b99 105 1874 142 1894
b100 185 0 212 25
b101 123 1779 163 1827
b102 30 1997 55 2035
b103 60 2042 92 2074
b104 36 2459 72 2484
b105 87 115 129 146
b106 135 202 169 241
b107 131 425 176 441
b108 88 1063 121 1075
b109 51 2195 63 2217
b110 0 0 44 23
b111 92 803 110 816
b112 83 1946 101 1992
b113 0 2618 43 2646
b114 70 2265 109 2284
b115 77 1744 114 1774
b116 46 1893 83 1935
b117 55 2112 79 2149
b118 109 596 148 631
b119 125 1364 149 1400
b120 114 1734 129 1779
b121 63 2195 95 2240
b122 19 2410 62 2440
b123 113 80 126 115
b124 173 35 186 74
b125 107 1364 125 1392
b126 44 1385 82 1413
b127 43 2618 67 2640
b128 172 319 208 344
b129 30 2149 74 2195
b130 148 606 192 651
b131 0 2459 36 2479
b132 44 1369 82 1385
b133 106 1588 120 1600
b134 161 509 190 525
b135 137 872 152 909
b136 124 1084 148 1103
b137 129 320 151 338
b138 111 524 141 546
b139 121 1022 154 1053
b140 134 1648 146 1664
b141 74 1307 99 1341
b142 113 1126 140 1172
b143 82 1527 128 1571
b144 114 1705 139 1734
b145 87 338 132 372
b146 74 1273 107 1307
b147 61 1216 73 1247
b148 88 1126 105 1151
b149 160 74 182 96
b150 41 2380 54 2410
b151 72 408 88 435
b152 176 1303 209 1336
b153 132 338 172 350
b154 118 1320 160 1364
b155 123 846 135 859
b156 92 985 111 1027
b157 95 2112 137 2124
b158 82 1571 110 1588
b159 89 1151 113 1187
b160 148 20 160 56
b161 121 1053 140 1084
b162 30 1985 60 1997
b163 44 1697 90 1744
b164 109 696 141 723
b165 152 728 193 761
b166 134 497 170 509
b167 61 1202 108 1216
b168 72 596 109 621
b169 171 441 217 469
b170 118 1275 140 1320
b171 141 1562 176 1596
b172 46 1744 77 1769
b173 142 277 184 299
b174 148 0 173 20
b175 72 2005 106 2017
b176 88 478 108 494
b177 131 466 152 497
b178 0 2479 20 2495
b179 96 762 141 803
b180 129 299 148 320
b181 144 1103 159 1145
b182 87 372 120 384
b183 77 1774 114 1790
b184 114 1648 134 1667
b185 148 562 161 606
b186 129 241 142 289
b187 125 723 147 747
b188 82 1614 106 1654
b189 148 299 179 319
b190 107 1400 144 1434
b191 62 2380 104 2417
b192 113 52 135 80
b193 63 1654 105 1697
b194 110 803 152 846
b195 139 1664 164 1700
b196 154 781 193 797
b197 128 1527 175 1562
b198 19 2210 41 2250
b199 141 162 175 202
