571728
848688
294768
534 552
91.87629
b0 518 329 533 356
b1 70 472 97 488
b2 42 497 68 519
b3 204 178 249 199
b4 475 510 520 550
b5 381 57 397 83
b6 158 177 185 215
b7 137 0 166 35
b8 418 391 439 427
b9 128 87 153 131
b10 517 471 532 502
b11 128 458 169 482
b12 380 83 399 100
b13 422 189 470 222
b14 422 309 443 353
b15 263 419 297 434
b16 396 445 438 490
b17 481 316 518 357
b18 267 37 311 80
b19 439 136 475 159
b20 350 371 367 384
b21 368 423 396 467
b22 393 523 428 552
b23 78 173 118 190
b24 258 148 276 172
b25 169 434 198 477
b26 198 456 225 474
b27 196 63 234 103
b28 517 404 529 428
b29 81 246 111 275
b30 328 119 356 139
b31 439 439 475 471
b32 185 178 204 200
b33 280 136 326 181
b34 410 189 422 218
b35 91 435 117 447
b36 27 393 54 423
b37 491 0 503 29
b38 350 350 369 371
b39 253 110 266 122
b40 362 24 381 71
b41 311 47 330 83
b42 198 431 244 456
b43 447 222 468 261
b44 0 351 27 375
b45 50 332 74 357
b46 225 456 244 469
b47 298 307 338 349
b48 121 391 149 425
b49 114 498 162 522
b50 477 0 491 19
b51 169 477 185 491
b52 475 404 512 422
b53 115 75 151 87
b54 369 389 399 423
b55 104 316 135 342
b56 35 235 81 266
b57 0 44 47 92
b58 297 439 322 464
b59 238 513 285 551
b60 128 482 167 498
b61 338 306 383 337
b62 43 127 79 173
b63 463 77 509 113
b64 115 60 148 75
b65 177 43 200 56
b66 487 207 529 252
b67 81 536 114 550
b68 0 459 45 487
b69 27 357 54 393
b70 185 477 201 522
b71 177 322 209 356
b72 209 353 224 385
b73 172 504 184 550
b74 190 0 224 43
b75 200 43 237 63
b76 402 0 438 39
b77 165 394 183 434
b78 365 100 381 142
b79 238 385 263 425
b80 447 261 483 276
b81 518 297 533 329
b82 285 513 309 552
b83 399 354 440 391
b84 439 508 473 546
b85 403 146 437 189
b86 54 357 93 401
b87 248 468 296 513
b88 209 265 238 309
b89 475 422 517 442
b90 47 47 71 93
b91 153 73 196 94
b92 57 0 102 47
b93 251 245 275 265
b94 399 391 418 422
b95 267 0 311 37
b96 322 419 368 452
b97 421 77 461 92
b98 102 0 137 13
b99 0 273 40 290
b100 338 262 383 306
b101 268 383 298 419
b102 70 500 110 536
b103 330 474 364 508
b104 368 467 382 509
b105 0 240 35 273
b106 12 176 45 188
b107 519 0 534 32
b108 39 294 76 332
b109 71 47 113 93
b110 487 168 529 207
b111 381 100 394 121
b112 177 369 207 394
b113 333 0 369 24
b114 278 263 312 307
b115 512 123 534 157
b116 76 324 104 343
b117 381 0 402 39
b118 209 309 247 353
b119 158 230 203 258
b120 76 275 112 311
b121 293 223 327 261
b122 509 32 529 75
b123 209 220 232 256
b124 443 363 474 398
b125 112 238 158 280
b126 251 233 273 245
b127 17 93 60 118
b128 247 306 275 350
b129 0 487 34 509
b130 153 94 183 120
b131 486 252 534 297
b132 381 39 420 57
b133 350 536 393 551
b134 244 434 291 468
b135 394 113 439 128
b136 54 429 91 441
b137 365 234 386 262
b138 54 401 96 429
b139 328 225 365 261
b140 386 234 398 277
b141 232 220 251 265
b142 118 164 155 191
b143 45 472 69 497
b144 12 188 27 228
b145 151 60 196 73
b146 389 490 437 523
b147 0 522 42 552
b148 386 128 406 146
b149 311 0 333 47
b150 439 113 470 136
b151 396 427 438 445
b152 470 276 486 295
b153 437 159 478 189
b154 143 302 160 324
b155 518 376 532 401
b156 42 519 70 535
b157 297 419 322 439
b158 76 311 99 324
b159 224 353 268 385
b160 333 24 360 40
b161 93 343 140 389
b162 97 470 128 488
b163 410 222 443 244
b164 306 383 347 419
b165 369 372 390 389
b166 328 83 362 119
b167 439 471 475 508
b168 254 265 278 306
b169 133 522 172 546
b170 251 172 280 217
b171 143 280 183 302
b172 470 216 483 243
b173 398 244 423 276
b174 149 391 165 434
b175 158 258 173 274
b176 268 350 306 383
b177 79 127 120 164
b178 155 120 172 139
b179 60 93 106 127
b180 481 357 521 376
b181 237 65 265 95
b182 312 261 336 306
b183 143 324 176 363
b184 96 389 121 435
b185 184 522 218 549
b186 306 349 337 382
b187 365 162 403 198
b188 198 394 238 431
b189 70 488 114 500
b190 0 324 37 351
b191 238 265 254 299
b192 422 280 470 309
b193 45 173 78 190
b194 177 356 205 369
b195 102 13 115 46
b196 309 509 350 550
b197 140 363 177 391
b198 160 303 208 322
b199 112 280 143 316
b200 0 118 43 155
b201 81 220 110 246
b202 438 0 477 34
b203 234 95 262 110
b204 475 477 516 510
b205 278 242 293 263
b206 155 142 197 177
b207 197 150 230 178
b208 218 518 238 545
b209 365 198 410 234
b210 237 31 261 44
b211 505 442 517 458
b212 204 199 246 220
b213 183 394 197 426
b214 470 189 487 216
b215 306 83 327 112
b216 475 458 517 477
b217 280 116 328 136
b218 517 428 532 471
b219 278 307 296 335
b220 75 190 112 220
b221 0 446 45 459
b222 421 39 446 73
b223 114 522 133 544
b224 183 258 204 303
b225 443 316 481 363
b226 42 536 81 552
b227 266 116 279 148
b228 365 142 386 162
b229 509 75 533 123
b230 386 277 419 307
b231 475 442 505 458
b232 0 423 42 446
b233 521 356 534 372
b234 406 128 439 146
b235 399 57 421 103
b236 350 509 389 536
b237 137 39 177 60
b238 333 40 360 79
b239 115 13 137 53
b240 328 206 351 225
b241 196 103 220 116
b242 328 452 368 474
b243 328 139 365 173
b244 338 337 375 350
b245 423 244 447 280
b246 0 0 23 44
b247 267 80 306 116
b248 224 0 267 31
b249 120 131 155 158
b250 296 478 330 509
b251 478 125 512 168
b252 230 150 258 169
b253 365 71 380 84
b254 253 122 266 146
b255 383 307 422 354
b256 37 332 50 353
b257 231 469 248 502
b258 23 0 57 44
b259 478 113 504 125
b260 0 176 12 195
b261 0 195 12 240
b262 0 375 27 423
b263 112 191 158 238
b264 83 447 128 470
b265 158 215 203 230
b266 27 190 75 235
b267 0 290 39 324
b268 172 120 197 142
b269 280 181 317 199
b270 275 335 298 350
b271 485 29 509 71
b272 293 199 328 223
b273 237 44 267 65
b274 128 425 149 458
b275 106 93 128 121
b276 297 464 328 478
b277 520 502 532 549
b278 0 509 42 522
b279 446 34 485 77
b280 197 116 219 147
b281 369 354 399 372
b282 201 474 231 518
b283 185 200 198 215
b284 0 155 30 176
b285 337 350 350 383
b286 439 398 475 439
b287 421 92 463 113
b288 40 266 76 294
b289 328 173 365 206
b290 251 217 278 233
b291 475 376 518 404
b292 166 0 190 39
b293 470 297 513 316
b294 0 92 17 118
b295 280 199 293 242
b296 503 0 519 27
b297 45 441 83 472
b298 220 110 253 150
b299 167 491 180 504
