2039791.5
3002222
1077361
293 3677
864.082485
b0 142 1924 169 1939
b1 36 24 63 40
b2 71 1979 93 2005
b3 147 340 168 385
b4 139 1519 179 1564
b5 217 741 233 767
b6 91 2912 129 2939
b7 36 1960 71 1989
b8 51 3239 72 3275
b9 175 116 219 141
b10 60 1679 75 1710
b11 190 1864 231 1888
b12 167 1368 184 1387
b13 94 1734 127 1782
b14 42 3455 86 3476
b15 39 3179 73 3194
b16 175 150 220 192
b17 126 1295 167 1332
b18 143 1098 186 1142
b19 36 2005 72 2028
b20 142 1368 155 1385
b21 129 2028 157 2072
b22 152 407 187 436
b23 235 590 275 607
b24 64 1903 82 1927
b25 13 3455 42 3498
b26 151 781 178 799
b27 13 3513 51 3553
b28 0 2722 24 2734
b29 103 1075 132 1105
b30 191 0 211 28
b31 217 233 249 269
b32 147 385 166 407
b33 64 1857 109 1903
b34 141 1453 170 1465
b35 73 2689 85 2715
b36 91 3040 118 3070
b37 51 2363 63 2392
b38 58 3364 79 3383
b39 78 1260 90 1273
b40 73 2797 92 2844
b41 116 1346 152 1365
b42 202 689 248 714
b43 125 2150 164 2171
b44 124 824 151 848
b45 170 988 194 1013
b46 166 1013 185 1026
b47 63 1480 105 1520
b48 51 3281 79 3315
b49 63 1599 87 1647
b50 126 1332 145 1346
b51 125 2981 139 2997
b52 219 92 256 110
b53 141 640 177 652
b54 96 2026 126 2060
b55 191 233 217 264
b56 124 902 170 933
b57 95 1393 142 1441
b58 191 192 216 217
b59 238 54 285 92
b60 75 1805 114 1821
b61 51 3194 82 3239
b62 167 1295 213 1331
b63 79 3087 115 3133
b64 60 1842 93 1857
b65 72 2005 85 2028
b66 83 2210 125 2255
b67 192 292 206 325
b68 132 736 160 781
b69 194 949 230 976
b70 103 2150 119 2195
b71 60 1647 94 1679
b72 120 407 152 422
b73 120 690 132 736
b74 82 3179 125 3213
b75 76 1562 96 1599
b76 152 1332 191 1368
b77 103 1057 143 1075
b78 130 2402 172 2418
b79 0 3616 40 3641
b80 51 2348 87 2363
b81 175 192 190 224
b82 92 2797 131 2821
b83 59 2056 96 2097
b84 120 652 154 690
b85 24 3364 58 3407
b86 0 2678 39 2722
b87 24 3407 69 3455
b88 142 1984 171 2028
b89 129 2901 149 2943
b90 60 2665 106 2689
b91 129 2072 172 2093
b92 151 855 196 902
b93 126 2093 146 2117
b94 119 1248 150 1267
b95 161 1160 205 1197
b96 159 2418 205 2451
b97 105 1564 145 1579
b98 101 2521 114 2556
b99 195 537 235 554
b100 135 2301 179 2346
b101 208 554 238 590
b102 39 3040 79 3076
b103 113 2598 147 2632
b104 216 855 258 869
b105 187 445 222 478
b106 154 933 166 966
b107 63 1273 95 1288
b108 256 92 293 130
b109 119 1202 161 1248
b110 63 1520 102 1562
b111 151 812 164 833
b112 88 2436 118 2461
b113 45 3553 81 3577
b114 92 2821 126 2865
b115 39 2689 73 2711
b116 36 1857 64 1876
b117 157 2028 196 2049
b118 91 2943 135 2981
b119 147 0 175 45
b120 94 1698 130 1734
b121 70 2981 104 3019
b122 46 2573 89 2593
b123 178 763 201 799
b124 45 3577 76 3612
b125 113 2556 159 2598
b126 96 2060 118 2072
b127 179 494 204 537
b128 36 2028 80 2056
b129 141 618 175 640
b130 200 1331 230 1357
b131 142 1939 190 1984
b132 257 210 275 249
b133 143 1579 158 1622
b134 187 353 221 400
b135 86 3364 131 3379
b136 23 2627 60 2639
b137 191 264 212 292
b138 126 1267 168 1295
b139 130 1698 166 1735
b140 102 1235 114 1278
b141 85 2752 104 2797
b142 152 436 179 473
b143 78 1235 102 1260
b144 200 400 215 440
b145 168 340 181 385
b146 93 2488 141 2521
b147 103 1160 133 1202
b148 82 3213 100 3233
b149 191 54 238 76
b150 59 2317 82 2348
b151 72 3239 90 3281
b152 90 1821 106 1840
b153 51 3334 92 3364
b154 51 2476 73 2493
b155 81 3513 106 3527
b156 211 38 239 54
b157 87 2359 107 2384
b158 51 3513 74 3526
b159 109 1857 153 1889
b160 87 2402 114 2418
b161 170 902 216 949
b162 169 1846 200 1864
b163 96 2004 129 2026
b164 143 1057 179 1098
b165 175 618 196 635
b166 154 652 188 688
b167 0 0 36 37
b168 178 688 202 729
b169 170 949 194 988
b170 102 2314 131 2359
b171 154 1806 176 1846
b172 179 1026 206 1039
b173 78 858 103 890
b174 179 478 222 494
b175 216 217 231 233
b176 211 0 244 38
b177 102 1579 143 1616
b178 152 550 169 569
b179 78 824 124 858
b180 191 76 210 116
b181 73 2884 103 2912
b182 117 1782 162 1806
b183 220 150 253 189
b184 96 1979 142 2004
b185 247 714 274 748
b186 39 2711 70 2744
b187 23 2056 59 2094
b188 51 2436 88 2476
b189 96 2289 140 2301
b190 93 2461 130 2488
b191 86 3133 102 3167
b192 13 3553 42 3601
b193 202 672 235 689
b194 23 2094 51 2107
b195 102 2301 135 2314
b196 60 2593 101 2634
b197 59 2289 96 2317
b198 71 1960 119 1979
b199 116 2865 147 2901
b200 42 3476 85 3513
b201 59 2531 85 2560
b202 105 1519 139 1558
b203 87 2317 102 2345
b204 78 1202 119 1235
b205 95 1300 116 1315
b206 119 1889 161 1924
b207 192 325 225 353
b208 120 0 147 20
b209 109 1821 154 1857
b210 222 414 235 438
b211 81 2097 97 2109
b212 169 1864 190 1906
b213 164 841 196 855
b214 209 714 226 741
b215 188 799 217 820
b216 78 0 120 19
b217 131 2632 151 2680
b218 97 2117 140 2132
b219 85 2689 113 2707
b220 188 635 218 672
b221 187 400 200 445
b222 216 192 250 217
b223 51 3315 73 3334
b224 70 3019 115 3040
b225 46 2493 93 2531
b226 131 1622 170 1638
b227 85 2707 98 2739
b228 81 2190 102 2210
b229 154 688 178 736
b230 124 933 154 966
b231 244 0 260 30
b232 75 1782 117 1805
b233 73 3315 89 3328
b234 86 2418 119 2436
b235 109 1629 131 1675
b236 141 569 168 608
b237 120 422 141 462
b238 24 3194 51 3233
b239 168 569 208 591
b240 63 2363 86 2382
b241 206 292 219 316
b242 81 2150 103 2190
b243 23 2593 60 2627
b244 151 799 188 812
b245 221 353 257 377
b246 23 2107 46 2151
b247 105 1480 141 1519
b248 124 1026 167 1057
b249 140 2117 175 2144
b250 178 729 209 763
b251 83 2255 126 2289
b252 116 1365 135 1393
b253 94 1629 109 1642
b254 36 40 60 53
b255 40 3616 87 3655
b256 102 1616 123 1629
b257 64 1927 81 1960
b258 147 224 191 258
b259 141 1441 167 1453
b260 63 2382 82 2394
b261 98 2707 110 2752
b262 24 3233 51 3281
b263 39 3133 86 3179
b264 109 1675 154 1698
b265 0 3601 45 3616
b266 147 292 192 340
b267 23 2639 57 2678
b268 59 2097 81 2122
b269 132 1142 169 1160
b270 0 37 23 52
b271 36 0 78 24
b272 59 2210 83 2245
b273 70 2912 91 2942
b274 250 189 283 210
b275 168 1238 190 1266
b276 216 841 247 855
b277 79 3040 91 3087
b278 46 2531 59 2573
b279 107 2359 146 2402
b280 95 1278 126 1300
b281 97 2132 127 2150
b282 204 1197 248 1227
b283 0 2734 13 2749
b284 60 1821 90 1842
b285 82 1903 95 1936
b286 168 1197 204 1238
b287 188 820 230 841
b288 0 3641 28 3677
b289 221 377 254 414
b290 168 591 184 618
b291 120 781 148 824
b292 95 1441 119 1480
b293 73 2865 116 2884
b294 104 2981 121 3007
b295 152 537 195 550
b296 175 0 191 27
b297 60 2634 98 2665
b298 219 110 252 150
b299 63 1562 76 1575
