252482.75
296120.5
208845
455 459
0.001123
b0 328 326 371 359
b1 338 172 375 237
b2 278 260 331 294
b3 301 128 338 195
b4 316 419 345 438
b5 334 237 373 286
b6 413 403 431 443
b7 251 396 273 436
b8 0 61 50 123
b9 59 418 75 459
b10 81 369 99 421
b11 185 176 224 235
b12 242 263 270 324
b13 163 113 211 170
b14 211 113 254 176
b15 185 61 244 113
b16 167 235 203 292
b17 399 66 443 132
b18 398 132 446 183
b19 409 304 440 354
b20 99 409 118 446
b21 255 53 305 117
b22 375 286 409 335
b23 61 369 81 418
b24 393 354 438 382
b25 224 224 278 263
b26 39 188 79 243
b27 153 292 178 357
b28 203 263 242 309
b29 178 292 202 354
b30 226 418 250 444
b31 138 395 164 429
b32 375 183 418 236
b33 365 399 387 434
b34 72 315 99 369
b35 138 357 169 395
b36 0 123 39 190
b37 279 339 299 399
b38 256 339 279 396
b39 50 67 102 122
b40 387 403 413 432
b41 202 309 229 364
b42 255 0 317 53
b43 102 113 163 159
b44 305 63 352 128
b45 99 365 122 409
b46 273 399 295 438
b47 301 195 334 260
b48 111 308 138 365
b49 352 66 399 131
b50 79 204 111 271
b51 0 190 38 247
b52 90 159 144 204
b53 393 382 436 403
b54 347 359 365 420
b55 38 243 72 299
b56 299 361 316 424
b57 41 378 59 425
b58 38 299 72 345
b59 0 247 37 297
b60 228 378 251 418
b61 193 402 226 425
b62 328 359 347 419
b63 270 294 306 339
b64 254 174 301 224
b65 128 57 185 113
b66 0 0 67 61
b67 331 286 375 326
b68 317 0 369 63
b69 229 324 256 378
b70 111 266 153 308
b71 371 335 393 399
b72 194 0 255 61
b73 67 0 128 67
b74 0 297 38 339
b75 345 420 364 448
b76 0 401 22 434
b77 128 0 194 57
b78 169 357 201 393
b79 338 131 398 172
b80 122 365 138 423
b81 375 236 415 286
b82 254 117 301 174
b83 118 423 134 445
b84 306 294 328 361
b85 75 421 95 446
b86 111 229 167 266
b87 72 271 111 315
b88 169 393 193 430
b89 201 364 228 402
b90 22 345 61 378
b91 415 248 448 304
b92 431 421 447 447
b93 418 183 453 248
b94 144 170 185 229
b95 22 378 41 429
b96 50 122 90 188
b97 438 354 455 421
b98 0 339 22 401
b99 369 0 418 66
