580576.25
856529.5
304623
561 543
0.002862
b0 489 497 504 524
b1 257 488 284 504
b2 250 447 272 473
b3 391 329 412 374
b4 368 45 408 90
b5 127 497 143 523
b6 339 284 366 322
b7 470 304 505 333
b8 18 393 39 429
b9 119 261 144 305
b10 0 474 15 505
b11 0 311 24 352
b12 504 507 521 526
b13 197 86 230 134
b14 412 329 433 373
b15 226 464 241 498
b16 454 42 499 84
b17 0 91 37 132
b18 500 0 543 44
b19 187 370 210 406
b20 484 524 497 541
b21 124 217 152 261
b22 400 300 435 329
b23 39 415 56 455
b24 471 490 489 514
b25 174 211 203 254
b26 15 468 33 495
b27 361 90 399 130
b28 93 519 105 543
b29 329 356 358 386
b30 413 453 433 481
b31 62 246 94 282
b32 200 501 219 523
b33 323 0 368 46
b34 143 505 155 534
b35 388 516 400 542
b36 43 385 70 415
b37 331 505 343 534
b38 219 501 240 520
b39 181 527 193 540
b40 24 346 43 393
b41 404 412 423 448
b42 279 248 304 294
b43 383 374 404 413
b44 294 423 321 447
b45 226 439 250 464
b46 14 523 27 542
b47 278 47 320 87
b48 334 322 362 356
b49 315 245 339 293
b50 257 521 276 535
b51 27 524 41 540
b52 509 422 546 440
b53 115 492 127 528
b54 304 293 334 327
b55 325 386 351 417
b56 0 132 31 178
b57 0 0 47 48
b58 423 428 448 453
b59 323 46 361 93
b60 210 430 226 469
b61 436 161 467 206
b62 231 48 277 84
b63 88 84 124 130
b64 492 464 507 497
b65 456 518 469 541
b66 499 44 541 89
b67 304 480 318 513
b68 345 203 373 248
b69 505 320 541 347
b70 70 405 86 450
b71 411 268 445 300
b72 257 473 289 488
b73 433 453 445 499
b74 71 130 114 164
b75 452 400 472 437
b76 263 159 302 195
b77 155 406 195 424
b78 341 420 357 462
b79 366 306 391 346
b80 128 461 143 497
b81 524 473 539 505
b82 465 333 504 357
b83 445 120 482 161
b84 467 197 501 235
b85 316 130 350 173
b86 408 46 447 90
b87 233 0 278 48
b88 62 202 91 246
b89 94 370 114 412
b90 182 260 228 284
b91 115 341 136 384
b92 278 0 323 47
b93 33 480 53 504
b94 273 442 292 473
b95 231 84 275 121
b96 399 90 445 123
b97 509 440 524 480
b98 395 481 408 516
b99 324 417 341 457
b100 368 0 412 45
b101 370 270 400 306
b102 350 130 390 166
b103 28 241 62 275
b104 56 415 70 457
b105 244 243 279 276
b106 53 502 65 535
b107 209 469 224 501
b108 190 134 227 172
b109 412 0 454 46
b110 124 84 163 126
b111 219 520 232 541
b112 294 398 324 423
b113 455 357 491 381
b114 37 121 71 165
b115 210 396 232 430
b116 445 462 473 481
b117 412 373 433 412
b118 187 48 231 86
b119 287 203 315 248
b120 224 194 260 230
b121 508 195 542 233
b122 234 363 254 406
b123 164 370 187 406
b124 489 269 520 304
b125 454 0 500 42
b126 423 521 435 543
b127 445 272 470 315
b128 373 211 417 239
b129 133 399 155 433
b130 498 389 524 419
b131 140 0 188 45
b132 255 408 273 447
b133 546 422 561 465
b134 163 86 197 133
b135 195 406 210 451
b136 459 481 471 518
b137 375 444 396 472
b138 411 240 453 268
b139 31 165 67 202
b140 341 462 353 505
b141 254 363 273 408
b142 24 309 51 346
b143 448 437 472 462
b144 0 434 15 474
b145 102 447 115 492
b146 39 88 87 121
b147 315 203 345 245
b148 30 504 48 524
b149 182 284 204 331
b150 232 408 255 439
b151 0 392 18 434
b152 367 517 383 536
b153 203 230 244 260
b154 240 503 257 525
b155 0 505 14 530
b156 408 481 424 509
b157 375 472 395 497
b158 343 518 366 531
b159 158 133 190 177
b160 83 489 99 516
b161 47 0 93 47
b162 191 451 209 482
b163 472 400 494 433
b164 482 123 518 164
b165 257 504 278 521
b166 501 233 535 269
b167 350 166 386 203
b168 226 315 250 356
b169 164 331 188 370
b170 0 178 29 223
b171 433 348 455 388
b172 155 504 168 531
b173 351 388 376 420
b174 86 412 102 455
b175 127 523 142 539
b176 91 208 124 246
b177 318 93 359 130
b178 181 508 198 527
b179 492 89 538 123
b180 433 388 452 428
b181 136 369 164 399
b182 0 266 24 311
b183 29 202 62 241
b184 94 246 119 292
b185 88 336 115 370
b186 144 291 175 324
b187 71 164 107 202
b188 399 123 436 163
b189 143 461 155 505
b190 51 310 88 337
b191 83 455 99 489
b192 390 163 419 211
b193 304 447 321 480
b194 318 503 331 531
b195 68 493 81 526
b196 47 47 88 88
b197 55 282 92 310
b198 51 337 70 385
b199 339 248 370 284
b200 275 87 318 124
b201 524 393 550 422
b202 107 169 141 208
b203 15 495 30 523
b204 467 164 508 197
b205 408 509 423 530
b206 274 124 316 159
b207 273 336 301 369
b208 321 457 341 484
b209 447 84 492 120
b210 297 513 310 537
b211 41 524 53 540
b212 362 346 383 388
b213 445 481 459 513
b214 507 480 524 507
b215 472 433 493 462
b216 114 384 133 426
b217 541 320 561 368
b218 155 424 170 467
b219 542 465 560 493
b220 152 254 182 291
b221 115 447 128 492
b222 525 368 559 393
b223 424 499 443 521
b224 143 324 164 369
b225 93 46 140 84
b226 18 429 34 468
b227 168 496 181 528
b228 367 497 388 517
b229 535 233 559 281
b230 435 315 465 348
b231 241 473 257 503
b232 250 321 273 363
b233 232 525 248 538
b234 524 440 542 473
b235 204 284 226 330
b236 228 276 255 315
b237 273 369 294 409
b238 520 281 547 320
b239 0 352 22 392
b240 318 484 341 503
b241 443 513 456 537
b242 212 356 234 396
b243 419 206 456 240
b244 155 467 168 504
b245 301 362 325 398
b246 92 292 115 336
b247 227 155 263 194
b248 508 164 551 195
b249 302 327 329 362
b250 24 275 55 309
b251 124 126 158 169
b252 473 462 492 490
b253 65 526 80 539
b254 471 514 484 538
b255 140 45 187 84
b256 539 520 560 533
b257 396 448 413 481
b258 230 121 274 155
b259 81 516 93 542
b260 198 523 217 535
b261 56 457 68 502
b262 260 195 287 243
b263 93 0 140 46
b264 255 276 278 321
b265 494 419 509 464
b266 188 0 233 48
b267 190 172 224 211
b268 34 455 56 480
b269 357 420 375 457
b270 524 505 539 528
b271 278 294 302 336
b272 70 370 94 405
b273 170 424 191 454
b274 273 409 294 442
b275 132 433 154 461
b276 353 487 367 518
b277 292 447 304 494
b278 170 454 183 496
b279 0 48 39 91
b280 376 413 398 444
b281 357 457 375 487
b282 302 173 346 203
b283 497 526 510 541
b284 102 426 132 447
b285 284 494 297 527
b286 518 123 554 164
b287 504 347 525 389
b288 115 305 143 341
b289 456 235 489 272
b290 99 492 115 519
b291 0 223 28 266
b292 188 331 212 370
b293 455 381 498 400
b294 183 482 200 508
b295 70 450 83 493
b296 539 493 555 520
b297 373 239 411 270
b298 141 177 174 217
b299 510 526 523 539
