381797.25
565144.5
198450
450 441
0.002443
b0 138 359 154 395
b1 392 295 411 334
b2 223 91 258 132
b3 44 277 62 324
b4 206 288 232 320
b5 320 197 355 228
b6 358 403 371 432
b7 187 358 208 386
b8 265 384 297 399
b9 135 84 181 118
b10 394 87 439 119
b11 154 368 168 404
b12 358 85 394 127
b13 93 0 141 45
b14 430 406 445 431
b15 187 0 232 46
b16 302 401 320 423
b17 84 270 117 296
b18 227 330 246 364
b19 332 410 344 440
b20 30 244 58 277
b21 181 46 225 85
b22 379 214 405 253
b23 95 220 135 245
b24 371 408 386 433
b25 334 127 370 163
b26 279 201 304 244
b27 418 367 433 401
b28 135 46 181 84
b29 105 387 117 424
b30 186 386 203 413
b31 404 351 441 367
b32 101 297 124 329
b33 101 329 119 365
b34 282 302 301 340
b35 387 373 402 406
b36 44 411 56 439
b37 12 413 28 434
b38 117 271 150 297
b39 34 136 64 178
b40 0 166 28 207
b41 133 420 149 436
b42 62 285 81 329
b43 394 119 434 153
b44 70 390 86 417
b45 404 367 418 404
b46 149 311 164 359
b47 28 413 42 436
b48 276 340 300 366
b49 397 153 437 184
b50 37 94 70 136
b51 194 122 221 170
b52 304 228 331 265
b53 68 417 85 435
b54 0 318 16 361
b55 360 333 373 379
b56 70 365 92 390
b57 266 244 285 292
b58 373 289 392 330
b59 141 0 187 46
b60 0 212 30 247
b61 28 178 61 212
b62 225 46 262 91
b63 230 364 245 399
b64 0 0 47 48
b65 236 230 266 263
b66 405 237 436 268
b67 0 48 44 85
b68 0 283 24 318
b69 175 303 194 341
b70 373 372 387 408
b71 307 93 349 127
b72 61 179 95 212
b73 194 320 212 358
b74 268 366 297 384
b75 164 341 187 368
b76 239 424 253 436
b77 150 404 166 428
b78 135 183 161 226
b79 411 314 430 351
b80 292 423 306 438
b81 78 333 98 365
b82 204 209 236 242
b83 430 314 449 351
b84 358 48 401 85
b85 321 45 358 93
b86 300 361 324 385
b87 25 277 44 322
b88 251 159 279 202
b89 168 396 180 431
b90 355 199 379 244
b91 135 155 179 183
b92 161 215 203 239
b93 355 244 376 287
b94 261 420 276 436
b95 219 263 255 288
b96 179 170 204 215
b97 251 317 276 345
b98 245 398 261 424
b99 81 296 101 333
b100 16 322 43 347
b101 366 0 406 48
b102 157 239 182 277
b103 30 212 62 244
b104 84 245 120 270
b105 292 127 334 158
b106 0 127 34 166
b107 331 304 347 349
b108 227 399 239 432
b109 280 419 292 441
b110 405 214 449 237
b111 85 422 103 435
b112 355 287 373 333
b113 292 158 320 201
b114 411 295 450 314
b115 397 184 434 214
b116 0 85 37 127
b117 285 265 309 302
b118 114 118 153 153
b119 182 267 206 303
b120 212 320 227 365
b121 82 88 114 133
b122 221 132 251 175
b123 92 387 105 422
b124 433 367 446 406
b125 168 368 186 396
b126 237 202 275 230
b127 92 365 116 387
b128 0 247 25 283
b129 232 0 276 46
b130 322 0 366 45
b131 301 305 321 341
b132 16 347 32 385
b133 103 424 117 436
b134 297 385 326 401
b135 0 361 15 398
b136 326 386 345 410
b137 280 401 302 419
b138 124 326 146 356
b139 62 212 95 243
b140 306 423 318 439
b141 150 277 175 311
b142 370 153 397 199
b143 276 0 322 44
b144 124 297 149 326
b145 262 85 307 119
b146 204 175 237 209
b147 56 404 68 435
b148 133 395 150 420
b149 347 381 369 403
b150 345 403 358 433
b151 117 387 133 414
b152 95 187 128 220
b153 44 371 56 411
b154 406 0 448 44
b155 200 425 212 438
b156 232 288 251 330
b157 32 371 44 413
b158 15 385 32 413
b159 331 268 355 304
b160 203 389 215 425
b161 119 356 138 387
b162 320 410 332 440
b163 47 0 93 47
b164 401 268 433 295
b165 153 122 194 155
b166 215 389 227 425
b167 43 324 57 371
b168 182 242 219 267
b169 70 133 98 179
b170 135 226 157 271
b171 320 163 355 197
b172 251 292 282 317
b173 62 243 84 285
b174 245 373 265 398
b175 0 398 12 432
b176 180 413 200 429
b177 57 329 78 360
b178 117 414 133 434
b179 276 44 321 85
b180 261 399 280 420
b181 373 330 388 372
b182 418 401 430 434
b183 331 349 347 386
b184 387 406 407 425
b185 57 360 70 404
b186 347 333 360 381
b187 208 365 230 389
b188 331 228 355 268
b189 300 341 331 361
b190 98 153 135 187
b191 181 85 223 122
b192 246 345 268 373
b193 406 44 448 87
b194 93 45 135 88
b195 376 253 401 289
b196 388 334 404 373
b197 47 47 82 94
b198 309 265 331 305
b199 258 119 292 159
