382660.75
568671.5
196650
437 450
34.205715
b0 178 0 194 36
b1 161 122 200 141
b2 285 140 320 181
b3 157 431 204 449
b4 45 53 71 85
b5 358 168 389 203
b6 355 362 368 391
b7 0 161 21 189
b8 157 416 189 431
b9 234 411 280 445
b10 48 344 80 389
b11 293 336 307 372
b12 199 212 241 248
b13 241 202 286 250
b14 321 273 336 298
b15 151 327 196 373
b16 192 278 210 300
b17 47 417 73 450
b18 159 0 178 34
b19 380 359 392 389
b20 251 0 284 28
b21 0 0 39 44
b22 80 267 119 293
b23 286 199 311 239
b24 277 269 292 294
b25 212 45 248 81
b26 226 0 251 43
b27 102 175 117 209
b28 396 364 434 410
b29 390 197 427 209
b30 183 300 200 327
b31 124 89 161 105
b32 358 0 390 23
b33 380 341 416 359
b34 196 368 215 406
b35 270 138 285 171
b36 48 296 60 324
b37 84 109 100 130
b38 166 256 192 289
b39 348 404 378 446
b40 73 421 114 449
b41 380 389 396 405
b42 83 176 102 220
b43 178 45 212 85
b44 45 37 72 53
b45 122 290 136 327
b46 355 246 370 294
b47 196 331 219 345
b48 0 383 26 407
b49 241 171 281 202
b50 30 125 63 167
b51 0 324 48 351
b52 210 294 237 331
b53 331 403 348 421
b54 378 405 394 448
b55 327 23 373 36
b56 354 77 379 99
b57 248 68 296 87
b58 114 429 155 448
b59 309 332 355 378
b60 305 105 335 140
b61 122 257 156 290
b62 397 104 434 149
b63 284 0 299 35
b64 82 0 129 48
b65 129 0 159 33
b66 296 46 327 77
b67 161 85 205 122
b68 217 93 241 128
b69 195 152 233 171
b70 268 124 304 138
b71 394 410 436 444
b72 241 377 274 411
b73 292 255 310 293
b74 321 314 350 332
b75 0 138 27 161
b76 233 152 245 166
b77 189 406 213 422
b78 163 373 189 416
b79 215 398 234 435
b80 296 77 311 91
b81 307 421 339 441
b82 264 35 296 68
b83 0 277 37 296
b84 39 0 82 37
b85 117 174 154 222
b86 320 140 344 164
b87 241 250 286 269
b88 358 203 386 246
b89 212 81 247 93
b90 0 44 45 68
b91 0 296 44 324
b92 59 189 83 231
b93 96 132 117 175
b94 286 239 301 255
b95 280 410 305 446
b96 327 36 372 61
b97 247 87 272 115
b98 367 142 383 168
b99 126 377 163 397
b100 241 115 268 140
b101 396 288 436 336
b102 241 289 266 327
b103 0 351 32 383
b104 45 85 70 121
b105 0 201 31 243
b106 161 141 195 180
b107 327 61 372 77
b108 205 93 217 126
b109 0 407 22 419
b110 344 123 367 167
b111 213 435 231 448
b112 281 181 327 199
b113 311 77 354 105
b114 327 188 346 227
b115 66 139 96 176
b116 82 48 124 85
b117 355 325 379 362
b118 154 180 193 215
b119 205 128 241 152
b120 392 231 437 246
b121 194 0 226 45
b122 367 99 397 142
b123 126 397 161 410
b124 0 68 39 81
b125 416 336 434 364
b126 26 389 64 417
b127 241 327 263 351
b128 397 34 422 70
b129 311 227 355 273
b130 0 81 45 125
b131 241 269 277 289
b132 291 372 307 410
b133 379 73 391 87
b134 32 351 48 380
b135 100 117 137 132
b136 94 239 113 263
b137 335 105 357 123
b138 215 368 237 398
b139 37 265 70 296
b140 277 352 293 364
b141 80 330 105 364
b142 214 248 241 294
b143 80 377 126 421
b144 245 140 270 169
b145 390 0 435 34
b146 389 149 423 182
b147 129 77 160 89
b148 331 378 348 403
b149 192 256 214 278
b150 0 125 30 138
b151 263 336 290 352
b152 272 91 305 124
b153 411 246 423 286
b154 117 132 161 174
b155 124 105 137 117
b156 392 246 411 288
b157 368 362 380 404
b158 274 377 291 405
b159 82 85 118 109
b160 423 246 435 282
b161 126 410 157 429
b162 72 109 84 139
b163 105 330 151 377
b164 156 289 183 321
b165 166 215 199 256
b166 309 293 321 329
b167 0 435 47 449
b168 372 36 397 73
b169 299 0 327 46
b170 21 167 66 189
b171 37 231 72 265
b172 355 294 380 325
b173 37 189 59 231
b174 370 246 390 271
b175 0 189 34 201
b176 321 298 341 314
b177 327 167 358 188
b178 248 43 264 63
b179 195 171 240 212
b180 137 105 156 126
b181 390 182 432 197
b182 380 271 392 304
b183 380 304 396 341
b184 83 220 103 239
b185 196 355 240 368
b186 60 296 73 344
b187 219 331 241 355
b188 307 378 331 418
b189 327 0 358 20
b190 0 243 37 277
b191 80 293 122 330
b192 72 239 94 267
b193 266 294 309 336
b194 129 34 171 77
b195 241 352 277 377
b196 0 419 39 435
b197 119 222 166 257
b198 390 209 430 231
b199 397 70 437 104
