253754
302303
205205
451 455
2.441993
b0 252 78 295 111
b1 60 350 97 415
b2 307 401 360 435
b3 178 0 245 37
b4 65 283 94 302
b5 245 400 294 439
b6 338 160 378 178
b7 141 155 163 195
b8 91 103 141 165
b9 245 0 261 41
b10 218 336 270 354
b11 65 201 104 260
b12 348 99 376 160
b13 65 0 122 48
b14 228 111 291 154
b15 104 196 163 248
b16 211 354 268 390
b17 385 0 429 66
b18 140 400 188 451
b19 87 165 137 196
b20 221 37 240 74
b21 45 48 109 98
b22 403 218 437 267
b23 307 435 356 455
b24 27 313 55 358
b25 0 412 54 451
b26 265 269 320 309
b27 0 217 65 242
b28 268 354 307 400
b29 218 204 242 266
b30 320 269 344 295
b31 291 111 325 137
b32 175 109 228 152
b33 308 0 343 22
b34 385 328 439 355
b35 99 354 130 392
b36 154 37 221 76
b37 225 390 245 450
b38 0 389 57 412
b39 149 348 204 400
b40 65 302 94 328
b41 163 204 218 231
b42 149 248 211 301
b43 45 98 91 159
b44 0 0 65 47
b45 325 99 348 143
b46 60 328 99 350
b47 154 76 219 109
b48 0 313 27 370
b49 218 266 265 331
b50 122 0 154 67
b51 344 238 382 295
b52 0 163 45 217
b53 363 344 384 387
b54 378 200 439 218
b55 57 418 113 452
b56 297 202 314 265
b57 385 218 403 265
b58 141 109 175 155
b59 188 400 225 450
b60 65 260 105 283
b61 261 0 284 33
b62 0 370 60 389
b63 331 202 376 238
b64 99 307 149 354
b65 307 344 363 401
b66 308 38 375 99
b67 105 248 149 288
b68 0 261 63 313
b69 113 392 140 446
b70 45 159 87 201
b71 242 154 264 218
b72 385 267 446 328
b73 376 67 437 134
b74 343 0 385 38
b75 94 288 122 307
b76 219 76 252 98
b77 378 134 435 200
b78 109 67 141 103
b79 384 355 444 396
b80 327 328 385 344
b81 0 113 40 163
b82 149 301 206 348
b83 360 401 376 423
b84 429 0 451 67
b85 307 309 327 334
b86 252 41 308 78
b87 242 218 286 257
b88 154 0 178 37
b89 265 309 303 336
b90 327 295 366 328
b91 264 154 297 210
b92 97 392 113 418
b93 376 396 441 431
b94 297 143 338 202
b95 0 242 51 261
b96 0 47 40 113
b97 314 202 331 269
b98 376 431 438 453
b99 163 155 229 204
