303322.75
407733.5
198912
444 448
64.755795
b0 250 355 286 371
b1 118 0 137 39
b2 370 400 405 441
b3 359 234 377 281
b4 330 58 356 90
b5 221 155 256 186
b6 336 137 349 166
b7 239 35 260 63
b8 48 369 80 384
b9 186 317 232 351
b10 0 363 45 395
b11 167 204 203 218
b12 50 87 92 123
b13 325 388 370 436
b14 0 417 25 432
b15 139 66 185 111
b16 239 115 257 137
b17 391 19 417 52
b18 322 178 356 197
b19 241 209 271 221
b20 411 139 444 167
b21 352 95 391 139
b22 137 28 176 54
b23 178 0 203 40
b24 274 101 299 116
b25 185 112 221 148
b26 49 200 92 225
b27 0 348 34 363
b28 259 246 305 284
b29 81 47 93 84
b30 330 315 357 332
b31 277 209 293 246
b32 45 384 77 407
b33 232 317 250 353
b34 202 148 221 186
b35 336 104 351 137
b36 356 163 368 191
b37 135 111 151 132
b38 176 40 209 66
b39 209 14 239 56
b40 137 0 178 28
b41 239 137 255 153
b42 93 39 137 58
b43 216 258 256 292
b44 151 111 178 127
b45 203 0 240 14
b46 376 19 391 67
b47 209 56 232 70
b48 215 186 241 210
b49 50 47 81 87
b50 158 261 191 303
b51 138 164 165 212
b52 377 234 404 271
b53 371 340 388 358
b54 256 297 299 313
b55 330 45 376 58
b56 384 202 406 227
b57 48 350 96 369
b58 98 361 117 402
b59 93 58 139 104
b60 12 255 47 285
b61 186 363 219 397
b62 404 293 441 338
b63 240 0 255 35
b64 0 285 48 332
b65 286 355 316 388
b66 92 104 123 135
b67 257 165 294 209
b68 403 338 438 362
b69 406 274 444 293
b70 12 229 48 243
b71 49 225 91 259
b72 368 167 402 200
b73 80 369 98 407
b74 138 146 167 164
b75 311 139 334 166
b76 0 0 12 14
b77 140 354 164 370
b78 377 271 403 314
b79 160 218 179 255
b80 318 332 332 347
b81 138 426 170 446
b82 391 107 424 139
b83 322 197 359 216
b84 179 218 216 261
b85 184 397 221 445
b86 255 371 279 395
b87 260 37 305 56
b88 50 0 93 28
b89 167 192 202 204
b90 93 163 138 187
b91 356 67 400 95
b92 72 306 96 348
b93 50 163 93 184
b94 118 381 133 397
b95 364 315 400 340
b96 305 43 330 88
b97 171 167 199 192
b98 0 332 26 348
b99 45 407 65 444
b100 303 305 330 330
b101 84 259 132 299
b102 216 292 254 317
b103 332 332 364 364
b104 96 137 132 162
b105 185 70 216 112
b106 405 404 444 438
b107 45 184 90 200
b108 186 351 219 363
b109 299 139 311 161
b110 49 306 72 350
b111 202 186 215 204
b112 221 109 239 155
b113 312 0 340 43
b114 374 0 413 19
b115 406 202 443 232
b116 405 362 442 404
b117 12 205 49 229
b118 402 167 441 202
b119 241 221 277 245
b120 140 339 185 354
b121 321 243 353 288
b122 91 229 134 259
b123 239 102 274 115
b124 248 63 261 102
b125 12 167 40 185
b126 12 0 50 28
b127 134 259 158 281
b128 161 303 186 339
b129 233 395 279 439
b130 400 62 444 107
b131 118 345 138 381
b132 373 139 411 155
b133 334 166 348 178
b134 232 63 248 92
b135 316 351 331 388
b136 178 148 202 167
b137 138 212 160 230
b138 12 47 42 69
b139 12 136 45 167
b140 191 301 203 317
b141 359 200 384 234
b142 294 216 340 243
b143 138 370 184 414
b144 135 230 160 259
b145 340 0 374 45
b146 65 407 98 441
b147 12 243 43 255
b148 388 362 405 387
b149 134 281 156 303
b150 229 245 259 258
b151 305 243 321 270
b152 12 69 45 102
b153 98 436 138 448
b154 96 303 140 345
b155 191 289 204 301
b156 50 28 92 47
b157 221 395 233 437
b158 317 288 345 305
b159 219 371 255 395
b160 373 155 409 167
b161 12 28 43 47
b162 299 166 329 178
b163 279 388 325 435
b164 345 288 377 315
b165 255 0 296 33
b166 138 414 174 426
b167 305 90 352 104
b168 257 140 294 165
b169 50 135 96 163
b170 0 395 45 417
b171 302 104 336 139
b172 93 0 118 31
b173 417 0 439 42
b174 417 42 442 62
b175 305 270 317 304
b176 98 345 118 361
b177 140 303 161 334
b178 241 186 257 206
b179 261 56 302 101
b180 299 330 318 351
b181 371 358 386 400
b182 123 104 135 137
b183 296 0 312 37
b184 151 127 171 146
b185 259 284 303 297
b186 216 210 229 258
b187 351 139 373 163
b188 257 116 297 140
b189 12 185 43 205
b190 12 102 49 136
b191 406 232 443 274
b192 191 261 213 289
b193 92 187 135 229
b194 256 313 299 355
b195 297 178 322 214
b196 216 70 232 109
b197 49 259 84 306
b198 331 364 371 386
b199 98 402 138 436
