566057.25
835906.5
296208
528 561
75.851601
b0 174 86 201 101
b1 141 376 157 403
b2 176 479 198 505
b3 97 115 118 160
b4 304 472 344 517
b5 51 43 77 59
b6 260 357 287 395
b7 264 311 299 340
b8 395 185 416 221
b9 251 88 295 113
b10 460 193 491 208
b11 445 536 486 560
b12 347 375 366 392
b13 299 309 347 342
b14 77 453 98 497
b15 418 100 452 115
b16 49 195 91 240
b17 295 76 332 117
b18 251 45 295 88
b19 437 160 460 196
b20 415 66 432 79
b21 496 243 524 287
b22 261 282 296 311
b23 340 181 357 221
b24 416 209 440 227
b25 33 462 76 491
b26 31 183 49 210
b27 440 0 478 40
b28 55 94 79 106
b29 489 528 518 558
b30 214 75 234 103
b31 192 223 224 259
b32 387 432 409 451
b33 185 298 230 344
b34 230 284 242 313
b35 478 45 490 71
b36 260 395 287 425
b37 68 549 97 561
b38 39 106 58 127
b39 91 288 103 301
b40 56 381 75 428
b41 103 242 122 278
b42 110 536 156 561
b43 490 0 511 39
b44 131 178 158 202
b45 78 264 103 288
b46 147 440 166 453
b47 262 520 304 560
b48 230 324 264 352
b49 118 97 142 145
b50 326 181 340 200
b51 152 13 166 29
b52 78 373 115 391
b53 31 528 67 540
b54 0 0 34 30
b55 76 427 107 453
b56 0 497 31 543
b57 440 209 487 257
b58 452 70 477 95
b59 210 0 248 47
b60 374 56 390 95
b61 418 257 449 302
b62 299 342 345 378
b63 378 275 414 321
b64 15 454 30 487
b65 415 35 438 48
b66 418 115 460 160
b67 334 221 367 235
b68 98 454 126 499
b69 381 451 408 487
b70 316 235 361 251
b71 126 454 158 488
b72 195 208 227 223
b73 287 340 299 386
b74 208 103 242 146
b75 477 79 514 99
b76 387 393 423 432
b77 0 543 40 561
b78 290 140 332 156
b79 378 250 418 275
b80 347 360 383 375
b81 418 302 450 317
b82 79 0 118 24
b83 224 243 261 284
b84 473 99 511 133
b85 176 0 210 43
b86 78 329 117 373
b87 33 333 78 381
b88 389 321 418 365
b89 297 34 317 76
b90 450 303 496 327
b91 390 79 433 100
b92 299 425 344 472
b93 238 535 262 555
b94 418 499 437 530
b95 33 491 77 528
b96 476 133 509 179
b97 374 41 414 56
b98 224 230 259 243
b99 14 75 54 92
b100 33 276 78 320
b101 142 97 172 133
b102 345 423 381 463
b103 297 0 331 34
b104 75 391 117 405
b105 55 59 88 94
b106 433 66 445 99
b107 208 259 223 291
b108 77 499 115 536
b109 0 141 46 183
b110 166 259 208 298
b111 181 346 202 359
b112 458 375 488 400
b113 332 116 368 140
b114 482 329 526 363
b115 493 467 527 489
b116 347 392 366 420
b117 193 47 214 86
b118 261 238 299 282
b119 34 15 79 43
b120 172 101 208 137
b121 492 429 526 467
b122 112 202 155 222
b123 395 115 418 151
b124 0 419 31 454
b125 120 312 166 354
b126 72 252 94 264
b127 418 317 443 360
b128 488 363 516 407
b129 395 151 417 185
b130 452 40 478 70
b131 181 369 226 417
b132 158 460 197 478
b133 219 520 262 535
b134 311 378 345 425
b135 118 0 133 45
b136 49 240 86 252
b137 40 540 68 561
b138 496 287 524 329
b139 122 243 159 279
b140 516 363 528 406
b141 14 30 33 75
b142 368 172 395 209
b143 202 344 226 369
b144 511 0 526 40
b145 33 320 78 333
b146 0 337 33 385
b147 409 439 451 469
b148 131 488 149 508
b149 118 75 165 97
b150 195 524 218 555
b151 369 95 387 137
b152 366 375 385 391
b153 339 34 369 75
b154 299 229 316 251
b155 457 361 482 375
b156 58 106 86 122
b157 166 440 191 460
b158 78 288 91 311
b159 491 179 523 223
b160 511 99 527 126
b161 299 263 346 309
b162 94 224 125 242
b163 436 406 458 439
b164 158 137 199 173
b165 264 340 285 357
b166 443 327 479 361
b167 344 484 381 520
b168 197 438 221 479
b169 33 252 72 276
b170 428 361 457 406
b171 317 34 339 74
b172 140 279 153 306
b173 133 43 158 75
b174 511 126 527 169
b175 390 100 406 115
b176 0 299 33 337
b177 332 75 369 116
b178 171 506 188 525
b179 61 161 107 195
b180 242 284 261 324
b181 439 472 467 502
b182 157 354 181 399
b183 490 40 523 79
b184 467 257 492 303
b185 462 502 489 536
b186 0 226 33 257
b187 259 202 297 238
b188 259 425 299 462
b189 299 251 343 263
b190 297 202 334 229
b191 460 137 476 171
b192 368 221 416 250
b193 445 502 462 535
b194 243 202 256 230
b195 77 536 110 549
b196 374 0 415 41
b197 214 47 251 75
b198 166 298 185 346
b199 347 251 378 287
b200 158 173 195 216
b201 467 472 493 501
b202 347 520 381 559
b203 234 75 249 103
b204 451 439 492 472
b205 13 92 34 107
b206 347 325 389 360
b207 159 216 192 244
b208 491 223 518 243
b209 248 0 284 45
b210 423 406 436 430
b211 0 62 12 78
b212 33 428 75 449
b213 0 30 14 62
b214 78 312 105 329
b215 91 195 112 224
b216 0 257 19 299
b217 417 160 437 208
b218 0 454 15 497
b219 158 478 176 506
b220 219 486 256 516
b221 284 0 297 45
b222 226 396 260 421
b223 112 178 131 200
b224 198 479 219 524
b225 221 439 259 486
b226 293 156 332 172
b227 19 257 32 289
b228 218 535 238 556
b229 381 487 405 535
b230 293 172 326 202
b231 158 29 174 59
b232 290 117 332 140
b233 0 78 13 94
b234 223 421 256 439
b235 470 407 516 429
b236 131 508 170 535
b237 107 433 147 454
b238 489 501 528 528
b239 76 405 116 427
b240 86 96 109 115
b241 415 22 439 35
b242 117 354 157 376
b243 147 403 181 440
b244 405 499 418 536
b245 171 525 195 561
b246 199 185 243 208
b247 61 122 97 161
b248 0 183 31 226
b249 368 137 395 172
b250 0 385 31 419
b251 331 0 374 34
b252 174 43 193 71
b253 426 469 439 484
b254 152 0 176 13
b255 199 146 246 185
b256 34 92 55 105
b257 450 257 467 290
b258 226 352 260 396
b259 458 400 470 426
b260 46 127 58 146
b261 478 0 490 45
b262 242 113 290 140
b263 246 156 293 202
b264 33 381 56 426
b265 34 0 79 15
b266 259 472 304 520
b267 0 107 39 141
b268 415 0 440 22
b269 415 48 452 66
b270 156 535 171 558
b271 381 536 423 560
b272 117 376 141 411
b273 345 463 375 484
b274 125 222 158 243
b275 423 530 445 558
b276 460 179 491 193
b277 49 146 61 193
b278 460 95 473 137
b279 304 520 347 559
b280 116 411 147 433
b281 408 469 426 499
b282 88 52 118 96
b283 105 312 120 325
b284 366 393 387 423
b285 153 279 166 312
b286 332 140 368 181
b287 181 417 223 438
b288 79 24 115 52
b289 103 279 140 312
b290 33 210 49 237
b291 385 365 428 393
b292 287 386 311 425
b293 133 0 152 43
b294 34 43 51 69
b295 33 449 76 462
b296 115 499 131 526
b297 347 287 378 325
b298 118 145 158 178
b299 437 196 450 209
