2140959.75
3122843.5
1159076
302 3838
560.698582
b0 0 3478 27 3493
b1 215 1105 242 1121
b2 211 287 233 313
b3 0 3493 21 3538
b4 89 1578 129 1623
b5 147 2070 163 2096
b6 51 3404 89 3431
b7 71 1955 106 1984
b8 118 2554 139 2590
b9 138 3205 182 3230
b10 178 227 193 258
b11 0 3814 41 3838
b12 118 877 135 896
b13 56 3638 89 3686
b14 116 823 160 844
b15 154 498 188 513
b16 151 697 196 739
b17 99 1482 140 1519
b18 231 82 274 126
b19 71 2106 107 2129
b20 134 3188 147 3205
b21 82 2678 110 2722
b22 116 611 151 640
b23 84 2871 124 2888
b24 82 2591 100 2615
b25 27 3638 56 3681
b26 275 0 302 18
b27 87 2375 125 2415
b28 62 2809 86 2821
b29 133 411 162 441
b30 236 198 256 226
b31 95 3188 127 3224
b32 0 2425 19 2447
b33 0 2379 45 2425
b34 182 288 211 300
b35 110 1307 122 1333
b36 129 1710 156 1740
b37 106 3269 118 3298
b38 190 2322 211 2341
b39 110 1423 122 1436
b40 86 2809 105 2856
b41 128 3354 164 3373
b42 206 262 252 287
b43 56 3149 95 3170
b44 31 3380 58 3404
b45 115 3007 139 3032
b46 166 1489 185 1502
b47 85 2769 127 2809
b48 162 431 190 465
b49 0 3766 24 3814
b50 24 3766 43 3780
b51 56 2169 70 2185
b52 115 2640 152 2658
b53 44 2326 80 2338
b54 145 0 175 34
b55 87 2560 113 2591
b56 135 861 181 892
b57 59 3224 106 3272
b58 27 3681 52 3706
b59 91 3316 138 3354
b60 98 3172 137 3188
b61 130 2658 161 2703
b62 204 313 250 349
b63 125 2298 161 2344
b64 150 1836 183 1851
b65 45 2954 58 2977
b66 80 2284 122 2329
b67 75 1558 89 1591
b68 129 1766 157 1811
b69 146 1192 182 1219
b70 146 1113 162 1158
b71 59 3272 93 3304
b72 105 2091 137 2106
b73 47 3592 59 3638
b74 44 3511 87 3545
b75 175 12 195 49
b76 122 1348 161 1384
b77 107 2106 147 2124
b78 212 182 254 198
b79 151 611 191 636
b80 125 2283 161 2298
b81 180 2126 195 2158
b82 87 3511 126 3535
b83 193 977 230 1018
b84 201 1526 235 1564
b85 133 568 167 611
b86 122 2239 161 2283
b87 244 34 289 82
b88 161 2398 190 2442
b89 56 3170 76 3212
b90 133 544 179 568
b91 91 3381 134 3402
b92 85 2722 130 2769
b93 27 3570 47 3594
b94 44 2360 75 2379
b95 181 861 225 898
b96 125 2344 171 2377
b97 75 3080 115 3095
b98 132 2519 145 2554
b99 192 1674 232 1691
b100 0 3433 44 3478
b101 46 3344 76 3380
b102 171 2286 211 2322
b103 155 1612 189 1646
b104 45 2379 87 2393
b105 75 892 110 925
b106 98 3125 110 3158
b107 62 2856 94 2871
b108 45 3029 82 3067
b109 179 544 221 590
b110 132 1646 171 1688
b111 187 346 200 367
b112 44 3545 74 3570
b113 109 1519 145 1543
b114 132 1543 166 1587
b115 44 2338 78 2360
b116 156 1747 184 1766
b117 21 3745 60 3766
b118 0 0 44 38
b119 106 3224 134 3269
b120 135 1077 171 1113
b121 160 823 194 861
b122 89 1558 132 1578
b123 133 1934 156 1970
b124 87 2525 118 2560
b125 102 2157 148 2199
b126 56 2157 78 2169
b127 166 1446 191 1489
b128 189 1077 233 1105
b129 71 1984 105 2006
b130 87 2415 117 2441
b131 191 1256 239 1301
b132 147 739 165 778
b133 31 3234 46 3277
b134 117 2427 151 2474
b135 188 498 233 513
b136 175 182 212 194
b137 133 441 154 469
b138 171 1646 213 1674
b139 156 1710 192 1747
b140 19 3234 31 3277
b141 56 3067 75 3112
b142 125 2377 152 2414
b143 129 1811 153 1836
b144 162 1152 177 1192
b145 70 2239 83 2284
b146 109 2888 157 2921
b147 201 19 231 61
b148 157 2703 175 2723
b149 108 2985 155 3007
b150 62 2722 85 2753
b151 191 618 209 660
b152 182 2473 198 2492
b153 75 3095 116 3125
b154 132 2502 154 2519
b155 89 1623 114 1637
b156 78 2359 106 2375
b157 89 1930 109 1955
b158 154 2473 177 2486
b159 124 2826 168 2858
b160 68 3686 95 3702
b161 110 3125 156 3172
b162 138 3230 169 3248
b163 47 3570 80 3592
b164 118 1266 154 1307
b165 84 2920 105 2937
b166 82 2937 116 2973
b167 157 977 193 1014
b168 122 1307 146 1348
b169 168 1038 192 1077
b170 147 778 176 823
b171 59 3304 81 3344
b172 195 169 222 182
b173 84 2888 109 2920
b174 193 227 236 243
b175 67 2914 82 2930
b176 82 2640 115 2678
b177 75 0 116 37
b178 45 2393 62 2412
b179 78 2205 124 2239
b180 174 2194 193 2234
b181 190 429 220 457
b182 246 536 291 560
b183 135 1038 168 1077
b184 155 1587 201 1612
b185 106 1955 133 1989
b186 175 194 206 227
b187 114 1877 150 1915
b188 209 898 246 938
b189 117 2415 161 2427
b190 91 3354 128 3381
b191 117 2590 133 2624
b192 116 0 145 48
b193 124 2809 157 2826
b194 178 262 206 275
b195 75 3067 108 3080
b196 146 1405 187 1446
b197 71 2129 108 2157
b198 58 3010 106 3029
b199 44 0 75 36
b200 151 660 194 697
b201 81 3482 107 3511
b202 75 1519 109 1558
b203 189 367 204 395
b204 106 1989 147 2022
b205 102 1915 123 1930
b206 145 346 187 381
b207 191 590 224 618
b208 162 411 189 431
b209 161 2158 206 2194
b210 89 1637 102 1661
b211 146 1219 162 1231
b212 56 2284 77 2326
b213 19 3404 51 3418
b214 225 734 242 761
b215 161 2377 190 2398
b216 193 243 235 262
b217 62 2393 82 2441
b218 75 877 118 892
b219 181 898 209 916
b220 67 2973 97 3010
b221 161 2194 174 2239
b222 118 1231 152 1256
b223 80 3545 102 3564
b224 146 1307 191 1328
b225 44 3431 91 3469
b226 100 2624 139 2640
b227 205 1718 218 1750
b228 147 1970 168 1990
b229 78 2157 102 2205
b230 162 465 192 498
b231 80 2329 96 2359
b232 224 513 266 536
b233 166 1502 182 1515
b234 145 227 178 245
b235 182 300 204 346
b236 162 1113 189 1152
b237 225 694 246 734
b238 44 1606 71 1645
b239 19 3212 59 3234
b240 133 1915 156 1934
b241 157 1014 170 1038
b242 45 2914 67 2954
b243 44 3469 81 3503
b244 145 288 182 301
b245 176 1219 212 1243
b246 132 1587 155 1631
b247 110 1384 146 1423
b248 151 2442 194 2473
b249 205 1691 240 1718
b250 244 0 275 34
b251 189 395 232 429
b252 161 2126 180 2154
b253 165 739 180 752
b254 191 1243 215 1256
b255 21 3706 68 3745
b256 178 275 199 288
b257 116 48 133 81
b258 194 660 238 694
b259 175 0 201 12
b260 108 2973 127 2985
b261 44 1645 56 1690
b262 201 61 228 109
b263 99 1436 146 1482
b264 87 2502 132 2525
b265 44 1591 89 1606
b266 106 2022 151 2070
b267 181 938 215 977
b268 135 892 157 917
b269 19 3067 56 3085
b270 156 1851 179 1866
b271 56 3125 98 3149
b272 152 1231 176 1266
b273 145 381 166 411
b274 157 1766 190 1787
b275 117 2474 139 2502
b276 116 640 147 654
b277 161 2239 173 2286
b278 195 109 208 151
b279 45 2871 84 2914
b280 132 1688 163 1710
b281 93 3298 123 3316
b282 161 2096 205 2126
b283 19 3418 32 3433
b284 146 1384 176 1405
b285 116 844 129 877
b286 114 1836 150 1877
b287 105 2070 147 2091
b288 118 1113 146 1149
b289 185 1489 218 1526
b290 124 3402 140 3429
b291 208 126 236 169
b292 75 925 99 964
b293 201 0 244 19
b294 100 2591 117 2617
b295 81 3469 124 3482
b296 182 1152 198 1179
b297 154 513 192 544
b298 240 1121 273 1161
b299 127 2921 140 2934
