1152032.5
1707807
596258
247 2414
144.257988
b0 158 259 194 275
b1 139 261 158 300
b2 154 0 195 35
b3 125 1718 143 1765
b4 119 1144 145 1176
b5 119 0 154 31
b6 117 513 146 526
b7 166 1400 194 1421
b8 106 1703 138 1718
b9 195 42 241 76
b10 82 1574 127 1606
b11 139 689 153 725
b12 89 1718 125 1760
b13 178 142 226 187
b14 86 1449 101 1474
b15 67 2282 112 2328
b16 68 1292 86 1314
b17 80 1003 113 1029
b18 131 1017 165 1036
b19 37 2317 67 2329
b20 39 2226 67 2259
b21 142 1514 186 1553
b22 179 275 205 314
b23 113 880 153 905
b24 79 2027 104 2042
b25 37 2329 73 2365
b26 137 992 180 1017
b27 85 1876 119 1891
b28 86 1411 132 1449
b29 0 1808 12 1845
b30 89 1686 106 1713
b31 156 382 193 398
b32 123 1924 146 1956
b33 19 2351 37 2387
b34 0 2351 19 2389
b35 95 306 110 339
b36 186 1421 214 1433
b37 159 1333 175 1354
b38 119 1876 152 1902
b39 177 672 207 714
b40 136 1244 164 1285
b41 80 844 96 860
b42 142 1553 161 1597
b43 146 490 186 524
b44 151 142 178 158
b45 58 2068 72 2105
b46 68 1264 116 1279
b47 158 245 181 259
b48 142 1488 166 1514
b49 190 76 230 107
b50 129 725 162 767
b51 43 1874 70 1922
b52 12 2243 39 2280
b53 195 0 212 18
b54 43 2011 86 2027
b55 37 1053 50 1099
b56 159 948 181 973
b57 0 1760 19 1808
b58 117 526 136 567
b59 58 957 104 1003
b60 106 1620 136 1655
b61 139 348 172 382
b62 89 1831 126 1876
b63 37 1688 52 1723
b64 136 1285 183 1333
b65 80 1210 110 1243
b66 95 454 126 485
b67 165 1017 209 1054
b68 32 2157 67 2181
b69 92 1502 111 1540
b70 106 1606 142 1620
b71 110 1210 152 1244
b72 113 905 147 938
b73 19 2205 37 2243
b74 51 1625 80 1643
b75 83 817 106 844
b76 54 2181 68 2193
b77 113 938 137 954
b78 136 526 162 569
b79 43 1813 62 1850
b80 98 534 112 549
b81 50 1524 82 1544
b82 185 1580 217 1613
b83 210 1128 229 1165
b84 0 1723 43 1760
b85 115 807 163 844
b86 98 722 122 746
b87 147 973 192 992
b88 136 1644 164 1687
b89 152 1830 164 1865
b90 162 614 207 638
b91 95 485 139 513
b92 136 1620 178 1644
b93 116 1333 159 1354
b94 58 563 73 579
b95 0 2389 36 2414
b96 131 1036 156 1081
b97 68 1474 93 1502
b98 126 454 142 480
b99 80 1244 117 1264
b100 80 1144 107 1169
b101 139 300 179 348
b102 108 1373 133 1411
b103 119 31 151 63
b104 99 2067 135 2092
b105 89 1800 131 1831
b106 111 1449 145 1488
b107 106 1687 151 1703
b108 98 1029 131 1041
b109 107 1144 119 1166
b110 42 2259 86 2282
b111 68 1279 86 1292
b112 73 911 91 957
b113 98 1116 141 1144
b114 116 1354 155 1373
b115 131 1800 168 1830
b116 112 647 149 689
b117 51 1561 75 1598
b118 98 1081 137 1116
b119 112 611 136 647
b120 39 2181 54 2226
b121 136 569 168 614
b122 37 1003 80 1033
b123 125 1765 138 1800
b124 70 1972 83 2011
b125 80 1029 98 1057
b126 61 2105 99 2133
b127 153 844 177 866
b128 12 2292 48 2317
b129 166 1354 210 1400
b130 95 261 139 306
b131 61 2133 97 2153
b132 85 1924 123 1940
b133 37 1561 51 1573
b134 119 245 148 261
b135 19 1760 34 1797
b136 75 1606 99 1625
b137 58 545 80 563
b138 119 1902 149 1924
b139 80 880 113 911
b140 147 948 159 964
b141 92 1540 117 1574
b142 141 199 168 245
b143 83 746 129 790
b144 222 187 247 216
b145 177 638 222 672
b146 107 1176 140 1210
b147 62 1843 74 1874
b148 181 199 198 224
b149 86 1279 108 1301
b150 62 1813 75 1843
b151 178 1553 194 1580
b152 137 1081 170 1114
b153 58 513 98 525
b154 110 410 152 454
b155 113 954 125 967
b156 212 0 231 42
b157 143 1703 185 1715
b158 50 1544 78 1561
b159 34 2068 58 2104
b160 146 454 158 490
b161 104 1972 123 2003
b162 12 2280 42 2292
b163 43 1723 89 1770
b164 83 790 115 817
b165 98 689 139 722
b166 154 35 190 47
b167 164 1114 211 1128
b168 58 0 95 25
b169 110 382 156 410
b170 37 1643 59 1688
b171 168 866 203 900
b172 79 2042 110 2067
b173 50 1502 92 1524
b174 58 525 83 545
b175 151 187 185 199
b176 85 1940 105 1956
b177 37 0 58 31
b178 34 2104 54 2120
b179 34 2027 79 2068
b180 98 513 117 534
b181 153 866 168 908
b182 151 1687 184 1699
b183 0 0 37 16
b184 116 1264 136 1283
b185 117 567 130 611
b186 19 2157 32 2205
b187 158 398 180 422
b188 95 0 119 40
b189 37 1033 68 1053
b190 0 2317 37 2351
b191 19 2120 61 2157
b192 119 63 141 91
b193 43 1770 85 1813
b194 59 1643 101 1686
b195 96 844 121 880
b196 75 1956 114 1972
b197 154 107 201 142
b198 153 908 175 948
b199 129 767 163 807
