573943.25
837653.5
310233
553 561
86.621954
b0 44 392 71 407
b1 113 314 140 330
b2 325 535 347 561
b3 510 506 531 551
b4 355 0 400 40
b5 258 31 284 47
b6 0 468 27 506
b7 256 477 285 512
b8 99 111 135 132
b9 0 189 25 233
b10 161 430 176 461
b11 267 70 291 111
b12 83 467 102 484
b13 84 206 117 254
b14 118 206 139 250
b15 202 425 217 459
b16 135 116 177 161
b17 445 117 486 154
b18 509 100 553 143
b19 302 158 338 181
b20 306 264 319 281
b21 285 208 313 252
b22 238 254 273 283
b23 374 307 414 324
b24 70 68 94 86
b25 340 87 369 130
b26 0 291 27 309
b27 158 509 198 547
b28 400 0 424 12
b29 353 188 382 218
b30 27 291 47 319
b31 405 38 437 74
b32 48 125 70 144
b33 0 71 45 117
b34 261 382 273 411
b35 128 31 140 57
b36 191 45 221 72
b37 449 291 461 320
b38 119 250 138 271
b39 262 222 274 235
b40 119 295 166 314
b41 414 480 433 516
b42 187 220 233 245
b43 331 352 352 391
b44 369 87 396 111
b45 140 350 165 374
b46 285 517 304 530
b47 473 36 515 76
b48 0 526 28 560
b49 0 0 48 24
b50 202 459 221 473
b51 424 0 440 14
b52 461 291 479 328
b53 444 407 456 443
b54 522 43 552 77
b55 153 0 179 31
b56 107 0 153 31
b57 0 24 48 71
b58 27 319 52 344
b59 291 63 338 101
b60 489 445 528 461
b61 44 347 75 392
b62 223 416 269 452
b63 289 27 335 63
b64 204 279 219 312
b65 243 477 256 500
b66 94 332 139 374
b67 341 0 355 33
b68 74 285 119 313
b69 72 484 99 520
b70 280 113 296 158
b71 140 84 174 116
b72 39 459 71 474
b73 181 33 227 45
b74 170 295 204 338
b75 0 424 37 444
b76 102 467 141 503
b77 313 205 353 223
b78 41 409 83 425
b79 285 535 325 560
b80 320 122 335 158
b81 433 480 448 512
b82 0 444 39 468
b83 236 114 277 151
b84 52 313 90 347
b85 515 0 549 43
b86 0 344 44 383
b87 285 285 330 333
b88 198 490 242 519
b89 70 86 90 128
b90 405 14 451 38
b91 157 161 200 182
b92 83 420 128 467
b93 238 222 262 242
b94 99 254 118 285
b95 427 156 464 200
b96 369 153 415 186
b97 359 476 374 516
b98 493 432 528 445
b99 141 518 158 558
b100 376 516 421 560
b101 140 314 170 350
b102 382 209 422 245
b103 204 245 238 279
b104 374 324 416 338
b105 128 430 161 465
b106 242 548 275 560
b107 170 404 202 419
b108 228 345 266 382
b109 94 69 140 111
b110 99 518 141 557
b111 481 398 494 419
b112 223 452 253 477
b113 302 181 338 205
b114 157 182 201 216
b115 0 309 22 343
b116 285 489 304 517
b117 330 285 351 324
b118 229 70 267 114
b119 513 461 541 506
b120 200 142 236 178
b121 223 382 261 416
b122 25 189 45 232
b123 472 475 495 511
b124 458 440 489 475
b125 441 200 483 246
b126 169 33 181 55
b127 509 143 552 168
b128 304 507 348 535
b129 335 130 369 152
b130 348 531 374 561
b131 138 250 186 295
b132 186 249 204 288
b133 396 78 439 93
b134 340 40 374 87
b135 27 474 72 489
b136 154 465 191 477
b137 319 264 347 285
b138 453 328 481 370
b139 242 512 279 548
b140 140 31 152 74
b141 75 347 94 392
b142 47 276 74 313
b143 221 45 246 69
b144 99 175 139 190
b145 198 477 243 490
b146 139 216 187 249
b147 48 0 90 30
b148 177 141 197 159
b149 431 357 453 404
b150 258 47 289 70
b151 427 114 445 156
b152 119 271 138 287
b153 94 374 135 404
b154 71 392 93 409
b155 376 442 390 467
b156 84 190 112 206
b157 253 452 273 477
b158 158 547 181 560
b159 236 151 280 183
b160 343 476 359 503
b161 483 264 530 310
b162 451 0 482 18
b163 456 407 478 440
b164 473 76 509 117
b165 48 108 69 125
b166 494 398 530 432
b167 48 189 84 226
b168 441 246 482 270
b169 221 321 260 345
b170 434 515 463 560
b171 221 299 261 321
b172 318 379 331 406
b173 270 183 302 208
b174 48 30 91 46
b175 84 149 100 164
b176 66 520 99 558
b177 390 395 431 432
b178 204 312 221 331
b179 285 333 331 367
b180 486 216 526 235
b181 366 245 396 273
b182 296 113 320 158
b183 335 443 374 476
b184 285 443 310 489
b185 313 223 347 250
b186 482 0 515 31
b187 28 525 66 561
b188 418 443 458 480
b189 285 367 329 379
b190 453 370 480 407
b191 94 404 128 420
b192 483 235 531 264
b193 170 338 187 371
b194 141 465 154 493
b195 45 239 78 252
b196 0 383 41 424
b197 404 267 441 295
b198 204 377 223 425
b199 338 152 369 188
b200 307 406 350 443
b201 353 218 382 244
b202 439 38 473 77
b203 348 516 376 531
b204 179 0 220 33
b205 187 338 202 359
b206 201 178 236 220
b207 170 371 198 404
b208 0 506 27 526
b209 352 397 388 442
b210 509 76 522 100
b211 291 101 307 113
b212 396 93 438 114
b213 157 477 171 509
b214 324 0 341 27
b215 70 128 99 149
b216 533 168 552 210
b217 483 333 531 353
b218 48 144 63 187
b219 218 114 236 142
b220 422 320 452 357
b221 421 516 434 561
b222 310 443 335 477
b223 204 358 226 377
b224 352 352 373 397
b225 376 468 414 515
b226 221 283 260 299
b227 94 0 107 32
b228 320 101 340 122
b229 509 168 533 216
b230 310 477 343 507
b231 139 374 169 390
b232 483 310 525 333
b233 204 331 220 344
b234 495 461 513 494
b235 48 46 94 68
b236 0 264 39 291
b237 63 149 84 189
b238 152 57 191 84
b239 48 68 70 108
b240 90 313 113 332
b241 204 345 228 358
b242 396 245 436 267
b243 94 32 128 69
b244 431 404 444 441
b245 176 419 200 455
b246 351 277 374 321
b247 27 489 66 525
b248 246 0 289 31
b249 289 0 324 27
b250 0 233 34 264
b251 100 132 134 175
b252 227 0 246 28
b253 177 84 192 97
b254 417 365 430 389
b255 369 114 416 153
b256 285 264 306 277
b257 349 244 366 277
b258 39 425 83 459
b259 238 242 264 254
b260 330 250 349 262
b261 285 252 330 264
b262 374 338 422 365
b263 463 515 510 561
b264 382 186 427 209
b265 99 503 144 518
b266 483 353 531 398
b267 236 183 270 222
b268 280 158 302 183
b269 139 161 157 198
b270 84 164 99 187
b271 128 406 170 430
b272 448 480 472 515
b273 374 273 404 294
b274 285 379 318 400
b275 421 295 449 317
b276 227 31 258 45
b277 374 295 421 307
b278 427 200 440 242
b279 0 117 43 156
b280 285 400 307 431
b281 451 18 481 36
b282 373 365 417 395
b283 144 493 157 508
b284 78 254 99 284
b285 45 226 78 239
b286 177 105 218 141
b287 441 270 483 291
b288 390 432 418 468
b289 192 72 229 105
b290 112 190 139 206
b291 331 324 374 352
b292 39 252 78 276
b293 464 154 483 197
b294 152 31 169 57
b295 261 283 274 326
b296 135 390 162 406
b297 374 40 405 78
b298 0 156 40 189
b299 480 419 493 432
