247228.25
292891.5
201565
455 443
5.189311
b0 300 19 333 62
b1 220 369 285 406
b2 185 204 219 257
b3 105 89 142 156
b4 111 390 130 419
b5 220 290 269 329
b6 27 168 45 208
b7 337 0 359 40
b8 168 366 218 428
b9 203 82 244 98
b10 27 265 79 283
b11 293 186 352 225
b12 220 406 281 434
b13 94 197 142 254
b14 143 0 206 43
b15 234 138 293 190
b16 411 77 447 134
b17 50 197 94 263
b18 169 318 220 366
b19 368 354 418 385
b20 300 0 337 19
b21 79 0 143 50
b22 314 97 363 131
b23 79 370 128 390
b24 53 89 81 134
b25 269 290 323 329
b26 398 0 453 40
b27 364 191 429 216
b28 162 102 201 148
b29 81 89 105 151
b30 53 0 79 24
b31 314 63 340 97
b32 142 204 185 257
b33 199 166 221 201
b34 341 350 368 404
b35 418 354 449 392
b36 75 50 142 89
b37 281 410 341 430
b38 27 208 50 265
b39 0 306 52 361
b40 203 98 229 127
b41 45 134 72 189
b42 0 0 53 62
b43 79 324 140 370
b44 364 144 429 191
b45 274 241 297 285
b46 203 43 225 82
b47 209 257 274 290
b48 0 211 27 268
b49 221 190 268 255
b50 323 283 355 350
b51 130 370 168 427
b52 285 365 339 410
b53 0 168 21 211
b54 247 120 308 138
b55 355 275 389 331
b56 143 71 160 134
b57 368 385 386 432
b58 345 241 391 275
b59 400 40 450 77
b60 27 283 67 306
b61 0 268 23 301
b62 337 44 397 63
b63 66 390 111 426
b64 402 392 449 442
b65 142 148 199 204
b66 391 216 452 283
b67 220 329 264 369
b68 248 0 300 63
b69 52 306 79 360
b70 206 0 248 42
b71 53 24 75 88
b72 79 263 140 324
b73 142 257 209 318
b74 297 225 335 267
b75 143 43 162 71
b76 225 42 247 75
b77 248 63 314 120
b78 264 329 296 365
b79 72 156 132 197
b80 386 385 402 443
b81 0 62 40 112
b82 364 87 411 144
b83 323 267 345 283
b84 293 164 360 186
b85 360 216 380 241
b86 0 112 37 168
b87 359 0 398 44
b88 363 63 400 87
b89 142 318 169 356
b90 201 127 234 166
b91 308 131 364 164
b92 341 404 367 420
b93 0 401 65 436
b94 162 43 203 102
b95 268 190 287 241
b96 0 361 66 401
b97 429 134 446 201
b98 391 283 453 305
b99 389 305 455 354
