220888.75
239281.5
202496
452 448
4.316912
b0 322 206 365 239
b1 306 315 371 352
b2 112 0 146 53
b3 181 0 218 67
b4 61 329 90 348
b5 285 63 334 102
b6 270 278 288 318
b7 61 348 83 388
b8 96 227 158 277
b9 112 53 153 69
b10 306 0 324 52
b11 0 403 59 442
b12 153 0 181 61
b13 367 68 415 125
b14 167 385 210 448
b15 384 286 443 338
b16 162 226 219 262
b17 122 336 188 380
b18 48 164 96 215
b19 270 192 320 223
b20 365 274 384 311
b21 48 0 112 50
b22 61 234 95 283
b23 365 225 385 274
b24 172 302 217 330
b25 283 239 337 278
b26 194 117 249 157
b27 188 360 253 385
b28 310 409 356 448
b29 194 93 256 117
b30 24 0 48 26
b31 187 67 221 93
b32 59 393 102 446
b33 324 41 359 63
b34 359 41 413 68
b35 219 222 250 260
b36 218 0 285 39
b37 384 338 444 358
b38 162 158 219 181
b39 48 50 103 102
b40 356 409 382 438
b41 338 239 365 294
b42 48 102 101 164
b43 0 301 61 347
b44 384 358 449 405
b45 162 262 206 285
b46 0 206 39 228
b47 102 403 167 436
b48 95 336 122 393
b49 354 144 419 191
b50 274 318 306 385
b51 253 388 310 426
b52 162 181 216 226
b53 285 0 306 43
b54 256 327 274 388
b55 365 191 421 225
b56 158 285 221 302
b57 169 67 187 114
b58 61 283 95 329
b59 288 278 338 315
b60 122 380 162 403
b61 415 40 438 73
b62 334 125 394 144
b63 210 385 246 430
b64 285 102 332 152
b65 0 347 57 403
b66 0 234 61 301
b67 384 0 428 40
b68 221 39 284 91
b69 16 114 43 168
b70 152 116 194 158
b71 246 426 310 448
b72 101 166 162 227
b73 385 225 452 286
b74 0 168 42 206
b75 419 129 438 157
b76 250 239 283 261
b77 310 352 376 409
b78 136 302 172 334
b79 324 0 384 41
b80 254 223 312 239
b81 112 116 152 166
b82 112 69 169 116
b83 254 192 270 214
b84 384 405 451 427
b85 428 0 448 25
b86 415 73 452 129
b87 0 37 44 76
b88 0 0 24 37
b89 16 76 43 114
b90 217 327 256 360
b91 334 68 367 124
b92 0 76 16 102
b93 219 157 254 222
b94 95 277 136 336
b95 44 215 95 234
b96 256 152 322 192
b97 421 157 438 224
b98 332 144 354 206
b99 221 261 270 327
