569233.5
842820
295647
527 561
89.275894
b0 71 383 98 398
b1 56 330 72 357
b2 500 234 522 260
b3 221 474 266 495
b4 337 43 382 83
b5 293 239 309 265
b6 213 67 251 94
b7 287 426 322 455
b8 235 211 271 232
b9 0 48 44 73
b10 393 379 424 394
b11 382 58 423 82
b12 37 335 56 352
b13 299 313 347 346
b14 0 501 21 545
b15 171 29 186 63
b16 485 469 527 514
b17 485 152 526 189
b18 337 0 381 43
b19 470 261 506 284
b20 367 441 380 458
b21 126 29 170 57
b22 45 46 74 81
b23 410 303 427 343
b24 192 194 210 218
b25 160 0 203 29
b26 38 308 56 335
b27 183 96 223 134
b28 245 341 257 365
b29 186 29 215 59
b30 88 479 116 499
b31 339 270 371 306
b32 210 267 229 289
b33 254 0 300 45
b34 197 530 226 542
b35 351 393 377 405
b36 286 524 316 551
b37 38 296 67 308
b38 32 149 51 170
b39 140 509 153 521
b40 193 383 212 430
b41 242 384 278 403
b42 210 194 235 240
b43 299 346 338 367
b44 412 505 439 529
b45 196 469 221 493
b46 384 225 403 238
b47 126 267 166 309
b48 201 166 235 194
b49 253 95 277 143
b50 72 337 91 351
b51 336 154 352 168
b52 299 154 336 172
b53 316 524 328 560
b54 393 394 427 424
b55 165 469 196 495
b56 352 144 398 175
b57 287 477 335 524
b58 499 535 524 560
b59 54 158 101 196
b60 277 95 293 134
b61 112 182 143 227
b62 338 175 384 211
b63 45 0 81 46
b64 148 429 163 462
b65 322 454 335 477
b66 485 388 527 433
b67 378 507 392 540
b68 237 532 282 560
b69 322 406 349 442
b70 0 236 16 281
b71 216 134 250 166
b72 143 151 175 166
b73 338 211 384 223
b74 67 275 110 309
b75 0 364 37 384
b76 485 433 524 469
b77 337 124 377 142
b78 500 0 516 42
b79 88 499 113 539
b80 177 181 192 217
b81 414 271 429 303
b82 120 391 159 415
b83 328 524 369 561
b84 216 0 254 34
b85 395 345 438 379
b86 439 389 483 428
b87 0 0 45 48
b88 483 359 527 388
b89 88 541 130 561
b90 260 403 284 449
b91 266 449 287 492
b92 106 104 151 151
b93 177 161 201 181
b94 320 270 339 301
b95 393 424 437 461
b96 212 325 245 371
b97 143 183 158 223
b98 0 133 13 168
b99 110 227 150 244
b100 467 314 511 359
b101 24 170 54 206
b102 174 343 210 383
b103 159 384 193 418
b104 246 403 260 445
b105 115 430 148 465
b106 164 510 197 522
b107 165 495 197 510
b108 0 284 38 321
b109 439 475 485 517
b110 422 208 461 250
b111 203 0 216 21
b112 14 206 39 236
b113 0 168 24 204
b114 33 400 67 444
b115 81 457 115 479
b116 72 364 100 383
b117 251 239 290 260
b118 0 73 44 111
b119 439 344 467 389
b120 300 0 336 36
b121 361 83 399 117
b122 153 540 196 560
b123 335 458 371 481
b124 101 151 136 182
b125 485 106 527 152
b126 152 487 164 509
b127 371 276 414 301
b128 253 67 297 95
b129 284 404 318 426
b130 371 461 401 487
b131 398 118 446 163
b132 168 239 186 278
b133 67 260 110 275
b134 304 172 338 219
b135 221 459 266 474
b136 251 260 288 272
b137 139 0 160 28
b138 382 30 424 58
b139 138 347 174 384
b140 384 175 396 218
b141 81 0 126 19
b142 210 240 247 267
b143 66 134 91 158
b144 197 542 237 557
b145 163 418 176 463
b146 245 308 293 341
b147 382 0 424 30
b148 446 0 466 18
b149 253 143 275 190
b150 140 57 171 80
b151 153 522 195 540
b152 13 149 32 165
b153 71 196 112 226
b154 398 208 420 225
b155 470 284 495 298
b156 467 359 483 387
b157 0 422 25 442
b158 44 81 57 104
b159 401 461 433 505
b160 79 110 106 126
b161 439 428 485 475
b162 506 260 524 291
b163 438 539 471 561
b164 399 82 440 118
b165 40 240 61 257
b166 116 465 152 499
b167 107 311 144 347
b168 337 83 361 124
b169 461 237 500 261
b170 498 189 527 234
b171 277 134 299 174
b172 158 226 185 239
b173 151 80 183 105
b174 81 19 97 62
b175 466 0 481 16
b176 0 384 33 422
b177 429 271 470 308
b178 38 515 57 532
b179 212 413 246 459
b180 481 0 500 40
b181 223 94 253 122
b182 102 19 126 64
b183 215 34 254 67
b184 351 347 376 393
b185 106 64 140 91
b186 0 442 33 473
b187 299 106 337 142
b188 461 197 498 237
b189 380 408 392 452
b190 277 174 304 211
b191 110 277 126 311
b192 33 444 81 473
b193 392 507 409 540
b194 126 0 139 28
b195 380 375 393 408
b196 485 65 526 106
b197 67 414 104 442
b198 245 365 293 384
b199 349 405 380 441
b200 0 321 37 364
b201 412 529 438 558
b202 176 430 210 469
b203 74 62 102 77
b204 347 306 380 347
b205 81 442 102 457
b206 197 495 239 530
b207 271 211 304 239
b208 371 487 398 507
b209 43 479 88 515
b210 66 110 79 134
b211 171 63 183 79
b212 457 55 478 97
b213 120 415 152 429
b214 21 501 38 528
b215 144 309 165 338
b216 257 341 299 360
b217 424 25 444 73
b218 369 540 412 555
b219 471 535 499 553
b220 293 367 323 404
b221 106 91 151 104
b222 335 481 369 506
b223 0 111 19 133
b224 57 89 102 110
b225 19 111 66 149
b226 104 391 120 430
b227 72 351 104 364
b228 503 514 523 535
b229 16 236 40 284
b230 183 63 213 96
b231 470 298 500 314
b232 126 244 168 267
b233 69 309 85 322
b234 470 517 503 535
b235 254 45 300 67
b236 40 257 67 296
b237 410 250 450 271
b238 177 134 216 161
b239 229 267 251 307
b240 151 122 170 145
b241 152 463 165 487
b242 168 278 208 300
b243 239 495 273 532
b244 300 36 313 73
b245 309 219 333 255
b246 481 42 525 65
b247 427 308 466 344
b248 57 515 88 558
b249 446 162 473 197
b250 40 206 71 240
b251 37 357 71 400
b252 376 347 395 375
b253 273 492 286 507
b254 500 291 524 304
b255 446 97 485 144
b256 56 309 69 330
b257 143 166 176 183
b258 104 347 138 391
b259 74 77 100 89
b260 410 225 422 244
b261 322 442 367 454
b262 293 265 320 313
b263 333 223 379 270
b264 186 218 209 263
b265 511 304 526 349
b266 398 163 446 208
b267 71 226 110 260
b268 424 0 446 25
b269 446 144 483 162
b270 130 541 153 556
b271 116 499 140 541
b272 313 36 337 71
b273 212 392 242 413
b274 287 455 320 476
b275 85 309 107 337
b276 0 204 14 235
b277 299 142 346 154
b278 444 55 457 97
b279 166 300 205 343
b280 439 517 470 539
b281 210 307 240 325
b282 380 301 410 345
b283 424 379 439 392
b284 212 371 242 392
b285 110 244 123 277
b286 251 272 292 308
b287 235 190 277 211
b288 21 532 57 560
b289 446 18 479 55
b290 71 398 98 414
b291 0 473 43 501
b292 323 367 347 406
b293 158 183 177 226
b294 151 105 177 122
b295 335 507 378 520
b296 377 117 393 144
b297 379 238 410 276
b298 297 73 337 106
b299 338 347 351 360
