1191260.25
1726420.5
656100
270 2430
143.754421
b0 0 2351 36 2367
b1 93 941 112 980
b2 22 2157 63 2192
b3 75 616 93 663
b4 143 1268 169 1300
b5 96 1615 131 1646
b6 109 647 138 660
b7 112 989 140 1010
b8 93 632 125 647
b9 55 2332 101 2366
b10 88 2089 133 2121
b11 75 567 89 603
b12 115 1824 151 1866
b13 75 522 123 567
b14 32 1607 47 1632
b15 150 185 195 231
b16 168 1348 186 1370
b17 119 1200 152 1226
b18 74 767 108 786
b19 89 1953 119 1965
b20 168 121 196 154
b21 49 871 93 910
b22 36 2372 62 2411
b23 121 320 161 345
b24 0 2382 25 2397
b25 50 1812 86 1848
b26 125 1438 168 1463
b27 0 2367 34 2382
b28 121 357 167 395
b29 161 320 173 357
b30 73 1785 90 1812
b31 22 2053 59 2069
b32 125 1463 148 1495
b33 52 2236 70 2272
b34 124 438 143 476
b35 60 45 75 78
b36 89 567 117 579
b37 59 2053 75 2074
b38 50 1607 83 1633
b39 168 0 198 42
b40 32 0 60 41
b41 75 1577 91 1593
b42 123 1646 142 1690
b43 83 1683 123 1717
b44 75 2007 102 2023
b45 60 709 74 746
b46 148 1463 196 1478
b47 123 522 146 536
b48 85 675 109 701
b49 198 0 238 31
b50 90 1015 123 1057
b51 32 1259 59 1307
b52 119 1226 146 1263
b53 32 41 49 59
b54 32 1546 75 1562
b55 123 570 136 616
b56 134 1064 156 1089
b57 117 905 136 953
b58 63 2195 82 2236
b59 75 1376 121 1422
b60 22 2192 52 2227
b61 56 1953 89 1987
b62 60 0 97 45
b63 93 980 108 1015
b64 121 272 168 320
b65 69 1920 99 1953
b66 75 1546 106 1577
b67 102 1965 146 2002
b68 97 498 132 522
b69 193 340 212 378
b70 49 1180 85 1194
b71 168 281 210 315
b72 156 506 190 539
b73 119 1263 137 1301
b74 32 2035 61 2053
b75 50 1633 73 1660
b76 13 2289 27 2301
b77 115 1866 139 1882
b78 136 395 162 438
b79 96 1646 115 1683
b80 131 1511 145 1526
b81 151 1521 183 1541
b82 0 0 32 33
b83 22 2227 41 2264
b84 138 826 181 863
b85 111 726 159 763
b86 121 1376 145 1400
b87 59 1492 104 1511
b88 59 2074 87 2117
b89 54 1562 66 1597
b90 136 905 181 929
b91 75 1231 119 1259
b92 126 0 168 24
b93 154 800 197 821
b94 67 943 82 959
b95 180 315 216 340
b96 155 929 180 974
b97 146 478 171 506
b98 138 800 154 826
b99 85 1180 122 1200
b100 97 395 124 420
b101 168 1300 208 1348
b102 63 2157 88 2195
b103 123 1010 155 1042
b104 67 1155 103 1180
b105 49 1200 91 1231
b106 87 2050 121 2089
b107 160 231 205 247
b108 86 1812 119 1824
b109 123 1042 135 1064
b110 73 1762 117 1785
b111 32 1632 50 1645
b112 49 943 67 989
b113 32 1231 75 1259
b114 13 2332 52 2351
b115 32 1876 69 1906
b116 75 786 112 828
b117 89 579 113 616
b118 59 1511 98 1546
b119 97 16 121 52
b120 152 1089 167 1134
b121 0 33 32 78
b122 205 185 248 215
b123 210 77 223 112
b124 83 1615 96 1654
b125 50 1848 68 1876
b126 97 1348 135 1376
b127 32 1906 56 1928
b128 85 701 121 726
b129 90 1064 134 1110
b130 83 1717 127 1762
b131 56 1987 92 2007
b132 114 1422 152 1438
b133 75 663 89 675
b134 97 0 126 16
b135 60 786 75 823
b136 97 420 121 439
b137 0 78 22 96
b138 84 1434 114 1456
b139 167 974 200 1005
b140 125 1495 137 1511
b141 60 675 85 709
b142 198 31 225 77
b143 69 1876 115 1920
b144 126 243 151 272
b145 93 871 138 905
b146 123 536 156 570
b147 208 378 220 409
b148 13 2264 30 2289
b149 121 476 143 498
b150 0 96 13 126
b151 75 2023 91 2050
b152 90 1110 123 1143
b153 109 660 149 672
b154 168 77 210 121
b155 124 395 136 408
b156 146 1226 165 1268
b157 30 2272 72 2284
b158 180 583 208 600
b159 93 905 117 941
b160 117 953 129 989
b161 106 1540 125 1571
b162 121 672 151 684
b163 97 1301 143 1348
b164 238 0 270 27
b165 49 910 90 943
b166 82 1143 118 1155
b167 30 2284 77 2298
b168 74 742 111 767
b169 69 1848 115 1876
b170 32 1562 54 1607
b171 27 2298 62 2332
b172 117 1762 148 1787
b173 83 1593 125 1615
b174 59 1434 84 1454
b175 126 231 160 243
b176 138 632 158 648
b177 189 154 210 185
b178 85 726 105 742
b179 115 1882 160 1923
b180 36 2351 55 2372
b181 32 1928 47 1970
b182 75 1422 108 1434
b183 117 616 154 632
b184 34 2411 54 2430
b185 180 539 193 583
b186 104 1492 117 1540
b187 75 1259 97 1283
b188 126 24 150 64
b189 72 2236 103 2256
b190 168 247 205 281
b191 138 763 180 800
b192 47 2007 69 2035
b193 148 1478 190 1521
b194 60 828 102 871
b195 84 1456 109 1492
b196 150 154 189 170
b197 152 1134 199 1169
b198 59 2117 81 2157
b199 146 438 180 478
