383156.75
565610.5
200703
449 447
29.098168
b0 0 0 36 16
b1 136 0 175 19
b2 315 79 356 114
b3 54 37 72 84
b4 306 207 338 233
b5 288 410 323 441
b6 28 155 57 168
b7 350 380 378 401
b8 39 37 54 69
b9 94 361 140 395
b10 168 115 200 160
b11 33 301 47 337
b12 349 207 391 243
b13 184 165 232 210
b14 156 326 171 351
b15 100 395 145 441
b16 290 236 312 254
b17 423 365 449 398
b18 306 0 340 19
b19 67 192 79 222
b20 72 37 105 65
b21 0 16 39 60
b22 119 293 158 319
b23 0 60 25 100
b24 391 198 406 223
b25 105 196 141 232
b26 0 100 25 143
b27 16 378 50 393
b28 355 306 393 352
b29 57 155 69 192
b30 141 168 168 185
b31 241 92 278 108
b32 133 319 156 351
b33 87 270 105 306
b34 81 397 100 435
b35 216 364 231 397
b36 0 155 28 167
b37 372 408 388 429
b38 89 102 115 135
b39 356 262 386 304
b40 0 168 41 196
b41 372 100 388 116
b42 426 109 445 153
b43 0 196 34 236
b44 356 100 372 127
b45 262 273 299 287
b46 171 31 219 46
b47 175 0 189 23
b48 254 108 278 134
b49 361 136 392 176
b50 278 44 320 77
b51 351 45 399 72
b52 299 267 336 294
b53 71 109 89 126
b54 165 99 208 115
b55 125 22 171 35
b56 386 281 408 306
b57 351 243 399 262
b58 109 135 128 176
b59 25 109 71 155
b60 0 236 30 271
b61 279 351 312 385
b62 231 406 276 443
b63 346 127 361 162
b64 399 0 447 47
b65 323 413 356 443
b66 207 0 238 31
b67 247 287 284 331
b68 219 31 254 55
b69 378 357 416 376
b70 158 373 194 387
b71 392 121 426 163
b72 0 277 33 311
b73 303 119 321 157
b74 189 0 207 29
b75 238 0 261 27
b76 36 0 48 14
b77 416 341 432 365
b78 79 227 105 270
b79 25 69 44 106
b80 240 114 254 129
b81 378 376 398 408
b82 0 311 33 343
b83 75 347 94 384
b84 171 330 208 373
b85 48 0 96 37
b86 39 347 63 371
b87 200 146 245 165
b88 402 403 430 446
b89 391 109 426 121
b90 333 162 357 207
b91 356 72 400 100
b92 33 277 75 301
b93 357 176 400 197
b94 356 401 372 416
b95 321 114 346 150
b96 141 185 166 230
b97 330 304 355 332
b98 412 315 428 341
b99 336 267 356 304
b100 398 376 423 403
b101 33 397 81 437
b102 209 214 247 239
b103 208 114 240 146
b104 267 155 292 191
b105 320 37 351 79
b106 208 330 247 364
b107 334 368 350 413
b108 34 196 67 208
b109 50 371 62 393
b110 79 183 102 227
b111 140 351 158 364
b112 356 429 402 447
b113 205 55 248 83
b114 312 248 351 267
b115 248 55 278 92
b116 278 77 315 119
b117 266 236 290 273
b118 0 343 39 378
b119 399 245 423 281
b120 117 278 162 293
b121 284 294 329 326
b122 47 304 77 347
b123 400 163 413 198
b124 44 96 83 109
b125 91 135 109 163
b126 152 230 180 268
b127 105 38 127 62
b128 278 119 303 155
b129 400 63 444 109
b130 261 0 306 44
b131 185 46 205 82
b132 166 189 182 227
b133 127 35 141 47
b134 168 160 184 189
b135 312 233 349 248
b136 247 214 266 238
b137 146 104 164 126
b138 423 245 445 275
b139 208 83 241 114
b140 386 262 398 278
b141 284 326 318 351
b142 158 299 204 326
b143 218 239 262 285
b144 145 411 170 440
b145 365 0 399 45
b146 408 281 441 315
b147 63 347 75 378
b148 141 35 166 52
b149 180 246 202 268
b150 62 384 92 397
b151 0 378 16 405
b152 0 405 33 438
b153 318 326 330 366
b154 231 364 275 406
b155 54 84 67 96
b156 393 315 412 357
b157 121 319 133 361
b158 355 352 372 380
b159 330 332 354 368
b160 437 153 449 189
b161 115 104 146 123
b162 276 404 288 434
b163 105 232 152 278
b164 247 331 279 358
b165 30 236 63 277
b166 63 222 75 258
b167 430 398 444 445
b168 340 0 365 37
b169 170 411 216 439
b170 245 134 267 179
b171 232 179 266 214
b172 162 268 187 299
b173 312 368 334 410
b174 102 176 127 196
b175 75 270 87 304
b176 202 246 218 266
b177 164 52 185 83
b178 105 22 125 38
b179 292 157 333 202
b180 275 385 296 404
b181 77 311 119 326
b182 105 278 117 311
b183 164 83 201 99
b184 372 116 391 136
b185 77 326 121 339
b186 432 315 445 363
b187 413 163 437 185
b188 158 387 198 411
b189 187 268 218 288
b190 83 65 117 102
b191 128 126 165 168
b192 69 155 91 183
b193 117 62 160 104
b194 204 288 247 330
b195 184 210 209 246
b196 399 47 438 63
b197 406 198 441 245
b198 96 0 136 22
b199 266 202 306 236
