379754.25
559258.5
200250
450 445
32.440697
b0 332 299 348 335
b1 246 149 265 188
b2 26 0 67 35
b3 46 140 64 187
b4 81 16 107 48
b5 127 217 162 248
b6 286 126 299 155
b7 228 121 249 149
b8 300 341 332 356
b9 107 12 153 46
b10 396 153 428 198
b11 127 298 163 312
b12 64 141 106 177
b13 291 33 336 81
b14 33 365 48 390
b15 359 79 404 125
b16 48 341 66 363
b17 404 104 430 137
b18 117 88 136 122
b19 318 396 330 426
b20 174 273 207 301
b21 378 349 422 388
b22 0 0 26 39
b23 206 337 231 377
b24 237 0 262 15
b25 193 301 229 337
b26 133 141 158 184
b27 167 177 182 211
b28 81 380 119 426
b29 380 287 417 299
b30 0 39 17 66
b31 312 283 349 299
b32 178 377 210 400
b33 158 141 176 177
b34 129 122 167 141
b35 175 215 190 248
b36 354 0 366 28
b37 117 67 133 88
b38 0 79 26 112
b39 190 215 232 245
b40 218 93 259 121
b41 87 240 103 256
b42 204 70 248 89
b43 299 81 333 121
b44 284 357 300 384
b45 0 112 14 149
b46 332 335 347 383
b47 233 360 247 383
b48 229 297 253 323
b49 17 39 48 79
b50 256 324 298 357
b51 320 166 368 193
b52 422 348 449 385
b53 176 141 193 159
b54 248 77 291 93
b55 133 65 179 78
b56 410 299 432 324
b57 83 256 102 304
b58 408 0 449 19
b59 0 149 46 195
b60 348 349 378 384
b61 323 244 356 278
b62 264 188 301 233
b63 173 420 208 435
b64 248 398 296 445
b65 16 276 46 309
b66 292 0 323 31
b67 301 199 338 243
b68 336 33 360 68
b69 133 46 171 65
b70 391 137 427 151
b71 366 0 408 34
b72 48 35 81 69
b73 163 314 181 352
b74 377 258 395 287
b75 210 377 233 404
b76 100 364 114 376
b77 71 213 87 237
b78 421 198 447 241
b79 247 379 284 398
b80 330 421 345 435
b81 232 188 264 208
b82 24 195 56 228
b83 171 25 190 62
b84 135 352 178 389
b85 330 384 378 421
b86 136 78 160 102
b87 265 156 310 175
b88 14 112 57 140
b89 105 0 140 12
b90 0 195 24 240
b91 368 166 396 210
b92 207 273 249 297
b93 356 244 377 287
b94 432 332 447 348
b95 181 337 206 373
b96 396 198 421 243
b97 179 62 204 90
b98 46 270 62 296
b99 57 101 77 138
b100 232 208 257 235
b101 182 175 230 215
b102 298 303 323 341
b103 48 69 80 101
b104 0 240 25 276
b105 25 228 56 270
b106 66 341 100 380
b107 0 276 16 321
b108 119 389 131 422
b109 386 299 408 311
b110 395 243 418 287
b111 224 57 242 70
b112 432 286 450 332
b113 299 128 342 156
b114 167 122 206 141
b115 80 111 117 141
b116 349 307 386 349
b117 103 240 127 277
b118 92 201 127 240
b119 386 311 410 347
b120 56 213 71 258
b121 46 296 78 341
b122 418 243 448 286
b123 162 217 175 252
b124 394 34 407 73
b125 268 126 286 154
b126 342 128 370 166
b127 428 153 450 177
b128 231 324 256 360
b129 378 388 424 432
b130 0 321 45 365
b131 56 193 92 213
b132 67 0 105 16
b133 176 0 188 14
b134 366 210 382 239
b135 248 62 285 77
b136 301 175 320 199
b137 410 324 428 346
b138 296 396 318 426
b139 323 0 354 33
b140 427 137 439 153
b141 175 248 209 273
b142 106 155 133 201
b143 257 233 301 279
b144 338 193 363 222
b145 360 34 394 79
b146 133 184 167 217
b147 163 78 175 109
b148 102 339 119 364
b149 48 380 70 402
b150 163 301 193 314
b151 136 102 163 118
b152 259 93 292 126
b153 71 237 83 277
b154 131 389 173 433
b155 225 0 237 13
b156 81 48 123 67
b157 102 297 114 339
b158 153 12 170 40
b159 78 304 102 340
b160 206 89 218 125
b161 430 104 449 135
b162 262 0 292 12
b163 127 252 174 298
b164 175 90 202 122
b165 0 365 33 406
b166 140 0 176 12
b167 333 81 347 128
b168 188 0 225 25
b169 209 245 255 273
b170 0 406 45 428
b171 193 141 228 175
b172 208 404 233 435
b173 225 15 247 57
b174 102 277 127 297
b175 347 68 359 102
b176 64 177 84 193
b177 370 125 391 156
b178 296 283 312 303
b179 255 279 296 324
b180 249 126 268 147
b181 233 398 248 440
b182 117 122 129 155
b183 119 352 135 389
b184 178 400 197 420
b185 424 385 437 429
b186 382 210 395 258
b187 256 357 280 379
b188 300 356 324 396
b189 349 287 380 307
b190 190 25 224 62
b191 80 69 117 111
b192 338 222 366 244
b193 407 62 450 104
b194 408 19 450 62
b195 45 402 81 427
b196 230 149 246 188
b197 247 15 282 62
b198 301 243 323 283
b199 119 312 153 352
