228198.25
258926.5
197470
455 434
4.129885
b0 408 179 451 212
b1 408 212 445 277
b2 181 216 215 269
b3 0 0 37 67
b4 37 0 56 29
b5 22 206 61 255
b6 364 63 382 103
b7 238 39 260 79
b8 56 24 118 74
b9 280 0 296 41
b10 61 223 79 275
b11 174 52 213 111
b12 94 315 155 343
b13 322 0 379 48
b14 379 0 422 63
b15 400 120 452 179
b16 156 395 213 431
b17 61 179 127 223
b18 333 324 384 372
b19 369 120 400 170
b20 215 233 234 270
b21 104 113 154 177
b22 243 328 292 362
b23 319 233 368 253
b24 172 367 217 395
b25 62 74 116 113
b26 399 80 454 120
b27 213 39 238 104
b28 110 395 156 434
b29 40 356 64 418
b30 56 0 82 24
b31 210 176 244 202
b32 244 143 297 186
b33 298 308 333 330
b34 49 275 76 329
b35 215 202 253 233
b36 213 0 280 39
b37 395 302 455 322
b38 253 186 310 209
b39 125 0 180 52
b40 217 367 243 396
b41 154 111 181 166
b42 0 74 62 127
b43 273 247 319 308
b44 384 385 449 432
b45 238 79 282 102
b46 300 0 322 39
b47 240 247 273 312
b48 22 255 49 312
b49 197 111 244 176
b50 376 235 408 302
b51 253 209 310 247
b52 127 216 181 261
b53 82 0 125 21
b54 76 315 94 376
b55 213 396 269 430
b56 336 103 399 120
b57 155 306 173 353
b58 64 387 110 421
b59 269 381 306 431
b60 76 292 116 315
b61 180 0 213 23
b62 79 273 139 292
b63 139 261 175 306
b64 79 223 126 273
b65 118 52 174 109
b66 173 306 240 367
b67 94 343 134 387
b68 0 127 63 179
b69 0 179 54 206
b70 322 48 364 90
b71 0 206 22 270
b72 310 172 371 233
b73 384 324 451 385
b74 134 353 172 395
b75 408 277 436 296
b76 314 90 336 123
b77 306 374 372 431
b78 282 66 314 102
b79 63 113 104 173
b80 240 312 298 328
b81 160 176 210 216
b82 319 253 376 300
b83 116 292 138 308
b84 0 270 22 337
b85 280 41 300 66
b86 371 179 408 235
b87 294 330 333 374
b88 0 337 37 361
b89 37 329 75 356
b90 127 177 160 216
b91 422 0 455 56
b92 181 111 197 137
b93 175 270 240 305
b94 244 102 303 143
b95 243 362 294 381
b96 0 361 40 427
b97 382 63 449 80
b98 333 302 395 324
b99 303 123 369 172
