385971.25
571242.5
200700
450 446
31.786605
b0 195 234 211 270
b1 137 174 156 213
b2 375 223 410 264
b3 146 42 193 60
b4 181 370 213 396
b5 390 67 425 98
b6 0 0 13 29
b7 63 19 84 47
b8 244 138 276 153
b9 276 0 310 46
b10 242 269 274 314
b11 274 298 310 312
b12 123 393 159 435
b13 30 297 78 342
b14 0 43 15 68
b15 94 344 139 390
b16 345 425 367 443
b17 288 101 321 127
b18 327 377 346 411
b19 396 330 408 360
b20 42 397 70 430
b21 80 265 119 309
b22 250 338 276 377
b23 239 229 264 269
b24 111 238 136 253
b25 357 333 393 369
b26 141 60 166 103
b27 240 79 255 113
b28 393 292 439 330
b29 378 264 415 276
b30 308 232 335 249
b31 321 133 358 149
b32 12 265 35 297
b33 367 425 403 443
b34 276 335 314 354
b35 416 142 449 157
b36 272 71 284 99
b37 70 414 86 435
b38 201 177 227 210
b39 154 0 184 42
b40 199 79 240 107
b41 335 238 351 254
b42 160 108 179 152
b43 358 148 392 188
b44 286 354 313 370
b45 291 149 328 163
b46 206 28 221 76
b47 271 48 285 71
b48 336 212 360 238
b49 15 43 55 74
b50 0 74 33 116
b51 310 0 337 48
b52 63 163 90 200
b53 269 377 286 395
b54 13 0 29 43
b55 193 28 206 74
b56 426 222 448 247
b57 79 72 98 120
b58 324 163 343 204
b59 33 74 79 120
b60 206 400 241 430
b61 274 265 308 298
b62 338 0 375 45
b63 90 154 105 189
b64 121 296 168 344
b65 212 298 242 331
b66 419 261 450 292
b67 0 120 44 157
b68 360 188 384 223
b69 425 58 444 96
b70 257 48 271 84
b71 412 0 446 42
b72 83 121 117 154
b73 0 157 38 175
b74 44 120 62 149
b75 348 88 371 115
b76 0 175 12 189
b77 117 121 141 137
b78 0 189 26 232
b79 136 238 173 257
b80 277 149 291 164
b81 65 200 97 220
b82 358 115 390 148
b83 193 311 212 348
b84 350 284 393 321
b85 346 377 383 425
b86 242 314 266 338
b87 266 314 311 333
b88 418 373 446 416
b89 346 321 381 333
b90 38 157 62 202
b91 285 48 313 92
b92 70 390 112 414
b93 62 120 83 163
b94 343 149 358 165
b95 313 48 338 84
b96 286 370 311 415
b97 213 375 241 400
b98 393 276 419 292
b99 86 414 123 434
b100 380 40 405 67
b101 97 190 137 238
b102 168 311 193 349
b103 384 188 416 220
b104 241 397 266 433
b105 84 0 126 31
b106 153 257 187 296
b107 78 342 94 387
b108 232 138 244 171
b109 12 175 34 187
b110 313 354 357 377
b111 58 357 76 370
b112 12 297 30 343
b113 184 0 227 28
b114 403 416 442 435
b115 310 254 347 284
b116 117 137 159 174
b117 26 202 63 226
b118 311 296 346 335
b119 172 152 196 188
b120 30 342 75 357
b121 35 265 80 297
b122 98 91 141 121
b123 168 298 203 311
b124 212 331 225 370
b125 126 0 154 18
b126 187 270 225 298
b127 29 0 51 24
b128 375 0 411 25
b129 179 108 225 152
b130 227 184 271 229
b131 264 245 300 265
b132 156 174 172 212
b133 221 57 235 69
b134 225 269 241 298
b135 375 25 412 40
b136 141 103 160 127
b137 173 234 195 252
b138 35 226 65 248
b139 244 153 277 184
b140 276 99 288 115
b141 55 47 89 72
b142 65 238 111 265
b143 392 98 438 142
b144 221 28 246 57
b145 416 157 450 202
b146 166 74 199 108
b147 266 397 278 428
b148 313 84 338 101
b149 235 57 257 79
b150 383 369 396 399
b151 105 174 132 190
b152 0 232 33 265
b153 310 284 350 296
b154 139 349 181 393
b155 351 238 363 251
b156 98 72 140 91
b157 438 96 450 138
b158 227 0 244 28
b159 137 213 173 237
b160 0 265 12 301
b161 51 0 82 19
b162 363 223 375 253
b163 277 164 324 210
b164 321 101 348 133
b165 80 309 121 342
b166 0 301 12 337
b167 343 165 357 212
b168 225 338 250 375
b169 173 188 201 234
b170 271 210 316 232
b171 311 411 345 446
b172 225 113 256 138
b173 396 373 418 415
b174 416 202 441 222
b175 29 24 63 36
b176 311 377 327 397
b177 0 343 21 374
b178 316 210 336 226
b179 89 31 134 72
b180 244 0 263 21
b181 257 84 272 126
b182 134 18 146 51
b183 412 42 449 58
b184 250 377 269 397
b185 264 232 308 245
b186 263 0 276 48
b187 0 374 24 396
b188 392 142 416 182
b189 347 264 378 284
b190 119 257 153 294
b191 0 397 42 434
b192 211 229 239 251
b193 338 45 380 88
b194 408 330 450 373
b195 196 152 232 177
b196 410 222 426 261
b197 159 396 206 431
b198 276 127 316 149
b199 24 357 58 397
