388519.5
574539
202500
450 450
32.642808
b0 0 0 16 36
b1 418 231 437 270
b2 16 0 51 41
b3 140 178 158 225
b4 51 35 77 67
b5 51 0 82 35
b6 267 67 296 80
b7 270 174 298 195
b8 0 36 15 68
b9 168 22 214 56
b10 318 46 363 78
b11 304 45 318 81
b12 127 76 163 118
b13 261 0 309 45
b14 77 85 102 100
b15 332 357 378 402
b16 222 241 240 263
b17 274 195 300 228
b18 408 391 442 410
b19 293 375 305 405
b20 389 0 422 28
b21 186 202 230 241
b22 370 112 396 151
b23 0 72 40 97
b24 102 85 127 100
b25 41 129 77 165
b26 161 124 186 167
b27 127 118 161 133
b28 176 255 214 301
b29 43 403 55 440
b30 214 376 241 393
b31 214 76 230 113
b32 32 341 55 373
b33 135 297 153 333
b34 312 171 350 190
b35 117 33 150 48
b36 39 235 51 263
b37 82 0 98 21
b38 353 78 379 111
b39 46 67 76 109
b40 283 81 324 109
b41 241 147 257 163
b42 350 127 369 171
b43 241 376 275 416
b44 305 378 332 394
b45 298 273 312 310
b46 358 402 373 450
b47 34 212 48 235
b48 421 115 447 139
b49 378 351 409 391
b50 82 52 124 85
b51 87 297 135 324
b52 77 137 114 164
b53 124 48 141 66
b54 65 237 81 280
b55 0 97 13 143
b56 181 56 206 78
b57 111 382 130 430
b58 430 311 449 352
b59 312 402 358 448
b60 316 236 346 271
b61 118 0 152 33
b62 177 370 214 415
b63 298 109 333 124
b64 130 377 177 425
b65 81 263 114 293
b66 15 41 46 72
b67 312 273 349 317
b68 365 0 389 35
b69 349 302 368 340
b70 186 241 222 255
b71 0 143 34 185
b72 0 185 33 219
b73 363 46 401 64
b74 83 198 112 216
b75 230 124 257 147
b76 112 249 124 263
b77 346 111 370 127
b78 114 206 140 249
b79 222 268 259 287
b80 330 342 344 357
b81 98 0 118 32
b82 121 333 153 366
b83 153 340 172 377
b84 362 263 405 300
b85 230 76 267 124
b86 55 424 79 448
b87 389 391 408 436
b88 258 228 301 256
b89 51 225 63 260
b90 186 178 231 202
b91 158 189 186 233
b92 369 171 411 195
b93 277 332 298 375
b94 403 231 418 247
b95 422 0 447 36
b96 188 301 213 346
b97 213 303 241 328
b98 267 80 283 106
b99 186 150 223 170
b100 404 76 431 101
b101 401 36 449 76
b102 298 317 336 342
b103 177 415 209 447
b104 114 170 139 206
b105 230 0 261 42
b106 259 256 298 290
b107 373 402 389 447
b108 343 190 355 223
b109 300 171 312 193
b110 403 208 447 231
b111 386 151 404 164
b112 240 222 258 268
b113 368 300 396 343
b114 231 178 270 197
b115 275 412 312 442
b116 77 100 119 137
b117 119 133 143 170
b118 153 301 188 340
b119 140 233 164 269
b120 143 133 158 178
b121 358 231 403 263
b122 24 373 67 403
b123 152 0 165 35
b124 349 263 362 302
b125 223 150 241 178
b126 124 269 162 297
b127 55 335 77 359
b128 379 76 404 112
b129 321 0 365 46
b130 232 332 277 376
b131 0 219 20 255
b132 257 158 295 174
b133 309 30 321 44
b134 152 35 168 64
b135 301 236 316 273
b136 20 235 39 259
b137 209 415 227 437
b138 423 139 445 169
b139 408 410 439 443
b140 231 197 243 213
b141 396 112 421 146
b142 163 78 190 124
b143 0 263 46 307
b144 324 78 353 103
b145 214 42 259 76
b146 22 307 55 341
b147 227 435 258 447
b148 165 0 190 17
b149 0 307 22 329
b150 55 359 85 372
b151 214 287 241 303
b152 76 165 109 198
b153 141 64 181 76
b154 67 382 111 424
b155 48 212 60 225
b156 213 328 232 370
b157 164 233 176 275
b158 411 191 439 208
b159 355 195 391 219
b160 391 195 403 231
b161 46 263 65 294
b162 309 0 321 30
b163 300 124 346 171
b164 0 341 32 368
b165 409 352 450 385
b166 346 223 358 259
b167 130 425 177 439
b168 203 113 228 150
b169 13 97 41 143
b170 259 45 304 67
b171 85 348 120 382
b172 243 197 274 222
b173 65 293 87 335
b174 63 212 83 237
b175 344 343 378 355
b176 370 151 386 171
b177 79 424 110 445
b178 172 340 188 360
b179 405 270 450 311
b180 241 416 262 435
b181 241 287 256 329
b182 411 146 423 179
b183 277 375 293 412
b184 98 32 117 52
b185 77 335 121 348
b186 190 78 203 126
b187 423 169 447 191
b188 0 368 24 408
b189 46 109 77 129
b190 257 124 294 158
b191 256 290 293 332
b192 158 167 186 189
b193 0 408 43 450
b194 301 193 343 236
b195 305 342 330 378
b196 431 76 447 115
b197 41 165 76 212
b198 190 0 230 22
b199 396 311 430 351
