255939.75
304854.5
207025
455 455
4.366551
b0 146 144 179 187
b1 0 0 37 65
b2 65 0 99 53
b3 0 65 37 132
b4 118 159 137 188
b5 277 269 316 318
b6 61 360 79 400
b7 340 84 380 106
b8 204 79 266 129
b9 78 406 94 447
b10 99 24 151 42
b11 153 85 192 144
b12 37 0 65 61
b13 257 157 305 214
b14 65 278 128 321
b15 182 317 241 369
b16 305 157 341 214
b17 99 208 143 274
b18 179 146 230 194
b19 316 324 366 355
b20 59 400 78 437
b21 161 0 211 64
b22 119 42 153 91
b23 98 159 118 208
b24 208 203 236 248
b25 65 53 119 92
b26 316 269 356 324
b27 82 92 107 157
b28 26 146 65 192
b29 99 0 161 24
b30 0 132 26 156
b31 169 412 195 446
b32 129 369 182 412
b33 195 387 230 409
b34 0 192 27 246
b35 94 412 132 443
b36 107 92 146 159
b37 230 425 290 445
b38 317 90 340 147
b39 356 258 408 313
b40 195 409 221 438
b41 301 214 328 269
b42 128 274 181 336
b43 0 249 46 310
b44 236 214 301 261
b45 411 294 455 317
b46 349 57 388 79
b47 65 157 98 222
b48 230 146 257 203
b49 388 57 453 104
b50 285 90 317 157
b51 27 192 65 249
b52 37 92 82 146
b53 161 64 204 85
b54 182 369 243 387
b55 65 222 99 278
b56 46 249 63 312
b57 143 213 161 260
b58 377 363 411 409
b59 79 369 129 406
b60 269 0 309 23
b61 243 350 266 383
b62 146 194 206 213
b63 417 211 453 256
b64 347 211 397 258
b65 321 363 377 420
b66 0 312 61 379
b67 340 106 380 150
b68 211 16 263 79
b69 266 356 320 383
b70 243 383 285 425
b71 309 0 373 22
b72 341 150 402 211
b73 266 23 327 90
b74 266 318 308 356
b75 0 379 19 407
b76 241 317 263 350
b77 373 0 439 57
b78 285 383 321 415
b79 380 104 440 145
b80 211 0 269 16
b81 366 313 406 363
b82 161 213 208 270
b83 422 356 444 372
b84 290 420 357 442
b85 397 211 417 236
b86 240 261 277 317
b87 411 317 455 356
b88 132 412 169 436
b89 408 256 435 294
b90 65 321 98 360
b91 98 336 154 369
b92 192 129 218 145
b93 357 420 422 455
b94 181 270 240 311
b95 328 214 347 265
b96 19 379 59 445
b97 218 129 285 146
b98 327 22 349 84
b99 402 145 451 211
