381590.75
562031.5
201150
450 447
32.252837
b0 216 317 232 353
b1 269 183 288 222
b2 366 198 407 233
b3 396 233 443 251
b4 390 304 416 336
b5 86 233 121 264
b6 157 250 186 263
b7 148 130 169 158
b8 270 341 285 373
b9 25 391 59 437
b10 378 336 423 368
b11 54 193 68 229
b12 299 70 341 106
b13 41 233 86 281
b14 285 389 310 404
b15 138 194 183 240
b16 52 281 70 303
b17 258 35 291 61
b18 347 336 366 370
b19 246 35 258 65
b20 285 340 313 373
b21 68 189 107 233
b22 0 0 26 39
b23 224 131 264 156
b24 209 40 224 65
b25 121 240 157 276
b26 196 353 239 378
b27 313 340 347 355
b28 25 303 71 341
b29 329 33 366 45
b30 86 65 103 92
b31 103 90 140 106
b32 0 39 23 71
b33 0 71 18 107
b34 103 28 122 66
b35 0 107 33 122
b36 236 383 248 411
b37 310 389 331 405
b38 132 0 165 26
b39 178 71 220 101
b40 120 166 161 194
b41 336 232 352 248
b42 0 122 19 166
b43 140 90 174 130
b44 163 275 179 302
b45 0 166 14 203
b46 254 65 269 113
b47 66 122 89 136
b48 165 0 189 26
b49 381 34 421 65
b50 401 368 443 401
b51 423 317 450 365
b52 159 351 196 378
b53 97 0 115 17
b54 42 37 85 53
b55 0 203 13 249
b56 357 405 379 430
b57 23 39 42 87
b58 310 25 329 66
b59 94 328 140 374
b60 285 405 315 440
b61 220 65 254 98
b62 19 341 64 378
b63 169 157 184 192
b64 19 145 66 193
b65 64 342 94 375
b66 228 156 259 187
b67 368 75 412 112
b68 410 149 445 173
b69 184 176 203 214
b70 305 154 319 190
b71 412 107 446 149
b72 111 374 144 408
b73 339 407 357 445
b74 423 288 441 317
b75 71 303 94 330
b76 71 330 85 342
b77 393 288 417 304
b78 319 149 345 192
b79 140 334 159 371
b80 352 232 366 247
b81 430 0 450 32
b82 252 413 285 445
b83 329 45 366 64
b84 174 101 217 138
b85 59 410 107 447
b86 228 245 252 269
b87 291 25 310 70
b88 407 198 450 226
b89 389 368 401 403
b90 183 226 228 250
b91 42 53 86 81
b92 186 250 228 274
b93 0 260 21 303
b94 223 0 238 16
b95 66 153 91 189
b96 307 0 352 25
b97 232 269 257 297
b98 158 26 184 42
b99 183 402 203 439
b100 341 75 368 100
b101 257 245 297 293
b102 198 138 223 176
b103 203 414 235 446
b104 0 303 25 339
b105 239 341 270 383
b106 86 264 120 303
b107 270 373 315 389
b108 238 0 250 33
b109 184 59 206 71
b110 352 247 396 270
b111 22 378 40 391
b112 345 149 363 195
b113 13 217 41 260
b114 0 339 19 378
b115 329 306 366 336
b116 408 251 450 288
b117 248 389 285 413
b118 250 0 289 35
b119 274 108 298 144
b120 49 100 64 145
b121 151 397 183 442
b122 120 276 163 306
b123 298 108 333 121
b124 165 42 178 81
b125 107 214 135 232
b126 296 217 334 245
b127 366 302 390 324
b128 405 173 441 198
b129 285 294 329 340
b130 232 297 277 341
b131 122 28 158 48
b132 283 70 299 108
b133 144 371 158 383
b134 86 36 102 65
b135 340 370 355 407
b136 174 138 198 157
b137 289 0 307 22
b138 0 378 22 408
b139 220 98 251 131
b140 157 263 173 275
b141 315 355 340 389
b142 259 156 305 183
b143 297 248 341 294
b144 228 220 257 245
b145 385 0 430 34
b146 26 0 60 33
b147 412 76 424 107
b148 235 413 252 438
b149 64 100 86 122
b150 91 153 104 183
b151 33 100 49 127
b152 352 0 385 33
b153 184 214 224 226
b154 363 153 405 197
b155 396 251 408 264
b156 158 378 200 397
b157 366 324 378 366
b158 115 0 132 28
b159 200 378 236 402
b160 315 405 327 441
b161 203 176 222 207
b162 203 402 233 414
b163 89 106 135 153
b164 366 270 393 302
b165 228 187 269 220
b166 85 0 97 36
b167 269 61 283 108
b168 60 0 85 37
b169 319 121 365 149
b170 94 306 139 328
b171 355 370 389 405
b172 305 192 336 217
b173 421 34 443 76
b174 0 408 25 428
b175 327 405 339 439
b176 254 113 274 129
b177 21 281 52 302
b178 104 166 120 186
b179 365 112 410 153
b180 341 100 362 119
b181 366 33 381 75
b182 298 121 310 154
b183 345 195 361 232
b184 189 40 209 59
b185 104 153 148 166
b186 18 87 66 100
b187 224 33 246 57
b188 14 193 54 217
b189 107 194 138 214
b190 179 317 216 351
b191 379 405 416 447
b192 140 306 162 334
b193 122 48 165 90
b194 186 274 228 317
b195 341 270 366 306
b196 257 222 296 238
b197 64 375 111 410
b198 111 408 151 430
b199 189 0 223 40
