381823
562496
201150
450 447
32.275456
b0 174 94 190 130
b1 0 0 19 39
b2 77 334 112 375
b3 98 108 116 155
b4 221 143 253 169
b5 193 199 228 230
b6 294 63 307 92
b7 0 39 21 67
b8 37 122 52 154
b9 220 353 254 399
b10 321 186 366 218
b11 372 144 386 180
b12 25 303 61 345
b13 386 197 434 242
b14 226 399 251 414
b15 49 46 94 92
b16 142 188 160 210
b17 382 57 408 90
b18 60 209 79 243
b19 297 0 309 30
b20 32 348 65 376
b21 307 63 351 102
b22 170 160 196 199
b23 65 243 90 283
b24 434 233 449 258
b25 13 397 49 433
b26 240 0 283 25
b27 390 0 405 34
b28 337 321 375 367
b29 250 231 262 268
b30 386 133 403 160
b31 286 226 302 263
b32 190 263 222 286
b33 291 263 309 299
b34 22 284 60 303
b35 192 230 207 263
b36 32 229 60 241
b37 94 25 110 46
b38 209 286 235 319
b39 291 350 321 392
b40 385 399 413 440
b41 327 44 343 60
b42 253 143 297 162
b43 52 116 86 156
b44 309 0 336 16
b45 193 127 230 141
b46 246 72 294 87
b47 147 356 161 379
b48 375 351 401 375
b49 309 218 349 249
b50 408 43 441 85
b51 90 230 117 278
b52 228 193 255 230
b53 384 180 402 197
b54 434 190 450 233
b55 343 44 389 57
b56 360 289 382 314
b57 273 187 321 206
b58 186 0 227 19
b59 21 0 67 46
b60 191 399 226 429
b61 149 322 182 356
b62 413 402 450 447
b63 93 376 128 391
b64 259 92 306 140
b65 156 0 186 33
b66 207 230 238 261
b67 117 217 154 261
b68 262 231 286 266
b69 146 262 165 300
b70 283 0 297 36
b71 52 156 94 190
b72 215 319 249 352
b73 255 193 273 231
b74 321 379 350 397
b75 0 67 23 94
b76 161 356 175 368
b77 61 324 77 348
b78 364 0 390 43
b79 0 94 37 113
b80 0 113 15 127
b81 285 401 305 433
b82 124 0 156 33
b83 128 341 147 378
b84 281 307 318 350
b85 254 353 291 401
b86 349 218 373 242
b87 355 99 374 144
b88 129 66 157 109
b89 238 230 250 265
b90 24 184 48 229
b91 336 0 364 44
b92 349 242 373 284
b93 386 90 407 133
b94 79 214 94 230
b95 349 422 385 447
b96 196 141 221 186
b97 186 19 214 44
b98 139 379 165 395
b99 0 127 37 147
b100 353 375 378 402
b101 61 284 109 324
b102 165 262 190 300
b103 160 230 192 262
b104 157 58 182 94
b105 351 57 382 99
b106 257 268 291 307
b107 77 375 93 420
b108 138 33 150 66
b109 373 277 395 289
b110 67 0 90 44
b111 14 229 32 242
b112 382 289 400 335
b113 373 249 416 277
b114 190 286 209 325
b115 0 147 30 184
b116 109 278 146 320
b117 228 169 265 193
b118 413 363 448 402
b119 52 92 88 116
b120 23 46 38 91
b121 249 308 281 353
b122 150 130 193 160
b123 373 214 386 249
b124 214 25 253 38
b125 366 186 384 214
b126 49 397 77 435
b127 309 16 333 38
b128 150 33 186 58
b129 400 277 446 321
b130 309 134 353 179
b131 190 85 226 105
b132 321 321 337 359
b133 109 320 121 334
b134 375 335 404 351
b135 116 160 153 175
b136 79 190 98 214
b137 30 154 52 172
b138 333 102 355 132
b139 160 199 193 230
b140 337 367 353 379
b141 90 0 124 25
b142 403 135 449 162
b143 305 397 349 443
b144 230 118 259 143
b145 116 109 150 154
b146 187 352 220 386
b147 37 91 49 122
b148 157 94 174 119
b149 378 375 400 397
b150 218 105 248 118
b151 16 345 32 372
b152 257 36 290 69
b153 175 356 187 396
b154 98 175 142 217
b155 227 0 240 12
b156 353 144 372 186
b157 297 140 309 182
b158 153 160 170 188
b159 0 184 24 220
b160 110 25 122 61
b161 48 190 79 209
b162 196 186 226 198
b163 93 391 139 438
b164 306 102 333 134
b165 32 243 65 284
b166 401 363 413 399
b167 0 220 14 267
b168 290 38 327 63
b169 402 162 448 190
b170 0 267 22 312
b171 222 38 257 72
b172 0 312 25 343
b173 146 300 188 322
b174 265 162 285 187
b175 65 348 77 382
b176 226 72 246 88
b177 32 376 63 397
b178 122 33 138 53
b179 407 90 448 135
b180 128 322 149 341
b181 112 334 127 376
b182 182 325 215 337
b183 0 343 16 380
b184 273 206 292 226
b185 182 72 226 85
b186 0 380 13 428
b187 226 414 250 436
b188 309 249 349 273
b189 350 402 381 422
b190 251 401 285 438
b191 318 284 360 321
b192 190 105 218 127
b193 405 0 447 43
b194 404 321 447 363
b195 186 44 222 69
b196 175 396 191 435
b197 94 61 129 108
b198 235 268 257 308
b199 139 395 173 435
