250161.25
296482.5
203840
455 448
4.261763
b0 0 0 33 43
b1 0 44 37 109
b2 183 312 217 365
b3 328 256 365 323
b4 290 62 309 91
b5 180 263 219 312
b6 152 404 192 422
b7 64 44 86 84
b8 0 109 50 171
b9 373 217 389 258
b10 219 255 237 307
b11 410 136 449 195
b12 327 420 388 448
b13 176 75 233 123
b14 22 256 65 319
b15 104 0 163 52
b16 380 79 416 136
b17 103 138 169 182
b18 217 322 268 370
b19 259 46 290 96
b20 209 27 246 46
b21 0 171 50 235
b22 247 190 281 239
b23 50 133 70 182
b24 192 403 220 448
b25 416 43 455 97
b26 328 380 383 420
b27 308 214 373 239
b28 341 0 387 39
b29 297 0 321 62
b30 126 52 152 76
b31 382 291 408 325
b32 387 0 440 43
b33 41 319 63 354
b34 37 44 64 98
b35 336 60 367 98
b36 237 255 276 322
b37 321 0 341 60
b38 152 52 209 75
b39 65 256 117 311
b40 233 89 259 118
b41 281 190 308 245
b42 63 319 116 381
b43 50 210 111 256
b44 281 256 328 321
b45 110 381 154 404
b46 0 235 22 274
b47 70 133 103 198
b48 230 0 287 27
b49 315 100 380 147
b50 408 264 440 331
b51 328 323 366 380
b52 202 142 247 196
b53 233 46 254 89
b54 159 204 220 222
b55 259 100 315 134
b56 308 239 371 256
b57 86 0 104 47
b58 163 17 209 51
b59 64 96 114 133
b60 117 210 140 250
b61 219 222 242 255
b62 196 123 256 142
b63 367 43 412 79
b64 268 322 318 369
b65 256 134 313 190
b66 313 147 374 214
b67 86 52 126 96
b68 117 263 180 315
b69 154 376 208 403
b70 220 392 262 434
b71 208 370 272 392
b72 49 381 110 442
b73 116 315 183 376
b74 110 404 152 442
b75 103 182 122 210
b76 365 258 387 291
b77 383 341 449 398
b78 374 147 410 179
b79 0 319 41 379
b80 366 291 382 349
b81 126 76 176 116
b82 389 217 446 264
b83 152 422 168 444
b84 374 195 441 217
b85 176 123 196 148
b86 272 369 328 406
b87 33 0 72 44
b88 122 182 159 206
b89 309 62 336 100
b90 416 97 449 136
b91 169 148 202 204
b92 382 325 408 341
b93 262 406 327 441
b94 140 222 199 263
b95 246 27 297 46
b96 388 398 454 438
b97 163 0 230 17
b98 114 116 176 138
b99 0 379 49 445
