383142.75
565135.5
201150
450 447
30.140888
b0 109 259 125 295
b1 45 262 64 301
b2 184 90 219 131
b3 430 181 448 228
b4 164 64 196 90
b5 238 214 269 249
b6 116 86 145 99
b7 112 0 133 28
b8 109 381 124 413
b9 179 296 225 330
b10 263 405 308 437
b11 15 214 29 250
b12 0 0 42 36
b13 218 392 263 440
b14 349 131 374 146
b15 120 178 166 223
b16 320 383 338 405
b17 79 0 112 26
b18 145 86 164 120
b19 265 336 295 348
b20 295 327 323 360
b21 323 326 367 365
b22 409 400 448 426
b23 91 219 116 259
b24 337 0 352 25
b25 43 181 79 217
b26 133 0 158 43
b27 313 85 328 119
b28 229 0 275 38
b29 166 208 203 220
b30 116 413 133 440
b31 158 48 195 64
b32 233 355 265 378
b33 21 291 39 327
b34 319 287 338 325
b35 76 388 91 421
b36 79 219 91 247
b37 262 157 283 173
b38 168 333 194 366
b39 328 58 358 100
b40 139 387 167 428
b41 76 302 92 318
b42 275 0 294 44
b43 378 135 412 175
b44 392 82 408 109
b45 291 119 328 133
b46 369 183 417 198
b47 155 223 169 246
b48 202 13 228 37
b49 308 405 348 436
b50 169 220 202 262
b51 158 0 185 48
b52 196 50 223 87
b53 200 366 218 383
b54 0 36 43 52
b55 203 173 216 219
b56 40 159 65 181
b57 0 52 48 71
b58 15 357 34 398
b59 216 168 262 214
b60 125 223 155 258
b61 167 385 200 419
b62 265 360 302 405
b63 34 71 49 106
b64 361 400 409 447
b65 34 357 64 390
b66 352 0 383 31
b67 294 243 331 287
b68 155 154 190 178
b69 219 90 238 128
b70 194 330 208 366
b71 283 157 317 199
b72 0 71 34 104
b73 200 383 218 421
b74 409 426 438 444
b75 0 104 23 131
b76 308 380 320 394
b77 166 178 182 202
b78 77 345 103 388
b79 61 421 98 440
b80 124 387 139 401
b81 23 106 43 138
b82 111 104 143 137
b83 269 233 288 270
b84 136 296 179 333
b85 93 137 141 174
b86 59 101 83 125
b87 60 217 79 262
b88 294 42 322 85
b89 64 370 76 405
b90 64 262 109 286
b91 92 317 136 345
b92 276 133 318 157
b93 328 131 349 174
b94 322 42 337 58
b95 202 220 238 245
b96 87 57 132 82
b97 337 31 365 56
b98 365 31 381 57
b99 374 115 411 135
b100 264 44 291 69
b101 0 138 40 186
b102 39 332 77 357
b103 55 46 87 78
b104 382 286 407 322
b105 29 217 60 259
b106 145 120 184 154
b107 64 286 109 302
b108 43 106 55 139
b109 254 125 276 137
b110 314 199 337 243
b111 167 419 180 437
b112 321 365 367 383
b113 0 186 43 214
b114 55 82 94 101
b115 39 302 76 332
b116 411 93 448 135
b117 354 146 378 183
b118 368 241 403 280
b119 223 66 259 90
b120 0 214 15 259
b121 0 259 45 291
b122 375 198 405 241
b123 0 291 13 326
b124 155 333 168 372
b125 98 413 116 441
b126 226 38 264 66
b127 109 295 133 317
b128 213 245 238 281
b129 338 280 382 326
b130 403 241 447 286
b131 125 258 145 294
b132 180 421 218 437
b133 238 110 252 122
b134 353 186 369 215
b135 218 355 233 392
b136 294 85 313 109
b137 91 388 109 410
b138 264 69 294 91
b139 48 0 79 33
b140 143 154 155 170
b141 401 328 435 353
b142 412 135 439 181
b143 381 36 425 82
b144 132 57 157 86
b145 269 199 314 233
b146 358 82 392 115
b147 195 38 226 50
b148 185 13 202 38
b149 94 82 116 104
b150 49 33 79 46
b151 164 90 180 117
b152 180 262 213 295
b153 127 375 167 387
b154 252 292 294 336
b155 64 357 76 370
b156 136 333 155 375
b157 49 390 61 432
b158 79 26 107 43
b159 103 345 127 381
b160 317 186 353 198
b161 168 366 199 385
b162 182 178 194 208
b163 367 353 413 400
b164 225 292 252 324
b165 16 398 49 439
b166 318 174 354 186
b167 107 43 154 57
b168 405 198 430 235
b169 65 126 93 172
b170 238 270 283 292
b171 145 262 180 296
b172 331 243 356 274
b173 190 131 212 173
b174 358 57 378 82
b175 367 326 401 338
b176 238 90 254 110
b177 0 326 21 357
b178 43 139 59 159
b179 79 174 120 219
b180 425 74 446 93
b181 0 357 15 399
b182 356 239 368 272
b183 328 115 365 131
b184 302 360 321 380
b185 185 0 229 13
b186 348 383 361 431
b187 353 215 375 239
b188 295 287 319 327
b189 225 324 245 355
b190 254 91 291 125
b191 212 131 254 168
b192 83 104 111 126
b193 294 0 337 42
b194 407 286 450 328
b195 383 0 408 36
b196 0 399 16 438
b197 413 353 448 400
b198 425 34 447 74
b199 408 0 448 34
