253855
302501
205209
453 453
4.116615
b0 260 75 303 108
b1 111 340 176 377
b2 22 343 56 396
b3 255 227 322 264
b4 396 0 425 19
b5 286 406 335 445
b6 140 320 180 338
b7 215 245 255 267
b8 212 277 262 339
b9 75 298 91 339
b10 108 383 126 435
b11 43 0 82 59
b12 335 365 363 426
b13 176 387 224 444
b14 0 0 43 63
b15 0 63 52 122
b16 262 313 319 349
b17 108 254 152 320
b18 198 0 246 51
b19 150 147 181 197
b20 359 0 396 19
b21 387 295 451 345
b22 92 86 141 120
b23 91 320 140 340
b24 0 122 28 167
b25 181 148 220 202
b26 52 59 92 114
b27 108 0 173 25
b28 282 108 321 154
b29 210 202 272 226
b30 195 124 221 148
b31 275 349 301 383
b32 180 344 233 387
b33 322 227 357 249
b34 0 167 27 221
b35 379 133 410 171
b36 319 17 358 84
b37 359 100 379 160
b38 301 349 324 406
b39 0 222 52 277
b40 82 0 108 29
b41 379 171 406 226
b42 224 391 286 444
b43 272 154 318 215
b44 126 377 173 442
b45 85 254 108 298
b46 221 124 260 146
b47 52 222 85 287
b48 152 224 179 281
b49 358 19 423 66
b50 180 277 212 344
b51 321 100 359 157
b52 220 148 265 202
b53 90 340 111 383
b54 28 122 46 183
b55 141 86 197 120
b56 296 0 359 17
b57 357 245 404 263
b58 56 347 90 393
b59 404 245 441 295
b60 0 277 23 317
b61 175 0 198 33
b62 56 287 75 347
b63 197 88 242 124
b64 103 147 150 197
b65 87 197 143 254
b66 318 160 379 227
b67 406 171 446 215
b68 324 313 387 365
b69 141 120 195 147
b70 233 349 275 391
b71 0 317 22 381
b72 387 345 448 406
b73 108 25 175 86
b74 0 396 42 434
b75 379 226 407 245
b76 260 108 282 141
b77 42 396 108 453
b78 179 245 215 277
b79 404 66 445 126
b80 303 84 361 100
b81 246 0 296 40
b82 46 122 103 169
b83 407 215 429 231
b84 143 202 210 224
b85 179 224 204 244
b86 198 51 254 88
b87 410 126 449 170
b88 363 365 387 402
b89 60 169 87 207
b90 27 183 60 222
b91 23 287 56 343
b92 361 66 387 82
b93 254 40 319 75
b94 328 263 387 304
b95 204 226 255 245
b96 387 406 453 446
b97 387 66 404 133
b98 425 0 447 62
b99 262 264 328 313
