252197.5
301010
203385
455 447
4.146259
b0 278 62 311 105
b1 126 320 191 357
b2 156 359 209 393
b3 184 241 221 308
b4 296 293 315 322
b5 53 205 102 244
b6 138 381 156 421
b7 297 424 337 446
b8 395 286 445 348
b9 126 0 142 41
b10 74 341 126 359
b11 163 393 222 432
b12 245 90 273 151
b13 142 32 199 80
b14 320 58 363 121
b15 102 245 154 304
b16 17 205 53 262
b17 386 242 452 286
b18 399 191 447 242
b19 363 97 413 128
b20 361 19 398 38
b21 246 284 296 348
b22 199 46 233 95
b23 46 0 66 49
b24 233 62 278 90
b25 22 94 61 148
b26 0 0 40 55
b27 296 0 361 25
b28 0 55 46 94
b29 227 217 251 279
b30 191 335 217 359
b31 61 62 87 96
b32 258 170 301 223
b33 315 293 350 315
b34 102 191 129 245
b35 301 170 332 208
b36 332 180 399 219
b37 338 337 358 397
b38 121 103 178 126
b39 347 128 402 180
b40 100 304 126 333
b41 191 308 246 335
b42 243 0 296 62
b43 129 195 190 241
b44 273 105 320 170
b45 154 241 177 285
b46 0 94 22 133
b47 296 25 361 58
b48 0 148 27 205
b49 27 341 74 406
b50 142 0 209 32
b51 358 348 396 405
b52 93 146 147 191
b53 66 19 87 62
b54 312 208 330 269
b55 87 45 121 101
b56 0 205 17 268
b57 381 413 428 431
b58 209 0 243 46
b59 222 348 259 398
b60 358 405 381 445
b61 125 80 158 103
b62 66 0 126 19
b63 61 101 97 146
b64 0 268 47 318
b65 330 219 386 276
b66 191 156 258 217
b67 74 359 118 399
b68 402 128 454 191
b69 0 318 27 372
b70 222 398 264 440
b71 0 372 22 436
b72 251 223 312 284
b73 178 95 245 156
b74 413 66 455 104
b75 361 0 389 19
b76 118 359 151 381
b77 27 148 93 205
b78 296 322 328 358
b79 78 399 138 440
b80 126 304 184 320
b81 47 301 97 341
b82 53 244 100 301
b83 87 19 109 35
b84 328 315 395 337
b85 138 421 163 441
b86 22 406 78 443
b87 147 156 191 195
b88 190 217 227 241
b89 320 121 347 159
b90 259 358 298 391
b91 264 391 297 447
b92 109 19 125 45
b93 396 348 431 413
b94 363 38 404 97
b95 97 126 148 145
b96 298 358 338 424
b97 312 276 379 293
b98 431 348 453 410
b99 404 0 453 66
