450075
399146
501004
617 812
16.18738
b0 0 0 43 33
b1 43 0 108 37
b2 108 0 161 34
b3 108 34 145 101
b4 161 0 190 19
b5 0 33 39 82
b6 145 100 185 118
b7 185 144 207 184
b8 207 279 257 341
b9 207 341 223 382
b10 185 184 203 236
b11 223 431 262 490
b12 203 533 264 561
b13 0 82 48 139
b14 223 388 286 431
b15 257 336 316 388
b16 257 279 293 336
b17 145 34 189 100
b18 48 37 96 88
b19 264 533 295 583
b20 316 290 353 309
b21 190 0 254 50
b22 264 745 313 779
b23 189 95 209 144
b24 353 290 398 318
b25 293 213 347 252
b26 347 250 402 290
b27 254 0 279 65
b28 0 139 39 185
b29 398 436 422 498
b30 209 95 233 121
b31 209 159 235 193
b32 0 185 43 238
b33 347 213 369 248
b34 286 388 313 442
b35 369 94 400 132
b36 295 464 334 531
b37 316 309 336 369
b38 235 222 258 279
b39 235 167 287 222
b40 254 65 280 94
b41 262 478 289 533
b42 400 165 462 218
b43 287 167 348 213
b44 334 576 399 623
b45 313 745 336 789
b46 39 139 78 161
b47 348 61 413 94
b48 398 515 455 542
b49 233 94 280 159
b50 369 218 436 250
b51 313 388 351 445
b52 280 90 334 135
b53 351 374 394 395
b54 334 623 352 684
b55 336 318 370 374
b56 402 370 419 433
b57 262 431 280 478
b58 394 542 440 576
b59 96 118 146 155
b60 436 281 476 304
b61 399 576 432 599
b62 440 582 500 601
b63 189 50 225 95
b64 413 61 463 108
b65 500 364 557 420
b66 295 684 362 745
b67 334 0 378 40
b68 436 218 488 281
b69 488 58 542 85
b70 455 540 497 582
b71 422 436 486 458
b72 378 0 439 61
b73 78 620 139 687
b74 439 0 477 42
b75 280 62 299 90
b76 486 281 508 314
b77 413 108 479 165
b78 280 135 316 167
b79 557 136 617 177
b80 477 0 493 58
b81 486 314 526 364
b82 422 458 469 515
b83 508 85 530 101
b84 146 561 213 583
b85 455 515 475 540
b86 96 583 152 620
b87 152 583 191 627
b88 557 112 594 136
b89 530 85 568 112
b90 43 687 82 720
b91 213 779 269 812
b92 568 0 594 16
b93 399 660 464 695
b94 432 601 473 660
b95 286 445 337 464
b96 419 370 459 436
b97 336 745 353 812
b98 279 0 301 62
b99 402 304 451 370
