387798.5
574447
201150
450 447
126.939308
b0 0 0 16 36
b1 270 391 289 430
b2 320 57 361 92
b3 103 317 121 364
b4 90 58 122 84
b5 413 27 448 58
b6 361 162 374 191
b7 94 296 122 317
b8 137 0 169 15
b9 289 391 323 437
b10 173 110 205 155
b11 0 36 14 72
b12 0 78 36 120
b13 363 193 408 241
b14 66 200 81 225
b15 351 92 396 138
b16 119 0 137 22
b17 219 308 245 341
b18 0 120 19 154
b19 220 430 250 442
b20 215 0 243 33
b21 0 158 44 197
b22 183 272 209 311
b23 369 382 409 407
b24 65 83 90 98
b25 294 223 330 259
b26 122 311 147 354
b27 327 128 342 162
b28 275 259 321 297
b29 203 0 215 37
b30 113 412 140 429
b31 243 14 280 30
b32 354 314 386 337
b33 19 120 37 156
b34 288 92 326 111
b35 211 385 226 418
b36 83 46 111 58
b37 205 172 226 188
b38 169 0 195 33
b39 361 337 391 379
b40 159 191 187 232
b41 0 197 16 213
b42 200 188 244 207
b43 35 385 69 425
b44 388 49 404 76
b45 243 0 280 14
b46 256 129 304 144
b47 166 354 189 368
b48 244 167 268 193
b49 270 360 310 391
b50 44 158 77 200
b51 53 0 101 27
b52 178 61 205 98
b53 232 235 250 252
b54 137 15 153 58
b55 364 149 410 162
b56 125 58 147 83
b57 391 334 410 382
b58 49 64 90 83
b59 323 393 369 439
b60 14 48 49 78
b61 321 317 354 351
b62 0 232 45 269
b63 140 409 175 424
b64 241 80 288 128
b65 330 236 360 269
b66 147 61 178 92
b67 205 128 242 172
b68 245 295 269 330
b69 374 162 412 181
b70 408 210 422 246
b71 327 351 361 393
b72 290 167 324 200
b73 288 111 326 129
b74 48 200 66 229
b75 244 144 271 167
b76 293 297 307 309
b77 401 0 425 16
b78 213 342 239 385
b79 239 341 276 360
b80 226 172 240 187
b81 212 207 232 239
b82 187 239 219 272
b83 382 0 401 37
b84 205 37 242 80
b85 16 0 53 48
b86 101 22 125 46
b87 175 423 220 442
b88 232 207 275 235
b89 229 80 241 115
b90 360 253 384 298
b91 69 401 113 429
b92 189 342 213 384
b93 82 345 103 388
b94 125 83 141 98
b95 0 269 25 305
b96 81 198 126 223
b97 409 382 434 410
b98 126 198 142 224
b99 343 199 363 236
b100 425 0 450 27
b101 396 101 436 149
b102 422 210 447 248
b103 16 200 48 232
b104 326 92 351 128
b105 177 311 219 342
b106 177 384 211 423
b107 276 340 321 356
b108 374 181 407 193
b109 360 241 382 253
b110 271 144 315 167
b111 101 0 119 13
b112 79 113 97 159
b113 51 113 79 156
b114 384 241 403 280
b115 53 27 83 64
b116 412 149 449 191
b117 113 98 137 135
b118 77 159 112 198
b119 209 272 233 308
b120 121 354 166 369
b121 141 110 173 155
b122 147 311 177 354
b123 434 367 447 402
b124 73 100 112 113
b125 137 369 155 397
b126 165 33 203 61
b127 386 310 408 334
b128 175 155 200 191
b129 48 301 94 345
b130 226 385 270 430
b131 403 290 439 310
b132 64 256 80 294
b133 242 128 256 140
b134 36 83 65 99
b135 280 0 317 15
b136 324 199 343 223
b137 141 92 163 110
b138 268 167 290 197
b139 369 407 402 438
b140 113 396 125 412
b141 321 269 355 294
b142 81 269 127 296
b143 81 223 125 269
b144 158 232 183 261
b145 242 33 276 78
b146 0 305 33 339
b147 25 269 37 300
b148 310 356 327 381
b149 342 138 364 160
b150 219 239 232 269
b151 121 369 137 396
b152 142 155 175 188
b153 153 15 165 55
b154 276 37 320 79
b155 250 430 262 443
b156 408 191 450 210
b157 163 98 205 110
b158 142 188 159 216
b159 45 232 81 256
b160 125 397 161 409
b161 275 200 294 231
b162 315 129 327 159
b163 127 265 174 311
b164 37 269 64 301
b165 125 224 158 265
b166 37 99 73 111
b167 37 111 51 158
b168 396 76 433 101
b169 112 152 140 198
b170 280 15 325 37
b171 410 332 444 367
b172 239 360 270 385
b173 0 339 22 381
b174 187 207 212 227
b175 317 0 351 12
b176 161 388 177 408
b177 276 319 307 340
b178 90 84 110 100
b179 325 12 366 57
b180 384 280 403 301
b181 33 301 48 343
b182 401 16 413 49
b183 366 0 382 37
b184 155 369 175 388
b185 69 388 113 401
b186 338 301 386 314
b187 269 297 293 319
b188 205 80 229 120
b189 307 297 338 317
b190 327 162 361 199
b191 402 410 444 447
b192 366 37 388 65
b193 233 252 275 295
b194 403 248 446 290
b195 22 343 47 379
b196 97 113 113 152
b197 0 381 35 428
b198 408 310 448 332
b199 48 345 82 385
