255058.25
303546.5
206570
455 454
4.131261
b0 399 66 432 109
b1 0 0 37 65
b2 402 349 455 383
b3 70 227 137 264
b4 74 164 103 183
b5 147 57 196 96
b6 376 308 394 348
b7 267 108 307 130
b8 217 324 267 386
b9 191 0 207 41
b10 0 65 18 117
b11 0 117 39 176
b12 0 176 28 237
b13 264 400 321 448
b14 119 164 162 227
b15 0 237 59 289
b16 100 404 157 440
b17 369 0 413 66
b18 226 0 274 51
b19 301 286 332 336
b20 207 0 226 37
b21 18 65 82 115
b22 129 114 163 163
b23 341 218 390 238
b24 306 179 351 207
b25 363 349 402 403
b26 335 123 375 178
b27 82 89 147 114
b28 162 170 201 216
b29 196 41 220 103
b30 0 289 26 313
b31 267 291 301 317
b32 390 246 443 289
b33 39 115 74 137
b34 321 423 375 450
b35 62 396 100 427
b36 163 103 202 170
b37 321 403 381 423
b38 0 313 23 370
b39 314 0 369 52
b40 381 417 410 443
b41 259 236 286 291
b42 0 398 62 451
b43 45 350 106 396
b44 26 289 91 336
b45 157 404 201 427
b46 91 286 130 308
b47 413 0 446 65
b48 408 109 435 166
b49 202 103 267 150
b50 227 231 259 298
b51 268 179 306 236
b52 182 270 227 324
b53 138 348 181 369
b54 323 207 341 268
b55 283 52 317 108
b56 201 427 264 444
b57 435 65 453 112
b58 402 383 448 417
b59 286 236 323 286
b60 341 238 364 278
b61 98 0 121 33
b62 130 329 190 348
b63 137 293 182 329
b64 82 114 129 164
b65 135 0 191 57
b66 390 179 451 246
b67 332 278 376 318
b68 220 51 283 103
b69 267 317 294 371
b70 28 176 70 218
b71 294 336 316 400
b72 37 0 98 61
b73 201 170 268 231
b74 91 308 129 350
b75 364 238 383 266
b76 227 298 260 320
b77 317 66 383 123
b78 106 350 138 386
b79 203 386 263 427
b80 103 164 119 222
b81 274 0 314 50
b82 316 343 363 400
b83 383 66 399 88
b84 70 264 137 286
b85 332 318 352 343
b86 98 33 135 89
b87 177 231 221 270
b88 410 417 434 454
b89 190 324 217 362
b90 351 179 384 218
b91 375 123 408 179
b92 434 417 450 443
b93 138 369 203 404
b94 394 308 453 349
b95 383 289 434 308
b96 137 227 177 293
b97 202 150 269 167
b98 23 336 45 398
b99 269 130 335 179
