256207
306752
205662
453 454
12.011176
b0 27 315 60 358
b1 50 52 87 117
b2 316 337 350 390
b3 153 78 190 145
b4 124 57 153 76
b5 147 217 186 266
b6 146 382 186 400
b7 120 274 142 314
b8 0 0 50 62
b9 350 336 391 352
b10 231 128 249 180
b11 190 227 229 286
b12 229 230 290 258
b13 142 266 190 323
b14 316 0 379 43
b15 94 394 146 453
b16 113 0 149 57
b17 303 88 347 154
b18 78 346 129 394
b19 198 0 229 50
b20 278 368 315 387
b21 0 62 50 126
b22 149 0 198 34
b23 33 358 53 407
b24 289 43 317 88
b25 332 154 371 208
b26 347 66 402 106
b27 258 312 323 337
b28 192 50 231 96
b29 231 43 255 105
b30 249 105 275 129
b31 282 0 316 26
b32 229 0 282 43
b33 406 0 441 22
b34 276 99 303 153
b35 278 337 316 368
b36 402 129 441 196
b37 186 382 246 402
b38 317 43 374 66
b39 146 402 201 454
b40 290 230 319 256
b41 249 129 276 184
b42 0 126 53 188
b43 315 390 361 451
b44 361 387 408 452
b45 190 96 213 140
b46 190 286 229 308
b47 402 64 435 129
b48 219 184 276 211
b49 84 170 149 217
b50 207 308 239 375
b51 60 289 98 346
b52 265 258 310 312
b53 276 153 297 196
b54 60 346 78 407
b55 255 43 289 99
b56 67 164 84 227
b57 213 128 231 175
b58 119 124 153 170
b59 201 402 238 452
b60 57 249 80 289
b61 213 105 246 128
b62 239 303 258 363
b63 229 258 265 303
b64 347 106 397 153
b65 323 280 380 336
b66 0 188 67 249
b67 408 387 452 427
b68 50 0 113 52
b69 379 0 406 54
b70 406 22 448 64
b71 380 153 402 217
b72 319 219 380 280
b73 380 262 447 323
b74 391 323 429 365
b75 350 352 378 371
b76 186 186 219 208
b77 0 249 57 315
b78 246 363 278 399
b79 153 145 213 186
b80 186 211 244 227
b81 238 402 278 452
b82 84 217 131 274
b83 131 217 147 239
b84 98 274 120 341
b85 87 52 107 77
b86 129 323 166 379
b87 153 34 192 78
b88 429 323 453 360
b89 0 315 27 353
b90 53 420 92 453
b91 0 358 33 414
b92 78 394 94 420
b93 297 154 332 219
b94 166 323 207 382
b95 244 211 295 230
b96 53 124 119 164
b97 107 57 124 124
b98 378 365 440 387
b99 402 196 451 262
