255334.5
303644
207025
455 455
4.429258
b0 263 240 296 283
b1 0 0 65 37
b2 164 223 198 276
b3 172 101 209 168
b4 198 190 227 209
b5 293 414 342 453
b6 326 280 344 320
b7 66 389 88 429
b8 348 309 398 371
b9 67 324 83 365
b10 296 231 314 283
b11 67 151 106 210
b12 281 203 342 231
b13 0 37 48 94
b14 251 160 314 203
b15 55 272 114 324
b16 153 0 210 36
b17 106 126 172 170
b18 16 222 67 270
b19 116 416 166 447
b20 335 376 354 413
b21 62 45 112 109
b22 33 337 67 386
b23 106 170 126 219
b24 88 389 116 434
b25 83 324 137 363
b26 210 0 250 55
b27 359 244 384 309
b28 342 205 388 244
b29 67 365 129 389
b30 227 160 251 186
b31 157 339 191 365
b32 67 219 110 272
b33 188 168 223 190
b34 110 223 164 250
b35 342 413 373 451
b36 166 416 233 455
b37 233 414 293 434
b38 256 55 313 78
b39 250 0 305 52
b40 354 371 383 397
b41 305 0 332 55
b42 126 170 188 223
b43 0 94 61 140
b44 209 55 256 120
b45 0 140 23 184
b46 23 140 62 162
b47 198 209 231 274
b48 363 66 390 123
b49 162 36 209 101
b50 231 240 263 307
b51 256 78 313 116
b52 65 0 119 45
b53 275 116 296 159
b54 436 0 454 61
b55 233 348 267 404
b56 263 283 326 300
b57 110 250 157 268
b58 119 0 153 46
b59 231 203 281 240
b60 112 46 135 86
b61 0 184 23 217
b62 157 276 176 336
b63 314 244 359 280
b64 313 66 363 113
b65 398 292 454 349
b66 388 204 455 265
b67 407 61 447 105
b68 176 276 228 339
b69 384 265 438 292
b70 64 109 106 151
b71 433 105 455 169
b72 364 143 425 204
b73 389 371 450 438
b74 191 339 229 381
b75 414 105 433 133
b76 312 116 334 149
b77 332 0 389 66
b78 194 381 230 413
b79 23 162 64 222
b80 0 217 16 275
b81 112 86 162 126
b82 389 0 436 57
b83 373 397 389 419
b84 33 270 55 337
b85 137 268 157 293
b86 311 320 348 376
b87 267 375 311 414
b88 311 376 335 413
b89 267 348 305 375
b90 0 275 33 314
b91 0 314 33 370
b92 296 116 312 142
b93 129 381 194 416
b94 229 307 288 348
b95 363 124 414 143
b96 209 120 275 160
b97 390 57 407 124
b98 342 143 364 205
b99 0 386 66 435
