823885.75
1055037.5
592734
446 1329
215.023705
b0 0 0 36 16
b1 0 16 19 55
b2 19 101 60 136
b3 36 0 54 47
b4 54 0 80 32
b5 60 257 95 288
b6 80 67 109 80
b7 54 80 82 101
b8 0 136 32 151
b9 109 162 155 196
b10 109 67 154 99
b11 154 45 168 81
b12 95 764 131 806
b13 82 212 130 257
b14 155 162 170 187
b15 130 271 175 317
b16 154 140 172 162
b17 131 866 164 892
b18 175 396 209 415
b19 95 257 125 269
b20 125 329 153 362
b21 131 827 175 866
b22 153 454 179 493
b23 164 878 204 903
b24 164 903 189 918
b25 179 658 215 694
b26 153 694 196 719
b27 170 238 204 253
b28 196 770 242 808
b29 32 136 44 173
b30 209 396 226 423
b31 60 806 97 822
b32 215 674 238 706
b33 242 751 260 787
b34 97 838 116 876
b35 80 0 95 33
b36 130 317 158 329
b37 238 730 254 751
b38 168 114 201 140
b39 189 933 219 975
b40 242 787 270 828
b41 44 136 60 152
b42 179 454 198 498
b43 198 624 238 658
b44 215 658 242 674
b45 198 578 212 615
b46 204 878 252 893
b47 82 80 105 94
b48 242 630 266 656
b49 204 319 244 350
b50 116 1013 149 1055
b51 116 961 143 1009
b52 201 114 228 151
b53 170 253 187 271
b54 149 1072 192 1088
b55 212 578 225 624
b56 209 490 231 515
b57 60 865 79 913
b58 228 113 247 154
b59 187 350 233 396
b60 192 1086 222 1121
b61 222 1160 255 1194
b62 125 719 162 764
b63 247 113 262 148
b64 175 830 222 878
b65 79 1179 109 1212
b66 168 41 199 72
b67 149 1121 193 1158
b68 222 840 257 864
b69 109 1179 128 1217
b70 192 1072 228 1086
b71 44 1212 86 1246
b72 172 163 206 196
b73 206 187 224 225
b74 172 196 201 214
b75 226 425 249 452
b76 201 151 215 163
b77 105 196 129 212
b78 196 706 222 749
b79 233 388 252 425
b80 143 998 157 1013
b81 255 1160 287 1180
b82 219 950 251 983
b83 128 1219 147 1256
b84 143 961 186 998
b85 228 76 276 113
b86 186 975 210 999
b87 162 808 207 827
b88 60 822 88 865
b89 199 79 211 114
b90 206 163 251 187
b91 224 189 268 217
b92 210 1027 252 1051
b93 186 1051 229 1072
b94 242 656 257 672
b95 229 1075 265 1100
b96 276 0 301 45
b97 262 113 287 141
b98 158 317 174 343
b99 276 45 313 65
b100 231 490 258 515
b101 266 630 306 678
b102 252 892 277 930
b103 97 806 129 838
b104 238 605 274 630
b105 0 173 42 204
b106 174 415 208 454
b107 147 1219 192 1235
b108 208 515 241 527
b109 207 808 219 830
b110 228 1137 272 1160
b111 201 225 219 238
b112 95 21 113 67
b113 193 1218 236 1246
b114 252 1027 291 1046
b115 189 903 226 933
b116 113 21 150 63
b117 270 761 294 798
b118 210 983 249 1018
b119 287 65 311 101
b120 150 0 165 45
b121 306 274 338 319
b122 244 358 287 388
b123 287 249 300 284
b124 244 319 257 358
b125 257 690 275 718
b126 338 184 376 212
b127 270 798 294 820
b128 165 16 201 41
b129 287 1157 331 1203
b130 208 533 252 578
b131 226 930 262 950
b132 331 1042 369 1058
b133 88 895 102 907
b134 376 0 405 16
b135 228 1100 243 1137
b136 88 876 112 895
b137 241 515 263 533
b138 102 1117 132 1139
b139 129 930 162 961
b140 165 0 177 16
b141 219 225 244 259
b142 272 1111 299 1157
b143 249 983 295 1027
b144 252 1046 277 1075
b145 262 930 307 964
b146 201 14 234 48
b147 162 930 174 961
b148 300 249 317 274
b149 274 388 296 410
b150 311 65 324 95
b151 225 578 241 605
b152 86 1296 119 1329
b153 222 828 262 840
b154 204 275 246 319
b155 262 828 274 841
b156 244 233 263 275
b157 129 918 171 930
b158 262 853 290 870
b159 311 95 335 131
b160 369 1042 381 1078
b161 199 48 218 79
b162 238 718 268 730
b163 376 16 422 63
b164 128 1192 160 1219
b165 274 820 315 853
b166 257 678 293 690
b167 177 0 224 14
b168 112 1055 149 1080
b169 218 48 264 76
b170 249 425 271 470
b171 132 1158 167 1192
b172 317 159 348 184
b173 257 870 299 892
b174 226 470 251 490
b175 307 853 341 865
b176 244 217 264 233
b177 422 0 443 31
b178 277 892 297 908
b179 251 148 296 189
b180 95 0 114 21
b181 174 918 189 960
b182 287 131 320 143
b183 291 1027 328 1043
b184 222 751 242 770
b185 257 275 270 319
b186 192 1246 205 1294
b187 222 1194 244 1218
b188 422 31 446 71
b189 42 1246 73 1266
b190 236 1218 273 1252
b191 102 1080 144 1117
b192 320 131 342 159
b193 295 964 337 1007
b194 268 718 310 761
b195 265 1075 290 1111
b196 263 233 302 249
b197 331 1007 378 1042
b198 109 1256 131 1296
b199 79 1139 113 1179
