384498.75
566497.5
202500
450 450
36.953779
b0 116 75 132 111
b1 374 162 393 201
b2 34 278 75 313
b3 230 315 277 333
b4 222 86 248 118
b5 45 194 80 225
b6 254 235 267 264
b7 83 295 111 316
b8 277 277 292 309
b9 369 204 403 250
b10 276 122 321 154
b11 375 380 389 416
b12 393 162 429 204
b13 111 360 159 405
b14 379 304 404 319
b15 134 44 179 90
b16 221 235 239 257
b17 362 354 395 380
b18 133 306 167 325
b19 248 80 260 110
b20 221 395 249 428
b21 144 0 183 44
b22 414 376 440 415
b23 321 132 346 172
b24 379 319 394 344
b25 97 316 133 352
b26 0 0 25 43
b27 0 43 34 58
b28 263 43 309 81
b29 363 380 375 417
b30 75 278 102 295
b31 93 160 109 197
b32 343 43 366 75
b33 345 314 363 350
b34 140 138 159 176
b35 239 235 254 268
b36 416 249 428 277
b37 260 101 276 122
b38 277 309 303 342
b39 404 314 446 344
b40 346 162 374 203
b41 363 338 379 354
b42 20 351 39 395
b43 304 191 344 225
b44 365 91 381 118
b45 222 49 236 86
b46 174 206 222 221
b47 395 344 418 358
b48 206 303 230 329
b49 69 36 100 76
b50 0 58 33 100
b51 366 43 393 91
b52 236 43 263 80
b53 307 329 325 346
b54 319 407 335 450
b55 315 225 328 271
b56 321 75 346 97
b57 33 58 52 106
b58 0 100 19 141
b59 0 141 46 187
b60 25 0 55 35
b61 370 129 404 162
b62 184 342 221 387
b63 206 221 221 256
b64 132 90 179 138
b65 420 63 450 96
b66 52 313 83 344
b67 138 262 175 306
b68 183 0 218 24
b69 381 91 400 129
b70 192 303 206 339
b71 98 206 132 248
b72 19 106 52 140
b73 345 0 363 38
b74 80 197 98 226
b75 52 126 75 153
b76 46 153 60 165
b77 363 314 379 338
b78 159 389 202 415
b79 395 358 414 395
b80 320 393 335 407
b81 221 333 253 353
b82 20 231 53 263
b83 121 138 140 175
b84 325 350 362 393
b85 134 183 171 231
b86 319 293 343 317
b87 53 226 98 245
b88 335 393 363 436
b89 265 370 277 405
b90 345 203 369 248
b91 52 82 80 126
b92 221 353 245 395
b93 277 354 320 375
b94 111 284 126 300
b95 55 0 80 36
b96 425 204 450 249
b97 218 0 243 28
b98 404 63 420 89
b99 393 43 430 63
b100 225 118 250 145
b101 256 193 304 233
b102 280 0 305 38
b103 418 344 450 376
b104 363 423 399 448
b105 132 231 174 262
b106 16 395 55 429
b107 159 138 175 183
b108 85 316 97 349
b109 183 24 205 36
b110 343 270 366 314
b111 52 64 65 82
b112 429 141 447 187
b113 179 95 222 123
b114 55 387 74 426
b115 243 0 280 30
b116 74 387 111 429
b117 253 333 277 370
b118 261 154 296 193
b119 80 86 116 110
b120 207 49 222 94
b121 417 96 449 141
b122 55 344 85 387
b123 39 351 52 386
b124 236 30 275 43
b125 389 395 407 423
b126 20 313 48 351
b127 159 367 183 389
b128 167 306 192 342
b129 179 123 225 167
b130 0 187 45 231
b131 0 231 20 267
b132 249 389 265 427
b133 100 74 114 86
b134 378 250 394 279
b135 296 154 311 191
b136 346 75 365 99
b137 34 35 52 57
b138 80 0 102 30
b139 175 221 206 254
b140 354 118 370 130
b141 222 210 256 235
b142 75 133 121 160
b143 269 233 315 277
b144 77 248 102 277
b145 0 267 34 312
b146 60 160 93 194
b147 53 245 65 276
b148 167 342 184 367
b149 344 248 366 270
b150 102 44 115 74
b151 292 277 319 293
b152 321 99 354 132
b153 126 262 138 302
b154 102 0 144 44
b155 366 250 378 263
b156 202 387 221 429
b157 303 317 345 329
b158 52 36 69 64
b159 102 248 126 284
b160 171 194 207 206
b161 115 44 134 75
b162 277 342 307 354
b163 175 257 222 303
b164 175 167 207 194
b165 407 415 448 448
b166 222 257 234 293
b167 111 405 158 419
b168 366 279 403 304
b169 179 49 207 95
b170 404 292 449 314
b171 133 325 167 360
b172 109 175 134 206
b173 80 111 122 133
b174 0 312 20 337
b175 311 172 345 184
b176 260 81 276 101
b177 205 28 236 49
b178 303 293 319 313
b179 276 81 321 122
b180 250 122 271 141
b181 328 225 343 267
b182 65 245 77 278
b183 207 167 223 204
b184 245 370 265 389
b185 404 89 417 133
b186 403 244 416 292
b187 319 271 343 293
b188 223 170 247 210
b189 0 337 20 368
b190 309 34 343 71
b191 405 0 442 42
b192 428 249 450 277
b193 277 375 319 418
b194 363 0 405 43
b195 225 145 261 170
b196 0 368 16 407
b197 234 268 269 315
b198 403 204 425 244
b199 305 0 345 34
