255321.75
304528.5
206115
455 453
4.733228
b0 59 176 92 219
b1 244 324 281 389
b2 0 0 53 34
b3 65 296 102 363
b4 0 34 29 53
b5 268 0 317 39
b6 379 197 397 237
b7 100 64 122 104
b8 317 181 379 231
b9 376 0 392 41
b10 358 0 376 52
b11 119 162 158 221
b12 281 321 309 382
b13 83 221 131 278
b14 0 96 43 159
b15 0 175 59 227
b16 158 143 194 200
b17 178 347 244 391
b18 66 401 117 449
b19 131 225 162 275
b20 84 363 121 382
b21 53 0 103 64
b22 337 145 386 179
b23 260 95 280 144
b24 0 227 28 272
b25 177 391 216 445
b26 102 296 142 351
b27 0 279 65 304
b28 43 129 82 175
b29 29 34 53 96
b30 162 225 186 251
b31 162 251 196 277
b32 144 277 197 320
b33 197 241 232 263
b34 309 321 336 375
b35 122 103 153 141
b36 216 413 283 452
b37 117 429 177 449
b38 121 351 178 374
b39 28 227 83 279
b40 272 209 301 235
b41 121 374 148 429
b42 0 304 62 357
b43 122 57 183 103
b44 53 64 100 129
b45 148 374 171 418
b46 281 235 303 274
b47 386 145 451 178
b48 142 320 199 347
b49 232 144 279 209
b50 196 209 263 241
b51 203 103 260 141
b52 390 334 435 388
b53 100 141 143 162
b54 83 278 144 296
b55 247 39 281 95
b56 281 39 298 102
b57 82 129 100 176
b58 298 60 344 94
b59 337 94 374 144
b60 303 231 326 271
b61 336 359 359 392
b62 386 178 446 197
b63 199 285 235 330
b64 303 271 350 321
b65 397 197 453 254
b66 350 271 417 332
b67 232 241 272 285
b68 392 33 444 96
b69 336 332 390 359
b70 0 357 42 399
b71 183 81 247 103
b72 394 388 455 449
b73 283 392 350 453
b74 42 363 84 401
b75 100 162 119 190
b76 194 143 216 176
b77 103 0 169 57
b78 301 149 337 181
b79 317 0 358 60
b80 216 141 232 199
b81 153 103 203 143
b82 280 102 337 149
b83 301 181 317 203
b84 216 391 283 413
b85 158 200 178 225
b86 169 0 206 56
b87 235 285 279 324
b88 417 271 454 295
b89 326 231 364 258
b90 417 295 450 334
b91 392 0 448 33
b92 376 41 392 67
b93 359 388 394 453
b94 206 22 247 81
b95 280 149 299 200
b96 0 401 66 441
b97 379 254 446 271
b98 206 0 268 22
b99 374 96 440 145
