764629.25
831750.5
697508
812 859
412.954445
b0 198 340 234 356
b1 198 356 217 395
b2 320 102 361 137
b3 215 432 233 479
b4 530 385 556 417
b5 587 577 622 608
b6 394 397 423 410
b7 0 38 28 59
b8 278 583 310 598
b9 609 459 655 493
b10 161 684 206 716
b11 394 413 408 449
b12 579 535 615 577
b13 346 308 394 353
b14 97 316 112 341
b15 257 143 302 189
b16 73 399 91 421
b17 302 65 335 91
b18 122 612 156 631
b19 579 494 609 506
b20 408 147 436 180
b21 473 86 517 125
b22 668 378 694 417
b23 109 38 149 63
b24 292 625 317 640
b25 386 558 422 594
b26 544 581 587 606
b27 276 38 310 53
b28 222 220 268 258
b29 142 316 154 353
b30 639 305 656 332
b31 0 59 37 75
b32 587 608 610 640
b33 94 686 112 722
b34 31 821 50 859
b35 111 98 126 131
b36 425 322 453 334
b37 408 126 424 147
b38 486 556 519 582
b39 573 385 603 427
b40 733 198 761 239
b41 281 374 297 390
b42 518 216 537 260
b43 473 125 513 159
b44 128 731 155 747
b45 485 498 499 535
b46 184 65 232 80
b47 112 717 135 731
b48 73 189 97 215
b49 603 164 643 195
b50 603 86 636 128
b51 189 564 216 612
b52 91 631 118 668
b53 565 164 582 182
b54 382 353 425 369
b55 639 332 652 378
b56 347 222 369 247
b57 473 38 492 86
b58 328 267 347 308
b59 82 767 128 813
b60 456 556 486 591
b61 198 650 231 684
b62 37 38 74 83
b63 62 786 77 821
b64 320 535 367 583
b65 314 189 344 222
b66 111 131 142 162
b67 212 479 256 516
b68 74 38 109 62
b69 426 180 445 218
b70 530 417 566 431
b71 443 440 485 474
b72 422 558 456 591
b73 0 0 18 38
b74 0 83 29 101
b75 184 38 207 65
b76 156 395 170 407
b77 609 494 633 510
b78 356 354 382 397
b79 265 267 284 304
b80 360 417 374 432
b81 62 712 94 732
b82 156 414 188 447
b83 257 65 276 102
b84 179 303 222 340
b85 233 432 281 469
b86 111 292 135 316
b87 170 395 215 414
b88 443 397 471 440
b89 382 472 394 507
b90 485 397 530 421
b91 284 267 328 295
b92 485 474 527 498
b93 179 220 222 241
b94 388 624 403 640
b95 256 625 292 650
b96 224 258 249 303
b97 696 221 721 249
b98 149 38 165 64
b99 459 591 496 611
b100 156 447 183 472
b101 189 516 229 564
b102 408 65 433 103
b103 310 0 342 32
b104 519 556 555 581
b105 156 340 198 371
b106 676 128 710 167
b107 256 497 301 513
b108 29 421 62 433
b109 29 116 41 138
b110 573 431 617 454
b111 302 143 320 156
b112 328 308 346 354
b113 530 431 573 459
b114 122 667 161 686
b115 422 591 459 621
b116 142 189 179 231
b117 62 675 86 712
b118 361 91 400 126
b119 122 631 146 667
b120 29 250 44 295
b121 394 247 426 292
b122 475 322 518 352
b123 62 732 75 767
b124 513 125 526 164
b125 111 63 129 91
b126 348 507 386 535
b127 188 414 212 436
b128 603 385 639 410
b129 112 353 156 399
b130 29 189 73 234
b131 281 354 317 374
b132 517 38 555 54
b133 156 472 170 484
b134 639 385 668 401
b135 668 417 683 454
b136 555 556 579 575
b137 453 322 475 340
b138 142 126 172 148
b139 156 516 189 547
b140 721 198 733 214
b141 97 484 122 518
b142 184 80 211 126
b143 211 80 257 124
b144 519 581 544 610
b145 179 258 224 292
b146 643 164 676 198
b147 241 189 253 220
b148 656 260 673 285
b149 257 395 279 417
b150 394 292 407 322
b151 249 258 265 285
b152 475 352 508 385
b153 656 285 696 297
b154 443 474 485 518
b155 459 611 471 624
b156 615 510 634 552
b157 733 239 775 251
b158 537 180 565 197
b159 506 180 530 216
b160 257 356 269 392
b161 118 686 137 717
b162 112 316 142 328
b163 268 220 314 267
b164 41 162 73 189
b165 37 83 78 116
b166 408 53 444 65
b167 361 126 408 140
b168 775 167 812 192
b169 256 469 302 497
b170 556 260 578 305
b171 149 64 184 98
b172 475 292 506 317
b173 426 247 468 269
b174 676 167 701 187
b175 348 472 382 484
b176 29 234 49 250
b177 367 594 388 625
b178 423 397 443 413
b179 257 102 302 143
b180 456 535 475 556
b181 184 143 199 185
b182 78 83 111 95
b183 161 667 198 683
b184 62 767 82 786
b185 73 631 86 675
b186 655 401 668 449
b187 556 197 578 221
b188 394 518 418 558
b189 0 767 31 787
b190 436 103 473 137
b191 215 395 257 432
b192 326 497 348 525
b193 278 533 320 576
b194 199 143 241 186
b195 301 497 326 533
b196 317 354 356 370
b197 527 459 574 494
b198 256 533 278 573
b199 326 432 360 472
