461679
396623
526735
671 785
18.067113
b0 184 406 227 439
b1 563 293 628 330
b2 78 567 131 601
b3 168 684 205 751
b4 172 0 201 19
b5 168 455 207 504
b6 338 101 378 119
b7 0 67 22 107
b8 231 628 281 690
b9 433 453 449 494
b10 628 152 646 204
b11 379 427 418 486
b12 268 472 329 500
b13 483 19 531 76
b14 131 567 194 610
b15 123 254 182 306
b16 499 236 535 293
b17 483 453 527 519
b18 550 0 598 51
b19 281 673 312 723
b20 483 576 520 595
b21 229 254 293 304
b22 338 67 387 101
b23 38 130 58 179
b24 293 197 338 225
b25 418 398 472 437
b26 499 293 554 333
b27 407 19 432 84
b28 205 690 244 736
b29 359 336 383 398
b30 207 581 231 607
b31 0 107 26 141
b32 335 630 378 683
b33 207 439 229 474
b34 0 254 27 308
b35 228 67 259 105
b36 432 19 471 86
b37 86 130 106 190
b38 483 174 506 231
b39 251 352 303 407
b40 359 398 385 427
b41 472 398 499 453
b42 38 197 100 250
b43 207 535 268 581
b44 103 520 168 567
b45 100 254 123 298
b46 229 472 268 494
b47 38 394 103 427
b48 359 225 416 252
b49 103 455 150 520
b50 249 304 316 336
b51 483 519 521 576
b52 281 628 335 673
b53 628 233 671 254
b54 106 130 124 191
b55 168 628 202 684
b56 78 610 95 673
b57 231 581 249 628
b58 95 751 141 785
b59 329 439 379 476
b60 293 225 333 248
b61 0 617 33 640
b62 26 67 86 86
b63 38 520 74 565
b64 433 494 483 541
b65 123 306 180 362
b66 416 225 483 286
b67 535 236 579 276
b68 86 67 138 130
b69 379 486 433 513
b70 563 330 605 372
b71 499 336 563 358
b72 123 394 184 455
b73 0 0 61 67
b74 0 141 38 183
b75 379 513 398 541
b76 229 439 251 472
b77 106 197 172 254
b78 123 362 159 394
b79 207 494 267 535
b80 528 174 544 232
b81 38 567 78 617
b82 182 254 229 311
b83 251 336 273 352
b84 483 152 550 174
b85 387 67 407 92
b86 303 352 359 389
b87 184 362 223 406
b88 131 610 168 634
b89 184 311 222 338
b90 268 566 307 599
b91 172 67 228 100
b92 223 338 249 354
b93 379 576 444 611
b94 579 174 620 233
b95 335 611 386 630
b96 268 500 308 566
b97 124 130 141 197
b98 506 174 528 236
b99 407 86 456 152
