467585.25
382488.5
552682
733 754
18.045538
b0 690 44 733 77
b1 117 577 182 614
b2 609 165 662 199
b3 67 248 104 315
b4 215 155 244 174
b5 244 61 283 110
b6 225 0 265 18
b7 521 165 543 205
b8 67 408 117 470
b9 530 387 546 428
b10 247 702 265 754
b11 186 61 225 120
b12 378 423 439 451
b13 117 520 165 577
b14 368 485 431 528
b15 156 248 215 300
b16 287 316 323 373
b17 477 256 521 322
b18 322 18 370 69
b19 182 559 213 609
b20 54 61 91 80
b21 259 597 323 647
b22 331 165 380 199
b23 311 110 331 159
b24 226 387 271 415
b25 323 261 377 300
b26 232 320 287 360
b27 530 322 555 387
b28 283 43 322 89
b29 410 300 434 362
b30 652 18 676 44
b31 560 205 586 239
b32 434 261 477 314
b33 215 120 237 155
b34 381 362 408 416
b35 347 418 378 456
b36 0 120 39 187
b37 652 50 672 110
b38 117 408 140 465
b39 259 647 311 702
b40 347 456 373 485
b41 181 465 208 520
b42 609 239 671 292
b43 434 119 495 165
b44 0 366 65 413
b45 507 362 530 406
b46 377 199 416 221
b47 345 316 410 349
b48 129 61 186 88
b49 318 485 365 550
b50 244 120 311 152
b51 91 61 129 118
b52 0 0 54 45
b53 67 227 110 248
b54 208 465 226 526
b55 347 362 381 418
b56 215 174 232 237
b57 416 165 434 212
b58 0 614 46 648
b59 516 119 566 156
b60 0 648 40 671
b61 416 212 449 235
b62 0 187 60 206
b63 244 219 280 264
b64 318 550 368 597
b65 215 264 272 320
b66 54 0 121 61
b67 60 187 104 227
b68 104 248 156 311
b69 225 18 279 45
b70 156 366 198 408
b71 117 465 181 487
b72 446 362 507 423
b73 244 152 305 219
b74 408 362 446 404
b75 671 110 690 138
b76 213 559 235 592
b77 586 50 652 107
b78 403 18 439 50
b79 287 373 347 414
b80 331 89 347 147
b81 403 69 443 119
b82 271 414 318 471
b83 323 300 345 316
b84 0 227 67 249
b85 283 18 303 43
b86 347 128 403 165
b87 477 212 516 256
b88 117 702 154 726
b89 165 526 203 553
b90 521 256 560 289
b91 203 526 259 559
b92 345 300 371 316
b93 182 609 247 644
b94 347 69 388 128
b95 272 264 323 283
b96 156 300 196 366
b97 215 320 232 387
b98 323 199 345 261
b99 560 239 609 305
