709940.75
795791.5
624090
710 879
304.877468
b0 553 125 589 141
b1 405 401 424 440
b2 211 90 252 125
b3 586 309 604 356
b4 408 240 434 272
b5 393 188 428 219
b6 368 609 397 622
b7 24 338 52 359
b8 460 683 492 698
b9 418 440 464 474
b10 71 406 116 438
b11 70 16 84 52
b12 414 698 450 740
b13 252 56 300 101
b14 314 261 329 286
b15 345 12 390 58
b16 418 474 436 496
b17 245 222 278 248
b18 184 399 218 418
b19 140 593 170 605
b20 42 0 70 33
b21 564 474 608 513
b22 589 141 615 180
b23 549 274 589 299
b24 261 125 286 140
b25 361 776 397 812
b26 472 309 515 334
b27 474 546 508 561
b28 604 309 650 347
b29 211 53 223 90
b30 337 327 354 354
b31 516 222 553 238
b32 474 579 497 611
b33 368 740 386 776
b34 142 350 161 388
b35 549 474 564 507
b36 90 0 118 12
b37 564 513 580 534
b38 184 611 217 637
b39 436 511 466 553
b40 192 259 220 300
b41 408 284 424 300
b42 326 390 345 434
b43 87 253 127 287
b44 24 565 51 581
b45 165 224 179 261
b46 455 474 503 489
b47 301 576 324 590
b48 549 369 573 395
b49 184 349 224 380
b50 328 698 361 740
b51 71 180 98 228
b52 0 0 27 37
b53 615 12 632 30
b54 0 228 43 244
b55 650 222 663 268
b56 71 228 93 253
b57 52 350 71 398
b58 0 283 19 324
b59 141 261 187 307
b60 350 458 380 493
b61 249 140 282 174
b62 170 660 207 705
b63 503 334 518 369
b64 361 812 408 860
b65 298 698 328 731
b66 480 116 511 147
b67 408 300 452 337
b68 0 121 35 145
b69 300 90 319 128
b70 35 138 71 152
b71 142 406 184 440
b72 405 368 439 401
b73 589 103 607 141
b74 191 181 220 199
b75 382 347 405 374
b76 220 153 234 165
b77 466 489 490 505
b78 127 307 153 350
b79 436 474 455 511
b80 231 222 245 237
b81 326 530 358 550
b82 326 128 358 161
b83 298 842 317 879
b84 350 222 393 259
b85 78 80 126 117
b86 141 199 165 223
b87 52 438 97 457
b88 354 347 382 390
b89 287 530 299 565
b90 170 705 215 729
b91 71 378 115 406
b92 442 240 484 264
b93 24 317 67 338
b94 384 161 399 177
b95 187 300 223 325
b96 399 58 424 103
b97 460 611 485 639
b98 87 317 103 343
b99 295 307 332 327
b100 165 199 192 224
b101 286 128 326 176
b102 231 622 256 660
b103 484 221 516 253
b104 608 440 644 465
b105 184 434 226 465
b106 516 158 550 197
b107 97 438 142 454
b108 45 80 78 92
b109 418 511 430 533
b110 430 553 474 576
b111 449 103 467 116
b112 314 176 332 222
b113 98 181 141 209
b114 324 622 363 641
b115 298 812 335 842
b116 141 138 178 180
b117 231 842 255 879
b118 192 199 231 234
b119 516 238 540 274
b120 508 579 523 624
b121 282 176 314 221
b122 97 488 140 518
b123 178 126 191 161
b124 0 244 13 283
b125 191 153 209 181
b126 211 125 249 153
b127 474 505 498 527
b128 314 222 350 247
b129 324 576 368 622
b130 243 354 287 399
b131 382 493 418 513
b132 464 334 502 350
b133 650 197 664 209
b134 399 12 428 28
b135 126 65 141 102
b136 328 740 352 759
b137 564 401 586 419
b138 553 103 583 125
b139 408 337 441 368
b140 332 176 344 192
b141 97 454 122 488
b142 329 261 356 307
b143 460 639 506 683
b144 441 192 466 221
b145 300 56 345 90
b146 178 65 211 99
b147 354 307 366 338
b148 397 698 414 723
b149 187 325 209 347
b150 87 287 100 317
b151 71 253 87 280
b152 418 576 451 609
b153 344 176 384 188
b154 256 622 298 666
b155 249 125 261 138
b156 511 116 530 158
b157 223 259 265 271
b158 226 434 254 451
b159 326 458 350 494
b160 382 374 394 410
b161 224 354 243 385
b162 265 261 295 273
b163 664 58 710 105
b164 178 99 210 126
b165 508 546 549 579
b166 71 138 107 150
b167 184 565 231 579
b168 516 197 553 222
b169 71 350 117 378
b170 452 264 474 309
b171 298 654 333 688
b172 326 494 357 519
b173 295 327 337 349
b174 223 305 248 325
b175 408 272 442 284
b176 70 0 90 16
b177 428 161 449 192
b178 452 309 472 325
b179 0 80 45 121
b180 78 117 97 138
b181 393 219 408 261
b182 126 53 159 65
b183 231 176 268 192
b184 474 527 494 546
b185 223 12 236 56
b186 428 192 441 240
b187 326 434 348 458
b188 0 324 24 364
b189 449 161 480 181
b190 223 271 260 305
b191 84 16 126 53
b192 231 565 253 593
b193 418 611 460 654
b194 0 37 42 80
b195 357 494 382 530
b196 287 354 326 370
b197 254 576 301 611
b198 366 307 388 347
b199 107 138 141 178
