756354.5
844929
667780
865 772
347.402633
b0 551 455 587 471
b1 654 106 673 145
b2 223 615 264 650
b3 269 523 287 570
b4 433 284 459 316
b5 53 683 88 714
b6 356 548 385 561
b7 811 257 839 278
b8 622 274 654 289
b9 289 660 335 694
b10 143 205 188 237
b11 699 175 713 211
b12 534 332 570 374
b13 289 615 337 660
b14 217 225 232 250
b15 626 309 671 355
b16 587 455 605 477
b17 0 16 33 42
b18 459 284 493 303
b19 80 148 110 160
b20 401 209 429 242
b21 230 45 274 84
b22 324 442 350 481
b23 96 694 136 719
b24 817 145 842 160
b25 509 296 545 332
b26 254 195 297 220
b27 19 589 53 604
b28 231 280 277 318
b29 665 374 677 411
b30 115 105 132 132
b31 143 279 180 295
b32 842 145 865 177
b33 413 242 431 278
b34 239 84 258 122
b35 780 58 795 91
b36 115 205 143 217
b37 711 354 727 375
b38 628 159 661 185
b39 254 220 284 262
b40 395 507 423 548
b41 493 284 509 300
b42 297 442 316 486
b43 511 407 551 441
b44 180 279 207 295
b45 381 122 395 159
b46 333 122 381 137
b47 416 84 439 98
b48 745 285 769 311
b49 431 242 471 273
b50 632 374 665 416
b51 589 179 616 227
b52 335 676 362 713
b53 654 274 671 292
b54 519 258 562 274
b55 19 604 32 650
b56 164 122 186 147
b57 337 358 356 406
b58 337 548 356 589
b59 423 518 469 564
b60 504 332 534 367
b61 686 251 719 285
b62 433 316 470 361
b63 19 502 34 537
b64 463 58 510 106
b65 715 285 745 318
b66 42 84 73 115
b67 207 349 251 386
b68 143 237 178 261
b69 395 469 414 507
b70 297 195 333 209
b71 475 204 517 238
b72 170 650 204 683
b73 251 0 269 38
b74 188 205 217 223
b75 207 45 230 72
b76 711 329 725 341
b77 439 84 463 100
b78 364 279 390 322
b79 289 486 308 523
b80 551 411 565 426
b81 622 289 654 309
b82 191 72 223 105
b83 680 169 699 206
b84 180 432 223 469
b85 769 204 817 241
b86 680 145 704 169
b87 587 477 632 496
b88 242 729 270 772
b89 356 587 368 622
b90 710 211 755 235
b91 628 226 672 254
b92 80 295 122 319
b93 164 0 207 21
b94 607 274 622 290
b95 123 539 159 564
b96 269 570 294 615
b97 713 175 738 203
b98 223 84 239 110
b99 381 38 418 58
b100 164 45 191 70
b101 34 541 74 589
b102 483 471 508 509
b103 132 110 164 142
b104 42 477 78 502
b105 433 361 475 392
b106 223 122 257 161
b107 78 525 123 541
b108 170 694 203 706
b109 413 279 425 301
b110 671 292 715 315
b111 164 147 182 160
b112 213 262 231 308
b113 440 441 483 469
b114 203 729 242 748
b115 217 195 254 225
b116 747 0 784 42
b117 551 374 575 411
b118 589 227 628 262
b119 251 349 275 385
b120 401 159 416 204
b121 164 160 196 205
b122 704 145 747 175
b123 249 694 262 729
b124 395 548 408 587
b125 231 321 249 349
b126 616 128 654 156
b127 515 496 539 518
b128 475 377 511 402
b129 475 238 519 284
b130 207 0 251 45
b131 519 238 555 258
b132 0 0 38 16
b133 589 106 603 118
b134 475 361 504 377
b135 322 322 337 359
b136 98 42 122 61
b137 254 262 276 280
b138 42 115 72 137
b139 747 145 780 176
b140 575 353 587 369
b141 264 615 289 649
b142 297 359 324 405
b143 223 523 269 567
b144 188 250 213 279
b145 204 694 249 728
b146 407 392 440 426
b147 337 589 349 620
b148 42 148 59 173
b149 463 106 485 128
b150 511 377 524 407
b151 273 432 289 459
b152 274 0 307 33
b153 671 329 711 341
b154 769 285 811 329
b155 362 322 374 335
b156 661 156 680 198
b157 0 67 42 79
b158 322 262 350 279
b159 324 406 348 442
b160 364 243 376 279
b161 0 173 19 204
b162 562 262 592 274
b163 251 385 297 432
b164 483 441 515 468
b165 42 42 83 75
b166 483 518 519 530
b167 123 525 170 539
b168 0 42 37 67
b169 429 209 475 237
b170 251 432 273 477
b171 223 161 258 195
b172 745 329 776 354
b173 122 16 164 38
b174 661 206 686 226
b175 509 284 543 296
b176 335 660 355 676
b177 59 148 80 179
b178 811 241 831 257
b179 277 280 322 321
b180 607 332 626 353
b181 83 42 98 84
b182 374 338 407 350
b183 570 332 607 348
b184 413 322 433 341
b185 565 411 578 455
b186 122 477 135 525
b187 74 650 96 674
b188 686 211 710 251
b189 555 159 586 179
b190 364 209 401 243
b191 362 622 404 659
b192 755 176 777 204
b193 322 279 364 322
b194 73 105 115 148
b195 337 322 362 358
b196 374 322 413 338
b197 348 406 395 441
b198 196 147 218 187
b199 555 179 589 219
