434427.25
388749.5
480105
681 705
16.098759
b0 166 304 209 337
b1 499 236 564 273
b2 219 420 272 454
b3 190 128 227 195
b4 269 208 298 227
b5 332 567 371 616
b6 339 549 379 567
b7 499 273 521 313
b8 457 116 507 178
b9 62 344 78 385
b10 190 337 208 389
b11 0 468 39 527
b12 109 44 170 72
b13 170 195 218 252
b14 336 0 399 43
b15 170 252 229 304
b16 499 179 535 236
b17 339 420 383 486
b18 288 106 336 157
b19 152 399 183 449
b20 298 297 335 316
b21 144 536 208 586
b22 190 94 239 128
b23 170 60 190 109
b24 507 77 552 105
b25 392 349 446 388
b26 564 212 619 252
b27 620 178 645 243
b28 152 471 191 517
b29 166 337 190 399
b30 303 394 327 420
b31 190 60 216 94
b32 449 245 492 298
b33 573 77 595 112
b34 272 616 299 670
b35 88 252 119 290
b36 449 313 488 380
b37 170 0 190 60
b38 379 549 402 606
b39 36 135 88 190
b40 0 57 26 86
b41 276 316 303 371
b42 619 243 681 296
b43 239 60 300 106
b44 288 161 353 208
b45 405 265 428 309
b46 336 106 375 128
b47 336 128 401 161
b48 219 304 276 331
b49 119 279 166 344
b50 338 265 405 297
b51 338 208 376 265
b52 338 349 392 394
b53 327 394 370 415
b54 620 0 638 61
b55 48 57 82 113
b56 339 486 356 549
b57 276 371 294 418
b58 462 43 508 77
b59 449 208 499 245
b60 229 195 269 218
b61 0 527 33 550
b62 272 567 332 586
b63 0 119 36 164
b64 102 399 152 446
b65 405 60 462 116
b66 272 420 339 481
b67 405 309 449 349
b68 405 116 457 179
b69 552 0 606 27
b70 102 552 144 594
b71 208 482 272 504
b72 33 594 94 655
b73 227 128 288 195
b74 535 105 573 147
b75 219 454 238 482
b76 87 44 109 77
b77 36 411 102 468
b78 208 517 244 549
b79 33 655 93 696
b80 87 77 103 135
b81 272 486 312 536
b82 0 0 47 57
b83 102 536 124 552
b84 152 449 219 471
b85 428 208 448 233
b86 449 380 505 417
b87 87 0 126 44
b88 401 0 438 24
b89 119 252 157 279
b90 48 0 87 33
b91 564 179 620 212
b92 36 190 62 206
b93 208 670 273 705
b94 620 61 661 120
b95 102 517 153 536
b96 298 208 338 274
b97 78 344 95 411
b98 26 57 48 119
b99 488 313 537 379
