664730.75
761329.5
568132
821 692
425.627877
b0 573 500 609 516
b1 333 207 352 246
b2 127 158 168 193
b3 337 519 355 566
b4 295 246 321 278
b5 402 569 437 600
b6 609 466 638 479
b7 305 196 333 217
b8 133 349 165 364
b9 392 600 438 634
b10 528 455 573 487
b11 573 393 587 429
b12 24 192 60 234
b13 79 147 127 192
b14 333 158 348 183
b15 506 84 551 130
b16 384 519 402 541
b17 203 390 236 416
b18 45 88 79 107
b19 506 132 536 144
b20 105 369 133 402
b21 339 48 383 87
b22 36 369 62 408
b23 20 480 60 505
b24 442 132 467 147
b25 95 308 131 344
b26 64 344 107 369
b27 287 393 321 408
b28 333 120 379 158
b29 438 487 450 524
b30 104 62 121 89
b31 133 487 170 503
b32 121 89 144 121
b33 442 215 460 251
b34 167 88 186 126
b35 258 289 273 322
b36 144 76 172 88
b37 449 251 465 272
b38 20 531 53 557
b39 258 217 288 259
b40 379 132 407 173
b41 628 393 644 409
b42 107 264 126 308
b43 539 132 579 166
b44 483 402 510 418
b45 89 193 103 230
b46 278 65 326 80
b47 644 290 667 304
b48 80 62 104 88
b49 168 174 208 205
b50 788 84 821 126
b51 0 0 27 48
b52 278 116 305 153
b53 437 569 454 587
b54 62 369 105 385
b55 539 244 552 290
b56 484 132 506 157
b57 396 303 415 351
b58 131 308 150 349
b59 45 0 91 46
b60 539 312 569 347
b61 379 173 412 207
b62 210 198 247 243
b63 105 531 120 566
b64 290 450 337 498
b65 412 173 442 206
b66 290 566 321 597
b67 438 587 482 624
b68 45 62 80 86
b69 520 157 539 195
b70 660 112 696 126
b71 168 230 210 264
b72 349 87 383 120
b73 120 602 138 640
b74 60 193 89 211
b75 144 131 167 158
b76 36 408 50 420
b77 133 408 157 424
b78 305 153 331 196
b79 305 116 324 153
b80 321 279 335 294
b81 457 516 489 536
b82 438 369 470 402
b83 609 429 628 466
b84 203 450 246 487
b85 210 243 258 280
b86 415 272 439 296
b87 0 48 45 67
b88 250 88 278 131
b89 172 46 184 81
b90 483 463 528 487
b91 246 450 290 478
b92 133 364 175 388
b93 20 671 63 692
b94 236 390 251 406
b95 360 303 396 328
b96 383 87 408 132
b97 483 435 508 463
b98 20 304 36 330
b99 165 308 202 328
b100 294 361 321 386
b101 339 0 379 48
b102 70 259 95 297
b103 321 361 353 393
b104 79 122 115 147
b105 60 640 102 671
b106 539 166 573 205
b107 36 464 81 480
b108 50 408 83 420
b109 168 264 180 286
b110 20 281 64 304
b111 333 266 351 279
b112 358 215 376 261
b113 170 633 213 661
b114 660 202 699 221
b115 258 259 295 289
b116 354 429 391 471
b117 579 130 603 167
b118 81 593 120 628
b119 467 48 491 84
b120 573 455 588 500
b121 247 153 279 198
b122 232 322 275 352
b123 660 167 673 202
b124 326 46 339 85
b125 331 87 349 115
b126 603 84 641 112
b127 539 290 563 312
b128 442 190 478 215
b129 308 315 352 361
b130 402 524 446 569
b131 133 388 169 408
b132 186 46 224 62
b133 295 217 309 229
b134 355 519 384 535
b135 295 278 310 315
b136 250 46 274 65
b137 432 351 454 369
b138 202 280 232 302
b139 274 416 307 447
b140 741 147 753 163
b141 249 416 274 450
b142 562 347 589 393
b143 157 408 203 452
b144 335 393 360 422
b145 438 429 483 463
b146 275 322 308 356
b147 667 221 679 252
b148 337 422 354 447
b149 170 661 192 683
b150 121 46 134 76
b151 305 85 321 112
b152 337 566 370 599
b153 409 251 449 263
b154 699 130 741 174
b155 275 387 287 400
b156 144 89 163 131
b157 618 203 660 215
b158 307 408 335 425
b159 579 167 603 203
b160 360 393 372 429
b161 275 356 294 387
b162 573 435 603 447
b163 24 234 70 281
b164 81 566 113 593
b165 80 89 121 122
b166 396 351 432 363
b167 391 429 438 443
b168 70 234 107 259
b169 203 416 249 444
b170 510 390 532 435
b171 203 356 238 390
b172 168 205 199 230
b173 208 88 250 110
b174 333 246 358 266
b175 50 452 84 464
b176 168 286 188 302
b177 278 85 299 116
b178 45 46 65 62
b179 573 203 618 244
b180 438 463 457 484
b181 358 261 373 303
b182 376 251 409 263
b183 168 158 205 174
b184 0 234 20 253
b185 438 624 451 668
b186 337 471 350 519
b187 208 131 230 155
b188 0 192 24 232
b189 528 435 559 455
b190 203 599 240 633
b191 478 190 520 227
b192 105 503 127 531
b193 520 347 562 390
b194 442 147 484 190
b195 120 566 145 602
b196 63 671 102 687
b197 741 112 788 147
b198 370 600 392 640
b199 208 158 242 198
