529783.5
430795
628772
823 764
17.428931
b0 494 297 537 330
b1 546 23 611 60
b2 274 184 327 218
b3 0 34 37 101
b4 649 342 678 361
b5 393 556 432 605
b6 698 190 738 208
b7 503 218 525 258
b8 432 525 482 587
b9 557 344 573 385
b10 37 131 55 183
b11 393 432 432 491
b12 55 273 116 301
b13 341 263 389 320
b14 760 190 823 233
b15 186 132 245 184
b16 92 707 128 764
b17 122 44 166 110
b18 389 263 437 314
b19 546 78 577 128
b20 122 23 159 42
b21 122 167 186 217
b22 74 663 123 697
b23 341 169 361 218
b24 55 131 100 159
b25 479 23 533 62
b26 625 283 680 323
b27 393 491 418 556
b28 157 264 196 310
b29 399 605 423 667
b30 625 342 649 368
b31 0 0 26 34
b32 503 163 546 216
b33 122 132 144 167
b34 389 109 416 163
b35 274 263 305 301
b36 437 338 476 405
b37 537 344 557 404
b38 754 128 777 185
b39 37 76 89 131
b40 625 128 651 157
b41 372 605 399 660
b42 222 405 284 458
b43 74 617 135 663
b44 157 217 222 264
b45 370 405 393 449
b46 306 23 345 45
b47 416 109 481 142
b48 437 405 494 432
b49 528 426 575 491
b50 274 218 341 250
b51 36 433 74 490
b52 425 23 479 68
b53 382 45 425 66
b54 432 460 450 521
b55 494 404 528 460
b56 437 275 454 338
b57 680 157 698 204
b58 450 491 496 525
b59 135 617 185 654
b60 104 0 144 23
b61 222 320 255 343
b62 625 323 685 342
b63 341 218 377 263
b64 322 605 372 652
b65 100 217 157 273
b66 558 283 625 344
b67 222 667 266 707
b68 222 217 274 280
b69 38 707 92 734
b70 678 342 720 384
b71 494 275 558 297
b72 74 556 135 617
b73 245 42 306 109
b74 284 449 322 491
b75 36 405 55 433
b76 738 190 760 223
b77 437 218 503 275
b78 0 320 36 352
b79 135 556 195 597
b80 625 368 641 426
b81 546 142 586 192
b82 37 19 84 76
b83 100 131 122 147
b84 122 110 189 132
b85 84 19 104 44
b86 372 667 428 704
b87 135 707 174 751
b88 573 344 610 368
b89 0 697 38 724
b90 720 283 759 316
b91 698 157 754 190
b92 481 62 507 78
b93 305 405 370 440
b94 341 110 382 169
b95 26 0 77 19
b96 685 208 725 274
b97 558 216 575 283
b98 759 233 781 295
b99 625 62 674 128
