792045.75
863339.5
720752
856 842
304.169255
b0 28 159 64 175
b1 205 151 224 190
b2 481 677 522 712
b3 88 93 106 140
b4 639 119 665 151
b5 518 219 553 250
b6 224 16 253 29
b7 322 184 350 205
b8 269 812 301 827
b9 694 357 740 391
b10 323 637 368 669
b11 437 371 451 407
b12 545 407 581 449
b13 612 350 660 395
b14 442 573 457 598
b15 167 317 212 363
b16 660 357 678 379
b17 66 273 99 299
b18 164 490 198 509
b19 175 190 205 202
b20 461 56 489 89
b21 339 359 383 398
b22 0 130 26 169
b23 788 109 828 134
b24 581 267 606 282
b25 331 595 367 631
b26 315 334 358 359
b27 143 152 177 167
b28 285 467 331 505
b29 177 151 189 188
b30 475 546 492 573
b31 529 456 566 472
b32 639 16 662 48
b33 149 344 167 380
b34 788 134 807 172
b35 0 28 15 61
b36 632 449 660 461
b37 529 435 545 456
b38 296 83 329 109
b39 242 631 272 673
b40 215 233 243 274
b41 484 334 500 350
b42 427 75 446 119
b43 175 208 215 242
b44 350 146 377 162
b45 291 761 305 798
b46 694 313 742 328
b47 242 340 265 354
b48 252 234 276 260
b49 26 237 66 268
b50 252 274 285 316
b51 581 219 608 267
b52 322 109 349 146
b53 828 89 845 107
b54 457 573 500 589
b55 296 138 309 184
b56 414 677 436 702
b57 331 547 350 595
b58 158 42 177 83
b59 644 267 690 313
b60 53 65 83 100
b61 395 451 428 485
b62 492 485 529 530
b63 466 677 481 712
b64 585 539 632 587
b65 212 340 242 373
b66 368 516 399 547
b67 383 146 427 183
b68 53 130 88 154
b69 291 631 310 669
b70 291 798 327 812
b71 273 379 315 413
b72 660 313 694 346
b73 665 119 683 157
b74 442 528 471 546
b75 125 317 148 344
b76 151 246 165 258
b77 315 359 339 375
b78 400 718 426 761
b79 112 273 131 310
b80 400 598 414 613
b81 66 299 98 319
b82 690 192 722 225
b83 529 496 548 533
b84 242 453 285 490
b85 164 380 212 417
b86 318 429 342 453
b87 98 417 143 436
b88 632 496 660 539
b89 690 157 702 192
b90 251 190 296 214
b91 164 509 208 537
b92 252 316 294 340
b93 813 56 856 77
b94 368 761 383 777
b95 215 208 251 233
b96 497 589 522 634
b97 0 0 25 28
b98 134 16 150 42
b99 205 83 242 103
b100 242 673 269 698
b101 457 589 497 637
b102 28 92 53 130
b103 612 267 644 299
b104 529 538 565 563
b105 339 398 381 429
b106 315 295 349 334
b107 273 413 318 429
b108 612 395 645 407
b109 665 89 677 111
b110 161 93 205 116
b111 143 138 161 151
b112 291 679 309 725
b113 437 407 480 435
b114 329 56 368 75
b115 285 234 322 264
b116 548 496 585 538
b117 437 334 461 371
b118 125 380 164 415
b119 595 153 619 189
b120 143 93 158 138
b121 632 551 664 596
b122 399 516 442 546
b123 688 391 701 426
b124 265 340 278 379
b125 788 225 806 253
b126 480 264 518 292
b127 99 317 123 339
b128 164 417 200 442
b129 93 734 137 780
b130 131 201 175 246
b131 64 201 100 221
b132 134 0 172 16
b133 129 140 143 152
b134 100 177 129 193
b135 53 28 68 65
b136 125 344 149 363
b137 205 190 227 208
b138 365 429 395 451
b139 0 61 33 92
b140 64 221 76 237
b141 518 119 543 153
b142 98 339 125 385
b143 742 313 788 357
b144 28 130 53 159
b145 26 385 71 419
b146 367 595 400 629
b147 294 264 306 295
b148 100 152 117 177
b149 327 777 349 799
b150 71 812 84 842
b151 414 598 430 625
b152 543 119 576 152
b153 88 140 128 152
b154 553 153 595 197
b155 131 177 143 190
b156 64 159 83 201
b157 137 734 179 746
b158 0 92 28 109
b159 66 237 90 273
b160 131 246 143 282
b161 368 485 387 516
b162 436 677 466 689
b163 566 449 612 496
b164 212 404 244 431
b165 143 701 184 734
b166 639 56 675 68
b167 318 453 365 467
b168 215 274 252 299
b169 88 65 134 93
b170 71 704 93 749
b171 71 631 106 665
b172 242 379 273 404
b173 395 429 437 451
b174 788 89 813 109
b175 632 539 666 551
b176 619 153 639 169
b177 106 673 127 704
b178 807 134 827 150
b179 26 319 71 360
b180 143 631 162 652
b181 350 547 365 589
b182 442 546 475 558
b183 400 702 437 718
b184 131 282 151 301
b185 99 273 112 317
b186 310 631 323 679
b187 484 295 506 319
b188 329 16 353 56
b189 251 214 282 234
b190 331 467 368 501
b191 200 431 242 468
b192 269 673 291 701
b193 585 496 627 539
b194 442 485 484 528
b195 518 183 543 219
b196 90 237 129 253
b197 177 16 224 51
b198 666 539 688 579
b199 442 637 476 677
