486358
415545
557171
677 823
18.084268
b0 427 428 470 461
b1 163 133 228 170
b2 406 554 459 588
b3 144 170 181 237
b4 377 509 406 528
b5 281 493 320 542
b6 509 360 549 378
b7 246 122 268 162
b8 507 588 557 650
b9 281 432 297 473
b10 237 380 255 432
b11 498 156 537 215
b12 170 493 231 521
b13 96 288 144 345
b14 163 90 226 133
b15 132 698 191 750
b16 470 428 506 485
b17 132 619 176 685
b18 261 329 309 380
b19 261 162 292 212
b20 0 172 37 191
b21 549 360 613 410
b22 498 122 547 156
b23 40 731 60 780
b24 163 53 208 81
b25 292 162 346 201
b26 170 383 225 423
b27 581 410 606 475
b28 191 698 230 744
b29 96 193 120 255
b30 526 266 550 292
b31 507 650 533 684
b32 163 0 206 53
b33 208 55 230 90
b34 507 532 534 586
b35 0 345 31 383
b36 246 55 285 122
b37 96 133 116 193
b38 17 533 40 590
b39 208 0 260 55
b40 550 215 576 244
b41 148 237 175 292
b42 331 645 393 698
b43 320 554 381 600
b44 470 485 535 532
b45 377 428 400 472
b46 31 412 70 434
b47 196 170 261 203
b48 320 432 377 459
b49 357 201 404 266
b50 96 57 163 89
b51 0 0 38 57
b52 0 127 54 172
b53 576 215 619 236
b54 297 432 315 493
b55 550 244 584 300
b56 0 440 17 503
b57 228 90 246 137
b58 535 485 581 519
b59 377 472 427 509
b60 0 90 40 113
b61 54 169 87 192
b62 271 600 331 619
b63 406 509 442 554
b64 393 645 443 692
b65 70 423 127 479
b66 320 354 387 415
b67 237 432 281 472
b68 357 266 409 329
b69 17 506 71 533
b70 54 127 96 169
b71 613 300 677 322
b72 71 608 132 669
b73 87 345 148 412
b74 387 354 425 396
b75 0 412 19 440
b76 96 255 118 288
b77 381 588 447 645
b78 387 396 423 428
b79 447 588 507 629
b80 231 619 247 677
b81 261 212 301 262
b82 60 731 107 788
b83 148 345 170 361
b84 170 361 237 383
b85 357 329 377 354
b86 40 90 96 127
b87 470 354 509 398
b88 39 57 76 81
b89 409 266 447 293
b90 0 57 39 90
b91 301 212 357 245
b92 170 345 196 361
b93 17 788 82 823
b94 271 698 312 757
b95 447 162 498 181
b96 231 542 271 608
b97 509 293 526 360
b98 71 669 93 731
b99 17 440 66 506
