505228.5
443075
567382
773 734
16.974156
b0 290 543 333 576
b1 378 154 443 191
b2 353 405 406 439
b3 299 87 336 154
b4 336 35 365 54
b5 353 454 392 503
b6 338 154 378 172
b7 464 220 486 260
b8 518 129 568 191
b9 562 260 578 301
b10 281 87 299 139
b11 127 78 166 137
b12 353 276 414 304
b13 239 592 287 649
b14 333 588 396 631
b15 255 35 314 87
b16 562 301 598 358
b17 101 573 145 639
b18 84 193 132 244
b19 239 523 270 573
b20 663 35 700 54
b21 448 391 512 441
b22 218 649 267 683
b23 406 405 426 454
b24 132 459 177 487
b25 598 301 652 340
b26 353 503 408 543
b27 509 514 534 579
b28 0 57 39 103
b29 59 671 83 733
b30 306 644 330 670
b31 255 128 281 162
b32 598 340 641 393
b33 166 21 188 56
b34 574 393 601 447
b35 0 103 31 141
b36 267 649 306 716
b37 353 304 373 364
b38 169 402 192 459
b39 225 405 277 460
b40 414 191 440 220
b41 518 393 545 448
b42 177 460 239 513
b43 426 441 487 487
b44 598 54 663 101
b45 36 573 59 617
b46 414 220 453 242
b47 652 220 717 253
b48 598 191 655 218
b49 487 579 534 644
b50 655 101 722 133
b51 127 21 165 78
b52 353 543 407 588
b53 127 0 170 21
b54 66 193 84 254
b55 281 198 315 254
b56 83 671 100 734
b57 0 335 18 382
b58 39 254 85 288
b59 168 649 218 686
b60 464 260 504 283
b61 184 128 217 151
b62 378 0 438 19
b63 0 573 36 618
b64 414 242 464 289
b65 127 137 184 193
b66 225 335 292 396
b67 518 283 562 323
b68 239 460 291 523
b69 464 283 518 310
b70 59 573 101 615
b71 281 254 345 276
b72 66 0 127 61
b73 292 335 353 402
b74 518 87 556 129
b75 188 21 207 49
b76 396 588 418 621
b77 0 0 66 57
b78 695 276 731 308
b79 353 364 413 405
b80 717 218 733 276
b81 184 78 224 128
b82 0 402 47 459
b83 426 391 448 407
b84 101 649 168 671
b85 315 198 335 223
b86 169 276 225 313
b87 299 154 338 198
b88 132 193 169 217
b89 217 128 255 155
b90 731 276 770 309
b91 518 358 574 391
b92 652 301 678 317
b93 224 0 289 35
b94 225 276 266 335
b95 239 573 290 592
b96 733 133 773 199
b97 678 301 695 368
b98 487 441 509 503
b99 509 448 558 514
