513019
418167
607871
757 803
17.673686
b0 157 349 200 382
b1 344 296 409 333
b2 538 101 591 135
b3 304 62 341 129
b4 0 0 29 19
b5 56 754 95 803
b6 498 194 538 212
b7 341 0 363 40
b8 20 87 70 149
b9 171 299 187 340
b10 218 416 236 468
b11 560 292 599 351
b12 157 406 218 434
b13 554 377 602 434
b14 444 537 507 580
b15 418 404 477 456
b16 200 349 236 406
b17 29 0 73 66
b18 231 233 279 284
b19 64 186 95 236
b20 157 434 194 453
b21 360 62 424 112
b22 418 456 467 490
b23 329 129 349 178
b24 125 689 170 717
b25 256 573 310 612
b26 236 416 291 456
b27 22 520 47 585
b28 265 62 304 108
b29 99 0 123 62
b30 64 435 88 461
b31 265 186 291 220
b32 409 296 452 349
b33 0 435 22 470
b34 297 324 324 378
b35 679 22 710 60
b36 157 453 196 520
b37 0 66 20 126
b38 125 632 148 689
b39 508 247 560 302
b40 73 0 99 29
b41 375 506 402 561
b42 538 194 600 247
b43 344 226 405 272
b44 614 135 679 182
b45 70 87 93 131
b46 542 0 581 22
b47 279 233 344 266
b48 125 605 182 632
b49 710 0 757 65
b50 344 194 411 226
b51 291 129 329 186
b52 560 247 614 292
b53 29 66 72 87
b54 640 182 658 243
b55 22 585 56 641
b56 125 542 142 605
b57 444 490 462 537
b58 452 194 498 228
b59 64 717 114 754
b60 256 456 296 479
b61 105 349 138 372
b62 196 468 256 487
b63 0 372 36 417
b64 215 186 265 233
b65 158 66 215 122
b66 424 40 491 101
b67 231 284 275 324
b68 105 372 157 435
b69 418 377 472 404
b70 402 506 444 548
b71 0 186 64 208
b72 64 520 125 581
b73 236 349 297 416
b74 93 128 131 170
b75 341 62 360 90
b76 351 129 373 162
b77 292 479 358 536
b78 256 479 292 511
b79 171 233 231 274
b80 215 128 231 186
b81 131 299 171 349
b82 507 490 554 547
b83 329 178 351 194
b84 157 520 224 542
b85 236 324 256 349
b86 452 296 508 333
b87 452 333 491 377
b88 344 272 381 296
b89 358 479 396 506
b90 452 112 491 145
b91 182 612 238 645
b92 614 182 640 198
b93 93 87 158 122
b94 64 299 105 358
b95 491 40 542 59
b96 131 233 171 299
b97 358 506 375 573
b98 396 378 418 440
b99 215 62 264 128
