476125.25
394595.5
557655
705 791
18.098502
b0 301 110 344 143
b1 370 457 435 494
b2 167 0 220 34
b3 370 356 407 423
b4 36 390 65 409
b5 419 316 458 365
b6 359 160 399 178
b7 674 58 696 98
b8 363 494 413 556
b9 299 225 315 266
b10 458 222 476 274
b11 38 331 77 390
b12 417 194 478 222
b13 533 290 581 347
b14 470 393 533 436
b15 154 682 213 734
b16 363 266 399 323
b17 219 356 263 422
b18 87 173 135 224
b19 243 623 274 673
b20 0 427 37 446
b21 399 132 463 182
b22 309 515 358 549
b23 343 574 363 623
b24 38 232 83 260
b25 167 56 221 95
b26 480 58 535 98
b27 344 95 369 160
b28 115 515 154 561
b29 500 132 524 194
b30 195 110 219 136
b31 370 423 396 457
b32 243 34 286 87
b33 87 331 109 366
b34 140 56 167 110
b35 182 266 213 304
b36 219 110 258 177
b37 419 365 439 425
b38 115 674 138 731
b39 37 427 89 482
b40 114 56 140 85
b41 647 132 674 187
b42 585 194 647 247
b43 470 290 531 336
b44 524 132 589 179
b45 656 0 679 44
b46 260 177 299 199
b47 195 177 260 210
b48 423 34 480 61
b49 0 56 47 121
b50 589 98 656 130
b51 144 274 182 331
b52 369 87 423 132
b53 258 110 301 131
b54 399 182 417 243
b55 0 0 34 56
b56 47 110 64 173
b57 359 178 377 225
b58 263 391 309 425
b59 65 390 115 427
b60 47 173 87 196
b61 589 132 622 155
b62 135 173 195 192
b63 0 331 36 376
b64 115 366 165 413
b65 87 274 144 330
b66 518 194 585 255
b67 135 192 179 232
b68 309 452 361 515
b69 165 433 219 460
b70 87 232 129 274
b71 299 303 363 325
b72 309 391 370 452
b73 260 549 321 616
b74 0 196 38 238
b75 286 0 305 28
b76 221 56 243 89
b77 138 734 204 791
b78 115 433 151 465
b79 299 160 359 201
b80 480 0 496 58
b81 417 222 457 272
b82 470 336 517 393
b83 458 274 480 290
b84 47 56 114 78
b85 343 549 363 574
b86 299 266 355 303
b87 419 272 458 316
b88 463 132 500 156
b89 480 194 518 221
b90 89 731 128 764
b91 363 323 419 356
b92 679 0 705 16
b93 299 356 364 391
b94 219 549 260 608
b95 419 425 470 444
b96 203 616 243 682
b97 165 366 182 433
b98 321 549 343 611
b99 154 608 203 674
