753907.25
845439.5
662375
757 875
309.821846
b0 260 0 296 16
b1 471 432 490 471
b2 358 435 399 470
b3 320 112 338 159
b4 592 300 618 332
b5 441 382 476 413
b6 618 254 647 267
b7 597 64 625 85
b8 228 153 260 168
b9 382 159 428 193
b10 248 241 293 273
b11 126 333 140 369
b12 435 486 471 528
b13 419 101 467 146
b14 45 75 60 100
b15 228 168 273 214
b16 110 828 128 850
b17 316 507 349 533
b18 130 112 164 131
b19 100 112 130 124
b20 177 702 205 735
b21 204 241 248 280
b22 516 300 542 339
b23 108 526 148 551
b24 566 125 591 140
b25 317 277 353 313
b26 202 735 245 760
b27 176 480 210 495
b28 64 769 110 807
b29 45 414 57 451
b30 210 539 227 566
b31 392 595 429 611
b32 285 586 308 618
b33 501 567 519 603
b34 108 412 127 450
b35 449 657 464 690
b36 467 38 495 50
b37 273 182 289 203
b38 64 480 97 506
b39 397 611 427 653
b40 476 219 504 260
b41 484 114 500 130
b42 94 312 113 356
b43 60 75 100 109
b44 81 398 108 414
b45 532 496 546 533
b46 148 75 196 90
b47 321 726 344 740
b48 293 229 317 255
b49 248 652 288 683
b50 288 742 321 784
b51 164 153 191 201
b52 0 0 27 37
b53 241 603 258 621
b54 554 34 597 50
b55 488 611 501 657
b56 316 653 338 678
b57 179 285 198 333
b58 164 112 183 153
b59 392 549 438 595
b60 512 219 542 254
b61 178 446 211 480
b62 204 401 241 446
b63 248 273 263 308
b64 597 16 644 64
b65 647 250 677 283
b66 647 219 678 250
b67 428 146 472 183
b68 340 38 375 62
b69 38 37 57 75
b70 108 398 144 412
b71 715 32 757 66
b72 144 398 178 431
b73 223 308 241 346
b74 532 16 561 34
b75 228 214 251 241
b76 648 85 662 97
b77 476 336 500 352
b78 178 398 204 441
b79 45 451 64 488
b80 648 64 662 79
b81 245 742 277 762
b82 144 480 176 513
b83 241 502 260 539
b84 349 549 392 586
b85 100 75 148 112
b86 542 219 566 243
b87 471 413 516 432
b88 288 653 316 696
b89 504 101 516 136
b90 678 66 723 90
b91 241 539 285 567
b92 241 401 283 425
b93 419 38 462 59
b94 233 638 248 654
b95 45 235 81 260
b96 288 697 313 742
b97 542 97 567 125
b98 357 382 373 408
b99 285 618 322 638
b100 202 850 229 875
b101 193 567 233 615
b102 394 90 419 128
b103 354 470 386 502
b104 399 482 435 507
b105 316 416 358 447
b106 320 190 354 229
b107 0 75 45 91
b108 516 339 549 351
b109 115 201 127 223
b110 510 74 554 97
b111 472 101 490 114
b112 516 254 534 300
b113 406 698 449 726
b114 358 416 397 435
b115 156 566 193 596
b116 191 153 228 195
b117 144 333 168 370
b118 449 611 488 646
b119 241 567 265 603
b120 164 201 179 246
b121 516 418 548 463
b122 549 300 592 330
b123 662 79 675 114
b124 419 62 432 101
b125 248 308 266 336
b126 316 447 354 475
b127 317 255 341 277
b128 567 85 603 110
b129 357 336 401 382
b130 519 567 563 612
b131 476 277 512 297
b132 359 611 397 627
b133 476 320 490 332
b134 644 16 673 32
b135 100 174 115 211
b136 193 683 217 702
b137 0 37 22 55
b138 399 416 429 438
b139 283 402 316 433
b140 520 496 532 512
b141 177 735 202 769
b142 245 804 272 850
b143 110 784 156 828
b144 495 528 520 557
b145 373 382 418 416
b146 97 638 130 672
b147 45 828 57 859
b148 196 0 213 25
b149 384 698 406 720
b150 196 37 209 67
b151 22 37 38 64
b152 520 463 553 496
b153 317 346 357 358
b154 399 438 441 482
b155 144 513 156 526
b156 385 507 404 549
b157 418 193 460 205
b158 354 190 382 207
b159 460 183 484 219
b160 571 332 583 368
b161 198 285 217 316
b162 647 165 677 177
b163 449 549 495 596
b164 94 285 126 312
b165 353 90 394 123
b166 97 718 133 730
b167 273 168 320 182
b168 168 336 205 361
b169 338 669 384 697
b170 397 653 419 698
b171 520 533 555 567
b172 354 507 385 532
b173 273 16 315 38
b174 198 316 223 336
b175 60 223 94 235
b176 320 38 340 54
b177 320 159 341 190
b178 715 16 735 32
b179 603 85 648 126
b180 591 126 610 147
b181 94 356 109 398
b182 320 90 353 102
b183 338 653 375 669
b184 490 59 510 78
b185 191 241 204 285
b186 441 438 454 486
b187 510 50 532 74
b188 542 125 566 165
b189 277 784 308 804
b190 322 618 359 652
b191 673 16 715 53
b192 549 339 571 367
b193 418 277 460 320
b194 100 131 142 174
b195 516 382 541 418
b196 226 346 265 362
b197 130 683 177 718
b198 204 361 226 401
b199 283 362 317 402
