595826.5
423197
768456
821 936
17.995544
b0 159 365 202 398
b1 256 581 321 618
b2 324 741 377 775
b3 383 281 420 348
b4 214 620 243 639
b5 523 244 562 293
b6 202 465 242 483
b7 143 717 165 757
b8 305 66 355 128
b9 54 0 70 41
b10 334 465 352 517
b11 244 522 283 581
b12 216 741 277 769
b13 54 49 102 106
b14 323 238 386 281
b15 84 432 143 484
b16 84 806 120 863
b17 231 0 275 66
b18 0 106 48 157
b19 0 432 31 482
b20 187 132 224 151
b21 241 132 305 182
b22 143 432 192 466
b23 70 0 90 49
b24 313 337 358 365
b25 202 581 256 620
b26 277 830 332 870
b27 358 281 383 346
b28 84 887 123 933
b29 60 432 84 494
b30 523 218 547 244
b31 651 248 677 282
b32 201 269 244 322
b33 192 682 214 717
b34 241 215 268 269
b35 615 248 646 286
b36 313 365 352 432
b37 321 522 341 582
b38 143 830 166 887
b39 244 269 296 324
b40 297 182 323 211
b41 386 535 413 590
b42 102 49 164 102
b43 464 128 525 174
b44 48 322 113 369
b45 164 71 187 115
b46 305 128 344 150
b47 293 646 358 679
b48 102 185 159 212
b49 277 741 324 806
b50 174 151 241 183
b51 296 465 334 522
b52 0 0 54 45
b53 323 182 366 203
b54 386 474 404 535
b55 313 281 347 337
b56 358 411 375 474
b57 386 590 404 637
b58 128 151 174 185
b59 243 704 293 741
b60 358 348 398 371
b61 404 474 437 497
b62 614 201 674 220
b63 724 201 760 246
b64 674 201 724 248
b65 366 182 423 238
b66 187 71 254 132
b67 358 371 402 411
b68 562 244 614 307
b69 0 49 54 76
b70 159 215 201 257
b71 355 0 419 22
b72 760 91 821 152
b73 462 218 523 285
b74 402 348 440 390
b75 256 618 275 646
b76 440 281 462 314
b77 462 307 528 364
b78 615 286 651 318
b79 0 369 60 410
b80 243 646 259 704
b81 528 307 568 357
b82 568 307 615 364
b83 744 66 766 82
b84 164 49 231 71
b85 724 66 744 91
b86 402 390 458 427
b87 464 174 503 218
b88 277 806 314 830
b89 503 174 541 201
b90 313 432 352 465
b91 241 182 297 215
b92 102 115 128 131
b93 321 582 386 617
b94 423 128 464 187
b95 165 717 216 736
b96 0 494 40 560
b97 296 238 313 305
b98 192 620 214 682
b99 216 870 265 936
