638170.25
755894.5
520446
762 683
424.578649
b0 354 399 390 415
b1 270 69 289 108
b2 144 205 185 240
b3 176 249 194 296
b4 289 615 315 647
b5 0 220 35 251
b6 95 300 124 313
b7 701 372 729 393
b8 392 604 424 619
b9 597 69 643 103
b10 632 333 677 365
b11 241 488 255 524
b12 75 258 111 300
b13 118 566 166 611
b14 493 488 508 513
b15 508 207 553 253
b16 470 138 488 160
b17 0 140 33 166
b18 46 505 80 524
b19 268 333 298 345
b20 134 508 162 541
b21 413 233 457 272
b22 300 415 326 454
b23 35 220 75 245
b24 217 344 242 359
b25 399 327 435 363
b26 425 488 468 513
b27 144 168 178 183
b28 413 549 459 587
b29 96 140 108 177
b30 37 140 54 167
b31 166 566 203 582
b32 366 288 389 320
b33 399 363 417 399
b34 334 108 353 146
b35 80 300 95 333
b36 348 626 376 638
b37 487 363 503 384
b38 146 306 179 332
b39 610 253 640 295
b40 76 524 104 565
b41 249 345 265 361
b42 523 393 542 437
b43 326 415 366 449
b44 370 146 397 162
b45 494 243 508 280
b46 96 197 144 212
b47 370 162 393 176
b48 306 198 330 224
b49 198 458 238 489
b50 46 463 79 505
b51 217 296 244 344
b52 111 212 138 249
b53 334 165 351 183
b54 412 288 455 304
b55 96 212 109 258
b56 289 590 311 615
b57 126 0 145 48
b58 370 176 389 217
b59 300 515 346 561
b60 146 271 176 306
b61 117 611 150 645
b62 457 243 494 288
b63 508 384 523 419
b64 585 314 632 362
b65 46 524 76 557
b66 65 432 96 463
b67 314 561 358 598
b68 544 183 579 207
b69 117 439 136 477
b70 234 69 270 83
b71 219 649 261 683
b72 223 165 257 198
b73 579 117 597 155
b74 701 219 730 237
b75 390 488 413 515
b76 104 546 118 558
b77 470 48 494 64
b78 516 253 542 296
b79 0 300 19 337
b80 185 205 199 220
b81 413 213 445 233
b82 424 587 456 620
b83 743 237 762 274
b84 37 31 80 68
b85 241 524 289 561
b86 516 296 540 320
b87 610 295 655 314
b88 585 393 613 436
b89 354 288 366 323
b90 540 296 585 320
b91 249 454 293 482
b92 46 565 88 589
b93 470 117 513 138
b94 249 361 264 377
b95 134 541 170 566
b96 655 115 680 160
b97 348 598 373 626
b98 203 566 219 592
b99 688 160 725 180
b100 223 210 250 235
b101 397 69 437 117
b102 468 488 493 526
b103 220 133 252 165
b104 264 403 300 428
b105 292 224 334 255
b106 688 180 722 219
b107 354 272 399 288
b108 223 198 256 210
b109 298 333 310 355
b110 195 435 239 458
b111 146 258 164 271
b112 469 363 487 409
b113 0 645 43 673
b114 632 314 671 333
b115 457 213 494 243
b116 597 117 634 159
b117 334 233 358 270
b118 117 404 156 439
b119 389 176 413 212
b120 179 359 194 404
b121 399 443 431 488
b122 37 93 80 123
b123 22 589 35 624
b124 399 288 412 327
b125 121 140 139 168
b126 95 359 133 387
b127 199 205 223 227
b128 162 458 198 483
b129 310 270 354 316
b130 190 88 234 133
b131 508 183 544 203
b132 179 306 217 322
b133 292 198 306 210
b134 88 611 117 627
b135 33 183 48 220
b136 677 333 701 352
b137 124 300 146 318
b138 104 524 134 546
b139 469 332 502 363
b140 458 117 470 133
b141 671 295 696 329
b142 553 207 580 253
b143 19 375 65 419
b144 289 561 314 590
b145 413 179 458 213
b146 315 615 348 649
b147 134 477 146 508
b148 580 183 597 208
b149 0 565 22 587
b150 217 255 230 285
b151 376 626 392 653
b152 655 208 688 241
b153 150 68 190 80
b154 474 288 516 332
b155 203 630 215 643
b156 455 288 474 330
b157 413 272 455 284
b158 373 587 401 604
b159 244 285 268 321
b160 298 255 310 291
b161 195 404 214 435
b162 65 404 95 416
b163 80 93 126 140
b164 217 359 249 386
b165 413 146 454 179
b166 334 198 370 210
b167 366 549 413 563
b168 37 68 74 93
b169 0 432 46 460
b170 488 138 510 183
b171 390 515 425 549
b172 513 117 544 142
b173 250 210 292 232
b174 96 177 121 197
b175 597 103 631 115
b176 354 323 374 339
b177 37 0 58 31
b178 544 69 564 85
b179 35 300 80 341
b180 234 48 253 69
b181 264 361 279 403
b182 468 526 501 538
b183 0 0 37 16
b184 257 108 277 127
b185 399 399 412 443
b186 268 285 281 333
b187 219 524 241 548
b188 126 68 150 108
b189 190 68 221 88
b190 19 341 56 375
b191 178 168 220 205
b192 95 404 117 432
b193 54 140 96 183
b194 701 329 743 372
b195 585 253 610 289
b196 156 404 195 420
b197 170 489 217 524
b198 219 590 241 630
b199 435 332 469 372
