1109659.75
1192269.5
1027050
1025 1002
1882.223625
b0 644 332 671 347
b1 487 648 514 664
b2 593 74 615 100
b3 157 384 178 429
b4 787 196 827 241
b5 157 358 173 384
b6 335 466 373 493
b7 451 176 486 205
b8 716 477 737 513
b9 42 902 86 927
b10 152 177 167 208
b11 447 381 488 405
b12 308 680 325 699
b13 478 777 511 825
b14 197 141 241 162
b15 75 228 109 243
b16 404 405 449 447
b17 151 444 192 481
b18 322 104 365 148
b19 451 648 487 671
b20 477 698 490 715
b21 393 551 421 595
b22 774 387 809 416
b23 115 277 155 294
b24 534 205 552 229
b25 308 730 337 773
b26 332 218 359 236
b27 478 737 516 777
b28 852 220 876 232
b29 774 357 803 387
b30 269 426 289 454
b31 351 737 383 773
b32 505 381 524 403
b33 192 460 237 506
b34 223 0 252 12
b35 152 151 164 177
b36 322 305 349 335
b37 679 444 691 473
b38 382 218 403 237
b39 237 186 249 199
b40 593 0 612 47
b41 477 265 513 284
b42 384 671 430 696
b43 640 444 679 465
b44 269 104 296 128
b45 293 816 317 841
b46 432 104 451 117
b47 155 277 197 317
b48 281 493 309 527
b49 573 549 597 597
b50 432 218 451 232
b51 613 401 627 417
b52 237 541 274 559
b53 819 416 855 428
b54 573 648 603 682
b55 52 105 78 136
b56 524 344 570 375
b57 532 501 579 549
b58 691 477 716 502
b59 281 554 328 592
b60 349 294 388 310
b61 743 386 774 431
b62 178 384 224 420
b63 16 105 52 151
b64 432 87 465 102
b65 603 585 616 608
b66 883 264 925 309
b67 570 419 584 452
b68 584 229 612 274
b69 281 527 317 554
b70 653 356 669 401
b71 359 582 393 614
b72 224 406 256 421
b73 706 431 718 477
b74 341 646 384 680
b75 736 133 756 170
b76 254 816 293 852
b77 789 89 829 107
b78 0 745 42 761
b79 44 582 84 607
b80 233 104 269 119
b81 392 294 407 326
b82 254 865 293 889
b83 534 102 571 143
b84 736 298 770 336
b85 254 773 288 816
b86 419 447 458 491
b87 427 296 472 344
b88 303 218 332 262
b89 84 820 104 862
b90 289 460 335 484
b91 570 398 613 419
b92 152 104 197 151
b93 736 274 756 298
b94 553 284 584 303
b95 237 559 281 596
b96 118 549 164 582
b97 75 243 115 258
b98 466 581 479 616
b99 359 629 399 646
b100 282 173 326 218
b101 231 680 261 716
b102 0 317 40 353
b103 118 641 152 675
b104 317 493 359 507
b105 863 175 898 208
b106 489 408 501 441
b107 466 566 498 581
b108 609 274 646 312
b109 237 460 279 506
b110 293 866 332 908
b111 774 336 787 357
b112 173 358 203 383
b113 0 172 36 196
b114 269 218 303 262
b115 687 100 721 122
b116 736 170 764 189
b117 157 506 196 527
b118 0 551 44 589
b119 349 379 377 424
b120 324 33 360 69
b121 16 33 50 71
b122 164 755 207 775
b123 359 218 382 254
b124 237 506 268 541
b125 721 47 767 89
b126 418 284 440 296
b127 584 419 609 462
b128 208 889 252 917
b129 898 175 932 197
b130 610 444 640 470
b131 505 284 553 329
b132 373 512 391 551
b133 627 401 642 444
b134 498 474 532 521
b135 432 253 477 268
b136 88 105 125 117
b137 293 398 314 426
b138 852 384 894 412
b139 52 136 88 173
b140 925 208 937 251
b141 203 305 222 350
b142 125 102 152 139
b143 234 730 258 755
b144 451 566 466 606
b145 21 506 34 551
b146 442 533 490 566
b147 774 464 804 506
b148 527 562 545 582
b149 404 595 451 617
b150 359 551 382 582
b151 475 205 493 247
b152 293 426 309 445
b153 855 412 896 442
b154 396 263 418 280
b155 570 384 595 398
b156 687 136 715 152
b157 633 545 653 570
b158 493 87 516 100
b159 451 616 495 648
b160 787 241 814 257
b161 208 773 254 820
b162 852 264 883 282
b163 819 387 852 409
b164 115 317 151 358
b165 421 533 442 550
b166 67 192 101 228
b167 197 104 233 141
b168 549 688 573 729
b169 269 382 293 421
b170 403 218 432 263
b171 516 648 538 688
b172 477 247 504 260
b173 679 513 704 545
b174 349 344 392 360
b175 392 326 407 342
b176 516 698 549 736
b177 516 736 557 773
b178 349 360 366 379
b179 614 102 660 136
b180 28 277 47 317
b181 827 147 857 175
b182 430 825 475 849
b183 669 356 702 395
b184 373 447 419 472
b185 487 664 514 698
b186 113 208 144 241
b187 736 226 772 264
b188 359 254 396 294
b189 74 444 118 456
b190 706 386 743 413
b191 349 310 365 344
b192 293 350 322 398
b193 646 315 679 332
b194 44 889 72 902
b195 118 444 151 457
b196 646 274 687 315
b197 197 277 234 305
b198 430 737 478 756
b199 458 408 489 444
b200 254 908 297 945
b201 208 716 234 745
b202 855 442 889 481
b203 403 148 418 176
b204 721 100 762 133
b205 932 175 953 190
b206 164 527 206 562
b207 894 336 927 364
b208 377 381 404 401
b209 115 241 160 277
b210 328 554 341 578
b211 208 629 224 641
b212 335 424 356 466
b213 687 170 719 184
b214 488 381 505 408
b215 0 151 29 172
b216 115 358 157 377
b217 407 296 427 344
b218 809 264 852 279
b219 458 444 486 462
b220 458 462 488 499
b221 282 128 295 173
b222 40 384 74 409
b223 534 0 556 19
b224 373 491 418 512
b225 28 237 75 275
b226 570 329 609 345
b227 953 89 966 121
b228 579 501 600 521
b229 125 33 149 81
b230 0 0 30 33
b231 149 72 165 102
b232 0 214 42 237
b233 514 549 530 562
b234 687 152 720 170
b235 123 917 145 963
b236 570 345 597 384
b237 185 64 206 104
b238 295 128 322 167
b239 613 356 653 378
b240 1002 175 1025 194
b241 224 358 237 382
b242 789 107 811 147
b243 669 395 706 429
b244 254 852 291 865
b245 827 196 863 220
b246 208 641 231 685
b247 149 33 185 72
b248 308 699 351 730
b249 609 329 644 356
b250 418 12 449 46
b251 16 71 59 105
b252 927 309 946 337
b253 234 173 249 186
b254 458 520 482 533
b255 430 698 477 737
b256 418 74 439 87
b257 399 629 416 662
b258 958 309 1002 343
b259 584 462 610 474
b260 104 865 123 877
b261 101 177 113 222
b262 852 336 879 384
b263 261 680 308 726
b264 224 383 269 406
b265 359 614 404 629
b266 774 416 819 464
b267 702 347 736 386
b268 396 12 418 37
b269 511 777 548 795
b270 289 445 312 460
b271 178 420 220 444
b272 451 218 475 253
b273 0 457 21 487
b274 458 499 491 520
b275 571 74 593 102
b276 293 852 324 866
b277 946 309 958 356
b278 269 128 282 170
b279 118 506 157 549
b280 36 192 67 214
b281 504 247 534 265
b282 164 596 208 626
b283 514 616 527 631
b284 584 205 614 226
b285 237 596 250 629
b286 360 33 396 74
b287 296 76 338 97
b288 0 237 28 273
b289 407 344 440 381
b290 532 474 548 501
b291 296 33 324 76
b292 123 963 147 1002
b293 36 173 79 192
b294 772 170 789 196
b295 404 381 447 394
b296 0 33 16 60
b297 185 33 223 64
b298 600 545 633 585
b299 75 429 88 442
