494860
428672
561048
776 723
17.796746
b0 49 666 92 699
b1 545 357 610 394
b2 718 66 771 100
b3 287 427 324 494
b4 351 114 380 133
b5 666 341 705 390
b6 523 516 563 534
b7 39 67 61 107
b8 351 457 401 519
b9 423 154 439 195
b10 270 180 288 232
b11 0 67 39 126
b12 371 373 432 401
b13 508 256 556 313
b14 332 627 395 670
b15 177 427 236 479
b16 459 459 495 516
b17 0 152 44 218
b18 284 596 332 647
b19 132 107 163 157
b20 287 291 324 310
b21 287 377 351 427
b22 0 527 49 561
b23 87 50 107 99
b24 666 313 711 341
b25 337 22 391 61
b26 132 50 187 90
b27 693 195 718 260
b28 268 0 307 46
b29 106 203 130 265
b30 0 126 24 152
b31 106 169 132 203
b32 554 564 597 617
b33 459 322 481 357
b34 432 310 459 364
b35 17 0 48 38
b36 287 310 326 377
b37 351 310 371 370
b38 236 539 259 596
b39 718 100 770 155
b40 472 535 498 564
b41 459 404 486 459
b42 44 169 106 222
b43 163 620 224 666
b44 711 260 776 307
b45 610 322 633 366
b46 322 0 361 22
b47 203 99 268 132
b48 106 596 163 623
b49 106 278 153 343
b50 270 232 337 264
b51 106 666 144 723
b52 268 46 322 91
b53 177 221 220 242
b54 380 114 398 175
b55 371 401 405 457
b56 472 564 489 627
b57 459 357 477 404
b58 556 22 602 56
b59 495 357 545 394
b60 337 91 377 114
b61 107 0 140 23
b62 633 195 693 214
b63 292 494 328 539
b64 220 188 270 235
b65 203 132 260 188
b66 405 516 472 577
b67 423 114 467 154
b68 371 310 423 373
b69 44 107 98 134
b70 556 142 598 184
b71 270 91 334 113
b72 459 195 520 256
b73 270 113 331 180
b74 395 627 433 669
b75 467 114 486 142
b76 132 188 154 221
b77 610 449 676 506
b78 563 408 599 440
b79 224 620 284 661
b80 633 313 649 371
b81 48 0 88 50
b82 130 221 177 278
b83 328 519 350 535
b84 220 324 287 346
b85 163 666 183 691
b86 610 371 666 408
b87 602 22 641 66
b88 177 596 214 620
b89 270 264 308 291
b90 220 291 259 324
b91 236 494 292 527
b92 61 67 87 83
b93 489 564 554 599
b94 666 390 707 449
b95 472 516 523 535
b96 163 99 203 165
b97 0 0 17 67
b98 98 107 120 169
b99 459 256 508 322
