723524.25
821563.5
625485
735 851
340.450646
b0 192 458 228 474
b1 580 221 599 260
b2 492 386 533 421
b3 661 335 679 382
b4 411 518 437 550
b5 81 232 116 263
b6 81 263 110 276
b7 277 700 305 721
b8 376 612 408 627
b9 689 95 735 129
b10 39 95 84 127
b11 150 386 164 422
b12 291 573 327 615
b13 123 197 171 242
b14 315 135 330 160
b15 81 302 126 348
b16 228 236 246 258
b17 274 503 307 529
b18 192 111 226 130
b19 396 163 426 175
b20 150 316 178 349
b21 206 417 250 456
b22 634 296 660 335
b23 386 333 426 358
b24 510 288 535 303
b25 170 422 206 458
b26 194 700 237 725
b27 39 534 73 549
b28 426 386 472 424
b29 558 496 570 533
b30 251 209 268 236
b31 155 143 192 159
b32 599 221 622 253
b33 84 79 102 115
b34 0 79 19 117
b35 298 626 313 659
b36 263 573 291 585
b37 88 422 104 443
b38 55 386 88 412
b39 462 449 492 491
b40 277 659 305 700
b41 282 615 298 631
b42 268 322 287 366
b43 445 664 485 698
b44 337 472 364 488
b45 42 746 56 783
b46 535 206 583 221
b47 292 197 315 211
b48 583 0 607 26
b49 341 211 381 242
b50 437 491 470 533
b51 634 335 661 383
b52 39 42 66 79
b53 39 422 56 440
b54 646 177 689 193
b55 383 242 396 288
b56 148 422 170 447
b57 39 601 58 649
b58 538 444 557 485
b59 470 533 516 579
b60 81 197 111 232
b61 192 130 225 164
b62 268 265 305 310
b63 305 742 320 777
b64 364 491 411 539
b65 178 316 208 349
b66 184 224 215 255
b67 148 458 192 495
b68 396 242 431 266
b69 20 422 39 460
b70 215 209 251 223
b71 341 265 383 299
b72 150 746 184 779
b73 319 484 337 522
b74 512 612 541 630
b75 81 170 104 197
b76 251 135 265 147
b77 220 353 244 369
b78 509 163 535 206
b79 263 585 282 622
b80 362 612 376 627
b81 123 127 155 147
b82 327 593 359 626
b83 269 160 288 197
b84 595 445 638 482
b85 220 316 268 353
b86 263 529 287 553
b87 274 484 319 503
b88 104 534 132 577
b89 285 0 297 35
b90 535 288 580 312
b91 465 288 509 316
b92 243 111 285 135
b93 646 156 689 177
b94 661 193 676 209
b95 305 265 341 290
b96 238 556 263 601
b97 346 539 371 567
b98 346 567 362 593
b99 568 351 605 371
b100 568 424 595 449
b101 208 369 248 417
b102 79 813 104 851
b103 250 417 282 449
b104 333 424 369 449
b105 39 127 81 158
b106 39 495 73 534
b107 341 333 386 349
b108 369 449 402 461
b109 238 534 250 556
b110 418 449 462 472
b111 225 130 243 143
b112 251 160 269 206
b113 689 67 732 95
b114 426 333 465 352
b115 437 612 474 642
b116 679 193 716 235
b117 287 416 311 453
b118 0 0 39 35
b119 622 221 646 257
b120 437 533 452 578
b121 383 288 415 333
b122 580 266 623 296
b123 171 197 184 232
b124 110 263 123 302
b125 155 115 173 143
b126 472 316 510 344
b127 250 453 274 475
b128 173 42 209 67
b129 150 700 194 746
b130 184 271 228 316
b131 532 424 568 444
b132 474 612 512 628
b133 318 67 332 79
b134 605 296 634 312
b135 178 349 193 386
b136 268 206 292 225
b137 472 352 494 370
b138 362 698 392 720
b139 215 178 248 209
b140 73 601 85 617
b141 570 496 595 530
b142 184 178 211 224
b143 173 67 219 111
b144 79 695 104 724
b145 104 779 149 813
b146 437 578 470 612
b147 282 453 294 484
b148 265 135 282 160
b149 33 348 55 370
b150 250 387 263 417
b151 411 491 427 518
b152 117 662 150 695
b153 492 424 532 436
b154 516 496 558 540
b155 208 316 220 329
b156 39 0 58 42
b157 0 649 42 661
b158 184 746 212 763
b159 509 120 533 156
b160 518 630 530 666
b161 327 522 346 553
b162 288 111 318 123
b163 492 449 538 496
b164 85 601 117 628
b165 341 358 382 391
b166 382 424 418 436
b167 192 164 239 178
b168 426 424 463 449
b169 192 484 238 512
b170 150 779 172 824
b171 426 352 461 386
b172 302 391 333 416
b173 445 642 487 664
b174 263 553 288 573
b175 268 310 302 322
b176 184 255 204 271
b177 238 503 259 534
b178 39 79 59 95
b179 341 79 386 120
b180 268 366 287 387
b181 305 700 320 742
b182 219 0 252 12
b183 42 662 79 678
b184 0 302 20 321
b185 307 522 320 566
b186 20 302 33 350
b187 595 421 617 445
b188 126 302 150 342
b189 487 630 518 650
b190 408 642 445 676
b191 0 662 42 699
b192 126 342 148 370
b193 81 127 123 170
b194 381 120 423 163
b195 228 258 253 294
b196 238 622 277 638
b197 510 316 557 351
b198 192 622 214 662
b199 268 225 302 265
