750612.5
858653
642572
742 866
340.940547
b0 146 146 182 162
b1 210 428 229 467
b2 270 0 311 35
b3 435 35 453 82
b4 621 430 647 462
b5 229 490 264 521
b6 402 217 431 230
b7 660 172 688 193
b8 584 462 616 477
b9 511 428 557 462
b10 33 565 78 597
b11 123 200 137 236
b12 317 175 353 217
b13 98 57 146 102
b14 232 798 247 823
b15 359 545 404 591
b16 613 558 631 580
b17 284 175 317 201
b18 708 74 742 93
b19 445 410 475 422
b20 577 139 605 172
b21 122 18 166 57
b22 78 564 104 603
b23 322 233 362 258
b24 382 505 407 520
b25 317 139 353 175
b26 188 263 231 288
b27 288 217 322 232
b28 589 261 635 299
b29 577 332 589 369
b30 400 410 417 437
b31 37 122 74 138
b32 393 378 416 410
b33 540 261 558 297
b34 449 539 468 577
b35 107 18 122 51
b36 374 217 402 229
b37 254 54 270 75
b38 37 96 70 122
b39 254 88 284 130
b40 0 33 28 74
b41 688 332 704 348
b42 697 424 716 468
b43 360 410 400 444
b44 353 139 380 155
b45 254 130 268 167
b46 649 521 697 536
b47 142 186 165 200
b48 284 102 308 128
b49 353 155 393 186
b50 212 175 245 217
b51 74 149 101 197
b52 444 102 471 139
b53 60 0 77 18
b54 145 263 188 279
b55 468 539 481 585
b56 286 677 308 702
b57 274 380 293 428
b58 511 387 530 428
b59 423 261 469 307
b60 254 217 284 252
b61 0 355 33 389
b62 0 78 37 123
b63 521 523 536 558
b64 284 54 331 102
b65 455 354 485 387
b66 289 442 320 473
b67 445 430 489 467
b68 548 462 583 486
b69 407 639 426 677
b70 274 428 310 442
b71 407 568 449 602
b72 603 299 637 332
b73 688 111 706 149
b74 511 261 540 279
b75 74 197 97 224
b76 274 252 288 264
b77 37 549 61 565
b78 577 387 603 430
b79 33 823 52 860
b80 247 798 261 813
b81 423 354 455 374
b82 0 0 32 33
b83 558 261 577 298
b84 164 682 207 719
b85 660 74 708 111
b86 621 462 645 486
b87 244 442 289 461
b88 145 355 173 398
b89 516 632 528 667
b90 229 677 274 701
b91 98 121 142 149
b92 209 30 251 54
b93 121 682 164 703
b94 71 467 86 483
b95 548 486 584 511
b96 207 737 232 782
b97 635 183 660 211
b98 374 261 390 287
b99 479 639 516 659
b100 96 246 123 271
b101 320 442 360 490
b102 191 318 216 356
b103 347 287 379 319
b104 443 639 479 664
b105 404 689 446 720
b106 540 35 574 74
b107 104 591 149 607
b108 471 82 504 94
b109 621 369 633 391
b110 188 288 232 311
b111 60 33 78 46
b112 206 217 224 263
b113 166 0 209 28
b114 320 545 359 564
b115 209 0 246 30
b116 449 597 486 639
b117 660 0 684 37
b118 649 486 688 521
b119 74 78 98 114
b120 229 442 244 487
b121 28 33 60 78
b122 78 607 121 637
b123 577 0 590 35
b124 231 237 244 276
b125 229 521 247 549
b126 78 782 116 810
b127 96 224 120 246
b128 274 318 310 343
b129 379 287 423 333
b130 631 558 675 603
b131 475 410 511 430
b132 563 585 601 601
b133 149 624 163 636
b134 78 33 107 49
b135 274 343 289 380
b136 274 276 298 295
b137 37 78 59 96
b138 423 307 453 329
b139 561 511 594 542
b140 563 601 575 617
b141 146 57 171 91
b142 521 462 548 508
b143 145 311 191 355
b144 416 539 441 568
b145 171 54 216 88
b146 298 264 331 298
b147 601 558 613 589
b148 171 121 188 146
b149 264 602 286 624
b150 37 138 50 168
b151 400 478 416 505
b152 621 391 654 424
b153 521 511 561 523
b154 393 139 435 183
b155 362 217 374 230
b156 286 720 305 762
b157 232 318 274 330
b158 486 539 514 556
b159 284 139 308 175
b160 212 701 224 737
b161 706 111 725 142
b162 449 585 479 597
b163 347 333 393 380
b164 489 462 521 489
b165 171 88 212 121
b166 407 677 443 689
b167 123 549 170 563
b168 310 298 347 323
b169 50 224 96 252
b170 393 333 415 378
b171 530 298 565 332
b172 423 329 454 354
b173 212 88 254 110
b174 224 217 249 237
b175 288 233 322 245
b176 481 511 501 527
b177 447 508 468 539
b178 501 523 521 539
b179 400 437 445 478
b180 191 356 210 377
b181 232 276 247 318
b182 616 486 649 498
b183 584 430 621 446
b184 557 387 577 406
b185 431 217 444 261
b186 654 211 667 259
b187 123 263 145 287
b188 182 146 206 186
b189 416 478 447 498
b190 393 183 430 217
b191 308 102 350 139
b192 511 82 533 110
b193 232 823 274 866
b194 170 639 212 682
b195 232 762 257 798
b196 322 217 361 233
b197 516 597 563 632
b198 360 505 382 545
b199 37 398 71 438
