684141
760723
607559
809 751
337.633776
b0 745 153 781 169
b1 599 204 618 243
b2 149 45 190 80
b3 77 206 95 253
b4 323 298 349 330
b5 373 580 408 611
b6 478 153 507 166
b7 299 118 327 139
b8 349 180 381 195
b9 149 86 195 120
b10 67 86 112 118
b11 77 447 91 483
b12 224 287 260 329
b13 618 153 666 198
b14 64 128 79 153
b15 95 368 140 414
b16 330 512 348 534
b17 315 608 348 634
b18 58 606 92 625
b19 381 153 411 165
b20 36 128 64 161
b21 482 235 526 274
b22 338 473 364 512
b23 224 376 264 401
b24 348 608 373 623
b25 140 408 176 444
b26 474 34 517 59
b27 444 153 478 168
b28 526 166 572 204
b29 364 517 376 554
b30 349 153 366 180
b31 0 0 37 16
b32 190 0 213 32
b33 226 715 244 751
b34 425 197 444 235
b35 459 30 474 63
b36 462 449 490 461
b37 307 269 323 290
b38 400 554 433 580
b39 37 86 67 128
b40 168 197 196 238
b41 374 253 390 269
b42 490 485 509 529
b43 79 128 119 162
b44 213 48 240 64
b45 135 539 149 576
b46 178 576 226 591
b47 363 399 386 413
b48 306 466 330 492
b49 418 492 458 523
b50 580 339 613 381
b51 455 235 482 283
b52 77 317 104 354
b53 374 330 391 348
b54 125 162 168 178
b55 216 221 229 267
b56 224 407 246 432
b57 348 639 367 687
b58 37 45 56 86
b59 235 95 281 141
b60 91 447 121 482
b61 474 0 507 34
b62 496 404 533 449
b63 315 573 330 608
b64 213 0 260 48
b65 95 414 125 447
b66 264 376 295 407
b67 391 367 435 404
b68 216 197 251 221
b69 58 221 77 259
b70 77 354 113 368
b71 637 382 679 416
b72 462 413 496 446
b73 77 368 95 406
b74 262 269 291 287
b75 338 446 361 473
b76 92 687 106 699
b77 135 523 159 539
b78 573 204 599 247
b79 58 354 77 391
b80 121 523 135 538
b81 306 446 338 466
b82 672 432 704 465
b83 0 45 19 82
b84 224 339 267 376
b85 168 238 216 275
b86 33 197 57 221
b87 315 554 360 573
b88 207 120 235 163
b89 0 647 12 682
b90 262 315 307 339
b91 391 298 435 326
b92 307 330 349 354
b93 608 132 651 153
b94 367 30 382 46
b95 666 34 702 59
b96 349 330 374 375
b97 229 221 254 249
b98 281 92 297 118
b99 187 388 224 408
b100 180 120 207 145
b101 327 30 367 78
b102 517 34 542 72
b103 304 214 336 246
b104 0 86 36 111
b105 223 64 265 95
b106 373 611 407 650
b107 685 263 730 279
b108 0 391 33 403
b109 364 473 376 495
b110 168 280 212 303
b111 496 449 514 462
b112 226 576 244 622
b113 262 287 305 315
b114 435 367 474 386
b115 119 120 156 150
b116 125 275 162 317
b117 391 330 415 367
b118 349 118 388 153
b119 547 432 571 468
b120 81 0 96 45
b121 444 108 476 153
b122 135 576 178 606
b123 33 162 46 197
b124 336 214 349 253
b125 281 118 299 146
b126 281 146 319 174
b127 0 221 24 243
b128 270 446 306 471
b129 418 446 462 492
b130 37 0 81 45
b131 572 132 608 152
b132 388 92 426 108
b133 178 622 192 634
b134 123 687 152 703
b135 533 283 548 320
b136 156 120 180 139
b137 444 197 466 215
b138 190 64 220 86
b139 229 249 262 280
b140 509 485 521 501
b141 207 163 232 197
b142 367 46 394 92
b143 79 162 125 206
b144 124 86 149 115
b145 270 534 315 568
b146 293 715 326 749
b147 112 86 124 117
b148 125 444 142 469
b149 295 354 317 376
b150 260 0 273 30
b151 58 483 74 510
b152 0 128 33 161
b153 360 554 400 566
b154 376 473 418 517
b155 390 197 402 210
b156 685 279 704 321
b157 178 634 220 646
b158 195 86 223 103
b159 246 446 270 482
b160 514 449 526 485
b161 251 523 270 554
b162 655 283 685 295
b163 317 399 363 446
b164 435 283 467 310
b165 262 236 303 269
b166 517 72 553 84
b167 140 368 187 382
b168 730 198 767 223
b169 281 64 327 92
b170 323 253 345 298
b171 637 432 672 466
b172 92 622 123 647
b173 262 214 304 236
b174 548 204 573 224
b175 391 210 425 222
b176 435 235 455 251
b177 526 449 547 480
b178 348 623 368 639
b179 224 482 269 523
b180 58 523 77 544
b181 730 153 745 195
b182 426 30 459 42
b183 637 416 674 432
b184 580 320 600 339
b185 411 153 424 197
b186 517 84 530 132
b187 349 375 371 399
b188 613 382 637 422
b189 655 243 686 263
b190 187 354 224 388
b191 767 169 809 206
b192 315 687 337 715
b193 251 608 293 651
b194 613 339 655 382
b195 226 523 251 559
b196 232 163 271 179
b197 533 330 580 365
b198 281 174 303 214
b199 24 221 58 261
