341332.5
483758
198907
449 443
45.447379
b0 85 398 121 414
b1 122 70 141 109
b2 159 0 194 41
b3 47 361 65 408
b4 394 335 426 361
b5 234 359 265 394
b6 243 95 272 108
b7 0 297 21 325
b8 73 208 88 240
b9 330 359 376 393
b10 74 134 106 179
b11 307 247 321 283
b12 398 276 440 312
b13 388 20 433 68
b14 234 344 259 359
b15 262 395 307 441
b16 385 172 407 190
b17 135 222 161 255
b18 373 153 407 172
b19 243 136 255 166
b20 219 169 247 202
b21 341 97 380 141
b22 319 44 345 83
b23 373 273 398 313
b24 297 143 322 158
b25 106 143 142 179
b26 22 361 47 404
b27 132 413 166 428
b28 327 141 373 179
b29 61 247 73 284
b30 296 220 313 247
b31 135 359 151 396
b32 102 22 134 45
b33 104 70 122 106
b34 65 386 84 424
b35 247 166 262 199
b36 302 343 330 355
b37 245 322 261 343
b38 135 255 161 288
b39 297 158 327 200
b40 261 322 302 350
b41 73 48 89 64
b42 250 282 294 301
b43 296 355 330 395
b44 229 317 245 344
b45 319 83 356 97
b46 51 0 66 48
b47 278 301 301 315
b48 119 335 145 359
b49 347 0 387 31
b50 165 126 198 168
b51 172 416 220 443
b52 73 64 100 101
b53 44 162 61 180
b54 145 330 188 346
b55 61 162 74 208
b56 320 321 345 343
b57 63 306 82 354
b58 91 284 110 325
b59 188 354 234 400
b60 321 250 351 285
b61 85 365 119 398
b62 251 199 296 236
b63 87 0 102 35
b64 401 229 449 276
b65 24 285 57 315
b66 243 64 274 95
b67 412 153 449 197
b68 141 93 176 117
b69 376 361 414 380
b70 160 316 196 330
b71 31 82 73 116
b72 262 166 296 199
b73 0 48 18 86
b74 33 0 51 29
b75 31 116 58 139
b76 373 172 385 186
b77 207 255 223 279
b78 270 117 313 143
b79 116 247 135 284
b80 233 301 247 316
b81 65 354 85 386
b82 0 0 33 32
b83 188 104 225 123
b84 73 247 116 284
b85 88 199 125 247
b86 161 222 185 246
b87 24 168 43 213
b88 141 65 184 93
b89 0 349 12 384
b90 0 173 24 218
b91 319 0 347 44
b92 138 41 180 65
b93 66 0 87 43
b94 119 320 135 335
b95 135 288 160 324
b96 221 0 246 45
b97 0 111 28 136
b98 119 359 135 385
b99 82 325 119 345
b100 223 234 250 259
b101 349 393 389 441
b102 100 45 138 70
b103 219 202 251 234
b104 301 285 326 321
b105 265 350 296 392
b106 160 183 194 222
b107 59 427 104 443
b108 196 317 229 329
b109 272 95 284 117
b110 142 139 165 183
b111 142 126 160 139
b112 219 46 265 64
b113 313 97 341 140
b114 0 258 19 297
b115 412 197 449 227
b116 24 213 61 255
b117 188 330 225 354
b118 377 190 412 229
b119 326 285 350 321
b120 225 108 270 123
b121 380 76 425 108
b122 220 400 250 443
b123 294 247 307 282
b124 24 315 63 328
b125 24 267 52 285
b126 205 279 233 317
b127 0 325 22 349
b128 110 284 135 320
b129 350 313 394 359
b130 380 108 424 153
b131 90 179 126 199
b132 203 66 219 104
b133 202 169 216 181
b134 28 139 44 168
b135 165 168 202 183
b136 183 255 207 274
b137 302 321 320 343
b138 61 284 91 306
b139 73 101 104 134
b140 223 259 235 275
b141 194 32 219 66
b142 246 0 273 46
b143 250 236 294 282
b144 152 388 181 413
b145 274 59 319 93
b146 185 222 219 255
b147 121 396 152 408
b148 424 108 441 133
b149 161 246 183 268
b150 58 116 71 146
b151 44 146 71 162
b152 210 136 243 169
b153 132 428 172 440
b154 161 274 205 316
b155 210 123 222 136
b156 382 229 401 271
b157 273 0 315 12
b158 44 180 61 208
b159 219 66 243 102
b160 24 255 60 267
b161 351 254 382 273
b162 61 208 73 238
b163 273 12 319 59
b164 194 0 221 32
b165 22 328 63 361
b166 198 126 210 162
b167 363 207 377 254
b168 134 0 159 37
b169 327 179 373 207
b170 394 313 439 335
b171 106 109 141 143
b172 0 86 31 111
b173 255 143 297 165
b174 296 200 321 220
b175 250 394 262 428
b176 74 179 90 199
b177 247 301 278 322
b178 330 343 350 359
b179 347 31 388 76
b180 184 66 203 87
b181 235 259 250 301
b182 176 93 188 126
b183 0 136 16 173
b184 387 0 406 20
b185 225 123 269 136
b186 84 414 132 427
b187 102 0 126 22
b188 0 218 24 258
b189 85 345 116 365
b190 126 183 160 220
b191 151 346 188 388
b192 284 95 312 117
b193 321 207 363 250
b194 307 395 349 438
b195 194 183 219 219
b196 181 400 220 416
b197 12 408 59 443
b198 351 273 373 313
b199 33 48 73 82
