238702.25
274004.5
203400
450 452
2.892226
b0 139 170 172 213
b1 162 0 227 37
b2 286 220 320 273
b3 308 47 375 84
b4 0 130 19 159
b5 66 137 105 186
b6 0 336 40 354
b7 350 339 372 379
b8 172 134 222 196
b9 219 256 235 297
b10 172 196 224 214
b11 263 0 322 39
b12 222 114 283 142
b13 143 250 200 298
b14 61 306 104 369
b15 241 296 300 348
b16 49 416 106 452
b17 61 186 105 252
b18 0 25 51 73
b19 291 170 322 220
b20 106 347 125 384
b21 254 348 304 412
b22 274 58 308 107
b23 336 108 356 157
b24 224 45 269 73
b25 409 348 448 402
b26 88 252 143 292
b27 0 0 65 25
b28 27 73 66 119
b29 162 45 224 69
b30 143 298 169 322
b31 19 213 53 239
b32 320 222 373 265
b33 372 299 407 321
b34 356 84 383 138
b35 383 108 421 139
b36 82 70 121 137
b37 219 236 279 256
b38 327 339 350 396
b39 307 287 362 339
b40 167 350 196 376
b41 382 244 409 299
b42 283 108 336 170
b43 121 73 167 134
b44 361 0 426 47
b45 304 339 327 383
b46 426 0 448 39
b47 409 224 442 289
b48 0 73 27 130
b49 341 157 388 222
b50 224 179 291 211
b51 336 396 393 434
b52 51 25 105 70
b53 220 297 241 340
b54 155 231 216 249
b55 214 414 270 448
b56 155 214 218 231
b57 388 206 435 224
b58 105 153 139 199
b59 105 213 155 250
b60 267 273 307 296
b61 139 137 162 170
b62 200 250 219 310
b63 227 0 263 45
b64 49 369 99 416
b65 158 389 214 446
b66 0 242 61 309
b67 214 370 254 414
b68 106 389 158 452
b69 61 252 88 306
b70 125 347 167 389
b71 106 325 170 347
b72 383 47 444 108
b73 388 139 449 206
b74 19 175 61 213
b75 269 39 297 58
b76 220 348 253 370
b77 105 0 162 66
b78 235 256 267 292
b79 214 73 274 114
b80 393 386 409 444
b81 170 310 220 350
b82 167 73 214 130
b83 105 137 127 153
b84 219 214 286 236
b85 373 224 398 244
b86 222 142 278 179
b87 322 0 361 44
b88 308 84 345 108
b89 0 309 38 336
b90 104 292 143 325
b91 27 119 60 175
b92 66 73 82 99
b93 372 321 407 386
b94 409 289 450 348
b95 322 170 341 221
b96 270 412 336 452
b97 0 175 17 242
b98 320 265 382 287
b99 0 354 49 420
