236724.75
274542.5
198907
449 443
3.588686
b0 412 254 445 297
b1 412 165 449 230
b2 222 266 256 319
b3 371 360 408 427
b4 109 236 138 255
b5 335 103 384 142
b6 408 382 426 422
b7 296 0 336 22
b8 384 81 446 131
b9 156 50 172 91
b10 277 142 329 160
b11 276 103 335 142
b12 128 50 156 111
b13 80 50 128 107
b14 256 276 319 319
b15 377 22 429 81
b16 40 349 76 406
b17 232 91 276 157
b18 98 0 149 48
b19 47 107 97 138
b20 356 305 375 342
b21 46 179 110 229
b22 227 319 261 368
b23 290 227 310 276
b24 110 173 155 201
b25 149 0 203 39
b26 150 394 205 434
b27 202 329 227 394
b28 332 382 371 428
b29 315 79 377 103
b30 412 230 438 254
b31 420 297 446 331
b32 313 326 356 379
b33 110 201 132 236
b34 385 165 412 219
b35 163 256 201 287
b36 165 165 232 204
b37 156 105 176 165
b38 0 240 23 297
b39 172 50 224 105
b40 80 229 109 255
b41 138 201 165 256
b42 103 111 156 173
b43 0 179 46 240
b44 203 0 268 47
b45 106 410 150 433
b46 67 410 106 432
b47 80 255 113 320
b48 201 239 258 266
b49 0 50 47 115
b50 113 293 180 325
b51 23 245 80 283
b52 232 157 277 211
b53 0 157 43 178
b54 426 382 444 443
b55 385 131 441 165
b56 403 297 420 360
b57 356 287 403 305
b58 40 16 86 50
b59 113 256 163 293
b60 338 192 378 215
b61 310 227 343 250
b62 139 329 199 348
b63 375 241 411 286
b64 338 142 385 192
b65 176 105 232 162
b66 277 160 338 227
b67 337 22 377 66
b68 261 319 313 382
b69 375 305 402 359
b70 180 287 222 329
b71 343 219 407 241
b72 271 382 332 443
b73 76 349 143 410
b74 0 115 38 157
b75 268 0 296 19
b76 0 297 22 330
b77 23 283 80 349
b78 258 239 290 275
b79 43 138 103 179
b80 40 0 98 16
b81 0 0 40 50
b82 290 22 337 79
b83 117 325 139 341
b84 336 0 403 22
b85 290 79 315 99
b86 319 250 375 287
b87 224 47 263 91
b88 80 325 117 349
b89 230 211 268 238
b90 319 287 352 326
b91 47 50 80 106
b92 46 229 72 245
b93 165 204 230 239
b94 143 348 202 389
b95 420 331 439 382
b96 0 349 40 415
b97 0 415 67 432
b98 268 22 290 84
b99 205 394 271 443
