235840
272768
198912
448 444
5.872357
b0 333 67 366 110
b1 69 407 134 444
b2 0 173 53 207
b3 115 27 182 64
b4 45 235 74 254
b5 392 129 441 168
b6 113 272 153 290
b7 99 68 139 90
b8 184 68 246 118
b9 122 148 163 164
b10 182 0 234 18
b11 271 118 330 157
b12 161 214 222 242
b13 136 91 184 148
b14 366 86 429 129
b15 302 333 354 392
b16 402 258 438 315
b17 0 67 66 111
b18 0 288 51 336
b19 206 333 237 383
b20 248 257 267 294
b21 311 392 375 442
b22 393 355 442 389
b23 180 298 229 318
b24 364 129 392 174
b25 354 324 393 378
b26 0 0 55 40
b27 327 226 352 291
b28 158 242 204 281
b29 0 111 24 173
b30 311 0 335 26
b31 330 113 364 139
b32 274 226 327 269
b33 353 174 388 196
b34 352 267 379 321
b35 222 214 253 252
b36 122 164 161 231
b37 51 270 71 330
b38 379 267 402 324
b39 113 322 168 374
b40 310 291 339 317
b41 0 207 55 234
b42 246 56 299 118
b43 24 111 85 157
b44 237 333 302 380
b45 204 257 248 280
b46 158 281 180 320
b47 71 374 136 407
b48 115 0 172 27
b49 274 157 321 222
b50 321 159 353 226
b51 168 320 206 377
b52 0 234 45 288
b53 253 214 274 257
b54 247 421 308 439
b55 241 0 275 56
b56 180 281 243 298
b57 136 424 183 442
b58 299 67 333 113
b59 74 235 111 285
b60 139 68 179 91
b61 135 231 158 264
b62 267 269 327 288
b63 275 0 311 45
b64 136 377 186 424
b65 215 157 271 214
b66 0 336 67 397
b67 402 315 446 355
b68 163 151 215 214
b69 0 40 54 67
b70 27 397 69 439
b71 247 399 311 421
b72 186 383 247 444
b73 55 174 122 235
b74 71 285 113 323
b75 247 380 275 399
b76 184 118 206 151
b77 335 0 392 66
b78 113 290 149 322
b79 375 389 435 430
b80 294 317 352 333
b81 71 323 111 373
b82 393 201 440 258
b83 294 288 310 310
b84 392 0 414 67
b85 330 139 355 159
b86 99 91 136 147
b87 215 118 259 157
b88 111 235 135 272
b89 0 397 27 435
b90 66 68 99 107
b91 392 168 448 201
b92 45 254 71 270
b93 229 298 294 333
b94 182 27 241 68
b95 392 67 443 86
b96 353 201 393 267
b97 55 157 122 174
b98 414 0 436 62
b99 66 0 115 66
