585073.25
855425.5
314721
561 561
83.485244
b0 455 218 482 233
b1 542 43 558 70
b2 488 443 514 465
b3 115 477 160 498
b4 155 421 195 466
b5 353 452 379 468
b6 0 127 38 154
b7 102 0 131 35
b8 61 297 97 318
b9 173 469 217 494
b10 169 343 200 358
b11 265 162 289 203
b12 436 318 455 335
b13 274 282 307 330
b14 84 416 128 437
b15 330 213 364 228
b16 514 235 559 277
b17 206 204 247 241
b18 32 506 75 550
b19 84 380 107 416
b20 274 443 291 456
b21 197 306 241 334
b22 0 390 35 419
b23 184 520 201 560
b24 406 99 430 117
b25 443 484 486 513
b26 166 522 184 549
b27 0 0 40 38
b28 369 117 381 141
b29 524 486 554 515
b30 91 86 111 114
b31 286 527 322 559
b32 383 372 402 394
b33 270 330 316 375
b34 250 490 262 519
b35 226 124 252 136
b36 374 298 401 328
b37 357 177 369 206
b38 306 59 327 78
b39 241 313 254 325
b40 316 330 335 377
b41 258 36 294 55
b42 306 140 352 165
b43 217 469 256 490
b44 306 95 333 119
b45 381 117 405 142
b46 397 451 410 470
b47 474 0 514 42
b48 262 0 296 28
b49 499 133 547 157
b50 184 245 203 259
b51 451 70 465 86
b52 496 86 514 123
b53 0 154 12 190
b54 488 413 522 443
b55 0 364 31 390
b56 52 156 83 202
b57 121 299 169 346
b58 302 167 327 192
b59 417 233 455 280
b60 468 515 484 554
b61 53 381 84 426
b62 488 465 524 511
b63 521 322 557 368
b64 252 267 285 282
b65 235 139 248 162
b66 131 0 176 42
b67 184 494 217 508
b68 527 157 555 202
b69 347 263 374 299
b70 353 406 398 422
b71 0 521 32 555
b72 332 0 364 15
b73 121 287 167 299
b74 524 443 558 486
b75 490 281 510 318
b76 296 0 332 39
b77 431 298 471 316
b78 258 422 274 464
b79 433 43 473 68
b80 342 177 357 213
b81 127 108 142 140
b82 75 518 99 557
b83 0 86 37 127
b84 398 394 436 428
b85 84 114 127 148
b86 45 112 84 156
b87 67 437 115 482
b88 173 82 217 111
b89 248 136 290 156
b90 490 235 514 281
b91 374 277 417 298
b92 184 259 229 306
b93 97 282 121 302
b94 533 515 552 546
b95 39 245 83 282
b96 505 202 551 235
b97 296 226 311 266
b98 332 15 367 28
b99 374 260 414 277
b100 252 204 296 249
b101 99 518 135 548
b102 367 0 407 36
b103 296 192 330 226
b104 32 492 74 506
b105 455 183 488 218
b106 330 177 342 210
b107 164 151 179 183
b108 0 419 37 457
b109 460 355 502 401
b110 0 322 39 364
b111 147 207 168 220
b112 61 318 86 348
b113 26 468 62 492
b114 335 344 379 378
b115 382 169 416 191
b116 542 70 561 98
b117 244 162 265 201
b118 405 117 449 155
b119 521 277 549 322
b120 226 0 262 36
b121 40 0 78 34
b122 307 39 350 59
b123 333 117 369 140
b124 142 82 173 117
b125 45 70 91 112
b126 39 369 61 381
b127 508 515 533 558
b128 339 378 383 406
b129 169 183 203 205
b130 0 491 26 521
b131 121 242 169 287
b132 417 280 456 298
b133 39 202 54 245
b134 61 36 108 70
b135 39 282 84 297
b136 183 111 220 123
b137 449 446 477 467
b138 200 334 242 362
b139 0 286 37 322
b140 460 401 503 413
b141 135 498 154 543
b142 494 318 521 355
b143 322 266 346 291
b144 169 245 184 285
b145 503 368 516 413
b146 195 421 228 469
b147 37 426 67 468
b148 538 368 556 388
b149 39 297 61 344
b150 229 241 252 272
b151 252 249 294 267
b152 147 220 163 239
b153 353 422 394 452
b154 192 158 209 180
b155 406 85 431 99
b156 489 190 505 218
b157 478 125 498 150
b158 156 358 169 381
b159 110 42 142 86
b160 374 328 401 344
b161 262 468 309 514
b162 135 543 166 561
b163 125 209 147 242
b164 413 430 449 471
b165 40 34 61 51
b166 130 171 164 207
b167 84 242 121 278
b168 237 376 261 417
b169 12 156 36 195
b170 0 57 45 86
b171 128 404 150 444
b172 514 86 541 99
b173 381 36 406 68
b174 37 381 53 424
b175 307 282 322 298
b176 306 378 339 416
b177 369 75 406 116
b178 379 452 396 471
b179 514 99 560 133
b180 471 273 490 313
b181 196 21 226 49
b182 484 513 508 558
b183 115 444 154 477
b184 370 514 395 560
b185 406 36 433 70
b186 241 282 274 313
b187 75 482 113 518
b188 169 205 206 245
b189 522 393 534 437
b190 397 488 434 515
b191 0 457 16 491
b192 449 125 478 173
b193 234 417 251 450
b194 179 151 192 179
b195 436 355 449 388
b196 501 43 542 84
b197 169 306 197 343
b198 169 362 217 381
b199 203 383 234 419
b200 395 515 432 558
b201 99 209 125 238
b202 117 346 156 380
b203 84 202 99 230
b204 433 0 474 33
b205 451 86 472 101
b206 209 162 244 204
b207 499 157 527 190
b208 286 77 306 104
b209 335 299 371 344
b210 166 498 179 522
b211 369 192 385 204
b212 290 119 332 140
b213 226 36 258 50
b214 127 153 154 170
b215 142 117 171 138
b216 263 55 305 74
b217 238 532 286 552
b218 183 124 226 139
b219 242 358 270 376
b220 401 298 431 335
b221 443 471 488 484
b222 322 228 347 262
b223 261 376 283 395
b224 176 0 221 21
b225 156 383 203 421
b226 449 430 488 446
b227 127 140 159 153
b228 217 362 237 383
b229 107 380 155 404
b230 217 490 250 520
b231 228 450 258 466
b232 327 471 350 513
b233 289 167 302 183
b234 309 468 327 501
b235 217 55 263 77
b236 354 36 381 75
b237 173 61 213 82
b238 428 192 455 231
b239 54 202 76 242
b240 173 42 196 61
b241 159 138 183 151
b242 350 483 390 505
b243 201 520 238 554
b244 217 77 254 90
b245 78 0 102 36
b246 538 388 561 432
b247 333 78 369 117
b248 86 318 117 361
b249 352 142 379 177
b250 142 42 173 76
b251 385 192 428 226
b252 0 38 28 57
b253 250 519 265 532
b254 307 298 320 322
b255 0 195 39 242
b256 160 477 173 498
b257 410 471 443 488
b258 371 226 415 260
b259 184 508 210 520
b260 91 70 110 82
b261 84 153 96 198
b262 259 77 286 125
b263 306 416 353 462
b264 283 377 306 422
b265 406 70 451 85
b266 322 514 370 559
b267 220 90 259 124
b268 516 368 538 393
b269 455 318 473 355
b270 398 428 413 451
b271 436 388 460 430
b272 347 228 371 263
b273 473 318 494 348
b274 478 150 499 183
b275 242 330 264 358
b276 381 155 412 169
b277 350 471 397 483
b278 39 156 52 198
b279 514 0 553 43
b280 111 86 142 108
b281 96 153 126 171
b282 0 242 30 286
b283 369 177 382 192
b284 274 422 304 443
b285 419 335 432 368
b286 432 515 468 556
b287 39 348 81 369
b288 383 344 419 372
b289 416 155 449 192
b290 327 59 354 75
b291 473 43 501 86
b292 472 86 496 125
b293 192 139 235 158
b294 306 78 332 95
b295 265 514 308 527
b296 290 140 306 167
b297 99 171 130 209
b298 456 233 489 273
b299 294 39 307 52
