381758.25
561016.5
202500
450 450
41.340199
b0 22 252 38 288
b1 35 384 74 403
b2 406 168 447 203
b3 361 275 379 322
b4 268 132 294 164
b5 375 154 406 189
b6 311 334 340 347
b7 73 144 94 172
b8 208 125 223 157
b9 112 382 158 416
b10 316 268 361 300
b11 158 36 194 50
b12 152 280 194 316
b13 249 164 294 212
b14 106 113 131 128
b15 28 403 73 449
b16 232 0 250 22
b17 332 125 365 151
b18 229 322 248 356
b19 96 310 108 340
b20 177 50 205 83
b21 132 91 171 135
b22 367 415 406 441
b23 405 97 445 122
b24 45 0 70 15
b25 196 0 232 36
b26 71 40 96 83
b27 38 252 53 286
b28 337 196 375 242
b29 406 402 443 414
b30 253 419 280 436
b31 86 366 123 382
b32 45 15 68 47
b33 53 47 71 83
b34 86 347 124 366
b35 144 18 177 33
b36 154 200 166 228
b37 416 237 432 258
b38 86 382 112 415
b39 379 272 409 314
b40 37 110 65 151
b41 14 214 30 230
b42 34 47 53 91
b43 70 0 104 40
b44 124 282 151 298
b45 0 194 14 231
b46 124 347 172 362
b47 15 171 29 194
b48 72 310 96 336
b49 47 176 78 216
b50 73 102 106 144
b51 416 49 443 97
b52 280 413 307 450
b53 260 212 278 229
b54 197 189 213 232
b55 73 403 86 449
b56 299 382 321 407
b57 271 231 290 279
b58 219 212 260 231
b59 298 0 344 46
b60 55 216 90 246
b61 406 415 439 449
b62 365 97 402 142
b63 263 37 298 52
b64 137 232 184 280
b65 240 102 273 132
b66 158 380 189 411
b67 366 364 410 401
b68 276 311 311 335
b69 120 72 158 91
b70 124 362 160 376
b71 189 375 223 417
b72 0 70 33 104
b73 29 176 47 214
b74 167 0 196 18
b75 416 297 443 320
b76 72 347 86 359
b77 247 297 271 313
b78 171 99 214 125
b79 158 50 177 87
b80 265 377 279 392
b81 0 288 32 308
b82 196 322 229 354
b83 34 91 71 110
b84 0 308 37 351
b85 250 0 298 37
b86 340 370 364 394
b87 0 104 19 149
b88 323 394 366 422
b89 171 125 206 137
b90 273 86 297 131
b91 323 422 367 450
b92 96 40 120 82
b93 242 37 263 80
b94 128 18 144 33
b95 37 359 73 384
b96 223 132 268 157
b97 0 398 28 423
b98 223 157 249 173
b99 148 417 185 437
b100 342 65 369 90
b101 410 354 450 402
b102 194 273 219 311
b103 416 203 448 235
b104 30 216 55 252
b105 166 189 197 231
b106 416 258 450 297
b107 0 19 45 35
b108 294 164 327 176
b109 120 91 132 113
b110 152 316 196 339
b111 160 362 173 380
b112 50 286 68 332
b113 94 211 137 239
b114 73 83 112 102
b115 337 154 374 184
b116 205 36 242 78
b117 379 248 416 272
b118 213 173 248 212
b119 53 252 89 276
b120 256 231 271 276
b121 271 279 316 311
b122 103 239 133 282
b123 153 165 166 200
b124 278 347 317 360
b125 139 137 157 165
b126 294 131 332 159
b127 263 52 285 76
b128 340 334 365 370
b129 406 122 450 168
b130 94 166 138 211
b131 120 36 140 72
b132 124 298 140 336
b133 366 401 378 415
b134 321 347 337 376
b135 0 149 15 186
b136 203 356 227 375
b137 247 279 269 297
b138 242 80 272 102
b139 297 90 330 121
b140 429 33 441 49
b141 38 332 72 357
b142 166 162 212 189
b143 344 0 388 46
b144 119 416 148 441
b145 297 52 342 86
b146 330 92 364 125
b147 285 52 297 83
b148 375 189 400 206
b149 15 149 37 171
b150 265 347 278 377
b151 361 248 377 275
b152 86 416 119 449
b153 365 142 405 154
b154 223 375 265 419
b155 78 176 90 189
b156 294 218 336 237
b157 171 87 213 99
b158 223 104 240 132
b159 104 0 128 36
b160 38 286 50 322
b161 0 0 31 19
b162 173 354 203 366
b163 369 46 416 92
b164 89 283 121 310
b165 184 232 217 273
b166 140 298 152 334
b167 139 165 153 212
b168 171 137 208 162
b169 219 276 247 322
b170 94 144 139 166
b171 0 35 34 70
b172 290 237 315 268
b173 279 360 321 382
b174 185 419 205 444
b175 337 184 371 196
b176 307 413 323 433
b177 390 206 411 237
b178 138 212 154 232
b179 388 0 429 45
b180 68 286 89 305
b181 375 206 390 248
b182 429 0 441 33
b183 108 310 124 347
b184 342 46 362 65
b185 90 239 103 283
b186 205 419 253 432
b187 214 80 236 104
b188 315 242 355 266
b189 279 382 299 413
b190 316 300 353 334
b191 219 232 256 274
b192 248 322 276 344
b193 294 176 337 218
b194 366 322 409 364
b195 37 151 73 176
b196 128 0 167 16
b197 0 351 35 398
b198 0 231 22 271
b199 410 320 450 354
