234509.75
270561.5
198458
442 449
3.077556
b0 275 246 308 289
b1 225 0 290 37
b2 190 185 243 219
b3 267 142 334 179
b4 67 193 86 222
b5 91 81 130 130
b6 0 0 18 40
b7 261 308 301 330
b8 290 0 352 50
b9 45 307 61 348
b10 351 67 369 119
b11 98 226 137 285
b12 0 66 28 127
b13 383 283 440 331
b14 88 130 131 193
b15 63 290 115 349
b16 0 271 57 307
b17 151 382 195 448
b18 45 349 93 400
b19 368 130 399 180
b20 420 226 439 263
b21 195 399 259 449
b22 143 295 177 344
b23 383 331 403 380
b24 115 285 143 330
b25 311 387 350 441
b26 67 0 122 40
b27 178 83 203 148
b28 380 180 419 226
b29 28 66 52 128
b30 115 330 141 354
b31 158 148 184 182
b32 54 403 107 446
b33 158 182 180 217
b34 190 219 244 246
b35 67 226 98 264
b36 244 179 283 246
b37 369 67 389 127
b38 290 330 313 387
b39 259 393 311 448
b40 67 264 96 290
b41 131 148 158 203
b42 271 50 333 103
b43 122 0 183 46
b44 131 83 178 148
b45 0 368 23 412
b46 52 66 91 88
b47 206 50 271 83
b48 0 307 27 364
b49 41 128 88 193
b50 351 294 383 361
b51 313 294 351 351
b52 350 384 395 438
b53 147 217 190 238
b54 27 307 45 368
b55 334 130 368 186
b56 0 254 63 271
b57 333 67 351 114
b58 308 238 354 272
b59 156 46 206 83
b60 151 359 191 382
b61 345 361 378 384
b62 184 166 244 185
b63 245 357 290 393
b64 395 393 442 443
b65 177 303 234 359
b66 0 193 67 254
b67 399 130 439 174
b68 389 67 441 130
b69 234 303 261 357
b70 183 0 225 42
b71 203 144 267 166
b72 203 83 264 144
b73 352 0 413 67
b74 107 403 149 441
b75 275 289 303 308
b76 264 103 286 136
b77 190 246 256 303
b78 313 351 345 387
b79 0 128 41 188
b80 93 354 151 370
b81 195 359 245 399
b82 143 238 190 295
b83 131 203 147 225
b84 308 272 375 294
b85 419 174 439 199
b86 324 186 380 223
b87 286 103 330 142
b88 52 88 76 125
b89 27 400 54 438
b90 88 193 127 226
b91 93 370 149 403
b92 27 368 43 394
b93 91 46 156 81
b94 283 179 324 238
b95 256 246 275 297
b96 354 226 420 266
b97 375 266 442 283
b98 403 331 425 393
b99 18 0 67 66
