576535.75
838350.5
314721
561 561
85.080194
b0 110 514 125 541
b1 333 346 349 373
b2 79 353 101 379
b3 253 0 274 45
b4 519 476 559 521
b5 275 109 301 125
b6 79 326 117 353
b7 330 525 365 554
b8 37 409 58 445
b9 85 514 110 558
b10 82 160 97 191
b11 308 159 332 200
b12 333 376 350 395
b13 247 200 280 248
b14 348 200 392 221
b15 186 392 220 407
b16 162 62 207 104
b17 87 0 128 37
b18 363 376 406 420
b19 227 274 263 297
b20 488 290 501 307
b21 221 512 249 556
b22 254 125 283 160
b23 192 436 209 476
b24 528 412 552 430
b25 259 343 302 372
b26 398 441 425 459
b27 214 139 254 177
b28 117 322 129 346
b29 162 293 192 322
b30 245 69 273 89
b31 209 444 245 476
b32 255 321 274 343
b33 208 0 253 46
b34 302 346 314 375
b35 533 151 559 163
b36 186 364 216 391
b37 192 548 221 560
b38 481 175 502 194
b39 82 471 95 483
b40 388 122 435 141
b41 393 206 429 225
b42 349 351 395 376
b43 0 175 21 214
b44 158 411 185 435
b45 531 126 555 151
b46 264 460 283 473
b47 477 461 519 501
b48 173 217 207 245
b49 493 235 541 259
b50 339 150 358 164
b51 247 248 263 262
b52 395 542 432 560
b53 48 341 60 377
b54 481 145 515 175
b55 400 180 431 206
b56 161 436 192 482
b57 514 304 561 352
b58 373 326 398 351
b59 280 200 318 247
b60 22 214 38 253
b61 38 290 69 335
b62 162 0 208 36
b63 116 49 162 85
b64 528 397 561 412
b65 125 432 138 455
b66 117 250 162 292
b67 126 127 140 160
b68 343 122 388 150
b69 461 286 488 322
b70 545 352 561 397
b71 519 521 551 555
b72 234 412 249 444
b73 343 71 389 83
b74 471 322 514 356
b75 156 107 193 127
b76 244 372 280 411
b77 429 461 447 501
b78 0 96 16 138
b79 283 159 308 199
b80 357 255 393 270
b81 338 185 370 200
b82 343 47 382 71
b83 173 180 214 217
b84 0 294 38 328
b85 128 0 162 43
b86 69 287 113 326
b87 381 497 429 542
b88 81 483 125 512
b89 82 107 124 127
b90 528 430 552 476
b91 478 12 521 33
b92 280 408 325 455
b93 134 412 158 432
b94 389 84 408 115
b95 446 397 483 441
b96 0 522 46 555
b97 76 43 116 58
b98 541 238 554 273
b99 68 514 85 554
b100 372 0 416 45
b101 327 255 357 291
b102 76 70 116 106
b103 435 122 469 156
b104 517 56 531 98
b105 274 70 307 105
b106 394 468 427 480
b107 521 0 536 32
b108 416 0 453 38
b109 41 0 87 42
b110 343 83 385 122
b111 254 109 275 122
b112 120 352 150 377
b113 192 512 216 548
b114 325 416 359 460
b115 283 125 305 159
b116 541 273 560 301
b117 131 211 152 250
b118 408 84 452 122
b119 483 397 528 425
b120 249 525 285 561
b121 406 374 444 408
b122 425 441 468 461
b123 207 49 243 72
b124 249 411 280 446
b125 376 270 422 312
b126 76 58 98 70
b127 54 174 79 217
b128 82 127 126 155
b129 46 514 68 548
b130 444 367 470 397
b131 125 509 170 557
b132 306 255 324 294
b133 478 33 521 48
b134 495 98 529 145
b135 249 510 294 525
b136 452 84 464 121
b137 432 538 460 559
b138 0 68 42 96
b139 263 285 300 321
b140 478 0 521 12
b141 158 340 203 359
b142 302 497 339 524
b143 453 0 478 24
b144 22 409 37 449
b145 321 0 334 45
b146 42 42 75 90
b147 483 425 525 455
b148 515 151 533 171
b149 48 127 70 174
b150 274 47 305 70
b151 159 322 201 340
b152 245 446 264 462
b153 447 461 477 502
b154 79 407 101 424
b155 373 312 398 326
b156 246 89 274 105
b157 160 482 180 507
b158 46 449 59 472
b159 289 0 321 44
b160 38 174 54 201
b161 435 156 481 203
b162 38 272 69 290
b163 448 48 481 70
b164 471 356 512 392
b165 203 343 220 364
b166 470 521 504 557
b167 411 48 448 84
b168 0 498 41 522
b169 220 343 259 367
b170 328 468 373 497
b171 38 250 78 272
b172 398 319 425 332
b173 16 96 48 121
b174 192 274 208 317
b175 22 449 38 464
b176 207 72 245 105
b177 0 253 37 294
b178 208 274 227 291
b179 0 464 46 498
b180 101 353 120 393
b181 129 322 157 352
b182 220 367 244 412
b183 393 225 432 258
b184 531 80 556 126
b185 214 227 241 261
b186 432 254 465 285
b187 432 502 470 538
b188 262 473 302 510
b189 483 98 495 142
b190 0 41 37 68
b191 212 123 246 139
b192 432 206 461 254
b193 38 217 55 250
b194 79 379 92 407
b195 504 521 517 554
b196 0 0 41 41
b197 48 90 76 127
b198 464 70 483 118
b199 217 476 248 512
b200 263 248 306 285
b201 162 267 191 293
b202 422 285 461 319
b203 184 134 212 149
b204 292 375 333 408
b205 78 250 99 265
b206 46 472 81 514
b207 214 177 247 205
b208 536 0 556 27
b209 285 525 330 561
b210 207 261 231 274
b211 440 353 456 365
b212 79 199 100 241
b213 538 163 552 195
b214 58 392 75 419
b215 382 47 411 68
b216 60 350 79 392
b217 0 341 48 361
b218 274 0 289 43
b219 307 47 335 65
b220 180 482 217 512
b221 283 460 328 473
b222 305 122 339 147
b223 116 85 135 107
b224 395 353 440 374
b225 334 0 372 47
b226 254 160 270 199
b227 305 109 337 122
b228 318 200 338 221
b229 186 412 234 436
b230 370 164 400 197
b231 170 164 200 180
b232 117 292 159 315
b233 381 468 394 484
b234 207 105 240 123
b235 0 409 22 455
b236 359 441 398 468
b237 398 332 438 353
b238 300 294 327 333
b239 465 246 487 286
b240 357 270 376 293
b241 253 45 266 69
b242 170 512 192 552
b243 0 138 34 175
b244 0 328 37 341
b245 502 175 538 199
b246 59 424 82 468
b247 307 70 343 109
b248 100 199 131 242
b249 125 482 160 509
b250 514 352 545 386
b251 348 221 391 255
b252 158 392 186 411
b253 162 49 177 62
b254 521 32 534 56
b255 131 164 170 211
b256 339 164 352 185
b257 21 175 38 208
b258 483 48 517 92
b259 45 377 57 403
b260 280 372 292 391
b261 526 259 538 304
b262 534 32 561 80
b263 208 297 255 343
b264 138 435 161 480
b265 456 322 471 367
b266 0 361 45 409
b267 400 141 434 180
b268 214 205 239 227
b269 99 250 117 287
b270 302 473 317 496
b271 339 497 381 521
b272 134 377 158 412
b273 318 221 348 242
b274 152 211 173 244
b275 162 245 190 267
b276 248 473 262 504
b277 70 127 82 174
b278 162 36 204 49
b279 82 432 125 471
b280 0 214 22 245
b281 365 542 395 560
b282 140 134 184 164
b283 60 335 73 350
b284 333 395 363 416
b285 158 359 171 392
b286 493 199 534 235
b287 363 420 405 441
b288 327 294 355 330
b289 101 393 134 430
b290 357 293 373 320
b291 465 203 493 246
b292 97 160 121 199
b293 541 195 560 238
b294 477 501 503 518
b295 302 333 345 346
b296 140 107 156 134
b297 488 259 526 290
b298 406 408 446 441
b299 191 245 204 258
