504770.75
697619.5
311922
559 558
63.454094
b0 368 267 383 294
b1 288 261 304 288
b2 341 198 367 220
b3 419 82 440 127
b4 210 308 255 348
b5 109 214 135 230
b6 203 20 241 47
b7 489 145 524 174
b8 521 193 557 214
b9 21 396 65 421
b10 280 368 295 399
b11 76 0 100 41
b12 520 342 537 361
b13 166 393 214 426
b14 206 169 250 190
b15 170 145 204 160
b16 35 69 80 111
b17 216 119 257 156
b18 446 127 489 171
b19 241 13 264 49
b20 255 308 268 325
b21 252 392 280 436
b22 306 202 341 231
b23 211 233 251 250
b24 227 391 251 409
b25 33 0 76 29
b26 463 193 481 220
b27 109 230 147 270
b28 251 169 275 181
b29 511 44 540 74
b30 203 0 231 20
b31 525 81 557 117
b32 369 530 391 549
b33 257 123 302 169
b34 424 208 453 220
b35 270 304 296 316
b36 398 39 425 69
b37 369 481 381 510
b38 180 77 201 96
b39 214 393 227 405
b40 147 240 166 287
b41 335 179 371 198
b42 481 174 506 220
b43 0 175 39 196
b44 80 41 104 68
b45 264 240 288 265
b46 251 214 264 233
b47 304 261 344 303
b48 475 305 503 339
b49 211 250 259 274
b50 348 336 367 350
b51 254 436 270 450
b52 166 297 203 315
b53 470 339 482 375
b54 267 68 297 102
b55 302 136 333 162
b56 350 435 381 481
b57 415 426 462 474
b58 521 214 546 239
b59 100 0 147 38
b60 335 163 374 179
b61 374 175 405 220
b62 393 522 439 558
b63 0 261 36 307
b64 330 519 363 534
b65 372 333 395 346
b66 222 49 267 91
b67 170 49 203 63
b68 275 169 303 214
b69 139 384 166 420
b70 139 513 184 529
b71 90 74 122 108
b72 316 336 348 351
b73 65 396 77 442
b74 255 325 289 368
b75 506 305 543 325
b76 372 385 411 421
b77 475 516 515 534
b78 21 352 37 394
b79 148 344 173 384
b80 454 379 469 415
b81 456 276 471 308
b82 371 294 395 333
b83 162 0 203 37
b84 182 105 216 143
b85 90 138 133 172
b86 166 253 205 297
b87 139 465 184 513
b88 166 315 210 344
b89 0 421 20 463
b90 85 239 109 285
b91 0 352 21 395
b92 475 469 520 516
b93 282 103 306 123
b94 205 274 224 305
b95 295 351 332 395
b96 104 41 150 74
b97 184 495 224 510
b98 173 378 208 391
b99 503 325 543 342
b100 286 440 330 485
b101 439 522 475 552
b102 59 466 95 506
b103 136 172 170 206
b104 430 220 444 262
b105 318 66 351 101
b106 0 111 33 123
b107 222 91 254 106
b108 482 342 520 379
b109 95 444 137 490
b110 227 513 266 555
b111 114 316 135 329
b112 184 468 214 493
b113 344 267 368 303
b114 479 0 513 44
b115 537 342 559 376
b116 203 49 222 77
b117 462 415 483 454
b118 379 69 417 113
b119 166 225 211 253
b120 483 397 519 433
b121 37 362 75 396
b122 139 445 182 465
b123 423 353 459 376
b124 520 462 555 493
b125 435 32 477 78
b126 346 113 368 125
b127 0 123 43 148
b128 33 41 77 69
b129 39 244 61 278
b130 135 529 165 555
b131 477 81 525 126
b132 150 66 168 105
b133 543 263 558 306
b134 347 220 381 267
b135 506 174 521 219
b136 442 389 454 426
b137 201 77 222 105
b138 108 172 136 214
b139 483 433 520 469
b140 377 131 389 174
b141 80 338 99 383
b142 312 0 339 37
b143 255 368 280 392
b144 254 450 269 490
b145 222 106 267 119
b146 524 145 557 193
b147 184 426 214 468
b148 248 495 268 513
b149 428 308 475 330
b150 520 439 551 462
b151 377 113 419 131
b152 90 172 106 191
b153 280 399 310 440
b154 525 117 542 139
b155 357 303 371 328
b156 270 288 298 304
b157 352 405 372 430
b158 135 342 148 365
b159 435 0 479 32
b160 333 136 349 163
b161 36 289 83 335
b162 287 533 318 551
b163 251 181 273 214
b164 485 220 521 261
b165 227 495 248 512
b166 170 160 206 194
b167 381 220 417 257
b168 297 37 338 61
b169 372 346 396 385
b170 0 307 29 352
b171 160 105 182 145
b172 334 231 347 258
b173 303 177 335 202
b174 235 190 251 233
b175 456 261 472 276
b176 395 308 428 346
b177 269 486 306 527
b178 269 467 286 486
b179 224 274 270 308
b180 456 474 475 514
b181 520 493 550 521
b182 61 244 85 289
b183 214 462 253 495
b184 43 149 89 174
b185 0 148 34 175
b186 0 196 33 227
b187 393 483 429 521
b188 95 490 135 527
b189 389 131 401 175
b190 396 346 423 383
b191 543 306 559 340
b192 79 191 108 239
b193 99 379 132 396
b194 423 376 451 389
b195 170 194 203 207
b196 444 220 485 261
b197 267 15 295 52
b198 387 0 435 19
b199 135 306 166 342
b200 440 82 477 125
b201 383 257 409 286
b202 330 485 369 519
b203 20 464 48 479
b204 316 303 357 336
b205 267 0 288 15
b206 506 263 541 305
b207 122 74 150 107
b208 289 329 316 349
b209 43 174 79 219
b210 264 227 288 240
b211 270 265 286 277
b212 318 534 360 555
b213 303 163 335 177
b214 295 0 312 27
b215 266 527 287 556
b216 139 426 181 445
b217 330 437 350 485
b218 184 510 227 525
b219 165 207 193 225
b220 93 527 130 557
b221 206 156 251 169
b222 43 219 77 244
b223 381 421 403 440
b224 48 506 93 527
b225 43 111 90 149
b226 520 423 559 439
b227 231 0 263 13
b228 150 45 170 66
b229 306 485 330 533
b230 301 231 334 261
b231 267 52 297 68
b232 428 330 470 353
b233 395 286 408 302
b234 147 207 165 240
b235 113 270 135 316
b236 338 39 377 66
b237 332 351 372 372
b238 360 0 387 39
b239 214 440 254 462
b240 489 126 512 145
b241 173 365 197 378
b242 401 131 423 171
b243 477 44 511 81
b244 417 220 430 257
b245 521 239 557 263
b246 165 529 209 552
b247 424 172 463 208
b248 223 348 254 391
b249 0 69 35 96
b250 411 389 442 423
b251 381 440 415 483
b252 135 287 163 306
b253 417 69 432 82
b254 90 108 103 132
b255 520 376 559 423
b256 288 227 301 248
b257 0 0 33 17
b258 472 261 506 305
b259 168 66 180 92
b260 463 174 475 193
b261 150 0 162 45
b262 429 474 456 522
b263 409 262 456 308
b264 423 127 446 172
b265 208 348 223 393
b266 94 396 139 444
b267 0 227 39 261
b268 475 534 500 556
b269 470 379 507 397
b270 133 149 148 172
b271 310 395 334 437
b272 59 442 94 466
b273 377 39 398 69
b274 173 344 206 365
b275 85 285 113 307
b276 29 335 60 349
b277 381 483 393 530
b278 147 107 160 149
b279 20 421 59 464
b280 83 316 114 338
b281 334 405 352 435
b282 103 108 147 138
b283 267 106 282 119
b284 339 0 360 30
b285 273 214 306 227
b286 99 338 135 379
b287 297 61 318 103
b288 349 125 377 161
b289 334 372 371 405
b290 270 440 286 467
b291 351 69 379 112
b292 211 194 235 233
b293 405 172 424 215
b294 298 303 315 329
b295 37 349 80 362
b296 209 525 225 552
b297 214 409 252 440
b298 306 103 346 136
b299 288 248 301 261
