581328.5
847936
314721
561 561
101.846994
b0 219 315 246 330
b1 525 521 552 537
b2 363 69 389 91
b3 500 138 521 183
b4 471 416 516 456
b5 393 353 419 369
b6 375 221 402 259
b7 161 78 196 107
b8 333 344 354 380
b9 300 527 344 552
b10 191 513 222 528
b11 247 122 271 163
b12 184 189 201 208
b13 161 107 209 140
b14 80 45 124 66
b15 184 155 218 170
b16 302 69 347 111
b17 521 157 558 198
b18 451 241 494 285
b19 307 297 343 320
b20 342 444 355 461
b21 504 284 532 328
b22 350 0 385 29
b23 219 245 236 285
b24 158 464 182 482
b25 218 122 247 165
b26 108 198 135 216
b27 111 394 151 432
b28 321 351 333 375
b29 190 336 219 366
b30 191 528 211 556
b31 435 0 467 36
b32 436 165 455 187
b33 37 0 83 45
b34 512 372 524 401
b35 231 212 257 224
b36 158 482 185 512
b37 149 106 161 135
b38 534 134 553 155
b39 142 213 155 225
b40 328 199 375 218
b41 292 12 311 48
b42 156 213 181 259
b43 478 220 517 241
b44 406 461 433 485
b45 327 320 352 344
b46 521 138 534 157
b47 149 516 191 556
b48 33 407 61 441
b49 477 519 525 543
b50 97 394 111 413
b51 500 68 514 84
b52 520 220 557 238
b53 390 69 426 81
b54 121 432 155 462
b55 13 325 39 356
b56 143 259 174 305
b57 216 0 264 47
b58 282 297 307 322
b59 433 460 471 507
b60 439 203 478 219
b61 379 490 424 521
b62 471 473 507 519
b63 431 403 467 449
b64 339 260 372 275
b65 425 328 438 351
b66 457 327 499 372
b67 436 69 469 83
b68 533 323 561 368
b69 342 461 378 488
b70 133 45 149 90
b71 338 165 372 197
b72 108 183 140 198
b73 264 0 310 12
b74 182 0 216 43
b75 0 76 37 96
b76 246 282 282 321
b77 534 94 552 134
b78 209 106 251 122
b79 210 405 235 445
b80 184 174 220 189
b81 342 429 374 444
b82 339 221 363 260
b83 507 477 544 518
b84 478 186 516 220
b85 369 525 412 559
b86 19 228 63 267
b87 235 402 283 447
b88 504 328 533 372
b89 423 106 443 148
b90 282 251 306 297
b91 37 53 80 74
b92 516 0 561 47
b93 45 180 65 204
b94 80 106 99 137
b95 237 245 281 282
b96 306 251 339 297
b97 0 407 15 447
b98 108 289 143 302
b99 471 456 511 473
b100 467 372 512 416
b101 520 254 556 284
b102 0 520 40 556
b103 304 165 338 199
b104 285 337 327 351
b105 389 287 424 320
b106 0 361 12 394
b107 100 337 132 352
b108 524 372 561 410
b109 80 517 126 559
b110 516 438 558 477
b111 69 481 82 502
b112 288 450 313 480
b113 97 432 121 468
b114 372 385 406 429
b115 521 198 555 220
b116 378 461 406 480
b117 82 496 121 517
b118 219 330 263 368
b119 99 106 144 134
b120 33 481 69 517
b121 182 298 216 336
b122 178 406 198 449
b123 283 402 306 438
b124 467 0 498 35
b125 343 275 389 317
b126 402 220 424 232
b127 245 450 288 475
b128 516 410 560 438
b129 149 48 183 70
b130 171 379 201 405
b131 372 106 420 151
b132 424 507 463 525
b133 304 111 347 126
b134 45 86 79 133
b135 97 137 112 182
b136 112 134 149 146
b137 409 369 430 397
b138 264 12 292 54
b139 306 392 343 428
b140 222 480 234 523
b141 0 185 45 204
b142 184 208 211 245
b143 234 519 259 543
b144 300 480 315 520
b145 302 54 347 67
b146 149 0 182 48
b147 142 183 184 213
b148 80 66 98 86
b149 45 133 67 180
b150 0 53 31 76
b151 267 337 285 379
b152 390 369 409 385
b153 67 137 97 178
b154 375 199 392 221
b155 315 476 340 490
b156 37 309 65 325
b157 480 68 500 93
b158 148 159 161 182
b159 100 305 144 337
b160 450 525 477 541
b161 241 165 287 212
b162 451 285 469 316
b163 306 428 339 450
b164 285 351 321 392
b165 120 0 137 21
b166 39 325 73 361
b167 112 146 148 183
b168 188 450 229 474
b169 532 284 556 323
b170 233 76 278 105
b171 315 490 355 512
b172 363 91 390 104
b173 393 328 425 353
b174 153 336 169 379
b175 407 445 423 460
b176 271 119 304 157
b177 0 284 37 325
b178 127 497 144 516
b179 96 216 142 250
b180 40 517 80 536
b181 97 468 127 496
b182 0 204 45 228
b183 311 0 350 33
b184 390 81 436 106
b185 240 368 267 402
b186 127 464 158 497
b187 412 525 450 561
b188 0 96 40 133
b189 544 477 556 521
b190 0 133 27 170
b191 13 475 29 509
b192 343 380 372 428
b193 211 543 244 560
b194 13 361 41 374
b195 155 451 188 464
b196 259 519 300 560
b197 196 78 233 106
b198 77 216 96 264
b199 388 38 424 69
b200 83 0 120 43
b201 313 450 342 476
b202 354 320 393 354
b203 0 170 28 185
b204 257 212 298 245
b205 315 512 336 527
b206 469 285 504 327
b207 0 447 33 475
b208 151 379 171 406
b209 61 394 97 439
b210 372 178 396 191
b211 494 241 510 253
b212 169 336 190 378
b213 142 225 156 257
b214 372 151 389 178
b215 273 54 302 75
b216 52 267 71 309
b217 80 352 128 372
b218 161 140 204 155
b219 424 38 452 56
b220 298 199 328 236
b221 0 475 13 520
b222 344 527 369 561
b223 496 37 515 59
b224 455 165 500 186
b225 388 0 435 38
b226 439 187 478 203
b227 0 40 32 53
b228 211 212 231 233
b229 407 397 431 445
b230 50 361 80 394
b231 347 69 363 99
b232 126 516 149 558
b233 229 450 245 463
b234 425 256 443 289
b235 80 372 126 394
b236 396 151 423 190
b237 132 337 153 377
b238 424 289 451 328
b239 98 66 120 106
b240 161 155 184 174
b241 54 441 67 465
b242 233 54 273 76
b243 443 83 480 117
b244 120 66 133 103
b245 354 354 390 378
b246 278 75 301 119
b247 185 474 221 513
b248 183 47 226 78
b249 73 264 108 291
b250 431 372 465 403
b251 65 182 108 216
b252 374 442 402 461
b253 126 377 139 392
b254 0 240 13 264
b255 325 126 372 165
b256 423 148 436 169
b257 19 267 52 284
b258 500 94 534 138
b259 363 221 375 247
b260 0 228 19 240
b261 198 405 210 450
b262 73 291 100 339
b263 515 47 561 94
b264 155 406 178 451
b265 282 322 327 337
b266 443 117 488 165
b267 201 368 240 402
b268 108 264 130 289
b269 498 0 516 37
b270 298 236 321 251
b271 402 232 444 256
b272 355 490 379 525
b273 444 220 474 241
b274 33 441 54 474
b275 160 305 182 333
b276 287 165 301 196
b277 65 216 77 263
b278 67 439 80 481
b279 234 480 277 519
b280 182 276 213 298
b281 219 285 237 315
b282 452 38 496 68
b283 0 325 13 340
b284 304 126 325 156
b285 374 429 407 442
b286 347 33 388 69
b287 220 170 241 212
b288 389 259 425 287
b289 13 374 50 407
b290 144 305 160 332
b291 396 190 439 218
b292 40 536 79 560
b293 438 328 457 371
b294 494 253 520 270
b295 477 543 520 556
b296 520 238 547 254
b297 181 245 219 276
b298 0 0 33 40
b299 148 146 161 159
