388795.25
575090.5
202500
450 450
34.250995
b0 260 128 276 164
b1 276 128 315 147
b2 155 34 196 69
b3 69 432 116 450
b4 100 227 126 259
b5 243 233 274 268
b6 304 268 317 297
b7 128 0 149 28
b8 85 211 100 243
b9 258 413 304 447
b10 198 98 243 130
b11 289 364 303 400
b12 0 89 36 131
b13 0 400 45 448
b14 328 410 343 435
b15 212 405 258 450
b16 274 106 292 128
b17 311 65 337 98
b18 336 134 355 168
b19 432 0 444 30
b20 413 307 446 335
b21 402 372 446 411
b22 343 410 382 436
b23 162 405 187 445
b24 411 176 436 191
b25 315 98 351 134
b26 109 261 134 304
b27 432 46 447 80
b28 355 41 393 87
b29 258 401 295 413
b30 223 130 250 147
b31 314 28 330 65
b32 375 301 407 324
b33 0 131 36 149
b34 375 324 394 362
b35 36 341 69 356
b36 0 61 28 73
b37 251 269 272 285
b38 83 259 109 292
b39 134 262 164 304
b40 228 0 269 28
b41 269 0 285 16
b42 182 359 201 403
b43 83 323 117 363
b44 35 225 51 252
b45 317 268 331 305
b46 158 344 206 359
b47 162 176 185 190
b48 196 28 222 52
b49 162 136 193 176
b50 156 103 198 136
b51 414 86 441 134
b52 285 0 322 27
b53 402 345 419 363
b54 208 269 251 285
b55 304 436 350 449
b56 242 211 267 233
b57 28 70 76 89
b58 375 0 394 41
b59 334 364 380 410
b60 78 369 108 404
b61 351 87 384 121
b62 400 411 445 448
b63 166 227 181 262
b64 0 178 48 225
b65 274 234 307 264
b66 243 94 274 125
b67 0 0 44 37
b68 51 224 75 259
b69 85 157 104 195
b70 104 157 118 193
b71 86 0 128 34
b72 149 0 182 34
b73 382 410 400 448
b74 164 292 193 310
b75 36 89 63 112
b76 274 94 288 106
b77 48 150 72 166
b78 181 227 207 270
b79 407 246 444 265
b80 166 262 180 277
b81 412 46 432 78
b82 122 37 155 69
b83 333 345 370 364
b84 246 364 289 401
b85 407 198 444 246
b86 0 37 24 61
b87 393 41 412 86
b88 276 169 319 197
b89 363 0 375 35
b90 45 401 69 446
b91 0 150 44 178
b92 162 203 204 227
b93 393 133 414 176
b94 196 52 211 68
b95 52 259 77 295
b96 133 304 158 349
b97 286 27 314 52
b98 198 72 214 98
b99 193 166 213 203
b100 0 225 25 252
b101 75 109 115 157
b102 380 259 405 297
b103 76 37 108 69
b104 198 130 223 166
b105 303 364 334 406
b106 0 265 34 304
b107 85 195 130 211
b108 308 235 320 268
b109 419 360 441 372
b110 118 136 162 159
b111 206 341 224 354
b112 412 0 430 46
b113 350 170 393 198
b114 206 322 245 341
b115 246 322 283 352
b116 44 0 86 37
b117 48 166 85 190
b118 414 134 449 173
b119 355 134 379 170
b120 320 235 365 250
b121 46 356 78 401
b122 320 189 350 232
b123 0 252 35 265
b124 36 137 75 150
b125 337 44 355 72
b126 69 404 107 432
b127 304 406 328 428
b128 36 112 72 137
b129 116 404 162 448
b130 222 28 267 72
b131 0 335 36 355
b132 117 304 133 342
b133 248 285 260 299
b134 322 12 351 28
b135 274 70 311 85
b136 122 70 146 89
b137 393 176 411 198
b138 292 98 314 128
b139 44 37 75 70
b140 75 243 87 259
b141 187 405 212 439
b142 76 70 122 97
b143 0 356 46 400
b144 304 305 333 330
b145 213 177 258 211
b146 51 190 84 224
b147 308 197 320 228
b148 319 134 336 159
b149 224 341 246 363
b150 193 292 223 305
b151 117 342 133 369
b152 108 369 141 402
b153 322 0 362 12
b154 333 301 375 345
b155 351 12 363 25
b156 267 28 286 70
b157 283 322 295 364
b158 130 203 158 220
b159 207 245 243 269
b160 379 131 391 167
b161 0 304 19 335
b162 319 159 331 189
b163 36 295 83 341
b164 272 268 304 295
b165 115 103 156 136
b166 158 310 194 322
b167 397 86 411 133
b168 223 285 248 322
b169 182 0 228 28
b170 380 364 402 409
b171 207 211 242 245
b172 419 335 450 360
b173 276 147 318 169
b174 214 72 234 97
b175 75 97 109 109
b176 330 28 350 44
b177 83 292 104 323
b178 36 259 52 279
b179 141 359 182 404
b180 394 324 413 345
b181 248 299 290 314
b182 295 345 328 357
b183 223 147 260 163
b184 175 72 195 91
b185 384 87 397 131
b186 223 164 271 177
b187 234 72 258 94
b188 365 235 405 259
b189 155 72 175 103
b190 274 197 308 234
b191 350 198 392 235
b192 180 270 208 292
b193 407 265 450 307
b194 201 363 244 405
b195 118 159 154 184
b196 320 250 359 266
b197 333 266 380 301
b198 158 322 198 344
b199 126 227 166 261
