387012
571974
202050
450 449
40.27003
b0 229 199 265 215
b1 429 186 448 225
b2 338 242 379 277
b3 244 354 262 401
b4 291 154 323 180
b5 154 392 189 423
b6 229 215 258 228
b7 281 323 309 344
b8 398 151 413 183
b9 291 384 325 430
b10 0 288 32 333
b11 260 163 274 199
b12 176 0 218 36
b13 274 180 319 228
b14 435 0 450 25
b15 208 232 254 277
b16 131 66 153 84
b17 225 72 258 98
b18 208 277 242 296
b19 217 202 229 232
b20 128 253 161 281
b21 128 283 167 327
b22 183 98 209 137
b23 339 132 379 157
b24 294 74 319 89
b25 325 195 361 231
b26 266 384 291 427
b27 218 0 233 34
b28 262 346 308 384
b29 413 121 450 133
b30 32 196 49 223
b31 339 157 376 173
b32 212 338 244 361
b33 366 0 402 18
b34 193 326 212 364
b35 45 34 60 67
b36 58 134 70 162
b37 223 401 244 417
b38 99 332 125 365
b39 86 253 128 283
b40 407 0 435 41
b41 258 215 274 231
b42 204 405 223 449
b43 104 366 144 400
b44 125 350 152 366
b45 207 378 244 392
b46 258 232 273 280
b47 128 137 151 151
b48 294 89 318 115
b49 12 94 43 134
b50 237 24 279 57
b51 274 296 322 323
b52 0 251 27 288
b53 32 178 49 196
b54 112 283 128 326
b55 431 41 444 87
b56 339 173 364 195
b57 325 279 344 327
b58 49 178 90 197
b59 108 400 154 446
b60 223 296 258 326
b61 413 87 446 121
b62 0 15 45 52
b63 0 0 35 15
b64 178 50 225 98
b65 70 34 103 64
b66 413 155 444 186
b67 164 232 208 269
b68 74 283 109 307
b69 274 228 293 266
b70 20 333 34 369
b71 387 190 429 224
b72 308 346 341 380
b73 287 266 325 284
b74 110 128 128 157
b75 364 190 387 217
b76 178 36 190 50
b77 32 264 56 280
b78 265 100 291 143
b79 405 225 442 244
b80 204 364 219 378
b81 138 102 158 134
b82 293 228 325 261
b83 368 52 405 71
b84 90 210 127 253
b85 343 335 391 372
b86 62 253 86 277
b87 172 184 217 203
b88 172 203 215 231
b89 339 120 374 132
b90 167 283 191 328
b91 344 307 388 335
b92 407 41 431 83
b93 49 197 70 240
b94 189 405 204 421
b95 168 328 193 364
b96 45 67 70 112
b97 110 103 138 128
b98 258 74 274 100
b99 291 115 311 152
b100 325 393 350 420
b101 320 18 368 58
b102 279 49 317 74
b103 144 0 176 32
b104 158 98 183 134
b105 57 0 99 31
b106 368 18 407 52
b107 127 210 172 226
b108 437 315 449 348
b109 327 120 339 142
b110 76 332 99 376
b111 189 392 207 405
b112 320 0 366 18
b113 0 223 43 251
b114 379 151 398 190
b115 141 36 178 66
b116 334 83 376 120
b117 381 224 405 261
b118 405 244 444 279
b119 128 226 164 250
b120 93 400 108 445
b121 0 178 32 223
b122 90 167 120 210
b123 27 251 62 264
b124 70 89 109 102
b125 186 364 204 392
b126 103 34 141 62
b127 209 98 231 122
b128 76 307 112 332
b129 0 402 46 446
b130 405 348 449 393
b131 0 333 20 369
b132 279 33 317 49
b133 223 326 237 338
b134 151 156 180 172
b135 319 80 334 117
b136 151 137 175 156
b137 291 430 313 448
b138 413 133 443 155
b139 372 372 405 403
b140 258 280 274 292
b141 152 364 186 389
b142 391 279 437 306
b143 405 393 449 439
b144 70 64 99 89
b145 99 0 144 34
b146 0 369 34 402
b147 169 172 200 184
b148 109 86 134 103
b149 109 64 131 86
b150 274 266 287 296
b151 323 157 339 184
b152 180 137 213 170
b153 237 12 277 24
b154 32 283 74 327
b155 62 240 74 253
b156 325 420 367 439
b157 237 0 279 12
b158 244 326 261 354
b159 367 403 403 427
b160 437 279 449 315
b161 379 132 410 151
b162 217 172 229 202
b163 46 401 93 447
b164 191 296 223 323
b165 279 0 320 33
b166 0 94 12 130
b167 190 36 237 50
b168 34 376 71 401
b169 344 279 390 307
b170 244 401 266 446
b171 231 100 265 135
b172 154 423 185 448
b173 319 58 361 80
b174 361 217 381 242
b175 45 0 57 34
b176 138 86 158 102
b177 341 372 372 393
b178 274 74 294 90
b179 0 134 45 175
b180 322 327 343 346
b181 225 57 267 72
b182 161 269 194 281
b183 311 117 327 154
b184 261 323 281 342
b185 45 134 58 178
b186 325 231 338 279
b187 367 427 391 449
b188 70 143 110 167
b189 260 143 291 163
b190 376 83 413 117
b191 127 172 169 209
b192 76 376 104 398
b193 34 333 76 376
b194 0 52 43 94
b195 70 118 106 143
b196 70 102 109 118
b197 213 137 260 172
b198 128 328 168 350
b199 391 306 425 346
