580675.75
846630.5
314721
561 561
89.749719
b0 0 376 27 391
b1 24 167 40 194
b2 37 89 63 111
b3 201 32 222 77
b4 231 36 271 81
b5 293 135 309 161
b6 115 126 153 153
b7 42 363 71 398
b8 513 380 534 416
b9 154 448 179 492
b10 479 263 510 278
b11 102 333 143 357
b12 466 311 483 330
b13 130 47 178 80
b14 479 278 523 299
b15 464 132 479 166
b16 264 177 306 222
b17 0 89 37 130
b18 42 0 85 44
b19 322 504 358 527
b20 173 111 190 124
b21 13 532 57 560
b22 59 169 88 204
b23 355 298 372 338
b24 541 131 559 155
b25 386 413 429 442
b26 216 382 234 409
b27 63 89 103 127
b28 250 123 274 135
b29 201 0 231 29
b30 404 235 424 263
b31 158 0 194 32
b32 203 189 222 211
b33 407 515 453 560
b34 492 78 504 107
b35 354 472 366 498
b36 0 349 30 376
b37 24 239 53 251
b38 0 277 21 296
b39 524 222 537 234
b40 108 492 155 511
b41 40 146 59 182
b42 0 324 46 349
b43 413 301 452 322
b44 234 388 261 412
b45 502 198 527 222
b46 329 343 348 356
b47 474 330 514 372
b48 0 296 34 324
b49 534 380 558 428
b50 401 178 415 197
b51 290 547 306 561
b52 0 71 37 89
b53 30 363 42 399
b54 46 333 80 363
b55 67 301 98 327
b56 244 412 275 458
b57 445 83 492 131
b58 295 103 320 128
b59 159 302 206 340
b60 143 340 159 379
b61 227 504 272 535
b62 487 523 533 559
b63 396 0 442 36
b64 57 532 90 547
b65 180 193 203 206
b66 510 0 555 42
b67 511 443 544 457
b68 250 83 295 111
b69 293 328 329 355
b70 115 81 131 126
b71 393 342 425 376
b72 290 532 322 547
b73 71 393 117 405
b74 119 406 153 449
b75 110 44 130 81
b76 231 0 270 36
b77 272 504 290 544
b78 0 0 42 16
b79 353 355 393 380
b80 356 185 392 200
b81 0 444 32 459
b82 240 205 264 244
b83 366 487 407 524
b84 218 135 256 169
b85 313 226 356 260
b86 119 0 158 44
b87 46 443 94 488
b88 353 428 382 472
b89 138 193 180 213
b90 0 167 24 213
b91 540 289 561 332
b92 382 442 429 487
b93 213 111 237 131
b94 504 93 523 124
b95 20 399 57 443
b96 386 380 432 413
b97 351 71 391 86
b98 61 239 96 252
b99 543 222 560 262
b100 243 460 288 504
b101 372 221 402 257
b102 57 406 97 442
b103 85 0 119 34
b104 463 409 505 423
b105 242 297 275 332
b106 0 459 12 492
b107 514 329 529 361
b108 116 449 154 486
b109 309 356 351 402
b110 69 489 108 531
b111 108 511 129 524
b112 180 276 210 301
b113 277 260 301 296
b114 429 442 463 486
b115 527 198 561 220
b116 0 391 19 419
b117 424 36 445 75
b118 394 75 438 113
b119 356 157 401 185
b120 492 42 528 78
b121 453 523 487 561
b122 288 460 308 503
b123 331 275 367 298
b124 469 205 500 240
b125 445 37 487 83
b126 404 274 416 296
b127 322 532 365 557
b128 407 487 451 515
b129 97 406 119 440
b130 190 382 216 412
b131 347 86 392 134
b132 98 357 137 375
b133 313 260 356 275
b134 304 36 351 70
b135 237 544 282 559
b136 250 111 287 123
b137 67 204 95 225
b138 351 0 393 28
b139 473 0 510 36
b140 457 178 469 221
b141 218 169 263 188
b142 24 251 61 278
b143 132 524 157 548
b144 511 457 551 472
b145 271 70 316 83
b146 253 355 301 388
b147 263 135 293 177
b148 257 279 277 297
b149 190 539 237 561
b150 415 178 446 201
b151 225 453 243 495
b152 479 131 495 150
b153 483 299 524 329
b154 80 333 102 350
b155 452 311 466 336
b156 402 201 418 229
b157 0 419 20 444
b158 275 310 288 333
b159 320 433 352 477
b160 513 416 529 443
b161 206 333 253 379
b162 452 372 470 403
b163 138 213 171 235
b164 272 222 313 258
b165 233 83 250 104
b166 188 211 222 247
b167 104 153 140 190
b168 372 318 413 342
b169 135 289 159 328
b170 0 499 45 528
b171 131 81 153 121
b172 355 342 382 355
b173 270 0 302 25
b174 524 276 540 319
b175 153 111 168 127
b176 140 155 173 193
b177 366 524 407 561
b178 428 113 445 132
b179 495 131 541 165
b180 97 449 116 489
b181 502 165 530 195
b182 331 298 355 343
b183 469 166 502 205
b184 308 477 354 502
b185 12 472 46 499
b186 316 70 347 103
b187 523 93 559 131
b188 367 257 404 297
b189 103 84 115 128
b190 452 274 479 311
b191 224 263 258 279
b192 463 439 511 468
b193 222 188 255 205
b194 0 532 13 560
b195 157 382 190 395
b196 63 128 104 169
b197 445 0 473 37
b198 224 244 272 263
b199 206 301 242 332
b200 470 372 513 409
b201 176 247 202 276
b202 0 16 39 50
b203 396 36 424 51
b204 322 134 355 175
b205 88 169 103 190
b206 313 191 355 226
b207 530 165 558 198
b208 137 379 157 406
b209 302 0 347 36
b210 12 459 36 472
b211 385 134 397 150
b212 153 406 174 448
b213 67 225 99 239
b214 71 363 98 380
b215 372 297 401 318
b216 524 234 543 276
b217 432 376 452 424
b218 158 32 201 47
b219 117 375 135 403
b220 153 81 190 111
b221 159 340 204 353
b222 65 252 99 277
b223 202 247 224 266
b224 173 168 218 189
b225 500 472 538 519
b226 159 353 198 369
b227 173 155 205 168
b228 174 412 195 432
b229 261 388 309 412
b230 353 380 386 410
b231 321 175 351 191
b232 538 472 561 514
b233 356 226 372 239
b234 353 410 386 428
b235 442 132 464 178
b236 200 500 227 539
b237 0 50 40 71
b238 99 240 138 267
b239 253 333 293 355
b240 138 266 157 289
b241 309 135 322 159
b242 173 127 213 149
b243 0 130 34 167
b244 487 486 500 523
b245 65 277 101 301
b246 46 488 69 532
b247 424 235 460 274
b248 351 40 394 71
b249 416 274 451 301
b250 443 336 474 370
b251 24 204 67 238
b252 153 127 172 155
b253 306 177 321 190
b254 195 412 208 436
b255 99 193 138 240
b256 159 289 180 302
b257 271 36 304 53
b258 101 289 135 333
b259 301 260 313 286
b260 176 213 188 232
b261 351 28 396 40
b262 529 332 556 380
b263 179 453 225 500
b264 479 240 524 263
b265 504 78 549 93
b266 275 412 320 460
b267 418 201 457 235
b268 0 213 22 238
b269 425 322 443 359
b270 397 134 412 157
b271 90 532 132 556
b272 37 111 61 146
b273 46 301 67 331
b274 320 412 353 433
b275 290 504 312 532
b276 397 113 428 127
b277 210 279 257 291
b278 159 369 201 382
b279 157 500 200 539
b280 34 278 65 300
b281 222 205 240 235
b282 412 134 442 178
b283 293 315 308 328
b284 355 134 385 155
b285 157 539 190 552
b286 208 412 244 453
b287 356 200 398 221
b288 451 487 487 515
b289 40 50 77 83
b290 543 262 559 289
b291 190 81 233 109
b292 0 238 24 277
b293 288 296 331 315
b294 320 103 337 129
b295 71 380 114 393
b296 463 423 490 439
b297 138 235 176 266
b298 77 44 110 84
b299 275 297 288 310
