335194.5
473257
197132
446 442
39.240953
b0 246 19 282 35
b1 34 334 53 373
b2 191 58 226 99
b3 300 0 347 18
b4 67 71 93 103
b5 100 185 131 220
b6 433 143 446 172
b7 217 265 245 286
b8 90 149 105 181
b9 123 252 157 298
b10 413 232 445 277
b11 136 102 150 138
b12 130 44 172 80
b13 338 55 386 100
b14 67 56 92 71
b15 221 334 267 379
b16 216 99 234 121
b17 191 253 217 286
b18 71 104 90 138
b19 175 260 187 290
b20 317 194 345 227
b21 219 126 258 170
b22 234 87 260 126
b23 183 379 223 404
b24 322 147 347 162
b25 226 51 262 87
b26 207 286 250 311
b27 192 300 207 334
b28 280 255 326 293
b29 36 0 73 12
b30 325 296 352 313
b31 0 199 37 215
b32 0 104 23 136
b33 131 172 167 190
b34 0 139 38 158
b35 356 237 371 270
b36 111 312 123 340
b37 365 389 381 410
b38 315 18 341 51
b39 326 237 356 279
b40 53 334 81 375
b41 246 35 262 51
b42 303 147 322 191
b43 371 245 411 279
b44 298 293 325 309
b45 221 0 258 14
b46 214 204 262 219
b47 106 171 129 185
b48 222 19 246 45
b49 131 190 171 221
b50 38 104 71 146
b51 381 383 429 410
b52 112 396 149 423
b53 364 410 382 427
b54 371 143 387 186
b55 244 428 290 441
b56 191 231 216 253
b57 172 82 191 130
b58 24 158 43 199
b59 387 143 433 189
b60 0 291 35 321
b61 149 408 183 441
b62 260 87 297 132
b63 23 104 38 139
b64 20 56 67 104
b65 106 86 136 119
b66 410 43 441 74
b67 258 132 302 169
b68 73 0 108 24
b69 172 44 191 82
b70 76 146 90 182
b71 25 228 59 270
b72 354 279 387 313
b73 0 321 18 359
b74 192 334 221 352
b75 223 379 250 402
b76 24 270 38 282
b77 81 240 97 264
b78 103 343 146 369
b79 263 297 282 334
b80 154 82 169 96
b81 46 375 66 407
b82 43 146 76 178
b83 66 419 103 438
b84 178 0 221 37
b85 341 18 389 55
b86 334 313 358 337
b87 302 101 321 146
b88 416 189 444 232
b89 97 240 132 252
b90 0 246 24 291
b91 164 298 192 342
b92 296 52 338 76
b93 262 209 305 230
b94 75 218 90 234
b95 309 313 334 349
b96 280 230 325 255
b97 158 368 183 396
b98 320 417 346 433
b99 90 220 127 240
b100 147 147 174 172
b101 326 349 374 389
b102 297 76 335 101
b103 174 136 206 168
b104 153 0 178 36
b105 410 74 441 116
b106 374 349 413 383
b107 90 104 106 149
b108 251 300 263 333
b109 345 225 367 237
b110 207 311 251 334
b111 347 0 360 18
b112 157 250 175 296
b113 368 100 396 143
b114 261 230 280 269
b115 358 314 395 344
b116 267 334 309 371
b117 386 55 410 92
b118 399 314 438 349
b119 183 352 219 376
b120 320 389 365 404
b121 36 24 81 56
b122 290 399 320 442
b123 206 136 219 171
b124 313 349 326 388
b125 262 269 280 297
b126 37 200 75 228
b127 349 147 371 171
b128 146 343 182 368
b129 217 219 261 265
b130 108 0 153 44
b131 0 36 36 56
b132 195 404 211 442
b133 192 286 204 300
b134 175 231 191 260
b135 250 379 265 416
b136 396 116 415 140
b137 136 80 154 102
b138 81 312 111 334
b139 0 359 33 390
b140 334 337 350 349
b141 226 170 251 204
b142 112 369 158 396
b143 66 375 112 419
b144 345 196 370 225
b145 371 189 416 223
b146 211 404 244 438
b147 250 269 262 300
b148 209 171 226 196
b149 59 234 81 256
b150 179 184 209 197
b151 179 168 206 184
b152 282 19 315 52
b153 244 416 284 428
b154 81 268 123 312
b155 167 172 179 185
b156 258 0 300 19
b157 34 375 46 417
b158 326 279 354 296
b159 0 0 24 36
b160 305 191 317 227
b161 112 423 143 442
b162 387 279 399 309
b163 321 101 368 147
b164 322 162 349 194
b165 106 138 147 171
b166 183 404 195 440
b167 127 221 174 235
b168 191 99 216 136
b169 267 371 313 399
b170 150 102 172 147
b171 262 52 296 87
b172 0 215 25 246
b173 371 223 413 245
b174 349 171 369 196
b175 149 396 183 408
b176 97 252 117 268
b177 191 37 222 58
b178 263 193 283 209
b179 123 298 164 343
b180 106 119 127 138
b181 132 235 174 250
b182 251 170 263 203
b183 429 349 445 386
b184 59 256 79 275
b185 320 404 364 417
b186 33 321 81 334
b187 0 158 24 180
b188 263 169 303 193
b189 0 56 20 87
b190 0 390 34 427
b191 93 44 130 86
b192 43 178 71 200
b193 38 275 81 317
b194 389 0 431 43
b195 75 182 100 218
b196 282 293 298 332
b197 399 279 446 314
b198 81 334 103 374
b199 174 197 214 231
