584472.25
854784.5
314160
560 561
67.928803
b0 80 329 95 356
b1 182 56 209 72
b2 297 382 319 408
b3 481 48 502 93
b4 451 521 496 561
b5 210 129 226 155
b6 222 447 260 474
b7 342 531 377 560
b8 150 383 186 404
b9 63 0 107 25
b10 416 176 431 207
b11 120 0 144 41
b12 260 453 277 472
b13 242 115 290 148
b14 196 213 217 257
b15 288 279 322 294
b16 281 294 326 336
b17 272 519 309 560
b18 456 270 499 314
b19 251 148 274 184
b20 435 256 452 269
b21 324 47 352 91
b22 262 369 297 398
b23 69 128 109 145
b24 497 23 515 47
b25 186 383 215 426
b26 456 360 483 378
b27 516 0 554 40
b28 194 501 218 513
b29 251 261 281 290
b30 47 284 67 312
b31 288 247 324 279
b32 103 424 125 443
b33 20 238 65 284
b34 220 280 249 292
b35 215 37 241 49
b36 387 408 414 438
b37 463 98 492 110
b38 0 398 19 419
b39 319 382 331 395
b40 0 329 47 348
b41 41 451 60 487
b42 328 183 374 208
b43 277 94 316 115
b44 114 356 141 380
b45 392 176 416 201
b46 69 145 82 164
b47 416 366 456 408
b48 29 0 63 28
b49 439 98 463 146
b50 449 478 463 497
b51 435 242 451 256
b52 0 192 18 229
b53 192 114 204 150
b54 364 0 398 30
b55 274 148 300 179
b56 103 393 149 424
b57 96 41 144 88
b58 226 148 251 173
b59 144 39 182 86
b60 477 0 516 16
b61 220 235 251 280
b62 483 224 519 270
b63 29 58 75 94
b64 344 320 377 335
b65 68 164 81 187
b66 0 510 42 555
b67 186 363 219 377
b68 82 145 127 173
b69 0 419 36 446
b70 81 187 97 232
b71 143 246 175 280
b72 300 148 315 180
b73 504 118 516 164
b74 100 246 143 280
b75 497 342 534 362
b76 100 210 139 246
b77 358 496 398 514
b78 518 40 534 82
b79 315 136 340 176
b80 503 47 518 83
b81 150 424 182 439
b82 214 339 253 363
b83 523 222 560 263
b84 161 516 195 554
b85 525 433 559 476
b86 389 322 428 366
b87 102 311 150 356
b88 358 467 402 496
b89 0 229 20 271
b90 22 146 68 170
b91 516 118 537 161
b92 402 48 447 95
b93 182 72 206 92
b94 439 175 458 206
b95 42 487 86 524
b96 297 336 330 382
b97 372 407 387 447
b98 257 0 292 13
b99 12 66 29 106
b100 277 453 322 497
b101 94 443 124 479
b102 288 211 328 247
b103 447 64 481 98
b104 330 336 344 378
b105 388 95 421 130
b106 0 66 12 99
b107 262 354 294 369
b108 76 356 114 393
b109 323 94 369 136
b110 393 230 435 269
b111 225 184 246 197
b112 534 40 559 70
b113 499 306 523 342
b114 491 433 525 477
b115 483 168 505 202
b116 186 426 214 445
b117 496 521 517 560
b118 520 385 558 429
b119 15 284 43 329
b120 468 132 504 168
b121 148 120 182 158
b122 139 202 159 245
b123 332 429 368 452
b124 327 466 358 501
b125 455 314 497 360
b126 236 292 258 304
b127 534 342 559 385
b128 148 92 192 120
b129 241 25 263 59
b130 377 516 403 546
b131 284 408 332 453
b132 195 523 234 541
b133 359 452 402 467
b134 290 47 324 94
b135 210 155 225 200
b136 332 378 344 415
b137 382 292 410 313
b138 209 56 237 98
b139 187 0 223 37
b140 219 363 262 375
b141 27 348 46 393
b142 410 269 437 306
b143 352 68 377 92
b144 0 271 15 311
b145 410 309 455 322
b146 42 524 90 557
b147 148 158 178 200
b148 234 523 254 541
b149 214 292 236 339
b150 446 0 477 23
b151 413 30 455 48
b152 447 48 466 64
b153 29 28 70 58
b154 80 312 102 329
b155 377 68 402 82
b156 456 242 472 270
b157 150 404 175 424
b158 382 269 395 292
b159 178 158 210 202
b160 143 280 159 307
b161 318 0 364 47
b162 290 115 308 146
b163 414 408 436 441
b164 344 366 380 407
b165 194 465 215 482
b166 22 204 58 238
b167 380 366 416 403
b168 239 482 263 523
b169 436 408 460 447
b170 344 335 389 364
b171 0 106 22 146
b172 124 469 151 482
b173 41 419 66 451
b174 523 299 539 342
b175 194 482 209 498
b176 521 477 554 515
b177 0 473 41 510
b178 327 501 346 518
b179 69 393 103 439
b180 437 269 456 309
b181 505 164 535 192
b182 260 408 284 453
b183 47 312 80 351
b184 0 0 25 46
b185 0 364 27 398
b186 183 325 214 358
b187 519 82 557 118
b188 97 173 137 210
b189 195 541 239 553
b190 159 202 196 229
b191 503 83 519 117
b192 491 385 520 433
b193 239 541 272 558
b194 107 0 120 28
b195 210 200 243 213
b196 340 279 381 320
b197 151 458 188 486
b198 369 92 388 140
b199 437 206 468 242
b200 251 218 288 261
b201 439 146 465 175
b202 69 94 108 128
b203 65 238 80 266
b204 241 59 282 92
b205 218 501 239 516
b206 351 222 393 257
b207 67 284 100 312
b208 263 25 290 45
b209 215 411 260 447
b210 196 257 220 270
b211 397 30 413 42
b212 75 41 96 83
b213 161 486 193 500
b214 250 94 277 111
b215 523 270 544 299
b216 175 229 194 271
b217 403 540 451 560
b218 468 192 483 235
b219 194 447 222 465
b220 449 448 486 478
b221 205 98 250 111
b222 223 0 257 25
b223 308 497 327 519
b224 352 47 397 68
b225 402 478 449 516
b226 374 183 390 222
b227 342 518 374 531
b228 0 46 21 66
b229 398 0 446 24
b230 86 487 116 520
b231 292 12 308 42
b232 455 23 497 46
b233 192 98 205 114
b234 174 307 207 325
b235 0 146 22 192
b236 288 184 327 211
b237 483 203 523 224
b238 0 446 39 473
b239 463 110 503 132
b240 523 203 546 222
b241 377 546 401 559
b242 537 118 559 158
b243 251 184 288 218
b244 322 453 359 466
b245 499 270 523 306
b246 393 207 437 230
b247 482 478 521 514
b248 340 140 371 183
b249 428 322 455 357
b250 460 414 491 448
b251 215 377 258 411
b252 209 482 237 501
b253 258 294 271 309
b254 468 168 481 192
b255 22 106 69 145
b256 371 140 392 153
b257 182 39 215 56
b258 22 170 66 204
b259 292 0 318 12
b260 81 232 100 244
b261 263 497 308 509
b262 90 534 138 561
b263 392 130 439 176
b264 258 309 281 354
b265 66 187 81 232
b266 116 486 161 534
b267 109 88 148 122
b268 236 304 258 329
b269 205 111 242 129
b270 328 222 351 237
b271 535 161 559 203
b272 150 311 174 346
b273 371 153 392 183
b274 36 393 69 414
b275 344 407 372 429
b276 326 294 340 325
b277 70 28 117 40
b278 340 257 382 270
b279 144 0 187 39
b280 220 213 251 235
b281 175 271 193 301
b282 402 448 446 478
b283 308 115 323 128
b284 46 351 76 372
b285 161 500 194 513
b286 517 515 553 556
b287 127 122 148 164
b288 460 378 488 414
b289 150 346 183 383
b290 0 348 27 364
b291 66 443 94 486
b292 403 516 442 540
b293 463 478 482 521
b294 124 443 141 469
b295 151 445 194 458
b296 80 244 96 271
b297 100 280 138 311
b298 309 519 342 559
b299 546 203 559 216
