575000.5
835280
314721
561 561
82.974422
b0 198 488 213 515
b1 486 427 513 443
b2 107 244 129 270
b3 227 82 272 103
b4 427 232 472 272
b5 0 139 16 165
b6 382 419 420 446
b7 104 526 133 561
b8 158 28 194 49
b9 447 316 472 360
b10 121 294 136 325
b11 12 365 36 406
b12 451 277 470 294
b13 136 294 184 327
b14 87 63 131 84
b15 335 194 350 228
b16 52 237 94 282
b17 303 445 340 486
b18 213 450 256 494
b19 114 84 150 107
b20 0 352 17 365
b21 520 338 548 382
b22 442 49 471 84
b23 69 434 86 474
b24 542 303 560 327
b25 0 273 29 316
b26 244 322 271 340
b27 238 103 276 143
b28 272 0 296 12
b29 196 420 225 450
b30 61 194 89 214
b31 196 145 232 177
b32 33 237 52 259
b33 240 494 286 539
b34 121 282 150 294
b35 477 99 503 111
b36 87 101 114 131
b37 398 267 427 279
b38 388 535 407 556
b39 0 448 13 460
b40 13 532 60 551
b41 51 101 87 120
b42 306 0 352 25
b43 175 209 196 248
b44 83 0 110 24
b45 411 174 436 198
b46 547 514 560 533
b47 411 98 451 140
b48 227 54 261 82
b49 471 39 519 63
b50 317 307 331 326
b51 221 238 235 254
b52 384 471 421 489
b53 522 259 558 271
b54 39 438 69 472
b55 225 420 256 446
b56 175 248 206 294
b57 114 121 161 169
b58 407 535 432 560
b59 91 476 138 514
b60 41 178 80 194
b61 491 231 522 276
b62 477 514 523 550
b63 392 489 428 535
b64 319 88 352 103
b65 382 406 405 419
b66 138 515 180 560
b67 272 63 286 96
b68 513 443 558 471
b69 336 489 372 516
b70 0 48 16 93
b71 83 24 117 56
b72 402 34 434 49
b73 0 93 12 139
b74 27 194 61 237
b75 207 400 244 420
b76 13 496 52 532
b77 121 327 161 345
b78 431 328 447 370
b79 324 516 349 556
b80 478 323 514 338
b81 236 307 268 322
b82 452 142 476 181
b83 70 369 111 406
b84 524 194 558 232
b85 36 367 70 410
b86 52 476 91 520
b87 435 374 483 419
b88 273 288 317 317
b89 202 0 222 42
b90 180 515 204 561
b91 377 224 398 267
b92 477 146 524 191
b93 151 188 175 208
b94 334 368 353 399
b95 368 328 412 365
b96 369 295 415 328
b97 41 120 81 135
b98 451 98 464 133
b99 273 271 313 288
b100 340 150 385 194
b101 206 259 236 295
b102 471 63 511 99
b103 235 225 269 259
b104 0 0 14 42
b105 286 63 319 98
b106 198 455 210 488
b107 437 142 452 174
b108 483 338 520 376
b109 269 225 311 271
b110 317 265 356 307
b111 486 456 507 469
b112 81 161 111 186
b113 483 376 519 400
b114 352 0 396 34
b115 239 179 261 213
b116 117 0 136 28
b117 349 535 388 556
b118 286 516 324 560
b119 485 469 513 514
b120 332 332 368 368
b121 221 362 255 400
b122 153 420 196 440
b123 198 362 221 398
b124 16 56 51 87
b125 478 277 520 323
b126 244 340 256 362
b127 524 112 549 155
b128 158 0 202 28
b129 313 210 335 244
b130 411 140 437 170
b131 261 15 306 63
b132 523 0 541 39
b133 153 440 196 455
b134 429 0 476 34
b135 227 0 272 15
b136 541 0 553 37
b137 306 25 327 53
b138 356 267 398 295
b139 161 360 198 396
b140 0 365 12 408
b141 256 429 301 448
b142 357 446 384 483
b143 159 396 184 420
b144 206 216 221 256
b145 14 210 27 255
b146 94 196 127 244
b147 284 322 314 364
b148 465 481 485 499
b149 431 294 478 316
b150 303 379 334 402
b151 41 35 83 53
b152 255 362 271 381
b153 91 306 121 347
b154 332 310 349 332
b155 442 84 467 98
b156 415 295 431 323
b157 398 198 423 218
b158 56 410 69 433
b159 60 526 104 558
b160 192 94 219 110
b161 129 235 175 282
b162 314 326 332 357
b163 520 303 542 336
b164 525 382 561 423
b165 117 28 138 45
b166 256 393 290 429
b167 236 271 273 307
b168 307 136 331 177
b169 127 196 151 235
b170 153 455 198 484
b171 286 179 308 219
b172 486 443 513 456
b173 524 80 549 112
b174 349 516 392 532
b175 353 368 369 383
b176 161 327 199 360
b177 151 84 192 121
b178 311 191 328 210
b179 107 434 153 468
b180 0 408 19 448
b181 437 181 467 209
b182 199 332 244 356
b183 227 15 260 54
b184 261 179 286 225
b185 377 123 411 150
b186 451 448 482 481
b187 467 191 503 229
b188 340 110 377 150
b189 91 514 135 526
b190 524 232 561 259
b191 16 121 32 155
b192 438 419 486 448
b193 51 84 84 101
b194 377 110 405 123
b195 271 322 284 355
b196 519 39 560 80
b197 19 410 56 438
b198 472 229 491 277
b199 0 316 31 352
b200 41 135 78 178
b201 94 277 120 306
b202 524 155 558 194
b203 117 48 145 63
b204 299 103 340 136
b205 151 169 172 184
b206 41 0 83 35
b207 396 0 429 28
b208 213 494 240 514
b209 204 515 240 560
b210 271 355 284 379
b211 192 82 208 94
b212 86 434 107 476
b213 447 360 479 374
b214 340 446 357 473
b215 398 232 427 253
b216 412 328 431 370
b217 138 0 158 48
b218 161 121 176 164
b219 23 165 41 193
b220 432 515 462 552
b221 0 496 13 541
b222 384 446 418 471
b223 127 169 149 188
b224 175 164 196 209
b225 121 358 159 405
b226 513 427 552 443
b227 121 345 153 358
b228 16 101 37 121
b229 69 410 117 434
b230 197 49 227 82
b231 87 131 103 161
b232 276 103 299 145
b233 503 99 519 112
b234 0 255 33 273
b235 352 88 398 110
b236 520 276 559 303
b237 503 191 524 231
b238 486 400 525 427
b239 362 34 402 56
b240 72 306 91 329
b241 427 277 451 290
b242 70 347 110 369
b243 428 481 465 515
b244 114 107 151 120
b245 117 405 153 429
b246 423 209 467 232
b247 0 460 39 496
b248 153 484 196 515
b249 350 194 377 229
b250 276 145 307 179
b251 36 324 70 367
b252 219 103 238 131
b253 213 131 228 144
b254 151 209 164 233
b255 476 0 523 39
b256 317 244 330 265
b257 50 282 83 299
b258 477 112 521 146
b259 308 179 334 191
b260 324 486 336 505
b261 423 370 435 415
b262 14 0 41 48
b263 256 448 303 494
b264 0 165 23 210
b265 462 515 477 560
b266 334 399 382 444
b267 335 229 374 263
b268 50 299 72 324
b269 176 121 213 139
b270 184 400 207 415
b271 400 56 442 80
b272 145 49 180 73
b273 303 486 324 516
b274 418 449 451 470
b275 385 150 407 178
b276 0 210 14 241
b277 256 381 303 393
b278 284 364 326 377
b279 196 177 239 216
b280 240 539 271 561
b281 420 419 438 449
b282 232 145 276 175
b283 356 295 369 310
b284 377 194 398 224
b285 94 244 107 277
b286 382 370 423 406
b287 29 273 50 315
b288 51 56 87 84
b289 199 295 232 332
b290 319 53 346 69
b291 303 402 331 445
b292 523 514 547 553
b293 319 69 362 88
b294 180 49 197 75
b295 464 99 477 142
b296 111 169 127 196
b297 362 56 400 87
b298 523 471 556 511
b299 221 225 234 238
