391532.25
580564.5
202500
450 450
45.559027
b0 34 296 50 332
b1 245 408 284 427
b2 95 209 136 244
b3 222 343 269 361
b4 102 293 134 319
b5 313 377 348 408
b6 280 252 309 265
b7 123 59 144 87
b8 132 0 164 15
b9 250 374 296 408
b10 339 147 384 179
b11 181 74 217 88
b12 78 412 120 448
b13 159 26 204 74
b14 156 387 171 412
b15 401 330 446 376
b16 0 213 18 235
b17 299 0 332 26
b18 139 190 158 224
b19 156 357 168 387
b20 81 118 114 146
b21 411 253 450 297
b22 111 158 150 184
b23 240 250 280 275
b24 304 116 329 131
b25 186 354 222 390
b26 201 406 244 431
b27 261 37 276 71
b28 158 257 204 295
b29 385 61 397 98
b30 296 377 313 404
b31 44 105 81 121
b32 221 14 253 37
b33 286 301 322 319
b34 166 412 185 450
b35 171 357 186 390
b36 52 93 80 105
b37 185 406 201 427
b38 164 0 197 26
b39 372 414 414 444
b40 206 138 247 166
b41 123 395 139 411
b42 95 190 139 209
b43 197 197 237 231
b44 372 398 399 414
b45 385 47 422 61
b46 378 287 393 335
b47 401 215 424 229
b48 327 179 351 205
b49 322 214 353 254
b50 223 79 265 112
b51 158 168 185 216
b52 44 121 81 148
b53 156 339 173 357
b54 204 257 220 300
b55 150 122 163 168
b56 309 254 334 276
b57 429 154 448 202
b58 136 224 155 265
b59 363 0 409 46
b60 88 59 123 89
b61 123 361 156 395
b62 351 345 396 382
b63 37 59 52 94
b64 175 89 223 136
b65 145 89 175 122
b66 114 89 145 120
b67 55 148 99 185
b68 303 179 327 214
b69 0 235 19 273
b70 238 236 274 250
b71 0 94 42 128
b72 397 61 431 94
b73 185 431 223 449
b74 188 136 206 165
b75 401 192 428 215
b76 228 166 242 178
b77 158 216 182 232
b78 34 332 60 375
b79 40 0 77 19
b80 121 319 136 333
b81 220 299 240 331
b82 70 280 102 313
b83 335 427 372 446
b84 78 319 121 356
b85 353 185 401 222
b86 304 131 328 155
b87 276 37 321 56
b88 102 265 145 293
b89 304 155 339 167
b90 348 382 372 427
b91 0 128 44 156
b92 401 229 443 253
b93 426 98 447 141
b94 274 205 289 221
b95 25 199 50 235
b96 253 178 298 203
b97 81 93 109 118
b98 222 378 238 404
b99 302 215 322 252
b100 286 319 313 344
b101 338 263 378 311
b102 404 154 429 192
b103 344 313 376 345
b104 286 276 322 301
b105 0 351 31 393
b106 0 312 34 351
b107 171 390 216 406
b108 435 297 447 330
b109 52 56 74 68
b110 136 15 159 59
b111 223 112 241 125
b112 192 232 238 250
b113 87 15 130 43
b114 0 273 19 312
b115 269 344 306 374
b116 0 22 42 59
b117 0 156 24 193
b118 350 60 385 99
b119 25 260 49 296
b120 87 0 132 15
b121 306 345 351 377
b122 25 156 55 199
b123 223 125 258 138
b124 0 436 39 449
b125 210 166 228 194
b126 114 120 142 158
b127 240 319 262 343
b128 72 244 97 280
b129 136 295 182 339
b130 306 71 350 116
b131 42 426 78 446
b132 56 242 72 280
b133 289 203 303 215
b134 372 382 401 398
b135 144 74 181 89
b136 378 263 397 287
b137 223 431 245 449
b138 123 339 153 361
b139 268 0 299 33
b140 185 197 197 213
b141 158 232 192 257
b142 120 412 166 439
b143 240 275 286 319
b144 185 168 210 197
b145 42 22 87 56
b146 414 376 448 409
b147 182 342 213 354
b148 269 319 286 344
b149 280 224 302 246
b150 175 136 188 166
b151 237 178 253 205
b152 56 209 89 242
b153 298 167 338 179
b154 217 37 261 79
b155 123 43 136 55
b156 220 257 239 299
b157 99 148 111 190
b158 222 361 250 378
b159 42 375 78 399
b160 238 224 274 236
b161 332 0 363 19
b162 350 99 362 129
b163 258 116 304 163
b164 42 399 74 426
b165 265 71 306 104
b166 265 104 301 116
b167 221 0 268 14
b168 414 409 439 446
b169 289 408 335 436
b170 78 390 123 412
b171 321 26 356 60
b172 25 235 56 260
b173 362 99 384 141
b174 0 193 25 213
b175 384 142 418 154
b176 88 43 108 59
b177 329 116 350 147
b178 50 296 70 312
b179 353 222 398 263
b180 238 205 259 224
b181 276 56 318 71
b182 242 166 275 178
b183 322 276 338 313
b184 429 202 448 222
b185 245 431 289 444
b186 398 253 411 301
b187 197 0 221 22
b188 55 185 95 209
b189 384 154 404 185
b190 0 59 37 93
b191 182 300 219 342
b192 322 313 344 341
b193 384 99 426 142
b194 0 393 42 436
b195 52 68 88 93
b196 396 301 435 317
b197 409 0 444 47
b198 0 0 40 22
b199 78 356 118 390
