576963.25
839205.5
314721
561 561
65.945859
b0 0 217 15 244
b1 218 78 234 105
b2 275 159 297 185
b3 427 0 472 21
b4 392 433 437 473
b5 108 370 134 386
b6 191 91 218 129
b7 388 203 423 232
b8 475 457 511 478
b9 483 478 508 522
b10 483 522 514 537
b11 338 377 379 401
b12 298 198 317 215
b13 158 389 206 422
b14 270 0 314 21
b15 47 322 62 356
b16 78 515 120 560
b17 515 0 556 37
b18 270 58 313 102
b19 414 339 437 375
b20 89 246 102 263
b21 354 323 382 367
b22 288 221 317 256
b23 224 212 264 229
b24 290 306 308 330
b25 127 203 156 246
b26 275 141 302 159
b27 357 283 395 323
b28 515 103 539 115
b29 515 115 544 145
b30 504 405 524 433
b31 382 339 414 375
b32 264 221 283 243
b33 176 0 222 45
b34 549 103 561 132
b35 348 185 374 197
b36 47 0 74 30
b37 388 54 400 83
b38 192 171 213 190
b39 545 196 557 209
b40 392 540 439 559
b41 471 57 507 76
b42 437 303 483 328
b43 317 199 356 220
b44 179 492 203 519
b45 210 423 235 447
b46 127 190 146 203
b47 85 167 125 209
b48 425 265 459 293
b49 290 377 338 401
b50 49 285 68 299
b51 539 343 553 359
b52 339 283 357 320
b53 0 48 36 60
b54 254 243 288 273
b55 201 237 232 263
b56 168 190 199 236
b57 0 0 47 48
b58 469 278 494 303
b59 463 142 510 180
b60 0 368 16 407
b61 47 508 78 553
b62 338 242 384 278
b63 49 200 85 246
b64 272 102 305 117
b65 201 224 224 237
b66 515 61 560 103
b67 374 185 388 218
b68 0 145 28 190
b69 358 98 394 125
b70 33 244 49 289
b71 134 357 168 389
b72 43 433 58 465
b73 423 224 469 236
b74 216 313 259 347
b75 179 353 216 373
b76 472 0 511 36
b77 293 454 333 472
b78 366 401 382 443
b79 516 472 541 512
b80 358 83 394 98
b81 82 433 97 465
b82 336 161 375 185
b83 179 449 216 490
b84 89 209 127 243
b85 210 279 253 313
b86 221 379 260 423
b87 514 512 559 560
b88 439 500 483 529
b89 488 303 508 345
b90 167 91 191 137
b91 47 465 68 508
b92 81 122 128 167
b93 392 516 412 540
b94 120 515 139 546
b95 511 255 548 299
b96 45 154 78 200
b97 206 373 221 413
b98 545 161 558 196
b99 175 137 192 177
b100 511 299 556 343
b101 369 15 399 51
b102 310 401 346 441
b103 104 435 138 469
b104 375 125 389 167
b105 12 322 47 355
b106 257 506 290 518
b107 504 345 519 377
b108 160 519 197 557
b109 104 469 146 515
b110 469 210 511 249
b111 235 423 248 444
b112 395 283 425 308
b113 345 15 369 51
b114 197 527 241 561
b115 159 55 193 77
b116 143 255 162 283
b117 61 395 100 416
b118 471 104 515 142
b119 74 0 119 28
b120 388 167 424 203
b121 382 396 420 430
b122 346 401 366 444
b123 270 22 293 58
b124 336 130 371 161
b125 192 129 238 171
b126 288 256 310 268
b127 456 377 499 402
b128 162 263 206 291
b129 108 336 130 370
b130 128 389 158 415
b131 290 506 335 554
b132 516 433 534 472
b133 339 0 382 15
b134 302 136 336 183
b135 539 359 554 404
b136 12 356 49 368
b137 469 36 497 57
b138 100 389 128 431
b139 420 396 456 433
b140 213 179 256 191
b141 156 236 201 255
b142 238 58 265 95
b143 384 258 408 283
b144 524 390 539 430
b145 524 345 537 390
b146 222 22 270 55
b147 258 472 300 502
b148 363 220 383 238
b149 265 405 287 452
b150 33 299 64 322
b151 470 328 488 370
b152 265 389 284 405
b153 118 48 159 78
b154 232 262 254 279
b155 314 0 339 14
b156 394 112 422 128
b157 128 415 153 435
b158 313 57 326 80
b159 37 122 81 154
b160 459 473 475 500
b161 128 144 175 190
b162 148 339 179 357
b163 232 229 254 262
b164 68 465 104 506
b165 61 416 82 433
b166 264 185 298 221
b167 293 21 330 57
b168 515 37 556 61
b169 36 48 75 72
b170 424 236 469 265
b171 384 236 424 258
b172 375 54 388 81
b173 64 310 96 335
b174 308 320 351 336
b175 382 323 397 339
b176 270 273 308 306
b177 102 246 143 283
b178 412 500 431 517
b179 511 161 545 207
b180 541 430 560 470
b181 0 60 28 90
b182 330 51 375 75
b183 0 244 33 283
b184 62 349 87 395
b185 305 102 332 136
b186 399 21 430 54
b187 437 433 473 471
b188 108 299 148 336
b189 156 190 168 234
b190 0 118 37 145
b191 102 283 136 299
b192 344 444 392 473
b193 146 492 179 509
b194 265 454 293 467
b195 121 78 154 91
b196 246 518 287 559
b197 394 128 422 165
b198 456 402 504 421
b199 397 308 433 339
b200 0 433 43 470
b201 332 101 358 130
b202 430 51 469 85
b203 330 15 345 43
b204 422 128 463 161
b205 409 375 424 396
b206 357 516 392 558
b207 321 336 354 364
b208 0 190 20 217
b209 16 368 61 404
b210 76 297 100 310
b211 0 289 12 305
b212 289 401 310 443
b213 64 335 96 349
b214 253 279 270 306
b215 61 433 82 462
b216 168 291 210 310
b217 148 291 168 339
b218 203 512 246 527
b219 504 377 522 405
b220 469 180 506 210
b221 382 0 427 13
b222 76 263 101 297
b223 440 197 459 219
b224 139 515 160 560
b225 0 517 47 555
b226 510 145 549 161
b227 310 441 342 454
b228 313 81 334 101
b229 20 190 44 238
b230 430 21 463 51
b231 488 345 504 375
b232 469 255 511 278
b233 76 246 89 262
b234 153 422 171 455
b235 317 220 363 242
b236 171 422 210 449
b237 179 313 200 353
b238 49 246 76 285
b239 222 0 262 22
b240 128 125 151 144
b241 503 433 516 457
b242 335 516 357 556
b243 238 145 275 179
b244 168 373 205 386
b245 265 353 289 389
b246 538 209 561 253
b247 424 161 463 197
b248 259 306 290 349
b249 439 529 474 556
b250 308 284 339 318
b251 238 102 272 145
b252 0 407 28 426
b253 324 364 339 377
b254 275 117 288 141
b255 0 470 39 517
b256 87 349 108 362
b257 28 154 45 187
b258 300 472 344 506
b259 0 90 12 116
b260 305 364 324 376
b261 526 207 538 252
b262 368 473 416 500
b263 36 72 83 118
b264 193 55 238 78
b265 511 210 526 255
b266 131 0 176 48
b267 128 91 167 125
b268 28 404 53 426
b269 153 455 171 492
b270 290 330 305 353
b271 216 452 258 476
b272 344 473 368 508
b273 473 433 503 454
b274 201 191 222 224
b275 83 69 111 91
b276 317 185 348 199
b277 119 0 131 47
b278 541 470 554 512
b279 75 30 118 69
b280 394 90 425 112
b281 379 377 409 395
b282 221 349 265 379
b283 298 183 311 198
b284 224 191 254 212
b285 425 90 438 123
b286 216 476 257 512
b287 317 242 338 284
b288 400 54 428 90
b289 437 339 470 376
b290 368 500 395 516
b291 471 76 514 104
b292 474 537 513 561
b293 416 473 459 492
b294 248 423 265 449
b295 548 253 561 296
b296 424 197 440 224
b297 83 91 121 122
b298 438 85 471 125
b299 308 336 321 349
