231775.25
263745.5
199805
449 445
8.03434
b0 268 344 301 387
b1 262 51 327 88
b2 22 239 75 273
b3 260 234 297 301
b4 165 131 184 160
b5 180 406 229 445
b6 222 64 262 82
b7 64 351 86 391
b8 0 304 62 354
b9 149 121 165 162
b10 266 390 284 442
b11 274 153 333 192
b12 387 232 448 260
b13 330 195 387 243
b14 275 301 338 344
b15 338 326 397 378
b16 171 95 228 131
b17 75 241 141 285
b18 287 0 335 51
b19 115 175 146 225
b20 75 285 112 304
b21 211 0 261 64
b22 159 226 208 260
b23 181 357 201 406
b24 301 344 329 389
b25 109 0 163 39
b26 60 405 115 445
b27 353 0 378 65
b28 353 278 392 324
b29 198 260 260 284
b30 236 234 260 260
b31 184 131 210 165
b32 47 93 90 146
b33 362 243 384 278
b34 86 351 113 405
b35 22 273 60 304
b36 201 351 268 390
b37 141 296 201 316
b38 141 273 198 296
b39 57 0 109 55
b40 261 0 287 29
b41 0 354 27 409
b42 34 186 96 239
b43 290 92 336 153
b44 380 85 445 132
b45 90 93 134 116
b46 0 232 22 271
b47 0 56 65 89
b48 92 121 149 148
b49 378 0 425 65
b50 201 284 233 351
b51 65 55 122 93
b52 166 0 211 54
b53 134 78 155 121
b54 335 0 353 61
b55 297 267 353 301
b56 210 146 273 163
b57 141 226 159 273
b58 0 186 34 232
b59 229 390 266 440
b60 274 192 297 232
b61 329 243 362 266
b62 401 326 420 386
b63 228 110 273 146
b64 62 304 112 351
b65 0 0 57 56
b66 388 132 449 199
b67 336 92 380 132
b68 336 132 388 195
b69 92 148 146 175
b70 233 301 275 343
b71 210 163 274 185
b72 146 165 207 226
b73 340 378 401 445
b74 0 146 42 184
b75 208 234 236 253
b76 27 378 60 400
b77 392 260 449 326
b78 297 231 329 267
b79 131 316 191 357
b80 115 285 131 343
b81 42 146 92 186
b82 0 89 47 146
b83 115 225 137 241
b84 425 0 447 67
b85 365 65 390 85
b86 284 390 340 427
b87 122 39 166 78
b88 27 354 64 378
b89 327 65 365 92
b90 297 192 330 231
b91 387 199 443 232
b92 155 95 171 121
b93 115 397 180 432
b94 401 386 442 445
b95 96 186 115 237
b96 115 357 181 397
b97 155 78 222 95
b98 228 88 290 110
b99 208 185 274 234
