254497.75
302425.5
206570
454 455
2.987863
b0 332 410 365 453
b1 40 295 77 360
b2 137 273 190 307
b3 38 224 75 291
b4 299 280 328 299
b5 175 404 214 453
b6 90 57 108 97
b7 325 250 365 272
b8 155 354 217 404
b9 431 289 447 330
b10 374 389 426 407
b11 108 75 167 114
b12 80 175 108 236
b13 118 407 175 455
b14 191 287 234 350
b15 0 108 59 160
b16 108 175 144 232
b17 52 407 118 451
b18 0 361 51 409
b19 283 37 333 68
b20 234 313 253 350
b21 219 0 283 50
b22 77 336 126 370
b23 63 37 112 57
b24 217 350 245 395
b25 197 172 236 226
b26 344 37 384 92
b27 112 50 177 75
b28 271 395 310 441
b29 80 112 104 174
b30 270 202 294 228
b31 283 0 309 34
b32 315 367 368 410
b33 352 92 387 114
b34 426 392 453 446
b35 386 407 417 445
b36 398 169 437 236
b37 75 253 135 273
b38 0 160 57 183
b39 270 228 325 280
b40 171 172 197 201
b41 63 57 90 112
b42 377 236 439 289
b43 328 272 374 333
b44 226 50 273 115
b45 271 367 315 390
b46 310 410 332 449
b47 234 280 299 313
b48 214 414 271 441
b49 126 307 191 354
b50 387 0 419 67
b51 0 238 38 295
b52 276 313 321 367
b53 377 191 398 234
b54 190 226 208 287
b55 374 289 430 323
b56 80 236 143 253
b57 368 407 386 454
b58 236 183 270 229
b59 57 0 107 37
b60 253 313 276 353
b61 51 361 74 394
b62 77 273 137 292
b63 16 409 52 454
b64 287 135 334 185
b65 0 0 57 56
b66 104 114 171 175
b67 77 292 117 336
b68 0 56 63 108
b69 309 0 363 27
b70 294 185 336 227
b71 58 160 80 224
b72 387 108 448 169
b73 283 68 344 135
b74 208 229 246 271
b75 246 229 265 257
b76 336 169 369 191
b77 374 323 431 389
b78 204 116 240 148
b79 387 67 447 108
b80 0 183 58 199
b81 112 0 162 40
b82 162 0 219 47
b83 0 409 16 431
b84 240 116 262 183
b85 74 370 99 390
b86 99 370 155 407
b87 144 201 183 245
b88 363 0 387 37
b89 321 333 359 360
b90 0 199 33 238
b91 171 116 204 172
b92 336 135 352 161
b93 419 0 454 65
b94 336 191 377 250
b95 217 395 268 414
b96 0 295 40 361
b97 270 135 287 202
b98 431 330 453 392
b99 177 50 226 116
