229305.5
259291
199320
453 440
9.120118
b0 401 72 444 105
b1 122 122 159 187
b2 147 270 181 323
b3 39 314 76 381
b4 0 360 29 379
b5 318 336 357 385
b6 356 263 374 303
b7 400 32 422 72
b8 160 84 210 146
b9 302 330 318 371
b10 393 255 445 273
b11 55 208 94 267
b12 76 327 137 355
b13 335 165 392 213
b14 278 41 341 84
b15 341 32 400 84
b16 357 341 393 398
b17 152 40 218 84
b18 302 385 350 436
b19 401 105 451 136
b20 422 32 441 69
b21 286 88 336 152
b22 159 167 208 201
b23 221 201 241 250
b24 202 324 247 352
b25 76 401 130 440
b26 85 0 140 40
b27 210 132 275 157
b28 0 314 39 360
b29 186 401 248 425
b30 181 266 207 290
b31 125 187 159 213
b32 210 88 263 131
b33 350 418 385 440
b34 248 410 302 437
b35 17 164 55 195
b36 374 274 413 341
b37 218 68 278 88
b38 94 213 117 270
b39 393 203 448 255
b40 96 187 125 213
b41 147 323 202 350
b42 0 207 53 269
b43 76 355 137 401
b44 38 0 85 65
b45 263 88 286 132
b46 242 0 264 39
b47 241 196 274 261
b48 218 41 275 68
b49 336 84 401 131
b50 280 263 312 330
b51 140 0 197 38
b52 0 269 54 314
b53 160 146 203 167
b54 375 213 393 274
b55 336 131 392 165
b56 0 144 17 207
b57 71 89 118 107
b58 56 107 102 141
b59 39 381 76 431
b60 56 141 96 164
b61 247 324 280 347
b62 350 399 410 418
b63 197 0 242 36
b64 137 350 184 400
b65 0 87 56 144
b66 274 196 335 263
b67 56 164 96 208
b68 250 347 302 410
b69 85 62 139 89
b70 393 341 435 383
b71 208 174 272 196
b72 207 263 268 324
b73 392 136 453 203
b74 0 37 38 79
b75 339 0 358 28
b76 38 65 71 87
b77 81 270 147 327
b78 358 0 394 32
b79 275 152 335 193
b80 393 383 451 399
b81 335 213 375 263
b82 117 213 164 270
b83 181 290 203 306
b84 85 40 152 62
b85 102 158 122 183
b86 130 401 186 438
b87 312 263 356 302
b88 0 0 24 37
b89 54 267 81 305
b90 121 89 160 122
b91 318 303 374 336
b92 264 0 280 26
b93 164 201 199 266
b94 280 0 339 41
b95 102 107 121 158
b96 413 273 453 339
b97 208 157 275 174
b98 199 201 221 263
b99 184 352 250 401
