338683.75
476217.5
201150
450 447
38.440958
b0 295 45 331 61
b1 119 100 158 119
b2 247 50 288 85
b3 243 85 290 103
b4 46 211 78 237
b5 246 0 277 35
b6 176 336 189 365
b7 180 19 201 47
b8 213 244 245 259
b9 110 329 156 363
b10 67 39 112 71
b11 220 309 234 345
b12 83 116 119 158
b13 64 71 112 116
b14 0 321 15 346
b15 202 36 247 82
b16 381 248 399 270
b17 277 0 303 33
b18 154 47 188 66
b19 374 214 404 226
b20 409 338 437 371
b21 245 103 284 147
b22 103 0 129 39
b23 347 338 372 378
b24 248 201 273 216
b25 67 0 103 36
b26 42 24 67 67
b27 0 287 15 321
b28 409 273 447 319
b29 16 0 53 12
b30 220 292 247 309
b31 293 216 330 232
b32 129 19 161 42
b33 19 287 37 323
b34 158 100 196 119
b35 216 132 231 165
b36 124 257 136 285
b37 140 178 161 194
b38 378 154 404 187
b39 176 282 218 312
b40 329 277 357 318
b41 42 67 58 83
b42 160 0 204 19
b43 56 268 90 308
b44 160 259 176 286
b45 231 127 245 164
b46 247 35 295 50
b47 204 0 227 14
b48 248 296 274 320
b49 0 105 40 136
b50 243 168 285 201
b51 133 194 160 242
b52 106 207 133 244
b53 209 370 227 387
b54 284 104 300 147
b55 189 357 235 370
b56 352 207 374 232
b57 0 239 19 287
b58 87 211 106 252
b59 235 321 281 367
b60 80 360 110 395
b61 235 367 268 401
b62 281 311 326 348
b63 202 85 217 120
b64 110 363 157 411
b65 218 259 248 292
b66 56 237 87 268
b67 372 316 409 360
b68 357 277 381 312
b69 37 287 56 325
b70 0 24 14 60
b71 414 44 448 86
b72 90 252 124 285
b73 340 164 378 182
b74 28 195 46 224
b75 179 197 206 220
b76 342 32 356 44
b77 0 0 16 24
b78 379 86 422 112
b79 300 106 319 143
b80 313 277 328 291
b81 268 367 288 399
b82 341 0 374 32
b83 103 170 140 189
b84 290 61 327 104
b85 19 239 56 287
b86 331 45 355 69
b87 381 229 426 248
b88 381 273 409 316
b89 189 389 224 401
b90 422 129 446 174
b91 0 195 28 239
b92 112 42 154 66
b93 245 147 288 168
b94 28 224 44 239
b95 288 348 313 384
b96 319 182 364 207
b97 399 248 427 273
b98 112 84 138 100
b99 39 399 76 419
b100 393 376 418 403
b101 374 0 422 40
b102 303 0 341 25
b103 157 367 189 399
b104 90 285 126 310
b105 378 112 409 154
b106 138 66 177 100
b107 46 195 91 211
b108 325 232 337 265
b109 313 265 335 277
b110 40 105 63 149
b111 427 256 445 269
b112 161 178 179 224
b113 422 86 450 129
b114 157 328 176 367
b115 283 259 313 296
b116 174 120 216 157
b117 304 143 328 180
b118 248 257 283 296
b119 136 242 160 278
b120 68 116 83 161
b121 406 184 438 229
b122 144 119 174 162
b123 160 224 173 259
b124 303 32 342 45
b125 103 189 131 207
b126 310 393 338 431
b127 0 167 24 189
b128 319 106 344 142
b129 238 401 284 445
b130 337 232 381 277
b131 326 318 362 338
b132 140 162 178 178
b133 234 309 248 321
b134 327 69 343 98
b135 274 296 311 311
b136 409 319 433 338
b137 112 66 134 84
b138 285 186 307 216
b139 126 411 157 444
b140 438 210 450 226
b141 177 66 202 100
b142 347 378 393 405
b143 24 149 68 195
b144 37 325 62 354
b145 313 348 347 393
b146 344 131 378 164
b147 129 0 160 12
b148 397 44 414 69
b149 42 83 64 105
b150 213 165 243 178
b151 427 229 443 256
b152 173 224 206 257
b153 39 387 79 399
b154 0 60 42 104
b155 124 244 136 257
b156 90 310 132 329
b157 231 85 243 127
b158 404 156 421 184
b159 15 368 39 404
b160 328 143 340 179
b161 90 329 109 360
b162 374 202 404 214
b163 191 401 238 447
b164 293 232 325 259
b165 39 354 80 387
b166 438 174 450 210
b167 217 85 231 132
b168 176 257 213 282
b169 62 308 90 354
b170 15 323 37 368
b171 68 161 103 195
b172 344 106 375 131
b173 204 14 246 36
b174 359 81 379 106
b175 307 182 319 216
b176 313 291 329 311
b177 189 336 220 357
b178 343 81 359 101
b179 248 216 293 257
b180 161 19 180 40
b181 364 187 406 202
b182 103 158 136 170
b183 372 360 409 376
b184 189 370 209 389
b185 409 112 422 156
b186 338 405 386 418
b187 330 207 352 231
b188 176 312 216 336
b189 0 136 20 167
b190 157 401 191 438
b191 355 44 397 81
b192 213 178 241 200
b193 206 201 248 244
b194 132 286 175 328
b195 119 119 144 155
b196 288 147 304 186
b197 79 411 126 446
b198 288 384 310 424
b199 179 157 213 197
