228947.75
255865.5
202030
445 454
2.564706
b0 249 231 282 274
b1 94 0 131 65
b2 205 106 258 140
b3 0 108 37 175
b4 239 22 258 51
b5 106 121 155 160
b6 260 387 300 405
b7 176 206 216 228
b8 215 56 277 106
b9 331 406 347 447
b10 324 330 342 382
b11 96 264 135 323
b12 177 106 205 167
b13 274 406 331 454
b14 131 0 174 63
b15 393 122 445 181
b16 381 265 417 322
b17 209 140 275 184
b18 133 406 184 454
b19 371 234 421 265
b20 299 204 336 223
b21 46 264 96 328
b22 68 230 117 264
b23 344 122 393 142
b24 353 290 381 335
b25 37 0 91 39
b26 336 142 391 182
b27 196 324 261 349
b28 297 291 343 330
b29 85 163 109 225
b30 381 322 407 346
b31 117 197 151 223
b32 401 181 444 234
b33 361 77 383 112
b34 142 322 196 349
b35 206 231 244 262
b36 46 163 85 230
b37 417 265 437 325
b38 317 52 374 75
b39 208 349 260 404
b40 67 388 93 417
b41 377 346 432 373
b42 196 262 249 324
b43 0 237 46 298
b44 336 182 401 229
b45 0 319 44 342
b46 155 121 177 160
b47 67 421 132 454
b48 297 330 324 387
b49 174 0 239 47
b50 299 223 331 290
b51 37 39 94 77
b52 383 77 437 122
b53 0 298 43 319
b54 353 229 371 290
b55 377 373 433 407
b56 282 204 299 267
b57 46 115 64 162
b58 258 22 304 56
b59 0 58 37 108
b60 249 274 289 297
b61 117 223 150 246
b62 374 17 393 77
b63 261 297 297 342
b64 0 342 47 392
b65 94 65 151 121
b66 0 392 67 453
b67 317 75 361 115
b68 304 0 367 52
b69 88 328 142 355
b70 64 121 106 163
b71 239 0 303 22
b72 135 261 196 322
b73 275 137 336 204
b74 0 199 42 237
b75 300 387 328 406
b76 393 17 415 50
b77 142 349 208 406
b78 261 342 297 374
b79 47 328 88 388
b80 0 0 16 58
b81 277 56 317 106
b82 216 184 273 231
b83 46 230 68 246
b84 277 115 344 137
b85 151 206 176 226
b86 109 160 165 197
b87 165 167 209 206
b88 0 175 37 199
b89 58 77 85 115
b90 347 407 380 446
b91 150 228 206 261
b92 42 77 58 103
b93 342 335 377 400
b94 174 47 215 106
b95 151 65 170 116
b96 93 355 133 421
b97 367 0 434 17
b98 331 229 353 291
b99 208 405 274 454
