580201.25
845681.5
314721
561 561
73.703116
b0 543 416 558 443
b1 326 233 353 249
b2 187 47 213 69
b3 158 327 179 372
b4 189 438 229 483
b5 164 422 180 448
b6 501 393 528 431
b7 416 482 445 517
b8 407 97 428 133
b9 16 288 41 332
b10 83 206 114 221
b11 279 64 320 88
b12 140 0 159 17
b13 365 233 413 266
b14 0 494 44 515
b15 74 420 89 454
b16 339 393 384 435
b17 176 164 213 205
b18 517 121 561 164
b19 114 265 150 288
b20 207 486 220 503
b21 467 236 511 264
b22 195 527 230 556
b23 438 528 478 545
b24 384 400 408 418
b25 430 116 459 159
b26 221 138 248 156
b27 458 371 498 409
b28 413 252 425 276
b29 157 251 187 280
b30 384 419 412 439
b31 190 215 222 251
b32 262 235 284 254
b33 0 34 46 79
b34 461 158 473 187
b35 390 189 416 201
b36 257 26 287 53
b37 159 0 171 29
b38 83 264 104 283
b39 192 296 204 309
b40 294 470 313 517
b41 514 321 533 357
b42 230 519 276 544
b43 399 534 438 555
b44 61 81 88 105
b45 433 358 458 382
b46 204 296 223 309
b47 29 365 69 407
b48 114 364 142 398
b49 184 0 232 24
b50 114 288 133 302
b51 514 289 528 305
b52 407 277 444 295
b53 392 0 428 12
b54 407 63 437 97
b55 114 398 145 424
b56 287 369 333 400
b57 513 0 561 47
b58 276 519 301 544
b59 285 281 323 328
b60 326 249 365 265
b61 192 251 223 296
b62 81 122 127 158
b63 411 383 457 419
b64 256 294 271 327
b65 242 438 255 461
b66 88 77 130 122
b67 157 215 190 229
b68 342 124 370 169
b69 516 357 543 393
b70 140 17 156 62
b71 486 493 518 527
b72 260 220 292 235
b73 445 482 457 528
b74 0 0 43 34
b75 286 99 323 119
b76 269 177 308 213
b77 470 69 510 87
b78 384 350 426 366
b79 184 397 224 422
b80 43 227 79 242
b81 332 169 364 184
b82 233 60 257 99
b83 473 195 510 236
b84 519 527 557 561
b85 457 425 500 459
b86 42 147 81 191
b87 92 0 140 45
b88 30 455 74 484
b89 141 505 183 525
b90 117 469 141 515
b91 253 0 296 21
b92 346 476 393 521
b93 443 213 467 233
b94 348 33 379 52
b95 473 158 517 195
b96 313 470 346 516
b97 138 141 178 156
b98 171 0 184 35
b99 428 0 468 17
b100 515 47 560 91
b101 47 282 83 312
b102 47 242 83 282
b103 199 69 233 103
b104 228 369 242 411
b105 371 63 406 96
b106 297 400 309 433
b107 332 187 347 219
b108 323 281 360 319
b109 46 0 92 42
b110 157 77 199 116
b111 270 143 283 164
b112 470 264 500 289
b113 483 527 519 551
b114 252 99 286 143
b115 257 60 279 94
b116 320 73 348 92
b117 158 288 179 327
b118 412 419 456 457
b119 381 305 409 350
b120 192 327 228 363
b121 0 99 34 137
b122 0 79 43 99
b123 213 156 249 179
b124 221 103 252 138
b125 0 137 42 183
b126 130 77 152 89
b127 0 204 43 229
b128 114 302 158 330
b129 371 124 405 146
b130 213 179 239 209
b131 29 407 74 455
b132 528 282 546 321
b133 65 317 80 360
b134 80 317 114 364
b135 130 424 145 469
b136 180 422 217 434
b137 249 143 270 171
b138 159 35 187 77
b139 228 327 265 363
b140 449 165 461 208
b141 145 424 164 469
b142 0 383 27 420
b143 165 448 189 473
b144 130 126 170 141
b145 117 424 130 469
b146 416 165 449 213
b147 516 463 558 493
b148 397 45 417 63
b149 517 164 539 211
b150 393 482 416 513
b151 517 211 559 229
b152 500 463 516 482
b153 517 91 558 121
b154 411 366 433 383
b155 430 102 455 116
b156 0 307 16 335
b157 44 484 64 509
b158 528 393 541 416
b159 88 45 132 77
b160 82 158 98 185
b161 511 236 558 282
b162 500 431 531 449
b163 478 102 511 124
b164 409 295 445 336
b165 232 0 253 17
b166 263 400 297 436
b167 308 328 344 365
b168 183 486 207 527
b169 284 328 308 367
b170 457 482 486 527
b171 470 289 492 329
b172 416 213 443 226
b173 405 133 430 165
b174 458 409 501 425
b175 501 358 516 374
b176 461 125 499 158
b177 286 124 327 161
b178 543 443 560 462
b179 149 527 195 561
b180 344 319 363 359
b181 244 264 272 294
b182 242 369 287 393
b183 437 63 470 102
b184 445 277 470 323
b185 384 366 411 400
b186 287 33 320 64
b187 43 109 79 147
b188 255 438 292 478
b189 172 372 184 416
b190 130 89 157 126
b191 465 459 499 475
b192 0 335 29 383
b193 230 544 263 561
b194 64 484 77 512
b195 425 264 458 277
b196 0 515 41 556
b197 139 187 176 215
b198 98 158 117 206
b199 230 483 261 519
b200 347 189 390 226
b201 296 0 325 26
b202 336 521 370 560
b203 46 81 61 109
b204 261 478 294 519
b205 327 124 342 145
b206 301 519 336 561
b207 223 294 256 322
b208 365 0 392 20
b209 471 0 507 45
b210 370 521 394 534
b211 272 281 284 297
b212 539 164 560 206
b213 326 265 358 279
b214 499 124 516 151
b215 370 534 399 555
b216 265 327 284 369
b217 306 233 326 281
b218 178 116 221 131
b219 426 336 454 354
b220 351 439 381 476
b221 270 164 315 177
b222 232 26 257 60
b223 117 200 139 219
b224 348 52 369 97
b225 89 515 136 553
b226 14 455 30 494
b227 136 525 149 557
b228 249 171 269 192
b229 41 317 65 365
b230 309 400 339 433
b231 398 20 428 36
b232 423 459 465 482
b233 165 473 181 486
b234 308 187 326 220
b235 492 289 514 335
b236 145 372 172 411
b237 0 183 40 204
b238 224 411 263 438
b239 284 235 306 275
b240 459 102 478 125
b241 308 220 332 233
b242 320 33 342 73
b243 114 330 151 364
b244 458 358 495 371
b245 141 469 165 505
b246 470 335 514 358
b247 43 191 82 227
b248 83 221 114 264
b249 89 424 116 459
b250 83 283 114 317
b251 292 436 335 470
b252 413 233 441 252
b253 144 215 157 230
b254 179 323 192 347
b255 360 266 407 305
b256 229 438 242 459
b257 417 45 450 62
b258 184 363 228 397
b259 500 449 526 461
b260 0 288 12 307
b261 438 545 483 557
b262 323 97 371 124
b263 0 242 47 288
b264 187 24 232 47
b265 470 87 515 102
b266 41 515 89 560
b267 344 359 383 393
b268 0 420 22 445
b269 363 305 381 342
b270 543 337 558 360
b271 471 45 513 69
b272 371 165 406 189
b273 223 264 244 294
b274 178 131 199 164
b275 441 236 463 264
b276 0 455 14 486
b277 531 416 543 463
b278 69 364 111 377
b279 74 377 113 420
b280 138 156 160 187
b281 379 33 397 63
b282 114 221 144 265
b283 82 185 95 200
b284 393 459 423 480
b285 365 20 398 33
b286 46 45 87 81
b287 117 158 138 200
b288 371 96 407 124
b289 77 478 110 515
b290 533 321 560 337
b291 428 17 471 45
b292 223 240 262 264
b293 74 459 117 478
b294 315 161 332 187
b295 179 280 192 323
b296 335 435 351 462
b297 222 209 260 240
b298 325 0 365 33
b299 272 297 285 310
