588245.75
861770.5
314721
561 561
94.646095
b0 92 515 107 542
b1 261 427 277 454
b2 139 325 161 351
b3 339 91 384 112
b4 385 511 425 556
b5 148 102 174 118
b6 95 244 133 271
b7 382 437 417 466
b8 48 322 69 358
b9 398 138 423 182
b10 176 279 207 294
b11 353 242 394 266
b12 285 214 304 231
b13 123 140 156 188
b14 101 62 122 106
b15 95 271 129 286
b16 430 25 472 70
b17 471 337 512 374
b18 77 200 120 244
b19 107 515 130 551
b20 46 252 59 269
b21 494 455 522 499
b22 0 171 35 200
b23 410 482 450 499
b24 339 12 357 36
b25 105 335 134 378
b26 460 270 478 297
b27 330 153 368 193
b28 67 294 79 318
b29 531 136 560 166
b30 417 462 445 482
b31 519 378 555 410
b32 487 318 509 337
b33 77 155 123 200
b34 24 448 53 460
b35 253 290 265 316
b36 395 401 422 431
b37 401 48 430 60
b38 0 152 21 171
b39 122 49 134 62
b40 377 352 396 399
b41 12 312 48 331
b42 135 38 181 63
b43 0 291 39 312
b44 112 378 139 402
b45 48 269 72 294
b46 219 422 232 441
b47 517 0 559 40
b48 185 338 213 372
b49 172 467 196 515
b50 308 258 327 272
b51 178 63 194 77
b52 330 193 367 211
b53 383 401 395 437
b54 118 106 148 140
b55 511 523 542 549
b56 139 383 185 414
b57 430 70 478 117
b58 459 164 484 189
b59 308 287 346 334
b60 133 230 149 269
b61 379 466 410 511
b62 250 0 296 36
b63 469 117 515 153
b64 176 294 191 327
b65 149 230 172 243
b66 47 476 92 518
b67 454 297 487 311
b68 450 519 495 547
b69 0 255 27 291
b70 338 399 383 415
b71 308 334 340 368
b72 310 153 325 185
b73 106 109 118 155
b74 24 414 67 448
b75 92 495 129 515
b76 171 515 207 554
b77 414 291 454 309
b78 207 242 223 284
b79 246 474 271 514
b80 129 495 165 510
b81 515 113 530 145
b82 340 442 379 466
b83 250 146 291 183
b84 67 376 105 410
b85 182 27 225 61
b86 493 166 532 210
b87 56 61 101 109
b88 207 515 236 559
b89 265 217 285 259
b90 253 351 299 375
b91 196 467 217 510
b92 175 146 220 193
b93 176 83 196 107
b94 156 118 175 149
b95 524 40 561 84
b96 73 109 106 155
b97 314 36 329 76
b98 112 423 125 458
b99 37 188 77 205
b100 0 475 45 519
b101 149 243 179 279
b102 522 455 558 495
b103 396 367 430 401
b104 340 428 382 442
b105 12 331 45 366
b106 256 187 289 199
b107 513 410 528 442
b108 524 310 561 348
b109 451 189 493 235
b110 298 423 340 462
b111 101 49 122 62
b112 532 241 557 271
b113 0 231 36 255
b114 233 36 277 70
b115 361 112 383 146
b116 48 294 67 322
b117 194 61 233 82
b118 450 462 494 500
b119 236 515 264 560
b120 262 391 298 427
b121 456 407 494 441
b122 135 63 178 83
b123 423 164 459 187
b124 365 0 396 35
b125 264 514 306 560
b126 478 236 490 258
b127 277 66 302 109
b128 53 448 97 476
b129 0 386 22 420
b130 383 112 413 138
b131 196 98 241 146
b132 367 197 406 215
b133 256 199 299 214
b134 36 205 70 252
b135 97 423 112 468
b136 122 62 134 99
b137 179 242 207 263
b138 225 324 253 366
b139 37 109 73 146
b140 512 272 524 315
b141 494 410 513 455
b142 367 215 404 242
b143 487 272 512 296
b144 0 59 15 99
b145 365 35 410 48
b146 471 374 519 407
b147 519 348 561 378
b148 77 244 95 264
b149 308 368 355 390
b150 299 185 330 208
b151 123 188 141 230
b152 515 145 531 164
b153 220 146 250 187
b154 487 296 504 318
b155 449 547 474 561
b156 508 40 524 68
b157 411 342 431 367
b158 459 441 482 454
b159 528 410 560 454
b160 406 187 433 203
b161 423 117 469 164
b162 232 0 250 31
b163 87 0 120 22
b164 69 335 105 376
b165 443 270 460 291
b166 272 290 308 324
b167 302 76 339 112
b168 511 499 552 523
b169 299 399 338 423
b170 217 467 246 512
b171 225 259 265 281
b172 421 248 448 261
b173 296 0 321 32
b174 21 109 37 152
b175 406 248 421 264
b176 37 155 75 188
b177 14 0 55 37
b178 291 153 310 170
b179 185 372 219 418
b180 225 284 244 324
b181 79 294 109 322
b182 19 37 64 61
b183 406 203 445 236
b184 471 0 517 25
b185 346 303 380 330
b186 109 290 142 321
b187 431 311 469 347
b188 47 518 87 555
b189 321 0 365 12
b190 182 0 219 27
b191 451 236 467 270
b192 304 229 352 258
b193 291 136 324 153
b194 498 500 511 528
b195 176 107 189 140
b196 130 515 171 556
b197 493 210 530 238
b198 450 500 498 519
b199 0 200 36 231
b200 19 61 56 104
b201 327 258 353 287
b202 310 477 349 511
b203 185 418 213 433
b204 430 368 471 401
b205 355 380 376 395
b206 225 217 260 259
b207 145 433 178 461
b208 219 366 246 386
b209 472 25 508 70
b210 145 414 169 427
b211 240 444 256 456
b212 219 401 261 422
b213 0 0 14 32
b214 272 324 289 351
b215 414 264 443 285
b216 134 83 176 102
b217 125 415 145 463
b218 219 386 262 401
b219 235 70 263 88
b220 277 36 314 66
b221 67 410 112 423
b222 177 217 211 242
b223 0 37 19 59
b224 0 104 21 149
b225 135 0 182 38
b226 196 82 235 98
b227 125 463 138 495
b228 0 366 21 386
b229 425 511 449 559
b230 349 477 379 510
b231 139 367 169 383
b232 339 48 362 90
b233 0 459 13 475
b234 291 112 324 130
b235 355 334 377 380
b236 530 84 557 123
b237 161 327 182 367
b238 527 271 554 310
b239 478 91 518 113
b240 72 271 95 290
b241 530 123 554 136
b242 532 201 554 241
b243 490 238 527 272
b244 69 322 106 335
b245 220 187 256 211
b246 427 0 471 23
b247 271 477 310 513
b248 380 309 411 352
b249 532 166 559 201
b250 138 463 172 494
b251 422 401 456 444
b252 27 255 46 283
b253 285 231 300 244
b254 253 123 277 136
b255 0 519 47 558
b256 334 211 355 224
b257 411 309 428 342
b258 191 294 225 338
b259 241 88 253 114
b260 253 316 272 328
b261 406 236 451 248
b262 87 22 135 49
b263 306 514 352 561
b264 64 0 87 45
b265 287 462 332 477
b266 22 366 67 414
b267 142 286 176 325
b268 200 444 225 466
b269 422 444 459 462
b270 225 444 240 467
b271 177 193 219 217
b272 253 88 277 123
b273 67 423 97 444
b274 431 347 464 368
b275 232 422 260 444
b276 396 0 427 14
b277 0 312 12 359
b278 340 415 382 428
b279 362 48 401 91
b280 178 433 200 464
b281 304 211 334 229
b282 368 153 398 197
b283 112 402 127 415
b284 277 427 298 457
b285 106 322 139 335
b286 325 112 361 153
b287 478 70 520 91
b288 141 193 177 221
b289 353 266 386 303
b290 97 468 113 495
b291 386 266 414 309
b292 0 420 24 459
b293 156 149 175 192
b294 261 457 287 474
b295 413 70 426 113
b296 262 375 289 391
b297 265 259 303 290
b298 352 513 385 553
b299 219 0 232 13
