332845.75
466329.5
199362
447 446
45.86135
b0 430 114 446 150
b1 148 87 167 126
b2 14 380 49 421
b3 429 263 447 310
b4 353 397 379 429
b5 114 165 145 200
b6 215 187 244 200
b7 39 40 60 68
b8 59 293 91 308
b9 282 41 328 75
b10 209 406 254 438
b11 198 0 234 14
b12 376 216 418 252
b13 209 358 254 406
b14 364 252 379 277
b15 276 363 321 409
b16 236 88 254 110
b17 261 298 294 324
b18 139 274 158 308
b19 215 281 227 311
b20 321 363 349 396
b21 250 228 294 267
b22 0 40 39 66
b23 67 107 92 147
b24 205 318 220 343
b25 313 213 349 249
b26 0 229 25 272
b27 25 257 59 272
b28 294 285 340 323
b29 397 178 409 215
b30 148 63 175 80
b31 199 281 215 318
b32 92 335 115 367
b33 62 345 80 381
b34 213 27 232 65
b35 382 280 397 313
b36 355 191 367 219
b37 282 146 298 167
b38 168 186 201 212
b39 118 73 148 115
b40 340 331 381 359
b41 227 268 243 284
b42 294 211 313 255
b43 374 125 408 165
b44 337 125 364 141
b45 107 59 144 73
b46 279 348 327 363
b47 147 238 170 252
b48 147 214 173 238
b49 28 0 59 40
b50 297 169 330 211
b51 215 160 263 187
b52 280 0 317 27
b53 0 192 18 209
b54 416 317 432 360
b55 354 19 400 32
b56 330 191 355 213
b57 99 74 118 122
b58 100 246 141 265
b59 379 397 425 443
b60 256 110 286 145
b61 254 75 287 109
b62 130 376 167 421
b63 377 90 392 125
b64 107 12 155 59
b65 130 346 163 376
b66 83 150 114 181
b67 409 154 446 198
b68 82 421 117 445
b69 207 243 226 281
b70 25 157 39 193
b71 340 285 382 319
b72 331 251 364 285
b73 14 422 52 440
b74 118 115 147 133
b75 279 324 306 347
b76 0 329 14 341
b77 14 340 38 356
b78 287 75 330 101
b79 39 157 58 194
b80 153 421 167 436
b81 0 209 32 229
b82 67 74 99 107
b83 317 19 354 38
b84 213 110 256 147
b85 395 360 443 397
b86 298 101 322 125
b87 317 0 362 19
b88 379 252 422 280
b89 50 345 62 380
b90 25 112 49 157
b91 330 144 374 172
b92 16 316 58 340
b93 0 113 21 156
b94 432 317 447 333
b95 418 198 443 234
b96 175 42 200 87
b97 298 144 326 169
b98 0 272 16 298
b99 58 308 78 345
b100 400 19 425 46
b101 91 265 139 305
b102 372 178 397 216
b103 114 133 146 165
b104 254 410 279 446
b105 173 212 215 243
b106 168 147 202 186
b107 0 68 16 113
b108 147 181 159 214
b109 171 322 183 344
b110 61 249 84 293
b111 374 165 392 178
b112 349 359 395 377
b113 215 200 258 228
b114 298 125 337 144
b115 294 255 331 285
b116 279 409 321 446
b117 76 212 100 249
b118 381 319 416 358
b119 258 204 294 228
b120 208 343 253 358
b121 321 396 353 441
b122 92 305 135 335
b123 158 274 171 309
b124 200 42 213 81
b125 0 0 28 18
b126 67 0 95 38
b127 146 157 168 181
b128 0 156 25 192
b129 21 68 67 112
b130 352 46 397 90
b131 117 421 153 441
b132 213 72 251 88
b133 0 341 14 353
b134 397 280 413 309
b135 61 212 76 249
b136 392 90 411 114
b137 82 400 104 418
b138 141 252 171 274
b139 261 267 294 298
b140 38 340 50 356
b141 306 323 340 348
b142 234 0 280 27
b143 167 103 213 147
b144 422 234 447 263
b145 232 27 266 72
b146 173 243 207 276
b147 0 298 12 329
b148 254 361 271 386
b149 183 322 205 344
b150 206 88 236 101
b151 266 41 282 68
b152 82 367 115 400
b153 80 320 92 360
b154 16 272 58 316
b155 78 308 91 320
b156 330 172 372 191
b157 107 0 149 12
b158 39 194 67 211
b159 14 356 50 380
b160 340 319 376 331
b161 148 126 167 157
b162 115 335 127 365
b163 100 200 147 246
b164 349 219 376 251
b165 49 381 82 422
b166 286 110 298 146
b167 266 27 313 41
b168 254 324 279 361
b169 171 276 199 322
b170 39 212 61 257
b171 227 284 261 319
b172 58 150 83 181
b173 330 46 352 88
b174 369 377 394 397
b175 171 344 205 356
b176 87 181 107 197
b177 220 319 251 340
b178 349 377 369 393
b179 167 356 208 401
b180 155 42 174 63
b181 115 365 130 407
b182 135 309 168 321
b183 413 280 429 317
b184 263 145 282 165
b185 215 147 259 160
b186 202 147 215 195
b187 254 386 276 410
b188 226 228 250 268
b189 67 181 87 212
b190 263 167 297 204
b191 397 46 434 88
b192 92 122 114 150
b193 167 401 209 444
b194 155 0 198 42
b195 135 321 171 346
b196 167 87 206 103
b197 330 90 377 125
b198 408 114 430 154
b199 67 40 107 74
