260243.25
313916.5
206570
454 455
1.889665
b0 301 37 334 80
b1 233 79 270 144
b2 363 215 397 268
b3 301 0 368 37
b4 425 111 454 130
b5 404 327 453 366
b6 322 215 362 233
b7 76 344 116 366
b8 295 107 345 169
b9 354 398 395 414
b10 183 354 201 406
b11 183 315 242 354
b12 397 215 425 276
b13 61 0 109 57
b14 233 169 296 212
b15 65 61 117 120
b16 229 419 286 455
b17 0 181 44 247
b18 0 247 51 295
b19 157 61 207 92
b20 191 167 228 186
b21 354 334 404 398
b22 404 366 438 415
b23 305 331 354 351
b24 184 419 229 447
b25 22 0 61 54
b26 117 61 157 116
b27 297 219 322 284
b28 76 305 122 344
b29 65 176 127 200
b30 207 76 233 100
b31 114 419 148 445
b32 33 301 76 354
b33 0 360 35 382
b34 236 354 263 408
b35 352 415 390 446
b36 191 100 230 167
b37 52 366 112 386
b38 240 264 297 287
b39 188 219 240 274
b40 368 0 397 26
b41 221 287 276 314
b42 52 386 114 439
b43 109 0 155 61
b44 0 111 65 158
b45 0 158 44 181
b46 85 200 124 222
b47 0 295 33 360
b48 270 80 327 107
b49 116 372 181 419
b50 351 44 383 111
b51 395 415 452 453
b52 240 219 294 264
b53 395 284 416 327
b54 287 289 305 350
b55 51 200 85 256
b56 334 37 351 100
b57 135 253 182 271
b58 157 92 191 138
b59 416 277 453 327
b60 233 144 273 167
b61 188 186 211 219
b62 282 19 301 79
b63 242 315 287 351
b64 0 64 50 111
b65 65 120 122 176
b66 383 44 444 111
b67 397 0 437 44
b68 0 382 52 445
b69 263 351 290 405
b70 305 289 347 331
b71 0 0 22 64
b72 155 0 216 61
b73 122 305 183 372
b74 85 222 123 264
b75 202 287 221 315
b76 211 186 233 219
b77 216 19 282 76
b78 148 419 184 451
b79 363 174 423 215
b80 290 388 348 404
b81 355 284 395 334
b82 363 127 420 174
b83 363 111 385 127
b84 127 138 149 205
b85 270 107 295 127
b86 290 351 346 388
b87 149 176 188 220
b88 51 264 75 301
b89 149 138 176 176
b90 135 220 174 253
b91 322 233 355 289
b92 363 268 389 284
b93 201 354 236 419
b94 76 264 135 305
b95 216 0 267 19
b96 297 169 363 209
b97 135 274 202 291
b98 425 215 447 277
b99 286 405 352 454
