237811.5
275379
200244
451 444
4.910381
b0 253 70 286 113
b1 0 128 37 193
b2 173 194 226 228
b3 164 28 231 65
b4 227 171 256 190
b5 377 181 426 220
b6 386 347 404 387
b7 406 248 428 288
b8 167 394 229 444
b9 37 0 78 16
b10 170 151 222 169
b11 124 276 183 315
b12 164 0 225 28
b13 27 24 75 81
b14 153 351 216 394
b15 267 281 326 333
b16 153 315 210 351
b17 320 346 386 390
b18 55 219 106 267
b19 279 230 310 280
b20 348 87 367 124
b21 231 20 295 70
b22 260 113 309 147
b23 154 92 203 112
b24 0 288 45 316
b25 374 103 428 142
b26 329 272 384 312
b27 309 124 374 149
b28 103 171 149 210
b29 286 87 348 111
b30 294 198 318 224
b31 55 157 81 191
b32 0 245 53 288
b33 102 276 124 311
b34 146 214 173 268
b35 222 113 260 144
b36 227 191 294 230
b37 428 188 448 248
b38 170 171 227 194
b39 0 193 55 245
b40 55 128 81 157
b41 0 24 27 79
b42 75 16 137 69
b43 0 383 61 429
b44 102 394 167 441
b45 121 148 165 171
b46 405 61 427 100
b47 318 220 383 253
b48 137 65 194 92
b49 0 81 65 128
b50 361 149 428 181
b51 165 113 222 151
b52 298 393 352 438
b53 149 171 170 214
b54 103 108 121 169
b55 356 0 390 56
b56 225 0 288 17
b57 428 248 446 295
b58 326 312 372 346
b59 229 394 266 444
b60 352 390 375 430
b61 384 288 417 311
b62 428 61 447 121
b63 386 311 431 347
b64 55 267 102 317
b65 183 230 239 287
b66 92 317 153 384
b67 239 230 279 274
b68 257 334 320 386
b69 137 0 164 54
b70 404 362 446 404
b71 81 128 103 192
b72 390 0 451 61
b73 295 20 356 87
b74 367 61 405 103
b75 310 253 329 281
b76 222 147 255 169
b77 35 317 92 383
b78 266 394 298 430
b79 61 384 102 444
b80 318 203 376 219
b81 203 70 253 110
b82 210 287 267 334
b83 361 181 377 203
b84 428 121 450 188
b85 288 0 313 20
b86 375 404 431 441
b87 256 147 295 191
b88 0 0 37 24
b89 55 192 93 219
b90 75 69 108 108
b91 121 92 154 148
b92 65 108 91 124
b93 0 316 35 381
b94 216 334 257 393
b95 329 253 380 272
b96 106 210 146 276
b97 431 295 448 362
b98 384 220 406 282
b99 295 149 361 198
