378065
553630
202500
450 450
44.532785
b0 136 160 152 196
b1 194 138 213 177
b2 184 409 219 450
b3 321 35 368 53
b4 192 51 224 77
b5 350 0 381 35
b6 92 391 105 420
b7 180 177 208 198
b8 137 433 169 448
b9 244 371 290 405
b10 186 0 231 32
b11 250 405 264 441
b12 58 33 100 69
b13 0 402 48 447
b14 403 113 418 138
b15 135 387 180 433
b16 168 310 190 328
b17 272 301 298 334
b18 252 115 271 149
b19 180 51 192 81
b20 185 198 218 226
b21 401 408 445 447
b22 303 290 342 316
b23 46 325 86 350
b24 0 196 15 221
b25 122 227 158 263
b26 46 270 89 295
b27 236 255 251 289
b28 402 75 448 113
b29 118 102 155 114
b30 48 374 65 401
b31 15 234 31 271
b32 68 69 91 101
b33 298 316 334 334
b34 186 32 224 51
b35 303 247 318 280
b36 376 305 388 333
b37 309 103 325 124
b38 260 149 286 182
b39 46 295 88 325
b40 158 226 199 254
b41 224 86 240 102
b42 155 116 174 160
b43 241 221 281 255
b44 65 374 92 390
b45 48 402 62 439
b46 103 69 118 117
b47 190 333 204 356
b48 286 423 312 447
b49 219 409 250 449
b50 407 375 449 408
b51 401 48 449 75
b52 104 0 141 27
b53 194 120 211 138
b54 224 70 267 86
b55 262 0 275 46
b56 298 145 320 170
b57 224 51 272 70
b58 218 154 259 173
b59 0 319 46 365
b60 319 172 354 202
b61 290 389 323 423
b62 341 87 378 132
b63 401 33 436 48
b64 74 222 122 269
b65 62 402 92 435
b66 210 334 241 365
b67 310 210 354 247
b68 155 81 179 116
b69 15 196 34 234
b70 368 358 382 394
b71 0 42 34 84
b72 89 270 122 304
b73 92 373 130 391
b74 290 371 319 389
b75 286 183 309 210
b76 0 271 12 285
b77 341 334 357 358
b78 84 176 110 219
b79 106 133 125 170
b80 169 433 184 447
b81 20 159 40 191
b82 118 69 150 102
b83 275 16 312 35
b84 318 247 355 290
b85 271 334 319 371
b86 320 132 344 156
b87 40 122 85 141
b88 143 341 186 369
b89 131 326 143 361
b90 86 349 131 373
b91 406 347 450 375
b92 100 27 124 69
b93 122 263 143 306
b94 422 0 438 15
b95 260 182 285 218
b96 251 255 276 300
b97 204 278 232 303
b98 271 103 287 129
b99 0 159 20 196
b100 125 116 152 141
b101 34 222 74 270
b102 0 134 38 159
b103 172 278 204 310
b104 236 300 272 325
b105 357 132 388 174
b106 218 115 252 154
b107 92 434 137 450
b108 91 69 103 102
b109 286 149 298 171
b110 190 310 234 333
b111 124 27 142 40
b112 58 0 104 18
b113 152 160 180 203
b114 199 81 218 120
b115 180 369 210 406
b116 407 267 449 304
b117 382 333 406 370
b118 415 180 450 219
b119 48 350 84 374
b120 354 174 369 219
b121 88 304 120 349
b122 105 391 135 434
b123 319 364 354 377
b124 275 35 314 48
b125 135 369 163 387
b126 0 84 28 122
b127 123 203 145 227
b128 314 0 350 25
b129 40 176 84 222
b130 367 221 412 265
b131 174 120 194 156
b132 325 87 341 125
b133 146 46 158 60
b134 143 263 172 279
b135 412 252 449 267
b136 378 75 402 94
b137 87 117 105 139
b138 319 334 341 364
b139 368 395 401 426
b140 105 117 117 133
b141 210 365 244 390
b142 276 255 303 301
b143 142 0 186 46
b144 240 86 265 115
b145 0 285 45 319
b146 415 219 449 252
b147 0 122 31 134
b148 231 0 256 17
b149 124 46 146 68
b150 368 426 398 439
b151 244 334 271 350
b152 368 35 401 68
b153 376 265 388 305
b154 218 177 260 221
b155 123 170 136 182
b156 388 267 407 309
b157 199 238 241 250
b158 349 418 366 446
b159 34 42 58 78
b160 199 226 235 238
b161 87 139 106 170
b162 378 94 390 124
b163 369 174 415 221
b164 272 76 304 103
b165 381 0 422 33
b166 0 221 12 257
b167 418 113 432 160
b168 312 423 349 448
b169 275 48 321 76
b170 264 405 286 450
b171 342 290 376 325
b172 231 17 262 42
b173 287 103 309 145
b174 382 375 407 395
b175 355 247 367 281
b176 131 306 147 326
b177 147 310 168 341
b178 125 141 145 157
b179 323 377 368 418
b180 210 390 231 409
b181 58 18 100 33
b182 286 171 319 183
b183 320 156 357 172
b184 179 81 199 100
b185 390 113 403 157
b186 110 170 123 218
b187 172 254 196 276
b188 196 254 236 278
b189 415 160 446 180
b190 31 84 68 118
b191 0 365 42 402
b192 158 51 180 79
b193 0 0 43 42
b194 407 304 449 347
b195 285 210 310 246
b196 275 0 314 16
b197 40 141 87 176
b198 145 203 185 225
b199 325 53 365 87
