382595.75
562691.5
202500
450 450
104.428477
b0 67 291 103 307
b1 383 411 402 450
b2 270 370 311 405
b3 312 349 330 396
b4 249 158 281 184
b5 366 107 401 138
b6 226 197 255 210
b7 184 383 212 404
b8 122 105 154 120
b9 353 17 399 51
b10 110 229 155 261
b11 300 210 314 246
b12 0 369 42 405
b13 312 301 357 349
b14 94 89 119 104
b15 255 212 300 258
b16 330 349 348 371
b17 0 164 26 197
b18 176 107 195 141
b19 296 405 326 417
b20 156 370 184 403
b21 405 54 449 93
b22 286 319 312 358
b23 173 261 198 301
b24 180 348 205 363
b25 235 408 271 444
b26 110 261 135 304
b27 388 299 422 314
b28 402 169 448 207
b29 281 140 293 177
b30 292 258 319 275
b31 127 354 164 370
b32 290 0 313 32
b33 124 412 142 448
b34 254 258 292 277
b35 330 405 363 420
b36 393 278 421 290
b37 184 363 205 379
b38 161 56 194 82
b39 402 139 444 169
b40 313 0 341 41
b41 110 173 126 189
b42 124 206 168 225
b43 302 122 336 162
b44 231 75 258 91
b45 330 432 367 446
b46 402 431 450 446
b47 226 174 249 188
b48 0 260 24 286
b49 373 371 404 411
b50 66 307 108 340
b51 204 56 231 104
b52 35 231 72 258
b53 353 0 371 17
b54 319 258 335 301
b55 62 384 75 430
b56 13 329 38 351
b57 0 212 19 260
b58 243 103 284 122
b59 171 0 217 46
b60 0 38 30 73
b61 296 417 330 450
b62 0 76 37 121
b63 0 197 35 212
b64 302 162 349 210
b65 65 157 98 187
b66 127 323 158 354
b67 37 76 74 120
b68 287 33 311 68
b69 123 66 161 85
b70 110 193 124 229
b71 122 120 164 154
b72 336 51 369 85
b73 404 401 442 419
b74 74 36 103 54
b75 180 325 207 348
b76 306 69 318 83
b77 126 169 142 193
b78 67 265 110 291
b79 62 430 99 449
b80 255 197 269 212
b81 430 223 450 255
b82 369 51 402 83
b83 136 304 173 323
b84 28 133 65 176
b85 142 404 190 441
b86 217 0 241 24
b87 366 164 385 209
b88 0 121 28 164
b89 369 83 404 95
b90 43 258 67 303
b91 94 104 122 148
b92 264 69 306 93
b93 205 362 248 383
b94 108 320 124 335
b95 366 139 402 164
b96 423 278 448 323
b97 311 41 336 69
b98 110 304 136 320
b99 402 0 439 20
b100 99 418 124 445
b101 198 264 238 312
b102 0 0 25 38
b103 217 24 249 56
b104 207 104 243 129
b105 404 370 446 401
b106 378 223 412 262
b107 46 405 62 450
b108 404 419 437 431
b109 144 370 156 392
b110 242 319 286 342
b111 249 184 267 197
b112 256 122 302 140
b113 330 371 373 399
b114 24 258 43 297
b115 336 122 366 159
b116 318 85 360 122
b117 207 325 231 362
b118 341 212 376 251
b119 123 42 159 66
b120 373 326 388 371
b121 77 220 109 265
b122 30 0 73 30
b123 243 122 256 157
b124 187 209 226 222
b125 108 394 136 412
b126 248 342 286 370
b127 248 383 270 407
b128 109 0 134 36
b129 30 30 74 76
b130 62 340 107 384
b131 74 89 94 125
b132 367 411 383 449
b133 214 162 228 174
b134 154 85 170 114
b135 378 262 393 299
b136 42 369 61 393
b137 256 140 278 158
b138 265 33 287 63
b139 207 129 238 162
b140 0 286 16 298
b141 170 82 204 107
b142 314 212 341 258
b143 0 405 46 449
b144 357 301 386 326
b145 404 20 449 54
b146 75 384 108 418
b147 330 420 361 432
b148 98 148 115 173
b149 284 93 306 115
b150 0 329 13 359
b151 402 207 429 223
b152 77 187 110 220
b153 405 127 445 139
b154 35 187 77 231
b155 195 107 207 120
b156 168 209 187 251
b157 341 0 353 42
b158 412 223 429 251
b159 108 370 144 394
b160 423 323 435 359
b161 231 56 262 75
b162 164 114 176 144
b163 168 162 214 209
b164 65 125 92 157
b165 249 0 290 33
b166 369 95 405 107
b167 435 323 449 370
b168 142 169 167 206
b169 226 212 254 258
b170 21 303 66 325
b171 74 0 109 34
b172 271 408 296 439
b173 203 222 225 264
b174 122 85 147 105
b175 28 121 62 133
b176 249 33 265 53
b177 0 298 21 329
b178 286 301 306 317
b179 190 408 235 449
b180 108 335 127 356
b181 122 154 164 169
b182 231 91 264 103
b183 393 262 430 278
b184 430 255 450 274
b185 198 312 242 325
b186 349 164 362 212
b187 269 184 293 206
b188 38 329 62 369
b189 103 36 123 67
b190 135 261 169 298
b191 134 0 171 42
b192 158 323 180 351
b193 335 258 378 300
b194 242 277 285 319
b195 212 383 248 408
b196 187 222 203 261
b197 388 314 423 361
b198 74 67 114 89
b199 405 93 445 127
