231459.546875
234174.5
207025
455 455
2.862168
b0 232 157 265 200
b1 100 111 165 148
b2 167 193 220 227
b3 196 285 233 352
b4 0 221 29 240
b5 226 61 275 100
b6 395 328 435 346
b7 290 324 330 346
b8 50 58 112 108
b9 308 346 324 387
b10 329 147 347 199
b11 61 323 120 362
b12 167 41 195 102
b13 276 387 324 444
b14 167 103 230 146
b15 396 170 455 222
b16 353 212 389 269
b17 210 352 276 396
b18 354 0 405 48
b19 50 108 100 139
b20 375 279 412 298
b21 0 81 50 145
b22 121 345 155 394
b23 412 279 432 328
b24 199 257 244 285
b25 278 65 332 104
b26 289 104 329 159
b27 421 25 446 90
b28 380 395 419 441
b29 195 41 219 103
b30 266 324 290 350
b31 303 159 329 193
b32 156 227 199 280
b33 353 269 375 304
b34 93 204 147 231
b35 265 159 303 190
b36 98 148 165 187
b37 0 145 60 165
b38 232 134 289 157
b39 0 323 55 375
b40 37 237 66 263
b41 66 181 93 236
b42 66 236 128 289
b43 150 280 196 341
b44 167 146 232 193
b45 123 39 167 62
b46 332 65 354 104
b47 233 285 266 350
b48 0 264 57 291
b49 293 0 340 65
b50 38 291 105 323
b51 324 380 362 437
b52 303 199 348 253
b53 332 104 353 147
b54 0 375 61 393
b55 324 346 380 380
b56 93 187 156 204
b57 128 298 146 345
b58 232 100 278 134
b59 155 352 205 389
b60 61 362 101 385
b61 329 253 352 286
b62 266 253 326 272
b63 0 393 45 429
b64 60 0 107 50
b65 0 165 57 221
b66 226 0 293 61
b67 220 200 264 240
b68 266 272 329 324
b69 112 62 166 89
b70 354 170 396 212
b71 0 433 64 455
b72 354 109 415 170
b73 354 48 421 109
b74 60 139 98 181
b75 415 146 443 165
b76 112 89 145 111
b77 210 396 276 453
b78 276 350 308 386
b79 0 0 60 41
b80 107 0 123 58
b81 0 41 50 81
b82 389 222 436 279
b83 105 289 121 311
b84 128 231 150 298
b85 405 0 425 25
b86 266 190 303 246
b87 123 0 167 39
b88 0 240 37 264
b89 0 291 38 318
b90 171 416 210 449
b91 421 90 454 146
b92 29 221 55 237
b93 330 304 395 339
b94 167 0 226 41
b95 120 416 171 435
b96 45 393 111 433
b97 199 240 266 257
b98 121 394 183 416
b99 380 346 446 395
