230897
233600
206570
455 454
2.914763
b0 119 40 162 73
b1 252 84 317 121
b2 225 342 278 376
b3 62 278 99 345
b4 0 360 29 379
b5 326 105 375 144
b6 371 47 411 65
b7 210 116 250 138
b8 316 349 378 399
b9 99 278 140 294
b10 0 37 18 89
b11 57 345 116 384
b12 283 379 311 440
b13 162 263 219 311
b14 0 94 63 137
b15 401 67 453 126
b16 324 313 381 349
b17 86 217 152 261
b18 113 384 161 435
b19 326 144 376 175
b20 421 126 440 163
b21 116 333 180 383
b22 64 384 113 418
b23 381 282 430 302
b24 294 224 322 269
b25 317 66 371 105
b26 24 0 79 40
b27 261 141 326 166
b28 361 407 407 446
b29 378 383 440 407
b30 57 66 81 92
b31 324 287 358 313
b32 326 198 379 241
b33 383 151 418 173
b34 63 92 90 146
b35 194 311 225 349
b36 90 73 157 112
b37 250 121 310 141
b38 326 175 383 198
b39 225 287 277 342
b40 381 253 407 282
b41 326 241 381 268
b42 0 280 62 333
b43 0 178 46 239
b44 163 164 228 211
b45 358 268 381 312
b46 155 311 194 333
b47 228 141 261 206
b48 0 333 57 360
b49 368 0 433 47
b50 163 17 195 84
b51 98 147 155 185
b52 381 302 435 347
b53 24 40 67 61
b54 268 269 329 287
b55 252 28 286 84
b56 60 261 123 278
b57 46 191 64 238
b58 378 349 424 383
b59 27 384 64 434
b60 228 263 268 286
b61 163 84 196 107
b62 383 234 443 253
b63 261 166 306 202
b64 277 287 324 337
b65 196 17 252 74
b66 161 383 222 450
b67 119 0 163 40
b68 162 211 225 263
b69 0 379 27 433
b70 210 74 252 116
b71 376 81 398 145
b72 222 379 283 440
b73 383 173 450 234
b74 278 337 316 379
b75 252 0 271 28
b76 86 191 119 213
b77 228 206 294 263
b78 119 185 155 217
b79 0 239 60 280
b80 306 166 322 224
b81 311 399 361 439
b82 163 107 210 164
b83 123 261 145 277
b84 433 0 455 67
b85 401 126 421 151
b86 99 294 155 331
b87 59 147 98 191
b88 0 0 24 37
b89 64 418 102 445
b90 18 61 57 94
b91 286 0 319 56
b92 375 65 401 81
b93 90 112 155 147
b94 0 137 59 178
b95 102 435 153 454
b96 79 0 119 66
b97 163 0 230 17
b98 64 191 86 253
b99 319 0 368 66
