571314.3144531
599887
314160
561 560
115.870151
b0 171 263 198 278
b1 203 28 230 44
b2 360 199 386 221
b3 462 306 483 351
b4 279 0 324 40
b5 43 358 69 374
b6 244 449 282 476
b7 179 53 208 88
b8 113 234 149 255
b9 454 504 498 529
b10 433 189 448 220
b11 441 376 482 400
b12 73 386 92 403
b13 487 410 535 443
b14 337 55 358 99
b15 64 320 98 335
b16 242 252 287 294
b17 359 70 400 107
b18 293 128 337 171
b19 172 496 208 519
b20 288 370 305 383
b21 497 159 541 187
b22 495 467 530 496
b23 373 272 413 289
b24 376 340 400 358
b25 406 43 449 72
b26 60 213 87 231
b27 447 428 485 468
b28 303 542 327 554
b29 412 404 441 434
b30 194 420 214 448
b31 82 452 118 484
b32 252 341 274 360
b33 330 372 376 417
b34 498 496 510 525
b35 375 505 387 531
b36 71 335 98 365
b37 420 177 449 189
b38 328 463 347 484
b39 39 386 51 399
b40 42 531 89 550
b41 0 526 36 545
b42 532 303 557 349
b43 0 365 39 386
b44 0 279 24 306
b45 215 280 240 304
b46 473 351 486 370
b47 293 40 335 80
b48 453 400 487 428
b49 485 443 533 467
b50 156 257 170 276
b51 397 170 411 186
b52 90 186 127 204
b53 98 353 134 365
b54 288 383 322 413
b55 140 379 171 405
b56 282 463 328 494
b57 359 0 406 48
b58 337 230 362 255
b59 141 34 179 81
b60 292 171 331 187
b61 0 410 31 455
b62 317 417 353 463
b63 411 434 447 480
b64 277 494 310 509
b65 192 280 215 293
b66 73 410 118 452
b67 242 218 256 251
b68 179 0 224 28
b69 376 313 412 340
b70 497 187 542 203
b71 362 221 396 253
b72 157 436 172 468
b73 451 172 497 184
b74 218 319 252 362
b75 40 220 60 257
b76 425 0 461 39
b77 201 262 241 280
b78 35 399 51 441
b79 0 239 25 279
b80 46 452 82 467
b81 51 417 66 449
b82 128 208 167 232
b83 0 41 41 78
b84 0 78 34 116
b85 287 291 330 325
b86 208 516 252 555
b87 45 140 90 188
b88 337 170 381 199
b89 268 370 288 412
b90 231 67 255 113
b91 129 496 172 517
b92 171 320 218 365
b93 494 42 518 62
b94 109 108 128 139
b95 338 505 375 549
b96 359 137 405 170
b97 411 162 451 177
b98 438 111 451 146
b99 451 155 491 172
b100 286 325 330 370
b101 208 486 244 516
b102 0 203 40 239
b103 145 0 179 34
b104 322 80 336 122
b105 46 467 81 500
b106 171 365 204 377
b107 43 188 58 220
b108 486 345 524 382
b109 287 245 329 291
b110 487 108 529 147
b111 140 339 153 360
b112 176 205 201 235
b113 172 519 208 543
b114 132 162 176 196
b115 172 420 194 454
b116 131 477 159 496
b117 118 456 157 477
b118 410 517 454 555
b119 487 382 532 410
b120 131 517 167 553
b121 400 72 438 106
b122 113 257 156 277
b123 41 0 64 36
b124 380 405 411 440
b125 474 0 520 42
b126 195 474 217 486
b127 0 340 43 365
b128 101 0 145 28
b129 337 0 359 34
b130 413 322 443 348
b131 68 247 113 295
b132 337 289 376 307
b133 192 304 235 319
b134 376 358 410 405
b135 41 36 56 81
b136 109 96 146 108
b137 0 157 21 185
b138 179 109 207 151
b139 64 0 101 36
b140 128 196 171 208
b141 413 257 458 276
b142 449 60 476 97
b143 179 28 203 53
b144 395 453 410 493
b145 331 359 376 372
b146 207 113 255 146
b147 353 475 395 505
b148 153 339 171 359
b149 90 140 137 162
b150 337 199 360 230
b151 46 294 64 336
b152 27 184 43 203
b153 87 204 128 234
b154 172 543 194 560
b155 58 188 72 213
b156 413 348 441 364
b157 337 145 357 170
b158 201 205 214 228
b159 77 96 109 140
b160 27 157 43 184
b161 413 276 460 322
b162 152 405 170 436
b163 359 48 392 70
b164 513 62 549 103
b165 56 56 77 73
b166 337 255 373 289
b167 292 187 329 223
b168 34 85 58 126
b169 114 277 138 316
b170 257 413 302 442
b171 286 223 326 245
b172 276 541 303 554
b173 441 351 473 376
b174 275 173 291 216
b175 381 170 397 185
b176 479 237 517 270
b177 255 132 292 173
b178 224 0 243 17
b179 118 410 152 456
b180 373 253 413 272
b181 171 235 201 263
b182 252 510 276 555
b183 242 179 275 218
b184 68 295 114 320
b185 386 186 420 213
b186 0 307 31 340
b187 517 233 555 269
b188 396 213 433 253
b189 195 449 239 461
b190 433 220 460 257
b191 241 294 275 310
b192 293 80 322 128
b193 244 476 277 493
b194 324 0 337 28
b195 460 272 473 305
b196 0 0 41 41
b197 411 480 439 517
b198 58 85 77 133
b199 243 0 279 31
b200 25 257 68 294
b201 405 136 434 162
b202 201 228 240 262
b203 0 116 15 144
b204 138 298 171 339
b205 458 257 479 272
b206 89 517 131 552
b207 106 50 139 78
b208 56 36 83 56
b209 231 31 276 67
b210 83 234 107 247
b211 441 400 453 416
b212 171 278 192 320
b213 449 97 481 111
b214 276 40 293 67
b215 13 502 42 523
b216 353 456 395 475
b217 81 490 129 510
b218 302 413 317 456
b219 106 78 134 96
b220 517 203 554 233
b221 0 144 45 157
b222 137 135 171 160
b223 533 443 555 462
b224 42 510 87 531
b225 255 67 293 114
b226 337 307 376 323
b227 481 95 513 108
b228 337 34 357 55
b229 314 494 338 542
b230 403 106 436 136
b231 256 218 286 234
b232 172 454 195 496
b233 510 496 523 512
b234 461 42 494 60
b235 337 99 359 145
b236 353 417 380 456
b237 413 364 434 404
b238 179 151 218 178
b239 214 427 254 449
b240 140 360 163 379
b241 0 502 13 526
b242 101 28 141 50
b243 231 362 268 396
b244 461 0 474 37
b245 376 289 412 313
b246 208 44 231 88
b247 337 323 376 359
b248 214 396 257 427
b249 179 178 214 205
b250 252 310 286 341
b251 473 203 516 237
b252 443 322 462 350
b253 195 461 210 474
b254 380 440 404 453
b255 483 306 530 345
b256 25 294 46 307
b257 244 493 277 510
b258 517 269 561 303
b259 56 73 82 85
b260 449 199 468 211
b261 43 374 88 386
b262 128 108 176 135
b263 0 455 46 502
b264 83 50 106 95
b265 451 184 496 199
b266 92 365 140 410
b267 473 272 512 306
b268 149 232 171 257
b269 255 114 292 132
b270 60 231 83 246
b271 90 162 132 186
b272 0 386 35 410
b273 210 365 231 395
b274 138 277 171 298
b275 43 336 71 358
b276 535 349 549 380
b277 491 147 538 159
b278 0 545 42 558
b279 171 377 210 420
b280 51 386 73 417
b281 256 234 286 252
b282 359 107 403 137
b283 72 188 87 201
b284 146 81 176 102
b285 242 146 255 179
b286 454 468 495 504
b287 179 88 221 109
b288 451 111 487 139
b289 476 62 513 95
b290 451 139 478 155
b291 214 185 242 228
b292 218 146 242 185
b293 406 0 425 43
b294 217 461 243 478
b295 460 211 473 254
b296 0 185 27 201
b297 276 510 314 541
b298 98 320 138 353
b299 118 477 131 490
