234361
234361
206570
454 455
7.695729
b0 26 114 59 157
b1 417 142 454 207
b2 312 167 365 201
b3 147 252 214 289
b4 60 205 89 224
b5 390 0 439 39
b6 399 381 439 399
b7 147 181 169 221
b8 364 405 426 455
b9 156 385 197 401
b10 390 39 408 91
b11 0 213 59 252
b12 169 224 230 252
b13 140 401 197 449
b14 169 181 232 224
b15 390 290 449 342
b16 111 235 147 292
b17 233 100 277 166
b18 174 66 222 117
b19 298 247 348 278
b20 261 261 298 280
b21 183 117 233 181
b22 174 32 223 66
b23 313 147 362 167
b24 289 0 334 28
b25 40 332 79 386
b26 0 317 40 372
b27 365 294 390 359
b28 399 342 445 381
b29 197 384 221 446
b30 288 95 312 121
b31 156 321 190 347
b32 236 280 289 323
b33 420 207 442 242
b34 313 120 367 147
b35 156 347 187 385
b36 78 0 117 67
b37 233 166 253 226
b38 79 333 102 390
b39 61 67 116 119
b40 426 399 452 428
b41 0 290 55 317
b42 61 143 114 205
b43 0 0 61 46
b44 117 117 182 164
b45 192 289 236 312
b46 187 362 226 384
b47 223 67 288 100
b48 0 87 57 114
b49 383 243 448 290
b50 161 0 228 32
b51 102 388 140 445
b52 111 334 156 388
b53 298 278 319 321
b54 365 233 383 294
b55 334 0 390 34
b56 61 0 78 63
b57 214 261 261 279
b58 365 359 399 405
b59 55 282 92 332
b60 289 72 329 95
b61 365 210 398 233
b62 408 39 427 99
b63 277 121 313 166
b64 59 235 109 282
b65 0 157 57 213
b66 228 0 289 67
b67 289 28 329 72
b68 365 147 417 210
b69 117 86 171 113
b70 111 292 153 334
b71 289 334 353 356
b72 221 389 282 450
b73 329 53 390 120
b74 0 252 42 290
b75 334 34 362 53
b76 398 210 420 243
b77 232 323 289 389
b78 156 289 192 321
b79 0 46 60 87
b80 89 219 147 235
b81 192 312 232 362
b82 117 39 174 86
b83 253 207 275 223
b84 429 39 451 106
b85 390 99 415 119
b86 319 278 356 334
b87 117 0 161 39
b88 61 119 98 143
b89 114 181 141 219
b90 289 356 328 389
b91 331 356 364 412
b92 0 114 26 130
b93 233 226 298 261
b94 253 166 312 207
b95 92 282 111 333
b96 298 207 364 247
b97 116 164 183 181
b98 367 120 429 142
b99 282 389 331 455
