233346
233346
206570
454 455
2.32178
b0 158 300 201 333
b1 310 0 347 65
b2 262 107 296 160
b3 178 130 215 197
b4 0 313 19 342
b5 201 360 240 409
b6 325 369 365 387
b7 90 260 112 300
b8 347 0 409 50
b9 75 386 91 427
b10 262 349 314 367
b11 56 66 115 105
b12 18 222 46 283
b13 110 381 158 438
b14 262 243 325 286
b15 394 303 453 355
b16 201 263 258 299
b17 56 0 100 66
b18 110 330 158 381
b19 368 416 418 447
b20 331 316 368 335
b21 235 57 299 107
b22 0 57 49 91
b23 331 201 380 221
b24 0 285 45 313
b25 158 409 212 448
b26 115 53 155 108
b27 45 300 110 325
b28 280 367 319 413
b29 19 313 43 375
b30 212 409 238 433
b31 112 304 146 330
b32 215 145 258 198
b33 331 98 353 133
b34 124 131 178 158
b35 231 107 262 145
b36 258 204 325 243
b37 394 283 454 303
b38 98 108 155 131
b39 172 78 227 130
b40 380 218 406 247
b41 78 233 133 260
b42 100 0 162 53
b43 78 132 124 193
b44 406 218 453 283
b45 112 260 135 304
b46 158 333 197 355
b47 224 198 257 263
b48 41 105 98 132
b49 406 66 453 131
b50 262 172 329 204
b51 235 0 273 57
b52 170 198 224 243
b53 262 286 305 307
b54 435 155 453 216
b55 325 335 381 369
b56 0 175 17 238
b57 0 238 18 285
b58 409 0 443 46
b59 0 393 37 443
b60 353 110 393 133
b61 331 173 364 196
b62 387 50 406 110
b63 331 221 376 257
b64 17 175 67 222
b65 0 0 56 57
b66 43 325 110 386
b67 331 133 375 173
b68 383 155 435 218
b69 37 427 91 454
b70 262 307 304 349
b71 212 433 276 455
b72 201 299 262 360
b73 381 355 448 416
b74 78 193 120 231
b75 364 173 383 201
b76 372 257 394 290
b77 135 243 201 300
b78 46 222 78 258
b79 0 91 41 151
b80 91 386 107 444
b81 120 193 170 233
b82 162 0 209 57
b83 201 243 223 259
b84 375 133 442 155
b85 409 46 434 66
b86 273 0 310 56
b87 46 260 90 299
b88 0 151 37 175
b89 37 386 75 413
b90 158 355 197 388
b91 331 65 387 98
b92 209 0 235 16
b93 296 107 331 172
b94 331 257 372 316
b95 0 342 19 393
b96 240 367 280 433
b97 155 57 172 124
b98 209 16 231 78
b99 319 387 368 453
