558989.1113281
586317
313038
558 561
86.091927
b0 121 358 136 385
b1 141 67 157 94
b2 395 34 417 60
b3 0 330 45 351
b4 380 506 425 546
b5 86 345 112 361
b6 466 180 504 207
b7 472 360 507 389
b8 153 148 189 169
b9 44 96 88 121
b10 294 36 309 67
b11 442 150 466 191
b12 389 84 406 103
b13 418 253 451 301
b14 59 361 103 382
b15 507 360 541 375
b16 0 100 42 145
b17 313 61 354 98
b18 248 196 292 239
b19 352 320 388 343
b20 251 396 264 413
b21 352 257 380 301
b22 518 439 553 468
b23 499 0 516 40
b24 103 361 121 385
b25 427 424 470 453
b26 459 207 486 225
b27 470 439 510 477
b28 160 210 184 222
b29 455 243 485 272
b30 264 263 284 291
b31 337 343 373 375
b32 510 420 532 439
b33 248 151 294 196
b34 35 418 47 447
b35 390 387 402 413
b36 345 450 375 477
b37 313 49 342 61
b38 294 119 313 140
b39 150 474 162 487
b40 15 389 34 436
b41 294 0 313 36
b42 114 177 160 202
b43 177 230 216 251
b44 93 467 120 491
b45 206 422 231 446
b46 252 383 271 396
b47 209 312 251 352
b48 181 313 209 347
b49 470 477 518 501
b50 333 257 352 271
b51 233 45 247 61
b52 0 272 37 290
b53 258 138 294 150
b54 333 187 363 221
b55 27 213 53 244
b56 294 167 325 213
b57 197 183 245 230
b58 60 467 85 492
b59 208 514 246 561
b60 313 33 352 49
b61 136 345 181 376
b62 333 221 379 257
b63 309 416 345 462
b64 264 456 297 471
b65 152 313 175 326
b66 38 492 83 534
b67 356 92 389 106
b68 55 0 83 45
b69 199 65 235 92
b70 379 461 395 506
b71 379 220 411 254
b72 155 94 187 109
b73 0 290 46 302
b74 0 0 34 43
b75 252 363 289 383
b76 209 276 248 312
b77 53 198 71 238
b78 164 404 206 420
b79 111 385 136 425
b80 0 257 36 272
b81 115 220 130 252
b82 294 257 318 296
b83 46 288 87 325
b84 0 494 38 528
b85 294 354 337 388
b86 294 213 333 257
b87 508 375 556 420
b88 411 224 455 253
b89 157 67 199 87
b90 248 47 294 71
b91 141 46 184 67
b92 509 256 556 301
b93 34 398 58 418
b94 85 157 104 188
b95 207 385 251 422
b96 502 142 548 175
b97 451 272 466 312
b98 406 60 419 95
b99 504 175 521 215
b100 97 0 141 45
b101 343 477 379 507
b102 129 434 165 474
b103 524 220 558 254
b104 83 0 97 42
b105 217 352 252 385
b106 516 0 528 33
b107 0 166 32 181
b108 196 0 233 38
b109 200 92 242 138
b110 457 0 499 39
b111 34 42 55 55
b112 427 333 457 358
b113 228 483 264 507
b114 88 62 132 96
b115 206 480 228 514
b116 152 326 180 345
b117 161 109 182 148
b118 426 453 470 491
b119 264 409 309 437
b120 64 252 100 288
b121 432 112 466 150
b122 63 325 106 345
b123 181 352 217 375
b124 401 112 432 147
b125 47 425 93 467
b126 150 487 162 509
b127 34 355 59 398
b128 206 452 250 480
b129 120 269 142 303
b130 313 0 339 30
b131 427 358 472 406
b132 275 291 293 330
b133 313 98 356 113
b134 246 507 280 554
b135 233 0 248 45
b136 383 47 395 84
b137 0 302 21 330
b138 136 376 164 418
b139 466 143 502 180
b140 197 268 209 311
b141 84 492 129 511
b142 510 301 547 328
b143 184 38 209 62
b144 96 385 111 425
b145 264 396 309 409
b146 390 413 423 461
b147 93 425 123 467
b148 115 202 135 220
b149 435 0 457 47
b150 419 81 442 112
b151 427 406 469 424
b152 53 182 72 198
b153 165 420 206 450
b154 85 188 107 205
b155 0 43 14 68
b156 294 67 310 95
b157 325 167 350 187
b158 132 94 155 107
b159 0 68 44 100
b160 248 263 264 290
b161 466 85 513 131
b162 455 225 486 243
b163 466 52 488 85
b164 426 491 467 527
b165 187 524 208 541
b166 151 524 187 558
b167 472 402 508 439
b168 469 309 510 333
b169 106 306 130 345
b170 354 47 383 92
b171 129 518 151 558
b172 402 185 415 212
b173 40 157 72 182
b174 313 113 356 129
b175 100 268 116 283
b176 0 351 33 389
b177 160 169 197 210
b178 382 136 399 155
b179 141 0 175 46
b180 518 468 537 508
b181 0 181 30 209
b182 248 239 293 263
b183 385 354 424 387
b184 223 230 248 276
b185 395 0 422 34
b186 0 436 33 467
b187 486 220 524 256
b188 248 71 288 108
b189 71 240 115 252
b190 513 105 540 142
b191 100 252 134 268
b192 142 269 190 298
b193 88 45 121 62
b194 488 52 501 80
b195 231 439 264 452
b196 165 450 206 491
b197 309 388 346 416
b198 318 492 337 540
b199 88 96 119 132
b200 59 382 96 425
b201 356 106 385 132
b202 388 320 427 354
b203 0 389 15 417
b204 252 330 293 363
b205 129 474 150 489
b206 72 205 114 240
b207 55 45 88 73
b208 355 132 382 152
b209 521 175 557 220
b210 112 345 136 358
b211 441 47 457 59
b212 34 0 55 42
b213 415 185 429 217
b214 501 52 528 69
b215 129 489 150 518
b216 264 437 306 456
b217 370 402 390 450
b218 294 152 337 167
b219 395 301 423 319
b220 306 462 343 492
b221 0 534 45 547
b222 318 271 352 296
b223 486 256 508 275
b224 84 535 129 556
b225 380 254 418 301
b226 45 534 84 550
b227 472 389 504 402
b228 298 492 318 513
b229 346 402 370 450
b230 429 191 459 224
b231 385 106 401 136
b232 313 129 355 152
b233 264 471 280 484
b234 87 288 120 306
b235 294 296 340 318
b236 346 375 385 402
b237 0 145 40 166
b238 472 333 511 360
b239 130 303 152 343
b240 402 387 425 406
b241 47 467 60 491
b242 422 59 462 81
b243 134 235 171 269
b244 422 0 435 37
b245 513 69 537 105
b246 44 73 88 96
b247 294 318 333 354
b248 280 513 311 556
b249 0 467 35 494
b250 363 155 397 186
b251 466 275 509 309
b252 21 302 40 330
b253 177 251 192 264
b254 294 95 307 119
b255 352 0 391 47
b256 156 222 177 235
b257 231 422 264 439
b258 119 133 153 177
b259 466 131 492 143
b260 422 47 441 59
b261 340 296 352 341
b262 0 209 27 257
b263 248 0 294 47
b264 397 162 442 185
b265 152 298 197 313
b266 197 138 245 183
b267 363 186 402 220
b268 85 132 107 157
b269 280 471 298 508
b270 63 345 86 360
b271 119 109 161 133
b272 84 511 119 535
b273 135 202 156 232
b274 175 0 196 33
b275 36 244 64 266
b276 250 452 264 483
b277 457 40 504 52
b278 72 157 85 199
b279 337 507 380 546
b280 30 182 52 213
b281 45 325 63 355
b282 242 108 286 138
b283 401 147 414 162
b284 442 81 463 111
b285 339 0 352 33
b286 44 121 85 157
b287 427 312 469 333
b288 511 328 547 356
b289 425 527 462 560
b290 209 38 225 65
b291 164 376 207 404
b292 251 291 275 330
b293 352 301 395 320
b294 197 251 223 268
b295 187 92 200 135
b296 136 418 163 434
b297 395 461 426 499
b298 162 491 202 524
b299 245 138 258 151
