231958.84375
234931.5
205205
455 451
8.958731
b0 249 121 282 164
b1 359 0 424 37
b2 101 287 135 340
b3 195 306 262 343
b4 0 344 19 373
b5 286 69 335 108
b6 57 330 97 348
b7 79 148 101 188
b8 75 401 137 451
b9 60 287 101 303
b10 336 90 388 108
b11 290 175 329 234
b12 27 17 55 78
b13 195 258 252 306
b14 388 342 451 385
b15 227 69 286 121
b16 234 0 291 36
b17 63 0 129 44
b18 24 348 75 396
b19 145 318 195 349
b20 388 323 425 342
b21 262 272 312 336
b22 290 238 339 272
b23 229 121 249 170
b24 336 171 381 199
b25 153 85 192 139
b26 339 260 379 315
b27 35 131 60 196
b28 60 248 106 287
b29 290 108 314 170
b30 291 0 315 26
b31 195 229 229 255
b32 75 348 118 401
b33 420 37 455 59
b34 229 231 283 258
b35 195 343 226 381
b36 195 0 234 67
b37 372 238 432 258
b38 0 294 57 317
b39 139 266 194 318
b40 302 400 331 426
b41 118 340 145 395
b42 0 78 62 131
b43 110 183 171 229
b44 398 258 445 323
b45 152 139 175 183
b46 38 196 60 235
b47 234 36 299 69
b48 0 317 57 344
b49 355 40 420 87
b50 195 67 227 134
b51 63 60 120 98
b52 175 139 229 184
b53 171 184 192 227
b54 121 44 182 62
b55 420 121 454 177
b56 0 0 63 17
b57 331 381 378 399
b58 137 415 183 449
b59 331 399 368 449
b60 153 62 193 85
b61 120 98 153 121
b62 388 112 407 172
b63 192 184 228 229
b64 63 98 110 148
b65 0 238 57 294
b66 262 339 329 400
b67 315 0 359 40
b68 336 108 388 171
b69 0 17 27 71
b70 110 121 152 163
b71 195 382 259 404
b72 229 170 290 231
b73 381 177 448 238
b74 0 196 38 238
b75 336 40 355 68
b76 339 238 372 260
b77 331 315 388 381
b78 121 62 153 98
b79 62 188 103 248
b80 63 44 121 60
b81 195 404 245 444
b82 245 404 302 451
b83 336 68 352 90
b84 314 108 336 175
b85 388 87 408 112
b86 139 229 195 266
b87 329 199 373 238
b88 0 373 24 410
b89 57 303 95 330
b90 226 343 259 382
b91 106 229 139 285
b92 63 148 79 174
b93 0 131 35 196
b94 388 385 447 426
b95 379 258 398 309
b96 129 0 195 40
b97 312 272 329 339
b98 420 59 442 121
b99 145 349 194 415
