232576.4375
235415.5
207025
455 455
9.968536
b0 70 228 103 271
b1 280 0 317 65
b2 241 187 275 240
b3 84 98 121 165
b4 0 93 19 122
b5 277 312 316 361
b6 0 395 40 413
b7 40 367 80 389
b8 389 245 451 295
b9 121 259 162 275
b10 43 0 61 52
b11 278 253 317 312
b12 317 275 345 336
b13 107 275 164 323
b14 77 0 140 43
b15 349 65 401 124
b16 398 370 455 406
b17 97 390 163 434
b18 94 340 145 388
b19 40 416 90 447
b20 410 192 447 211
b21 57 276 107 340
b22 186 256 220 305
b23 240 0 260 49
b24 395 295 440 323
b25 280 175 319 229
b26 61 43 101 98
b27 324 112 349 177
b28 369 409 408 455
b29 280 229 342 253
b30 122 197 148 221
b31 369 185 395 219
b32 220 268 273 311
b33 316 336 351 358
b34 197 60 224 114
b35 84 197 122 228
b36 331 370 398 409
b37 220 0 240 60
b38 140 0 163 57
b39 19 138 74 190
b40 241 240 270 266
b41 345 275 372 330
b42 17 214 70 276
b43 164 210 225 256
b44 317 0 364 65
b45 280 152 324 175
b46 351 330 373 369
b47 206 351 271 384
b48 40 389 97 416
b49 280 65 345 112
b50 74 165 141 197
b51 163 0 201 57
b52 224 97 278 142
b53 0 0 43 21
b54 121 87 139 148
b55 410 136 444 192
b56 0 122 17 185
b57 103 228 121 275
b58 405 211 451 245
b59 275 361 312 411
b60 61 98 84 138
b61 201 114 224 147
b62 201 0 220 60
b63 241 142 277 187
b64 342 225 389 275
b65 0 276 57 332
b66 145 323 206 390
b67 280 112 324 152
b68 189 147 241 210
b69 40 340 94 367
b70 19 93 61 135
b71 305 412 369 434
b72 349 124 410 185
b73 364 0 431 61
b74 122 221 164 259
b75 410 61 438 80
b76 164 256 186 289
b77 140 57 197 123
b78 0 359 32 395
b79 0 52 60 93
b80 225 210 241 268
b81 319 185 369 225
b82 395 323 452 370
b83 389 219 405 241
b84 373 295 395 362
b85 260 0 280 25
b86 224 60 280 97
b87 101 43 140 87
b88 0 21 37 45
b89 0 332 38 359
b90 272 411 305 450
b91 410 80 443 136
b92 61 0 77 26
b93 163 390 198 455
b94 148 145 189 204
b95 312 361 331 412
b96 206 311 272 351
b97 17 197 84 214
b98 139 123 201 145
b99 198 390 264 439
