239238.5
239238.5
204750
455 450
7.848547
b0 247 0 280 43
b1 295 329 360 366
b2 0 0 34 53
b3 29 226 96 263
b4 0 237 29 256
b5 406 243 455 282
b6 29 297 47 337
b7 102 115 124 155
b8 317 134 367 196
b9 199 57 240 73
b10 108 19 126 71
b11 96 207 155 246
b12 0 386 61 414
b13 199 0 247 57
b14 409 75 452 138
b15 343 269 402 321
b16 389 153 446 189
b17 411 282 455 348
b18 133 330 181 381
b19 264 81 314 112
b20 155 207 174 244
b21 189 169 239 233
b22 29 263 78 297
b23 221 268 241 317
b24 236 76 264 121
b25 406 189 445 243
b26 347 33 387 88
b27 384 88 409 153
b28 367 190 406 236
b29 203 383 227 445
b30 167 67 193 91
b31 58 115 84 149
b32 193 73 236 126
b33 367 155 389 190
b34 124 180 178 207
b35 27 125 58 163
b36 280 42 347 81
b37 190 126 250 146
b38 190 146 247 169
b39 53 63 108 115
b40 0 310 29 336
b41 0 125 27 180
b42 0 63 53 125
b43 96 246 157 292
b44 227 386 292 433
b45 110 292 133 336
b46 82 162 121 184
b47 124 147 189 180
b48 0 180 27 237
b49 320 196 367 261
b50 167 0 199 67
b51 283 272 321 329
b52 203 329 248 383
b53 108 71 129 114
b54 411 348 429 409
b55 133 0 167 56
b56 27 163 44 226
b57 84 115 102 162
b58 314 88 348 134
b59 360 399 397 449
b60 360 376 400 399
b61 294 159 317 192
b62 86 0 105 60
b63 360 340 405 376
b64 264 112 314 159
b65 133 91 190 147
b66 66 336 133 397
b67 250 159 294 199
b68 34 0 86 63
b69 0 256 27 310
b70 296 0 338 42
b71 181 329 203 393
b72 160 268 221 329
b73 292 388 359 449
b74 241 259 283 297
b75 105 0 133 19
b76 247 43 269 76
b77 133 393 199 450
b78 241 297 277 329
b79 239 199 280 259
b80 394 59 452 75
b81 44 186 94 226
b82 248 329 295 386
b83 280 0 296 22
b84 321 261 343 328
b85 294 196 319 216
b86 283 216 320 272
b87 66 297 110 336
b88 58 149 82 186
b89 133 292 160 330
b90 367 236 406 269
b91 338 0 394 33
b92 133 56 149 82
b93 174 233 239 268
b94 394 0 435 59
b95 360 321 411 340
b96 66 397 132 437
b97 367 88 384 155
b98 295 366 357 388
b99 0 337 66 386
