226691.84375
235315.5
206570
455 454
2.417691
b0 225 100 268 133
b1 0 0 65 37
b2 115 335 168 369
b3 312 192 379 229
b4 65 62 84 91
b5 263 178 312 217
b6 409 137 427 177
b7 285 217 307 257
b8 65 123 127 173
b9 357 112 398 128
b10 222 217 274 235
b11 182 237 241 276
b12 307 381 368 409
b13 398 80 446 137
b14 0 313 63 356
b15 383 28 442 80
b16 227 133 263 190
b17 116 369 182 413
b18 372 402 423 450
b19 0 223 50 254
b20 212 396 231 433
b21 87 22 151 72
b22 173 203 222 237
b23 367 128 387 177
b24 65 310 110 338
b25 268 124 307 178
b26 0 84 55 124
b27 358 47 383 112
b28 243 274 289 313
b29 307 324 369 348
b30 312 148 336 174
b31 0 124 34 150
b32 120 185 173 228
b33 387 137 409 172
b34 307 229 334 283
b35 65 257 103 288
b36 250 0 317 39
b37 307 128 367 148
b38 115 312 172 335
b39 334 229 389 281
b40 92 200 118 229
b41 65 173 120 200
b42 112 259 174 312
b43 181 142 227 203
b44 0 37 65 84
b45 336 148 359 192
b46 372 281 394 320
b47 307 348 372 381
b48 65 200 92 257
b49 317 0 382 47
b50 237 315 304 347
b51 0 408 57 446
b52 127 140 181 185
b53 151 22 194 43
b54 372 323 433 341
b55 324 47 358 103
b56 0 206 63 223
b57 65 338 112 356
b58 87 89 133 123
b59 65 356 115 393
b60 65 412 105 435
b61 324 103 357 126
b62 65 435 125 454
b63 389 226 434 262
b64 182 349 232 396
b65 0 150 57 206
b66 372 341 439 402
b67 268 84 312 124
b68 0 356 63 408
b69 125 413 179 440
b70 183 100 225 142
b71 118 237 182 259
b72 394 262 455 323
b73 201 39 268 100
b74 201 276 243 314
b75 382 0 401 28
b76 65 288 98 310
b77 232 387 298 444
b78 307 409 343 441
b79 307 283 367 324
b80 289 257 305 315
b81 133 100 183 140
b82 154 43 201 100
b83 92 229 108 251
b84 87 0 154 22
b85 401 0 421 25
b86 268 47 324 84
b87 241 235 285 274
b88 0 254 24 291
b89 174 276 201 314
b90 179 413 212 452
b91 194 0 250 33
b92 65 91 81 117
b93 172 314 237 349
b94 24 254 65 313
b95 65 393 116 412
b96 237 347 303 387
b97 87 72 154 89
b98 65 0 87 62
b99 379 177 445 226
