401813.53125
424009.5
202050
450 449
44.583525
b0 324 130 360 146
b1 178 0 217 19
b2 43 64 84 99
b3 374 333 421 351
b4 358 153 384 185
b5 310 398 341 433
b6 240 137 269 150
b7 0 215 28 236
b8 38 378 53 410
b9 138 415 184 449
b10 392 100 437 132
b11 271 114 285 150
b12 0 110 42 146
b13 43 0 88 48
b14 31 240 56 255
b15 143 280 188 326
b16 370 81 392 99
b17 124 247 150 280
b18 328 227 362 246
b19 149 65 179 77
b20 314 351 347 379
b21 270 280 314 319
b22 223 266 262 292
b23 60 199 100 224
b24 227 225 242 250
b25 148 77 184 113
b26 53 155 96 180
b27 0 425 34 440
b28 148 113 194 151
b29 227 92 239 129
b30 346 33 373 50
b31 112 183 149 199
b32 184 403 207 435
b33 268 343 304 361
b34 254 389 273 427
b35 149 183 182 198
b36 373 423 401 435
b37 368 0 389 16
b38 79 224 112 250
b39 240 46 282 76
b40 100 139 128 180
b41 0 0 16 16
b42 182 200 226 219
b43 362 222 402 256
b44 152 198 179 214
b45 0 287 37 301
b46 224 0 239 48
b47 404 304 418 327
b48 73 344 99 368
b49 0 256 40 287
b50 338 283 371 325
b51 373 33 400 81
b52 113 20 140 57
b53 99 344 117 361
b54 184 65 227 81
b55 149 0 162 46
b56 324 28 346 53
b57 237 292 256 340
b58 392 81 433 100
b59 178 19 224 65
b60 184 368 214 403
b61 81 412 114 446
b62 324 53 369 90
b63 43 48 78 63
b64 98 57 145 105
b65 43 322 73 355
b66 240 106 271 137
b67 207 407 251 444
b68 400 45 424 80
b69 314 379 352 398
b70 240 92 276 106
b71 0 146 34 188
b72 299 189 333 222
b73 0 378 38 396
b74 31 208 60 226
b75 0 188 23 215
b76 31 226 43 240
b77 114 410 138 426
b78 273 186 299 229
b79 0 58 19 95
b80 389 0 403 15
b81 79 284 99 316
b82 281 361 314 393
b83 305 27 324 64
b84 188 219 225 262
b85 40 274 77 322
b86 314 302 338 326
b87 192 308 237 327
b88 324 146 352 189
b89 0 301 12 336
b90 77 320 122 344
b91 324 0 368 28
b92 168 326 192 368
b93 284 22 305 65
b94 227 250 242 266
b95 374 387 399 423
b96 314 326 359 351
b97 12 301 40 326
b98 42 99 68 115
b99 23 188 60 208
b100 254 364 281 389
b101 112 199 152 247
b102 333 189 358 227
b103 341 404 373 436
b104 282 65 318 90
b105 401 351 443 382
b106 404 181 443 215
b107 53 139 98 155
b108 0 396 33 408
b109 276 92 288 114
b110 73 368 96 412
b111 299 222 317 235
b112 42 121 88 139
b113 226 364 254 407
b114 40 255 79 274
b115 152 214 182 251
b116 362 185 404 222
b117 401 382 438 406
b118 285 114 324 149
b119 288 90 324 114
b120 133 105 148 150
b121 128 151 173 183
b122 0 348 43 378
b123 421 304 434 339
b124 359 325 372 364
b125 227 150 255 168
b126 150 251 188 279
b127 68 99 92 121
b128 99 284 124 320
b129 240 0 284 46
b130 284 235 328 280
b131 113 0 149 20
b132 240 76 278 92
b133 328 246 342 258
b134 19 58 35 87
b135 124 326 161 341
b136 314 283 338 302
b137 184 94 206 112
b138 173 151 203 173
b139 257 150 290 181
b140 227 129 239 145
b141 328 258 362 283
b142 122 341 168 368
b143 227 181 273 225
b144 360 124 385 153
b145 79 250 124 284
b146 100 105 133 139
b147 100 180 112 211
b148 370 99 387 124
b149 56 226 78 248
b150 184 81 214 94
b151 308 0 324 27
b152 194 114 227 147
b153 53 355 65 395
b154 99 368 143 410
b155 188 296 201 308
b156 34 146 53 188
b157 242 229 284 241
b158 368 16 396 33
b159 232 340 268 364
b160 324 118 360 130
b161 60 180 91 199
b162 227 168 257 180
b163 404 257 450 304
b164 372 281 399 313
b165 392 132 433 165
b166 214 361 226 397
b167 256 292 270 339
b168 362 256 399 281
b169 324 90 370 118
b170 182 178 227 200
b171 188 262 223 296
b172 88 0 113 31
b173 242 241 284 263
b174 372 313 397 333
b175 434 304 446 338
b176 262 263 282 279
b177 203 147 224 178
b178 78 48 98 64
b179 403 0 444 45
b180 149 46 170 65
b181 0 95 42 110
b182 214 81 226 114
b183 392 165 429 181
b184 124 280 143 300
b185 227 48 240 92
b186 33 412 81 425
b187 284 0 308 22
b188 270 319 310 343
b189 0 236 31 256
b190 290 149 324 186
b191 273 393 310 435
b192 12 326 40 348
b193 0 16 43 58
b194 404 215 447 257
b195 374 351 399 387
b196 162 0 178 39
b197 143 368 178 415
b198 352 364 374 404
b199 192 327 232 361
