226800
226800
204295
449 455
8.511083
b0 148 200 191 233
b1 380 47 445 84
b2 135 383 188 417
b3 280 118 317 185
b4 62 178 91 197
b5 305 309 354 348
b6 62 91 80 131
b7 209 78 249 100
b8 61 231 123 281
b9 0 319 16 360
b10 16 363 68 381
b11 0 381 59 420
b12 146 257 207 285
b13 210 229 258 286
b14 387 198 430 261
b15 231 19 283 78
b16 244 118 280 175
b17 383 283 449 327
b18 148 152 199 200
b19 188 383 238 414
b20 374 369 411 388
b21 185 333 249 383
b22 57 197 106 231
b23 260 175 280 224
b24 338 281 383 309
b25 148 60 202 99
b26 69 398 124 438
b27 28 0 93 25
b28 282 185 328 224
b29 148 233 210 257
b30 258 229 282 255
b31 62 152 96 178
b32 16 320 69 363
b33 344 92 379 114
b34 317 61 344 115
b35 220 302 258 333
b36 311 0 378 39
b37 189 0 209 60
b38 123 180 146 237
b39 93 0 148 52
b40 354 309 383 335
b41 69 371 124 398
b42 0 91 62 144
b43 0 231 61 277
b44 383 151 448 198
b45 123 136 146 180
b46 209 25 231 64
b47 211 100 244 165
b48 0 144 57 171
b49 378 0 443 47
b50 317 115 384 147
b51 376 388 414 445
b52 215 175 260 229
b53 199 286 220 329
b54 365 147 383 208
b55 374 335 430 369
b56 80 119 143 136
b57 0 420 47 438
b58 132 285 166 331
b59 126 417 176 454
b60 258 255 281 295
b61 249 78 272 111
b62 229 0 289 19
b63 344 47 380 92
b64 82 281 132 328
b65 0 171 57 227
b66 87 52 148 119
b67 272 78 316 118
b68 148 100 211 152
b69 96 136 123 190
b70 282 224 324 266
b71 310 348 374 370
b72 249 356 310 417
b73 384 84 445 151
b74 0 277 38 319
b75 0 0 28 19
b76 311 39 344 61
b77 310 388 376 445
b78 338 249 374 281
b79 148 0 189 60
b80 199 165 215 223
b81 135 331 185 371
b82 258 299 305 356
b83 220 286 242 302
b84 289 0 311 67
b85 209 0 229 25
b86 328 147 365 203
b87 38 281 82 320
b88 0 52 24 89
b89 0 25 38 52
b90 166 285 199 324
b91 282 266 338 299
b92 62 136 88 152
b93 227 417 292 452
b94 328 208 387 249
b95 176 417 227 436
b96 69 331 135 371
b97 59 438 126 455
b98 383 261 445 283
b99 38 25 87 91
