225994.296875
228102
207025
455 455
3.405245
b0 107 296 150 329
b1 215 51 252 116
b2 316 187 350 240
b3 107 229 144 296
b4 79 0 98 29
b5 245 161 294 200
b6 245 143 285 161
b7 132 360 172 382
b8 262 0 312 62
b9 0 241 41 257
b10 295 382 347 400
b11 98 57 137 116
b12 383 126 444 154
b13 0 297 57 345
b14 0 368 63 411
b15 324 109 383 161
b16 393 250 450 286
b17 41 196 107 240
b18 195 0 243 51
b19 65 358 115 389
b20 294 143 313 180
b21 150 252 214 302
b22 137 55 186 89
b23 332 314 352 363
b24 291 287 319 332
b25 219 347 273 386
b26 98 411 153 451
b27 430 61 455 126
b28 392 361 431 407
b29 383 154 445 178
b30 319 290 345 314
b31 316 161 350 187
b32 55 153 108 196
b33 352 334 387 356
b34 235 200 289 227
b35 132 329 170 360
b36 383 178 450 217
b37 195 51 215 111
b38 0 345 57 368
b39 125 0 177 55
b40 132 382 158 411
b41 0 128 55 155
b42 108 153 170 206
b43 57 297 103 358
b44 383 61 430 126
b45 350 161 373 205
b46 65 389 104 411
b47 373 217 438 250
b48 98 0 125 57
b49 311 62 376 109
b50 224 296 291 328
b51 141 89 179 146
b52 170 302 224 347
b53 98 132 141 153
b54 221 227 282 245
b55 295 400 351 434
b56 56 24 73 87
b57 177 0 195 47
b58 278 109 324 143
b59 295 332 332 382
b60 107 206 147 229
b61 245 116 278 139
b62 392 342 452 361
b63 291 242 327 287
b64 174 202 221 252
b65 0 38 56 95
b66 312 0 379 61
b67 352 290 392 334
b68 392 290 455 342
b69 0 155 54 182
b70 172 347 214 389
b71 273 344 295 408
b72 158 389 219 450
b73 379 0 446 61
b74 0 0 42 38
b75 243 0 262 28
b76 73 29 95 62
b77 41 240 107 297
b78 0 257 36 289
b79 56 87 97 147
b80 224 328 282 344
b81 221 245 261 295
b82 235 408 292 455
b83 219 386 235 408
b84 352 356 374 423
b85 291 62 311 87
b86 179 165 235 202
b87 252 62 291 106
b88 42 0 79 24
b89 147 206 174 244
b90 65 411 98 450
b91 0 95 56 128
b92 98 116 124 132
b93 0 411 65 446
b94 0 182 41 241
b95 261 245 280 296
b96 327 250 393 290
b97 115 329 132 396
b98 294 180 316 242
b99 179 116 245 165
