236969
236969
206570
455 454
2.10675
b0 264 273 297 316
b1 368 20 433 57
b2 177 198 230 232
b3 98 143 135 210
b4 0 374 29 393
b5 258 0 307 39
b6 364 215 382 255
b7 177 382 217 404
b8 0 109 62 159
b9 248 273 264 314
b10 178 180 230 198
b11 0 335 59 374
b12 297 186 325 247
b13 245 153 293 210
b14 230 210 273 273
b15 245 94 297 153
b16 325 240 361 297
b17 59 302 103 368
b18 182 132 233 180
b19 63 115 94 165
b20 108 369 127 406
b21 177 332 241 382
b22 0 185 34 234
b23 386 104 435 124
b24 361 255 389 300
b25 325 186 364 240
b26 258 39 298 94
b27 364 150 389 215
b28 347 104 386 150
b29 273 210 297 272
b30 297 247 321 273
b31 0 159 34 185
b32 177 232 230 275
b33 307 100 342 122
b34 98 275 152 302
b35 135 334 173 365
b36 240 415 307 454
b37 298 166 358 186
b38 103 98 160 121
b39 156 0 211 52
b40 319 334 348 360
b41 34 37 61 92
b42 103 0 156 62
b43 34 165 95 211
b44 211 0 258 65
b45 217 382 240 426
b46 408 308 430 347
b47 375 308 408 373
b48 103 71 160 98
b49 368 57 433 104
b50 103 302 135 369
b51 57 411 114 449
b52 241 321 286 375
b53 152 257 173 300
b54 177 427 238 445
b55 319 300 375 334
b56 0 92 63 109
b57 57 393 104 411
b58 0 0 34 46
b59 127 409 177 446
b60 177 404 217 427
b61 63 92 96 115
b62 389 124 449 143
b63 58 0 103 36
b64 0 288 50 335
b65 0 393 57 449
b66 184 65 245 132
b67 307 122 347 166
b68 389 143 452 195
b69 0 261 54 288
b70 136 133 178 175
b71 34 211 98 233
b72 364 377 425 438
b73 307 0 368 67
b74 135 175 177 213
b75 156 52 184 71
b76 103 121 136 143
b77 307 377 364 443
b78 135 302 171 334
b79 54 233 95 293
b80 174 275 232 291
b81 127 369 177 409
b82 389 261 446 308
b83 232 299 248 321
b84 433 0 455 67
b85 368 0 393 20
b86 61 36 98 92
b87 135 213 174 257
b88 34 0 58 37
b89 0 234 38 261
b90 286 316 319 355
b91 307 67 363 100
b92 232 273 248 299
b93 98 210 133 275
b94 173 291 232 332
b95 57 374 108 393
b96 241 375 307 415
b97 307 360 374 377
b98 160 71 182 133
b99 389 195 438 261
