230423.5
230423.5
204754
454 451
3.521109
b0 81 230 114 273
b1 242 0 279 65
b2 279 62 313 115
b3 81 139 148 176
b4 120 220 139 249
b5 225 214 264 263
b6 232 350 272 368
b7 185 185 207 225
b8 48 67 110 117
b9 301 250 317 291
b10 342 172 394 190
b11 57 323 96 382
b12 334 379 362 440
b13 397 247 454 295
b14 152 0 195 63
b15 313 62 372 114
b16 340 279 397 315
b17 400 172 444 238
b18 96 336 144 387
b19 0 146 31 196
b20 203 270 240 289
b21 41 273 105 323
b22 84 387 118 436
b23 340 228 360 277
b24 301 291 329 336
b25 81 176 120 230
b26 166 65 221 105
b27 221 65 246 130
b28 384 405 423 451
b29 334 355 396 379
b30 425 295 449 321
b31 114 249 148 275
b32 148 142 201 185
b33 391 132 426 154
b34 167 243 221 270
b35 246 132 277 170
b36 279 115 346 154
b37 278 154 338 174
b38 317 228 340 285
b39 332 0 384 55
b40 232 324 261 350
b41 148 270 203 297
b42 279 0 332 62
b43 0 379 46 440
b44 195 0 242 65
b45 120 176 143 220
b46 204 130 243 152
b47 264 197 297 262
b48 0 196 57 223
b49 46 0 111 47
b50 246 65 278 132
b51 277 336 334 374
b52 297 174 342 228
b53 110 96 131 139
b54 391 154 452 172
b55 342 190 398 224
b56 31 76 48 139
b57 105 275 123 322
b58 0 0 46 34
b59 396 355 433 405
b60 360 224 400 247
b61 264 174 297 197
b62 384 61 444 80
b63 346 132 391 168
b64 31 139 81 186
b65 0 323 57 379
b66 144 336 211 397
b67 224 170 264 214
b68 372 80 435 132
b69 57 382 84 436
b70 143 185 185 227
b71 118 387 140 451
b72 240 263 301 324
b73 384 0 451 61
b74 0 34 38 76
b75 139 227 167 246
b76 0 76 22 109
b77 277 374 334 440
b78 360 247 396 279
b79 0 223 41 283
b80 167 227 225 243
b81 41 223 81 273
b82 140 397 197 444
b83 301 228 317 250
b84 362 379 384 446
b85 46 47 71 67
b86 148 105 204 142
b87 123 297 167 336
b88 0 109 24 146
b89 0 283 38 310
b90 197 417 236 450
b91 110 63 166 96
b92 57 186 73 212
b93 167 297 232 332
b94 111 0 152 59
b95 406 295 425 346
b96 340 315 406 355
b97 207 152 224 219
b98 48 117 110 139
b99 211 368 277 417
