237884.59375
241364
206570
454 455
3.204823
b0 230 65 273 98
b1 16 0 53 65
b2 302 181 336 234
b3 335 320 372 387
b4 166 89 195 108
b5 277 0 316 49
b6 338 52 356 92
b7 247 296 287 318
b8 82 323 132 385
b9 282 320 298 361
b10 195 98 247 116
b11 53 166 112 205
b12 357 25 385 86
b13 372 340 429 388
b14 166 116 229 159
b15 38 246 97 298
b16 336 211 372 268
b17 38 298 82 364
b18 72 64 120 115
b19 181 255 231 286
b20 53 55 72 92
b21 57 402 121 452
b22 72 115 121 149
b23 231 432 280 452
b24 132 350 177 378
b25 336 172 390 211
b26 53 0 93 55
b27 378 0 443 25
b28 336 388 375 434
b29 316 0 378 24
b30 390 253 414 279
b31 390 227 424 253
b32 0 161 53 204
b33 316 24 338 59
b34 120 206 174 233
b35 0 282 38 313
b36 322 92 389 131
b37 277 59 337 79
b38 311 149 368 172
b39 335 268 390 320
b40 229 147 255 176
b41 163 323 218 350
b42 121 402 183 455
b43 120 27 166 88
b44 230 0 277 65
b45 287 297 331 320
b46 390 138 429 160
b47 237 221 302 254
b48 16 65 43 122
b49 385 25 450 72
b50 247 115 314 147
b51 298 387 336 444
b52 177 350 231 395
b53 145 115 166 158
b54 322 131 383 149
b55 255 147 311 181
b56 82 385 145 402
b57 163 256 181 303
b58 35 364 81 398
b59 181 286 231 323
b60 141 233 181 256
b61 302 234 335 257
b62 336 434 396 453
b63 277 79 322 115
b64 120 159 170 206
b65 0 398 57 454
b66 169 0 230 67
b67 289 257 333 297
b68 396 388 448 451
b69 115 0 169 27
b70 247 254 289 296
b71 93 0 115 64
b72 390 279 451 340
b73 390 160 451 227
b74 60 205 102 243
b75 338 24 357 52
b76 181 200 214 222
b77 97 266 163 323
b78 0 246 32 282
b79 0 205 60 246
b80 231 255 247 313
b81 183 395 223 445
b82 231 337 278 394
b83 231 394 253 410
b84 231 410 298 432
b85 429 138 454 158
b86 298 320 335 376
b87 0 122 44 161
b88 121 115 145 152
b89 120 88 158 115
b90 102 233 141 266
b91 181 222 237 255
b92 0 0 16 26
b93 0 313 35 378
b94 170 159 229 200
b95 231 318 282 337
b96 229 181 295 221
b97 53 149 120 166
b98 166 67 228 89
b99 389 72 438 138
