214067.9453125
214951.5
206116
454 454
12.817432
b0 242 197 285 230
b1 312 0 377 37
b2 212 333 246 386
b3 60 44 127 81
b4 0 333 29 352
b5 242 158 291 197
b6 423 61 441 101
b7 190 306 212 346
b8 156 352 206 414
b9 299 110 315 151
b10 221 157 239 209
b11 164 53 203 112
b12 27 406 88 434
b13 242 110 299 158
b14 338 261 401 304
b15 401 272 453 331
b16 118 345 154 402
b17 343 217 409 261
b18 0 352 51 400
b19 190 157 221 207
b20 233 296 252 333
b21 116 209 180 259
b22 76 0 125 34
b23 315 109 364 129
b24 325 304 370 332
b25 154 414 208 453
b26 252 296 292 351
b27 309 84 374 109
b28 303 332 342 378
b29 0 271 62 295
b30 213 133 239 157
b31 0 41 26 75
b32 147 156 190 209
b33 299 151 321 186
b34 248 83 302 110
b35 116 155 147 193
b36 203 66 242 133
b37 185 0 245 20
b38 364 127 387 184
b39 60 81 115 133
b40 212 386 241 412
b41 0 244 55 271
b42 60 190 113 252
b43 0 99 46 160
b44 309 37 374 84
b45 183 283 227 306
b46 245 0 284 22
b47 250 389 283 454
b48 0 187 27 244
b49 387 127 452 174
b50 343 185 410 217
b51 246 351 303 389
b52 62 252 116 297
b53 164 0 185 43
b54 431 331 449 392
b55 321 129 355 185
b56 38 160 55 223
b57 115 81 162 99
b58 156 306 190 352
b59 183 246 233 283
b60 401 331 424 371
b61 185 20 208 53
b62 432 174 451 234
b63 409 236 454 272
b64 62 297 112 344
b65 60 133 116 190
b66 51 345 118 406
b67 208 22 248 66
b68 291 186 343 249
b69 0 400 27 454
b70 208 412 250 454
b71 149 134 213 156
b72 248 22 309 83
b73 377 0 444 61
b74 0 295 42 333
b75 284 0 312 19
b76 164 112 197 134
b77 365 371 431 428
b78 342 332 374 368
b79 0 0 60 41
b80 88 406 146 422
b81 116 295 156 345
b82 318 378 365 435
b83 38 223 60 239
b84 374 304 396 371
b85 423 101 443 126
b86 180 209 236 246
b87 125 0 164 44
b88 0 75 37 99
b89 0 160 38 187
b90 292 290 325 329
b91 116 99 149 155
b92 60 0 76 26
b93 283 389 318 454
b94 279 249 338 290
b95 116 259 167 278
b96 239 230 279 296
b97 116 278 183 295
b98 410 174 432 236
b99 374 61 423 127
