238055.1953125
241604
206116
454 454
2.729646
b0 103 95 146 128
b1 233 0 270 65
b2 146 67 180 120
b3 333 377 370 444
b4 67 297 86 326
b5 333 105 382 144
b6 0 372 40 390
b7 111 55 133 95
b8 0 110 62 160
b9 317 284 333 325
b10 67 186 119 204
b11 0 333 59 372
b12 79 33 107 94
b13 330 329 387 377
b14 16 33 79 76
b15 319 144 371 203
b16 418 191 454 248
b17 89 340 155 384
b18 89 292 140 340
b19 180 67 211 117
b20 358 203 377 240
b21 212 232 262 296
b22 296 333 330 382
b23 387 306 407 355
b24 407 313 452 341
b25 391 47 430 101
b26 111 0 151 55
b27 418 248 443 313
b28 179 402 218 448
b29 103 128 165 152
b30 387 282 413 306
b31 67 204 101 230
b32 290 47 333 100
b33 377 202 399 237
b34 418 137 445 191
b35 212 350 250 381
b36 0 206 67 245
b37 212 43 232 103
b38 233 103 290 126
b39 239 296 294 348
b40 67 428 96 454
b41 0 0 55 27
b42 89 230 142 292
b43 0 160 61 206
b44 317 0 382 47
b45 387 355 431 378
b46 96 428 135 450
b47 98 153 163 186
b48 0 245 57 272
b49 382 0 447 47
b50 382 105 449 137
b51 155 242 212 280
b52 333 284 387 329
b53 212 0 233 43
b54 431 341 449 402
b55 370 378 404 434
b56 218 381 235 444
b57 270 0 317 18
b58 0 76 46 110
b59 296 382 333 432
b60 156 402 179 442
b61 294 284 317 317
b62 233 126 293 145
b63 250 348 295 384
b64 212 145 262 192
b65 155 186 212 242
b66 0 272 67 333
b67 293 100 333 144
b68 262 192 314 255
b69 212 296 239 350
b70 333 47 375 89
b71 67 326 89 390
b72 235 384 296 445
b73 151 0 212 67
b74 314 242 352 284
b75 270 18 298 37
b76 260 65 282 98
b77 155 336 212 402
b78 119 186 155 218
b79 165 120 206 180
b80 375 47 391 105
b81 212 192 262 232
b82 262 145 319 192
b83 295 317 317 333
b84 89 406 156 428
b85 430 47 450 72
b86 175 280 212 336
b87 314 203 358 242
b88 61 160 98 184
b89 233 65 260 103
b90 142 280 175 319
b91 55 0 111 33
b92 0 27 16 53
b93 382 137 417 202
b94 62 94 103 153
b95 262 255 313 274
b96 352 242 418 282
b97 67 230 84 297
b98 89 384 151 406
b99 0 390 66 439
