239977.546875
243689.5
206570
454 455
8.242637
b0 76 34 109 77
b1 388 118 453 155
b2 207 217 260 251
b3 78 142 145 179
b4 17 136 36 165
b5 340 207 389 246
b6 431 341 449 381
b7 410 36 450 58
b8 55 204 117 254
b9 183 259 199 300
b10 61 340 79 392
b11 40 281 79 340
b12 0 340 61 368
b13 298 249 346 306
b14 275 0 338 43
b15 388 155 447 207
b16 233 346 290 382
b17 19 0 63 66
b18 53 396 104 444
b19 172 398 222 429
b20 395 322 432 341
b21 338 0 388 64
b22 63 0 112 34
b23 346 311 395 331
b24 395 294 440 322
b25 233 382 287 421
b26 0 281 40 336
b27 275 83 300 148
b28 299 306 345 345
b29 137 301 199 325
b30 207 251 233 275
b31 178 90 212 116
b32 233 251 276 304
b33 379 254 414 276
b34 118 325 172 352
b35 17 165 55 196
b36 263 210 330 249
b37 410 58 430 118
b38 300 83 357 106
b39 290 346 345 398
b40 169 429 198 455
b41 233 421 288 448
b42 0 368 53 430
b43 146 118 207 164
b44 275 163 340 210
b45 55 138 78 182
b46 117 199 139 238
b47 346 246 379 311
b48 19 66 76 93
b49 389 207 454 254
b50 109 86 176 118
b51 300 106 338 163
b52 55 93 109 138
b53 112 0 155 21
b54 379 276 440 294
b55 199 275 233 331
b56 79 352 142 369
b57 325 398 343 445
b58 142 225 188 259
b59 288 398 325 448
b60 79 254 102 294
b61 155 0 178 33
b62 0 0 19 60
b63 395 341 431 386
b64 0 234 50 281
b65 178 33 234 90
b66 172 331 233 398
b67 340 106 380 150
b68 109 34 172 86
b69 79 369 133 396
b70 141 259 183 301
b71 104 431 168 453
b72 145 164 206 225
b73 207 119 274 180
b74 0 196 42 234
b75 420 0 439 28
b76 276 249 298 282
b77 365 397 431 454
b78 388 0 420 36
b79 234 59 275 119
b80 79 298 137 314
b81 275 43 325 83
b82 340 150 387 207
b83 36 136 52 158
b84 388 36 410 103
b85 117 179 142 199
b86 207 180 263 217
b87 102 254 141 298
b88 109 118 146 142
b89 17 109 55 136
b90 79 314 118 347
b91 178 0 234 33
b92 19 93 45 109
b93 104 396 169 431
b94 234 0 275 59
b95 346 397 365 448
b96 233 306 299 346
b97 0 60 17 127
b98 55 182 117 204
b99 346 331 395 397
