2863244.351562
3070718
995981
263 3787
960.977163
b0 129 1275 156 1290
b1 154 2145 181 2161
b2 137 587 159 613
b3 117 2206 138 2251
b4 107 1177 147 1222
b5 72 37 88 63
b6 129 1959 167 1986
b7 93 578 128 607
b8 108 2041 129 2077
b9 122 1338 166 1363
b10 117 2698 132 2729
b11 0 2159 41 2183
b12 89 1155 106 1174
b13 122 445 155 493
b14 66 1854 110 1875
b15 92 937 126 952
b16 120 1056 165 1098
b17 25 1706 66 1743
b18 72 2532 115 2576
b19 88 741 124 764
b20 123 2359 136 2376
b21 108 2110 136 2154
b22 80 2012 115 2041
b23 143 2949 183 2966
b24 25 25 43 49
b25 101 3023 130 3066
b26 150 1786 177 1804
b27 59 2060 97 2100
b28 113 2890 137 2902
b29 93 445 122 475
b30 25 2082 45 2110
b31 76 2100 108 2136
b32 130 248 149 270
b33 41 3482 86 3528
b34 78 1216 107 1228
b35 201 434 213 460
b36 45 2136 72 2166
b37 186 181 198 210
b38 72 2820 93 2839
b39 107 2323 119 2336
b40 99 3251 118 3298
b41 45 2657 81 2676
b42 99 3383 145 3408
b43 74 2855 113 2876
b44 75 3443 102 3467
b45 162 1473 186 1498
b46 30 3528 49 3541
b47 80 1338 122 1378
b48 172 1054 200 1088
b49 162 250 186 298
b50 117 318 136 332
b51 62 1516 76 1532
b52 165 1036 202 1054
b53 121 1752 157 1764
b54 0 2183 30 2217
b55 141 501 167 532
b56 100 2992 146 3023
b57 85 3132 132 3180
b58 0 0 25 25
b59 75 3345 122 3383
b60 74 2839 113 2855
b61 83 1913 114 1958
b62 53 3383 99 3419
b63 88 1556 124 1602
b64 47 2012 80 2027
b65 117 0 130 23
b66 72 764 114 809
b67 47 2027 61 2060
b68 88 1498 116 1543
b69 156 1009 192 1036
b70 144 385 160 430
b71 152 2690 186 2722
b72 149 2428 181 2443
b73 99 3205 111 3251
b74 0 2125 43 2159
b75 59 969 79 1006
b76 189 888 228 924
b77 0 3769 40 3787
b78 174 514 216 530
b79 101 3105 141 3130
b80 118 2645 154 2660
b81 184 1498 199 1530
b82 138 2206 177 2230
b83 81 2657 118 2698
b84 130 210 164 248
b85 41 3226 75 3269
b86 110 2456 149 2500
b87 117 270 162 318
b88 132 1473 161 1517
b89 72 2615 92 2657
b90 108 2154 154 2178
b91 43 3205 86 3226
b92 92 890 137 937
b93 129 1135 149 1159
b94 114 1222 145 1241
b95 80 1393 124 1430
b96 49 3528 95 3561
b97 105 707 145 722
b98 76 1602 89 1637
b99 23 3662 63 3679
b100 117 2251 161 2296
b101 154 137 184 173
b102 114 783 154 819
b103 122 532 156 566
b104 83 1899 125 1913
b105 80 1958 115 1991
b106 41 3269 53 3302
b107 130 722 162 737
b108 157 81 194 119
b109 75 3298 117 3344
b110 113 2763 152 2805
b111 137 566 150 587
b112 45 2676 75 2701
b113 53 3419 89 3443
b114 173 2562 207 2606
b115 25 2060 59 2082
b116 74 2912 102 2931
b117 214 0 253 21
b118 80 1430 124 1468
b119 136 2359 164 2404
b120 74 2876 110 2912
b121 80 1259 114 1297
b122 123 2296 166 2316
b123 191 0 214 36
b124 166 1275 197 1310
b125 34 3727 80 3769
b126 137 853 159 865
b127 58 1891 83 1934
b128 30 3634 74 3662
b129 150 1764 184 1786
b130 126 1009 156 1035
b131 168 1310 216 1355
b132 128 613 146 652
b133 124 1393 139 1436
b134 117 3298 151 3345
b135 0 2110 45 2125
b136 43 2931 80 2943
b137 63 3662 84 3690
b138 79 1805 121 1833
b139 132 1436 168 1473
b140 137 2835 149 2878
b141 110 1854 129 1899
b142 117 385 144 422
b143 130 20 154 45
b144 84 1752 99 1792
b145 110 2411 123 2456
b146 108 2077 156 2110
b147 59 927 89 969
b148 111 3205 129 3225
b149 159 866 206 888
b150 160 888 183 919
b151 66 1706 84 1748
b152 216 455 232 474
b153 125 2805 166 2835
b154 150 566 172 583
b155 143 2532 168 2546
b156 163 2546 191 2562
b157 80 2931 100 2956
b158 137 888 160 901
b159 110 2500 154 2532
b160 66 1875 93 1891
b161 113 2902 159 2949
b162 95 3467 126 3485
b163 154 2161 187 2183
b164 194 210 230 251
b165 80 3023 101 3040
b166 0 3727 34 3763
b167 81 2698 117 2735
b168 75 3226 99 3267
b169 116 1517 140 1556
b170 191 36 220 81
b171 113 2850 135 2890
b172 174 501 201 514
b173 46 3602 71 3634
b174 100 2976 143 2992
b175 62 1637 77 1653
b176 105 2592 138 2630
b177 76 2336 117 2373
b178 88 2763 105 2782
b179 187 559 233 593
b180 43 1516 62 1556
b181 145 1222 175 1250
b182 72 0 117 24
b183 72 2576 105 2615
b184 84 3180 130 3205
b185 45 2701 72 2735
b186 43 2839 74 2872
b187 76 2373 112 2411
b188 43 1259 80 1299
b189 93 566 137 578
b190 175 1088 212 1115
b191 30 3541 46 3575
b192 72 842 101 890
b193 184 137 217 154
b194 159 853 187 866
b195 155 488 188 501
b196 76 2178 117 2219
b197 117 2178 154 2206
b198 66 1653 114 1672
b199 45 2100 76 2136
b200 129 1098 172 1135
b201 174 530 200 559
b202 41 3443 75 3482
b203 114 1241 129 1269
b204 43 3140 84 3173
b205 75 2805 96 2820
b206 43 3105 85 3140
b207 81 2735 114 2763
b208 130 0 157 20
b209 194 398 239 434
b210 79 1192 92 1216
b211 105 686 121 698
b212 99 1752 120 1794
b213 162 298 194 312
b214 110 2949 127 2976
b215 121 686 150 707
b216 88 722 130 741
b217 23 3679 43 3727
b218 117 430 160 445
b219 79 1174 107 1192
b220 154 173 184 210
b221 137 737 150 782
b222 25 0 59 25
b223 25 1783 47 1802
b224 213 434 258 455
b225 162 312 209 350
b226 136 369 175 385
b227 131 1570 144 1602
b228 129 1939 150 1959
b229 114 1290 138 1338
b230 167 1804 197 1837
b231 122 1363 138 1393
b232 221 99 263 122
b233 180 1837 196 1850
b234 157 119 190 137
b235 58 1934 80 1980
b236 126 958 153 997
b237 164 210 185 250
b238 137 919 164 958
b239 89 1120 129 1142
b240 114 764 137 783
b241 66 1748 79 1772
b242 125 1899 147 1939
b243 137 819 174 853
b244 89 1142 126 1155
b245 115 2568 151 2592
b246 0 2217 23 2261
b247 153 958 189 997
b248 59 1228 102 1259
b249 186 154 221 181
b250 76 2219 107 2253
b251 43 1672 86 1706
b252 122 493 141 521
b253 84 1792 99 1805
b254 181 2038 205 2051
b255 80 3066 127 3105
b256 72 24 93 37
b257 72 809 89 842
b258 93 652 137 686
b259 153 997 179 1009
b260 59 1006 78 1018
b261 113 2805 125 2850
b262 179 350 206 398
b263 84 1706 131 1752
b264 117 2336 162 2359
b265 118 2630 163 2645
b266 43 1468 88 1516
b267 157 0 191 39
b268 145 1250 167 1275
b269 126 1159 163 1177
b270 43 1653 66 1668
b271 123 2404 165 2428
b272 136 2110 160 2145
b273 152 2660 173 2690
b274 58 1991 91 2012
b275 129 1986 151 2014
b276 131 1556 162 1570
b277 45 2735 57 2782
b278 75 2763 88 2805
b279 155 445 194 488
b280 92 1098 123 1120
b281 194 81 224 99
b282 88 1468 132 1498
b283 201 460 214 475
b284 126 1035 156 1056
b285 89 809 102 842
b286 49 3561 85 3602
b287 79 1833 121 1854
b288 115 2532 143 2568
b289 59 890 92 927
b290 85 3105 101 3132
b291 92 952 120 995
b292 156 1986 180 2025
b293 136 350 179 369
b294 88 686 105 712
b295 156 2025 199 2038
b296 107 2296 123 2323
b297 72 2411 110 2442
b298 25 1743 58 1783
b299 59 0 72 13
