233190.6875
236098
207025
455 455
7.060359
b0 258 147 301 180
b1 185 144 250 181
b2 285 288 319 341
b3 76 109 143 146
b4 0 203 19 232
b5 390 71 439 110
b6 338 374 356 414
b7 258 180 298 202
b8 143 351 205 401
b9 284 83 325 99
b10 366 0 418 18
b11 226 284 285 323
b12 426 251 454 312
b13 260 99 317 147
b14 298 225 341 288
b15 359 166 411 225
b16 222 87 258 144
b17 195 200 239 266
b18 359 225 410 273
b19 21 138 71 169
b20 341 305 378 324
b21 76 146 140 196
b22 27 80 76 114
b23 301 182 350 202
b24 181 266 226 294
b25 183 87 222 141
b26 99 291 139 346
b27 390 46 455 71
b28 336 414 382 453
b29 422 373 446 435
b30 260 67 284 93
b31 317 132 343 166
b32 76 248 129 291
b33 399 110 434 132
b34 411 132 438 186
b35 143 255 181 286
b36 76 47 143 86
b37 200 67 260 87
b38 298 202 355 225
b39 143 200 195 255
b40 94 349 123 375
b41 46 231 73 286
b42 21 169 74 231
b43 0 232 46 293
b44 78 0 143 47
b45 261 39 305 62
b46 56 0 78 39
b47 411 186 444 251
b48 0 358 57 385
b49 325 85 390 132
b50 359 273 426 305
b51 143 0 200 38
b52 0 385 54 430
b53 0 134 21 177
b54 341 225 359 286
b55 343 132 399 166
b56 76 196 139 213
b57 250 225 297 243
b58 94 375 140 409
b59 57 349 94 399
b60 258 202 298 225
b61 76 86 109 109
b62 319 288 338 348
b63 177 401 213 446
b64 338 324 385 374
b65 42 293 99 349
b66 385 312 452 373
b67 143 75 183 119
b68 284 348 336 411
b69 0 80 27 134
b70 143 141 185 183
b71 262 323 284 387
b72 305 0 366 61
b73 200 0 261 67
b74 0 320 42 358
b75 390 18 409 46
b76 190 294 223 316
b77 205 323 262 389
b78 141 401 177 433
b79 0 39 60 80
b80 301 166 359 182
b81 73 409 123 449
b82 143 294 190 351
b83 210 181 232 197
b84 367 18 389 85
b85 409 18 429 43
b86 143 38 199 75
b87 261 0 305 39
b88 27 114 64 138
b89 0 293 38 320
b90 262 411 301 444
b91 0 0 56 33
b92 0 177 16 203
b93 76 213 141 248
b94 239 243 298 284
b95 54 399 73 450
b96 356 374 422 414
b97 143 183 210 200
b98 305 61 367 83
b99 213 389 262 455
