231798.84375
234551.5
207025
455 455
2.40908
b0 133 249 176 282
b1 280 44 317 109
b2 0 183 53 217
b3 38 0 105 37
b4 53 240 72 269
b5 336 221 385 260
b6 351 0 369 40
b7 183 129 205 169
b8 0 133 62 183
b9 233 287 249 328
b10 121 116 173 134
b11 137 190 176 249
b12 237 379 298 407
b13 203 239 260 287
b14 389 366 452 409
b15 385 67 444 119
b16 301 338 358 374
b17 105 0 171 44
b18 0 272 48 323
b19 320 0 351 50
b20 266 221 285 258
b21 237 329 301 379
b22 205 172 254 206
b23 121 67 141 116
b24 280 176 308 221
b25 206 133 260 172
b26 121 150 176 190
b27 385 200 450 225
b28 334 182 380 221
b29 389 259 413 321
b30 263 258 289 282
b31 171 36 197 70
b32 336 260 389 303
b33 266 407 301 429
b34 176 239 203 293
b35 62 343 93 381
b36 413 259 452 326
b37 385 180 445 200
b38 53 183 76 240
b39 0 217 52 272
b40 237 407 266 433
b41 203 33 258 60
b42 0 391 62 444
b43 48 297 109 343
b44 334 117 381 182
b45 76 182 99 226
b46 62 381 84 420
b47 193 206 258 239
b48 40 37 67 94
b49 385 20 450 67
b50 280 109 312 176
b51 76 232 133 270
b52 93 343 147 388
b53 259 0 280 43
b54 320 50 381 68
b55 385 225 441 259
b56 203 60 266 77
b57 289 221 336 239
b58 0 99 46 133
b59 176 410 226 447
b60 119 44 159 67
b61 183 96 206 129
b62 203 77 263 96
b63 76 107 121 143
b64 289 239 336 289
b65 176 293 233 349
b66 93 388 154 455
b67 280 0 320 44
b68 67 44 119 107
b69 53 270 107 297
b70 141 70 183 112
b71 237 433 301 455
b72 176 349 237 410
b73 385 119 452 180
b74 99 190 137 232
b75 394 0 422 19
b76 312 184 334 217
b77 109 286 175 343
b78 171 0 203 36
b79 0 350 60 391
b80 121 134 179 150
b81 262 289 312 329
b82 301 374 348 431
b83 107 270 129 286
b84 312 117 334 184
b85 369 0 394 20
b86 206 96 262 133
b87 76 143 120 182
b88 16 62 40 99
b89 0 323 38 350
b90 358 409 391 448
b91 203 0 259 33
b92 0 0 16 26
b93 312 303 377 338
b94 391 409 450 450
b95 154 343 173 394
b96 389 326 455 366
b97 176 169 193 236
b98 16 0 38 62
b99 317 68 383 117
