227506.5
227506.5
206570
454 455
8.908231
b0 122 131 165 164
b1 354 0 419 37
b2 249 318 302 352
b3 83 97 120 164
b4 140 295 169 314
b5 183 190 232 229
b6 122 295 140 335
b7 140 317 180 339
b8 303 33 353 95
b9 19 309 60 325
b10 280 127 298 179
b11 62 327 121 366
b12 421 232 449 293
b13 62 279 119 327
b14 122 25 185 68
b15 402 314 454 373
b16 232 221 289 257
b17 302 328 346 394
b18 343 394 391 445
b19 122 164 153 214
b20 414 213 451 232
b21 187 257 237 321
b22 88 404 137 438
b23 433 150 453 199
b24 302 300 347 328
b25 203 84 257 123
b26 37 0 77 55
b27 122 0 187 25
b28 203 390 249 429
b29 355 290 417 314
b30 183 229 209 253
b31 298 127 324 161
b32 121 361 174 404
b33 337 151 372 173
b34 253 127 280 181
b35 0 24 31 62
b36 298 161 337 228
b37 354 213 414 233
b38 230 123 253 180
b39 31 97 83 152
b40 271 352 300 378
b41 175 163 230 190
b42 0 152 62 205
b43 122 214 183 260
b44 353 37 418 84
b45 187 61 231 84
b46 249 352 271 391
b47 347 314 380 379
b48 0 325 27 382
b49 374 84 439 131
b50 257 95 324 127
b51 298 262 355 300
b52 77 0 122 54
b53 187 0 208 43
b54 325 394 343 455
b55 298 228 354 262
b56 0 205 17 268
b57 62 205 109 223
b58 257 61 303 95
b59 38 409 88 446
b60 249 423 289 446
b61 331 0 354 33
b62 374 131 434 150
b63 289 394 325 439
b64 122 84 172 131
b65 62 223 119 279
b66 391 381 452 448
b67 337 173 381 213
b68 381 150 433 213
b69 0 382 54 409
b70 75 55 117 97
b71 122 339 186 361
b72 237 257 298 318
b73 208 0 275 61
b74 37 55 75 97
b75 418 37 437 65
b76 153 164 175 197
b77 355 233 421 290
b78 249 391 285 423
b79 19 205 60 265
b80 122 68 180 84
b81 180 123 230 163
b82 187 343 244 390
b83 169 295 185 317
b84 380 314 402 381
b85 209 229 229 254
b86 337 95 374 151
b87 19 265 58 309
b88 0 0 37 24
b89 0 409 38 436
b90 54 366 93 399
b91 275 0 331 33
b92 187 84 203 110
b93 122 260 187 295
b94 62 164 121 205
b95 0 268 19 319
b96 232 181 298 221
b97 0 62 17 129
b98 187 321 249 343
b99 137 404 203 453
