559128.1640625
586284.5
314721
561 561
199.12691
b0 299 368 326 383
b1 141 336 168 352
b2 94 181 120 203
b3 299 0 344 21
b4 371 333 416 373
b5 0 295 16 321
b6 81 462 119 489
b7 210 304 245 333
b8 299 330 335 351
b9 264 514 308 539
b10 94 140 109 171
b11 312 385 353 409
b12 0 321 19 338
b13 101 522 149 555
b14 388 50 409 94
b15 457 228 472 262
b16 0 518 45 560
b17 416 326 457 363
b18 476 370 520 413
b19 335 345 371 368
b20 260 0 277 13
b21 299 283 343 311
b22 505 199 540 228
b23 0 473 40 490
b24 225 151 243 175
b25 447 46 476 89
b26 457 326 475 353
b27 479 413 519 451
b28 447 89 471 101
b29 206 371 236 400
b30 97 318 125 338
b31 0 263 36 295
b32 457 262 476 284
b33 250 327 296 372
b34 199 84 211 113
b35 213 152 225 178
b36 370 306 400 333
b37 213 123 225 152
b38 25 408 46 427
b39 195 300 208 312
b40 44 341 91 360
b41 251 177 270 213
b42 131 237 156 283
b43 321 91 360 112
b44 59 220 86 244
b45 434 504 458 529
b46 301 63 320 76
b47 450 284 490 326
b48 234 433 268 461
b49 520 434 544 482
b50 198 0 212 19
b51 199 239 213 255
b52 158 376 176 413
b53 228 506 264 518
b54 91 338 125 368
b55 0 129 26 160
b56 304 409 350 440
b57 166 180 214 227
b58 481 514 506 539
b59 94 93 132 140
b60 305 91 321 130
b61 251 259 296 290
b62 430 363 476 399
b63 245 291 291 327
b64 503 101 518 134
b65 150 470 173 483
b66 350 451 392 496
b67 437 0 451 33
b68 59 395 104 423
b69 214 230 250 257
b70 384 201 429 217
b71 403 0 437 32
b72 267 372 299 387
b73 370 254 382 300
b74 164 31 207 65
b75 294 440 314 477
b76 127 184 166 220
b77 350 433 390 451
b78 0 364 42 380
b79 132 102 157 142
b80 0 114 36 129
b81 59 244 91 259
b82 320 67 359 91
b83 393 373 430 414
b84 35 34 69 72
b85 156 239 199 273
b86 481 451 520 495
b87 0 160 45 208
b88 199 474 228 518
b89 491 179 533 199
b90 490 240 514 286
b91 116 67 159 88
b92 514 240 561 285
b93 392 530 416 550
b94 236 372 267 391
b95 268 121 305 165
b96 75 489 121 522
b97 353 373 393 388
b98 436 475 471 488
b99 476 84 516 101
b100 494 134 538 179
b101 476 54 512 84
b102 125 300 165 336
b103 460 120 494 154
b104 348 133 362 175
b105 0 208 35 241
b106 451 0 484 12
b107 151 152 166 184
b108 211 19 249 56
b109 384 155 426 201
b110 109 142 151 181
b111 25 395 46 408
b112 176 371 206 396
b113 214 346 250 370
b114 392 450 436 484
b115 214 208 248 230
b116 150 483 178 502
b117 195 435 234 456
b118 453 154 491 198
b119 150 442 195 470
b120 45 161 81 197
b121 321 514 359 548
b122 55 72 75 115
b123 45 197 81 220
b124 195 400 226 435
b125 392 484 434 530
b126 45 535 67 547
b127 0 380 25 423
b128 360 47 388 91
b129 384 94 406 128
b130 321 484 347 514
b131 254 76 302 121
b132 250 138 268 177
b133 225 123 268 138
b134 254 40 301 74
b135 298 216 343 231
b136 47 268 59 305
b137 26 129 47 157
b138 0 490 42 518
b139 384 217 421 253
b140 282 430 294 473
b141 458 101 503 120
b142 343 288 370 325
b143 141 352 166 376
b144 207 518 222 558
b145 308 514 321 559
b146 270 165 303 213
b147 177 518 207 560
b148 104 393 122 413
b149 520 387 542 434
b150 458 504 481 535
b151 157 104 199 122
b152 195 65 211 84
b153 157 122 198 152
b154 127 220 149 237
b155 132 88 157 102
b156 490 286 518 302
b157 343 325 368 345
b158 225 138 248 151
b159 318 440 350 484
b160 490 302 506 329
b161 0 427 47 473
b162 199 456 230 474
b163 413 304 446 326
b164 75 57 116 93
b165 326 368 347 385
b166 0 0 36 34
b167 518 285 554 322
b168 475 329 516 353
b169 75 33 114 57
b170 121 453 150 498
b171 277 0 299 40
b172 90 446 117 459
b173 303 170 335 195
b174 125 284 168 300
b175 149 220 165 235
b176 211 56 249 89
b177 86 203 127 240
b178 75 93 92 112
b179 116 33 162 67
b180 481 495 521 514
b181 429 201 457 231
b182 436 451 481 475
b183 162 65 195 104
b184 335 21 360 67
b185 343 254 370 288
b186 0 61 31 94
b187 393 414 431 450
b188 278 477 318 514
b189 472 228 516 240
b190 168 273 195 310
b191 47 462 81 478
b192 457 199 505 228
b193 233 175 250 208
b194 521 482 534 510
b195 211 291 244 304
b196 343 213 384 254
b197 267 402 304 430
b198 212 0 260 19
b199 19 310 55 341
b200 305 133 348 170
b201 135 0 164 26
b202 424 101 458 140
b203 19 295 47 310
b204 226 400 267 433
b205 198 123 213 144
b206 47 126 89 161
b207 42 478 75 506
b208 145 421 172 441
b209 421 231 457 276
b210 400 306 413 330
b211 468 12 484 24
b212 301 21 322 63
b213 199 255 213 287
b214 476 353 503 370
b215 172 413 193 442
b216 299 311 341 330
b217 36 220 56 268
b218 350 418 393 433
b219 97 300 125 318
b220 384 253 414 290
b221 322 21 335 66
b222 85 368 119 393
b223 121 498 143 517
b224 178 470 199 515
b225 59 259 97 306
b226 436 488 475 504
b227 436 33 468 46
b228 344 0 364 21
b229 431 399 455 447
b230 353 388 386 418
b231 382 290 412 306
b232 122 411 145 453
b233 195 287 211 300
b234 403 32 436 50
b235 168 349 214 371
b236 150 502 177 541
b237 303 195 343 216
b238 516 322 555 349
b239 299 261 339 283
b240 214 178 233 201
b241 46 395 59 419
b242 520 365 560 387
b243 214 257 251 291
b244 423 140 460 153
b245 455 413 479 449
b246 0 341 44 364
b247 343 177 382 213
b248 42 364 85 395
b249 0 34 35 61
b250 164 0 198 31
b251 211 89 254 123
b252 249 19 277 38
b253 363 134 378 147
b254 88 522 101 546
b255 364 0 403 47
b256 81 161 94 182
b257 104 413 121 446
b258 97 240 131 284
b259 503 353 529 365
b260 36 114 55 126
b261 146 376 158 421
b262 426 153 453 201
b263 251 213 298 259
b264 424 50 447 95
b265 267 387 312 402
b266 230 461 278 506
b267 36 0 75 34
b268 263 539 288 561
b269 406 94 424 131
b270 81 306 96 329
b271 168 312 210 336
b272 122 376 146 411
b273 362 147 383 177
b274 114 0 135 33
b275 59 306 81 334
b276 268 430 282 461
b277 166 227 213 239
b278 31 72 44 114
b279 47 423 90 462
b280 0 241 31 263
b281 416 530 446 548
b282 299 231 343 261
b283 210 333 225 346
b284 476 24 497 54
b285 168 336 201 349
b286 222 518 263 554
b287 321 112 363 133
b288 414 276 450 304
b289 75 0 112 33
b290 125 336 141 363
b291 166 152 209 180
b292 384 131 423 155
b293 363 91 382 134
b294 299 351 325 368
b295 45 522 88 535
b296 97 284 124 300
b297 497 0 528 38
b298 359 496 392 536
b299 81 182 94 195
