399425.375
421356
202050
449 450
19.069866
b0 81 288 97 324
b1 0 171 39 190
b2 401 244 442 279
b3 188 108 206 155
b4 292 0 318 32
b5 327 205 358 240
b6 388 251 401 280
b7 251 115 279 136
b8 265 419 297 434
b9 40 166 86 200
b10 403 325 448 357
b11 99 66 135 80
b12 158 264 194 306
b13 401 199 449 244
b14 46 431 71 446
b15 209 137 254 183
b16 133 184 155 202
b17 312 75 345 101
b18 401 155 435 174
b19 99 99 129 111
b20 367 155 400 183
b21 170 36 214 75
b22 240 195 279 221
b23 86 171 126 196
b24 279 115 294 140
b25 214 46 250 82
b26 99 111 142 136
b27 55 356 70 390
b28 329 155 367 201
b29 158 411 170 448
b30 288 303 305 330
b31 25 90 41 127
b32 232 360 255 392
b33 346 300 364 336
b34 254 136 273 174
b35 345 86 378 101
b36 358 201 370 229
b37 132 0 148 21
b38 346 336 379 362
b39 128 267 158 309
b40 155 217 196 245
b41 148 33 164 49
b42 16 127 35 171
b43 0 206 40 240
b44 0 90 16 117
b45 96 391 110 428
b46 160 136 175 184
b47 72 243 86 266
b48 158 387 184 411
b49 120 202 151 242
b50 167 75 209 108
b51 133 136 160 184
b52 373 214 400 251
b53 351 101 368 119
b54 39 150 82 166
b55 86 0 99 46
b56 364 300 386 325
b57 158 306 177 354
b58 420 357 439 398
b59 0 404 46 450
b60 235 399 265 434
b61 86 233 120 266
b62 388 280 425 325
b63 34 0 49 35
b64 110 403 158 450
b65 170 411 203 441
b66 370 183 401 214
b67 49 0 86 44
b68 301 249 336 273
b69 263 265 301 284
b70 114 267 128 303
b71 351 408 393 442
b72 365 45 398 79
b73 270 303 288 341
b74 227 342 256 360
b75 196 217 219 244
b76 404 381 416 395
b77 404 357 420 381
b78 269 89 312 115
b79 270 284 307 303
b80 331 285 346 299
b81 203 409 235 429
b82 258 24 291 56
b83 273 140 292 177
b84 336 242 373 285
b85 184 372 232 409
b86 305 318 329 342
b87 151 245 196 264
b88 44 243 72 286
b89 44 231 79 243
b90 307 273 331 318
b91 114 334 158 362
b92 177 348 219 372
b93 227 296 270 317
b94 297 419 313 434
b95 278 359 314 384
b96 282 224 327 249
b97 120 242 148 267
b98 263 249 289 265
b99 44 302 81 322
b100 390 103 417 128
b101 48 391 96 431
b102 227 317 265 342
b103 174 185 206 217
b104 214 82 250 107
b105 329 366 360 408
b106 398 42 437 76
b107 0 117 16 162
b108 158 354 170 387
b109 258 0 270 22
b110 0 298 44 321
b111 99 0 112 18
b112 35 132 81 150
b113 294 120 322 163
b114 312 101 351 120
b115 99 36 136 66
b116 398 0 435 42
b117 0 364 24 401
b118 329 120 368 155
b119 239 260 263 296
b120 99 266 114 311
b121 393 404 425 449
b122 70 361 113 391
b123 279 189 292 224
b124 86 46 99 85
b125 270 341 298 359
b126 189 320 227 348
b127 24 382 48 404
b128 114 309 150 334
b129 214 0 258 46
b130 318 0 363 44
b131 112 0 132 36
b132 291 32 307 70
b133 276 177 290 189
b134 318 59 347 75
b135 331 329 346 366
b136 250 88 269 112
b137 81 266 99 288
b138 206 195 236 217
b139 40 200 73 231
b140 0 352 16 364
b141 136 49 170 74
b142 390 128 436 155
b143 0 252 44 298
b144 81 324 110 349
b145 363 0 397 45
b146 194 286 227 320
b147 44 322 75 334
b148 0 73 25 90
b149 329 408 351 430
b150 331 299 344 329
b151 347 59 363 86
b152 0 40 33 73
b153 24 321 36 361
b154 360 362 404 404
b155 358 229 370 242
b156 99 80 141 99
b157 177 306 189 348
b158 292 205 320 222
b159 379 325 403 361
b160 240 183 276 195
b161 155 184 174 215
b162 188 155 200 185
b163 33 44 80 90
b164 250 56 277 88
b165 148 0 189 33
b166 0 240 36 252
b167 318 45 365 59
b168 214 112 251 137
b169 142 108 188 136
b170 36 334 81 356
b171 99 136 133 171
b172 142 74 167 105
b173 368 103 390 145
b174 189 0 214 20
b175 206 183 240 195
b176 0 190 20 206
b177 24 361 55 382
b178 189 20 209 36
b179 113 362 158 403
b180 291 70 312 89
b181 346 285 388 300
b182 81 349 114 361
b183 44 286 81 302
b184 263 224 282 244
b185 175 136 188 180
b186 86 85 99 133
b187 270 0 292 24
b188 378 79 418 103
b189 0 321 20 352
b190 86 196 120 233
b191 292 163 329 205
b192 219 221 247 243
b193 196 244 239 286
b194 41 90 84 132
b195 401 174 437 199
b196 247 221 263 260
b197 278 384 325 419
b198 256 359 278 399
b199 0 0 34 40
