226146.75
228372.5
206115
453 455
2.851494
b0 275 49 308 92
b1 93 301 158 338
b2 34 276 68 329
b3 93 264 160 301
b4 46 88 65 117
b5 306 137 345 186
b6 356 0 396 18
b7 305 258 345 280
b8 391 176 441 238
b9 93 338 134 354
b10 267 196 285 248
b11 122 53 161 112
b12 17 0 78 28
b13 161 305 218 353
b14 410 67 453 130
b15 285 186 344 238
b16 389 238 446 274
b17 345 215 389 281
b18 27 228 78 276
b19 57 367 88 417
b20 363 377 400 396
b21 161 0 225 50
b22 0 280 34 329
b23 275 111 324 131
b24 54 417 99 445
b25 225 157 279 196
b26 161 121 201 176
b27 385 74 410 139
b28 410 130 449 176
b29 161 97 223 121
b30 342 281 368 305
b31 57 333 83 367
b32 0 173 43 226
b33 368 281 390 316
b34 279 131 306 185
b35 170 388 208 419
b36 226 263 265 330
b37 285 238 345 258
b38 68 276 91 333
b39 93 212 148 264
b40 342 49 368 78
b41 93 354 148 381
b42 78 0 140 53
b43 0 88 46 149
b44 46 147 93 212
b45 225 94 269 117
b46 305 358 344 380
b47 161 272 226 305
b48 0 329 57 356
b49 225 0 290 47
b50 384 345 451 377
b51 363 396 401 453
b52 161 218 206 272
b53 140 0 161 43
b54 287 329 305 390
b55 308 49 342 105
b56 0 0 17 63
b57 99 397 146 415
b58 345 181 391 215
b59 99 415 149 452
b60 344 348 384 371
b61 385 139 408 172
b62 384 326 444 345
b63 318 380 363 416
b64 225 47 275 94
b65 65 53 122 109
b66 206 196 267 263
b67 345 137 385 181
b68 390 274 453 326
b69 0 226 27 280
b70 161 176 203 218
b71 274 391 296 455
b72 226 330 287 391
b73 93 151 160 212
b74 65 109 107 147
b75 275 92 303 111
b76 305 280 338 302
b77 208 391 274 448
b78 342 316 378 348
b79 17 28 58 88
b80 93 381 151 397
b81 225 117 275 157
b82 161 50 218 97
b83 38 356 54 378
b84 401 0 423 67
b85 324 105 344 130
b86 305 302 342 358
b87 107 112 151 151
b88 0 149 37 173
b89 0 356 38 383
b90 318 416 351 455
b91 368 18 401 74
b92 43 212 69 228
b93 160 353 225 388
b94 344 78 385 137
b95 151 388 170 439
b96 265 263 305 329
b97 206 121 223 188
b98 296 390 318 452
b99 290 0 356 49
