228127.4023438
237950
205208
452 454
1.851746
b0 400 206 433 249
b1 354 205 391 270
b2 23 270 57 323
b3 57 327 94 394
b4 0 96 19 125
b5 297 0 346 39
b6 176 111 194 151
b7 0 210 40 232
b8 0 46 62 96
b9 167 196 208 212
b10 272 148 324 166
b11 117 103 176 142
b12 327 47 355 108
b13 84 255 141 303
b14 334 324 377 387
b15 207 257 266 309
b16 390 104 447 140
b17 94 303 138 369
b18 246 0 297 48
b19 117 142 167 173
b20 272 191 291 228
b21 400 257 450 321
b22 166 212 215 246
b23 324 166 373 186
b24 270 233 315 261
b25 207 0 246 54
b26 215 217 270 257
b27 247 152 272 217
b28 152 407 198 446
b29 328 108 390 132
b30 308 295 334 319
b31 23 244 57 270
b32 40 201 93 244
b33 177 22 199 57
b34 182 57 209 111
b35 57 394 95 425
b36 355 47 422 86
b37 422 19 442 79
b38 0 379 57 402
b39 114 173 166 228
b40 57 298 83 327
b41 102 228 157 255
b42 0 130 62 183
b43 0 0 61 46
b44 377 361 442 408
b45 0 232 23 276
b46 0 276 22 315
b47 209 54 242 119
b48 117 0 174 27
b49 346 0 411 47
b50 292 166 324 233
b51 131 369 188 407
b52 0 402 54 447
b53 270 261 313 282
b54 246 48 264 109
b55 328 132 384 166
b56 203 119 266 136
b57 355 86 402 104
b58 19 96 65 130
b59 375 408 425 445
b60 77 0 117 23
b61 288 324 321 347
b62 337 186 397 205
b63 167 151 203 196
b64 65 63 112 113
b65 0 323 57 379
b66 266 48 327 115
b67 288 347 332 387
b68 337 272 400 324
b69 57 244 84 298
b70 266 282 308 324
b71 266 324 288 388
b72 138 304 199 365
b73 199 309 266 370
b74 65 113 107 151
b75 411 0 439 19
b76 174 0 207 22
b77 199 370 265 427
b78 95 369 131 401
b79 117 27 177 68
b80 203 136 261 152
b81 62 151 102 201
b82 95 407 152 454
b83 61 0 77 22
b84 266 388 333 410
b85 272 166 292 191
b86 377 324 433 361
b87 203 152 247 191
b88 77 39 114 63
b89 0 183 38 210
b90 265 410 298 449
b91 272 115 328 148
b92 77 23 103 39
b93 117 68 182 103
b94 334 387 375 446
b95 433 206 452 257
b96 400 140 440 206
b97 337 205 354 272
b98 315 233 337 295
b99 141 255 207 304
