242200.390625
246311
205205
455 451
7.441379
b0 326 281 359 324
b1 253 47 290 112
b2 164 250 217 284
b3 97 173 164 210
b4 421 184 450 203
b5 164 318 213 357
b6 409 318 449 336
b7 164 206 186 246
b8 344 62 394 124
b9 239 186 280 202
b10 326 103 344 155
b11 46 205 85 264
b12 302 0 363 28
b13 225 206 282 254
b14 326 397 389 440
b15 186 69 238 128
b16 409 242 445 299
b17 113 97 179 141
b18 359 257 407 308
b19 45 343 95 374
b20 409 299 446 318
b21 262 129 326 179
b22 164 284 213 318
b23 349 237 398 257
b24 0 380 45 408
b25 95 367 149 406
b26 278 260 318 315
b27 343 212 408 237
b28 408 203 454 242
b29 363 0 387 62
b30 302 103 326 129
b31 375 308 409 334
b32 42 300 95 343
b33 433 61 455 96
b34 27 151 54 205
b35 282 229 320 260
b36 394 61 433 128
b37 179 186 239 206
b38 239 129 262 186
b39 95 228 150 280
b40 302 28 328 57
b41 95 340 150 367
b42 0 65 53 127
b43 0 205 46 266
b44 186 0 251 47
b45 326 237 349 281
b46 217 315 256 337
b47 95 307 160 340
b48 95 280 152 307
b49 0 0 47 65
b50 97 141 164 173
b51 160 357 198 414
b52 344 167 398 212
b53 344 124 365 167
b54 85 210 146 228
b55 421 128 455 184
b56 238 112 301 129
b57 186 168 233 186
b58 302 57 336 103
b59 150 414 200 451
b60 54 181 94 204
b61 398 165 421 198
b62 213 370 273 389
b63 46 264 91 300
b64 47 0 97 47
b65 97 0 153 57
b66 375 336 442 397
b67 186 128 230 168
b68 274 315 326 378
b69 0 151 27 205
b70 95 406 137 448
b71 75 85 97 149
b72 217 254 278 315
b73 387 0 454 61
b74 0 266 42 304
b75 251 19 270 47
b76 213 337 235 370
b77 200 389 266 446
b78 54 149 90 181
b79 0 320 41 380
b80 97 57 113 115
b81 282 179 322 229
b82 273 378 320 435
b83 45 374 67 390
b84 186 47 253 69
b85 328 28 348 53
b86 365 128 421 165
b87 186 206 225 250
b88 0 127 37 151
b89 53 47 80 85
b90 235 337 274 370
b91 153 0 186 56
b92 0 304 26 320
b93 0 408 65 443
b94 389 397 448 438
b95 251 0 302 19
b96 113 57 179 97
b97 326 155 343 222
b98 53 85 75 147
b99 326 324 375 390
