229842.6875
232378
207025
455 455
3.800546
b0 188 257 221 300
b1 371 47 408 112
b2 313 355 366 389
b3 143 283 180 350
b4 177 374 206 393
b5 339 163 388 202
b6 295 355 313 395
b7 152 395 174 435
b8 106 159 156 221
b9 211 211 227 252
b10 216 79 234 131
b11 157 79 216 118
b12 206 374 234 435
b13 185 131 242 179
b14 108 0 171 43
b15 382 223 441 275
b16 154 221 211 257
b17 171 0 237 44
b18 220 304 268 355
b19 227 273 277 304
b20 346 144 383 163
b21 313 389 363 453
b22 108 87 157 121
b23 251 205 271 254
b24 149 350 177 395
b25 319 254 373 293
b26 0 261 55 301
b27 346 47 371 112
b28 300 156 339 202
b29 227 211 251 273
b30 147 44 173 68
b31 154 257 188 283
b32 242 162 295 205
b33 408 67 443 89
b34 177 393 204 447
b35 268 306 306 337
b36 408 0 447 67
b37 281 36 341 56
b38 49 119 106 142
b39 88 279 143 331
b40 271 205 300 231
b41 53 301 80 356
b42 0 301 53 363
b43 40 142 101 188
b44 350 297 415 344
b45 306 306 350 329
b46 373 275 412 297
b47 234 422 299 455
b48 22 0 49 57
b49 341 0 406 47
b50 346 112 413 144
b51 106 121 163 159
b52 98 407 152 452
b53 234 84 277 105
b54 268 337 329 355
b55 281 56 337 90
b56 22 104 39 167
b57 22 57 40 104
b58 88 331 134 365
b59 48 413 98 450
b60 238 44 261 84
b61 271 231 294 264
b62 300 202 319 262
b63 277 0 322 36
b64 26 363 73 413
b65 49 63 106 119
b66 234 355 295 422
b67 237 0 277 44
b68 319 202 382 254
b69 0 234 54 261
b70 277 264 319 306
b71 163 118 185 182
b72 363 393 424 454
b73 388 156 449 223
b74 73 365 111 407
b75 322 0 341 28
b76 49 41 82 63
b77 289 90 346 156
b78 202 179 238 211
b79 39 188 99 229
b80 101 221 117 279
b81 180 300 220 350
b82 242 105 289 162
b83 26 413 48 429
b84 413 89 435 156
b85 261 44 281 69
b86 117 221 154 277
b87 108 43 147 87
b88 0 379 24 416
b89 111 365 149 392
b90 163 182 202 215
b91 55 229 88 285
b92 0 363 26 379
b93 173 44 238 79
b94 49 0 108 41
b95 180 355 231 374
b96 415 275 455 341
b97 22 167 39 234
b98 0 0 22 62
b99 366 344 432 393
