230125.84375
233046.5
203840
448 455
4.226253
b0 64 192 107 225
b1 375 213 440 250
b2 258 211 311 245
b3 133 290 200 327
b4 114 75 143 94
b5 160 228 209 267
b6 237 116 277 134
b7 57 0 79 40
b8 323 66 385 116
b9 0 246 41 262
b10 323 232 375 250
b11 41 412 100 451
b12 197 327 225 388
b13 0 301 57 349
b14 253 324 296 387
b15 390 126 442 185
b16 180 89 237 125
b17 0 56 66 100
b18 100 391 148 442
b19 264 272 295 322
b20 295 272 314 309
b21 171 178 235 228
b22 0 349 49 383
b23 209 252 258 272
b24 225 324 253 369
b25 284 55 323 109
b26 118 0 173 40
b27 363 188 428 213
b28 127 327 173 366
b29 173 327 197 389
b30 209 228 235 252
b31 186 63 220 89
b32 57 278 100 331
b33 118 40 140 75
b34 293 156 320 210
b35 64 161 102 192
b36 290 0 357 39
b37 419 66 439 126
b38 107 171 130 228
b39 209 272 264 324
b40 170 407 199 433
b41 258 245 313 272
b42 44 225 106 278
b43 0 162 61 208
b44 381 311 446 358
b45 160 267 204 290
b46 79 0 118 22
b47 225 0 290 33
b48 100 317 127 374
b49 357 19 422 66
b50 323 116 390 148
b51 133 171 171 228
b52 49 358 94 412
b53 143 63 186 84
b54 79 22 97 83
b55 381 358 437 392
b56 100 374 163 391
b57 106 228 124 275
b58 385 66 419 112
b59 199 407 249 444
b60 79 89 102 129
b61 235 211 258 244
b62 357 0 417 19
b63 144 84 180 129
b64 237 66 284 116
b65 0 0 57 56
b66 249 387 316 448
b67 323 188 363 232
b68 173 0 225 63
b69 133 228 160 282
b70 102 94 144 136
b71 148 391 170 455
b72 320 250 381 311
b73 381 250 448 311
b74 0 208 42 246
b75 428 185 447 213
b76 287 134 320 156
b77 320 352 377 418
b78 59 129 95 161
b79 0 383 41 443
b80 290 39 348 55
b81 237 134 287 174
b82 377 392 424 449
b83 42 208 64 224
b84 296 309 318 376
b85 284 109 304 134
b86 237 174 293 211
b87 0 262 44 301
b88 0 126 37 150
b89 57 331 95 358
b90 100 278 133 317
b91 225 33 281 66
b92 0 100 16 126
b93 102 136 167 171
b94 320 311 379 352
b95 197 388 248 407
b96 323 148 389 188
b97 97 22 114 89
b98 37 100 59 162
b99 171 129 237 178
