248116
248116
204750
455 450
8.966596
b0 44 235 77 278
b1 285 0 322 65
b2 164 312 198 365
b3 164 368 201 435
b4 0 366 29 385
b5 156 22 205 61
b6 329 133 369 151
b7 43 300 83 322
b8 275 267 325 329
b9 359 370 375 411
b10 215 0 233 52
b11 232 333 271 392
b12 214 267 275 295
b13 302 393 359 441
b14 0 303 43 366
b15 233 0 285 59
b16 169 61 226 97
b17 379 114 423 180
b18 169 97 220 145
b19 169 145 219 176
b20 434 235 453 272
b21 150 200 214 250
b22 198 319 232 368
b23 434 272 454 321
b24 233 59 278 87
b25 83 363 122 417
b26 0 248 40 303
b27 350 89 415 114
b28 350 40 389 86
b29 202 176 264 200
b30 214 295 240 319
b31 345 151 379 177
b32 0 195 43 248
b33 79 65 114 87
b34 345 177 372 231
b35 240 295 271 333
b36 44 168 83 235
b37 435 156 455 216
b38 302 370 359 393
b39 379 235 434 287
b40 271 363 300 389
b41 145 285 200 312
b42 83 244 145 297
b43 0 402 61 448
b44 285 65 350 112
b45 0 172 44 195
b46 44 278 83 300
b47 44 135 109 168
b48 72 103 129 130
b49 82 0 129 65
b50 423 89 455 156
b51 386 287 424 344
b52 257 392 302 446
b53 156 0 199 21
b54 379 217 440 235
b55 345 231 379 287
b56 386 344 449 361
b57 109 130 127 177
b58 271 329 317 363
b59 122 354 159 404
b60 366 0 389 40
b61 127 167 150 200
b62 285 151 345 170
b63 309 222 345 267
b64 22 88 72 135
b65 201 392 257 449
b66 214 200 275 267
b67 322 0 366 40
b68 278 170 341 222
b69 129 0 156 54
b70 122 312 164 354
b71 317 348 381 370
b72 325 287 386 348
b73 389 0 450 67
b74 122 404 164 442
b75 329 114 357 133
b76 169 176 202 198
b77 375 370 432 436
b78 277 222 309 258
b79 22 0 82 41
b80 67 363 83 421
b81 129 117 169 167
b82 22 41 79 88
b83 199 0 215 22
b84 0 0 22 67
b85 322 40 347 60
b86 379 180 435 217
b87 285 112 329 151
b88 0 135 24 172
b89 83 177 121 204
b90 83 417 122 450
b91 129 61 162 117
b92 79 87 105 103
b93 149 250 214 285
b94 43 322 102 363
b95 226 87 277 106
b96 83 204 149 244
b97 0 385 67 402
b98 389 67 451 89
b99 226 106 275 172
