229844.5
232380
207025
455 455
9.620436
b0 268 308 301 351
b1 343 53 380 118
b2 21 40 74 74
b3 73 333 110 400
b4 0 266 19 295
b5 250 67 299 106
b6 273 361 313 379
b7 208 224 248 246
b8 146 0 208 50
b9 123 101 139 142
b10 54 266 72 318
b11 168 166 207 225
b12 74 221 135 249
b13 110 337 167 385
b14 248 224 311 267
b15 385 47 444 99
b16 301 275 358 311
b17 311 231 377 275
b18 129 286 177 337
b19 275 0 325 31
b20 313 400 350 419
b21 208 174 272 224
b22 208 246 242 295
b23 272 196 321 216
b24 359 332 387 377
b25 114 166 168 205
b26 139 111 179 166
b27 318 65 343 130
b28 313 361 359 400
b29 0 204 24 266
b30 288 106 312 132
b31 70 176 104 202
b32 27 166 70 219
b33 427 389 449 424
b34 179 111 206 165
b35 167 376 205 407
b36 397 265 436 332
b37 325 33 385 53
b38 123 0 146 57
b39 110 385 165 437
b40 24 266 53 292
b41 74 249 129 276
b42 42 401 104 454
b43 0 120 61 166
b44 241 109 288 174
b45 123 57 146 101
b46 21 74 60 96
b47 208 109 241 174
b48 177 349 234 376
b49 385 0 450 47
b50 243 0 275 67
b51 359 275 397 332
b52 17 356 71 401
b53 0 0 21 43
b54 437 160 455 221
b55 17 322 73 356
b56 0 322 17 385
b57 0 43 18 90
b58 275 31 321 65
b59 301 311 338 361
b60 397 222 437 245
b61 354 154 377 187
b62 87 0 106 60
b63 399 160 435 205
b64 24 219 74 266
b65 73 276 129 333
b66 135 225 202 286
b67 310 154 354 194
b68 61 74 113 137
b69 0 295 54 322
b70 208 67 250 109
b71 288 132 310 196
b72 146 50 207 111
b73 385 99 452 160
b74 0 401 42 439
b75 299 65 318 93
b76 312 130 345 152
b77 387 332 453 389
b78 345 118 377 154
b79 208 308 268 349
b80 74 205 132 221
b81 37 0 87 40
b82 165 407 222 454
b83 123 142 139 164
b84 222 384 289 406
b85 397 245 422 265
b86 321 194 377 231
b87 70 137 114 176
b88 0 96 37 120
b89 0 166 27 204
b90 234 351 273 384
b91 325 0 381 33
b92 21 0 37 26
b93 208 0 243 65
b94 242 267 301 308
b95 359 377 378 428
b96 222 406 288 446
b97 106 0 123 67
b98 377 160 399 222
b99 378 389 427 455
