236163.390625
239401
207025
455 455
3.221395
b0 226 251 259 294
b1 166 0 231 37
b2 141 154 194 188
b3 0 372 37 439
b4 0 0 19 29
b5 343 160 392 199
b6 141 188 181 206
b7 156 392 178 432
b8 392 121 454 171
b9 122 39 163 55
b10 123 263 175 281
b11 122 281 161 340
b12 392 171 453 199
b13 166 37 223 85
b14 43 371 106 414
b15 296 47 355 99
b16 342 387 399 423
b17 75 95 141 139
b18 343 199 394 247
b19 303 330 334 380
b20 259 251 278 288
b21 215 201 279 251
b22 62 206 111 240
b23 334 315 383 335
b24 185 294 230 322
b25 415 266 454 320
b26 67 280 122 320
b27 386 96 451 121
b28 303 387 342 433
b29 362 94 386 156
b30 230 294 254 320
b31 229 39 263 65
b32 0 319 43 372
b33 362 47 397 69
b34 202 139 229 193
b35 257 152 295 183
b36 334 248 373 315
b37 253 0 313 20
b38 164 335 187 392
b39 0 235 55 287
b40 399 380 425 409
b41 254 330 281 385
b42 0 95 62 148
b43 0 189 61 235
b44 296 183 343 248
b45 418 320 441 364
b46 231 0 253 39
b47 123 374 156 439
b48 188 193 215 250
b49 313 0 378 47
b50 0 287 67 319
b51 228 413 285 451
b52 279 248 333 293
b53 164 292 185 335
b54 62 188 123 206
b55 108 340 164 374
b56 279 183 296 246
b57 229 183 276 201
b58 397 50 431 96
b59 178 412 228 449
b60 102 55 125 95
b61 301 160 334 183
b62 399 320 418 380
b63 251 76 296 112
b64 75 0 122 50
b65 19 0 75 57
b66 394 199 455 266
b67 257 112 301 152
b68 334 335 397 387
b69 202 85 229 139
b70 373 266 415 308
b71 303 433 367 455
b72 301 99 362 160
b73 141 87 202 154
b74 0 57 42 95
b75 229 127 257 146
b76 188 251 221 273
b77 187 355 253 412
b78 125 55 161 87
b79 0 148 60 189
b80 43 355 101 371
b81 397 0 437 50
b82 141 206 188 263
b83 281 330 303 346
b84 281 346 303 413
b85 362 69 382 94
b86 278 293 334 330
b87 122 0 166 39
b88 229 146 253 183
b89 75 50 102 88
b90 187 322 226 355
b91 263 20 296 76
b92 230 320 246 346
b93 43 320 108 355
b94 37 414 96 455
b95 175 273 226 292
b96 55 240 121 280
b97 106 374 123 441
b98 229 65 251 127
b99 75 139 141 188
