417509
417509
202050
450 449
116.196082
b0 297 252 313 288
b1 176 104 215 123
b2 230 61 271 96
b3 332 258 350 305
b4 45 0 77 26
b5 350 401 381 436
b6 292 341 321 354
b7 367 233 395 254
b8 0 423 32 438
b9 90 216 124 262
b10 408 0 440 45
b11 108 117 122 153
b12 124 216 160 258
b13 223 96 271 141
b14 127 141 142 166
b15 200 357 246 402
b16 430 205 448 227
b17 367 254 393 287
b18 227 323 246 357
b19 271 27 283 57
b20 272 160 300 193
b21 272 121 316 160
b22 63 93 102 119
b23 166 310 191 350
b24 381 376 396 401
b25 120 0 156 36
b26 0 171 43 196
b27 0 379 15 413
b28 316 163 354 209
b29 160 220 172 257
b30 413 202 430 229
b31 238 273 275 289
b32 202 177 225 209
b33 137 291 173 309
b34 357 135 376 173
b35 283 0 316 15
b36 386 346 398 374
b37 369 57 385 78
b38 87 153 120 179
b39 33 113 63 155
b40 304 300 332 341
b41 91 18 107 34
b42 225 186 269 205
b43 364 306 398 346
b44 246 393 262 420
b45 77 0 91 37
b46 393 0 408 48
b47 388 202 411 216
b48 0 337 26 361
b49 0 82 40 113
b50 283 31 316 73
b51 235 0 283 27
b52 157 371 194 398
b53 0 361 17 379
b54 370 216 413 232
b55 184 25 230 38
b56 272 209 297 231
b57 219 221 238 269
b58 374 0 393 41
b59 246 323 292 369
b60 93 287 128 317
b61 137 258 171 291
b62 262 404 299 449
b63 156 43 191 58
b64 0 246 48 293
b65 17 390 47 423
b66 173 279 204 310
b67 395 248 439 285
b68 299 404 323 439
b69 362 287 400 306
b70 45 79 81 93
b71 73 37 107 79
b72 316 35 349 69
b73 26 321 44 359
b74 91 0 120 18
b75 200 333 227 356
b76 79 281 93 293
b77 128 309 144 333
b78 321 342 364 368
b79 128 333 165 352
b80 323 407 337 422
b81 93 409 125 429
b82 271 73 304 105
b83 163 352 200 371
b84 96 179 139 216
b85 44 328 92 365
b86 325 209 349 233
b87 355 0 374 45
b88 297 209 325 252
b89 127 129 162 141
b90 48 283 72 328
b91 45 26 73 70
b92 172 221 214 245
b93 139 172 160 215
b94 225 141 240 157
b95 410 373 446 398
b96 156 0 201 25
b97 93 341 121 366
b98 206 301 232 317
b99 71 365 91 402
b100 44 365 71 390
b101 162 137 210 177
b102 272 231 297 269
b103 206 269 238 301
b104 357 99 382 135
b105 176 62 207 104
b106 130 409 169 443
b107 0 155 45 171
b108 79 293 91 326
b109 398 373 410 395
b110 0 293 23 337
b111 206 245 219 263
b112 225 168 271 186
b113 422 150 450 193
b114 326 368 345 407
b115 332 305 362 342
b116 169 402 206 444
b117 139 61 176 85
b118 316 0 355 35
b119 407 126 443 150
b120 43 201 88 216
b121 63 119 108 151
b122 12 216 55 246
b123 210 137 223 172
b124 357 194 370 233
b125 156 25 184 43
b126 292 354 320 392
b127 72 179 96 201
b128 101 262 137 287
b129 376 158 422 202
b130 310 73 355 117
b131 107 61 127 97
b132 272 105 310 121
b133 376 202 388 216
b134 283 15 312 31
b135 93 429 130 444
b136 382 113 401 137
b137 79 263 101 281
b138 364 346 386 376
b139 238 242 271 273
b140 430 193 446 205
b141 201 0 235 25
b142 47 402 93 429
b143 127 85 173 129
b144 43 174 72 199
b145 238 289 283 323
b146 173 245 206 279
b147 0 196 12 227
b148 350 258 367 283
b149 144 309 166 331
b150 337 407 350 437
b151 272 193 299 209
b152 0 113 33 146
b153 32 429 72 441
b154 113 367 157 409
b155 127 61 139 74
b156 45 155 87 174
b157 357 57 369 99
b158 408 45 436 62
b159 92 317 128 341
b160 202 209 238 221
b161 142 141 161 172
b162 355 45 385 57
b163 400 327 447 373
b164 240 141 272 168
b165 0 41 33 82
b166 292 300 304 336
b167 176 123 223 137
b168 329 233 366 258
b169 316 117 344 163
b170 385 48 407 93
b171 235 27 270 61
b172 120 36 151 61
b173 407 104 449 126
b174 102 97 127 117
b175 292 392 326 404
b176 204 317 224 333
b177 376 137 407 158
b178 385 93 401 113
b179 0 0 45 41
b180 357 173 376 194
b181 121 352 163 367
b182 283 288 316 300
b183 395 232 432 248
b184 93 366 113 385
b185 344 117 357 161
b186 316 252 329 300
b187 191 38 213 62
b188 246 369 286 393
b189 48 263 79 283
b190 238 205 272 242
b191 407 62 444 104
b192 23 293 45 321
b193 160 177 202 220
b194 400 285 443 327
b195 345 376 381 401
b196 300 160 316 199
b197 55 216 90 263
b198 396 398 436 420
b199 206 402 246 436
