231932.3515625
242996.5
206116
454 454
7.940828
b0 225 263 268 296
b1 383 112 448 149
b2 226 353 279 387
b3 133 405 200 442
b4 148 109 177 128
b5 319 196 358 245
b6 396 382 414 422
b7 66 217 106 239
b8 319 126 381 176
b9 223 311 239 352
b10 62 400 80 452
b11 208 0 267 39
b12 203 129 264 157
b13 226 387 274 444
b14 316 61 379 104
b15 267 126 319 185
b16 239 296 275 353
b17 0 234 66 278
b18 174 263 225 311
b19 133 374 183 405
b20 62 363 81 400
b21 84 22 148 72
b22 106 223 155 257
b23 357 302 377 351
b24 279 358 307 403
b25 303 296 357 335
b26 358 206 413 246
b27 429 149 454 214
b28 346 351 392 390
b29 279 296 303 358
b30 81 429 107 453
b31 396 246 430 272
b32 183 352 226 405
b33 396 337 431 359
b34 66 159 93 213
b35 155 231 193 262
b36 156 311 223 350
b37 319 176 379 196
b38 135 166 158 223
b39 81 374 133 429
b40 307 368 333 397
b41 0 278 27 333
b42 0 363 62 416
b43 47 72 108 118
b44 383 65 448 112
b45 396 359 440 382
b46 108 135 147 157
b47 158 166 191 231
b48 0 57 27 114
b49 383 0 430 65
b50 267 0 299 67
b51 27 278 65 335
b52 193 218 247 263
b53 148 145 191 166
b54 81 290 142 308
b55 274 403 330 437
b56 108 72 125 135
b57 0 216 47 234
b58 383 149 429 183
b59 47 0 84 50
b60 66 239 106 262
b61 381 183 414 206
b62 430 214 449 274
b63 148 0 184 45
b64 308 246 358 293
b65 188 72 244 129
b66 191 157 258 218
b67 148 45 188 89
b68 396 274 448 337
b69 27 336 81 363
b70 93 159 135 201
b71 84 0 148 22
b72 258 185 319 246
b73 316 0 383 61
b74 0 416 42 454
b75 244 39 263 67
b76 119 257 141 290
b77 0 159 66 216
b78 142 262 174 298
b79 47 118 107 159
b80 65 278 81 336
b81 268 246 308 296
b82 0 0 47 57
b83 93 201 115 217
b84 316 104 383 126
b85 148 89 173 109
b86 358 246 395 302
b87 0 114 44 153
b88 184 0 208 37
b89 81 262 119 289
b90 307 335 346 368
b91 188 39 244 72
b92 177 129 203 145
b93 81 308 116 373
b94 267 67 308 126
b95 27 57 46 108
b96 116 308 156 374
b97 299 0 316 67
b98 244 67 266 129
b99 330 397 396 446
