387907.1875
408508
202500
450 450
28.147459
b0 262 16 278 52
b1 261 167 300 186
b2 256 402 291 443
b3 401 0 419 47
b4 153 0 179 32
b5 287 366 322 397
b6 246 276 275 289
b7 168 384 196 405
b8 0 258 15 290
b9 115 44 149 90
b10 0 152 32 197
b11 353 293 367 329
b12 144 170 186 206
b13 211 402 256 450
b14 45 268 70 283
b15 143 339 189 384
b16 357 46 375 68
b17 329 179 355 212
b18 353 390 387 409
b19 99 173 129 185
b20 373 104 406 132
b21 367 260 406 304
b22 71 268 110 294
b23 132 130 157 170
b24 245 289 270 304
b25 373 68 409 104
b26 110 333 135 376
b27 74 388 108 403
b28 404 173 450 211
b29 132 170 144 207
b30 283 73 300 100
b31 15 242 31 279
b32 45 245 77 268
b33 0 330 36 348
b34 367 304 405 323
b35 275 276 308 291
b36 404 406 432 418
b37 262 52 278 73
b38 411 292 444 318
b39 278 43 320 73
b40 157 122 185 163
b41 262 0 278 16
b42 80 182 99 226
b43 115 90 149 130
b44 110 376 137 392
b45 31 245 45 282
b46 196 370 211 418
b47 154 384 168 407
b48 91 133 115 159
b49 33 44 64 84
b50 143 285 185 318
b51 234 86 261 134
b52 168 405 195 442
b53 234 246 252 263
b54 115 130 131 173
b55 353 247 366 293
b56 110 207 132 232
b57 186 173 234 192
b58 0 111 19 152
b59 0 363 46 409
b60 167 250 197 285
b61 110 266 143 300
b62 308 307 353 344
b63 182 36 197 71
b64 186 126 234 173
b65 79 0 112 30
b66 36 320 67 351
b67 409 66 446 110
b68 329 344 353 379
b69 353 371 391 390
b70 101 60 115 96
b71 369 323 411 357
b72 404 224 438 257
b73 0 43 18 81
b74 217 47 246 65
b75 197 241 224 264
b76 246 47 258 61
b77 185 285 201 309
b78 303 167 329 210
b79 116 415 153 434
b80 338 409 352 424
b81 0 222 32 242
b82 275 291 308 323
b83 319 409 338 446
b84 411 318 448 361
b85 64 60 101 108
b86 234 198 258 222
b87 375 47 420 66
b88 367 132 410 160
b89 74 376 109 388
b90 143 207 188 231
b91 304 120 332 164
b92 33 221 75 245
b93 143 318 186 339
b94 0 242 15 258
b95 195 71 231 96
b96 308 248 353 273
b97 46 363 74 388
b98 13 81 29 107
b99 33 104 53 141
b100 234 173 261 198
b101 201 322 241 370
b102 320 25 345 63
b103 211 370 243 402
b104 179 0 204 36
b105 71 294 102 336
b106 324 213 363 247
b107 201 264 246 280
b108 0 0 33 12
b109 250 16 262 38
b110 110 392 154 415
b111 0 93 13 111
b112 149 85 195 103
b113 410 130 438 173
b114 234 134 253 173
b115 195 96 232 126
b116 367 218 404 260
b117 45 283 69 320
b118 411 257 450 292
b119 79 36 115 60
b120 33 141 48 186
b121 411 361 443 406
b122 48 152 91 182
b123 241 344 276 357
b124 391 371 404 410
b125 143 231 161 259
b126 291 397 319 435
b127 143 259 167 281
b128 64 108 100 133
b129 357 0 401 46
b130 243 357 287 402
b131 112 0 132 36
b132 308 210 324 248
b133 289 186 303 198
b134 256 260 285 276
b135 18 43 33 80
b136 161 231 185 250
b137 270 323 292 341
b138 329 379 351 409
b139 46 403 79 434
b140 250 0 262 16
b141 332 154 366 179
b142 188 192 234 219
b143 33 0 79 44
b144 0 197 29 222
b145 308 273 353 307
b146 110 232 143 266
b147 0 348 31 360
b148 283 100 300 125
b149 20 282 42 304
b150 289 198 302 228
b151 353 329 369 356
b152 110 300 143 333
b153 31 351 71 363
b154 201 280 245 322
b155 0 81 13 93
b156 149 103 191 122
b157 132 32 174 44
b158 341 102 369 119
b159 0 306 36 330
b160 377 418 413 430
b161 53 133 84 152
b162 320 63 350 75
b163 204 0 250 47
b164 341 75 373 102
b165 149 44 182 85
b166 77 226 89 262
b167 353 357 400 371
b168 320 0 357 25
b169 261 186 289 232
b170 188 219 233 241
b171 332 120 367 154
b172 0 12 25 43
b173 287 344 329 366
b174 410 110 435 130
b175 355 179 367 213
b176 0 290 20 306
b177 132 0 153 31
b178 292 323 308 343
b179 300 75 341 120
b180 231 65 250 86
b181 89 226 104 268
b182 256 232 289 244
b183 367 160 404 176
b184 197 47 217 66
b185 404 211 448 224
b186 295 228 308 276
b187 234 222 256 246
b188 245 304 269 344
b189 33 84 64 104
b190 79 415 116 449
b191 367 176 404 218
b192 104 185 132 207
b193 261 125 304 167
b194 278 0 320 43
b195 352 409 377 445
b196 256 244 295 260
b197 33 186 80 221
b198 261 73 283 113
b199 74 336 108 376
