384738.75
404987.5
202500
450 450
18.067263
b0 265 214 301 230
b1 129 261 168 280
b2 317 329 352 370
b3 392 278 439 296
b4 317 402 343 434
b5 286 329 317 364
b6 309 240 322 269
b7 108 382 129 410
b8 0 148 32 163
b9 174 322 208 368
b10 48 195 93 227
b11 12 28 26 64
b12 93 264 129 306
b13 355 316 403 361
b14 96 170 111 195
b15 240 309 286 354
b16 247 243 265 265
b17 282 276 308 309
b18 318 39 352 58
b19 148 213 178 225
b20 416 333 444 366
b21 354 203 398 242
b22 270 250 309 276
b23 66 401 106 426
b24 343 65 358 90
b25 196 128 232 164
b26 0 239 43 264
b27 0 301 15 335
b28 309 269 355 307
b29 56 268 93 280
b30 299 181 316 208
b31 56 325 93 341
b32 115 67 147 90
b33 198 227 216 263
b34 353 183 391 202
b35 218 79 251 94
b36 226 318 238 346
b37 208 348 229 364
b38 322 242 355 268
b39 240 278 282 308
b40 232 126 260 167
b41 210 332 226 348
b42 193 43 212 87
b43 376 361 416 395
b44 327 226 354 242
b45 0 225 37 239
b46 394 78 442 93
b47 301 208 315 231
b48 196 164 222 188
b49 53 0 84 40
b50 251 37 293 70
b51 215 420 263 447
b52 19 264 56 291
b53 113 239 131 256
b54 391 160 407 203
b55 383 37 429 50
b56 293 50 315 75
b57 96 122 115 170
b58 63 227 82 268
b59 150 167 196 213
b60 19 291 54 321
b61 115 92 149 125
b62 56 280 93 325
b63 212 110 247 125
b64 48 128 96 175
b65 210 263 240 296
b66 216 227 247 258
b67 403 296 447 333
b68 42 356 77 380
b69 425 240 444 278
b70 93 306 129 320
b71 229 354 271 388
b72 265 181 299 214
b73 12 79 30 117
b74 96 45 114 74
b75 174 287 201 310
b76 274 164 286 178
b77 26 63 50 79
b78 370 99 413 125
b79 265 231 302 250
b80 210 318 225 332
b81 133 225 165 245
b82 286 75 318 108
b83 0 264 19 301
b84 316 183 353 226
b85 174 368 222 405
b86 147 68 171 92
b87 96 0 115 45
b88 115 0 143 43
b89 0 399 35 411
b90 26 18 50 63
b91 126 417 170 445
b92 115 43 157 67
b93 143 0 164 43
b94 247 227 262 243
b95 358 74 394 99
b96 355 242 400 267
b97 0 0 25 28
b98 15 321 41 337
b99 43 227 63 264
b100 330 158 357 183
b101 0 185 48 225
b102 261 126 286 164
b103 317 370 349 402
b104 157 43 193 68
b105 271 408 302 450
b106 318 0 352 39
b107 32 110 48 155
b108 0 28 12 61
b109 206 0 218 22
b110 106 338 129 382
b111 293 37 311 50
b112 149 92 167 138
b113 407 174 450 202
b114 355 297 394 316
b115 355 267 392 297
b116 251 0 293 37
b117 40 426 77 450
b118 370 125 409 160
b119 167 110 191 146
b120 56 341 101 356
b121 222 388 267 420
b122 0 356 30 399
b123 222 167 257 180
b124 330 119 343 158
b125 25 0 53 18
b126 129 348 167 376
b127 42 380 66 402
b128 115 125 140 161
b129 271 364 317 408
b130 286 124 330 169
b131 48 175 84 195
b132 286 108 324 124
b133 315 226 327 240
b134 218 94 247 110
b135 96 224 133 239
b136 357 160 381 179
b137 93 320 115 338
b138 210 296 240 318
b139 352 0 383 33
b140 262 164 274 180
b141 413 128 438 162
b142 196 200 242 227
b143 52 82 96 128
b144 77 356 106 381
b145 129 280 174 314
b146 165 227 198 261
b147 30 356 42 387
b148 400 240 425 257
b149 140 138 162 160
b150 240 265 270 278
b151 352 33 379 49
b152 218 0 251 33
b153 0 411 40 423
b154 50 40 94 82
b155 174 405 187 417
b156 0 337 42 356
b157 196 188 238 200
b158 394 50 411 78
b159 174 263 210 287
b160 286 169 322 181
b161 77 382 108 401
b162 413 162 443 174
b163 395 395 441 442
b164 343 119 370 151
b165 174 417 215 450
b166 174 310 210 322
b167 247 180 261 227
b168 293 0 318 37
b169 218 33 246 79
b170 0 163 45 185
b171 413 93 447 128
b172 82 239 113 264
b173 309 307 351 329
b174 400 257 425 277
b175 318 94 352 106
b176 106 410 126 426
b177 162 146 193 167
b178 352 49 372 65
b179 129 376 174 417
b180 191 107 210 128
b181 171 68 186 110
b182 84 0 96 33
b183 111 208 148 224
b184 191 87 210 107
b185 324 106 368 119
b186 96 74 109 122
b187 372 50 394 74
b188 352 361 376 401
b189 12 117 32 148
b190 383 0 417 37
b191 398 203 440 240
b192 30 82 52 110
b193 164 0 206 43
b194 352 401 395 443
b195 318 58 343 94
b196 247 110 286 126
b197 115 161 150 208
b198 251 70 273 110
b199 129 314 169 348
