723195.09375
793237
559764
292 1917
14.975652
b0 209 306 252 339
b1 46 1139 111 1176
b2 184 142 237 176
b3 137 562 174 629
b4 0 1312 29 1331
b5 24 43 63 92
b6 63 1799 103 1817
b7 176 1011 198 1051
b8 64 1676 114 1738
b9 105 618 121 659
b10 160 629 178 681
b11 121 629 160 688
b12 169 0 230 28
b13 29 1312 77 1369
b14 0 1610 63 1653
b15 124 247 183 299
b16 129 1211 165 1268
b17 165 318 209 384
b18 114 1639 162 1690
b19 67 880 98 930
b20 24 1293 61 1312
b21 24 1243 88 1293
b22 198 747 247 781
b23 29 1539 49 1588
b24 124 0 169 28
b25 111 1115 165 1154
b26 77 1356 132 1396
b27 150 1336 175 1401
b28 111 1564 150 1610
b29 29 1369 53 1431
b30 0 0 24 26
b31 165 384 191 418
b32 169 28 212 81
b33 129 1268 151 1303
b34 107 1434 134 1488
b35 77 1396 108 1434
b36 121 802 160 869
b37 164 142 184 202
b38 96 1507 119 1564
b39 212 86 264 141
b40 111 1610 137 1639
b41 191 384 218 439
b42 0 1864 62 1917
b43 124 1690 185 1736
b44 18 1817 83 1864
b45 121 688 144 732
b46 91 596 130 618
b47 130 978 195 1011
b48 188 1108 245 1135
b49 64 1564 111 1629
b50 29 1507 96 1539
b51 67 618 105 675
b52 67 802 121 847
b53 24 22 67 43
b54 169 81 187 142
b55 131 318 165 374
b56 63 930 80 993
b57 0 1653 18 1700
b58 91 562 137 596
b59 64 1639 114 1676
b60 91 318 131 341
b61 91 0 124 23
b62 53 1488 113 1507
b63 164 202 200 247
b64 173 459 223 506
b65 135 506 192 562
b66 63 1054 130 1115
b67 91 475 135 515
b68 77 1293 129 1356
b69 53 1434 107 1461
b70 230 0 272 42
b71 0 1588 64 1610
b72 63 1738 124 1799
b73 46 1176 107 1243
b74 121 869 159 911
b75 88 1243 107 1271
b76 105 769 127 802
b77 176 1051 242 1108
b78 120 946 156 978
b79 131 418 191 459
b80 80 996 96 1054
b81 80 946 120 996
b82 129 1154 176 1211
b83 165 1211 187 1227
b84 24 0 91 22
b85 272 0 292 25
b86 105 732 161 769
b87 230 42 269 86
b88 63 1115 100 1139
b89 135 475 173 502
b90 67 847 106 880
b91 132 1303 188 1336
b92 131 459 157 475
b93 106 911 171 946
b94 183 247 224 306
b95 124 299 175 318
b96 124 28 164 94
b97 160 769 177 836
b98 24 92 46 154
b99 161 681 210 747
