1558039.875
1659815.5
642060
270 2378
214.749763
b0 53 1900 89 1916
b1 85 933 104 972
b2 85 898 126 933
b3 108 0 126 47
b4 52 0 78 32
b5 151 1662 186 1693
b6 90 343 119 356
b7 112 763 140 784
b8 80 1010 112 1025
b9 120 1514 166 1548
b10 193 941 238 973
b11 0 0 14 36
b12 112 721 148 763
b13 136 949 184 994
b14 28 1648 43 1673
b15 140 792 185 838
b16 108 47 126 69
b17 56 1380 89 1406
b18 78 356 112 375
b19 24 2099 54 2111
b20 0 1628 28 1661
b21 120 1548 164 1587
b22 14 1286 40 1325
b23 149 282 189 307
b24 56 1255 81 1270
b25 0 2302 36 2338
b26 75 1950 118 1975
b27 40 1463 74 1478
b28 122 1587 168 1625
b29 96 0 108 37
b30 139 562 156 589
b31 104 933 141 949
b32 85 1649 108 1681
b33 78 0 96 36
b34 88 1747 107 1785
b35 165 372 180 405
b36 118 1871 146 1883
b37 65 1650 81 1671
b38 64 441 97 467
b39 137 240 167 282
b40 71 770 99 811
b41 24 2111 40 2127
b42 58 1565 77 1609
b43 89 1380 129 1414
b44 85 882 112 898
b45 116 432 130 469
b46 86 1453 134 1468
b47 85 1681 108 1695
b48 126 0 150 26
b49 74 1349 114 1380
b50 150 0 183 42
b51 126 62 153 110
b52 99 1042 126 1079
b53 74 1468 91 1486
b54 64 721 107 737
b55 130 500 143 546
b56 96 1196 118 1221
b57 97 432 116 480
b58 96 144 115 185
b59 101 1468 147 1514
b60 43 1819 73 1854
b61 65 1916 98 1950
b62 54 2136 91 2181
b63 73 2099 88 2134
b64 112 994 159 1042
b65 28 1958 58 1991
b66 126 894 157 925
b67 149 335 193 372
b68 101 1625 136 1649
b69 101 1514 120 1552
b70 171 838 207 852
b71 52 848 94 882
b72 51 882 85 915
b73 0 2047 18 2085
b74 14 1610 43 1628
b75 40 1478 63 1505
b76 36 2302 50 2314
b77 63 1486 87 1502
b78 36 2224 62 2267
b79 165 405 184 442
b80 122 1079 136 1094
b81 137 220 169 240
b82 14 1505 46 1538
b83 54 2099 73 2136
b84 151 1625 194 1662
b85 78 684 126 721
b86 113 307 137 331
b87 126 875 171 894
b88 78 2020 106 2063
b89 78 310 90 345
b90 115 184 160 208
b91 149 307 193 335
b92 78 383 120 407
b93 80 1819 123 1840
b94 97 607 112 623
b95 65 1609 101 1634
b96 97 562 122 607
b97 28 1854 53 1882
b98 169 42 185 68
b99 28 1628 65 1648
b100 95 1127 122 1152
b101 80 1079 120 1127
b102 85 972 110 1010
b103 81 1237 113 1269
b104 97 407 133 432
b105 14 1255 56 1286
b106 147 1399 181 1438
b107 43 1747 88 1763
b108 237 0 270 12
b109 90 310 102 332
b110 51 1127 95 1150
b111 81 1269 99 1282
b112 56 1270 74 1316
b113 108 1649 151 1677
b114 36 1991 75 2010
b115 81 1695 118 1725
b116 28 1916 65 1958
b117 134 838 158 875
b118 18 2267 57 2302
b119 126 26 150 62
b120 149 110 164 155
b121 133 410 165 455
b122 111 1294 154 1324
b123 24 2127 37 2162
b124 128 1414 141 1453
b125 18 2162 36 2190
b126 113 1254 151 1282
b127 65 1725 89 1747
b128 75 1975 111 2000
b129 193 852 237 898
b130 14 1565 58 1610
b131 0 1991 36 2011
b132 14 0 52 16
b133 64 467 78 479
b134 51 915 80 931
b135 82 811 97 848
b136 113 276 137 295
b137 51 1237 73 1255
b138 52 811 82 833
b139 118 1840 151 1871
b140 52 441 64 457
b141 96 242 121 276
b142 53 1854 80 1900
b143 40 1419 86 1463
b144 140 763 165 792
b145 52 407 97 441
b146 96 208 129 242
b147 107 1725 119 1756
b148 46 1505 63 1530
b149 68 1797 90 1819
b150 56 2057 69 2087
b151 133 383 149 410
b152 113 1221 146 1254
b153 99 1282 139 1294
b154 97 623 139 667
b155 56 1406 68 1419
b156 80 1025 99 1067
b157 36 2087 78 2099
b158 97 667 125 684
b159 0 2011 24 2047
b160 78 2063 90 2099
b161 106 2000 125 2031
b162 102 331 132 343
b163 147 1352 193 1399
b164 112 356 144 383
b165 71 737 112 770
b166 113 295 149 307
b167 111 1975 158 1989
b168 74 1324 111 1349
b169 147 1324 193 1352
b170 133 455 155 500
b171 78 276 113 310
b172 193 0 224 25
b173 86 1414 128 1436
b174 146 1042 171 1062
b175 129 208 163 220
b176 36 2057 56 2073
b177 101 1587 122 1618
b178 65 1634 85 1650
b179 51 1196 96 1237
b180 52 737 71 758
b181 81 1282 96 1324
b182 88 1785 121 1797
b183 14 16 51 32
b184 166 1438 186 1457
b185 95 1152 108 1196
b186 122 562 135 610
b187 112 784 134 808
b188 112 949 136 989
b189 75 2000 106 2020
b190 108 110 145 144
b191 36 2020 78 2057
b192 112 808 134 836
b193 193 898 235 941
b194 40 2181 82 2224
b195 43 1763 68 1799
b196 116 546 155 562
b197 46 1530 93 1565
b198 0 2338 22 2378
b199 115 144 149 184
