416505
416505
201152
448 449
21.788546
b0 365 240 401 256
b1 137 249 156 288
b2 392 355 427 396
b3 373 283 420 301
b4 202 119 234 145
b5 260 0 295 31
b6 260 31 273 60
b7 253 118 281 139
b8 169 266 201 281
b9 156 201 202 235
b10 198 414 243 446
b11 0 201 36 215
b12 156 0 192 42
b13 389 396 437 441
b14 0 333 15 358
b15 47 0 92 46
b16 312 144 330 166
b17 234 0 260 33
b18 408 143 427 177
b19 323 232 335 262
b20 420 274 448 307
b21 117 185 156 229
b22 87 112 113 151
b23 242 173 282 198
b24 268 257 293 272
b25 376 22 412 58
b26 61 46 86 89
b27 0 403 15 437
b28 285 82 331 120
b29 158 104 195 116
b30 201 265 228 282
b31 318 398 334 435
b32 91 369 114 401
b33 75 315 111 333
b34 408 124 446 143
b35 427 339 442 372
b36 273 31 285 59
b37 376 0 392 21
b38 234 60 267 86
b39 192 0 234 30
b40 109 246 137 287
b41 0 27 16 43
b42 97 151 116 195
b43 365 206 405 240
b44 0 306 16 333
b45 31 161 45 198
b46 350 165 365 213
b47 207 336 230 350
b48 362 335 388 359
b49 0 161 31 201
b50 204 86 246 119
b51 360 256 408 283
b52 304 43 331 80
b53 0 288 17 306
b54 319 308 362 324
b55 362 77 408 90
b56 373 313 398 335
b57 156 329 204 348
b58 149 427 190 446
b59 272 376 318 422
b60 189 235 224 265
b61 16 353 50 386
b62 111 288 156 325
b63 158 149 193 164
b64 69 199 117 246
b65 362 359 392 392
b66 111 0 142 31
b67 332 0 376 37
b68 114 397 149 421
b69 169 310 207 329
b70 74 301 110 315
b71 408 232 442 274
b72 408 91 442 124
b73 51 381 89 399
b74 242 336 260 365
b75 234 33 257 60
b76 51 353 65 365
b77 51 315 75 331
b78 202 182 228 225
b79 32 216 69 235
b80 138 362 152 377
b81 156 395 176 427
b82 246 86 279 118
b83 376 58 413 77
b84 295 0 332 43
b85 268 301 305 349
b86 228 145 252 169
b87 207 282 252 301
b88 228 198 271 226
b89 20 215 32 250
b90 61 89 85 134
b91 156 42 184 86
b92 114 355 138 397
b93 31 292 74 313
b94 86 401 102 416
b95 335 232 360 268
b96 42 134 87 159
b97 156 370 184 395
b98 15 429 41 445
b99 0 231 20 268
b100 268 272 293 299
b101 49 159 97 199
b102 285 232 323 257
b103 319 366 351 398
b104 158 164 194 189
b105 358 392 389 434
b106 16 90 55 124
b107 0 43 16 88
b108 16 386 49 398
b109 373 301 395 313
b110 86 421 130 444
b111 36 198 49 216
b112 158 86 204 104
b113 332 86 360 129
b114 285 43 304 82
b115 332 37 362 74
b116 0 124 42 161
b117 334 398 358 435
b118 408 177 447 212
b119 313 208 349 232
b120 0 358 15 403
b121 398 307 443 339
b122 41 419 84 449
b123 156 266 169 301
b124 306 257 319 296
b125 75 283 103 301
b126 116 157 154 185
b127 51 331 75 353
b128 247 376 272 412
b129 184 42 230 86
b130 16 46 61 90
b131 50 399 86 419
b132 169 282 207 298
b133 228 169 242 181
b134 388 339 417 355
b135 198 396 235 411
b136 307 120 326 144
b137 228 260 246 282
b138 156 348 186 370
b139 156 235 189 266
b140 111 31 123 47
b141 413 22 438 56
b142 260 349 306 376
b143 186 350 230 396
b144 127 325 156 350
b145 86 47 131 81
b146 228 226 261 260
b147 16 0 47 12
b148 356 283 373 308
b149 176 396 198 418
b150 306 296 319 326
b151 0 0 16 27
b152 252 140 285 173
b153 51 369 91 381
b154 31 250 75 292
b155 138 350 151 362
b156 92 0 111 42
b157 230 336 242 378
b158 427 143 444 171
b159 75 333 99 369
b160 301 194 313 230
b161 261 226 280 257
b162 332 74 362 86
b163 360 118 407 164
b164 285 162 312 194
b165 158 116 199 149
b166 235 378 247 414
b167 142 0 156 47
b168 202 145 227 182
b169 362 90 408 118
b170 131 47 153 92
b171 413 56 447 91
b172 15 398 40 429
b173 285 120 307 162
b174 408 212 433 232
b175 169 298 203 310
b176 0 215 20 231
b177 86 81 107 112
b178 117 229 137 245
b179 113 92 158 133
b180 234 119 253 140
b181 319 262 334 304
b182 156 189 189 201
b183 285 194 301 231
b184 137 229 156 249
b185 293 257 306 301
b186 306 326 319 374
b187 392 0 416 22
b188 116 133 156 157
b189 0 268 31 288
b190 75 246 109 283
b191 313 166 350 208
b192 99 333 127 355
b193 319 324 362 366
b194 365 164 408 206
b195 332 129 357 165
b196 252 260 268 299
b197 207 301 254 336
b198 334 268 356 308
b199 17 313 51 353
