551628.5761719
578201
312477
561 557
644.944057
b0 469 537 496 552
b1 414 363 441 379
b2 416 337 438 363
b3 233 324 254 369
b4 104 70 149 110
b5 199 396 225 412
b6 77 206 115 233
b7 362 277 397 306
b8 319 313 355 334
b9 467 89 511 114
b10 331 45 346 76
b11 209 226 233 267
b12 397 315 416 332
b13 239 445 272 493
b14 238 273 282 294
b15 508 114 523 148
b16 31 497 76 539
b17 443 290 484 327
b18 455 46 499 89
b19 109 435 145 458
b20 77 193 94 206
b21 189 309 233 337
b22 229 111 258 146
b23 280 0 297 40
b24 364 104 382 128
b25 347 62 390 91
b26 466 115 493 133
b27 40 38 80 76
b28 446 278 470 290
b29 173 134 203 163
b30 204 279 224 307
b31 166 163 202 195
b32 491 24 510 46
b33 153 460 199 505
b34 209 267 238 279
b35 541 172 553 198
b36 334 104 364 131
b37 390 194 402 223
b38 301 261 320 282
b39 495 198 507 211
b40 0 347 19 394
b41 267 294 286 330
b42 495 173 541 198
b43 509 392 548 413
b44 0 452 24 479
b45 397 291 422 315
b46 395 363 414 376
b47 430 405 470 447
b48 387 114 421 142
b49 80 22 104 70
b50 31 217 50 231
b51 403 169 419 183
b52 520 328 557 346
b53 109 458 145 470
b54 233 294 267 324
b55 0 206 31 232
b56 85 276 131 307
b57 253 190 301 237
b58 508 455 533 480
b59 0 0 47 38
b60 371 128 387 167
b61 218 159 263 190
b62 238 237 284 273
b63 275 345 311 391
b64 499 46 532 61
b65 382 351 395 374
b66 509 413 554 455
b67 494 114 508 147
b68 0 274 28 319
b69 402 231 438 258
b70 189 0 234 16
b71 484 284 518 316
b72 96 344 128 359
b73 508 222 520 268
b74 328 489 371 523
b75 460 479 497 499
b76 214 190 253 226
b77 297 507 315 547
b78 0 421 42 437
b79 520 266 560 291
b80 0 437 36 452
b81 64 345 96 360
b82 441 381 480 405
b83 518 291 559 328
b84 465 211 503 245
b85 199 353 233 396
b86 497 494 541 533
b87 382 392 430 437
b88 104 110 148 139
b89 435 45 455 87
b90 442 513 488 537
b91 208 93 229 136
b92 390 34 435 81
b93 491 0 511 24
b94 397 332 416 363
b95 520 222 557 266
b96 397 258 443 291
b97 480 353 520 368
b98 446 173 459 208
b99 382 495 422 512
b100 435 0 479 45
b101 149 70 185 100
b102 0 146 40 182
b103 390 0 424 34
b104 403 183 445 197
b105 131 274 166 307
b106 479 0 491 33
b107 96 139 128 154
b108 189 16 227 53
b109 253 400 299 442
b110 329 152 371 191
b111 199 527 220 540
b112 84 383 109 413
b113 109 378 145 402
b114 165 505 199 549
b115 122 307 144 341
b116 106 359 134 378
b117 301 131 340 152
b118 523 102 561 146
b119 382 455 427 483
b120 76 512 112 548
b121 258 111 296 145
b122 42 272 85 292
b123 354 194 377 230
b124 362 306 397 337
b125 511 0 553 46
b126 243 512 265 524
b127 0 396 43 421
b128 301 152 329 196
b129 272 442 306 464
b130 356 351 382 381
b131 60 419 108 464
b132 438 327 477 345
b133 275 330 318 345
b134 127 194 161 241
b135 286 237 301 282
b136 342 191 354 228
b137 354 230 375 258
b138 337 398 379 426
b139 263 145 300 181
b140 497 482 540 494
b141 421 118 466 137
b142 345 426 382 453
b143 469 133 494 157
b144 76 116 91 156
b145 240 400 253 445
b146 286 282 319 330
b147 40 163 82 193
b148 470 405 488 425
b149 95 0 142 22
b150 432 87 455 118
b151 42 421 60 463
b152 337 374 356 390
b153 40 292 81 322
b154 442 487 459 509
b155 0 232 25 246
b156 480 368 496 396
b157 422 291 442 316
b158 62 322 75 345
b159 265 507 297 551
b160 484 316 511 332
b161 234 0 280 47
b162 240 369 258 400
b163 346 29 368 62
b164 43 383 84 419
b165 185 83 206 100
b166 40 116 76 150
b167 441 345 478 381
b168 519 198 560 222
b169 70 233 94 272
b170 25 232 70 261
b171 226 53 248 93
b172 226 452 239 479
b173 371 169 403 194
b174 189 337 232 353
b175 202 163 218 178
b176 153 397 191 430
b177 81 307 122 344
b178 40 98 59 115
b179 149 100 195 134
b180 446 211 465 251
b181 123 470 153 498
b182 496 533 541 557
b183 109 402 148 435
b184 522 346 547 392
b185 405 526 439 553
b186 0 479 31 512
b187 459 173 495 211
b188 319 334 356 374
b189 382 483 426 495
b190 387 142 424 169
b191 299 391 315 425
b192 460 450 508 479
b193 112 512 129 545
b194 334 76 347 104
b195 395 379 428 392
b196 301 196 342 237
b197 199 424 236 452
b198 47 0 95 19
b199 286 68 322 99
b200 134 341 177 378
b201 345 0 371 29
b202 306 426 345 460
b203 225 396 240 424
b204 122 241 163 274
b205 478 332 493 353
b206 88 470 123 512
b207 0 319 33 347
b208 169 314 189 341
b209 424 137 469 173
b210 509 368 522 392
b211 507 198 519 214
b212 306 460 348 481
b213 459 499 491 513
b214 533 455 550 482
b215 33 322 62 343
b216 318 374 337 416
b217 169 266 189 314
b218 189 266 204 309
b219 96 154 124 172
b220 189 53 226 83
b221 218 146 263 159
b222 144 307 169 341
b223 239 493 261 512
b224 19 347 64 368
b225 128 147 166 194
b226 426 487 442 526
b227 347 91 379 104
b228 416 316 436 337
b229 166 195 214 219
b230 301 99 334 129
b231 340 131 370 147
b232 64 360 106 383
b233 382 374 395 390
b234 382 437 415 455
b235 375 231 397 277
b236 199 500 238 527
b237 314 237 354 258
b238 481 245 508 284
b239 177 353 199 393
b240 496 148 515 171
b241 301 237 314 261
b242 0 38 40 60
b243 371 512 405 549
b244 377 194 390 231
b245 515 148 551 172
b246 263 47 286 91
b247 129 505 165 544
b248 0 60 31 103
b249 446 251 481 278
b250 96 172 127 206
b251 272 464 306 507
b252 148 378 176 397
b253 493 332 508 345
b254 149 134 173 147
b255 142 0 189 39
b256 40 150 61 163
b257 258 363 275 396
b258 402 197 446 231
b259 455 89 467 115
b260 402 102 421 114
b261 28 274 40 319
b262 199 452 226 500
b263 163 219 209 266
b264 286 45 331 68
b265 248 47 263 92
b266 297 0 345 45
b267 320 279 359 313
b268 328 523 353 545
b269 59 98 96 116
b270 220 527 243 542
b271 35 193 77 217
b272 0 182 35 206
b273 488 396 509 426
b274 254 330 275 363
b275 19 368 41 396
b276 362 337 393 351
b277 248 99 295 111
b278 0 261 42 274
b279 0 103 39 146
b280 40 76 71 98
b281 439 537 469 555
b282 153 430 197 460
b283 387 91 402 104
b284 402 81 432 102
b285 195 100 208 133
b286 511 61 547 102
b287 320 258 362 279
b288 348 453 376 489
b289 51 464 88 497
b290 469 157 496 173
b291 94 233 122 276
b292 470 426 509 450
b293 371 0 390 43
b294 356 381 382 398
b295 315 481 328 524
b296 24 463 51 479
b297 142 39 180 70
b298 427 447 460 487
b299 224 279 237 292
