519668.2324219
542689.5
312477
561 557
154.96332
b0 420 296 447 311
b1 403 306 419 333
b2 276 44 302 66
b3 527 267 548 312
b4 0 78 45 118
b5 0 206 26 222
b6 185 371 212 409
b7 476 0 505 35
b8 216 175 237 211
b9 85 219 129 244
b10 298 472 329 487
b11 192 168 216 209
b12 296 279 313 298
b13 83 248 131 281
b14 373 430 417 451
b15 387 384 421 399
b16 28 492 73 534
b17 463 110 504 147
b18 421 311 465 354
b19 114 371 137 407
b20 242 271 255 288
b21 106 327 134 371
b22 518 238 553 267
b23 248 419 288 436
b24 313 282 337 300
b25 357 0 400 29
b26 405 98 423 125
b27 520 343 560 381
b28 242 234 266 246
b29 268 299 298 328
b30 268 279 296 299
b31 289 199 325 231
b32 515 492 537 511
b33 193 253 239 298
b34 477 283 489 312
b35 318 27 344 39
b36 447 283 477 310
b37 424 492 436 521
b38 218 355 239 374
b39 0 151 13 163
b40 76 418 123 437
b41 0 290 36 309
b42 131 195 156 241
b43 382 306 403 345
b44 163 168 190 192
b45 482 255 506 280
b46 430 188 443 207
b47 421 385 463 425
b48 387 399 421 427
b49 530 381 554 429
b50 131 36 145 55
b51 341 459 357 473
b52 132 131 169 149
b53 334 114 346 150
b54 159 302 193 332
b55 80 328 106 359
b56 228 104 274 135
b57 400 50 447 98
b58 505 404 530 429
b59 36 290 83 328
b60 242 335 258 374
b61 421 354 466 385
b62 193 298 239 334
b63 156 195 192 241
b64 466 404 499 419
b65 334 419 357 432
b66 147 43 192 85
b67 276 75 309 89
b68 64 126 109 154
b69 423 98 459 125
b70 506 178 522 223
b71 302 41 334 75
b72 153 85 168 117
b73 505 0 517 46
b74 76 480 119 514
b75 466 312 486 349
b76 334 49 373 85
b77 443 146 461 186
b78 0 356 42 372
b79 334 151 359 191
b80 73 535 109 550
b81 137 391 169 406
b82 242 176 281 200
b83 126 154 163 195
b84 76 384 114 418
b85 463 205 506 239
b86 21 34 60 78
b87 276 234 324 279
b88 357 451 401 480
b89 344 29 386 49
b90 392 125 438 149
b91 83 281 104 324
b92 507 429 554 474
b93 133 85 153 109
b94 140 302 159 333
b95 359 151 403 188
b96 0 372 33 418
b97 419 266 459 281
b98 334 191 369 204
b99 466 349 483 389
b100 249 0 294 44
b101 439 425 469 461
b102 209 419 245 459
b103 275 129 309 163
b104 142 117 184 131
b105 0 118 35 151
b106 228 42 240 75
b107 21 309 36 341
b108 338 347 375 385
b109 192 211 238 253
b110 304 300 343 342
b111 16 188 37 201
b112 76 359 106 384
b113 123 0 147 36
b114 432 0 476 34
b115 0 222 34 244
b116 163 149 191 168
b117 515 511 554 532
b118 447 35 491 73
b119 391 261 419 306
b120 119 479 155 515
b121 330 385 368 419
b122 33 378 76 398
b123 35 469 71 492
b124 137 360 172 391
b125 65 79 111 121
b126 341 480 363 492
b127 0 491 25 534
b128 36 328 80 356
b129 417 427 439 461
b130 401 461 431 487
b131 173 489 221 534
b132 391 188 430 206
b133 463 190 506 205
b134 242 200 289 234
b135 233 374 248 419
b136 249 92 286 104
b137 0 309 21 337
b138 184 461 226 489
b139 463 73 499 110
b140 506 236 518 279
b141 368 385 387 430
b142 391 206 428 233
b143 309 129 334 153
b144 83 0 123 15
b145 173 358 218 371
b146 192 36 225 84
b147 89 36 131 66
b148 373 61 391 81
b149 221 526 268 548
b150 537 312 560 343
b151 119 515 161 533
b152 357 430 373 449
b153 33 398 74 428
b154 367 282 389 299
b155 118 129 132 154
b156 504 105 532 121
b157 443 186 463 211
b158 169 131 192 144
b159 400 0 432 44
b160 212 0 228 27
b161 248 436 294 483
b162 21 0 52 18
b163 363 480 396 502
b164 517 37 558 73
b165 0 0 21 17
b166 304 342 338 378
b167 469 419 505 456
b168 294 0 318 41
b169 173 334 212 358
b170 192 123 221 168
b171 319 432 341 472
b172 255 271 268 298
b173 281 163 306 195
b174 0 163 16 206
b175 131 55 146 71
b176 489 280 527 313
b177 85 182 126 219
b178 186 17 203 36
b179 106 281 140 327
b180 486 385 526 404
b181 364 85 392 115
b182 65 34 89 79
b183 387 345 420 384
b184 309 153 334 199
b185 534 91 561 125
b186 0 418 33 449
b187 506 142 544 178
b188 470 456 507 496
b189 181 253 193 297
b190 16 151 43 188
b191 298 436 314 470
b192 489 313 537 342
b193 131 241 148 274
b194 329 492 357 505
b195 427 233 440 266
b196 35 428 76 469
b197 261 387 298 415
b198 162 241 181 289
b199 325 505 361 536
b200 261 350 304 387
b201 304 378 330 407
b202 325 248 364 282
b203 0 476 28 491
b204 242 135 275 176
b205 419 281 440 296
b206 89 437 124 479
b207 85 154 118 182
b208 147 0 167 27
b209 346 115 391 151
b210 392 98 405 122
b211 432 34 444 50
b212 73 514 115 535
b213 440 228 454 260
b214 534 125 561 142
b215 298 407 319 436
b216 463 147 505 166
b217 45 78 65 126
b218 184 108 227 123
b219 399 509 417 537
b220 522 208 559 238
b221 248 374 261 419
b222 242 246 276 271
b223 140 283 162 302
b224 212 374 233 419
b225 361 502 399 549
b226 463 239 502 255
b227 386 29 399 61
b228 443 125 463 146
b229 155 437 203 461
b230 522 178 555 208
b231 334 98 364 114
b232 43 159 85 182
b233 506 223 522 236
b234 507 474 540 492
b235 258 328 304 350
b236 134 333 173 360
b237 221 135 242 175
b238 318 0 357 27
b239 43 182 83 204
b240 499 86 522 105
b241 124 453 148 466
b242 226 486 248 526
b243 436 492 470 529
b244 319 85 356 98
b245 463 166 499 190
b246 268 530 312 553
b247 355 204 391 243
b248 294 487 325 530
b249 0 449 35 476
b250 52 0 83 34
b251 486 342 520 385
b252 463 255 482 283
b253 319 419 334 432
b254 118 116 142 129
b255 343 300 382 347
b256 0 337 21 350
b257 428 211 461 228
b258 51 204 85 248
b259 173 371 185 397
b260 375 347 387 366
b261 161 476 173 521
b262 249 44 276 92
b263 0 244 47 290
b264 168 85 213 108
b265 118 71 133 116
b266 470 496 515 544
b267 403 149 437 188
b268 399 487 424 509
b269 522 73 559 91
b270 161 461 184 476
b271 124 407 166 431
b272 115 533 150 557
b273 212 334 242 355
b274 43 126 64 159
b275 124 431 152 453
b276 37 204 51 235
b277 242 288 254 335
b278 148 241 161 283
b279 248 483 291 522
b280 42 356 73 378
b281 337 282 367 300
b282 325 204 355 248
b283 505 73 520 86
b284 504 121 534 142
b285 0 17 13 50
b286 47 248 83 289
b287 228 0 249 42
b288 391 233 427 261
b289 517 0 550 37
b290 341 432 357 459
b291 166 409 209 437
b292 367 243 391 282
b293 167 0 186 43
b294 186 0 212 17
b295 76 437 89 480
b296 226 459 242 486
b297 431 461 469 492
b298 286 89 319 129
b299 162 289 175 302
