2801371.851562
3004802.5
970496
256 3791
958.269218
b0 83 2884 110 2899
b1 101 1887 128 1903
b2 82 3143 104 3169
b3 136 0 157 45
b4 113 341 153 386
b5 97 44 113 70
b6 150 2077 188 2104
b7 61 2370 96 2399
b8 140 3016 161 3052
b9 80 1500 124 1525
b10 96 623 111 654
b11 103 1617 144 1641
b12 145 2058 162 2077
b13 179 728 212 776
b14 179 177 223 198
b15 133 1565 167 1580
b16 134 1755 179 1797
b17 86 2586 127 2623
b18 32 3710 75 3754
b19 36 3253 72 3276
b20 96 404 109 421
b21 79 2399 107 2443
b22 122 2549 157 2578
b23 49 2832 89 2849
b24 86 1249 104 1273
b25 77 2305 106 2348
b26 80 1565 107 1583
b27 145 420 183 460
b28 72 2717 96 2729
b29 111 3045 140 3075
b30 83 3522 103 3550
b31 83 2953 115 2989
b32 66 3231 85 3253
b33 107 728 152 774
b34 121 1065 150 1077
b35 70 3169 82 3195
b36 92 1380 119 1410
b37 116 3016 128 3045
b38 47 3522 68 3541
b39 141 2728 153 2741
b40 60 1301 79 1348
b41 96 604 132 623
b42 177 1449 223 1474
b43 111 2134 150 2155
b44 92 1410 119 1434
b45 94 3118 118 3143
b46 111 3075 130 3088
b47 79 1037 121 1077
b48 145 386 173 420
b49 83 3340 107 3388
b50 53 1186 72 1200
b51 217 0 231 16
b52 159 641 196 659
b53 0 2956 36 2968
b54 103 1583 133 1617
b55 27 0 53 31
b56 73 2029 119 2060
b57 36 2932 83 2980
b58 110 2647 135 2672
b59 179 115 226 153
b60 107 654 146 670
b61 117 2209 148 2254
b62 166 865 212 901
b63 33 3627 69 3673
b64 83 3016 116 3031
b65 79 1330 92 1353
b66 108 1434 150 1479
b67 66 3136 80 3169
b68 66 1141 94 1186
b69 134 286 170 313
b70 61 2117 77 2162
b71 63 2685 97 2717
b72 68 3565 100 3580
b73 46 3327 58 3373
b74 60 1583 103 1617
b75 60 1500 80 1537
b76 70 3195 109 3231
b77 97 386 137 404
b78 130 901 172 917
b79 185 776 225 801
b80 81 2176 117 2191
b81 0 39 15 71
b82 179 153 218 177
b83 59 2771 96 2812
b84 111 2096 145 2134
b85 53 880 87 923
b86 97 0 136 44
b87 15 2884 60 2932
b88 109 445 138 489
b89 79 1288 99 1330
b90 0 3276 46 3300
b91 136 135 179 156
b92 66 3071 111 3118
b93 15 2932 35 2956
b94 87 1018 118 1037
b95 132 604 176 641
b96 145 998 191 1031
b97 39 2399 79 2414
b98 154 2626 167 2661
b99 74 1870 114 1887
b100 79 1077 123 1122
b101 113 568 143 604
b102 145 2022 185 2058
b103 111 1674 145 1708
b104 103 964 145 978
b105 99 1310 134 1343
b106 138 2176 150 2209
b107 0 3578 32 3593
b108 74 1689 111 1727
b109 101 1903 143 1949
b110 73 1987 112 2029
b111 159 1031 172 1052
b112 155 776 185 801
b113 72 1186 108 1210
b114 58 3443 92 3487
b115 102 3318 136 3340
b116 185 1474 213 1493
b117 128 1878 167 1899
b118 138 460 182 498
b119 27 1816 55 1861
b120 130 849 166 885
b121 73 1949 107 1987
b122 136 115 179 135
b123 110 2884 133 2920
b124 107 1949 138 1984
b125 133 2884 179 2926
b126 172 901 194 913
b127 130 789 155 832
b128 15 2570 59 2598
b129 61 2348 95 2370
b130 81 2096 111 2122
b131 15 2525 63 2570
b132 103 3279 121 3318
b133 68 3522 83 3565
b134 39 2414 73 2461
b135 60 1674 105 1689
b136 97 286 134 298
b137 53 0 74 28
b138 47 3580 89 3608
b139 99 1273 135 1310
b140 157 53 169 96
b141 83 3278 102 3323
b142 33 3673 60 3710
b143 27 1861 51 1886
b144 157 13 172 53
b145 53 923 66 968
b146 49 2851 97 2884
b147 152 1407 182 1449
b148 59 2812 77 2832
b149 63 2623 110 2645
b150 95 833 118 864
b151 72 2729 90 2771
b152 107 2370 123 2389
b153 173 281 214 311
b154 46 3310 68 3327
b155 100 819 125 833
b156 111 1739 139 1755
b157 83 3253 103 3278
b158 63 2525 86 2538
b159 74 1838 118 1870
b160 170 265 197 281
b161 27 1769 73 1816
b162 215 198 246 216
b163 27 1301 60 1323
b164 107 1797 143 1838
b165 60 1617 81 1634
b166 15 2598 49 2634
b167 86 2549 122 2586
b168 172 74 196 115
b169 109 489 133 528
b170 79 1434 108 1479
b171 83 3031 105 3071
b172 107 1755 134 1768
b173 130 917 155 949
b174 74 864 117 880
b175 103 978 118 994
b176 81 2191 114 2229
b177 99 1343 140 1380
b178 145 1594 162 1613
b179 27 1735 73 1769
b180 118 1838 137 1878
b181 36 2980 66 3008
b182 87 994 132 1018
b183 53 1249 86 1288
b184 108 1122 154 1147
b185 132 1031 159 1065
b186 110 2851 141 2884
b187 119 1984 155 2022
b188 63 2645 100 2685
b189 112 3340 156 3352
b190 119 1380 156 1407
b191 128 2953 144 2987
b192 127 3088 156 3136
b193 81 2229 114 2246
b194 161 198 189 211
b195 74 1727 107 1740
b196 140 224 181 265
b197 134 313 171 341
b198 113 190 161 209
b199 148 949 179 985
b200 0 3754 43 3791
b201 179 913 205 942
b202 72 1210 106 1249
b203 89 3580 104 3608
b204 81 1641 122 1674
b205 117 2176 138 2191
b206 46 3487 88 3522
b207 146 498 179 526
b208 113 209 140 229
b209 73 2060 118 2096
b210 146 641 159 665
b211 86 2504 102 2516
b212 74 703 95 745
b213 145 1580 177 1594
b214 79 2443 96 2470
b215 111 2155 140 2176
b216 96 2717 138 2736
b217 146 2578 166 2626
b218 112 774 155 789
b219 66 3118 94 3136
b220 114 2254 144 2291
b221 115 2953 128 2998
b222 68 3418 102 3443
b223 47 3608 69 3627
b224 39 2504 84 2525
b225 0 3522 47 3560
b226 166 849 205 865
b227 154 1613 167 1645
b228 102 2504 123 2524
b229 103 3231 127 3279
b230 36 3208 66 3241
b231 97 298 113 328
b232 100 2672 142 2695
b233 87 914 103 927
b234 0 3560 33 3578
b235 39 2117 61 2163
b236 89 2812 116 2851
b237 135 1147 156 1187
b238 0 0 27 39
b239 95 2348 135 2370
b240 79 1122 102 1141
b241 66 923 79 947
b242 60 2884 82 2924
b243 46 3276 83 3310
b244 157 0 194 13
b245 110 2623 146 2647
b246 194 0 217 44
b247 179 689 215 728
b248 111 1708 154 1739
b249 110 2926 145 2953
b250 136 156 167 190
b251 87 880 130 914
b252 77 2246 96 2274
b253 53 1288 68 1301
b254 189 198 213 211
b255 120 689 167 728
b256 148 985 169 998
b257 80 1525 97 1558
b258 73 2470 117 2504
b259 74 691 100 703
b260 124 1522 143 1534
b261 100 774 112 819
b262 155 801 182 849
b263 27 1689 74 1735
b264 134 1310 179 1333
b265 103 949 148 964
b266 69 3608 114 3656
b267 36 3169 70 3208
b268 102 2524 124 2549
b269 115 2998 152 3016
b270 74 0 97 15
b271 146 665 188 689
b272 15 1886 39 1921
b273 194 44 215 74
b274 79 1479 112 1500
b275 74 15 96 43
b276 96 2291 127 2305
b277 55 1816 67 1863
b278 107 670 120 712
b279 96 2736 135 2779
b280 205 801 236 823
b281 226 16 256 34
b282 68 3388 112 3418
b283 66 947 79 962
b284 113 265 143 286
b285 141 2695 154 2728
b286 109 404 145 445
b287 39 2096 81 2117
b288 73 1887 101 1923
b289 74 654 107 691
b290 156 1065 172 1092
b291 124 1479 152 1522
b292 155 728 179 767
b293 135 1187 178 1206
b294 96 528 113 554
b295 161 211 204 224
b296 123 2370 139 2397
b297 97 1534 135 1565
b298 113 528 146 568
b299 59 2717 72 2730
