236959
236959
206115
455 453
8.091644
b0 283 189 326 222
b1 329 0 394 37
b2 378 201 412 254
b3 199 85 266 122
b4 48 352 67 381
b5 266 77 315 116
b6 225 305 265 323
b7 371 37 393 77
b8 388 90 450 140
b9 113 43 154 59
b10 394 0 412 52
b11 205 46 264 85
b12 175 207 203 268
b13 201 122 258 170
b14 378 286 441 329
b15 326 189 378 248
b16 139 207 175 264
b17 258 245 324 289
b18 0 352 48 403
b19 42 101 92 132
b20 138 356 175 375
b21 112 306 176 356
b22 266 43 315 77
b23 67 366 116 386
b24 67 316 112 344
b25 166 0 205 54
b26 42 132 82 187
b27 266 338 331 363
b28 290 398 329 444
b29 139 126 201 150
b30 139 150 165 174
b31 0 403 34 429
b32 113 0 166 43
b33 165 150 200 172
b34 334 77 388 104
b35 233 361 264 399
b36 113 59 152 126
b37 125 286 185 306
b38 176 330 233 353
b39 53 41 105 96
b40 371 329 397 358
b41 82 232 137 259
b42 0 0 53 62
b43 205 0 266 46
b44 152 59 199 124
b45 203 210 226 254
b46 67 344 106 366
b47 139 174 204 207
b48 0 163 27 220
b49 338 122 385 187
b50 226 238 258 305
b51 138 375 176 432
b52 84 386 138 431
b53 308 0 329 43
b54 331 284 349 345
b55 315 43 371 77
b56 0 274 63 291
b57 27 253 74 271
b58 394 56 440 90
b59 34 403 84 440
b60 270 222 310 245
b61 233 338 266 361
b62 203 254 222 314
b63 326 248 371 284
b64 92 126 139 176
b65 82 176 139 232
b66 0 291 67 352
b67 204 170 248 210
b68 176 390 228 453
b69 0 220 27 274
b70 266 0 308 42
b71 349 284 371 348
b72 331 358 392 419
b73 388 140 455 201
b74 0 101 42 139
b75 315 77 334 105
b76 139 264 172 286
b77 397 329 454 395
b78 378 254 414 286
b79 53 0 113 41
b80 185 268 201 326
b81 266 116 316 156
b82 233 399 290 446
b83 203 314 225 330
b84 316 122 338 189
b85 258 156 283 176
b86 176 353 232 390
b87 0 62 44 101
b88 0 139 37 163
b89 82 278 109 316
b90 392 395 425 434
b91 412 0 445 56
b92 109 278 125 304
b93 264 363 329 398
b94 414 201 455 260
b95 82 259 133 278
b96 42 187 82 253
b97 316 105 383 122
b98 248 176 270 238
b99 265 289 331 338
