216817.640625
221014.5
207025
455 455
9.289038
b0 192 204 235 237
b1 257 22 294 87
b2 199 151 233 204
b3 129 293 166 360
b4 0 353 19 382
b5 126 64 175 103
b6 294 80 334 98
b7 235 185 275 207
b8 126 127 176 189
b9 176 195 192 236
b10 176 50 194 102
b11 18 159 57 218
b12 57 361 118 389
b13 194 330 242 387
b14 233 87 276 150
b15 335 130 394 182
b16 304 238 361 274
b17 219 387 285 431
b18 72 184 123 232
b19 381 265 412 315
b20 70 258 89 295
b21 126 0 176 64
b22 57 130 91 179
b23 430 367 450 416
b24 166 319 194 364
b25 235 207 289 246
b26 65 46 120 86
b27 379 65 404 130
b28 391 367 430 413
b29 39 389 63 451
b30 126 103 152 127
b31 285 384 319 410
b32 176 276 229 319
b33 333 216 368 238
b34 91 130 118 184
b35 129 360 160 398
b36 194 50 233 117
b37 237 22 257 82
b38 176 253 233 276
b39 18 245 70 300
b40 304 274 333 300
b41 277 246 304 301
b42 0 300 62 353
b43 65 0 126 46
b44 294 33 359 80
b45 176 151 199 195
b46 0 398 39 420
b47 89 232 122 297
b48 57 103 114 130
b49 374 0 421 65
b50 300 139 332 206
b51 124 398 162 455
b52 271 301 325 346
b53 216 0 237 43
b54 428 243 446 304
b55 332 182 388 216
b56 0 206 17 269
b57 0 159 18 206
b58 176 117 222 151
b59 319 377 369 414
b60 242 330 265 370
b61 333 274 366 297
b62 265 346 325 365
b63 404 131 449 167
b64 126 189 176 236
b65 0 103 57 159
b66 62 300 129 361
b67 335 90 379 130
b68 391 315 454 367
b69 18 218 72 245
b70 235 246 277 288
b71 369 377 391 441
b72 63 389 124 450
b73 388 182 455 243
b74 233 288 271 330
b75 299 0 318 28
b76 300 216 333 238
b77 162 387 219 453
b78 285 414 321 446
b79 24 0 65 60
b80 176 237 234 253
b81 176 0 216 50
b82 122 236 169 293
b83 0 382 22 398
b84 361 243 428 265
b85 359 65 379 90
b86 325 300 381 337
b87 0 60 44 99
b88 0 0 24 37
b89 19 353 57 380
b90 321 414 354 453
b91 318 0 374 33
b92 72 232 88 258
b93 235 150 300 185
b94 276 98 335 139
b95 265 365 316 384
b96 325 337 391 377
b97 44 86 111 103
b98 237 0 299 22
b99 404 65 453 131
