2958211.304688
3159129.5
1149948
306 3758
896.969441
b0 67 1905 94 1920
b1 99 2488 126 2504
b2 194 58 216 84
b3 115 1556 136 1601
b4 126 2222 166 2267
b5 99 1556 115 1582
b6 36 1370 74 1397
b7 105 2899 140 2928
b8 64 2087 85 2123
b9 65 3045 109 3070
b10 98 2394 113 2425
b11 24 2977 65 3001
b12 87 3322 104 3341
b13 18 3574 51 3622
b14 60 45 104 66
b15 91 1293 125 1308
b16 171 108 216 150
b17 214 198 255 235
b18 69 3092 112 3136
b19 72 2713 108 2736
b20 24 3201 37 3218
b21 24 2091 52 2135
b22 169 1057 204 1086
b23 51 2856 91 2873
b24 0 3254 18 3278
b25 174 500 203 543
b26 24 2178 51 2196
b27 60 66 98 106
b28 65 2965 89 2977
b29 87 2624 116 2654
b30 194 0 214 28
b31 0 3218 32 3254
b32 213 851 232 873
b33 24 3091 69 3137
b34 172 946 201 958
b35 112 3107 124 3133
b36 24 2148 51 2178
b37 211 630 223 659
b38 231 354 252 373
b39 162 679 174 692
b40 0 3622 19 3669
b41 196 611 232 630
b42 94 1905 140 1930
b43 166 1645 205 1666
b44 202 1183 229 1207
b45 0 80 24 105
b46 99 2469 118 2482
b47 126 1064 168 1104
b48 142 1581 170 1615
b49 92 2129 116 2177
b50 18 3481 37 3495
b51 109 2316 123 2332
b52 51 2671 88 2689
b53 104 0 140 12
b54 141 927 171 961
b55 255 99 281 130
b56 47 3366 93 3397
b57 185 755 232 803
b58 74 1408 99 1433
b59 36 1675 83 1713
b60 127 1711 166 1727
b61 24 3137 55 3182
b62 51 2820 97 2856
b63 98 1160 134 1206
b64 214 43 247 58
b65 111 1323 124 1346
b66 140 2539 182 2584
b67 140 1892 154 1925
b68 182 1755 210 1800
b69 104 1601 140 1628
b70 140 1536 156 1581
b71 162 647 196 679
b72 153 828 185 843
b73 111 1462 123 1508
b74 63 2590 106 2624
b75 37 3481 57 3518
b76 141 611 180 647
b77 65 2947 105 2965
b78 112 2091 154 2107
b79 51 2782 91 2807
b80 36 2024 72 2039
b81 104 1628 119 1660
b82 79 2370 118 2394
b83 125 647 162 688
b84 32 3280 66 3318
b85 227 0 261 43
b86 216 79 255 123
b87 153 843 198 891
b88 108 2685 137 2729
b89 92 2087 112 2129
b90 185 412 231 436
b91 126 1043 169 1064
b92 109 3045 154 3092
b93 194 84 214 108
b94 60 106 91 125
b95 95 3212 139 3249
b96 52 2394 98 2427
b97 126 1104 166 1119
b98 104 885 117 920
b99 144 3092 184 3109
b100 60 0 104 45
b101 145 2129 175 2165
b102 52 2123 92 2159
b103 105 2928 139 2962
b104 139 2928 181 2942
b105 120 795 155 828
b106 104 794 116 827
b107 112 3092 144 3107
b108 74 1370 111 1408
b109 134 1223 176 1269
b110 17 3695 56 3737
b111 98 1206 111 1227
b112 66 3341 96 3366
b113 141 570 177 594
b114 98 2425 132 2469
b115 112 2107 146 2129
b116 24 3182 52 3201
b117 65 3070 104 3091
b118 79 2332 123 2370
b119 214 235 242 280
b120 51 2624 87 2660
b121 99 1660 133 1698
b122 113 2394 156 2414
b123 154 2039 177 2075
b124 146 2267 177 2302
b125 155 370 201 412
b126 104 840 126 852
b127 126 1493 151 1536
b128 153 1269 197 1297
b129 92 2222 126 2244
b130 67 1964 97 1990
b131 19 3650 67 3695
b132 133 2039 151 2078
b133 140 262 155 305
b134 116 1772 150 1819
b135 261 130 306 145
b136 104 828 141 840
b137 66 3301 87 3329
b138 19 3622 61 3650
b139 69 3175 105 3212
b140 51 2507 63 2550
b141 81 2545 100 2590
b142 105 2962 132 2999
b143 169 1427 193 1452
b144 185 460 200 500
b145 171 958 184 1003
b146 135 1190 183 1223
b147 79 2288 109 2330
b148 173 350 191 370
b149 32 3459 79 3481
b150 171 0 194 31
b151 63 2545 81 2587
b152 91 1227 107 1246
b153 142 1615 183 1645
b154 87 2654 109 2671
b155 169 1043 194 1057
b156 104 751 132 767
b157 197 1158 217 1183
b158 89 3032 112 3045
b159 141 448 185 480
b160 148 726 175 742
b161 72 2024 118 2071
b162 36 1713 67 1731
b163 57 3481 90 3503
b164 177 570 213 611
b165 37 3518 58 3535
b166 126 1856 160 1892
b167 60 1308 96 1345
b168 51 2873 75 2914
b169 96 3283 120 3322
b170 116 2129 145 2174
b171 71 2427 93 2467
b172 24 2135 51 2148
b173 74 1615 99 1647
b174 150 1727 193 1743
b175 32 3318 47 3334
b176 91 2782 124 2820
b177 116 1819 157 1856
b178 0 3669 17 3688
b179 94 1930 140 1964
b180 52 2427 71 2467
b181 231 326 261 354
b182 107 1269 152 1293
b183 140 223 173 262
b184 124 1363 170 1388
b185 52 3246 79 3280
b186 183 210 214 243
b187 63 2507 99 2545
b188 141 1003 178 1043
b189 158 1388 202 1400
b190 123 2316 160 2343
b191 96 3249 112 3283
b192 193 150 222 198
b193 183 318 216 335
b194 36 2039 64 2052
b195 196 335 229 348
b196 172 905 213 946
b197 109 2288 146 2316
b198 47 3400 95 3419
b199 140 0 171 36
b200 140 2584 183 2621
b201 185 726 211 755
b202 18 3535 52 3574
b203 194 958 209 986
b204 36 2914 77 2947
b205 96 1308 117 1323
b206 116 2504 158 2539
b207 170 1452 203 1480
b208 255 79 282 99
b209 140 412 185 448
b210 141 1339 154 1363
b211 55 3234 71 3246
b212 153 1297 174 1339
b213 88 2671 120 2685
b214 158 1400 175 1427
b215 124 1308 153 1329
b216 133 2020 175 2039
b217 116 2174 136 2222
b218 83 1856 126 1871
b219 216 123 244 141
b220 97 1964 127 2001
b221 127 1727 140 1772
b222 60 1345 94 1370
b223 171 150 193 169
b224 168 1086 213 1107
b225 183 280 230 318
b226 72 2071 111 2087
b227 89 2965 102 2997
b228 112 2071 133 2091
b229 36 0 60 48
b230 102 2999 132 3032
b231 24 2947 40 2977
b232 52 3535 94 3558
b233 132 751 148 764
b234 135 1427 168 1445
b235 230 280 252 326
b236 36 2052 63 2091
b237 51 2713 72 2753
b238 52 2159 79 2198
b239 55 3212 95 3234
b240 118 2469 141 2488
b241 117 1119 130 1143
b242 52 2467 74 2507
b243 93 3366 130 3400
b244 98 1147 135 1160
b245 51 2689 87 2713
b246 92 2244 115 2288
b247 163 1119 199 1158
b248 126 1462 169 1493
b249 158 543 193 570
b250 83 1871 114 1905
b251 146 692 189 726
b252 74 1647 93 1675
b253 127 1698 142 1711
b254 103 3136 127 3149
b255 111 1388 158 1427
b256 125 688 146 701
b257 124 1329 141 1362
b258 32 3419 76 3453
b259 171 198 197 210
b260 175 1743 194 1755
b261 24 2196 36 2241
b262 99 1508 126 1556
b263 72 2736 119 2782
b264 67 2001 112 2024
b265 61 3558 106 3573
b266 198 803 243 851
b267 69 3136 103 3175
b268 125 726 147 751
b269 104 448 141 466
b270 173 335 196 350
b271 185 436 227 460
b272 111 1427 135 1462
b273 104 466 125 496
b274 0 3737 33 3758
b275 130 1119 152 1147
b276 153 891 184 905
b277 141 828 153 875
b278 214 0 227 42
b279 91 2856 130 2899
b280 141 905 172 927
b281 74 1597 104 1615
b282 83 1698 127 1728
b283 99 1582 112 1597
b284 66 3280 96 3301
b285 104 852 117 885
b286 0 0 36 41
b287 216 58 258 79
b288 227 436 255 472
b289 83 1728 116 1765
b290 158 480 174 507
b291 135 1147 163 1190
b292 0 41 24 80
b293 118 2001 161 2020
b294 141 480 158 506
b295 140 210 183 223
b296 104 767 120 794
b297 132 764 170 795
b298 76 3419 109 3459
b299 112 3249 125 3262
