3111005
3111005
999168
256 3903
734.048213
b0 0 3828 27 3843
b1 157 129 184 145
b2 96 1654 118 1680
b3 43 3121 64 3166
b4 56 1611 96 1656
b5 121 0 137 26
b6 145 722 183 749
b7 89 2074 124 2103
b8 89 2971 110 3007
b9 75 1833 119 1858
b10 19 3023 34 3054
b11 150 1300 191 1324
b12 68 3345 85 3364
b13 115 1069 148 1117
b14 77 2634 121 2655
b15 34 3345 68 3360
b16 123 477 168 519
b17 89 3007 130 3044
b18 124 937 167 981
b19 34 3364 70 3387
b20 75 1800 88 1817
b21 68 3467 96 3511
b22 122 1424 157 1453
b23 96 1680 136 1697
b24 110 327 128 351
b25 80 1258 109 1301
b26 43 2998 70 3016
b27 112 2594 150 2634
b28 19 2998 43 3010
b29 115 1039 144 1069
b30 46 40 66 68
b31 99 1343 131 1379
b32 0 2244 19 2266
b33 91 699 136 745
b34 130 1938 159 1950
b35 110 351 122 377
b36 75 2103 102 2133
b37 24 3468 36 3497
b38 138 519 159 538
b39 68 0 80 13
b40 32 2016 51 2063
b41 36 3679 72 3698
b42 183 42 229 67
b43 46 1447 85 1468
b44 41 3438 68 3462
b45 0 3468 24 3493
b46 40 2340 59 2353
b47 157 1324 199 1364
b48 120 1488 148 1522
b49 146 2295 170 2343
b50 152 0 171 14
b51 109 377 123 393
b52 77 1593 114 1611
b53 158 1964 194 1976
b54 104 1005 134 1039
b55 32 1985 58 2016
b56 152 1209 198 1240
b57 56 1697 103 1745
b58 107 3044 132 3069
b59 41 3602 88 3640
b60 80 1907 119 1923
b61 50 1940 81 1985
b62 69 3745 115 3781
b63 116 1209 152 1255
b64 103 1697 136 1712
b65 73 2811 86 2834
b66 91 745 133 790
b67 0 0 14 33
b68 122 1379 150 1424
b69 88 3602 124 3629
b70 150 1255 166 1300
b71 58 2209 92 2241
b72 0 3813 32 3828
b73 63 1800 75 1846
b74 136 1672 179 1706
b75 60 2133 80 2170
b76 40 2947 79 2983
b77 151 601 191 619
b78 66 1166 108 1182
b79 91 628 131 653
b80 110 2295 146 2310
b81 80 41 95 73
b82 79 2947 118 2971
b83 121 186 158 227
b84 121 2634 155 2672
b85 113 2220 147 2263
b86 89 2030 128 2074
b87 72 3640 117 3688
b88 60 2030 89 2074
b89 56 1758 76 1800
b90 128 1873 174 1897
b91 141 809 184 830
b92 24 3745 69 3792
b93 124 981 144 1005
b94 130 1919 161 1938
b95 142 2557 186 2594
b96 14 2063 60 2096
b97 194 1786 234 1801
b98 122 1453 135 1488
b99 128 327 168 344
b100 141 2424 185 2469
b101 99 1117 129 1153
b102 59 2873 99 2909
b103 113 1559 147 1593
b104 68 440 110 454
b105 70 3056 105 3089
b106 57 3214 69 3247
b107 14 0 46 15
b108 62 1343 99 1381
b109 77 1745 119 1791
b110 88 1791 127 1833
b111 111 3193 124 3214
b112 80 327 110 352
b113 121 129 157 153
b114 79 2241 113 2285
b115 95 305 129 327
b116 110 519 138 538
b117 24 3792 63 3813
b118 14 2096 58 2134
b119 116 1255 144 1300
b120 110 2971 146 3007
b121 46 1221 80 1259
b122 85 2133 128 2153
b123 68 454 91 490
b124 79 2285 110 2320
b125 121 2672 167 2714
b126 88 1039 110 1051
b127 145 2514 170 2557
b128 140 1593 184 1621
b129 196 112 230 134
b130 19 3412 49 3438
b131 58 1985 106 2030
b132 0 3843 18 3882
b133 140 1166 155 1209
b134 36 3698 70 3745
b135 77 1468 122 1483
b136 70 3044 107 3056
b137 56 1468 77 1496
b138 167 858 209 886
b139 80 1221 116 1258
b140 65 3387 77 3430
b141 70 2983 89 3028
b142 166 162 193 199
b143 73 2848 97 2873
b144 60 2074 75 2114
b145 161 1919 174 1964
b146 208 886 256 919
b147 64 3263 94 3305
b148 32 1818 50 1838
b149 130 1897 177 1919
b150 41 3462 64 3493
b151 14 1489 32 1531
b152 99 1051 115 1070
b153 0 3438 41 3468
b154 157 145 179 162
b155 134 3007 159 3021
b156 79 2510 107 2526
b157 131 628 151 653
b158 19 3010 42 3023
b159 43 3089 87 3121
b160 102 809 129 825
b161 80 393 126 440
b162 32 1800 63 1818
b163 40 2318 73 2340
b164 110 2383 146 2424
b165 101 829 122 846
b166 147 2343 181 2379
b167 45 3813 81 3850
b168 184 619 208 660
b169 117 2424 141 2463
b170 88 847 117 892
b171 46 0 68 40
b172 103 1712 130 1725
b173 113 2263 138 2295
b174 94 3511 137 3527
b175 68 847 83 863
b176 59 2909 92 2947
b177 117 881 158 918
b178 113 2153 130 2172
b179 137 70 183 104
b180 155 547 174 587
b181 64 3541 94 3569
b182 121 162 166 186
b183 112 2511 145 2550
b184 19 3387 65 3412
b185 32 3850 59 3884
b186 96 3467 127 3500
b187 144 981 180 1019
b188 110 2343 147 2383
b189 79 2498 123 2510
b190 110 601 147 628
b191 88 978 104 1012
b192 77 2655 106 2703
b193 95 278 128 295
b194 111 3180 139 3193
b195 160 368 193 381
b196 80 0 121 41
b197 159 519 196 547
b198 64 3161 112 3180
b199 177 1706 208 1742
b200 68 3430 111 3467
b201 117 2469 143 2498
b202 68 790 102 829
b203 42 3214 57 3242
b204 64 3569 105 3602
b205 40 2983 61 2998
b206 139 3021 181 3056
b207 63 1879 96 1907
b208 166 1240 193 1260
b209 110 565 155 601
b210 110 440 123 464
b211 124 1593 140 1605
b212 80 1301 101 1343
b213 108 1166 140 1180
b214 128 278 145 305
b215 80 352 109 373
b216 129 1117 171 1136
b217 14 2174 34 2222
b218 77 1483 120 1498
b219 106 2714 134 2732
b220 120 1522 150 1559
b221 184 67 197 112
b222 137 104 171 129
b223 117 918 139 937
b224 108 227 153 248
b225 87 3089 134 3127
b226 57 3247 96 3263
b227 95 41 108 73
b228 69 3214 90 3234
b229 155 2594 179 2642
b230 50 1907 80 1940
b231 46 1259 62 1289
b232 124 1621 166 1644
b233 123 2498 139 2511
b234 68 829 101 847
b235 42 3263 64 3309
b236 58 2170 85 2209
b237 73 2771 94 2811
b238 41 3640 68 3679
b239 0 2222 40 2244
b240 27 3884 50 3903
b241 63 1414 76 1438
b242 14 2134 36 2174
b243 40 2284 77 2318
b244 123 440 160 453
b245 160 344 196 368
b246 177 1742 200 1786
b247 77 1498 113 1537
b248 94 2771 137 2802
b249 77 2526 112 2553
b250 94 2802 125 2836
b251 43 3180 86 3214
b252 158 830 177 858
b253 137 0 152 13
b254 109 1300 133 1313
b255 77 2732 124 2771
b256 56 1745 77 1758
b257 46 1414 63 1447
b258 87 3127 131 3161
b259 86 2836 112 2848
b260 162 2268 181 2280
b261 168 2469 180 2514
b262 147 2220 174 2268
b263 131 653 178 699
b264 136 699 181 722
b265 96 1858 141 1873
b266 113 2172 158 2220
b267 66 1182 100 1221
b268 66 863 88 888
b269 153 227 190 245
b270 145 2469 168 2484
b271 123 453 165 477
b272 117 846 141 881
b273 68 3511 89 3541
b274 63 1858 96 1879
b275 152 42 174 70
b276 158 1976 189 1990
b277 141 830 153 877
b278 171 0 184 42
b279 40 2241 79 2284
b280 148 1453 179 1475
b281 118 1654 148 1672
b282 108 248 152 278
b283 36 2134 49 2149
b284 112 2550 142 2571
b285 62 1381 75 1414
b286 88 937 124 978
b287 14 1468 56 1489
b288 42 3309 70 3345
b289 66 1051 99 1088
b290 146 2268 162 2295
b291 96 1611 124 1654
b292 165 381 189 420
b293 102 790 145 809
b294 137 2714 154 2740
b295 99 1153 142 1166
b296 138 538 154 565
b297 79 2424 117 2455
b298 99 2848 132 2888
b299 32 3813 45 3826
