225474.8964844
227777
204756
452 453
7.950463
b0 260 79 293 122
b1 379 0 444 37
b2 337 284 371 337
b3 40 308 107 345
b4 0 220 19 249
b5 337 235 376 284
b6 337 371 377 389
b7 0 306 40 328
b8 292 389 354 439
b9 23 282 64 298
b10 331 183 349 235
b11 87 92 146 131
b12 240 213 301 241
b13 76 260 133 308
b14 409 114 452 177
b15 386 62 445 114
b16 240 241 297 277
b17 46 0 112 44
b18 256 122 307 170
b19 210 0 241 50
b20 403 242 440 261
b21 182 395 246 445
b22 168 126 202 175
b23 349 183 369 232
b24 297 311 325 356
b25 238 277 292 316
b26 138 0 193 40
b27 379 37 444 62
b28 383 335 422 381
b29 307 183 331 245
b30 76 194 102 218
b31 314 47 340 81
b32 185 292 238 335
b33 376 231 398 266
b34 359 62 386 116
b35 0 328 31 366
b36 240 174 307 213
b37 79 72 139 92
b38 0 249 23 306
b39 133 213 185 268
b40 415 381 441 410
b41 185 218 240 245
b42 23 220 76 282
b43 0 0 46 61
b44 314 0 379 47
b45 183 335 206 379
b46 415 410 437 449
b47 294 81 359 114
b48 0 193 57 220
b49 403 177 450 242
b50 119 40 186 72
b51 141 175 198 213
b52 129 331 183 376
b53 198 175 219 218
b54 61 44 79 105
b55 369 175 403 231
b56 112 308 129 371
b57 114 211 132 258
b58 337 337 383 371
b59 56 345 93 395
b60 79 44 119 67
b61 241 56 274 79
b62 122 376 182 395
b63 97 131 142 167
b64 185 245 235 292
b65 0 366 56 423
b66 307 116 368 183
b67 274 0 314 44
b68 133 268 185 331
b69 168 72 195 126
b70 206 335 248 377
b71 248 382 270 446
b72 354 389 415 450
b73 0 126 61 193
b74 76 218 114 260
b75 119 0 138 28
b76 210 50 232 83
b77 56 396 122 453
b78 61 131 97 163
b79 0 85 60 126
b80 182 379 240 395
b81 122 395 172 435
b82 376 288 433 335
b83 270 382 292 398
b84 376 266 443 288
b85 274 44 294 69
b86 219 118 256 174
b87 102 167 141 211
b88 0 61 37 85
b89 61 167 99 194
b90 297 356 336 389
b91 241 0 274 56
b92 61 105 87 121
b93 195 83 260 118
b94 368 116 409 175
b95 93 345 112 396
b96 297 245 337 311
b97 193 0 210 67
b98 146 72 168 134
b99 248 316 297 382
