550978.2519531
577602.5
311360
556 560
183.534675
b0 448 290 463 317
b1 187 211 203 238
b2 173 401 199 423
b3 74 89 95 134
b4 346 396 391 436
b5 111 381 137 397
b6 203 346 241 373
b7 111 401 140 436
b8 363 506 399 527
b9 0 343 25 387
b10 305 42 320 73
b11 308 237 349 261
b12 238 313 257 330
b13 243 387 276 435
b14 284 36 305 80
b15 437 158 471 173
b16 158 154 203 196
b17 187 490 228 527
b18 512 158 555 202
b19 228 117 264 140
b20 55 102 68 119
b21 199 394 243 422
b22 410 173 439 208
b23 139 28 179 45
b24 185 346 203 370
b25 23 0 66 29
b26 391 251 418 269
b27 350 205 390 243
b28 336 475 348 499
b29 158 211 187 241
b30 241 359 261 387
b31 277 290 309 326
b32 471 128 493 147
b33 228 480 274 525
b34 141 74 153 103
b35 490 433 516 445
b36 431 131 461 158
b37 434 27 446 56
b38 241 338 260 359
b39 310 410 323 422
b40 0 402 19 449
b41 281 0 300 36
b42 108 480 154 505
b43 423 251 444 290
b44 25 374 52 398
b45 432 73 456 98
b46 426 404 445 417
b47 349 243 391 283
b48 338 80 372 108
b49 391 227 439 251
b50 319 527 338 541
b51 320 42 334 58
b52 446 27 483 45
b53 126 436 138 472
b54 316 441 346 475
b55 159 339 185 370
b56 304 193 350 224
b57 111 333 158 381
b58 380 527 405 552
b59 101 521 148 559
b60 34 69 50 108
b61 415 100 460 131
b62 290 475 336 511
b63 467 480 503 526
b64 538 392 553 425
b65 285 80 308 93
b66 348 461 390 506
b67 439 235 472 249
b68 456 45 501 73
b69 233 46 269 73
b70 501 66 517 111
b71 439 203 473 235
b72 188 314 203 346
b73 391 161 437 173
b74 67 501 101 544
b75 308 261 345 281
b76 121 233 157 272
b77 37 29 55 69
b78 108 505 150 521
b79 445 347 470 387
b80 19 541 55 556
b81 228 422 243 454
b82 309 306 348 330
b83 501 0 538 41
b84 86 278 124 312
b85 348 362 391 396
b86 350 161 389 205
b87 507 274 555 319
b88 275 527 319 556
b89 381 44 401 86
b90 402 290 448 314
b91 0 449 21 492
b92 495 111 540 158
b93 391 383 411 407
b94 0 492 19 523
b95 470 352 514 389
b96 470 319 516 352
b97 269 46 284 86
b98 406 364 441 377
b99 298 110 338 127
b100 358 0 403 44
b101 433 317 469 347
b102 109 197 149 233
b103 492 240 526 274
b104 338 66 380 80
b105 154 490 187 525
b106 193 271 226 283
b107 159 386 191 401
b108 23 266 61 303
b109 226 271 272 313
b110 157 80 199 119
b111 111 312 124 333
b112 158 314 188 339
b113 41 177 65 213
b114 521 425 555 469
b115 124 311 158 333
b116 159 426 187 445
b117 138 440 159 479
b118 463 278 507 316
b119 392 460 437 488
b120 100 149 136 185
b121 392 407 426 445
b122 67 363 110 383
b123 0 265 23 301
b124 203 315 238 346
b125 360 316 402 362
b126 203 303 225 315
b127 21 497 64 522
b128 0 149 44 177
b129 461 106 495 128
b130 490 445 516 475
b131 281 148 329 193
b132 140 401 158 440
b133 141 127 156 170
b134 0 92 34 139
b135 261 338 276 383
b136 406 352 443 364
b137 67 342 95 363
b138 200 111 228 153
b139 473 203 509 240
b140 372 125 415 137
b141 55 29 74 74
b142 0 29 37 56
b143 501 41 525 66
b144 67 239 107 254
b145 276 193 289 238
b146 67 167 100 215
b147 67 312 109 342
b148 88 69 106 89
b149 334 44 381 66
b150 323 410 346 441
b151 100 107 118 149
b152 228 140 247 156
b153 67 417 108 447
b154 158 270 180 287
b155 159 401 173 426
b156 439 491 467 507
b157 257 313 277 338
b158 185 373 208 386
b159 484 389 516 433
b160 342 0 358 27
b161 186 34 233 80
b162 108 449 126 480
b163 164 0 197 22
b164 240 156 281 192
b165 363 527 380 548
b166 0 56 34 92
b167 234 192 271 228
b168 458 0 499 24
b169 192 527 231 551
b170 158 241 203 270
b171 88 47 128 69
b172 277 468 290 495
b173 338 108 370 133
b174 290 511 333 527
b175 0 387 16 402
b176 106 69 139 107
b177 67 464 108 501
b178 476 147 495 164
b179 21 420 67 454
b180 391 208 431 227
b181 34 121 64 149
b182 350 137 395 161
b183 354 283 393 316
b184 346 436 392 461
b185 411 377 445 404
b186 64 134 95 167
b187 516 319 554 355
b188 453 440 490 480
b189 326 66 338 110
b190 445 413 482 440
b191 300 0 316 34
b192 444 249 492 278
b193 67 447 100 464
b194 304 224 332 237
b195 277 380 310 393
b196 0 177 41 218
b197 277 343 305 380
b198 19 522 67 541
b199 199 80 235 111
b200 305 343 348 380
b201 316 0 342 29
b202 277 434 316 468
b203 25 339 40 367
b204 277 393 310 434
b205 391 362 406 383
b206 158 119 200 154
b207 460 73 488 106
b208 197 283 224 303
b209 509 203 554 239
b210 392 445 416 458
b211 444 278 460 290
b212 150 527 192 548
b213 74 12 88 44
b214 415 73 432 100
b215 243 435 272 456
b216 67 254 86 296
b217 422 526 470 546
b218 289 193 304 236
b219 276 238 304 256
b220 439 173 476 203
b221 141 45 186 58
b222 338 525 363 559
b223 336 506 358 525
b224 207 445 228 490
b225 203 233 250 271
b226 141 58 180 74
b227 316 29 348 42
b228 137 381 158 401
b229 228 456 276 480
b230 310 380 343 410
b231 403 0 419 30
b232 118 107 141 149
b233 67 296 83 309
b234 503 475 521 508
b235 516 355 538 401
b236 158 287 197 314
b237 298 127 338 148
b238 419 0 458 27
b239 187 423 227 445
b240 391 185 410 208
b241 21 454 34 478
b242 92 0 114 40
b243 197 0 234 34
b244 263 228 276 265
b245 395 137 431 161
b246 235 73 258 117
b247 476 164 512 203
b248 403 30 434 73
b249 40 339 67 374
b250 277 256 308 290
b251 264 102 298 145
b252 55 74 74 102
b253 345 330 360 343
b254 141 103 154 127
b255 0 218 39 265
b256 34 108 55 121
b257 405 521 422 554
b258 67 383 111 417
b259 66 0 92 12
b260 391 173 410 185
b261 100 185 145 197
b262 39 218 66 266
b263 234 0 281 46
b264 309 283 354 306
b265 158 196 203 211
b266 159 445 207 490
b267 124 272 158 311
b268 203 189 228 211
b269 538 355 556 392
b270 0 0 23 15
b271 67 215 109 239
b272 86 254 121 278
b273 329 148 350 178
b274 208 373 241 394
b275 19 398 47 420
b276 439 460 453 491
b277 114 0 126 47
b278 303 330 345 343
b279 372 86 415 125
b280 203 211 234 233
b281 308 73 326 103
b282 231 525 275 555
b283 180 270 193 285
b284 393 269 423 290
b285 250 228 263 261
b286 23 303 64 339
b287 0 301 21 343
b288 128 0 164 28
b289 203 156 240 189
b290 258 86 285 102
b291 34 454 62 497
b292 445 389 484 413
b293 426 417 445 460
b294 277 326 303 343
b295 52 374 65 417
b296 67 544 94 560
b297 402 314 433 352
b298 399 488 439 521
b299 111 436 124 449
