226676.890625
228911
206570
455 454
2.917706
b0 168 265 211 298
b1 418 0 455 65
b2 168 298 221 332
b3 171 24 208 91
b4 0 111 19 140
b5 233 169 282 208
b6 147 67 165 107
b7 127 0 149 40
b8 57 257 119 307
b9 138 181 179 197
b10 300 167 352 185
b11 79 179 138 218
b12 85 98 146 126
b13 171 91 219 148
b14 336 371 399 414
b15 389 220 448 272
b16 300 347 336 404
b17 411 148 455 214
b18 0 396 51 444
b19 404 328 435 378
b20 261 303 280 340
b21 97 360 161 410
b22 119 234 168 268
b23 300 327 349 347
b24 371 296 399 341
b25 238 89 277 143
b26 221 284 261 339
b27 227 144 292 169
b28 204 384 250 423
b29 147 107 171 169
b30 300 303 326 327
b31 282 185 308 219
b32 51 410 104 453
b33 308 185 330 220
b34 179 181 233 208
b35 141 197 179 228
b36 307 94 374 133
b37 378 128 438 148
b38 277 87 300 144
b39 85 46 140 98
b40 42 150 68 179
b41 123 289 150 344
b42 85 126 147 179
b43 66 0 127 46
b44 313 47 378 94
b45 104 410 127 454
b46 274 0 313 22
b47 274 22 307 87
b48 0 249 57 276
b49 353 0 418 47
b50 322 223 389 255
b51 330 185 387 223
b52 204 339 258 384
b53 119 268 162 289
b54 325 255 386 273
b55 300 133 356 167
b56 0 332 63 349
b57 211 266 258 284
b58 51 349 97 383
b59 167 332 204 382
b60 387 180 410 220
b61 371 273 404 296
b62 47 0 66 60
b63 326 273 371 309
b64 0 349 50 396
b65 0 276 57 332
b66 0 188 67 249
b67 313 0 353 44
b68 27 87 79 150
b69 0 57 27 111
b70 258 340 300 382
b71 261 281 325 303
b72 261 220 322 281
b73 378 67 445 128
b74 0 150 42 188
b75 356 133 375 161
b76 371 341 404 363
b77 179 208 245 265
b78 375 148 411 180
b79 63 307 123 348
b80 245 208 261 266
b81 161 382 201 432
b82 0 0 47 57
b83 119 218 141 234
b84 149 0 171 67
b85 378 47 403 67
b86 404 272 441 328
b87 68 218 112 257
b88 171 0 208 24
b89 47 60 85 87
b90 300 414 339 447
b91 171 148 227 181
b92 123 344 149 360
b93 258 382 293 447
b94 404 378 445 437
b95 219 89 238 140
b96 208 0 274 40
b97 150 289 167 356
b98 349 309 371 371
b99 208 40 274 89
