559258.9628906
586554.5
313599
559 561
201.752965
b0 291 377 306 404
b1 193 265 209 292
b2 401 0 423 26
b3 347 46 392 67
b4 403 329 448 369
b5 0 318 26 334
b6 213 191 251 218
b7 459 245 488 280
b8 311 305 332 341
b9 78 24 103 68
b10 264 159 279 190
b11 395 173 436 197
b12 348 350 367 367
b13 457 149 505 182
b14 172 286 193 330
b15 457 409 491 424
b16 52 519 97 561
b17 501 98 542 135
b18 103 416 146 460
b19 80 481 103 517
b20 266 434 279 451
b21 426 58 470 86
b22 59 193 94 222
b23 146 371 163 411
b24 481 482 505 500
b25 167 0 210 29
b26 279 434 306 452
b27 45 116 85 154
b28 264 234 276 258
b29 246 0 276 29
b30 241 279 269 299
b31 314 64 346 100
b32 173 441 192 463
b33 85 68 131 113
b34 30 27 59 39
b35 488 237 500 263
b36 483 294 510 324
b37 481 470 510 482
b38 245 244 264 265
b39 160 441 173 453
b40 208 403 227 450
b41 295 46 314 82
b42 344 139 390 164
b43 436 144 457 183
b44 189 238 213 265
b45 331 280 355 305
b46 388 27 401 46
b47 435 102 475 144
b48 215 23 243 57
b49 45 155 93 179
b50 245 265 264 279
b51 446 485 462 499
b52 486 41 523 59
b53 227 365 263 377
b54 265 58 295 92
b55 133 178 159 209
b56 222 128 268 159
b57 457 326 505 373
b58 436 424 461 449
b59 54 443 101 481
b60 193 292 209 331
b61 307 406 352 437
b62 133 240 169 286
b63 438 209 484 245
b64 500 226 515 259
b65 332 459 345 482
b66 332 305 374 350
b67 192 450 225 464
b68 401 210 429 255
b69 264 407 300 434
b70 461 424 506 440
b71 163 365 197 397
b72 94 155 109 187
b73 440 46 486 58
b74 103 382 146 416
b75 311 350 348 370
b76 457 373 496 409
b77 149 0 167 40
b78 16 375 58 391
b79 15 391 55 416
b80 37 519 52 555
b81 72 397 87 429
b82 353 219 377 258
b83 486 0 523 41
b84 103 521 141 555
b85 279 128 322 162
b86 510 342 554 381
b87 300 497 345 545
b88 347 95 391 124
b89 380 451 400 493
b90 440 0 464 46
b91 43 268 86 289
b92 122 460 169 505
b93 311 280 331 304
b94 353 367 372 398
b95 0 443 37 487
b96 399 390 445 423
b97 309 391 349 406
b98 405 283 440 296
b99 423 0 440 40
b100 163 397 208 441
b101 510 381 546 411
b102 45 80 85 116
b103 266 506 300 540
b104 41 179 83 193
b105 0 265 35 298
b106 391 125 403 158
b107 197 97 229 112
b108 407 520 444 558
b109 103 336 145 382
b110 441 287 483 326
b111 0 487 13 508
b112 109 113 139 138
b113 265 92 289 128
b114 186 140 220 184
b115 197 75 231 97
b116 270 258 289 286
b117 505 135 544 156
b118 515 226 559 264
b119 345 493 373 538
b120 0 96 36 132
b121 355 258 393 292
b122 0 298 43 318
b123 210 0 246 23
b124 98 187 133 218
b125 311 234 353 280
b126 266 494 288 506
b127 37 494 80 519
b128 347 67 391 95
b129 322 118 344 152
b130 197 365 227 391
b131 48 330 96 375
b132 187 57 226 75
b133 227 467 242 510
b134 167 331 214 365
b135 139 95 154 140
b136 393 258 405 295
b137 73 289 94 317
b138 352 451 380 493
b139 279 162 316 198
b140 374 325 386 368
b141 462 472 481 517
b142 208 510 235 547
b143 251 191 276 215
b144 0 220 40 235
b145 214 320 227 365
b146 393 296 441 329
b147 0 235 42 265
b148 279 452 299 470
b149 289 247 311 294
b150 446 449 477 472
b151 30 331 48 373
b152 229 97 248 113
b153 43 289 73 330
b154 42 193 59 215
b155 16 334 30 359
b156 475 102 491 130
b157 197 112 222 132
b158 145 348 158 371
b159 220 159 264 191
b160 87 397 103 424
b161 352 405 399 451
b162 131 64 149 95
b163 266 472 299 494
b164 311 198 352 234
b165 444 520 461 541
b166 461 517 495 553
b167 400 423 436 460
b168 235 510 259 551
b169 13 487 37 526
b170 0 132 45 161
b171 495 500 517 540
b172 388 0 401 27
b173 213 218 245 243
b174 0 334 16 377
b175 289 232 305 247
b176 149 40 187 73
b177 0 161 41 198
b178 262 215 279 234
b179 43 222 77 268
b180 517 466 557 485
b181 0 33 30 61
b182 510 318 555 342
b183 270 294 309 327
b184 505 201 551 226
b185 279 198 306 232
b186 0 526 33 557
b187 521 264 559 300
b188 227 400 264 440
b189 133 286 145 330
b190 372 368 399 405
b191 242 467 258 501
b192 403 125 432 173
b193 37 443 54 476
b194 299 471 327 484
b195 374 292 387 325
b196 347 0 388 41
b197 213 243 241 280
b198 103 460 122 508
b199 177 184 213 215
b200 154 103 197 140
b201 246 29 272 58
b202 373 493 407 532
b203 0 377 15 405
b204 227 332 268 365
b205 295 82 310 103
b206 0 61 42 96
b207 405 255 438 283
b208 113 0 140 20
b209 173 464 218 500
b210 487 213 500 237
b211 423 40 439 52
b212 311 370 353 391
b213 146 411 160 443
b214 457 182 474 209
b215 98 262 127 283
b216 440 245 459 287
b217 169 238 189 286
b218 222 113 265 128
b219 159 178 177 206
b220 477 440 514 470
b221 407 507 452 520
b222 231 71 265 96
b223 475 130 497 149
b224 77 222 98 267
b225 139 140 186 178
b226 387 329 403 368
b227 226 58 258 71
b228 345 538 366 558
b229 109 138 133 186
b230 488 264 521 294
b231 270 361 300 377
b232 227 377 269 400
b233 446 472 462 485
b234 314 46 347 64
b235 145 302 167 348
b236 153 522 180 561
b237 209 280 230 320
b238 227 440 266 467
b239 58 375 98 397
b240 438 183 457 206
b241 103 508 127 521
b242 306 437 346 459
b243 270 327 307 361
b244 401 197 438 210
b245 514 442 550 466
b246 169 215 213 238
b247 353 164 392 200
b248 470 59 501 102
b249 37 416 72 443
b250 133 209 167 240
b251 392 91 435 125
b252 187 29 215 48
b253 322 152 337 165
b254 276 234 289 258
b255 407 460 446 507
b256 266 451 279 472
b257 98 304 131 321
b258 98 218 132 262
b259 306 459 332 471
b260 208 391 227 403
b261 141 505 153 550
b262 30 0 78 27
b263 276 0 323 46
b264 323 0 346 45
b265 346 124 391 139
b266 505 156 553 201
b267 392 52 426 91
b268 289 103 311 128
b269 510 300 547 318
b270 98 321 121 336
b271 85 113 109 155
b272 78 0 113 24
b273 270 377 291 407
b274 98 283 131 304
b275 169 500 197 522
b276 487 182 501 213
b277 445 369 457 416
b278 37 481 79 494
b279 501 59 544 98
b280 0 198 31 220
b281 314 100 344 118
b282 113 20 143 64
b283 474 182 487 197
b284 464 0 485 30
b285 0 0 13 33
b286 42 39 78 80
b287 403 369 445 390
b288 180 522 208 558
b289 316 165 353 198
b290 145 286 172 302
b291 154 75 197 103
b292 377 219 401 258
b293 352 200 395 219
b294 245 218 262 244
b295 299 484 342 497
b296 15 416 31 443
b297 514 411 552 442
b298 230 299 270 332
b299 30 318 43 331
