818444.25
838412.5
638730
302 2115
10.122942
b0 192 518 235 551
b1 0 2078 65 2115
b2 189 198 242 232
b3 103 1811 140 1878
b4 132 0 161 19
b5 64 1859 103 1908
b6 23 43 63 61
b7 147 704 169 744
b8 182 393 232 455
b9 189 704 205 745
b10 180 810 198 862
b11 63 1370 102 1429
b12 63 1496 124 1524
b13 141 744 189 801
b14 0 0 63 43
b15 133 518 192 570
b16 83 1096 119 1153
b17 141 862 185 928
b18 101 928 149 979
b19 133 570 164 620
b20 64 1965 101 1984
b21 0 1859 64 1909
b22 232 232 281 266
b23 83 1220 103 1269
b24 101 1068 146 1096
b25 99 1331 153 1370
b26 23 1819 78 1859
b27 189 745 214 810
b28 63 1524 102 1570
b29 117 1573 141 1635
b30 164 1444 188 1470
b31 181 1224 207 1258
b32 84 1758 127 1811
b33 192 291 214 326
b34 31 1909 58 1963
b35 0 1909 31 1947
b36 199 32 238 99
b37 70 1698 90 1758
b38 124 1494 147 1551
b39 181 1258 233 1313
b40 119 1096 145 1125
b41 149 989 176 1044
b42 161 99 223 152
b43 161 152 222 198
b44 102 1370 167 1417
b45 0 43 23 87
b46 141 801 180 823
b47 119 1154 184 1187
b48 124 1417 181 1444
b49 70 1633 117 1698
b50 235 0 302 32
b51 136 620 174 677
b52 82 620 136 665
b53 103 1878 146 1899
b54 149 928 167 989
b55 121 1224 155 1280
b56 63 1570 80 1633
b57 82 739 100 786
b58 242 115 288 149
b59 140 1635 190 1672
b60 167 928 207 951
b61 174 570 207 593
b62 58 1984 118 2003
b63 63 1269 99 1314
b64 82 0 132 47
b65 132 198 189 254
b66 132 332 199 393
b67 207 810 251 850
b68 182 455 234 518
b69 136 677 190 704
b70 0 2036 42 2078
b71 42 2036 106 2058
b72 23 1758 84 1819
b73 63 1429 124 1496
b74 63 786 101 828
b75 63 0 82 28
b76 102 1524 124 1557
b77 64 1908 130 1965
b78 199 0 235 32
b79 132 291 192 332
b80 145 1096 161 1154
b81 124 1444 164 1494
b82 23 1633 70 1690
b83 223 99 245 115
b84 124 1551 191 1573
b85 63 828 83 853
b86 139 1187 195 1224
b87 205 593 244 637
b88 118 1044 155 1068
b89 161 0 199 27
b90 31 2003 70 2036
b91 83 1187 139 1220
b92 130 1899 156 1915
b93 82 704 147 739
b94 189 232 230 291
b95 82 393 133 412
b96 101 739 141 805
b97 101 979 118 1046
b98 99 1269 121 1331
b99 133 393 182 459
