576230.90625
615665
484218
294 1647
14.691328
b0 46 1321 89 1354
b1 152 969 217 1006
b2 118 261 171 295
b3 49 973 86 1040
b4 64 789 93 808
b5 86 861 125 910
b6 24 559 64 577
b7 101 1122 123 1162
b8 0 1538 50 1600
b9 131 683 147 724
b10 20 1486 38 1538
b11 114 910 153 969
b12 118 419 179 447
b13 110 626 158 683
b14 55 274 118 317
b15 110 540 169 592
b16 228 60 264 117
b17 129 46 173 112
b18 246 0 294 51
b19 55 0 86 50
b20 86 239 123 258
b21 49 1072 113 1122
b22 110 592 159 626
b23 0 1182 20 1231
b24 89 1305 134 1333
b25 93 501 147 540
b26 147 683 202 723
b27 24 861 49 926
b28 113 973 152 1019
b29 129 112 153 174
b30 0 0 24 26
b31 159 592 185 626
b32 101 1167 144 1220
b33 24 926 46 961
b34 173 60 200 114
b35 24 0 55 38
b36 23 1378 62 1445
b37 24 961 44 1021
b38 23 1321 46 1378
b39 237 767 289 822
b40 133 174 159 203
b41 213 1053 240 1108
b42 24 808 86 861
b43 129 0 190 46
b44 136 757 201 804
b45 0 1138 23 1182
b46 49 1242 88 1264
b47 169 478 234 511
b48 55 317 112 344
b49 86 174 133 239
b50 46 1040 113 1072
b51 113 1052 151 1109
b52 64 744 118 789
b53 86 0 129 21
b54 171 301 189 362
b55 159 114 193 170
b56 126 1242 143 1305
b57 0 1600 18 1647
b58 64 559 110 593
b59 86 824 136 861
b60 190 37 230 60
b61 49 1185 82 1208
b62 118 362 178 381
b63 234 117 270 162
b64 192 1006 242 1053
b65 171 245 228 301
b66 64 683 131 744
b67 80 1354 124 1394
b68 49 1122 101 1185
b69 152 1072 206 1099
b70 133 203 175 245
b71 82 1220 146 1242
b72 152 1099 213 1160
b73 217 822 278 889
b74 169 511 207 553
b75 86 910 105 938
b76 125 866 147 899
b77 23 1264 89 1321
b78 112 469 148 501
b79 20 1445 80 1486
b80 123 1109 139 1167
b81 50 1486 90 1536
b82 178 362 225 419
b83 123 245 145 261
b84 112 447 179 469
b85 217 767 237 792
b86 190 0 246 37
b87 201 723 240 767
b88 89 1242 126 1266
b89 55 344 93 371
b90 113 1019 152 1052
b91 131 724 187 757
b92 86 258 112 274
b93 49 938 114 973
b94 179 419 220 478
b95 55 540 106 559
b96 152 1006 192 1072
b97 118 757 135 824
b98 136 804 158 866
b99 0 1072 49 1138
