421741
421741
202500
450 450
112.671422
b0 359 19 375 55
b1 124 0 143 39
b2 402 342 443 377
b3 384 352 402 399
b4 75 78 101 110
b5 346 364 381 395
b6 324 126 337 155
b7 64 370 92 391
b8 84 216 116 231
b9 223 325 257 371
b10 0 131 32 176
b11 256 34 270 70
b12 48 244 90 280
b13 401 297 449 342
b14 134 387 159 402
b15 181 405 227 450
b16 353 151 375 169
b17 385 189 418 215
b18 385 155 419 174
b19 256 70 268 100
b20 368 399 401 427
b21 265 245 309 284
b22 136 213 175 239
b23 181 97 221 122
b24 407 99 432 114
b25 280 358 316 394
b26 143 285 186 310
b27 0 280 15 314
b28 275 158 313 204
b29 48 232 85 244
b30 181 146 208 163
b31 275 204 312 220
b32 0 215 32 238
b33 171 184 207 202
b34 246 245 265 283
b35 385 174 418 189
b36 280 394 292 422
b37 159 354 175 375
b38 292 396 325 422
b39 223 0 253 42
b40 176 25 217 53
b41 0 0 16 16
b42 335 0 379 19
b43 201 258 241 292
b44 174 241 201 257
b45 0 314 37 328
b46 301 45 349 60
b47 257 358 280 372
b48 335 19 359 45
b49 21 45 61 76
b50 223 42 256 84
b51 95 277 143 304
b52 58 280 95 307
b53 312 262 330 279
b54 385 309 401 352
b55 434 99 447 145
b56 146 189 171 211
b57 301 60 349 79
b58 0 90 19 131
b59 90 231 136 277
b60 313 202 348 232
b61 123 354 157 387
b62 0 328 37 373
b63 395 0 430 15
b64 75 31 123 78
b65 143 0 176 30
b66 230 127 261 158
b67 265 321 309 358
b68 49 334 84 358
b69 136 239 174 258
b70 0 176 36 190
b71 313 160 347 202
b72 312 279 346 312
b73 84 332 102 370
b74 270 67 299 85
b75 146 162 169 189
b76 337 146 349 160
b77 181 122 197 146
b78 307 79 333 122
b79 161 120 180 157
b80 52 397 67 411
b81 20 397 52 417
b82 401 123 434 155
b83 108 304 127 341
b84 325 396 368 433
b85 347 316 384 364
b86 238 103 262 127
b87 395 40 440 59
b88 351 80 394 108
b89 20 76 32 111
b90 89 138 113 183
b91 75 110 119 138
b92 37 310 79 334
b93 0 16 21 59
b94 223 103 238 119
b95 395 15 431 40
b96 275 110 300 155
b97 231 180 259 205
b98 73 138 89 164
b99 0 373 20 410
b100 275 220 302 245
b101 175 328 223 368
b102 349 55 387 80
b103 245 372 277 404
b104 176 0 212 25
b105 115 171 146 213
b106 175 202 209 241
b107 201 242 246 258
b108 189 257 201 290
b109 92 430 114 442
b110 20 374 64 397
b111 385 264 403 277
b112 333 80 351 126
b113 402 377 430 420
b114 397 222 436 241
b115 312 232 349 262
b116 209 205 251 242
b117 144 96 181 120
b118 410 253 449 288
b119 300 122 324 158
b120 108 341 123 386
b121 418 177 450 222
b122 15 280 58 310
b123 227 405 240 440
b124 277 435 316 448
b125 75 0 103 18
b126 309 329 347 357
b127 213 292 235 316
b128 0 190 36 215
b129 127 310 173 354
b130 36 176 81 220
b131 32 156 68 176
b132 347 169 385 185
b133 385 297 399 309
b134 385 124 401 153
b135 16 0 53 15
b136 385 245 409 264
b137 173 310 195 328
b138 316 357 346 379
b139 270 34 301 67
b140 36 220 48 236
b141 349 210 383 235
b142 143 258 189 285
b143 123 52 169 96
b144 79 307 108 332
b145 301 0 335 45
b146 81 183 115 216
b147 201 292 213 323
b148 316 379 341 396
b149 231 158 253 180
b150 262 110 275 140
b151 379 0 395 27
b152 113 138 146 171
b153 37 334 49 374
b154 181 53 223 97
b155 124 39 136 52
b156 241 283 260 325
b157 169 53 181 95
b158 312 312 340 329
b159 207 164 231 200
b160 410 241 446 253
b161 223 84 254 103
b162 385 215 397 245
b163 134 403 181 449
b164 353 124 385 151
b165 32 78 73 111
b166 48 220 84 232
b167 261 140 275 187
b168 270 85 307 110
b169 159 375 205 403
b170 53 0 75 45
b171 349 235 384 269
b172 119 106 144 137
b173 208 122 230 164
b174 385 277 410 297
b175 368 427 402 439
b176 116 213 136 229
b177 103 0 124 31
b178 337 126 353 146
b179 32 111 73 156
b180 181 163 200 184
b181 146 120 161 162
b182 61 45 73 78
b183 351 108 388 124
b184 395 59 414 79
b185 394 79 407 123
b186 277 422 325 435
b187 419 155 443 177
b188 251 205 275 245
b189 0 59 20 90
b190 253 0 290 34
b191 265 284 307 321
b192 101 78 123 106
b193 0 238 43 280
b194 92 387 134 430
b195 349 185 385 210
b196 245 404 261 443
b197 349 269 384 316
b198 414 59 436 99
b199 205 371 245 405
