405949.03125
428604.5
202050
450 449
32.892616
b0 143 263 159 299
b1 193 112 232 131
b2 159 263 194 304
b3 324 345 371 363
b4 169 0 201 26
b5 258 245 293 276
b6 129 147 158 160
b7 284 284 305 312
b8 137 403 152 435
b9 309 396 343 442
b10 391 191 423 236
b11 367 112 403 126
b12 101 264 143 300
b13 143 342 191 387
b14 0 192 25 207
b15 358 287 404 332
b16 321 45 339 67
b17 258 276 284 309
b18 110 168 129 202
b19 194 435 224 447
b20 247 385 280 413
b21 329 243 373 282
b22 50 134 89 160
b23 129 160 154 200
b24 305 294 330 309
b25 374 44 410 80
b26 29 178 54 221
b27 0 432 34 447
b28 201 131 239 177
b29 101 355 138 367
b30 84 327 101 354
b31 141 387 178 403
b32 95 105 118 137
b33 59 361 95 379
b34 129 36 148 74
b35 404 324 437 339
b36 309 282 337 294
b37 166 85 182 106
b38 423 191 449 224
b39 279 0 321 30
b40 158 173 186 214
b41 420 0 436 16
b42 150 304 194 323
b43 116 300 150 340
b44 293 257 309 284
b45 87 264 101 301
b46 186 173 201 221
b47 266 361 280 384
b48 195 347 221 371
b49 95 74 135 105
b50 239 138 281 171
b51 74 202 122 229
b52 54 160 91 187
b53 311 263 328 281
b54 178 387 194 430
b55 249 414 295 427
b56 282 176 307 198
b57 249 427 297 446
b58 239 232 258 273
b59 400 145 446 191
b60 278 104 313 134
b61 36 0 69 34
b62 201 177 238 222
b63 126 21 161 36
b64 263 198 311 245
b65 194 402 224 435
b66 135 74 166 105
b67 235 0 279 37
b68 239 197 263 232
b69 148 36 167 74
b70 0 0 36 14
b71 201 0 235 42
b72 366 126 400 159
b73 62 303 100 321
b74 54 187 72 216
b75 56 255 83 278
b76 362 217 376 229
b77 20 395 36 419
b78 239 171 282 197
b79 150 323 187 342
b80 257 79 271 94
b81 59 403 91 423
b82 374 80 407 112
b83 91 156 110 193
b84 407 252 450 289
b85 0 305 37 353
b86 366 193 390 217
b87 317 184 362 203
b88 415 339 443 382
b89 297 396 309 431
b90 0 97 24 142
b91 385 405 429 433
b92 69 0 93 42
b93 126 0 169 21
b94 0 81 15 97
b95 37 315 62 351
b96 321 159 366 184
b97 59 278 87 303
b98 100 301 116 327
b99 0 395 20 432
b100 195 371 222 396
b101 313 203 361 243
b102 201 222 239 247
b103 324 363 356 395
b104 157 106 193 131
b105 282 134 313 176
b106 239 104 278 138
b107 272 69 317 85
b108 95 394 128 406
b109 361 229 383 241
b110 36 396 59 440
b111 169 44 187 57
b112 226 343 272 361
b113 407 80 450 108
b114 239 273 258 312
b115 201 247 238 277
b116 235 37 272 79
b117 0 143 37 167
b118 404 289 443 324
b119 134 227 158 263
b120 44 351 59 396
b121 272 37 317 69
b122 107 406 137 449
b123 309 309 322 344
b124 358 332 397 345
b125 169 26 197 44
b126 385 367 413 405
b127 235 79 257 103
b128 0 207 25 243
b129 374 0 420 44
b130 321 81 366 125
b131 0 14 20 50
b132 210 277 226 315
b133 272 346 284 360
b134 295 380 324 396
b135 195 277 210 314
b136 343 21 367 40
b137 224 402 246 420
b138 385 345 415 367
b139 239 312 272 343
b140 293 245 309 257
b141 366 159 391 193
b142 95 367 141 394
b143 0 249 46 293
b144 0 167 29 192
b145 321 125 366 159
b146 95 41 129 74
b147 25 237 56 249
b148 222 385 247 402
b149 37 293 59 315
b150 197 42 210 72
b151 403 112 430 128
b152 193 79 226 112
b153 95 406 107 446
b154 0 353 44 395
b155 24 130 36 143
b156 271 85 313 104
b157 36 34 48 76
b158 403 128 431 145
b159 59 379 95 403
b160 322 326 358 338
b161 110 137 129 168
b162 410 44 422 74
b163 48 42 95 88
b164 195 315 222 347
b165 93 0 126 41
b166 0 293 36 305
b167 371 345 385 392
b168 210 42 235 79
b169 67 88 95 134
b170 321 0 343 45
b171 373 252 407 287
b172 0 50 25 81
b173 135 105 157 147
b174 224 420 249 440
b175 280 380 292 414
b176 29 221 49 237
b177 343 0 374 21
b178 313 243 329 263
b179 343 395 384 440
b180 89 137 110 156
b181 101 340 143 355
b182 321 69 354 81
b183 413 382 450 398
b184 54 216 74 235
b185 337 282 350 326
b186 37 130 50 178
b187 339 45 361 69
b188 226 361 266 385
b189 56 235 87 255
b190 272 312 309 346
b191 158 221 195 263
b192 169 57 191 85
b193 158 131 201 173
b194 24 88 67 130
b195 122 202 158 227
b196 390 236 429 252
b197 87 229 134 264
b198 62 321 84 361
b199 284 346 324 380
