230441.140625
233093.5
206570
455 454
8.435261
b0 63 208 96 251
b1 372 67 437 104
b2 269 300 303 353
b3 27 0 64 67
b4 96 273 115 302
b5 165 267 214 306
b6 332 67 372 85
b7 106 166 128 206
b8 309 382 359 444
b9 189 147 205 188
b10 198 361 250 379
b11 278 78 317 137
b12 0 224 61 252
b13 189 194 246 242
b14 0 123 63 166
b15 389 282 448 334
b16 129 231 186 267
b17 246 194 290 260
b18 284 0 332 51
b19 115 273 165 304
b20 329 222 348 259
b21 34 309 98 359
b22 244 44 278 93
b23 367 222 387 271
b24 89 359 134 387
b25 16 166 55 220
b26 33 252 88 292
b27 64 141 129 166
b28 327 151 366 197
b29 0 275 24 337
b30 64 98 88 124
b31 0 337 34 363
b32 129 188 182 231
b33 366 104 388 139
b34 278 51 332 78
b35 98 325 136 356
b36 104 61 171 100
b37 366 139 386 199
b38 329 199 386 222
b39 198 306 250 361
b40 393 391 419 420
b41 34 359 89 386
b42 205 132 258 194
b43 64 0 110 61
b44 386 165 451 212
b45 89 387 133 410
b46 335 282 357 321
b47 96 208 129 273
b48 0 54 27 111
b49 393 0 440 65
b50 205 422 272 454
b51 291 197 329 254
b52 22 386 76 431
b53 98 304 141 325
b54 226 0 244 61
b55 250 353 306 387
b56 209 0 226 63
b57 387 212 434 230
b58 359 382 393 428
b59 272 387 309 437
b60 209 63 232 103
b61 0 252 33 275
b62 348 222 367 282
b63 291 151 327 196
b64 147 100 197 147
b65 110 0 166 57
b66 332 0 393 67
b67 244 0 284 44
b68 389 230 452 282
b69 0 0 27 54
b70 64 166 106 208
b71 141 422 205 444
b72 306 321 367 382
b73 388 104 455 165
b74 171 0 209 42
b75 171 42 199 61
b76 367 271 389 304
b77 141 306 198 372
b78 236 260 268 296
b79 129 147 189 188
b80 0 166 16 224
b81 141 372 191 412
b82 393 334 440 391
b83 0 363 22 379
b84 367 304 389 371
b85 197 103 222 123
b86 27 67 64 123
b87 232 93 276 132
b88 64 61 88 98
b89 171 61 198 99
b90 76 410 115 443
b91 258 137 291 193
b92 88 61 104 87
b93 198 387 263 422
b94 88 100 147 141
b95 250 296 269 347
b96 269 260 335 300
b97 24 292 91 309
b98 214 242 236 304
b99 317 85 366 151
