398182.5
420175
200250
445 450
25.795326
b0 252 48 288 64
b1 291 281 330 300
b2 365 40 406 75
b3 394 120 441 138
b4 389 408 415 440
b5 157 149 188 184
b6 174 120 187 149
b7 54 409 82 430
b8 12 195 27 227
b9 121 327 167 361
b10 232 194 264 239
b11 319 100 333 136
b12 71 0 107 42
b13 340 151 388 196
b14 60 263 75 288
b15 43 153 89 198
b16 214 191 232 213
b17 141 120 174 146
b18 318 0 337 34
b19 96 117 108 147
b20 414 368 442 401
b21 337 256 381 295
b22 107 0 133 39
b23 0 227 25 267
b24 217 213 232 238
b25 71 42 107 78
b26 167 342 210 367
b27 127 312 161 327
b28 123 229 169 267
b29 59 0 71 37
b30 340 213 367 230
b31 233 373 270 389
b32 301 300 333 323
b33 338 387 356 423
b34 152 0 171 38
b35 316 323 331 356
b36 172 208 184 236
b37 268 132 289 148
b38 301 365 334 391
b39 265 152 295 194
b40 89 148 130 176
b41 99 78 115 94
b42 208 107 252 126
b43 230 0 264 40
b44 141 170 157 197
b45 59 372 73 409
b46 0 41 15 89
b47 123 384 146 398
b48 265 272 291 296
b49 28 0 59 40
b50 232 152 265 194
b51 264 0 291 48
b52 406 93 443 120
b53 12 178 30 195
b54 368 375 411 391
b55 333 138 379 151
b56 369 115 394 137
b57 347 323 395 342
b58 188 136 229 155
b59 265 194 311 240
b60 179 281 209 316
b61 82 374 116 407
b62 295 156 340 193
b63 335 99 370 114
b64 252 64 300 111
b65 270 335 300 368
b66 188 155 219 186
b67 337 0 381 37
b68 388 138 423 162
b69 300 54 319 92
b70 337 242 373 256
b71 0 408 42 442
b72 348 342 382 375
b73 0 267 38 285
b74 283 300 301 329
b75 130 147 157 170
b76 334 352 348 364
b77 44 285 60 309
b78 98 176 141 202
b79 133 0 152 37
b80 406 36 420 51
b81 60 340 80 372
b82 140 267 173 299
b83 365 75 402 94
b84 301 391 338 434
b85 50 198 98 235
b86 395 320 419 344
b87 376 301 421 320
b88 58 235 101 263
b89 42 408 54 443
b90 18 129 63 153
b91 311 193 339 237
b92 421 292 445 334
b93 252 111 295 132
b94 122 268 138 283
b95 406 0 431 36
b96 272 402 297 447
b97 98 407 123 435
b98 232 239 258 255
b99 30 198 50 235
b100 419 228 444 255
b101 224 389 272 429
b102 291 16 316 54
b103 146 418 178 450
b104 206 82 242 107
b105 388 162 430 193
b106 82 340 121 374
b107 186 367 202 412
b108 232 280 265 292
b109 367 216 389 228
b110 121 361 165 384
b111 127 283 140 301
b112 0 89 18 135
b113 333 295 376 323
b114 300 92 319 131
b115 335 62 365 99
b116 73 303 115 340
b117 416 255 440 292
b118 393 193 432 228
b119 333 114 369 138
b120 217 238 232 283
b121 0 376 45 408
b122 0 346 43 376
b123 60 300 73 335
b124 140 299 179 312
b125 289 132 317 150
b126 186 412 224 440
b127 101 244 123 268
b128 234 348 270 373
b129 171 0 217 44
b130 173 236 217 281
b131 232 132 268 152
b132 319 62 335 100
b133 381 255 395 267
b134 331 323 347 352
b135 44 309 59 346
b136 209 283 228 307
b137 101 226 123 244
b138 202 370 224 400
b139 63 117 96 148
b140 115 303 127 319
b141 272 368 297 402
b142 373 228 419 255
b143 18 83 62 129
b144 232 255 261 280
b145 161 86 206 120
b146 234 314 267 348
b147 167 316 198 328
b148 389 391 414 408
b149 38 263 60 285
b150 184 208 214 221
b151 291 0 318 16
b152 108 114 141 147
b153 45 346 57 386
b154 0 304 44 346
b155 60 288 73 300
b156 214 328 233 370
b157 0 135 12 177
b158 340 196 368 213
b159 382 344 418 368
b160 219 155 231 191
b161 0 285 31 304
b162 184 221 214 233
b163 115 39 161 86
b164 265 240 292 272
b165 356 391 389 432
b166 198 316 234 328
b167 167 328 214 342
b168 204 44 229 81
b169 115 86 161 114
b170 157 186 202 208
b171 381 267 416 301
b172 12 153 43 178
b173 230 40 252 82
b174 368 196 393 216
b175 334 375 368 387
b176 188 120 208 136
b177 141 208 172 229
b178 317 136 333 156
b179 292 240 337 281
b180 370 94 389 115
b181 301 323 316 365
b182 340 230 373 242
b183 82 407 98 444
b184 0 22 20 41
b185 217 0 230 44
b186 123 398 136 446
b187 232 292 256 314
b188 101 202 141 226
b189 27 235 58 255
b190 62 83 99 117
b191 406 51 443 93
b192 0 0 28 22
b193 28 40 70 83
b194 161 44 204 86
b195 319 37 355 62
b196 267 296 283 335
b197 75 268 122 303
b198 381 0 403 40
b199 146 384 186 418
