574903.0625
603874.5
314160
560 561
564.847715
b0 175 496 202 511
b1 268 337 295 353
b2 205 0 231 22
b3 205 399 226 444
b4 115 0 160 40
b5 70 108 86 134
b6 0 250 27 288
b7 416 386 451 415
b8 223 133 244 169
b9 0 514 44 539
b10 313 227 328 258
b11 465 118 506 142
b12 244 126 261 145
b13 488 221 536 254
b14 223 291 244 335
b15 334 370 368 385
b16 0 326 42 371
b17 400 234 441 271
b18 416 471 459 515
b19 304 469 340 492
b20 175 123 192 136
b21 70 37 114 65
b22 314 288 349 317
b23 278 145 295 185
b24 479 254 503 272
b25 315 0 344 43
b26 295 337 322 355
b27 337 385 377 423
b28 47 256 59 280
b29 40 129 69 159
b30 194 476 222 496
b31 236 432 268 468
b32 342 155 361 177
b33 115 40 160 86
b34 89 96 118 108
b35 441 287 453 313
b36 385 414 415 441
b37 436 129 465 141
b38 248 231 269 250
b39 70 222 83 234
b40 70 134 89 181
b41 248 107 284 126
b42 507 479 553 504
b43 372 48 411 69
b44 13 99 40 123
b45 378 467 403 491
b46 195 349 214 362
b47 454 286 496 326
b48 267 34 301 62
b49 337 423 385 447
b50 204 133 223 147
b51 440 313 454 329
b52 201 22 219 59
b53 89 425 125 437
b54 190 157 220 191
b55 89 65 115 96
b56 459 467 505 498
b57 114 270 162 317
b58 236 365 261 390
b59 178 191 225 229
b60 294 190 310 229
b61 268 430 299 475
b62 461 498 507 534
b63 268 301 314 337
b64 360 517 375 550
b65 195 291 218 304
b66 416 515 461 557
b67 56 38 70 71
b68 167 317 195 362
b69 347 81 383 108
b70 508 137 553 153
b71 292 74 324 108
b72 69 507 101 522
b73 202 61 248 73
b74 101 513 135 556
b75 370 447 407 467
b76 120 145 159 181
b77 361 150 401 168
b78 0 413 42 429
b79 506 75 546 100
b80 67 437 103 452
b81 24 123 39 155
b82 393 0 417 39
b83 160 15 201 52
b84 515 153 549 191
b85 300 371 334 414
b86 143 435 182 479
b87 499 347 547 392
b88 327 317 371 346
b89 153 232 195 252
b90 404 184 428 230
b91 59 304 102 325
b92 441 192 488 237
b93 46 390 66 414
b94 69 522 100 541
b95 506 100 550 137
b96 248 185 294 218
b97 160 123 175 163
b98 441 252 454 287
b99 428 65 468 82
b100 248 62 292 107
b101 378 491 414 521
b102 152 395 192 431
b103 499 392 533 426
b104 454 272 496 286
b105 32 432 67 465
b106 120 120 153 132
b107 175 157 190 189
b108 453 360 491 397
b109 347 108 393 150
b110 177 511 216 553
b111 69 247 82 268
b112 94 369 124 394
b113 208 267 244 291
b114 46 356 90 390
b115 95 212 117 246
b116 75 325 94 353
b117 102 317 141 338
b118 499 309 543 347
b119 195 304 223 349
b120 160 52 196 88
b121 259 0 297 34
b122 361 214 404 234
b123 225 191 248 227
b124 68 452 103 483
b125 0 371 46 413
b126 47 280 59 302
b127 44 511 69 554
b128 260 475 304 503
b129 324 62 346 96
b130 328 227 354 257
b131 371 319 416 367
b132 102 108 120 147
b133 441 237 484 252
b134 313 108 347 155
b135 295 145 310 190
b136 347 69 384 81
b137 13 78 41 99
b138 167 275 195 317
b139 257 394 294 430
b140 300 457 343 469
b141 489 142 508 187
b142 460 0 487 37
b143 103 437 128 461
b144 128 435 143 475
b145 103 479 148 492
b146 227 468 260 516
b147 135 513 177 543
b148 284 108 304 126
b149 509 0 531 47
b150 416 415 447 438
b151 349 271 367 313
b152 159 179 175 198
b153 361 184 402 214
b154 248 145 265 167
b155 70 208 95 222
b156 361 168 389 184
b157 454 252 479 272
b158 82 234 95 257
b159 0 429 32 473
b160 300 355 327 371
b161 313 181 360 227
b162 41 480 59 511
b163 428 82 461 104
b164 465 82 506 118
b165 13 48 34 65
b166 117 212 153 246
b167 416 332 453 368
b168 327 346 368 370
b169 0 123 24 162
b170 0 205 29 250
b171 208 229 248 251
b172 120 132 147 145
b173 433 104 465 129
b174 70 65 86 108
b175 160 163 175 179
b176 37 0 70 38
b177 28 159 69 196
b178 37 38 56 55
b179 68 270 114 304
b180 459 433 499 452
b181 231 0 259 30
b182 128 390 152 435
b183 416 438 455 471
b184 403 69 428 115
b185 488 187 515 221
b186 42 325 75 356
b187 496 273 534 309
b188 360 234 400 271
b189 301 30 313 74
b190 70 0 97 37
b191 208 251 242 267
b192 441 142 489 171
b193 29 239 62 256
b194 501 47 514 75
b195 194 463 227 476
b196 263 503 304 544
b197 323 517 360 545
b198 265 126 313 145
b199 244 251 275 287
b200 300 414 337 457
b201 313 155 342 181
b202 195 365 234 399
b203 90 410 118 425
b204 216 528 257 561
b205 47 465 68 480
b206 160 88 202 123
b207 167 362 195 395
b208 31 304 58 324
b209 453 397 498 433
b210 248 218 272 231
b211 360 48 372 64
b212 103 492 145 513
b213 422 152 436 184
b214 525 254 552 271
b215 175 136 204 157
b216 194 444 236 463
b217 27 256 47 304
b218 459 452 502 467
b219 275 276 303 294
b220 403 115 433 152
b221 89 108 102 153
b222 153 198 178 232
b223 503 254 525 273
b224 41 84 62 129
b225 275 229 313 276
b226 214 349 253 365
b227 0 0 13 32
b228 383 81 403 102
b229 13 0 37 48
b230 313 258 346 288
b231 248 167 278 183
b232 66 390 89 432
b233 195 275 208 291
b234 360 30 393 48
b235 141 317 163 363
b236 128 363 167 390
b237 441 171 481 192
b238 343 447 370 486
b239 70 186 110 208
b240 502 426 525 445
b241 46 71 70 84
b242 487 0 509 40
b243 454 326 491 360
b244 347 30 360 67
b245 536 218 560 254
b246 244 301 267 345
b247 261 358 300 394
b248 110 181 153 212
b249 515 191 550 218
b250 94 338 128 369
b251 417 31 460 65
b252 315 43 343 62
b253 32 465 47 478
b254 0 32 13 56
b255 377 367 416 414
b256 428 184 441 205
b257 135 543 168 560
b258 505 445 549 479
b259 417 19 443 31
b260 304 513 323 525
b261 182 442 194 487
b262 219 34 267 61
b263 202 73 248 120
b264 163 252 208 275
b265 160 0 205 15
b266 371 271 416 319
b267 120 86 159 120
b268 416 271 441 293
b269 416 368 453 386
b270 0 288 23 303
b271 95 246 137 270
b272 68 483 103 507
b273 304 492 334 513
b274 89 153 110 186
b275 220 169 248 191
b276 244 287 275 301
b277 216 516 263 528
b278 202 120 244 133
b279 29 196 68 239
b280 0 304 31 326
b281 297 0 315 30
b282 346 0 390 30
b283 253 345 268 358
b284 401 152 422 182
b285 13 65 46 78
b286 0 478 41 514
b287 236 390 257 432
b288 514 47 550 75
b289 468 40 501 77
b290 148 479 175 495
b291 0 162 28 205
b292 416 293 440 332
b293 417 0 460 19
b294 145 495 171 512
b295 192 399 205 442
b296 90 394 117 410
b297 340 486 378 517
b298 375 521 415 554
b299 69 234 82 247
