579695.8515625
609137.5
314721
561 561
618.947893
b0 177 42 192 69
b1 262 257 289 273
b2 33 69 59 91
b3 305 117 326 162
b4 264 497 309 537
b5 193 477 219 493
b6 192 54 230 81
b7 339 0 368 35
b8 293 162 314 198
b9 455 223 499 248
b10 134 504 165 519
b11 231 138 272 162
b12 100 172 119 189
b13 354 329 402 362
b14 0 213 44 234
b15 503 172 518 206
b16 128 274 170 319
b17 102 218 143 255
b18 419 46 462 90
b19 406 470 442 493
b20 172 108 189 121
b21 306 365 350 393
b22 187 283 222 312
b23 119 172 159 189
b24 446 474 464 498
b25 264 455 307 484
b26 305 232 323 259
b27 222 267 262 305
b28 479 120 503 132
b29 102 189 132 218
b30 263 189 283 217
b31 70 237 102 273
b32 499 265 521 284
b33 127 63 173 108
b34 479 211 508 223
b35 455 175 467 201
b36 263 162 293 189
b37 489 358 501 387
b38 426 380 445 401
b39 49 138 62 150
b40 30 113 49 160
b41 102 255 138 274
b42 43 363 89 388
b43 451 154 490 175
b44 36 462 63 486
b45 388 362 413 386
b46 289 257 302 276
b47 354 286 394 328
b48 455 315 489 343
b49 194 371 218 419
b50 254 94 273 108
b51 358 272 374 286
b52 368 0 386 37
b53 245 199 257 235
b54 197 168 227 202
b55 89 317 120 343
b56 423 0 454 46
b57 256 0 303 48
b58 388 386 413 411
b59 159 121 197 168
b60 360 217 376 256
b61 0 282 45 313
b62 351 419 387 465
b63 519 162 555 208
b64 540 293 555 326
b65 413 380 426 403
b66 64 69 109 111
b67 479 73 512 87
b68 0 131 28 176
b69 279 417 306 453
b70 387 431 403 476
b71 492 0 524 34
b72 301 292 333 307
b73 83 111 129 123
b74 349 527 392 561
b75 173 81 210 101
b76 303 0 339 39
b77 175 380 193 420
b78 89 343 131 359
b79 298 48 338 73
b80 0 470 36 485
b81 44 173 76 188
b82 195 227 234 251
b83 386 0 423 41
b84 442 498 476 536
b85 228 305 262 348
b86 380 41 419 85
b87 476 468 524 513
b88 84 288 128 317
b89 499 223 519 265
b90 44 188 90 212
b91 351 481 372 524
b92 491 313 538 358
b93 524 434 548 454
b94 302 259 333 278
b95 302 73 339 117
b96 479 87 525 120
b97 83 123 123 138
b98 407 202 442 215
b99 109 68 126 108
b100 407 157 451 202
b101 394 254 424 290
b102 35 512 75 548
b103 483 434 517 468
b104 413 329 455 343
b105 56 388 89 423
b106 339 106 372 118
b107 70 273 102 288
b108 413 343 451 380
b109 256 48 298 94
b110 152 319 194 358
b111 186 514 199 535
b112 197 202 227 227
b113 91 44 127 68
b114 119 412 153 456
b115 194 312 228 334
b116 190 264 218 283
b117 373 85 412 106
b118 454 0 492 44
b119 306 418 351 446
b120 0 434 36 470
b121 451 343 489 377
b122 0 358 43 378
b123 262 219 298 242
b124 248 420 279 455
b125 511 392 557 434
b126 122 538 134 560
b127 0 409 43 434
b128 412 113 440 157
b129 455 293 489 315
b130 413 403 439 433
b131 80 493 128 538
b132 376 217 394 256
b133 262 242 305 257
b134 197 121 231 168
b135 27 234 42 279
b136 467 175 479 212
b137 131 332 152 360
b138 307 446 349 474
b139 445 380 482 416
b140 129 108 172 120
b141 446 429 465 474
b142 513 34 550 61
b143 228 348 252 373
b144 165 462 205 477
b145 264 484 309 497
b146 129 0 177 33
b147 165 420 195 462
b148 388 411 406 431
b149 512 61 559 83
b150 412 90 443 113
b151 80 538 122 556
b152 44 250 60 269
b153 0 328 41 358
b154 257 376 279 393
b155 406 493 431 507
b156 234 235 262 251
b157 45 269 70 289
b158 195 251 218 264
b159 131 380 175 412
b160 333 322 349 349
b161 314 184 360 231
b162 227 195 245 226
b163 339 118 361 151
b164 48 0 84 41
b165 165 514 186 531
b166 199 514 235 548
b167 159 168 196 204
b168 279 376 303 417
b169 45 289 84 313
b170 273 94 302 139
b171 259 537 299 559
b172 339 54 366 67
b173 333 248 358 280
b174 218 251 261 267
b175 196 0 211 16
b176 525 111 558 149
b177 106 456 147 493
b178 314 162 331 181
b179 372 481 406 527
b180 519 246 559 265
b181 0 70 30 98
b182 230 23 254 68
b183 262 276 301 309
b184 44 212 90 237
b185 351 392 385 419
b186 0 378 33 409
b187 443 90 479 128
b188 406 433 446 470
b189 117 0 129 44
b190 484 392 511 429
b191 351 465 385 481
b192 491 284 539 313
b193 226 491 259 508
b194 539 265 552 293
b195 525 149 558 162
b196 361 176 402 217
b197 165 477 193 514
b198 62 138 110 157
b199 406 507 442 538
b200 0 176 43 213
b201 35 486 64 512
b202 501 358 540 392
b203 0 313 28 328
b204 195 419 228 460
b205 503 151 518 172
b206 0 485 35 527
b207 0 98 28 131
b208 189 101 216 121
b209 455 248 491 293
b210 44 237 68 250
b211 368 37 380 53
b212 299 537 341 558
b213 301 278 333 292
b214 333 231 360 248
b215 132 189 153 218
b216 177 0 196 42
b217 228 422 248 470
b218 33 0 48 43
b219 64 423 92 441
b220 351 362 388 392
b221 439 416 484 429
b222 49 113 83 138
b223 328 393 350 412
b224 219 470 264 491
b225 89 359 127 406
b226 45 313 84 329
b227 406 538 438 551
b228 492 34 513 54
b229 252 352 300 376
b230 331 151 361 184
b231 358 256 388 272
b232 153 204 195 227
b233 298 219 314 232
b234 524 454 557 472
b235 443 132 489 154
b236 92 406 119 445
b237 235 508 256 548
b238 240 393 279 420
b239 152 358 192 380
b240 339 35 362 54
b241 233 376 257 389
b242 372 106 412 128
b243 194 334 228 371
b244 394 217 407 254
b245 479 175 503 211
b246 309 474 332 518
b247 216 81 252 120
b248 301 307 332 350
b249 476 513 503 548
b250 196 23 230 54
b251 110 138 153 172
b252 489 132 517 151
b253 490 151 503 166
b254 76 173 100 186
b255 394 290 441 329
b256 128 319 149 332
b257 272 139 305 156
b258 45 329 89 363
b259 228 396 240 422
b260 170 299 182 318
b261 147 459 159 504
b262 0 234 27 282
b263 143 227 190 273
b264 211 0 256 23
b265 306 350 351 365
b266 361 128 406 176
b267 339 67 373 106
b268 306 393 328 418
b269 245 162 263 199
b270 218 373 233 396
b271 64 454 106 478
b272 0 527 35 551
b273 252 108 273 138
b274 193 493 226 514
b275 36 434 58 462
b276 519 208 550 222
b277 153 412 165 459
b278 43 160 85 173
b279 262 309 301 352
b280 33 91 64 113
b281 465 429 483 459
b282 129 33 173 63
b283 326 117 339 132
b284 283 198 313 219
b285 0 37 13 70
b286 407 215 448 251
b287 333 280 354 322
b288 525 83 561 111
b289 0 0 33 37
b290 227 168 243 195
b291 48 41 91 69
b292 519 222 558 246
b293 462 54 505 73
b294 170 273 187 299
b295 43 388 56 431
b296 64 478 80 505
b297 424 251 455 289
b298 84 0 117 40
b299 64 441 77 454
