247229.34375
251696.5
207025
455 455
8.6447
b0 128 234 161 277
b1 270 179 335 216
b2 192 281 245 315
b3 188 0 225 67
b4 65 0 94 19
b5 224 154 263 203
b6 318 413 336 453
b7 65 134 105 156
b8 180 405 242 455
b9 65 63 81 104
b10 161 263 213 281
b11 0 211 39 270
b12 223 203 251 264
b13 17 0 65 57
b14 85 242 128 305
b15 394 161 453 213
b16 318 356 354 413
b17 144 0 188 66
b18 144 114 195 162
b19 94 0 144 31
b20 224 135 261 154
b21 0 63 64 113
b22 162 229 211 263
b23 329 33 349 82
b24 271 303 316 331
b25 354 376 393 430
b26 245 331 300 371
b27 386 269 451 294
b28 279 408 318 454
b29 365 314 389 376
b30 225 109 249 135
b31 335 166 361 200
b32 192 315 245 358
b33 133 433 168 455
b34 335 112 362 166
b35 361 179 392 217
b36 0 397 67 436
b37 128 281 188 301
b38 201 67 224 124
b39 332 217 387 269
b40 245 301 271 330
b41 65 107 120 134
b42 270 216 332 269
b43 39 242 85 303
b44 180 358 245 405
b45 169 301 192 345
b46 405 78 444 100
b47 0 364 65 397
b48 85 305 142 332
b49 246 0 311 47
b50 362 112 394 179
b51 247 47 304 85
b52 332 269 386 314
b53 225 0 246 43
b54 311 25 329 86
b55 271 269 327 303
b56 0 0 17 63
b57 251 254 269 301
b58 245 408 279 454
b59 245 371 295 408
b60 121 31 144 71
b61 387 0 410 33
b62 389 294 449 313
b63 405 33 441 78
b64 133 383 180 433
b65 0 154 56 211
b66 0 303 67 364
b67 81 63 121 107
b68 387 217 450 269
b69 270 125 297 179
b70 349 70 391 112
b71 121 71 143 135
b72 394 100 455 161
b73 162 162 223 229
b74 327 314 365 356
b75 329 82 348 110
b76 121 135 143 168
b77 105 168 162 234
b78 65 31 101 63
b79 0 113 60 154
b80 111 367 169 383
b81 261 85 311 125
b82 144 67 201 114
b83 335 200 357 216
b84 313 110 335 177
b85 311 0 331 25
b86 349 33 405 70
b87 67 367 111 406
b88 195 124 219 161
b89 64 156 102 183
b90 0 270 39 303
b91 331 0 387 33
b92 297 125 313 151
b93 85 332 150 367
b94 64 183 105 242
b95 251 203 270 254
b96 393 313 433 379
b97 300 331 317 398
b98 225 47 247 109
b99 67 406 133 455
