209565.8007812
210050
205208
452 454
6.160477
b0 166 201 209 234
b1 351 0 388 65
b2 149 258 202 292
b3 39 0 106 37
b4 0 323 19 352
b5 313 65 362 104
b6 434 370 452 410
b7 149 234 189 256
b8 99 234 149 296
b9 263 0 304 16
b10 295 182 347 200
b11 0 183 39 242
b12 19 410 80 438
b13 155 0 203 57
b14 178 408 241 451
b15 382 67 441 119
b16 251 201 287 258
b17 329 250 395 294
b18 90 356 141 404
b19 152 292 202 323
b20 386 334 405 371
b21 156 151 220 201
b22 106 0 155 34
b23 362 65 382 114
b24 321 222 366 250
b25 263 16 302 70
b26 86 404 141 444
b27 425 119 450 184
b28 405 324 444 370
b29 189 234 251 258
b30 209 201 235 225
b31 255 86 281 120
b32 99 296 152 339
b33 304 104 339 126
b34 228 124 255 178
b35 269 294 300 332
b36 106 88 173 127
b37 365 152 425 172
b38 228 178 285 201
b39 39 37 94 89
b40 300 256 329 282
b41 173 124 228 151
b42 39 89 101 142
b43 38 286 99 332
b44 405 184 452 249
b45 281 86 304 130
b46 364 334 386 373
b47 101 201 166 234
b48 0 44 27 101
b49 304 0 351 65
b50 202 298 269 330
b51 318 294 375 332
b52 106 34 151 88
b53 173 57 194 100
b54 300 282 318 343
b55 287 200 321 256
b56 27 332 90 349
b57 405 249 452 267
b58 106 127 152 161
b59 141 356 178 406
b60 375 294 398 334
b61 295 130 328 153
b62 203 0 263 19
b63 293 343 329 388
b64 39 183 89 230
b65 39 230 96 286
b66 19 349 86 410
b67 255 130 295 174
b68 203 19 255 82
b69 0 269 27 323
b70 194 82 236 124
b71 229 365 293 387
b72 241 388 302 449
b73 388 0 449 67
b74 0 141 38 183
b75 236 82 255 110
b76 166 323 188 356
b77 302 397 368 454
b78 268 258 300 294
b79 39 142 99 183
b80 255 70 313 86
b81 106 161 156 201
b82 405 267 452 324
b83 151 57 173 73
b84 383 172 405 239
b85 295 153 320 173
b86 328 126 365 182
b87 0 0 39 44
b88 0 117 37 141
b89 0 242 38 269
b90 253 332 292 365
b91 365 119 421 152
b92 0 101 26 117
b93 329 332 364 397
b94 188 349 229 408
b95 202 330 253 349
b96 202 258 268 298
b97 99 339 166 356
b98 321 200 383 222
b99 368 373 434 422
