236551
236551
206570
454 455
7.780813
b0 113 118 156 151
b1 186 110 223 175
b2 175 43 228 77
b3 0 399 67 436
b4 0 314 19 343
b5 388 183 437 222
b6 367 273 407 291
b7 118 235 140 275
b8 61 108 111 170
b9 278 0 294 41
b10 326 152 378 170
b11 287 108 326 167
b12 0 258 61 286
b13 269 391 317 448
b14 175 0 238 43
b15 387 291 446 343
b16 61 238 118 274
b17 236 198 302 242
b18 0 210 51 258
b19 219 307 269 338
b20 111 151 148 170
b21 223 110 287 160
b22 312 170 361 204
b23 367 291 387 340
b24 16 286 61 314
b25 313 238 367 277
b26 294 0 349 40
b27 349 0 414 25
b28 300 352 346 391
b29 67 363 129 387
b30 289 242 313 268
b31 69 301 95 335
b32 236 242 289 285
b33 422 343 444 378
b34 361 183 388 237
b35 129 363 167 394
b36 300 277 367 316
b37 414 0 434 60
b38 156 173 179 230
b39 61 53 113 108
b40 136 294 165 320
b41 67 427 122 454
b42 61 0 123 53
b43 0 0 61 46
b44 348 40 395 105
b45 395 99 439 122
b46 400 343 422 382
b47 120 170 153 235
b48 61 211 118 238
b49 407 222 454 287
b50 95 331 162 363
b51 223 160 280 198
b52 165 295 219 340
b53 123 63 166 84
b54 165 340 226 358
b55 302 204 358 238
b56 169 110 186 173
b57 344 105 362 152
b58 123 84 169 118
b59 196 245 233 295
b60 140 235 163 275
b61 186 175 219 198
b62 136 275 196 294
b63 300 316 345 352
b64 19 314 69 361
b65 0 87 57 143
b66 0 143 61 210
b67 238 0 278 44
b68 123 0 175 63
b69 273 81 327 108
b70 231 66 273 108
b71 269 307 291 371
b72 317 391 378 452
b73 378 122 445 183
b74 0 361 42 399
b75 327 57 346 85
b76 163 245 196 267
b77 122 398 188 455
b78 233 338 269 370
b79 0 46 60 87
b80 290 41 348 57
b81 67 387 117 427
b82 179 198 236 245
b83 42 361 58 383
b84 233 285 300 307
b85 287 167 312 187
b86 99 275 136 331
b87 395 60 439 99
b88 290 57 327 81
b89 61 274 99 301
b90 367 343 400 382
b91 175 77 231 110
b92 0 286 16 312
b93 233 370 268 435
b94 61 170 120 211
b95 388 222 407 273
b96 167 358 233 398
b97 327 85 344 152
b98 228 44 290 66
b99 378 382 444 431
