228720
228720
206570
454 455
8.087136
b0 302 342 345 375
b1 267 0 304 65
b2 223 172 276 206
b3 0 156 67 193
b4 71 300 100 319
b5 360 259 399 308
b6 276 237 316 255
b7 232 273 254 313
b8 71 159 121 221
b9 183 384 199 425
b10 381 329 399 381
b11 132 361 171 420
b12 0 111 61 139
b13 254 398 302 455
b14 311 174 354 237
b15 395 128 454 180
b16 395 221 452 257
b17 66 401 132 445
b18 71 57 122 105
b19 40 0 71 50
b20 376 174 395 211
b21 0 304 64 354
b22 60 361 109 395
b23 401 257 421 306
b24 293 255 321 300
b25 321 259 360 313
b26 199 384 254 424
b27 388 0 453 25
b28 399 385 438 431
b29 71 223 133 247
b30 319 313 343 339
b31 354 211 388 237
b32 71 247 114 300
b33 354 174 376 209
b34 219 206 273 233
b35 0 354 38 385
b36 328 135 395 174
b37 337 47 397 67
b38 254 291 277 348
b39 160 41 215 93
b40 183 425 212 451
b41 0 193 55 220
b42 98 0 160 53
b43 0 243 46 304
b44 324 70 371 135
b45 0 220 44 243
b46 401 306 440 328
b47 155 153 220 186
b48 71 0 98 57
b49 323 0 388 47
b50 121 156 153 223
b51 215 65 272 103
b52 109 316 163 361
b53 190 226 211 269
b54 114 247 132 308
b55 399 329 433 385
b56 0 139 63 156
b57 179 282 226 300
b58 133 282 179 316
b59 254 348 291 398
b60 109 361 132 401
b61 304 47 337 70
b62 182 93 201 153
b63 345 329 381 374
b64 98 109 148 156
b65 133 226 190 282
b66 0 50 67 111
b67 0 0 40 44
b68 272 70 324 133
b69 71 105 98 159
b70 277 300 319 342
b71 171 362 235 384
b72 335 381 396 442
b73 371 67 438 128
b74 71 319 109 361
b75 304 0 323 28
b76 201 103 223 136
b77 0 395 66 452
b78 261 255 293 291
b79 160 0 220 41
b80 343 313 401 329
b81 211 233 261 273
b82 220 0 267 57
b83 38 354 60 370
b84 321 237 388 259
b85 397 25 417 50
b86 272 135 328 172
b87 171 316 210 360
b88 46 220 70 257
b89 155 93 182 131
b90 302 375 335 414
b91 122 53 155 109
b92 46 257 62 283
b93 276 172 311 237
b94 395 180 454 221
b95 132 420 183 439
b96 153 186 219 226
b97 235 313 252 380
b98 210 300 232 362
b99 223 103 272 169
