233773.5
233773.5
207025
455 455
3.393182
b0 191 147 234 180
b1 320 188 385 225
b2 101 62 154 96
b3 24 348 91 385
b4 320 131 339 160
b5 298 304 347 343
b6 365 284 405 302
b7 151 96 191 118
b8 158 185 208 247
b9 387 129 403 170
b10 228 329 246 381
b11 130 377 189 416
b12 130 185 158 246
b13 339 131 387 188
b14 41 0 84 63
b15 387 176 446 228
b16 241 270 298 306
b17 323 65 367 131
b18 263 111 314 159
b19 210 245 241 295
b20 46 312 83 331
b21 243 220 307 270
b22 42 385 91 419
b23 364 392 384 441
b24 101 34 146 62
b25 224 91 263 145
b26 0 63 55 103
b27 403 67 428 132
b28 386 410 432 449
b29 219 67 281 91
b30 246 346 272 370
b31 60 153 86 187
b32 0 103 53 146
b33 419 246 454 268
b34 91 420 145 447
b35 387 246 418 284
b36 151 118 190 185
b37 263 91 323 111
b38 246 396 269 453
b39 158 247 210 302
b40 246 370 275 396
b41 0 146 55 173
b42 158 302 220 355
b43 0 268 46 329
b44 321 0 368 65
b45 403 132 426 176
b46 364 353 386 392
b47 154 57 219 90
b48 55 63 82 120
b49 320 225 385 272
b50 298 272 365 304
b51 306 399 363 437
b52 85 206 130 260
b53 86 185 129 206
b54 387 228 448 246
b55 297 343 353 377
b56 46 331 109 348
b57 42 419 89 437
b58 101 0 147 34
b59 145 416 195 453
b60 281 67 321 90
b61 220 306 253 329
b62 66 187 85 247
b63 419 304 455 349
b64 101 138 151 185
b65 147 0 203 57
b66 260 0 321 67
b67 253 306 297 346
b68 46 260 109 312
b69 0 214 54 241
b70 101 96 143 138
b71 158 355 222 377
b72 259 159 320 220
b73 368 0 429 67
b74 0 385 42 423
b75 38 241 66 260
b76 71 120 93 153
b77 386 353 452 410
b78 419 268 451 304
b79 0 173 60 214
b80 243 161 259 219
b81 109 260 149 310
b82 203 0 260 47
b83 234 145 256 161
b84 297 377 364 399
b85 428 67 448 92
b86 269 399 306 455
b87 91 376 130 420
b88 0 329 24 366
b89 0 241 38 268
b90 189 377 228 410
b91 191 91 224 147
b92 55 120 71 146
b93 208 180 243 245
b94 0 0 41 59
b95 195 410 246 429
b96 109 310 149 376
b97 84 0 101 67
b98 368 67 390 129
b99 353 304 419 353
