400693.5
422715
202500
450 450
120.522337
b0 341 153 357 189
b1 230 290 269 309
b2 338 19 373 60
b3 431 187 449 234
b4 139 403 165 435
b5 405 318 440 349
b6 283 217 296 246
b7 60 199 81 227
b8 59 403 91 418
b9 72 357 106 403
b10 360 174 405 206
b11 291 36 327 50
b12 132 0 168 42
b13 373 15 421 60
b14 82 197 97 222
b15 55 57 100 103
b16 261 0 279 22
b17 165 196 198 222
b18 331 0 365 19
b19 98 176 128 188
b20 228 172 261 200
b21 98 106 142 145
b22 273 327 299 366
b23 68 227 93 267
b24 365 0 390 15
b25 16 104 52 140
b26 97 212 140 237
b27 0 372 15 406
b28 72 311 110 357
b29 132 42 169 54
b30 312 123 339 140
b31 156 118 172 155
b32 205 172 228 204
b33 231 400 249 436
b34 366 206 385 244
b35 205 29 220 62
b36 424 290 436 318
b37 339 137 360 153
b38 311 274 344 300
b39 272 51 314 81
b40 40 227 68 268
b41 205 80 221 96
b42 340 328 359 372
b43 344 251 384 285
b44 205 145 221 172
b45 121 79 158 93
b46 55 42 103 57
b47 239 93 253 116
b48 0 43 26 67
b49 0 239 40 270
b50 239 51 272 93
b51 397 60 445 87
b52 384 263 421 290
b53 43 199 60 217
b54 346 60 362 103
b55 86 0 132 13
b56 409 202 431 227
b57 225 328 273 347
b58 409 168 450 187
b59 93 237 139 283
b60 52 152 82 187
b61 205 96 239 129
b62 297 193 342 230
b63 40 33 55 68
b64 91 403 139 450
b65 28 0 58 33
b66 269 296 300 327
b67 360 137 404 174
b68 385 206 409 241
b69 381 290 400 328
b70 207 362 221 398
b71 291 400 325 442
b72 278 81 312 114
b73 0 294 38 312
b74 221 62 239 91
b75 140 262 167 285
b76 219 400 231 414
b77 273 366 289 390
b78 110 320 136 363
b79 230 309 267 328
b80 409 187 423 202
b81 136 368 168 388
b82 172 118 205 150
b83 421 253 440 290
b84 344 285 381 328
b85 0 324 37 372
b86 314 373 338 397
b87 158 59 203 78
b88 0 0 28 43
b89 0 312 35 324
b90 0 270 45 294
b91 300 300 344 328
b92 98 188 140 212
b93 298 172 341 193
b94 385 372 401 387
b95 377 100 402 136
b96 221 375 266 400
b97 87 283 112 311
b98 205 129 231 145
b99 0 67 20 104
b100 289 373 314 400
b101 140 222 188 262
b102 273 127 311 152
b103 357 410 389 442
b104 28 68 53 104
b105 136 285 167 327
b106 173 349 207 388
b107 82 152 98 197
b108 28 33 40 66
b109 390 0 412 12
b110 15 378 59 401
b111 205 62 218 80
b112 103 32 121 78
b113 160 78 203 106
b114 169 299 188 338
b115 167 262 197 299
b116 188 307 225 349
b117 112 283 136 320
b118 405 133 444 168
b119 314 50 338 86
b120 53 137 98 152
b121 325 397 357 442
b122 0 197 43 227
b123 273 114 308 127
b124 121 93 160 106
b125 255 347 273 375
b126 205 246 243 274
b127 117 145 139 169
b128 110 363 135 399
b129 359 328 405 372
b130 297 230 342 274
b131 261 172 297 192
b132 221 24 237 62
b133 239 116 253 128
b134 205 0 221 29
b135 136 388 173 403
b136 405 290 424 314
b137 238 200 260 218
b138 243 252 273 274
b139 346 104 377 137
b140 357 394 369 410
b141 121 54 155 79
b142 177 388 204 434
b143 0 141 46 185
b144 140 188 165 217
b145 53 103 98 137
b146 139 155 173 188
b147 46 187 77 199
b148 253 93 278 110
b149 385 387 407 409
b150 221 362 251 375
b151 279 0 306 16
b152 197 274 230 307
b153 0 227 40 239
b154 249 400 291 444
b155 207 398 219 411
b156 86 13 128 32
b157 0 185 42 197
b158 311 140 339 157
b159 204 414 228 450
b160 409 227 421 263
b161 98 145 117 176
b162 205 204 217 234
b163 402 87 449 133
b164 259 24 291 51
b165 136 327 169 368
b166 165 403 177 439
b167 142 106 156 153
b168 168 0 205 25
b169 173 150 201 196
b170 344 206 366 251
b171 169 25 204 59
b172 261 192 292 217
b173 269 274 311 296
b174 273 152 298 172
b175 160 106 194 118
b176 369 372 385 392
b177 338 373 369 394
b178 58 22 74 42
b179 299 328 340 373
b180 421 234 442 253
b181 298 157 340 172
b182 205 234 238 246
b183 0 104 16 141
b184 384 244 404 263
b185 362 60 375 104
b186 207 349 255 362
b187 237 24 259 48
b188 221 0 261 24
b189 38 311 69 331
b190 312 86 346 123
b191 405 349 447 386
b192 58 0 86 22
b193 45 268 87 311
b194 231 129 273 172
b195 306 0 331 36
b196 230 274 269 290
b197 37 331 72 378
b198 375 60 397 100
b199 243 218 283 252
