217506.6992188
222583
205662
453 454
9.174
b0 41 39 74 82
b1 251 75 288 140
b2 254 184 288 237
b3 0 387 67 424
b4 20 108 49 127
b5 332 61 381 100
b6 416 231 434 271
b7 53 183 75 223
b8 217 241 267 303
b9 289 339 305 380
b10 291 75 309 127
b11 75 162 114 221
b12 140 81 168 142
b13 108 288 165 336
b14 236 379 279 442
b15 354 221 413 273
b16 263 39 320 75
b17 96 33 140 99
b18 57 339 108 387
b19 369 338 400 388
b20 367 202 404 221
b21 53 223 103 287
b22 75 128 124 162
b23 431 115 451 164
b24 233 140 278 168
b25 291 273 345 312
b26 196 17 251 57
b27 399 49 424 114
b28 400 404 446 443
b29 171 163 233 187
b30 196 57 220 83
b31 291 127 317 161
b32 114 222 167 265
b33 399 27 434 49
b34 397 0 451 27
b35 291 161 329 192
b36 263 0 330 39
b37 424 55 444 115
b38 108 265 165 288
b39 53 287 108 339
b40 177 398 203 427
b41 291 312 346 339
b42 0 244 53 306
b43 0 183 46 244
b44 366 115 431 162
b45 309 75 332 119
b46 347 373 369 412
b47 168 130 233 163
b48 0 344 57 371
b49 369 273 416 338
b50 416 164 448 231
b51 171 187 209 244
b52 209 187 254 241
b53 67 387 110 408
b54 434 231 452 292
b55 332 100 366 156
b56 57 119 74 182
b57 381 61 399 108
b58 171 244 217 278
b59 177 338 227 375
b60 128 142 168 165
b61 220 57 243 90
b62 307 202 367 221
b63 416 292 452 337
b64 168 83 218 130
b65 0 127 57 183
b66 110 336 177 397
b67 141 0 181 44
b68 291 221 354 273
b69 74 101 128 128
b70 305 339 347 381
b71 267 237 289 301
b72 286 381 347 442
b73 330 0 397 61
b74 0 306 42 344
b75 434 27 453 55
b76 346 273 368 306
b77 110 397 176 454
b78 218 90 250 126
b79 0 0 41 60
b80 233 168 291 184
b81 165 278 215 318
b82 124 165 171 222
b83 291 192 307 214
b84 347 306 369 373
b85 0 98 20 123
b86 140 44 196 81
b87 41 0 85 39
b88 49 82 73 119
b89 0 60 27 98
b90 203 398 236 437
b91 85 0 141 33
b92 27 82 43 108
b93 217 303 282 338
b94 227 338 286 379
b95 177 379 228 398
b96 332 162 398 202
b97 196 0 263 17
b98 74 39 96 101
b99 400 338 449 404
