238426.2949219
242519
201592
446 452
4.054486
b0 343 106 386 139
b1 85 0 122 65
b2 263 379 316 413
b3 0 165 67 202
b4 21 274 50 293
b5 387 67 436 106
b6 209 401 227 441
b7 138 0 178 22
b8 140 170 202 220
b9 122 0 138 41
b10 407 140 425 192
b11 21 202 80 241
b12 319 147 380 175
b13 0 0 57 48
b14 383 339 446 382
b15 383 287 442 339
b16 319 175 376 211
b17 21 293 65 359
b18 67 112 115 163
b19 202 264 252 295
b20 380 140 399 177
b21 319 235 383 285
b22 249 104 283 153
b23 299 147 319 196
b24 105 345 150 373
b25 304 0 358 39
b26 0 397 40 452
b27 412 382 437 447
b28 271 413 317 452
b29 319 211 381 235
b30 407 192 433 216
b31 381 177 407 211
b32 150 349 193 402
b33 274 17 296 52
b34 291 294 318 348
b35 214 111 245 149
b36 358 0 397 67
b37 83 382 143 402
b38 319 285 376 308
b39 249 52 304 104
b40 122 231 151 257
b41 122 286 177 313
b42 187 58 249 111
b43 122 124 183 170
b44 202 165 249 230
b45 227 413 271 436
b46 319 363 341 402
b47 122 91 187 124
b48 122 64 179 91
b49 397 0 444 65
b50 259 294 291 361
b51 26 359 83 397
b52 77 402 131 447
b53 0 202 21 245
b54 122 170 140 231
b55 386 106 442 140
b56 241 0 304 17
b57 263 361 310 379
b58 202 230 248 264
b59 40 397 77 447
b60 65 297 105 320
b61 122 257 155 280
b62 381 216 441 235
b63 151 313 196 349
b64 67 65 117 112
b65 0 48 57 104
b66 0 104 67 165
b67 249 193 293 233
b68 383 235 446 287
b69 187 111 214 165
b70 155 220 197 262
b71 319 308 383 330
b72 351 389 412 450
b73 252 233 319 294
b74 138 22 176 64
b75 57 0 85 19
b76 319 330 341 363
b77 202 295 259 361
b78 115 313 151 345
b79 283 106 343 147
b80 225 0 241 58
b81 249 153 299 193
b82 178 0 225 57
b83 227 436 249 452
b84 304 39 326 106
b85 249 17 274 37
b86 77 241 114 297
b87 343 67 387 106
b88 155 262 192 286
b89 57 19 84 57
b90 318 402 351 441
b91 21 241 77 274
b92 0 363 26 379
b93 80 163 115 228
b94 341 330 382 389
b95 0 312 19 363
b96 197 361 263 401
b97 0 245 17 312
b98 83 320 105 382
b99 143 402 209 451
