227782.4570312
236873.5
206570
454 455
2.687509
b0 367 78 410 111
b1 337 385 374 450
b2 83 0 117 53
b3 197 123 264 160
b4 197 69 216 98
b5 158 0 197 49
b6 229 406 269 424
b7 0 421 40 443
b8 230 240 292 290
b9 117 63 158 79
b10 369 0 387 52
b11 124 186 163 245
b12 117 103 145 164
b13 62 57 110 114
b14 305 95 348 158
b15 374 396 433 448
b16 158 103 194 160
b17 61 241 105 307
b18 0 308 51 356
b19 256 290 287 340
b20 298 240 335 259
b21 287 158 351 208
b22 132 245 181 279
b23 297 21 317 70
b24 156 344 184 389
b25 158 49 197 103
b26 117 393 172 433
b27 348 260 373 325
b28 117 347 156 393
b29 134 0 158 62
b30 369 52 393 78
b31 0 194 34 220
b32 61 148 114 191
b33 117 164 152 186
b34 216 69 243 123
b35 62 114 100 145
b36 163 201 230 240
b37 348 325 368 385
b38 112 290 135 347
b39 317 0 369 55
b40 229 424 258 450
b41 243 72 298 99
b42 0 95 62 148
b43 0 148 61 194
b44 269 406 334 453
b45 264 340 287 384
b46 84 191 106 230
b47 0 356 33 421
b48 197 0 254 27
b49 387 0 452 47
b50 298 208 365 240
b51 393 277 431 334
b52 243 27 297 72
b53 270 0 313 21
b54 106 191 124 252
b55 365 111 421 145
b56 117 0 134 63
b57 373 237 391 284
b58 181 240 227 274
b59 287 340 337 377
b60 181 274 221 297
b61 314 259 347 282
b62 435 237 454 297
b63 72 418 117 454
b64 34 194 84 241
b65 27 0 83 57
b66 0 241 61 308
b67 391 237 435 277
b68 387 185 450 237
b69 0 0 27 54
b70 197 27 239 69
b71 234 218 298 240
b72 51 308 112 369
b73 374 335 441 396
b74 0 57 42 95
b75 287 321 315 340
b76 365 185 387 218
b77 172 389 229 455
b78 40 418 72 454
b79 174 160 234 201
b80 234 160 250 218
b81 317 55 367 95
b82 152 297 209 344
b83 158 160 174 182
b84 264 384 331 406
b85 347 240 372 260
b86 250 160 287 216
b87 217 297 256 341
b88 117 79 154 103
b89 105 252 132 290
b90 184 344 217 383
b91 315 282 348 338
b92 254 0 270 26
b93 229 341 264 406
b94 264 99 305 158
b95 374 284 393 335
b96 365 145 431 185
b97 135 279 152 346
b98 292 259 314 321
b99 51 369 117 418
