542791.75
568257.5
313600
560 560
290.534506
b0 432 267 447 294
b1 345 339 372 355
b2 299 112 321 138
b3 251 202 296 223
b4 492 48 532 93
b5 21 271 37 297
b6 124 230 162 257
b7 524 318 559 347
b8 325 248 346 284
b9 169 364 194 408
b10 235 219 250 250
b11 0 363 41 387
b12 311 157 330 174
b13 86 181 119 229
b14 371 262 392 306
b15 227 409 261 424
b16 24 392 69 434
b17 473 492 510 533
b18 296 197 340 240
b19 296 174 332 197
b20 0 103 17 116
b21 181 116 225 144
b22 447 256 476 291
b23 440 160 457 200
b24 412 262 430 286
b25 225 62 268 91
b26 340 203 367 221
b27 476 261 516 299
b28 77 300 89 324
b29 296 240 325 270
b30 61 96 89 116
b31 307 453 343 485
b32 505 93 527 112
b33 251 223 296 269
b34 393 528 405 557
b35 430 241 442 267
b36 340 221 370 248
b37 515 347 544 359
b38 119 170 140 189
b39 0 13 13 25
b40 142 412 161 459
b41 455 384 474 420
b42 214 91 260 116
b43 69 452 108 473
b44 0 514 27 538
b45 390 405 415 429
b46 345 174 364 187
b47 455 344 497 384
b48 324 376 352 410
b49 476 299 524 323
b50 311 138 325 157
b51 374 405 390 419
b52 306 371 324 408
b53 213 359 249 371
b54 102 55 136 85
b55 0 324 26 355
b56 275 318 306 364
b57 506 193 554 240
b58 488 467 513 492
b59 0 56 38 103
b60 140 172 179 188
b61 409 160 440 205
b62 229 140 265 186
b63 261 449 307 485
b64 78 133 111 148
b65 329 316 352 329
b66 304 485 349 527
b67 370 0 384 33
b68 106 383 151 411
b69 474 384 501 420
b70 325 133 370 149
b71 370 87 402 121
b72 124 327 156 342
b73 460 234 506 246
b74 125 526 168 560
b75 392 262 412 299
b76 506 157 545 193
b77 318 0 336 40
b78 0 402 16 444
b79 42 187 82 212
b80 43 516 79 531
b81 213 320 228 352
b82 346 248 370 287
b83 69 411 106 452
b84 35 234 73 268
b85 311 410 345 453
b86 24 434 68 473
b87 457 0 502 48
b88 349 468 393 497
b89 495 420 515 462
b90 449 491 473 537
b91 43 473 64 516
b92 505 112 552 157
b93 404 74 424 98
b94 283 513 302 544
b95 17 103 61 140
b96 266 91 299 137
b97 476 246 516 261
b98 538 359 551 394
b99 313 42 330 82
b100 515 402 560 446
b101 102 19 132 55
b102 86 230 122 270
b103 336 0 370 34
b104 413 351 455 365
b105 84 148 119 181
b106 370 75 403 87
b107 69 473 84 505
b108 244 371 281 409
b109 124 257 166 303
b110 502 0 541 42
b111 0 284 21 297
b112 69 386 99 411
b113 124 303 160 327
b114 349 497 393 531
b115 108 439 142 461
b116 125 507 153 526
b117 428 121 449 160
b118 432 294 476 332
b119 302 527 347 555
b120 247 0 283 36
b121 213 286 251 320
b122 42 0 62 43
b123 61 151 84 187
b124 213 371 244 406
b125 445 76 491 118
b126 393 461 405 483
b127 0 489 43 514
b128 131 121 159 165
b129 372 334 406 356
b130 388 379 418 405
b131 161 445 209 490
b132 159 100 177 139
b133 261 498 304 513
b134 0 140 47 174
b135 194 364 209 409
b136 119 133 131 170
b137 0 204 28 225
b138 371 306 413 334
b139 420 205 457 241
b140 516 276 559 288
b141 413 286 432 331
b142 330 40 367 67
b143 345 149 369 174
b144 166 188 181 228
b145 353 355 366 400
b146 371 184 404 232
b147 0 174 42 204
b148 151 379 169 399
b149 203 0 225 47
b150 515 446 546 469
b151 79 510 121 528
b152 208 144 227 160
b153 42 43 83 73
b154 181 40 198 62
b155 209 429 223 454
b156 418 486 446 502
b157 225 40 250 60
b158 212 406 225 429
b159 405 502 449 534
b160 198 47 214 74
b161 460 187 506 234
b162 209 454 227 485
b163 371 121 393 154
b164 167 295 208 331
b165 532 47 549 68
b166 37 268 73 302
b167 213 250 250 286
b168 367 34 391 75
b169 227 116 266 140
b170 167 266 212 295
b171 37 302 77 324
b172 89 64 102 91
b173 384 429 409 461
b174 61 116 104 132
b175 250 186 266 201
b176 181 74 214 112
b177 84 473 125 510
b178 61 132 78 151
b179 125 461 159 507
b180 510 493 550 512
b181 266 174 296 202
b182 0 444 24 489
b183 90 316 123 355
b184 281 364 306 410
b185 227 424 261 451
b186 69 355 102 386
b187 516 240 554 276
b188 501 362 538 402
b189 455 332 499 344
b190 299 85 336 112
b191 329 329 345 363
b192 323 287 371 316
b193 159 139 176 172
b194 177 144 205 157
b195 261 485 294 498
b196 119 189 160 230
b197 41 339 69 376
b198 102 0 150 19
b199 418 417 449 453
b200 124 342 167 379
b201 250 36 279 62
b202 345 434 384 468
b203 26 324 54 339
b204 282 270 323 303
b205 69 324 90 339
b206 283 0 318 42
b207 106 411 139 439
b208 75 0 102 20
b209 266 138 311 174
b210 329 363 353 376
b211 393 142 409 154
b212 240 468 261 510
b213 404 0 418 32
b214 227 451 254 468
b215 124 100 153 121
b216 413 332 455 351
b217 104 85 124 133
b218 251 303 294 318
b219 424 74 442 102
b220 371 154 408 184
b221 73 255 86 300
b222 90 291 124 316
b223 213 229 235 248
b224 208 160 229 205
b225 418 27 456 74
b226 499 323 515 362
b227 83 32 96 64
b228 384 0 404 21
b229 181 205 229 229
b230 524 288 557 318
b231 340 187 370 203
b232 306 329 329 371
b233 405 486 418 502
b234 347 531 380 549
b235 167 229 213 251
b236 201 490 240 517
b237 168 517 208 538
b238 418 0 457 27
b239 181 0 203 40
b240 352 316 371 339
b241 0 258 24 271
b242 225 0 247 40
b243 418 365 455 399
b244 332 149 345 186
b245 513 469 549 493
b246 366 356 410 379
b247 275 410 311 449
b248 208 517 239 560
b249 0 297 35 324
b250 251 269 282 303
b251 279 42 313 85
b252 336 114 364 133
b253 151 399 166 412
b254 26 339 39 363
b255 228 320 275 359
b256 0 271 21 284
b257 229 186 246 219
b258 136 56 170 100
b259 75 20 101 32
b260 409 142 428 154
b261 393 483 405 528
b262 181 157 208 205
b263 449 420 495 467
b264 42 73 87 96
b265 167 251 212 266
b266 460 118 505 166
b267 336 75 370 114
b268 366 379 388 404
b269 136 38 173 56
b270 0 387 23 402
b271 159 490 201 514
b272 0 234 35 258
b273 353 404 374 434
b274 86 270 119 291
b275 102 355 124 383
b276 261 409 275 440
b277 541 0 553 47
b278 0 0 42 13
b279 240 513 283 552
b280 28 212 59 234
b281 418 399 448 417
b282 371 232 415 262
b283 447 241 460 256
b284 393 121 423 142
b285 62 0 75 33
b286 166 409 207 445
b287 460 166 502 187
b288 456 48 492 76
b289 167 331 204 364
b290 404 205 420 232
b291 13 13 41 56
b292 449 467 488 491
b293 402 102 445 121
b294 306 303 323 329
b295 73 212 86 255
b296 41 376 68 392
b297 150 0 181 38
b298 409 453 449 486
b299 69 339 82 352
