409194
409194
202500
450 450
34.275549
b0 240 378 276 394
b1 70 169 89 208
b2 382 225 423 260
b3 130 234 177 252
b4 0 186 32 212
b5 318 240 349 275
b6 162 58 191 71
b7 181 0 209 21
b8 16 260 48 275
b9 321 376 367 410
b10 44 228 89 260
b11 264 90 300 104
b12 189 260 231 296
b13 385 131 433 176
b14 95 323 110 348
b15 36 25 82 70
b16 138 180 160 198
b17 272 0 305 26
b18 382 260 416 279
b19 80 293 92 323
b20 211 152 239 185
b21 261 140 305 179
b22 209 58 235 97
b23 25 0 65 25
b24 340 329 355 354
b25 270 104 306 140
b26 42 144 85 169
b27 79 387 113 402
b28 299 202 345 240
b29 96 281 133 293
b30 162 205 189 222
b31 110 333 147 349
b32 32 204 64 227
b33 171 252 189 288
b34 379 41 398 79
b35 226 197 259 212
b36 306 77 334 89
b37 195 152 211 173
b38 363 419 396 445
b39 272 26 302 68
b40 77 72 118 100
b41 191 58 207 74
b42 350 155 369 199
b43 285 409 319 449
b44 65 0 92 16
b45 259 227 296 241
b46 306 62 354 77
b47 156 436 179 450
b48 211 394 235 420
b49 0 51 31 91
b50 321 410 363 443
b51 235 58 262 106
b52 181 21 208 58
b53 285 306 303 323
b54 209 97 225 140
b55 349 108 395 121
b56 285 387 310 409
b57 168 304 187 352
b58 89 228 130 247
b59 68 402 114 448
b60 93 293 128 323
b61 96 247 129 281
b62 240 341 285 378
b63 162 71 177 106
b64 237 294 285 341
b65 158 394 191 424
b66 177 74 208 105
b67 118 72 162 109
b68 285 352 309 387
b69 316 354 354 373
b70 82 34 96 70
b71 114 412 156 446
b72 349 234 382 268
b73 16 275 34 313
b74 235 106 264 124
b75 111 202 138 225
b76 309 373 321 387
b77 0 257 16 281
b78 391 305 434 331
b79 192 394 211 431
b80 271 394 285 409
b81 43 367 63 399
b82 345 202 378 234
b83 209 0 228 37
b84 367 376 404 419
b85 222 212 259 260
b86 316 329 340 353
b87 306 89 351 108
b88 0 356 43 384
b89 0 317 12 352
b90 0 212 24 257
b91 321 0 365 28
b92 129 252 171 276
b93 306 136 349 157
b94 34 297 50 312
b95 235 394 271 419
b96 259 241 304 266
b97 128 305 153 333
b98 95 202 111 228
b99 56 273 93 293
b100 115 109 142 134
b101 259 179 299 227
b102 173 369 211 394
b103 189 296 221 328
b104 190 186 226 211
b105 37 399 68 441
b106 404 368 438 407
b107 225 124 270 140
b108 114 374 126 407
b109 358 268 380 280
b110 46 344 90 367
b111 211 420 229 433
b112 138 134 156 180
b113 306 108 349 136
b114 162 0 181 39
b115 132 0 162 37
b116 392 331 434 368
b117 0 400 37 424
b118 378 185 413 224
b119 138 198 162 234
b120 50 329 95 344
b121 126 367 158 412
b122 16 313 46 356
b123 79 374 114 387
b124 303 294 316 333
b125 85 142 113 160
b126 96 34 124 72
b127 41 169 65 191
b128 90 349 126 374
b129 228 0 272 46
b130 306 157 350 202
b131 0 31 36 51
b132 221 296 237 334
b133 209 140 223 152
b134 133 276 149 305
b135 153 304 168 341
b136 285 333 309 352
b137 126 349 148 367
b138 124 37 154 59
b139 358 311 391 342
b140 285 294 301 306
b141 354 41 379 75
b142 31 70 77 97
b143 162 106 208 150
b144 211 369 240 394
b145 304 28 349 62
b146 189 211 222 245
b147 32 227 44 258
b148 115 134 132 159
b149 34 275 56 297
b150 40 191 70 204
b151 305 0 321 27
b152 162 150 195 183
b153 0 174 40 186
b154 0 97 42 141
b155 195 173 207 186
b156 75 100 94 142
b157 209 46 251 58
b158 318 275 346 292
b159 56 293 80 329
b160 225 140 261 152
b161 42 97 61 128
b162 369 155 381 185
b163 398 41 444 88
b164 231 260 258 292
b165 0 141 41 174
b166 0 281 12 317
b167 61 97 75 144
b168 413 200 450 225
b169 259 266 305 294
b170 416 260 438 305
b171 350 121 385 155
b172 0 0 25 31
b173 262 68 304 90
b174 239 152 259 177
b175 158 424 192 436
b176 211 433 231 449
b177 358 280 379 311
b178 63 367 79 387
b179 365 0 410 41
b180 94 100 115 119
b181 158 352 173 394
b182 189 245 222 257
b183 0 384 37 400
b184 239 177 258 197
b185 305 240 318 284
b186 48 260 96 273
b187 413 176 435 200
b188 354 79 394 103
b189 64 208 95 228
b190 355 342 392 376
b191 316 292 358 329
b192 162 183 190 205
b193 95 160 138 202
b194 395 88 437 131
b195 380 279 416 304
b196 149 288 188 304
b197 189 334 236 369
b198 231 420 271 442
b199 92 0 132 34
