221100.9570312
227328.5
206570
454 455
9.897292
b0 0 54 33 97
b1 336 114 401 151
b2 257 230 310 264
b3 0 266 37 333
b4 254 264 273 293
b5 157 36 206 75
b6 315 22 355 40
b7 314 177 336 217
b8 96 146 146 208
b9 149 280 190 296
b10 139 0 157 52
b11 0 165 39 224
b12 39 0 100 28
b13 146 157 203 205
b14 148 411 211 454
b15 364 382 423 434
b16 157 0 214 36
b17 370 287 436 331
b18 149 75 200 123
b19 336 178 367 228
b20 200 320 237 339
b21 99 248 149 312
b22 100 58 149 92
b23 367 178 387 227
b24 206 160 251 188
b25 0 0 39 54
b26 94 351 134 406
b27 382 69 447 94
b28 401 138 447 177
b29 85 95 147 119
b30 206 128 232 152
b31 369 239 403 265
b32 206 75 249 128
b33 266 39 288 74
b34 336 151 390 178
b35 120 320 158 351
b36 248 0 315 39
b37 336 94 396 114
b38 116 0 139 57
b39 39 327 94 379
b40 196 248 225 274
b41 314 251 369 278
b42 27 379 89 432
b43 39 95 85 156
b44 366 331 431 378
b45 134 351 157 395
b46 314 138 336 177
b47 288 40 353 73
b48 39 156 96 183
b49 288 73 335 138
b50 334 315 366 382
b51 249 75 287 132
b52 94 406 148 451
b53 313 315 334 358
b54 196 230 257 248
b55 214 0 248 56
b56 149 303 212 320
b57 149 205 196 223
b58 149 123 195 157
b59 200 339 237 389
b60 273 264 313 287
b61 336 228 369 251
b62 206 56 266 75
b63 203 188 248 224
b64 39 239 89 286
b65 39 183 96 239
b66 39 28 100 95
b67 401 94 441 138
b68 251 138 314 190
b69 85 119 139 146
b70 158 320 200 362
b71 190 281 254 303
b72 303 390 364 451
b73 387 178 454 239
b74 0 224 38 266
b75 232 132 251 160
b76 225 248 247 281
b77 211 389 268 455
b78 297 358 333 390
b79 39 286 99 327
b80 100 0 116 58
b81 96 208 146 248
b82 149 223 196 280
b83 158 362 180 378
b84 315 0 382 22
b85 382 0 407 20
b86 314 278 370 315
b87 0 97 39 141
b88 0 141 37 165
b89 0 333 27 371
b90 158 378 197 411
b91 237 354 293 387
b92 94 327 120 343
b93 268 390 303 455
b94 256 293 297 352
b95 237 303 256 354
b96 248 190 314 230
b97 0 371 17 438
b98 370 265 432 287
b99 382 20 448 69
