234689.5
234689.5
205208
452 454
3.619802
b0 378 229 421 262
b1 260 0 297 65
b2 125 0 159 53
b3 125 155 192 192
b4 178 281 207 300
b5 384 159 433 198
b6 42 207 60 247
b7 290 312 330 334
b8 57 60 119 110
b9 196 218 212 259
b10 287 126 305 178
b11 0 168 59 207
b12 168 192 196 253
b13 211 291 259 348
b14 199 410 262 453
b15 392 327 451 379
b16 140 302 176 359
b17 341 392 407 436
b18 59 349 110 397
b19 373 198 423 229
b20 223 194 260 213
b21 223 117 287 167
b22 314 126 348 175
b23 158 253 178 302
b24 178 300 206 345
b25 372 265 426 304
b26 85 0 125 55
b27 427 0 452 65
b28 214 213 260 252
b29 349 169 373 231
b30 259 329 285 353
b31 364 47 390 81
b32 125 192 168 245
b33 335 323 357 358
b34 287 178 314 232
b35 259 291 290 329
b36 212 252 279 291
b37 426 198 446 258
b38 260 194 283 251
b39 125 103 180 155
b40 176 384 205 410
b41 322 175 349 230
b42 57 110 119 163
b43 60 236 121 282
b44 297 0 362 47
b45 407 379 451 402
b46 192 95 231 117
b47 60 203 125 236
b48 223 167 280 194
b49 362 0 427 47
b50 211 353 278 385
b51 104 416 161 454
b52 0 371 54 416
b53 231 92 274 113
b54 41 308 59 369
b55 322 231 378 265
b56 24 308 41 371
b57 196 171 214 218
b58 172 61 218 95
b59 54 397 104 434
b60 176 410 199 450
b61 392 304 425 327
b62 66 0 85 60
b63 290 334 335 370
b64 125 53 172 103
b65 0 112 57 168
b66 60 282 121 349
b67 344 81 384 125
b68 0 49 52 112
b69 196 117 223 171
b70 330 265 372 307
b71 285 370 349 392
b72 199 0 260 61
b73 384 98 451 159
b74 0 207 42 245
b75 348 150 376 169
b76 178 259 211 281
b77 110 359 176 416
b78 290 276 322 312
b79 0 267 60 308
b80 330 307 388 323
b81 159 0 199 50
b82 297 69 344 126
b83 26 245 42 267
b84 297 47 364 69
b85 348 125 368 150
b86 121 245 158 301
b87 283 232 322 276
b88 0 308 24 345
b89 231 65 269 92
b90 178 345 211 384
b91 390 65 446 98
b92 0 245 26 261
b93 357 323 392 388
b94 278 392 319 451
b95 121 301 140 352
b96 59 163 125 203
b97 205 385 272 402
b98 319 392 341 454
b99 0 0 66 49
