400146
400146
201152
449 448
28.769664
b0 238 408 254 444
b1 0 133 39 152
b2 399 328 434 369
b3 431 154 449 201
b4 63 0 89 32
b5 364 321 399 352
b6 394 271 423 284
b7 91 101 119 122
b8 102 0 134 15
b9 296 382 330 428
b10 213 290 258 322
b11 134 80 148 116
b12 89 31 131 67
b13 399 369 447 414
b14 0 230 15 255
b15 179 138 225 183
b16 318 247 336 269
b17 351 93 377 126
b18 394 284 428 303
b19 304 277 316 307
b20 361 293 394 321
b21 214 219 258 258
b22 34 156 60 195
b23 197 45 222 85
b24 318 203 333 228
b25 282 216 318 252
b26 31 74 56 117
b27 37 374 71 389
b28 260 178 306 216
b29 77 32 89 69
b30 339 225 356 252
b31 208 274 245 290
b32 81 302 113 325
b33 153 301 171 337
b34 297 307 316 345
b35 357 78 390 93
b36 345 381 357 409
b37 102 15 123 31
b38 356 230 389 256
b39 130 235 172 265
b40 169 47 197 88
b41 14 0 30 16
b42 61 277 80 321
b43 91 67 131 101
b44 60 180 87 196
b45 0 36 14 73
b46 265 44 313 59
b47 148 111 162 134
b48 60 156 86 180
b49 81 360 121 391
b50 76 212 118 245
b51 39 129 87 156
b52 389 232 426 259
b53 162 127 179 145
b54 316 365 359 381
b55 364 182 410 195
b56 339 203 364 225
b57 238 360 257 408
b58 213 322 232 363
b59 131 145 177 191
b60 171 386 201 421
b61 0 177 34 210
b62 201 387 238 432
b63 225 110 260 125
b64 80 254 127 302
b65 81 325 111 358
b66 172 262 203 293
b67 357 34 394 78
b68 203 363 238 387
b69 257 370 295 389
b70 0 0 14 36
b71 390 0 432 34
b72 357 0 390 34
b73 132 428 170 446
b74 195 329 213 358
b75 305 111 332 134
b76 257 345 269 359
b77 0 362 24 378
b78 188 219 214 262
b79 297 345 316 382
b80 71 391 85 406
b81 44 389 64 421
b82 285 146 318 178
b83 403 195 422 232
b84 342 256 385 293
b85 95 397 132 445
b86 318 269 342 293
b87 319 166 364 185
b88 381 101 409 144
b89 56 117 91 129
b90 0 317 24 362
b91 265 0 293 44
b92 171 305 213 329
b93 56 41 77 84
b94 134 47 150 62
b95 357 387 393 412
b96 197 85 242 110
b97 147 356 175 381
b98 187 358 203 384
b99 254 421 291 441
b100 269 345 296 370
b101 91 122 131 170
b102 232 322 257 360
b103 257 389 289 421
b104 282 252 318 277
b105 64 406 95 448
b106 224 45 263 79
b107 37 196 82 212
b108 175 353 187 386
b109 343 36 355 58
b110 37 321 81 344
b111 134 62 147 80
b112 318 185 364 203
b113 318 293 361 321
b114 412 154 431 193
b115 409 117 439 154
b116 293 0 330 42
b117 0 378 37 402
b118 364 195 403 230
b119 321 68 357 92
b120 179 183 224 198
b121 394 34 426 79
b122 37 344 80 374
b123 225 147 260 160
b124 174 88 187 127
b125 43 277 61 305
b126 187 110 225 138
b127 173 329 195 353
b128 147 265 172 301
b129 318 321 364 365
b130 180 0 224 45
b131 0 210 36 230
b132 305 73 321 111
b133 305 134 319 146
b134 321 92 350 108
b135 121 360 136 397
b136 332 108 351 132
b137 260 216 282 234
b138 225 125 255 147
b139 43 246 76 277
b140 162 111 174 127
b141 260 144 285 178
b142 258 277 304 304
b143 131 191 177 235
b144 0 152 29 177
b145 260 110 305 144
b146 56 84 90 117
b147 0 121 31 133
b148 399 414 424 431
b149 150 89 172 111
b150 245 258 258 288
b151 381 144 408 160
b152 14 41 47 74
b153 24 317 36 357
b154 0 402 44 444
b155 89 0 102 12
b156 150 47 169 89
b157 118 212 130 254
b158 384 160 412 177
b159 111 336 147 360
b160 343 0 355 36
b161 242 79 261 110
b162 306 178 318 208
b163 134 0 180 47
b164 319 134 346 166
b165 30 0 63 41
b166 172 293 208 305
b167 265 59 312 73
b168 258 304 295 329
b169 225 160 253 206
b170 15 230 37 275
b171 346 132 381 166
b172 0 74 31 99
b173 394 79 436 101
b174 422 201 442 226
b175 385 259 419 271
b176 172 235 188 255
b177 177 198 208 219
b178 364 166 384 182
b179 224 0 265 45
b180 318 228 339 247
b181 330 381 345 423
b182 203 262 236 274
b183 409 101 446 117
b184 153 337 173 356
b185 330 0 343 44
b186 208 206 256 219
b187 313 44 335 68
b188 258 234 282 274
b189 127 265 147 296
b190 37 212 74 246
b191 263 73 305 110
b192 0 99 28 121
b193 0 275 43 317
b194 87 170 130 212
b195 399 303 435 328
b196 258 329 297 345
b197 136 381 171 428
b198 359 365 399 387
b199 113 302 153 336
