231154.2460938
242079.5
205662
454 453
9.650426
b0 307 286 350 319
b1 322 0 387 37
b2 258 345 292 398
b3 369 311 436 348
b4 0 337 29 356
b5 322 37 361 86
b6 350 297 368 337
b7 366 405 388 445
b8 0 164 50 226
b9 436 311 452 352
b10 196 164 248 182
b11 51 81 90 140
b12 61 291 89 352
b13 386 263 443 311
b14 196 51 239 114
b15 322 86 381 138
b16 350 240 386 297
b17 0 82 44 148
b18 0 0 51 48
b19 386 158 436 189
b20 51 18 88 37
b21 196 114 260 164
b22 0 48 49 82
b23 309 237 329 286
b24 89 345 134 373
b25 261 157 315 196
b26 116 207 156 262
b27 160 224 185 289
b28 292 351 331 397
b29 50 267 112 291
b30 298 213 324 237
b31 343 337 369 371
b32 116 285 159 338
b33 361 165 383 200
b34 322 138 376 165
b35 0 260 38 291
b36 387 0 454 39
b37 136 0 156 60
b38 261 134 318 157
b39 281 398 333 453
b40 67 420 96 446
b41 329 213 384 240
b42 134 338 196 391
b43 0 291 61 337
b44 51 140 116 187
b45 116 262 160 285
b46 124 391 163 413
b47 333 371 366 436
b48 156 0 183 57
b49 403 39 450 104
b50 261 67 293 134
b51 98 0 136 57
b52 51 222 105 267
b53 147 95 190 116
b54 386 140 447 158
b55 386 189 442 223
b56 298 196 361 213
b57 51 0 98 18
b58 0 226 46 260
b59 185 223 222 273
b60 315 165 355 188
b61 258 398 281 431
b62 135 413 195 432
b63 381 104 426 140
b64 116 157 163 207
b65 90 60 147 116
b66 0 378 61 445
b67 221 0 261 44
b68 195 395 258 447
b69 89 291 116 345
b70 160 289 202 331
b71 239 44 261 108
b72 196 334 257 395
b73 261 0 322 67
b74 260 196 298 238
b75 183 0 202 28
b76 222 279 255 301
b77 369 348 435 405
b78 307 319 343 351
b79 127 116 187 157
b80 180 157 196 215
b81 259 238 309 278
b82 67 373 124 420
b83 67 352 89 368
b84 0 356 67 378
b85 361 37 381 62
b86 222 223 259 279
b87 51 37 90 81
b88 90 116 127 140
b89 156 57 183 95
b90 96 420 135 453
b91 202 301 258 334
b92 0 148 26 164
b93 51 187 116 222
b94 196 182 255 223
b95 202 0 221 51
b96 386 223 452 263
b97 163 157 180 224
b98 381 39 403 101
b99 258 279 307 345
