236246
236246
207025
455 455
9.245586
b0 232 0 265 43
b1 64 49 101 114
b2 270 301 304 354
b3 150 287 187 354
b4 304 301 333 320
b5 64 0 103 49
b6 302 367 342 385
b7 349 367 371 407
b8 337 242 399 292
b9 333 301 374 317
b10 0 177 52 195
b11 42 339 101 378
b12 274 210 335 238
b13 402 328 450 385
b14 187 287 230 350
b15 126 109 185 161
b16 398 292 455 328
b17 185 79 229 145
b18 252 68 300 119
b19 399 208 449 239
b20 361 318 380 355
b21 0 127 64 177
b22 64 290 98 339
b23 373 155 422 175
b24 353 91 381 136
b25 298 156 337 210
b26 199 397 239 452
b27 300 66 365 91
b28 393 385 432 431
b29 229 119 291 143
b30 374 292 398 318
b31 150 248 176 282
b32 56 237 99 290
b33 399 239 434 261
b34 203 232 230 286
b35 229 179 260 217
b36 105 383 172 422
b37 353 136 373 196
b38 103 109 126 166
b39 53 378 105 433
b40 150 354 176 383
b41 176 232 203 287
b42 0 378 53 440
b43 103 316 149 377
b44 300 91 347 156
b45 230 217 274 240
b46 380 328 402 367
b47 373 175 438 208
b48 64 141 91 198
b49 398 0 445 65
b50 103 0 170 32
b51 175 22 213 79
b52 175 187 229 232
b53 103 88 146 109
b54 229 50 290 68
b55 0 195 56 229
b56 0 290 63 307
b57 103 248 150 266
b58 353 208 399 242
b59 261 143 298 193
b60 229 68 252 108
b61 41 0 64 33
b62 373 136 433 155
b63 265 0 301 45
b64 103 266 150 316
b65 0 229 56 286
b66 270 240 337 301
b67 358 0 398 44
b68 381 69 433 132
b69 172 397 199 451
b70 185 145 227 187
b71 0 307 64 329
b72 239 373 300 434
b73 0 60 61 127
b74 0 329 42 367
b75 213 22 232 50
b76 140 226 173 248
b77 301 0 358 66
b78 229 143 261 179
b79 0 0 41 60
b80 337 156 353 214
b81 230 240 270 290
b82 304 320 361 367
b83 337 214 353 236
b84 371 367 393 434
b85 365 44 385 69
b86 119 32 175 69
b87 56 198 100 237
b88 103 222 140 246
b89 64 114 102 141
b90 105 422 144 455
b91 103 166 136 222
b92 103 32 119 58
b93 140 161 175 226
b94 176 356 235 397
b95 119 69 170 88
b96 230 290 270 356
b97 235 356 302 373
b98 170 0 232 22
b99 300 385 349 451
