232545.5
232545.5
206115
455 453
2.812697
b0 185 339 218 382
b1 383 0 448 37
b2 183 305 236 339
b3 225 70 262 137
b4 0 194 19 223
b5 340 246 379 295
b6 432 295 450 335
b7 145 348 185 370
b8 290 300 340 362
b9 331 60 347 101
b10 199 382 217 434
b11 160 382 199 441
b12 19 196 80 224
b13 279 63 327 120
b14 114 90 157 153
b15 396 119 455 171
b16 418 238 454 295
b17 94 408 160 452
b18 135 297 183 348
b19 90 0 140 31
b20 0 376 37 395
b21 0 0 50 64
b22 84 314 133 348
b23 397 77 446 97
b24 262 260 290 305
b25 379 246 418 300
b26 50 0 90 55
b27 331 108 396 133
b28 342 155 388 194
b29 0 282 62 306
b30 89 90 113 116
b31 220 196 254 222
b32 60 153 113 196
b33 397 97 432 119
b34 145 270 199 297
b35 190 118 221 156
b36 262 203 329 242
b37 178 58 198 118
b38 90 31 147 54
b39 145 218 200 270
b40 240 413 269 439
b41 155 191 210 218
b42 56 229 118 282
b43 0 306 61 352
b44 329 199 394 246
b45 319 155 342 199
b46 122 58 161 80
b47 80 196 145 229
b48 118 229 145 286
b49 350 43 397 108
b50 147 26 214 58
b51 94 370 151 408
b52 0 64 45 118
b53 50 55 71 98
b54 262 242 323 260
b55 340 341 396 375
b56 161 58 178 121
b57 0 395 47 413
b58 340 295 374 341
b59 0 413 50 450
b60 217 413 240 453
b61 350 0 383 23
b62 331 0 350 60
b63 262 167 307 203
b64 236 305 286 352
b65 0 224 56 281
b66 218 352 285 413
b67 397 37 441 77
b68 279 0 331 63
b69 62 282 116 309
b70 113 153 155 195
b71 50 131 114 153
b72 200 222 261 283
b73 394 171 455 238
b74 37 352 79 390
b75 116 286 135 314
b76 157 121 190 143
b77 286 375 343 441
b78 90 54 122 90
b79 0 153 60 194
b80 374 300 432 316
b81 290 260 340 300
b82 262 120 319 167
b83 62 309 84 325
b84 319 133 386 155
b85 350 23 375 43
b86 214 33 270 70
b87 50 390 94 429
b88 0 352 37 376
b89 198 70 225 108
b90 50 98 89 131
b91 223 0 279 33
b92 140 0 156 26
b93 155 156 220 191
b94 221 137 262 196
b95 94 348 145 367
b96 343 375 383 441
b97 156 0 223 17
b98 199 283 261 305
b99 396 335 445 401
