580140.5
580140.5
314721
561 561
499.616164
b0 502 238 517 265
b1 223 145 239 172
b2 338 305 364 327
b3 146 235 191 256
b4 360 138 405 178
b5 29 178 55 194
b6 41 227 68 265
b7 388 439 423 468
b8 141 304 177 325
b9 95 271 139 296
b10 247 425 262 456
b11 184 292 225 316
b12 294 385 311 404
b13 338 178 386 211
b14 151 0 195 21
b15 373 373 388 407
b16 326 502 368 547
b17 503 165 544 202
b18 493 350 536 394
b19 296 434 332 457
b20 132 534 149 547
b21 293 143 337 171
b22 157 256 186 291
b23 436 322 453 362
b24 511 276 529 300
b25 338 211 367 254
b26 405 400 432 418
b27 199 502 239 540
b28 324 47 336 71
b29 143 373 173 402
b30 385 84 405 112
b31 302 0 338 32
b32 174 392 196 411
b33 177 316 223 361
b34 130 27 142 56
b35 275 269 301 281
b36 307 357 337 384
b37 296 479 308 508
b38 302 207 323 226
b39 245 102 257 115
b40 70 70 117 89
b41 0 130 36 149
b42 469 394 515 419
b43 482 0 503 39
b44 143 402 170 426
b45 222 380 247 404
b46 392 276 411 289
b47 463 149 503 191
b48 104 137 138 165
b49 149 534 197 558
b50 369 336 388 350
b51 296 508 310 524
b52 206 69 243 87
b53 453 245 489 257
b54 301 327 335 357
b55 0 362 31 388
b56 436 429 482 460
b57 55 180 103 227
b58 174 487 199 512
b59 16 414 63 452
b60 538 339 554 378
b61 338 0 383 31
b62 504 202 550 238
b63 195 33 241 69
b64 436 414 469 429
b65 192 115 205 138
b66 446 44 488 89
b67 338 71 371 85
b68 407 143 452 171
b69 225 337 261 364
b70 29 149 74 165
b71 257 102 291 134
b72 439 286 454 318
b73 443 89 455 135
b74 0 40 34 83
b75 491 265 511 302
b76 93 98 129 137
b77 395 322 435 340
b78 0 413 16 455
b79 516 454 556 479
b80 66 447 81 483
b81 140 341 155 373
b82 407 99 431 138
b83 208 87 245 128
b84 0 464 38 498
b85 302 284 336 327
b86 443 0 482 44
b87 493 302 538 350
b88 272 524 316 553
b89 267 446 287 488
b90 245 78 291 102
b91 0 266 43 287
b92 247 380 294 425
b93 291 76 311 100
b94 201 207 220 238
b95 516 417 560 454
b96 392 289 438 322
b97 453 349 493 364
b98 225 324 260 337
b99 149 164 189 181
b100 326 457 370 502
b101 296 404 332 434
b102 0 0 36 40
b103 505 84 539 118
b104 452 135 494 149
b105 338 105 373 138
b106 0 83 33 95
b107 95 370 127 385
b108 202 438 239 476
b109 95 299 141 341
b110 476 487 515 529
b111 29 194 50 207
b112 46 284 76 309
b113 36 0 72 24
b114 287 32 321 76
b115 95 385 129 407
b116 43 265 71 284
b117 503 0 524 39
b118 517 238 561 276
b119 174 411 202 456
b120 302 171 338 207
b121 370 496 408 530
b122 104 189 147 209
b123 0 149 23 185
b124 174 361 209 392
b125 245 32 287 78
b126 408 526 420 548
b127 0 388 43 413
b128 38 464 66 508
b129 201 138 223 172
b130 199 476 229 502
b131 69 505 117 550
b132 407 44 446 62
b133 373 444 388 487
b134 35 508 69 555
b135 104 209 149 224
b136 373 407 385 444
b137 0 245 28 266
b138 388 468 430 496
b139 407 62 443 99
b140 439 274 482 286
b141 155 325 174 370
b142 239 492 276 519
b143 245 182 269 207
b144 68 227 108 242
b145 390 387 435 400
b146 195 0 243 33
b147 74 138 104 180
b148 291 100 311 118
b149 406 252 453 274
b150 515 394 546 417
b151 120 473 162 491
b152 129 98 145 117
b153 149 181 190 211
b154 223 128 245 145
b155 449 171 463 196
b156 192 87 208 115
b157 436 394 461 414
b158 294 362 307 385
b159 243 0 287 32
b160 338 31 365 47
b161 390 340 436 387
b162 77 263 95 294
b163 338 365 371 387
b164 332 387 373 423
b165 383 63 400 84
b166 43 380 79 414
b167 407 171 444 207
b168 338 47 379 71
b169 149 211 188 235
b170 95 341 140 370
b171 66 483 106 505
b172 157 291 184 304
b173 269 182 301 207
b174 310 479 326 522
b175 0 185 16 200
b176 142 27 180 60
b177 225 230 266 267
b178 505 118 524 135
b179 0 287 46 321
b180 436 460 476 479
b181 117 70 147 98
b182 383 18 407 63
b183 186 259 225 292
b184 291 118 337 143
b185 262 282 296 309
b186 162 456 195 487
b187 454 313 492 349
b188 261 325 301 362
b189 431 99 443 143
b190 454 286 491 313
b191 61 309 77 343
b192 245 153 293 182
b193 63 414 80 447
b194 411 274 439 287
b195 34 40 67 53
b196 0 321 41 362
b197 370 530 407 558
b198 95 407 143 426
b199 266 207 302 238
b200 93 27 130 70
b201 172 138 201 164
b202 225 285 259 324
b203 41 348 56 376
b204 453 204 486 245
b205 287 0 302 21
b206 201 172 243 207
b207 338 254 366 287
b208 41 321 61 348
b209 524 118 560 163
b210 463 191 487 204
b211 324 71 336 87
b212 72 22 93 64
b213 262 362 294 376
b214 455 108 472 135
b215 267 425 296 446
b216 538 297 557 339
b217 337 85 385 105
b218 455 518 470 561
b219 139 271 157 299
b220 61 343 91 380
b221 106 453 119 498
b222 373 112 407 137
b223 302 226 324 245
b224 388 418 433 439
b225 108 224 146 271
b226 223 364 262 380
b227 324 207 337 239
b228 311 384 332 404
b229 368 276 392 324
b230 239 519 272 549
b231 408 496 424 526
b232 407 207 449 230
b233 536 378 549 394
b234 383 0 416 18
b235 407 230 453 252
b236 81 426 120 453
b237 68 242 108 263
b238 416 0 443 39
b239 338 138 360 178
b240 371 350 390 373
b241 16 185 29 209
b242 366 254 406 276
b243 202 404 239 438
b244 489 228 502 265
b245 476 463 512 487
b246 220 207 264 230
b247 302 245 338 284
b248 424 518 455 561
b249 0 498 35 525
b250 266 238 300 269
b251 138 117 172 160
b252 147 60 175 79
b253 324 32 337 47
b254 119 520 132 544
b255 120 426 159 473
b256 120 491 141 504
b257 453 257 486 274
b258 482 419 516 463
b259 369 324 395 336
b260 455 89 467 108
b261 16 452 61 464
b262 103 0 151 27
b263 46 92 93 138
b264 147 83 192 106
b265 80 380 95 425
b266 488 39 536 84
b267 367 220 406 254
b268 296 457 321 479
b269 225 267 262 285
b270 159 426 174 449
b271 104 165 146 189
b272 0 95 24 130
b273 503 135 524 165
b274 191 238 224 259
b275 24 95 46 123
b276 175 69 206 83
b277 515 479 527 526
b278 29 165 71 178
b279 433 479 476 518
b280 72 0 103 22
b281 338 287 368 305
b282 436 364 480 394
b283 390 400 405 413
b284 529 276 559 297
b285 311 76 324 109
b286 0 209 41 245
b287 386 178 407 220
b288 239 456 267 492
b289 332 423 369 456
b290 262 309 289 325
b291 146 491 174 534
b292 46 53 70 92
b293 245 134 288 153
b294 487 202 504 228
b295 209 361 222 404
b296 119 504 146 520
b297 338 327 369 365
b298 472 89 505 129
b299 262 269 275 282
