233511.2539062
245057.5
206570
454 455
2.07797
b0 110 323 153 356
b1 186 0 251 37
b2 287 383 321 436
b3 119 0 186 37
b4 0 106 19 135
b5 21 134 70 173
b6 239 323 257 363
b7 27 341 49 381
b8 237 387 287 449
b9 70 190 111 206
b10 310 199 328 251
b11 153 291 212 330
b12 153 170 181 231
b13 153 243 210 291
b14 251 0 314 43
b15 385 251 444 303
b16 0 219 36 276
b17 90 112 156 156
b18 382 403 430 454
b19 53 57 103 88
b20 348 286 385 305
b21 102 259 152 323
b22 181 170 215 219
b23 367 171 416 191
b24 273 134 301 179
b25 236 79 275 133
b26 171 353 211 408
b27 283 213 308 278
b28 287 344 333 383
b29 129 194 153 256
b30 181 219 207 243
b31 83 156 109 190
b32 86 206 129 259
b33 36 259 71 281
b34 256 213 283 267
b35 21 67 52 105
b36 281 286 348 325
b37 367 63 387 123
b38 155 37 178 94
b39 275 79 327 134
b40 211 377 237 406
b41 218 137 273 164
b42 156 117 218 170
b43 0 173 61 219
b44 367 124 432 171
b45 382 355 405 399
b46 110 356 149 378
b47 308 253 373 286
b48 0 357 27 414
b49 310 134 357 199
b50 21 0 53 67
b51 178 37 235 75
b52 328 199 373 253
b53 0 0 21 43
b54 153 330 171 391
b55 254 179 310 213
b56 0 43 17 106
b57 131 94 178 112
b58 191 408 237 442
b59 348 305 385 355
b60 171 330 211 353
b61 385 228 418 251
b62 407 0 426 60
b63 235 43 280 79
b64 141 408 191 455
b65 27 399 84 455
b66 321 388 382 455
b67 327 63 367 107
b68 355 0 407 63
b69 212 323 239 377
b70 178 75 220 117
b71 257 323 279 387
b72 49 338 110 399
b73 387 63 454 124
b74 111 156 153 194
b75 103 69 131 88
b76 90 88 123 110
b77 53 0 119 57
b78 119 37 155 69
b79 215 214 256 274
b80 220 79 236 137
b81 36 219 86 259
b82 84 405 141 452
b83 71 259 93 275
b84 405 336 427 403
b85 327 107 352 127
b86 373 191 429 228
b87 215 170 254 214
b88 53 88 90 112
b89 110 378 148 405
b90 338 355 377 388
b91 385 303 441 336
b92 0 341 26 357
b93 0 276 35 341
b94 314 0 355 59
b95 287 325 338 344
b96 36 281 102 321
b97 35 321 102 338
b98 21 112 83 134
b99 215 274 281 323
