713407.921875
738472
654925
335 1955
14.987369
b0 89 1401 132 1434
b1 25 1750 90 1787
b2 203 231 256 265
b3 161 0 198 67
b4 108 856 137 875
b5 140 1136 179 1185
b6 108 642 148 660
b7 250 126 272 166
b8 79 1574 129 1636
b9 54 718 70 759
b10 148 642 166 694
b11 108 797 147 856
b12 54 1695 115 1723
b13 31 1574 79 1631
b14 130 120 193 163
b15 147 900 206 952
b16 0 1898 36 1955
b17 91 1169 135 1235
b18 186 417 234 468
b19 130 0 161 50
b20 174 667 211 686
b21 0 1848 64 1898
b22 62 1491 111 1525
b23 62 1525 82 1574
b24 166 577 211 605
b25 54 642 108 681
b26 106 319 161 359
b27 0 1366 25 1431
b28 198 979 237 1025
b29 104 1019 128 1081
b30 106 0 130 26
b31 194 361 220 395
b32 104 875 147 928
b33 203 686 225 721
b34 62 1401 89 1455
b35 0 1328 31 1366
b36 64 1787 103 1854
b37 125 660 145 720
b38 31 1631 54 1688
b39 226 71 278 126
b40 148 694 174 723
b41 121 1081 148 1136
b42 0 1275 62 1328
b43 79 1275 140 1321
b44 270 166 335 213
b45 106 516 129 560
b46 145 756 184 778
b47 161 71 226 104
b48 193 126 250 153
b49 106 577 153 642
b50 140 1185 207 1217
b51 79 1321 117 1378
b52 0 0 54 45
b53 198 50 241 71
b54 25 1787 43 1848
b55 90 1723 124 1779
b56 108 660 125 723
b57 211 468 229 515
b58 140 1217 186 1251
b59 54 681 104 718
b60 79 1378 119 1401
b61 161 361 194 384
b62 125 778 185 797
b63 129 1526 165 1571
b64 117 1321 167 1368
b65 193 153 250 209
b66 167 1251 234 1312
b67 54 1235 98 1275
b68 54 0 106 63
b69 165 952 219 979
b70 161 319 203 361
b71 161 395 225 417
b72 129 516 190 577
b73 104 952 165 1019
b74 207 1082 245 1124
b75 179 979 198 1007
b76 148 723 170 756
b77 179 1025 245 1082
b78 132 1368 168 1400
b79 126 417 186 458
b80 126 458 142 516
b81 237 0 277 50
b82 89 1434 136 1491
b83 130 163 152 179
b84 203 209 270 231
b85 106 359 126 384
b86 147 863 203 900
b87 130 275 169 319
b88 54 1169 91 1193
b89 31 1723 69 1750
b90 198 0 237 33
b91 70 1136 126 1169
b92 161 104 187 120
b93 111 1491 176 1526
b94 79 1636 120 1695
b95 70 1081 121 1100
b96 147 797 187 863
b97 62 1275 79 1342
b98 166 605 188 667
b99 152 209 201 275
