237615.4375
241115.5
206115
453 455
8.596513
b0 227 151 260 194
b1 243 49 280 114
b2 171 315 205 368
b3 66 130 133 167
b4 62 308 81 337
b5 243 0 282 49
b6 326 60 344 100
b7 260 151 300 173
b8 0 313 62 363
b9 155 257 171 298
b10 209 217 227 269
b11 55 91 114 130
b12 225 272 253 333
b13 347 116 404 164
b14 62 337 125 380
b15 394 0 453 52
b16 385 261 442 297
b17 300 100 344 166
b18 401 164 452 212
b19 133 89 183 120
b20 351 338 388 357
b21 120 39 184 89
b22 17 130 66 164
b23 431 212 451 261
b24 404 127 449 155
b25 120 0 174 39
b26 17 33 57 88
b27 282 35 347 60
b28 385 220 431 259
b29 227 210 251 272
b30 394 52 418 78
b31 180 217 206 251
b32 253 272 306 315
b33 404 105 439 127
b34 394 78 448 105
b35 171 257 209 288
b36 251 233 318 272
b37 253 382 273 442
b38 93 258 116 315
b39 80 380 135 432
b40 157 120 186 146
b41 136 163 163 218
b42 0 251 53 313
b43 0 363 46 424
b44 205 333 252 398
b45 73 0 117 23
b46 112 167 134 206
b47 388 337 453 370
b48 17 167 74 194
b49 347 0 394 65
b50 253 315 285 382
b51 346 357 384 414
b52 306 272 351 326
b53 136 120 157 163
b54 179 387 197 448
b55 351 220 385 276
b56 138 257 155 320
b57 73 73 120 91
b58 46 380 80 426
b59 350 183 400 220
b60 318 232 341 272
b61 186 66 219 89
b62 138 368 198 387
b63 339 414 384 450
b64 73 23 120 73
b65 17 194 73 251
b66 384 370 451 431
b67 282 60 326 100
b68 73 206 136 258
b69 171 288 225 315
b70 184 0 226 42
b71 116 258 138 322
b72 163 156 224 217
b73 285 326 346 393
b74 17 88 55 130
b75 347 65 375 84
b76 81 315 114 337
b77 273 393 339 450
b78 347 84 383 116
b79 260 173 301 233
b80 0 67 16 125
b81 53 258 93 308
b82 198 398 245 455
b83 0 125 16 147
b84 186 89 208 156
b85 223 42 243 67
b86 243 114 299 151
b87 136 218 180 257
b88 186 42 223 66
b89 74 167 112 194
b90 138 320 171 359
b91 17 0 73 33
b92 227 194 253 210
b93 282 0 347 35
b94 138 387 179 446
b95 350 164 401 183
b96 373 297 439 337
b97 0 0 17 67
b98 351 276 373 338
b99 301 166 350 232
