1711096.601562
1828614.5
653436
252 2593
215.567526
b0 124 1337 160 1353
b1 127 508 146 547
b2 61 2041 102 2076
b3 120 904 138 951
b4 123 189 149 221
b5 101 645 136 676
b6 159 76 188 89
b7 55 1486 83 1507
b8 86 788 118 803
b9 12 2166 58 2200
b10 83 676 128 708
b11 56 1189 70 1225
b12 101 1054 137 1096
b13 157 611 205 656
b14 133 1617 148 1642
b15 100 2132 145 2178
b16 94 1922 112 1944
b17 70 1884 103 1910
b18 32 2110 66 2129
b19 97 495 127 507
b20 56 823 84 856
b21 83 1189 127 1228
b22 56 1069 82 1108
b23 115 164 155 189
b24 108 1617 133 1632
b25 97 547 133 583
b26 37 1526 80 1551
b27 50 808 84 823
b28 81 1757 127 1795
b29 96 235 108 272
b30 159 38 176 65
b31 56 1173 93 1189
b32 71 1584 94 1616
b33 89 2323 107 2359
b34 159 0 178 38
b35 141 1675 156 1708
b36 164 343 192 355
b37 135 449 151 470
b38 67 1443 100 1469
b39 61 1999 91 2041
b40 40 2463 68 2504
b41 78 1053 94 1069
b42 140 1353 159 1397
b43 68 1616 108 1650
b44 94 1273 121 1289
b45 116 1720 130 1757
b46 68 1675 116 1690
b47 44 2278 67 2292
b48 97 377 121 403
b49 116 346 156 377
b50 58 2182 91 2224
b51 117 1289 144 1337
b52 109 708 136 745
b53 121 414 138 432
b54 82 1096 125 1112
b55 37 0 50 46
b56 87 1371 109 1396
b57 37 860 56 908
b58 56 1402 75 1443
b59 46 1922 92 1968
b60 77 753 107 788
b61 43 2520 76 2554
b62 67 2278 104 2323
b63 138 414 153 449
b64 205 491 252 539
b65 156 877 186 910
b66 56 1371 87 1402
b67 115 0 159 37
b68 77 1347 112 1371
b69 114 1001 133 1039
b70 120 890 156 904
b71 58 2148 100 2182
b72 108 1642 142 1675
b73 135 470 153 508
b74 32 1968 61 1986
b75 78 1026 101 1053
b76 32 1627 46 1639
b77 46 1840 70 1856
b78 70 1292 96 1335
b79 12 2227 31 2264
b80 114 1039 128 1054
b81 116 1844 148 1864
b82 108 1584 140 1617
b83 37 823 56 860
b84 121 377 164 414
b85 115 840 163 877
b86 83 1795 107 1819
b87 115 145 160 164
b88 0 2550 28 2593
b89 121 432 133 467
b90 123 280 168 304
b91 164 89 208 117
b92 47 2414 89 2438
b93 80 189 123 210
b94 126 951 141 967
b95 84 890 120 915
b96 116 1675 141 1720
b97 139 89 164 117
b98 80 262 96 288
b99 82 1112 119 1132
b100 50 336 77 361
b101 0 2418 40 2466
b102 133 967 158 1005
b103 0 16 32 48
b104 80 210 116 235
b105 47 2383 89 2414
b106 164 304 198 343
b107 80 1568 125 1584
b108 160 145 193 157
b109 68 2463 80 2485
b110 157 656 201 679
b111 100 1396 118 1409
b112 83 627 101 673
b113 84 973 127 1001
b114 149 189 188 208
b115 171 461 208 491
b116 198 0 235 42
b117 32 2129 56 2166
b118 145 1864 184 1899
b119 83 1486 107 1522
b120 68 1795 83 1840
b121 77 708 109 753
b122 0 2520 43 2550
b123 159 1353 172 1388
b124 149 208 162 247
b125 37 908 55 936
b126 97 467 135 495
b127 163 679 187 701
b128 78 1001 114 1026
b129 80 1522 124 1568
b130 12 2338 56 2383
b131 50 788 86 808
b132 40 2504 78 2520
b133 101 1132 115 1144
b134 66 2132 95 2148
b135 112 1807 127 1844
b136 70 1273 94 1292
b137 56 856 78 874
b138 91 2212 121 2234
b139 61 1968 94 1999
b140 0 48 12 64
b141 125 611 150 645
b142 89 2371 116 2417
b143 58 2234 104 2278
b144 176 47 201 76
b145 32 2076 77 2110
b146 50 302 83 336
b147 55 1443 67 1474
b148 44 2292 61 2317
b149 164 208 186 230
b150 70 1189 83 1219
b151 80 235 96 262
b152 140 1397 173 1430
b153 77 1335 117 1347
b154 83 583 125 627
b155 115 877 127 890
b156 46 1856 65 1898
b157 151 449 193 461
b158 67 1469 95 1486
b159 115 37 139 73
b160 131 304 143 340
b161 178 16 197 47
b162 50 0 80 12
b163 188 157 234 204
b164 12 2200 44 2227
b165 123 247 164 280
b166 107 1795 143 1807
b167 50 288 97 302
b168 47 2438 84 2463
b169 125 583 171 611
b170 83 1228 105 1273
b171 80 0 115 34
b172 84 808 115 833
b173 84 951 126 973
b174 91 1999 116 2019
b175 89 2359 123 2371
b176 125 1096 145 1112
b177 56 1335 77 1366
b178 178 0 198 16
b179 56 1132 101 1173
b180 31 2317 50 2338
b181 116 304 131 346
b182 65 1910 98 1922
b183 0 0 37 16
b184 55 1507 75 1526
b185 70 1840 83 1884
b186 68 1690 81 1738
b187 94 1944 116 1968
b188 77 2092 101 2132
b189 198 204 229 224
b190 100 2178 137 2212
b191 115 803 157 840
b192 139 117 161 145
b193 107 2234 149 2277
b194 127 1112 169 1155
b195 37 1591 62 1627
b196 77 2076 116 2092
b197 0 2383 47 2418
b198 46 1627 68 1667
b199 37 1551 71 1591
