229567.4570312
239423.5
206570
454 455
9.373451
b0 230 299 273 332
b1 257 167 294 232
b2 83 312 136 346
b3 87 245 124 312
b4 0 164 29 183
b5 181 329 230 368
b6 100 49 140 67
b7 315 18 337 58
b8 0 246 50 308
b9 428 0 444 41
b10 62 434 114 452
b11 100 68 159 107
b12 0 308 28 369
b13 395 257 443 314
b14 311 243 354 306
b15 295 306 354 358
b16 74 107 131 143
b17 74 149 140 193
b18 28 335 79 383
b19 83 346 133 377
b20 298 380 335 399
b21 164 368 214 432
b22 241 0 275 49
b23 354 314 403 334
b24 0 369 28 414
b25 257 232 311 271
b26 275 0 315 55
b27 294 167 319 232
b28 230 332 269 378
b29 0 417 62 441
b30 321 177 347 201
b31 169 68 203 94
b32 0 0 53 43
b33 347 221 382 243
b34 331 85 385 112
b35 114 417 152 448
b36 218 181 257 248
b37 337 65 397 85
b38 395 234 452 257
b39 74 193 129 245
b40 269 380 298 406
b41 28 308 83 335
b42 203 87 256 149
b43 0 43 46 104
b44 331 112 378 177
b45 195 432 239 455
b46 415 391 437 430
b47 41 104 74 169
b48 83 377 110 434
b49 381 0 428 65
b50 241 55 308 87
b51 239 415 296 453
b52 136 310 181 364
b53 152 432 195 453
b54 124 245 185 263
b55 354 334 388 390
b56 185 150 202 213
b57 315 0 362 18
b58 28 383 74 417
b59 214 378 264 415
b60 129 220 169 243
b61 185 229 218 252
b62 387 152 447 171
b63 278 87 314 132
b64 53 49 100 99
b65 185 0 241 57
b66 0 185 67 246
b67 347 177 387 221
b68 395 171 447 234
b69 129 193 183 220
b70 140 150 182 192
b71 273 293 295 357
b72 354 391 415 452
b73 385 85 446 152
b74 131 107 169 149
b75 362 0 381 28
b76 256 87 278 120
b77 388 334 454 391
b78 218 149 254 181
b79 0 104 41 164
b80 202 149 218 207
b81 114 377 164 417
b82 124 263 181 310
b83 202 207 218 229
b84 273 358 340 380
b85 321 201 346 221
b86 50 246 87 302
b87 146 0 185 44
b88 140 44 177 68
b89 119 0 146 38
b90 296 406 335 439
b91 169 94 202 150
b92 29 169 55 185
b93 256 132 321 167
b94 354 243 395 302
b95 221 248 240 299
b96 181 263 221 329
b97 314 58 331 125
b98 240 271 302 293
b99 53 0 119 49
