224354.4375
226330.5
206570
455 454
9.453896
b0 127 346 170 379
b1 313 112 378 149
b2 34 260 87 294
b3 186 159 223 226
b4 0 16 19 45
b5 187 0 226 49
b6 414 49 454 67
b7 201 320 223 360
b8 0 294 50 356
b9 118 379 159 395
b10 357 260 375 312
b11 105 304 164 343
b12 0 63 61 91
b13 159 384 207 441
b14 55 394 118 437
b15 378 94 430 153
b16 243 249 300 285
b17 259 0 303 66
b18 0 158 51 206
b19 166 226 216 257
b20 403 214 440 233
b21 259 147 309 211
b22 145 78 179 127
b23 82 52 131 72
b24 307 286 335 331
b25 259 66 313 105
b26 0 383 55 423
b27 430 67 455 132
b28 392 370 431 416
b29 80 72 142 96
b30 375 289 401 313
b31 26 0 60 26
b32 55 341 98 394
b33 375 267 410 289
b34 226 164 253 218
b35 170 346 201 384
b36 240 285 307 324
b37 364 153 384 213
b38 166 297 223 320
b39 309 149 364 201
b40 164 320 193 346
b41 0 356 55 383
b42 80 117 142 170
b43 105 258 166 304
b44 313 65 378 112
b45 410 267 454 290
b46 268 408 290 447
b47 226 99 259 164
b48 54 170 81 227
b49 321 0 368 65
b50 94 226 161 258
b51 253 211 310 249
b52 179 49 224 103
b53 80 96 123 117
b54 303 0 321 61
b55 375 233 431 267
b56 226 218 243 281
b57 357 213 375 260
b58 0 233 34 279
b59 307 249 357 286
b60 145 38 168 78
b61 226 76 259 99
b62 61 62 80 122
b63 378 49 414 94
b64 55 294 105 341
b65 81 170 138 226
b66 0 91 61 158
b67 310 201 354 241
b68 82 0 145 52
b69 0 206 54 233
b70 259 105 301 147
b71 201 360 265 382
b72 207 382 268 443
b73 384 153 451 214
b74 145 0 187 38
b75 375 214 403 233
b76 72 227 94 260
b77 335 370 392 436
b78 307 337 343 369
b79 145 127 186 187
b80 224 281 240 339
b81 166 257 216 297
b82 354 313 401 370
b83 105 343 127 359
b84 268 369 335 391
b85 226 56 251 76
b86 186 103 223 159
b87 138 187 182 226
b88 26 26 50 63
b89 34 233 72 260
b90 290 408 323 447
b91 226 0 259 56
b92 0 0 26 16
b93 240 324 305 359
b94 118 395 159 454
b95 335 286 354 337
b96 401 290 441 356
b97 268 391 335 408
b98 60 0 82 62
b99 368 0 434 49
