232235.8417969
235188.5
205662
454 453
2.890874
b0 216 107 249 150
b1 276 278 313 343
b2 128 115 181 149
b3 0 0 67 37
b4 0 325 29 344
b5 394 61 433 110
b6 122 233 162 251
b7 188 323 228 345
b8 62 113 124 163
b9 111 410 152 426
b10 313 342 331 394
b11 57 180 116 219
b12 273 0 334 28
b13 117 353 165 410
b14 124 190 187 233
b15 392 255 451 307
b16 314 208 371 244
b17 370 377 414 443
b18 401 0 449 51
b19 313 311 363 342
b20 435 203 454 240
b21 371 205 435 255
b22 402 110 436 159
b23 372 255 392 304
b24 275 343 303 388
b25 273 28 327 67
b26 187 150 242 190
b27 57 219 122 244
b28 331 377 370 423
b29 249 0 273 62
b30 310 244 336 268
b31 117 300 143 334
b32 143 300 186 353
b33 336 244 371 266
b34 249 91 303 118
b35 188 367 226 398
b36 249 118 288 185
b37 334 61 394 81
b38 165 353 188 410
b39 155 0 207 55
b40 226 380 255 406
b41 0 261 55 288
b42 0 54 62 107
b43 63 67 124 113
b44 404 307 451 372
b45 54 392 98 415
b46 29 358 68 380
b47 216 42 249 107
b48 0 145 57 172
b49 355 118 402 183
b50 203 251 270 283
b51 54 415 111 453
b52 0 380 54 425
b53 249 185 292 206
b54 56 279 117 297
b55 331 343 387 377
b56 0 37 63 54
b57 330 81 377 99
b58 68 358 114 392
b59 188 398 225 448
b60 313 268 336 308
b61 187 283 210 316
b62 303 99 363 118
b63 336 266 372 311
b64 128 55 175 105
b65 0 172 57 228
b66 334 0 401 61
b67 403 159 443 203
b68 292 118 355 170
b69 128 0 155 54
b70 207 0 249 42
b71 203 229 267 251
b72 56 297 117 358
b73 67 0 128 67
b74 0 107 42 145
b75 363 99 391 118
b76 188 345 221 367
b77 264 394 330 451
b78 372 307 404 343
b79 175 55 216 115
b80 187 190 203 248
b81 270 228 310 278
b82 228 323 275 380
b83 117 334 139 350
b84 247 206 314 228
b85 310 67 330 92
b86 0 288 56 325
b87 203 190 247 229
b88 273 67 310 91
b89 314 170 341 208
b90 225 406 264 439
b91 0 228 56 261
b92 181 115 207 131
b93 56 244 121 279
b94 128 149 187 190
b95 111 426 162 445
b96 210 283 276 323
b97 57 163 124 180
b98 341 183 403 205
b99 121 251 187 300
