229736.5
229736.5
206570
454 455
8.122726
b0 199 209 242 242
b1 311 20 348 85
b2 85 288 138 322
b3 72 349 139 386
b4 35 260 64 279
b5 155 57 204 96
b6 242 212 260 252
b7 278 258 318 280
b8 35 164 85 226
b9 157 334 198 350
b10 158 177 176 229
b11 35 125 94 164
b12 186 360 247 388
b13 210 312 267 360
b14 341 402 404 445
b15 348 33 407 85
b16 393 184 450 220
b17 105 0 149 66
b18 133 407 184 455
b19 387 220 437 251
b20 306 119 325 156
b21 94 184 158 234
b22 35 226 84 260
b23 373 359 422 379
b24 313 310 358 338
b25 155 96 209 135
b26 318 270 373 310
b27 217 0 242 65
b28 139 368 185 407
b29 209 109 233 171
b30 400 251 426 275
b31 306 85 332 119
b32 157 291 210 334
b33 371 85 393 120
b34 373 270 400 324
b35 0 244 31 282
b36 332 85 371 152
b37 297 0 357 20
b38 176 177 199 234
b39 17 381 72 433
b40 373 324 402 350
b41 84 322 139 349
b42 0 328 62 381
b43 0 282 61 328
b44 407 33 454 98
b45 209 65 232 109
b46 358 379 397 401
b47 267 338 332 371
b48 0 187 27 244
b49 322 223 387 270
b50 242 51 309 83
b51 275 280 313 337
b52 112 234 157 288
b53 149 0 170 43
b54 260 212 278 273
b55 330 189 386 223
b56 0 381 17 444
b57 139 350 186 368
b58 105 150 151 184
b59 304 402 341 452
b60 266 83 306 106
b61 278 28 311 51
b62 393 165 453 184
b63 242 0 278 45
b64 16 0 63 50
b65 0 50 57 106
b66 72 386 133 453
b67 278 218 322 258
b68 242 120 305 172
b69 85 234 112 288
b70 167 135 209 177
b71 332 338 354 402
b72 185 388 246 449
b73 393 98 454 165
b74 63 0 105 38
b75 278 0 297 28
b76 400 275 422 308
b77 247 371 304 437
b78 199 177 235 209
b79 63 65 104 125
b80 0 106 58 122
b81 105 110 155 150
b82 170 0 217 57
b83 151 150 167 172
b84 422 318 444 385
b85 371 120 391 145
b86 330 152 386 189
b87 105 66 144 110
b88 242 83 266 120
b89 63 38 101 65
b90 242 273 275 312
b91 357 0 413 33
b92 0 0 16 26
b93 0 122 35 187
b94 404 385 445 444
b95 402 308 421 359
b96 242 172 308 212
b97 426 251 443 318
b98 308 156 330 218
b99 176 242 242 291
