413361
413361
202500
450 450
64.241727
b0 223 105 259 121
b1 61 222 80 261
b2 100 415 141 450
b3 233 354 251 401
b4 138 58 170 84
b5 369 317 400 352
b6 289 209 318 222
b7 284 380 305 408
b8 31 175 46 207
b9 64 314 110 348
b10 19 316 64 348
b11 252 229 288 243
b12 51 174 93 210
b13 100 370 148 415
b14 164 402 189 417
b15 349 244 395 289
b16 252 211 274 229
b17 348 413 381 439
b18 215 160 249 179
b19 169 313 181 343
b20 251 354 284 382
b21 215 121 259 160
b22 400 291 439 317
b23 262 243 287 283
b24 374 181 389 206
b25 253 0 289 36
b26 400 317 443 342
b27 0 300 15 334
b28 349 206 395 244
b29 51 210 88 222
b30 251 382 278 399
b31 132 317 169 333
b32 60 151 92 174
b33 16 0 34 36
b34 201 80 220 118
b35 123 70 138 103
b36 370 305 398 317
b37 81 28 97 49
b38 207 296 233 329
b39 251 63 293 93
b40 223 64 251 105
b41 0 0 16 16
b42 218 246 262 265
b43 284 283 318 323
b44 205 329 232 345
b45 323 312 337 349
b46 123 22 138 70
b47 309 353 323 376
b48 100 196 126 220
b49 0 175 31 215
b50 81 49 123 82
b51 185 0 233 27
b52 132 333 159 370
b53 19 348 37 365
b54 393 384 436 400
b55 172 25 185 71
b56 218 179 243 201
b57 0 36 48 55
b58 0 334 19 375
b59 330 124 376 170
b60 198 348 233 378
b61 138 25 172 58
b62 233 298 278 335
b63 0 122 15 157
b64 123 106 171 153
b65 126 196 156 229
b66 48 28 79 59
b67 171 126 215 163
b68 181 313 205 348
b69 293 80 331 99
b70 60 137 96 151
b71 259 93 293 135
b72 293 46 326 80
b73 37 348 55 386
b74 156 195 174 224
b75 62 268 89 291
b76 180 348 194 360
b77 56 375 72 399
b78 323 176 349 219
b79 174 187 193 224
b80 262 283 276 298
b81 80 222 100 254
b82 259 135 291 168
b83 132 298 169 317
b84 252 168 289 211
b85 265 408 313 445
b86 346 289 370 313
b87 387 47 432 66
b88 416 243 444 286
b89 12 429 47 441
b90 15 127 60 151
b91 93 82 121 126
b92 169 163 211 187
b93 34 0 77 21
b94 148 370 164 385
b95 147 0 183 25
b96 337 0 362 45
b97 321 284 346 312
b98 19 300 45 316
b99 67 399 87 436
b100 284 353 309 380
b101 289 222 337 262
b102 193 187 218 225
b103 198 415 230 447
b104 185 27 210 63
b105 214 265 256 296
b106 395 181 434 215
b107 403 342 448 358
b108 80 256 113 268
b109 305 380 327 392
b110 45 291 89 314
b111 305 262 318 280
b112 183 80 201 126
b113 420 131 448 174
b114 233 335 272 354
b115 284 323 321 353
b116 376 131 418 168
b117 0 276 37 300
b118 291 141 330 176
b119 178 249 214 273
b120 55 348 100 363
b121 376 99 421 131
b122 0 215 30 258
b123 368 371 403 384
b124 327 378 366 391
b125 53 59 81 77
b126 169 273 207 301
b127 110 333 132 357
b128 132 273 168 298
b129 293 0 337 46
b130 331 80 376 124
b131 0 86 20 122
b132 185 64 223 80
b133 251 399 265 411
b134 96 126 112 155
b135 0 261 37 276
b136 368 352 392 371
b137 19 365 37 387
b138 318 262 348 284
b139 232 411 265 442
b140 352 361 368 373
b141 362 43 387 77
b142 141 417 187 444
b143 132 229 178 273
b144 37 261 62 290
b145 218 201 252 246
b146 289 176 323 209
b147 0 375 12 406
b148 327 361 352 378
b149 72 375 94 397
b150 148 385 161 415
b151 370 289 397 305
b152 60 82 93 115
b153 0 406 12 446
b154 12 387 56 429
b155 170 71 183 83
b156 138 153 157 195
b157 157 153 169 195
b158 416 215 433 243
b159 15 151 51 175
b160 100 220 112 256
b161 30 242 61 261
b162 337 219 349 249
b163 404 0 450 47
b164 337 313 369 340
b165 20 86 53 127
b166 55 363 91 375
b167 235 49 282 63
b168 210 27 235 64
b169 77 0 123 28
b170 348 391 393 413
b171 326 46 361 80
b172 0 55 25 86
b173 376 77 418 99
b174 233 0 253 25
b175 393 400 405 434
b176 47 429 67 445
b177 337 340 368 361
b178 289 262 305 282
b179 93 155 138 196
b180 159 343 180 362
b181 113 229 128 271
b182 169 301 202 313
b183 400 254 416 291
b184 110 313 129 333
b185 376 168 420 181
b186 235 36 283 49
b187 123 0 147 22
b188 178 225 218 249
b189 30 222 61 242
b190 198 378 232 415
b191 293 99 330 141
b192 60 115 88 137
b193 89 271 132 313
b194 362 0 404 43
b195 349 170 374 206
b196 395 215 411 254
b197 313 392 348 439
b198 138 84 178 106
b199 164 362 198 402
