234876.84375
237971.5
207025
455 455
3.842244
b0 107 300 140 343
b1 260 61 297 126
b2 102 38 155 72
b3 0 223 67 260
b4 52 340 81 359
b5 159 289 208 328
b6 433 304 451 344
b7 216 222 256 244
b8 371 0 433 50
b9 268 270 284 311
b10 0 359 18 411
b11 249 339 288 398
b12 162 421 223 449
b13 325 241 382 289
b14 140 328 183 391
b15 299 0 351 59
b16 376 335 433 371
b17 159 223 203 289
b18 249 398 297 449
b19 106 226 156 257
b20 0 0 19 37
b21 95 72 145 136
b22 106 177 140 226
b23 351 0 371 49
b24 249 311 294 339
b25 288 339 327 393
b26 0 415 55 455
b27 424 84 449 149
b28 374 371 420 410
b29 223 347 247 409
b30 420 371 444 397
b31 429 270 455 304
b32 106 257 159 300
b33 279 203 314 225
b34 192 50 219 104
b35 232 191 270 222
b36 210 280 249 347
b37 297 106 357 126
b38 268 247 325 270
b39 81 356 136 408
b40 55 359 81 388
b41 0 196 55 223
b42 0 143 62 196
b43 0 298 46 359
b44 382 270 429 335
b45 140 187 184 210
b46 56 57 95 79
b47 203 247 268 280
b48 19 0 46 57
b49 232 126 279 191
b50 68 200 100 267
b51 102 0 159 38
b52 297 61 351 106
b53 38 116 81 137
b54 242 61 260 122
b55 18 359 52 415
b56 62 137 79 200
b57 0 37 18 84
b58 407 50 453 84
b59 155 44 192 94
b60 219 61 242 101
b61 421 149 444 182
b62 297 126 357 145
b63 145 94 190 130
b64 52 293 102 340
b65 46 0 102 57
b66 297 393 364 454
b67 323 197 363 241
b68 321 145 384 197
b69 183 328 210 382
b70 279 161 321 203
b71 140 391 162 455
b72 238 0 299 61
b73 357 84 424 145
b74 0 260 42 298
b75 249 280 268 308
b76 46 260 68 293
b77 166 130 232 187
b78 184 187 216 223
b79 106 136 166 177
b80 294 270 310 328
b81 198 0 238 50
b82 327 329 374 386
b83 297 145 319 161
b84 256 225 323 247
b85 384 201 409 221
b86 384 145 421 201
b87 159 0 198 44
b88 19 57 56 81
b89 0 116 38 143
b90 183 382 216 421
b91 351 50 407 83
b92 81 340 107 356
b93 19 81 84 116
b94 81 408 140 449
b95 190 104 241 123
b96 310 289 376 329
b97 55 388 72 455
b98 84 136 106 198
b99 382 221 448 270
