236372
236372
207025
455 455
3.122522
b0 293 102 326 145
b1 150 216 215 253
b2 143 295 196 329
b3 0 321 67 358
b4 0 133 29 152
b5 392 65 441 104
b6 251 330 291 348
b7 215 114 237 154
b8 220 405 282 455
b9 345 102 386 118
b10 181 96 233 114
b11 0 37 39 96
b12 67 312 128 340
b13 338 130 395 178
b14 399 275 442 338
b15 279 203 338 255
b16 150 180 207 216
b17 171 114 215 180
b18 282 405 333 453
b19 219 264 250 314
b20 436 338 455 375
b21 307 52 371 102
b22 90 71 139 105
b23 395 129 415 178
b24 306 255 334 300
b25 197 314 251 353
b26 50 0 90 55
b27 386 104 451 129
b28 397 338 436 384
b29 334 302 396 326
b30 50 78 76 102
b31 83 159 109 193
b32 167 402 220 445
b33 388 178 410 213
b34 90 105 117 159
b35 181 253 219 284
b36 132 362 199 401
b37 237 145 297 165
b38 338 218 395 241
b39 62 387 117 439
b40 207 187 233 216
b41 251 264 306 291
b42 0 385 62 438
b43 0 275 61 321
b44 67 340 132 387
b45 306 300 329 344
b46 399 253 438 275
b47 132 329 197 362
b48 0 358 57 385
b49 392 0 439 65
b50 285 0 352 32
b51 415 129 453 186
b52 117 113 171 158
b53 228 0 249 43
b54 150 0 211 18
b55 237 101 293 135
b56 83 193 100 256
b57 197 78 244 96
b58 233 230 279 264
b59 0 0 50 37
b60 244 78 284 101
b61 50 55 83 78
b62 90 0 150 19
b63 249 0 285 45
b64 117 401 167 448
b65 0 158 57 214
b66 334 384 395 451
b67 352 0 392 44
b68 90 19 153 71
b69 76 256 103 310
b70 139 71 181 113
b71 272 181 336 203
b72 338 241 399 302
b73 0 214 67 275
b74 143 253 181 295
b75 326 102 345 130
b76 215 154 237 187
b77 265 348 331 405
b78 297 145 329 181
b79 109 159 150 219
b80 334 326 350 384
b81 338 178 388 218
b82 350 326 397 383
b83 284 291 306 307
b84 415 186 437 253
b85 307 32 332 52
b86 39 102 76 158
b87 153 18 192 62
b88 0 96 24 133
b89 109 219 147 246
b90 251 291 284 330
b91 228 45 284 78
b92 181 69 197 95
b93 237 165 272 230
b94 395 384 454 425
b95 192 18 211 69
b96 103 246 143 312
b97 211 0 228 67
b98 285 32 307 94
b99 199 353 265 402
