412838.53125
436209.5
202500
450 450
134.545695
b0 185 286 221 302
b1 206 202 225 241
b2 45 365 86 400
b3 386 216 433 234
b4 254 320 280 352
b5 253 221 284 256
b6 371 59 400 72
b7 278 429 306 450
b8 106 287 121 319
b9 46 319 92 353
b10 273 15 318 47
b11 187 302 223 316
b12 120 366 162 402
b13 0 353 45 401
b14 31 281 46 306
b15 181 404 227 449
b16 396 36 414 58
b17 225 209 251 242
b18 46 400 65 434
b19 157 303 187 315
b20 361 234 394 262
b21 234 381 278 420
b22 254 102 280 141
b23 112 421 152 446
b24 372 393 397 408
b25 318 35 354 71
b26 111 219 154 244
b27 0 322 34 337
b28 254 141 292 187
b29 46 353 83 365
b30 386 196 413 213
b31 162 334 199 350
b32 336 206 359 238
b33 399 327 435 345
b34 253 187 291 206
b35 323 280 338 313
b36 291 224 319 236
b37 0 168 21 184
b38 121 340 154 366
b39 212 0 254 30
b40 100 150 128 191
b41 159 92 175 108
b42 399 345 443 364
b43 114 104 154 138
b44 200 353 216 380
b45 0 64 37 78
b46 273 0 321 15
b47 223 290 246 304
b48 372 369 398 393
b49 0 0 40 31
b50 0 126 33 168
b51 40 77 67 125
b52 254 65 281 102
b53 319 224 336 242
b54 196 0 212 43
b55 0 268 46 281
b56 185 251 210 273
b57 233 242 252 290
b58 254 0 273 41
b59 0 401 46 447
b60 76 230 111 260
b61 40 13 74 46
b62 162 350 199 395
b63 321 0 336 35
b64 74 13 122 60
b65 363 339 396 369
b66 40 46 71 77
b67 286 270 323 314
b68 199 380 234 404
b69 319 314 338 352
b70 46 263 60 299
b71 359 162 401 196
b72 286 236 319 270
b73 162 316 200 334
b74 71 128 100 146
b75 216 353 239 380
b76 377 305 389 319
b77 154 227 178 243
b78 71 102 114 128
b79 246 301 283 320
b80 277 352 291 367
b81 154 160 186 180
b82 286 314 319 346
b83 212 30 249 49
b84 133 260 170 303
b85 63 146 100 194
b86 229 149 253 173
b87 114 61 159 80
b88 111 191 154 219
b89 121 287 133 322
b90 33 182 57 227
b91 281 47 309 91
b92 338 280 380 304
b93 111 244 132 287
b94 133 303 149 318
b95 228 173 253 209
b96 338 320 363 365
b97 48 230 76 255
b98 280 102 296 128
b99 122 0 142 37
b100 359 208 386 233
b101 0 78 40 126
b102 92 319 117 357
b103 398 364 430 396
b104 229 113 254 149
b105 159 61 201 92
b106 320 365 359 399
b107 0 306 45 322
b108 142 0 154 33
b109 377 327 399 339
b110 210 242 233 286
b111 175 92 193 105
b112 150 43 196 61
b113 309 71 352 99
b114 205 94 244 113
b115 33 145 63 182
b116 278 368 320 405
b117 114 80 151 104
b118 394 234 433 269
b119 391 0 415 36
b120 60 304 105 319
b121 413 171 445 216
b122 71 72 114 102
b123 200 316 213 351
b124 359 369 372 408
b125 159 108 177 136
b126 239 353 277 381
b127 133 318 157 340
b128 0 243 36 268
b129 296 99 342 143
b130 292 143 337 187
b131 57 194 77 230
b132 352 264 390 280
b133 359 196 373 208
b134 323 264 352 280
b135 253 206 290 221
b136 254 41 273 65
b137 227 420 245 442
b138 245 420 275 442
b139 372 408 403 441
b140 320 352 336 364
b141 292 187 326 212
b142 342 99 369 145
b143 60 260 106 304
b144 154 180 183 205
b145 252 256 286 301
b146 0 209 33 243
b147 130 138 142 169
b148 371 42 396 59
b149 154 205 176 227
b150 337 145 350 175
b151 177 107 204 123
b152 0 31 33 64
b153 74 60 114 72
b154 186 158 228 202
b155 193 94 205 107
b156 162 395 181 437
b157 291 212 333 224
b158 354 42 371 70
b159 413 269 437 305
b160 242 49 254 85
b161 120 402 151 421
b162 100 138 130 150
b163 369 72 415 119
b164 413 119 445 146
b165 213 320 254 353
b166 36 227 48 263
b167 389 313 436 327
b168 413 146 450 171
b169 178 205 206 251
b170 90 397 112 442
b171 77 194 111 229
b172 0 184 31 209
b173 319 242 361 264
b174 380 280 400 305
b175 88 0 122 12
b176 0 337 20 353
b177 318 411 349 432
b178 223 304 243 320
b179 201 49 242 94
b180 333 187 354 206
b181 170 251 185 293
b182 320 399 353 411
b183 132 244 169 260
b184 40 125 59 145
b185 400 269 413 313
b186 40 0 88 13
b187 291 346 315 368
b188 278 405 318 429
b189 0 281 31 301
b190 403 396 437 433
b191 354 0 391 42
b192 122 37 150 59
b193 154 0 196 43
b194 369 119 411 162
b195 65 400 90 436
b196 338 304 377 320
b197 182 123 229 158
b198 142 138 182 160
b199 86 357 120 397
