1689243.5
1689243.5
665550
270 2465
173.644269
b0 63 1407 99 1423
b1 121 789 140 828
b2 72 901 113 936
b3 127 282 145 329
b4 89 156 115 188
b5 127 140 162 171
b6 0 2413 29 2426
b7 37 1107 65 1128
b8 85 963 117 978
b9 89 410 135 444
b10 79 757 124 789
b11 33 1809 47 1845
b12 65 1201 101 1243
b13 157 496 205 541
b14 19 1216 34 1241
b15 73 1087 118 1133
b16 72 1641 90 1663
b17 34 1484 67 1510
b18 91 1610 125 1629
b19 19 1510 49 1522
b20 12 2177 40 2210
b21 162 201 206 240
b22 59 963 85 1002
b23 127 1575 167 1600
b24 93 1346 118 1361
b25 96 1243 132 1279
b26 29 2440 72 2465
b27 80 1711 114 1726
b28 19 1155 65 1193
b29 68 2121 80 2158
b30 72 936 89 963
b31 112 1528 149 1544
b32 33 1598 56 1630
b33 54 827 72 863
b34 59 863 78 901
b35 96 1279 111 1312
b36 0 2253 28 2265
b37 56 1598 72 1619
b38 164 240 197 266
b39 133 618 163 660
b40 88 1039 116 1080
b41 137 587 153 603
b42 163 541 182 585
b43 72 1576 112 1610
b44 163 157 190 173
b45 12 1610 26 1647
b46 172 112 220 127
b47 56 1761 79 1775
b48 63 1423 87 1449
b49 135 341 175 372
b50 49 1510 82 1552
b51 92 843 119 891
b52 61 1038 88 1075
b53 113 891 130 909
b54 78 827 121 843
b55 59 901 72 947
b56 195 266 217 291
b57 63 2017 82 2065
b58 205 127 224 168
b59 19 1552 65 1598
b60 56 1726 86 1761
b61 33 1775 66 1809
b62 123 1711 160 1756
b63 151 1266 166 1301
b64 80 1663 127 1711
b65 165 372 195 405
b66 121 1107 152 1138
b67 26 2084 70 2121
b68 19 0 54 24
b69 126 102 145 140
b70 122 736 158 750
b71 124 909 166 943
b72 132 1233 166 1266
b73 69 789 87 827
b74 65 1268 94 1286
b75 95 504 118 531
b76 61 1075 75 1087
b77 81 1449 105 1465
b78 73 1133 99 1176
b79 115 329 134 366
b80 78 843 92 858
b81 91 1766 123 1786
b82 91 1786 123 1819
b83 101 1149 120 1186
b84 118 550 161 587
b85 76 2322 124 2359
b86 72 1892 96 1916
b87 26 2065 71 2084
b88 89 444 117 487
b89 94 1465 106 1500
b90 61 1014 106 1038
b91 94 1500 138 1528
b92 120 1149 162 1173
b93 79 736 122 757
b94 185 12 200 28
b95 95 618 131 643
b96 47 1892 72 1937
b97 54 565 79 593
b98 61 2193 77 2219
b99 89 0 126 20
b100 105 1856 132 1881
b101 220 41 260 89
b102 12 2121 37 2159
b103 133 660 165 692
b104 118 1039 154 1064
b105 95 587 137 618
b106 47 1937 81 1976
b107 106 1443 151 1459
b108 0 1598 33 1610
b109 140 750 152 772
b110 19 1193 63 1216
b111 75 1314 93 1327
b112 19 24 37 70
b113 162 173 205 201
b114 106 1459 145 1478
b115 126 72 163 102
b116 127 240 164 282
b117 165 405 189 442
b118 118 515 157 550
b119 66 1856 90 1892
b120 94 1528 109 1573
b121 54 520 86 565
b122 123 466 166 496
b123 48 2253 61 2288
b124 78 858 91 897
b125 106 978 124 1006
b126 33 1976 71 2004
b127 56 1663 80 1685
b128 167 1534 203 1559
b129 75 1361 119 1407
b130 0 2368 44 2413
b131 37 1087 73 1107
b132 89 140 127 156
b133 121 828 135 840
b134 33 2004 62 2020
b135 54 593 69 630
b136 123 496 147 515
b137 172 94 194 112
b138 121 1064 151 1086
b139 112 1544 145 1575
b140 199 28 211 44
b141 66 1775 91 1809
b142 172 48 199 94
b143 126 0 172 44
b144 71 1976 96 2005
b145 94 1312 139 1346
b146 28 2322 61 2356
b147 63 1314 75 1345
b148 65 1176 82 1201
b149 37 863 59 885
b150 172 127 185 157
b151 37 1128 53 1155
b152 106 1006 139 1039
b153 185 0 225 12
b154 120 692 162 736
b155 0 1610 12 1623
b156 66 1809 85 1851
b157 63 2005 105 2017
b158 95 487 123 504
b159 37 1014 61 1050
b160 99 1407 111 1443
b161 72 1610 91 1641
b162 28 2356 58 2368
b163 101 1186 147 1233
b164 44 2368 76 2395
b165 54 487 95 520
b166 166 442 202 454
b167 86 643 133 657
b168 26 2020 63 2045
b169 126 44 172 72
b170 44 2395 66 2440
b171 54 0 89 34
b172 65 1243 96 1268
b173 123 444 165 466
b174 86 697 111 717
b175 134 329 168 341
b176 138 1478 158 1494
b177 0 2426 21 2457
b178 101 1133 121 1149
b179 225 0 270 41
b180 0 0 19 21
b181 61 2322 76 2364
b182 59 1002 92 1014
b183 40 2177 77 2193
b184 28 2253 48 2272
b185 115 366 128 410
b186 172 0 185 48
b187 72 1552 94 1576
b188 86 1726 110 1766
b189 37 2121 68 2141
b190 48 2288 85 2322
b191 85 1819 127 1856
b192 65 1286 87 1314
b193 12 2210 54 2253
b194 151 1064 193 1107
b195 37 2141 62 2177
b196 71 2065 110 2081
b197 34 1449 81 1484
b198 149 1494 171 1534
b199 86 657 120 697
