398890.34375
420861.5
201150
450 447
124.342944
b0 128 98 164 114
b1 283 384 322 403
b2 329 333 370 368
b3 83 0 130 18
b4 375 0 401 32
b5 114 140 149 171
b6 320 195 349 208
b7 239 245 260 273
b8 60 319 92 334
b9 245 171 279 217
b10 324 301 369 333
b11 155 371 169 407
b12 0 12 36 54
b13 329 368 374 416
b14 0 164 25 179
b15 283 339 329 384
b16 184 191 206 209
b17 376 45 402 78
b18 316 416 350 435
b19 127 371 139 401
b20 277 25 305 58
b21 133 36 172 80
b22 57 44 83 83
b23 280 181 320 206
b24 209 344 224 369
b25 130 0 166 36
b26 128 346 171 371
b27 23 367 57 382
b28 312 208 358 246
b29 0 0 37 12
b30 212 228 239 245
b31 185 257 222 273
b32 280 206 312 229
b33 78 112 114 130
b34 228 152 266 171
b35 369 153 384 186
b36 128 114 156 126
b37 174 61 195 77
b38 280 155 313 181
b39 30 280 60 322
b40 37 83 78 111
b41 156 114 172 130
b42 234 92 253 136
b43 143 179 183 213
b44 385 409 401 436
b45 77 130 114 144
b46 253 62 268 110
b47 128 126 151 140
b48 358 127 382 153
b49 37 111 77 142
b50 102 235 144 268
b51 185 209 212 257
b52 305 0 342 27
b53 25 164 42 182
b54 260 283 303 299
b55 376 32 422 45
b56 219 171 244 193
b57 200 296 219 344
b58 305 293 324 334
b59 403 273 449 319
b60 24 337 59 367
b61 370 301 403 335
b62 140 297 185 334
b63 215 58 250 73
b64 92 299 140 346
b65 279 125 312 155
b66 324 246 355 277
b67 413 45 450 89
b68 228 275 252 310
b69 102 280 140 299
b70 195 344 209 380
b71 60 240 102 274
b72 305 62 338 96
b73 0 239 18 277
b74 114 171 143 189
b75 172 114 195 141
b76 140 334 154 346
b77 92 346 108 370
b78 374 366 400 409
b79 174 77 193 114
b80 242 136 256 151
b81 60 334 92 354
b82 319 96 352 128
b83 215 39 252 58
b84 260 246 303 283
b85 0 116 37 164
b86 161 213 185 237
b87 208 73 253 92
b88 403 369 446 397
b89 350 416 385 428
b90 68 144 113 168
b91 358 191 402 219
b92 277 101 319 125
b93 185 275 228 296
b94 40 322 56 337
b95 144 237 169 273
b96 239 0 284 25
b97 44 394 72 419
b98 303 277 329 293
b99 0 219 37 239
b100 224 343 249 370
b101 209 395 249 443
b102 156 141 194 166
b103 42 208 74 240
b104 83 76 108 112
b105 167 414 209 445
b106 249 363 283 402
b107 139 371 155 416
b108 195 143 228 155
b109 72 394 84 416
b110 0 356 23 400
b111 191 0 204 18
b112 128 80 174 98
b113 277 58 305 101
b114 352 108 391 127
b115 339 41 376 71
b116 249 403 291 440
b117 171 341 195 378
b118 204 0 239 39
b119 195 155 219 191
b120 185 296 200 341
b121 60 274 92 319
b122 0 277 30 320
b123 149 166 184 179
b124 206 193 245 206
b125 253 299 281 317
b126 242 217 280 245
b127 0 334 24 356
b128 209 370 245 395
b129 98 189 142 235
b130 391 120 435 165
b131 37 44 57 80
b132 169 237 185 275
b133 228 136 242 148
b134 353 162 369 191
b135 18 239 33 276
b136 114 36 133 60
b137 60 354 82 372
b138 212 206 242 228
b139 370 335 403 366
b140 72 416 84 432
b141 339 71 373 96
b142 253 317 280 363
b143 37 0 83 44
b144 68 168 93 197
b145 313 128 358 162
b146 219 310 253 343
b147 102 268 133 280
b148 280 229 305 246
b149 60 372 82 394
b150 222 245 235 275
b151 403 319 430 335
b152 320 162 353 195
b153 0 322 40 334
b154 0 400 44 442
b155 37 240 50 252
b156 172 19 191 61
b157 83 18 125 30
b158 406 253 434 270
b159 74 197 98 233
b160 222 92 234 128
b161 305 246 324 277
b162 376 78 388 108
b163 403 165 450 211
b164 195 99 222 131
b165 342 0 375 41
b166 131 416 167 428
b167 114 60 128 107
b168 252 25 277 62
b169 83 30 111 76
b170 42 163 64 208
b171 305 27 339 62
b172 0 54 25 85
b173 391 78 413 120
b174 284 0 304 25
b175 358 273 392 285
b176 108 346 128 362
b177 37 142 68 163
b178 195 39 215 55
b179 358 219 403 260
b180 166 0 187 19
b181 256 110 271 152
b182 195 131 228 143
b183 401 397 438 413
b184 142 213 161 233
b185 195 55 208 99
b186 358 260 406 273
b187 329 277 353 299
b188 281 299 305 339
b189 0 85 20 116
b190 403 335 440 369
b191 0 182 42 219
b192 33 252 55 280
b193 84 370 127 412
b194 403 211 446 253
b195 291 403 316 439
b196 355 285 394 301
b197 84 412 131 447
b198 144 275 184 297
b199 169 380 209 414
