672011.5664062
687479.5
532800
288 1850
14.777082
b0 124 919 167 952
b1 192 597 257 634
b2 160 497 213 531
b3 67 1157 104 1224
b4 75 539 104 558
b5 119 802 158 851
b6 206 145 246 163
b7 160 412 182 452
b8 56 614 106 676
b9 177 0 193 41
b10 89 421 107 473
b11 245 163 284 222
b12 92 891 153 919
b13 194 958 242 1015
b14 182 412 245 455
b15 150 360 209 412
b16 104 1157 140 1214
b17 160 531 204 597
b18 140 1100 188 1151
b19 132 752 163 802
b20 139 341 176 360
b21 113 0 177 50
b22 75 919 124 953
b23 82 1433 102 1482
b24 66 1050 111 1078
b25 234 634 288 673
b26 137 1277 192 1317
b27 57 1433 82 1498
b28 67 1296 106 1342
b29 178 207 202 269
b30 95 735 119 761
b31 67 1399 93 1433
b32 66 995 109 1048
b33 106 1334 128 1369
b34 39 758 66 812
b35 106 1296 137 1334
b36 23 1548 62 1615
b37 179 269 199 329
b38 0 1189 23 1246
b39 109 995 161 1050
b40 180 145 206 174
b41 40 1648 67 1703
b42 104 1218 166 1271
b43 188 912 249 958
b44 113 206 178 253
b45 193 33 216 77
b46 140 1196 179 1218
b47 180 174 245 207
b48 56 0 113 27
b49 113 253 160 318
b50 0 1157 67 1189
b51 67 1342 105 1399
b52 140 1151 194 1196
b53 177 77 220 98
b54 213 497 231 558
b55 23 1189 57 1245
b56 39 0 56 63
b57 95 761 113 808
b58 188 878 234 912
b59 89 318 139 355
b60 139 318 179 341
b61 56 27 89 50
b62 39 1078 99 1097
b63 39 713 75 758
b64 177 98 227 145
b65 94 558 151 614
b66 113 145 180 206
b67 92 851 136 891
b68 67 1770 119 1833
b69 136 851 190 878
b70 75 953 117 995
b71 99 1078 163 1100
b72 89 360 150 421
b73 40 1703 101 1770
b74 182 455 220 497
b75 56 50 75 78
b76 75 473 97 506
b77 39 1100 105 1157
b78 207 1015 243 1047
b79 132 711 192 752
b80 0 1792 16 1850
b81 57 1498 97 1548
b82 220 33 267 90
b83 232 0 254 16
b84 0 1770 67 1792
b85 104 1271 124 1296
b86 39 676 95 713
b87 0 0 39 44
b88 95 711 132 735
b89 56 558 94 585
b90 193 0 232 33
b91 23 1615 79 1648
b92 67 1648 93 1664
b93 95 676 160 711
b94 166 1218 207 1277
b95 105 1369 156 1388
b96 0 1648 40 1714
b97 75 713 92 780
b98 62 1548 84 1610
b99 97 473 146 539
