206830.9433594
207061.5
204756
452 453
6.958593
b0 180 184 223 217
b1 370 108 435 145
b2 80 346 114 399
b3 0 150 67 187
b4 61 346 80 375
b5 273 183 312 232
b6 434 281 452 321
b7 160 42 200 64
b8 118 356 168 418
b9 100 192 116 233
b10 160 64 212 82
b11 41 57 80 116
b12 0 356 61 384
b13 123 180 180 228
b14 180 121 223 184
b15 388 192 440 251
b16 226 317 283 353
b17 312 190 356 256
b18 61 399 112 447
b19 223 183 273 214
b20 311 303 348 322
b21 246 232 310 282
b22 24 116 73 150
b23 240 82 260 131
b24 283 317 311 362
b25 138 82 192 121
b26 113 0 153 55
b27 247 158 312 183
b28 381 393 427 432
b29 61 287 123 311
b30 223 156 247 182
b31 214 82 240 116
b32 0 313 53 356
b33 349 145 371 180
b34 172 342 226 369
b35 173 267 204 305
b36 306 40 373 79
b37 350 79 370 139
b38 267 135 324 158
b39 62 235 117 287
b40 205 277 234 303
b41 107 88 134 143
b42 0 187 62 240
b43 0 240 61 286
b44 373 61 438 108
b45 223 133 267 156
b46 286 428 325 450
b47 53 313 118 346
b48 80 88 107 145
b49 371 145 436 192
b50 356 192 388 259
b51 286 362 324 419
b52 118 311 172 356
b53 200 0 221 43
b54 381 326 442 344
b55 316 79 350 135
b56 97 55 160 72
b57 173 305 220 323
b58 118 418 164 452
b59 168 416 218 453
b60 375 281 398 321
b61 281 0 304 33
b62 221 0 281 19
b63 398 281 434 326
b64 73 145 123 192
b65 41 0 97 57
b66 0 384 61 451
b67 304 0 348 40
b68 221 19 273 82
b69 0 286 54 313
b70 153 0 195 42
b71 311 281 375 303
b72 225 386 286 447
b73 373 0 440 61
b74 123 228 161 270
b75 348 0 367 28
b76 192 82 214 115
b77 324 362 381 428
b78 312 158 348 190
b79 205 217 246 277
b80 80 72 138 88
b81 123 270 173 310
b82 168 369 225 416
b83 62 219 84 235
b84 372 259 439 281
b85 324 135 349 155
b86 260 96 316 133
b87 161 228 205 267
b88 0 0 24 37
b89 62 192 100 219
b90 226 353 265 386
b91 273 40 306 96
b92 97 0 113 26
b93 234 282 299 317
b94 138 121 179 180
b95 173 323 224 342
b96 311 322 377 362
b97 24 0 41 67
b98 310 259 372 281
b99 381 344 447 393
