234100.640625
245899.5
206570
455 454
10.093082
b0 346 136 389 169
b1 312 304 377 341
b2 312 136 346 189
b3 0 81 67 118
b4 251 314 270 343
b5 377 174 416 223
b6 289 41 307 81
b7 164 143 204 165
b8 262 247 312 309
b9 289 0 305 41
b10 417 47 435 99
b11 202 0 241 59
b12 19 263 80 291
b13 241 0 289 57
b14 159 0 202 63
b15 396 245 455 297
b16 33 24 69 81
b17 224 388 268 454
b18 208 222 259 270
b19 210 157 260 188
b20 385 358 404 395
b21 0 326 64 376
b22 210 188 259 222
b23 416 174 436 223
b24 127 57 155 102
b25 316 81 370 120
b26 41 376 81 431
b27 312 279 377 304
b28 164 104 210 143
b29 312 235 374 259
b30 389 108 413 134
b31 93 57 127 83
b32 121 148 164 201
b33 417 99 452 121
b34 390 47 417 101
b35 0 39 31 77
b36 241 57 280 124
b37 312 259 372 279
b38 214 59 237 116
b39 260 192 312 247
b40 346 185 375 211
b41 80 201 135 228
b42 27 201 80 263
b43 135 207 181 268
b44 312 341 377 388
b45 239 270 262 314
b46 186 415 208 454
b47 0 135 33 200
b48 0 200 27 257
b49 371 0 436 47
b50 132 268 199 300
b51 148 344 186 401
b52 131 401 185 446
b53 33 135 54 178
b54 372 47 390 108
b55 316 47 372 81
b56 0 118 63 135
b57 256 365 303 383
b58 312 189 346 235
b59 287 388 324 438
b60 70 0 93 40
b61 126 300 149 333
b62 0 257 19 317
b63 280 81 316 126
b64 189 302 239 349
b65 69 83 125 140
b66 54 140 121 201
b67 149 300 189 344
b68 80 228 132 291
b69 181 207 208 261
b70 164 165 206 207
b71 84 333 148 355
b72 324 388 385 449
b73 377 297 444 358
b74 84 291 126 329
b75 377 245 396 273
b76 241 124 263 157
b77 93 0 159 57
b78 199 270 235 302
b79 0 376 41 436
b80 316 120 374 136
b81 84 355 134 395
b82 84 395 131 452
b83 346 211 368 227
b84 377 223 444 245
b85 413 121 438 141
b86 270 309 307 365
b87 125 104 164 148
b88 33 0 70 24
b89 186 388 224 415
b90 0 0 33 39
b91 389 141 445 174
b92 346 169 372 185
b93 19 291 84 326
b94 155 63 214 104
b95 268 383 287 434
b96 305 0 371 40
b97 189 371 256 388
b98 189 349 251 371
b99 263 126 312 192
