238521
238521
204750
450 455
3.344246
b0 234 251 267 294
b1 377 116 442 153
b2 267 259 301 312
b3 0 262 37 329
b4 0 183 19 212
b5 197 39 246 78
b6 400 296 440 314
b7 109 161 149 183
b8 400 234 450 296
b9 359 204 400 220
b10 155 219 173 271
b11 168 345 207 404
b12 173 256 234 284
b13 374 363 422 420
b14 313 88 376 131
b15 391 57 443 116
b16 226 316 283 352
b17 0 0 66 44
b18 265 93 313 144
b19 197 78 247 109
b20 154 271 173 308
b21 37 132 101 182
b22 173 311 222 345
b23 380 265 400 314
b24 248 196 293 224
b25 143 33 197 72
b26 66 0 121 40
b27 129 244 154 309
b28 173 404 212 450
b29 248 172 310 196
b30 283 368 309 392
b31 97 383 131 409
b32 269 40 312 93
b33 277 224 299 259
b34 223 224 277 251
b35 59 326 97 357
b36 199 0 266 39
b37 121 92 141 152
b38 97 326 120 383
b39 59 244 111 299
b40 131 380 160 406
b41 173 284 228 311
b42 27 398 89 451
b43 89 409 150 455
b44 377 153 442 200
b45 150 406 173 450
b46 37 254 59 293
b47 171 176 236 209
b48 36 44 93 71
b49 312 0 377 47
b50 310 154 377 186
b51 226 352 283 390
b52 249 392 294 446
b53 248 40 269 83
b54 310 186 371 204
b55 283 312 317 368
b56 19 183 36 246
b57 111 244 129 291
b58 400 200 446 234
b59 212 396 249 446
b60 313 131 353 154
b61 301 275 324 308
b62 299 204 359 223
b63 364 220 400 265
b64 173 209 223 256
b65 37 182 94 238
b66 42 71 109 132
b67 266 0 310 40
b68 301 223 364 275
b69 59 299 113 326
b70 0 76 42 118
b71 37 293 59 357
b72 94 183 155 244
b73 187 109 248 176
b74 120 342 162 380
b75 372 57 391 85
b76 228 294 261 316
b77 317 312 374 378
b78 0 44 36 76
b79 37 357 97 398
b80 155 161 171 219
b81 143 72 183 122
b82 377 0 424 57
b83 37 238 59 254
b84 121 0 143 67
b85 121 67 141 92
b86 324 275 380 312
b87 143 122 187 161
b88 0 367 24 404
b89 0 329 27 367
b90 129 309 168 342
b91 143 0 199 33
b92 0 246 26 262
b93 0 118 35 183
b94 313 47 372 88
b95 207 345 226 396
b96 294 392 360 432
b97 248 83 265 150
b98 248 150 310 172
b99 374 314 440 363
