229108.1933594
231814
204756
453 452
2.56882
b0 116 91 159 124
b1 291 383 328 448
b2 117 0 151 53
b3 117 54 184 91
b4 0 317 19 346
b5 183 387 222 436
b6 421 67 439 107
b7 108 235 130 275
b8 249 91 311 141
b9 159 91 175 132
b10 259 73 311 91
b11 128 330 167 389
b12 71 207 132 235
b13 190 300 247 348
b14 311 98 374 141
b15 315 329 374 381
b16 319 0 376 36
b17 317 238 383 282
b18 19 317 70 365
b19 97 275 128 325
b20 244 141 281 160
b21 185 250 249 300
b22 56 116 90 165
b23 259 53 308 73
b24 375 391 420 419
b25 129 389 183 428
b26 53 235 108 275
b27 184 54 249 79
b28 375 352 421 391
b29 105 389 129 451
b30 399 39 423 65
b31 259 19 285 53
b32 236 197 279 250
b33 399 132 434 154
b34 0 99 54 126
b35 56 61 94 92
b36 376 0 443 39
b37 383 282 443 302
b38 167 330 190 387
b39 130 236 185 288
b40 414 321 443 347
b41 70 275 97 330
b42 0 214 53 276
b43 0 126 46 187
b44 317 282 382 329
b45 184 79 228 102
b46 94 61 116 100
b47 93 124 158 157
b48 0 365 27 422
b49 328 381 375 446
b50 158 136 225 168
b51 247 345 304 383
b52 151 0 196 54
b53 158 168 201 189
b54 249 327 310 345
b55 281 141 337 175
b56 93 157 156 174
b57 386 154 433 172
b58 198 102 244 136
b59 308 36 358 73
b60 374 329 414 352
b61 175 102 198 135
b62 259 0 319 19
b63 281 175 317 220
b64 146 189 196 236
b65 0 0 56 57
b66 38 368 105 429
b67 339 198 383 238
b68 196 0 259 52
b69 0 187 54 214
b70 130 288 172 330
b71 421 347 443 411
b72 56 0 117 61
b73 386 172 453 233
b74 70 330 112 368
b75 423 39 442 67
b76 311 73 344 95
b77 234 383 291 449
b78 279 220 315 252
b79 0 276 60 317
b80 112 325 128 383
b81 196 197 236 247
b82 339 141 386 198
b83 0 83 22 99
b84 399 65 421 132
b85 421 107 441 132
b86 225 160 281 197
b87 190 348 234 387
b88 56 92 93 116
b89 0 422 38 449
b90 375 419 414 452
b91 90 174 146 207
b92 0 57 16 83
b93 249 292 314 327
b94 358 39 399 98
b95 383 302 434 321
b96 249 252 315 292
b97 54 165 71 232
b98 317 175 339 237
b99 383 233 449 282
