230094.140625
232758.5
206115
453 455
1.213801
b0 232 327 265 370
b1 321 0 358 65
b2 198 327 232 380
b3 57 0 94 67
b4 17 282 36 311
b5 238 57 277 106
b6 433 248 451 288
b7 76 214 98 254
b8 178 183 240 233
b9 364 198 405 214
b10 272 266 290 318
b11 155 272 194 331
b12 0 320 61 348
b13 337 257 394 305
b14 0 389 63 432
b15 389 132 441 191
b16 417 191 453 248
b17 291 187 335 253
b18 321 67 372 115
b19 200 90 231 140
b20 61 320 80 357
b21 150 63 200 127
b22 164 331 198 380
b23 195 163 244 183
b24 311 311 356 339
b25 39 266 78 320
b26 87 409 142 449
b27 113 204 178 229
b28 394 257 433 303
b29 63 383 87 445
b30 291 287 317 311
b31 113 79 147 105
b32 364 214 417 257
b33 367 162 389 197
b34 113 177 167 204
b35 311 339 349 370
b36 277 40 316 107
b37 291 311 311 371
b38 98 291 155 314
b39 0 60 55 112
b40 17 181 43 210
b41 0 112 55 139
b42 55 67 108 129
b43 226 266 272 327
b44 320 115 385 162
b45 200 140 244 163
b46 142 409 164 448
b47 226 233 291 266
b48 199 233 226 290
b49 380 0 427 65
b50 97 332 164 364
b51 164 380 221 418
b52 110 364 164 409
b53 55 129 98 150
b54 389 407 450 425
b55 396 303 452 337
b56 0 181 17 244
b57 98 314 145 332
b58 291 253 337 287
b59 164 418 214 455
b60 311 370 351 393
b61 113 56 146 79
b62 94 0 113 60
b63 356 371 401 407
b64 148 127 195 177
b65 17 210 74 266
b66 253 107 320 168
b67 277 0 321 40
b68 150 0 202 63
b69 337 198 364 252
b70 0 139 42 181
b71 76 150 98 214
b72 221 389 282 450
b73 385 65 446 132
b74 98 253 140 291
b75 284 168 312 187
b76 231 106 253 139
b77 287 393 353 450
b78 335 162 367 198
b79 16 0 57 60
b80 0 244 16 302
b81 244 168 284 218
b82 202 0 249 57
b83 17 266 39 282
b84 358 0 380 67
b85 78 254 98 279
b86 113 0 150 56
b87 155 233 199 272
b88 108 229 145 253
b89 200 63 238 90
b90 356 407 389 446
b91 43 150 76 206
b92 0 0 16 26
b93 113 105 148 170
b94 0 348 59 389
b95 59 364 110 383
b96 356 305 396 371
b97 80 279 97 346
b98 265 327 287 389
b99 401 337 450 403
