248661.75
299307.5
198016
442 448
7.222293
b0 54 132 97 165
b1 303 216 340 281
b2 86 0 139 34
b3 322 116 359 183
b4 327 341 346 370
b5 381 39 420 88
b6 303 281 321 321
b7 179 371 201 411
b8 54 269 116 319
b9 171 331 212 347
b10 0 223 52 241
b11 120 34 159 93
b12 140 234 168 295
b13 0 299 48 356
b14 346 318 389 381
b15 175 0 234 52
b16 291 326 327 383
b17 252 49 318 93
b18 252 195 303 243
b19 116 323 166 354
b20 110 372 129 409
b21 201 206 251 270
b22 209 94 258 128
b23 303 96 352 116
b24 258 93 303 121
b25 399 216 438 270
b26 267 121 322 161
b27 22 356 47 421
b28 54 185 100 224
b29 177 206 201 268
b30 179 347 205 371
b31 86 34 120 60
b32 346 275 399 318
b33 251 243 286 265
b34 0 241 54 268
b35 0 268 38 299
b36 372 0 439 39
b37 0 0 20 60
b38 47 383 70 440
b39 340 220 392 275
b40 150 412 179 438
b41 54 356 109 383
b42 97 132 159 185
b43 0 123 46 184
b44 291 383 338 448
b45 201 71 245 94
b46 300 0 322 39
b47 177 141 210 206
b48 108 208 135 265
b49 244 326 291 391
b50 212 331 244 398
b51 210 128 267 166
b52 54 224 108 269
b53 399 427 442 448
b54 110 354 171 372
b55 179 411 235 445
b56 52 82 115 99
b57 159 141 177 188
b58 267 161 313 195
b59 322 0 372 37
b60 100 185 140 208
b61 313 183 336 216
b62 327 281 346 341
b63 105 412 150 448
b64 159 94 209 141
b65 244 270 301 326
b66 177 270 244 331
b67 399 270 439 314
b68 0 60 52 123
b69 399 373 426 427
b70 159 52 201 94
b71 359 96 381 160
b72 381 88 442 149
b73 338 381 399 448
b74 210 166 252 204
b75 135 295 154 323
b76 140 212 173 234
b77 20 0 86 57
b78 139 0 175 32
b79 318 55 378 96
b80 322 39 380 55
b81 129 372 179 412
b82 244 391 291 448
b83 116 265 132 287
b84 52 60 119 82
b85 359 200 384 220
b86 54 319 110 356
b87 0 184 44 223
b88 140 188 177 212
b89 0 421 38 448
b90 126 93 159 132
b91 54 99 110 132
b92 110 99 126 125
b93 70 383 105 448
b94 399 314 440 373
b95 201 52 252 71
b96 359 160 425 200
b97 425 149 442 216
b98 0 356 22 418
b99 234 0 300 49
