389471.5
587999
190944
432 442
160.064087
b0 111 251 127 287
b1 409 392 428 431
b2 202 56 237 97
b3 0 0 18 47
b4 405 99 431 131
b5 18 42 49 77
b6 190 150 219 163
b7 49 347 70 375
b8 97 0 129 15
b9 242 70 288 104
b10 0 169 45 201
b11 130 306 144 342
b12 90 89 126 131
b13 45 134 90 182
b14 126 192 151 207
b15 213 229 259 274
b16 213 331 235 349
b17 126 84 159 110
b18 103 188 122 222
b19 159 164 189 176
b20 126 164 159 192
b21 227 153 271 192
b22 174 90 200 129
b23 294 324 319 364
b24 111 287 126 312
b25 307 218 343 254
b26 159 65 202 90
b27 306 90 321 124
b28 73 281 111 327
b29 0 240 37 252
b30 127 279 144 306
b31 278 324 294 361
b32 94 409 117 441
b33 144 207 162 243
b34 16 201 54 220
b35 129 0 162 15
b36 379 55 391 83
b37 0 385 16 406
b38 301 0 334 26
b39 144 279 186 309
b40 0 344 28 385
b41 49 375 65 391
b42 365 418 409 437
b43 320 354 360 388
b44 95 327 111 354
b45 93 52 107 89
b46 196 424 244 439
b47 408 190 431 204
b48 235 317 261 341
b49 202 25 242 56
b50 18 0 51 42
b51 308 166 356 193
b52 404 153 431 190
b53 20 326 38 343
b54 304 364 320 407
b55 343 205 356 251
b56 70 361 95 383
b57 166 17 185 65
b58 413 0 432 41
b59 51 0 97 46
b60 73 251 108 281
b61 379 0 413 33
b62 97 15 142 52
b63 0 47 15 82
b64 356 167 404 214
b65 18 77 51 107
b66 289 407 320 438
b67 162 191 206 228
b68 408 204 432 239
b69 16 220 54 239
b70 0 406 14 442
b71 279 124 313 166
b72 356 236 389 270
b73 365 382 403 400
b74 365 400 394 418
b75 301 63 324 90
b76 95 396 109 408
b77 151 382 175 398
b78 242 44 285 70
b79 107 52 126 89
b80 130 342 144 357
b81 37 239 69 259
b82 90 156 123 188
b83 242 104 279 123
b84 0 252 37 295
b85 206 192 254 229
b86 162 228 186 252
b87 259 236 304 255
b88 0 109 43 137
b89 75 216 87 251
b90 151 414 196 438
b91 144 309 172 353
b92 307 254 349 278
b93 360 361 403 382
b94 159 90 174 106
b95 254 405 279 441
b96 198 0 243 25
b97 261 361 289 386
b98 87 210 103 236
b99 0 307 20 344
b100 159 252 186 277
b101 213 349 261 389
b102 305 193 343 218
b103 127 247 159 279
b104 368 114 404 139
b105 30 295 72 326
b106 51 80 90 114
b107 111 332 127 377
b108 321 90 333 123
b109 379 33 391 55
b110 335 76 379 99
b111 111 377 124 395
b112 49 391 95 409
b113 313 132 356 160
b114 28 343 47 382
b115 242 123 279 153
b116 320 278 357 320
b117 403 309 427 346
b118 205 109 240 148
b119 142 17 166 53
b120 159 106 174 151
b121 0 137 45 169
b122 335 46 378 76
b123 379 86 414 99
b124 243 0 256 39
b125 378 214 406 232
b126 189 163 227 191
b127 405 131 429 153
b128 90 131 126 156
b129 259 192 305 236
b130 256 0 301 44
b131 43 114 79 134
b132 356 151 394 167
b133 223 317 235 331
b134 103 222 119 251
b135 368 99 405 114
b136 261 386 285 405
b137 288 90 306 112
b138 16 385 46 407
b139 126 53 159 84
b140 174 150 190 162
b141 54 182 79 216
b142 186 261 213 307
b143 335 0 379 46
b144 151 353 176 382
b145 320 404 365 438
b146 399 275 432 309
b147 176 389 207 401
b148 162 0 187 17
b149 356 214 378 236
b150 185 17 198 47
b151 0 82 16 109
b152 335 99 368 132
b153 51 68 91 80
b154 360 317 402 361
b155 343 193 356 205
b156 389 232 408 274
b157 95 354 107 396
b158 261 321 278 349
b159 408 239 432 275
b160 117 397 129 433
b161 261 302 292 321
b162 0 295 30 307
b163 261 255 307 302
b164 186 229 213 261
b165 126 110 159 151
b166 368 139 404 151
b167 176 317 223 331
b168 271 166 308 191
b169 403 346 431 392
b170 129 397 151 442
b171 14 407 49 441
b172 69 409 94 440
b173 51 46 93 68
b174 49 409 69 434
b175 78 327 90 361
b176 285 44 301 64
b177 174 129 205 150
b178 320 388 340 404
b179 391 41 432 86
b180 54 216 75 235
b181 289 364 304 406
b182 202 97 235 109
b183 176 331 213 347
b184 111 312 130 332
b185 126 151 170 164
b186 151 401 199 414
b187 79 188 103 210
b188 127 357 151 397
b189 47 327 78 347
b190 301 26 335 63
b191 176 347 213 389
b192 292 302 320 324
b193 357 274 399 317
b194 213 274 255 317
b195 37 259 73 284
b196 0 201 16 240
b197 207 389 254 424
b198 122 207 144 247
b199 320 320 360 354
