368623.25
544534.5
192712
436 442
72.254375
b0 159 270 195 286
b1 215 171 254 190
b2 272 191 313 226
b3 308 31 355 49
b4 298 342 330 368
b5 122 168 153 203
b6 204 256 217 285
b7 302 396 330 417
b8 129 72 144 104
b9 209 348 255 382
b10 390 101 435 133
b11 302 315 338 329
b12 169 200 211 236
b13 346 232 394 277
b14 48 379 63 404
b15 217 0 263 45
b16 368 115 390 133
b17 84 353 117 379
b18 98 0 132 19
b19 152 286 164 316
b20 47 319 80 347
b21 394 211 433 255
b22 314 128 353 154
b23 321 219 346 259
b24 153 168 178 183
b25 48 404 84 440
b26 411 0 436 43
b27 0 407 15 441
b28 256 281 302 319
b29 0 380 37 392
b30 296 163 313 190
b31 256 171 272 208
b32 176 371 199 403
b33 355 42 391 60
b34 211 237 249 256
b35 353 103 368 136
b36 416 255 428 283
b37 272 238 293 254
b38 41 38 67 71
b39 142 138 184 168
b40 0 38 41 66
b41 45 363 61 379
b42 263 47 307 66
b43 317 88 351 128
b44 256 220 272 247
b45 78 144 115 158
b46 34 108 49 156
b47 217 45 240 59
b48 80 218 106 242
b49 242 66 273 106
b50 0 156 42 189
b51 346 333 394 360
b52 42 186 79 213
b53 200 34 217 52
b54 78 101 94 144
b55 298 329 344 342
b56 106 410 131 432
b57 94 107 142 126
b58 0 189 41 208
b59 154 34 200 80
b60 178 169 213 199
b61 15 407 48 441
b62 0 343 45 380
b63 320 49 355 64
b64 0 295 47 343
b65 68 0 98 33
b66 184 138 215 169
b67 350 195 394 232
b68 54 151 78 186
b69 346 360 365 398
b70 313 205 349 219
b71 175 0 217 34
b72 399 133 433 166
b73 50 0 68 38
b74 368 133 397 151
b75 68 78 95 101
b76 42 156 54 170
b77 394 364 418 380
b78 213 211 256 237
b79 37 71 56 108
b80 201 79 216 93
b81 63 372 83 404
b82 171 403 204 435
b83 80 199 117 218
b84 25 213 68 250
b85 68 249 116 286
b86 290 111 314 135
b87 136 380 155 425
b88 164 286 207 314
b89 117 365 152 377
b90 390 417 435 441
b91 209 382 253 410
b92 152 338 176 380
b93 213 190 256 211
b94 45 347 60 363
b95 144 94 169 130
b96 0 208 25 253
b97 293 226 321 251
b98 117 315 143 331
b99 217 113 237 150
b100 0 66 25 93
b101 242 111 290 151
b102 134 228 159 266
b103 217 256 249 288
b104 355 60 391 85
b105 256 319 298 350
b106 394 330 433 364
b107 68 33 84 78
b108 355 0 367 33
b109 333 293 345 315
b110 345 398 368 442
b111 355 85 368 103
b112 94 126 140 144
b113 49 108 77 151
b114 211 329 250 348
b115 204 410 241 440
b116 391 43 428 85
b117 174 314 211 338
b118 314 166 349 205
b119 317 64 353 88
b120 330 396 345 441
b121 263 15 308 47
b122 132 0 175 30
b123 217 78 230 113
b124 84 33 97 72
b125 296 135 314 163
b126 217 288 255 316
b127 302 417 326 439
b128 365 360 390 396
b129 353 151 399 195
b130 273 66 317 111
b131 98 19 118 55
b132 34 0 50 38
b133 256 208 270 220
b134 0 140 29 156
b135 293 0 330 15
b136 150 316 174 335
b137 115 144 133 166
b138 368 85 390 115
b139 97 74 128 107
b140 272 226 288 238
b141 0 115 34 140
b142 256 254 302 281
b143 169 94 215 138
b144 107 290 136 315
b145 159 236 204 270
b146 117 331 150 365
b147 230 78 242 109
b148 153 183 178 200
b149 394 255 416 277
b150 118 19 131 49
b151 200 52 216 79
b152 176 338 209 371
b153 84 379 124 391
b154 367 0 411 42
b155 307 49 320 61
b156 80 180 122 199
b157 25 66 37 108
b158 106 228 134 245
b159 116 266 152 290
b160 314 154 350 166
b161 98 55 129 74
b162 263 0 293 12
b163 255 396 302 442
b164 399 166 431 193
b165 66 286 107 319
b166 68 213 80 249
b167 154 80 201 94
b168 0 253 25 290
b169 298 368 344 396
b170 84 391 106 436
b171 0 0 34 35
b172 330 0 355 31
b173 132 30 154 72
b174 216 150 241 170
b175 136 425 170 437
b176 394 195 414 211
b177 302 293 333 314
b178 153 200 169 220
b179 25 250 66 295
b180 63 353 84 372
b181 0 392 42 407
b182 124 377 136 410
b183 391 85 428 101
b184 217 59 237 78
b185 211 316 255 329
b186 346 320 394 333
b187 0 93 24 115
b188 272 151 296 191
b189 241 151 272 171
b190 80 319 117 353
b191 390 380 432 417
b192 78 158 106 180
b193 346 277 388 320
b194 256 350 298 393
b195 117 203 153 228
b196 155 380 171 419
b197 394 283 429 330
b198 368 396 390 436
b199 302 259 342 293
