375398
559852
190944
432 442
34.487759
b0 76 404 92 440
b1 351 325 370 364
b2 140 383 175 424
b3 44 355 91 373
b4 175 409 201 441
b5 390 111 425 142
b6 92 404 105 433
b7 374 325 395 353
b8 104 0 136 15
b9 125 233 159 279
b10 252 409 297 441
b11 111 369 147 383
b12 151 0 193 36
b13 385 222 430 270
b14 24 181 39 206
b15 24 90 69 136
b16 350 42 368 64
b17 123 78 149 111
b18 252 60 286 79
b19 143 279 155 309
b20 299 139 332 167
b21 160 214 204 253
b22 44 373 83 399
b23 227 365 252 405
b24 0 376 25 391
b25 395 360 431 396
b26 37 276 80 301
b27 374 353 389 387
b28 24 44 62 90
b29 69 87 81 124
b30 192 140 209 167
b31 105 404 121 441
b32 209 108 241 131
b33 0 423 36 441
b34 248 167 286 186
b35 286 0 301 33
b36 151 36 179 48
b37 0 307 21 323
b38 240 0 273 26
b39 175 367 205 409
b40 252 381 293 409
b41 408 44 424 60
b42 24 0 43 44
b43 356 87 390 127
b44 229 232 256 248
b45 146 163 160 200
b46 136 0 151 48
b47 286 89 309 103
b48 363 270 387 296
b49 320 337 351 377
b50 81 87 123 120
b51 147 334 174 382
b52 107 309 144 336
b53 256 228 274 245
b54 0 407 43 423
b55 286 139 299 185
b56 204 232 229 254
b57 121 383 140 431
b58 39 211 80 230
b59 49 309 95 355
b60 104 15 134 50
b61 301 0 334 34
b62 62 50 107 87
b63 240 152 275 167
b64 193 0 240 48
b65 116 336 146 369
b66 209 131 240 162
b67 377 0 414 44
b68 0 111 24 146
b69 300 252 338 271
b70 123 133 159 147
b71 301 377 343 411
b72 240 26 273 60
b73 328 297 346 335
b74 117 181 146 199
b75 395 321 418 348
b76 418 341 432 353
b77 0 191 24 207
b78 97 120 123 163
b79 25 347 44 384
b80 297 411 312 425
b81 77 168 97 200
b82 299 34 332 66
b83 43 25 80 44
b84 40 168 77 211
b85 215 60 252 108
b86 0 0 24 24
b87 210 213 255 232
b88 346 297 389 325
b89 248 353 283 365
b90 0 66 24 111
b91 69 124 97 168
b92 0 24 24 66
b93 389 157 432 178
b94 159 296 174 312
b95 211 332 247 357
b96 338 252 363 297
b97 21 307 49 332
b98 330 87 356 103
b99 91 367 111 404
b100 80 284 107 309
b101 390 63 430 111
b102 24 136 62 161
b103 252 79 284 111
b104 248 290 273 326
b105 255 186 286 228
b106 0 207 39 241
b107 369 222 385 267
b108 252 365 285 377
b109 395 348 417 360
b110 325 229 369 252
b111 332 414 345 432
b112 97 163 143 181
b113 107 50 150 78
b114 286 227 325 246
b115 210 183 247 213
b116 211 290 248 332
b117 174 308 211 332
b118 389 270 428 305
b119 191 48 215 84
b120 248 338 293 353
b121 80 206 125 238
b122 286 109 329 139
b123 273 279 286 314
b124 343 389 382 402
b125 332 42 350 70
b126 345 414 383 442
b127 205 367 227 391
b128 330 103 355 139
b129 80 238 124 284
b130 354 178 399 222
b131 332 169 352 205
b132 210 167 248 183
b133 160 424 174 436
b134 389 305 418 321
b135 389 142 426 157
b136 309 85 328 109
b137 159 253 181 271
b138 332 139 354 169
b139 399 178 432 209
b140 285 369 301 381
b141 159 271 193 296
b142 286 200 332 227
b143 165 94 209 140
b144 0 347 25 376
b145 355 127 389 172
b146 125 200 159 233
b147 343 377 374 389
b148 414 0 431 25
b149 146 312 168 334
b150 67 230 80 260
b151 165 140 192 156
b152 299 167 332 200
b153 343 402 383 414
b154 286 293 328 337
b155 286 77 299 89
b156 368 44 387 86
b157 149 82 191 94
b158 332 70 360 87
b159 0 241 36 265
b160 418 305 430 341
b161 299 66 330 85
b162 174 296 204 308
b163 383 396 430 442
b164 293 337 320 369
b165 43 399 76 440
b166 248 326 284 338
b167 286 246 300 293
b168 43 0 80 25
b169 39 230 67 276
b170 0 146 22 191
b171 174 332 208 367
b172 179 189 210 214
b173 123 111 165 133
b174 97 181 117 206
b175 273 245 285 279
b176 24 161 40 181
b177 95 336 116 367
b178 140 424 160 440
b179 241 111 286 152
b180 387 44 408 63
b181 0 332 42 347
b182 399 209 432 221
b183 123 147 160 163
b184 160 189 179 209
b185 286 33 299 77
b186 273 0 286 48
b187 332 205 354 229
b188 80 0 104 40
b189 312 411 332 442
b190 193 254 230 288
b191 0 265 37 307
b192 300 271 328 293
b193 334 0 377 42
b194 230 248 273 290
b195 107 284 143 309
b196 0 391 39 407
b197 205 405 252 440
b198 165 167 205 189
b199 151 48 191 82
