1984511.25
3034276.5
934746
249 3754
575.950477
b0 115 1250 142 1265
b1 149 814 176 830
b2 99 1484 121 1510
b3 21 1656 42 1701
b4 103 2747 143 2792
b5 22 3580 38 3606
b6 165 63 203 90
b7 148 1035 183 1064
b8 98 2186 119 2222
b9 110 889 154 914
b10 76 2370 91 2401
b11 71 3232 112 3256
b12 93 1965 110 1984
b13 71 1806 104 1854
b14 83 3256 127 3277
b15 129 350 163 365
b16 120 63 165 105
b17 39 3443 80 3480
b18 120 2590 163 2634
b19 66 1634 102 1657
b20 107 2590 120 2607
b21 21 1918 49 1962
b22 148 1497 183 1526
b23 59 1576 99 1593
b24 154 889 172 913
b25 101 2507 130 2550
b26 41 3390 68 3408
b27 65 2452 103 2492
b28 53 2507 77 2519
b29 174 503 203 533
b30 153 2024 173 2052
b31 38 3574 70 3610
b32 156 1064 175 1086
b33 156 226 201 272
b34 114 689 143 701
b35 87 1133 99 1159
b36 64 3610 91 3640
b37 0 2136 12 2165
b38 63 3020 84 3039
b39 128 127 140 140
b40 135 1607 154 1654
b41 169 451 205 470
b42 25 3188 71 3213
b43 113 2405 152 2426
b44 117 2826 144 2850
b45 82 972 106 997
b46 135 1716 154 1729
b47 22 3610 64 3650
b48 21 1962 49 1996
b49 93 2045 117 2093
b50 0 3740 19 3754
b51 106 0 120 16
b52 149 780 186 798
b53 173 636 209 648
b54 0 2077 30 2111
b55 107 2975 133 3006
b56 30 2077 76 2108
b57 93 2138 140 2186
b58 0 2111 25 2136
b59 128 143 175 181
b60 149 798 188 814
b61 72 2975 103 3020
b62 22 3650 68 3686
b63 80 3372 116 3418
b64 151 48 184 63
b65 117 2073 130 2096
b66 75 2849 117 2894
b67 162 470 176 503
b68 66 1657 94 1702
b69 87 1106 123 1133
b70 12 3336 28 3381
b71 102 437 136 469
b72 75 1197 107 1212
b73 53 2108 65 2154
b74 158 981 201 1015
b75 68 1261 88 1298
b76 38 3039 77 3075
b77 196 0 236 18
b78 154 1526 196 1542
b79 82 1081 122 1106
b80 123 1995 159 2010
b81 68 789 83 821
b82 130 413 169 437
b83 104 487 141 528
b84 21 0 55 38
b85 104 646 138 689
b86 71 3188 110 3232
b87 21 1608 66 1656
b88 78 2592 107 2636
b89 86 0 106 42
b90 30 2780 76 2804
b91 38 3553 81 3574
b92 30 2804 75 2851
b93 96 780 116 804
b94 98 2571 129 2590
b95 49 1965 93 2002
b96 72 2942 118 2975
b97 59 1454 99 1469
b98 110 1995 123 2030
b99 114 749 154 766
b100 135 181 179 226
b101 39 3480 69 3516
b102 60 3686 100 3722
b103 38 2879 72 2913
b104 112 766 154 780
b105 80 3076 115 3109
b106 75 1106 87 1139
b107 59 1593 91 1608
b108 118 2850 155 2888
b109 106 1035 148 1081
b110 154 365 193 407
b111 58 1806 71 1827
b112 42 1869 72 1894
b113 76 2346 112 2370
b114 104 528 138 572
b115 175 1064 209 1086
b116 68 731 96 750
b117 66 1770 105 1791
b118 86 365 130 403
b119 75 2804 103 2849
b120 47 3336 83 3372
b121 119 2320 153 2358
b122 116 1015 159 1035
b123 204 648 227 684
b124 61 2700 92 2735
b125 68 689 114 731
b126 0 3580 22 3592
b127 99 1510 124 1553
b128 161 913 205 941
b129 55 1298 89 1320
b130 155 1415 185 1441
b131 30 2635 78 2680
b132 186 703 204 742
b133 53 2592 68 2635
b134 112 2358 146 2405
b135 65 2492 110 2507
b136 90 2658 127 2670
b137 36 3699 57 3727
b138 104 618 146 646
b139 0 3686 36 3723
b140 141 495 153 538
b141 93 2093 112 2138
b142 80 3039 107 3076
b143 123 1081 147 1106
b144 119 2225 134 2265
b145 28 3376 41 3421
b146 142 1250 190 1283
b147 138 576 168 618
b148 193 1542 211 1562
b149 28 3421 75 3443
b150 102 1651 125 1682
b151 68 0 86 42
b152 165 311 181 330
b153 110 1965 151 1995
b154 94 1753 116 1770
b155 150 2010 175 2024
b156 141 437 169 453
b157 55 837 75 862
b158 30 2108 53 2121
b159 104 1553 148 1585
b160 55 821 82 837
b161 80 1918 126 1965
b162 161 2052 192 2070
b163 120 105 153 127
b164 68 487 104 528
b165 65 2401 86 2418
b166 112 2096 146 2132
b167 12 3516 48 3553
b168 135 2225 159 2266
b169 68 750 92 789
b170 130 1370 159 1415
b171 76 2186 98 2226
b172 86 2439 113 2452
b173 38 2913 63 2945
b174 86 266 129 282
b175 140 127 155 143
b176 49 2002 82 2040
b177 94 1716 135 1753
b178 103 2452 120 2471
b179 115 1283 161 1317
b180 28 3336 47 3376
b181 85 1353 115 1381
b182 116 947 161 971
b183 156 272 189 311
b184 143 2634 189 2659
b185 86 2405 113 2439
b186 25 3213 56 3246
b187 138 538 174 576
b188 161 941 198 981
b189 118 1472 162 1484
b190 48 3516 85 3543
b191 103 2792 119 2826
b192 106 181 135 229
b193 102 1634 135 1651
b194 122 1133 150 1146
b195 115 1357 148 1370
b196 115 1209 156 1250
b197 38 2851 75 2879
b198 192 407 240 426
b199 135 1654 166 1690
b200 21 2040 64 2077
b201 59 1320 85 1349
b202 58 3149 92 3188
b203 91 3109 106 3137
b204 61 2747 102 2780
b205 110 2030 131 2045
b206 151 1729 193 1764
b207 117 2045 150 2073
b208 129 266 156 286
b209 143 667 188 703
b210 43 3727 56 3751
b211 115 1197 131 1209
b212 141 453 162 495
b213 115 1317 147 1331
b214 12 3553 29 3580
b215 77 2550 106 2571
b216 153 870 195 889
b217 75 2894 95 2942
b218 58 1854 101 1869
b219 86 469 114 487
b220 106 229 136 266
b221 25 2851 38 2896
b222 82 947 116 972
b223 58 3075 80 3094
b224 53 2571 98 2592
b225 75 1159 122 1197
b226 188 783 227 799
b227 102 1682 115 1714
b228 175 830 196 850
b229 130 365 154 413
b230 85 1320 115 1353
b231 42 1656 58 1686
b232 116 971 158 994
b233 151 1764 167 1777
b234 146 618 179 636
b235 56 3256 78 3302
b236 12 3443 39 3482
b237 147 1317 168 1357
b238 55 1212 82 1251
b239 104 1585 144 1607
b240 78 2681 101 2700
b241 55 0 68 24
b242 153 830 175 870
b243 98 2265 135 2299
b244 121 1484 158 1497
b245 107 2634 143 2658
b246 169 407 192 451
b247 129 311 165 350
b248 110 847 153 878
b249 99 1607 134 1634
b250 120 0 151 34
b251 25 3302 68 3336
b252 98 2299 117 2327
b253 76 2780 91 2793
b254 36 3686 60 3699
b255 85 1415 132 1454
b256 0 0 21 13
b257 76 2040 93 2073
b258 205 799 249 833
b259 72 1869 98 1881
b260 99 1454 118 1466
b261 78 2636 90 2681
b262 81 3543 108 3591
b263 138 703 185 749
b264 59 1553 104 1576
b265 85 1381 130 1396
b266 151 0 196 48
b267 119 2186 153 2225
b268 106 127 128 152
b269 118 1454 155 1472
b270 66 1791 89 1806
b271 42 1894 84 1918
b272 77 2507 101 2542
b273 105 1770 126 1800
b274 82 1212 115 1233
b275 82 1233 104 1261
b276 30 2680 61 2694
b277 92 2700 104 2747
b278 201 90 214 132
b279 110 804 149 847
b280 49 1918 80 1940
b281 47 3372 77 3390
b282 110 3109 154 3139
b283 92 804 105 819
b284 143 646 173 667
b285 110 914 123 947
b286 186 742 222 783
b287 119 2299 161 2320
b288 82 821 110 857
b289 25 3075 58 3112
b290 96 731 112 758
b291 156 1086 184 1129
b292 114 701 138 740
b293 76 2327 119 2346
b294 125 1690 142 1716
b295 0 3727 43 3740
b296 86 403 102 430
b297 21 1320 59 1351
b298 58 3109 91 3149
b299 55 1251 68 1264
