567355
826685
308025
555 555
567.055186
b0 418 87 445 102
b1 441 353 468 369
b2 381 179 407 201
b3 511 241 532 286
b4 281 38 326 78
b5 268 189 284 215
b6 237 382 264 420
b7 405 257 434 292
b8 384 347 405 383
b9 0 47 44 72
b10 434 257 449 288
b11 82 404 106 445
b12 466 471 485 488
b13 210 57 258 90
b14 236 460 257 504
b15 0 535 34 550
b16 0 296 45 338
b17 182 94 223 131
b18 339 247 382 291
b19 196 340 232 363
b20 196 363 213 376
b21 511 286 555 314
b22 141 58 170 93
b23 70 469 87 509
b24 149 514 167 538
b25 33 259 76 288
b26 300 379 318 406
b27 319 512 359 550
b28 119 140 131 164
b29 46 329 75 359
b30 170 164 198 184
b31 486 314 518 350
b32 341 493 363 512
b33 76 320 122 365
b34 399 536 428 548
b35 0 487 12 513
b36 366 291 396 318
b37 309 0 321 29
b38 86 140 107 159
b39 273 369 285 382
b40 134 184 181 203
b41 134 237 153 273
b42 0 338 46 363
b43 82 365 103 404
b44 462 325 486 352
b45 60 235 85 259
b46 307 148 326 161
b47 393 448 433 490
b48 441 369 469 403
b49 316 431 364 455
b50 216 478 230 497
b51 443 107 457 123
b52 511 77 548 95
b53 382 87 418 99
b54 274 291 304 325
b55 467 490 498 516
b56 0 410 46 441
b57 150 435 198 482
b58 466 0 491 25
b59 0 171 47 209
b60 284 236 300 275
b61 170 133 215 164
b62 393 490 429 536
b63 318 395 364 431
b64 478 276 511 291
b65 75 41 88 64
b66 190 298 235 340
b67 457 107 490 121
b68 307 239 335 284
b69 39 0 75 27
b70 0 97 45 113
b71 518 314 552 346
b72 373 228 405 243
b73 222 433 268 445
b74 230 504 264 547
b75 87 493 124 513
b76 270 453 309 489
b77 0 221 40 239
b78 134 456 150 498
b79 0 72 40 97
b80 264 382 300 397
b81 348 94 380 109
b82 158 94 182 133
b83 92 258 133 295
b84 199 391 237 425
b85 433 490 467 533
b86 97 41 141 80
b87 469 362 517 407
b88 229 265 273 294
b89 92 203 134 223
b90 335 176 381 200
b91 241 0 262 43
b92 30 365 77 410
b93 397 323 417 347
b94 382 99 401 130
b95 106 378 143 422
b96 521 133 554 179
b97 339 368 379 383
b98 167 514 202 527
b99 399 43 439 60
b100 201 220 245 265
b101 401 401 437 431
b102 170 58 210 94
b103 310 78 344 112
b104 483 148 497 190
b105 108 0 141 35
b106 450 123 483 135
b107 97 80 129 95
b108 339 318 377 355
b109 407 177 449 223
b110 453 46 492 88
b111 309 358 322 379
b112 0 363 30 388
b113 517 214 553 238
b114 106 422 150 456
b115 317 284 339 318
b116 74 95 93 123
b117 223 117 262 138
b118 309 455 353 493
b119 417 325 462 353
b120 518 0 554 36
b121 401 102 439 136
b122 188 37 231 57
b123 303 112 326 148
b124 47 438 82 469
b125 47 160 89 206
b126 107 140 119 162
b127 517 416 542 459
b128 473 213 517 241
b129 326 37 348 71
b130 492 0 518 30
b131 354 0 399 48
b132 448 28 487 46
b133 382 433 425 448
b134 339 200 373 247
b135 180 376 225 391
b136 338 383 375 395
b137 433 469 461 490
b138 70 513 112 541
b139 364 397 401 433
b140 499 46 511 89
b141 453 88 498 107
b142 416 60 453 87
b143 441 403 466 427
b144 359 536 399 551
b145 339 355 384 368
b146 262 78 310 111
b147 143 391 185 421
b148 146 273 166 291
b149 141 36 188 58
b150 199 425 222 456
b151 450 163 468 205
b152 180 340 196 359
b153 46 288 76 329
b154 198 164 220 181
b155 223 138 248 152
b156 313 493 341 509
b157 122 312 147 332
b158 133 273 146 296
b159 150 482 194 514
b160 377 318 393 345
b161 270 406 316 453
b162 167 527 198 545
b163 321 0 354 22
b164 237 310 273 351
b165 0 279 21 296
b166 440 291 476 325
b167 469 407 506 443
b168 497 148 521 189
b169 47 136 86 160
b170 47 206 92 235
b171 504 490 526 530
b172 526 477 553 490
b173 85 295 117 320
b174 432 0 448 43
b175 382 130 398 145
b176 520 95 553 133
b177 511 36 548 77
b178 422 384 441 401
b179 348 48 382 94
b180 262 38 281 78
b181 202 501 230 531
b182 141 12 186 36
b183 399 0 432 39
b184 122 332 147 378
b185 373 201 407 228
b186 237 351 270 382
b187 517 380 555 416
b188 188 0 228 37
b189 187 391 199 435
b190 112 513 149 540
b191 273 275 307 291
b192 153 237 201 266
b193 264 529 297 546
b194 44 27 57 55
b195 89 159 102 192
b196 220 152 261 193
b197 307 176 335 213
b198 166 266 214 285
b199 405 353 441 384
b200 339 112 382 149
b201 449 265 478 291
b202 13 132 47 171
b203 321 22 349 37
b204 75 0 108 41
b205 214 265 229 286
b206 92 223 134 258
b207 450 135 483 163
b208 339 291 366 311
b209 268 493 313 529
b210 0 132 13 156
b211 492 30 504 46
b212 245 215 287 236
b213 87 461 101 493
b214 57 27 74 54
b215 526 490 555 511
b216 0 113 42 132
b217 220 193 268 213
b218 112 540 155 555
b219 448 0 466 28
b220 517 350 554 380
b221 398 136 443 149
b222 382 60 416 85
b223 194 482 216 501
b224 499 95 520 140
b225 262 0 309 38
b226 235 294 274 310
b227 326 112 339 144
b228 261 169 282 189
b229 12 487 36 535
b230 147 337 180 367
b231 117 296 147 312
b232 532 238 555 280
b233 82 445 95 461
b234 519 459 552 477
b235 504 530 550 552
b236 223 90 262 117
b237 317 318 338 358
b238 245 236 284 263
b239 353 463 393 485
b240 294 325 317 344
b241 474 241 487 265
b242 44 55 66 95
b243 262 111 299 145
b244 150 421 187 434
b245 45 95 69 131
b246 483 190 527 213
b247 181 184 220 220
b248 397 292 440 323
b249 527 179 554 214
b250 485 459 519 490
b251 36 487 70 530
b252 466 443 485 471
b253 74 123 89 136
b254 450 250 474 263
b255 0 0 39 47
b256 273 325 294 338
b257 141 93 158 126
b258 134 203 178 237
b259 468 163 480 189
b260 486 350 505 362
b261 0 209 45 221
b262 326 149 374 176
b263 0 441 47 487
b264 450 205 473 250
b265 382 243 397 288
b266 93 95 141 140
b267 407 223 446 257
b268 297 529 319 554
b269 199 460 236 478
b270 222 445 245 460
b271 261 145 303 169
b272 487 241 511 276
b273 381 149 402 179
b274 429 533 462 554
b275 287 344 309 372
b276 273 338 287 369
b277 141 0 188 12
b278 166 285 208 298
b279 147 298 190 337
b280 75 64 97 95
b281 364 433 382 463
b282 363 485 393 529
b283 228 0 241 15
b284 476 291 506 312
b285 237 420 270 433
b286 134 140 170 181
b287 462 533 504 554
b288 46 410 82 438
b289 101 456 134 493
b290 483 121 499 148
b291 407 149 450 177
b292 107 164 131 203
b293 284 169 303 212
b294 307 213 324 239
b295 379 384 422 397
b296 33 239 60 255
b297 433 431 464 469
b298 0 239 33 279
b299 34 535 47 548
