373259.5
552039
194480
440 442
46.449916
b0 242 178 278 194
b1 62 52 81 91
b2 370 165 405 206
b3 346 124 364 171
b4 339 321 365 353
b5 339 353 374 384
b6 239 118 268 131
b7 150 345 178 366
b8 207 353 222 385
b9 224 381 258 427
b10 291 361 336 393
b11 131 145 145 181
b12 95 80 131 122
b13 242 133 290 178
b14 74 415 89 440
b15 31 335 77 380
b16 165 58 183 80
b17 38 242 64 275
b18 48 33 82 52
b19 374 377 386 407
b20 412 189 440 222
b21 0 47 44 86
b22 414 264 440 303
b23 87 263 112 303
b24 331 148 346 173
b25 251 240 287 276
b26 187 295 230 320
b27 241 60 275 75
b28 386 377 424 423
b29 131 80 143 117
b30 16 86 43 103
b31 290 28 327 44
b32 77 334 100 366
b33 44 52 62 88
b34 0 209 19 247
b35 0 102 15 135
b36 230 181 242 209
b37 78 366 94 387
b38 288 328 314 361
b39 141 28 183 58
b40 141 0 182 28
b41 0 86 16 102
b42 80 208 124 227
b43 371 0 411 34
b44 290 148 306 175
b45 100 334 114 371
b46 337 74 385 89
b47 354 417 368 440
b48 412 238 436 264
b49 0 380 31 420
b50 300 256 342 289
b51 15 103 42 151
b52 178 96 205 133
b53 63 214 80 232
b54 114 248 157 264
b55 82 0 95 46
b56 38 275 63 297
b57 313 184 332 232
b58 290 102 331 121
b59 82 122 128 168
b60 295 393 330 423
b61 205 118 239 151
b62 403 77 440 122
b63 424 375 439 410
b64 0 0 48 47
b65 218 261 251 291
b66 76 303 107 334
b67 327 0 371 37
b68 405 165 440 189
b69 117 42 136 80
b70 207 0 243 14
b71 176 261 218 295
b72 48 0 82 33
b73 332 193 370 211
b74 136 58 165 76
b75 64 259 87 286
b76 230 316 242 330
b77 0 151 24 167
b78 114 264 157 290
b79 222 330 241 367
b80 312 169 326 184
b81 339 384 371 404
b82 145 145 178 177
b83 150 298 187 317
b84 337 37 380 74
b85 43 91 80 139
b86 390 296 414 320
b87 345 255 364 300
b88 403 122 431 165
b89 427 29 439 64
b90 389 351 434 375
b91 19 214 63 242
b92 117 0 141 42
b93 266 318 287 361
b94 345 300 361 315
b95 314 321 339 357
b96 196 53 241 78
b97 182 0 207 28
b98 412 222 438 238
b99 112 290 149 310
b100 64 232 89 259
b101 229 78 277 118
b102 0 263 38 288
b103 313 289 345 321
b104 230 291 266 316
b105 0 167 31 209
b106 278 178 312 217
b107 208 385 224 430
b108 131 133 164 145
b109 63 286 85 298
b110 178 133 201 177
b111 401 423 414 441
b112 28 420 74 438
b113 75 180 118 208
b114 42 139 81 158
b115 205 151 242 181
b116 258 400 295 442
b117 0 288 37 312
b118 207 14 242 53
b119 114 310 150 334
b120 242 316 257 361
b121 128 181 160 226
b122 131 408 174 438
b123 368 89 381 124
b124 178 353 191 392
b125 0 420 28 438
b126 243 0 281 28
b127 266 361 290 383
b128 205 181 230 217
b129 332 211 378 255
b130 160 211 204 256
b131 332 173 368 193
b132 0 247 38 263
b133 0 135 12 149
b134 176 80 205 96
b135 114 365 129 402
b136 313 232 332 256
b137 242 28 260 50
b138 128 226 158 248
b139 114 334 147 365
b140 131 117 143 133
b141 288 217 313 251
b142 251 194 278 240
b143 205 217 251 261
b144 411 0 436 29
b145 160 177 205 211
b146 187 320 221 353
b147 290 90 321 102
b148 266 383 291 400
b149 0 312 22 334
b150 339 404 369 417
b151 191 353 207 380
b152 143 80 176 113
b153 288 251 300 291
b154 31 172 75 214
b155 174 427 187 439
b156 157 256 176 298
b157 82 168 124 180
b158 390 320 407 348
b159 304 124 340 148
b160 150 333 186 345
b161 295 423 326 442
b162 369 407 381 437
b163 290 44 337 90
b164 260 28 287 60
b165 368 124 401 165
b166 268 121 304 133
b167 31 158 78 172
b168 288 291 313 328
b169 281 0 327 28
b170 31 313 76 335
b171 174 392 208 427
b172 0 355 31 380
b173 266 276 288 318
b174 241 361 266 381
b175 427 303 439 337
b176 143 113 163 129
b177 0 334 31 355
b178 38 297 58 313
b179 365 255 410 296
b180 312 148 331 169
b181 374 335 389 377
b182 208 430 241 442
b183 150 317 187 333
b184 381 423 401 442
b185 183 28 196 72
b186 277 60 290 108
b187 330 417 354 439
b188 205 78 229 118
b189 407 320 427 351
b190 331 90 368 124
b191 89 402 131 439
b192 381 89 403 117
b193 131 366 174 408
b194 385 34 427 77
b195 89 227 114 263
b196 374 296 390 335
b197 31 380 78 415
b198 95 0 117 40
b199 378 206 412 246
