247954.5
296100
199809
447 447
5.086284
b0 224 200 267 233
b1 320 179 357 244
b2 127 76 161 129
b3 53 186 120 223
b4 127 206 146 235
b5 166 66 215 105
b6 351 0 369 40
b7 178 206 200 246
b8 120 397 182 447
b9 127 343 168 359
b10 244 322 296 340
b11 88 105 127 164
b12 0 280 28 341
b13 28 284 85 332
b14 201 274 244 337
b15 373 229 432 281
b16 386 0 443 36
b17 166 0 210 66
b18 325 92 376 140
b19 85 284 116 334
b20 212 237 231 274
b21 297 279 347 343
b22 376 155 425 189
b23 27 408 76 428
b24 60 81 88 126
b25 127 0 166 54
b26 376 189 431 229
b27 300 67 325 132
b28 312 0 351 46
b29 231 142 293 166
b30 188 246 212 272
b31 127 242 153 276
b32 244 279 297 322
b33 153 246 188 268
b34 0 370 27 424
b35 166 105 197 143
b36 127 276 166 343
b37 171 143 231 163
b38 57 0 80 57
b39 376 103 431 155
b40 0 341 26 370
b41 257 0 312 27
b42 0 154 53 216
b43 325 46 386 92
b44 80 0 127 65
b45 127 183 171 206
b46 300 132 322 171
b47 126 364 191 397
b48 182 419 239 446
b49 253 67 300 132
b50 27 341 59 408
b51 0 56 57 94
b52 241 386 295 431
b53 171 163 192 206
b54 410 281 428 342
b55 211 166 267 200
b56 347 322 410 339
b57 191 401 238 419
b58 255 340 289 386
b59 191 364 241 401
b60 102 65 125 105
b61 222 340 255 363
b62 0 135 60 154
b63 244 233 280 278
b64 317 343 367 390
b65 0 0 57 56
b66 59 334 126 395
b67 127 143 171 183
b68 337 391 400 443
b69 168 337 222 364
b70 295 405 337 447
b71 53 164 117 186
b72 66 223 127 284
b73 386 36 447 103
b74 215 57 253 99
b75 192 163 211 191
b76 127 54 160 76
b77 0 223 66 280
b78 146 206 178 242
b79 0 94 60 135
b80 357 191 373 249
b81 257 27 307 67
b82 210 0 257 57
b83 80 65 102 81
b84 280 257 347 279
b85 293 171 318 191
b86 197 105 253 142
b87 76 395 120 434
b88 200 200 224 237
b89 60 126 87 164
b90 322 140 355 179
b91 400 391 433 447
b92 267 166 293 182
b93 166 272 201 337
b94 347 281 406 322
b95 357 140 376 191
b96 280 191 320 257
b97 0 428 67 445
b98 295 343 317 405
b99 367 342 433 391
