244947.75
293671.5
196224
448 438
12.3343
b0 305 141 348 174
b1 106 319 143 384
b2 36 184 89 218
b3 125 37 192 74
b4 423 134 442 163
b5 348 264 387 313
b6 348 246 388 264
b7 401 134 423 174
b8 305 174 367 224
b9 67 0 83 41
b10 83 0 135 18
b11 139 203 198 242
b12 139 175 200 203
b13 204 313 261 361
b14 0 392 63 435
b15 328 313 380 372
b16 287 322 323 379
b17 0 0 44 66
b18 49 320 100 368
b19 18 314 49 364
b20 221 396 240 433
b21 344 0 394 64
b22 367 166 401 215
b23 192 90 212 139
b24 89 191 134 219
b25 0 122 39 176
b26 240 396 295 436
b27 334 116 399 141
b28 234 207 280 246
b29 0 368 62 392
b30 261 322 287 346
b31 212 115 246 141
b32 262 144 305 197
b33 352 224 387 246
b34 281 46 335 73
b35 139 242 170 280
b36 106 280 173 319
b37 67 73 87 133
b38 44 40 67 97
b39 344 64 399 116
b40 234 284 260 313
b41 101 384 156 411
b42 383 383 445 436
b43 254 83 300 144
b44 336 372 383 437
b45 134 152 178 175
b46 109 152 131 191
b47 44 133 109 166
b48 87 73 114 130
b49 156 380 221 427
b50 63 368 95 435
b51 49 219 106 257
b52 0 260 45 314
b53 261 246 282 289
b54 44 166 105 184
b55 300 73 334 129
b56 125 135 188 152
b57 0 314 18 361
b58 310 0 344 46
b59 150 0 200 37
b60 44 0 67 40
b61 368 141 401 164
b62 388 281 448 300
b63 0 176 36 221
b64 401 174 448 224
b65 388 224 444 281
b66 125 74 192 135
b67 401 90 441 134
b68 49 257 101 320
b69 95 411 149 438
b70 239 41 281 83
b71 170 242 234 264
b72 143 319 204 380
b73 383 316 444 383
b74 83 35 125 73
b75 282 197 301 225
b76 198 207 231 229
b77 282 243 348 300
b78 218 83 254 115
b79 200 0 260 41
b80 387 300 445 316
b81 260 0 310 40
b82 173 264 230 311
b83 178 152 200 168
b84 261 300 328 322
b85 348 141 368 166
b86 0 66 37 122
b87 0 221 44 260
b88 394 0 431 24
b89 234 246 261 284
b90 200 41 239 74
b91 106 219 139 275
b92 192 74 218 90
b93 221 361 286 396
b94 295 379 336 438
b95 301 224 352 243
b96 200 141 240 207
b97 83 18 150 35
b98 240 144 262 206
b99 399 24 448 90
