741290.5
804200
678381
337 2013
20.780215
b0 180 1133 223 1166
b1 236 105 301 142
b2 190 850 243 884
b3 76 1313 113 1380
b4 165 366 194 385
b5 121 406 160 455
b6 39 1688 79 1706
b7 159 326 181 366
b8 39 1717 89 1779
b9 163 1369 179 1410
b10 113 1395 131 1447
b11 37 1313 76 1372
b12 136 975 197 1003
b13 111 876 159 933
b14 54 1270 117 1313
b15 219 0 278 52
b16 180 1076 216 1133
b17 200 267 244 333
b18 54 1820 102 1871
b19 197 180 228 230
b20 0 45 37 64
b21 71 1155 135 1205
b22 121 547 170 581
b23 278 0 298 49
b24 79 1610 124 1638
b25 136 936 190 975
b26 54 1205 109 1245
b27 109 1205 134 1270
b28 97 977 136 1023
b29 102 1740 126 1802
b30 151 850 175 876
b31 160 513 186 547
b32 0 1960 43 2013
b33 159 19 181 54
b34 188 403 215 457
b35 219 142 250 180
b36 0 1688 39 1755
b37 159 876 179 936
b38 165 385 188 442
b39 216 884 268 939
b40 121 581 147 610
b41 178 658 205 713
b42 119 1023 181 1076
b43 115 1638 176 1684
b44 89 1536 154 1583
b45 111 933 134 977
b46 76 1514 115 1536
b47 79 1684 144 1717
b48 54 61 111 88
b49 178 724 225 789
b50 113 1313 180 1345
b51 121 0 159 57
b52 0 0 54 45
b53 54 88 97 109
b54 154 1411 172 1472
b55 278 49 312 105
b56 54 109 71 172
b57 37 1641 55 1688
b58 165 457 211 491
b59 181 230 231 267
b60 249 445 289 468
b61 89 1717 122 1740
b62 159 0 219 19
b63 79 1638 115 1683
b64 97 1076 147 1123
b65 0 1904 57 1960
b66 54 0 121 61
b67 121 366 165 406
b68 37 1536 89 1599
b69 0 1820 54 1847
b70 37 1599 79 1641
b71 160 491 224 513
b72 173 789 234 850
b73 76 1447 137 1514
b74 224 403 262 445
b75 107 1123 126 1151
b76 250 142 272 175
b77 170 547 236 604
b78 71 1123 107 1155
b79 39 1779 99 1820
b80 181 19 197 77
b81 113 1345 153 1395
b82 57 1904 104 1961
b83 97 1023 119 1039
b84 111 610 178 632
b85 178 604 198 629
b86 194 333 250 370
b87 298 0 337 44
b88 153 1345 190 1369
b89 89 1583 127 1610
b90 194 370 233 403
b91 54 1871 110 1904
b92 137 1395 163 1411
b93 198 623 263 658
b94 159 267 200 326
b95 198 604 249 623
b96 111 632 151 698
b97 219 52 236 119
b98 151 632 173 694
b99 205 658 254 724
