370999
546634
195364
442 442
71.655625
b0 249 303 265 339
b1 212 418 251 437
b2 407 258 442 299
b3 0 181 47 199
b4 210 42 242 68
b5 407 411 442 442
b6 131 344 160 357
b7 0 120 21 148
b8 130 357 145 389
b9 127 0 161 46
b10 0 212 32 257
b11 400 140 436 154
b12 0 257 36 299
b13 265 332 313 377
b14 104 27 119 52
b15 0 0 45 46
b16 364 291 382 313
b17 109 200 142 226
b18 333 378 367 397
b19 205 230 217 260
b20 0 353 33 381
b21 37 87 81 126
b22 36 219 75 245
b23 232 226 272 251
b24 254 211 279 226
b25 294 44 330 80
b26 79 27 104 70
b27 330 44 345 78
b28 305 139 343 185
b29 364 0 376 37
b30 67 164 94 181
b31 306 185 322 222
b32 368 403 400 426
b33 400 98 418 134
b34 422 20 441 58
b35 217 251 250 266
b36 325 0 337 28
b37 0 148 21 164
b38 406 62 432 95
b39 345 61 375 103
b40 89 307 130 335
b41 93 116 109 132
b42 70 318 89 362
b43 89 335 129 369
b44 0 164 27 180
b45 169 428 206 442
b46 195 43 210 91
b47 242 68 265 82
b48 382 72 406 98
b49 57 362 88 402
b50 260 104 302 137
b51 415 154 442 202
b52 160 152 187 189
b53 151 399 169 416
b54 364 275 407 291
b55 0 199 46 212
b56 305 117 330 139
b57 141 152 160 200
b58 34 396 53 437
b59 315 263 361 309
b60 215 266 245 301
b61 389 28 422 62
b62 260 137 305 174
b63 156 117 171 152
b64 36 270 83 318
b65 175 230 205 263
b66 298 406 329 437
b67 343 136 380 180
b68 157 90 192 114
b69 382 291 401 329
b70 89 369 125 383
b71 364 207 406 241
b72 242 34 275 68
b73 71 181 89 219
b74 242 140 260 169
b75 279 211 306 234
b76 81 116 93 130
b77 330 117 354 133
b78 169 402 212 428
b79 345 24 364 61
b80 401 327 416 341
b81 45 24 77 44
b82 0 321 33 353
b83 187 147 206 184
b84 302 80 345 117
b85 127 230 175 267
b86 337 0 361 24
b87 275 44 294 89
b88 167 43 195 86
b89 313 353 348 365
b90 418 95 442 140
b91 376 0 420 28
b92 145 357 169 399
b93 36 353 57 396
b94 318 378 333 394
b95 416 351 441 387
b96 36 245 81 270
b97 75 219 103 244
b98 199 319 215 345
b99 89 403 126 423
b100 289 305 314 332
b101 83 267 131 307
b102 206 177 231 215
b103 368 371 400 403
b104 416 315 441 351
b105 322 185 364 216
b106 406 219 440 258
b107 81 248 126 264
b108 0 426 33 438
b109 242 191 254 213
b110 171 267 215 290
b111 382 144 400 157
b112 382 98 400 144
b113 169 374 212 402
b114 160 319 199 338
b115 260 174 290 211
b116 364 329 401 371
b117 47 181 71 218
b118 329 397 368 432
b119 210 68 234 104
b120 94 132 109 177
b121 109 152 141 197
b122 37 126 67 169
b123 0 107 35 120
b124 368 426 407 439
b125 242 82 260 110
b126 219 390 257 418
b127 0 299 24 321
b128 265 377 301 402
b129 279 0 325 44
b130 315 309 360 353
b131 89 181 109 217
b132 401 299 439 315
b133 401 315 415 327
b134 181 338 197 367
b135 21 120 36 157
b136 401 387 420 411
b137 242 169 260 191
b138 257 402 287 424
b139 171 114 202 147
b140 380 191 392 207
b141 67 130 92 164
b142 81 0 127 27
b143 81 70 125 116
b144 190 290 215 319
b145 0 381 34 426
b146 382 157 415 191
b147 210 146 222 177
b148 406 202 431 219
b149 197 345 219 367
b150 242 110 255 140
b151 366 103 382 130
b152 53 402 86 435
b153 27 169 67 181
b154 125 46 167 90
b155 306 222 318 235
b156 89 423 131 442
b157 364 263 406 275
b158 301 378 318 406
b159 45 0 81 24
b160 169 338 181 374
b161 159 291 190 310
b162 67 44 79 74
b163 219 343 265 390
b164 125 90 157 117
b165 173 189 206 230
b166 401 341 413 377
b167 251 424 298 438
b168 245 266 270 303
b169 279 235 325 263
b170 0 46 22 91
b171 36 318 70 353
b172 131 291 156 322
b173 210 104 232 146
b174 126 399 151 419
b175 131 419 165 431
b176 325 28 345 44
b177 142 200 173 221
b178 420 0 436 20
b179 22 46 67 87
b180 420 387 439 408
b181 260 89 302 104
b182 354 103 366 136
b183 0 91 37 107
b184 270 305 289 325
b185 376 28 389 72
b186 313 365 361 378
b187 103 226 127 248
b188 131 267 171 291
b189 89 383 120 403
b190 242 0 279 34
b191 203 0 240 42
b192 131 322 159 344
b193 272 263 315 305
b194 161 0 203 43
b195 325 216 361 241
b196 325 241 364 257
b197 109 117 156 152
b198 364 241 404 263
b199 215 303 249 343
