577370
855595
299145
539 555
558.228846
b0 175 34 202 49
b1 326 200 342 227
b2 370 43 396 65
b3 469 440 514 461
b4 104 213 149 253
b5 211 441 237 457
b6 345 427 372 465
b7 239 147 268 182
b8 81 0 102 36
b9 83 188 127 213
b10 228 373 259 388
b11 69 291 110 315
b12 24 456 41 475
b13 126 45 174 78
b14 511 461 532 505
b15 298 402 313 436
b16 46 492 91 534
b17 134 254 175 291
b18 298 227 342 270
b19 79 255 102 291
b20 326 31 339 48
b21 356 309 400 337
b22 40 120 75 149
b23 397 109 437 126
b24 375 368 393 392
b25 15 292 44 335
b26 298 436 325 454
b27 0 208 38 248
b28 271 468 283 492
b29 158 172 188 201
b30 59 255 79 283
b31 71 77 107 109
b32 189 535 211 554
b33 197 195 243 240
b34 151 109 180 121
b35 511 542 537 554
b36 243 182 270 212
b37 417 309 446 321
b38 146 153 167 172
b39 439 56 451 69
b40 118 393 165 412
b41 334 87 370 106
b42 44 283 69 329
b43 335 168 374 189
b44 268 425 295 449
b45 72 400 96 425
b46 144 140 163 153
b47 75 109 115 151
b48 511 68 539 102
b49 375 431 423 455
b50 268 449 282 468
b51 38 265 54 279
b52 289 37 326 55
b53 185 372 221 384
b54 458 122 492 152
b55 323 0 349 31
b56 0 491 46 522
b57 446 318 494 365
b58 165 393 190 418
b59 402 508 449 546
b60 396 60 435 76
b61 474 0 505 45
b62 469 394 505 440
b63 424 0 470 36
b64 396 45 429 60
b65 193 171 206 194
b66 241 48 286 90
b67 200 427 233 441
b68 396 0 424 45
b69 211 457 238 493
b70 206 0 222 45
b71 458 90 492 122
b72 207 165 239 180
b73 335 156 381 168
b74 448 183 482 226
b75 437 36 474 56
b76 236 304 272 343
b77 277 270 295 310
b78 393 392 435 408
b79 0 120 40 145
b80 298 125 334 140
b81 479 539 511 554
b82 183 96 222 120
b83 149 458 190 495
b84 412 203 446 241
b85 505 389 539 432
b86 45 330 84 374
b87 330 379 375 427
b88 41 441 85 470
b89 247 0 289 20
b90 298 333 344 357
b91 321 531 364 552
b92 334 109 379 156
b93 325 427 345 451
b94 237 409 268 428
b95 83 151 127 188
b96 449 500 495 533
b97 93 515 108 555
b98 85 432 98 467
b99 277 230 294 270
b100 495 344 539 389
b101 144 515 174 551
b102 126 0 162 40
b103 505 0 539 34
b104 38 149 52 191
b105 478 461 511 496
b106 98 432 110 465
b107 207 180 239 195
b108 365 512 402 550
b109 358 267 404 309
b110 397 126 439 165
b111 243 212 256 233
b112 470 293 500 318
b113 38 194 62 230
b114 298 284 342 318
b115 313 357 347 379
b116 298 200 326 219
b117 161 426 200 447
b118 0 248 38 292
b119 41 396 69 441
b120 500 235 536 271
b121 410 165 444 203
b122 174 49 217 69
b123 237 24 273 47
b124 448 152 483 183
b125 283 476 325 522
b126 146 172 158 194
b127 203 384 228 427
b128 270 153 298 197
b129 500 271 534 293
b130 272 310 298 340
b131 33 29 78 77
b132 0 522 39 540
b133 298 318 341 333
b134 229 113 276 147
b135 425 273 470 288
b136 126 78 163 90
b137 228 388 256 409
b138 166 121 208 149
b139 298 164 335 200
b140 84 315 127 327
b141 439 69 458 114
b142 500 293 537 320
b143 222 0 247 24
b144 325 516 365 531
b145 482 183 495 228
b146 0 0 33 48
b147 0 145 30 187
b148 127 326 147 344
b149 194 72 241 94
b150 112 494 143 517
b151 178 254 196 296
b152 481 58 497 77
b153 268 384 298 425
b154 448 249 465 271
b155 497 58 511 83
b156 273 20 289 48
b157 149 495 174 515
b158 404 288 417 311
b159 149 222 193 254
b160 325 500 352 516
b161 114 412 161 458
b162 163 78 194 96
b163 0 48 22 81
b164 84 327 125 363
b165 372 491 389 512
b166 84 363 118 399
b167 112 458 149 494
b168 494 320 535 344
b169 197 311 236 335
b170 115 106 144 151
b171 342 207 364 247
b172 313 379 326 406
b173 405 241 430 273
b174 495 496 511 539
b175 174 535 189 551
b176 283 522 321 555
b177 0 392 41 429
b178 313 406 330 425
b179 435 368 469 414
b180 352 465 371 505
b181 241 481 271 509
b182 492 125 537 149
b183 349 0 382 39
b184 211 509 236 555
b185 512 34 539 68
b186 447 467 478 500
b187 108 517 144 555
b188 174 495 211 535
b189 364 337 408 349
b190 241 428 268 465
b191 117 90 151 106
b192 33 0 81 29
b193 228 356 261 373
b194 330 270 358 283
b195 0 335 13 368
b196 63 214 104 255
b197 511 505 539 542
b198 127 153 146 201
b199 379 176 410 212
b200 185 335 228 372
b201 469 365 495 394
b202 334 48 368 87
b203 439 114 454 142
b204 261 343 294 384
b205 404 273 425 288
b206 136 291 178 326
b207 270 197 298 230
b208 217 45 237 72
b209 127 357 172 393
b210 13 368 26 392
b211 72 425 84 441
b212 149 201 191 222
b213 298 270 330 284
b214 347 337 364 364
b215 417 288 446 309
b216 222 94 264 113
b217 92 467 112 515
b218 0 292 15 335
b219 379 109 397 137
b220 104 253 134 290
b221 162 0 175 45
b222 286 100 320 125
b223 144 121 166 140
b224 208 120 229 165
b225 408 321 446 368
b226 381 137 397 176
b227 151 96 183 109
b228 62 194 83 214
b229 102 0 126 48
b230 15 335 45 368
b231 211 493 241 509
b232 392 408 434 431
b233 264 90 280 103
b234 96 399 114 432
b235 46 470 92 492
b236 0 429 39 456
b237 190 447 211 487
b238 230 277 269 304
b239 283 454 323 476
b240 514 432 533 455
b241 451 56 475 69
b242 167 149 207 171
b243 289 0 323 37
b244 475 45 512 58
b245 298 140 334 164
b246 370 65 393 109
b247 372 455 411 491
b248 52 151 83 194
b249 325 465 352 500
b250 175 0 206 34
b251 197 240 240 274
b252 276 125 295 153
b253 389 491 402 506
b254 69 534 93 547
b255 0 81 47 120
b256 38 252 59 265
b257 375 392 392 425
b258 243 233 277 277
b259 72 374 84 400
b260 185 296 197 315
b261 344 283 356 328
b262 364 212 412 239
b263 236 509 283 555
b264 494 102 539 125
b265 298 357 313 402
b266 286 55 334 100
b267 435 414 469 453
b268 38 230 63 252
b269 342 189 379 207
b270 458 69 481 84
b271 393 368 435 392
b272 0 456 24 491
b273 39 534 69 555
b274 0 187 33 208
b275 483 152 505 180
b276 435 453 466 467
b277 358 255 405 267
b278 190 384 203 426
b279 495 192 534 235
b280 41 374 72 396
b281 430 241 448 271
b282 470 249 500 293
b283 69 315 82 330
b284 449 533 479 554
b285 228 343 261 356
b286 411 467 447 508
b287 448 228 490 249
b288 81 48 117 76
b289 197 274 230 311
b290 364 239 391 255
b291 505 149 533 192
b292 47 77 71 116
b293 364 349 407 368
b294 110 291 136 308
b295 382 0 395 43
b296 241 465 268 481
b297 147 326 185 357
b298 393 76 433 109
b299 481 77 494 90
