385611.5
577623
193600
440 440
180.401491
b0 268 325 304 341
b1 327 160 366 179
b2 225 95 260 136
b3 40 136 87 154
b4 0 223 32 249
b5 177 0 212 31
b6 87 123 116 136
b7 114 222 135 250
b8 35 210 67 225
b9 333 90 379 124
b10 262 65 294 110
b11 0 196 36 210
b12 78 204 114 246
b13 369 124 414 172
b14 249 145 274 160
b15 144 395 190 440
b16 0 273 18 295
b17 335 411 368 437
b18 46 331 65 365
b19 230 275 242 305
b20 242 275 275 303
b21 0 42 44 81
b22 130 274 156 313
b23 278 280 318 305
b24 38 195 63 210
b25 333 124 369 160
b26 394 414 437 439
b27 162 0 177 34
b28 278 242 324 280
b29 223 366 260 378
b30 393 278 410 305
b31 268 380 305 396
b32 46 308 78 331
b33 129 90 147 126
b34 0 177 38 196
b35 175 358 190 391
b36 0 81 28 93
b37 366 292 387 308
b38 156 305 182 338
b39 35 0 65 42
b40 44 45 72 86
b41 274 145 290 161
b42 205 136 249 155
b43 165 224 199 264
b44 109 43 136 59
b45 120 347 157 361
b46 221 260 269 275
b47 55 179 78 193
b48 173 198 197 224
b49 137 38 177 69
b50 87 90 129 123
b51 37 86 85 113
b52 335 384 372 411
b53 234 19 252 36
b54 32 237 75 253
b55 295 145 308 191
b56 0 152 22 177
b57 78 154 97 202
b58 373 0 392 41
b59 234 180 280 226
b60 0 0 35 30
b61 190 337 223 371
b62 258 20 295 65
b63 177 100 192 135
b64 177 53 225 100
b65 305 309 335 342
b66 362 308 393 339
b67 0 402 44 439
b68 102 250 137 274
b69 393 347 412 385
b70 319 0 333 36
b71 324 262 366 296
b72 142 361 175 395
b73 78 377 116 395
b74 414 98 432 127
b75 371 172 394 199
b76 63 193 75 207
b77 0 249 16 273
b78 305 364 331 407
b79 290 191 327 210
b80 357 179 371 194
b81 268 305 300 325
b82 297 407 329 440
b83 190 398 209 435
b84 0 93 37 136
b85 0 365 48 402
b86 361 199 385 223
b87 88 395 107 440
b88 377 44 405 87
b89 280 230 315 242
b90 78 246 102 291
b91 44 411 88 439
b92 32 253 74 277
b93 132 69 175 90
b94 40 179 55 195
b95 147 90 172 126
b96 414 127 439 172
b97 40 154 68 179
b98 114 274 130 300
b99 258 0 295 20
b100 97 179 124 204
b101 333 0 373 48
b102 137 0 162 38
b103 379 87 411 119
b104 165 264 201 289
b105 199 226 241 257
b106 209 398 248 432
b107 223 350 268 366
b108 18 249 30 282
b109 411 86 433 98
b110 37 113 81 136
b111 222 378 240 391
b112 30 290 76 308
b113 109 0 137 43
b114 308 145 327 184
b115 225 65 262 95
b116 97 137 134 179
b117 197 198 234 222
b118 268 341 303 380
b119 295 0 319 36
b120 173 183 218 198
b121 182 305 227 337
b122 327 179 357 222
b123 0 210 35 223
b124 134 126 173 139
b125 394 385 412 413
b126 295 36 333 64
b127 305 342 329 364
b128 412 378 437 414
b129 394 172 440 216
b130 65 0 109 45
b131 280 210 316 230
b132 241 161 279 177
b133 116 123 128 137
b134 165 289 194 305
b135 219 0 234 37
b136 234 0 258 19
b137 22 152 40 174
b138 0 295 30 317
b139 192 100 225 131
b140 102 274 114 290
b141 130 313 155 347
b142 48 365 75 411
b143 392 0 438 44
b144 201 276 230 301
b145 359 339 393 384
b146 295 111 328 145
b147 120 361 132 392
b148 361 223 378 248
b149 335 325 357 347
b150 324 296 354 309
b151 335 309 362 325
b152 78 291 111 324
b153 35 225 75 237
b154 333 48 377 90
b155 366 248 379 260
b156 78 336 120 355
b157 248 378 260 420
b158 177 135 205 152
b159 335 347 359 383
b160 78 324 114 336
b161 72 45 91 76
b162 219 37 249 49
b163 0 317 46 364
b164 190 371 222 398
b165 124 181 157 222
b166 114 300 126 336
b167 85 76 132 90
b168 107 414 144 439
b169 137 222 165 268
b170 372 385 394 430
b171 260 110 294 145
b172 177 152 202 183
b173 177 31 219 53
b174 393 258 418 278
b175 0 30 34 42
b176 157 179 173 199
b177 412 347 433 378
b178 405 66 421 86
b179 227 305 268 350
b180 366 271 385 292
b181 134 139 149 181
b182 225 49 258 61
b183 0 136 37 152
b184 201 257 221 276
b185 30 277 74 290
b186 379 223 392 271
b187 118 392 142 414
b188 149 139 173 179
b189 157 338 188 358
b190 241 226 278 260
b191 260 396 297 438
b192 405 44 433 66
b193 392 216 435 258
b194 393 305 436 347
b195 205 155 241 180
b196 91 59 130 75
b197 295 64 330 111
b198 78 355 118 377
b199 327 222 361 262
