253028.25
307144.5
198912
444 448
11.937932
b0 379 37 422 70
b1 379 0 444 37
b2 66 332 119 366
b3 325 256 362 323
b4 225 48 254 67
b5 186 124 235 163
b6 275 212 293 252
b7 235 212 275 234
b8 312 342 362 404
b9 308 404 324 445
b10 377 255 429 273
b11 315 117 354 176
b12 362 342 390 403
b13 205 67 253 124
b14 0 215 43 278
b15 0 282 59 334
b16 0 407 57 443
b17 324 404 390 448
b18 225 0 276 48
b19 362 273 393 323
b20 296 75 315 112
b21 246 327 310 377
b22 377 131 411 180
b23 0 53 49 73
b24 101 418 146 446
b25 186 0 225 54
b26 393 273 433 328
b27 219 265 244 330
b28 246 377 292 416
b29 0 191 62 215
b30 186 316 210 342
b31 323 91 357 117
b32 62 197 115 240
b33 308 176 343 198
b34 323 37 377 64
b35 235 234 273 265
b36 62 23 101 90
b37 357 91 377 151
b38 411 198 434 255
b39 0 73 55 125
b40 413 349 442 375
b41 323 64 378 91
b42 0 0 62 53
b43 62 151 123 197
b44 121 0 186 47
b45 22 384 66 407
b46 286 259 325 281
b47 186 229 219 294
b48 235 185 292 212
b49 312 209 377 256
b50 411 131 443 198
b51 62 240 119 278
b52 62 278 107 332
b53 393 328 436 349
b54 294 198 312 259
b55 377 180 411 236
b56 123 131 186 148
b57 276 0 323 18
b58 121 47 167 81
b59 149 81 186 131
b60 62 0 102 23
b61 390 349 413 382
b62 102 0 121 60
b63 107 280 152 316
b64 102 81 149 131
b65 186 342 243 398
b66 123 148 184 215
b67 66 366 110 406
b68 390 382 442 445
b69 254 117 308 144
b70 254 75 296 117
b71 119 215 141 279
b72 378 70 439 131
b73 119 319 186 380
b74 110 380 152 418
b75 377 236 405 255
b76 186 294 219 316
b77 0 125 57 191
b78 62 114 98 146
b79 186 398 246 439
b80 357 151 373 209
b81 22 334 62 384
b82 276 18 323 75
b83 244 265 260 287
b84 0 334 22 401
b85 98 131 123 151
b86 323 0 379 37
b87 57 407 101 446
b88 62 90 99 114
b89 167 54 205 81
b90 152 280 185 319
b91 152 380 185 436
b92 260 265 286 281
b93 141 215 176 280
b94 235 144 294 185
b95 325 323 376 342
b96 246 287 312 327
b97 43 215 60 282
b98 246 416 308 438
b99 186 163 235 229
