250646.75
301485.5
199808
446 448
6.926602
b0 264 228 297 271
b1 299 57 364 94
b2 297 203 331 256
b3 197 231 264 268
b4 372 429 401 448
b5 259 0 308 39
b6 0 430 40 448
b7 191 268 213 308
b8 209 45 259 107
b9 132 304 148 345
b10 417 90 435 142
b11 197 107 236 166
b12 154 356 215 384
b13 25 277 82 325
b14 373 301 436 344
b15 215 394 274 446
b16 51 95 87 152
b17 331 203 375 269
b18 0 93 51 141
b19 82 290 132 321
b20 274 378 311 397
b21 161 384 211 448
b22 153 164 187 213
b23 95 378 144 398
b24 370 344 415 372
b25 0 326 39 380
b26 259 39 299 94
b27 132 213 197 238
b28 41 0 87 39
b29 310 413 372 437
b30 153 101 179 125
b31 409 260 435 294
b32 393 155 446 198
b33 50 152 85 174
b34 40 421 94 448
b35 335 24 373 55
b36 303 94 370 133
b37 133 68 153 128
b38 109 198 132 255
b39 57 200 109 255
b40 259 94 288 120
b41 40 394 95 421
b42 303 150 365 203
b43 129 22 190 68
b44 370 90 417 155
b45 370 155 393 199
b46 39 325 78 347
b47 87 0 120 65
b48 308 0 335 57
b49 274 272 321 337
b50 400 0 432 67
b51 215 356 272 394
b52 193 0 247 45
b53 19 256 62 277
b54 213 271 274 289
b55 51 39 85 95
b56 372 412 435 429
b57 352 335 370 382
b58 87 107 133 141
b59 0 141 50 178
b60 148 304 171 344
b61 400 67 433 90
b62 82 271 142 290
b63 274 397 310 442
b64 40 347 90 394
b65 0 200 57 256
b66 236 120 303 181
b67 370 372 414 412
b68 321 272 373 335
b69 373 0 400 54
b70 87 65 129 107
b71 129 0 193 22
b72 375 199 436 260
b73 213 289 274 356
b74 171 308 209 350
b75 0 256 19 284
b76 132 345 154 378
b77 87 141 153 198
b78 373 269 409 301
b79 0 0 41 60
b80 62 255 120 271
b81 0 380 40 430
b82 236 181 293 228
b83 0 284 16 306
b84 0 178 67 200
b85 0 306 25 326
b86 95 321 132 377
b87 153 125 197 164
b88 335 0 372 24
b89 311 386 349 413
b90 0 60 39 93
b91 153 68 209 101
b92 297 256 323 272
b93 197 166 232 231
b94 274 337 333 378
b95 333 335 352 386
b96 95 398 161 438
b97 303 133 370 150
b98 415 344 437 406
b99 142 238 191 304
