673061.25
755698.5
590424
292 2022
13.673962
b0 34 1048 77 1081
b1 94 1187 159 1224
b2 0 1184 53 1218
b3 171 18 208 85
b4 146 156 175 175
b5 157 401 196 450
b6 171 0 211 18
b7 181 1266 203 1306
b8 242 63 292 125
b9 164 608 180 649
b10 175 156 193 208
b11 0 1258 39 1317
b12 127 1506 188 1534
b13 205 1363 253 1420
b14 77 1254 140 1297
b15 82 1135 141 1187
b16 84 1388 120 1445
b17 98 1826 142 1892
b18 34 997 82 1048
b19 186 850 217 900
b20 106 809 143 828
b21 121 997 185 1047
b22 107 254 156 288
b23 34 1113 54 1162
b24 61 809 106 837
b25 81 288 135 327
b26 124 473 179 513
b27 89 1445 114 1510
b28 146 208 185 254
b29 89 1510 113 1572
b30 147 0 171 26
b31 124 513 150 547
b32 53 1663 96 1716
b33 135 401 157 436
b34 34 65 61 119
b35 82 1019 113 1057
b36 107 23 146 90
b37 81 584 101 644
b38 106 828 129 885
b39 61 885 113 940
b40 81 0 107 29
b41 113 1080 140 1135
b42 99 756 161 809
b43 61 951 122 997
b44 96 1720 161 1767
b45 204 85 227 129
b46 82 997 121 1019
b47 99 644 164 677
b48 147 85 204 112
b49 34 0 81 65
b50 53 1794 120 1826
b51 96 1663 134 1720
b52 44 1826 98 1871
b53 81 327 124 348
b54 114 1445 132 1506
b55 0 0 34 56
b56 67 1313 84 1376
b57 154 288 172 335
b58 39 1927 85 1961
b59 81 547 131 584
b60 107 0 147 23
b61 135 450 168 473
b62 84 1313 144 1332
b63 53 1716 89 1761
b64 99 677 149 724
b65 84 1332 141 1388
b66 131 547 198 608
b67 0 1218 44 1258
b68 211 0 263 63
b69 89 1767 143 1794
b70 144 1224 186 1266
b71 141 1363 205 1385
b72 0 1961 61 2022
b73 180 608 241 675
b74 61 644 99 686
b75 135 288 154 316
b76 67 1445 89 1478
b77 144 1306 210 1363
b78 34 1081 70 1113
b79 67 1572 127 1613
b80 107 90 123 148
b81 67 1613 107 1663
b82 185 756 232 813
b83 123 90 145 106
b84 0 1162 67 1184
b85 143 809 163 834
b86 186 813 242 850
b87 147 112 186 156
b88 144 1266 181 1290
b89 179 450 217 477
b90 121 1047 160 1080
b91 134 1534 190 1567
b92 70 1297 96 1313
b93 44 1892 109 1927
b94 172 254 213 313
b95 149 737 200 756
b96 113 885 153 951
b97 77 1187 94 1254
b98 164 675 186 737
b99 154 335 203 401
