1227695.5
1780951
674440
260 2594
251.426752
b0 160 1560 196 1576
b1 64 1040 83 1079
b2 36 2242 77 2277
b3 118 525 136 572
b4 107 876 133 908
b5 101 179 136 210
b6 19 2529 48 2542
b7 112 597 140 618
b8 83 1126 115 1141
b9 36 2332 82 2366
b10 158 1476 203 1508
b11 43 0 57 36
b12 14 2456 50 2498
b13 64 1256 112 1301
b14 118 572 133 597
b15 69 1683 114 1729
b16 94 562 112 584
b17 126 1450 159 1476
b18 200 1508 234 1527
b19 69 1472 99 1484
b20 43 794 71 827
b21 94 618 138 657
b22 144 1157 170 1196
b23 87 2179 127 2204
b24 0 2579 25 2594
b25 70 1757 106 1793
b26 83 1101 126 1126
b27 110 827 144 842
b28 0 1822 46 1860
b29 71 829 83 866
b30 120 1132 137 1159
b31 84 2011 121 2027
b32 91 1837 114 1869
b33 116 731 134 767
b34 36 2277 55 2315
b35 83 1068 98 1101
b36 98 1068 126 1080
b37 150 829 166 850
b38 160 1591 193 1617
b39 115 689 145 731
b40 101 0 129 41
b41 27 0 43 16
b42 108 1175 127 1219
b43 83 842 123 876
b44 150 779 177 795
b45 27 1785 41 1822
b46 160 1576 208 1591
b47 92 2204 115 2218
b48 55 2306 79 2332
b49 19 2498 59 2529
b50 77 2264 110 2306
b51 141 64 168 112
b52 42 1378 69 1415
b53 158 1542 175 1560
b54 91 1890 134 1906
b55 82 1575 95 1621
b56 137 1132 159 1157
b57 126 253 145 301
b58 176 1617 195 1658
b59 84 301 130 347
b60 179 64 209 99
b61 129 0 162 34
b62 27 1040 64 1085
b63 59 2049 74 2084
b64 69 731 116 779
b65 130 1610 160 1643
b66 76 1301 107 1332
b67 0 2542 44 2579
b68 88 1332 123 1356
b69 89 1161 108 1199
b70 128 1812 164 1826
b71 158 1508 200 1542
b72 123 1313 157 1346
b73 69 347 87 385
b74 42 1360 71 1378
b75 57 522 80 549
b76 0 1885 14 1897
b77 120 1159 144 1175
b78 43 549 69 592
b79 121 347 140 384
b80 69 779 83 794
b81 46 2084 78 2104
b82 39 2366 71 2399
b83 62 1809 81 1846
b84 102 488 145 525
b85 89 1219 137 1256
b86 42 1415 66 1439
b87 124 1950 169 1969
b88 130 1655 158 1698
b89 129 34 141 69
b90 87 1426 132 1450
b91 57 0 101 28
b92 137 159 179 183
b93 62 1990 105 2011
b94 81 1906 96 1922
b95 71 1401 107 1426
b96 71 876 96 921
b97 83 1040 108 1068
b98 46 1809 62 1835
b99 126 1011 163 1031
b100 0 0 27 25
b101 162 0 202 48
b102 59 2011 84 2049
b103 129 657 161 689
b104 0 1860 36 1885
b105 27 1683 69 1714
b106 87 347 121 386
b107 46 1793 91 1809
b108 203 225 236 237
b109 64 1301 76 1323
b110 62 1967 106 1990
b111 44 2542 62 2555
b112 69 1426 87 1472
b113 27 1757 70 1785
b114 91 1793 130 1812
b115 101 223 138 253
b116 177 183 214 225
b117 94 525 118 562
b118 71 794 110 829
b119 14 2386 38 2422
b120 81 1922 96 1967
b121 112 1256 144 1301
b122 114 1860 157 1890
b123 83 1621 96 1656
b124 46 1835 59 1874
b125 69 1729 87 1757
b126 136 195 174 223
b127 68 2204 92 2226
b128 99 2218 135 2243
b129 82 1529 126 1575
b130 63 921 107 966
b131 101 159 137 179
b132 162 48 200 64
b133 115 657 129 669
b134 71 1385 100 1401
b135 69 28 84 65
b136 106 1931 130 1950
b137 114 1575 136 1593
b138 49 1661 79 1683
b139 136 525 169 556
b140 68 2226 80 2242
b141 150 795 175 829
b142 203 237 230 283
b143 69 657 115 701
b144 64 1141 89 1170
b145 57 488 102 522
b146 42 1529 75 1563
b147 57 28 69 59
b148 71 1360 88 1385
b149 77 2242 99 2264
b150 63 966 76 996
b151 69 385 85 412
b152 49 1563 82 1596
b153 112 1301 152 1313
b154 108 908 150 952
b155 39 2399 51 2412
b156 71 2366 90 2408
b157 123 767 165 779
b158 130 1593 158 1610
b159 126 1096 150 1132
b160 164 1617 176 1653
b161 68 2145 87 2176
b162 130 1643 160 1655
b163 129 112 175 159
b164 36 2145 68 2172
b165 79 455 120 488
b166 196 1542 232 1554
b167 88 1356 135 1370
b168 91 1812 128 1837
b169 43 1012 89 1040
b170 66 1484 88 1529
b171 128 1826 163 1860
b172 96 1906 127 1931
b173 108 989 150 1011
b174 14 2366 39 2386
b175 100 1370 134 1382
b176 43 827 63 843
b177 82 966 103 997
b178 59 2408 79 2424
b179 46 2104 91 2145
b180 0 2498 19 2519
b181 27 1085 42 1127
b182 137 183 170 195
b183 98 1080 135 1096
b184 78 2049 98 2068
b185 38 2412 51 2456
b186 110 779 123 827
b187 27 1563 49 1587
b188 236 35 260 75
b189 89 1141 120 1161
b190 87 2145 124 2179
b191 108 952 150 989
b192 64 1332 86 1360
b193 79 412 121 455
b194 84 253 126 296
b195 69 549 94 585
b196 43 996 82 1012
b197 202 0 249 35
b198 57 412 79 452
b199 49 1621 83 1661
