560571.5
826375
294768
534 552
569.221548
b0 390 416 417 431
b1 308 0 324 27
b2 276 0 302 22
b3 295 450 340 471
b4 362 193 402 238
b5 506 391 532 407
b6 122 241 149 279
b7 134 73 169 102
b8 16 306 52 327
b9 419 313 463 338
b10 116 296 147 311
b11 340 491 381 515
b12 90 453 109 470
b13 324 0 372 33
b14 30 511 74 532
b15 16 272 31 306
b16 117 343 159 388
b17 66 470 107 507
b18 250 413 293 457
b19 100 139 136 162
b20 107 493 120 510
b21 342 352 386 380
b22 201 0 230 35
b23 334 238 374 255
b24 160 433 184 451
b25 223 218 266 247
b26 390 352 417 370
b27 115 510 153 550
b28 47 422 71 434
b29 500 448 530 477
b30 251 275 279 295
b31 383 291 419 323
b32 314 529 333 551
b33 97 0 143 45
b34 101 209 130 221
b35 405 179 417 205
b36 0 219 30 246
b37 409 431 421 460
b38 506 429 527 448
b39 153 534 165 547
b40 254 90 273 137
b41 28 394 47 430
b42 268 25 293 71
b43 31 254 52 293
b44 421 447 448 471
b45 337 324 362 348
b46 47 470 66 483
b47 146 135 186 177
b48 362 324 396 352
b49 0 487 48 511
b50 435 299 454 313
b51 360 255 376 269
b52 210 150 228 187
b53 153 498 165 534
b54 293 66 323 100
b55 0 193 31 219
b56 160 343 191 389
b57 0 439 47 487
b58 509 264 534 289
b59 228 375 275 413
b60 0 48 16 87
b61 0 327 45 358
b62 298 207 334 253
b63 464 479 500 525
b64 323 66 356 81
b65 360 269 383 282
b66 264 147 309 189
b67 421 471 454 485
b68 0 394 28 439
b69 334 193 361 229
b70 193 90 209 135
b71 65 25 97 59
b72 105 221 120 253
b73 107 481 153 493
b74 261 457 295 500
b75 467 289 487 326
b76 0 358 39 394
b77 99 342 117 382
b78 334 151 350 193
b79 210 419 250 444
b80 293 22 308 58
b81 452 382 467 414
b82 349 38 388 62
b83 227 515 268 552
b84 441 68 475 106
b85 230 341 273 375
b86 344 81 388 120
b87 487 133 532 181
b88 160 389 189 433
b89 30 532 72 552
b90 418 485 464 509
b91 362 172 405 193
b92 101 162 146 209
b93 390 396 414 416
b94 70 213 101 232
b95 191 375 228 419
b96 162 241 195 287
b97 209 80 249 95
b98 452 414 465 449
b99 105 279 145 296
b100 89 59 134 103
b101 0 511 30 547
b102 295 100 331 140
b103 467 327 501 361
b104 45 345 87 359
b105 111 448 146 481
b106 417 338 429 371
b107 437 382 452 414
b108 372 0 409 38
b109 52 303 98 345
b110 488 94 530 133
b111 389 120 402 141
b112 388 461 418 486
b113 487 0 511 36
b114 210 116 254 150
b115 227 472 261 494
b116 250 71 278 90
b117 143 34 164 73
b118 487 289 531 327
b119 223 247 251 292
b120 228 150 264 186
b121 230 25 268 59
b122 207 472 227 515
b123 511 0 534 36
b124 70 232 105 263
b125 487 181 533 223
b126 463 154 475 176
b127 275 370 300 413
b128 419 258 463 286
b129 441 106 463 140
b130 65 107 95 133
b131 340 446 388 491
b132 98 303 116 342
b133 429 338 444 381
b134 424 211 458 258
b135 227 500 272 515
b136 71 420 83 457
b137 189 419 210 447
b138 195 290 223 332
b139 281 258 318 294
b140 350 120 362 163
b141 318 323 337 368
b142 353 380 390 407
b143 201 515 226 539
b144 300 389 340 404
b145 419 286 464 299
b146 340 413 388 446
b147 241 295 271 337
b148 388 38 408 56
b149 273 100 295 147
b150 478 266 509 289
b151 271 189 313 207
b152 134 102 153 118
b153 130 211 171 241
b154 105 253 122 275
b155 464 248 478 273
b156 0 272 16 300
b157 77 0 97 25
b158 86 359 99 382
b159 409 0 441 44
b160 0 300 16 327
b161 0 146 46 193
b162 313 140 331 171
b163 402 205 424 238
b164 489 58 530 94
b165 451 449 468 470
b166 441 34 477 68
b167 0 109 36 146
b168 186 135 210 176
b169 463 115 487 154
b170 273 341 318 370
b171 489 36 529 58
b172 496 533 523 546
b173 271 207 296 239
b174 46 144 62 187
b175 362 137 377 153
b176 62 139 100 172
b177 493 223 530 264
b178 281 239 298 258
b179 441 0 487 34
b180 86 263 105 303
b181 251 247 281 275
b182 115 401 160 425
b183 500 477 533 516
b184 230 0 276 25
b185 459 187 486 221
b186 190 187 223 218
b187 165 514 201 552
b188 293 413 333 450
b189 189 0 201 44
b190 117 311 154 338
b191 185 56 201 90
b192 223 189 271 218
b193 62 172 95 189
b194 424 381 437 409
b195 192 475 205 508
b196 74 510 115 551
b197 195 218 223 255
b198 362 153 410 172
b199 408 44 439 80
b200 193 332 230 375
b201 0 246 29 272
b202 153 464 192 498
b203 192 447 207 475
b204 308 33 349 66
b205 143 0 158 21
b206 348 282 383 324
b207 83 420 111 453
b208 458 221 478 248
b209 381 491 417 536
b210 340 389 353 413
b211 278 71 290 87
b212 272 530 314 551
b213 410 147 424 179
b214 362 120 389 137
b215 396 323 417 352
b216 300 370 342 389
b217 0 0 20 48
b218 478 223 493 266
b219 331 123 349 151
b220 272 500 309 530
b221 149 241 162 286
b222 390 371 424 396
b223 0 87 19 109
b224 209 35 230 80
b225 424 140 462 187
b226 379 536 418 552
b227 475 83 488 115
b228 230 59 250 80
b229 65 59 89 107
b230 421 414 451 447
b231 169 56 185 86
b232 115 425 157 448
b233 419 299 435 312
b234 223 292 241 325
b235 149 287 195 309
b236 457 525 496 552
b237 317 471 338 511
b238 47 359 86 386
b239 30 232 70 254
b240 62 189 85 208
b241 201 539 225 552
b242 402 107 424 147
b243 52 263 86 300
b244 117 388 154 401
b245 47 386 71 422
b246 444 338 467 382
b247 95 103 134 139
b248 376 238 419 269
b249 195 255 222 290
b250 158 0 189 34
b251 146 177 189 211
b252 171 211 190 239
b253 464 273 477 288
b254 85 189 98 213
b255 467 394 506 441
b256 159 451 180 464
b257 424 107 441 140
b258 71 386 115 420
b259 97 45 123 57
b260 65 0 77 19
b261 164 44 209 56
b262 393 80 441 107
b263 271 295 318 341
b264 36 99 59 144
b265 19 84 64 99
b266 20 0 65 48
b267 154 309 193 343
b268 295 471 317 496
b269 356 62 393 80
b270 48 483 63 506
b271 318 255 360 279
b272 424 187 459 211
b273 313 171 334 201
b274 501 327 534 348
b275 506 407 534 429
b276 120 493 151 507
b277 477 36 489 83
b278 331 81 344 123
b279 418 509 457 552
b280 383 269 414 291
b281 309 511 339 529
b282 318 279 348 323
b283 146 448 159 463
b284 388 431 409 461
b285 161 102 174 135
b286 16 48 57 84
b287 209 95 251 116
b288 210 444 246 472
b289 467 361 504 394
b290 165 498 192 514
b291 506 348 534 391
b292 31 193 55 232
b293 174 90 193 133
b294 500 516 526 533
b295 47 457 90 470
b296 134 118 161 134
b297 468 441 499 479
b298 339 515 379 548
b299 388 107 401 120
