381167
572676
189658
434 437
162.073731
b0 304 348 320 384
b1 166 12 185 51
b2 200 113 241 148
b3 0 0 18 47
b4 403 384 429 416
b5 400 278 431 313
b6 111 271 124 300
b7 49 360 70 388
b8 97 0 129 15
b9 254 69 300 103
b10 97 16 142 48
b11 35 401 49 437
b12 306 209 342 251
b13 45 117 90 165
b14 62 335 77 360
b15 261 248 306 294
b16 213 367 235 385
b17 271 157 304 183
b18 301 314 320 348
b19 166 0 196 12
b20 255 381 288 409
b21 197 148 241 187
b22 174 76 200 115
b23 261 316 286 356
b24 185 12 200 37
b25 90 123 126 159
b26 159 51 202 76
b27 0 47 15 81
b28 73 289 111 335
b29 0 236 37 248
b30 130 273 147 300
b31 83 227 99 264
b32 406 105 429 137
b33 313 81 331 117
b34 365 384 403 403
b35 365 419 398 434
b36 379 60 391 88
b37 95 420 116 436
b38 174 115 200 148
b39 324 125 366 155
b40 0 332 28 373
b41 107 384 123 400
b42 379 41 423 60
b43 202 23 242 57
b44 365 403 392 419
b45 93 48 107 85
b46 194 422 242 437
b47 408 228 431 242
b48 176 305 202 329
b49 320 369 360 400
b50 126 51 159 93
b51 304 157 352 184
b52 405 155 432 192
b53 202 92 219 110
b54 95 335 111 378
b55 342 204 355 250
b56 355 222 380 244
b57 389 228 408 276
b58 379 0 398 41
b59 214 222 260 268
b60 16 75 51 105
b61 18 41 51 75
b62 279 120 324 157
b63 286 316 301 351
b64 352 157 400 204
b65 126 114 159 144
b66 37 236 68 267
b67 164 190 208 227
b68 142 16 166 51
b69 17 217 55 236
b70 28 332 42 368
b71 323 400 365 434
b72 289 400 323 433
b73 17 199 55 217
b74 360 365 389 383
b75 255 409 278 436
b76 147 185 161 197
b77 123 185 147 201
b78 242 43 285 69
b79 80 190 99 227
b80 185 37 200 51
b81 398 416 430 436
b82 398 0 431 32
b83 45 165 82 184
b84 0 248 37 291
b85 207 385 255 422
b86 99 190 123 214
b87 260 229 305 248
b88 151 409 194 437
b89 71 227 83 262
b90 306 251 351 275
b91 147 302 175 346
b92 335 76 377 100
b93 389 363 432 384
b94 159 76 174 92
b95 55 184 80 220
b96 0 108 45 133
b97 261 356 289 381
b98 285 43 301 69
b99 127 300 147 337
b100 162 247 187 274
b101 213 327 261 367
b102 304 184 342 209
b103 130 241 162 273
b104 369 132 405 157
b105 30 292 72 323
b106 51 69 90 103
b107 111 339 127 384
b108 244 0 256 33
b109 202 305 214 327
b110 200 0 244 23
b111 307 275 320 293
b112 49 397 95 415
b113 147 274 190 302
b114 145 201 164 240
b115 241 150 271 187
b116 320 277 357 319
b117 99 214 123 251
b118 202 57 241 92
b119 408 242 432 278
b120 159 92 174 137
b121 0 133 45 165
b122 335 46 378 76
b123 176 329 211 342
b124 300 81 313 120
b125 355 204 383 222
b126 126 157 164 185
b127 383 204 405 228
b128 73 264 109 289
b129 388 319 434 363
b130 217 268 261 313
b131 242 130 278 150
b132 320 353 358 369
b133 0 303 14 315
b134 14 303 30 332
b135 369 105 406 120
b136 49 415 73 434
b137 406 137 428 155
b138 261 294 291 316
b139 90 159 123 190
b140 55 220 71 232
b141 335 100 369 125
b142 187 227 214 273
b143 335 0 379 46
b144 151 346 176 375
b145 0 165 45 199
b146 355 244 389 277
b147 176 384 207 396
b148 70 380 95 397
b149 73 415 95 437
b150 174 148 187 178
b151 0 81 16 108
b152 93 90 126 123
b153 45 105 85 117
b154 260 187 304 229
b155 127 337 140 349
b156 107 48 126 90
b157 95 378 107 420
b158 0 199 17 227
b159 408 192 432 228
b160 242 69 254 105
b161 301 62 332 81
b162 0 291 30 303
b163 51 0 97 47
b164 190 273 217 305
b165 18 0 51 41
b166 369 120 405 132
b167 214 313 261 327
b168 242 105 279 130
b169 360 319 388 365
b170 128 389 150 434
b171 0 401 35 435
b172 298 0 329 25
b173 51 47 93 69
b174 70 360 95 380
b175 116 400 128 434
b176 164 227 180 247
b177 126 93 157 114
b178 291 294 307 314
b179 391 60 432 105
b180 219 92 238 113
b181 289 351 304 393
b182 164 178 197 190
b183 129 0 166 16
b184 111 251 130 271
b185 151 396 195 409
b186 126 144 174 157
b187 0 373 24 395
b188 127 349 151 389
b189 42 323 62 354
b190 301 25 335 62
b191 176 342 213 384
b192 24 373 46 401
b193 357 277 400 319
b194 256 0 298 43
b195 37 267 73 292
b196 111 300 127 339
b197 208 187 255 222
b198 123 201 145 241
b199 320 319 360 353
