565279.25
828614.5
301944
547 552
439.846454
b0 120 133 147 148
b1 185 426 201 453
b2 261 327 287 349
b3 48 196 69 241
b4 185 149 230 189
b5 457 246 473 272
b6 132 366 170 393
b7 49 427 78 462
b8 257 505 293 526
b9 0 110 44 135
b10 45 256 60 287
b11 229 526 270 550
b12 268 349 287 366
b13 120 393 153 441
b14 141 467 185 488
b15 319 242 334 276
b16 242 140 284 185
b17 86 0 127 37
b18 171 189 214 233
b19 135 227 171 250
b20 151 169 164 186
b21 396 269 424 313
b22 45 336 74 371
b23 368 314 408 331
b24 40 493 64 511
b25 488 79 517 122
b26 490 522 508 549
b27 38 387 76 427
b28 441 133 465 145
b29 41 42 70 72
b30 229 501 257 521
b31 263 0 295 36
b32 127 258 146 280
b33 484 208 530 253
b34 230 148 242 177
b35 99 258 125 270
b36 463 522 490 552
b37 315 346 327 375
b38 347 189 368 208
b39 326 171 338 184
b40 518 379 537 426
b41 332 341 368 360
b42 411 159 457 184
b43 326 203 347 242
b44 460 205 484 232
b45 78 435 102 460
b46 457 156 470 175
b47 446 93 488 133
b48 285 250 319 278
b49 0 445 24 493
b50 457 232 476 246
b51 153 435 167 451
b52 332 276 350 313
b53 414 43 450 55
b54 508 459 538 493
b55 295 36 326 62
b56 472 379 518 410
b57 205 345 253 392
b58 288 225 313 250
b59 0 147 47 185
b60 60 257 76 296
b61 82 314 127 345
b62 350 278 396 314
b63 299 104 345 140
b64 0 205 33 220
b65 76 257 99 270
b66 41 0 86 42
b67 475 156 489 189
b68 0 349 45 377
b69 332 314 368 341
b70 174 304 190 349
b71 214 0 248 32
b72 366 90 398 105
b73 303 540 349 552
b74 47 146 90 180
b75 104 459 141 479
b76 0 33 39 69
b77 345 77 363 117
b78 287 401 303 443
b79 216 254 256 279
b80 368 149 404 164
b81 284 102 299 134
b82 509 36 533 75
b83 67 510 104 551
b84 101 204 135 242
b85 393 470 427 513
b86 372 196 411 240
b87 472 410 517 458
b88 82 270 126 299
b89 132 280 174 300
b90 489 164 535 188
b91 488 36 509 79
b92 0 302 45 349
b93 326 36 346 60
b94 451 58 482 77
b95 473 294 517 331
b96 395 413 441 446
b97 401 398 441 413
b98 341 505 354 540
b99 349 149 366 189
b100 127 0 171 45
b101 90 101 120 137
b102 288 310 328 346
b103 332 0 366 34
b104 153 393 167 435
b105 244 77 277 112
b106 427 491 460 503
b107 69 242 101 257
b108 288 140 326 177
b109 299 62 345 104
b110 332 360 371 402
b111 437 456 458 469
b112 132 300 157 330
b113 503 331 539 355
b114 185 453 229 487
b115 434 376 468 398
b116 69 223 97 242
b117 374 406 395 445
b118 0 72 44 110
b119 171 233 216 261
b120 180 488 216 524
b121 0 411 38 445
b122 346 34 366 77
b123 411 221 447 244
b124 363 118 398 149
b125 44 76 86 122
b126 449 469 461 491
b127 350 480 393 505
b128 133 524 177 552
b129 424 269 446 303
b130 446 272 472 302
b131 166 101 211 149
b132 201 392 240 410
b133 171 261 214 276
b134 461 458 508 492
b135 151 103 166 148
b136 0 135 37 147
b137 229 480 257 501
b138 508 122 536 164
b139 135 190 171 227
b140 374 446 417 458
b141 190 326 235 345
b142 214 111 241 148
b143 501 355 526 379
b144 253 349 268 389
b145 196 279 241 292
b146 288 177 321 225
b147 227 32 257 74
b148 345 117 363 137
b149 424 303 471 325
b150 326 140 349 171
b151 127 45 169 63
b152 326 184 342 203
b153 371 365 401 406
b154 427 470 449 487
b155 368 164 393 178
b156 460 189 488 205
b157 434 356 459 376
b158 398 126 411 149
b159 288 278 332 310
b160 295 467 322 483
b161 240 392 286 439
b162 372 178 403 196
b163 517 253 539 286
b164 257 36 293 77
b165 240 327 261 344
b166 0 377 36 411
b167 295 0 332 36
b168 240 439 281 463
b169 390 0 414 39
b170 104 506 133 551
b171 517 75 539 115
b172 109 37 122 64
b173 89 76 121 101
b174 48 180 91 196
b175 248 0 263 16
b176 391 513 424 551
b177 354 505 391 546
b178 210 530 229 547
b179 0 220 34 266
b180 489 122 508 162
b181 507 493 537 521
b182 169 50 214 74
b183 424 513 463 546
b184 411 244 457 269
b185 64 483 98 510
b186 401 365 434 396
b187 303 483 341 519
b188 45 296 82 336
b189 120 345 132 389
b190 104 479 141 506
b191 101 242 135 258
b192 256 233 285 281
b193 91 187 124 204
b194 153 454 181 467
b195 414 80 447 93
b196 476 253 517 294
b197 451 30 488 58
b198 488 189 536 208
b199 441 420 472 456
b200 414 0 451 43
b201 172 400 201 426
b202 70 42 109 76
b203 41 241 69 256
b204 0 0 41 33
b205 151 148 166 169
b206 201 410 236 452
b207 177 524 210 552
b208 69 196 89 223
b209 488 0 533 36
b210 395 240 408 264
b211 34 205 46 221
b212 78 361 120 382
b213 263 467 295 481
b214 236 463 263 480
b215 40 464 61 493
b216 78 382 120 401
b217 0 185 48 205
b218 82 299 125 314
b219 167 426 185 454
b220 214 74 244 111
b221 447 184 460 229
b222 414 55 448 80
b223 350 208 372 227
b224 517 286 538 331
b225 303 402 350 440
b226 508 521 547 537
b227 334 242 347 274
b228 389 65 409 86
b229 366 0 390 48
b230 411 126 441 159
b231 82 345 112 361
b232 366 48 389 90
b233 24 505 40 518
b234 270 526 303 544
b235 257 483 303 505
b236 40 511 67 550
b237 64 462 104 483
b238 288 346 315 385
b239 350 458 390 480
b240 303 519 326 538
b241 390 52 414 65
b242 0 529 40 551
b243 411 184 445 221
b244 451 77 488 90
b245 0 493 24 529
b246 459 331 503 354
b247 141 488 180 524
b248 171 0 214 31
b249 216 219 243 254
b250 174 349 205 383
b251 371 331 414 365
b252 469 0 488 28
b253 460 175 475 188
b254 214 32 227 56
b255 91 148 138 187
b256 390 39 411 52
b257 157 300 174 333
b258 196 292 240 326
b259 141 441 153 467
b260 37 445 49 464
b261 24 460 36 505
b262 164 74 212 101
b263 241 281 288 327
b264 350 240 395 263
b265 350 263 395 278
b266 243 185 288 233
b267 78 401 117 435
b268 277 77 299 102
b269 104 441 141 459
b270 465 133 480 156
b271 47 122 89 146
b272 287 443 322 467
b273 120 103 141 133
b274 517 426 538 459
b275 174 276 196 304
b276 171 149 185 180
b277 390 458 437 470
b278 138 148 151 190
b279 121 64 164 103
b280 441 398 472 420
b281 451 0 469 30
b282 463 492 507 522
b283 24 445 37 460
b284 214 189 235 219
b285 363 105 396 118
b286 0 266 41 302
b287 459 354 501 375
b288 241 112 277 140
b289 409 93 446 126
b290 45 371 72 387
b291 322 440 350 483
b292 350 406 374 445
b293 171 31 214 50
b294 174 383 200 400
b295 216 487 229 530
b296 288 385 315 401
b297 414 325 452 356
b298 132 333 172 366
b299 146 250 159 263
