383234.5
575500
190969
437 437
156.882804
b0 37 114 73 130
b1 106 399 145 418
b2 106 364 147 399
b3 153 139 171 186
b4 358 0 390 26
b5 42 239 77 270
b6 400 311 413 340
b7 232 400 260 421
b8 266 372 298 387
b9 148 289 194 323
b10 121 101 153 146
b11 139 146 153 182
b12 189 180 225 222
b13 351 90 396 138
b14 73 28 88 53
b15 221 267 266 313
b16 81 240 103 258
b17 325 0 358 26
b18 357 361 376 395
b19 344 201 356 231
b20 0 406 33 434
b21 42 161 86 200
b22 267 292 293 331
b23 295 152 320 192
b24 232 421 257 436
b25 400 340 436 376
b26 268 125 311 150
b27 305 362 339 377
b28 194 355 232 401
b29 339 74 376 86
b30 249 116 266 143
b31 36 37 73 53
b32 171 140 194 172
b33 0 133 36 151
b34 267 331 305 350
b35 71 53 86 86
b36 357 138 385 150
b37 194 312 210 333
b38 0 297 26 330
b39 315 287 357 317
b40 311 77 339 118
b41 118 418 134 434
b42 221 313 265 332
b43 311 118 351 152
b44 146 323 162 350
b45 400 376 437 390
b46 109 259 157 274
b47 0 184 14 207
b48 413 310 437 336
b49 396 86 436 117
b50 0 151 42 184
b51 194 264 221 312
b52 129 64 156 101
b53 396 33 413 51
b54 171 97 187 140
b55 400 265 413 311
b56 293 292 315 317
b57 376 26 395 74
b58 396 51 437 70
b59 259 34 305 80
b60 36 53 71 83
b61 396 117 430 150
b62 0 361 37 406
b63 37 400 52 435
b64 357 150 405 197
b65 202 401 232 434
b66 86 64 117 95
b67 265 387 302 431
b68 376 350 400 385
b69 105 0 143 19
b70 249 80 263 116
b71 109 205 143 247
b72 263 80 296 114
b73 153 101 171 139
b74 171 0 200 18
b75 120 182 147 205
b76 249 143 263 155
b77 268 196 292 212
b78 42 200 85 226
b79 339 395 376 414
b80 68 282 83 296
b81 218 332 250 352
b82 405 194 437 227
b83 0 114 37 133
b84 357 277 400 314
b85 339 26 376 74
b86 77 258 101 282
b87 268 212 313 231
b88 377 197 405 240
b89 219 31 254 43
b90 413 265 437 310
b91 33 86 77 114
b92 221 222 245 264
b93 390 0 433 21
b94 396 70 411 86
b95 177 401 202 437
b96 305 317 330 362
b97 143 0 171 25
b98 42 270 68 286
b99 357 197 377 234
b100 162 323 189 348
b101 42 296 82 344
b102 0 207 38 232
b103 74 403 106 435
b104 225 197 261 222
b105 0 330 42 361
b106 72 364 106 403
b107 42 344 87 360
b108 72 0 105 12
b109 219 0 231 22
b110 405 150 428 194
b111 171 172 189 185
b112 390 418 436 436
b113 216 43 259 71
b114 295 192 334 211
b115 0 0 30 37
b116 30 0 72 37
b117 85 203 109 240
b118 37 361 72 400
b119 376 314 400 350
b120 296 80 311 125
b121 171 20 216 52
b122 194 137 224 180
b123 126 146 139 181
b124 42 226 81 239
b125 339 361 357 389
b126 143 25 171 63
b127 194 333 218 355
b128 212 96 248 121
b129 102 318 146 364
b130 103 274 148 318
b131 167 186 187 222
b132 100 48 138 64
b133 212 121 224 135
b134 26 297 42 326
b135 87 313 102 350
b136 143 233 162 257
b137 413 33 435 51
b138 321 414 351 436
b139 231 0 264 31
b140 290 350 302 366
b141 224 121 249 155
b142 268 150 295 196
b143 330 317 376 361
b144 216 71 245 96
b145 264 0 309 34
b146 86 170 120 203
b147 55 130 67 161
b148 267 267 284 292
b149 143 211 165 233
b150 42 130 55 160
b151 73 12 100 28
b152 320 152 353 185
b153 100 36 140 48
b154 165 222 209 264
b155 106 418 118 431
b156 249 155 268 197
b157 315 275 357 287
b158 105 19 133 36
b159 0 37 36 61
b160 395 21 431 33
b161 86 129 117 148
b162 117 64 129 94
b163 147 350 194 396
b164 145 399 177 426
b165 0 73 33 114
b166 0 61 36 73
b167 232 352 246 399
b168 157 264 194 289
b169 376 390 422 418
b170 245 222 267 267
b171 86 95 121 129
b172 284 267 315 292
b173 0 232 42 254
b174 147 186 167 211
b175 109 247 143 259
b176 334 185 354 201
b177 313 211 344 232
b178 376 74 396 90
b179 171 52 212 97
b180 302 411 321 432
b181 225 155 240 197
b182 209 222 221 255
b183 309 0 325 37
b184 200 0 219 20
b185 73 114 86 158
b186 246 352 259 400
b187 266 350 290 372
b188 187 97 211 137
b189 83 282 103 313
b190 302 377 339 411
b191 357 240 399 277
b192 52 403 74 431
b193 315 232 357 275
b194 0 254 42 297
b195 399 240 435 265
b196 351 418 390 434
b197 268 232 315 267
b198 86 148 126 170
b199 305 37 339 77
