302223.5
403295
201152
448 449
257.059176
b0 295 421 331 437
b1 86 407 125 426
b2 100 0 135 41
b3 362 235 409 253
b4 349 311 375 343
b5 333 279 368 310
b6 333 34 346 63
b7 317 365 338 393
b8 125 317 140 349
b9 333 398 367 444
b10 117 375 162 407
b11 148 31 184 45
b12 138 131 174 173
b13 100 41 148 86
b14 24 328 39 353
b15 100 86 146 131
b16 362 44 384 62
b17 354 0 380 33
b18 197 0 216 34
b19 265 112 277 142
b20 349 143 377 176
b21 280 84 319 128
b22 189 177 228 203
b23 174 376 199 416
b24 194 114 219 129
b25 301 128 337 164
b26 0 279 25 322
b27 0 133 34 148
b28 228 178 274 216
b29 135 0 147 37
b30 351 188 368 215
b31 338 353 354 390
b32 0 419 32 442
b33 73 175 109 193
b34 375 311 394 349
b35 353 110 368 143
b36 189 244 201 272
b37 278 236 299 252
b38 125 291 158 317
b39 377 135 407 177
b40 174 130 202 171
b41 189 203 205 219
b42 139 356 183 375
b43 367 398 401 438
b44 100 131 127 147
b45 23 148 37 185
b46 353 62 368 110
b47 296 338 310 361
b48 93 356 117 382
b49 57 39 88 79
b50 236 216 278 249
b51 289 252 337 279
b52 194 87 231 114
b53 57 232 75 249
b54 333 310 349 353
b55 407 143 420 189
b56 189 222 214 244
b57 357 216 405 235
b58 20 367 39 408
b59 205 314 251 360
b60 249 367 279 402
b61 0 51 33 85
b62 216 0 253 45
b63 42 0 57 35
b64 78 308 125 356
b65 95 238 128 268
b66 318 164 349 195
b67 296 294 333 338
b68 253 0 277 35
b69 394 314 432 333
b70 153 263 189 277
b71 402 280 444 314
b72 368 278 402 311
b73 75 356 93 394
b74 234 113 252 142
b75 310 338 333 365
b76 125 349 139 361
b77 128 263 152 279
b78 403 189 446 215
b79 234 76 253 113
b80 230 45 244 60
b81 39 419 71 439
b82 277 0 309 33
b83 202 244 221 281
b84 140 319 183 356
b85 199 360 236 408
b86 375 349 399 373
b87 256 143 301 162
b88 110 147 138 190
b89 39 407 74 419
b90 0 322 24 367
b91 245 402 273 446
b92 125 407 149 449
b93 202 129 223 172
b94 0 367 16 382
b95 337 242 362 278
b96 384 44 429 69
b97 138 173 166 198
b98 25 257 41 283
b99 0 382 20 419
b100 172 0 197 27
b101 149 215 189 263
b102 279 367 317 392
b103 168 416 200 448
b104 148 105 184 130
b105 0 0 42 31
b106 278 202 317 236
b107 25 283 41 328
b108 42 332 75 344
b109 366 373 388 385
b110 0 148 23 192
b111 277 128 295 141
b112 184 45 230 63
b113 420 143 448 186
b114 81 0 100 39
b115 100 208 137 238
b116 368 98 410 135
b117 57 0 81 37
b118 368 177 403 216
b119 253 76 277 112
b120 221 234 236 279
b121 409 235 441 280
b122 57 202 100 232
b123 236 360 249 395
b124 354 385 393 398
b125 109 190 137 208
b126 295 393 333 421
b127 0 257 24 279
b128 42 307 78 332
b129 243 268 289 312
b130 380 0 425 44
b131 0 31 36 51
b132 278 186 316 202
b133 349 176 363 188
b134 253 35 282 51
b135 137 198 174 213
b136 398 69 417 93
b137 183 319 205 337
b138 273 402 295 432
b139 0 226 33 257
b140 214 222 230 234
b141 317 195 351 220
b142 148 78 194 105
b143 42 251 88 295
b144 13 85 38 114
b145 309 0 354 34
b146 223 143 256 177
b147 122 279 153 291
b148 328 63 345 88
b149 93 382 115 404
b150 252 113 265 143
b151 346 34 362 61
b152 148 45 181 78
b153 74 394 86 434
b154 158 277 202 319
b155 162 375 174 388
b156 236 249 278 268
b157 137 213 149 255
b158 368 69 396 86
b159 57 79 93 103
b160 337 123 349 159
b161 149 407 168 438
b162 368 86 398 98
b163 401 333 448 379
b164 417 69 444 101
b165 202 281 243 314
b166 42 295 78 307
b167 401 421 448 435
b168 368 253 405 278
b169 282 56 328 84
b170 251 312 296 334
b171 319 88 353 123
b172 147 0 172 31
b173 276 164 318 186
b174 405 215 430 235
b175 354 343 366 377
b176 42 344 62 360
b177 251 334 282 355
b178 256 162 276 178
b179 200 408 245 449
b180 205 203 226 222
b181 289 279 331 294
b182 251 355 284 367
b183 57 165 73 202
b184 75 232 95 251
b185 174 171 187 215
b186 0 85 13 133
b187 309 34 333 56
b188 194 63 234 87
b189 57 145 88 165
b190 0 192 37 226
b191 410 101 447 143
b192 88 147 110 175
b193 57 103 100 145
b194 401 379 444 421
b195 244 51 280 76
b196 183 337 199 376
b197 39 360 74 407
b198 317 220 357 242
b199 88 268 122 308
