302205.75
405511.5
198900
450 442
131.685572
b0 262 210 298 226
b1 53 56 72 95
b2 402 318 443 353
b3 364 56 411 74
b4 12 33 38 65
b5 355 225 390 256
b6 210 240 223 269
b7 199 206 227 227
b8 31 260 63 275
b9 155 261 201 295
b10 0 377 45 409
b11 388 357 402 393
b12 220 164 262 200
b13 354 312 402 357
b14 45 386 60 411
b15 72 89 117 135
b16 372 38 394 56
b17 249 288 275 321
b18 415 233 449 252
b19 116 182 146 194
b20 189 82 222 110
b21 285 28 329 67
b22 374 167 413 193
b23 143 27 168 67
b24 433 264 448 289
b25 314 76 350 112
b26 0 328 43 353
b27 45 352 60 386
b28 222 78 268 116
b29 299 187 311 224
b30 314 146 341 163
b31 262 194 299 210
b32 156 419 188 442
b33 139 237 175 255
b34 353 0 372 38
b35 314 163 329 196
b36 415 252 443 264
b37 366 375 387 391
b38 410 123 443 149
b39 418 0 448 42
b40 225 0 253 41
b41 126 45 142 61
b42 91 163 135 182
b43 341 256 381 290
b44 143 98 170 114
b45 52 193 66 230
b46 299 139 314 187
b47 244 321 258 344
b48 314 273 340 297
b49 12 65 43 105
b50 192 129 234 162
b51 402 291 450 318
b52 143 0 180 27
b53 53 157 71 174
b54 381 266 397 309
b55 372 25 418 38
b56 189 41 211 66
b57 253 346 272 394
b58 0 409 41 428
b59 277 227 323 273
b60 31 275 66 305
b61 102 393 136 426
b62 272 400 317 437
b63 175 246 210 261
b64 119 298 167 345
b65 247 255 277 288
b66 218 290 249 321
b67 413 149 450 193
b68 218 380 253 404
b69 355 134 374 172
b70 53 0 67 36
b71 324 358 366 392
b72 235 116 269 149
b73 45 175 83 193
b74 0 218 18 247
b75 149 358 172 385
b76 296 316 310 328
b77 103 311 119 335
b78 311 201 354 227
b79 170 80 189 117
b80 301 329 315 344
b81 136 393 156 425
b82 253 0 285 33
b83 277 288 296 325
b84 371 88 408 131
b85 60 370 97 418
b86 277 328 301 352
b87 296 297 341 316
b88 98 135 141 163
b89 0 0 12 35
b90 0 353 45 377
b91 192 162 220 206
b92 172 370 214 394
b93 218 321 239 364
b94 99 335 115 350
b95 397 266 433 291
b96 253 33 278 78
b97 111 231 139 256
b98 218 364 244 380
b99 65 350 102 370
b100 165 168 190 195
b101 66 263 106 311
b102 329 163 354 201
b103 355 193 387 225
b104 372 0 408 25
b105 167 295 209 326
b106 228 404 267 438
b107 60 426 105 442
b108 66 335 99 347
b109 213 116 235 128
b110 0 305 44 328
b111 199 227 217 240
b112 201 272 247 290
b113 418 42 446 85
b114 223 233 242 272
b115 262 164 299 194
b116 287 358 324 400
b117 66 311 103 335
b118 408 88 447 123
b119 386 131 410 167
b120 66 194 111 209
b121 324 392 356 437
b122 66 209 109 239
b123 67 43 102 56
b124 315 329 354 342
b125 0 247 28 265
b126 12 105 50 133
b127 43 328 65 352
b128 156 394 192 419
b129 356 393 402 437
b130 269 79 314 123
b131 28 240 64 260
b132 269 123 307 139
b133 151 168 165 180
b134 261 226 277 255
b135 277 273 314 288
b136 277 139 296 163
b137 366 357 388 375
b138 341 112 371 134
b139 12 175 45 206
b140 135 168 151 180
b141 314 112 339 146
b142 141 141 187 168
b143 172 326 218 370
b144 145 208 170 237
b145 109 0 143 45
b146 227 200 261 233
b147 0 265 31 277
b148 258 321 275 346
b149 44 305 66 327
b150 145 195 175 208
b151 315 342 342 358
b152 72 56 105 89
b153 12 206 52 218
b154 111 256 155 298
b155 106 298 119 310
b156 32 133 51 175
b157 275 352 287 394
b158 109 45 126 73
b159 66 239 102 263
b160 278 67 314 79
b161 143 67 162 98
b162 374 131 386 161
b163 402 353 449 399
b164 323 227 355 254
b165 12 0 53 33
b166 192 404 228 416
b167 371 74 418 88
b168 390 193 415 230
b169 285 0 331 28
b170 53 135 98 157
b171 329 42 364 76
b172 0 277 31 302
b173 331 0 353 42
b174 350 76 370 101
b175 117 89 129 123
b176 71 157 91 173
b177 129 114 160 135
b178 189 66 209 82
b179 180 0 225 41
b180 192 110 213 129
b181 235 149 277 164
b182 83 182 116 194
b183 105 73 142 89
b184 355 172 374 192
b185 310 316 354 329
b186 119 345 167 358
b187 170 117 192 141
b188 175 206 199 246
b189 12 133 32 164
b190 111 194 145 231
b191 211 41 253 78
b192 18 218 46 240
b193 67 0 109 43
b194 402 399 445 441
b195 390 230 415 266
b196 168 41 184 80
b197 102 358 149 393
b198 341 290 381 312
b199 415 193 449 233
