252876.75
304631.5
201122
454 443
2.396028
b0 378 198 411 241
b1 366 0 431 37
b2 209 61 262 95
b3 0 128 67 165
b4 411 100 440 119
b5 0 232 39 281
b6 334 308 374 326
b7 162 0 202 22
b8 162 317 224 367
b9 139 107 155 148
b10 62 76 80 128
b11 0 397 59 436
b12 292 187 353 215
b13 209 95 257 152
b14 48 0 111 43
b15 59 379 118 431
b16 268 400 325 436
b17 334 215 378 281
b18 0 0 48 51
b19 0 281 31 331
b20 292 215 329 234
b21 227 266 277 330
b22 362 99 411 133
b23 224 330 273 350
b24 111 0 139 45
b25 123 313 162 367
b26 277 360 332 400
b27 353 148 378 213
b28 262 43 301 89
b29 0 93 62 117
b30 262 89 286 115
b31 160 262 186 296
b32 248 0 301 43
b33 102 183 137 205
b34 334 281 388 308
b35 162 138 193 176
b36 123 367 162 434
b37 162 367 222 387
b38 391 333 448 356
b39 334 353 389 405
b40 0 206 29 232
b41 204 152 231 207
b42 391 356 453 409
b43 202 0 248 61
b44 301 0 366 47
b45 139 0 162 44
b46 229 350 268 372
b47 378 133 411 198
b48 334 326 391 353
b49 139 176 204 223
b50 162 387 229 419
b51 277 322 334 360
b52 91 238 136 292
b53 137 241 180 262
b54 91 295 152 313
b55 301 114 357 148
b56 139 44 156 107
b57 139 223 186 241
b58 401 409 447 443
b59 257 115 294 165
b60 431 0 454 40
b61 137 262 160 295
b62 431 40 450 100
b63 411 211 447 256
b64 162 88 209 138
b65 277 266 334 322
b66 231 165 292 232
b67 362 47 402 91
b68 39 220 91 283
b69 111 109 138 163
b70 411 119 453 161
b71 111 45 133 109
b72 391 256 452 317
b73 301 47 362 114
b74 0 51 38 93
b75 304 234 323 262
b76 186 223 208 256
b77 0 331 57 397
b78 268 234 304 266
b79 0 165 60 206
b80 391 317 449 333
b81 411 161 451 211
b82 31 283 88 330
b83 80 92 102 108
b84 334 409 401 431
b85 106 163 131 183
b86 229 372 266 428
b87 301 148 345 187
b88 231 232 268 256
b89 60 193 98 220
b90 98 205 137 238
b91 48 43 104 76
b92 80 76 106 92
b93 67 128 102 193
b94 186 258 227 317
b95 208 207 227 258
b96 162 22 202 88
b97 162 419 229 436
b98 402 37 424 99
b99 57 330 123 379
