377864
560428
195300
434 450
70.304098
b0 266 256 282 292
b1 74 0 93 39
b2 395 141 430 182
b3 45 353 92 371
b4 123 81 149 113
b5 93 0 128 31
b6 125 304 154 317
b7 75 162 96 190
b8 286 278 318 293
b9 399 353 433 399
b10 45 371 90 403
b11 108 370 144 384
b12 143 0 185 36
b13 349 287 394 335
b14 24 185 39 210
b15 24 84 69 130
b16 213 148 231 170
b17 330 100 356 133
b18 215 60 249 79
b19 286 63 298 93
b20 300 154 333 182
b21 165 83 209 122
b22 268 424 307 450
b23 243 304 268 344
b24 258 241 283 256
b25 207 305 243 341
b26 0 379 43 404
b27 128 0 143 34
b28 24 46 70 84
b29 92 345 104 382
b30 116 54 133 81
b31 100 398 116 435
b32 209 95 241 118
b33 37 25 73 43
b34 97 162 135 181
b35 149 76 164 109
b36 97 181 125 193
b37 0 339 21 355
b38 300 182 333 208
b39 193 263 223 305
b40 100 317 141 345
b41 92 382 108 398
b42 313 402 332 446
b43 41 162 75 202
b44 330 84 357 100
b45 145 162 159 199
b46 268 292 283 340
b47 306 242 320 265
b48 0 355 26 379
b49 237 375 268 415
b50 81 81 123 114
b51 144 342 171 390
b52 123 135 160 162
b53 332 33 350 50
b54 0 404 43 420
b55 24 0 37 46
b56 203 237 225 262
b57 116 384 135 432
b58 39 202 80 221
b59 46 295 92 341
b60 24 130 59 160
b61 354 407 387 441
b62 268 387 313 424
b63 357 137 392 152
b64 185 0 233 47
b65 209 118 242 148
b66 182 150 213 181
b67 63 403 100 447
b68 0 0 24 35
b69 0 320 38 339
b70 0 420 36 434
b71 181 363 215 405
b72 399 108 433 141
b73 333 161 351 199
b74 125 286 154 304
b75 93 31 120 54
b76 418 0 432 12
b77 383 365 399 389
b78 97 114 123 157
b79 26 339 45 376
b80 370 85 384 100
b81 43 403 63 435
b82 330 337 362 370
b83 286 208 323 227
b84 381 0 418 43
b85 213 170 250 218
b86 141 318 165 342
b87 213 218 258 237
b88 35 267 78 295
b89 135 390 147 425
b90 0 144 24 189
b91 69 118 97 162
b92 283 293 307 335
b93 328 221 371 242
b94 116 432 132 447
b95 171 305 207 330
b96 100 271 125 316
b97 165 122 190 150
b98 215 79 241 95
b99 286 93 306 130
b100 19 295 46 320
b101 394 265 434 313
b102 104 345 142 370
b103 329 370 361 402
b104 159 227 184 263
b105 215 416 257 447
b106 0 210 39 244
b107 371 219 387 264
b108 268 375 301 387
b109 361 395 383 407
b110 333 264 377 287
b111 0 189 13 207
b112 243 344 289 362
b113 181 405 209 448
b114 0 105 19 144
b115 249 60 286 90
b116 357 100 399 137
b117 362 341 399 365
b118 0 244 35 283
b119 191 47 215 83
b120 241 90 286 105
b121 80 193 125 225
b122 338 0 381 30
b123 418 12 431 47
b124 243 362 282 375
b125 333 133 351 161
b126 143 36 181 64
b127 225 237 249 259
b128 258 205 283 241
b129 159 181 203 227
b130 351 152 395 197
b131 286 242 306 278
b132 0 434 38 450
b133 154 304 166 318
b134 159 288 188 304
b135 395 207 432 222
b136 0 283 19 307
b137 333 199 351 221
b138 0 75 22 105
b139 307 0 338 33
b140 147 430 159 446
b141 159 263 193 288
b142 70 54 116 81
b143 80 225 124 271
b144 233 35 262 60
b145 125 241 159 286
b146 299 33 332 67
b147 399 341 430 353
b148 24 160 41 185
b149 160 150 182 172
b150 39 221 52 251
b151 190 122 206 149
b152 171 330 204 363
b153 46 341 86 353
b154 307 293 349 337
b155 39 251 52 263
b156 370 43 389 85
b157 149 64 191 76
b158 301 370 329 387
b159 286 130 322 154
b160 306 92 318 128
b161 399 89 430 108
b162 362 365 374 395
b163 387 399 434 445
b164 250 166 282 193
b165 289 337 330 370
b166 184 227 196 263
b167 286 154 300 201
b168 37 0 74 25
b169 52 221 80 267
b170 332 402 354 447
b171 125 206 159 241
b172 299 67 330 92
b173 123 113 165 135
b174 125 181 145 206
b175 69 84 81 118
b176 350 30 370 46
b177 215 385 236 416
b178 262 35 282 51
b179 242 105 283 150
b180 286 0 307 19
b181 286 227 328 242
b182 250 193 283 205
b183 333 242 370 258
b184 80 271 100 290
b185 286 19 299 63
b186 320 242 333 290
b187 215 361 237 385
b188 0 35 24 75
b189 207 341 238 361
b190 332 50 369 84
b191 389 47 426 89
b192 394 313 416 341
b193 387 222 429 265
b194 223 262 266 304
b195 395 182 431 207
b196 231 150 270 166
b197 233 0 280 35
b198 351 197 391 219
b199 147 390 181 430
