297656.5
397313
198000
440 450
93.992206
b0 135 415 171 431
b1 48 117 67 156
b2 385 393 420 434
b3 368 268 415 286
b4 44 64 76 90
b5 353 360 384 395
b6 121 199 134 228
b7 122 144 150 165
b8 131 400 163 415
b9 306 360 352 394
b10 74 388 119 420
b11 384 311 420 325
b12 132 322 174 358
b13 340 395 385 443
b14 60 278 75 303
b15 13 246 59 291
b16 306 132 324 154
b17 373 227 406 253
b18 365 146 399 165
b19 294 306 324 318
b20 278 363 306 396
b21 226 100 270 139
b22 92 322 131 348
b23 55 156 80 196
b24 403 153 418 178
b25 403 178 439 214
b26 49 322 92 347
b27 22 314 37 348
b28 329 45 367 91
b29 211 326 223 363
b30 297 223 324 240
b31 174 341 211 357
b32 74 348 97 380
b33 37 210 55 246
b34 306 318 325 356
b35 279 0 312 15
b36 369 317 381 345
b37 226 326 247 342
b38 226 182 252 215
b39 335 287 377 317
b40 324 129 365 157
b41 135 431 151 447
b42 46 45 90 64
b43 171 415 211 449
b44 132 269 159 285
b45 84 173 121 187
b46 270 18 318 33
b47 90 95 113 109
b48 164 0 190 24
b49 81 142 121 173
b50 180 83 213 125
b51 211 367 259 394
b52 98 420 135 447
b53 140 247 158 264
b54 353 317 369 360
b55 292 70 305 116
b56 384 325 409 347
b57 84 218 103 266
b58 54 391 73 432
b59 134 201 180 247
b60 174 311 209 341
b61 46 0 79 34
b62 283 33 328 70
b63 167 24 202 39
b64 120 28 167 76
b65 167 39 200 69
b66 84 187 115 218
b67 401 109 438 153
b68 305 70 329 105
b69 297 287 335 306
b70 0 44 36 58
b71 266 396 308 430
b72 278 156 312 189
b73 43 432 81 450
b74 200 39 218 68
b75 211 413 234 440
b76 76 95 90 107
b77 30 391 54 407
b78 339 157 365 200
b79 211 394 248 413
b80 270 77 284 92
b81 155 358 175 390
b82 189 162 222 194
b83 266 430 303 449
b84 227 63 270 100
b85 84 269 132 306
b86 308 105 332 129
b87 371 90 416 109
b88 226 139 254 182
b89 37 314 49 349
b90 60 233 84 278
b91 120 0 164 28
b92 131 358 155 400
b93 190 0 233 21
b94 0 291 16 306
b95 272 242 297 278
b96 226 215 251 260
b97 223 342 251 367
b98 175 387 201 403
b99 0 119 37 139
b100 339 200 366 225
b101 0 139 48 179
b102 226 260 251 298
b103 234 413 266 445
b104 403 286 439 311
b105 158 159 189 201
b106 406 214 440 253
b107 84 306 129 322
b108 147 110 180 122
b109 297 275 319 287
b110 16 291 60 314
b111 254 196 267 214
b112 233 0 279 18
b113 325 317 353 360
b114 170 125 209 144
b115 371 109 401 146
b116 331 225 373 262
b117 55 196 79 233
b118 332 91 371 126
b119 270 132 306 156
b120 211 281 226 326
b121 308 394 340 439
b122 0 359 30 402
b123 0 210 13 245
b124 103 218 116 257
b125 20 58 38 86
b126 76 67 114 95
b127 116 247 140 269
b128 159 251 195 276
b129 384 347 428 393
b130 334 0 378 45
b131 0 58 20 94
b132 270 116 308 132
b133 251 243 265 255
b134 318 0 334 29
b135 150 144 187 159
b136 384 286 403 310
b137 175 357 197 375
b138 90 45 120 67
b139 20 179 53 210
b140 163 390 175 406
b141 366 190 400 215
b142 270 196 297 242
b143 0 0 46 44
b144 132 285 161 310
b145 180 201 225 235
b146 147 76 180 110
b147 132 310 163 322
b148 81 420 98 445
b149 0 402 22 424
b150 211 251 224 281
b151 416 47 432 74
b152 114 76 147 109
b153 31 407 43 447
b154 30 349 74 391
b155 31 86 44 98
b156 251 255 270 297
b157 213 83 225 125
b158 251 215 268 243
b159 13 210 37 246
b160 297 211 333 223
b161 37 98 68 117
b162 373 215 403 227
b163 378 0 424 47
b164 312 157 339 189
b165 81 109 122 142
b166 175 375 211 387
b167 180 69 227 83
b168 331 262 368 287
b169 226 298 272 326
b170 0 314 22 359
b171 297 240 331 275
b172 0 94 31 119
b173 297 189 339 211
b174 415 253 435 278
b175 251 326 263 360
b176 60 303 80 319
b177 0 424 31 445
b178 195 251 211 271
b179 79 0 120 45
b180 259 363 278 384
b181 373 253 415 268
b182 175 403 208 415
b183 209 125 225 162
b184 150 122 170 141
b185 270 33 283 77
b186 68 107 81 155
b187 270 92 292 116
b188 254 156 278 196
b189 0 179 20 210
b190 121 165 158 199
b191 263 326 305 363
b192 122 122 150 144
b193 218 21 261 63
b194 371 47 413 90
b195 365 165 401 190
b196 180 235 219 251
b197 163 276 210 311
b198 272 278 294 318
b199 97 348 131 388
