213746
224554
202938
454 447
6.418822
b0 308 97 341 140
b1 374 0 439 37
b2 54 144 107 178
b3 113 221 180 258
b4 24 96 53 115
b5 104 50 153 89
b6 318 347 358 365
b7 153 50 193 72
b8 111 0 173 50
b9 180 222 221 238
b10 261 286 279 338
b11 100 347 159 386
b12 24 115 52 176
b13 204 289 261 337
b14 221 222 284 265
b15 402 104 454 163
b16 88 178 145 214
b17 360 200 404 266
b18 54 399 105 447
b19 404 329 454 360
b20 407 263 444 282
b21 230 0 280 64
b22 113 313 162 347
b23 340 204 360 253
b24 159 347 204 375
b25 0 57 54 96
b26 56 0 111 40
b27 107 89 172 114
b28 356 407 402 446
b29 107 114 131 176
b30 204 265 230 289
b31 54 178 88 204
b32 157 258 200 311
b33 233 97 268 119
b34 145 114 172 168
b35 162 311 200 342
b36 213 183 280 222
b37 429 163 449 223
b38 284 181 341 204
b39 57 279 112 331
b40 378 329 404 358
b41 0 311 55 338
b42 0 222 53 284
b43 54 338 100 399
b44 378 360 443 407
b45 0 133 23 177
b46 284 406 306 445
b47 145 188 210 221
b48 0 284 57 311
b49 327 0 374 65
b50 288 65 355 97
b51 172 375 210 432
b52 0 177 54 222
b53 230 265 273 286
b54 317 367 378 385
b55 284 311 318 367
b56 0 365 17 428
b57 284 204 331 222
b58 173 0 207 46
b59 306 406 356 443
b60 429 223 452 263
b61 207 0 230 33
b62 347 266 407 285
b63 414 282 450 327
b64 54 97 104 144
b65 0 0 56 57
b66 105 386 172 447
b67 268 97 308 141
b68 284 259 347 311
b69 0 338 54 365
b70 233 141 275 183
b71 350 307 414 329
b72 341 104 402 165
b73 374 37 435 104
b74 71 214 113 252
b75 355 65 374 93
b76 233 119 266 141
b77 210 387 276 444
b78 318 311 350 347
b79 172 72 232 113
b80 145 172 203 188
b81 54 57 104 97
b82 280 0 327 57
b83 113 297 135 313
b84 407 163 429 230
b85 213 113 233 138
b86 284 222 340 259
b87 113 258 157 297
b88 0 96 24 133
b89 71 252 109 279
b90 284 367 317 406
b91 232 64 288 97
b92 56 40 82 56
b93 341 165 406 200
b94 172 113 213 172
b95 317 385 368 404
b96 275 141 341 181
b97 54 204 71 271
b98 347 285 409 307
b99 210 338 276 387
