218829
235183
202475
445 455
16.981404
b0 145 27 178 70
b1 380 0 445 37
b2 311 284 364 318
b3 17 164 84 201
b4 17 317 46 336
b5 209 152 248 201
b6 198 0 238 18
b7 53 285 75 325
b8 209 345 271 395
b9 209 223 250 239
b10 93 34 145 52
b11 131 331 190 370
b12 17 201 78 229
b13 179 261 236 309
b14 186 412 249 455
b15 328 0 380 59
b16 383 252 419 309
b17 78 220 144 264
b18 41 0 92 48
b19 380 221 430 252
b20 335 318 354 355
b21 145 207 209 257
b22 92 0 141 34
b23 306 178 355 198
b24 354 318 382 363
b25 321 219 375 258
b26 131 411 186 451
b27 355 154 380 219
b28 382 309 421 355
b29 287 281 311 343
b30 311 318 335 344
b31 349 258 383 284
b32 199 109 252 152
b33 286 259 321 281
b34 228 49 255 103
b35 75 264 113 295
b36 120 70 187 109
b37 421 252 441 312
b38 291 396 314 453
b39 41 48 93 103
b40 75 295 104 321
b41 252 132 307 159
b42 145 154 207 207
b43 84 109 145 155
b44 380 104 445 151
b45 307 134 330 178
b46 335 363 374 385
b47 66 378 131 411
b48 141 0 198 27
b49 281 0 328 65
b50 113 264 145 331
b51 382 355 439 393
b52 145 109 199 154
b53 306 198 349 219
b54 145 313 206 331
b55 145 257 179 313
b56 0 0 17 63
b57 328 59 375 77
b58 257 396 291 442
b59 314 396 351 446
b60 250 223 273 263
b61 330 134 353 167
b62 190 331 209 391
b63 209 309 254 345
b64 75 331 125 378
b65 17 229 74 285
b66 17 103 84 164
b67 273 219 317 259
b68 271 344 334 396
b69 93 52 120 106
b70 248 159 290 201
b71 178 27 242 49
b72 351 393 412 454
b73 380 37 441 104
b74 84 155 126 193
b75 321 258 349 277
b76 209 239 242 261
b77 0 336 66 393
b78 17 285 53 317
b79 187 49 228 109
b80 290 159 306 217
b81 236 263 286 303
b82 328 77 375 134
b83 78 201 100 217
b84 304 65 326 132
b85 353 134 378 154
b86 380 151 436 188
b87 242 0 281 44
b88 17 0 41 37
b89 100 193 138 220
b90 254 303 287 342
b91 380 188 436 221
b92 17 37 33 63
b93 66 411 131 446
b94 131 370 190 411
b95 412 393 431 444
b96 0 393 66 433
b97 190 395 257 412
b98 209 201 271 223
b99 255 65 304 131
