244795.5
288026
201565
443 455
2.797559
b0 66 352 109 385
b1 128 252 193 289
b2 204 190 257 224
b3 0 49 37 116
b4 157 389 186 408
b5 0 0 39 49
b6 212 280 230 320
b7 0 382 22 422
b8 0 176 62 226
b9 191 39 232 55
b10 250 0 302 18
b11 191 0 250 39
b12 39 49 67 110
b13 75 304 132 352
b14 319 352 362 415
b15 378 141 437 193
b16 196 244 253 280
b17 156 327 222 371
b18 250 18 301 66
b19 218 404 249 454
b20 73 57 92 94
b21 73 111 137 161
b22 39 0 73 49
b23 204 224 253 244
b24 259 88 287 133
b25 348 81 402 120
b26 319 297 359 352
b27 178 84 203 149
b28 380 193 426 232
b29 222 342 246 404
b30 132 329 156 355
b31 363 425 397 451
b32 57 385 110 428
b33 22 382 57 404
b34 326 199 380 226
b35 140 92 178 123
b36 363 338 430 377
b37 73 161 133 181
b38 73 0 96 57
b39 96 40 151 92
b40 363 377 392 403
b41 191 55 246 82
b42 75 242 128 304
b43 137 187 198 233
b44 363 273 410 338
b45 0 226 23 270
b46 132 355 154 394
b47 396 16 429 81
b48 56 428 113 455
b49 349 16 396 81
b50 252 385 319 417
b51 155 289 212 327
b52 204 145 258 190
b53 253 357 296 378
b54 157 371 218 389
b55 0 116 34 172
b56 199 389 216 452
b57 410 273 428 320
b58 39 110 73 156
b59 249 417 299 454
b60 132 289 155 329
b61 109 352 132 385
b62 136 233 196 252
b63 96 0 141 36
b64 313 250 363 297
b65 203 88 259 145
b66 287 66 348 133
b67 151 40 191 84
b68 23 226 75 289
b69 259 248 313 275
b70 157 408 199 450
b71 140 123 162 187
b72 75 181 136 242
b73 259 187 326 248
b74 162 149 204 187
b75 296 357 315 385
b76 250 66 283 88
b77 0 325 66 382
b78 38 289 70 325
b79 402 81 443 141
b80 349 0 407 16
b81 141 0 191 40
b82 302 0 349 57
b83 132 394 154 410
b84 363 403 430 425
b85 39 156 64 176
b86 299 417 355 454
b87 113 410 157 449
b88 326 226 363 250
b89 0 289 38 316
b90 259 275 298 308
b91 0 422 56 455
b92 22 404 48 420
b93 259 152 324 187
b94 363 232 422 273
b95 287 133 338 152
b96 338 133 378 199
b97 73 94 140 111
b98 230 280 252 342
b99 253 308 319 357
