375891.25
551982.5
199800
444 450
43.79966
b0 284 289 320 305
b1 293 83 312 122
b2 34 161 75 196
b3 313 0 360 18
b4 121 334 147 366
b5 144 237 175 272
b6 192 371 205 400
b7 403 367 424 395
b8 45 218 60 250
b9 158 74 204 108
b10 0 221 45 253
b11 337 316 351 352
b12 44 401 86 437
b13 97 147 145 192
b14 364 304 389 319
b15 100 192 146 237
b16 307 194 329 212
b17 147 339 180 365
b18 71 267 105 286
b19 354 111 366 141
b20 307 161 335 194
b21 126 410 170 449
b22 248 390 287 416
b23 50 86 75 126
b24 397 0 422 15
b25 240 215 276 251
b26 190 108 215 151
b27 124 47 158 62
b28 78 286 116 332
b29 132 237 144 274
b30 350 202 377 219
b31 116 237 132 274
b32 46 316 78 339
b33 0 383 18 419
b34 318 314 337 352
b35 291 247 306 280
b36 86 436 114 448
b37 348 295 364 316
b38 204 70 237 96
b39 170 404 200 446
b40 397 104 425 145
b41 291 153 307 169
b42 139 366 158 410
b43 0 299 34 339
b44 329 202 345 229
b45 255 66 292 80
b46 239 70 254 118
b47 46 277 69 291
b48 273 0 297 26
b49 312 48 352 79
b50 389 272 431 305
b51 200 400 227 448
b52 172 37 199 74
b53 267 282 284 300
b54 293 353 336 369
b55 0 253 46 266
b56 124 95 146 120
b57 241 251 260 299
b58 335 183 376 202
b59 64 0 110 46
b60 45 126 75 161
b61 0 62 34 95
b62 218 25 255 70
b63 188 170 223 185
b64 110 0 158 47
b65 389 337 422 367
b66 260 251 291 282
b67 223 178 267 215
b68 75 86 110 110
b69 18 383 37 421
b70 110 86 124 122
b71 389 186 423 228
b72 158 371 192 404
b73 255 80 293 98
b74 222 288 240 317
b75 338 368 361 395
b76 293 425 305 439
b77 200 12 216 36
b78 267 325 293 368
b79 222 251 241 288
b80 158 37 172 52
b81 180 339 200 371
b82 389 305 422 337
b83 46 339 65 376
b84 205 363 248 400
b85 315 401 352 449
b86 60 218 84 242
b87 0 127 45 146
b88 318 261 361 289
b89 204 96 239 108
b90 255 26 300 50
b91 0 421 44 449
b92 22 0 64 24
b93 313 18 356 39
b94 293 337 308 353
b95 72 61 108 86
b96 71 242 116 267
b97 320 289 348 314
b98 84 216 100 242
b99 377 133 397 170
b100 46 250 71 277
b101 215 118 255 166
b102 46 376 84 401
b103 0 95 32 127
b104 0 196 36 221
b105 335 152 377 183
b106 352 411 386 450
b107 319 116 335 161
b108 293 50 305 83
b109 60 61 72 83
b110 146 108 190 131
b111 240 299 258 312
b112 116 274 162 292
b113 397 15 425 58
b114 209 344 248 363
b115 172 309 209 339
b116 158 0 200 37
b117 36 42 60 79
b118 267 175 306 210
b119 85 334 121 358
b120 64 46 109 61
b121 293 369 338 401
b122 354 81 397 111
b123 256 162 291 175
b124 110 47 123 86
b125 255 144 283 162
b126 86 358 114 396
b127 293 401 315 425
b128 110 122 146 147
b129 175 231 221 275
b130 389 228 434 272
b131 0 42 36 62
b132 255 50 293 66
b133 248 364 260 378
b134 110 402 126 431
b135 360 24 397 39
b136 81 192 100 216
b137 22 24 44 42
b138 260 368 290 390
b139 286 122 319 153
b140 306 305 318 321
b141 146 131 180 156
b142 221 317 267 344
b143 0 339 46 383
b144 46 291 75 316
b145 0 146 34 191
b146 75 110 108 144
b147 34 299 46 330
b148 267 300 284 325
b149 146 187 168 209
b150 403 411 416 441
b151 386 411 402 438
b152 124 62 157 95
b153 306 247 318 287
b154 116 292 160 334
b155 293 325 306 337
b156 146 156 188 175
b157 160 292 172 334
b158 223 215 240 243
b159 360 0 396 24
b160 335 116 347 152
b161 199 37 218 68
b162 361 265 373 295
b163 397 58 444 104
b164 323 229 350 261
b165 0 266 41 299
b166 200 0 236 12
b167 36 79 50 126
b168 236 0 273 25
b169 361 219 389 265
b170 36 196 81 218
b171 248 416 283 450
b172 255 98 286 123
b173 75 144 97 186
b174 397 145 422 165
b175 146 175 180 187
b176 403 395 423 411
b177 255 123 286 144
b178 284 305 300 325
b179 181 185 222 230
b180 190 151 211 170
b181 336 353 378 368
b182 223 166 256 178
b183 377 170 414 186
b184 248 344 267 364
b185 168 187 181 231
b186 300 0 313 48
b187 366 111 390 133
b188 86 396 110 436
b189 65 339 85 370
b190 351 319 388 353
b191 312 79 354 116
b192 146 209 168 237
b193 361 368 403 411
b194 354 39 397 81
b195 114 366 139 402
b196 373 265 389 304
b197 276 212 323 247
b198 0 0 22 40
b199 175 275 215 309
