251188.75
295352.5
207025
455 455
2.598248
b0 334 371 377 404
b1 270 0 335 37
b2 384 120 437 154
b3 0 79 37 146
b4 243 218 262 247
b5 334 332 383 371
b6 405 264 445 282
b7 0 57 40 79
b8 149 67 211 117
b9 0 200 16 241
b10 57 263 75 315
b11 366 265 405 324
b12 306 332 334 393
b13 262 218 319 266
b14 40 65 83 128
b15 109 219 161 278
b16 0 303 57 339
b17 83 0 149 44
b18 386 39 437 87
b19 27 0 58 50
b20 188 387 225 406
b21 405 200 455 264
b22 142 117 176 166
b23 433 342 453 391
b24 109 302 137 347
b25 0 146 39 200
b26 83 143 123 198
b27 58 0 83 65
b28 391 0 437 39
b29 263 37 325 61
b30 109 278 135 302
b31 75 263 109 289
b32 130 166 173 219
b33 267 266 289 301
b34 323 238 377 265
b35 226 424 264 455
b36 159 413 226 452
b37 210 0 270 20
b38 159 311 182 368
b39 215 116 267 171
b40 159 387 188 413
b41 397 424 452 451
b42 0 241 53 303
b43 205 314 266 360
b44 60 198 107 263
b45 182 311 205 355
b46 176 117 215 139
b47 215 83 280 116
b48 0 0 27 57
b49 332 404 397 451
b50 176 218 243 250
b51 80 412 137 450
b52 173 266 227 311
b53 266 301 309 322
b54 325 37 386 55
b55 335 0 391 34
b56 280 144 343 161
b57 83 125 130 143
b58 405 154 439 200
b59 383 342 433 379
b60 266 345 306 368
b61 266 322 299 345
b62 343 111 362 171
b63 397 379 433 424
b64 215 171 265 218
b65 267 161 323 218
b66 323 171 384 238
b67 16 200 60 240
b68 211 20 263 83
b69 182 360 236 387
b70 38 406 80 448
b71 236 360 258 424
b72 280 83 341 144
b73 149 0 210 67
b74 0 386 38 428
b75 90 289 109 317
b76 57 315 90 337
b77 309 266 366 332
b78 231 266 267 298
b79 405 282 446 342
b80 173 250 231 266
b81 40 128 80 178
b82 0 339 57 386
b83 227 298 249 314
b84 137 278 159 345
b85 38 386 63 406
b86 341 55 378 111
b87 176 139 215 183
b88 266 368 303 392
b89 0 428 38 455
b90 176 183 215 216
b91 378 87 434 120
b92 325 55 341 81
b93 80 347 115 412
b94 83 84 142 125
b95 137 345 156 396
b96 83 44 149 84
b97 63 337 80 404
b98 263 61 325 83
b99 266 393 332 442
