564536.5
841238
287835
465 619
57.475842
b0 167 175 194 190
b1 445 127 461 154
b2 373 0 399 22
b3 43 29 88 50
b4 159 22 199 67
b5 0 233 16 259
b6 36 228 74 255
b7 295 165 330 194
b8 429 78 465 99
b9 167 432 211 457
b10 229 264 260 279
b11 273 553 314 577
b12 373 22 392 39
b13 249 417 282 465
b14 12 349 56 370
b15 88 428 122 443
b16 149 490 191 535
b17 12 299 53 336
b18 344 241 388 284
b19 349 576 385 599
b20 212 487 229 500
b21 0 89 28 133
b22 266 236 301 265
b23 133 328 173 345
b24 169 378 193 396
b25 386 369 429 398
b26 385 540 412 558
b27 227 334 265 374
b28 212 500 236 512
b29 323 40 352 70
b30 330 165 350 193
b31 194 211 230 243
b32 306 592 328 611
b33 75 145 121 190
b34 155 164 167 193
b35 56 357 82 369
b36 244 67 274 94
b37 249 114 278 126
b38 270 296 289 317
b39 304 107 317 119
b40 252 570 271 617
b41 349 599 385 618
b42 248 524 273 570
b43 319 0 340 39
b44 209 124 233 151
b45 359 552 384 576
b46 270 317 289 330
b47 167 135 209 175
b48 191 513 219 547
b49 51 370 99 394
b50 312 383 326 402
b51 312 402 328 416
b52 51 432 88 450
b53 0 346 12 382
b54 88 394 118 428
b55 256 159 282 190
b56 183 572 214 618
b57 135 572 183 619
b58 142 139 167 164
b59 214 571 252 618
b60 82 352 121 368
b61 341 358 386 389
b62 350 162 396 198
b63 236 465 282 501
b64 91 443 124 458
b65 120 94 133 117
b66 75 103 120 145
b67 16 599 49 613
b68 278 42 323 70
b69 399 0 426 36
b70 449 424 465 469
b71 43 63 75 97
b72 273 577 305 592
b73 236 524 248 570
b74 412 515 446 558
b75 92 263 112 300
b76 426 18 465 54
b77 389 247 407 287
b78 79 305 121 321
b79 389 288 414 328
b80 227 319 263 334
b81 91 458 123 473
b82 426 54 465 78
b83 212 424 249 465
b84 367 431 401 469
b85 421 182 455 225
b86 273 514 317 553
b87 381 81 429 126
b88 268 388 312 417
b89 224 190 266 210
b90 298 269 344 293
b91 121 117 142 160
b92 48 511 93 558
b93 319 416 339 440
b94 317 573 348 592
b95 282 417 319 461
b96 0 504 46 537
b97 113 230 128 270
b98 230 251 265 264
b99 446 513 463 553
b100 265 330 310 374
b101 0 133 30 169
b102 74 190 110 230
b103 88 0 122 34
b104 242 374 284 388
b105 429 361 462 396
b106 117 60 129 93
b107 265 265 297 280
b108 368 40 405 78
b109 273 0 319 42
b110 53 263 92 305
b111 284 374 305 387
b112 382 515 412 540
b113 346 299 382 323
b114 431 293 465 337
b115 244 45 278 67
b116 417 127 445 146
b117 165 93 186 132
b118 30 127 74 165
b119 418 154 463 182
b120 341 389 377 425
b121 49 585 87 619
b122 127 514 147 557
b123 236 501 272 524
b124 209 72 244 103
b125 385 558 431 600
b126 57 305 79 317
b127 339 527 382 552
b128 366 469 394 513
b129 282 107 304 141
b130 199 0 225 30
b131 401 424 449 469
b132 426 0 465 18
b133 144 0 159 43
b134 193 323 227 370
b135 167 457 212 472
b136 39 421 51 458
b137 289 296 310 324
b138 75 75 117 103
b139 155 193 192 229
b140 409 196 421 239
b141 12 458 57 477
b142 12 421 39 458
b143 124 490 149 514
b144 388 328 403 368
b145 12 336 57 349
b146 87 561 135 594
b147 423 263 465 293
b148 249 94 267 114
b149 319 459 366 481
b150 88 34 119 57
b151 93 473 111 515
b152 407 269 423 288
b153 0 0 30 41
b154 407 239 429 256
b155 282 141 307 155
b156 270 280 298 296
b157 191 488 211 513
b158 282 155 295 178
b159 30 165 74 197
b160 385 600 412 616
b161 319 481 366 527
b162 233 126 264 144
b163 377 398 399 431
b164 230 210 266 251
b165 328 592 349 609
b166 431 583 465 619
b167 133 291 169 328
b168 403 328 427 369
b169 350 217 389 241
b170 43 0 88 29
b171 0 259 22 299
b172 30 0 43 27
b173 16 553 48 578
b174 0 537 43 553
b175 12 404 28 419
b176 55 394 88 432
b177 147 535 188 572
b178 159 67 176 86
b179 93 515 127 561
b180 369 198 409 217
b181 312 353 340 383
b182 48 487 93 511
b183 74 230 113 263
b184 87 594 133 619
b185 129 60 156 94
b186 193 292 226 323
b187 429 225 465 263
b188 282 461 319 501
b189 0 382 12 426
b190 128 230 155 267
b191 0 580 16 614
b192 0 41 29 89
b193 310 293 343 310
b194 214 264 227 292
b195 219 512 232 545
b196 309 194 350 235
b197 133 345 170 373
b198 173 302 192 350
b199 211 393 247 424
b200 304 70 347 107
b201 176 67 205 93
b202 12 370 51 404
b203 339 425 367 440
b204 301 236 342 269
b205 214 243 229 264
b206 346 323 388 358
b207 432 396 465 424
b208 124 457 151 477
b209 110 194 155 230
b210 111 490 124 514
b211 155 263 167 279
b212 113 270 155 291
b213 153 472 185 486
b214 28 404 55 421
b215 16 578 45 599
b216 290 194 309 236
b217 194 243 214 291
b218 346 284 389 299
b219 16 221 34 249
b220 380 126 417 156
b221 272 501 317 514
b222 431 558 465 583
b223 212 465 231 487
b224 405 36 426 81
b225 122 373 169 411
b226 352 40 368 79
b227 328 383 341 415
b228 16 200 36 221
b229 188 547 236 571
b230 121 164 154 194
b231 274 91 304 107
b232 186 93 209 135
b233 407 256 423 269
b234 264 126 282 159
b235 122 0 144 46
b236 205 45 244 72
b237 209 103 249 124
b238 48 558 87 585
b239 396 156 418 196
b240 208 370 227 393
b241 307 152 331 165
b242 159 0 199 22
b243 57 450 91 487
b244 43 50 80 63
b245 57 321 81 357
b246 441 469 464 513
b247 344 123 380 162
b248 124 426 167 457
b249 271 592 306 619
b250 36 197 70 228
b251 312 310 346 353
b252 249 388 268 416
b253 227 374 242 387
b254 30 27 43 51
b255 209 151 256 190
b256 199 30 220 43
b257 414 293 431 326
b258 347 79 381 123
b259 121 291 133 317
b260 350 198 369 210
b261 0 426 12 471
b262 0 477 48 504
b263 394 469 441 515
b264 142 94 165 139
b265 122 411 167 426
b266 225 0 273 45
b267 155 229 194 263
b268 317 527 339 552
b269 80 57 117 75
b270 193 370 208 393
b271 266 190 290 232
b272 427 337 462 361
b273 194 190 224 211
b274 399 398 432 419
b275 170 350 192 378
b276 119 46 150 60
b277 0 299 12 346
b278 111 477 153 490
b279 227 280 270 319
b280 0 169 22 200
b281 389 217 407 247
b282 30 97 74 127
b283 151 457 166 470
b284 274 70 304 91
b285 0 200 13 233
b286 169 396 210 432
b287 317 552 359 573
b288 429 99 465 127
b289 307 119 344 152
b290 185 472 212 488
b291 22 255 50 298
b292 169 263 193 302
b293 319 440 362 459
b294 99 368 116 394
b295 30 51 43 94
b296 0 553 16 580
b297 81 321 119 352
b298 340 0 373 40
b299 366 513 379 526
