570147.25
851694.5
288600
444 650
50.376682
b0 177 25 192 52
b1 0 42 16 69
b2 90 519 116 541
b3 230 90 275 111
b4 88 168 133 208
b5 335 392 361 408
b6 204 181 231 219
b7 53 304 82 339
b8 167 352 188 388
b9 351 625 395 650
b10 90 504 121 519
b11 121 461 162 485
b12 82 295 99 314
b13 0 492 48 525
b14 54 604 75 648
b15 311 601 345 616
b16 275 383 320 425
b17 130 352 167 393
b18 195 531 239 574
b19 141 24 177 47
b20 48 555 65 568
b21 351 581 379 625
b22 311 536 346 565
b23 82 314 99 354
b24 176 216 200 234
b25 196 502 239 531
b26 204 163 231 181
b27 225 612 265 650
b28 228 53 240 77
b29 112 24 141 54
b30 421 269 441 297
b31 94 362 130 394
b32 292 461 314 480
b33 280 173 326 218
b34 374 110 386 139
b35 335 471 347 497
b36 201 352 231 379
b37 208 490 237 502
b38 50 401 69 422
b39 359 365 371 378
b40 85 133 132 152
b41 74 541 110 560
b42 0 419 25 465
b43 402 248 441 269
b44 335 365 359 392
b45 152 186 176 211
b46 240 53 253 72
b47 183 610 225 650
b48 158 59 192 87
b49 112 0 160 24
b50 404 390 423 404
b51 152 447 168 461
b52 16 310 53 328
b53 16 328 52 340
b54 412 143 442 177
b55 16 0 42 31
b56 203 219 234 265
b57 326 158 374 205
b58 55 242 80 267
b59 188 379 226 426
b60 0 102 16 141
b61 146 87 191 118
b62 58 355 94 401
b63 234 211 280 247
b64 289 158 322 173
b65 391 522 404 545
b66 116 526 158 571
b67 0 69 14 102
b68 192 25 237 53
b69 192 53 228 80
b70 110 571 155 587
b71 55 208 87 242
b72 389 483 421 498
b73 0 292 12 338
b74 361 421 404 455
b75 16 159 36 196
b76 188 574 227 610
b77 386 67 404 107
b78 0 0 16 42
b79 401 223 441 248
b80 75 613 111 628
b81 0 200 15 232
b82 112 587 136 626
b83 0 363 37 404
b84 192 426 226 464
b85 322 76 356 119
b86 40 136 84 175
b87 395 600 443 645
b88 356 66 385 110
b89 401 325 443 345
b90 280 265 326 289
b91 42 70 85 91
b92 234 247 279 294
b93 16 286 36 310
b94 404 404 423 435
b95 330 119 374 156
b96 227 579 273 612
b97 273 368 313 383
b98 175 134 188 169
b99 30 525 47 565
b100 87 208 131 253
b101 49 103 85 133
b102 320 408 360 444
b103 239 545 273 579
b104 85 87 99 129
b105 69 401 102 436
b106 38 449 50 482
b107 162 461 177 493
b108 273 539 311 576
b109 80 253 126 295
b110 404 435 443 477
b111 371 366 384 387
b112 25 419 50 449
b113 76 0 112 24
b114 226 420 260 464
b115 75 628 109 650
b116 374 266 393 294
b117 16 221 55 242
b118 339 321 377 365
b119 188 135 233 163
b120 386 107 422 143
b121 374 143 412 177
b122 191 266 234 286
b123 0 340 36 363
b124 74 560 105 595
b125 402 177 444 223
b126 141 47 163 59
b127 129 394 154 437
b128 360 455 404 483
b129 151 276 185 298
b130 79 42 109 68
b131 396 0 444 45
b132 191 117 230 135
b133 101 94 144 109
b134 265 616 312 650
b135 37 340 82 355
b136 134 109 146 146
b137 314 471 335 499
b138 401 297 443 325
b139 311 499 347 536
b140 0 141 12 184
b141 372 522 391 567
b142 158 537 195 564
b143 16 196 40 221
b144 50 501 90 516
b145 239 497 252 542
b146 40 175 88 208
b147 269 34 299 76
b148 293 480 313 498
b149 390 45 437 67
b150 392 498 423 521
b151 231 361 273 379
b152 85 68 101 87
b153 0 525 30 566
b154 50 538 72 555
b155 126 276 151 290
b156 0 264 16 292
b157 180 0 200 25
b158 16 146 39 159
b159 240 0 284 32
b160 158 564 185 580
b161 280 218 326 265
b162 95 442 126 460
b163 162 515 195 537
b164 289 122 330 158
b165 423 477 444 494
b166 273 576 307 612
b167 192 80 228 117
b168 377 294 401 335
b169 384 366 423 390
b170 161 323 206 352
b171 299 34 321 74
b172 228 77 255 90
b173 178 234 203 266
b174 146 118 189 134
b175 0 184 15 200
b176 312 616 350 649
b177 226 379 263 420
b178 263 427 282 444
b179 288 76 322 122
b180 136 587 155 627
b181 176 186 204 216
b182 101 70 146 94
b183 235 328 274 361
b184 347 522 372 568
b185 362 0 396 27
b186 16 255 49 286
b187 282 425 320 461
b188 404 67 444 104
b189 263 383 275 427
b190 42 43 79 70
b191 162 499 196 515
b192 50 472 98 501
b193 239 464 256 497
b194 351 568 379 581
b195 154 434 187 447
b196 121 485 162 526
b197 99 325 127 362
b198 326 302 374 321
b199 365 220 401 251
b200 191 286 234 323
b201 210 464 239 490
b202 356 27 390 66
b203 374 251 402 266
b204 154 393 187 434
b205 237 32 252 53
b206 233 130 268 172
b207 155 580 188 608
b208 423 494 443 521
b209 50 436 95 472
b210 16 242 40 255
b211 299 498 311 514
b212 423 387 444 429
b213 0 232 14 264
b214 175 169 202 186
b215 206 328 235 349
b216 260 444 279 486
b217 16 70 36 118
b218 0 404 43 419
b219 313 352 331 380
b220 49 267 79 304
b221 392 555 405 600
b222 127 325 161 350
b223 133 183 152 205
b224 377 345 422 366
b225 131 238 178 276
b226 326 205 365 221
b227 132 147 164 160
b228 160 0 180 21
b229 143 298 191 322
b230 278 335 308 368
b231 109 54 139 70
b232 133 160 175 183
b233 253 32 269 45
b234 323 27 356 45
b235 109 628 155 650
b236 320 444 359 471
b237 37 355 58 395
b238 323 0 362 27
b239 200 0 240 22
b240 129 437 152 456
b241 188 352 201 376
b242 50 516 90 538
b243 404 521 441 555
b244 379 567 392 604
b245 273 515 309 539
b246 98 460 121 504
b247 326 221 365 257
b248 361 390 404 421
b249 133 211 168 238
b250 321 45 355 76
b251 42 0 76 43
b252 16 118 35 146
b253 112 152 127 165
b254 279 461 292 485
b255 231 172 278 211
b256 146 134 167 147
b257 260 486 293 503
b258 234 294 278 328
b259 146 59 158 85
b260 269 76 288 88
b261 40 91 85 103
b262 102 394 129 442
b263 279 289 326 335
b264 31 604 54 649
b265 347 507 392 522
b266 326 257 374 302
b267 284 0 323 34
b268 0 465 25 487
b269 75 595 112 613
b270 320 380 335 403
b271 347 483 389 507
b272 99 109 134 133
b273 252 515 273 545
b274 177 464 210 485
b275 393 269 421 291
b276 177 485 208 499
b277 252 503 299 515
b278 275 88 288 130
b279 405 555 444 598
b280 422 104 444 135
b281 76 24 106 42
b282 99 295 143 325
b283 177 447 192 460
b284 268 130 289 160
b285 36 103 49 136
b286 33 568 74 604
b287 423 345 444 387
b288 155 608 183 644
b289 0 566 33 603
b290 253 45 269 72
b291 374 177 402 220
b292 16 31 40 70
b293 230 111 273 130
b294 313 335 339 352
b295 25 449 38 492
b296 85 152 112 168
b297 0 603 31 641
b298 311 568 351 601
b299 40 208 53 221
