557920.5
828459
287382
422 681
53.358293
b0 269 303 296 318
b1 279 417 306 433
b2 65 553 91 575
b3 97 166 142 187
b4 343 478 388 518
b5 372 579 388 605
b6 43 418 81 445
b7 356 274 391 303
b8 345 157 381 178
b9 119 324 163 349
b10 91 558 122 573
b11 64 575 105 599
b12 125 494 144 511
b13 238 473 286 506
b14 312 218 356 239
b15 407 611 422 645
b16 43 248 85 293
b17 102 0 143 37
b18 344 434 387 478
b19 309 586 345 609
b20 345 141 362 154
b21 235 105 279 133
b22 279 39 314 68
b23 307 641 324 681
b24 328 518 352 536
b25 0 483 43 512
b26 402 78 420 105
b27 165 640 203 680
b28 97 298 109 322
b29 315 434 344 464
b30 52 330 80 350
b31 309 609 345 641
b32 146 659 165 681
b33 47 636 93 681
b34 0 199 12 228
b35 130 652 142 678
b36 107 246 137 273
b37 345 649 374 661
b38 207 157 228 176
b39 161 572 174 584
b40 216 542 263 561
b41 263 184 282 220
b42 276 240 322 265
b43 342 324 381 345
b44 315 12 342 36
b45 348 0 372 25
b46 374 649 393 662
b47 279 137 321 177
b48 391 274 419 308
b49 233 388 257 436
b50 24 628 43 642
b51 328 316 342 332
b52 0 441 37 459
b53 379 185 391 221
b54 80 338 114 368
b55 0 554 31 580
b56 65 507 96 553
b57 267 336 314 384
b58 109 298 134 323
b59 163 322 201 369
b60 308 570 347 586
b61 55 102 100 133
b62 279 101 325 137
b63 216 561 262 597
b64 186 48 219 63
b65 299 535 312 558
b66 13 171 58 213
b67 392 221 406 254
b68 299 278 327 323
b69 82 439 118 466
b70 359 78 375 123
b71 322 239 356 271
b72 85 323 117 338
b73 142 121 188 133
b74 13 137 56 171
b75 119 445 156 465
b76 201 312 240 348
b77 380 557 420 575
b78 146 617 162 659
b79 57 77 97 102
b80 407 575 422 611
b81 125 556 157 571
b82 0 459 39 483
b83 15 349 52 390
b84 312 536 350 570
b85 199 381 233 424
b86 226 235 270 274
b87 372 0 420 45
b88 155 246 199 275
b89 143 101 185 121
b90 55 223 101 247
b91 342 303 385 324
b92 125 511 172 556
b93 392 254 416 274
b94 167 31 186 62
b95 172 509 216 546
b96 310 464 343 510
b97 270 433 310 448
b98 339 65 374 78
b99 354 25 371 65
b100 186 63 231 107
b101 13 248 43 284
b102 16 309 52 349
b103 388 466 422 500
b104 13 213 55 227
b105 279 384 314 417
b106 315 0 348 12
b107 233 87 265 102
b108 82 401 119 439
b109 13 91 55 137
b110 156 205 198 244
b111 43 587 64 600
b112 269 278 299 303
b113 321 141 345 177
b114 13 57 57 91
b115 387 444 421 466
b116 52 350 80 369
b117 57 56 96 77
b118 225 274 269 312
b119 314 366 342 411
b120 356 238 392 274
b121 325 78 359 116
b122 57 36 100 56
b123 119 409 142 445
b124 227 204 262 235
b125 104 606 146 652
b126 52 369 74 381
b127 0 284 43 309
b128 106 466 150 494
b129 43 481 65 515
b130 240 312 266 342
b131 151 369 199 414
b132 233 0 272 18
b133 172 546 215 561
b134 191 474 238 508
b135 146 572 161 617
b136 278 68 315 80
b137 207 136 235 157
b138 162 598 190 640
b139 170 136 207 172
b140 0 111 12 154
b141 95 187 140 206
b142 93 652 130 679
b143 175 414 199 439
b144 0 381 15 421
b145 0 66 13 111
b146 374 45 422 78
b147 0 512 30 554
b148 261 384 279 404
b149 0 606 47 628
b150 0 580 31 603
b151 0 423 42 441
b152 106 494 125 510
b153 282 199 312 240
b154 39 464 61 481
b155 50 559 64 584
b156 88 599 104 627
b157 347 579 372 599
b158 406 221 419 244
b159 119 365 151 409
b160 240 342 267 358
b161 248 634 294 681
b162 170 0 188 31
b163 142 414 175 436
b164 47 600 88 636
b165 100 145 117 166
b166 388 500 422 536
b167 245 506 282 542
b168 381 340 422 364
b169 143 20 167 59
b170 188 107 233 136
b171 203 638 225 678
b172 257 404 270 431
b173 103 273 135 298
b174 119 349 162 365
b175 157 556 172 572
b176 81 368 119 401
b177 381 148 422 185
b178 374 662 393 679
b179 387 398 421 444
b180 352 518 371 558
b181 314 336 342 366
b182 286 460 310 505
b183 201 348 240 381
b184 282 510 328 535
b185 13 30 47 57
b186 230 172 263 203
b187 214 597 252 633
b188 174 561 214 598
b189 395 598 407 642
b190 375 78 402 115
b191 362 123 378 157
b192 96 510 125 558
b193 385 323 418 340
b194 0 249 13 277
b195 276 265 309 278
b196 65 466 106 507
b197 52 381 80 418
b198 339 415 387 434
b199 391 185 422 221
b200 58 167 95 210
b201 135 283 161 312
b202 199 440 238 474
b203 230 508 245 536
b204 105 573 146 606
b205 391 308 412 323
b206 100 59 142 94
b207 15 390 43 423
b208 143 0 170 20
b209 57 0 102 36
b210 0 0 13 24
b211 85 296 97 312
b212 13 227 55 248
b213 342 271 356 303
b214 269 318 296 335
b215 235 133 264 154
b216 313 199 355 218
b217 324 661 372 681
b218 143 86 186 101
b219 235 154 263 172
b220 238 436 268 473
b221 327 271 340 316
b222 325 116 359 141
b223 85 247 107 266
b224 278 80 323 101
b225 163 275 201 322
b226 371 518 387 557
b227 296 323 328 336
b228 324 641 345 661
b229 345 625 393 649
b230 157 172 187 205
b231 263 154 279 184
b232 356 178 379 220
b233 219 48 235 61
b234 362 605 395 623
b235 262 566 308 588
b236 315 36 354 63
b237 135 206 156 246
b238 100 118 139 145
b239 102 37 142 59
b240 388 575 407 598
b241 0 628 24 641
b242 190 598 212 638
b243 385 364 422 398
b244 58 210 95 223
b245 263 542 299 566
b246 235 18 279 41
b247 279 0 315 39
b248 235 41 278 72
b249 393 645 420 680
b250 101 206 135 237
b251 156 439 199 473
b252 31 559 50 587
b253 142 169 157 182
b254 315 63 339 76
b255 0 642 47 681
b256 0 228 13 249
b257 356 221 389 238
b258 31 515 65 559
b259 135 312 161 324
b260 31 587 43 606
b261 0 154 12 199
b262 199 226 226 274
b263 262 588 309 634
b264 225 633 248 678
b265 0 336 15 381
b266 188 0 233 48
b267 58 133 97 167
b268 314 411 339 433
b269 137 246 155 283
b270 235 72 258 87
b271 143 62 185 86
b272 201 274 225 309
b273 350 558 380 579
b274 388 536 421 557
b275 199 204 227 226
b276 216 508 230 539
b277 268 448 315 460
b278 0 24 13 66
b279 342 376 385 415
b280 282 177 313 199
b281 85 266 103 296
b282 13 0 57 30
b283 142 182 157 195
b284 240 358 261 388
b285 265 72 278 105
b286 150 473 191 509
b287 313 178 355 199
b288 142 133 170 169
b289 52 293 85 330
b290 0 309 16 336
b291 187 176 230 204
b292 100 94 139 118
b293 39 445 82 464
b294 345 599 362 625
b295 294 634 307 677
b296 199 424 226 440
b297 342 345 380 376
b298 381 115 421 148
b299 263 220 276 233
