557327.75
826667.5
287988
466 618
75.902356
b0 451 430 466 457
b1 226 469 253 485
b2 395 411 421 433
b3 342 309 387 330
b4 274 38 314 83
b5 101 509 127 525
b6 311 337 349 364
b7 369 103 404 132
b8 119 597 155 618
b9 0 314 44 339
b10 192 0 207 31
b11 423 579 464 603
b12 74 104 93 121
b13 227 485 275 518
b14 44 361 88 382
b15 451 126 466 160
b16 128 481 173 523
b17 33 19 74 56
b18 377 493 420 537
b19 441 160 464 196
b20 132 163 145 180
b21 379 433 423 461
b22 120 0 149 35
b23 374 151 391 191
b24 74 60 98 78
b25 184 518 227 547
b26 103 42 121 69
b27 411 112 451 150
b28 319 460 331 484
b29 91 312 121 341
b30 235 218 255 246
b31 260 364 292 400
b32 317 438 336 460
b33 421 276 466 322
b34 0 44 12 73
b35 453 0 465 26
b36 267 292 297 319
b37 0 244 12 273
b38 421 214 440 235
b39 254 583 267 595
b40 12 146 31 193
b41 35 573 54 609
b42 441 196 466 242
b43 59 525 98 546
b44 47 56 74 80
b45 339 0 363 25
b46 451 411 464 430
b47 184 547 226 587
b48 314 303 342 337
b49 260 400 284 448
b50 158 69 177 83
b51 61 0 75 16
b52 226 599 263 617
b53 356 83 368 119
b54 163 197 193 231
b55 74 78 105 104
b56 226 552 272 583
b57 100 264 147 312
b58 399 0 424 25
b59 254 0 301 38
b60 423 491 462 507
b61 54 587 99 618
b62 136 542 182 578
b63 331 465 377 501
b64 451 93 466 126
b65 325 160 338 183
b66 75 0 120 42
b67 253 261 267 294
b68 423 388 451 433
b69 257 448 284 484
b70 166 385 211 401
b71 389 461 423 493
b72 235 246 267 261
b73 0 110 12 156
b74 336 431 379 465
b75 349 330 386 350
b76 241 182 280 218
b77 292 393 332 411
b78 379 223 421 239
b79 181 31 206 71
b80 117 145 132 181
b81 199 256 231 271
b82 35 471 74 495
b83 340 577 377 618
b84 105 69 139 107
b85 176 130 219 164
b86 216 352 260 391
b87 314 38 362 83
b88 206 212 235 256
b89 12 104 32 146
b90 254 136 278 182
b91 33 530 54 573
b92 278 136 325 181
b93 250 38 274 58
b94 420 93 451 112
b95 147 231 184 275
b96 267 246 300 292
b97 184 233 199 273
b98 43 410 78 423
b99 91 343 131 360
b100 44 316 88 361
b101 12 247 48 277
b102 133 445 173 481
b103 386 355 420 389
b104 219 119 261 133
b105 0 461 35 494
b106 177 71 210 83
b107 149 20 181 35
b108 189 479 226 517
b109 379 239 421 285
b110 0 404 42 443
b111 201 164 214 185
b112 243 518 273 543
b113 231 294 267 318
b114 332 397 376 431
b115 139 88 173 110
b116 72 506 100 525
b117 235 61 274 82
b118 172 347 216 385
b119 186 319 231 347
b120 369 67 405 103
b121 301 0 339 34
b122 149 0 192 20
b123 338 160 374 183
b124 0 582 35 613
b125 424 26 466 72
b126 377 465 389 487
b127 375 550 418 575
b128 267 336 311 364
b129 219 133 241 167
b130 423 433 449 463
b131 308 83 356 128
b132 0 443 39 461
b133 214 430 257 445
b134 113 204 147 251
b135 405 66 420 111
b136 0 73 12 110
b137 324 212 345 240
b138 300 257 342 285
b139 423 507 459 544
b140 0 201 12 244
b141 109 110 154 129
b142 101 472 128 509
b143 0 519 25 543
b144 12 277 52 292
b145 377 537 422 550
b146 346 191 379 239
b147 379 193 421 223
b148 377 411 395 431
b149 52 282 99 304
b150 309 578 340 601
b151 300 285 342 303
b152 142 69 158 88
b153 173 449 214 479
b154 308 601 330 618
b155 33 56 47 81
b156 226 583 254 599
b157 210 61 235 81
b158 339 25 362 38
b159 325 128 369 160
b160 147 204 163 231
b161 173 83 219 130
b162 158 132 176 163
b163 231 261 253 294
b164 148 275 184 316
b165 421 193 438 214
b166 231 318 267 352
b167 338 541 375 577
b168 379 285 420 309
b169 261 112 300 136
b170 292 364 337 393
b171 391 151 413 191
b172 315 411 328 438
b173 345 239 377 264
b174 300 241 343 257
b175 363 0 379 15
b176 133 371 166 409
b177 219 82 260 119
b178 136 578 153 597
b179 387 309 421 355
b180 76 178 116 197
b181 255 218 285 246
b182 68 224 113 248
b183 280 181 319 214
b184 87 447 133 472
b185 74 472 101 506
b186 284 411 315 444
b187 98 525 136 561
b188 338 501 375 541
b189 0 0 12 44
b190 76 197 113 224
b191 227 518 243 552
b192 260 83 308 112
b193 154 409 171 442
b194 48 247 61 275
b195 349 350 382 363
b196 12 206 53 247
b197 423 463 460 491
b198 136 523 184 542
b199 123 409 154 445
b200 421 322 458 365
b201 424 0 453 26
b202 142 35 181 69
b203 267 319 295 334
b204 54 546 87 587
b205 319 514 334 535
b206 423 544 465 579
b207 155 587 188 615
b208 379 0 399 27
b209 343 264 379 309
b210 292 552 305 576
b211 319 484 331 500
b212 171 401 213 422
b213 161 183 193 197
b214 284 474 311 491
b215 325 183 346 212
b216 369 132 411 151
b217 12 30 32 78
b218 121 328 164 343
b219 75 42 103 60
b220 72 121 109 151
b221 241 133 254 178
b222 0 494 34 519
b223 154 110 173 132
b224 116 183 161 204
b225 207 0 254 38
b226 173 479 189 518
b227 411 25 424 57
b228 99 595 119 616
b229 39 447 87 471
b230 284 444 317 474
b231 322 535 338 565
b232 377 575 400 617
b233 322 565 338 578
b234 400 575 418 608
b235 377 389 423 411
b236 173 422 212 449
b237 420 72 460 93
b238 285 214 324 241
b239 0 292 40 314
b240 273 552 292 575
b241 12 193 36 206
b242 36 179 76 201
b243 99 561 136 595
b244 35 495 72 508
b245 33 122 69 146
b246 206 38 250 61
b247 375 27 411 66
b248 0 373 43 404
b249 193 185 228 212
b250 275 521 309 552
b251 421 242 464 276
b252 33 0 61 19
b253 93 107 108 120
b254 228 167 241 191
b255 213 391 260 430
b256 193 212 206 233
b257 297 303 314 336
b258 0 339 44 373
b259 87 561 99 587
b260 145 163 157 182
b261 0 156 12 201
b262 69 151 117 178
b263 184 273 231 319
b264 421 365 466 388
b265 53 201 68 246
b266 88 360 133 408
b267 61 248 100 282
b268 34 508 59 530
b269 33 81 51 118
b270 451 388 466 411
b271 214 445 256 469
b272 42 423 77 447
b273 121 35 142 65
b274 0 561 33 582
b275 164 319 186 347
b276 418 603 449 617
b277 44 304 91 316
b278 362 25 375 67
b279 80 408 123 447
b280 136 132 158 163
b281 0 543 30 561
b282 275 491 319 521
b283 319 501 334 514
b284 12 0 33 30
b285 113 251 146 264
b286 272 576 308 617
b287 51 80 72 122
b288 44 382 80 410
b289 31 146 68 179
b290 121 312 148 328
b291 413 150 441 193
b292 133 347 172 371
b293 158 164 201 183
b294 12 78 29 104
b295 309 535 322 578
b296 109 129 136 145
b297 188 587 226 618
b298 337 364 377 397
b299 228 191 241 204
