583120.75
876426.5
289815
417 695
33.421283
b0 349 222 376 237
b1 67 203 94 219
b2 216 273 238 299
b3 371 116 416 137
b4 272 534 317 574
b5 164 459 180 485
b6 187 357 214 395
b7 199 152 234 181
b8 182 495 218 516
b9 111 239 136 283
b10 150 114 165 145
b11 349 237 373 278
b12 371 97 388 116
b13 369 471 417 504
b14 128 169 172 190
b15 273 405 307 420
b16 261 184 303 229
b17 236 366 273 407
b18 234 141 278 184
b19 264 0 300 23
b20 354 365 367 382
b21 19 117 47 161
b22 104 40 139 69
b23 290 337 307 377
b24 0 287 18 311
b25 185 395 214 438
b26 326 613 353 631
b27 92 399 130 439
b28 116 516 140 528
b29 101 288 131 317
b30 34 370 54 398
b31 54 366 90 398
b32 185 56 204 78
b33 260 252 305 298
b34 404 137 416 166
b35 388 100 414 112
b36 325 409 355 436
b37 67 174 79 203
b38 255 344 274 365
b39 140 466 152 479
b40 0 311 19 358
b41 104 21 140 40
b42 307 341 353 366
b43 102 0 141 21
b44 175 152 199 179
b45 171 242 195 267
b46 258 653 271 672
b47 376 169 416 211
b48 185 28 219 56
b49 347 97 371 145
b50 121 634 140 648
b51 72 611 88 625
b52 19 196 56 214
b53 182 516 218 528
b54 258 623 292 653
b55 19 0 50 26
b56 19 26 50 72
b57 0 405 47 453
b58 137 226 162 251
b59 147 338 185 385
b60 271 574 310 590
b61 219 31 264 62
b62 303 179 349 215
b63 341 658 387 694
b64 218 495 233 528
b65 206 69 219 92
b66 47 475 92 517
b67 403 321 417 354
b68 219 62 264 90
b69 342 631 378 658
b70 0 242 16 287
b71 38 611 72 643
b72 347 19 379 34
b73 301 98 347 110
b74 301 110 344 144
b75 264 60 301 80
b76 347 34 386 70
b77 182 477 222 495
b78 87 103 129 119
b79 211 668 251 693
b80 229 438 265 453
b81 339 366 354 398
b82 38 241 77 265
b83 373 284 414 321
b84 68 0 102 38
b85 216 239 259 273
b86 185 438 229 477
b87 140 528 188 573
b88 387 504 416 548
b89 154 647 174 689
b90 0 524 46 548
b91 58 672 101 693
b92 46 517 91 564
b93 121 610 141 634
b94 19 236 38 267
b95 165 108 202 152
b96 121 648 154 694
b97 132 376 147 416
b98 19 299 54 312
b99 0 93 17 133
b100 56 322 101 366
b101 214 408 250 438
b102 231 543 271 579
b103 104 69 138 103
b104 49 597 91 611
b105 278 144 311 179
b106 140 69 152 102
b107 389 137 404 169
b108 273 420 310 458
b109 0 453 46 495
b110 140 485 182 524
b111 151 419 164 440
b112 328 583 353 613
b113 366 548 390 584
b114 353 504 387 548
b115 19 214 53 236
b116 342 0 370 19
b117 129 103 150 142
b118 305 256 349 294
b119 19 72 47 117
b120 22 658 58 694
b121 147 385 185 419
b122 214 121 257 141
b123 68 38 104 61
b124 92 439 127 470
b125 369 429 415 471
b126 122 364 144 376
b127 349 179 374 222
b128 184 0 228 28
b129 0 658 22 692
b130 121 580 147 610
b131 73 627 121 672
b132 354 278 372 317
b133 354 457 369 500
b134 77 241 111 288
b135 310 409 325 454
b136 316 574 328 611
b137 19 342 40 370
b138 187 315 215 357
b139 264 23 300 60
b140 243 319 286 331
b141 370 0 415 19
b142 390 548 417 585
b143 112 556 137 580
b144 0 202 15 242
b145 404 384 417 429
b146 92 483 140 516
b147 300 0 342 30
b148 19 175 37 195
b149 251 672 298 694
b150 260 229 291 252
b151 47 421 89 439
b152 326 631 342 650
b153 165 78 206 108
b154 291 229 308 251
b155 375 137 389 162
b156 274 350 290 378
b157 129 142 149 167
b158 38 643 61 656
b159 216 207 260 239
b160 199 641 215 668
b161 101 317 147 364
b162 50 30 68 61
b163 12 370 34 403
b164 13 570 49 611
b165 101 364 122 381
b166 137 190 171 226
b167 92 166 128 203
b168 141 28 165 69
b169 50 150 89 174
b170 0 495 45 524
b171 56 219 96 241
b172 0 175 13 202
b173 328 551 353 583
b174 199 224 215 267
b175 331 294 346 310
b176 49 564 87 597
b177 229 453 270 490
b178 199 205 216 224
b179 311 145 357 179
b180 233 490 273 509
b181 289 504 317 534
b182 172 181 217 205
b183 262 108 301 141
b184 353 585 378 631
b185 137 251 171 278
b186 273 458 304 491
b187 68 61 104 99
b188 378 585 415 625
b189 202 108 214 152
b190 174 668 211 695
b191 50 61 66 95
b192 214 92 262 121
b193 40 265 57 298
b194 79 174 92 202
b195 355 382 368 415
b196 308 215 349 256
b197 171 205 199 242
b198 0 0 19 48
b199 228 0 264 31
b200 373 247 416 284
b201 215 315 241 344
b202 233 509 272 543
b203 316 294 331 322
b204 147 573 180 614
b205 330 30 345 51
b206 369 384 404 426
b207 147 614 175 647
b208 92 556 112 583
b209 47 439 92 475
b210 92 516 116 529
b211 120 381 132 397
b212 215 366 236 408
b213 354 333 368 365
b214 271 653 298 670
b215 250 407 271 436
b216 0 133 19 175
b217 165 28 185 76
b218 288 322 331 337
b219 92 381 120 399
b220 19 312 56 342
b221 152 69 165 114
b222 317 487 351 512
b223 199 622 221 641
b224 243 298 288 319
b225 0 611 38 658
b226 204 299 243 315
b227 92 470 124 483
b228 19 267 40 287
b229 368 360 416 384
b230 225 600 255 633
b231 171 284 187 314
b232 392 19 415 61
b233 274 337 290 350
b234 357 145 375 178
b235 0 548 46 570
b236 378 625 417 652
b237 164 419 185 459
b238 347 70 386 97
b239 147 316 187 338
b240 132 419 151 442
b241 288 609 312 622
b242 215 344 255 366
b243 221 633 258 667
b244 353 548 366 585
b245 127 442 163 466
b246 217 184 261 207
b247 376 211 415 247
b248 308 366 339 409
b249 273 378 308 405
b250 292 622 326 653
b251 188 540 231 574
b252 288 590 316 609
b253 58 656 73 669
b254 273 491 297 504
b255 89 119 128 166
b256 0 570 13 591
b257 171 267 204 284
b258 57 288 101 322
b259 354 321 380 333
b260 19 287 38 299
b261 188 528 233 540
b262 92 529 140 556
b263 301 51 347 98
b264 47 398 92 421
b265 0 48 15 93
b266 180 574 225 622
b267 317 512 351 551
b268 238 273 260 298
b269 50 99 87 117
b270 380 321 403 336
b271 175 622 199 664
b272 368 336 403 360
b273 37 175 67 196
b274 267 590 288 623
b275 288 298 316 320
b276 19 161 50 175
b277 0 358 12 405
b278 355 415 368 457
b279 298 653 341 692
b280 331 310 353 341
b281 50 0 68 30
b282 91 583 121 627
b283 379 19 392 34
b284 300 30 330 51
b285 241 331 274 344
b286 96 203 137 239
b287 225 579 267 600
b288 264 80 300 108
b289 317 454 354 487
b290 325 436 352 452
b291 141 0 184 28
b292 388 61 412 100
b293 387 652 406 695
b294 149 152 175 169
b295 304 458 317 501
b296 273 504 289 531
b297 50 119 88 150
b298 131 283 171 316
b299 206 56 219 69
