570574.25
853931.5
287217
423 679
88.831387
b0 148 108 175 123
b1 63 556 79 583
b2 360 489 386 511
b3 61 52 82 97
b4 106 148 151 188
b5 239 324 265 340
b6 0 178 38 205
b7 386 446 421 475
b8 151 148 187 169
b9 148 123 192 148
b10 81 230 96 261
b11 83 0 124 24
b12 44 567 63 584
b13 233 437 281 470
b14 269 253 313 274
b15 359 370 374 404
b16 381 160 423 205
b17 322 621 363 658
b18 0 0 44 43
b19 99 506 135 529
b20 368 111 385 124
b21 0 590 44 618
b22 386 370 421 399
b23 238 163 278 180
b24 362 459 386 477
b25 230 587 273 616
b26 184 370 202 397
b27 141 255 181 293
b28 239 120 263 132
b29 386 399 416 428
b30 63 583 83 611
b31 385 128 421 160
b32 61 0 83 19
b33 220 12 266 57
b34 214 0 243 12
b35 122 92 148 104
b36 358 81 385 111
b37 81 261 93 290
b38 219 206 238 227
b39 128 593 141 605
b40 292 366 311 413
b41 281 507 300 543
b42 188 161 213 207
b43 284 414 323 435
b44 359 275 386 299
b45 338 457 362 482
b46 220 57 239 70
b47 187 637 227 679
b48 244 340 278 368
b49 311 325 359 349
b50 299 107 313 126
b51 311 0 325 16
b52 363 621 381 658
b53 374 370 386 406
b54 234 263 268 293
b55 144 351 175 377
b56 387 521 418 567
b57 44 294 91 342
b58 222 406 247 431
b59 181 246 219 293
b60 97 634 136 650
b61 99 409 144 440
b62 386 475 422 521
b63 322 111 368 147
b64 36 663 69 678
b65 378 205 401 218
b66 61 121 106 163
b67 248 505 281 519
b68 71 468 99 513
b69 323 414 359 441
b70 217 161 233 206
b71 144 377 176 411
b72 22 370 37 402
b73 200 470 246 482
b74 174 569 208 612
b75 0 426 37 446
b76 140 219 179 255
b77 314 253 332 293
b78 44 72 60 114
b79 237 550 277 575
b80 386 276 422 291
b81 300 511 315 543
b82 39 342 78 366
b83 0 446 37 487
b84 182 57 216 95
b85 0 144 43 178
b86 0 246 44 285
b87 0 522 48 567
b88 96 226 140 255
b89 0 43 42 63
b90 98 385 144 409
b91 84 555 127 576
b92 36 618 83 663
b93 175 350 199 370
b94 291 126 322 145
b95 200 525 237 569
b96 340 588 386 621
b97 48 522 63 562
b98 309 621 322 656
b99 44 114 61 154
b100 264 617 309 661
b101 0 618 36 648
b102 381 640 421 676
b103 302 453 336 487
b104 172 637 186 679
b105 248 470 281 505
b106 144 411 177 423
b107 71 436 86 468
b108 348 511 386 548
b109 192 119 238 161
b110 250 368 292 407
b111 23 91 44 104
b112 356 149 381 179
b113 302 487 338 511
b114 171 13 205 57
b115 0 63 22 97
b116 281 479 300 507
b117 309 658 348 679
b118 84 576 128 614
b119 172 442 200 487
b120 386 291 422 327
b121 160 293 194 331
b122 64 513 84 556
b123 269 289 305 312
b124 388 245 423 276
b125 311 372 357 414
b126 0 370 22 382
b127 187 612 230 637
b128 237 522 281 550
b129 230 616 264 638
b130 325 0 355 26
b131 340 218 388 263
b132 0 303 39 321
b133 205 13 220 56
b134 219 229 266 263
b135 269 274 314 289
b136 332 263 369 275
b137 22 63 43 91
b138 97 650 139 678
b139 44 230 81 266
b140 86 396 98 439
b141 220 70 239 115
b142 202 329 239 356
b143 266 124 291 148
b144 0 321 40 336
b145 169 0 214 13
b146 372 48 420 81
b147 91 303 133 333
b148 281 197 301 215
b149 269 231 316 253
b150 0 97 23 128
b151 99 440 141 458
b152 261 180 277 199
b153 61 163 102 193
b154 102 188 119 210
b155 368 124 382 149
b156 44 154 60 182
b157 167 612 187 637
b158 357 357 380 370
b159 322 172 354 216
b160 148 92 175 108
b161 96 339 143 385
b162 141 594 172 612
b163 61 19 83 52
b164 194 293 235 329
b165 301 197 322 214
b166 386 604 420 640
b167 387 567 423 604
b168 175 95 216 119
b169 354 179 378 218
b170 310 50 355 79
b171 208 569 230 609
b172 37 509 64 522
b173 324 147 356 172
b174 0 128 43 144
b175 347 441 362 457
b176 184 397 222 430
b177 227 638 264 679
b178 302 435 321 452
b179 125 24 171 58
b180 144 423 184 442
b181 238 199 266 229
b182 124 0 169 24
b183 200 431 233 470
b184 239 57 264 103
b185 37 482 71 509
b186 119 188 152 219
b187 179 210 217 246
b188 350 548 387 588
b189 238 151 282 163
b190 223 369 250 406
b191 281 215 315 231
b192 355 0 384 48
b193 355 48 372 81
b194 69 666 97 679
b195 278 353 311 366
b196 0 205 41 246
b197 44 266 81 294
b198 311 306 359 325
b199 136 612 167 648
b200 386 327 423 370
b201 99 529 128 555
b202 311 548 350 582
b203 219 263 234 291
b204 278 312 311 353
b205 78 342 93 363
b206 83 24 125 59
b207 309 79 342 107
b208 99 485 126 505
b209 96 255 141 291
b210 86 439 99 463
b211 143 339 159 351
b212 282 148 324 169
b213 83 634 97 666
b214 44 584 61 611
b215 126 485 155 506
b216 160 331 202 350
b217 83 614 131 634
b218 200 482 215 525
b219 233 180 261 198
b220 247 407 284 437
b221 199 356 244 369
b222 265 99 299 124
b223 359 299 381 318
b224 264 78 309 99
b225 385 81 423 128
b226 44 33 60 72
b227 268 199 281 231
b228 202 369 223 389
b229 61 97 109 121
b230 139 648 172 678
b231 277 587 293 617
b232 176 526 199 568
b233 102 210 115 226
b234 315 511 348 529
b235 138 293 160 339
b236 359 318 386 357
b237 290 543 311 583
b238 99 458 138 485
b239 362 419 384 459
b240 23 104 42 127
b241 359 406 383 419
b242 64 396 86 436
b243 60 193 94 230
b244 277 550 290 587
b245 39 366 75 390
b246 0 567 44 590
b247 83 59 122 95
b248 141 442 172 485
b249 388 218 423 245
b250 235 293 269 324
b251 139 58 182 92
b252 238 132 266 151
b253 128 578 141 593
b254 293 583 306 607
b255 384 0 423 47
b256 0 382 21 395
b257 44 0 61 33
b258 37 438 71 482
b259 321 441 347 453
b260 362 477 381 489
b261 93 291 138 303
b262 37 390 64 438
b263 128 531 174 578
b264 311 349 356 372
b265 264 661 309 676
b266 266 0 311 48
b267 0 336 39 370
b268 135 506 157 531
b269 386 428 423 446
b270 22 402 37 425
b271 311 26 353 50
b272 316 216 340 251
b273 75 366 96 396
b274 348 658 381 679
b275 338 482 360 510
b276 125 58 139 89
b277 230 575 277 587
b278 84 513 97 555
b279 109 104 148 147
b280 0 395 22 426
b281 13 285 43 303
b282 266 48 310 78
b283 0 285 13 300
b284 338 275 359 305
b285 305 293 338 306
b286 152 169 188 210
b287 281 437 302 479
b288 0 648 36 676
b289 0 487 37 520
b290 342 81 358 108
b291 278 169 321 197
b292 176 487 200 526
b293 157 487 176 530
b294 239 103 265 120
b295 44 182 57 225
b296 141 578 168 594
b297 309 583 340 621
b298 215 482 248 522
b299 315 529 328 542
