577396
865286
289506
427 678
55.795791
b0 177 81 192 108
b1 71 49 87 76
b2 168 342 194 364
b3 133 525 178 546
b4 256 278 301 318
b5 376 303 402 319
b6 298 505 325 543
b7 326 208 361 237
b8 32 346 68 367
b9 245 153 270 197
b10 136 546 167 561
b11 270 0 294 41
b12 170 294 189 311
b13 34 586 67 634
b14 256 403 277 447
b15 36 661 70 676
b16 256 318 301 360
b17 146 641 187 678
b18 270 162 314 205
b19 93 313 116 349
b20 156 68 169 85
b21 323 650 367 678
b22 127 571 162 600
b23 302 543 319 583
b24 385 155 403 179
b25 27 45 70 74
b26 124 478 142 505
b27 288 208 326 248
b28 66 194 90 206
b29 73 632 103 661
b30 170 43 198 63
b31 211 249 247 281
b32 93 349 115 368
b33 336 57 381 103
b34 382 143 411 155
b35 90 199 102 225
b36 256 460 286 487
b37 80 450 92 479
b38 156 85 177 104
b39 0 235 13 247
b40 178 419 225 438
b41 68 492 104 511
b42 43 505 68 551
b43 279 141 318 162
b44 0 162 24 189
b45 361 158 385 183
b46 209 504 228 517
b47 116 336 156 378
b48 167 575 201 603
b49 294 0 342 24
b50 92 439 106 458
b51 360 295 376 309
b52 228 113 246 150
b53 80 414 92 450
b54 221 454 255 484
b55 103 643 134 669
b56 178 505 209 551
b57 239 551 286 599
b58 27 157 52 182
b59 380 420 427 458
b60 286 547 302 586
b61 286 586 317 631
b62 187 642 233 678
b63 67 586 103 632
b64 216 318 249 333
b65 409 316 422 339
b66 19 304 64 346
b67 222 403 255 417
b68 198 34 243 62
b69 234 0 270 27
b70 188 150 233 166
b71 72 552 104 586
b72 70 661 102 676
b73 329 311 375 323
b74 191 0 234 34
b75 278 510 298 547
b76 106 439 142 478
b77 260 510 278 550
b78 318 145 360 161
b79 0 48 25 88
b80 277 428 313 443
b81 329 237 361 252
b82 0 88 24 127
b83 52 157 93 194
b84 361 183 399 217
b85 0 578 34 621
b86 71 76 115 115
b87 344 503 389 551
b88 27 107 71 136
b89 326 103 346 145
b90 277 648 323 672
b91 315 60 336 103
b92 186 166 233 211
b93 49 409 69 433
b94 170 311 189 342
b95 233 641 277 678
b96 392 458 425 504
b97 102 202 142 217
b98 155 272 168 307
b99 286 631 326 648
b100 27 0 71 45
b101 63 225 99 255
b102 142 425 178 465
b103 142 478 176 512
b104 135 411 177 425
b105 0 545 35 578
b106 156 335 168 368
b107 220 439 252 454
b108 116 299 154 336
b109 176 364 222 406
b110 361 217 403 256
b111 19 346 32 367
b112 353 24 383 49
b113 238 71 274 95
b114 18 252 62 286
b115 361 256 395 278
b116 0 621 28 640
b117 348 551 387 572
b118 146 603 190 641
b119 109 157 137 202
b120 344 422 380 458
b121 201 577 239 611
b122 142 206 185 226
b123 301 327 337 350
b124 379 112 414 143
b125 240 599 286 641
b126 49 382 61 404
b127 186 211 211 254
b128 319 572 347 616
b129 326 616 348 650
b130 228 484 254 514
b131 344 458 392 503
b132 238 95 277 113
b133 345 335 360 378
b134 279 107 326 141
b135 211 281 256 296
b136 248 514 260 551
b137 104 536 132 557
b138 158 164 186 206
b139 391 640 427 677
b140 414 112 426 155
b141 269 205 288 250
b142 36 634 73 661
b143 68 343 93 367
b144 157 0 172 40
b145 177 406 222 419
b146 286 395 334 428
b147 104 600 146 630
b148 228 514 248 532
b149 403 233 425 280
b150 329 252 360 275
b151 27 182 45 224
b152 0 374 19 390
b153 384 0 425 30
b154 361 278 383 295
b155 147 146 172 160
b156 154 307 170 335
b157 383 278 403 303
b158 104 571 127 584
b159 301 350 345 382
b160 47 225 63 252
b161 314 162 361 208
b162 18 286 49 304
b163 154 378 176 411
b164 0 411 41 447
b165 0 390 17 411
b166 302 24 336 60
b167 0 640 36 677
b168 115 60 156 84
b169 367 639 391 678
b170 141 226 186 255
b171 243 27 265 67
b172 233 197 260 210
b173 115 108 147 133
b174 93 156 109 199
b175 363 323 379 338
b176 27 74 65 107
b177 115 23 156 60
b178 73 206 90 225
b179 77 368 111 414
b180 334 382 353 422
b181 19 382 49 410
b182 215 532 239 577
b183 388 340 427 373
b184 0 189 25 235
b185 0 481 34 508
b186 392 596 425 627
b187 277 71 315 107
b188 62 255 99 295
b189 134 630 146 674
b190 102 217 139 244
b191 172 130 188 164
b192 64 295 93 343
b193 204 471 221 504
b194 157 40 170 68
b195 301 382 334 395
b196 71 115 112 156
b197 256 250 293 278
b198 325 505 344 553
b199 329 275 360 311
b200 0 508 43 545
b201 189 312 215 341
b202 0 447 39 481
b203 52 469 80 484
b204 179 438 220 471
b205 361 143 382 158
b206 353 378 388 420
b207 360 340 388 373
b208 27 225 47 252
b209 389 504 425 549
b210 169 68 193 81
b211 209 517 225 529
b212 27 136 69 157
b213 104 557 136 571
b214 242 210 269 227
b215 104 515 133 536
b216 0 332 19 374
b217 238 360 286 380
b218 32 367 75 382
b219 45 207 73 225
b220 265 41 302 71
b221 133 512 178 525
b222 179 471 204 505
b223 0 310 19 332
b224 403 188 424 233
b225 389 549 427 596
b226 222 363 238 402
b227 392 627 424 640
b228 87 49 108 69
b229 167 551 215 575
b230 346 103 379 133
b231 224 611 240 641
b232 115 0 157 23
b233 147 130 160 146
b234 0 247 18 280
b235 192 83 238 105
b236 116 272 155 299
b237 198 62 238 83
b238 102 244 141 271
b239 154 108 194 130
b240 325 553 348 572
b241 103 630 127 643
b242 216 296 256 318
b243 35 552 72 586
b244 142 465 179 478
b245 403 280 427 316
b246 254 487 298 510
b247 41 433 80 469
b248 111 378 154 409
b249 0 127 27 162
b250 190 611 224 642
b251 194 105 228 148
b252 86 30 114 49
b253 71 30 86 43
b254 80 479 104 492
b255 388 373 427 420
b256 45 194 66 207
b257 336 24 353 57
b258 348 605 392 639
b259 337 323 363 335
b260 235 333 247 352
b261 233 150 245 195
b262 0 0 27 48
b263 298 458 344 505
b264 238 380 283 403
b265 298 443 343 458
b266 381 64 426 112
b267 383 30 422 64
b268 242 227 267 249
b269 106 478 124 515
b270 286 360 301 383
b271 342 0 384 24
b272 112 133 147 157
b273 379 319 409 340
b274 403 155 424 188
b275 207 341 235 363
b276 313 428 344 442
b277 92 427 139 439
b278 99 271 112 313
b279 168 255 211 294
b280 225 417 256 439
b281 0 280 18 310
b282 71 0 115 30
b283 39 469 52 484
b284 34 484 64 505
b285 256 447 289 460
b286 68 511 104 552
b287 137 160 158 202
b288 301 291 329 327
b289 348 572 385 605
b290 189 296 216 312
b291 301 248 329 291
b292 115 84 154 108
b293 172 0 191 43
b294 141 255 167 272
b295 92 414 135 427
b296 61 382 77 409
b297 211 211 242 249
b298 246 113 279 153
b299 194 341 207 354
