573864.25
860224.5
287504
476 604
67.155463
b0 336 0 351 27
b1 198 0 214 27
b2 100 175 122 201
b3 118 278 163 299
b4 296 0 336 45
b5 378 137 394 163
b6 119 124 157 151
b7 214 0 249 29
b8 145 333 166 369
b9 431 15 475 40
b10 0 561 15 592
b11 146 484 170 525
b12 338 474 355 493
b13 95 205 143 238
b14 13 166 57 187
b15 323 536 357 551
b16 357 562 402 604
b17 0 313 37 354
b18 206 138 250 181
b19 0 499 36 522
b20 170 235 183 252
b21 170 484 198 528
b22 67 63 96 98
b23 229 317 246 357
b24 379 434 397 458
b25 0 401 29 444
b26 15 571 42 589
b27 252 230 292 268
b28 113 557 137 569
b29 73 34 103 63
b30 276 577 304 597
b31 210 285 246 317
b32 61 423 80 445
b33 430 139 475 185
b34 413 303 425 332
b35 324 45 336 71
b36 351 136 378 166
b37 0 21 12 50
b38 373 166 394 185
b39 317 189 329 202
b40 102 431 121 478
b41 0 480 36 499
b42 388 303 413 349
b43 249 422 288 443
b44 327 76 351 103
b45 355 474 379 499
b46 366 236 379 255
b47 436 562 476 604
b48 200 422 234 450
b49 161 307 209 331
b50 59 16 73 35
b51 13 39 29 53
b52 209 222 246 240
b53 315 73 327 109
b54 221 104 251 138
b55 211 549 242 575
b56 357 499 403 530
b57 0 354 48 401
b58 157 556 182 581
b59 341 313 388 351
b60 292 361 308 400
b61 386 45 431 76
b62 246 304 292 340
b63 246 353 292 389
b64 247 62 262 95
b65 0 285 13 308
b66 210 240 252 285
b67 262 45 276 78
b68 21 543 66 571
b69 294 269 330 296
b70 50 205 95 221
b71 262 0 296 32
b72 242 549 274 564
b73 73 163 119 175
b74 118 299 161 333
b75 439 446 476 466
b76 394 141 430 180
b77 379 458 397 498
b78 75 317 117 333
b79 436 537 476 562
b80 336 27 351 63
b81 261 462 276 494
b82 130 76 169 100
b83 276 453 317 490
b84 406 366 440 404
b85 317 146 351 189
b86 294 230 338 269
b87 158 376 206 421
b88 102 478 146 507
b89 208 202 250 222
b90 106 37 130 83
b91 208 181 251 202
b92 431 40 476 87
b93 169 252 189 276
b94 228 73 247 104
b95 112 0 156 37
b96 272 133 305 179
b97 121 238 136 278
b98 246 340 281 353
b99 158 444 198 461
b100 166 331 210 376
b101 0 444 30 480
b102 81 395 121 431
b103 402 567 436 601
b104 252 268 294 282
b105 351 0 386 33
b106 145 525 157 558
b107 57 171 72 203
b108 338 437 376 474
b109 73 121 119 163
b110 234 510 276 549
b111 0 0 13 21
b112 13 288 43 313
b113 280 206 316 230
b114 199 501 233 545
b115 323 580 357 602
b116 156 581 184 600
b117 0 522 21 561
b118 203 29 241 73
b119 279 45 324 73
b120 440 410 476 446
b121 96 83 130 121
b122 428 214 471 234
b123 31 66 67 89
b124 172 76 207 107
b125 342 351 388 393
b126 427 429 439 451
b127 397 404 440 429
b128 122 176 166 204
b129 317 124 351 146
b130 292 335 322 361
b131 276 490 321 538
b132 13 0 31 39
b133 130 507 145 550
b134 379 236 426 270
b135 57 464 102 479
b136 156 21 193 33
b137 289 180 317 201
b138 157 528 199 556
b139 13 230 50 266
b140 0 50 12 93
b141 57 445 102 464
b142 252 179 289 206
b143 147 100 172 124
b144 431 0 471 15
b145 50 221 95 234
b146 173 148 206 196
b147 397 429 427 471
b148 322 308 340 328
b149 48 349 70 396
b150 30 422 61 445
b151 388 349 406 391
b152 93 0 112 16
b153 88 276 118 317
b154 338 420 360 437
b155 316 202 330 227
b156 157 124 173 152
b157 436 512 456 537
b158 0 181 13 204
b159 440 366 472 410
b160 388 110 404 137
b161 428 234 474 281
b162 456 503 474 534
b163 13 266 46 288
b164 438 281 474 322
b165 130 100 147 121
b166 210 357 246 391
b167 279 73 315 110
b168 117 370 158 394
b169 36 479 75 503
b170 163 278 208 307
b171 27 89 67 111
b172 36 530 63 543
b173 403 512 435 537
b174 189 235 205 278
b175 317 109 333 124
b176 88 238 121 276
b177 360 393 397 434
b178 357 530 374 549
b179 379 76 425 110
b180 210 317 229 357
b181 72 175 100 205
b182 386 21 431 45
b183 379 270 418 303
b184 199 575 245 600
b185 30 445 57 479
b186 394 180 427 211
b187 37 313 75 349
b188 121 394 158 434
b189 0 592 44 604
b190 143 204 170 241
b191 59 0 93 16
b192 428 185 476 214
b193 71 234 88 267
b194 0 257 13 285
b195 249 0 262 33
b196 403 471 444 512
b197 117 333 145 370
b198 246 285 294 304
b199 31 35 67 66
b200 13 187 50 230
b201 323 551 349 580
b202 130 37 164 76
b203 251 95 266 123
b204 249 389 290 422
b205 21 522 36 543
b206 351 33 386 75
b207 31 0 59 33
b208 61 396 81 423
b209 13 111 58 147
b210 122 151 135 175
b211 0 204 12 220
b212 317 440 338 482
b213 123 569 137 601
b214 67 98 94 115
b215 241 33 262 62
b216 234 443 276 462
b217 290 420 338 440
b218 58 115 73 158
b219 374 530 402 548
b220 444 466 474 503
b221 357 549 402 562
b222 394 211 428 236
b223 290 400 312 419
b224 251 123 272 168
b225 66 531 113 569
b226 330 189 346 228
b227 266 78 279 110
b228 418 281 438 302
b229 173 107 221 131
b230 403 537 436 567
b231 322 328 338 358
b232 158 421 200 444
b233 57 158 73 171
b234 73 16 106 34
b235 430 87 476 109
b236 36 503 75 530
b237 386 0 426 21
b238 294 296 321 335
b239 43 291 83 313
b240 304 577 323 600
b241 102 507 115 531
b242 312 398 352 420
b243 308 361 342 398
b244 0 220 13 257
b245 135 152 171 176
b246 155 461 199 484
b247 170 196 206 235
b248 206 391 249 422
b249 199 450 234 477
b250 413 335 447 366
b251 321 493 355 536
b252 28 147 56 166
b253 13 147 28 160
b254 330 272 343 296
b255 276 538 323 577
b256 81 431 102 444
b257 173 131 206 148
b258 121 434 155 478
b259 199 545 211 571
b260 322 296 341 308
b261 0 93 12 138
b262 234 462 261 510
b263 70 349 117 395
b264 272 110 317 133
b265 184 556 199 601
b266 346 191 394 236
b267 84 569 123 603
b268 351 166 373 191
b269 351 118 388 136
b270 115 507 130 530
b271 46 267 88 291
b272 199 477 234 501
b273 29 401 59 422
b274 50 234 71 267
b275 252 206 280 228
b276 13 80 27 111
b277 305 133 317 180
b278 425 322 467 335
b279 164 33 203 76
b280 404 110 426 141
b281 447 335 465 365
b282 430 109 474 139
b283 336 63 351 76
b284 207 73 228 103
b285 262 32 295 45
b286 343 272 379 313
b287 156 0 198 21
b288 338 236 366 272
b289 136 241 169 278
b290 13 53 29 80
b291 351 75 379 118
b292 75 479 99 518
b293 137 558 156 601
b294 113 531 130 557
b295 0 138 13 181
b296 75 333 102 349
b297 245 564 276 602
b298 44 571 84 604
b299 290 440 303 453
