562628.5
838925
286332
446 642
54.599703
b0 0 494 15 521
b1 236 485 252 512
b2 424 403 446 429
b3 0 126 21 171
b4 275 198 320 238
b5 194 272 210 298
b6 191 155 218 193
b7 193 430 228 459
b8 36 502 72 523
b9 320 271 345 315
b10 192 298 207 329
b11 13 344 54 368
b12 176 598 195 615
b13 94 90 127 138
b14 25 141 69 162
b15 394 292 409 326
b16 148 413 193 455
b17 240 318 281 355
b18 181 555 225 598
b19 286 441 309 477
b20 387 504 404 517
b21 333 219 377 247
b22 335 172 364 207
b23 176 513 193 553
b24 289 561 313 579
b25 335 129 364 172
b26 288 151 306 178
b27 13 368 53 406
b28 412 403 424 427
b29 340 612 369 642
b30 54 340 74 368
b31 286 0 318 36
b32 275 179 297 198
b33 399 126 445 171
b34 387 407 399 436
b35 73 175 99 187
b36 345 280 375 307
b37 0 400 12 429
b38 42 619 63 638
b39 163 542 176 554
b40 107 138 126 185
b41 190 329 226 348
b42 318 0 364 25
b43 191 459 230 480
b44 139 542 163 569
b45 0 240 24 265
b46 0 344 13 363
b47 0 586 42 626
b48 104 512 132 546
b49 77 478 101 526
b50 226 327 240 346
b51 165 263 179 279
b52 357 111 394 129
b53 164 575 176 611
b54 377 212 407 246
b55 332 522 363 548
b56 398 0 444 31
b57 57 384 104 432
b58 151 611 176 636
b59 399 73 446 111
b60 0 626 39 642
b61 101 0 146 31
b62 25 264 71 300
b63 107 573 143 619
b64 179 250 194 283
b65 399 407 412 430
b66 267 516 309 561
b67 313 553 327 586
b68 79 575 107 620
b69 193 528 229 555
b70 90 293 135 309
b71 233 514 267 546
b72 210 45 225 77
b73 242 37 288 49
b74 208 95 242 138
b75 245 389 282 409
b76 25 102 61 141
b77 246 445 286 463
b78 101 31 143 47
b79 218 155 243 195
b80 243 192 258 228
b81 243 228 275 243
b82 0 171 24 210
b83 409 319 446 360
b84 331 578 369 612
b85 94 47 128 90
b86 104 389 148 428
b87 194 0 242 45
b88 132 513 176 542
b89 400 31 420 73
b90 78 432 102 478
b91 354 471 397 492
b92 243 132 288 179
b93 196 619 220 639
b94 313 522 332 553
b95 242 0 286 37
b96 116 185 149 231
b97 320 173 335 213
b98 53 86 88 99
b99 203 138 243 155
b100 57 0 101 45
b101 327 92 357 128
b102 168 92 208 128
b103 225 49 259 83
b104 63 460 77 502
b105 61 99 94 134
b106 225 83 258 95
b107 25 0 57 15
b108 326 25 364 62
b109 309 429 351 475
b110 267 477 309 516
b111 53 368 74 381
b112 0 210 25 240
b113 405 504 441 528
b114 309 475 353 509
b115 290 36 324 58
b116 88 138 107 166
b117 109 253 148 274
b118 104 428 148 466
b119 191 485 236 513
b120 246 409 282 445
b121 283 298 317 336
b122 106 336 149 356
b123 422 171 445 207
b124 160 152 191 187
b125 104 466 146 512
b126 45 562 67 574
b127 0 0 25 43
b128 25 58 53 102
b129 375 385 409 407
b130 193 391 223 417
b131 146 0 194 45
b132 224 355 242 394
b133 383 246 398 289
b134 375 338 409 385
b135 149 235 194 250
b136 0 363 12 400
b137 57 432 78 460
b138 363 522 405 550
b139 25 228 62 264
b140 432 597 444 640
b141 90 274 135 293
b142 102 546 139 573
b143 320 247 345 271
b144 193 513 233 528
b145 96 226 109 271
b146 351 438 399 471
b147 168 45 210 75
b148 210 283 230 301
b149 25 181 72 203
b150 408 581 431 612
b151 231 243 273 261
b152 149 263 165 282
b153 391 612 432 642
b154 228 407 245 429
b155 135 274 149 299
b156 317 315 345 331
b157 143 45 168 65
b158 364 171 377 194
b159 74 340 106 384
b160 168 75 195 91
b161 399 458 446 504
b162 128 65 146 96
b163 190 348 223 370
b164 282 389 323 425
b165 164 554 181 575
b166 290 58 326 92
b167 290 92 327 128
b168 0 85 24 126
b169 45 523 69 562
b170 146 472 191 501
b171 225 555 265 577
b172 149 250 176 263
b173 258 87 290 112
b174 230 429 246 472
b175 24 300 39 316
b176 345 247 383 280
b177 57 45 94 86
b178 356 385 375 402
b179 281 355 327 389
b180 71 261 90 301
b181 0 316 30 344
b182 0 562 45 586
b183 407 212 446 245
b184 25 203 71 228
b185 30 427 57 461
b186 69 542 100 575
b187 226 577 264 613
b188 176 193 213 233
b189 146 501 190 513
b190 275 238 312 265
b191 62 228 96 244
b192 264 612 312 641
b193 258 192 275 225
b194 405 528 433 541
b195 320 213 333 246
b196 149 338 190 379
b197 226 613 263 641
b198 25 162 73 181
b199 351 407 387 438
b200 409 360 446 403
b201 207 301 236 327
b202 151 304 190 338
b203 30 316 45 344
b204 106 356 147 389
b205 210 239 231 254
b206 364 129 399 171
b207 345 307 373 340
b208 176 615 196 642
b209 0 526 45 562
b210 230 472 254 485
b211 312 599 328 611
b212 109 619 151 640
b213 254 463 286 477
b214 409 292 426 319
b215 210 254 231 283
b216 231 261 273 280
b217 242 112 290 132
b218 15 463 30 506
b219 364 194 392 212
b220 327 62 364 92
b221 309 509 354 522
b222 0 429 25 463
b223 426 292 445 314
b224 12 406 57 427
b225 236 280 283 318
b226 194 233 210 272
b227 243 179 275 192
b228 15 506 36 526
b229 0 265 24 313
b230 354 492 387 522
b231 128 132 158 148
b232 420 31 443 73
b233 135 299 151 312
b234 323 389 356 407
b235 63 620 109 642
b236 128 105 167 132
b237 411 541 432 581
b238 364 72 391 111
b239 109 231 149 253
b240 297 178 320 197
b241 433 573 446 597
b242 146 65 168 105
b243 126 148 160 185
b244 254 477 267 514
b245 167 128 203 152
b246 377 171 421 194
b247 45 301 81 340
b248 25 15 56 58
b249 81 309 116 336
b250 364 0 398 31
b251 148 379 191 413
b252 69 134 88 162
b253 325 612 340 625
b254 312 611 325 635
b255 369 563 408 610
b256 224 394 245 407
b257 62 244 95 261
b258 45 575 79 619
b259 335 207 361 219
b260 375 289 394 301
b261 433 528 445 573
b262 149 187 176 235
b263 398 246 445 292
b264 290 128 335 151
b265 399 111 444 126
b266 327 340 375 385
b267 242 355 281 389
b268 323 407 348 429
b269 375 301 393 338
b270 195 77 218 92
b271 0 43 24 85
b272 116 312 151 336
b273 196 598 226 619
b274 191 370 224 391
b275 306 151 334 173
b276 0 463 14 494
b277 265 600 312 612
b278 289 586 331 599
b279 73 187 116 226
b280 369 610 391 641
b281 392 194 422 212
b282 213 195 243 239
b283 73 162 88 175
b284 162 283 192 304
b285 193 417 226 430
b286 364 31 400 72
b287 143 569 164 611
b288 332 550 368 578
b289 283 265 320 298
b290 282 425 309 441
b291 399 430 442 458
b292 265 561 289 600
b293 281 336 324 355
b294 148 455 174 472
b295 368 550 411 563
b296 69 526 96 542
b297 259 49 290 87
b298 30 461 63 501
b299 149 282 162 295
