567474.75
844638.5
290311
469 619
50.033551
b0 375 65 390 92
b1 346 209 362 236
b2 446 535 468 561
b3 179 493 224 514
b4 46 83 91 123
b5 49 170 65 196
b6 339 477 377 504
b7 425 464 460 493
b8 16 577 52 598
b9 423 280 467 305
b10 408 337 423 368
b11 272 494 296 535
b12 425 347 444 364
b13 340 243 388 276
b14 251 494 272 538
b15 327 462 361 477
b16 345 20 387 65
b17 0 320 41 357
b18 425 364 468 408
b19 223 66 246 102
b20 87 215 104 228
b21 102 241 130 285
b22 225 0 254 35
b23 102 314 119 354
b24 312 23 336 41
b25 102 285 145 314
b26 224 494 251 512
b27 337 93 375 133
b28 0 124 12 148
b29 152 517 182 546
b30 238 311 258 339
b31 214 164 250 196
b32 12 126 34 145
b33 57 253 102 299
b34 0 195 12 224
b35 397 591 409 617
b36 242 397 269 427
b37 174 380 186 409
b38 377 510 398 529
b39 185 345 198 357
b40 0 301 47 320
b41 72 539 91 575
b42 133 492 179 517
b43 91 493 130 514
b44 304 312 331 336
b45 185 321 210 345
b46 155 380 174 393
b47 304 358 346 398
b48 339 516 373 544
b49 91 96 139 120
b50 255 378 269 397
b51 228 395 242 411
b52 343 425 361 462
b53 0 0 12 36
b54 346 358 376 392
b55 106 0 137 26
b56 0 270 46 301
b57 297 41 345 88
b58 421 493 446 518
b59 147 309 185 356
b60 176 103 215 119
b61 110 356 155 387
b62 132 546 178 582
b63 140 90 176 136
b64 86 585 101 618
b65 398 563 421 576
b66 390 41 432 86
b67 91 460 105 493
b68 123 387 151 432
b69 12 145 48 172
b70 37 397 82 413
b71 50 437 82 471
b72 391 24 423 39
b73 91 32 103 78
b74 296 506 339 540
b75 82 324 102 361
b76 260 279 299 315
b77 380 313 398 353
b78 0 577 16 619
b79 183 78 223 103
b80 395 136 431 151
b81 91 0 106 32
b82 231 196 270 220
b83 300 119 337 160
b84 340 133 374 171
b85 52 575 86 618
b86 290 398 329 442
b87 93 167 138 215
b88 242 465 286 494
b89 227 358 269 378
b90 37 413 83 437
b91 12 0 55 21
b92 48 123 93 170
b93 375 130 395 154
b94 151 393 170 424
b95 340 276 384 313
b96 106 27 139 73
b97 186 281 201 321
b98 139 191 174 204
b99 82 387 122 404
b100 130 241 175 285
b101 0 467 36 497
b102 159 456 199 492
b103 306 160 340 194
b104 254 39 296 53
b105 433 120 468 153
b106 416 153 449 165
b107 12 86 27 118
b108 395 86 433 123
b109 423 305 469 347
b110 361 432 403 471
b111 215 103 236 116
b112 217 514 247 539
b113 219 227 243 263
b114 361 175 405 209
b115 106 74 140 96
b116 82 361 110 380
b117 430 198 451 237
b118 377 472 421 510
b119 421 563 466 591
b120 55 0 91 36
b121 201 281 235 319
b122 352 598 395 618
b123 0 497 36 520
b124 182 514 217 545
b125 254 143 300 185
b126 248 279 260 301
b127 405 219 430 262
b128 12 223 56 251
b129 12 64 46 86
b130 104 215 134 241
b131 398 518 446 563
b132 451 198 469 237
b133 296 491 339 506
b134 101 585 148 619
b135 36 471 51 516
b136 339 504 376 516
b137 186 380 207 408
b138 119 314 147 356
b139 246 71 283 107
b140 0 81 12 124
b141 57 234 102 253
b142 329 398 366 425
b143 186 119 210 144
b144 12 21 52 36
b145 405 174 418 219
b146 272 231 305 279
b147 366 402 408 432
b148 193 582 213 600
b149 180 358 227 380
b150 312 0 343 23
b151 252 53 294 71
b152 206 545 222 564
b153 299 282 340 312
b154 444 347 466 364
b155 329 425 343 450
b156 290 458 306 486
b157 375 105 395 130
b158 272 535 295 548
b159 376 358 408 402
b160 0 520 16 547
b161 139 27 185 74
b162 148 582 179 600
b163 46 375 79 397
b164 41 324 82 360
b165 376 529 397 546
b166 433 86 469 120
b167 12 172 49 208
b168 145 285 186 309
b169 190 159 214 198
b170 243 220 272 265
b171 83 404 123 426
b172 148 600 175 613
b173 398 305 423 337
b174 140 74 183 90
b175 65 360 81 375
b176 418 165 456 198
b177 0 383 37 424
b178 29 360 46 379
b179 272 185 306 231
b180 27 86 46 126
b181 345 65 375 93
b182 120 432 165 456
b183 361 559 394 598
b184 56 299 102 324
b185 185 51 219 78
b186 219 35 252 66
b187 121 456 159 492
b188 258 315 298 352
b189 0 224 12 268
b190 431 591 468 618
b191 139 175 173 191
b192 240 436 288 465
b193 408 368 425 401
b194 210 319 238 332
b195 292 564 325 577
b196 426 0 467 41
b197 12 36 49 64
b198 210 339 258 358
b199 325 564 361 595
b200 425 408 468 445
b201 0 357 29 383
b202 33 541 72 575
b203 186 144 214 159
b204 91 535 132 568
b205 374 154 389 175
b206 269 352 304 394
b207 65 170 93 203
b208 389 154 416 174
b209 433 41 469 86
b210 155 356 168 380
b211 168 356 180 372
b212 91 514 133 535
b213 219 265 251 279
b214 408 401 425 428
b215 210 198 231 227
b216 425 445 467 464
b217 343 0 391 20
b218 212 380 255 395
b219 405 262 433 280
b220 170 422 207 452
b221 456 153 469 198
b222 388 280 422 305
b223 339 544 361 563
b224 263 595 308 616
b225 49 36 87 83
b226 290 442 329 458
b227 235 279 248 311
b228 340 171 361 191
b229 222 539 270 563
b230 0 547 33 577
b231 105 460 121 490
b232 446 493 469 535
b233 252 563 268 576
b234 292 577 325 595
b235 270 548 292 594
b236 267 0 294 39
b237 214 143 254 164
b238 306 194 345 221
b239 306 221 346 243
b240 193 600 216 619
b241 373 546 397 559
b242 403 432 425 472
b243 83 426 120 460
b244 254 0 267 37
b245 210 119 246 143
b246 308 595 352 618
b247 246 107 285 143
b248 362 209 405 240
b249 183 202 210 237
b250 229 588 263 619
b251 0 424 34 467
b252 133 517 152 545
b253 91 78 106 91
b254 283 71 296 95
b255 139 136 186 175
b256 216 588 229 609
b257 91 568 124 585
b258 139 204 183 238
b259 285 95 297 121
b260 46 360 65 372
b261 0 36 12 81
b262 137 0 185 27
b263 93 120 139 167
b264 46 516 91 539
b265 12 208 57 223
b266 332 313 380 358
b267 305 243 339 282
b268 409 591 431 616
b269 294 0 312 37
b270 398 576 421 591
b271 296 540 338 564
b272 391 0 426 24
b273 16 520 46 541
b274 306 458 327 491
b275 304 336 332 358
b276 179 582 193 613
b277 0 148 12 195
b278 170 409 212 422
b279 51 471 90 514
b280 65 203 87 234
b281 185 33 215 51
b282 175 238 219 268
b283 375 92 390 105
b284 16 598 46 619
b285 395 123 428 136
b286 433 237 469 278
b287 269 394 290 436
b288 178 546 206 582
b289 207 422 240 459
b290 212 395 228 422
b291 199 465 242 493
b292 213 564 252 588
b293 12 251 55 270
b294 388 240 405 266
b295 175 268 218 281
b296 174 175 190 202
b297 297 88 335 119
b298 185 0 225 33
b299 37 437 50 450
