583285.25
870284.5
296286
437 678
53.911864
b0 182 510 209 525
b1 145 217 172 233
b2 369 564 391 590
b3 0 532 45 553
b4 0 633 40 678
b5 408 587 424 613
b6 405 37 432 75
b7 346 23 381 52
b8 12 109 48 130
b9 163 435 188 479
b10 405 22 436 37
b11 110 509 134 550
b12 139 198 156 217
b13 187 257 220 305
b14 200 630 221 674
b15 349 387 383 402
b16 342 449 387 491
b17 42 491 83 528
b18 236 132 280 175
b19 342 0 378 23
b20 157 411 170 428
b21 302 348 346 376
b22 206 400 235 435
b23 166 87 206 104
b24 409 255 433 273
b25 59 75 102 104
b26 351 603 369 630
b27 105 237 145 275
b28 424 587 436 611
b29 320 318 349 348
b30 126 171 154 191
b31 243 488 279 520
b32 107 171 126 193
b33 236 87 282 132
b34 67 273 96 285
b35 372 52 384 78
b36 59 128 86 158
b37 86 382 98 411
b38 48 262 67 283
b39 424 630 436 643
b40 388 481 435 500
b41 88 659 124 678
b42 58 196 104 221
b43 416 197 437 236
b44 314 206 341 230
b45 330 108 354 133
b46 416 236 429 255
b47 44 383 84 425
b48 236 208 270 236
b49 326 585 350 633
b50 44 90 58 109
b51 0 578 14 594
b52 311 409 348 427
b53 269 547 305 559
b54 75 239 105 273
b55 25 37 51 68
b56 163 479 209 510
b57 369 197 416 245
b58 326 653 351 678
b59 349 293 387 340
b60 387 331 426 347
b61 12 199 57 230
b62 342 491 388 527
b63 368 528 414 564
b64 14 578 47 593
b65 45 329 58 352
b66 110 555 152 600
b67 188 435 202 468
b68 224 520 269 548
b69 86 131 113 167
b70 343 277 388 293
b71 208 19 240 53
b72 36 425 68 440
b73 373 402 385 448
b74 280 185 314 228
b75 161 592 181 629
b76 133 46 169 85
b77 240 190 280 208
b78 326 534 368 550
b79 83 540 108 580
b80 243 473 279 488
b81 245 548 260 580
b82 58 358 97 382
b83 202 435 243 472
b84 372 124 410 158
b85 239 53 282 87
b86 110 329 149 373
b87 187 342 235 387
b88 182 562 211 606
b89 280 259 322 279
b90 387 412 433 436
b91 351 65 372 108
b92 279 502 326 547
b93 326 633 350 653
b94 377 177 408 196
b95 254 607 298 644
b96 372 78 405 124
b97 383 347 423 362
b98 12 230 47 243
b99 314 189 354 206
b100 388 287 433 331
b101 156 140 192 170
b102 157 104 197 140
b103 351 643 385 677
b104 235 343 249 385
b105 205 175 240 208
b106 12 69 24 102
b107 326 502 341 534
b108 124 634 161 672
b109 40 629 86 671
b110 0 458 42 497
b111 58 221 71 242
b112 343 252 373 277
b113 158 375 182 411
b114 209 472 243 516
b115 348 415 370 449
b116 320 299 348 318
b117 300 138 321 177
b118 0 383 44 421
b119 388 500 433 528
b120 187 221 223 257
b121 123 600 161 634
b122 280 142 300 185
b123 88 623 111 659
b124 86 442 121 473
b125 265 386 311 428
b126 111 600 123 622
b127 0 553 43 578
b128 42 440 86 468
b129 403 0 437 22
b130 12 284 42 310
b131 134 510 182 555
b132 351 564 369 603
b133 209 516 224 559
b134 349 340 383 387
b135 220 288 265 303
b136 308 279 320 316
b137 322 251 343 279
b138 282 35 310 77
b139 86 473 123 509
b140 0 47 12 90
b141 52 55 97 74
b142 182 525 209 562
b143 0 594 24 619
b144 240 175 280 190
b145 423 436 436 481
b146 278 644 326 677
b147 91 0 133 30
b148 57 242 75 262
b149 385 390 432 412
b150 223 602 254 625
b151 385 657 427 675
b152 377 158 393 177
b153 116 102 157 132
b154 170 411 187 433
b155 0 619 25 633
b156 91 167 107 195
b157 410 162 435 182
b158 386 245 409 258
b159 107 193 139 237
b160 279 469 295 496
b161 133 0 180 46
b162 71 221 102 239
b163 161 654 194 676
b164 12 243 48 284
b165 408 570 429 587
b166 203 53 239 87
b167 0 421 36 458
b168 59 104 100 128
b169 52 0 91 24
b170 49 583 94 612
b171 235 303 257 343
b172 12 42 25 69
b173 248 254 280 279
b174 94 580 110 623
b175 68 425 84 440
b176 311 376 349 409
b177 310 67 351 104
b178 354 136 371 155
b179 112 375 158 409
b180 96 275 136 294
b181 312 443 342 471
b182 0 344 45 368
b183 240 19 279 52
b184 344 206 369 252
b185 67 285 94 319
b186 172 187 205 218
b187 47 545 83 583
b188 123 471 163 508
b189 0 332 44 344
b190 25 0 52 37
b191 25 74 59 90
b192 321 138 350 186
b193 47 528 80 545
b194 282 114 295 142
b195 223 220 236 253
b196 271 428 312 469
b197 257 316 294 344
b198 234 0 282 19
b199 52 24 88 55
b200 265 279 308 316
b201 294 316 320 345
b202 63 319 97 358
b203 282 99 310 114
b204 124 409 157 450
b205 410 182 431 197
b206 0 497 42 532
b207 309 0 342 28
b208 59 158 86 178
b209 97 30 133 75
b210 45 352 58 376
b211 220 208 236 220
b212 305 577 326 619
b213 102 75 116 107
b214 402 613 429 630
b215 388 258 409 287
b216 145 233 187 252
b217 136 275 184 295
b218 193 0 208 43
b219 354 108 372 136
b220 152 555 182 592
b221 186 387 231 400
b222 223 254 248 288
b223 187 400 206 422
b224 42 284 63 329
b225 149 295 187 342
b226 49 612 88 628
b227 170 174 202 187
b228 322 279 343 299
b229 410 75 434 123
b230 248 644 278 677
b231 312 427 342 443
b232 414 528 437 570
b233 351 630 367 643
b234 58 178 91 196
b235 12 130 58 152
b236 385 630 424 657
b237 121 450 161 471
b238 410 123 437 162
b239 0 310 40 332
b240 298 619 321 638
b241 100 107 113 131
b242 381 0 403 40
b243 187 305 221 342
b244 180 0 193 37
b245 25 593 49 629
b246 42 468 86 491
b247 310 28 346 67
b248 295 471 338 502
b249 282 0 309 35
b250 280 228 314 259
b251 211 559 245 602
b252 257 344 285 363
b253 205 208 220 221
b254 349 402 373 415
b255 197 108 236 155
b256 373 245 386 266
b257 133 85 166 102
b258 97 295 141 329
b259 208 0 234 12
b260 25 90 44 102
b261 98 329 110 374
b262 221 630 248 678
b263 12 152 58 199
b264 257 363 302 386
b265 0 368 45 383
b266 260 559 305 607
b267 169 46 203 85
b268 326 563 351 585
b269 236 236 273 254
b270 354 158 377 173
b271 181 606 223 630
b272 295 114 330 138
b273 314 230 344 251
b274 384 40 405 73
b275 282 77 310 99
b276 98 374 112 405
b277 0 0 12 47
b278 12 0 25 42
b279 113 132 156 171
b280 83 509 105 540
b281 305 547 323 577
b282 235 386 265 430
b283 187 422 202 435
b284 206 87 236 108
b285 326 550 359 563
b286 387 436 423 477
b287 145 252 187 273
b288 385 362 421 390
b289 149 342 186 375
b290 350 173 377 189
b291 243 430 271 473
b292 161 630 200 654
b293 192 155 235 174
b294 391 564 408 590
b295 423 347 436 390
b296 154 171 170 198
b297 86 411 124 442
b298 369 590 402 630
b299 346 52 359 65
