570932.25
855268.5
286596
419 684
70.461051
b0 392 188 419 203
b1 180 425 196 452
b2 253 163 279 185
b3 257 451 278 496
b4 135 429 180 469
b5 173 134 199 150
b6 0 639 38 666
b7 378 0 413 29
b8 384 648 405 684
b9 33 340 77 365
b10 13 0 44 15
b11 107 74 148 98
b12 138 509 157 526
b13 341 607 374 655
b14 288 0 332 21
b15 232 424 247 458
b16 296 603 341 645
b17 252 50 293 87
b18 273 90 317 133
b19 110 98 146 121
b20 293 307 306 324
b21 197 330 241 358
b22 117 469 146 504
b23 66 548 83 588
b24 149 0 167 24
b25 341 655 384 684
b26 189 224 207 251
b27 317 90 355 130
b28 26 143 50 155
b29 283 426 312 456
b30 321 508 349 528
b31 180 485 212 521
b32 37 270 56 292
b33 0 383 46 428
b34 314 484 343 496
b35 226 202 238 228
b36 255 526 285 553
b37 293 42 322 54
b38 372 328 391 349
b39 0 0 13 12
b40 85 665 132 684
b41 149 66 168 102
b42 0 428 46 453
b43 92 0 113 39
b44 350 564 374 591
b45 278 468 303 492
b46 114 256 127 275
b47 167 0 207 42
b48 137 373 165 407
b49 174 635 198 683
b50 197 183 211 202
b51 241 330 255 346
b52 332 31 369 49
b53 278 456 314 468
b54 343 168 377 198
b55 317 130 343 161
b56 332 0 378 31
b57 204 48 252 95
b58 56 58 81 83
b59 372 422 419 460
b60 279 165 295 204
b61 166 330 197 375
b62 0 291 36 337
b63 213 294 259 330
b64 303 274 336 289
b65 231 116 254 129
b66 75 489 117 534
b67 0 605 14 638
b68 207 0 235 45
b69 196 424 232 451
b70 40 668 85 684
b71 32 548 66 580
b72 253 553 285 568
b73 373 79 419 91
b74 115 141 158 175
b75 149 559 169 596
b76 293 54 332 90
b77 304 528 322 568
b78 204 408 246 424
b79 165 375 205 400
b80 295 165 310 201
b81 283 133 298 165
b82 49 478 73 517
b83 75 448 112 489
b84 158 177 192 215
b85 167 258 210 292
b86 374 564 418 603
b87 36 295 84 340
b88 46 365 75 409
b89 399 499 419 541
b90 75 402 99 448
b91 113 31 134 74
b92 38 621 83 668
b93 390 203 414 223
b94 283 395 302 426
b95 122 336 166 373
b96 0 337 33 383
b97 0 668 40 683
b98 149 633 162 668
b99 377 482 417 499
b100 374 603 418 648
b101 0 525 30 561
b102 309 234 345 274
b103 238 202 272 236
b104 197 358 239 372
b105 231 130 266 163
b106 13 38 25 71
b107 379 125 394 157
b108 166 598 204 635
b109 250 600 296 642
b110 211 163 253 202
b111 304 590 325 603
b112 207 228 232 258
b113 103 275 127 311
b114 204 607 248 641
b115 192 202 226 224
b116 298 133 317 161
b117 293 21 332 42
b118 259 269 303 307
b119 30 520 75 548
b120 205 372 241 408
b121 343 130 377 168
b122 104 121 147 141
b123 57 139 80 175
b124 269 568 304 599
b125 302 374 344 420
b126 44 58 56 80
b127 372 350 415 375
b128 77 340 121 368
b129 14 605 36 639
b130 81 72 107 102
b131 256 347 301 395
b132 379 157 418 175
b133 134 31 149 74
b134 75 368 122 402
b135 198 669 243 684
b136 179 521 216 533
b137 36 600 64 621
b138 57 231 85 273
b139 129 597 166 633
b140 0 12 12 55
b141 169 552 214 571
b142 169 571 206 598
b143 379 260 404 284
b144 241 346 256 386
b145 0 142 13 187
b146 83 534 116 582
b147 257 496 299 526
b148 232 236 250 256
b149 372 460 419 482
b150 13 15 44 38
b151 149 24 167 66
b152 350 591 369 607
b153 347 198 377 239
b154 56 83 78 100
b155 177 400 191 425
b156 198 641 214 669
b157 142 311 162 336
b158 191 400 204 423
b159 0 561 32 605
b160 350 548 377 564
b161 83 618 129 665
b162 247 433 278 451
b163 112 436 134 469
b164 206 571 247 607
b165 117 504 138 521
b166 99 402 135 436
b167 213 258 250 294
b168 13 222 37 263
b169 149 102 173 141
b170 314 421 359 450
b171 137 407 177 429
b172 377 196 390 223
b173 250 236 275 268
b174 163 509 179 552
b175 132 666 147 682
b176 309 201 347 234
b177 115 215 152 256
b178 253 185 272 202
b179 345 239 379 285
b180 285 527 304 567
b181 173 104 201 134
b182 344 376 368 421
b183 310 161 343 200
b184 27 453 73 478
b185 259 307 293 334
b186 132 526 163 559
b187 247 395 283 433
b188 379 223 419 260
b189 303 496 347 508
b190 345 453 372 490
b191 379 91 395 125
b192 85 224 114 272
b193 132 633 149 666
b194 405 648 418 676
b195 255 37 288 50
b196 332 49 373 90
b197 272 204 309 232
b198 37 222 56 270
b199 113 0 149 31
b200 152 215 189 258
b201 391 321 417 350
b202 216 499 255 533
b203 122 373 137 401
b204 180 452 221 485
b205 377 175 392 196
b206 80 141 115 183
b207 322 528 350 561
b208 36 580 63 600
b209 83 582 128 618
b210 0 187 13 211
b211 85 208 97 224
b212 100 311 142 332
b213 66 588 80 620
b214 44 100 71 117
b215 46 431 75 452
b216 30 478 49 520
b217 235 0 255 48
b218 117 521 132 564
b219 85 272 103 300
b220 0 488 30 525
b221 0 55 13 100
b222 80 183 114 208
b223 299 508 321 527
b224 203 95 248 116
b225 166 292 213 330
b226 84 300 100 339
b227 359 421 372 453
b228 183 60 203 81
b229 44 0 92 24
b230 83 39 113 72
b231 347 490 377 506
b232 250 642 273 684
b233 97 208 110 224
b234 71 121 104 139
b235 304 568 350 590
b236 158 150 197 177
b237 377 541 417 562
b238 115 175 154 202
b239 377 499 399 539
b240 395 91 418 110
b241 325 590 349 603
b242 127 258 167 280
b243 275 232 309 269
b244 259 334 296 347
b245 214 641 250 665
b246 57 175 80 219
b247 214 533 253 569
b248 301 343 344 374
b249 0 453 27 488
b250 314 450 345 484
b251 349 285 383 328
b252 13 263 32 291
b253 0 258 13 273
b254 392 175 416 188
b255 294 645 341 684
b256 13 71 34 84
b257 179 533 212 550
b258 13 188 57 222
b259 57 219 83 231
b260 98 102 110 121
b261 162 635 174 680
b262 344 328 371 376
b263 372 375 418 422
b264 395 110 418 155
b265 296 328 341 343
b266 373 31 418 79
b267 44 24 83 58
b268 46 409 71 431
b269 167 42 204 60
b270 168 60 183 83
b271 350 506 374 548
b272 383 284 418 308
b273 173 83 203 104
b274 128 564 149 597
b275 57 273 85 295
b276 197 152 211 183
b277 0 211 12 258
b278 0 100 13 142
b279 306 289 349 328
b280 247 569 269 600
b281 25 38 43 68
b282 13 158 57 188
b283 13 143 26 158
b284 41 117 71 138
b285 383 308 416 321
b286 221 458 257 499
b287 273 642 294 684
b288 203 116 231 152
b289 255 0 288 37
b290 71 102 98 118
b291 13 100 41 143
b292 355 91 379 130
b293 254 87 273 130
b294 266 133 283 159
b295 115 202 158 215
b296 13 84 40 100
b297 127 280 165 311
b298 146 469 179 509
b299 149 668 162 681
