564566.5
840493
288640
451 640
64.039856
b0 336 163 363 178
b1 149 256 165 283
b2 119 283 141 309
b3 115 111 160 132
b4 173 0 218 40
b5 87 591 103 617
b6 424 426 451 464
b7 165 240 200 269
b8 205 335 241 356
b9 203 523 228 567
b10 21 106 52 121
b11 336 179 377 203
b12 98 48 115 67
b13 167 207 215 240
b14 167 517 188 561
b15 188 479 203 513
b16 380 210 422 255
b17 299 152 336 193
b18 300 0 344 43
b19 184 429 220 452
b20 290 215 303 232
b21 422 244 450 288
b22 326 72 361 101
b23 64 350 104 367
b24 341 345 365 363
b25 133 556 162 599
b26 290 247 317 265
b27 167 167 205 207
b28 274 567 286 591
b29 103 591 133 620
b30 332 43 352 71
b31 299 383 331 419
b32 46 575 68 594
b33 406 288 451 334
b34 117 47 129 76
b35 361 128 387 140
b36 424 464 451 494
b37 349 289 378 301
b38 21 158 42 177
b39 243 521 255 534
b40 335 457 382 476
b41 82 470 101 506
b42 243 475 268 521
b43 133 517 154 556
b44 227 399 254 423
b45 341 363 365 388
b46 40 0 59 13
b47 384 432 424 474
b48 422 210 450 244
b49 46 551 94 575
b50 220 429 234 448
b51 434 127 448 143
b52 105 399 142 417
b53 352 36 364 72
b54 218 191 248 225
b55 243 567 274 593
b56 102 511 133 557
b57 251 168 299 215
b58 418 508 443 533
b59 140 479 187 517
b60 214 69 253 85
b61 341 314 386 345
b62 58 403 104 439
b63 378 358 424 394
b64 406 37 421 70
b65 296 66 309 89
b66 248 215 290 260
b67 297 119 311 152
b68 21 185 66 213
b69 220 356 256 383
b70 332 248 377 264
b71 47 519 81 551
b72 89 262 121 277
b73 181 389 227 401
b74 350 563 384 606
b75 0 308 37 328
b76 0 328 36 367
b77 42 442 82 460
b78 227 383 269 399
b79 129 38 169 63
b80 228 523 243 559
b81 214 85 246 100
b82 40 330 64 369
b83 308 265 349 302
b84 251 88 285 126
b85 93 219 127 262
b86 203 479 242 523
b87 252 0 300 45
b88 13 419 42 463
b89 162 436 182 478
b90 0 568 46 592
b91 0 130 21 173
b92 333 203 380 248
b93 53 306 73 330
b94 165 269 184 300
b95 169 40 213 77
b96 21 213 67 246
b97 42 460 82 475
b98 21 23 34 58
b99 165 336 205 353
b100 244 304 288 349
b101 421 0 451 36
b102 0 463 40 499
b103 94 557 128 591
b104 361 114 403 128
b105 165 301 198 336
b106 129 63 162 75
b107 371 273 403 288
b108 21 69 59 106
b109 251 126 297 168
b110 59 27 98 69
b111 397 492 418 505
b112 73 306 103 331
b113 104 454 140 478
b114 61 369 105 403
b115 384 583 418 605
b116 69 252 88 280
b117 386 336 425 357
b118 129 0 173 38
b119 243 593 271 638
b120 312 603 348 639
b121 348 606 386 640
b122 69 209 89 252
b123 303 193 326 229
b124 98 160 133 191
b125 45 594 87 640
b126 322 543 334 565
b127 244 279 287 304
b128 68 105 96 149
b129 153 77 175 111
b130 139 188 165 218
b131 335 515 380 563
b132 175 104 214 122
b133 290 232 333 247
b134 218 0 252 47
b135 98 67 113 112
b136 153 350 165 387
b137 121 262 149 283
b138 97 191 139 219
b139 361 77 397 114
b140 253 76 296 88
b141 244 260 289 279
b142 182 452 219 479
b143 141 325 165 350
b144 295 457 335 472
b145 0 367 13 412
b146 13 369 61 402
b147 418 533 448 575
b148 290 287 308 307
b149 429 379 451 426
b150 243 536 266 567
b151 382 474 424 492
b152 289 307 308 323
b153 285 89 326 119
b154 290 265 307 287
b155 299 419 324 433
b156 406 255 422 283
b157 268 450 293 470
b158 349 301 372 314
b159 329 101 361 145
b160 134 132 161 148
b161 0 499 47 545
b162 213 253 244 271
b163 308 302 341 324
b164 300 347 341 383
b165 406 70 423 91
b166 117 76 153 110
b167 104 417 140 454
b168 393 128 434 152
b169 369 140 393 179
b170 174 122 203 167
b171 344 434 384 456
b172 154 517 167 544
b173 64 149 96 174
b174 165 353 181 396
b175 255 521 271 536
b176 166 602 199 640
b177 166 561 203 602
b178 98 112 115 131
b179 198 301 244 335
b180 79 280 119 299
b181 268 422 298 450
b182 425 334 449 379
b183 181 356 220 389
b184 34 23 59 69
b185 386 605 413 639
b186 102 478 133 511
b187 59 69 97 105
b188 203 602 243 639
b189 57 246 69 290
b190 413 612 450 639
b191 203 567 219 601
b192 196 272 244 301
b193 0 275 17 308
b194 377 183 405 196
b195 0 97 13 130
b196 271 597 312 638
b197 214 100 251 128
b198 98 0 117 48
b199 253 45 289 76
b200 21 121 64 158
b201 266 541 295 567
b202 384 505 418 544
b203 414 394 429 422
b204 133 599 166 640
b205 343 388 358 409
b206 142 401 184 436
b207 215 225 248 253
b208 295 543 322 563
b209 406 91 451 127
b210 40 306 53 330
b211 52 106 68 118
b212 219 454 261 475
b213 418 494 450 508
b214 42 158 59 185
b215 0 206 21 235
b216 364 37 406 56
b217 386 288 406 336
b218 87 620 130 635
b219 377 255 405 273
b220 418 575 448 612
b221 188 513 201 558
b222 378 394 412 419
b223 21 285 40 307
b224 81 506 102 551
b225 295 472 333 519
b226 40 290 79 306
b227 200 240 213 272
b228 289 45 309 66
b229 203 128 251 152
b230 286 567 319 597
b231 269 379 299 395
b232 254 399 296 422
b233 205 191 218 207
b234 336 145 369 163
b235 405 188 451 210
b236 175 77 214 104
b237 0 235 21 275
b238 59 0 98 27
b239 213 47 253 69
b240 21 0 40 23
b241 358 391 371 415
b242 140 436 162 476
b243 127 219 161 256
b244 161 111 174 148
b245 299 519 335 543
b246 0 545 44 568
b247 21 246 57 285
b248 393 152 436 183
b249 66 174 93 209
b250 234 423 268 454
b251 107 309 141 352
b252 344 415 372 434
b253 317 247 332 260
b254 331 433 344 457
b255 335 476 382 515
b256 365 345 386 358
b257 298 433 331 450
b258 47 475 81 519
b259 184 269 196 295
b260 68 575 87 587
b261 331 388 343 433
b262 268 470 295 518
b263 107 352 153 399
b264 289 324 334 347
b265 436 143 451 188
b266 0 592 45 640
b267 384 544 418 583
b268 349 264 371 289
b269 0 60 18 97
b270 309 43 332 58
b271 141 283 165 325
b272 219 567 243 602
b273 0 30 21 60
b274 0 173 21 206
b275 271 519 299 541
b276 309 58 323 89
b277 117 0 129 47
b278 372 419 414 432
b279 205 152 248 191
b280 82 439 104 470
b281 311 119 329 149
b282 256 349 300 379
b283 382 492 397 505
b284 0 0 21 30
b285 365 358 378 391
b286 344 0 385 36
b287 364 56 406 77
b288 98 132 134 160
b289 385 0 418 37
b290 423 75 450 91
b291 184 401 227 429
b292 423 36 447 75
b293 64 331 107 350
b294 13 402 39 419
b295 0 412 13 455
b296 42 415 58 442
b297 319 565 350 603
b298 134 148 167 188
b299 39 402 52 415
