573552.75
858305.5
288800
475 608
50.094816
b0 417 258 432 285
b1 166 118 193 134
b2 165 134 191 156
b3 63 499 108 520
b4 58 0 98 45
b5 397 508 423 524
b6 163 24 190 62
b7 130 125 165 154
b8 375 0 396 36
b9 354 340 379 384
b10 93 540 108 571
b11 162 0 203 24
b12 108 521 125 540
b13 427 572 475 605
b14 310 456 331 500
b15 0 574 15 608
b16 392 354 434 399
b17 259 112 296 153
b18 431 149 475 192
b19 313 264 349 287
b20 98 40 115 53
b21 150 484 194 512
b22 223 64 258 93
b23 69 482 109 499
b24 295 0 313 24
b25 172 579 215 608
b26 21 135 48 153
b27 394 75 432 115
b28 396 13 420 25
b29 446 224 475 254
b30 224 154 252 174
b31 115 452 151 484
b32 194 484 213 506
b33 331 457 376 503
b34 369 563 381 592
b35 58 45 70 71
b36 199 413 229 440
b37 230 266 259 278
b38 394 276 413 297
b39 199 288 212 300
b40 322 589 369 608
b41 378 479 397 515
b42 69 457 115 482
b43 110 431 149 452
b44 292 24 316 51
b45 126 380 150 405
b46 301 239 314 258
b47 120 0 162 40
b48 403 399 431 433
b49 444 476 468 524
b50 137 300 151 319
b51 47 256 63 270
b52 380 258 417 276
b53 21 86 57 98
b54 137 232 167 266
b55 377 399 403 430
b56 130 156 176 187
b57 425 524 472 572
b58 354 315 379 340
b59 57 86 95 133
b60 166 388 205 404
b61 224 174 269 205
b62 15 571 61 607
b63 48 169 94 205
b64 277 365 310 380
b65 379 337 392 360
b66 91 247 136 289
b67 277 380 310 394
b68 41 306 69 351
b69 70 411 106 438
b70 401 460 417 505
b71 193 118 225 152
b72 313 105 328 137
b73 134 187 180 199
b74 137 346 180 380
b75 329 138 366 158
b76 33 416 69 455
b77 329 120 369 138
b78 308 173 324 215
b79 218 528 243 568
b80 314 137 329 173
b81 316 0 331 32
b82 194 506 218 545
b83 109 484 150 521
b84 382 36 416 74
b85 225 111 259 154
b86 378 524 422 563
b87 15 526 63 571
b88 155 408 199 437
b89 414 312 434 354
b90 253 322 277 368
b91 120 40 163 61
b92 151 437 196 484
b93 394 309 414 333
b94 93 584 124 603
b95 357 74 394 118
b96 0 419 33 465
b97 294 69 309 109
b98 259 99 294 112
b99 406 241 446 258
b100 91 331 136 375
b101 164 512 194 548
b102 314 343 354 379
b103 258 19 292 53
b104 150 512 164 554
b105 324 50 357 85
b106 370 36 382 69
b107 309 51 324 83
b108 218 568 255 606
b109 91 289 137 331
b110 332 418 374 457
b111 258 53 279 66
b112 218 482 248 507
b113 243 542 279 566
b114 331 0 375 34
b115 407 194 429 228
b116 48 237 76 256
b117 269 173 308 194
b118 248 471 286 515
b119 0 230 28 275
b120 166 310 202 346
b121 0 275 38 309
b122 63 520 106 540
b123 407 437 443 460
b124 0 483 31 518
b125 271 263 313 309
b126 211 64 223 86
b127 180 216 223 241
b128 98 90 126 134
b129 203 0 237 22
b130 205 383 231 413
b131 202 300 250 345
b132 95 192 134 210
b133 310 379 325 422
b134 48 135 95 169
b135 151 300 166 345
b136 33 404 70 416
b137 0 0 21 28
b138 327 561 369 589
b139 95 210 131 247
b140 48 205 91 217
b141 0 28 19 73
b142 21 43 58 70
b143 376 455 401 479
b144 379 297 394 337
b145 314 219 327 264
b146 279 548 327 581
b147 63 566 93 608
b148 356 297 376 315
b149 69 303 91 350
b150 121 543 144 574
b151 217 93 259 111
b152 98 72 117 88
b153 366 188 407 218
b154 392 337 414 354
b155 349 264 363 289
b156 150 380 166 408
b157 48 217 73 237
b158 21 70 44 83
b159 31 482 63 526
b160 237 0 253 27
b161 231 390 277 437
b162 363 279 394 297
b163 374 433 407 455
b164 85 375 126 411
b165 432 75 453 92
b166 341 384 377 418
b167 21 98 57 135
b168 66 262 90 303
b169 286 456 310 495
b170 117 61 162 90
b171 98 0 120 40
b172 432 258 445 285
b173 191 152 223 177
b174 316 34 359 50
b175 28 251 43 267
b176 204 345 237 383
b177 217 27 258 64
b178 430 127 447 146
b179 286 422 332 456
b180 70 438 110 457
b181 277 394 307 422
b182 168 264 213 288
b183 136 199 175 232
b184 446 254 471 300
b185 33 455 67 482
b186 0 388 33 419
b187 436 300 474 336
b188 224 205 264 242
b189 331 503 375 515
b190 248 515 285 542
b191 325 379 341 413
b192 124 579 172 608
b193 296 109 313 142
b194 93 571 121 584
b195 21 30 54 43
b196 0 309 41 350
b197 174 62 211 90
b198 252 154 300 173
b199 394 115 430 146
b200 277 322 314 365
b201 63 540 92 566
b202 434 369 473 403
b203 328 105 356 120
b204 434 336 475 369
b205 28 230 43 251
b206 432 92 474 127
b207 420 13 453 41
b208 106 411 133 431
b209 327 219 363 264
b210 357 50 370 74
b211 396 0 412 12
b212 259 242 301 263
b213 0 374 32 388
b214 363 252 380 279
b215 218 507 247 528
b216 253 0 295 19
b217 309 85 357 105
b218 0 518 15 561
b219 0 465 28 483
b220 21 0 58 30
b221 382 594 427 607
b222 369 118 394 152
b223 133 408 155 427
b224 264 218 309 239
b225 0 192 47 230
b226 127 109 166 125
b227 167 232 180 264
b228 230 278 250 299
b229 407 146 431 194
b230 259 69 292 99
b231 279 53 309 69
b232 39 381 81 404
b233 237 345 253 358
b234 0 103 18 136
b235 453 43 475 89
b236 70 45 97 84
b237 250 278 271 318
b238 444 437 471 476
b239 237 368 277 390
b240 144 554 167 573
b241 108 540 121 564
b242 255 566 277 606
b243 416 41 453 75
b244 379 360 392 397
b245 223 242 259 266
b246 180 193 224 216
b247 196 440 235 476
b248 382 563 425 594
b249 190 24 217 59
b250 137 266 168 300
b251 363 218 406 252
b252 446 205 474 224
b253 369 592 382 607
b254 446 192 470 205
b255 0 153 47 192
b256 423 508 444 521
b257 429 194 446 227
b258 431 403 475 437
b259 394 297 420 309
b260 98 53 110 72
b261 235 437 247 482
b262 417 460 444 508
b263 331 515 378 561
b264 277 581 322 604
b265 76 217 91 262
b266 286 500 331 548
b267 247 437 286 471
b268 125 521 150 543
b269 329 158 366 176
b270 44 71 67 86
b271 180 346 204 388
b272 269 194 304 218
b273 0 73 21 103
b274 180 241 213 262
b275 447 127 475 149
b276 300 142 314 173
b277 162 62 174 109
b278 412 0 454 13
b279 324 176 363 219
b280 168 288 199 310
b281 126 90 156 108
b282 41 351 85 381
b283 205 545 218 560
b284 97 134 127 155
b285 407 228 440 241
b286 366 152 407 188
b287 314 289 356 310
b288 38 270 66 306
b289 97 155 130 192
b290 420 285 436 312
b291 174 90 217 118
b292 0 350 39 374
b293 454 0 473 43
b294 213 266 230 292
b295 271 309 314 322
b296 191 177 218 193
b297 167 548 205 579
b298 314 310 354 343
b299 0 561 13 574
