562577
835498
289656
447 648
66.850746
b0 428 104 443 131
b1 276 525 292 552
b2 120 379 142 405
b3 346 483 367 528
b4 146 0 186 45
b5 403 337 419 363
b6 0 531 27 569
b7 0 425 35 454
b8 299 75 335 96
b9 27 604 52 648
b10 227 285 258 300
b11 335 77 359 118
b12 258 276 277 293
b13 98 24 146 57
b14 39 114 83 135
b15 218 510 252 525
b16 12 160 54 205
b17 344 446 385 483
b18 222 0 266 43
b19 214 527 250 550
b20 244 128 261 141
b21 142 360 186 388
b22 38 444 67 479
b23 246 397 263 437
b24 410 104 428 128
b25 222 185 265 214
b26 311 0 329 27
b27 82 332 120 372
b28 96 283 108 307
b29 38 384 67 414
b30 137 523 165 543
b31 137 577 169 613
b32 387 305 409 324
b33 52 0 98 45
b34 210 177 222 206
b35 0 89 12 115
b36 38 414 65 444
b37 194 391 206 420
b38 258 378 279 397
b39 39 102 52 114
b40 306 341 353 360
b41 180 441 199 477
b42 225 43 271 68
b43 52 76 91 97
b44 230 68 254 95
b45 252 525 276 550
b46 347 58 360 77
b47 144 171 186 211
b48 137 543 165 577
b49 353 361 377 409
b50 238 315 257 329
b51 180 425 194 441
b52 393 192 411 229
b53 169 99 205 111
b54 279 402 309 436
b55 395 409 421 440
b56 227 239 258 285
b57 263 436 310 484
b58 354 323 379 348
b59 0 378 38 425
b60 263 397 279 436
b61 273 552 318 583
b62 306 360 352 396
b63 181 252 227 288
b64 199 527 214 560
b65 352 227 375 240
b66 57 139 99 184
b67 355 25 369 58
b68 210 321 238 366
b69 12 0 39 36
b70 27 530 72 546
b71 239 550 273 582
b72 220 300 252 315
b73 130 472 176 484
b74 103 528 137 571
b75 239 437 259 474
b76 239 607 278 643
b77 124 405 142 445
b78 202 128 244 144
b79 218 214 258 239
b80 142 388 157 424
b81 210 43 225 75
b82 186 177 210 216
b83 257 484 294 525
b84 0 454 38 488
b85 54 184 97 218
b86 99 146 138 190
b87 306 296 354 341
b88 311 27 355 56
b89 176 477 218 497
b90 130 484 176 508
b91 398 162 441 183
b92 97 190 144 235
b93 294 531 318 551
b94 97 57 128 76
b95 355 531 399 568
b96 367 485 400 531
b97 80 372 120 387
b98 387 324 422 337
b99 97 571 137 588
b100 43 486 88 530
b101 142 248 178 278
b102 199 433 239 469
b103 165 527 199 561
b104 258 336 272 378
b105 202 144 237 177
b106 399 538 411 571
b107 320 217 352 232
b108 144 211 182 248
b109 258 221 304 263
b110 27 565 69 604
b111 258 263 279 276
b112 345 0 375 25
b113 108 283 144 307
b114 121 94 165 128
b115 142 338 176 360
b116 419 343 447 362
b117 201 0 222 39
b118 409 265 447 309
b119 254 68 299 96
b120 182 216 218 252
b121 310 452 344 490
b122 49 305 92 325
b123 348 262 384 285
b124 72 530 103 565
b125 0 265 46 307
b126 85 45 97 67
b127 138 128 163 171
b128 279 263 323 291
b129 176 321 210 343
b130 421 406 447 436
b131 97 235 142 283
b132 12 205 51 223
b133 114 630 157 645
b134 400 504 447 538
b135 130 508 175 523
b136 12 253 49 265
b137 144 317 172 338
b138 405 131 447 159
b139 408 41 445 77
b140 0 115 12 158
b141 225 109 270 128
b142 408 77 445 104
b143 12 75 36 100
b144 114 615 154 630
b145 230 96 275 109
b146 412 440 445 488
b147 176 497 218 527
b148 352 240 372 258
b149 120 332 142 379
b150 0 617 23 648
b151 169 561 187 603
b152 261 133 277 152
b153 278 616 319 646
b154 376 106 398 123
b155 323 282 348 296
b156 320 232 336 260
b157 323 262 348 282
b158 0 604 23 617
b159 303 131 335 175
b160 329 0 345 27
b161 49 259 96 305
b162 106 409 124 440
b163 36 338 69 360
b164 128 58 169 94
b165 209 75 230 92
b166 409 229 443 265
b167 318 531 355 567
b168 379 337 403 378
b169 239 583 278 607
b170 0 307 45 336
b171 169 58 209 80
b172 39 0 52 27
b173 258 153 283 185
b174 304 205 320 248
b175 304 248 320 263
b176 369 28 407 61
b177 408 0 445 41
b178 294 23 311 42
b179 411 183 445 229
b180 283 145 302 185
b181 303 175 331 205
b182 12 136 57 160
b183 278 583 317 616
b184 96 307 142 332
b185 413 363 447 390
b186 52 45 85 76
b187 265 185 303 221
b188 206 396 246 433
b189 0 45 12 89
b190 368 409 395 446
b191 413 390 447 406
b192 348 148 377 196
b193 354 306 387 323
b194 335 163 348 191
b195 39 27 52 60
b196 86 445 127 486
b197 377 125 405 162
b198 299 56 347 75
b199 377 378 413 409
b200 165 111 202 154
b201 227 366 256 392
b202 358 568 397 602
b203 348 133 376 148
b204 63 218 96 259
b205 0 516 21 531
b206 293 96 335 131
b207 375 0 408 28
b208 238 329 258 356
b209 359 602 395 647
b210 186 43 210 56
b211 244 141 260 153
b212 426 604 447 646
b213 0 364 32 378
b214 114 588 131 615
b215 272 333 301 354
b216 67 443 86 485
b217 186 343 206 391
b218 186 0 201 43
b219 45 223 63 251
b220 187 561 217 598
b221 335 118 348 163
b222 422 309 447 343
b223 83 120 105 139
b224 387 260 408 305
b225 142 425 180 472
b226 294 484 310 523
b227 293 291 306 323
b228 335 196 355 217
b229 98 0 146 24
b230 12 223 45 253
b231 336 232 352 262
b232 271 23 294 65
b233 341 432 357 445
b234 105 128 138 146
b235 397 582 443 604
b236 385 446 412 485
b237 88 507 128 528
b238 12 36 39 75
b239 217 550 239 590
b240 169 80 192 99
b241 168 278 181 302
b242 271 293 293 333
b243 157 391 194 425
b244 146 45 183 58
b245 12 100 36 136
b246 91 603 114 647
b247 218 474 257 510
b248 395 604 426 647
b249 0 569 27 604
b250 375 229 409 260
b251 310 396 353 430
b252 69 565 97 584
b253 168 302 183 315
b254 354 348 378 361
b255 319 568 358 615
b256 127 445 140 466
b257 165 154 198 171
b258 411 538 445 582
b259 277 133 303 145
b260 398 106 410 125
b261 0 0 12 45
b262 279 354 306 402
b263 192 598 239 644
b264 266 0 311 23
b265 69 588 114 603
b266 360 61 408 106
b267 67 409 106 443
b268 67 387 92 409
b269 275 96 293 133
b270 353 409 368 432
b271 38 360 80 384
b272 157 613 192 637
b273 377 162 398 192
b274 354 285 387 306
b275 92 387 120 409
b276 244 153 258 184
b277 0 158 12 205
b278 39 60 52 102
b279 52 604 91 647
b280 310 430 341 452
b281 207 92 225 122
b282 91 76 121 120
b283 192 80 207 93
b284 206 366 227 396
b285 49 325 82 338
b286 310 490 346 531
b287 88 486 130 507
b288 0 336 36 364
b289 183 288 220 321
b290 359 106 375 133
b291 0 488 43 516
b292 144 278 168 317
b293 27 546 70 565
b294 52 97 78 114
b295 258 293 271 336
b296 400 488 427 504
b297 355 196 393 227
b298 319 615 359 648
b299 69 338 82 351
