569320.5
851095
287546
437 658
64.205329
b0 27 37 42 64
b1 37 374 64 390
b2 160 613 186 635
b3 392 53 437 74
b4 265 495 305 540
b5 0 37 26 53
b6 92 491 130 518
b7 245 36 274 71
b8 90 24 126 45
b9 265 451 290 495
b10 87 143 102 174
b11 175 0 216 24
b12 71 21 90 38
b13 355 210 388 258
b14 22 637 66 658
b15 43 39 58 73
b16 331 612 373 657
b17 396 499 437 536
b18 83 331 127 374
b19 87 549 123 572
b20 130 447 143 464
b21 303 613 331 657
b22 392 629 427 658
b23 66 594 106 611
b24 181 217 205 235
b25 173 361 202 404
b26 37 390 64 408
b27 354 24 392 64
b28 123 549 135 573
b29 64 374 94 403
b30 286 320 306 348
b31 353 535 389 567
b32 388 307 410 326
b33 308 0 354 45
b34 313 146 342 158
b35 425 207 437 233
b36 47 537 74 567
b37 205 257 234 269
b38 71 0 90 21
b39 353 521 365 534
b40 127 375 146 422
b41 415 74 434 110
b42 390 74 415 120
b43 141 425 180 446
b44 59 64 86 88
b45 236 133 260 158
b46 305 510 324 523
b47 0 174 42 214
b48 237 499 265 533
b49 176 70 224 94
b50 127 361 146 375
b51 373 621 389 635
b52 249 329 286 347
b53 156 301 192 313
b54 142 24 176 54
b55 68 403 94 434
b56 342 146 388 177
b57 345 449 392 497
b58 328 521 353 546
b59 0 515 47 553
b60 43 0 59 39
b61 390 372 435 403
b62 391 536 437 572
b63 130 511 176 547
b64 142 0 175 15
b65 55 408 68 431
b66 391 572 436 614
b67 94 432 127 446
b68 392 278 437 306
b69 317 455 344 491
b70 265 435 310 451
b71 135 547 167 581
b72 177 122 192 154
b73 390 326 402 372
b74 393 0 436 34
b75 0 313 37 333
b76 319 212 355 251
b77 305 492 345 510
b78 184 436 226 452
b79 0 333 25 373
b80 176 511 191 547
b81 274 40 306 55
b82 303 65 342 89
b83 306 570 343 611
b84 73 276 111 310
b85 263 540 306 574
b86 224 533 263 577
b87 158 313 203 361
b88 88 114 132 143
b89 229 329 249 371
b90 176 24 200 70
b91 134 127 177 148
b92 0 436 47 481
b93 345 497 365 521
b94 102 159 133 178
b95 392 462 436 499
b96 342 177 388 210
b97 85 261 125 276
b98 309 133 344 146
b99 191 579 231 596
b100 200 26 245 70
b101 134 91 164 127
b102 246 0 286 36
b103 205 223 239 257
b104 344 132 386 146
b105 276 143 309 178
b106 74 537 86 570
b107 43 139 58 171
b108 0 275 37 313
b109 24 591 66 637
b110 47 455 89 494
b111 139 581 160 594
b112 272 290 297 320
b113 37 303 73 327
b114 192 127 236 161
b115 227 438 249 472
b116 0 112 19 140
b117 239 239 278 260
b118 393 240 437 278
b119 340 104 385 132
b120 0 373 36 409
b121 105 619 139 657
b122 308 45 351 65
b123 339 341 375 364
b124 181 161 212 196
b125 390 120 436 162
b126 132 271 144 293
b127 0 250 43 275
b128 59 88 87 132
b129 133 148 167 170
b130 216 0 246 26
b131 231 613 279 658
b132 373 567 391 606
b133 176 94 219 109
b134 311 381 345 428
b135 43 94 58 139
b136 59 26 71 63
b137 227 371 255 392
b138 59 132 87 174
b139 255 365 291 402
b140 345 436 388 448
b141 91 215 136 234
b142 290 455 317 492
b143 328 546 353 570
b144 389 614 429 629
b145 47 524 92 537
b146 43 187 91 220
b147 343 570 373 612
b148 37 408 55 428
b149 256 108 303 130
b150 317 251 348 274
b151 0 70 18 112
b152 260 143 276 162
b153 212 182 242 223
b154 120 581 137 603
b155 127 422 141 447
b156 102 143 130 159
b157 18 70 38 95
b158 55 431 68 454
b159 180 404 224 436
b160 282 348 309 364
b161 37 327 83 374
b162 238 102 256 133
b163 87 572 120 594
b164 231 577 272 613
b165 68 434 85 455
b166 339 307 375 341
b167 276 178 313 214
b168 143 446 184 470
b169 90 0 129 24
b170 205 269 234 314
b171 286 0 308 40
b172 375 307 388 334
b173 204 314 229 346
b174 184 452 227 468
b175 373 606 389 621
b176 234 260 272 293
b177 157 470 194 511
b178 256 402 273 421
b179 0 481 46 515
b180 291 364 310 404
b181 144 272 174 300
b182 19 95 43 140
b183 94 374 127 413
b184 88 89 134 114
b185 91 234 125 261
b186 246 71 279 102
b187 234 293 272 329
b188 164 235 204 272
b189 340 92 384 104
b190 0 409 37 436
b191 242 202 276 218
b192 133 170 181 199
b193 311 364 344 381
b194 375 334 388 362
b195 191 532 224 545
b196 194 472 235 513
b197 91 463 128 491
b198 139 594 158 642
b199 365 499 396 535
b200 0 0 43 37
b201 174 272 200 301
b202 272 574 306 613
b203 202 629 217 657
b204 278 214 319 247
b205 273 402 288 423
b206 43 240 85 275
b207 313 158 341 191
b208 162 635 189 655
b209 136 199 181 235
b210 203 346 227 359
b211 167 154 179 170
b212 212 161 254 182
b213 146 411 178 425
b214 0 53 27 70
b215 313 191 342 212
b216 392 34 434 53
b217 43 220 91 240
b218 249 438 264 481
b219 160 595 188 613
b220 303 103 340 133
b221 91 202 136 215
b222 146 361 171 395
b223 410 306 429 328
b224 345 376 390 397
b225 0 553 47 591
b226 239 223 278 239
b227 59 174 91 187
b228 83 310 103 331
b229 167 547 191 595
b230 226 405 256 438
b231 272 274 302 290
b232 88 45 111 87
b233 274 55 290 68
b234 249 347 282 365
b235 306 523 328 569
b236 130 470 157 509
b237 47 570 87 591
b238 278 247 317 274
b239 279 68 301 108
b240 288 404 311 423
b241 132 300 156 313
b242 254 162 276 202
b243 142 54 176 91
b244 164 109 201 122
b245 0 591 24 627
b246 111 45 134 89
b247 125 235 164 271
b248 127 318 158 361
b249 310 428 345 455
b250 191 545 222 579
b251 402 328 436 371
b252 94 413 122 432
b253 219 96 234 109
b254 103 318 127 331
b255 66 611 105 658
b256 43 73 56 94
b257 89 446 122 463
b258 348 273 392 307
b259 59 0 71 26
b260 373 635 392 647
b261 345 364 390 376
b262 342 65 390 92
b263 388 403 435 449
b264 203 359 226 404
b265 348 258 393 273
b266 388 162 436 207
b267 0 140 39 174
b268 224 71 246 96
b269 201 109 238 127
b270 139 642 162 657
b271 91 178 133 202
b272 279 613 303 648
b273 181 196 211 217
b274 210 596 231 629
b275 0 627 22 655
b276 303 89 334 103
b277 256 423 303 435
b278 392 449 434 462
b279 345 397 388 436
b280 188 596 210 627
b281 235 481 265 499
b282 47 494 91 524
b283 227 392 242 405
b284 309 342 339 363
b285 129 0 142 33
b286 0 214 41 250
b287 111 276 132 318
b288 37 275 73 303
b289 388 207 425 240
b290 106 603 133 619
b291 302 274 345 302
b292 354 0 393 24
b293 194 513 237 532
b294 71 38 88 64
b295 260 130 303 143
b296 146 395 173 411
b297 92 518 130 549
b298 306 302 339 342
b299 189 627 202 640
