573157
858464
287850
505 570
70.347925
b0 114 151 141 166
b1 141 187 157 214
b2 291 372 313 398
b3 186 461 231 482
b4 406 442 451 482
b5 430 270 456 286
b6 194 482 232 509
b7 341 196 376 225
b8 314 339 350 360
b9 165 28 190 72
b10 53 42 68 73
b11 266 464 290 505
b12 53 0 70 19
b13 107 166 140 214
b14 291 398 312 442
b15 194 509 228 524
b16 209 258 254 300
b17 0 36 37 77
b18 391 300 434 344
b19 0 547 36 570
b20 164 252 181 265
b21 266 507 310 535
b22 0 371 29 406
b23 357 0 397 17
b24 313 453 337 471
b25 361 58 390 101
b26 413 344 431 371
b27 467 70 505 110
b28 458 541 482 553
b29 458 205 488 234
b30 166 94 186 122
b31 452 402 488 434
b32 331 545 350 567
b33 445 24 490 70
b34 404 413 416 442
b35 165 122 191 134
b36 227 536 254 566
b37 416 413 428 442
b38 290 455 309 476
b39 398 193 411 205
b40 345 39 392 58
b41 327 249 346 285
b42 233 0 258 46
b43 322 67 361 88
b44 406 260 430 287
b45 84 260 109 284
b46 271 45 284 64
b47 112 78 152 120
b48 163 0 197 28
b49 191 121 215 169
b50 431 376 450 390
b51 482 479 498 493
b52 0 318 37 336
b53 468 174 504 186
b54 104 386 138 416
b55 37 196 68 222
b56 148 494 194 525
b57 37 306 84 354
b58 233 397 258 422
b59 391 112 438 150
b60 39 527 78 543
b61 112 538 157 569
b62 252 161 298 197
b63 197 0 233 46
b64 377 212 392 245
b65 153 265 176 278
b66 299 0 341 45
b67 152 78 166 111
b68 298 142 343 170
b69 31 354 67 381
b70 0 77 16 122
b71 84 284 118 316
b72 188 423 220 438
b73 68 154 114 166
b74 358 500 392 543
b75 392 393 429 413
b76 469 234 505 273
b77 438 130 478 148
b78 243 65 259 107
b79 419 482 459 507
b80 150 42 165 78
b81 489 357 504 389
b82 232 347 271 371
b83 188 366 229 403
b84 84 222 118 260
b85 398 150 432 193
b86 351 321 390 365
b87 164 207 212 252
b88 68 46 112 75
b89 0 485 42 505
b90 84 316 130 340
b91 39 506 82 527
b92 282 254 327 301
b93 470 0 490 24
b94 474 155 505 174
b95 0 220 37 264
b96 412 507 458 540
b97 490 28 505 68
b98 356 365 391 378
b99 137 346 154 386
b100 144 401 188 446
b101 0 149 36 179
b102 42 466 78 506
b103 78 536 112 570
b104 84 340 126 354
b105 118 281 153 314
b106 254 536 266 569
b107 337 513 352 545
b108 284 58 322 95
b109 118 214 164 256
b110 0 505 39 547
b111 406 482 419 503
b112 392 34 422 59
b113 68 387 104 411
b114 68 75 112 109
b115 429 405 451 439
b116 252 197 280 216
b117 310 520 331 559
b118 129 449 167 493
b119 181 252 209 297
b120 358 464 394 500
b121 154 343 188 381
b122 438 110 481 130
b123 68 411 104 434
b124 0 336 31 371
b125 0 424 46 466
b126 259 97 281 109
b127 439 286 464 329
b128 266 535 310 563
b129 166 72 200 94
b130 432 205 458 235
b131 459 493 504 541
b132 392 375 431 393
b133 141 144 156 187
b134 232 300 266 347
b135 37 34 52 79
b136 258 0 270 37
b137 298 111 319 139
b138 358 101 386 143
b139 0 281 36 318
b140 109 269 152 281
b141 470 357 489 402
b142 39 543 76 570
b143 140 120 165 144
b144 212 173 252 188
b145 278 372 291 417
b146 212 210 245 258
b147 409 540 451 570
b148 188 403 206 423
b149 341 17 388 39
b150 422 24 445 55
b151 314 365 356 383
b152 392 218 411 234
b153 37 155 67 196
b154 46 424 68 441
b155 200 79 225 93
b156 196 169 212 197
b157 165 134 190 154
b158 125 493 148 506
b159 258 420 290 464
b160 154 278 181 294
b161 358 417 404 464
b162 451 434 482 452
b163 399 238 432 260
b164 188 330 229 366
b165 337 414 358 431
b166 432 171 468 205
b167 0 0 37 36
b168 352 543 393 567
b169 82 486 106 525
b170 270 0 299 45
b171 67 166 107 188
b172 310 507 337 520
b173 259 65 284 97
b174 489 389 505 432
b175 422 55 437 71
b176 170 525 203 563
b177 0 179 37 220
b178 280 197 299 214
b179 154 297 188 343
b180 16 77 35 117
b181 378 270 406 300
b182 481 110 505 155
b183 434 71 467 110
b184 70 0 116 25
b185 225 112 259 139
b186 434 329 467 360
b187 221 423 257 461
b188 281 214 318 254
b189 394 464 406 508
b190 228 509 265 536
b191 37 0 53 34
b192 343 143 391 172
b193 156 154 189 171
b194 490 0 503 28
b195 271 359 304 372
b196 464 273 505 314
b197 259 111 296 139
b198 167 446 186 494
b199 104 120 140 151
b200 467 314 504 357
b201 229 371 258 397
b202 358 378 392 417
b203 394 538 409 566
b204 202 46 243 79
b205 431 390 452 405
b206 128 0 163 42
b207 78 453 106 486
b208 206 403 233 423
b209 68 109 104 154
b210 130 314 154 327
b211 337 461 353 473
b212 70 25 112 46
b213 390 59 422 73
b214 290 476 307 503
b215 318 208 339 237
b216 0 466 42 485
b217 258 372 278 420
b218 298 170 341 185
b219 482 541 500 569
b220 37 79 67 116
b221 125 525 170 538
b222 397 0 422 34
b223 326 45 345 67
b224 411 193 432 238
b225 37 268 84 306
b226 431 360 470 376
b227 118 256 150 269
b228 459 473 480 493
b229 422 0 470 24
b230 104 354 137 384
b231 284 95 314 111
b232 299 185 341 208
b233 341 0 357 13
b234 225 79 243 112
b235 252 139 298 161
b236 186 94 225 121
b237 337 473 358 513
b238 37 116 64 155
b239 376 172 398 212
b240 130 327 153 346
b241 157 538 170 562
b242 212 188 252 210
b243 215 139 252 173
b244 432 235 469 248
b245 327 285 351 321
b246 106 449 129 493
b247 157 171 196 207
b248 346 225 377 268
b249 0 122 35 149
b250 314 383 348 414
b251 29 381 63 424
b252 243 46 271 65
b253 314 301 327 316
b254 46 453 70 466
b255 319 95 358 142
b256 378 300 391 321
b257 0 264 33 281
b258 232 464 266 508
b259 190 46 202 72
b260 327 237 346 249
b261 116 0 128 45
b262 351 270 378 318
b263 37 222 84 268
b264 482 434 505 479
b265 138 386 183 401
b266 266 301 314 346
b267 68 188 107 222
b268 377 245 399 270
b269 314 321 351 339
b270 53 19 68 42
b271 203 524 227 566
b272 341 172 376 196
b273 337 431 358 461
b274 188 438 221 459
b275 432 248 460 270
b276 451 553 482 567
b277 46 441 93 453
b278 284 45 326 58
b279 391 73 434 112
b280 391 344 413 375
b281 394 508 412 538
b282 188 300 232 330
b283 291 442 306 455
b284 451 452 481 473
b285 406 287 439 300
b286 245 216 281 257
b287 432 150 474 171
b288 309 471 337 507
b289 67 354 104 387
b290 488 203 504 230
b291 254 257 282 300
b292 313 414 337 453
b293 106 493 125 536
b294 468 186 494 203
b295 271 346 314 359
b296 0 406 27 422
b297 112 45 150 76
b298 104 416 144 449
b299 398 205 411 218
