569257.75
847703.5
290812
436 667
41.776959
b0 257 135 272 162
b1 338 206 365 222
b2 103 336 125 362
b3 13 111 58 132
b4 234 620 274 665
b5 107 310 123 336
b6 350 533 388 560
b7 239 591 274 620
b8 13 312 49 333
b9 97 642 141 667
b10 317 320 332 351
b11 134 553 175 577
b12 74 340 93 357
b13 175 238 223 271
b14 270 199 314 220
b15 168 430 202 445
b16 391 583 436 625
b17 243 394 280 435
b18 351 45 394 89
b19 223 242 246 278
b20 366 338 379 355
b21 300 28 344 56
b22 101 362 130 397
b23 280 356 320 373
b24 125 172 143 196
b25 99 196 142 225
b26 100 60 127 78
b27 391 545 431 583
b28 71 62 83 86
b29 104 498 133 528
b30 367 89 395 109
b31 361 0 397 32
b32 26 0 45 22
b33 346 585 391 631
b34 0 234 12 263
b35 0 121 12 147
b36 28 190 55 220
b37 104 486 133 498
b38 415 242 434 263
b39 227 34 239 47
b40 132 445 179 464
b41 216 48 235 84
b42 280 426 326 451
b43 0 631 39 652
b44 364 560 391 584
b45 49 340 74 364
b46 0 45 13 64
b47 62 602 104 642
b48 42 523 76 551
b49 314 202 338 250
b50 208 34 227 48
b51 221 322 237 336
b52 211 357 229 394
b53 274 621 286 657
b54 46 364 80 394
b55 207 633 233 664
b56 0 414 46 445
b57 246 471 293 519
b58 155 37 180 62
b59 319 136 366 174
b60 338 174 377 190
b61 72 88 117 119
b62 88 541 134 577
b63 117 78 153 124
b64 346 0 361 33
b65 354 111 367 134
b66 275 522 320 564
b67 142 216 175 230
b68 301 0 346 28
b69 180 56 216 83
b70 26 62 71 78
b71 376 288 408 322
b72 39 587 71 602
b73 13 33 25 79
b74 209 394 243 437
b75 243 435 280 455
b76 397 0 436 36
b77 132 397 172 415
b78 338 190 380 206
b79 391 520 431 545
b80 293 481 329 496
b81 133 464 165 479
b82 143 143 182 167
b83 182 144 223 181
b84 256 97 290 135
b85 327 431 370 465
b86 326 392 370 431
b87 370 356 415 404
b88 326 363 370 392
b89 134 533 176 553
b90 121 577 167 601
b91 180 217 223 238
b92 123 247 170 292
b93 101 172 125 192
b94 65 176 96 195
b95 338 222 375 266
b96 13 220 46 266
b97 246 242 261 282
b98 126 25 139 60
b99 104 577 121 617
b100 141 622 185 667
b101 132 415 168 445
b102 35 551 75 587
b103 332 329 366 363
b104 55 195 97 209
b105 235 64 270 97
b106 0 64 12 97
b107 143 201 175 216
b108 395 73 433 110
b109 175 271 221 313
b110 130 358 172 397
b111 13 299 34 312
b112 179 485 209 510
b113 101 148 137 172
b114 88 397 132 431
b115 223 144 257 166
b116 283 451 311 470
b117 329 465 368 486
b118 307 56 351 94
b119 390 110 435 138
b120 179 512 215 548
b121 312 629 346 667
b122 84 486 104 529
b123 215 512 238 548
b124 368 465 399 500
b125 0 497 42 543
b126 47 394 69 406
b127 100 0 143 25
b128 287 256 315 300
b129 208 0 230 34
b130 375 262 405 288
b131 13 132 61 177
b132 0 362 39 380
b133 13 177 28 220
b134 0 445 47 479
b135 34 286 79 301
b136 395 185 432 197
b137 139 601 167 622
b138 125 330 167 358
b139 172 394 209 430
b140 370 439 413 451
b141 290 94 309 139
b142 309 94 346 121
b143 313 605 338 629
b144 0 380 40 395
b145 0 0 13 45
b146 207 437 240 485
b147 153 113 195 143
b148 397 242 415 262
b149 367 125 389 172
b150 39 602 62 633
b151 0 479 42 497
b152 367 109 386 125
b153 405 625 435 666
b154 104 617 121 639
b155 350 560 364 585
b156 180 40 208 56
b157 80 35 105 55
b158 291 71 304 94
b159 79 244 123 276
b160 376 322 403 338
b161 390 138 436 185
b162 405 263 436 281
b163 46 243 79 265
b164 239 519 275 560
b165 346 94 367 111
b166 65 140 99 176
b167 280 320 317 356
b168 56 642 97 666
b169 274 564 313 588
b170 397 197 426 242
b171 185 622 207 662
b172 375 231 388 258
b173 230 0 262 25
b174 240 455 283 471
b175 291 56 307 71
b176 274 588 312 621
b177 246 282 287 319
b178 23 395 42 412
b179 280 373 326 407
b180 215 593 234 633
b181 79 276 107 306
b182 215 548 239 593
b183 0 598 39 631
b184 26 86 72 111
b185 76 306 103 340
b186 239 560 272 591
b187 182 181 220 217
b188 394 36 434 73
b189 332 317 376 329
b190 209 485 246 512
b191 107 276 123 310
b192 0 333 48 362
b193 142 230 175 247
b194 0 263 13 291
b195 26 22 39 55
b196 134 492 175 533
b197 229 357 257 394
b198 413 414 432 462
b199 399 465 435 496
b200 143 0 186 37
b201 293 496 322 522
b202 217 110 256 144
b203 319 174 334 202
b204 47 406 88 439
b205 380 185 395 206
b206 45 0 87 35
b207 363 500 391 533
b208 337 297 364 317
b209 360 631 405 667
b210 272 135 285 159
b211 69 394 85 406
b212 47 439 89 460
b213 346 631 360 663
b214 75 577 102 594
b215 270 64 291 93
b216 280 407 322 426
b217 31 266 79 286
b218 0 652 43 667
b219 379 338 407 356
b220 47 460 84 490
b221 134 479 179 492
b222 201 84 235 109
b223 287 300 309 319
b224 415 369 436 414
b225 123 292 170 330
b226 85 357 101 396
b227 87 0 100 32
b228 309 300 330 320
b229 84 462 132 486
b230 320 532 350 565
b231 311 451 327 481
b232 257 350 280 392
b233 13 79 26 95
b234 13 266 31 299
b235 315 250 337 296
b236 49 301 76 340
b237 61 119 101 140
b238 176 548 215 575
b239 370 417 410 439
b240 0 395 23 414
b241 0 97 13 121
b242 186 0 208 40
b243 143 167 180 201
b244 28 177 65 190
b245 399 496 435 520
b246 223 278 246 322
b247 270 220 309 256
b248 89 431 132 462
b249 45 35 80 62
b250 0 567 34 598
b251 170 313 213 347
b252 243 322 262 350
b253 235 97 250 110
b254 43 633 56 657
b255 172 347 211 394
b256 75 551 88 572
b257 83 55 100 88
b258 55 209 99 243
b259 0 147 12 173
b260 0 215 12 234
b261 76 529 121 541
b262 153 64 180 112
b263 223 166 270 212
b264 286 621 309 666
b265 309 121 354 136
b266 167 577 215 622
b267 285 139 319 178
b268 375 206 397 231
b269 121 601 139 638
b270 415 346 430 369
b271 101 124 143 148
b272 0 543 35 567
b273 180 83 201 113
b274 105 25 126 58
b275 408 324 436 346
b276 370 451 401 465
b277 346 33 393 45
b278 0 173 13 215
b279 239 25 282 64
b280 195 113 217 144
b281 282 24 300 54
b282 223 212 267 242
b283 0 291 13 306
b284 213 336 243 357
b285 13 0 26 33
b286 322 496 363 532
b287 272 178 314 199
b288 179 445 207 481
b289 47 490 84 523
b290 262 319 278 346
b291 408 281 436 324
b292 262 0 301 24
b293 99 225 142 244
b294 261 256 287 273
b295 370 404 413 417
b296 139 37 155 64
b297 337 266 375 297
b298 313 565 346 605
b299 377 172 390 185
