571242.75
854197.5
288288
416 693
42.299899
b0 27 20 54 35
b1 200 554 227 570
b2 170 573 192 599
b3 63 151 108 172
b4 265 97 310 137
b5 396 580 412 606
b6 171 600 198 638
b7 56 494 91 523
b8 103 631 124 667
b9 229 438 254 482
b10 33 312 64 327
b11 243 293 284 317
b12 79 670 96 689
b13 167 294 200 342
b14 144 130 188 151
b15 181 32 215 47
b16 85 559 130 601
b17 42 651 79 692
b18 185 477 229 520
b19 91 13 114 49
b20 165 503 182 516
b21 161 47 205 75
b22 33 370 62 405
b23 396 28 413 68
b24 142 452 160 476
b25 251 348 280 391
b26 251 330 278 348
b27 283 357 321 397
b28 310 507 322 531
b29 55 67 85 96
b30 27 0 55 20
b31 340 77 372 113
b32 310 137 332 156
b33 284 312 330 357
b34 137 199 166 211
b35 124 631 136 657
b36 330 243 357 273
b37 286 231 315 243
b38 224 293 243 314
b39 210 351 222 364
b40 239 204 286 223
b41 239 185 275 204
b42 63 126 109 151
b43 228 596 267 617
b44 224 402 251 426
b45 358 0 382 25
b46 297 507 310 526
b47 130 559 170 601
b48 382 0 416 28
b49 68 102 116 126
b50 152 211 166 230
b51 31 298 47 312
b52 0 470 37 488
b53 13 64 25 100
b54 160 447 194 477
b55 164 402 195 428
b56 275 535 321 566
b57 267 566 315 613
b58 333 0 358 25
b59 368 409 415 447
b60 0 543 39 559
b61 384 195 415 240
b62 13 137 59 173
b63 125 94 171 130
b64 130 544 163 559
b65 138 37 161 50
b66 268 613 310 658
b67 275 167 289 200
b68 257 25 285 70
b69 192 573 228 600
b70 107 265 152 281
b71 181 0 215 32
b72 169 677 201 692
b73 125 82 171 94
b74 373 447 416 481
b75 261 425 298 445
b76 189 143 228 179
b77 310 97 328 137
b78 215 34 257 50
b79 371 28 396 68
b80 332 133 368 148
b81 254 491 286 506
b82 27 35 51 74
b83 0 559 41 596
b84 234 617 268 655
b85 55 24 89 67
b86 41 591 85 630
b87 239 245 284 293
b88 127 601 171 630
b89 328 113 370 133
b90 91 470 137 494
b91 122 523 165 544
b92 367 336 414 381
b93 225 382 249 402
b94 251 406 282 425
b95 118 0 162 37
b96 284 245 330 278
b97 37 454 52 494
b98 0 0 13 35
b99 103 281 143 298
b100 228 141 273 185
b101 0 233 36 263
b102 0 596 40 632
b103 306 63 340 97
b104 215 106 257 120
b105 0 263 35 296
b106 13 100 25 133
b107 251 391 283 406
b108 334 25 371 63
b109 330 273 376 315
b110 0 654 42 693
b111 330 200 343 221
b112 389 639 414 669
b113 55 0 91 24
b114 184 520 228 554
b115 312 29 334 63
b116 109 199 137 218
b117 40 630 79 651
b118 372 123 410 167
b119 371 167 416 195
b120 376 241 412 277
b121 0 173 34 211
b122 117 62 160 82
b123 36 216 59 252
b124 294 658 325 693
b125 322 409 368 451
b126 330 221 342 243
b127 103 427 146 452
b128 286 203 330 231
b129 0 211 34 233
b130 155 477 185 503
b131 119 298 167 343
b132 332 148 371 166
b133 33 355 76 370
b134 109 152 143 199
b135 320 489 365 504
b136 224 426 261 438
b137 215 120 243 141
b138 33 327 75 355
b139 330 315 367 351
b140 117 50 160 62
b141 397 535 416 580
b142 33 405 70 432
b143 251 535 275 560
b144 0 528 40 543
b145 107 252 152 265
b146 59 237 107 270
b147 85 601 127 631
b148 138 673 156 693
b149 239 223 286 245
b150 164 379 195 402
b151 96 673 138 691
b152 184 554 200 573
b153 62 372 103 402
b154 243 120 265 137
b155 340 63 365 77
b156 139 476 155 504
b157 352 632 377 652
b158 56 523 79 536
b159 372 68 416 100
b160 196 204 212 231
b161 254 445 301 491
b162 127 376 158 394
b163 233 655 255 688
b164 315 595 356 631
b165 198 231 215 252
b166 18 494 54 528
b167 158 343 195 379
b168 200 291 224 332
b169 357 568 396 592
b170 195 396 224 441
b171 152 272 192 294
b172 91 0 118 13
b173 189 179 221 204
b174 322 393 365 409
b175 365 489 381 504
b176 119 343 157 376
b177 352 652 389 693
b178 221 185 238 204
b179 284 278 330 312
b180 85 83 125 102
b181 166 204 196 232
b182 288 0 312 45
b183 0 334 33 373
b184 205 50 251 75
b185 108 218 135 252
b186 70 402 103 433
b187 0 432 36 470
b188 357 592 394 632
b189 229 482 241 526
b190 325 652 352 689
b191 286 491 320 507
b192 91 494 139 523
b193 381 481 414 498
b194 90 293 103 321
b195 13 31 26 64
b196 343 200 384 241
b197 367 381 404 409
b198 146 428 194 447
b199 91 523 122 559
b200 56 433 99 470
b201 64 293 90 322
b202 215 0 254 34
b203 210 367 225 395
b204 0 373 33 414
b205 163 544 184 559
b206 169 642 211 677
b207 89 50 117 83
b208 321 357 341 384
b209 321 531 357 576
b210 114 37 138 50
b211 328 97 340 113
b212 310 631 352 652
b213 166 232 198 246
b214 188 126 215 143
b215 312 0 333 29
b216 315 576 357 595
b217 59 172 107 192
b218 99 452 142 467
b219 361 504 379 532
b220 273 137 310 167
b221 124 660 169 673
b222 254 0 288 25
b223 37 432 56 454
b224 215 204 236 249
b225 326 451 373 489
b226 376 320 415 336
b227 251 317 283 330
b228 70 536 90 557
b229 103 376 127 424
b230 136 630 169 660
b231 235 352 251 382
b232 198 600 221 642
b233 36 203 52 216
b234 0 414 33 432
b235 36 252 58 298
b236 27 74 54 113
b237 301 425 322 465
b238 322 504 361 531
b239 211 642 233 682
b240 200 332 223 351
b241 165 516 178 540
b242 0 632 40 654
b243 330 166 367 200
b244 0 35 13 72
b245 27 113 63 137
b246 372 100 416 123
b247 228 560 267 596
b248 215 75 258 106
b249 224 317 251 352
b250 379 504 413 535
b251 76 325 119 359
b252 357 241 376 269
b253 222 352 235 367
b254 221 617 234 641
b255 192 252 239 291
b256 152 259 173 272
b257 135 218 152 251
b258 41 557 85 591
b259 139 504 165 516
b260 404 381 416 400
b261 0 72 12 117
b262 258 70 306 97
b263 143 152 189 199
b264 58 270 103 293
b265 195 351 210 396
b266 59 192 107 237
b267 255 658 294 692
b268 301 465 326 487
b269 0 488 18 525
b270 389 669 404 692
b271 341 351 365 393
b272 56 470 91 494
b273 40 536 70 557
b274 394 606 415 639
b275 116 130 144 152
b276 13 0 27 31
b277 241 482 253 529
b278 0 117 13 159
b279 376 277 415 320
b280 229 529 251 560
b281 194 457 224 475
b282 171 75 215 105
b283 55 96 68 111
b284 34 173 55 203
b285 152 246 185 259
b286 289 167 330 203
b287 171 105 213 126
b288 283 397 319 425
b289 127 394 164 427
b290 194 441 221 457
b291 254 507 297 535
b292 79 631 103 670
b293 162 0 181 43
b294 285 45 311 62
b295 76 359 119 372
b296 103 298 119 325
b297 0 296 31 334
b298 357 535 397 568
b299 47 298 60 311
