558821
831007
286635
485 591
60.562328
b0 84 287 99 314
b1 410 450 437 466
b2 437 254 459 280
b3 124 268 145 313
b4 156 152 196 197
b5 147 73 173 89
b6 144 358 182 385
b7 212 116 241 151
b8 174 197 195 233
b9 59 274 84 318
b10 97 109 112 140
b11 346 412 370 453
b12 95 90 112 109
b13 437 433 485 466
b14 241 210 285 231
b15 182 233 216 248
b16 0 371 42 416
b17 119 184 156 225
b18 51 217 94 261
b19 103 518 126 554
b20 216 231 233 244
b21 338 104 366 148
b22 196 0 225 35
b23 358 263 398 280
b24 328 464 346 488
b25 118 225 147 268
b26 331 178 358 196
b27 397 297 437 335
b28 210 303 234 315
b29 239 537 268 567
b30 340 46 360 74
b31 451 68 483 104
b32 296 0 315 22
b33 102 44 147 90
b34 234 303 263 315
b35 147 61 173 73
b36 338 74 365 104
b37 281 135 293 164
b38 356 492 375 513
b39 0 0 13 12
b40 0 524 47 543
b41 160 37 196 56
b42 13 84 59 109
b43 240 448 279 469
b44 100 287 124 314
b45 357 148 382 172
b46 249 61 262 80
b47 241 131 281 173
b48 59 189 93 217
b49 236 567 284 591
b50 422 0 436 19
b51 338 164 354 178
b52 328 412 346 449
b53 91 518 103 554
b54 42 362 76 392
b55 208 532 239 558
b56 127 449 173 480
b57 437 386 485 433
b58 315 0 340 25
b59 196 184 234 231
b60 262 363 301 379
b61 321 558 366 589
b62 334 366 370 412
b63 438 554 484 590
b64 84 554 99 587
b65 245 348 268 361
b66 84 387 126 432
b67 252 408 285 422
b68 409 148 437 193
b69 437 305 464 341
b70 99 344 144 360
b71 404 335 436 369
b72 437 149 469 164
b73 147 0 159 46
b74 59 0 102 34
b75 147 234 167 271
b76 412 47 451 83
b77 357 513 375 553
b78 340 0 382 16
b79 358 238 398 263
b80 358 172 394 187
b81 169 576 201 591
b82 210 77 249 101
b83 255 0 296 37
b84 262 76 296 114
b85 253 469 287 512
b86 300 233 344 272
b87 437 164 485 209
b88 262 379 306 408
b89 126 407 168 427
b90 161 482 207 506
b91 173 436 194 479
b92 437 341 484 386
b93 126 387 150 407
b94 208 513 239 532
b95 241 173 285 210
b96 285 164 331 197
b97 0 543 40 558
b98 59 261 94 274
b99 382 0 422 17
b100 102 0 147 44
b101 225 0 255 36
b102 238 231 278 267
b103 287 526 321 560
b104 344 233 358 275
b105 119 128 154 161
b106 229 151 241 184
b107 210 101 242 116
b108 59 152 97 189
b109 126 542 168 588
b110 42 392 84 431
b111 284 114 297 135
b112 340 16 365 46
b113 407 514 443 538
b114 47 520 91 554
b115 126 427 160 449
b116 298 320 326 339
b117 0 331 39 352
b118 13 153 57 191
b119 306 366 334 411
b120 88 482 124 518
b121 112 90 146 128
b122 366 125 409 145
b123 119 161 155 184
b124 402 223 437 254
b125 13 261 59 303
b126 215 36 227 58
b127 37 431 80 456
b128 297 91 325 135
b129 451 46 485 68
b130 268 315 298 341
b131 437 209 485 254
b132 37 456 55 495
b133 219 367 262 382
b134 365 17 412 51
b135 223 267 268 282
b136 394 186 406 223
b137 285 408 306 436
b138 328 492 356 534
b139 59 71 95 108
b140 0 224 12 267
b141 208 482 253 501
b142 146 90 173 127
b143 182 278 206 303
b144 167 234 182 274
b145 182 339 227 352
b146 370 370 403 418
b147 102 314 144 344
b148 412 83 430 103
b149 349 280 396 302
b150 373 335 404 358
b151 466 104 484 146
b152 338 148 357 164
b153 182 248 223 278
b154 206 278 223 300
b155 94 206 119 220
b156 370 418 398 434
b157 154 127 174 152
b158 0 12 13 35
b159 208 382 252 414
b160 306 439 322 466
b161 365 51 412 97
b162 464 305 482 336
b163 268 341 301 363
b164 297 55 338 91
b165 168 407 189 424
b166 208 414 244 448
b167 159 0 195 37
b168 287 466 328 490
b169 169 522 208 546
b170 293 135 338 164
b171 36 109 58 149
b172 382 145 409 158
b173 268 273 300 298
b174 59 318 102 334
b175 153 526 169 541
b176 174 119 212 152
b177 59 34 100 71
b178 196 35 215 52
b179 194 448 240 482
b180 127 507 167 526
b181 412 19 442 47
b182 349 321 373 366
b183 88 449 127 482
b184 437 280 483 305
b185 127 480 161 507
b186 196 152 229 183
b187 144 322 182 358
b188 346 455 386 492
b189 358 226 402 238
b190 331 196 358 233
b191 375 540 409 556
b192 409 538 438 586
b193 268 298 301 315
b194 394 158 407 186
b195 0 77 13 110
b196 443 513 484 554
b197 182 352 219 380
b198 349 302 397 321
b199 284 560 320 591
b200 0 481 37 524
b201 406 193 435 219
b202 403 394 437 433
b203 0 429 28 444
b204 55 456 88 497
b205 223 244 238 265
b206 366 556 408 591
b207 366 97 399 125
b208 150 385 177 405
b209 285 197 330 233
b210 0 416 24 429
b211 173 424 189 436
b212 409 127 451 148
b213 13 47 27 79
b214 410 433 437 450
b215 27 47 56 68
b216 0 352 42 371
b217 407 466 427 514
b218 241 116 284 131
b219 42 334 60 362
b220 173 89 210 119
b221 0 110 13 155
b222 403 369 437 394
b223 76 361 98 380
b224 223 282 268 303
b225 13 214 51 261
b226 169 506 208 522
b227 0 192 13 224
b228 430 83 451 103
b229 239 513 287 537
b230 169 546 202 576
b231 27 68 57 84
b232 13 191 55 214
b233 84 274 100 287
b234 250 315 268 348
b235 97 140 119 186
b236 99 360 138 387
b237 370 434 410 455
b238 60 334 99 361
b239 278 233 300 273
b240 100 268 123 287
b241 59 108 83 121
b242 210 315 250 337
b243 0 444 34 481
b244 0 155 13 192
b245 321 534 357 558
b246 13 109 36 153
b247 358 187 394 226
b248 375 497 406 540
b249 147 274 182 301
b250 202 558 236 589
b251 442 12 485 46
b252 287 436 306 464
b253 147 46 160 61
b254 0 300 13 324
b255 427 466 466 513
b256 160 427 173 448
b257 93 432 126 449
b258 40 554 84 588
b259 373 358 399 370
b260 268 537 280 556
b261 208 501 253 513
b262 301 339 349 366
b263 13 0 59 47
b264 37 497 82 520
b265 451 104 466 149
b266 301 275 349 320
b267 262 37 296 76
b268 459 254 484 276
b269 156 197 174 234
b270 322 449 345 464
b271 94 220 118 262
b272 227 37 262 61
b273 244 422 274 443
b274 147 301 180 322
b275 306 411 328 439
b276 194 407 208 438
b277 436 0 483 12
b278 0 35 13 77
b279 398 254 437 297
b280 177 385 208 407
b281 227 337 245 367
b282 296 25 340 55
b283 80 432 93 447
b284 99 554 120 584
b285 0 267 13 300
b286 287 490 328 526
b287 386 455 407 497
b288 182 303 210 339
b289 173 56 210 89
b290 126 526 153 542
b291 13 303 56 331
b292 412 103 451 127
b293 466 466 485 509
b294 93 189 119 206
b295 325 91 338 134
b296 215 61 242 77
b297 59 121 97 152
b298 0 558 40 591
b299 242 101 255 114
