567384.5
847089
287680
464 620
53.816384
b0 43 200 58 227
b1 366 0 393 16
b2 395 597 421 619
b3 286 118 331 139
b4 138 267 183 307
b5 121 95 147 111
b6 193 213 220 251
b7 0 413 29 448
b8 386 400 422 421
b9 283 387 327 412
b10 240 214 255 245
b11 0 542 24 583
b12 164 538 183 555
b13 431 148 464 196
b14 344 480 388 501
b15 90 342 105 376
b16 0 283 42 328
b17 380 543 417 584
b18 203 66 247 109
b19 58 200 94 223
b20 382 319 399 332
b21 247 66 275 110
b22 324 221 359 250
b23 255 531 295 548
b24 279 468 297 492
b25 387 265 430 294
b26 310 427 337 445
b27 243 389 283 427
b28 47 403 59 427
b29 388 47 417 77
b30 76 59 96 87
b31 283 332 319 364
b32 403 105 425 124
b33 417 541 463 586
b34 452 0 464 29
b35 101 144 113 170
b36 202 459 232 486
b37 307 16 336 28
b38 75 517 94 538
b39 87 293 99 306
b40 43 274 90 293
b41 185 0 221 19
b42 295 556 341 581
b43 409 226 430 265
b44 422 406 449 430
b45 379 105 403 130
b46 94 170 107 189
b47 415 501 457 541
b48 249 355 277 389
b49 178 459 202 507
b50 336 15 355 29
b51 33 403 47 419
b52 267 271 285 308
b53 0 0 12 36
b54 320 263 350 297
b55 405 149 431 180
b56 431 196 462 242
b57 43 227 91 274
b58 76 144 101 169
b59 112 218 150 265
b60 206 50 245 66
b61 45 372 90 403
b62 298 457 344 493
b63 142 463 178 509
b64 333 0 366 15
b65 374 253 387 276
b66 45 293 87 338
b67 183 254 197 287
b68 0 341 45 369
b69 172 423 199 459
b70 204 313 249 329
b71 273 34 307 66
b72 381 463 413 478
b73 298 445 344 457
b74 94 402 128 445
b75 344 460 381 480
b76 43 583 82 619
b77 381 360 399 400
b78 169 0 185 42
b79 393 0 433 25
b80 38 450 53 486
b81 326 493 341 525
b82 308 76 347 100
b83 343 501 380 542
b84 421 586 459 620
b85 19 486 53 529
b86 341 542 380 586
b87 204 329 249 377
b88 65 434 94 478
b89 369 179 389 221
b90 94 499 140 523
b91 212 523 255 544
b92 119 573 164 620
b93 140 509 164 529
b94 433 0 452 31
b95 121 111 158 155
b96 43 0 76 46
b97 206 377 221 417
b98 380 584 415 597
b99 113 168 153 185
b100 235 427 279 472
b101 104 306 134 342
b102 196 165 236 201
b103 169 60 203 94
b104 53 478 67 520
b105 285 255 320 288
b106 63 520 75 553
b107 168 94 200 109
b108 286 196 323 234
b109 323 179 369 221
b110 256 492 298 531
b111 147 86 168 99
b112 433 31 458 61
b113 76 120 112 144
b114 212 489 256 523
b115 284 0 306 34
b116 236 186 255 214
b117 285 234 324 255
b118 203 109 241 153
b119 298 493 326 538
b120 199 423 235 459
b121 94 445 132 479
b122 399 380 442 400
b123 406 297 442 320
b124 59 403 94 434
b125 389 180 431 226
b126 28 190 40 212
b127 153 168 196 193
b128 241 158 285 186
b129 430 242 464 264
b130 24 553 50 583
b131 331 100 379 145
b132 99 288 138 306
b133 327 384 342 427
b134 249 308 283 355
b135 164 604 209 619
b136 193 201 230 213
b137 0 190 28 211
b138 344 411 386 439
b139 82 583 119 619
b140 224 573 236 616
b141 158 133 203 152
b142 0 80 27 117
b143 382 294 406 319
b144 449 406 464 446
b145 368 333 381 378
b146 43 119 76 167
b147 352 291 382 333
b148 311 100 331 118
b149 204 551 251 573
b150 386 421 417 444
b151 94 189 112 231
b152 46 434 65 450
b153 0 253 41 283
b154 87 306 104 328
b155 286 103 311 117
b156 413 459 441 475
b157 231 252 251 277
b158 418 333 431 356
b159 131 529 163 573
b160 283 412 310 428
b161 322 337 368 384
b162 251 548 269 579
b163 319 581 341 614
b164 0 154 41 190
b165 76 0 97 17
b166 134 307 168 343
b167 168 310 204 347
b168 152 230 193 254
b169 24 529 63 553
b170 86 538 115 583
b171 347 76 387 98
b172 183 538 210 551
b173 221 0 253 25
b174 0 36 43 52
b175 328 525 343 541
b176 43 60 76 98
b177 0 117 41 154
b178 279 451 298 468
b179 331 145 377 179
b180 0 484 19 524
b181 377 149 405 179
b182 158 109 203 133
b183 113 185 152 218
b184 206 25 252 50
b185 354 47 388 74
b186 12 0 43 33
b187 0 448 38 484
b188 153 193 193 230
b189 212 573 224 617
b190 381 333 418 360
b191 115 536 131 570
b192 164 509 212 538
b193 235 472 268 489
b194 408 446 436 459
b195 150 254 183 267
b196 0 212 41 253
b197 171 347 199 384
b198 399 361 447 380
b199 231 277 267 308
b200 0 583 43 620
b201 269 548 295 577
b202 172 384 206 423
b203 359 221 374 249
b204 431 320 464 361
b205 380 597 395 618
b206 380 501 415 543
b207 387 77 420 105
b208 220 225 240 252
b209 286 139 331 175
b210 406 320 430 333
b211 220 213 236 225
b212 76 17 97 59
b213 43 46 75 60
b214 255 254 282 271
b215 252 34 273 63
b216 129 371 171 390
b217 94 479 142 499
b218 129 426 172 441
b219 350 263 368 291
b220 255 186 285 223
b221 120 155 165 168
b222 121 61 146 95
b223 386 444 408 463
b224 91 231 112 276
b225 272 581 319 619
b226 447 264 463 303
b227 94 523 126 536
b228 149 0 169 21
b229 97 0 121 48
b230 61 169 94 199
b231 417 430 447 446
b232 388 478 430 501
b233 310 412 326 425
b234 43 167 61 200
b235 221 377 243 423
b236 67 478 94 517
b237 393 25 433 46
b238 342 384 381 411
b239 132 441 172 463
b240 279 428 298 451
b241 0 529 24 542
b242 164 555 204 577
b243 197 252 231 289
b244 0 328 37 341
b245 105 342 129 378
b246 441 446 464 490
b247 236 579 272 618
b248 0 369 43 400
b249 374 226 409 253
b250 253 0 284 34
b251 45 338 88 372
b252 185 19 204 47
b253 88 328 103 341
b254 216 289 229 313
b255 121 22 168 61
b256 185 47 206 60
b257 430 264 447 297
b258 285 288 319 332
b259 53 450 65 476
b260 442 303 461 315
b261 196 153 241 165
b262 164 577 212 604
b263 308 29 354 76
b264 277 364 322 387
b265 447 361 462 406
b266 241 110 286 158
b267 341 586 380 620
b268 146 61 168 86
b269 76 102 113 120
b270 97 87 120 102
b271 129 347 171 371
b272 94 378 129 402
b273 286 175 316 196
b274 183 289 216 310
b275 121 0 149 22
b276 27 80 41 111
b277 90 276 137 288
b278 420 59 433 101
b279 425 105 464 148
b280 255 223 277 254
b281 298 538 328 556
b282 433 61 463 105
b283 169 42 184 55
b284 43 98 73 119
b285 0 400 33 413
b286 129 390 170 426
b287 344 439 386 460
b288 50 553 86 581
b289 275 66 308 103
b290 306 0 333 16
b291 0 52 43 80
b292 97 48 121 87
b293 379 130 422 149
b294 29 419 46 445
b295 324 250 367 263
b296 165 152 192 168
b297 355 16 393 47
b298 319 297 352 337
b299 420 46 433 59
