565885
842526
289244
433 668
62.861032
b0 397 257 412 284
b1 0 234 27 250
b2 312 486 338 508
b3 39 135 60 180
b4 61 407 101 452
b5 318 0 334 26
b6 266 303 304 330
b7 368 212 397 247
b8 412 597 433 633
b9 20 52 64 77
b10 132 429 163 444
b11 337 141 378 165
b12 43 298 60 317
b13 215 266 248 314
b14 378 83 422 104
b15 64 362 98 377
b16 65 167 107 212
b17 126 444 163 485
b18 208 467 252 510
b19 45 645 81 668
b20 61 508 74 525
b21 274 640 318 668
b22 252 481 281 516
b23 414 34 431 74
b24 309 64 327 88
b25 182 335 211 378
b26 252 463 279 481
b27 163 460 203 498
b28 297 59 309 83
b29 341 434 370 464
b30 107 340 135 360
b31 235 68 267 104
b32 0 77 19 99
b33 256 365 302 410
b34 334 0 346 29
b35 0 597 12 623
b36 222 440 252 467
b37 46 549 75 561
b38 0 99 19 120
b39 167 290 180 302
b40 167 429 214 448
b41 0 273 36 292
b42 269 34 315 59
b43 148 209 187 230
b44 255 141 279 168
b45 288 448 313 472
b46 0 27 19 40
b47 225 0 265 42
b48 36 244 64 278
b49 16 320 64 344
b50 312 551 326 570
b51 98 135 112 151
b52 0 416 18 453
b53 163 448 199 460
b54 378 138 408 172
b55 136 306 167 332
b56 281 472 312 518
b57 156 42 204 89
b58 124 580 149 605
b59 384 174 431 212
b60 61 452 100 468
b61 399 411 430 456
b62 153 573 189 619
b63 311 570 347 616
b64 234 600 267 615
b65 88 508 101 531
b66 0 455 42 500
b67 65 135 98 149
b68 108 639 153 667
b69 0 198 27 234
b70 0 320 16 365
b71 103 306 135 340
b72 303 0 318 32
b73 149 561 195 573
b74 195 535 229 578
b75 242 516 279 536
b76 153 619 189 658
b77 64 302 82 342
b78 370 407 386 449
b79 291 122 331 147
b80 252 448 288 463
b81 167 258 182 290
b82 343 37 382 61
b83 356 248 397 285
b84 265 0 303 34
b85 273 185 316 219
b86 272 574 311 618
b87 211 347 256 395
b88 20 23 64 52
b89 229 208 271 228
b90 385 573 431 597
b91 19 114 62 135
b92 341 464 386 511
b93 193 156 217 176
b94 37 368 56 399
b95 109 91 153 128
b96 386 540 432 573
b97 412 257 427 297
b98 340 511 375 524
b99 167 412 207 429
b100 80 570 124 615
b101 107 225 143 255
b102 107 189 147 225
b103 297 88 331 122
b104 302 400 344 414
b105 360 313 395 346
b106 231 631 264 643
b107 46 510 61 542
b108 0 560 38 597
b109 271 219 317 261
b110 165 0 204 42
b111 316 147 337 160
b112 34 180 64 205
b113 131 25 155 61
b114 229 174 273 208
b115 0 176 34 198
b116 384 648 412 667
b117 344 395 365 434
b118 227 228 271 266
b119 269 59 297 104
b120 340 359 376 395
b121 217 140 255 174
b122 64 342 107 362
b123 0 250 36 273
b124 204 42 235 77
b125 0 518 46 560
b126 37 399 59 411
b127 312 508 337 551
b128 211 395 255 423
b129 12 602 46 624
b130 406 104 432 134
b131 122 258 167 306
b132 42 428 60 467
b133 46 602 61 645
b134 386 0 433 34
b135 250 330 295 345
b136 347 603 384 615
b137 226 104 254 125
b138 292 261 320 303
b139 320 248 356 285
b140 42 467 54 510
b141 255 410 300 429
b142 136 392 163 429
b143 337 524 362 548
b144 216 125 256 140
b145 386 411 399 456
b146 320 215 368 248
b147 189 626 231 656
b148 128 518 146 538
b149 267 618 314 640
b150 362 537 385 568
b151 0 500 42 518
b152 88 151 107 167
b153 59 377 100 407
b154 255 574 272 596
b155 153 91 167 116
b156 304 303 320 331
b157 36 278 61 298
b158 65 149 88 162
b159 65 103 109 135
b160 234 615 261 631
b161 76 255 122 302
b162 412 633 430 664
b163 79 532 101 565
b164 175 120 216 156
b165 376 359 393 380
b166 318 616 354 650
b167 193 176 229 213
b168 233 643 274 667
b169 18 416 42 455
b170 0 624 45 653
b171 54 468 76 508
b172 362 346 389 359
b173 382 37 414 62
b174 160 511 203 527
b175 0 40 15 56
b176 279 147 312 185
b177 107 152 148 189
b178 42 411 61 428
b179 149 527 195 561
b180 101 482 120 522
b181 0 292 30 320
b182 108 615 153 639
b183 211 314 250 347
b184 101 436 126 482
b185 200 213 227 247
b186 101 403 132 436
b187 320 285 356 323
b188 346 0 386 37
b189 189 656 233 668
b190 148 128 175 165
b191 397 300 431 316
b192 78 0 107 48
b193 222 423 255 440
b194 80 615 108 628
b195 65 33 78 66
b196 38 561 79 602
b197 356 285 393 313
b198 317 196 365 215
b199 167 89 203 120
b200 20 77 63 114
b201 136 366 165 392
b202 229 536 268 570
b203 328 29 343 57
b204 300 414 341 447
b205 384 597 405 612
b206 250 266 292 301
b207 279 518 312 546
b208 0 0 20 27
b209 397 212 433 257
b210 61 525 74 549
b211 397 284 409 300
b212 128 538 149 580
b213 100 362 132 376
b214 376 380 393 407
b215 397 330 426 351
b216 255 429 297 448
b217 256 345 304 365
b218 167 335 182 378
b219 378 104 406 122
b220 0 386 37 416
b221 163 498 208 511
b222 131 0 165 25
b223 0 120 19 142
b224 148 165 193 186
b225 386 456 433 494
b226 368 172 384 211
b227 315 32 328 64
b228 0 56 20 77
b229 107 0 131 48
b230 123 61 156 91
b231 374 122 404 138
b232 408 494 431 536
b233 30 298 43 314
b234 326 551 359 569
b235 386 494 408 540
b236 313 447 340 486
b237 76 468 97 508
b238 81 628 108 667
b239 320 323 360 345
b240 203 99 226 118
b241 362 524 386 537
b242 408 134 430 174
b243 347 569 384 603
b244 65 66 78 103
b245 112 128 148 152
b246 148 186 192 209
b247 27 205 63 244
b248 78 60 109 103
b249 101 376 136 403
b250 136 332 167 366
b251 331 107 374 141
b252 354 615 382 634
b253 187 213 200 228
b254 75 508 88 532
b255 393 364 432 411
b256 378 62 391 83
b257 348 651 381 668
b258 167 378 211 412
b259 235 42 247 68
b260 203 448 222 460
b261 78 48 123 60
b262 101 522 128 570
b263 331 61 378 107
b264 20 0 65 23
b265 0 653 45 668
b266 189 578 234 626
b267 0 142 39 176
b268 247 42 269 67
b269 0 368 37 386
b270 391 62 414 77
b271 16 344 58 368
b272 256 117 291 141
b273 82 302 103 332
b274 182 247 215 268
b275 160 230 182 258
b276 397 316 428 330
b277 64 251 76 298
b278 320 346 362 359
b279 64 212 107 251
b280 204 77 235 99
b281 318 650 348 668
b282 167 305 211 335
b283 397 351 412 364
b284 234 570 255 600
b285 65 0 78 33
b286 304 359 340 400
b287 204 0 225 42
b288 384 612 412 648
b289 182 268 215 305
b290 250 301 266 328
b291 268 546 311 574
b292 203 511 242 535
b293 61 602 80 645
b294 354 634 380 651
b295 254 104 297 117
b296 304 331 320 358
b297 317 165 355 196
b298 120 485 160 518
b299 147 230 160 243
