565814.75
841791.5
289838
463 626
37.699534
b0 0 544 27 559
b1 371 207 387 234
b2 0 142 22 168
b3 280 203 325 224
b4 127 129 167 174
b5 231 357 247 383
b6 0 79 38 106
b7 133 262 162 297
b8 274 474 295 510
b9 0 54 44 79
b10 260 426 291 441
b11 420 0 444 41
b12 186 118 205 135
b13 273 114 306 162
b14 387 219 431 240
b15 262 369 277 403
b16 360 0 402 45
b17 77 420 118 457
b18 121 189 165 232
b19 93 372 129 395
b20 169 118 186 131
b21 24 382 52 426
b22 137 322 166 357
b23 338 360 355 400
b24 115 262 133 286
b25 0 242 43 271
b26 307 311 334 329
b27 320 0 360 38
b28 0 313 24 325
b29 387 145 417 174
b30 262 406 290 426
b31 169 86 205 118
b32 166 310 185 332
b33 196 0 242 45
b34 402 461 414 490
b35 356 152 368 178
b36 167 191 197 218
b37 91 89 103 118
b38 166 332 185 353
b39 371 194 383 207
b40 291 402 310 449
b41 205 45 241 64
b42 350 495 396 520
b43 149 603 188 624
b44 402 437 429 461
b45 79 118 104 142
b46 401 412 414 431
b47 242 0 282 42
b48 54 148 82 182
b49 61 253 85 301
b50 166 296 185 310
b51 371 152 387 166
b52 43 253 61 290
b53 389 45 401 81
b54 185 376 219 406
b55 149 577 180 603
b56 274 245 320 276
b57 90 324 137 372
b58 298 329 323 354
b59 104 52 142 99
b60 400 325 416 364
b61 268 586 313 617
b62 355 393 401 429
b63 325 203 371 239
b64 197 195 230 210
b65 150 297 163 320
b66 418 373 463 415
b67 164 240 197 254
b68 104 0 149 28
b69 199 553 235 580
b70 257 119 273 164
b71 389 81 421 115
b72 169 135 201 150
b73 419 145 431 191
b74 274 552 317 586
b75 248 586 268 623
b76 39 461 78 497
b77 187 46 205 86
b78 194 537 236 553
b79 387 194 427 219
b80 262 354 298 369
b81 290 369 305 401
b82 0 353 24 392
b83 15 201 52 242
b84 197 503 235 537
b85 362 551 396 594
b86 197 440 241 479
b87 356 429 401 477
b88 197 411 241 440
b89 79 304 121 324
b90 185 352 231 376
b91 289 449 332 470
b92 310 402 355 449
b93 93 395 117 415
b94 311 278 330 309
b95 294 515 338 552
b96 24 318 57 364
b97 0 201 15 241
b98 275 162 288 197
b99 76 380 93 420
b100 383 240 427 285
b101 128 232 164 262
b102 313 586 349 626
b103 429 437 463 471
b104 125 115 167 129
b105 241 474 274 509
b106 330 278 342 311
b107 386 285 418 300
b108 421 66 459 103
b109 304 72 350 114
b110 0 271 39 313
b111 107 558 120 579
b112 54 118 79 148
b113 104 28 140 52
b114 353 108 387 152
b115 118 439 152 461
b116 276 326 295 354
b117 397 579 418 618
b118 118 395 156 439
b119 342 313 387 341
b120 353 72 389 108
b121 270 76 304 114
b122 250 510 293 530
b123 17 27 53 50
b124 431 199 462 234
b125 78 461 124 503
b126 338 501 350 523
b127 201 135 244 160
b128 38 497 66 541
b129 165 218 199 240
b130 74 534 104 560
b131 396 495 441 543
b132 205 94 244 112
b133 242 42 257 85
b134 87 185 121 232
b135 317 571 362 586
b136 67 0 104 12
b137 0 325 21 353
b138 265 298 307 326
b139 67 52 103 89
b140 85 292 128 304
b141 444 0 463 45
b142 17 0 54 27
b143 332 449 356 474
b144 39 303 79 318
b145 54 0 67 45
b146 0 168 48 201
b147 232 225 274 255
b148 236 532 254 552
b149 0 559 47 581
b150 54 182 85 205
b151 402 0 420 42
b152 383 477 402 493
b153 167 150 197 191
b154 441 495 458 517
b155 262 326 276 351
b156 124 461 152 477
b157 400 300 420 325
b158 450 471 463 494
b159 73 581 105 625
b160 192 580 208 607
b161 417 326 463 373
b162 241 433 259 464
b163 441 517 463 550
b164 0 106 41 142
b165 0 0 17 21
b166 231 280 265 316
b167 239 164 275 201
b168 87 232 128 256
b169 347 285 386 309
b170 152 439 197 468
b171 85 163 125 185
b172 38 79 51 106
b173 324 153 356 178
b174 306 114 322 157
b175 149 174 165 189
b176 282 0 320 33
b177 188 277 229 314
b178 401 393 418 412
b179 296 38 342 72
b180 317 552 357 571
b181 305 374 335 402
b182 52 382 76 427
b183 235 553 274 586
b184 324 178 370 203
b185 355 45 389 72
b186 54 222 87 253
b187 149 46 187 82
b188 67 12 104 52
b189 185 340 229 352
b190 426 550 463 577
b191 104 99 138 115
b192 349 594 397 623
b193 0 21 17 54
b194 184 481 197 509
b195 147 481 160 514
b196 420 285 461 326
b197 54 90 91 118
b198 338 341 386 360
b199 431 234 462 270
b200 104 521 147 558
b201 185 314 214 340
b202 257 42 296 76
b203 401 45 416 73
b204 355 360 396 393
b205 396 564 417 579
b206 197 160 239 195
b207 199 210 232 238
b208 231 316 258 336
b209 295 470 331 515
b210 208 580 221 604
b211 180 573 192 589
b212 420 45 462 66
b213 427 270 459 284
b214 142 82 169 99
b215 396 364 417 393
b216 120 558 162 577
b217 371 174 419 194
b218 247 336 262 379
b219 188 607 216 625
b220 205 64 242 94
b221 54 45 67 90
b222 231 255 265 280
b223 241 411 260 433
b224 82 142 127 163
b225 0 497 38 544
b226 337 114 353 153
b227 324 114 337 146
b228 104 115 125 135
b229 232 201 280 225
b230 259 441 289 474
b231 57 364 87 380
b232 105 581 128 623
b233 104 503 120 516
b234 350 477 383 495
b235 265 276 311 298
b236 221 586 248 625
b237 280 224 320 245
b238 320 239 347 278
b239 418 415 458 437
b240 22 142 41 165
b241 257 76 270 100
b242 254 530 294 552
b243 0 426 34 463
b244 277 369 290 406
b245 414 471 450 495
b246 124 477 147 521
b247 288 162 324 201
b248 431 122 462 165
b249 47 541 74 576
b250 431 165 462 199
b251 34 427 77 461
b252 431 103 459 122
b253 338 523 353 536
b254 125 174 149 187
b255 147 516 194 555
b256 231 336 244 357
b257 54 205 87 222
b258 0 581 34 625
b259 244 85 256 111
b260 257 100 269 119
b261 41 106 53 151
b262 156 388 183 436
b263 149 0 196 46
b264 205 112 250 135
b265 323 329 338 374
b266 418 577 463 625
b267 0 463 39 497
b268 128 297 150 322
b269 162 555 199 573
b270 235 509 250 532
b271 164 254 188 296
b272 160 481 184 516
b273 396 543 426 564
b274 74 560 107 581
b275 0 392 22 420
b276 183 406 197 437
b277 137 376 184 388
b278 387 313 400 355
b279 34 581 73 624
b280 353 520 375 551
b281 24 364 54 382
b282 387 115 431 145
b283 43 290 58 303
b284 375 520 396 550
b285 342 38 355 71
b286 347 239 383 280
b287 128 577 149 619
b288 87 256 115 292
b289 197 240 230 277
b290 331 474 347 501
b291 219 383 262 411
b292 197 479 236 503
b293 137 357 180 376
b294 214 314 231 340
b295 152 468 195 481
b296 142 99 169 115
b297 66 503 104 534
b298 57 324 90 364
b299 386 300 399 313
