580883.25
870558.5
291208
409 712
53.744711
b0 76 137 103 152
b1 204 104 220 131
b2 309 438 331 464
b3 112 153 157 174
b4 367 577 407 622
b5 0 207 26 223
b6 0 259 38 286
b7 137 48 166 83
b8 224 529 245 565
b9 250 80 275 124
b10 61 640 76 671
b11 0 223 41 247
b12 354 109 371 128
b13 253 289 301 322
b14 125 358 169 379
b15 201 633 235 648
b16 309 548 354 590
b17 352 669 389 710
b18 244 397 288 440
b19 19 413 42 449
b20 331 101 348 114
b21 125 436 169 464
b22 373 363 408 392
b23 236 289 253 329
b24 140 295 158 319
b25 328 289 371 318
b26 88 522 115 540
b27 48 515 88 553
b28 266 440 290 452
b29 181 69 211 98
b30 76 117 104 137
b31 210 427 242 463
b32 61 687 80 709
b33 79 366 125 411
b34 0 0 12 29
b35 0 29 12 55
b36 0 636 27 666
b37 0 55 12 84
b38 41 223 60 244
b39 104 117 117 129
b40 247 622 266 669
b41 201 648 237 667
b42 129 664 154 710
b43 36 58 75 79
b44 378 434 405 458
b45 29 362 54 386
b46 39 585 58 598
b47 56 324 98 364
b48 91 488 119 522
b49 0 534 48 558
b50 312 101 331 115
b51 367 561 381 577
b52 364 239 401 257
b53 0 128 12 164
b54 27 636 61 666
b55 297 244 328 270
b56 156 602 202 633
b57 122 0 169 48
b58 381 551 406 576
b59 266 665 304 712
b60 116 90 155 106
b61 154 264 199 295
b62 309 464 355 500
b63 76 0 122 36
b64 266 452 299 467
b65 372 137 395 150
b66 216 352 258 397
b67 71 244 104 258
b68 379 318 407 363
b69 104 291 140 318
b70 154 194 199 210
b71 48 553 82 585
b72 154 174 186 189
b73 0 247 46 259
b74 113 590 156 624
b75 280 34 317 54
b76 340 318 379 354
b77 21 558 39 598
b78 19 666 61 682
b79 224 578 249 618
b80 166 69 181 105
b81 199 194 214 226
b82 98 449 122 488
b83 183 535 224 572
b84 75 588 113 622
b85 258 352 292 395
b86 125 319 169 358
b87 328 369 373 417
b88 154 210 198 239
b89 216 286 236 328
b90 331 438 377 462
b91 213 243 234 286
b92 24 117 71 162
b93 158 295 178 319
b94 110 648 129 679
b95 125 464 169 501
b96 375 193 408 239
b97 36 22 76 37
b98 46 244 59 279
b99 378 458 395 498
b100 110 189 154 234
b101 0 682 36 712
b102 76 48 116 84
b103 76 640 110 674
b104 267 513 309 527
b105 76 84 111 117
b106 76 36 109 48
b107 276 274 308 289
b108 266 628 304 665
b109 107 249 153 291
b110 156 669 195 711
b111 223 414 244 427
b112 255 162 280 192
b113 255 192 279 228
b114 372 622 406 666
b115 162 126 196 148
b116 185 98 204 126
b117 36 37 75 58
b118 79 411 123 449
b119 280 141 308 186
b120 245 529 281 565
b121 82 554 120 588
b122 120 523 163 543
b123 172 148 208 171
b124 67 449 98 484
b125 220 669 266 711
b126 302 306 324 318
b127 195 669 220 712
b128 281 527 309 571
b129 244 440 266 474
b130 251 565 281 591
b131 12 162 60 207
b132 71 165 110 183
b133 110 234 153 249
b134 13 487 47 534
b135 281 54 326 69
b136 24 0 36 37
b137 202 602 223 630
b138 120 562 162 590
b139 42 413 79 449
b140 0 164 12 207
b141 389 666 408 711
b142 31 598 58 635
b143 257 55 281 80
b144 217 55 257 70
b145 0 487 13 532
b146 169 36 217 69
b147 260 322 302 352
b148 308 270 328 288
b149 302 318 324 365
b150 232 196 255 227
b151 267 495 309 513
b152 0 666 19 682
b153 319 20 360 50
b154 58 585 75 607
b155 112 174 137 188
b156 26 207 54 223
b157 188 243 213 263
b158 309 619 332 632
b159 335 590 367 634
b160 129 648 156 664
b161 169 324 216 370
b162 165 532 183 563
b163 354 528 376 561
b164 15 299 56 335
b165 223 397 244 414
b166 71 210 107 244
b167 292 365 328 402
b168 214 172 255 196
b169 125 379 164 403
b170 0 365 29 410
b171 362 87 402 109
b172 224 565 251 578
b173 212 463 237 495
b174 169 370 212 386
b175 137 174 153 189
b176 60 258 98 291
b177 169 433 210 470
b178 196 131 215 148
b179 318 189 352 235
b180 240 0 280 19
b181 196 572 224 602
b182 111 624 156 648
b183 59 291 98 324
b184 21 449 67 474
b185 29 386 63 413
b186 280 186 313 217
b187 326 50 362 88
b188 236 252 276 289
b189 0 84 12 128
b190 71 183 108 210
b191 280 125 314 141
b192 304 683 352 712
b193 199 226 232 243
b194 61 674 89 687
b195 199 263 212 296
b196 367 0 408 41
b197 178 296 215 324
b198 0 410 19 458
b199 328 235 364 266
b200 275 82 312 125
b201 309 590 335 619
b202 211 70 250 104
b203 345 417 373 432
b204 375 152 408 193
b205 305 632 326 647
b206 373 392 408 434
b207 372 109 405 137
b208 381 531 408 551
b209 156 633 201 669
b210 0 286 24 299
b211 235 631 247 647
b212 303 417 345 438
b213 88 540 120 554
b214 281 571 308 588
b215 0 458 21 487
b216 120 543 162 562
b217 319 0 367 20
b218 0 322 15 365
b219 214 196 232 224
b220 250 125 280 162
b221 21 474 66 487
b222 154 239 188 264
b223 353 128 372 150
b224 117 106 162 127
b225 24 79 71 117
b226 125 420 164 436
b227 61 607 74 639
b228 203 397 223 418
b229 112 129 160 153
b230 163 572 196 602
b231 210 18 240 34
b232 328 266 370 289
b233 356 221 372 234
b234 384 498 402 531
b235 119 501 165 523
b236 15 335 54 362
b237 0 558 21 598
b238 279 217 318 244
b239 36 0 76 22
b240 162 105 185 124
b241 54 364 78 377
b242 283 588 305 628
b243 304 649 341 683
b244 75 152 112 165
b245 370 257 406 281
b246 216 329 260 352
b247 240 19 279 55
b248 313 158 356 189
b249 345 634 372 669
b250 249 591 283 622
b251 169 470 212 504
b252 356 193 375 221
b253 332 634 345 649
b254 223 618 247 631
b255 164 386 203 433
b256 354 561 367 582
b257 125 403 158 420
b258 223 495 267 529
b259 160 148 172 174
b260 24 37 36 56
b261 12 0 24 45
b262 98 318 125 366
b263 362 41 409 87
b264 355 462 378 507
b265 328 354 373 369
b266 309 500 354 548
b267 280 0 319 34
b268 36 682 61 704
b269 74 622 111 640
b270 0 299 15 322
b271 208 148 250 172
b272 234 228 269 252
b273 276 244 297 274
b274 237 474 270 495
b275 186 172 214 194
b276 292 402 323 416
b277 12 45 24 92
b278 312 88 354 101
b279 314 115 353 158
b280 201 504 223 535
b281 210 0 240 18
b282 220 104 250 148
b283 395 137 408 152
b284 354 507 384 528
b285 290 416 303 449
b286 169 0 210 36
b287 116 48 137 90
b288 165 504 201 532
b289 371 281 404 318
b290 324 318 340 345
b291 48 487 91 515
b292 270 467 309 491
b293 356 150 375 193
b294 301 289 327 306
b295 281 69 324 82
b296 63 377 79 404
b297 0 598 31 636
b298 89 679 129 712
b299 38 279 51 292
