255247.25
305289.5
205205
451 455
1.269689
b0 390 108 423 151
b1 253 86 318 123
b2 318 86 371 120
b3 27 333 64 400
b4 371 85 400 104
b5 208 107 247 156
b6 244 336 262 376
b7 323 284 363 306
b8 161 368 223 418
b9 228 336 244 377
b10 171 230 223 248
b11 366 307 425 346
b12 291 359 319 420
b13 47 157 104 205
b14 323 331 366 394
b15 0 400 59 452
b16 241 0 298 36
b17 250 172 316 216
b18 294 38 345 86
b19 390 151 421 201
b20 171 248 208 267
b21 401 44 451 108
b22 345 51 394 85
b23 298 18 347 38
b24 208 79 253 107
b25 0 119 39 173
b26 105 330 160 370
b27 47 86 72 151
b28 0 253 46 292
b29 359 0 421 24
b30 227 230 251 256
b31 315 216 349 242
b32 241 36 294 79
b33 318 155 353 177
b34 135 0 189 27
b35 357 179 388 217
b36 47 0 114 39
b37 64 394 124 414
b38 363 284 420 307
b39 189 0 241 55
b40 81 289 107 318
b41 0 333 27 388
b42 47 205 100 267
b43 366 403 427 449
b44 47 39 112 86
b45 421 0 444 44
b46 319 394 358 416
b47 109 418 174 451
b48 251 216 308 243
b49 0 0 47 65
b50 161 336 228 368
b51 200 298 257 336
b52 0 65 45 119
b53 114 0 135 43
b54 298 0 359 18
b55 112 100 168 134
b56 64 377 127 394
b57 171 121 189 168
b58 127 370 161 416
b59 174 418 224 455
b60 262 336 302 359
b61 227 197 250 230
b62 0 314 60 333
b63 0 173 45 209
b64 380 233 427 283
b65 366 346 422 403
b66 104 195 171 256
b67 72 86 112 130
b68 148 267 200 330
b69 347 24 401 51
b70 208 256 250 298
b71 47 267 111 289
b72 110 134 171 195
b73 224 394 291 455
b74 323 242 361 284
b75 62 289 81 317
b76 250 256 283 278
b77 257 279 323 336
b78 283 243 315 279
b79 189 156 249 197
b80 357 217 415 233
b81 59 414 109 454
b82 114 43 161 100
b83 161 27 177 49
b84 291 420 358 442
b85 323 306 343 331
b86 111 256 148 312
b87 0 209 39 253
b88 353 155 390 179
b89 72 130 110 157
b90 318 179 357 212
b91 171 197 227 230
b92 262 359 288 375
b93 318 120 383 155
b94 64 318 105 377
b95 361 233 380 284
b96 168 55 208 121
b97 224 377 291 394
b98 0 292 62 314
b99 249 123 315 172
