309632.5
417665
201600
448 450
143.715303
b0 246 331 262 367
b1 132 247 171 266
b2 404 0 445 35
b3 364 302 382 349
b4 364 380 390 412
b5 298 116 329 151
b6 329 116 342 145
b7 165 428 193 449
b8 97 206 129 221
b9 199 320 245 354
b10 67 0 112 32
b11 246 250 282 264
b12 91 297 127 339
b13 359 0 404 48
b14 110 63 135 78
b15 97 339 143 384
b16 326 221 348 239
b17 158 300 184 333
b18 203 63 222 97
b19 115 221 127 251
b20 331 416 359 449
b21 287 349 331 388
b22 192 97 218 136
b23 143 363 183 388
b24 148 136 163 161
b25 290 193 326 229
b26 41 341 84 366
b27 28 410 62 425
b28 171 247 209 293
b29 12 299 49 311
b30 379 261 406 278
b31 292 282 329 298
b32 24 49 56 72
b33 209 270 227 306
b34 354 218 373 256
b35 238 30 253 63
b36 414 209 442 221
b37 382 364 403 380
b38 326 390 359 416
b39 382 278 412 320
b40 54 371 95 399
b41 179 74 195 90
b42 163 136 207 155
b43 403 175 443 209
b44 249 264 265 291
b45 56 186 70 223
b46 399 209 414 257
b47 73 318 87 341
b48 179 48 203 74
b49 24 72 64 103
b50 338 185 380 218
b51 414 221 441 269
b52 265 264 292 301
b53 184 155 202 172
b54 380 180 396 223
b55 312 336 358 349
b56 354 256 379 278
b57 299 65 347 84
b58 24 30 65 49
b59 246 145 292 191
b60 97 267 132 297
b61 213 193 246 227
b62 95 384 140 421
b63 67 32 102 47
b64 157 0 204 48
b65 220 0 253 30
b66 66 110 97 141
b67 246 191 290 228
b68 130 421 165 445
b69 380 223 399 261
b70 98 169 112 205
b71 264 78 298 120
b72 314 151 347 185
b73 70 182 88 220
b74 120 94 149 112
b75 97 110 120 137
b76 207 136 219 150
b77 12 259 36 275
b78 213 227 239 270
b79 289 301 326 320
b80 140 405 155 419
b81 128 149 148 181
b82 326 33 359 65
b83 292 263 329 282
b84 359 412 402 449
b85 253 0 301 37
b86 265 301 289 325
b87 417 91 436 136
b88 234 63 262 106
b89 183 354 195 389
b90 12 275 57 299
b91 0 375 28 419
b92 24 103 66 127
b93 67 62 110 83
b94 112 169 128 184
b95 347 149 372 185
b96 196 354 241 379
b97 56 223 84 248
b98 204 0 220 26
b99 12 158 32 195
b100 264 120 291 145
b101 57 248 97 296
b102 329 239 354 277
b103 209 411 241 443
b104 148 161 184 186
b105 372 138 403 180
b106 287 388 326 422
b107 57 296 73 341
b108 65 170 98 182
b109 184 389 196 411
b110 31 366 54 410
b111 184 200 202 213
b112 97 221 115 267
b113 382 336 425 364
b114 165 389 184 428
b115 143 333 180 363
b116 403 408 445 445
b117 219 140 243 177
b118 403 373 442 408
b119 343 113 367 149
b120 67 47 112 62
b121 298 84 343 116
b122 24 0 67 30
b123 165 234 200 247
b124 196 398 235 411
b125 120 112 148 130
b126 92 421 130 449
b127 112 184 136 206
b128 301 0 326 36
b129 371 94 417 138
b130 241 371 286 415
b131 36 141 72 161
b132 382 320 420 336
b133 390 380 402 394
b134 301 36 317 65
b135 184 293 199 330
b136 347 94 371 113
b137 73 296 91 318
b138 62 399 92 421
b139 127 300 158 333
b140 113 78 125 94
b141 262 337 287 371
b142 67 83 113 110
b143 135 48 179 94
b144 72 141 97 170
b145 219 106 264 140
b146 204 30 238 63
b147 24 127 36 158
b148 140 388 165 405
b149 12 195 34 217
b150 84 341 97 371
b151 219 177 246 193
b152 326 0 359 33
b153 12 0 24 40
b154 12 217 56 259
b155 207 150 219 163
b156 196 379 238 398
b157 222 63 234 105
b158 295 320 312 348
b159 129 221 165 245
b160 326 185 338 221
b161 0 356 31 375
b162 265 325 295 337
b163 359 48 406 94
b164 253 415 285 442
b165 331 349 364 390
b166 0 0 12 36
b167 199 306 246 320
b168 412 269 437 306
b169 285 422 331 450
b170 112 0 157 22
b171 326 302 361 336
b172 34 161 65 186
b173 292 151 314 193
b174 425 348 445 373
b175 241 415 253 449
b176 249 291 265 311
b177 112 22 143 43
b178 249 311 265 331
b179 0 311 41 356
b180 180 333 199 354
b181 425 306 440 348
b182 97 137 130 149
b183 262 37 299 53
b184 112 43 131 63
b185 404 35 448 48
b186 165 221 213 234
b187 227 270 249 294
b188 329 278 369 302
b189 97 149 128 169
b190 132 266 169 300
b191 403 138 445 175
b192 184 172 206 200
b193 149 94 192 136
b194 406 48 448 91
b195 262 53 298 78
b196 193 411 209 450
b197 136 186 183 221
b198 246 228 286 250
b199 286 229 326 263
