383197
565694
200700
446 450
174.696675
b0 86 400 122 416
b1 91 0 110 39
b2 36 222 71 263
b3 337 432 384 450
b4 226 96 258 122
b5 200 246 235 277
b6 272 110 285 139
b7 296 268 317 296
b8 122 400 137 432
b9 379 82 413 128
b10 317 0 362 32
b11 193 377 229 391
b12 184 93 226 129
b13 103 126 151 171
b14 272 352 287 377
b15 317 32 362 78
b16 235 333 257 351
b17 151 125 177 158
b18 33 202 67 221
b19 280 256 310 268
b20 72 39 105 67
b21 402 223 441 267
b22 405 375 444 401
b23 137 385 177 410
b24 292 389 307 414
b25 218 391 254 427
b26 359 207 402 232
b27 0 36 34 51
b28 172 180 210 226
b29 0 24 37 36
b30 414 131 441 148
b31 37 162 74 178
b32 64 416 87 448
b33 359 294 395 312
b34 287 352 325 371
b35 67 207 100 222
b36 351 360 379 372
b37 30 413 46 434
b38 0 198 33 224
b39 226 54 256 96
b40 260 311 288 352
b41 288 311 304 327
b42 325 348 344 392
b43 0 298 40 332
b44 66 135 82 162
b45 213 129 250 143
b46 285 118 333 133
b47 66 121 89 135
b48 230 351 254 377
b49 155 278 195 309
b50 357 372 390 414
b51 55 67 103 94
b52 66 94 103 121
b53 371 128 389 145
b54 280 268 296 311
b55 272 139 285 185
b56 389 128 414 150
b57 182 324 230 343
b58 265 415 306 434
b59 110 0 156 46
b60 319 218 349 253
b61 338 106 371 140
b62 110 46 155 83
b63 282 241 317 256
b64 397 267 444 315
b65 42 0 72 33
b66 71 251 102 282
b67 405 401 442 445
b68 156 17 180 52
b69 227 427 265 446
b70 258 74 272 110
b71 359 232 401 266
b72 197 343 230 377
b73 254 352 272 390
b74 46 413 64 442
b75 402 150 425 177
b76 270 215 282 229
b77 25 51 41 75
b78 225 28 268 54
b79 72 0 91 37
b80 338 164 352 179
b81 216 143 236 175
b82 272 0 304 33
b83 206 227 243 246
b84 210 184 247 227
b85 351 312 388 360
b86 392 58 416 82
b87 285 133 330 152
b88 414 88 442 131
b89 122 438 157 450
b90 102 245 147 269
b91 128 335 172 363
b92 0 0 42 24
b93 42 373 85 394
b94 177 363 193 378
b95 193 391 218 427
b96 235 271 280 296
b97 40 263 65 291
b98 425 148 441 174
b99 169 226 206 246
b100 155 309 182 334
b101 184 45 224 93
b102 254 390 292 415
b103 284 209 316 241
b104 0 224 36 249
b105 317 253 359 284
b106 272 76 311 110
b107 0 434 45 450
b108 239 0 272 12
b109 230 377 252 389
b110 0 154 23 198
b111 379 58 392 76
b112 105 83 151 101
b113 336 78 379 106
b114 338 145 377 164
b115 151 88 181 125
b116 409 0 446 42
b117 42 94 66 131
b118 319 179 354 218
b119 37 178 73 202
b120 74 162 89 207
b121 155 246 200 278
b122 359 164 389 207
b123 42 55 55 90
b124 177 156 216 169
b125 287 371 315 389
b126 359 266 397 294
b127 151 158 175 180
b128 0 249 36 274
b129 388 315 434 359
b130 42 328 86 373
b131 42 291 78 311
b132 405 359 443 375
b133 225 0 239 12
b134 71 222 87 251
b135 390 359 405 396
b136 285 152 304 176
b137 147 223 169 241
b138 0 401 30 423
b139 78 282 111 313
b140 304 296 316 312
b141 0 51 25 85
b142 195 278 222 324
b143 402 177 446 223
b144 105 101 134 126
b145 317 303 351 348
b146 285 176 319 209
b147 306 432 337 444
b148 42 311 67 328
b149 174 427 196 449
b150 89 121 102 151
b151 239 12 266 28
b152 87 416 120 449
b153 222 277 234 317
b154 86 313 128 357
b155 304 164 317 176
b156 317 284 359 303
b157 272 64 314 76
b158 156 0 184 17
b159 111 269 147 293
b160 137 426 173 438
b161 247 184 266 215
b162 272 185 284 215
b163 362 0 409 46
b164 181 129 213 156
b165 236 143 269 184
b166 128 293 140 329
b167 103 171 117 218
b168 235 296 260 333
b169 416 42 444 88
b170 102 223 147 245
b171 0 85 34 120
b172 41 131 66 162
b173 0 332 42 354
b174 172 343 197 363
b175 304 152 338 164
b176 256 54 272 74
b177 196 427 227 448
b178 357 414 377 430
b179 184 0 225 45
b180 35 394 56 413
b181 140 293 155 335
b182 362 46 395 58
b183 137 410 174 426
b184 250 122 270 141
b185 117 171 130 215
b186 304 0 317 48
b187 128 363 152 385
b188 0 274 40 298
b189 272 33 292 64
b190 0 120 37 154
b191 243 229 280 271
b192 42 33 70 55
b193 130 180 172 223
b194 86 357 128 400
b195 155 52 180 88
b196 307 389 323 428
b197 0 354 35 401
b198 314 78 336 118
b199 323 392 357 432
