370261.25
550172.5
190350
423 450
79.160922
b0 282 295 318 311
b1 384 100 423 119
b2 250 397 285 438
b3 91 0 138 18
b4 0 190 26 222
b5 215 141 246 176
b6 94 39 123 52
b7 164 122 192 143
b8 172 27 187 59
b9 289 201 335 235
b10 377 215 422 247
b11 288 235 324 249
b12 379 324 421 360
b13 151 185 196 233
b14 0 404 15 429
b15 108 100 153 146
b16 154 24 172 46
b17 24 326 50 359
b18 0 171 34 190
b19 177 373 189 403
b20 321 356 349 389
b21 196 177 240 216
b22 69 277 108 303
b23 20 42 45 82
b24 45 49 60 74
b25 104 238 140 274
b26 92 423 135 448
b27 194 120 228 135
b28 376 360 422 398
b29 187 82 224 94
b30 86 132 103 159
b31 366 259 382 296
b32 125 24 148 56
b33 259 159 295 177
b34 20 82 39 120
b35 384 47 399 80
b36 377 247 405 259
b37 169 233 185 254
b38 202 28 228 61
b39 164 143 194 185
b40 45 132 86 160
b41 277 339 293 355
b42 26 191 45 235
b43 69 196 103 236
b44 37 0 53 27
b45 127 146 164 160
b46 177 325 192 373
b47 137 185 151 208
b48 24 359 50 383
b49 174 257 214 288
b50 277 364 319 397
b51 174 0 222 27
b52 349 329 376 366
b53 349 312 367 329
b54 227 274 243 317
b55 192 94 238 107
b56 265 0 290 22
b57 334 48 382 67
b58 382 259 423 278
b59 282 249 328 295
b60 384 135 414 170
b61 228 107 261 141
b62 384 170 421 215
b63 187 27 202 62
b64 374 0 422 47
b65 144 324 177 354
b66 34 160 65 191
b67 299 70 336 114
b68 328 235 363 259
b69 328 301 347 339
b70 69 160 83 196
b71 52 380 94 414
b72 144 354 177 388
b73 53 0 91 18
b74 321 389 350 407
b75 39 88 66 111
b76 45 74 57 88
b77 350 387 374 403
b78 0 222 26 265
b79 265 22 284 59
b80 52 295 66 310
b81 0 81 20 113
b82 214 241 246 274
b83 0 325 19 362
b84 228 28 265 71
b85 52 343 100 380
b86 154 68 178 92
b87 337 80 382 99
b88 222 0 265 28
b89 0 290 12 325
b90 45 191 69 236
b91 282 311 326 339
b92 0 362 24 404
b93 246 177 289 198
b94 350 259 366 274
b95 83 160 108 196
b96 196 216 241 241
b97 293 339 321 364
b98 108 185 134 201
b99 187 62 224 82
b100 144 233 169 260
b101 334 0 374 48
b102 135 423 173 448
b103 245 364 277 396
b104 20 120 45 156
b105 111 286 142 328
b106 338 199 377 233
b107 258 291 274 336
b108 367 296 379 329
b109 0 149 12 171
b110 202 401 225 445
b111 192 107 210 120
b112 366 99 384 145
b113 68 303 111 331
b114 0 42 19 81
b115 144 260 174 297
b116 0 0 37 42
b117 15 405 52 429
b118 69 238 104 277
b119 138 0 174 24
b120 243 285 258 330
b121 283 114 315 159
b122 20 265 63 295
b123 246 141 259 176
b124 26 251 65 264
b125 258 336 276 364
b126 338 99 366 137
b127 258 269 282 291
b128 69 18 94 54
b129 108 56 154 100
b130 100 350 144 395
b131 384 80 420 100
b132 350 274 366 312
b133 166 109 180 121
b134 185 241 214 257
b135 154 94 191 109
b136 0 429 24 448
b137 154 46 172 68
b138 111 328 141 350
b139 144 388 175 421
b140 246 269 258 285
b141 127 160 161 185
b142 175 403 202 449
b143 290 0 334 46
b144 238 71 263 100
b145 60 54 105 88
b146 193 288 227 321
b147 241 330 253 361
b148 338 137 363 154
b149 24 383 46 405
b150 54 414 67 444
b151 384 119 411 135
b152 286 417 319 450
b153 12 295 52 307
b154 66 88 108 132
b155 154 109 166 122
b156 196 135 215 177
b157 50 331 92 343
b158 321 339 349 356
b159 263 90 299 114
b160 233 361 245 397
b161 108 146 127 177
b162 24 429 54 441
b163 376 398 423 444
b164 144 297 176 324
b165 192 368 233 401
b166 250 438 286 450
b167 362 403 376 450
b168 225 401 250 438
b169 94 395 140 423
b170 315 114 337 159
b171 246 235 281 269
b172 265 59 290 90
b173 328 259 350 301
b174 0 265 20 290
b175 382 278 416 290
b176 45 111 61 131
b177 94 18 125 39
b178 0 113 20 129
b179 338 154 379 199
b180 349 366 368 387
b181 26 236 68 251
b182 108 274 141 286
b183 177 288 193 325
b184 0 129 19 149
b185 228 317 241 361
b186 336 67 384 80
b187 45 27 69 49
b188 290 46 330 70
b189 285 397 316 417
b190 103 201 137 238
b191 246 198 288 235
b192 399 47 421 75
b193 319 407 362 449
b194 295 159 338 201
b195 67 414 92 450
b196 19 310 58 326
b197 193 321 228 368
b198 261 114 283 154
b199 382 290 422 324
