580980.75
848923.5
313038
561 558
381.381055
b0 322 299 337 326
b1 186 113 213 129
b2 65 262 91 284
b3 326 15 371 36
b4 16 378 61 418
b5 545 465 561 491
b6 19 293 57 320
b7 433 83 468 112
b8 163 129 199 150
b9 346 130 390 155
b10 123 55 154 70
b11 129 373 153 414
b12 173 388 190 407
b13 458 344 506 377
b14 361 508 382 552
b15 101 229 135 244
b16 21 151 66 193
b17 390 120 431 157
b18 142 0 186 43
b19 414 350 437 386
b20 154 43 167 60
b21 531 202 559 246
b22 470 284 499 319
b23 344 36 361 76
b24 459 175 477 199
b25 99 312 128 355
b26 174 460 201 478
b27 210 177 250 215
b28 167 43 191 55
b29 530 506 560 535
b30 431 159 459 179
b31 225 456 261 488
b32 463 0 485 19
b33 516 419 561 465
b34 162 316 174 345
b35 429 498 441 524
b36 99 453 126 483
b37 38 86 67 98
b38 349 196 370 215
b39 23 102 36 114
b40 186 0 233 19
b41 0 302 19 338
b42 308 492 333 538
b43 115 16 136 55
b44 376 320 403 344
b45 114 502 139 526
b46 329 473 342 492
b47 199 215 241 255
b48 0 248 34 276
b49 65 412 89 460
b50 259 120 278 134
b51 141 240 155 256
b52 277 368 295 405
b53 0 452 36 464
b54 101 244 135 274
b55 174 339 200 370
b56 313 76 359 107
b57 67 24 115 71
b58 89 483 114 508
b59 522 341 560 388
b60 544 265 560 304
b61 451 423 482 468
b62 241 223 277 269
b63 481 45 517 91
b64 189 419 222 434
b65 503 152 516 175
b66 470 91 515 133
b67 141 302 174 316
b68 509 313 554 341
b69 107 169 134 205
b70 183 255 228 271
b71 0 418 32 452
b72 250 208 282 223
b73 53 228 65 274
b74 43 503 77 546
b75 400 430 437 450
b76 280 172 319 208
b77 516 133 556 151
b78 534 91 550 133
b79 374 344 414 369
b80 277 223 292 259
b81 482 423 497 455
b82 352 297 376 336
b83 0 34 41 71
b84 185 514 219 552
b85 277 334 320 368
b86 516 151 560 190
b87 499 265 544 313
b88 312 128 341 172
b89 99 292 141 312
b90 213 120 259 144
b91 0 133 21 176
b92 232 356 277 403
b93 336 172 356 196
b94 516 388 535 419
b95 400 386 437 430
b96 217 144 263 177
b97 216 19 231 59
b98 61 308 96 321
b99 380 187 420 204
b100 486 506 530 551
b101 295 368 325 404
b102 329 412 369 448
b103 99 419 133 453
b104 262 526 304 540
b105 31 193 64 228
b106 497 401 509 434
b107 149 502 164 534
b108 420 187 457 225
b109 141 256 183 302
b110 311 257 350 299
b111 292 231 313 244
b112 329 448 359 473
b113 101 205 137 229
b114 128 316 162 360
b115 64 195 98 217
b116 123 107 142 135
b117 164 502 185 541
b118 389 276 427 320
b119 277 306 322 334
b120 395 38 431 74
b121 231 55 269 89
b122 186 65 229 85
b123 371 48 394 84
b124 400 450 431 485
b125 517 45 559 91
b126 220 315 232 337
b127 265 442 308 467
b128 222 271 250 315
b129 67 151 101 173
b130 477 175 503 205
b131 512 0 560 45
b132 326 36 344 75
b133 380 237 423 252
b134 277 259 311 306
b135 507 250 552 265
b136 401 225 438 237
b137 380 204 401 232
b138 186 85 228 113
b139 352 261 389 297
b140 265 483 308 495
b141 34 248 53 293
b142 141 213 178 240
b143 41 61 65 86
b144 51 111 66 151
b145 313 15 326 60
b146 459 218 507 251
b147 383 157 425 187
b148 510 232 530 250
b149 352 336 374 383
b150 0 102 23 133
b151 153 370 195 388
b152 499 133 515 152
b153 272 58 313 88
b154 431 0 448 22
b155 437 350 451 375
b156 482 455 510 471
b157 153 388 173 413
b158 23 136 46 149
b159 232 403 276 435
b160 437 323 453 350
b161 142 414 189 460
b162 516 91 534 122
b163 276 420 309 442
b164 0 505 36 546
b165 83 541 104 558
b166 65 337 99 373
b167 195 383 232 419
b168 57 284 98 308
b169 334 215 358 254
b170 329 383 374 412
b171 201 434 223 474
b172 433 112 460 125
b173 470 319 502 344
b174 0 374 16 417
b175 448 0 463 16
b176 425 237 458 275
b177 169 169 210 206
b178 138 182 155 201
b179 174 305 220 339
b180 342 489 382 508
b181 250 177 280 205
b182 67 0 112 24
b183 65 373 98 412
b184 191 19 216 65
b185 451 468 478 502
b186 262 495 295 526
b187 395 0 431 38
b188 43 466 83 503
b189 516 190 560 202
b190 325 326 352 363
b191 65 321 99 337
b192 36 418 65 466
b193 319 172 336 205
b194 108 99 121 127
b195 382 535 415 548
b196 359 448 400 489
b197 225 488 262 516
b198 0 229 48 248
b199 0 193 31 229
b200 270 21 313 58
b201 516 465 545 491
b202 231 21 270 55
b203 108 71 123 99
b204 67 71 108 104
b205 45 40 60 61
b206 464 133 499 175
b207 83 508 111 541
b208 0 0 20 27
b209 65 217 101 262
b210 150 150 174 163
b211 98 274 110 290
b212 261 0 303 21
b213 371 84 403 98
b214 414 323 431 350
b215 178 206 199 235
b216 19 320 61 339
b217 431 450 451 498
b218 516 491 559 506
b219 110 274 138 292
b220 403 83 433 120
b221 509 341 522 386
b222 20 0 45 34
b223 201 474 223 493
b224 308 442 329 487
b225 263 134 310 172
b226 265 467 304 483
b227 137 169 169 182
b228 142 111 163 131
b229 371 0 395 48
b230 486 471 516 504
b231 295 404 325 420
b232 292 208 334 231
b233 126 453 142 466
b234 142 93 175 111
b235 358 215 380 261
b236 485 0 512 39
b237 185 493 225 514
b238 250 269 277 308
b239 45 0 67 40
b240 329 363 352 382
b241 437 375 450 399
b242 67 173 107 195
b243 225 516 262 550
b244 346 155 383 168
b245 389 252 425 276
b246 142 70 186 93
b247 27 339 63 378
b248 229 89 272 120
b249 0 339 27 374
b250 433 125 464 159
b251 278 88 312 131
b252 233 0 261 19
b253 374 369 389 382
b254 129 360 153 373
b255 67 104 106 151
b256 38 98 59 111
b257 361 98 394 115
b258 106 135 150 169
b259 0 276 12 302
b260 114 483 133 495
b261 387 382 399 427
b262 427 275 454 323
b263 382 489 429 535
b264 232 315 277 338
b265 303 0 348 15
b266 441 502 486 550
b267 183 271 222 305
b268 458 401 483 423
b269 123 70 141 107
b270 359 115 382 130
b271 458 377 500 401
b272 114 526 149 550
b273 510 202 531 232
b274 313 107 346 128
b275 23 114 51 136
b276 155 182 169 213
b277 458 284 470 331
b278 155 240 197 253
b279 0 466 43 505
b280 535 388 557 419
b281 230 338 260 356
b282 200 339 230 383
b283 376 297 389 312
b284 99 398 129 419
b285 477 205 510 218
b286 133 466 174 502
b287 223 435 265 456
b288 333 508 361 544
b289 459 251 496 284
b290 356 168 372 195
b291 99 355 127 398
b292 431 59 470 83
b293 174 150 217 169
b294 313 231 330 257
b295 374 382 387 425
b296 115 0 142 16
b297 0 71 38 102
b298 448 19 481 59
b299 336 196 349 209
