567933.25
837414.5
298452
532 561
85.019225
b0 79 180 106 195
b1 372 0 399 16
b2 404 386 430 408
b3 0 145 21 190
b4 323 308 368 348
b5 256 71 282 87
b6 359 184 397 211
b7 229 489 258 524
b8 327 43 348 79
b9 21 531 65 556
b10 22 417 37 448
b11 65 448 89 489
b12 447 232 466 249
b13 139 357 187 390
b14 0 515 21 559
b15 214 527 229 561
b16 362 388 404 433
b17 89 383 126 424
b18 328 0 372 43
b19 179 0 202 36
b20 223 365 240 378
b21 0 229 44 257
b22 30 450 59 485
b23 45 36 85 53
b24 319 220 337 244
b25 299 0 328 43
b26 13 60 31 87
b27 139 317 177 357
b28 297 479 321 491
b29 478 366 508 395
b30 404 344 432 364
b31 327 184 359 220
b32 466 232 488 251
b33 485 48 530 94
b34 245 262 274 274
b35 0 297 26 309
b36 144 522 174 549
b37 239 470 268 482
b38 451 82 470 103
b39 93 310 106 322
b40 192 470 239 489
b41 417 119 436 155
b42 133 0 179 25
b43 101 63 140 84
b44 140 238 167 262
b45 0 273 25 297
b46 13 309 26 328
b47 256 87 296 129
b48 273 518 301 552
b49 221 218 245 266
b50 325 412 344 426
b51 302 357 316 373
b52 325 394 362 412
b53 323 295 359 307
b54 268 336 302 366
b55 372 117 398 148
b56 13 110 59 141
b57 447 319 495 366
b58 475 395 500 420
b59 202 0 249 38
b60 364 270 403 286
b61 498 500 529 545
b62 210 154 256 190
b63 26 274 72 310
b64 301 512 334 527
b65 0 257 23 270
b66 327 118 372 160
b67 37 417 51 450
b68 75 338 103 383
b69 256 44 292 71
b70 397 157 413 202
b71 46 174 78 208
b72 221 266 236 298
b73 281 199 327 211
b74 213 120 256 154
b75 119 240 139 277
b76 407 287 446 323
b77 414 411 432 451
b78 212 38 254 54
b79 46 208 86 233
b80 403 272 439 287
b81 74 323 106 338
b82 348 43 372 82
b83 495 289 532 330
b84 192 489 226 527
b85 451 0 485 43
b86 214 76 253 120
b87 401 0 449 45
b88 177 306 221 335
b89 131 410 151 452
b90 37 485 61 531
b91 119 197 140 240
b92 487 94 532 141
b93 430 391 454 411
b94 487 196 518 215
b95 176 104 213 148
b96 175 273 221 306
b97 355 373 395 388
b98 140 262 175 275
b99 398 117 415 157
b100 254 0 299 44
b101 372 87 408 117
b102 327 82 367 118
b103 94 112 128 146
b104 432 323 446 365
b105 59 107 94 140
b106 100 277 133 289
b107 281 211 313 226
b108 409 235 447 272
b109 59 61 101 107
b110 343 433 385 472
b111 241 364 262 377
b112 334 512 364 537
b113 273 482 297 518
b114 89 146 133 180
b115 273 448 295 482
b116 100 235 119 263
b117 404 365 443 386
b118 412 515 450 559
b119 147 461 192 489
b120 187 335 223 371
b121 319 244 353 282
b122 190 148 210 191
b123 413 172 449 195
b124 192 405 227 436
b125 89 424 131 470
b126 164 123 176 145
b127 0 19 43 44
b128 46 310 74 354
b129 0 417 22 451
b130 171 74 197 104
b131 487 452 532 500
b132 223 326 241 365
b133 258 482 273 525
b134 417 72 451 119
b135 236 274 281 289
b136 163 275 175 312
b137 404 323 432 344
b138 501 409 529 451
b139 368 308 404 345
b140 300 89 312 132
b141 0 0 45 19
b142 187 378 224 405
b143 140 123 164 148
b144 312 89 327 129
b145 0 60 13 105
b146 379 512 412 560
b147 295 437 325 479
b148 432 451 452 469
b149 140 148 162 195
b150 140 25 171 48
b151 405 217 447 235
b152 228 415 247 431
b153 140 48 170 89
b154 197 74 214 96
b155 256 129 281 143
b156 31 60 59 76
b157 126 390 151 410
b158 332 537 345 560
b159 100 504 144 536
b160 241 289 268 305
b161 414 469 461 515
b162 450 181 481 199
b163 228 448 261 470
b164 171 38 212 74
b165 93 289 110 310
b166 192 436 228 470
b167 245 226 282 262
b168 196 191 220 232
b169 451 43 475 82
b170 469 500 498 545
b171 432 411 454 451
b172 0 105 13 132
b173 446 366 478 391
b174 46 141 89 157
b175 23 257 38 273
b176 86 197 119 235
b177 51 407 88 448
b178 125 536 142 555
b179 175 239 221 273
b180 74 283 93 323
b181 98 31 126 61
b182 372 16 396 61
b183 147 489 186 522
b184 358 348 404 373
b185 140 89 167 123
b186 282 226 313 259
b187 151 390 187 428
b188 285 400 325 437
b189 454 421 466 465
b190 281 172 318 199
b191 245 385 279 401
b192 110 289 139 337
b193 417 155 450 172
b194 221 298 234 326
b195 325 348 358 361
b196 447 251 488 292
b197 162 148 190 185
b198 177 191 196 239
b199 45 0 76 36
b200 140 195 177 238
b201 372 61 401 87
b202 488 250 522 289
b203 47 354 75 369
b204 151 428 192 461
b205 89 470 110 485
b206 488 215 530 250
b207 101 84 134 112
b208 241 344 268 364
b209 103 338 139 383
b210 386 499 410 512
b211 401 72 417 84
b212 47 386 89 407
b213 487 420 501 452
b214 47 369 74 386
b215 256 143 277 172
b216 302 315 321 357
b217 80 235 100 283
b218 364 511 379 554
b219 325 426 343 454
b220 0 485 37 515
b221 33 310 46 355
b222 46 233 80 258
b223 262 366 284 385
b224 487 141 532 162
b225 247 401 285 448
b226 0 44 39 60
b227 126 31 139 63
b228 281 315 301 336
b229 257 172 281 220
b230 325 361 355 394
b231 466 463 482 493
b232 508 354 531 396
b233 33 355 46 371
b234 321 479 339 512
b235 305 43 327 89
b236 241 305 268 344
b237 174 527 214 548
b238 284 373 323 400
b239 281 293 321 315
b240 345 537 364 560
b241 0 309 13 333
b242 214 54 254 76
b243 110 470 147 504
b244 268 289 281 326
b245 495 330 531 354
b246 13 87 57 110
b247 451 142 487 181
b248 76 0 119 31
b249 401 45 436 72
b250 301 527 332 561
b251 487 162 530 196
b252 450 515 469 543
b253 500 396 515 409
b254 436 119 449 143
b255 339 472 386 511
b256 85 31 98 52
b257 46 157 79 174
b258 229 525 273 559
b259 0 472 26 484
b260 300 132 319 144
b261 144 549 189 561
b262 447 292 495 319
b263 0 371 47 417
b264 364 247 409 270
b265 469 545 514 560
b266 485 0 530 48
b267 451 103 485 142
b268 372 148 394 173
b269 227 378 245 415
b270 386 476 401 499
b271 139 275 163 317
b272 65 489 100 513
b273 0 451 30 472
b274 374 287 407 308
b275 300 144 322 172
b276 119 0 133 31
b277 21 141 33 188
b278 292 44 305 86
b279 0 190 43 229
b280 413 195 444 217
b281 95 536 125 554
b282 65 513 95 557
b283 359 295 374 308
b284 454 391 475 421
b285 33 141 46 174
b286 364 211 405 247
b287 466 421 487 463
b288 221 190 257 218
b289 0 333 33 370
b290 38 258 65 274
b291 386 433 414 476
b292 322 160 361 184
b293 281 129 300 172
b294 106 180 132 197
b295 321 282 364 295
b296 337 220 364 236
b297 281 262 319 293
b298 447 199 487 232
b299 0 132 13 145
