251201.5
299018
203385
447 455
2.371694
b0 233 0 266 43
b1 266 0 331 37
b2 20 43 54 96
b3 196 0 233 67
b4 359 411 378 440
b5 58 172 107 211
b6 0 380 40 398
b7 266 37 306 59
b8 194 84 244 146
b9 235 230 251 271
b10 182 293 234 311
b11 58 312 117 351
b12 267 198 295 259
b13 255 59 303 116
b14 0 0 63 43
b15 144 0 196 59
b16 346 354 382 411
b17 303 88 369 132
b18 97 351 145 402
b19 382 408 432 439
b20 309 391 346 410
b21 244 405 308 455
b22 207 400 241 449
b23 0 43 20 92
b24 244 170 289 198
b25 147 86 186 140
b26 154 233 194 288
b27 303 132 328 197
b28 194 146 240 185
b29 348 0 372 62
b30 382 384 408 408
b31 358 194 384 228
b32 0 280 53 323
b33 0 323 35 345
b34 184 311 238 338
b35 63 0 94 38
b36 58 351 97 418
b37 0 92 20 152
b38 35 323 58 380
b39 382 282 434 337
b40 107 166 136 192
b41 139 59 194 86
b42 191 338 244 400
b43 145 341 191 402
b44 382 337 447 384
b45 42 109 86 132
b46 251 259 290 281
b47 117 291 182 324
b48 244 116 301 143
b49 385 156 432 221
b50 200 198 267 230
b51 328 156 385 194
b52 94 37 139 91
b53 244 323 287 344
b54 86 109 147 127
b55 0 246 56 280
b56 331 0 348 63
b57 94 91 141 109
b58 154 199 200 233
b59 94 0 144 37
b60 107 143 147 166
b61 0 345 23 378
b62 363 228 382 288
b63 331 299 376 335
b64 97 402 144 452
b65 0 398 57 454
b66 372 0 433 67
b67 58 132 102 172
b68 144 402 207 454
b69 244 143 298 170
b70 107 192 149 234
b71 20 96 42 160
b72 244 344 305 405
b73 369 89 430 156
b74 271 281 309 323
b75 346 335 374 354
b76 385 221 418 243
b77 301 197 358 263
b78 331 263 363 299
b79 194 233 235 293
b80 0 193 58 209
b81 309 411 359 451
b82 107 234 154 291
b83 233 68 255 84
b84 309 263 331 330
b85 233 43 253 68
b86 309 335 346 391
b87 385 243 429 282
b88 325 63 362 87
b89 244 281 271 319
b90 58 418 97 451
b91 0 160 56 193
b92 107 127 133 143
b93 0 211 65 246
b94 149 140 190 199
b95 306 37 325 88
b96 54 43 94 109
b97 117 324 184 341
b98 369 67 431 89
b99 58 246 107 312
