1838768
2702564
974972
284 3433
636.848025
b0 55 3303 82 3318
b1 177 1909 204 1925
b2 73 2519 95 2545
b3 159 691 180 736
b4 13 3234 53 3279
b5 73 1517 89 1543
b6 93 1222 131 1249
b7 92 2564 127 2593
b8 165 624 186 660
b9 64 2482 108 2507
b10 199 118 214 149
b11 213 0 254 24
b12 18 2631 35 2650
b13 126 1569 159 1617
b14 189 1349 233 1370
b15 31 2616 65 2631
b16 77 0 122 42
b17 65 2093 106 2130
b18 164 1250 207 1294
b19 84 2293 120 2316
b20 112 2365 125 2382
b21 134 875 162 919
b22 145 468 180 497
b23 155 263 195 280
b24 35 2173 53 2197
b25 168 2113 197 2156
b26 19 2197 46 2215
b27 211 243 249 283
b28 140 1249 164 1261
b29 60 1870 89 1900
b30 65 1371 85 1399
b31 201 61 233 97
b32 0 0 19 22
b33 60 2349 105 2395
b34 64 2507 93 2519
b35 118 2106 130 2132
b36 224 283 251 313
b37 69 2808 81 2837
b38 60 1728 81 1747
b39 201 0 213 13
b40 172 1156 191 1203
b41 31 3099 67 3118
b42 160 1294 206 1319
b43 201 97 240 118
b44 106 2082 133 2106
b45 165 238 189 263
b46 159 404 178 417
b47 131 1076 173 1116
b48 134 919 162 953
b49 96 1848 120 1896
b50 21 2988 40 3002
b51 146 1909 160 1925
b52 162 892 199 910
b53 93 1249 129 1261
b54 71 3041 101 3075
b55 42 921 68 952
b56 42 2012 88 2043
b57 123 1028 170 1076
b58 71 3075 96 3100
b59 87 873 134 911
b60 60 2395 99 2411
b61 105 1524 136 1569
b62 187 766 233 802
b63 130 1445 166 1491
b64 117 762 150 777
b65 104 681 117 704
b66 102 1116 144 1161
b67 95 1934 109 1967
b68 75 1967 103 2012
b69 64 2981 100 3008
b70 40 2988 56 3033
b71 120 2293 154 2325
b72 140 1234 172 1249
b73 201 197 213 243
b74 21 2954 64 2988
b75 21 3341 41 3378
b76 111 624 150 660
b77 107 2275 147 2293
b78 146 1862 188 1878
b79 31 3074 71 3099
b80 165 0 201 15
b81 82 2616 97 2648
b82 179 425 218 449
b83 160 987 197 1028
b84 77 42 111 80
b85 48 2130 82 2173
b86 198 802 237 846
b87 42 873 87 921
b88 77 795 106 839
b89 157 558 177 600
b90 13 3279 59 3303
b91 77 660 120 681
b92 60 1470 105 1517
b93 75 1934 95 1958
b94 164 2094 195 2113
b95 42 1399 86 1436
b96 111 532 157 565
b97 168 296 208 311
b98 145 497 158 532
b99 122 417 162 434
b100 60 1761 104 1806
b101 120 726 150 762
b102 69 2733 109 2769
b103 145 434 179 468
b104 188 1335 230 1349
b105 42 0 77 33
b106 81 1728 93 1761
b107 60 2564 92 2579
b108 87 1161 124 1199
b109 18 2215 60 2261
b110 68 1286 107 1328
b111 18 2480 31 2501
b112 73 1636 103 1661
b113 162 844 198 868
b114 180 449 214 493
b115 111 434 145 456
b116 31 2480 59 2499
b117 103 1636 142 1657
b118 240 313 284 351
b119 138 1747 166 1792
b120 60 1834 96 1870
b121 21 3303 55 3341
b122 122 0 165 20
b123 19 0 42 36
b124 97 2593 128 2628
b125 127 1820 173 1862
b126 0 3378 22 3390
b127 105 1403 130 1446
b128 60 1806 104 1834
b129 59 2594 93 2616
b130 157 532 187 558
b131 21 2689 69 2734
b132 82 2694 100 2733
b133 147 2712 162 2755
b134 104 1732 138 1779
b135 74 2837 119 2852
b136 122 404 159 416
b137 0 2689 21 2717
b138 198 691 240 719
b139 73 1661 109 1698
b140 0 3390 12 3433
b141 106 2151 125 2196
b142 213 24 240 61
b143 124 1161 148 1186
b144 107 2196 122 2236
b145 155 280 168 325
b146 42 2060 90 2093
b147 130 1403 160 1445
b148 109 2727 127 2747
b149 233 61 280 83
b150 74 2852 97 2883
b151 0 22 18 64
b152 60 1900 76 1919
b153 60 1698 101 1728
b154 146 1491 168 1508
b155 68 1222 93 1236
b156 214 118 242 134
b157 133 2094 153 2119
b158 42 952 65 965
b159 106 795 150 827
b160 105 2349 132 2365
b161 60 2173 106 2220
b162 80 2430 111 2448
b163 111 2447 144 2469
b164 47 3177 83 3218
b165 107 2239 128 2256
b166 165 15 199 51
b167 110 3080 146 3117
b168 21 3033 45 3074
b169 122 41 146 80
b170 19 2093 48 2138
b171 52 2837 74 2877
b172 101 1698 128 1711
b173 161 1508 186 1540
b174 188 1319 231 1335
b175 86 1376 101 1392
b176 89 1896 122 1934
b177 19 1511 60 1548
b178 13 3110 30 3129
b179 18 2411 64 2445
b180 186 558 205 598
b181 128 1792 158 1820
b182 162 868 207 892
b183 154 766 187 805
b184 146 379 192 404
b185 119 2747 146 2781
b186 71 3008 102 3041
b187 191 1028 227 1066
b188 123 987 160 1027
b189 133 2082 177 2094
b190 64 2954 101 2981
b191 195 243 211 277
b192 199 149 228 197
b193 42 1919 75 1936
b194 195 283 223 296
b195 80 2469 113 2482
b196 19 1470 60 1511
b197 89 1569 126 1597
b198 64 2411 112 2430
b199 0 3074 31 3110
b200 97 2657 140 2694
b201 97 2628 123 2657
b202 89 1597 123 1636
b203 87 911 102 939
b204 105 1491 146 1524
b205 35 2631 56 2646
b206 18 2445 60 2480
b207 128 1657 161 1685
b208 77 681 104 701
b209 146 343 191 379
b210 191 311 204 335
b211 108 2482 124 2494
b212 102 911 123 953
b213 95 2507 127 2521
b214 187 493 204 520
b215 102 1076 131 1097
b216 73 2545 115 2564
b217 134 827 154 875
b218 125 2365 168 2380
b219 155 325 183 343
b220 52 2917 82 2954
b221 69 2616 82 2661
b222 90 1261 124 1286
b223 31 3118 53 3137
b224 179 404 224 425
b225 128 2469 175 2507
b226 30 3218 69 3234
b227 143 2400 156 2432
b228 125 2380 146 2400
b229 93 1328 117 1376
b230 84 2316 114 2349
b231 53 3143 69 3173
b232 87 1199 129 1222
b233 102 2931 118 2944
b234 198 719 231 737
b235 111 565 133 611
b236 69 2769 96 2808
b237 52 2877 73 2917
b238 101 3041 128 3080
b239 106 2060 146 2082
b240 96 2769 119 2788
b241 60 1517 73 1541
b242 31 3137 53 3177
b243 77 839 114 873
b244 112 2434 149 2447
b245 133 600 169 624
b246 19 1548 42 1592
b247 154 805 190 844
b248 146 1878 189 1909
b249 105 1376 140 1403
b250 112 2400 143 2434
b251 134 953 177 987
b252 254 0 273 28
b253 82 2648 97 2661
b254 104 1779 128 1792
b255 53 3234 100 3273
b256 0 3303 21 3316
b257 30 3177 47 3210
b258 42 1436 86 1470
b259 101 2904 127 2916
b260 140 1261 159 1273
b261 106 2106 118 2151
b262 131 1186 158 1234
b263 60 2220 107 2266
b264 120 660 165 683
b265 102 2916 147 2931
b266 88 2012 133 2060
b267 18 2650 52 2689
b268 104 1792 126 1817
b269 104 777 141 795
b270 138 1732 161 1747
b271 122 2196 164 2220
b272 60 2266 84 2301
b273 67 3113 88 3143
b274 122 20 155 41
b275 68 1236 90 1264
b276 96 1834 127 1848
b277 172 1203 184 1250
b278 0 3110 13 3152
b279 120 683 159 726
b280 21 2734 52 2756
b281 122 2694 152 2712
b282 154 736 198 766
b283 60 2579 73 2594
b284 73 2883 103 2904
b285 109 2694 122 2727
b286 165 197 201 238
b287 101 1711 143 1732
b288 128 2239 156 2275
b289 22 3378 55 3415
b290 19 2138 35 2165
b291 65 1328 93 1371
b292 231 846 255 885
b293 122 2220 165 2239
b294 48 2093 65 2119
b295 67 3100 110 3113
b296 64 2430 80 2457
b297 165 660 203 691
b298 148 1116 181 1156
b299 60 2519 73 2532
