1191877
1725606
658148
274 2402
262.010677
b0 125 380 161 396
b1 194 896 213 935
b2 82 1548 123 1583
b3 85 1260 103 1307
b4 125 1381 151 1413
b5 140 527 175 558
b6 156 1733 185 1746
b7 106 1260 134 1281
b8 74 2005 106 2020
b9 143 0 189 34
b10 0 2165 45 2197
b11 127 711 141 747
b12 43 1765 79 1807
b13 123 2011 171 2056
b14 15 2197 30 2222
b15 185 1058 230 1104
b16 141 636 159 658
b17 30 2284 63 2310
b18 79 1841 113 1860
b19 87 1903 117 1915
b20 97 1188 125 1221
b21 62 1650 106 1689
b22 186 964 212 1003
b23 164 465 204 490
b24 38 2114 63 2129
b25 40 1689 76 1725
b26 175 271 218 296
b27 79 1941 113 1956
b28 113 1941 159 1979
b29 164 490 176 527
b30 218 144 235 171
b31 87 1925 124 1941
b32 83 2064 106 2096
b33 107 968 125 1004
b34 134 1219 153 1257
b35 114 1682 129 1715
b36 117 792 145 804
b37 37 2050 53 2071
b38 178 753 211 779
b39 185 1104 215 1146
b40 129 1832 157 1873
b41 79 1798 95 1814
b42 156 271 175 315
b43 85 0 125 34
b44 85 839 112 855
b45 153 599 167 636
b46 146 949 194 964
b47 150 451 173 465
b48 129 1806 153 1832
b49 0 0 40 31
b50 101 1413 134 1455
b51 189 0 216 48
b52 152 1091 179 1128
b53 157 1473 174 1491
b54 231 0 274 16
b55 24 1786 37 1832
b56 156 355 178 380
b57 146 964 165 1012
b58 85 34 104 75
b59 85 867 131 913
b60 95 1806 125 1841
b61 129 1699 162 1733
b62 37 2005 74 2050
b63 116 619 131 654
b64 185 1662 232 1710
b65 143 34 173 67
b66 114 1733 145 1764
b67 45 2214 89 2251
b68 79 1721 114 1745
b69 98 724 117 762
b70 116 1091 152 1105
b71 201 355 243 389
b72 45 2165 79 2198
b73 125 0 143 38
b74 53 2064 82 2082
b75 15 2310 38 2337
b76 153 1058 167 1070
b77 140 465 164 481
b78 150 1413 176 1456
b79 123 1548 142 1585
b80 24 2114 38 2129
b81 124 1764 156 1784
b82 235 16 267 49
b83 138 1662 157 1699
b84 208 613 251 650
b85 40 1307 88 1344
b86 82 1480 106 1504
b87 141 722 186 741
b88 106 1326 134 1369
b89 179 192 191 227
b90 40 41 85 65
b91 43 1860 87 1888
b92 148 698 190 722
b93 0 1765 43 1786
b94 85 1221 100 1237
b95 43 1888 79 1913
b96 122 1281 147 1326
b97 112 839 137 867
b98 106 1281 122 1307
b99 104 599 141 619
b100 104 655 131 680
b101 161 380 201 428
b102 43 1913 68 1951
b103 76 1689 108 1721
b104 176 330 212 355
b105 139 1145 181 1176
b106 204 451 238 490
b107 139 1326 184 1342
b108 43 1993 76 2005
b109 124 1784 136 1806
b110 161 428 205 451
b111 138 1646 156 1659
b112 141 903 159 949
b113 173 164 216 192
b114 107 949 146 968
b115 141 839 178 869
b116 88 1369 125 1411
b117 0 1786 24 1823
b118 140 564 179 599
b119 24 2129 48 2165
b120 0 2197 15 2242
b121 127 747 159 792
b122 114 1616 157 1646
b123 85 724 98 759
b124 100 1221 113 1260
b125 88 1307 106 1335
b126 63 2114 101 2142
b127 117 1903 141 1925
b128 88 1455 124 1480
b129 106 1480 150 1526
b130 79 2142 123 2187
b131 104 467 140 487
b132 173 148 211 164
b133 125 1369 139 1381
b134 37 2082 66 2098
b135 216 0 231 37
b136 0 2383 24 2402
b137 106 1993 128 2011
b138 106 1526 136 1548
b139 134 1188 167 1219
b140 167 1176 179 1192
b141 81 1616 106 1650
b142 0 2337 27 2383
b143 143 227 189 271
b144 125 396 150 425
b145 79 1764 124 1798
b146 141 869 174 903
b147 85 1091 97 1122
b148 79 1956 96 1981
b149 27 2337 49 2359
b150 88 1411 101 1441
b151 79 2187 95 2214
b152 45 2251 78 2284
b153 211 132 251 144
b154 85 680 127 724
b155 141 599 153 612
b156 174 1473 193 1515
b157 68 1981 110 1993
b158 157 1456 185 1473
b159 114 1646 138 1682
b160 104 619 116 655
b161 153 1784 172 1815
b162 178 741 208 753
b163 189 85 235 132
b164 174 869 206 896
b165 82 1583 123 1616
b166 143 192 179 204
b167 170 599 217 613
b168 116 1066 153 1091
b169 157 1515 203 1543
b170 85 913 107 958
b171 175 296 210 330
b172 85 1066 116 1091
b173 40 1344 82 1366
b174 107 1046 132 1066
b175 107 913 141 925
b176 189 132 209 148
b177 127 680 148 711
b178 63 2098 83 2114
b179 40 0 85 41
b180 62 1366 81 1387
b181 125 425 140 467
b182 153 1046 186 1058
b183 156 1646 193 1662
b184 156 330 176 349
b185 74 2020 87 2064
b186 216 37 229 85
b187 89 2214 111 2238
b188 116 1105 140 1145
b189 125 271 156 291
b190 125 1012 162 1046
b191 175 527 217 564
b192 40 1366 62 1394
b193 87 1860 129 1903
b194 97 1145 139 1188
b195 230 650 255 686
b196 24 2098 63 2114
b197 98 804 145 839
b198 148 658 170 698
b199 40 1725 74 1765
