381324.25
561948.5
200700
446 450
55.801927
b0 0 34 36 50
b1 338 264 377 283
b2 319 308 354 349
b3 98 202 116 249
b4 295 111 327 137
b5 368 56 399 91
b6 208 285 237 298
b7 204 323 232 344
b8 184 134 199 166
b9 225 0 271 34
b10 280 79 325 111
b11 39 257 75 271
b12 202 381 244 417
b13 274 289 319 337
b14 283 184 298 209
b15 184 166 230 211
b16 0 354 22 372
b17 0 308 26 341
b18 377 142 396 176
b19 227 133 257 145
b20 0 255 33 283
b21 39 42 83 81
b22 244 335 270 374
b23 51 0 76 40
b24 0 169 15 194
b25 356 301 392 337
b26 375 339 418 364
b27 392 280 426 295
b28 399 0 437 46
b29 106 45 118 82
b30 170 373 187 400
b31 244 374 281 390
b32 0 379 32 402
b33 131 241 167 259
b34 140 34 178 53
b35 368 93 401 108
b36 197 0 225 12
b37 295 337 311 358
b38 0 110 33 136
b39 76 0 106 42
b40 106 324 147 352
b41 249 226 265 242
b42 22 360 66 379
b43 316 28 350 68
b44 303 403 330 419
b45 377 264 391 301
b46 170 358 218 373
b47 384 225 407 239
b48 384 201 410 225
b49 39 126 70 166
b50 202 417 244 450
b51 336 416 384 443
b52 363 0 390 37
b53 415 93 432 111
b54 39 214 55 257
b55 170 251 183 297
b56 410 201 435 223
b57 351 37 399 56
b58 283 143 302 184
b59 338 190 384 236
b60 44 325 74 360
b61 0 136 34 169
b62 237 290 274 335
b63 75 319 90 354
b64 39 166 86 214
b65 112 140 145 170
b66 305 419 336 450
b67 244 390 281 434
b68 197 12 221 47
b69 419 339 438 377
b70 302 137 316 173
b71 106 282 140 324
b72 249 243 282 277
b73 152 384 170 422
b74 147 316 165 345
b75 257 79 280 106
b76 267 277 281 289
b77 168 205 184 229
b78 184 108 227 134
b79 226 145 263 164
b80 26 325 41 339
b81 353 383 373 415
b82 170 415 202 448
b83 227 59 264 78
b84 55 214 98 251
b85 188 211 236 248
b86 281 419 305 443
b87 182 64 227 83
b88 83 86 111 129
b89 39 0 51 35
b90 86 153 110 198
b91 126 422 170 450
b92 70 129 112 153
b93 106 396 149 417
b94 355 110 370 126
b95 298 227 323 263
b96 303 358 328 403
b97 327 110 355 135
b98 218 365 244 381
b99 66 406 103 426
b100 225 34 252 59
b101 142 53 182 101
b102 328 349 353 387
b103 263 111 295 143
b104 270 337 295 373
b105 75 251 117 282
b106 0 0 39 34
b107 106 0 122 45
b108 351 0 363 33
b109 385 176 397 198
b110 83 42 106 86
b111 249 277 267 290
b112 122 0 140 46
b113 126 171 169 199
b114 316 137 355 156
b115 140 259 170 296
b116 207 248 249 285
b117 68 426 105 450
b118 0 75 39 110
b119 183 251 207 287
b120 323 227 338 272
b121 0 402 32 447
b122 227 78 257 121
b123 424 123 437 158
b124 169 166 182 205
b125 333 0 351 28
b126 0 227 38 255
b127 370 108 392 132
b128 112 104 137 140
b129 392 295 438 339
b130 39 81 83 126
b131 15 169 35 205
b132 271 0 287 38
b133 401 93 415 105
b134 330 387 346 416
b135 182 0 197 37
b136 353 364 377 383
b137 170 229 188 251
b138 0 205 30 227
b139 316 156 349 187
b140 432 93 444 109
b141 182 83 216 108
b142 287 0 333 27
b143 106 352 152 396
b144 183 287 208 316
b145 236 164 270 209
b146 265 209 298 243
b147 415 111 446 123
b148 236 209 261 226
b149 282 263 304 285
b150 112 91 142 104
b151 397 142 424 158
b152 32 379 65 412
b153 66 394 106 406
b154 31 283 75 325
b155 110 190 123 202
b156 377 364 419 383
b157 170 297 182 339
b158 182 47 210 64
b159 32 426 68 450
b160 349 178 385 190
b161 392 123 423 142
b162 232 335 244 365
b163 385 383 432 429
b164 199 134 226 166
b165 392 247 433 280
b166 145 135 157 171
b167 117 202 131 249
b168 319 283 356 308
b169 338 236 384 264
b170 118 46 140 91
b171 142 101 177 135
b172 0 283 31 308
b173 182 316 204 358
b174 208 298 228 323
b175 227 121 261 133
b176 110 170 126 190
b177 105 417 126 448
b178 263 143 283 159
b179 271 38 316 79
b180 354 337 375 356
b181 187 373 202 415
b182 373 383 385 416
b183 75 282 91 319
b184 147 296 166 316
b185 0 341 44 354
b186 270 159 283 207
b187 407 225 431 247
b188 302 187 326 227
b189 157 135 177 166
b190 140 0 177 34
b191 131 199 168 241
b192 349 156 377 178
b193 397 158 439 201
b194 325 68 368 110
b195 0 50 36 75
b196 152 345 168 384
b197 399 46 434 93
b198 281 373 303 413
b199 66 360 106 394
