1099524.75
1619490.5
579559
251 2309
311.883557
b0 98 1807 134 1823
b1 205 758 224 797
b2 164 911 205 946
b3 89 898 107 945
b4 132 794 158 826
b5 103 1136 138 1167
b6 84 745 113 758
b7 56 1934 84 1955
b8 31 1827 63 1842
b9 37 2039 83 2073
b10 37 652 82 684
b11 92 260 106 296
b12 105 0 141 42
b13 60 1492 108 1537
b14 15 1193 30 1218
b15 31 1781 76 1827
b16 145 955 163 977
b17 82 1352 115 1378
b18 60 792 94 811
b19 141 124 171 136
b20 158 1292 186 1325
b21 179 35 223 74
b22 56 1955 82 1994
b23 76 1781 116 1806
b24 115 620 140 635
b25 93 1904 129 1940
b26 110 1378 153 1403
b27 31 1648 65 1663
b28 120 243 166 281
b29 146 179 158 216
b30 119 891 136 918
b31 0 2293 37 2309
b32 61 1994 84 2026
b33 77 556 95 592
b34 141 63 160 101
b35 132 692 147 725
b36 55 1414 83 1426
b37 189 946 205 967
b38 76 1828 109 1854
b39 55 1450 85 1492
b40 45 2229 73 2270
b41 42 2117 58 2133
b42 37 2073 56 2117
b43 65 1654 105 1688
b44 97 652 124 668
b45 125 1492 139 1529
b46 68 1889 116 1904
b47 102 1854 125 1868
b48 31 1914 55 1940
b49 15 1162 55 1193
b50 153 1215 186 1257
b51 84 1998 111 2046
b52 144 1440 171 1477
b53 158 1257 175 1275
b54 93 1004 136 1020
b55 68 78 81 124
b56 124 635 146 660
b57 124 505 143 553
b58 37 1940 56 1981
b59 77 1704 123 1750
b60 15 1572 45 1607
b61 72 758 105 792
b62 95 556 132 601
b63 175 1257 190 1292
b64 45 1572 92 1620
b65 89 865 119 898
b66 73 1241 104 1272
b67 179 140 223 177
b68 89 505 124 529
b69 83 2046 102 2084
b70 153 1161 189 1175
b71 103 1102 145 1136
b72 89 832 123 865
b73 0 1970 18 2008
b74 37 2166 66 2184
b75 37 718 60 745
b76 135 293 149 305
b77 37 1994 61 2010
b78 149 136 175 179
b79 103 1167 122 1204
b80 93 1940 107 1955
b81 15 839 47 859
b82 147 692 179 725
b83 80 1272 99 1309
b84 132 553 175 590
b85 110 1403 158 1440
b86 18 2185 42 2209
b87 159 794 204 813
b88 84 1955 112 1998
b89 65 1688 77 1723
b90 58 1132 103 1156
b91 105 136 149 164
b92 82 694 124 718
b93 89 811 132 832
b94 58 1156 73 1172
b95 132 769 168 794
b96 71 1032 96 1077
b97 116 1779 141 1807
b98 97 668 113 694
b99 56 1914 93 1934
b100 138 1136 165 1161
b101 37 461 77 509
b102 68 423 93 461
b103 124 660 156 692
b104 81 1077 117 1102
b105 65 1750 107 1781
b106 47 1077 81 1116
b107 175 124 220 140
b108 141 1704 174 1716
b109 112 341 124 363
b110 141 101 185 124
b111 61 2026 79 2039
b112 115 1241 133 1287
b113 37 811 80 839
b114 63 1854 102 1873
b115 0 1940 37 1970
b116 68 0 105 42
b117 18 2117 42 2154
b118 212 0 251 35
b119 83 1414 107 1450
b120 0 0 15 45
b121 81 296 113 341
b122 15 1132 58 1162
b123 141 28 154 63
b124 189 967 202 1006
b125 47 883 65 911
b126 141 0 179 28
b127 47 1004 71 1026
b128 58 2084 94 2109
b129 68 377 112 423
b130 45 2184 89 2229
b131 105 42 141 62
b132 77 620 115 636
b133 125 195 139 207
b134 63 1873 92 1889
b135 82 652 97 689
b136 95 601 119 620
b137 65 967 87 985
b138 42 2270 72 2292
b139 92 212 125 243
b140 47 1116 59 1132
b141 107 934 132 968
b142 55 1352 82 1398
b143 89 461 135 505
b144 116 1750 141 1779
b145 65 1620 110 1654
b146 185 74 218 108
b147 77 461 89 492
b148 87 967 104 992
b149 76 1806 98 1828
b150 153 1175 166 1205
b151 89 529 105 556
b152 42 2133 75 2166
b153 135 281 175 293
b154 47 839 89 883
b155 72 745 84 758
b156 139 1477 158 1519
b157 65 992 107 1004
b158 92 243 120 260
b159 68 42 92 78
b160 81 341 93 377
b161 18 2154 37 2185
b162 30 1492 60 1504
b163 123 844 169 891
b164 82 718 114 745
b165 168 725 209 758
b166 123 832 159 844
b167 89 2109 136 2123
b168 31 1889 68 1914
b169 15 1620 61 1648
b170 15 0 37 45
b171 37 684 72 718
b172 0 1648 31 1673
b173 65 945 107 967
b174 146 891 171 911
b175 110 1440 144 1452
b176 105 1654 125 1670
b177 125 164 146 195
b178 73 1156 93 1172
b179 0 2209 45 2250
b180 145 934 164 955
b181 129 1823 144 1865
b182 179 0 212 12
b183 77 636 114 652
b184 154 28 174 47
b185 147 725 160 769
b186 105 164 118 212
b187 58 1272 80 1296
b188 110 1452 134 1492
b189 37 0 68 20
b190 105 1670 142 1704
b191 93 1204 135 1241
b192 71 1004 93 1032
b193 0 2250 42 2293
b194 58 1309 100 1352
b195 82 1378 107 1414
b196 107 918 146 934
b197 30 1537 77 1572
b198 113 281 135 321
b199 166 1175 200 1215
