391217.75
583985.5
198450
441 450
37.800471
b0 45 171 81 187
b1 190 346 209 385
b2 162 176 203 211
b3 49 342 96 360
b4 255 30 281 62
b5 370 299 405 330
b6 96 399 109 428
b7 96 332 124 353
b8 81 97 113 112
b9 12 359 46 405
b10 219 224 264 256
b11 218 25 254 39
b12 324 246 360 288
b13 298 361 343 409
b14 109 353 124 378
b15 331 152 377 197
b16 63 97 81 119
b17 63 119 96 145
b18 333 110 367 129
b19 254 0 266 30
b20 410 190 438 223
b21 296 36 335 80
b22 0 197 39 223
b23 89 0 129 25
b24 369 394 384 419
b25 230 62 266 98
b26 0 0 43 25
b27 347 0 381 15
b28 384 336 422 382
b29 266 62 278 99
b30 144 139 161 166
b31 379 99 416 115
b32 81 171 113 194
b33 282 0 300 36
b34 40 86 59 124
b35 139 316 172 331
b36 367 94 379 122
b37 40 70 61 86
b38 129 0 162 26
b39 264 299 306 329
b40 392 225 420 266
b41 55 280 71 296
b42 202 427 246 446
b43 209 350 243 390
b44 174 346 190 373
b45 310 246 324 283
b46 124 296 139 344
b47 427 0 441 23
b48 343 394 369 418
b49 0 85 40 116
b50 0 253 42 286
b51 310 301 358 328
b52 218 141 255 168
b53 278 62 296 79
b54 381 0 397 43
b55 96 353 109 399
b56 416 80 438 105
b57 55 430 103 449
b58 420 223 439 264
b59 113 93 159 139
b60 0 223 35 253
b61 335 60 368 94
b62 343 330 380 375
b63 356 222 391 237
b64 216 275 264 322
b65 39 197 72 227
b66 410 159 441 190
b67 159 211 203 248
b68 124 344 159 368
b69 174 290 193 328
b70 89 45 103 81
b71 264 387 298 429
b72 297 169 331 202
b73 218 123 256 141
b74 78 280 96 309
b75 102 236 129 259
b76 377 146 391 158
b77 109 411 133 427
b78 63 145 106 171
b79 195 135 214 172
b80 88 211 102 226
b81 243 350 263 382
b82 406 406 439 438
b83 218 168 255 187
b84 174 390 217 427
b85 249 187 297 224
b86 139 292 163 316
b87 153 383 172 428
b88 187 40 215 83
b89 35 128 47 163
b90 281 80 305 125
b91 109 383 153 411
b92 0 310 42 334
b93 335 39 378 60
b94 159 331 174 347
b95 356 197 392 222
b96 217 390 262 415
b97 42 244 70 269
b98 70 264 96 280
b99 89 25 126 45
b100 102 259 129 284
b101 46 360 94 400
b102 0 25 38 50
b103 70 232 102 264
b104 381 43 406 79
b105 113 172 144 214
b106 255 145 289 184
b107 47 124 63 169
b108 335 0 347 33
b109 297 202 309 224
b110 333 129 377 152
b111 161 347 174 365
b112 174 328 220 346
b113 43 27 71 70
b114 420 264 439 303
b115 55 400 92 430
b116 174 253 216 290
b117 410 43 434 80
b118 0 50 39 85
b119 42 304 78 328
b120 71 27 86 72
b121 298 329 343 361
b122 343 419 386 449
b123 42 269 55 304
b124 109 427 148 440
b125 422 366 440 394
b126 220 322 258 350
b127 286 224 310 246
b128 96 296 121 332
b129 103 47 147 93
b130 129 248 174 292
b131 262 429 298 449
b132 72 194 88 232
b133 147 47 159 61
b134 203 224 219 253
b135 124 368 161 383
b136 377 159 396 183
b137 392 203 410 225
b138 397 0 427 22
b139 113 139 144 172
b140 335 94 347 110
b141 256 111 281 145
b142 43 0 89 27
b143 310 202 356 246
b144 218 98 247 123
b145 264 329 298 374
b146 405 303 439 336
b147 379 115 391 146
b148 88 194 113 211
b149 162 40 184 62
b150 422 336 435 366
b151 71 81 98 97
b152 387 266 420 299
b153 358 288 370 328
b154 391 115 433 159
b155 264 374 276 387
b156 216 256 258 275
b157 0 334 12 376
b158 42 227 70 244
b159 384 382 420 406
b160 218 55 230 91
b161 343 375 374 394
b162 172 427 202 439
b163 264 252 310 299
b164 360 237 387 269
b165 162 135 195 176
b166 0 116 36 128
b167 49 328 96 342
b168 12 334 49 359
b169 305 80 333 126
b170 0 175 45 197
b171 300 0 335 34
b172 162 62 187 93
b173 102 214 144 236
b174 193 290 213 315
b175 247 99 281 111
b176 418 23 434 43
b177 129 26 160 47
b178 266 0 282 20
b179 298 409 343 450
b180 397 22 418 41
b181 144 166 159 208
b182 96 284 129 296
b183 218 39 255 55
b184 386 406 406 425
b185 396 159 409 203
b186 310 288 358 301
b187 347 15 369 39
b188 0 286 40 310
b189 379 79 410 99
b190 215 187 249 224
b191 178 93 215 135
b192 264 224 286 252
b193 12 405 55 447
b194 289 126 331 169
b195 218 0 254 25
b196 162 93 178 132
b197 0 128 35 175
b198 196 0 218 40
b199 162 0 196 40
