248188.5
297997
198380
436 455
0.805109
b0 0 154 43 187
b1 44 168 109 205
b2 104 351 157 385
b3 189 390 256 427
b4 109 212 138 231
b5 242 122 281 171
b6 211 349 229 389
b7 0 66 40 88
b8 16 404 78 454
b9 125 385 166 401
b10 349 346 401 364
b11 281 155 320 214
b12 366 364 394 425
b13 132 303 189 351
b14 256 313 319 356
b15 320 110 372 169
b16 86 130 143 166
b17 0 0 44 66
b18 313 40 361 91
b19 227 228 277 259
b20 205 163 242 182
b21 361 248 411 312
b22 361 312 410 346
b23 220 259 240 308
b24 189 427 234 455
b25 134 16 188 55
b26 188 52 228 107
b27 229 325 254 390
b28 109 258 155 297
b29 44 65 68 127
b30 335 219 361 243
b31 78 365 104 399
b32 109 169 162 212
b33 189 349 211 384
b34 228 52 255 106
b35 255 64 293 95
b36 294 246 361 285
b37 34 345 94 365
b38 413 33 436 90
b39 361 33 413 88
b40 323 345 349 374
b41 109 231 164 258
b42 125 401 187 454
b43 35 299 96 345
b44 44 252 109 299
b45 411 264 434 308
b46 0 187 39 209
b47 44 0 77 65
b48 255 95 312 122
b49 162 182 227 229
b50 256 356 323 388
b51 242 171 280 228
b52 240 259 294 304
b53 394 364 415 407
b54 415 352 433 413
b55 0 338 34 394
b56 155 286 218 303
b57 372 230 419 248
b58 134 55 180 89
b59 255 0 305 37
b60 410 312 433 352
b61 405 0 428 33
b62 320 91 380 110
b63 96 299 132 344
b64 78 399 125 449
b65 164 229 220 286
b66 372 163 433 230
b67 305 0 349 40
b68 192 0 255 52
b69 281 219 335 246
b70 77 66 119 108
b71 0 209 22 273
b72 144 108 205 169
b73 256 388 317 455
b74 44 130 86 168
b75 294 285 313 313
b76 166 351 188 384
b77 77 0 134 66
b78 380 90 416 122
b79 319 285 360 345
b80 134 0 192 16
b81 320 169 360 219
b82 44 205 101 252
b83 411 248 433 264
b84 77 108 144 130
b85 293 40 313 65
b86 205 107 242 163
b87 34 365 78 404
b88 189 325 226 349
b89 255 37 293 64
b90 281 122 320 155
b91 349 0 405 33
b92 0 394 16 420
b93 0 273 35 338
b94 372 122 431 163
b95 134 89 185 108
b96 0 88 40 154
b97 189 308 256 325
b98 22 209 44 271
b99 317 388 366 454
