583164
860022
306306
561 546
344.91129
b0 31 48 58 63
b1 340 412 367 428
b2 301 210 327 232
b3 364 213 409 234
b4 516 94 561 134
b5 281 499 297 525
b6 0 340 38 367
b7 325 290 354 325
b8 414 451 450 472
b9 231 55 275 80
b10 103 0 134 15
b11 99 291 140 315
b12 345 34 362 53
b13 31 0 64 48
b14 495 96 516 140
b15 216 0 231 34
b16 294 423 336 468
b17 327 211 364 252
b18 336 448 380 491
b19 182 354 218 377
b20 302 386 319 399
b21 436 171 464 215
b22 145 314 180 343
b23 540 416 557 456
b24 283 204 301 228
b25 216 80 259 109
b26 0 43 18 70
b27 436 324 474 364
b28 301 232 325 244
b29 496 242 525 272
b30 231 0 251 28
b31 355 329 387 365
b32 459 266 478 288
b33 215 167 260 213
b34 409 213 421 242
b35 388 0 400 26
b36 412 398 439 428
b37 329 348 341 377
b38 0 519 21 538
b39 149 175 161 188
b40 246 350 265 397
b41 294 468 330 487
b42 454 288 500 313
b43 267 21 306 42
b44 352 99 379 123
b45 412 334 436 359
b46 72 340 91 353
b47 500 313 540 355
b48 525 248 559 276
b49 38 214 62 262
b50 436 364 450 383
b51 251 0 267 14
b52 399 195 436 213
b53 168 0 180 36
b54 62 310 96 340
b55 529 469 555 500
b56 259 80 290 126
b57 512 0 559 48
b58 307 0 332 25
b59 0 302 47 340
b60 479 123 495 162
b61 242 319 287 350
b62 22 500 68 536
b63 38 416 84 452
b64 301 244 316 277
b65 317 487 330 510
b66 364 491 406 536
b67 500 276 533 290
b68 450 462 478 507
b69 529 500 556 536
b70 280 273 296 318
b71 68 505 102 537
b72 134 31 166 46
b73 0 202 46 214
b74 389 291 423 334
b75 387 382 407 419
b76 101 442 140 478
b77 298 164 316 204
b78 194 266 210 308
b79 421 215 446 255
b80 64 128 79 164
b81 414 472 446 487
b82 94 201 118 240
b83 486 165 523 206
b84 182 320 220 354
b85 345 0 388 34
b86 222 275 261 319
b87 0 112 45 160
b88 367 419 411 448
b89 388 26 408 68
b90 294 399 340 423
b91 279 230 300 273
b92 341 365 386 412
b93 191 187 215 207
b94 436 104 467 123
b95 0 258 37 302
b96 169 154 215 187
b97 86 438 101 478
b98 268 499 281 534
b99 149 279 189 296
b100 18 63 62 108
b101 103 15 133 51
b102 0 452 40 488
b103 290 86 324 120
b104 235 460 249 502
b105 64 69 97 104
b106 505 386 517 419
b107 478 505 493 537
b108 173 112 210 150
b109 298 122 344 164
b110 64 27 103 69
b111 89 104 102 125
b112 64 214 94 239
b113 493 505 529 529
b114 439 383 473 427
b115 464 171 486 205
b116 261 275 280 303
b117 331 65 352 104
b118 0 214 38 258
b119 37 273 82 301
b120 260 167 296 203
b121 38 344 72 382
b122 467 76 510 96
b123 216 405 239 441
b124 438 28 473 59
b125 0 160 46 202
b126 89 258 111 270
b127 177 464 202 507
b128 303 42 331 86
b129 143 495 177 517
b130 220 359 246 389
b131 364 234 409 282
b132 171 212 210 230
b133 47 301 62 344
b134 527 134 561 181
b135 216 34 231 79
b136 422 255 459 267
b137 142 474 170 495
b138 145 419 173 461
b139 399 158 435 195
b140 436 159 479 171
b141 540 48 559 93
b142 179 377 216 404
b143 64 104 89 128
b144 210 213 250 228
b145 173 419 186 464
b146 38 383 86 416
b147 408 24 438 66
b148 464 205 484 223
b149 149 212 171 259
b150 324 325 355 348
b151 540 313 558 355
b152 261 303 280 319
b153 102 505 143 535
b154 84 416 101 438
b155 387 334 412 348
b156 218 389 246 405
b157 400 0 425 20
b158 265 383 288 396
b159 202 503 246 535
b160 545 382 561 409
b161 246 397 293 443
b162 296 277 314 308
b163 202 470 224 503
b164 436 123 477 159
b165 239 443 260 460
b166 352 65 388 99
b167 399 121 435 158
b168 300 308 324 349
b169 412 359 436 398
b170 438 59 467 104
b171 220 319 242 359
b172 143 461 170 474
b173 495 140 527 165
b174 478 462 494 505
b175 0 70 16 85
b176 0 367 38 400
b177 101 405 142 442
b178 82 291 99 310
b179 145 373 179 419
b180 89 127 129 146
b181 517 386 545 416
b182 149 109 173 154
b183 473 43 512 76
b184 99 315 145 340
b185 62 239 89 273
b186 423 291 454 324
b187 180 0 216 38
b188 352 174 392 211
b189 331 53 375 65
b190 302 349 329 386
b191 489 358 505 392
b192 388 68 436 97
b193 202 453 235 470
b194 216 109 244 122
b195 446 215 459 248
b196 257 126 298 167
b197 173 84 210 112
b198 186 404 205 452
b199 496 206 527 242
b200 459 223 496 266
b201 123 152 149 181
b202 365 135 399 174
b203 467 96 495 111
b204 134 46 167 87
b205 101 186 122 201
b206 494 462 529 504
b207 438 0 471 28
b208 231 28 251 55
b209 316 165 352 210
b210 177 507 201 520
b211 477 111 493 123
b212 478 441 520 462
b213 143 517 175 531
b214 0 85 17 112
b215 519 355 540 384
b216 101 386 143 405
b217 297 487 317 535
b218 46 108 61 151
b219 324 104 352 122
b220 145 343 182 373
b221 149 266 194 279
b222 387 348 412 382
b223 118 353 137 375
b224 474 313 495 358
b225 0 400 38 447
b226 524 416 540 455
b227 89 245 121 258
b228 149 154 169 175
b229 388 97 436 121
b230 72 353 105 383
b231 64 198 94 214
b232 412 428 454 451
b233 543 221 559 234
b234 67 480 100 498
b235 478 419 524 441
b236 64 0 103 27
b237 267 0 307 21
b238 101 478 140 505
b239 133 87 173 109
b240 249 499 268 522
b241 375 34 388 58
b242 101 146 123 186
b243 380 451 414 488
b244 249 486 286 499
b245 121 245 145 281
b246 409 268 453 291
b247 171 230 210 266
b248 0 0 31 43
b249 64 171 99 198
b250 134 0 168 31
b251 260 443 294 486
b252 67 452 86 480
b253 543 234 558 247
b254 425 0 438 24
b255 406 488 445 535
b256 529 456 550 469
b257 250 213 283 230
b258 330 491 364 535
b259 205 441 231 453
b260 189 308 208 320
b261 352 123 397 135
b262 40 452 67 500
b263 167 38 214 84
b264 500 290 545 313
b265 474 358 489 403
b266 231 230 279 275
b267 355 290 389 329
b268 79 146 101 171
b269 145 296 182 314
b270 46 151 61 174
b271 149 188 191 212
b272 454 427 478 462
b273 344 135 365 165
b274 103 51 124 84
b275 512 48 540 70
b276 505 355 519 386
b277 210 270 222 317
b278 96 340 138 353
b279 473 0 512 43
b280 0 488 22 519
b281 510 76 540 94
b282 118 201 148 245
b283 287 318 300 333
b284 89 270 119 291
b285 105 353 118 386
b286 216 122 257 158
b287 210 228 231 270
b288 275 42 303 78
b289 265 350 302 383
b290 540 355 556 382
b291 102 84 130 127
b292 445 507 469 546
b293 130 109 149 152
b294 175 520 201 537
b295 332 0 345 43
b296 527 221 543 248
b297 327 252 358 290
b298 527 181 560 221
b299 409 255 422 268
