437876.75
563837.5
311916
556 561
272.697242
b0 367 271 394 286
b1 145 156 161 183
b2 388 447 414 469
b3 195 254 240 275
b4 231 96 276 136
b5 62 374 78 400
b6 410 532 448 559
b7 299 121 334 150
b8 189 395 225 416
b9 298 516 323 560
b10 244 42 275 57
b11 78 331 119 355
b12 179 307 198 324
b13 367 414 415 447
b14 307 211 328 255
b15 365 24 380 58
b16 189 416 234 458
b17 240 274 281 311
b18 320 316 363 360
b19 62 308 98 331
b20 137 431 150 448
b21 207 343 251 371
b22 302 0 331 35
b23 470 535 510 552
b24 296 317 320 335
b25 177 125 220 154
b26 365 58 392 76
b27 433 0 473 38
b28 303 429 327 441
b29 198 306 228 335
b30 366 466 386 494
b31 162 275 198 307
b32 365 76 387 95
b33 147 332 192 378
b34 444 396 473 408
b35 504 206 516 232
b36 165 171 195 198
b37 417 39 446 51
b38 367 447 388 466
b39 225 393 238 405
b40 195 154 214 201
b41 0 242 36 261
b42 426 85 472 110
b43 84 0 105 39
b44 25 347 49 374
b45 494 300 519 324
b46 132 156 145 175
b47 389 119 429 161
b48 189 220 223 248
b49 331 0 379 24
b50 150 467 169 481
b51 404 185 418 201
b52 379 0 416 18
b53 283 305 319 317
b54 333 429 367 459
b55 107 268 138 294
b56 439 479 470 525
b57 197 45 244 93
b58 415 414 440 439
b59 37 511 75 558
b60 431 356 447 395
b61 365 528 410 559
b62 318 393 364 429
b63 145 514 181 560
b64 485 240 518 255
b65 147 262 160 285
b66 257 0 302 42
b67 132 183 165 197
b68 470 144 515 172
b69 352 127 388 154
b70 51 39 96 55
b71 197 93 231 125
b72 257 447 289 462
b73 344 95 390 107
b74 333 494 376 528
b75 352 107 389 127
b76 257 57 293 96
b77 223 202 263 220
b78 0 502 16 544
b79 218 526 258 551
b80 49 477 85 492
b81 70 422 85 454
b82 320 82 344 121
b83 512 0 549 41
b84 15 169 49 207
b85 435 322 478 356
b86 135 36 179 75
b87 470 255 518 300
b88 527 318 556 362
b89 515 86 535 128
b90 363 306 387 352
b91 16 502 37 545
b92 320 35 365 82
b93 511 435 531 459
b94 138 378 169 397
b95 181 513 218 557
b96 257 414 303 447
b97 478 316 493 356
b98 470 172 505 185
b99 447 356 464 396
b100 512 41 556 86
b101 367 235 397 271
b102 96 120 132 160
b103 519 284 553 318
b104 517 459 531 501
b105 143 481 178 514
b106 251 190 284 202
b107 0 0 15 32
b108 135 75 172 113
b109 147 216 189 262
b110 430 162 469 204
b111 85 451 98 472
b112 440 411 470 436
b113 113 375 137 411
b114 515 128 549 172
b115 115 435 137 469
b116 115 469 143 488
b117 397 262 436 283
b118 518 240 556 284
b119 0 307 45 335
b120 96 160 132 196
b121 493 324 527 362
b122 0 418 43 438
b123 15 0 51 23
b124 198 275 233 306
b125 503 362 549 404
b126 228 331 250 343
b127 0 347 25 390
b128 64 55 92 99
b129 223 220 245 254
b130 483 118 513 144
b131 57 212 105 257
b132 397 244 436 262
b133 303 386 318 429
b134 137 397 184 431
b135 192 335 207 380
b136 238 371 250 408
b137 57 167 78 195
b138 257 136 285 178
b139 390 82 426 119
b140 418 161 430 204
b141 473 395 492 440
b142 394 296 431 323
b143 459 118 483 143
b144 169 380 209 395
b145 275 42 320 55
b146 251 340 299 373
b147 94 488 136 518
b148 233 311 251 331
b149 285 211 307 258
b150 276 99 299 130
b151 78 167 96 209
b152 156 198 175 214
b153 0 438 41 468
b154 146 0 168 17
b155 93 278 107 303
b156 416 395 444 411
b157 285 258 310 278
b158 281 373 304 386
b159 511 172 555 204
b160 365 219 392 235
b161 470 489 517 535
b162 226 495 244 526
b163 380 18 413 40
b164 105 0 146 36
b165 214 172 235 189
b166 105 212 141 246
b167 220 136 257 172
b168 397 220 438 244
b169 98 411 137 435
b170 410 487 439 532
b171 107 246 147 268
b172 376 515 403 528
b173 147 307 179 332
b174 239 450 255 493
b175 161 156 177 171
b176 320 360 358 393
b177 255 462 292 503
b178 235 172 254 189
b179 0 468 46 502
b180 430 143 470 162
b181 388 384 416 414
b182 186 0 210 45
b183 464 362 503 395
b184 172 78 197 124
b185 285 278 319 305
b186 51 0 84 31
b187 516 204 554 240
b188 472 81 512 118
b189 285 130 297 174
b190 189 458 226 485
b191 96 196 130 212
b192 334 190 382 219
b193 98 451 115 484
b194 397 283 425 296
b195 162 262 195 275
b196 15 76 56 117
b197 189 485 226 513
b198 46 492 94 511
b199 511 404 547 435
b200 135 113 172 156
b201 293 55 319 84
b202 465 206 504 240
b203 0 403 28 418
b204 292 447 333 480
b205 175 201 196 216
b206 0 207 42 242
b207 473 446 506 474
b208 367 286 394 306
b209 334 154 379 190
b210 491 0 504 24
b211 284 178 296 194
b212 323 528 365 549
b213 304 335 318 367
b214 491 24 508 51
b215 25 374 46 403
b216 492 404 511 446
b217 244 503 292 523
b218 473 474 516 489
b219 168 0 186 28
b220 105 36 135 73
b221 15 132 60 145
b222 363 352 388 386
b223 263 202 285 221
b224 49 422 70 467
b225 210 0 257 38
b226 319 300 358 316
b227 219 189 251 202
b228 413 18 433 39
b229 415 439 439 487
b230 429 110 459 143
b231 404 204 434 220
b232 234 408 257 450
b233 304 367 317 383
b234 179 45 197 78
b235 388 469 410 515
b236 98 303 137 330
b237 57 257 97 278
b238 438 204 465 243
b239 258 523 298 545
b240 196 201 219 220
b241 49 308 62 332
b242 245 221 285 243
b243 328 219 365 253
b244 226 458 239 495
b245 392 58 428 82
b246 531 435 554 479
b247 150 431 189 467
b248 75 518 106 561
b249 78 355 105 390
b250 250 373 281 407
b251 388 350 431 384
b252 281 386 300 414
b253 147 285 162 298
b254 132 197 156 210
b255 96 73 135 120
b256 51 55 64 76
b257 333 459 366 476
b258 428 51 472 85
b259 254 178 280 190
b260 364 386 383 398
b261 0 335 45 347
b262 387 323 435 350
b263 0 261 47 307
b264 251 317 296 340
b265 119 330 134 375
b266 319 255 367 300
b267 436 255 470 294
b268 382 185 404 210
b269 380 40 417 58
b270 70 454 85 477
b271 15 145 57 169
b272 60 132 84 167
b273 299 150 329 171
b274 80 390 113 411
b275 209 371 237 393
b276 258 545 289 559
b277 438 243 485 255
b278 49 332 62 374
b279 106 518 145 561
b280 49 400 80 422
b281 334 121 352 151
b282 49 278 93 308
b283 293 84 306 99
b284 491 51 512 81
b285 244 57 257 90
b286 292 480 333 516
b287 469 185 511 206
b288 431 294 467 322
b289 56 99 93 132
b290 467 300 494 316
b291 440 436 468 479
b292 379 161 418 185
b293 472 38 491 81
b294 333 476 359 493
b295 62 331 75 374
b296 85 435 112 451
b297 245 243 283 274
b298 299 171 332 211
b299 85 411 98 424
