576353.75
844157.5
308550
550 561
367.422466
b0 37 221 64 236
b1 93 47 120 63
b2 247 298 269 324
b3 105 110 126 155
b4 41 103 81 148
b5 88 511 104 537
b6 377 98 404 136
b7 191 131 220 166
b8 302 22 338 43
b9 377 136 402 180
b10 37 192 68 207
b11 19 373 60 397
b12 265 268 284 285
b13 113 422 146 470
b14 269 352 313 373
b15 471 0 486 34
b16 369 267 414 309
b17 394 0 431 41
b18 412 404 455 448
b19 117 470 153 493
b20 136 142 149 159
b21 218 0 246 44
b22 124 288 159 317
b23 273 0 290 40
b24 263 137 281 161
b25 286 373 329 402
b26 263 183 290 201
b27 305 43 345 81
b28 288 503 312 515
b29 345 80 374 110
b30 497 465 525 485
b31 497 429 529 465
b32 281 137 303 156
b33 471 34 517 79
b34 412 448 424 477
b35 290 22 302 48
b36 450 327 480 354
b37 269 285 281 314
b38 178 296 199 315
b39 306 243 319 255
b40 105 0 124 47
b41 373 230 409 249
b42 65 354 90 400
b43 306 204 327 243
b44 46 528 70 555
b45 81 93 105 118
b46 81 118 94 137
b47 175 89 215 131
b48 0 404 28 438
b49 70 537 118 561
b50 455 372 474 386
b51 71 241 87 255
b52 511 356 529 393
b53 87 241 123 253
b54 329 410 359 444
b55 466 450 497 476
b56 242 502 288 533
b57 200 365 248 412
b58 499 109 524 134
b59 480 318 527 356
b60 455 356 494 372
b61 445 245 476 290
b62 179 238 225 274
b63 0 523 46 559
b64 290 48 305 81
b65 139 159 162 172
b66 313 519 358 561
b67 74 79 107 93
b68 118 493 146 538
b69 404 151 431 187
b70 195 436 240 452
b71 414 305 446 339
b72 242 533 274 548
b73 477 161 523 173
b74 486 0 529 34
b75 0 101 20 138
b76 124 249 160 288
b77 431 44 471 62
b78 408 346 450 362
b79 150 85 175 125
b80 329 316 365 331
b81 108 171 123 203
b82 81 137 105 176
b83 265 201 306 238
b84 409 224 443 262
b85 424 525 467 559
b86 431 0 470 44
b87 190 44 238 89
b88 258 85 302 114
b89 412 362 432 404
b90 0 0 46 24
b91 306 161 327 204
b92 168 166 215 211
b93 98 253 122 273
b94 0 373 19 404
b95 329 217 373 254
b96 153 481 199 514
b97 358 517 373 557
b98 28 123 41 158
b99 68 181 108 198
b100 246 40 290 85
b101 445 215 481 245
b102 159 441 195 481
b103 306 127 340 161
b104 195 452 237 466
b105 0 68 35 101
b106 391 502 424 514
b107 367 349 399 364
b108 248 377 286 414
b109 200 509 242 555
b110 372 392 411 434
b111 28 409 41 430
b112 499 79 524 109
b113 242 414 266 450
b114 0 489 44 523
b115 408 41 430 75
b116 329 254 348 282
b117 404 187 443 208
b118 373 517 411 561
b119 471 79 499 124
b120 340 110 376 146
b121 120 47 154 85
b122 323 0 366 20
b123 215 89 238 125
b124 82 433 113 468
b125 118 351 164 393
b126 124 233 146 245
b127 288 515 313 558
b128 90 354 118 398
b129 196 0 218 34
b130 200 274 226 304
b131 45 34 93 79
b132 338 21 377 39
b133 510 485 525 528
b134 46 0 93 34
b135 327 164 372 179
b136 28 397 65 409
b137 366 0 394 21
b138 424 450 466 478
b139 154 35 190 72
b140 195 466 238 478
b141 481 195 526 214
b142 387 309 414 346
b143 269 314 294 338
b144 305 81 345 96
b145 0 55 45 68
b146 112 318 160 351
b147 124 0 154 42
b148 238 85 258 103
b149 307 305 329 352
b150 219 478 242 509
b151 160 270 178 312
b152 286 402 305 418
b153 265 238 306 268
b154 305 110 327 127
b155 37 207 62 221
b156 108 155 136 171
b157 199 478 219 503
b158 185 514 198 537
b159 359 434 391 478
b160 409 208 436 224
b161 200 304 247 350
b162 373 249 404 267
b163 290 0 323 22
b164 71 318 112 354
b165 105 93 126 110
b166 160 315 196 349
b167 321 447 358 483
b168 105 398 146 422
b169 146 514 185 538
b170 455 386 484 431
b171 160 538 200 560
b172 46 515 73 528
b173 0 322 25 354
b174 0 274 16 317
b175 123 171 139 186
b176 329 362 367 395
b177 0 192 37 233
b178 160 253 179 270
b179 146 407 192 441
b180 247 324 266 364
b181 57 288 85 318
b182 126 85 150 130
b183 358 478 391 517
b184 431 143 477 168
b185 404 117 431 151
b186 12 24 45 55
b187 28 451 64 489
b188 431 106 471 143
b189 242 548 286 560
b190 266 418 293 455
b191 108 203 124 237
b192 480 259 528 288
b193 494 356 511 389
b194 293 447 321 460
b195 269 338 302 351
b196 345 39 386 80
b197 0 451 28 488
b198 215 185 263 204
b199 443 184 479 215
b200 71 198 108 241
b201 46 489 75 515
b202 37 236 71 275
b203 477 124 492 152
b204 82 470 115 511
b205 179 392 200 407
b206 154 0 196 35
b207 376 180 404 213
b208 71 255 98 275
b209 484 393 529 429
b210 146 441 159 465
b211 0 24 12 40
b212 409 75 430 117
b213 496 485 510 517
b214 64 461 81 488
b215 43 409 64 438
b216 455 431 497 450
b217 16 274 36 322
b218 329 395 372 410
b219 64 433 82 461
b220 450 290 480 327
b221 216 204 261 217
b222 16 158 41 192
b223 178 274 197 296
b224 305 402 326 447
b225 329 179 376 217
b226 226 282 265 298
b227 294 305 307 337
b228 20 103 41 123
b229 192 412 240 436
b230 496 528 526 561
b231 431 168 461 184
b232 118 538 160 561
b233 146 233 159 249
b234 376 80 409 98
b235 481 173 527 195
b236 246 0 273 39
b237 348 254 369 294
b238 220 125 247 164
b239 365 309 387 349
b240 432 377 455 396
b241 104 511 117 535
b242 263 161 303 183
b243 284 268 318 305
b244 247 114 260 151
b245 391 478 427 502
b246 124 186 168 209
b247 316 483 355 519
b248 414 262 445 305
b249 492 134 527 161
b250 329 331 363 362
b251 164 349 198 392
b252 0 138 28 157
b253 274 533 287 548
b254 75 511 88 535
b255 427 478 466 525
b256 248 364 269 377
b257 376 213 409 230
b258 430 62 464 106
b259 179 131 191 157
b260 126 130 145 142
b261 93 0 105 45
b262 168 211 216 238
b263 242 455 288 502
b264 260 114 305 137
b265 200 350 245 365
b266 481 214 529 259
b267 226 248 265 282
b268 466 494 488 519
b269 340 146 377 164
b270 432 362 455 377
b271 124 209 166 233
b272 36 321 71 345
b273 149 131 179 152
b274 36 288 57 321
b275 329 294 357 316
b276 305 96 336 110
b277 411 514 423 561
b278 37 275 79 288
b279 85 275 124 318
b280 386 41 408 72
b281 466 476 496 494
b282 480 288 524 318
b283 166 238 179 253
b284 391 434 412 464
b285 146 393 179 406
b286 0 233 36 274
b287 220 164 262 185
b288 372 364 408 392
b289 41 148 78 181
b290 480 519 496 546
b291 288 460 316 503
b292 35 79 74 103
b293 0 354 43 373
b294 524 34 550 51
b295 0 438 43 451
b296 0 157 16 184
b297 225 217 263 248
b298 65 400 105 433
b299 467 519 480 532
