255808.25
305500.5
206116
454 454
2.517978
b0 396 232 429 275
b1 233 0 298 37
b2 373 56 407 109
b3 306 149 373 186
b4 31 273 60 292
b5 194 107 243 146
b6 207 162 247 180
b7 0 351 40 373
b8 249 158 299 220
b9 194 146 235 162
b10 407 56 425 108
b11 373 17 432 56
b12 305 327 366 355
b13 146 0 194 57
b14 106 215 169 258
b15 370 283 429 335
b16 249 122 306 158
b17 388 188 454 232
b18 132 258 183 306
b19 95 72 126 122
b20 181 165 200 202
b21 238 372 302 422
b22 139 404 173 453
b23 249 37 298 57
b24 132 306 177 334
b25 207 180 246 234
b26 365 402 420 442
b27 102 0 127 65
b28 194 0 233 46
b29 0 74 62 98
b30 181 202 205 228
b31 194 46 220 80
b32 165 334 208 387
b33 227 72 249 107
b34 249 57 303 84
b35 0 255 31 293
b36 298 0 365 39
b37 0 389 20 449
b38 62 130 119 153
b39 0 0 55 52
b40 220 46 249 72
b41 126 187 181 214
b42 66 153 119 215
b43 306 220 352 281
b44 127 57 192 104
b45 352 260 396 283
b46 127 165 166 187
b47 173 387 238 420
b48 177 307 234 334
b49 92 388 139 453
b50 238 422 305 454
b51 249 84 306 122
b52 250 320 304 365
b53 0 293 43 314
b54 22 434 83 452
b55 22 378 56 434
b56 365 0 428 17
b57 73 300 91 347
b58 306 186 352 220
b59 247 270 284 320
b60 352 220 375 260
b61 194 80 227 103
b62 42 213 61 273
b63 56 382 92 427
b64 55 0 102 50
b65 305 396 361 453
b66 306 39 373 100
b67 66 215 106 259
b68 183 255 246 307
b69 138 334 165 388
b70 0 213 42 255
b71 306 283 370 305
b72 127 104 188 165
b73 367 335 428 402
b74 208 334 250 372
b75 40 359 68 378
b76 67 50 100 72
b77 0 98 57 164
b78 352 188 388 220
b79 305 355 365 396
b80 289 220 305 278
b81 249 220 289 270
b82 306 100 363 147
b83 0 373 22 389
b84 0 52 67 74
b85 207 234 232 254
b86 0 314 56 351
b87 373 149 417 188
b88 173 420 210 444
b89 169 228 207 255
b90 91 300 124 339
b91 62 74 95 130
b92 139 388 165 404
b93 73 347 138 382
b94 73 259 132 300
b95 127 0 146 51
b96 363 109 429 149
b97 56 292 73 359
b98 305 305 367 327
b99 0 164 66 213
