236559.75
266549.5
206570
455 454
3.001242
b0 394 240 437 273
b1 351 0 388 65
b2 228 151 281 185
b3 50 340 117 377
b4 24 421 43 450
b5 394 201 443 240
b6 42 232 60 272
b7 50 377 72 417
b8 178 155 228 217
b9 335 0 351 41
b10 310 295 328 347
b11 296 182 355 221
b12 138 44 166 105
b13 351 85 408 133
b14 194 358 237 421
b15 394 149 453 201
b16 212 0 248 57
b17 408 61 452 127
b18 248 0 296 51
b19 338 402 369 452
b20 369 412 406 431
b21 75 147 125 211
b22 249 303 283 352
b23 351 65 400 85
b24 310 402 338 447
b25 355 149 394 203
b26 0 249 40 304
b27 187 0 212 65
b28 72 377 118 416
b29 75 123 137 147
b30 0 421 24 447
b31 161 0 187 34
b32 385 369 438 412
b33 329 44 351 79
b34 46 313 100 340
b35 166 65 197 103
b36 0 32 67 71
b37 331 79 351 139
b38 138 105 161 162
b39 194 306 249 358
b40 250 219 276 248
b41 118 323 145 378
b42 130 389 183 451
b43 0 313 46 374
b44 73 0 138 47
b45 138 0 161 44
b46 86 47 125 69
b47 43 421 108 454
b48 197 65 224 122
b49 284 112 331 177
b50 222 271 289 303
b51 224 57 262 114
b52 86 69 131 123
b53 183 421 226 442
b54 283 319 301 380
b55 352 223 386 279
b56 249 352 266 415
b57 226 421 273 439
b58 250 185 296 219
b59 273 380 310 430
b60 369 431 409 454
b61 331 149 354 182
b62 228 252 288 271
b63 186 261 222 306
b64 0 374 50 421
b65 394 273 451 329
b66 262 51 329 112
b67 182 217 222 261
b68 289 243 352 295
b69 0 71 27 125
b70 0 207 42 249
b71 122 264 186 286
b72 61 211 122 272
b73 388 0 455 61
b74 0 169 42 207
b75 67 47 86 75
b76 108 416 130 449
b77 328 295 385 361
b78 37 0 73 32
b79 40 272 100 313
b80 351 133 409 149
b81 138 162 178 212
b82 125 217 182 264
b83 100 272 122 288
b84 228 185 250 252
b85 355 203 380 223
b86 228 114 284 151
b87 296 0 335 44
b88 0 0 37 24
b89 0 142 38 169
b90 42 142 75 181
b91 161 122 217 155
b92 283 303 309 319
b93 100 288 165 323
b94 310 361 369 402
b95 42 181 61 232
b96 386 329 452 369
b97 0 125 67 142
b98 288 221 350 243
b99 145 323 194 389
