387508.25
578366.5
196650
437 450
194.266742
b0 419 0 435 36
b1 222 45 241 84
b2 255 364 296 399
b3 127 123 174 141
b4 223 367 255 393
b5 168 206 203 237
b6 0 389 13 418
b7 359 330 380 358
b8 361 388 393 403
b9 261 140 307 174
b10 82 124 114 169
b11 361 80 375 116
b12 261 217 303 253
b13 97 336 142 384
b14 214 193 229 218
b15 90 193 136 238
b16 323 395 345 413
b17 33 337 66 363
b18 338 178 372 197
b19 345 361 375 373
b20 407 148 435 181
b21 175 366 219 405
b22 148 387 174 426
b23 131 59 156 99
b24 346 80 361 105
b25 34 47 70 83
b26 279 174 304 217
b27 53 161 68 195
b28 16 377 54 423
b29 73 63 85 100
b30 16 346 33 373
b31 215 143 231 180
b32 229 230 261 253
b33 127 101 163 119
b34 34 142 72 161
b35 223 334 238 367
b36 66 349 94 361
b37 31 423 52 439
b38 318 248 351 274
b39 165 0 207 30
b40 372 205 413 233
b41 34 83 50 99
b42 376 403 395 447
b43 259 45 299 79
b44 346 162 373 178
b45 68 161 82 198
b46 229 180 244 228
b47 251 290 265 313
b48 413 181 437 207
b49 54 400 94 431
b50 0 166 33 208
b51 307 174 334 222
b52 334 197 371 224
b53 73 45 90 63
b54 0 346 16 389
b55 168 193 214 206
b56 394 233 419 255
b57 99 430 147 449
b58 319 133 338 174
b59 391 37 437 83
b60 171 30 206 60
b61 373 148 407 181
b62 240 0 277 45
b63 90 238 125 253
b64 203 253 251 300
b65 34 196 67 226
b66 136 232 167 263
b67 347 43 391 80
b68 49 0 73 35
b69 110 317 148 336
b70 226 0 240 36
b71 303 302 345 336
b72 98 59 131 93
b73 407 313 425 351
b74 68 198 86 227
b75 303 71 330 94
b76 33 363 45 377
b77 345 373 361 397
b78 381 289 407 332
b79 207 0 226 37
b80 223 320 238 334
b81 303 51 335 71
b82 0 208 32 241
b83 178 174 215 193
b84 54 363 97 400
b85 251 253 299 290
b86 381 332 405 356
b87 54 431 99 450
b88 34 99 62 142
b89 244 179 279 191
b90 352 403 376 448
b91 0 266 28 310
b92 89 253 131 277
b93 277 0 298 43
b94 34 161 50 176
b95 0 71 25 107
b96 73 0 98 45
b97 0 241 28 266
b98 244 204 260 230
b99 203 300 240 320
b100 364 120 391 145
b101 72 277 120 317
b102 33 312 71 337
b103 0 107 32 139
b104 271 323 296 359
b105 168 237 199 279
b106 266 415 305 449
b107 206 37 222 82
b108 307 133 319 166
b109 397 356 409 378
b110 175 322 198 366
b111 346 330 359 348
b112 346 116 364 162
b113 304 274 347 302
b114 219 429 258 448
b115 120 279 150 316
b116 123 0 165 37
b117 373 181 410 205
b118 276 98 315 133
b119 62 100 98 124
b120 215 128 260 143
b121 136 187 168 232
b122 168 279 198 322
b123 244 191 279 204
b124 298 0 337 13
b125 241 45 259 73
b126 299 13 327 51
b127 68 227 90 251
b128 98 0 123 36
b129 114 141 158 187
b130 174 405 219 449
b131 231 143 251 179
b132 174 123 212 139
b133 304 258 318 270
b134 381 273 410 289
b135 34 0 49 37
b136 82 169 101 193
b137 372 255 394 273
b138 375 358 397 388
b139 0 40 33 71
b140 49 35 65 47
b141 318 361 343 395
b142 410 267 437 313
b143 215 84 261 128
b144 150 358 175 387
b145 347 285 381 330
b146 0 312 33 346
b147 203 82 215 113
b148 329 336 346 361
b149 372 233 394 255
b150 409 351 422 381
b151 263 399 290 415
b152 265 290 298 323
b153 335 37 347 77
b154 28 270 72 312
b155 337 0 349 13
b156 261 79 303 98
b157 394 255 436 267
b158 417 83 434 111
b159 151 322 175 358
b160 304 222 316 258
b161 315 114 346 133
b162 351 273 381 285
b163 97 384 144 430
b164 0 139 32 166
b165 238 323 271 364
b166 356 224 368 260
b167 219 415 266 429
b168 397 381 434 406
b169 391 120 437 148
b170 98 37 143 59
b171 178 139 212 174
b172 298 336 329 361
b173 296 361 318 403
b174 158 141 178 166
b175 391 0 403 34
b176 71 333 91 349
b177 0 423 31 444
b178 131 263 151 279
b179 156 60 201 101
b180 68 251 89 270
b181 261 98 276 140
b182 290 403 323 415
b183 403 0 419 37
b184 34 176 53 196
b185 219 399 263 412
b186 114 93 127 141
b187 327 13 349 37
b188 316 224 356 248
b189 315 94 346 114
b190 34 226 68 263
b191 375 83 417 120
b192 143 37 171 59
b193 349 0 391 43
b194 395 406 437 449
b195 198 320 223 356
b196 71 317 110 333
b197 305 415 352 450
b198 163 101 203 123
b199 0 0 34 40
