251272.75
300953.5
201592
446 452
5.321987
b0 292 135 325 178
b1 40 76 105 113
b2 282 101 335 135
b3 112 367 179 404
b4 292 178 321 197
b5 0 66 39 115
b6 423 288 441 328
b7 236 160 276 182
b8 0 115 62 165
b9 346 36 362 77
b10 40 27 92 45
b11 236 101 275 160
b12 62 113 90 174
b13 0 185 57 233
b14 234 327 277 390
b15 97 258 156 310
b16 200 0 236 57
b17 169 180 235 224
b18 179 360 230 408
b19 40 45 90 76
b20 184 340 221 359
b21 371 129 435 179
b22 236 265 285 299
b23 179 408 228 428
b24 236 299 281 327
b25 0 379 54 418
b26 114 184 169 224
b27 230 424 295 449
b28 377 288 423 327
b29 277 327 301 389
b30 354 380 378 406
b31 272 390 298 424
b32 301 361 354 404
b33 131 149 153 184
b34 89 231 143 258
b35 234 390 272 421
b36 56 411 123 450
b37 0 165 60 185
b38 211 224 234 281
b39 346 77 401 129
b40 63 231 89 260
b41 236 238 291 265
b42 0 250 53 312
b43 325 135 371 196
b44 153 0 200 65
b45 362 42 406 65
b46 325 196 364 218
b47 409 0 442 65
b48 40 0 97 27
b49 306 240 353 305
b50 236 0 268 67
b51 57 193 114 231
b52 236 193 290 238
b53 285 265 306 308
b54 153 65 214 83
b55 0 418 56 452
b56 0 233 63 250
b57 123 431 170 449
b58 236 67 282 101
b59 377 216 427 253
b60 406 65 446 88
b61 339 305 362 338
b62 378 380 397 440
b63 401 88 446 124
b64 105 57 152 107
b65 97 0 153 57
b66 169 119 236 180
b67 53 260 97 300
b68 362 328 425 380
b69 123 404 177 431
b70 367 0 409 42
b71 156 249 178 313
b72 285 40 346 101
b73 0 312 61 379
b74 131 107 169 149
b75 54 379 73 407
b76 105 123 127 156
b77 61 310 127 367
b78 335 0 367 36
b79 301 406 361 447
b80 276 135 292 193
b81 285 0 335 40
b82 127 313 184 360
b83 291 197 307 219
b84 307 218 374 240
b85 156 224 176 249
b86 377 179 433 216
b87 73 367 112 411
b88 353 240 377 277
b89 184 224 211 262
b90 169 83 208 116
b91 306 305 339 361
b92 105 107 131 123
b93 377 253 442 288
b94 184 281 225 340
b95 62 174 113 193
b96 0 0 40 66
b97 268 0 285 67
b98 214 57 236 119
b99 397 380 446 446
