255456
309802
201110
442 455
3.437363
b0 336 296 369 339
b1 270 0 335 37
b2 269 128 303 181
b3 0 246 67 283
b4 303 274 332 293
b5 36 283 85 322
b6 33 344 51 384
b7 354 128 376 168
b8 93 27 143 89
b9 108 187 124 228
b10 312 386 330 438
b11 52 322 111 361
b12 275 237 303 298
b13 184 243 232 300
b14 177 141 240 184
b15 56 169 108 228
b16 270 37 327 73
b17 354 0 398 66
b18 303 88 354 136
b19 188 184 238 215
b20 126 89 145 126
b21 124 187 188 237
b22 398 56 432 105
b23 22 50 71 70
b24 188 215 233 243
b25 145 237 184 291
b26 67 228 107 283
b27 112 348 137 413
b28 145 50 184 96
b29 376 204 438 228
b30 0 0 24 26
b31 303 136 337 162
b32 232 256 275 309
b33 0 26 22 61
b34 246 361 300 388
b35 404 262 442 293
b36 50 99 89 166
b37 354 66 374 126
b38 93 112 116 169
b39 251 73 303 128
b40 67 70 93 99
b41 93 0 148 27
b42 334 355 396 408
b43 336 235 382 296
b44 181 343 246 390
b45 251 181 295 204
b46 0 167 39 189
b47 238 204 303 237
b48 307 329 334 386
b49 334 408 399 455
b50 45 421 112 453
b51 0 189 38 246
b52 0 384 45 438
b53 45 384 88 405
b54 246 343 307 361
b55 382 228 438 262
b56 39 167 56 230
b57 251 128 269 175
b58 238 309 284 343
b59 148 0 185 50
b60 51 361 91 384
b61 93 89 126 112
b62 251 0 270 60
b63 0 283 36 328
b64 24 0 71 50
b65 376 147 432 204
b66 303 168 364 235
b67 0 127 44 167
b68 184 89 247 141
b69 184 316 238 343
b70 137 358 179 400
b71 71 0 93 64
b72 116 126 177 187
b73 245 390 312 451
b74 398 105 436 147
b75 238 237 266 256
b76 382 262 404 295
b77 179 390 245 447
b78 303 293 335 329
b79 382 295 442 336
b80 335 339 393 355
b81 0 87 50 127
b82 112 291 159 348
b83 36 322 52 344
b84 159 291 181 358
b85 85 283 105 308
b86 398 0 435 56
b87 396 336 440 375
b88 88 384 112 421
b89 107 237 145 264
b90 303 235 336 274
b91 0 328 33 384
b92 184 300 210 316
b93 399 375 434 440
b94 112 413 171 454
b95 327 37 346 88
b96 185 49 251 89
b97 0 70 67 87
b98 374 66 396 128
b99 185 0 251 49
