583957.5
853755
314160
561 560
117.906997
b0 491 27 518 42
b1 369 146 396 162
b2 220 318 242 344
b3 495 407 516 452
b4 0 418 45 458
b5 73 292 99 308
b6 435 444 462 482
b7 433 354 462 389
b8 415 42 451 63
b9 532 155 557 199
b10 469 210 484 241
b11 33 0 57 41
b12 301 310 320 327
b13 340 184 373 232
b14 198 447 219 491
b15 245 399 279 414
b16 0 376 45 418
b17 256 267 297 304
b18 95 327 139 370
b19 338 93 361 129
b20 501 298 514 315
b21 515 274 559 302
b22 210 395 245 424
b23 461 298 501 315
b24 353 465 377 483
b25 462 315 491 358
b26 76 308 94 335
b27 115 513 153 553
b28 228 232 240 256
b29 471 155 500 185
b30 493 256 513 284
b31 53 232 89 264
b32 125 92 147 111
b33 78 29 124 74
b34 201 366 230 378
b35 198 421 210 447
b36 288 168 318 195
b37 178 125 207 137
b38 396 136 415 157
b39 332 466 344 479
b40 201 319 220 366
b41 426 179 445 215
b42 139 359 164 405
b43 89 172 110 211
b44 177 276 201 303
b45 415 136 440 160
b46 262 349 281 362
b47 234 482 276 522
b48 387 313 415 347
b49 52 354 76 402
b50 501 388 515 407
b51 505 88 521 102
b52 373 190 391 227
b53 423 444 435 480
b54 441 143 471 177
b55 387 282 413 313
b56 162 0 193 46
b57 413 396 460 444
b58 320 310 345 335
b59 0 458 38 505
b60 544 407 560 446
b61 516 302 547 347
b62 88 110 124 156
b63 272 195 318 231
b64 21 82 36 115
b65 468 38 491 51
b66 345 232 387 277
b67 52 115 85 129
b68 387 237 415 282
b69 468 51 495 87
b70 0 360 45 376
b71 117 479 149 513
b72 132 223 147 255
b73 0 313 46 325
b74 15 181 58 215
b75 345 342 382 362
b76 335 415 374 451
b77 449 103 467 143
b78 301 0 317 42
b79 150 405 175 445
b80 125 41 161 56
b81 321 451 353 466
b82 0 153 39 177
b83 125 0 162 41
b84 15 215 53 249
b85 139 445 182 479
b86 161 137 205 176
b87 516 347 561 395
b88 515 199 559 228
b89 219 462 261 482
b90 495 42 519 88
b91 0 505 43 526
b92 68 477 115 522
b93 52 334 76 354
b94 44 41 63 72
b95 456 241 493 285
b96 71 444 117 477
b97 50 264 90 279
b98 125 56 138 91
b99 397 96 414 136
b100 300 253 345 297
b101 149 479 185 509
b102 76 375 116 411
b103 150 303 184 337
b104 317 0 359 14
b105 255 114 288 149
b106 182 431 194 464
b107 317 466 332 498
b108 374 403 411 441
b109 515 228 557 274
b110 345 303 387 342
b111 221 146 234 167
b112 201 276 226 306
b113 252 522 276 558
b114 294 88 338 122
b115 281 349 315 371
b116 131 195 150 223
b117 110 174 149 195
b118 189 47 227 91
b119 281 371 309 416
b120 245 363 281 399
b121 335 146 369 184
b122 52 72 72 115
b123 138 56 161 92
b124 186 176 221 207
b125 404 0 450 42
b126 25 325 37 347
b127 426 215 469 240
b128 316 498 360 526
b129 117 444 139 478
b130 462 418 492 444
b131 180 231 228 276
b132 517 137 556 155
b133 63 29 78 72
b134 178 91 225 125
b135 254 63 299 78
b136 519 39 531 76
b137 505 464 533 485
b138 161 46 189 88
b139 508 489 544 526
b140 198 378 210 421
b141 396 160 441 179
b142 468 88 505 115
b143 533 464 557 489
b144 0 177 15 217
b145 300 297 345 310
b146 65 522 113 555
b147 226 276 256 318
b148 219 444 239 462
b149 39 159 86 181
b150 491 315 514 346
b151 415 63 433 105
b152 205 137 221 156
b153 517 107 558 137
b154 372 381 389 403
b155 161 176 186 190
b156 387 347 415 363
b157 57 0 77 25
b158 410 465 423 488
b159 371 48 415 80
b160 369 130 396 146
b161 462 506 508 553
b162 0 30 31 48
b163 411 363 433 396
b164 177 519 213 560
b165 210 378 231 395
b166 361 96 397 130
b167 124 138 161 174
b168 415 240 456 264
b169 519 0 543 39
b170 342 48 371 93
b171 145 337 185 359
b172 0 217 13 244
b173 500 155 532 180
b174 371 80 414 96
b175 182 404 198 419
b176 451 0 484 38
b177 239 424 280 461
b178 335 129 354 146
b179 415 297 461 331
b180 76 335 95 375
b181 475 452 505 480
b182 164 359 188 404
b183 213 522 252 555
b184 254 38 300 63
b185 150 251 177 285
b186 58 199 89 232
b187 0 115 36 153
b188 480 115 517 155
b189 516 395 560 407
b190 124 111 161 138
b191 88 156 122 172
b192 77 0 125 29
b193 462 401 495 418
b194 36 121 49 149
b195 185 464 198 497
b196 301 47 342 88
b197 315 335 343 372
b198 99 279 118 327
b199 280 478 316 509
b200 251 149 288 192
b201 243 211 272 237
b202 433 64 467 103
b203 228 256 256 271
b204 415 264 456 297
b205 228 211 243 232
b206 391 195 426 237
b207 516 407 544 440
b208 210 424 237 444
b209 72 74 117 110
b210 137 255 150 279
b211 182 419 198 431
b212 95 258 137 279
b213 321 406 335 438
b214 161 88 178 115
b215 110 195 131 224
b216 52 402 71 444
b217 232 0 252 48
b218 360 483 375 526
b219 373 162 391 190
b220 49 129 86 159
b221 461 285 506 298
b222 481 185 515 210
b223 309 372 331 391
b224 300 232 345 253
b225 254 0 301 38
b226 36 82 52 121
b227 397 512 429 525
b228 150 211 170 232
b229 153 509 177 557
b230 0 0 33 30
b231 396 179 426 195
b232 439 482 462 524
b233 221 130 234 146
b234 377 465 410 483
b235 493 210 515 256
b236 227 48 254 87
b237 281 416 321 437
b238 276 509 315 536
b239 375 483 397 523
b240 45 444 68 463
b241 215 207 228 231
b242 43 484 65 524
b243 335 381 372 415
b244 0 347 37 360
b245 445 185 481 209
b246 228 167 251 211
b247 255 78 294 114
b248 242 318 285 349
b249 484 0 519 27
b250 415 105 449 136
b251 89 224 132 258
b252 150 232 178 251
b253 354 130 367 145
b254 37 249 50 273
b255 193 0 232 47
b256 196 306 217 319
b257 318 168 335 201
b258 0 48 44 82
b259 345 277 357 303
b260 184 303 196 322
b261 547 302 559 347
b262 118 279 145 327
b263 288 122 335 168
b264 415 331 460 354
b265 0 244 15 289
b266 359 0 404 48
b267 116 405 150 444
b268 0 325 25 347
b269 516 446 553 464
b270 309 391 332 406
b271 397 488 439 512
b272 180 207 215 231
b273 38 463 68 484
b274 0 82 21 115
b275 318 201 340 229
b276 231 349 262 363
b277 462 459 474 506
b278 501 346 514 388
b279 462 358 501 401
b280 15 249 37 280
b281 58 181 88 199
b282 256 237 300 267
b283 462 444 475 459
b284 150 190 180 211
b285 188 322 201 355
b286 281 437 317 478
b287 52 292 73 334
b288 198 491 234 519
b289 15 280 52 313
b290 285 310 301 337
b291 227 87 255 130
b292 374 441 413 465
b293 343 362 386 381
b294 451 38 468 64
b295 52 279 95 292
b296 389 363 405 390
b297 521 76 559 107
b298 317 14 357 47
b299 467 115 480 128
