385421.75
573293.5
197550
439 450
101.610505
b0 75 291 111 307
b1 0 131 19 170
b2 160 246 195 287
b3 81 383 99 430
b4 390 48 416 80
b5 336 108 371 139
b6 105 89 118 118
b7 390 80 411 108
b8 0 68 32 83
b9 374 288 420 322
b10 345 76 390 108
b11 295 154 309 190
b12 321 408 363 444
b13 371 108 419 153
b14 173 354 188 379
b15 284 252 329 298
b16 309 147 331 165
b17 256 0 282 33
b18 420 38 439 72
b19 169 203 181 233
b20 68 247 101 275
b21 255 208 294 252
b22 173 386 212 412
b23 231 0 256 40
b24 306 30 331 45
b25 307 367 343 403
b26 148 407 173 450
b27 32 39 47 73
b28 28 385 66 431
b29 105 188 142 200
b30 0 39 27 56
b31 155 44 192 60
b32 222 120 254 143
b33 237 224 255 260
b34 65 165 103 184
b35 103 200 136 215
b36 47 37 59 65
b37 336 139 357 155
b38 262 417 288 450
b39 60 95 102 125
b40 375 20 416 48
b41 24 168 40 184
b42 306 45 350 64
b43 368 322 402 362
b44 75 275 102 291
b45 105 174 142 188
b46 130 62 178 77
b47 178 340 201 354
b48 122 380 148 404
b49 314 64 345 104
b50 136 203 169 245
b51 0 83 27 131
b52 35 0 62 37
b53 82 430 100 447
b54 192 65 235 81
b55 211 40 257 53
b56 111 284 136 306
b57 129 332 148 380
b58 131 135 172 154
b59 100 404 146 450
b60 328 190 358 225
b61 103 215 136 249
b62 371 251 416 288
b63 187 112 222 127
b64 371 362 419 409
b65 217 156 250 186
b66 192 81 223 112
b67 174 0 211 44
b68 0 230 24 265
b69 25 299 63 318
b70 254 120 268 156
b71 212 190 254 224
b72 0 265 33 299
b73 402 322 420 360
b74 160 287 178 316
b75 0 381 27 404
b76 118 45 130 59
b77 241 53 257 77
b78 62 0 105 26
b79 357 153 376 190
b80 420 24 435 38
b81 279 298 311 318
b82 68 215 101 247
b83 181 209 200 246
b84 242 77 279 120
b85 200 224 237 272
b86 0 206 24 230
b87 242 392 261 437
b88 146 0 174 43
b89 131 154 166 166
b90 136 267 160 312
b91 331 16 375 44
b92 0 404 24 446
b93 28 364 71 385
b94 363 409 379 424
b95 181 159 217 184
b96 178 315 223 340
b97 32 73 57 101
b98 24 142 40 168
b99 211 0 231 37
b100 148 352 173 379
b101 265 338 305 386
b102 314 225 352 250
b103 188 354 220 386
b104 0 299 25 335
b105 265 386 307 417
b106 376 153 410 192
b107 325 0 370 16
b108 118 77 151 89
b109 296 318 318 330
b110 279 75 302 119
b111 328 165 341 183
b112 254 190 300 208
b113 308 104 336 147
b114 399 409 418 448
b115 33 262 63 299
b116 257 33 294 75
b117 307 343 344 367
b118 0 0 35 39
b119 363 425 399 449
b120 66 385 81 430
b121 172 127 217 159
b122 282 0 325 30
b123 217 143 252 156
b124 118 135 131 174
b125 72 365 100 383
b126 65 125 103 153
b127 136 245 160 267
b128 148 316 173 352
b129 28 318 72 364
b130 60 50 104 95
b131 294 208 314 244
b132 189 412 205 450
b133 24 184 36 198
b134 350 60 379 76
b135 205 412 220 449
b136 420 0 439 24
b137 24 198 42 220
b138 220 416 242 446
b139 68 184 101 215
b140 375 0 391 12
b141 42 184 67 218
b142 344 362 371 408
b143 374 192 418 238
b144 107 307 136 332
b145 250 156 295 190
b146 334 310 368 343
b147 0 56 31 68
b148 130 45 155 62
b149 165 89 187 111
b150 374 238 404 251
b151 341 155 357 182
b152 288 417 321 450
b153 294 30 306 70
b154 24 220 68 262
b155 27 431 40 443
b156 40 431 82 450
b157 63 275 75 317
b158 237 310 265 327
b159 0 170 24 206
b160 350 48 386 60
b161 223 81 242 112
b162 211 53 241 65
b163 118 89 165 135
b164 75 307 107 334
b165 27 101 60 142
b166 151 77 187 89
b167 314 165 328 212
b168 40 142 65 179
b169 0 335 28 381
b170 100 359 122 404
b171 102 249 136 284
b172 181 184 212 209
b173 223 327 265 349
b174 391 0 416 20
b175 65 153 99 165
b176 318 298 334 318
b177 72 334 93 365
b178 379 409 399 425
b179 105 0 146 45
b180 192 44 211 65
b181 237 295 279 310
b182 302 70 314 103
b183 173 412 189 449
b184 352 229 371 249
b185 105 45 118 89
b186 105 118 118 166
b187 220 392 242 416
b188 62 26 102 50
b189 265 318 296 338
b190 142 166 176 203
b191 329 250 371 287
b192 148 379 170 407
b193 195 272 237 315
b194 220 349 262 392
b195 93 334 129 359
b196 358 190 374 229
b197 237 260 284 295
b198 334 288 374 310
b199 268 120 308 154
