372019
547838
196200
436 450
80.775729
b0 356 39 392 55
b1 50 431 89 450
b2 210 170 245 211
b3 31 160 49 207
b4 134 198 166 224
b5 0 154 31 189
b6 129 241 142 270
b7 24 0 45 28
b8 33 91 48 123
b9 96 164 142 198
b10 193 0 225 45
b11 166 419 202 433
b12 282 58 324 94
b13 275 347 323 392
b14 238 389 263 404
b15 289 124 335 169
b16 0 322 22 340
b17 193 80 226 106
b18 290 314 324 333
b19 367 93 379 123
b20 76 43 104 76
b21 345 0 389 39
b22 50 287 76 326
b23 112 347 152 372
b24 266 94 291 109
b25 335 149 371 185
b26 0 279 25 322
b27 89 410 104 444
b28 247 404 285 450
b29 323 347 335 384
b30 306 209 333 226
b31 33 123 49 160
b32 285 427 317 450
b33 58 370 76 406
b34 223 314 261 333
b35 245 156 260 189
b36 182 68 210 80
b37 76 287 92 308
b38 114 12 147 38
b39 394 417 436 447
b40 260 156 288 197
b41 68 143 84 159
b42 149 83 193 102
b43 24 370 58 410
b44 360 347 387 363
b45 49 160 86 174
b46 267 46 282 94
b47 367 79 390 93
b48 149 102 173 128
b49 199 358 239 389
b50 324 83 366 116
b51 154 171 202 198
b52 0 59 37 86
b53 0 189 18 206
b54 0 399 16 442
b55 68 130 114 143
b56 392 30 414 55
b57 204 236 223 284
b58 210 109 251 128
b59 177 284 223 330
b60 285 392 315 427
b61 0 120 33 154
b62 49 174 94 211
b63 76 333 111 348
b64 324 299 371 347
b65 291 94 324 124
b66 60 223 91 254
b67 92 261 129 305
b68 0 340 24 375
b69 91 223 110 261
b70 310 277 324 313
b71 210 128 244 170
b72 16 410 50 443
b73 251 109 289 127
b74 73 0 102 18
b75 195 45 222 68
b76 263 377 275 391
b77 49 113 73 129
b78 327 273 370 299
b79 333 209 370 228
b80 104 143 118 158
b81 223 236 243 268
b82 335 116 367 149
b83 238 333 275 352
b84 371 263 414 300
b85 290 229 327 277
b86 362 55 386 79
b87 202 419 247 438
b88 245 128 288 156
b89 114 0 149 12
b90 367 123 412 147
b91 371 300 415 328
b92 166 198 208 222
b93 223 268 244 311
b94 184 361 199 377
b95 379 93 415 118
b96 25 279 50 324
b97 73 18 101 43
b98 396 227 412 253
b99 290 277 310 314
b100 210 211 237 236
b101 12 211 60 251
b102 96 198 134 223
b103 104 414 136 446
b104 371 227 396 263
b105 118 372 149 414
b106 110 72 149 106
b107 156 324 172 369
b108 177 222 210 234
b109 142 164 154 186
b110 112 324 156 347
b111 182 45 195 63
b112 264 0 282 46
b113 45 0 73 43
b114 149 396 188 415
b115 188 389 225 419
b116 73 88 110 130
b117 0 0 24 37
b118 154 134 193 169
b119 118 140 154 164
b120 222 60 267 75
b121 315 392 360 424
b122 129 272 172 302
b123 321 42 356 55
b124 225 0 264 13
b125 24 28 42 56
b126 324 55 362 83
b127 244 290 266 314
b128 76 308 112 333
b129 245 197 289 243
b130 327 228 371 273
b131 282 0 302 36
b132 266 290 282 328
b133 62 60 76 72
b134 239 352 255 381
b135 193 134 208 171
b136 0 375 19 399
b137 154 302 172 324
b138 389 0 411 30
b139 394 343 427 374
b140 173 102 189 114
b141 360 363 394 388
b142 177 234 204 280
b143 25 326 71 370
b144 209 333 238 358
b145 104 38 149 72
b146 0 86 33 120
b147 290 197 321 209
b148 110 224 135 241
b149 48 91 70 113
b150 136 415 166 428
b151 193 330 209 357
b152 58 254 91 287
b153 202 438 242 450
b154 149 0 193 42
b155 225 389 238 401
b156 112 305 154 324
b157 0 236 12 278
b158 42 43 70 60
b159 390 55 414 91
b160 60 211 96 223
b161 49 129 68 160
b162 0 206 12 236
b163 244 243 290 290
b164 152 369 184 396
b165 149 42 182 83
b166 290 185 326 197
b167 275 333 322 347
b168 357 425 394 450
b169 12 251 58 279
b170 155 224 177 269
b171 114 106 149 140
b172 37 60 62 91
b173 371 205 413 227
b174 255 352 275 377
b175 70 76 104 88
b176 84 143 104 159
b177 172 330 193 361
b178 290 209 306 229
b179 371 160 412 205
b180 50 410 69 431
b181 371 328 413 343
b182 102 0 114 33
b183 288 169 325 185
b184 69 410 89 429
b185 371 147 415 160
b186 142 224 155 272
b187 0 37 24 59
b188 326 185 366 209
b189 173 114 204 134
b190 360 388 394 425
b191 76 373 118 410
b192 136 428 164 450
b193 394 374 436 417
b194 302 0 345 42
b195 76 348 112 373
b196 282 42 321 58
b197 225 13 260 60
b198 317 424 357 446
b199 226 75 266 109
