248866
299352
198380
436 455
2.175295
b0 150 104 183 147
b1 352 40 417 77
b2 89 385 142 419
b3 351 171 418 208
b4 0 0 29 19
b5 238 142 287 181
b6 333 168 351 208
b7 0 209 22 249
b8 364 330 414 392
b9 294 0 310 41
b10 218 0 236 52
b11 184 249 223 308
b12 89 75 150 103
b13 89 164 146 212
b14 364 397 427 440
b15 357 227 416 279
b16 326 304 362 361
b17 291 260 357 304
b18 385 279 433 330
b19 295 304 326 354
b20 416 232 435 269
b21 154 0 218 50
b22 0 111 34 160
b23 0 160 20 209
b24 0 390 28 435
b25 154 50 193 104
b26 89 345 144 385
b27 223 281 288 306
b28 294 168 333 214
b29 310 66 334 128
b30 22 341 46 367
b31 46 341 80 367
b32 238 99 291 142
b33 204 308 226 343
b34 127 268 181 295
b35 183 110 214 148
b36 310 129 377 168
b37 226 306 286 326
b38 310 0 333 57
b39 240 326 295 378
b40 160 390 189 416
b41 236 16 291 43
b42 34 98 87 160
b43 291 214 352 260
b44 299 408 364 455
b45 22 367 66 390
b46 218 52 257 74
b47 55 390 88 455
b48 28 390 55 447
b49 299 361 364 408
b50 267 378 299 445
b51 127 230 184 268
b52 144 345 198 390
b53 364 279 385 322
b54 418 171 436 232
b55 257 43 291 99
b56 334 66 351 129
b57 417 40 435 87
b58 89 419 135 453
b59 89 212 126 262
b60 214 110 237 150
b61 197 226 230 249
b62 352 208 412 227
b63 193 74 238 110
b64 133 295 180 345
b65 377 114 433 171
b66 22 201 89 262
b67 89 304 133 344
b68 150 148 202 211
b69 0 19 27 73
b70 198 345 240 387
b71 0 249 22 313
b72 89 103 150 164
b73 230 214 291 281
b74 89 262 127 304
b75 333 38 352 66
b76 0 89 33 111
b77 22 262 88 319
b78 186 416 218 452
b79 29 0 89 41
b80 236 0 294 16
b81 89 35 139 75
b82 33 41 80 98
b83 144 390 160 412
b84 22 319 89 341
b85 202 206 227 226
b86 352 77 408 114
b87 142 416 186 455
b88 180 308 204 345
b89 333 0 360 38
b90 238 181 277 214
b91 202 150 235 206
b92 0 73 26 89
b93 89 0 154 35
b94 20 160 79 201
b95 146 211 197 230
b96 360 0 426 40
b97 414 330 431 397
b98 0 313 22 375
b99 218 387 267 453
