248480
299035
197925
435 455
3.20103
b0 325 387 368 420
b1 38 115 103 152
b2 262 373 315 407
b3 61 169 98 236
b4 158 277 177 306
b5 390 328 429 377
b6 364 135 382 175
b7 317 281 339 321
b8 213 306 263 368
b9 165 153 181 194
b10 181 153 233 171
b11 174 306 213 365
b12 110 371 138 432
b13 138 371 195 419
b14 233 223 296 266
b15 181 246 233 305
b16 38 79 95 115
b17 389 159 433 225
b18 147 0 195 51
b19 0 77 31 127
b20 404 60 423 97
b21 95 52 159 102
b22 61 421 110 455
b23 368 371 388 420
b24 263 345 308 373
b25 263 306 317 345
b26 360 0 415 40
b27 364 175 389 240
b28 128 332 174 371
b29 267 177 329 201
b30 361 347 387 371
b31 330 116 364 142
b32 291 57 344 100
b33 382 59 404 94
b34 195 385 249 412
b35 0 127 38 158
b36 390 377 429 444
b37 58 0 118 20
b38 0 395 57 418
b39 106 277 158 332
b40 118 0 147 26
b41 404 225 431 280
b42 382 97 435 159
b43 284 116 330 177
b44 143 106 208 153
b45 317 258 361 281
b46 101 26 140 48
b47 138 419 203 452
b48 333 0 360 57
b49 339 282 386 347
b50 61 332 128 364
b51 195 0 252 38
b52 61 277 106 331
b53 195 38 238 59
b54 208 126 269 144
b55 330 142 364 198
b56 38 152 101 169
b57 299 258 317 305
b58 388 282 422 328
b59 0 27 37 77
b60 249 407 289 430
b61 252 44 275 77
b62 415 0 434 60
b63 289 407 325 452
b64 159 59 209 106
b65 0 210 56 267
b66 0 328 61 395
b67 317 347 361 387
b68 165 194 228 246
b69 38 25 65 79
b70 362 240 404 282
b71 101 153 165 175
b72 0 267 61 328
b73 98 175 165 236
b74 291 0 333 38
b75 380 40 408 59
b76 203 412 236 434
b77 296 201 362 258
b78 65 20 101 52
b79 100 236 160 277
b80 275 100 333 116
b81 103 102 143 152
b82 61 364 108 421
b83 364 113 380 135
b84 228 201 295 223
b85 38 0 58 25
b86 0 418 56 455
b87 252 0 291 44
b88 243 163 267 200
b89 0 0 38 27
b90 61 236 100 269
b91 344 57 377 113
b92 165 246 181 272
b93 325 420 390 455
b94 0 169 59 210
b95 233 144 284 163
b96 233 266 299 306
b97 195 368 262 385
b98 181 171 243 193
b99 209 77 275 126
