380028
564756
195300
434 450
53.619594
b0 172 334 208 350
b1 313 150 352 169
b2 168 230 203 271
b3 32 283 79 301
b4 329 279 355 311
b5 38 178 73 209
b6 142 106 171 119
b7 137 395 165 416
b8 37 163 69 178
b9 172 350 206 396
b10 0 345 32 390
b11 352 265 388 279
b12 94 278 136 314
b13 92 152 137 200
b14 254 139 269 164
b15 388 310 433 356
b16 212 351 230 373
b17 319 355 345 388
b18 308 278 327 312
b19 31 48 43 78
b20 46 301 79 329
b21 73 227 117 266
b22 308 236 347 262
b23 241 99 266 139
b24 241 74 256 99
b25 204 101 240 137
b26 0 424 43 449
b27 43 414 58 448
b28 99 365 137 411
b29 229 137 241 174
b30 164 122 181 149
b31 162 0 199 16
b32 100 79 132 102
b33 99 430 135 448
b34 369 313 388 351
b35 188 271 203 304
b36 399 87 411 115
b37 46 0 62 21
b38 280 222 306 255
b39 339 313 369 355
b40 230 351 271 379
b41 271 351 287 367
b42 317 49 336 93
b43 58 415 98 449
b44 171 106 198 122
b45 136 269 150 306
b46 94 314 142 329
b47 280 317 294 340
b48 68 64 92 90
b49 317 18 357 49
b50 358 408 391 450
b51 92 200 140 227
b52 0 179 37 206
b53 255 205 273 222
b54 37 147 80 163
b55 170 435 216 448
b56 222 247 244 272
b57 156 87 204 106
b58 255 164 274 205
b59 208 279 254 325
b60 243 0 273 35
b61 355 279 388 313
b62 125 0 162 45
b63 294 312 329 327
b64 182 137 229 185
b65 313 169 346 199
b66 399 38 430 69
b67 308 199 352 236
b68 317 126 352 150
b69 59 396 97 415
b70 100 45 136 59
b71 100 102 142 136
b72 136 416 170 449
b73 150 230 168 268
b74 399 69 428 87
b75 372 48 399 71
b76 150 215 162 229
b77 399 250 423 266
b78 208 325 251 351
b79 99 411 136 430
b80 142 87 156 102
b81 100 59 132 79
b82 0 234 32 267
b83 203 242 222 279
b84 321 404 358 447
b85 0 97 37 145
b86 140 191 164 215
b87 73 163 92 208
b88 280 255 308 298
b89 73 266 108 278
b90 180 41 204 86
b91 72 90 100 134
b92 275 46 299 88
b93 104 0 125 43
b94 308 262 323 278
b95 258 423 294 448
b96 294 327 339 352
b97 150 287 178 312
b98 252 35 268 61
b99 140 171 177 191
b100 229 174 254 201
b101 357 0 397 48
b102 218 0 243 38
b103 0 267 32 299
b104 86 329 111 365
b105 117 227 148 269
b106 274 111 313 145
b107 369 363 385 408
b108 267 261 279 294
b109 150 334 162 356
b110 352 196 396 219
b111 343 0 356 18
b112 299 46 317 92
b113 38 209 66 252
b114 255 298 294 317
b115 274 145 311 175
b116 62 0 104 37
b117 0 0 24 37
b118 137 356 172 395
b119 396 180 432 204
b120 79 278 94 323
b121 54 329 86 374
b122 204 58 234 101
b123 37 97 72 110
b124 255 222 268 261
b125 411 87 429 115
b126 0 206 38 234
b127 31 24 53 48
b128 111 329 136 365
b129 0 301 46 345
b130 385 356 430 400
b131 204 38 240 58
b132 150 271 188 287
b133 18 70 30 84
b134 323 262 352 278
b135 419 0 434 37
b136 178 304 202 323
b137 0 70 18 92
b138 142 119 164 149
b139 32 252 65 283
b140 369 351 385 363
b141 255 317 280 351
b142 228 201 255 247
b143 388 266 434 310
b144 294 352 319 381
b145 352 151 386 196
b146 273 0 307 33
b147 0 37 31 49
b148 294 423 311 448
b149 397 0 419 22
b150 212 422 242 435
b151 43 387 59 414
b152 317 93 350 126
b153 336 49 348 89
b154 136 45 180 87
b155 43 48 55 61
b156 275 92 317 111
b157 352 109 364 151
b158 177 185 205 202
b159 386 156 422 180
b160 240 38 252 74
b161 345 355 364 386
b162 255 261 267 291
b163 352 219 399 265
b164 68 37 100 64
b165 254 379 287 420
b166 307 0 343 12
b167 274 175 288 222
b168 37 110 62 147
b169 399 204 427 250
b170 137 149 182 171
b171 287 388 321 423
b172 162 16 193 41
b173 32 345 54 387
b174 352 49 372 74
b175 268 222 280 256
b176 399 22 419 38
b177 0 49 31 70
b178 242 422 258 442
b179 389 115 434 156
b180 256 61 275 82
b181 162 215 204 230
b182 31 85 64 97
b183 321 388 358 404
b184 199 0 218 20
b185 273 33 317 46
b186 55 37 68 85
b187 24 0 46 24
b188 204 202 228 242
b189 288 175 308 206
b190 0 145 37 179
b191 170 396 212 433
b192 150 312 178 334
b193 391 400 434 442
b194 212 379 254 422
b195 364 109 389 145
b196 80 136 119 152
b197 352 74 399 109
b198 59 374 99 396
b199 0 390 40 424
