377350.75
559401.5
195300
434 450
83.122423
b0 175 234 191 270
b1 359 340 378 379
b2 342 0 383 35
b3 311 369 358 387
b4 122 415 148 447
b5 217 321 252 352
b6 309 26 338 39
b7 235 147 256 175
b8 33 132 65 147
b9 208 43 254 77
b10 0 377 32 422
b11 83 398 97 434
b12 69 280 111 316
b13 150 400 195 448
b14 335 212 350 237
b15 200 262 245 308
b16 114 0 132 22
b17 309 0 342 26
b18 84 145 103 179
b19 339 272 351 302
b20 156 372 189 400
b21 129 192 173 231
b22 343 246 382 272
b23 97 398 122 438
b24 200 237 215 262
b25 119 321 155 357
b26 382 247 425 272
b27 174 20 208 35
b28 0 327 46 365
b29 0 365 37 377
b30 200 321 217 348
b31 208 0 224 37
b32 210 150 233 182
b33 157 234 175 270
b34 235 352 254 390
b35 250 0 265 33
b36 100 85 128 97
b37 200 365 221 381
b38 351 121 377 154
b39 81 368 123 398
b40 405 111 433 152
b41 266 343 282 359
b42 287 255 306 299
b43 168 62 208 96
b44 310 39 326 66
b45 0 86 14 123
b46 216 241 264 256
b47 281 435 304 449
b48 13 271 39 295
b49 254 74 285 114
b50 254 301 287 343
b51 66 0 114 27
b52 306 237 343 264
b53 235 175 253 192
b54 282 344 325 360
b55 47 437 93 450
b56 395 379 417 404
b57 216 182 235 230
b58 14 147 33 188
b59 235 404 281 450
b60 309 264 339 299
b61 377 78 411 111
b62 111 284 156 321
b63 262 179 277 214
b64 71 321 119 368
b65 359 307 389 340
b66 281 404 312 435
b67 155 155 199 192
b68 105 190 129 225
b69 393 59 431 78
b70 0 182 14 218
b71 325 327 359 369
b72 170 96 204 129
b73 82 51 100 89
b74 66 27 95 45
b75 174 35 197 62
b76 35 45 47 59
b77 14 188 38 204
b78 224 0 250 43
b79 14 110 33 147
b80 0 123 14 138
b81 256 159 288 179
b82 14 204 47 236
b83 397 359 434 378
b84 392 157 429 200
b85 350 198 387 246
b86 78 256 102 280
b87 312 387 357 406
b88 156 316 199 344
b89 254 343 266 378
b90 398 272 422 317
b91 254 46 298 74
b92 47 316 71 358
b93 14 46 35 89
b94 200 182 216 197
b95 143 130 179 155
b96 309 302 354 327
b97 235 122 263 147
b98 111 268 137 284
b99 0 422 37 442
b100 393 34 420 59
b101 195 381 235 429
b102 33 94 58 132
b103 316 148 348 180
b104 297 98 333 123
b105 47 218 78 260
b106 47 179 81 218
b107 0 311 45 327
b108 263 147 296 159
b109 374 404 386 426
b110 266 360 289 404
b111 0 271 13 289
b112 14 0 32 46
b113 156 344 199 372
b114 378 340 397 379
b115 137 22 174 52
b116 397 317 434 359
b117 133 231 157 268
b118 359 272 398 307
b119 47 413 83 437
b120 32 377 47 422
b121 100 97 145 129
b122 306 182 349 212
b123 200 352 235 365
b124 0 47 13 86
b125 210 122 228 150
b126 105 162 143 190
b127 47 260 69 284
b128 359 379 395 404
b129 156 270 200 316
b130 210 77 254 122
b131 167 0 203 20
b132 0 295 38 311
b133 349 170 363 182
b134 277 182 306 198
b135 377 157 392 194
b136 95 27 114 51
b137 137 77 159 95
b138 137 0 167 22
b139 33 148 66 179
b140 96 129 108 145
b141 145 96 170 130
b142 386 404 432 431
b143 265 0 309 46
b144 306 212 335 237
b145 47 368 81 413
b146 32 0 66 33
b147 298 46 310 77
b148 235 192 260 209
b149 111 231 133 253
b150 386 431 416 444
b151 350 182 377 198
b152 108 129 141 162
b153 200 197 212 237
b154 312 406 356 448
b155 310 66 322 79
b156 65 106 84 148
b157 58 94 100 106
b158 122 398 150 415
b159 263 123 299 147
b160 78 219 90 255
b161 195 429 226 448
b162 285 74 297 104
b163 387 200 433 247
b164 235 209 262 241
b165 123 357 156 398
b166 84 106 96 142
b167 0 0 14 47
b168 326 39 351 76
b169 377 111 405 157
b170 287 299 309 344
b171 47 45 82 79
b172 137 52 168 77
b173 173 192 195 234
b174 47 284 67 309
b175 143 155 155 189
b176 277 198 293 218
b177 90 225 111 256
b178 351 154 371 170
b179 245 256 286 301
b180 14 89 33 110
b181 35 79 77 94
b182 32 33 65 45
b183 299 123 315 160
b184 298 79 318 98
b185 0 138 13 182
b186 200 308 248 321
b187 411 78 433 102
b188 81 179 105 219
b189 179 129 210 149
b190 100 51 137 85
b191 264 218 306 255
b192 288 160 316 182
b193 351 35 393 78
b194 333 78 375 121
b195 315 123 351 148
b196 358 404 374 443
b197 0 236 47 271
b198 289 360 311 400
b199 393 0 433 34
