371705.75
550361.5
193050
429 450
41.438473
b0 57 309 93 325
b1 94 194 133 213
b2 0 96 35 137
b3 215 338 262 356
b4 250 175 282 201
b5 215 307 250 338
b6 292 424 321 437
b7 359 315 380 343
b8 200 364 215 396
b9 250 283 296 317
b10 133 404 165 449
b11 373 0 409 14
b12 106 231 142 273
b13 376 237 421 285
b14 364 417 379 442
b15 165 401 211 446
b16 250 258 268 280
b17 343 224 376 250
b18 169 209 203 228
b19 363 194 375 224
b20 122 120 150 153
b21 154 28 198 67
b22 60 325 99 351
b23 371 346 411 371
b24 372 169 387 194
b25 298 287 334 323
b26 186 267 229 292
b27 343 250 358 284
b28 245 0 291 38
b29 242 93 279 105
b30 27 255 54 272
b31 117 409 133 446
b32 226 105 258 128
b33 106 213 142 231
b34 98 409 117 447
b35 83 404 98 437
b36 105 153 133 165
b37 402 124 418 145
b38 357 143 390 169
b39 298 135 340 165
b40 379 417 420 445
b41 38 380 54 396
b42 231 261 250 305
b43 129 329 169 363
b44 283 108 299 135
b45 242 161 279 175
b46 60 354 108 369
b47 406 167 420 190
b48 211 422 235 448
b49 323 193 363 224
b50 250 225 292 258
b51 369 390 417 417
b52 189 97 226 124
b53 0 317 18 334
b54 0 183 43 199
b55 81 161 94 207
b56 258 105 283 127
b57 325 0 373 19
b58 133 363 152 404
b59 204 215 250 261
b60 384 75 419 105
b61 0 13 34 46
b62 292 379 329 424
b63 0 375 35 390
b64 335 58 383 105
b65 89 114 122 144
b66 380 315 411 346
b67 105 273 142 317
b68 65 114 89 149
b69 340 105 359 143
b70 43 195 79 209
b71 27 149 69 183
b72 73 213 106 247
b73 204 161 242 179
b74 358 250 376 279
b75 142 208 169 231
b76 169 347 181 361
b77 142 276 166 292
b78 37 82 80 108
b79 334 343 371 362
b80 119 165 133 180
b81 343 284 375 304
b82 80 82 113 114
b83 384 105 421 124
b84 39 37 76 80
b85 152 364 200 401
b86 174 67 198 91
b87 298 224 343 243
b88 40 420 83 448
b89 0 305 35 317
b90 180 164 204 209
b91 154 0 198 28
b92 250 201 292 225
b93 333 19 376 40
b94 38 365 54 380
b95 359 105 384 141
b96 339 402 364 447
b97 113 84 138 112
b98 341 143 357 169
b99 142 292 162 329
b100 268 258 295 283
b101 57 247 105 287
b102 0 334 38 359
b103 262 340 294 372
b104 329 362 365 387
b105 291 25 333 56
b106 0 46 39 80
b107 41 272 57 317
b108 228 179 240 212
b109 261 414 273 436
b110 142 231 186 254
b111 390 154 408 167
b112 289 56 335 74
b113 298 165 341 193
b114 365 371 404 390
b115 99 317 129 354
b116 35 0 77 37
b117 0 390 37 414
b118 294 340 329 379
b119 40 396 76 420
b120 186 292 231 307
b121 376 205 421 237
b122 375 285 418 315
b123 0 0 35 13
b124 150 103 189 116
b125 182 346 210 364
b126 37 108 65 146
b127 57 287 81 309
b128 299 108 335 133
b129 215 356 261 400
b130 298 243 343 287
b131 154 67 174 103
b132 0 359 38 375
b133 409 0 421 14
b134 282 172 298 201
b135 283 135 298 172
b136 54 369 73 393
b137 321 424 339 446
b138 261 392 291 414
b139 42 209 73 242
b140 273 434 285 450
b141 291 0 325 25
b142 0 137 27 183
b143 198 51 242 97
b144 94 165 119 194
b145 288 74 333 108
b146 237 128 271 161
b147 285 437 316 449
b148 292 323 317 340
b149 215 400 237 422
b150 169 317 182 347
b151 0 255 27 271
b152 204 128 237 161
b153 329 390 369 402
b154 377 14 419 58
b155 408 145 421 157
b156 250 317 292 336
b157 335 40 377 52
b158 384 58 412 75
b159 204 179 228 215
b160 69 149 105 161
b161 110 354 129 385
b162 390 124 402 154
b163 133 162 180 208
b164 182 307 214 334
b165 0 272 41 305
b166 138 84 150 120
b167 198 0 245 14
b168 198 14 223 51
b169 150 116 178 162
b170 237 400 259 445
b171 76 369 110 404
b172 298 193 323 224
b173 142 254 184 276
b174 162 292 182 317
b175 69 161 81 195
b176 390 167 406 187
b177 341 169 372 190
b178 166 276 186 292
b179 77 37 118 82
b180 81 287 102 306
b181 387 190 429 205
b182 182 334 215 346
b183 0 80 37 96
b184 273 414 292 434
b185 245 38 289 51
b186 0 242 48 255
b187 110 385 132 409
b188 180 124 204 164
b189 261 372 292 392
b190 118 47 152 84
b191 77 0 119 37
b192 223 14 245 42
b193 245 51 288 93
b194 0 199 42 242
b195 334 304 359 340
b196 186 228 202 267
b197 119 0 154 47
b198 38 325 60 365
b199 0 414 40 448
