589709.5
880406
299013
533 561
422.803881
b0 349 546 376 561
b1 498 129 525 145
b2 179 531 201 557
b3 319 220 364 241
b4 69 37 109 82
b5 367 384 393 400
b6 346 508 373 546
b7 0 56 29 91
b8 267 509 303 530
b9 440 283 484 308
b10 64 219 95 234
b11 349 308 390 332
b12 338 241 357 258
b13 64 171 97 219
b14 34 124 78 145
b15 375 400 390 434
b16 488 356 533 398
b17 233 227 274 264
b18 257 313 301 356
b19 373 475 396 511
b20 237 386 250 403
b21 294 403 338 431
b22 363 355 398 384
b23 149 457 189 474
b24 121 535 139 559
b25 490 34 519 77
b26 391 292 409 319
b27 98 455 136 495
b28 42 412 54 436
b29 22 15 51 45
b30 265 57 293 77
b31 292 180 324 216
b32 81 331 100 353
b33 144 25 190 70
b34 338 377 350 406
b35 69 145 81 171
b36 91 126 121 153
b37 396 475 408 504
b38 433 44 454 63
b39 149 161 161 174
b40 469 332 488 379
b41 378 0 414 19
b42 144 0 190 25
b43 201 509 222 548
b44 193 197 217 224
b45 338 353 363 377
b46 29 62 42 81
b47 149 121 191 161
b48 304 353 338 381
b49 251 358 299 382
b50 391 511 405 530
b51 518 178 532 194
b52 51 37 69 74
b53 164 161 200 173
b54 488 285 518 319
b55 310 86 336 117
b56 226 312 257 358
b57 246 445 294 492
b58 72 373 97 398
b59 190 34 228 81
b60 25 412 41 451
b61 222 529 267 560
b62 449 392 485 438
b63 294 431 340 467
b64 125 77 140 110
b65 383 131 406 144
b66 491 468 533 513
b67 400 44 433 58
b68 121 126 149 171
b69 30 471 57 507
b70 248 36 264 81
b71 233 81 265 115
b72 518 285 533 317
b73 113 202 159 214
b74 190 0 233 34
b75 453 76 490 96
b76 304 317 343 353
b77 233 0 273 18
b78 408 544 450 560
b79 139 535 179 560
b80 390 319 405 355
b81 233 514 265 529
b82 440 181 479 205
b83 369 434 406 475
b84 144 70 182 104
b85 489 0 532 34
b86 338 95 382 134
b87 293 132 338 180
b88 340 430 369 474
b89 449 350 469 392
b90 431 308 477 332
b91 54 434 97 455
b92 486 198 533 243
b93 41 212 61 236
b94 409 301 428 332
b95 233 183 270 227
b96 445 479 491 512
b97 166 173 206 188
b98 273 0 286 35
b99 140 104 180 121
b100 76 513 121 557
b101 490 99 526 129
b102 265 77 305 113
b103 129 385 163 419
b104 150 257 164 299
b105 0 272 35 305
b106 488 432 521 444
b107 19 0 51 15
b108 408 473 445 511
b109 246 403 292 445
b110 294 467 336 506
b111 357 40 378 53
b112 201 441 226 471
b113 382 95 406 131
b114 91 82 125 126
b115 233 492 267 514
b116 431 146 459 165
b117 0 130 21 169
b118 189 471 233 509
b119 48 507 76 552
b120 407 110 443 146
b121 163 423 201 457
b122 34 81 54 124
b123 94 0 117 36
b124 286 0 317 35
b125 484 243 530 285
b126 407 237 429 249
b127 324 259 349 302
b128 143 322 171 366
b129 0 22 22 56
b130 191 132 221 158
b131 166 258 214 303
b132 251 382 290 400
b133 233 36 248 79
b134 419 63 453 110
b135 293 117 338 132
b136 414 0 426 37
b137 0 449 21 477
b138 440 239 482 267
b139 495 513 532 549
b140 117 0 129 43
b141 430 428 449 473
b142 149 474 186 501
b143 351 405 375 430
b144 317 0 357 15
b145 136 455 149 500
b146 416 380 449 428
b147 349 278 391 308
b148 81 353 99 373
b149 0 536 47 558
b150 38 145 69 168
b151 89 495 131 513
b152 458 165 477 181
b153 0 242 41 272
b154 29 45 51 62
b155 119 285 144 299
b156 64 234 92 250
b157 449 459 474 479
b158 407 146 430 159
b159 57 455 89 499
b160 266 297 293 313
b161 233 115 280 161
b162 431 332 462 350
b163 264 35 297 57
b164 0 206 41 242
b165 350 384 367 405
b166 163 389 199 423
b167 97 215 133 252
b168 488 444 529 468
b169 416 249 440 288
b170 41 286 70 331
b171 490 77 530 99
b172 431 165 458 178
b173 42 331 67 363
b174 440 267 483 283
b175 171 330 186 346
b176 266 264 304 297
b177 54 82 91 123
b178 150 303 167 322
b179 440 205 486 239
b180 347 53 366 93
b181 0 477 30 505
b182 406 428 430 473
b183 407 198 440 237
b184 0 403 25 449
b185 340 474 367 508
b186 119 252 150 285
b187 317 15 353 53
b188 488 319 528 356
b189 305 549 349 561
b190 166 188 193 225
b191 22 357 38 391
b192 0 507 48 536
b193 21 145 38 178
b194 133 214 161 227
b195 488 398 521 411
b196 305 508 346 549
b197 0 178 37 206
b198 398 361 446 380
b199 41 250 72 286
b200 51 0 94 37
b201 405 332 431 361
b202 0 91 34 130
b203 129 0 144 28
b204 456 35 489 76
b205 376 511 391 532
b206 100 299 142 334
b207 0 305 33 333
b208 274 240 301 260
b209 338 134 383 170
b210 338 406 351 430
b211 38 400 54 412
b212 386 144 407 186
b213 67 331 81 363
b214 267 492 294 509
b215 100 385 129 406
b216 214 358 233 400
b217 304 259 324 307
b218 182 81 225 96
b219 233 358 251 386
b220 366 65 403 95
b221 280 113 293 158
b222 186 330 220 355
b223 0 0 19 22
b224 488 411 533 432
b225 324 182 371 220
b226 459 135 498 151
b227 233 441 246 473
b228 21 451 42 471
b229 100 406 124 454
b230 70 298 100 331
b231 150 227 166 257
b232 393 384 416 426
b233 42 455 55 471
b234 378 19 411 37
b235 0 357 22 403
b236 206 158 233 197
b237 357 0 378 40
b238 187 303 226 330
b239 233 161 273 183
b240 273 161 292 184
b241 199 389 212 413
b242 375 238 397 278
b243 38 363 72 400
b244 226 273 239 310
b245 465 96 489 132
b246 41 168 64 212
b247 124 419 163 455
b248 371 195 402 238
b249 456 0 483 35
b250 109 43 140 77
b251 171 355 214 389
b252 376 532 404 551
b253 297 35 310 50
b254 349 332 373 345
b255 479 151 518 198
b256 41 236 62 249
b257 273 184 290 217
b258 54 400 98 434
b259 221 132 233 158
b260 293 57 305 76
b261 338 170 383 182
b262 239 264 266 312
b263 72 252 119 298
b264 274 217 319 240
b265 214 228 229 273
b266 450 513 495 561
b267 131 501 170 535
b268 443 110 465 135
b269 301 241 338 259
b270 324 302 347 317
b271 0 333 42 357
b272 97 153 121 188
b273 449 438 479 459
b274 408 511 429 544
b275 378 37 400 65
b276 217 197 231 228
b277 100 373 147 385
b278 519 34 532 76
b279 100 334 143 373
b280 170 509 201 531
b281 233 18 263 36
b282 426 0 456 44
b283 371 182 386 195
b284 429 512 450 542
b285 518 145 531 178
b286 191 96 232 132
b287 292 382 334 403
b288 201 413 237 441
b289 310 53 347 86
b290 171 303 187 330
b291 121 174 164 202
b292 407 159 431 198
b293 397 249 416 292
b294 349 258 375 275
b295 406 58 419 101
b296 97 188 113 215
b297 267 530 305 561
b298 166 225 206 258
b299 416 288 429 301
