252346.25
299936.5
204756
452 453
1.314012
b0 215 420 258 453
b1 323 83 388 120
b2 81 201 115 254
b3 0 296 67 333
b4 384 386 413 405
b5 131 353 180 392
b6 282 354 322 372
b7 57 140 97 162
b8 384 324 434 386
b9 393 220 434 236
b10 0 205 18 257
b11 79 101 138 140
b12 103 339 131 400
b13 273 297 321 354
b14 18 205 81 248
b15 264 188 323 240
b16 199 384 256 420
b17 71 254 115 320
b18 323 181 374 229
b19 224 157 274 188
b20 71 320 108 339
b21 0 380 64 430
b22 395 84 429 133
b23 204 157 224 206
b24 78 40 123 68
b25 169 296 223 335
b26 169 256 224 296
b27 323 18 348 83
b28 64 339 103 385
b29 115 187 139 249
b30 264 240 290 264
b31 138 144 172 170
b32 224 264 267 317
b33 393 236 428 258
b34 103 400 157 427
b35 180 335 211 373
b36 64 385 103 452
b37 188 41 248 61
b38 199 98 222 155
b39 380 269 432 324
b40 256 356 282 385
b41 139 187 166 242
b42 322 353 384 406
b43 138 98 199 144
b44 348 18 395 83
b45 224 317 247 361
b46 251 317 273 356
b47 290 0 323 65
b48 290 240 317 297
b49 319 406 384 453
b50 395 17 427 84
b51 40 21 78 78
b52 274 131 319 185
b53 40 0 83 21
b54 103 434 164 452
b55 166 222 222 256
b56 370 0 433 17
b57 323 0 370 18
b58 395 133 429 179
b59 0 50 37 100
b60 211 361 251 384
b61 222 124 245 157
b62 374 209 393 269
b63 323 229 368 265
b64 115 249 162 299
b65 323 297 380 353
b66 258 385 319 452
b67 83 0 127 40
b68 222 61 274 124
b69 115 299 169 326
b70 157 392 199 434
b71 0 430 64 452
b72 127 0 188 61
b73 323 120 390 181
b74 248 0 290 38
b75 374 181 393 209
b76 18 274 51 296
b77 0 100 57 166
b78 323 265 359 297
b79 188 0 248 41
b80 98 140 114 198
b81 0 0 40 50
b82 0 333 57 380
b83 114 140 130 162
b84 182 155 204 222
b85 51 248 71 273
b86 135 61 191 98
b87 384 405 423 449
b88 191 61 215 98
b89 131 326 169 353
b90 0 166 33 205
b91 79 68 135 101
b92 18 248 34 274
b93 33 166 98 201
b94 393 179 452 220
b95 164 434 215 453
b96 224 188 264 254
b97 115 170 182 187
b98 57 78 79 140
b99 274 65 323 131
