583317.5
854158
312477
557 561
368.779935
b0 229 362 244 389
b1 124 371 140 398
b2 384 302 410 324
b3 403 448 448 469
b4 217 171 257 216
b5 48 447 74 463
b6 74 213 101 251
b7 448 455 477 490
b8 296 446 332 467
b9 225 238 269 263
b10 180 157 211 172
b11 270 99 311 123
b12 212 375 229 394
b13 75 131 123 164
b14 508 217 529 261
b15 393 497 427 512
b16 73 494 118 536
b17 346 320 383 361
b18 0 254 44 297
b19 297 494 333 517
b20 353 434 366 451
b21 529 184 557 228
b22 212 442 241 477
b23 309 211 326 251
b24 341 113 359 137
b25 385 356 428 385
b26 46 463 73 481
b27 433 63 471 103
b28 262 390 286 402
b29 311 63 341 92
b30 257 166 285 186
b31 158 344 194 376
b32 218 216 237 238
b33 377 183 423 228
b34 92 346 121 358
b35 299 123 311 149
b36 366 481 393 511
b37 299 149 311 178
b38 318 42 337 63
b39 431 152 443 165
b40 0 297 19 344
b41 339 541 375 560
b42 202 0 248 25
b43 346 361 385 382
b44 16 535 43 559
b45 227 63 251 88
b46 286 517 299 536
b47 299 517 339 559
b48 328 259 362 287
b49 16 511 64 535
b50 120 521 139 535
b51 493 145 509 159
b52 378 228 396 265
b53 458 330 470 366
b54 397 152 431 182
b55 19 181 45 212
b56 225 125 256 171
b57 267 306 315 353
b58 397 127 422 152
b59 143 0 190 38
b60 362 228 378 267
b61 445 180 490 211
b62 341 33 377 79
b63 74 458 120 494
b64 103 16 136 31
b65 150 240 173 253
b66 491 308 536 350
b67 206 310 239 324
b68 169 376 197 421
b69 114 250 150 277
b70 311 134 327 179
b71 80 267 114 299
b72 303 179 318 211
b73 47 189 59 235
b74 160 301 194 344
b75 143 157 180 177
b76 212 406 251 442
b77 0 165 18 205
b78 318 0 334 42
b79 124 496 164 521
b80 309 394 324 430
b81 443 327 458 359
b82 104 31 143 55
b83 489 370 530 407
b84 207 324 241 362
b85 33 340 76 374
b86 80 419 124 458
b87 173 224 218 272
b88 318 179 362 208
b89 491 350 533 370
b90 251 39 297 63
b91 239 263 260 306
b92 411 280 456 327
b93 443 156 463 180
b94 0 205 19 236
b95 0 77 37 121
b96 269 251 315 284
b97 80 331 120 346
b98 160 421 173 456
b99 251 20 291 37
b100 377 25 421 70
b101 310 364 346 394
b102 493 71 529 111
b103 341 79 375 113
b104 521 458 535 500
b105 493 184 528 217
b106 257 186 269 219
b107 383 324 398 356
b108 37 71 74 109
b109 251 406 293 452
b110 175 177 217 216
b111 74 200 95 213
b112 445 490 475 515
b113 491 434 527 458
b114 411 246 455 280
b115 37 109 71 131
b116 426 407 454 426
b117 509 145 530 184
b118 477 458 521 496
b119 492 500 537 528
b120 397 70 433 106
b121 458 522 492 560
b122 248 0 291 20
b123 124 402 160 425
b124 362 152 397 183
b125 183 77 225 123
b126 43 535 65 547
b127 377 0 420 25
b128 258 498 286 542
b129 0 121 34 143
b130 495 41 521 71
b131 378 385 426 430
b132 490 217 508 256
b133 59 189 74 232
b134 421 16 455 63
b135 489 419 534 434
b136 399 245 411 282
b137 237 498 258 526
b138 403 469 445 497
b139 164 490 200 527
b140 194 272 206 315
b141 439 515 458 560
b142 104 55 141 82
b143 445 366 470 390
b144 378 430 418 445
b145 296 390 309 435
b146 0 344 33 392
b147 183 123 225 153
b148 324 394 342 414
b149 32 318 79 340
b150 326 208 357 231
b151 244 364 262 406
b152 244 348 263 364
b153 80 301 121 331
b154 275 467 297 484
b155 202 63 227 77
b156 0 508 16 536
b157 311 114 336 134
b158 257 101 270 124
b159 124 425 156 469
b160 136 224 163 240
b161 0 461 46 508
b162 234 526 252 557
b163 0 143 33 165
b164 270 63 311 99
b165 474 434 491 455
b166 405 512 439 548
b167 366 445 403 481
b168 80 365 121 389
b169 315 287 354 311
b170 75 31 104 76
b171 342 394 364 434
b172 123 175 136 202
b173 48 374 80 399
b174 143 38 186 54
b175 121 535 136 551
b176 37 38 75 71
b177 0 36 37 77
b178 206 272 225 289
b179 241 452 275 498
b180 339 477 358 517
b181 461 128 491 156
b182 339 517 384 541
b183 458 291 491 330
b184 439 103 485 128
b185 297 467 331 494
b186 201 525 234 556
b187 0 0 38 36
b188 143 99 183 136
b189 309 434 353 446
b190 121 344 158 371
b191 58 155 74 189
b192 101 202 130 250
b193 428 359 445 392
b194 75 76 103 89
b195 194 362 227 375
b196 455 0 496 41
b197 227 88 255 125
b198 426 429 474 448
b199 315 328 346 364
b200 267 353 310 390
b201 140 376 169 402
b202 362 113 396 152
b203 426 392 454 407
b204 164 457 205 490
b205 183 54 198 75
b206 327 137 362 179
b207 410 327 443 355
b208 282 229 309 249
b209 143 54 179 99
b210 19 212 32 236
b211 489 407 505 419
b212 397 106 439 127
b213 205 477 237 491
b214 315 311 342 328
b215 173 272 194 301
b216 470 330 489 372
b217 123 82 143 130
b218 362 183 377 226
b219 19 236 47 254
b220 456 211 486 248
b221 123 130 136 175
b222 65 536 99 561
b223 423 182 445 201
b224 384 512 405 557
b225 202 25 249 63
b226 103 0 142 16
b227 32 305 64 318
b228 237 216 257 237
b229 0 392 48 416
b230 354 287 384 320
b231 420 0 450 16
b232 244 306 267 348
b233 493 159 509 172
b234 44 287 77 305
b235 260 284 306 306
b236 291 0 318 39
b237 143 136 183 157
b238 96 89 123 128
b239 471 63 493 103
b240 251 63 270 86
b241 34 155 58 168
b242 455 41 495 63
b243 200 491 237 525
b244 194 324 207 361
b245 37 131 73 155
b246 75 164 119 187
b247 173 421 212 457
b248 492 528 535 559
b249 429 211 456 246
b250 69 0 103 31
b251 269 186 303 229
b252 463 156 491 175
b253 281 153 296 166
b254 315 259 328 283
b255 136 177 175 224
b256 275 452 296 465
b257 396 228 429 245
b258 493 111 537 145
b259 477 496 489 522
b260 80 346 92 365
b261 366 382 378 427
b262 48 399 75 447
b263 491 261 537 308
b264 150 253 173 298
b265 197 375 212 420
b266 0 416 48 461
b267 454 390 488 429
b268 99 536 121 561
b269 362 267 399 285
b270 139 521 154 544
b271 257 124 281 166
b272 114 277 149 301
b273 44 266 74 287
b274 206 289 239 310
b275 311 92 339 114
b276 339 446 353 477
b277 190 0 202 47
b278 19 297 32 339
b279 121 301 160 344
b280 47 235 69 266
b281 281 123 299 153
b282 80 389 124 419
b283 255 86 268 101
b284 46 481 67 511
b285 18 168 51 181
b286 496 0 532 41
b287 75 89 96 131
b288 326 231 362 259
b289 164 527 201 560
b290 124 469 140 496
b291 456 248 484 291
b292 422 128 461 152
b293 377 70 396 113
b294 384 285 410 302
b295 75 187 118 200
b296 79 251 106 267
b297 38 0 69 38
b298 337 0 377 33
b299 269 229 282 242
