375050
555700
194400
432 450
173.275405
b0 273 312 309 328
b1 340 354 359 393
b2 182 252 223 287
b3 82 264 100 311
b4 359 272 385 304
b5 320 258 355 289
b6 57 166 70 195
b7 86 411 114 432
b8 239 0 271 15
b9 368 58 414 92
b10 0 141 32 186
b11 40 31 54 67
b12 86 109 128 145
b13 79 216 124 264
b14 70 179 95 194
b15 231 364 276 410
b16 242 96 260 118
b17 58 100 84 133
b18 16 12 50 31
b19 235 318 265 330
b20 98 0 126 33
b21 126 0 170 39
b22 31 102 57 141
b23 0 68 25 108
b24 90 363 105 388
b25 392 362 428 398
b26 106 331 131 374
b27 86 34 120 49
b28 292 175 330 221
b29 326 105 363 117
b30 86 432 113 449
b31 363 0 400 16
b32 100 264 123 296
b33 86 73 122 91
b34 307 27 326 65
b35 223 12 238 45
b36 57 133 85 145
b37 223 45 239 66
b38 359 306 392 332
b39 137 180 167 222
b40 399 204 427 245
b41 327 150 343 166
b42 174 431 218 450
b43 271 0 305 40
b44 235 330 251 357
b45 184 58 198 95
b46 151 309 166 357
b47 223 252 237 275
b48 211 325 235 351
b49 137 140 168 180
b50 32 411 74 444
b51 122 39 170 66
b52 392 398 429 425
b53 342 289 359 307
b54 414 58 430 101
b55 131 397 177 410
b56 206 353 231 375
b57 273 181 292 229
b58 124 222 165 241
b59 344 399 390 445
b60 118 296 148 331
b61 242 146 276 179
b62 276 412 321 449
b63 276 146 291 181
b64 273 264 320 312
b65 131 367 164 397
b66 0 108 31 139
b67 392 318 429 362
b68 237 253 272 277
b69 58 62 77 100
b70 170 58 184 94
b71 326 57 368 91
b72 359 332 392 366
b73 199 42 217 80
b74 100 296 118 325
b75 305 0 328 27
b76 326 91 338 105
b77 292 328 308 352
b78 124 270 167 296
b79 57 195 94 214
b80 385 221 399 236
b81 238 15 270 35
b82 169 213 202 245
b83 13 346 50 365
b84 346 117 389 154
b85 58 326 106 363
b86 330 174 354 198
b87 291 65 310 110
b88 184 403 227 431
b89 0 186 12 221
b90 166 329 211 353
b91 223 68 267 96
b92 267 68 291 110
b93 32 145 75 166
b94 169 410 184 426
b95 394 101 430 126
b96 13 277 58 302
b97 58 0 86 25
b98 0 20 16 46
b99 105 374 125 411
b100 217 108 242 135
b101 292 353 340 393
b102 210 287 235 325
b103 132 108 164 140
b104 367 29 403 54
b105 192 0 223 42
b106 75 145 114 179
b107 310 65 326 110
b108 390 245 402 278
b109 330 198 342 220
b110 321 393 344 437
b111 148 296 166 309
b112 86 91 132 109
b113 385 278 428 306
b114 328 38 367 57
b115 320 221 350 258
b116 132 66 169 108
b117 16 31 40 68
b118 202 213 237 252
b119 392 425 428 449
b120 276 367 291 412
b121 170 139 215 171
b122 227 410 270 440
b123 367 16 402 29
b124 166 353 179 392
b125 114 411 132 439
b126 124 241 162 269
b127 320 289 342 313
b128 291 150 327 175
b129 170 95 216 139
b130 13 302 58 346
b131 131 331 151 367
b132 347 0 363 38
b133 223 96 237 108
b134 170 42 199 58
b135 132 410 169 425
b136 58 270 82 289
b137 402 0 420 22
b138 114 145 136 175
b139 398 171 429 204
b140 223 0 239 12
b141 251 330 276 364
b142 179 353 206 399
b143 13 190 57 236
b144 402 245 427 274
b145 396 126 430 171
b146 25 68 58 102
b147 370 194 382 225
b148 165 245 182 270
b149 285 40 307 62
b150 355 225 385 238
b151 382 194 398 221
b152 359 366 392 399
b153 420 0 432 40
b154 170 171 214 213
b155 308 328 321 340
b156 260 127 302 146
b157 16 0 58 12
b158 267 110 295 127
b159 86 49 122 73
b160 403 22 415 58
b161 328 0 347 31
b162 392 306 422 318
b163 0 365 47 411
b164 0 411 32 438
b165 235 277 268 318
b166 237 241 273 253
b167 345 307 359 354
b168 58 25 83 62
b169 239 40 285 68
b170 217 135 239 180
b171 355 238 390 272
b172 363 92 394 117
b173 132 426 174 448
b174 350 198 370 223
b175 86 0 98 34
b176 291 393 311 409
b177 214 180 235 211
b178 0 0 16 20
b179 13 236 58 277
b180 58 214 79 233
b181 58 311 100 326
b182 74 407 86 440
b183 58 233 74 270
b184 343 154 362 174
b185 302 137 346 150
b186 0 221 13 269
b187 32 166 54 190
b188 321 313 345 353
b189 310 117 341 137
b190 239 179 273 216
b191 95 179 137 216
b192 206 375 228 403
b193 167 287 210 329
b194 47 365 90 407
b195 237 216 273 241
b196 276 328 292 367
b197 273 229 320 264
b198 170 0 192 40
b199 362 154 396 194
