1851268
2691020
1011516
291 3476
560.589829
b0 91 1555 118 1570
b1 173 103 200 119
b2 116 2594 138 2620
b3 67 2283 88 2328
b4 133 0 173 45
b5 133 1475 149 1501
b6 138 2479 176 2506
b7 103 2938 138 2967
b8 82 3014 103 3050
b9 172 986 216 1011
b10 34 2656 49 2687
b11 78 1612 119 1636
b12 99 1718 116 1737
b13 142 1407 175 1455
b14 116 2668 160 2689
b15 73 3143 107 3158
b16 46 2972 91 3014
b17 136 2689 177 2726
b18 59 36 102 80
b19 153 2283 189 2306
b20 142 1377 155 1394
b21 177 374 205 418
b22 102 1205 137 1234
b23 19 0 59 17
b24 138 2938 156 2962
b25 104 0 133 43
b26 105 1919 132 1937
b27 130 1054 168 1094
b28 147 535 171 547
b29 107 2692 136 2722
b30 55 1715 75 1743
b31 125 2443 157 2479
b32 0 0 19 22
b33 159 1604 204 1650
b34 144 1592 173 1604
b35 80 2745 92 2771
b36 56 2030 83 2060
b37 120 2085 132 2114
b38 78 2594 99 2613
b39 46 2388 58 2401
b40 98 2199 117 2246
b41 137 2382 173 2401
b42 138 2506 184 2531
b43 166 1386 205 1407
b44 140 638 167 662
b45 128 2418 152 2443
b46 102 2455 121 2468
b47 123 2764 165 2804
b48 116 1685 144 1719
b49 116 2620 140 2668
b50 104 833 123 847
b51 99 2764 113 2780
b52 230 154 267 172
b53 142 1580 178 1592
b54 0 2770 30 2804
b55 98 1856 124 1887
b56 173 72 219 103
b57 78 2546 125 2594
b58 266 0 291 25
b59 147 1107 194 1145
b60 30 3306 69 3322
b61 24 3345 55 3390
b62 59 1234 105 1270
b63 97 1439 133 1485
b64 65 1858 98 1873
b65 30 3322 43 3345
b66 140 694 182 739
b67 79 2328 93 2361
b68 98 2154 126 2199
b69 126 1178 162 1205
b70 137 2337 153 2382
b71 0 2104 34 2136
b72 140 926 172 941
b73 65 2376 77 2422
b74 191 1011 234 1045
b75 19 2050 39 2087
b76 177 442 216 478
b77 59 1398 99 1416
b78 217 33 259 49
b79 192 1197 232 1222
b80 175 282 211 297
b81 158 2154 173 2186
b82 67 3282 106 3306
b83 110 2296 147 2337
b84 174 336 208 374
b85 210 516 244 559
b86 174 942 213 986
b87 34 2328 79 2376
b88 154 1455 183 1499
b89 119 2896 139 2938
b90 59 1270 105 1294
b91 123 2804 166 2825
b92 67 2060 112 2107
b93 19 1790 39 1814
b94 121 779 152 798
b95 114 2246 158 2283
b96 36 3014 82 3047
b97 105 1280 145 1295
b98 75 1937 88 1972
b99 19 2087 59 2104
b100 46 2771 90 2816
b101 155 1313 185 1349
b102 182 694 222 730
b103 46 2687 80 2721
b104 133 1862 175 1876
b105 39 1943 74 1976
b106 34 2376 46 2409
b107 97 1540 129 1555
b108 177 478 214 516
b109 55 1416 97 1462
b110 205 374 244 416
b111 133 263 146 284
b112 133 1837 163 1862
b113 46 2816 82 2840
b114 67 3238 101 3282
b115 140 904 174 926
b116 66 2953 94 2972
b117 241 49 280 70
b118 55 1664 99 1702
b119 82 3098 110 3143
b120 104 300 140 336
b121 174 904 208 942
b122 99 1636 142 1656
b123 24 3390 47 3426
b124 0 3441 31 3476
b125 0 2687 46 2729
b126 152 779 174 791
b127 167 861 192 904
b128 69 3306 113 3334
b129 167 672 201 694
b130 205 416 235 442
b131 201 730 249 775
b132 148 235 166 274
b133 58 3047 73 3090
b134 65 1743 99 1790
b135 74 1972 119 1987
b136 82 2896 119 2908
b137 78 1636 99 1664
b138 219 89 261 117
b139 19 17 55 54
b140 155 1876 167 1919
b141 176 2306 195 2351
b142 173 0 200 37
b143 39 2060 63 2085
b144 155 1919 170 1959
b145 126 2154 139 2199
b146 130 1145 178 1178
b147 90 2802 120 2844
b148 229 13 247 33
b149 67 2246 114 2268
b150 105 1825 128 1856
b151 63 2613 81 2655
b152 91 2436 107 2455
b153 120 2124 161 2154
b154 219 72 241 89
b155 56 2016 81 2030
b156 83 1702 111 1718
b157 46 2840 66 2865
b158 79 2455 102 2468
b159 65 1887 109 1919
b160 140 860 167 876
b161 19 1743 65 1790
b162 145 1280 176 1298
b163 90 2780 123 2802
b164 0 2729 36 2770
b165 112 1987 133 2004
b166 244 172 278 208
b167 80 2655 116 2692
b168 99 1743 123 1784
b169 102 966 126 1005
b170 34 2611 63 2656
b171 163 1674 185 1714
b172 80 2692 107 2705
b173 185 1227 210 1259
b174 104 284 147 300
b175 93 2392 108 2408
b176 202 244 235 282
b177 105 1298 146 1335
b178 104 336 121 355
b179 112 2051 158 2085
b180 80 2705 99 2745
b181 167 1876 197 1904
b182 201 775 246 799
b183 175 167 208 206
b184 147 613 193 638
b185 175 206 202 240
b186 165 2726 196 2759
b187 107 2726 143 2764
b188 140 739 177 779
b189 93 2337 137 2349
b190 30 3238 67 3265
b191 102 3050 118 3084
b192 120 2825 149 2873
b193 121 2401 154 2418
b194 55 1702 83 1715
b195 36 3225 69 3238
b196 45 3426 86 3467
b197 112 2023 149 2051
b198 162 1178 210 1197
b199 189 559 220 595
b200 200 117 243 154
b201 99 1656 125 1685
b202 167 791 201 830
b203 133 235 148 263
b204 133 202 174 235
b205 101 3199 122 3214
b206 133 167 175 202
b207 204 1407 237 1435
b208 78 1825 105 1845
b209 59 0 104 36
b210 159 1650 172 1674
b211 167 830 183 842
b212 208 861 229 903
b213 59 1294 91 1308
b214 130 1094 147 1121
b215 200 0 229 21
b216 147 516 189 535
b217 82 3050 102 3098
b218 67 2268 110 2283
b219 171 595 199 613
b220 155 1349 185 1386
b221 82 2908 95 2953
b222 118 1555 152 1580
b223 152 1227 174 1246
b224 105 1356 150 1377
b225 168 1069 215 1107
b226 77 2502 116 2518
b227 65 1790 78 1822
b228 133 1455 154 1475
b229 0 2804 24 2852
b230 97 1485 127 1518
b231 174 297 190 327
b232 90 2873 132 2896
b233 58 2546 74 2559
b234 200 54 233 72
b235 208 154 230 200
b236 104 860 131 899
b237 123 1743 144 1783
b238 127 1501 154 1540
b239 152 1205 192 1227
b240 55 1462 78 1481
b241 149 2023 162 2047
b242 98 2107 120 2147
b243 19 2016 56 2050
b244 229 0 266 13
b245 39 1919 75 1943
b246 208 200 231 244
b247 190 297 226 336
b248 183 830 226 861
b249 123 833 158 860
b250 167 638 198 672
b251 140 2531 183 2565
b252 58 3158 77 3186
b253 114 2283 129 2296
b254 142 1394 166 1407
b255 198 613 245 652
b256 103 2967 124 2980
b257 200 21 217 54
b258 79 2468 123 2502
b259 133 1825 159 1837
b260 46 2376 65 2388
b261 249 490 261 535
b262 173 119 200 167
b263 105 1234 152 1280
b264 97 1416 142 1439
b265 0 3426 45 3441
b266 216 442 261 490
b267 132 2085 166 2124
b268 36 3047 58 3072
b269 91 2418 128 2436
b270 168 1054 191 1069
b271 116 1719 158 1743
b272 121 798 145 833
b273 189 516 210 546
b274 91 1377 124 1398
b275 65 2518 87 2546
b276 67 2107 98 2121
b277 79 2361 91 2408
b278 91 1570 104 1612
b279 140 1011 179 1054
b280 46 2559 77 2581
b281 75 1919 105 1937
b282 34 2581 78 2611
b283 147 1298 160 1313
b284 147 374 177 395
b285 78 1462 91 1495
b286 99 1784 135 1825
b287 105 1335 147 1356
b288 102 930 130 966
b289 34 2104 67 2141
b290 81 1987 97 2014
b291 93 2349 121 2392
b292 36 3186 60 3225
b293 112 2004 155 2023
b294 119 1580 136 1606
b295 60 3186 103 3199
b296 55 3334 71 3361
b297 102 899 140 930
b298 39 1976 72 2016
b299 78 1845 91 1858
