222408.5
238702
206115
453 455
4.85449
b0 359 261 392 304
b1 359 0 424 37
b2 0 128 34 181
b3 38 275 75 342
b4 38 90 67 109
b5 244 224 293 263
b6 188 186 206 226
b7 391 304 431 326
b8 46 386 96 448
b9 29 342 70 358
b10 206 175 224 227
b11 0 358 39 417
b12 0 67 28 128
b13 168 395 225 443
b14 390 340 433 403
b15 362 153 421 205
b16 77 171 134 207
b17 343 109 409 153
b18 94 0 142 51
b19 138 334 169 384
b20 343 153 362 190
b21 293 189 343 253
b22 343 75 392 109
b23 230 317 279 337
b24 225 397 253 442
b25 38 171 77 225
b26 295 342 335 397
b27 318 63 343 128
b28 142 186 188 225
b29 194 113 218 175
b30 0 251 26 275
b31 333 0 359 34
b32 138 281 181 334
b33 207 44 242 66
b34 181 290 235 317
b35 75 328 113 359
b36 242 0 281 67
b37 392 205 452 225
b38 179 227 236 250
b39 142 113 194 168
b40 0 325 29 351
b41 141 384 168 439
b42 38 109 91 171
b43 85 207 131 268
b44 142 66 207 113
b45 300 253 323 297
b46 352 342 374 381
b47 285 63 318 128
b48 39 359 96 386
b49 403 37 450 102
b50 323 253 355 320
b51 275 128 332 166
b52 96 401 141 455
b53 117 290 138 333
b54 390 403 451 421
b55 244 263 300 297
b56 131 264 194 281
b57 142 168 189 186
b58 0 417 46 451
b59 0 275 37 325
b60 290 166 330 189
b61 409 102 432 135
b62 343 56 403 75
b63 319 409 355 454
b64 38 225 85 275
b65 38 0 94 57
b66 218 67 285 128
b67 182 0 222 44
b68 281 0 333 63
b69 0 181 27 235
b70 96 359 138 401
b71 295 320 359 342
b72 169 334 230 395
b73 392 225 453 292
b74 75 290 117 328
b75 343 37 371 56
b76 85 268 118 290
b77 253 397 319 454
b78 359 304 391 340
b79 94 102 135 162
b80 0 0 16 58
b81 194 250 244 290
b82 218 128 275 175
b83 0 235 22 251
b84 16 0 38 67
b85 424 0 444 25
b86 355 205 392 261
b87 135 225 179 264
b88 94 78 131 102
b89 94 51 132 78
b90 390 421 429 454
b91 38 57 94 90
b92 279 297 295 323
b93 355 381 390 446
b94 230 356 289 397
b95 230 337 281 356
b96 142 0 182 66
b97 335 342 352 409
b98 421 135 443 197
b99 224 175 290 224
