562136.5
829187
295086
526 561
110.965662
b0 240 108 267 123
b1 283 358 310 374
b2 29 67 55 89
b3 105 268 150 289
b4 37 492 77 537
b5 339 154 355 180
b6 470 394 508 421
b7 278 523 307 558
b8 438 339 474 360
b9 479 439 523 464
b10 268 88 283 119
b11 383 0 407 41
b12 225 171 244 188
b13 127 141 175 174
b14 476 86 520 107
b15 373 391 388 425
b16 431 89 476 131
b17 431 48 468 89
b18 330 369 373 413
b19 355 537 391 560
b20 355 37 372 50
b21 384 111 428 139
b22 154 408 183 443
b23 154 487 194 504
b24 307 539 331 557
b25 397 206 440 235
b26 175 205 193 232
b27 246 153 284 193
b28 508 391 520 415
b29 470 199 499 229
b30 77 514 97 542
b31 310 281 346 313
b32 346 261 365 283
b33 351 197 397 242
b34 270 463 282 492
b35 96 152 122 164
b36 207 0 234 30
b37 253 298 282 310
b38 82 542 103 561
b39 142 437 154 450
b40 112 0 159 19
b41 303 154 339 173
b42 480 174 526 199
b43 214 298 253 319
b44 284 206 311 230
b45 385 300 409 325
b46 355 50 368 69
b47 0 447 42 487
b48 469 366 503 394
b49 463 513 487 561
b50 58 152 77 166
b51 409 300 423 316
b52 421 235 439 272
b53 226 401 238 437
b54 152 49 186 79
b55 234 0 260 31
b56 0 376 31 422
b57 175 127 222 175
b58 225 485 250 510
b59 415 390 453 437
b60 105 325 144 341
b61 283 313 314 358
b62 427 515 463 561
b63 29 0 75 36
b64 282 374 315 389
b65 82 25 95 48
b66 42 447 84 492
b67 407 235 421 268
b68 496 0 524 45
b69 194 246 221 282
b70 314 313 330 358
b71 268 33 300 67
b72 431 144 446 176
b73 279 230 291 276
b74 59 169 102 203
b75 0 196 37 216
b76 92 48 131 84
b77 0 122 18 162
b78 0 284 42 300
b79 383 48 423 73
b80 303 115 318 151
b81 145 527 160 559
b82 336 81 360 120
b83 226 319 263 360
b84 330 331 364 369
b85 318 120 361 154
b86 60 292 104 331
b87 159 0 207 45
b88 0 0 29 44
b89 90 376 110 418
b90 331 35 355 81
b91 186 45 207 88
b92 60 245 105 292
b93 331 539 355 559
b94 92 99 123 118
b95 314 180 351 224
b96 433 437 479 470
b97 22 153 37 193
b98 162 504 197 517
b99 453 394 470 434
b100 150 232 194 277
b101 487 498 523 528
b102 150 277 190 313
b103 474 264 508 298
b104 508 247 522 289
b105 439 247 474 280
b106 132 79 165 91
b107 355 155 387 170
b108 110 376 148 413
b109 127 99 173 141
b110 103 520 145 559
b111 99 0 112 21
b112 131 19 156 49
b113 283 457 307 493
b114 452 0 496 34
b115 0 162 22 196
b116 346 242 374 261
b117 502 107 523 146
b118 387 139 431 177
b119 154 337 199 365
b120 207 31 243 67
b121 108 437 142 475
b122 355 177 398 197
b123 95 25 131 48
b124 29 36 64 67
b125 0 238 42 284
b126 142 450 154 472
b127 167 380 210 405
b128 197 478 225 522
b129 77 492 111 514
b130 310 255 340 281
b131 394 470 442 515
b132 479 421 518 439
b133 127 203 170 218
b134 283 389 330 423
b135 60 230 105 245
b136 225 510 262 522
b137 188 441 209 469
b138 162 517 190 559
b139 68 331 105 367
b140 458 280 470 323
b141 291 230 310 275
b142 209 441 236 478
b143 75 0 99 25
b144 92 84 132 99
b145 307 479 352 492
b146 236 437 269 485
b147 414 360 456 390
b148 68 367 86 387
b149 12 216 59 238
b150 391 537 422 560
b151 30 111 48 153
b152 0 106 19 122
b153 353 507 394 537
b154 330 314 352 331
b155 150 218 175 232
b156 21 347 49 363
b157 250 485 270 510
b158 456 360 469 383
b159 221 254 253 298
b160 210 375 226 402
b161 307 492 353 539
b162 297 71 328 89
b163 474 344 507 366
b164 373 355 414 391
b165 364 314 385 331
b166 225 522 259 558
b167 56 73 92 110
b168 243 31 267 72
b169 148 313 187 337
b170 127 174 172 203
b171 253 258 275 298
b172 511 45 524 72
b173 0 422 32 447
b174 330 413 373 429
b175 423 300 438 316
b176 487 528 525 561
b177 353 470 394 507
b178 77 152 96 169
b179 77 118 123 152
b180 105 249 145 268
b181 405 272 435 300
b182 190 282 214 327
b183 227 221 266 254
b184 0 60 25 106
b185 283 276 310 310
b186 311 224 344 255
b187 188 405 226 441
b188 31 376 68 416
b189 32 435 76 447
b190 0 487 37 514
b191 262 523 278 557
b192 398 177 446 206
b193 394 515 427 532
b194 154 380 167 408
b195 303 89 336 102
b196 226 360 267 401
b197 355 0 383 37
b198 284 120 303 168
b199 346 283 382 314
b200 0 514 37 557
b201 409 316 438 342
b202 485 464 524 498
b203 42 238 57 266
b204 288 0 329 33
b205 314 423 329 444
b206 105 341 147 376
b207 194 218 227 246
b208 60 203 80 230
b209 111 475 147 520
b210 80 203 104 216
b211 0 216 12 232
b212 56 110 77 152
b213 283 88 297 120
b214 238 420 265 437
b215 268 67 297 88
b216 238 401 280 420
b217 263 310 283 358
b218 267 358 282 401
b219 329 429 357 447
b220 270 493 307 523
b221 17 363 62 376
b222 102 164 127 198
b223 63 416 85 435
b224 37 153 58 198
b225 384 73 431 111
b226 439 323 478 339
b227 193 175 225 188
b228 440 227 461 247
b229 501 199 525 247
b230 284 173 314 206
b231 266 123 282 153
b232 361 113 384 155
b233 314 358 327 374
b234 374 242 407 260
b235 307 457 353 479
b236 388 391 415 430
b237 365 261 405 282
b238 480 147 519 174
b239 480 107 502 147
b240 37 537 56 560
b241 407 342 431 355
b242 446 174 468 214
b243 190 522 224 559
b244 266 221 279 258
b245 222 135 246 171
b246 360 69 383 113
b247 357 430 393 469
b248 454 470 485 513
b249 474 229 501 264
b250 283 423 314 457
b251 446 131 480 174
b252 388 325 407 353
b253 373 331 388 344
b254 446 214 470 227
b255 21 300 60 347
b256 303 102 324 115
b257 0 342 17 375
b258 154 443 188 487
b259 240 123 266 135
b260 18 122 30 141
b261 442 470 454 515
b262 199 327 226 375
b263 478 298 525 344
b264 105 226 150 249
b265 154 365 199 380
b266 407 0 452 48
b267 173 88 207 127
b268 68 387 90 412
b269 64 36 82 73
b270 147 504 162 527
b271 110 413 152 437
b272 331 0 355 35
b273 267 0 288 30
b274 207 67 240 88
b275 105 198 127 226
b276 32 416 63 430
b277 507 344 519 391
b278 452 34 494 47
b279 468 47 511 86
b280 25 89 56 111
b281 175 175 193 205
b282 193 188 237 218
b283 368 50 381 65
b284 131 49 152 79
b285 42 266 55 299
b286 105 289 146 325
b287 0 300 21 342
b288 240 72 268 108
b289 207 88 240 125
b290 90 418 106 445
b291 237 193 280 221
b292 84 445 108 484
b293 439 280 458 323
b294 56 542 82 559
b295 270 420 283 463
b296 0 44 27 60
b297 300 33 331 71
b298 393 437 433 470
b299 431 131 444 144
