381844.75
573789.5
189900
422 450
46.483835
b0 199 0 215 36
b1 383 243 422 262
b2 147 405 182 446
b3 71 184 89 231
b4 136 136 168 162
b5 235 292 266 327
b6 138 162 167 175
b7 356 210 377 238
b8 267 367 299 382
b9 144 249 190 283
b10 261 93 306 125
b11 170 283 184 319
b12 213 369 255 405
b13 213 60 261 105
b14 321 232 346 247
b15 98 367 144 412
b16 346 65 364 87
b17 29 54 62 80
b18 340 171 359 205
b19 293 125 323 137
b20 224 405 252 438
b21 71 71 115 110
b22 144 223 183 249
b23 364 65 404 90
b24 82 0 97 25
b25 231 333 267 369
b26 144 198 187 223
b27 366 298 381 332
b28 190 248 228 294
b29 306 112 343 124
b30 187 216 204 243
b31 188 179 204 216
b32 348 33 371 65
b33 144 82 180 100
b34 381 368 419 387
b35 366 332 381 365
b36 134 108 146 136
b37 27 105 43 126
b38 0 107 26 140
b39 213 139 255 169
b40 144 358 185 386
b41 261 125 277 141
b42 307 0 351 19
b43 31 183 71 217
b44 400 124 416 151
b45 199 36 213 73
b46 360 150 375 198
b47 45 319 59 342
b48 289 420 313 446
b49 104 235 144 266
b50 213 169 255 202
b51 0 217 48 244
b52 323 144 360 171
b53 366 281 384 298
b54 57 429 100 445
b55 409 37 422 83
b56 144 283 166 308
b57 321 171 340 219
b58 144 386 185 405
b59 98 266 144 312
b60 33 0 63 35
b61 0 0 33 34
b62 0 408 45 445
b63 351 90 366 125
b64 235 211 283 258
b65 180 73 213 103
b66 146 100 177 131
b67 0 257 37 301
b68 384 304 419 328
b69 0 302 38 321
b70 366 90 380 126
b71 380 90 422 124
b72 351 0 385 33
b73 135 340 173 358
b74 280 31 309 49
b75 71 264 98 287
b76 173 340 185 354
b77 255 186 279 202
b78 71 110 114 136
b79 323 125 360 144
b80 15 62 29 77
b81 62 39 82 71
b82 261 141 293 174
b83 105 216 142 235
b84 346 238 383 281
b85 168 131 205 179
b86 321 247 345 271
b87 143 179 188 198
b88 185 363 213 406
b89 135 312 170 324
b90 255 382 300 406
b91 43 80 71 124
b92 182 422 224 446
b93 375 151 418 172
b94 277 125 293 140
b95 293 137 318 173
b96 306 87 351 112
b97 15 80 43 105
b98 0 156 26 172
b99 372 430 409 450
b100 380 387 405 414
b101 58 381 98 429
b102 105 191 143 216
b103 63 306 95 338
b104 385 0 421 25
b105 0 172 31 214
b106 255 258 294 292
b107 128 20 144 65
b108 261 174 294 186
b109 305 70 327 82
b110 153 18 197 41
b111 300 402 313 420
b112 153 0 199 18
b113 116 65 144 108
b114 63 0 82 39
b115 383 213 420 243
b116 324 366 366 403
b117 252 406 289 430
b118 309 19 348 54
b119 300 366 324 402
b120 0 62 15 107
b121 31 126 63 171
b122 59 338 89 381
b123 321 219 356 232
b124 45 342 58 381
b125 116 108 134 136
b126 371 37 409 65
b127 213 202 235 226
b128 381 343 417 368
b129 322 320 366 366
b130 0 321 45 365
b131 73 148 93 184
b132 185 406 223 422
b133 359 198 373 210
b134 372 414 401 430
b135 381 328 418 343
b136 71 287 95 306
b137 94 151 116 169
b138 205 226 235 248
b139 97 0 128 33
b140 215 47 231 59
b141 294 236 319 270
b142 185 336 231 363
b143 299 271 343 317
b144 144 41 169 70
b145 37 257 71 302
b146 267 333 300 367
b147 63 136 94 148
b148 38 302 63 319
b149 93 169 115 191
b150 231 47 261 60
b151 0 140 27 156
b152 71 231 104 264
b153 93 191 105 231
b154 261 51 305 93
b155 327 70 340 82
b156 17 35 59 54
b157 31 171 73 183
b158 0 34 17 62
b159 348 412 372 448
b160 144 70 180 82
b161 252 430 283 449
b162 385 25 415 37
b163 215 0 261 47
b164 98 312 130 339
b165 266 292 299 333
b166 100 412 112 448
b167 366 365 380 412
b168 283 211 320 236
b169 89 339 135 367
b170 300 317 322 362
b171 112 412 147 446
b172 282 0 307 31
b173 279 189 321 211
b174 128 0 153 20
b175 45 414 57 448
b176 294 173 314 189
b177 261 0 282 31
b178 345 281 361 301
b179 377 172 422 213
b180 345 301 366 320
b181 94 136 136 151
b182 45 381 57 414
b183 309 54 346 70
b184 261 31 280 51
b185 409 387 422 431
b186 0 244 48 257
b187 116 162 138 186
b188 360 126 400 150
b189 235 258 255 289
b190 82 33 116 70
b191 384 262 421 304
b192 169 41 197 63
b193 184 294 227 336
b194 0 365 42 408
b195 177 103 213 128
b196 135 324 174 340
b197 313 403 348 450
b198 48 217 70 257
b199 213 105 253 139
