248116.25
301037.5
195195
429 455
1.456259
b0 0 362 33 405
b1 314 338 379 375
b2 169 420 222 454
b3 67 388 104 455
b4 150 73 179 92
b5 0 252 49 291
b6 195 323 235 341
b7 33 345 55 385
b8 184 174 234 236
b9 55 274 96 290
b10 179 88 197 140
b11 368 0 407 59
b12 118 18 179 46
b13 179 236 236 284
b14 132 271 175 334
b15 231 398 290 450
b16 211 341 247 398
b17 55 205 121 249
b18 198 0 249 48
b19 62 38 112 69
b20 132 411 169 430
b21 0 148 50 212
b22 62 69 111 103
b23 175 284 195 333
b24 60 122 105 150
b25 195 284 249 323
b26 0 212 55 252
b27 55 249 120 274
b28 390 359 429 405
b29 314 226 376 250
b30 249 0 273 26
b31 257 97 291 123
b32 257 44 300 97
b33 286 278 308 313
b34 0 291 54 318
b35 197 143 235 174
b36 361 180 428 219
b37 132 391 192 411
b38 314 315 371 338
b39 243 123 298 175
b40 288 226 314 255
b41 118 46 173 73
b42 368 64 421 126
b43 0 0 61 46
b44 67 341 132 388
b45 0 318 23 362
b46 192 398 231 420
b47 290 389 323 454
b48 150 92 177 149
b49 137 149 184 214
b50 105 138 137 205
b51 61 0 118 38
b52 198 89 243 143
b53 342 56 363 99
b54 118 0 179 18
b55 358 259 414 293
b56 50 385 67 448
b57 50 150 97 168
b58 55 168 101 202
b59 249 278 286 328
b60 273 0 296 40
b61 188 341 211 374
b62 179 0 198 60
b63 363 126 399 171
b64 0 405 50 452
b65 132 334 188 391
b66 247 328 314 389
b67 314 250 358 290
b68 236 215 288 278
b69 399 126 426 180
b70 300 56 342 98
b71 407 0 429 64
b72 300 99 361 160
b73 323 392 390 453
b74 390 405 428 447
b75 179 60 198 88
b76 126 430 159 452
b77 301 160 358 226
b78 112 73 148 105
b79 0 107 60 148
b80 55 290 113 306
b81 376 219 426 259
b82 132 214 179 271
b83 249 26 271 42
b84 104 388 126 455
b85 37 83 62 103
b86 0 46 56 83
b87 296 0 335 44
b88 0 83 37 107
b89 23 318 61 345
b90 111 105 150 138
b91 335 0 368 56
b92 288 255 314 271
b93 61 306 126 341
b94 198 48 257 89
b95 60 103 111 122
b96 235 175 301 215
b97 323 375 390 392
b98 308 293 370 315
b99 379 293 428 359
