574925.5
835691
314160
561 560
426.312838
b0 82 331 97 358
b1 158 448 185 464
b2 411 332 437 354
b3 505 438 526 483
b4 196 505 241 545
b5 332 176 348 202
b6 459 79 497 106
b7 459 106 494 135
b8 523 188 559 209
b9 0 391 25 435
b10 188 249 203 280
b11 131 326 172 350
b12 403 273 422 290
b13 476 483 524 516
b14 300 115 344 136
b15 66 152 81 186
b16 116 387 158 432
b17 116 456 157 493
b18 25 392 68 436
b19 347 103 383 126
b20 474 417 487 434
b21 479 210 523 238
b22 83 150 112 185
b23 167 41 207 58
b24 378 42 396 66
b25 67 186 110 215
b26 0 0 18 27
b27 396 36 434 76
b28 214 0 226 24
b29 0 299 30 328
b30 364 176 384 204
b31 218 225 254 257
b32 224 464 246 483
b33 0 104 45 150
b34 303 397 315 426
b35 173 331 185 357
b36 138 263 168 290
b37 260 0 272 29
b38 453 417 474 436
b39 241 421 253 434
b40 0 85 47 104
b41 325 79 344 115
b42 497 79 522 125
b43 347 139 386 160
b44 499 280 526 304
b45 315 359 339 384
b46 439 228 458 241
b47 254 236 296 276
b48 341 517 369 551
b49 34 459 82 483
b50 186 146 200 165
b51 303 480 319 494
b52 48 152 66 189
b53 90 293 102 329
b54 0 265 30 299
b55 350 244 381 270
b56 474 434 505 480
b57 230 346 277 394
b58 532 0 557 25
b59 43 293 90 331
b60 347 160 386 176
b61 526 438 557 483
b62 395 0 441 36
b63 66 247 102 293
b64 252 276 285 291
b65 494 125 517 138
b66 188 280 230 325
b67 226 25 259 39
b68 102 291 130 336
b69 158 464 185 500
b70 116 371 161 387
b71 0 452 34 484
b72 394 400 409 432
b73 483 268 529 280
b74 112 150 146 193
b75 157 500 177 537
b76 525 209 561 248
b77 436 273 476 291
b78 0 328 42 344
b79 143 63 183 88
b80 187 171 223 186
b81 520 423 552 438
b82 99 77 123 116
b83 177 0 214 41
b84 277 359 311 397
b85 100 0 143 34
b86 434 168 478 207
b87 31 484 79 529
b88 102 247 131 291
b89 375 0 395 42
b90 161 402 185 448
b91 348 450 391 471
b92 0 344 45 391
b93 540 164 560 188
b94 0 484 31 503
b95 180 102 217 146
b96 348 417 394 450
b97 173 291 188 331
b98 499 304 512 339
b99 521 125 538 165
b100 353 283 397 328
b101 0 229 30 265
b102 423 95 459 135
b103 522 47 556 81
b104 67 233 109 247
b105 31 213 66 246
b106 347 126 380 138
b107 483 280 498 312
b108 138 206 175 244
b109 479 164 521 210
b110 397 290 436 332
b111 409 393 422 414
b112 97 336 122 366
b113 31 189 67 213
b114 183 58 217 102
b115 143 0 177 22
b116 143 35 162 63
b117 47 97 86 118
b118 383 95 421 139
b119 18 0 63 28
b120 188 445 224 481
b121 45 118 83 152
b122 353 328 396 348
b123 34 436 70 459
b124 422 417 453 452
b125 188 325 230 371
b126 70 425 82 447
b127 315 36 340 79
b128 13 28 57 56
b129 411 355 445 377
b130 274 524 300 554
b131 386 157 434 202
b132 48 79 87 97
b133 100 34 143 49
b134 86 116 133 150
b135 173 357 188 402
b136 316 274 328 311
b137 441 12 469 33
b138 437 313 465 355
b139 63 0 100 36
b140 175 206 187 249
b141 459 138 504 157
b142 524 523 551 560
b143 315 417 340 441
b144 538 124 553 164
b145 377 471 390 516
b146 68 392 116 425
b147 439 241 481 271
b148 317 311 337 329
b149 222 131 269 153
b150 512 326 535 357
b151 67 215 109 233
b152 515 357 534 373
b153 254 194 284 235
b154 523 165 540 187
b155 339 305 353 330
b156 348 176 364 204
b157 226 439 246 464
b158 394 432 407 455
b159 468 47 512 79
b160 469 12 485 39
b161 133 88 180 134
b162 525 248 556 266
b163 381 237 403 270
b164 266 72 307 108
b165 423 135 440 156
b166 45 358 81 392
b167 30 246 66 283
b168 284 180 308 221
b169 308 151 347 175
b170 353 371 398 400
b171 277 337 317 359
b172 0 178 27 191
b173 464 355 496 380
b174 235 291 278 307
b175 499 357 515 372
b176 315 384 353 417
b177 445 380 486 417
b178 45 331 62 350
b179 526 280 560 326
b180 146 146 186 165
b181 293 494 321 524
b182 308 175 332 220
b183 315 441 348 480
b184 257 397 303 422
b185 188 371 222 398
b186 347 70 378 103
b187 272 0 308 38
b188 434 518 471 558
b189 133 134 177 146
b190 344 0 371 37
b191 0 436 34 452
b192 0 56 48 85
b193 235 257 252 290
b194 431 76 459 89
b195 251 181 284 194
b196 146 165 187 206
b197 223 153 260 181
b198 383 76 431 95
b199 308 0 339 36
b200 334 480 377 517
b201 222 105 251 131
b202 520 389 559 423
b203 284 221 312 236
b204 300 525 341 558
b205 246 39 267 54
b206 131 291 173 326
b207 347 37 375 70
b208 62 331 82 358
b209 403 228 439 273
b210 471 516 495 529
b211 495 516 511 528
b212 434 480 476 501
b213 203 257 235 271
b214 434 501 461 518
b215 458 207 479 236
b216 168 249 187 291
b217 48 59 96 79
b218 300 136 343 151
b219 0 150 18 178
b220 312 244 349 274
b221 321 480 334 525
b222 226 0 260 25
b223 534 370 556 389
b224 257 422 302 443
b225 188 398 226 445
b226 207 41 246 57
b227 30 283 43 315
b228 27 166 48 186
b229 312 220 360 244
b230 82 462 115 492
b231 398 377 428 393
b232 57 36 99 59
b233 453 436 466 452
b234 307 79 325 112
b235 437 291 483 313
b236 277 310 316 337
b237 360 216 400 237
b238 253 465 292 492
b239 253 443 293 465
b240 445 355 464 378
b241 188 225 201 249
b242 188 483 228 505
b243 82 425 116 462
b244 409 414 422 451
b245 79 492 103 528
b246 535 326 558 370
b247 188 186 224 225
b248 269 108 300 151
b249 224 181 251 216
b250 285 276 316 310
b251 272 38 315 72
b252 138 244 166 263
b253 203 225 218 238
b254 143 22 167 35
b255 230 307 277 346
b256 433 207 446 228
b257 440 135 457 168
b258 390 471 434 505
b259 112 193 138 205
b260 487 393 499 412
b261 441 0 486 12
b262 260 153 308 180
b263 486 0 532 47
b264 353 348 398 371
b265 226 394 241 439
b266 217 57 262 105
b267 434 36 468 75
b268 200 146 222 171
b269 386 139 423 157
b270 251 105 266 128
b271 116 432 158 456
b272 81 366 116 390
b273 369 517 390 547
b274 400 202 433 223
b275 532 25 560 47
b276 0 503 31 517
b277 348 204 395 216
b278 398 332 411 374
b279 522 81 561 124
b280 328 274 350 305
b281 465 313 495 331
b282 481 238 525 268
b283 0 27 13 42
b284 499 373 520 403
b285 296 236 309 269
b286 116 493 157 529
b287 131 350 173 371
b288 246 492 274 528
b289 390 505 423 542
b290 241 394 257 421
b291 100 49 143 77
b292 112 205 136 244
b293 177 505 196 548
b294 504 138 521 164
b295 353 270 396 283
b296 18 150 45 166
b297 0 191 31 229
b298 526 483 559 523
b299 486 380 499 393
