250354.75
299599.5
201110
442 455
1.657391
b0 130 0 173 33
b1 0 100 37 165
b2 210 418 263 452
b3 263 268 300 335
b4 37 158 56 187
b5 0 414 49 453
b6 49 414 67 454
b7 339 0 361 40
b8 367 101 429 151
b9 367 0 383 41
b10 383 0 401 52
b11 263 399 322 438
b12 173 0 234 28
b13 56 158 104 215
b14 304 77 367 120
b15 0 189 52 248
b16 99 353 156 389
b17 40 0 106 44
b18 233 43 281 94
b19 175 154 225 185
b20 160 364 179 401
b21 118 222 168 286
b22 168 235 217 269
b23 176 134 225 154
b24 38 352 66 397
b25 363 256 417 295
b26 303 335 358 375
b27 106 180 171 205
b28 304 162 350 201
b29 106 0 130 62
b30 0 165 26 189
b31 229 259 263 285
b32 234 0 287 43
b33 64 265 99 287
b34 0 248 54 275
b35 179 364 210 402
b36 99 286 138 353
b37 89 435 149 455
b38 52 222 109 245
b39 287 0 339 55
b40 233 94 259 123
b41 176 107 231 134
b42 363 151 425 204
b43 99 389 160 435
b44 40 44 105 91
b45 138 286 161 330
b46 265 154 304 176
b47 64 287 97 352
b48 130 54 187 81
b49 128 115 175 180
b50 292 236 359 268
b51 0 331 38 388
b52 161 310 206 364
b53 130 33 173 54
b54 40 140 101 158
b55 231 123 265 179
b56 0 397 63 414
b57 322 397 340 444
b58 130 81 176 115
b59 0 50 37 100
b60 106 62 129 102
b61 206 310 229 343
b62 225 240 285 259
b63 266 335 302 380
b64 173 185 220 235
b65 0 275 57 331
b66 302 268 363 335
b67 189 28 233 68
b68 363 204 426 256
b69 401 0 428 54
b70 304 120 346 162
b71 281 55 345 77
b72 381 392 442 453
b73 225 179 292 240
b74 210 380 252 418
b75 99 245 118 273
b76 303 375 336 397
b77 363 295 429 352
b78 67 352 99 388
b79 168 269 228 310
b80 149 439 207 455
b81 0 0 40 50
b82 367 54 424 101
b83 173 28 189 50
b84 106 102 128 169
b85 57 245 82 265
b86 210 343 266 380
b87 189 68 233 107
b88 160 402 184 439
b89 259 94 297 121
b90 265 121 304 154
b91 229 285 262 341
b92 38 331 64 347
b93 292 201 357 236
b94 340 392 381 451
b95 252 380 303 399
b96 363 352 429 392
b97 106 205 173 222
b98 67 388 89 450
b99 40 91 106 140
