251243.75
296372.5
206115
453 455
2.818741
b0 359 111 392 154
b1 226 318 263 383
b2 226 383 279 417
b3 273 19 310 86
b4 18 214 47 233
b5 187 149 226 198
b6 0 0 18 40
b7 226 146 248 186
b8 35 0 85 62
b9 226 186 242 227
b10 148 89 166 141
b11 19 393 58 452
b12 85 36 113 97
b13 310 0 367 48
b14 85 97 148 140
b15 316 292 375 344
b16 85 0 142 36
b17 160 328 226 372
b18 279 382 327 433
b19 143 260 174 310
b20 273 0 310 19
b21 367 0 431 50
b22 303 224 352 258
b23 231 0 251 49
b24 245 51 273 96
b25 0 339 54 378
b26 395 203 435 258
b27 248 146 273 211
b28 18 175 64 214
b29 85 140 147 164
b30 47 220 73 244
b31 47 244 73 278
b32 18 63 71 106
b33 121 284 143 319
b34 392 149 419 203
b35 273 180 304 218
b36 121 319 160 386
b37 273 120 293 180
b38 73 220 130 243
b39 248 218 303 270
b40 18 123 44 152
b41 113 36 140 91
b42 263 315 316 377
b43 158 407 219 453
b44 205 99 270 146
b45 208 0 231 44
b46 431 0 453 39
b47 289 87 354 120
b48 219 417 276 444
b49 0 269 47 334
b50 190 198 222 265
b51 316 344 373 382
b52 249 270 303 315
b53 115 386 136 429
b54 0 40 18 101
b55 81 350 115 406
b56 18 0 35 63
b57 0 101 18 148
b58 303 258 349 292
b59 208 49 245 99
b60 18 152 58 175
b61 226 285 249 318
b62 0 378 19 438
b63 0 233 45 269
b64 304 177 354 224
b65 64 164 121 220
b66 367 394 434 455
b67 81 306 121 350
b68 174 265 226 328
b69 54 339 81 393
b70 121 164 163 206
b71 47 284 111 306
b72 354 50 415 111
b73 375 290 436 357
b74 392 111 434 149
b75 395 258 414 286
b76 47 306 69 339
b77 293 120 359 177
b78 132 206 168 238
b79 354 230 395 290
b80 226 227 242 285
b81 140 49 190 89
b82 58 406 115 453
b83 58 123 80 139
b84 136 386 158 453
b85 359 154 384 174
b86 373 357 429 394
b87 310 48 354 87
b88 163 149 187 186
b89 166 122 204 149
b90 166 89 205 122
b91 359 174 392 230
b92 273 86 289 112
b93 160 372 225 407
b94 73 243 132 284
b95 251 0 270 51
b96 327 382 367 448
b97 18 106 85 123
b98 168 198 190 260
b99 142 0 208 49
