240567.25
284574.5
196560
432 455
2.158264
b0 205 0 238 43
b1 366 153 431 190
b2 149 320 183 373
b3 0 277 67 314
b4 65 215 84 244
b5 253 230 302 269
b6 156 0 174 40
b7 62 55 102 77
b8 161 207 223 257
b9 125 168 166 184
b10 278 370 330 388
b11 217 416 276 455
b12 238 0 266 61
b13 67 244 124 292
b14 364 190 427 233
b15 372 0 424 59
b16 74 351 110 408
b17 187 260 253 304
b18 172 159 223 207
b19 337 99 387 130
b20 187 304 206 341
b21 0 108 64 158
b22 0 314 34 363
b23 253 269 302 289
b24 387 125 432 153
b25 238 112 277 166
b26 84 189 124 244
b27 350 430 415 455
b28 238 66 277 112
b29 397 335 421 397
b30 307 247 333 271
b31 208 344 242 370
b32 352 280 405 323
b33 127 73 149 108
b34 369 59 423 86
b35 174 0 205 38
b36 278 388 317 455
b37 277 105 337 125
b38 223 203 246 260
b39 102 18 154 73
b40 242 344 271 370
b41 405 280 432 335
b42 0 55 62 108
b43 217 370 278 416
b44 366 233 431 280
b45 307 287 330 331
b46 277 125 299 164
b47 317 388 350 453
b48 56 158 83 215
b49 34 408 99 455
b50 299 130 366 162
b51 149 263 187 320
b52 352 323 397 377
b53 187 341 208 384
b54 95 0 156 18
b55 115 292 149 348
b56 154 40 171 103
b57 125 150 172 168
b58 0 401 34 447
b59 278 333 328 370
b60 125 184 165 207
b61 333 247 366 270
b62 299 162 359 181
b63 50 0 95 36
b64 0 0 50 47
b65 0 158 56 215
b66 174 43 235 110
b67 352 377 392 421
b68 64 77 127 129
b69 253 203 307 230
b70 127 108 169 150
b71 308 0 372 22
b72 156 384 217 445
b73 302 38 369 99
b74 266 0 308 38
b75 266 38 285 66
b76 274 289 307 311
b77 307 181 364 247
b78 124 231 160 263
b79 84 129 125 189
b80 308 22 366 38
b81 34 314 74 364
b82 99 408 156 455
b83 274 311 290 333
b84 330 271 352 338
b85 330 338 350 363
b86 0 364 56 401
b87 387 86 431 125
b88 124 207 161 231
b89 0 215 38 242
b90 392 397 431 430
b91 110 351 143 407
b92 302 271 328 287
b93 0 242 65 277
b94 74 292 115 351
b95 50 36 101 55
b96 208 304 274 344
b97 285 38 302 105
b98 238 181 300 203
b99 172 110 238 159
