302611.75
402723.5
202500
450 450
256.606633
b0 281 156 317 172
b1 204 143 243 162
b2 298 0 339 35
b3 431 356 449 403
b4 140 105 172 131
b5 326 314 361 345
b6 89 154 118 167
b7 268 332 289 360
b8 46 385 78 400
b9 154 255 200 289
b10 94 305 126 350
b11 204 129 240 143
b12 166 206 208 242
b13 216 0 264 45
b14 59 346 84 361
b15 268 286 313 332
b16 288 213 310 231
b17 293 231 326 257
b18 249 95 283 114
b19 163 289 193 301
b20 364 148 397 176
b21 275 117 319 156
b22 26 67 65 93
b23 207 342 247 367
b24 278 234 293 259
b25 389 0 425 36
b26 14 243 57 268
b27 63 280 78 314
b28 208 162 254 200
b29 154 212 166 249
b30 319 182 336 209
b31 216 326 253 342
b32 64 94 96 117
b33 208 240 244 258
b34 344 34 363 72
b35 364 133 397 148
b36 313 317 325 345
b37 434 73 450 94
b38 108 37 141 63
b39 98 106 140 136
b40 167 19 208 47
b41 274 42 290 58
b42 107 167 126 211
b43 397 278 437 312
b44 191 336 207 363
b45 0 0 14 37
b46 400 36 448 51
b47 266 360 289 374
b48 193 402 219 426
b49 26 36 66 67
b50 363 245 405 278
b51 340 176 388 203
b52 254 178 281 215
b53 117 362 135 379
b54 208 200 251 216
b55 298 35 344 48
b56 375 310 397 335
b57 130 301 178 320
b58 87 286 128 305
b59 146 402 192 448
b60 119 226 154 256
b61 66 60 99 94
b62 227 404 264 449
b63 126 185 161 200
b64 42 403 90 450
b65 264 374 297 404
b66 67 117 98 148
b67 405 239 449 276
b68 192 426 227 450
b69 310 424 348 443
b70 26 93 62 107
b71 264 0 298 42
b72 339 0 372 34
b73 26 107 64 125
b74 172 79 190 108
b75 193 297 216 324
b76 110 0 124 12
b77 90 422 106 446
b78 397 152 440 178
b79 243 367 262 404
b80 296 422 310 437
b81 59 326 91 346
b82 243 129 275 162
b83 251 215 288 234
b84 124 0 167 37
b85 22 290 59 338
b86 326 231 350 255
b87 163 60 208 79
b88 326 271 354 314
b89 59 314 94 326
b90 14 178 59 202
b91 319 135 363 163
b92 66 36 108 60
b93 99 63 120 106
b94 31 338 47 353
b95 381 203 406 239
b96 216 70 261 95
b97 163 355 191 380
b98 201 271 217 297
b99 26 158 63 178
b100 251 234 278 259
b101 67 176 107 224
b102 166 162 204 187
b103 354 278 386 310
b104 261 67 297 92
b105 350 203 381 245
b106 397 356 431 395
b107 14 227 59 243
b108 126 200 159 212
b109 193 324 215 336
b110 75 226 119 249
b111 208 258 226 271
b112 140 143 186 161
b113 399 124 442 152
b114 375 335 394 374
b115 345 345 375 382
b116 400 403 437 445
b117 208 216 245 240
b118 364 94 399 133
b119 406 215 442 239
b120 253 292 268 337
b121 264 404 296 449
b122 87 256 130 286
b123 166 242 201 255
b124 193 363 206 402
b125 98 136 126 154
b126 135 362 163 400
b127 31 268 55 290
b128 110 400 146 425
b129 397 312 443 356
b130 297 48 342 92
b131 57 0 77 36
b132 400 108 438 124
b133 340 163 354 175
b134 281 197 310 213
b135 216 311 253 326
b136 167 0 191 19
b137 186 140 204 162
b138 163 380 193 402
b139 84 350 117 381
b140 63 264 75 280
b141 216 45 250 70
b142 260 259 306 286
b143 0 358 46 402
b144 14 202 43 227
b145 204 95 249 129
b146 226 259 260 292
b147 75 249 87 280
b148 191 0 216 17
b149 84 381 106 403
b150 253 337 266 367
b151 254 162 281 178
b152 77 0 110 33
b153 63 224 75 264
b154 0 402 42 446
b155 14 0 26 13
b156 161 187 203 206
b157 130 320 142 362
b158 372 0 389 28
b159 46 361 82 385
b160 140 131 176 143
b161 217 292 248 311
b162 363 82 393 94
b163 354 395 400 442
b164 176 108 203 140
b165 26 125 67 158
b166 106 425 142 437
b167 107 212 154 226
b168 281 172 318 197
b169 372 36 400 82
b170 0 289 22 334
b171 400 73 434 108
b172 26 0 57 25
b173 400 51 442 73
b174 388 178 408 203
b175 361 310 373 344
b176 117 379 133 399
b177 0 268 31 289
b178 306 257 326 273
b179 319 94 364 135
b180 319 163 340 182
b181 339 382 354 424
b182 130 289 163 301
b183 326 255 363 271
b184 90 403 110 422
b185 313 273 326 317
b186 141 47 189 60
b187 250 45 274 67
b188 126 161 166 185
b189 0 338 31 358
b190 206 367 243 401
b191 408 178 450 215
b192 67 148 89 176
b193 120 63 163 105
b194 297 379 339 422
b195 283 92 319 117
b196 289 332 305 371
b197 142 320 189 355
b198 310 209 350 231
b199 305 345 345 379
