564286.25
832364.5
296208
528 561
134.79476
b0 101 449 128 464
b1 409 141 436 157
b2 203 95 229 117
b3 229 74 250 119
b4 0 304 45 344
b5 339 268 365 284
b6 250 242 288 269
b7 58 135 87 170
b8 229 159 250 195
b9 185 470 210 514
b10 343 452 358 483
b11 316 452 340 493
b12 166 247 183 266
b13 376 138 409 186
b14 229 502 273 523
b15 355 417 370 451
b16 64 175 109 217
b17 109 182 146 223
b18 477 0 521 43
b19 454 253 477 289
b20 412 182 429 195
b21 146 149 174 193
b22 93 268 128 297
b23 174 0 214 17
b24 382 326 406 344
b25 343 487 386 516
b26 506 260 524 287
b27 93 360 133 398
b28 192 279 204 303
b29 477 260 506 290
b30 25 196 45 224
b31 250 180 286 212
b32 313 373 335 392
b33 293 183 339 228
b34 185 514 214 526
b35 72 512 84 538
b36 339 311 369 338
b37 445 241 474 253
b38 45 196 64 217
b39 274 495 287 507
b40 229 228 248 275
b41 376 186 412 205
b42 316 0 341 46
b43 34 351 55 390
b44 287 511 311 538
b45 429 455 453 480
b46 450 34 463 53
b47 85 521 127 561
b48 127 533 161 561
b49 30 428 54 476
b50 329 493 343 512
b51 502 72 518 86
b52 229 403 247 440
b53 385 344 397 380
b54 389 205 419 239
b55 455 533 486 559
b56 70 398 101 444
b57 45 304 93 351
b58 223 279 248 304
b59 55 351 93 398
b60 258 388 297 404
b61 402 374 433 419
b62 356 381 402 417
b63 436 141 472 187
b64 334 351 367 366
b65 335 366 358 379
b66 316 516 358 561
b67 415 31 448 45
b68 404 515 432 560
b69 339 284 375 311
b70 184 454 229 470
b71 38 476 72 508
b72 148 471 180 486
b73 419 195 431 241
b74 247 404 281 447
b75 24 176 61 196
b76 453 290 489 329
b77 149 229 189 247
b78 287 495 329 511
b79 477 55 502 95
b80 478 173 493 209
b81 23 476 38 508
b82 93 297 132 321
b83 433 374 470 415
b84 376 47 410 85
b85 149 279 192 313
b86 153 313 192 357
b87 483 447 528 495
b88 229 359 258 403
b89 238 315 258 357
b90 87 472 111 518
b91 448 98 469 141
b92 292 240 339 285
b93 62 230 86 250
b94 247 447 278 466
b95 216 0 260 37
b96 339 197 372 243
b97 133 469 148 509
b98 470 372 483 407
b99 132 268 149 308
b100 260 0 304 45
b101 148 403 184 433
b102 491 495 527 535
b103 395 455 429 489
b104 463 34 477 76
b105 412 298 445 333
b106 445 229 478 241
b107 493 143 508 175
b108 148 486 185 524
b109 358 516 404 558
b110 21 265 63 304
b111 339 338 360 351
b112 0 231 25 261
b113 0 195 24 231
b114 156 73 200 107
b115 339 162 373 184
b116 62 22 81 50
b117 109 223 148 244
b118 278 451 316 495
b119 23 508 68 536
b120 375 277 411 313
b121 161 526 199 560
b122 186 359 229 379
b123 122 0 158 23
b124 415 0 450 31
b125 432 187 478 229
b126 360 338 382 350
b127 81 28 124 53
b128 54 444 98 472
b129 124 23 158 45
b130 404 489 434 515
b131 184 379 229 427
b132 291 355 330 373
b133 332 119 375 134
b134 0 344 34 391
b135 138 313 153 358
b136 304 0 316 37
b137 330 97 358 118
b138 187 251 229 279
b139 358 451 395 487
b140 248 303 291 315
b141 158 19 203 38
b142 421 104 448 141
b143 306 94 330 119
b144 72 472 87 512
b145 33 49 46 94
b146 490 321 523 369
b147 370 419 412 449
b148 128 449 146 469
b149 39 0 86 22
b150 330 74 361 97
b151 158 38 200 56
b152 158 0 174 19
b153 250 212 291 242
b154 68 538 85 560
b155 16 428 30 453
b156 46 22 62 50
b157 412 157 432 182
b158 431 253 454 266
b159 118 105 150 149
b160 508 143 524 170
b161 478 213 524 260
b162 367 350 385 381
b163 203 62 225 95
b164 62 53 98 94
b165 152 56 173 73
b166 298 119 332 155
b167 412 419 449 455
b168 315 392 356 416
b169 376 85 415 109
b170 376 109 421 138
b171 486 535 526 557
b172 508 406 521 433
b173 339 243 371 268
b174 0 428 16 471
b175 223 304 238 320
b176 458 495 491 533
b177 25 224 62 265
b178 502 55 521 72
b179 192 325 238 359
b180 189 195 229 214
b181 124 45 152 75
b182 0 150 24 195
b183 189 117 228 150
b184 98 53 123 99
b185 450 0 477 34
b186 490 290 523 321
b187 148 433 184 471
b188 0 391 40 428
b189 293 228 337 240
b190 184 427 221 454
b191 174 161 190 195
b192 229 45 277 74
b193 442 81 475 98
b194 339 184 367 197
b195 46 50 59 83
b196 418 333 459 374
b197 339 134 376 162
b198 138 358 186 377
b199 0 49 31 85
b200 229 523 272 560
b201 277 45 306 71
b202 281 412 315 451
b203 442 53 457 81
b204 63 94 96 135
b205 111 500 126 521
b206 341 0 376 42
b207 475 407 508 435
b208 415 84 442 104
b209 229 466 274 502
b210 133 509 146 533
b211 274 507 286 523
b212 274 538 316 559
b213 362 42 376 74
b214 149 247 166 274
b215 138 377 167 398
b216 210 470 229 512
b217 0 102 20 150
b218 250 165 293 180
b219 258 370 286 388
b220 258 315 288 352
b221 203 17 216 62
b222 458 457 483 491
b223 190 173 209 195
b224 434 515 455 560
b225 101 411 148 449
b226 297 373 313 412
b227 449 415 462 447
b228 306 74 327 94
b229 93 244 141 268
b230 123 75 156 105
b231 298 167 328 183
b232 283 71 306 113
b233 64 217 80 230
b234 258 352 291 370
b235 0 27 46 49
b236 415 45 442 84
b237 229 119 250 159
b238 0 0 39 27
b239 87 135 109 175
b240 190 150 209 173
b241 349 42 362 66
b242 376 239 416 261
b243 189 214 223 251
b244 101 398 138 411
b245 250 141 286 165
b246 0 516 23 560
b247 316 416 355 452
b248 459 329 490 372
b249 199 526 226 561
b250 483 372 514 406
b251 24 133 58 176
b252 23 536 51 555
b253 216 37 229 52
b254 432 229 445 253
b255 376 0 415 47
b256 166 266 187 279
b257 0 85 33 102
b258 248 269 292 303
b259 298 155 324 167
b260 204 279 223 291
b261 475 435 520 447
b262 250 114 298 141
b263 292 285 339 331
b264 0 471 23 516
b265 361 74 376 119
b266 477 95 522 143
b267 148 195 187 229
b268 192 303 217 325
b269 416 280 453 298
b270 33 94 56 109
b271 292 331 334 355
b272 434 480 458 515
b273 397 344 418 374
b274 229 195 250 228
b275 96 99 118 127
b276 419 266 450 280
b277 477 43 524 55
b278 462 415 475 457
b279 93 321 136 360
b280 111 469 133 500
b281 472 143 490 173
b282 63 250 93 294
b283 174 148 189 161
b284 40 398 70 419
b285 376 205 389 238
b286 150 107 186 148
b287 0 261 21 303
b288 86 0 122 28
b289 109 149 146 182
b290 173 56 200 72
b291 306 46 349 74
b292 24 109 63 133
b293 209 150 228 193
b294 167 377 184 403
b295 369 313 412 326
b296 385 261 412 277
b297 493 175 524 213
b298 250 74 283 114
b299 372 261 385 274
