252360.5
301336
203385
447 455
1.496144
b0 272 392 315 425
b1 335 357 400 394
b2 83 104 136 138
b3 296 299 333 366
b4 400 400 429 419
b5 387 278 436 317
b6 387 317 427 335
b7 0 185 22 225
b8 136 279 198 329
b9 378 47 419 63
b10 321 250 373 268
b11 196 151 235 210
b12 359 278 387 339
b13 382 221 430 278
b14 0 257 43 320
b15 136 179 188 238
b16 47 0 83 57
b17 0 106 66 150
b18 43 240 91 291
b19 195 233 245 264
b20 43 314 62 351
b21 272 165 322 229
b22 272 229 321 263
b23 272 425 321 445
b24 211 84 239 129
b25 0 359 54 398
b26 51 185 91 240
b27 219 19 244 84
b28 256 27 302 66
b29 272 288 296 350
b30 272 350 296 376
b31 0 398 34 424
b32 83 61 136 104
b33 382 109 404 144
b34 245 331 272 385
b35 321 268 359 299
b36 112 329 151 396
b37 54 433 114 453
b38 188 210 245 233
b39 144 124 196 179
b40 22 185 51 211
b41 256 0 311 27
b42 321 394 383 447
b43 378 63 439 109
b44 374 0 439 47
b45 196 19 219 63
b46 196 129 235 151
b47 404 109 437 174
b48 114 425 171 452
b49 400 335 447 400
b50 240 264 272 331
b51 307 108 345 165
b52 91 254 136 308
b53 353 0 374 43
b54 321 232 382 250
b55 165 329 199 385
b56 249 385 266 448
b57 34 398 52 445
b58 199 347 245 381
b59 235 156 272 206
b60 198 264 238 287
b61 43 291 76 314
b62 196 0 256 19
b63 400 419 445 455
b64 0 0 47 50
b65 251 99 307 156
b66 311 47 378 108
b67 165 385 209 425
b68 144 0 196 63
b69 111 396 165 423
b70 311 0 353 42
b71 322 165 344 229
b72 83 0 144 61
b73 144 63 211 124
b74 91 216 133 254
b75 382 144 401 172
b76 171 425 204 447
b77 54 367 111 433
b78 0 225 36 257
b79 199 287 240 347
b80 333 299 349 357
b81 62 327 112 367
b82 382 174 439 221
b83 235 129 251 151
b84 344 165 366 232
b85 272 263 292 288
b86 345 109 382 165
b87 91 177 135 216
b88 298 366 335 390
b89 245 206 272 244
b90 0 320 33 359
b91 251 66 307 99
b92 272 376 298 392
b93 0 150 65 185
b94 136 238 195 279
b95 76 308 127 327
b96 209 385 249 451
b97 66 160 133 177
b98 66 138 128 160
b99 0 57 66 106
