296634.5
395269
198000
450 440
155.635522
b0 268 201 304 217
b1 249 288 268 327
b2 407 284 448 319
b3 398 152 416 199
b4 46 75 78 101
b5 293 249 328 280
b6 247 188 260 217
b7 247 160 268 188
b8 88 286 120 301
b9 293 299 339 333
b10 203 327 248 359
b11 358 115 394 129
b12 115 0 157 36
b13 405 236 450 284
b14 48 374 63 399
b15 0 0 46 45
b16 221 83 243 101
b17 360 129 393 155
b18 292 123 326 142
b19 339 323 369 335
b20 405 87 438 115
b21 186 0 225 44
b22 162 310 201 336
b23 112 109 152 134
b24 335 131 360 146
b25 367 66 403 102
b26 0 190 43 215
b27 46 262 61 296
b28 225 45 271 83
b29 78 0 115 12
b30 46 297 73 314
b31 88 147 104 184
b32 78 70 110 93
b33 46 244 82 262
b34 384 30 422 49
b35 184 44 217 59
b36 300 237 328 249
b37 247 217 263 238
b38 416 172 449 198
b39 384 0 426 30
b40 268 148 309 176
b41 115 36 131 52
b42 46 314 90 333
b43 373 284 407 324
b44 135 299 162 315
b45 160 266 197 280
b46 288 82 336 97
b47 223 160 246 174
b48 135 315 161 339
b49 112 134 152 165
b50 362 205 404 238
b51 170 218 197 266
b52 256 249 293 276
b53 101 376 119 393
b54 268 288 284 331
b55 337 44 350 90
b56 336 106 358 131
b57 201 308 249 327
b58 162 336 203 355
b59 359 238 405 284
b60 161 389 191 424
b61 12 215 45 249
b62 246 391 283 436
b63 188 131 223 146
b64 0 386 48 433
b65 162 280 195 310
b66 212 192 243 223
b67 271 45 315 82
b68 222 394 246 429
b69 403 49 422 87
b70 31 142 45 178
b71 328 372 370 406
b72 304 181 337 215
b73 64 398 82 436
b74 218 174 247 192
b75 133 257 160 280
b76 224 223 238 235
b77 46 220 62 244
b78 292 97 335 123
b79 125 280 162 299
b80 120 299 135 313
b81 94 393 126 413
b82 46 0 78 33
b83 283 361 302 398
b84 405 199 448 236
b85 106 339 154 376
b86 197 268 221 292
b87 223 141 268 160
b88 112 165 140 208
b89 61 262 73 297
b90 88 242 133 266
b91 284 333 328 361
b92 88 105 112 147
b93 154 197 197 218
b94 48 399 64 414
b95 362 180 398 205
b96 243 83 288 108
b97 94 413 122 438
b98 198 230 224 246
b99 88 266 125 286
b100 159 32 184 59
b101 0 249 40 297
b102 337 173 362 211
b103 268 217 300 249
b104 268 176 304 201
b105 328 237 359 279
b106 339 284 373 323
b107 46 175 62 220
b108 228 235 240 268
b109 317 280 339 292
b110 62 199 85 243
b111 243 238 256 256
b112 152 166 198 184
b113 422 30 450 73
b114 309 142 328 181
b115 191 101 228 131
b116 328 335 370 372
b117 302 361 326 398
b118 303 0 338 39
b119 161 106 185 142
b120 88 184 103 229
b121 328 406 373 438
b122 76 333 106 376
b123 161 427 196 440
b124 366 102 405 115
b125 188 146 216 164
b126 221 268 249 306
b127 62 175 84 199
b128 0 339 36 364
b129 338 0 384 44
b130 259 0 303 45
b131 0 122 36 142
b132 228 108 266 124
b133 140 184 154 196
b134 157 0 186 16
b135 73 262 88 299
b136 293 280 317 299
b137 249 369 267 391
b138 198 246 228 268
b139 191 394 222 427
b140 85 376 101 388
b141 78 45 112 70
b142 115 82 161 109
b143 0 78 46 122
b144 106 313 135 338
b145 225 0 259 45
b146 136 224 170 257
b147 0 215 12 246
b148 228 124 253 141
b149 63 376 85 398
b150 161 93 191 106
b151 374 49 401 65
b152 78 12 111 45
b153 82 398 94 438
b154 0 297 44 339
b155 31 178 44 190
b156 46 33 65 75
b157 46 120 88 132
b158 350 66 367 94
b159 152 142 188 166
b160 256 276 292 288
b161 46 101 77 120
b162 336 94 366 106
b163 373 324 420 370
b164 328 146 360 173
b165 0 45 41 78
b166 122 416 158 428
b167 198 183 212 230
b168 196 59 221 96
b169 131 36 159 82
b170 0 364 45 386
b171 161 59 196 93
b172 0 142 31 167
b173 315 39 337 81
b174 416 152 441 172
b175 78 93 112 105
b176 197 292 217 308
b177 45 353 76 374
b178 157 16 177 32
b179 283 398 328 439
b180 300 217 321 236
b181 249 327 264 369
b182 73 301 106 313
b183 103 208 140 224
b184 198 164 218 183
b185 154 184 198 197
b186 88 229 136 242
b187 350 44 374 66
b188 268 108 292 148
b189 45 333 76 353
b190 161 355 198 389
b191 394 115 436 152
b192 0 167 28 189
b193 46 132 88 175
b194 373 370 416 412
b195 362 155 398 180
b196 267 331 283 370
b197 198 359 245 394
b198 321 215 361 237
b199 126 376 160 416
