306188.75
411677.5
200700
446 450
151.564373
b0 387 218 403 254
b1 32 310 71 329
b2 305 412 346 447
b3 300 154 347 172
b4 0 0 32 26
b5 174 193 209 224
b6 399 76 412 105
b7 134 181 162 202
b8 0 326 32 341
b9 123 318 157 364
b10 32 144 77 176
b11 332 359 368 373
b12 348 164 384 206
b13 260 402 305 450
b14 203 329 218 354
b15 142 273 188 318
b16 404 108 422 130
b17 302 234 335 260
b18 184 0 203 34
b19 191 282 221 294
b20 288 354 321 382
b21 258 218 302 257
b22 114 102 153 128
b23 134 156 174 181
b24 403 191 428 206
b25 347 71 383 107
b26 206 360 231 403
b27 80 362 114 377
b28 267 115 313 153
b29 347 152 384 164
b30 386 254 403 281
b31 166 93 203 109
b32 32 354 64 377
b33 116 145 134 181
b34 166 109 204 128
b35 184 34 199 67
b36 366 316 394 328
b37 285 35 301 56
b38 166 67 199 93
b39 302 260 332 302
b40 134 128 175 156
b41 0 178 16 194
b42 123 268 142 312
b43 401 42 441 76
b44 282 382 309 398
b45 144 65 158 102
b46 384 43 399 91
b47 246 296 260 319
b48 99 33 125 57
b49 0 66 31 106
b50 401 0 434 42
b51 261 64 309 91
b52 403 243 440 270
b53 116 128 134 145
b54 368 345 384 388
b55 335 259 381 272
b56 260 313 285 335
b57 0 260 19 308
b58 0 137 19 178
b59 116 202 162 248
b60 41 221 76 251
b61 41 188 75 221
b62 346 397 391 434
b63 297 0 312 35
b64 32 38 80 85
b65 80 0 110 33
b66 80 57 111 88
b67 304 172 348 209
b68 332 373 367 397
b69 222 277 260 296
b70 80 203 116 217
b71 332 272 366 314
b72 228 32 261 66
b73 116 364 154 382
b74 80 217 109 235
b75 234 124 261 147
b76 68 0 80 14
b77 0 310 24 326
b78 204 93 247 119
b79 309 64 328 101
b80 332 397 346 412
b81 0 341 20 373
b82 412 76 445 108
b83 366 297 403 316
b84 175 128 218 165
b85 157 354 205 391
b86 422 108 446 132
b87 328 64 347 109
b88 260 335 288 378
b89 19 176 54 188
b90 32 120 77 144
b91 75 377 103 421
b92 80 235 104 277
b93 111 57 132 100
b94 64 362 80 377
b95 32 0 68 25
b96 146 248 191 273
b97 178 325 203 353
b98 309 382 325 408
b99 109 248 146 268
b100 391 377 418 402
b101 166 391 206 439
b102 335 234 373 259
b103 219 0 251 32
b104 199 68 235 93
b105 191 240 222 282
b106 406 307 445 341
b107 206 403 251 419
b108 132 65 144 98
b109 234 147 256 159
b110 114 406 137 450
b111 153 102 166 120
b112 301 46 347 64
b113 288 314 331 342
b114 384 152 403 191
b115 415 206 445 243
b116 403 270 445 307
b117 114 382 151 406
b118 221 325 260 360
b119 261 28 285 64
b120 206 419 251 434
b121 332 314 364 359
b122 0 419 43 449
b123 208 294 221 329
b124 247 85 260 124
b125 80 88 108 106
b126 174 165 212 193
b127 260 378 282 402
b128 32 329 68 354
b129 223 159 267 205
b130 360 107 404 152
b131 41 288 77 308
b132 222 261 260 277
b133 288 342 302 354
b134 203 0 219 29
b135 151 391 166 428
b136 235 66 259 85
b137 83 421 105 439
b138 223 205 253 227
b139 267 153 300 184
b140 231 360 247 372
b141 304 209 338 234
b142 392 350 438 377
b143 77 277 123 321
b144 221 296 246 325
b145 313 109 347 154
b146 80 170 114 203
b147 44 377 75 389
b148 338 209 355 234
b149 19 288 41 310
b150 247 360 260 390
b151 387 191 403 218
b152 0 227 33 260
b153 43 434 83 446
b154 0 377 44 419
b155 110 0 122 13
b156 260 279 302 298
b157 162 181 174 223
b158 364 328 392 345
b159 80 146 116 170
b160 403 206 415 242
b161 0 106 19 137
b162 302 302 332 314
b163 312 0 359 46
b164 355 206 387 233
b165 0 194 41 227
b166 20 341 32 377
b167 209 193 223 240
b168 347 46 384 71
b169 251 0 297 28
b170 44 389 66 434
b171 223 227 258 261
b172 19 263 50 288
b173 260 257 302 279
b174 366 272 386 297
b175 394 316 406 350
b176 122 0 142 16
b177 157 318 178 349
b178 231 372 247 392
b179 71 321 116 362
b180 403 169 422 190
b181 260 298 302 313
b182 33 251 66 263
b183 218 119 234 156
b184 80 33 99 53
b185 347 107 360 151
b186 32 25 80 38
b187 422 169 446 191
b188 261 91 301 115
b189 188 294 208 325
b190 267 184 304 218
b191 404 132 446 169
b192 142 43 170 65
b193 142 0 184 43
b194 359 0 401 43
b195 203 32 228 68
b196 162 224 201 240
b197 32 85 79 120
b198 0 26 22 66
b199 80 106 114 146
