428879.75
544721.5
313038
558 561
355.859475
b0 505 315 520 342
b1 308 181 324 208
b2 151 306 173 332
b3 379 181 424 202
b4 197 128 242 168
b5 0 427 16 453
b6 221 527 259 554
b7 417 21 452 50
b8 292 273 328 294
b9 81 426 125 451
b10 189 386 220 401
b11 188 259 229 283
b12 164 145 183 162
b13 317 473 350 521
b14 324 162 345 206
b15 378 301 393 335
b16 88 184 130 229
b17 398 387 439 424
b18 510 271 554 314
b19 130 239 166 262
b20 189 401 206 414
b21 164 101 192 145
b22 424 209 459 238
b23 430 544 470 561
b24 212 180 236 198
b25 393 277 422 320
b26 67 116 85 143
b27 517 169 557 207
b28 197 168 221 180
b29 159 385 189 414
b30 289 472 317 492
b31 202 283 238 315
b32 533 33 555 52
b33 132 484 177 530
b34 100 241 129 253
b35 505 409 517 435
b36 345 181 375 208
b37 379 202 391 231
b38 159 414 180 433
b39 155 195 168 207
b40 188 240 235 259
b41 40 148 76 167
b42 46 12 71 58
b43 419 256 458 277
b44 54 373 81 397
b45 255 100 280 124
b46 262 124 275 143
b47 438 315 478 357
b48 79 0 113 28
b49 424 161 448 209
b50 221 508 235 527
b51 372 287 388 301
b52 439 357 476 375
b53 325 401 337 437
b54 350 491 384 521
b55 12 259 38 290
b56 110 530 156 561
b57 321 78 368 126
b58 352 466 377 491
b59 57 451 95 498
b60 186 283 202 322
b61 297 305 342 336
b62 334 521 380 557
b63 368 116 404 162
b64 499 453 514 486
b65 229 44 252 57
b66 464 41 506 86
b67 275 194 308 208
b68 439 409 467 454
b69 368 70 404 97
b70 373 242 389 287
b71 270 0 304 32
b72 116 464 131 496
b73 275 124 321 136
b74 0 393 43 427
b75 520 314 540 351
b76 365 34 404 70
b77 375 350 393 390
b78 0 453 16 495
b79 113 39 138 79
b80 16 498 52 513
b81 180 427 195 459
b82 235 228 259 267
b83 452 0 489 41
b84 16 464 54 498
b85 476 357 519 391
b86 489 0 533 39
b87 275 136 323 181
b88 328 276 372 305
b89 513 207 555 227
b90 274 76 320 100
b91 0 372 43 393
b92 510 76 557 121
b93 242 128 262 152
b94 165 56 196 75
b95 46 59 83 103
b96 384 485 430 518
b97 459 246 474 286
b98 404 21 417 56
b99 419 239 459 256
b100 510 227 555 271
b101 476 497 512 527
b102 212 315 252 351
b103 302 208 336 242
b104 337 393 379 407
b105 189 351 222 386
b106 46 0 79 12
b107 85 257 117 272
b108 217 91 255 128
b109 183 198 229 240
b110 417 50 456 92
b111 81 386 94 407
b112 129 385 159 410
b113 118 326 142 362
b114 164 0 198 44
b115 110 496 132 530
b116 193 531 221 550
b117 297 352 318 391
b118 467 409 505 453
b119 337 407 382 435
b120 289 411 325 447
b121 259 302 297 336
b122 12 85 32 128
b123 248 474 284 497
b124 46 397 81 428
b125 404 115 446 161
b126 100 229 122 241
b127 12 234 55 259
b128 471 453 499 497
b129 448 112 470 146
b130 162 75 192 101
b131 0 513 48 558
b132 476 391 515 409
b133 360 350 375 393
b134 142 351 189 385
b135 229 76 274 91
b136 325 364 337 401
b137 12 128 40 149
b138 292 245 334 273
b139 422 277 459 313
b140 470 201 513 213
b141 393 320 438 339
b142 478 315 505 352
b143 222 369 247 393
b144 12 293 52 308
b145 280 513 293 558
b146 113 79 161 112
b147 12 308 54 338
b148 446 92 464 112
b149 470 179 517 201
b150 357 435 380 466
b151 84 498 102 540
b152 242 152 258 171
b153 12 44 42 85
b154 166 241 188 258
b155 164 162 189 176
b156 417 92 445 108
b157 337 435 357 460
b158 180 414 203 427
b159 198 0 230 44
b160 138 56 165 72
b161 430 497 476 544
b162 94 408 125 426
b163 448 176 470 209
b164 474 246 510 287
b165 196 83 217 100
b166 38 259 74 293
b167 519 351 556 387
b168 140 0 164 41
b169 140 441 179 465
b170 180 479 225 508
b171 54 293 94 315
b172 325 460 352 473
b173 95 152 120 184
b174 259 518 275 561
b175 79 44 95 59
b176 459 213 497 246
b177 107 272 148 309
b178 40 129 57 148
b179 0 338 46 372
b180 517 473 557 492
b181 299 48 329 76
b182 506 52 551 76
b183 196 44 229 83
b184 130 165 155 211
b185 519 387 553 414
b186 54 342 87 373
b187 481 141 517 179
b188 230 0 270 37
b189 140 44 184 56
b190 476 527 513 554
b191 79 28 113 44
b192 517 121 546 169
b193 118 309 151 326
b194 402 470 430 483
b195 398 424 431 437
b196 430 454 471 495
b197 130 211 167 239
b198 131 465 179 484
b199 342 305 378 336
b200 259 208 302 245
b201 186 322 212 351
b202 365 0 404 34
b203 85 229 100 257
b204 259 261 292 302
b205 297 391 318 406
b206 206 401 248 436
b207 402 437 430 470
b208 252 411 279 431
b209 323 126 368 162
b210 275 181 299 194
b211 331 21 343 37
b212 95 451 116 493
b213 361 336 393 350
b214 517 414 544 431
b215 284 492 313 513
b216 155 176 197 195
b217 166 258 186 306
b218 67 540 110 555
b219 222 351 250 369
b220 389 239 419 276
b221 173 306 186 351
b222 289 447 323 472
b223 377 466 399 485
b224 235 497 280 518
b225 259 336 297 383
b226 382 390 398 429
b227 380 521 412 534
b228 331 0 351 21
b229 293 513 317 561
b230 448 146 481 176
b231 259 245 289 261
b232 179 508 221 531
b233 167 228 183 241
b234 533 0 551 33
b235 226 436 248 482
b236 54 315 93 342
b237 40 167 80 188
b238 113 0 140 39
b239 95 112 117 152
b240 368 97 391 116
b241 54 533 67 557
b242 470 119 510 141
b243 439 375 476 409
b244 324 336 361 349
b245 517 449 553 473
b246 337 349 360 393
b247 236 171 275 207
b248 195 436 226 479
b249 57 498 84 533
b250 125 410 159 441
b251 336 208 379 242
b252 388 162 416 181
b253 197 180 212 193
b254 94 344 118 357
b255 252 37 299 76
b256 46 116 67 129
b257 317 521 334 554
b258 12 0 46 44
b259 391 103 417 115
b260 318 352 337 364
b261 0 0 12 45
b262 304 0 331 48
b263 12 188 59 234
b264 117 112 162 135
b265 238 267 253 312
b266 393 339 438 387
b267 334 242 373 276
b268 380 437 402 462
b269 517 431 554 449
b270 125 441 140 464
b271 87 362 129 386
b272 94 309 118 344
b273 229 207 259 228
b274 74 272 107 293
b275 55 234 83 256
b276 351 0 365 31
b277 404 56 416 103
b278 46 103 88 116
b279 250 431 289 474
b280 94 386 125 408
b281 540 314 558 344
b282 120 135 164 165
b283 350 31 363 46
b284 329 48 350 78
b285 168 195 181 228
b286 16 428 57 464
b287 404 0 446 21
b288 474 287 510 315
b289 391 202 424 239
b290 297 336 324 352
b291 253 383 296 411
b292 280 100 319 124
b293 345 162 388 181
b294 142 332 168 349
b295 59 188 72 231
b296 177 531 193 558
b297 512 492 550 523
b298 470 86 510 119
b299 129 362 142 375
