297110.25
392620.5
201600
448 450
184.01227
b0 279 103 315 119
b1 173 114 192 153
b2 198 13 233 54
b3 412 131 430 178
b4 196 146 222 178
b5 314 218 345 253
b6 214 282 243 295
b7 224 367 245 395
b8 56 306 88 321
b9 145 256 191 290
b10 153 189 198 221
b11 398 143 412 179
b12 127 147 163 189
b13 125 0 170 48
b14 12 266 27 291
b15 353 337 399 382
b16 395 253 417 271
b17 308 301 334 334
b18 396 0 430 19
b19 186 0 198 30
b20 223 183 256 211
b21 327 105 371 144
b22 204 314 243 340
b23 230 406 255 446
b24 333 52 358 67
b25 333 16 369 52
b26 12 167 37 210
b27 0 405 15 439
b28 208 54 246 100
b29 94 189 131 201
b30 191 70 208 97
b31 300 405 316 442
b32 15 427 47 450
b33 250 332 286 350
b34 340 67 359 105
b35 369 49 402 64
b36 414 178 442 190
b37 345 233 361 254
b38 334 301 360 334
b39 414 190 444 232
b40 265 0 293 41
b41 192 54 208 70
b42 139 357 183 376
b43 223 149 263 183
b44 192 100 219 116
b45 109 328 146 342
b46 318 0 333 48
b47 215 353 238 367
b48 76 230 102 254
b49 40 136 80 167
b50 131 114 173 147
b51 263 160 290 208
b52 315 181 342 218
b53 56 321 74 338
b54 155 221 198 237
b55 371 36 417 49
b56 290 181 315 203
b57 246 0 265 48
b58 102 217 143 236
b59 12 47 58 93
b60 64 415 94 450
b61 40 187 73 221
b62 305 144 350 181
b63 90 0 125 15
b64 42 0 90 47
b65 112 256 145 286
b66 173 295 204 326
b67 233 211 277 248
b68 342 187 377 211
b69 267 141 305 160
b70 95 409 131 423
b71 345 398 379 440
b72 361 238 395 271
b73 56 340 94 358
b74 109 236 138 254
b75 191 268 214 295
b76 143 221 155 235
b77 56 290 80 306
b78 350 144 376 187
b79 395 234 432 253
b80 361 271 376 285
b81 80 266 112 286
b82 234 117 267 149
b83 321 67 340 104
b84 360 300 403 337
b85 0 368 48 405
b86 290 203 314 227
b87 359 64 404 83
b88 12 93 40 136
b89 74 328 109 340
b90 27 266 72 290
b91 316 405 344 449
b92 88 286 112 328
b93 95 388 138 409
b94 48 415 64 430
b95 246 48 282 73
b96 395 273 440 298
b97 198 211 226 236
b98 170 0 186 26
b99 0 348 37 368
b100 209 116 234 143
b101 176 376 224 416
b102 246 73 284 98
b103 183 340 215 372
b104 293 0 318 36
b105 191 237 233 268
b106 269 366 303 405
b107 82 172 127 188
b108 12 254 45 266
b109 243 318 265 330
b110 12 210 35 254
b111 277 208 290 226
b112 90 48 136 66
b113 405 68 448 96
b114 204 295 243 314
b115 277 227 314 257
b116 303 368 345 405
b117 112 304 149 328
b118 405 96 444 131
b119 243 282 267 318
b120 82 145 127 160
b121 379 398 411 443
b122 12 0 42 43
b123 215 340 250 353
b124 238 353 277 366
b125 112 286 140 304
b126 267 304 305 332
b127 131 189 153 213
b128 40 221 76 246
b129 145 70 191 114
b130 299 257 344 301
b131 40 167 76 187
b132 333 0 371 16
b133 219 100 233 112
b134 417 35 446 51
b135 12 291 49 306
b136 395 210 414 234
b137 345 211 363 233
b138 286 332 308 362
b139 131 410 162 443
b140 170 326 182 342
b141 371 118 405 143
b142 118 66 145 112
b143 95 342 139 388
b144 198 178 223 207
b145 308 334 353 368
b146 178 416 211 450
b147 82 160 113 172
b148 344 254 361 279
b149 15 405 37 427
b150 196 116 209 146
b151 396 19 423 35
b152 163 153 196 186
b153 0 0 12 40
b154 12 306 56 348
b155 170 342 182 355
b156 143 237 185 256
b157 82 188 94 230
b158 405 51 433 68
b159 149 290 173 326
b160 315 104 327 140
b161 211 416 230 447
b162 267 98 279 128
b163 399 340 446 386
b164 363 211 395 238
b165 90 112 131 145
b166 94 423 130 435
b167 273 257 287 304
b168 377 185 414 210
b169 90 66 118 112
b170 48 393 93 415
b171 371 83 405 118
b172 12 136 37 167
b173 376 143 398 185
b174 417 253 442 273
b175 287 257 299 291
b176 162 416 178 436
b177 149 326 170 357
b178 430 131 446 151
b179 255 406 300 447
b180 246 98 267 117
b181 344 285 386 300
b182 76 254 109 266
b183 94 201 131 217
b184 58 47 77 67
b185 282 48 326 61
b186 198 0 246 13
b187 279 119 303 141
b188 245 366 269 406
b189 45 246 76 266
b190 139 376 176 410
b191 284 61 321 103
b192 58 67 86 89
b193 40 93 82 136
b194 403 298 446 340
b195 371 0 396 36
b196 353 382 392 398
b197 48 358 95 393
b198 170 30 192 70
b199 233 248 273 282
