249536.75
304333.5
194740
428 455
2.172475
b0 214 270 247 313
b1 148 0 213 37
b2 393 293 427 346
b3 249 383 286 450
b4 124 250 153 269
b5 266 89 305 138
b6 149 329 167 369
b7 100 228 140 250
b8 343 294 393 356
b9 0 436 41 452
b10 34 385 86 403
b11 33 139 92 178
b12 398 168 426 229
b13 142 84 199 132
b14 0 196 43 259
b15 0 44 52 103
b16 43 234 100 270
b17 38 0 104 44
b18 192 366 243 414
b19 338 402 369 452
b20 288 377 325 396
b21 375 229 425 293
b22 0 384 34 433
b23 177 132 197 181
b24 213 54 258 82
b25 332 0 371 54
b26 171 222 211 277
b27 305 82 370 107
b28 138 132 177 178
b29 404 346 428 408
b30 223 313 249 337
b31 104 175 138 201
b32 371 66 424 109
b33 249 311 271 346
b34 0 142 27 196
b35 179 415 217 446
b36 199 84 266 123
b37 122 29 142 89
b38 283 157 340 180
b39 343 175 398 227
b40 122 0 148 29
b41 305 0 332 55
b42 0 270 62 323
b43 343 356 404 402
b44 148 37 213 84
b45 260 138 283 182
b46 249 361 288 383
b47 149 296 214 329
b48 305 55 362 82
b49 67 320 114 385
b50 343 227 375 294
b51 154 184 211 222
b52 213 0 258 54
b53 90 385 111 428
b54 104 0 122 61
b55 104 119 138 175
b56 0 103 63 120
b57 153 228 171 275
b58 158 369 192 415
b59 129 417 179 454
b60 214 247 254 270
b61 305 134 338 157
b62 124 277 184 296
b63 258 0 294 45
b64 286 396 336 443
b65 43 178 100 234
b66 276 234 343 295
b67 114 377 158 417
b68 278 182 341 234
b69 100 201 154 228
b70 52 44 94 86
b71 254 247 276 311
b72 199 123 260 184
b73 0 323 67 384
b74 0 0 38 42
b75 184 277 212 296
b76 0 120 33 142
b77 371 0 428 66
b78 217 414 249 450
b79 211 206 271 247
b80 104 61 120 119
b81 62 270 102 320
b82 369 408 426 455
b83 138 178 154 200
b84 211 184 278 206
b85 63 119 88 139
b86 167 329 223 366
b87 266 45 305 89
b88 92 428 129 452
b89 305 107 343 134
b90 63 86 102 119
b91 34 403 90 436
b92 288 361 314 377
b93 114 312 149 377
b94 383 109 424 168
b95 41 436 92 455
b96 343 109 383 175
b97 271 344 338 361
b98 102 250 124 312
b99 276 295 342 344
