1121413.25
1639655.5
603171
261 2311
297.651021
b0 44 1749 80 1765
b1 203 450 222 489
b2 0 2003 41 2038
b3 142 450 160 497
b4 138 644 164 676
b5 169 668 204 699
b6 121 815 150 828
b7 94 602 122 623
b8 195 73 227 88
b9 35 1376 81 1410
b10 41 2157 86 2189
b11 75 687 89 723
b12 144 236 180 278
b13 121 770 169 815
b14 86 1901 101 1926
b15 51 1513 96 1559
b16 180 191 198 213
b17 133 354 166 380
b18 169 649 203 668
b19 78 1648 108 1660
b20 138 1400 166 1433
b21 166 1400 210 1439
b22 87 1306 113 1345
b23 204 501 244 526
b24 42 2219 67 2234
b25 162 517 198 553
b26 93 745 136 770
b27 116 587 150 602
b28 116 549 162 587
b29 79 1997 91 2034
b30 0 2262 17 2289
b31 121 867 158 883
b32 150 835 173 867
b33 107 699 125 735
b34 119 1177 138 1215
b35 138 883 153 916
b36 97 1215 125 1227
b37 35 1410 51 1431
b38 90 1063 123 1089
b39 144 293 174 335
b40 90 1022 118 1063
b41 122 920 138 936
b42 75 41 94 85
b43 80 1749 120 1783
b44 120 1760 147 1776
b45 121 883 135 920
b46 144 278 192 293
b47 172 335 195 349
b48 44 1765 68 1791
b49 35 0 75 31
b50 68 1859 101 1901
b51 120 0 147 48
b52 60 1306 87 1343
b53 44 1938 61 1956
b54 81 1376 124 1392
b55 120 72 133 118
b56 97 1177 119 1202
b57 94 623 113 671
b58 68 1818 87 1859
b59 160 1000 206 1046
b60 89 1962 119 1997
b61 166 1461 199 1495
b62 60 1143 97 1188
b63 108 1518 123 1553
b64 81 1437 128 1485
b65 108 1485 138 1518
b66 60 1345 91 1376
b67 0 1648 44 1685
b68 0 0 35 24
b69 60 1977 79 2015
b70 120 405 156 419
b71 123 1548 165 1582
b72 164 88 198 121
b73 138 1341 156 1379
b74 35 1559 64 1577
b75 130 522 153 549
b76 89 733 103 745
b77 102 1680 126 1696
b78 148 1085 174 1128
b79 192 249 211 286
b80 46 1977 60 1992
b81 157 497 189 517
b82 166 616 198 649
b83 158 867 177 904
b84 198 88 241 125
b85 147 0 195 37
b86 120 48 144 72
b87 80 1799 125 1818
b88 187 1046 215 1089
b89 82 1271 94 1306
b90 89 1926 134 1950
b91 77 807 121 835
b92 124 1283 166 1307
b93 46 1956 89 1977
b94 130 628 145 644
b95 94 419 130 444
b96 147 191 172 236
b97 118 1022 143 1050
b98 114 623 130 649
b99 156 1641 193 1661
b100 130 497 157 522
b101 122 936 162 984
b102 35 850 60 888
b103 95 1089 127 1121
b104 120 1735 156 1760
b105 153 1582 195 1613
b106 222 125 256 164
b107 139 984 184 1000
b108 103 1950 136 1962
b109 215 0 227 22
b110 130 1062 174 1085
b111 77 1089 95 1102
b112 89 687 107 733
b113 147 163 190 191
b114 133 335 172 354
b115 41 2189 78 2219
b116 157 380 194 422
b117 78 1660 102 1697
b118 17 2264 56 2299
b119 77 835 101 871
b120 68 2063 83 2108
b121 64 1559 96 1604
b122 123 1518 166 1548
b123 134 1776 147 1811
b124 120 1696 133 1735
b125 75 745 93 773
b126 63 1485 101 1513
b127 101 1000 125 1022
b128 151 1616 187 1641
b129 111 1997 155 2043
b130 81 1392 125 1437
b131 102 1660 138 1680
b132 101 984 139 1000
b133 89 1950 103 1962
b134 100 1783 129 1799
b135 46 2108 61 2145
b136 114 649 138 668
b137 67 2219 89 2237
b138 138 1439 168 1461
b139 181 732 214 763
b140 215 22 227 38
b141 75 773 100 807
b142 134 1811 161 1857
b143 35 1604 81 1648
b144 60 2034 85 2063
b145 108 1582 153 1616
b146 97 1143 130 1177
b147 86 2120 98 2151
b148 147 37 164 62
b149 77 1121 99 1143
b150 78 1719 91 1749
b151 142 422 158 449
b152 87 1818 120 1851
b153 203 489 243 501
b154 82 1227 124 1271
b155 51 1410 63 1423
b156 242 20 261 62
b157 41 2145 83 2157
b158 83 2063 111 2080
b159 198 149 222 185
b160 130 419 142 455
b161 114 668 133 699
b162 130 1050 160 1062
b163 0 1956 46 2003
b164 42 2237 74 2264
b165 169 699 210 732
b166 130 616 166 628
b167 122 602 169 616
b168 120 380 157 405
b169 158 422 204 450
b170 46 2063 68 2108
b171 156 1366 191 1400
b172 156 1341 187 1366
b173 78 1697 120 1719
b174 227 0 252 20
b175 44 1648 78 1660
b176 124 1227 144 1243
b177 101 920 122 951
b178 80 1783 100 1799
b179 75 0 120 41
b180 147 1760 166 1781
b181 164 121 179 163
b182 0 2299 33 2311
b183 108 1616 145 1632
b184 195 0 215 19
b185 77 871 90 915
b186 138 1632 151 1680
b187 190 125 212 149
b188 124 1243 148 1283
b189 150 815 181 835
b190 125 1307 162 1341
b191 44 1901 86 1938
b192 60 1188 82 1216
b193 0 2219 42 2262
b194 35 807 77 850
b195 180 213 205 249
b196 75 671 114 687
b197 195 38 242 73
b198 94 444 116 484
b199 83 2080 117 2120
