252896.25
298767.5
207025
455 455
2.983024
b0 110 292 143 335
b1 338 247 403 284
b2 105 385 139 438
b3 0 135 67 172
b4 54 89 83 108
b5 0 254 39 303
b6 288 254 306 294
b7 135 339 157 379
b8 288 123 338 185
b9 231 65 247 106
b10 355 68 373 120
b11 170 143 229 182
b12 388 141 449 169
b13 288 0 336 57
b14 0 211 63 254
b15 403 195 455 254
b16 63 208 120 244
b17 162 338 228 382
b18 0 365 48 416
b19 104 335 135 385
b20 17 88 54 107
b21 103 113 167 163
b22 247 348 296 382
b23 231 121 280 141
b24 134 182 179 210
b25 235 197 274 251
b26 49 300 104 340
b27 139 429 204 454
b28 203 256 242 302
b29 226 0 288 24
b30 44 184 70 208
b31 399 169 433 195
b32 254 295 297 348
b33 55 108 90 130
b34 162 311 216 338
b35 216 302 254 333
b36 399 0 438 67
b37 363 345 383 405
b38 383 284 406 341
b39 49 340 101 395
b40 120 266 149 292
b41 0 303 27 358
b42 167 68 229 121
b43 49 254 110 300
b44 383 408 448 455
b45 242 251 265 295
b46 70 184 109 206
b47 378 67 411 132
b48 175 210 232 237
b49 139 382 204 429
b50 288 91 355 123
b51 48 416 105 454
b52 149 266 203 311
b53 49 395 92 416
b54 103 0 121 61
b55 247 65 281 121
b56 0 0 17 63
b57 157 210 175 257
b58 288 57 334 91
b59 17 38 54 88
b60 338 123 378 146
b61 306 345 339 368
b62 175 237 235 256
b63 0 416 45 452
b64 288 207 338 254
b65 231 141 288 197
b66 383 341 444 408
b67 59 0 103 40
b68 336 0 399 52
b69 67 130 94 184
b70 411 67 453 109
b71 167 121 231 143
b72 338 186 399 247
b73 306 284 373 345
b74 17 0 59 38
b75 143 311 162 339
b76 288 185 321 207
b77 226 384 283 450
b78 411 109 447 141
b79 406 254 447 314
b80 438 0 454 58
b81 338 146 388 186
b82 103 66 160 113
b83 54 73 76 89
b84 204 382 226 449
b85 109 180 134 200
b86 120 210 157 266
b87 0 172 44 211
b88 283 417 320 441
b89 17 108 55 135
b90 54 40 93 73
b91 161 35 217 68
b92 336 52 362 68
b93 161 0 226 35
b94 226 24 285 65
b95 228 333 247 384
b96 121 0 161 66
b97 103 163 170 180
b98 27 303 49 365
b99 297 368 363 417
