562707.75
812377.5
313038
558 561
415.583534
b0 104 432 131 447
b1 323 297 350 313
b2 488 237 514 259
b3 336 535 381 556
b4 239 195 279 240
b5 205 237 231 253
b6 323 259 350 297
b7 261 372 290 407
b8 72 0 108 21
b9 167 130 192 174
b10 454 83 485 98
b11 234 137 275 161
b12 490 463 509 480
b13 23 406 56 454
b14 212 136 233 180
b15 193 405 227 420
b16 0 104 45 146
b17 454 523 495 560
b18 149 86 192 130
b19 279 191 302 227
b20 161 45 174 62
b21 390 45 418 89
b22 231 277 260 312
b23 510 495 527 535
b24 42 536 60 560
b25 366 503 409 532
b26 149 130 167 157
b27 444 0 482 40
b28 73 473 97 485
b29 423 58 453 87
b30 488 176 516 196
b31 261 407 293 443
b32 264 29 286 48
b33 84 177 130 222
b34 161 74 190 86
b35 389 19 401 45
b36 234 70 261 100
b37 390 106 419 118
b38 320 503 341 522
b39 161 62 174 74
b40 0 458 19 505
b41 388 0 424 19
b42 279 95 304 141
b43 0 36 39 57
b44 501 274 528 298
b45 423 106 447 131
b46 441 438 454 457
b47 401 303 443 343
b48 302 163 336 191
b49 474 373 498 421
b50 512 196 526 215
b51 378 254 392 270
b52 47 321 84 339
b53 349 321 385 333
b54 116 63 146 97
b55 46 0 72 31
b56 498 373 529 419
b57 0 323 47 371
b58 141 247 166 272
b59 293 413 340 451
b60 193 528 232 544
b61 104 485 149 516
b62 156 326 192 372
b63 0 0 46 36
b64 419 159 452 174
b65 376 49 389 72
b66 148 272 193 314
b67 211 0 225 33
b68 350 276 378 321
b69 306 78 333 114
b70 385 303 401 348
b71 205 205 239 237
b72 510 463 525 495
b73 101 51 147 63
b74 149 484 192 518
b75 192 136 212 173
b76 58 398 97 434
b77 402 188 420 228
b78 119 516 135 558
b79 377 190 402 230
b80 401 343 416 379
b81 129 272 144 304
b82 473 421 512 445
b83 454 42 491 83
b84 0 146 38 180
b85 227 358 261 401
b86 205 319 249 358
b87 304 317 349 365
b88 85 298 129 327
b89 0 541 42 561
b90 205 253 229 299
b91 401 23 444 44
b92 0 57 45 104
b93 460 131 484 151
b94 204 186 235 205
b95 234 100 278 137
b96 235 515 268 561
b97 104 516 119 556
b98 58 385 93 398
b99 473 446 513 463
b100 167 0 211 45
b101 132 448 162 484
b102 340 411 376 451
b103 214 420 248 454
b104 261 0 303 14
b105 453 246 488 279
b106 160 542 193 554
b107 84 101 99 133
b108 304 114 341 152
b109 385 391 427 437
b110 482 0 521 42
b111 419 146 440 159
b112 234 45 264 70
b113 504 298 528 334
b114 235 161 279 195
b115 376 437 410 459
b116 45 50 73 69
b117 302 278 323 317
b118 47 277 85 321
b119 162 428 190 473
b120 352 0 388 36
b121 84 222 122 256
b122 302 239 345 259
b123 279 227 302 263
b124 23 371 54 406
b125 487 134 533 176
b126 62 31 84 43
b127 135 518 160 561
b128 379 118 423 146
b129 97 365 131 387
b130 307 48 333 78
b131 307 0 352 48
b132 293 372 311 411
b133 264 62 307 77
b134 193 358 227 405
b135 248 443 263 488
b136 336 152 348 189
b137 73 43 101 64
b138 99 97 141 125
b139 130 157 167 193
b140 230 503 273 515
b141 242 0 261 45
b142 474 279 501 316
b143 108 0 132 25
b144 488 259 528 274
b145 409 499 454 512
b146 193 454 241 487
b147 389 146 419 188
b148 84 21 104 39
b149 378 281 425 303
b150 487 485 510 516
b151 264 77 306 95
b152 46 31 62 50
b153 0 227 41 257
b154 473 463 490 485
b155 483 98 497 123
b156 279 163 295 191
b157 214 33 234 58
b158 424 0 437 23
b159 167 174 199 218
b160 131 432 158 448
b161 58 489 104 536
b162 157 397 175 428
b163 0 508 22 541
b164 491 42 527 83
b165 497 117 518 134
b166 120 327 156 361
b167 45 99 82 135
b168 488 196 512 237
b169 41 238 65 277
b170 348 190 377 235
b171 192 67 232 89
b172 352 36 379 49
b173 341 503 366 535
b174 385 348 401 391
b175 58 473 73 489
b176 97 387 130 425
b177 193 487 230 528
b178 129 304 148 321
b179 351 346 385 392
b180 348 235 388 254
b181 445 341 473 371
b182 263 443 287 488
b183 19 475 58 508
b184 131 372 177 397
b185 0 296 34 323
b186 423 512 454 545
b187 84 327 120 365
b188 382 459 419 499
b189 249 312 261 356
b190 47 339 84 366
b191 227 401 261 417
b192 416 343 445 391
b193 225 0 242 33
b194 99 125 127 138
b195 349 333 382 346
b196 348 149 389 190
b197 104 448 132 485
b198 454 438 473 486
b199 348 113 379 149
b200 231 240 274 277
b201 108 25 137 51
b202 293 451 327 490
b203 295 263 323 278
b204 261 305 302 338
b205 315 522 336 537
b206 273 506 315 541
b207 340 451 373 479
b208 440 131 460 158
b209 474 337 519 373
b210 160 518 173 542
b211 193 544 209 556
b212 274 263 295 305
b213 130 193 162 207
b214 436 219 453 246
b215 23 454 52 475
b216 85 256 104 298
b217 287 14 307 62
b218 495 516 510 559
b219 445 371 473 389
b220 45 69 82 99
b221 34 277 47 322
b222 454 221 488 246
b223 431 254 450 276
b224 38 186 83 207
b225 0 180 38 227
b226 122 231 161 247
b227 327 451 340 483
b228 205 299 226 319
b229 388 230 436 254
b230 453 98 483 131
b231 333 77 349 107
b232 0 371 23 413
b233 510 535 523 551
b234 273 541 306 559
b235 425 281 471 303
b236 392 254 431 281
b237 433 179 454 219
b238 45 135 84 162
b239 174 45 214 67
b240 423 87 446 106
b241 248 417 261 441
b242 419 450 441 490
b243 167 218 204 252
b244 84 64 97 101
b245 104 256 128 292
b246 60 536 104 559
b247 58 434 94 473
b248 41 207 84 238
b249 130 397 157 432
b250 497 83 528 117
b251 261 338 304 372
b252 97 64 116 92
b253 410 437 425 450
b254 128 247 141 271
b255 192 89 231 136
b256 452 158 465 179
b257 390 89 423 106
b258 514 215 558 249
b259 209 544 235 556
b260 149 44 161 63
b261 148 314 193 326
b262 311 365 338 413
b263 427 391 473 438
b264 0 413 23 458
b265 241 488 286 503
b266 302 191 347 239
b267 0 257 34 296
b268 279 141 304 163
b269 65 238 83 275
b270 264 14 287 29
b271 340 479 382 503
b272 130 207 165 231
b273 465 151 486 181
b274 193 420 214 453
b275 350 254 378 276
b276 423 44 454 58
b277 193 252 205 299
b278 177 372 190 414
b279 84 138 127 177
b280 127 125 149 156
b281 355 392 385 410
b282 137 0 167 44
b283 340 398 355 411
b284 474 316 504 337
b285 338 365 351 398
b286 349 77 390 113
b287 381 532 423 553
b288 22 508 58 536
b289 454 486 487 523
b290 293 490 320 506
b291 333 49 376 77
b292 45 162 84 186
b293 54 366 97 385
b294 167 252 193 269
b295 420 174 433 217
b296 512 419 528 446
b297 443 303 474 341
b298 454 181 487 221
b299 199 173 212 186
