386427.25
575304.5
197550
439 450
52.338717
b0 159 279 175 315
b1 175 272 214 291
b2 160 25 195 66
b3 290 119 337 137
b4 336 28 368 54
b5 112 142 143 177
b6 311 55 324 84
b7 0 314 21 342
b8 155 349 170 381
b9 41 90 87 124
b10 342 382 374 427
b11 397 298 411 334
b12 195 53 231 95
b13 33 328 78 376
b14 397 240 412 265
b15 315 178 360 224
b16 392 137 414 155
b17 84 350 117 376
b18 337 91 356 125
b19 381 346 411 358
b20 270 91 303 119
b21 274 174 313 218
b22 0 42 39 68
b23 108 40 148 65
b24 63 202 78 227
b25 81 413 117 449
b26 311 0 336 43
b27 109 177 143 192
b28 381 358 427 396
b29 192 95 204 132
b30 411 265 428 292
b31 0 228 16 265
b32 230 283 262 306
b33 380 68 398 104
b34 199 139 218 177
b35 0 0 15 33
b36 230 254 242 282
b37 267 254 283 275
b38 171 327 197 360
b39 15 0 45 42
b40 324 137 352 178
b41 98 298 114 314
b42 374 0 393 44
b43 109 192 143 232
b44 304 242 320 269
b45 288 339 325 353
b46 249 386 297 401
b47 298 353 321 367
b48 369 294 393 320
b49 0 128 40 159
b50 256 353 298 386
b51 134 94 161 142
b52 236 142 273 169
b53 352 307 369 325
b54 411 292 427 335
b55 202 393 248 406
b56 45 65 67 90
b57 304 317 352 336
b58 186 182 205 223
b59 252 401 298 447
b60 404 85 439 115
b61 290 137 324 170
b62 39 376 84 413
b63 0 113 35 128
b64 304 269 351 317
b65 45 32 75 65
b66 374 396 405 427
b67 230 169 274 206
b68 369 44 404 68
b69 98 279 136 298
b70 25 387 39 423
b71 392 155 426 197
b72 0 353 33 387
b73 405 396 423 434
b74 227 357 256 375
b75 65 305 92 328
b76 192 312 206 324
b77 214 268 230 292
b78 66 227 109 253
b79 136 342 155 379
b80 321 353 336 367
b81 190 418 210 450
b82 77 0 110 32
b83 84 376 103 413
b84 40 143 77 186
b85 117 381 165 418
b86 145 0 169 24
b87 161 94 180 139
b88 171 139 199 182
b89 180 94 192 129
b90 270 218 315 242
b91 204 95 232 139
b92 205 177 229 219
b93 283 242 304 285
b94 274 158 289 174
b95 236 67 261 103
b96 21 238 66 263
b97 75 57 100 85
b98 381 320 397 346
b99 337 54 357 91
b100 251 0 276 27
b101 230 206 270 254
b102 87 85 125 110
b103 45 0 77 32
b104 351 269 387 294
b105 78 177 109 219
b106 236 103 270 142
b107 336 336 381 352
b108 159 315 192 327
b109 159 327 171 349
b110 186 245 230 268
b111 25 423 38 441
b112 117 418 163 436
b113 143 142 171 185
b114 117 342 136 381
b115 340 352 377 382
b116 298 367 340 404
b117 276 0 300 37
b118 0 193 39 228
b119 356 91 380 127
b120 171 227 186 272
b121 360 149 392 194
b122 395 197 425 240
b123 192 366 227 379
b124 110 0 123 39
b125 218 139 236 167
b126 336 0 374 28
b127 170 360 192 384
b128 92 314 117 350
b129 21 263 65 309
b130 244 306 288 351
b131 195 33 231 53
b132 288 301 304 339
b133 103 376 117 388
b134 393 269 409 298
b135 108 65 145 80
b136 0 290 19 314
b137 361 214 383 232
b138 398 115 428 137
b139 65 274 98 305
b140 311 43 327 55
b141 361 232 395 257
b142 88 110 134 137
b143 298 404 342 450
b144 242 254 267 283
b145 404 40 438 85
b146 231 33 264 67
b147 21 322 33 353
b148 97 253 122 270
b149 303 96 325 118
b150 238 0 251 30
b151 267 285 294 301
b152 205 0 238 33
b153 0 101 40 113
b154 117 298 159 342
b155 351 294 363 307
b156 261 72 303 91
b157 197 324 209 366
b158 40 124 68 141
b159 39 202 63 238
b160 357 54 369 90
b161 342 427 373 446
b162 303 84 333 96
b163 125 232 171 279
b164 163 418 190 450
b165 0 68 41 101
b166 361 257 397 269
b167 202 379 249 393
b168 0 387 25 424
b169 148 66 194 94
b170 209 312 231 357
b171 77 143 112 177
b172 77 32 108 57
b173 186 223 228 245
b174 0 265 20 290
b175 148 24 160 58
b176 361 194 377 214
b177 66 253 97 274
b178 109 232 125 252
b179 320 224 361 269
b180 175 291 196 310
b181 374 434 416 449
b182 117 436 150 448
b183 40 186 77 202
b184 68 124 88 143
b185 21 309 65 322
b186 231 306 244 354
b187 0 424 24 446
b188 404 0 428 40
b189 196 292 227 312
b190 165 384 202 418
b191 39 413 81 450
b192 352 127 380 149
b193 210 406 252 449
b194 143 185 186 227
b195 169 0 205 25
b196 274 119 290 158
b197 264 37 311 72
b198 123 0 145 40
b199 0 159 40 193
