378505.25
555410.5
201600
448 450
37.07927
b0 24 312 40 348
b1 320 322 339 361
b2 405 169 446 204
b3 425 0 443 47
b4 349 140 381 166
b5 231 166 262 201
b6 20 348 33 377
b7 228 243 249 271
b8 259 223 291 238
b9 0 167 34 213
b10 265 50 310 82
b11 189 91 225 105
b12 215 346 251 388
b13 358 0 403 48
b14 37 218 52 243
b15 189 46 235 91
b16 320 288 342 306
b17 251 346 277 379
b18 265 238 284 272
b19 0 438 30 450
b20 152 120 180 153
b21 379 405 423 444
b22 29 383 68 409
b23 93 87 133 112
b24 133 87 148 112
b25 310 34 346 70
b26 405 144 448 169
b27 36 243 51 277
b28 287 185 333 223
b29 0 85 37 97
b30 228 271 245 298
b31 302 85 339 101
b32 349 117 381 140
b33 75 330 93 366
b34 205 252 224 290
b35 352 292 367 325
b36 0 0 12 28
b37 77 58 93 79
b38 211 388 244 414
b39 235 42 265 84
b40 419 103 447 144
b41 189 284 205 300
b42 277 341 296 385
b43 149 284 189 318
b44 77 124 104 140
b45 399 325 413 362
b46 337 234 352 282
b47 205 238 228 252
b48 141 171 165 197
b49 42 0 73 40
b50 93 370 126 412
b51 394 209 421 257
b52 74 184 111 211
b53 149 153 166 171
b54 189 241 205 284
b55 189 195 202 241
b56 75 140 97 165
b57 166 193 185 241
b58 183 118 224 137
b59 99 244 145 290
b60 300 149 330 184
b61 33 350 67 383
b62 129 197 166 242
b63 334 199 349 234
b64 302 101 349 149
b65 372 179 405 209
b66 152 89 183 120
b67 225 91 262 135
b68 0 312 24 347
b69 381 118 419 137
b70 172 0 186 36
b71 213 0 247 42
b72 51 245 85 278
b73 352 188 370 226
b74 75 366 93 395
b75 117 318 140 345
b76 399 313 413 325
b77 93 330 117 346
b78 202 195 228 238
b79 189 300 226 319
b80 334 185 349 199
b81 245 388 265 420
b82 140 318 172 351
b83 104 165 141 184
b84 152 46 189 89
b85 342 399 379 447
b86 375 337 399 361
b87 104 146 149 165
b88 390 362 418 405
b89 413 313 425 348
b90 53 82 77 127
b91 381 48 425 76
b92 189 171 231 195
b93 40 303 61 346
b94 245 420 261 435
b95 261 420 297 445
b96 200 414 245 439
b97 75 305 103 330
b98 275 272 291 298
b99 0 65 37 85
b100 418 76 443 103
b101 104 0 152 40
b102 262 148 287 186
b103 349 85 381 117
b104 93 412 118 448
b105 228 201 259 243
b106 312 0 351 34
b107 375 292 391 337
b108 130 385 142 418
b109 250 135 272 147
b110 145 242 189 265
b111 403 257 416 275
b112 284 82 302 128
b113 291 223 319 266
b114 65 165 104 184
b115 0 97 37 127
b116 381 76 418 118
b117 93 346 130 370
b118 40 43 75 82
b119 370 209 394 245
b120 310 70 355 85
b121 84 212 129 244
b122 12 0 42 43
b123 0 403 13 438
b124 85 244 98 283
b125 37 161 65 179
b126 118 418 156 446
b127 75 283 99 305
b128 36 278 72 303
b129 296 361 342 405
b130 156 405 200 450
b131 152 0 172 36
b132 403 275 419 313
b133 272 94 284 108
b134 320 306 349 322
b135 375 361 390 398
b136 330 166 354 185
b137 354 166 372 188
b138 245 280 275 302
b139 73 0 104 33
b140 30 139 42 155
b141 0 262 34 287
b142 186 0 213 46
b143 226 302 272 346
b144 0 378 29 403
b145 180 137 225 171
b146 42 127 75 161
b147 0 127 31 139
b148 77 33 94 58
b149 13 409 35 431
b150 189 105 219 118
b151 77 79 93 106
b152 342 325 375 358
b153 166 153 178 193
b154 167 361 211 403
b155 265 82 278 94
b156 145 265 187 284
b157 288 128 300 170
b158 111 184 128 212
b159 0 238 36 262
b160 0 155 36 167
b161 231 135 250 166
b162 0 139 30 151
b163 94 40 140 87
b164 52 218 84 245
b165 342 358 375 399
b166 346 34 358 70
b167 61 303 75 350
b168 0 213 37 238
b169 103 290 149 318
b170 275 298 320 320
b171 130 351 165 385
b172 265 385 296 410
b173 381 137 403 179
b174 142 385 167 405
b175 391 277 403 311
b176 387 257 403 277
b177 247 0 268 31
b178 272 128 288 148
b179 35 409 80 450
b180 277 320 296 341
b181 319 223 334 265
b182 77 112 110 124
b183 249 243 265 280
b184 403 0 423 19
b185 268 0 312 13
b186 80 395 93 443
b187 313 266 337 288
b188 296 320 320 360
b189 0 347 20 378
b190 37 184 74 218
b191 268 13 310 50
b192 291 266 313 294
b193 172 319 215 361
b194 297 405 339 448
b195 0 287 36 312
b196 37 82 53 121
b197 352 245 387 292
b198 0 43 40 65
b199 110 112 150 146
