255639
304253
207025
455 455
5.683301
b0 336 324 379 357
b1 40 57 77 122
b2 59 282 93 335
b3 412 246 449 313
b4 332 135 351 164
b5 294 0 343 39
b6 385 313 425 331
b7 363 281 385 321
b8 155 217 217 267
b9 294 105 335 121
b10 229 0 247 52
b11 343 0 382 59
b12 312 381 340 442
b13 294 231 351 279
b14 66 405 129 448
b15 0 299 59 351
b16 392 181 449 217
b17 22 205 88 249
b18 217 246 265 297
b19 351 231 382 281
b20 175 161 212 180
b21 225 91 289 141
b22 93 269 127 318
b23 274 0 294 49
b24 294 39 339 67
b25 229 52 283 91
b26 0 65 40 120
b27 379 331 404 396
b28 374 135 413 181
b29 425 313 449 375
b30 0 176 24 202
b31 310 324 336 358
b32 310 281 363 324
b33 418 217 453 239
b34 340 401 367 455
b35 33 0 64 38
b36 413 104 452 171
b37 155 121 175 181
b38 235 174 292 197
b39 88 198 143 250
b40 392 217 418 246
b41 88 171 143 198
b42 294 178 356 231
b43 204 333 250 394
b44 88 57 153 104
b45 292 358 336 381
b46 0 202 22 241
b47 0 0 33 65
b48 235 219 292 246
b49 382 0 447 47
b50 23 250 90 282
b51 294 121 332 178
b52 343 59 388 113
b53 155 59 198 80
b54 66 387 127 405
b55 155 181 211 215
b56 217 297 280 314
b57 404 375 451 393
b58 421 393 455 439
b59 149 267 199 304
b60 351 135 374 175
b61 0 266 23 299
b62 217 314 277 333
b63 40 122 85 158
b64 37 158 87 205
b65 204 397 261 453
b66 129 365 196 426
b67 64 0 108 40
b68 66 335 129 387
b69 385 246 412 300
b70 379 396 421 438
b71 250 333 272 397
b72 143 304 204 365
b73 88 104 149 171
b74 294 67 336 105
b75 155 39 183 58
b76 235 197 268 219
b77 388 47 454 104
b78 356 181 392 213
b79 155 80 215 121
b80 294 279 310 337
b81 175 121 225 161
b82 108 0 155 57
b83 0 400 22 416
b84 129 426 196 448
b85 0 241 20 266
b86 0 120 37 176
b87 340 357 379 401
b88 211 180 235 217
b89 247 0 274 38
b90 155 0 188 39
b91 225 141 281 174
b92 22 400 48 416
b93 0 416 65 451
b94 188 0 229 59
b95 90 250 141 269
b96 272 381 312 447
b97 33 40 100 57
b98 335 113 397 135
b99 0 351 66 400
