574085
844669
303501
541 561
374.110371
b0 524 272 539 299
b1 506 125 522 152
b2 297 92 323 114
b3 159 438 204 459
b4 65 56 110 96
b5 407 486 433 502
b6 152 509 190 536
b7 219 144 248 179
b8 412 327 448 348
b9 436 263 480 288
b10 526 61 541 92
b11 41 49 65 90
b12 72 494 89 513
b13 0 189 48 222
b14 179 386 200 430
b15 319 395 334 429
b16 156 85 198 130
b17 504 201 541 242
b18 42 351 85 395
b19 462 444 498 467
b20 464 57 481 70
b21 155 465 183 509
b22 39 531 74 560
b23 433 457 450 497
b24 520 299 538 323
b25 29 494 72 523
b26 103 302 121 329
b27 196 483 236 521
b28 296 25 308 49
b29 16 222 46 251
b30 400 115 428 135
b31 413 45 449 77
b32 321 246 343 265
b33 156 21 202 66
b34 202 70 231 82
b35 400 135 426 147
b36 0 429 30 456
b37 278 13 307 25
b38 211 0 230 21
b39 448 359 461 371
b40 265 174 312 193
b41 280 414 316 433
b42 0 164 46 189
b43 30 429 69 450
b44 269 266 296 290
b45 0 359 24 384
b46 0 504 19 517
b47 116 44 156 86
b48 498 460 526 494
b49 196 459 244 483
b50 484 332 498 351
b51 459 31 475 45
b52 135 168 172 186
b53 28 80 40 116
b54 309 20 343 50
b55 176 324 207 350
b56 252 304 298 335
b57 48 203 96 250
b58 293 470 318 495
b59 227 179 265 226
b60 136 490 152 529
b61 365 214 396 259
b62 61 305 97 351
b63 448 313 484 359
b64 431 77 464 92
b65 506 152 519 175
b66 498 415 540 460
b67 343 117 376 131
b68 0 83 28 128
b69 43 22 79 49
b70 78 187 123 203
b71 462 467 496 499
b72 331 493 346 525
b73 330 92 342 138
b74 357 165 400 199
b75 0 252 20 289
b76 374 45 413 81
b77 450 371 468 411
b78 121 308 163 324
b79 438 288 478 313
b80 302 308 338 323
b81 16 128 31 160
b82 477 207 501 246
b83 30 457 71 494
b84 240 77 274 115
b85 378 327 412 370
b86 96 203 135 247
b87 135 186 183 231
b88 227 115 271 144
b89 93 131 113 173
b90 202 21 226 67
b91 85 360 128 381
b92 312 165 357 212
b93 476 93 496 117
b94 128 348 147 379
b95 127 247 171 284
b96 190 232 223 278
b97 208 384 248 399
b98 183 459 196 494
b99 226 521 243 561
b100 111 86 156 130
b101 412 379 448 409
b102 190 521 226 561
b103 302 361 336 395
b104 93 173 135 187
b105 349 286 384 319
b106 108 445 120 478
b107 79 96 111 111
b108 293 433 331 470
b109 297 50 343 92
b110 120 423 159 465
b111 99 432 120 445
b112 227 301 252 331
b113 336 412 360 448
b114 122 0 156 44
b115 127 401 161 423
b116 293 495 312 523
b117 188 198 227 219
b118 494 521 538 559
b119 481 65 526 93
b120 484 296 520 332
b121 302 323 336 361
b122 519 158 539 201
b123 104 247 127 283
b124 446 207 477 242
b125 431 105 473 151
b126 266 13 278 35
b127 255 374 280 417
b128 476 148 504 192
b129 372 419 406 441
b130 67 131 93 161
b131 204 399 252 444
b132 390 27 429 45
b133 121 493 136 536
b134 293 525 340 559
b135 400 151 445 166
b136 371 81 408 93
b137 343 96 371 117
b138 512 19 540 61
b139 72 457 108 494
b140 72 519 115 531
b141 496 93 541 112
b142 496 494 533 521
b143 131 465 155 490
b144 357 199 397 214
b145 361 526 406 539
b146 297 114 330 162
b147 12 387 42 429
b148 299 395 319 413
b149 43 0 90 22
b150 355 319 378 350
b151 250 239 268 281
b152 406 502 422 521
b153 446 151 476 192
b154 111 329 128 351
b155 254 290 279 304
b156 199 127 227 143
b157 79 111 104 131
b158 188 219 211 232
b159 321 214 365 246
b160 468 359 484 386
b161 400 182 446 229
b162 171 275 189 306
b163 361 539 394 561
b164 31 123 67 164
b165 171 231 188 252
b166 174 350 208 386
b167 230 0 266 37
b168 127 284 168 308
b169 376 93 400 132
b170 331 448 360 493
b171 150 536 190 558
b172 280 433 293 460
b173 89 494 121 519
b174 25 37 41 80
b175 0 128 16 143
b176 343 132 381 165
b177 144 130 185 167
b178 338 319 355 338
b179 189 278 223 324
b180 280 374 299 414
b181 69 429 99 457
b182 243 526 288 550
b183 64 272 103 305
b184 0 37 25 83
b185 356 259 390 286
b186 473 117 506 148
b187 400 291 438 327
b188 0 322 40 359
b189 0 384 12 428
b190 406 534 443 561
b191 183 182 217 198
b192 0 456 29 504
b193 400 274 433 291
b194 24 359 37 387
b195 79 22 92 55
b196 498 374 539 415
b197 252 417 280 454
b198 474 0 522 19
b199 412 348 448 379
b200 0 0 43 37
b201 147 348 173 377
b202 336 350 375 384
b203 526 460 541 488
b204 450 411 491 444
b205 196 0 211 21
b206 504 332 539 374
b207 343 63 371 96
b208 468 386 495 406
b209 400 229 436 274
b210 204 444 228 457
b211 400 166 412 182
b212 450 499 492 520
b213 90 0 122 14
b214 227 284 254 301
b215 412 457 433 486
b216 302 266 321 308
b217 309 0 357 20
b218 446 192 489 207
b219 99 404 117 432
b220 501 242 538 272
b221 431 92 476 105
b222 74 531 108 556
b223 104 283 126 302
b224 202 82 223 127
b225 208 346 255 384
b226 374 0 390 39
b227 506 112 538 125
b228 484 351 504 372
b229 128 324 176 348
b230 429 0 459 33
b231 0 222 16 252
b232 85 381 127 404
b233 477 246 493 259
b234 522 125 540 158
b235 128 379 174 401
b236 390 0 429 27
b237 156 0 196 21
b238 40 96 79 123
b239 484 274 524 296
b240 171 252 190 275
b241 481 520 494 544
b242 64 250 104 272
b243 447 520 481 557
b244 434 497 447 534
b245 412 409 448 433
b246 274 77 297 121
b247 0 523 39 559
b248 343 20 374 63
b249 375 392 410 419
b250 481 31 512 65
b251 42 395 85 429
b252 321 267 349 286
b253 480 259 493 274
b254 135 231 159 244
b255 255 335 302 374
b256 343 246 356 267
b257 223 82 240 115
b258 20 251 64 285
b259 422 502 434 528
b260 449 45 468 57
b261 459 19 504 31
b262 243 499 291 526
b263 360 441 407 487
b264 227 239 250 284
b265 207 331 252 346
b266 269 221 317 266
b267 185 143 219 182
b268 360 487 382 512
b269 161 401 179 438
b270 108 478 131 493
b271 92 14 116 56
b272 412 433 447 457
b273 48 164 78 185
b274 340 525 361 558
b275 375 370 403 392
b276 97 329 111 360
b277 450 444 462 491
b278 227 226 269 239
b279 244 460 287 499
b280 400 93 431 115
b281 312 495 330 525
b282 248 144 292 174
b283 459 0 474 13
b284 446 242 476 263
b285 0 289 13 322
b286 20 285 61 321
b287 108 536 150 557
b288 336 384 372 412
b289 226 37 263 70
b290 40 321 56 348
b291 265 193 308 221
b292 382 487 406 526
b293 156 66 199 85
b294 271 121 297 138
b295 266 0 309 13
b296 384 286 400 313
b297 113 130 144 168
b298 263 37 296 77
b299 360 512 373 525
