250573
296851
204295
449 455
2.090448
b0 154 264 197 297
b1 83 418 148 455
b2 53 0 87 53
b3 19 201 86 238
b4 175 59 194 88
b5 391 80 430 129
b6 284 293 324 311
b7 370 129 410 151
b8 380 398 442 448
b9 388 266 429 282
b10 186 341 204 393
b11 388 207 427 266
b12 22 422 83 450
b13 204 341 261 389
b14 87 0 150 43
b15 134 338 186 397
b16 281 311 317 368
b17 383 353 449 397
b18 87 172 135 223
b19 278 153 309 203
b20 0 350 19 387
b21 324 230 388 280
b22 192 169 226 218
b23 321 33 370 53
b24 293 0 321 45
b25 0 62 39 116
b26 154 224 209 264
b27 281 388 306 453
b28 77 372 116 418
b29 251 96 313 120
b30 300 203 324 229
b31 259 0 293 26
b32 87 43 130 96
b33 87 96 122 118
b34 87 118 114 172
b35 324 191 362 222
b36 46 100 85 167
b37 116 397 176 417
b38 135 201 192 224
b39 226 156 278 211
b40 259 26 288 52
b41 22 372 77 399
b42 0 0 53 62
b43 0 116 46 177
b44 87 224 152 271
b45 368 80 391 124
b46 300 229 322 268
b47 321 0 386 33
b48 361 296 388 353
b49 321 53 368 118
b50 0 299 67 331
b51 370 42 427 80
b52 136 156 190 201
b53 224 113 245 156
b54 190 95 251 113
b55 190 113 224 169
b56 370 151 387 214
b57 53 53 71 100
b58 88 338 134 372
b59 136 119 186 156
b60 284 270 324 293
b61 22 399 55 422
b62 0 228 19 288
b63 223 0 259 45
b64 88 288 135 338
b65 176 397 232 454
b66 309 124 370 191
b67 317 318 361 358
b68 317 398 380 450
b69 136 92 190 119
b70 386 0 428 42
b71 0 387 22 451
b72 388 282 449 343
b73 19 238 86 299
b74 234 52 272 94
b75 0 331 28 350
b76 114 118 136 151
b77 200 275 257 341
b78 191 0 223 36
b79 28 331 88 372
b80 324 280 382 296
b81 194 45 234 95
b82 209 218 256 275
b83 324 296 340 318
b84 278 203 300 270
b85 281 368 306 388
b86 387 151 424 207
b87 272 52 311 96
b88 19 177 56 201
b89 257 273 284 311
b90 136 59 175 92
b91 245 120 301 153
b92 362 214 388 230
b93 135 297 200 332
b94 150 0 191 59
b95 0 177 19 228
b96 317 358 383 398
b97 87 271 154 288
b98 256 211 278 273
b99 232 389 281 455
