249663.75
295935.5
203392
448 454
2.715271
b0 166 134 209 167
b1 62 258 127 295
b2 0 135 34 188
b3 267 0 334 37
b4 127 366 156 385
b5 163 366 212 405
b6 273 427 313 445
b7 161 167 183 207
b8 0 73 50 135
b9 52 413 68 454
b10 124 198 142 250
b11 60 41 119 80
b12 212 413 273 441
b13 400 370 448 427
b14 400 307 443 370
b15 0 394 52 453
b16 104 162 161 198
b17 278 383 344 427
b18 183 173 231 224
b19 357 86 388 136
b20 169 224 206 243
b21 127 302 177 366
b22 314 264 348 313
b23 177 344 226 364
b24 379 0 424 28
b25 120 0 174 39
b26 231 200 271 255
b27 62 342 127 367
b28 120 39 166 78
b29 382 250 444 274
b30 334 0 360 24
b31 233 108 267 134
b32 271 200 314 253
b33 0 372 35 394
b34 97 198 124 252
b35 195 264 226 302
b36 285 75 324 142
b37 0 188 60 208
b38 319 241 376 264
b39 226 358 278 413
b40 400 427 429 453
b41 142 207 169 262
b42 0 319 62 372
b43 62 367 123 413
b44 62 295 127 342
b45 60 145 104 168
b46 209 134 231 173
b47 68 417 133 450
b48 0 46 57 73
b49 60 80 107 145
b50 386 183 418 250
b51 285 37 342 75
b52 240 304 285 358
b53 379 28 422 49
b54 177 243 195 304
b55 344 339 400 373
b56 177 304 240 321
b57 342 24 360 71
b58 129 116 163 162
b59 60 168 97 218
b60 206 224 229 264
b61 177 321 210 344
b62 0 0 60 19
b63 231 0 267 45
b64 0 208 47 258
b65 174 0 231 56
b66 324 136 385 203
b67 47 218 91 258
b68 233 45 285 108
b69 0 19 54 46
b70 344 373 386 415
b71 292 253 314 317
b72 0 258 61 319
b73 166 56 233 117
b74 120 78 162 116
b75 360 0 379 28
b76 107 116 129 149
b77 285 317 342 383
b78 127 385 163 417
b79 60 0 120 41
b80 324 225 382 241
b81 127 262 177 302
b82 400 49 447 106
b83 384 49 400 71
b84 133 417 200 439
b85 35 372 60 392
b86 344 415 400 452
b87 280 142 319 186
b88 360 49 384 86
b89 418 165 445 203
b90 383 274 422 307
b91 324 75 357 131
b92 388 157 404 183
b93 348 274 383 339
b94 407 106 448 165
b95 388 106 407 157
b96 226 264 292 304
b97 166 117 233 134
b98 324 203 386 225
b99 231 134 280 200
