254681
310072
199290
438 455
6.059999
b0 0 325 33 368
b1 184 0 221 65
b2 355 212 389 265
b3 399 385 436 452
b4 0 296 19 325
b5 17 211 66 250
b6 94 389 134 407
b7 33 358 55 398
b8 117 22 179 72
b9 339 205 355 246
b10 117 72 169 90
b11 399 269 438 328
b12 33 330 94 358
b13 134 357 191 405
b14 94 302 157 345
b15 237 403 296 455
b16 399 328 435 385
b17 286 151 330 217
b18 163 155 214 203
b19 379 125 429 156
b20 395 250 432 269
b21 152 91 202 155
b22 17 177 66 211
b23 221 91 241 140
b24 135 155 163 200
b25 55 358 94 412
b26 33 412 88 452
b27 356 66 421 91
b28 287 307 326 353
b29 277 217 339 241
b30 248 37 272 63
b31 221 57 247 91
b32 277 37 320 90
b33 373 288 395 323
b34 302 353 329 407
b35 79 0 117 31
b36 40 0 79 67
b37 100 253 160 273
b38 336 377 393 400
b39 327 96 379 151
b40 248 63 277 89
b41 221 140 248 195
b42 336 400 398 453
b43 130 407 191 453
b44 170 203 217 268
b45 87 31 110 75
b46 157 335 196 357
b47 0 368 33 433
b48 221 0 248 57
b49 40 67 87 132
b50 221 258 288 290
b51 248 151 286 208
b52 330 151 375 205
b53 0 66 21 109
b54 248 89 266 150
b55 379 91 435 125
b56 0 177 17 240
b57 326 307 373 325
b58 0 250 34 296
b59 237 331 287 368
b60 53 302 93 325
b61 355 265 388 288
b62 202 91 221 151
b63 66 161 102 206
b64 123 203 170 253
b65 375 156 432 212
b66 288 246 355 307
b67 296 407 336 451
b68 336 325 399 377
b69 320 0 374 27
b70 110 90 152 132
b71 87 75 109 139
b72 266 90 327 151
b73 160 268 221 335
b74 88 412 130 450
b75 34 302 53 330
b76 0 433 33 455
b77 374 0 431 66
b78 320 27 356 59
b79 196 357 237 417
b80 0 161 58 177
b81 0 109 40 159
b82 66 206 123 253
b83 191 417 207 439
b84 117 0 184 22
b85 110 132 135 152
b86 248 0 304 37
b87 94 345 133 389
b88 327 59 351 96
b89 395 212 422 250
b90 102 152 135 191
b91 221 208 277 241
b92 221 331 237 357
b93 237 368 302 403
b94 221 290 280 331
b95 169 72 220 91
b96 0 0 40 66
b97 221 241 288 258
b98 40 139 102 161
b99 34 253 100 302
