252804.5
301763
203846
449 454
2.279796
b0 138 0 181 33
b1 303 0 340 65
b2 57 420 110 454
b3 191 170 258 207
b4 67 334 96 353
b5 390 56 439 95
b6 67 99 85 139
b7 23 290 45 330
b8 336 235 386 297
b9 168 219 184 260
b10 137 106 155 158
b11 110 412 169 451
b12 418 193 446 254
b13 375 337 432 385
b14 105 219 168 262
b15 397 134 449 193
b16 289 338 325 395
b17 190 207 256 251
b18 258 245 309 293
b19 340 0 371 50
b20 190 0 209 37
b21 242 400 306 450
b22 340 107 389 141
b23 156 390 205 410
b24 85 99 113 144
b25 389 95 443 134
b26 0 330 40 385
b27 309 223 334 288
b28 296 177 335 223
b29 128 195 190 219
b30 0 113 24 139
b31 258 219 292 245
b32 184 339 237 382
b33 96 334 118 369
b34 67 144 121 171
b35 386 254 424 285
b36 209 0 276 39
b37 67 79 127 99
b38 395 194 418 251
b39 67 27 122 79
b40 122 33 151 59
b41 272 293 327 320
b42 335 141 397 194
b43 67 171 128 217
b44 242 335 289 400
b45 0 200 44 223
b46 45 290 67 329
b47 0 61 65 94
b48 340 50 367 107
b49 209 72 274 119
b50 57 353 89 420
b51 67 217 105 274
b52 184 251 229 305
b53 0 139 43 160
b54 191 106 209 167
b55 411 0 445 56
b56 174 106 191 169
b57 289 320 336 338
b58 184 305 230 339
b59 205 382 242 432
b60 367 50 390 90
b61 0 290 23 323
b62 0 94 60 113
b63 336 297 381 333
b64 325 338 375 385
b65 274 121 331 177
b66 0 0 67 61
b67 371 0 411 44
b68 386 285 449 337
b69 276 0 303 54
b70 230 293 272 335
b71 118 319 182 341
b72 386 385 447 446
b73 325 385 386 452
b74 258 177 296 219
b75 169 410 188 438
b76 105 0 138 22
b77 118 262 184 319
b78 137 158 169 194
b79 67 274 108 334
b80 209 119 267 135
b81 0 160 50 200
b82 0 243 57 290
b83 43 113 59 135
b84 89 390 156 412
b85 0 223 25 243
b86 298 65 335 121
b87 0 385 39 429
b88 113 106 137 143
b89 67 0 105 27
b90 151 33 190 66
b91 209 39 265 72
b92 174 169 190 195
b93 209 135 274 170
b94 336 194 395 235
b95 155 106 174 157
b96 127 66 193 106
b97 40 330 57 397
b98 276 54 298 116
b99 118 341 184 390
