428329.25
543058.5
313600
560 560
623.786057
b0 462 233 489 248
b1 309 297 336 313
b2 201 94 223 120
b3 350 385 395 406
b4 271 0 311 45
b5 88 259 104 285
b6 157 94 195 121
b7 518 221 553 250
b8 116 0 137 36
b9 12 425 37 469
b10 322 456 353 471
b11 71 52 112 76
b12 140 185 159 202
b13 271 45 319 78
b14 350 364 394 385
b15 290 310 305 344
b16 147 469 192 511
b17 404 65 441 106
b18 433 355 477 398
b19 162 336 198 359
b20 149 311 162 328
b21 113 48 141 92
b22 525 331 560 360
b23 355 496 395 513
b24 269 510 293 528
b25 372 273 415 302
b26 415 314 433 341
b27 395 341 433 381
b28 0 0 12 24
b29 132 122 162 151
b30 262 138 290 158
b31 338 68 370 104
b32 536 383 558 402
b33 61 119 107 164
b34 263 474 292 486
b35 518 188 544 200
b36 319 313 349 340
b37 427 136 439 165
b38 58 300 77 321
b39 103 291 116 303
b40 116 292 163 311
b41 223 98 242 134
b42 376 424 422 449
b43 518 200 557 221
b44 269 486 296 510
b45 529 475 553 500
b46 349 215 368 228
b47 349 175 391 215
b48 285 344 319 372
b49 529 427 553 475
b50 12 0 26 19
b51 341 471 355 487
b52 386 24 404 61
b53 228 86 264 98
b54 137 0 167 34
b55 217 350 243 381
b56 61 164 107 195
b57 470 153 518 200
b58 422 424 447 449
b59 46 201 84 248
b60 162 121 201 137
b61 278 224 323 255
b62 196 248 242 284
b63 242 178 278 224
b64 356 252 389 267
b65 250 471 263 494
b66 441 63 486 105
b67 322 77 336 110
b68 350 336 395 364
b69 486 0 513 36
b70 311 257 356 273
b71 336 104 370 136
b72 84 244 116 259
b73 439 122 451 168
b74 12 391 55 425
b75 462 283 482 320
b76 482 295 521 331
b77 201 0 241 18
b78 113 332 155 348
b79 110 421 150 446
b80 12 335 48 350
b81 104 259 119 291
b82 443 0 467 39
b83 404 24 441 65
b84 25 522 63 556
b85 350 302 393 336
b86 486 44 525 88
b87 389 228 437 273
b88 227 134 256 178
b89 526 44 546 86
b90 397 0 443 24
b91 12 280 55 301
b92 480 360 527 405
b93 242 98 262 122
b94 467 0 486 31
b95 150 398 194 435
b96 163 238 196 284
b97 364 545 404 560
b98 540 250 553 285
b99 277 372 317 389
b100 513 0 558 44
b101 241 0 271 36
b102 210 475 250 511
b103 370 99 404 133
b104 203 346 217 388
b105 26 168 61 201
b106 26 23 38 56
b107 162 321 194 336
b108 241 434 279 471
b109 150 34 196 76
b110 336 136 378 175
b111 48 366 69 379
b112 26 71 56 96
b113 84 220 120 244
b114 296 522 340 556
b115 120 233 154 255
b116 26 118 54 137
b117 290 255 311 294
b118 518 144 556 188
b119 322 373 350 418
b120 77 303 113 339
b121 370 61 404 99
b122 55 391 75 434
b123 12 471 48 494
b124 113 348 148 379
b125 264 78 310 120
b126 121 474 143 486
b127 0 509 25 552
b128 111 515 139 559
b129 455 486 477 520
b130 489 449 519 475
b131 296 474 341 522
b132 262 120 301 138
b133 277 389 320 404
b134 140 151 187 185
b135 58 285 103 300
b136 113 36 150 48
b137 12 249 33 277
b138 105 487 147 515
b139 159 185 196 221
b140 350 406 393 418
b141 330 175 349 220
b142 408 531 445 558
b143 311 273 336 297
b144 155 383 195 398
b145 58 321 71 366
b146 469 200 517 233
b147 120 379 150 421
b148 368 31 386 51
b149 489 405 536 427
b150 527 360 558 383
b151 227 511 269 529
b152 290 294 309 310
b153 79 391 120 421
b154 195 419 217 436
b155 203 321 217 346
b156 415 286 431 314
b157 437 301 462 321
b158 112 170 135 183
b159 364 513 408 545
b160 526 86 553 102
b161 489 512 536 558
b162 26 137 44 168
b163 447 398 480 420
b164 228 45 264 86
b165 376 0 397 17
b166 139 524 175 558
b167 412 181 448 218
b168 536 102 560 143
b169 84 196 123 220
b170 71 0 116 29
b171 175 535 215 557
b172 196 45 209 72
b173 244 409 276 434
b174 211 135 227 178
b175 336 273 352 288
b176 322 418 355 456
b177 119 255 160 292
b178 157 76 176 93
b179 12 301 58 335
b180 395 405 435 424
b181 404 106 432 136
b182 441 39 486 63
b183 244 370 277 409
b184 437 225 462 271
b185 311 0 338 34
b186 79 421 110 454
b187 521 295 559 331
b188 489 475 529 512
b189 310 78 322 122
b190 201 18 238 45
b191 194 475 210 509
b192 477 331 525 360
b193 77 339 110 356
b194 455 473 483 486
b195 195 406 228 419
b196 70 515 111 556
b197 110 446 147 474
b198 12 201 31 249
b199 260 529 296 560
b200 163 284 206 321
b201 408 505 437 531
b202 398 471 437 505
b203 23 494 51 509
b204 242 224 275 265
b205 223 381 244 396
b206 71 356 113 391
b207 320 340 348 373
b208 56 76 83 96
b209 391 136 427 181
b210 427 168 451 181
b211 432 106 444 122
b212 46 259 88 280
b213 393 302 407 334
b214 489 233 516 250
b215 243 333 264 362
b216 451 153 470 195
b217 112 122 132 170
b218 31 201 46 244
b219 195 388 223 406
b220 338 31 368 68
b221 25 509 70 522
b222 167 0 201 25
b223 209 45 228 67
b224 264 325 285 370
b225 196 201 234 248
b226 447 420 486 436
b227 368 215 400 228
b228 398 449 418 470
b229 155 359 203 383
b230 462 250 492 283
b231 278 185 294 215
b232 71 29 113 52
b233 376 449 392 462
b234 437 471 455 504
b235 196 179 242 201
b236 263 286 290 325
b237 355 418 376 458
b238 478 121 517 148
b239 26 96 66 118
b240 517 121 536 144
b241 37 447 50 471
b242 489 427 529 449
b243 455 436 489 473
b244 330 220 343 257
b245 395 381 431 405
b246 341 513 364 557
b247 294 185 330 224
b248 279 443 322 474
b249 70 487 105 514
b250 123 202 157 233
b251 355 462 398 496
b252 302 159 330 178
b253 201 120 214 135
b254 162 137 186 150
b255 194 436 241 475
b256 100 474 121 487
b257 157 221 190 238
b258 150 435 194 469
b259 477 486 489 512
b260 336 288 355 300
b261 215 535 260 547
b262 451 105 478 153
b263 217 286 263 333
b264 26 0 71 23
b265 26 56 71 71
b266 492 250 540 295
b267 437 321 476 355
b268 422 449 447 471
b269 176 76 213 94
b270 0 494 23 509
b271 187 137 211 179
b272 192 511 227 535
b273 391 181 412 211
b274 116 311 149 332
b275 50 447 78 469
b276 256 158 287 172
b277 290 138 302 185
b278 37 434 79 447
b279 279 404 322 443
b280 78 454 100 485
b281 437 271 455 301
b282 113 92 157 122
b283 415 273 430 286
b284 448 195 469 225
b285 107 183 140 196
b286 12 350 48 391
b287 242 265 284 286
b288 455 520 483 556
b289 302 122 335 159
b290 356 267 372 294
b291 83 76 111 119
b292 349 228 388 252
b293 319 34 338 77
b294 217 333 243 350
b295 147 511 190 524
b296 50 469 77 485
b297 338 0 376 31
b298 486 88 526 121
b299 33 244 46 257
