567180.5
834787
299574
534 561
107.244956
b0 182 375 197 402
b1 360 427 376 454
b2 433 268 455 294
b3 508 339 529 384
b4 305 163 350 203
b5 187 155 213 171
b6 160 327 198 354
b7 152 298 187 327
b8 265 195 301 216
b9 482 166 526 191
b10 36 542 67 557
b11 350 23 391 47
b12 473 268 490 287
b13 410 145 443 193
b14 461 338 505 359
b15 0 290 15 324
b16 323 359 365 404
b17 435 390 476 427
b18 163 236 206 280
b19 88 139 111 175
b20 347 0 364 13
b21 488 191 532 219
b22 307 299 336 334
b23 36 319 53 359
b24 155 72 173 96
b25 440 427 469 470
b26 67 542 94 560
b27 396 83 436 121
b28 188 28 200 52
b29 229 51 259 80
b30 197 0 217 28
b31 476 359 508 395
b32 220 29 239 51
b33 259 120 305 165
b34 155 128 167 157
b35 147 344 159 370
b36 24 271 54 298
b37 427 347 439 376
b38 472 146 493 165
b39 250 253 262 266
b40 89 452 108 499
b41 391 490 410 526
b42 323 334 369 359
b43 376 427 397 466
b44 230 528 254 555
b45 0 409 25 433
b46 518 492 531 511
b47 213 155 253 197
b48 280 410 314 438
b49 132 397 156 445
b50 238 386 257 400
b51 274 329 290 343
b52 69 278 87 315
b53 0 360 36 372
b54 497 437 531 467
b55 382 526 408 557
b56 0 493 46 524
b57 444 0 491 48
b58 157 375 182 400
b59 441 230 488 268
b60 274 257 313 273
b61 305 47 350 78
b62 259 84 305 120
b63 198 286 234 332
b64 369 332 402 347
b65 119 375 132 398
b66 262 0 304 45
b67 39 225 53 258
b68 305 78 350 106
b69 443 179 479 206
b70 408 545 453 561
b71 89 40 121 74
b72 0 324 32 339
b73 57 252 69 298
b74 46 452 89 486
b75 330 521 367 541
b76 492 80 528 119
b77 107 0 125 40
b78 180 456 222 472
b79 280 216 305 256
b80 88 177 124 192
b81 155 96 170 128
b82 501 287 525 326
b83 143 445 180 486
b84 280 438 314 476
b85 317 404 360 438
b86 45 0 89 39
b87 141 157 186 205
b88 400 0 444 29
b89 64 73 84 115
b90 400 299 446 323
b91 24 298 67 319
b92 116 250 163 295
b93 95 383 119 403
b94 381 301 400 332
b95 260 515 297 559
b96 69 315 102 361
b97 412 347 427 387
b98 46 486 81 499
b99 170 117 187 157
b100 305 119 350 163
b101 265 165 301 195
b102 492 44 532 80
b103 59 418 93 452
b104 396 145 410 187
b105 198 332 233 365
b106 274 317 307 329
b107 381 88 396 120
b108 234 266 271 304
b109 350 123 396 165
b110 262 45 304 84
b111 370 75 391 88
b112 130 64 155 94
b113 402 323 438 347
b114 45 39 89 73
b115 121 42 155 64
b116 119 356 147 375
b117 116 119 155 140
b118 491 0 529 44
b119 336 302 381 330
b120 192 489 228 525
b121 25 407 59 445
b122 391 63 434 83
b123 364 0 400 23
b124 350 88 381 123
b125 451 491 493 537
b126 317 450 339 462
b127 213 365 238 408
b128 213 408 257 436
b129 195 52 229 74
b130 406 464 436 490
b131 106 515 154 560
b132 456 471 495 489
b133 207 242 250 257
b134 365 380 399 427
b135 192 171 207 216
b136 69 228 81 265
b137 265 494 293 515
b138 188 528 230 556
b139 0 524 36 561
b140 346 509 389 521
b141 230 197 249 242
b142 439 363 476 390
b143 497 467 521 492
b144 155 57 195 72
b145 305 106 350 119
b146 444 68 492 101
b147 125 0 155 42
b148 200 29 220 47
b149 359 466 406 488
b150 0 198 31 221
b151 155 0 197 18
b152 371 212 390 228
b153 399 434 440 464
b154 343 438 360 460
b155 228 514 253 528
b156 386 347 402 375
b157 257 386 277 411
b158 206 273 229 286
b159 274 273 306 317
b160 207 257 234 273
b161 0 113 47 159
b162 89 0 107 31
b163 374 268 396 301
b164 0 72 36 113
b165 239 29 260 46
b166 95 403 131 437
b167 0 36 37 72
b168 441 206 482 230
b169 350 241 374 280
b170 217 0 262 29
b171 374 228 396 268
b172 106 356 119 383
b173 160 489 192 514
b174 87 295 130 311
b175 0 394 16 409
b176 188 117 221 155
b177 228 459 265 500
b178 332 257 349 276
b179 154 514 188 560
b180 0 433 19 473
b181 36 73 64 103
b182 314 462 359 486
b183 155 18 188 57
b184 40 361 65 407
b185 82 244 116 271
b186 400 268 433 299
b187 221 116 259 152
b188 234 304 274 341
b189 253 165 265 209
b190 253 216 280 253
b191 213 436 247 452
b192 298 486 346 515
b193 180 439 213 456
b194 95 437 123 450
b195 139 295 152 328
b196 410 491 451 532
b197 473 300 501 337
b198 257 411 276 459
b199 47 172 83 203
b200 157 402 200 439
b201 89 74 118 100
b202 0 221 39 255
b203 367 521 382 549
b204 297 515 330 556
b205 497 492 518 507
b206 497 395 532 437
b207 444 146 472 179
b208 350 47 370 74
b209 0 0 45 36
b210 473 287 497 300
b211 329 30 341 46
b212 238 365 280 386
b213 228 500 260 514
b214 143 486 160 513
b215 350 212 371 241
b216 313 257 332 299
b217 444 48 492 68
b218 143 205 158 248
b219 163 280 191 298
b220 111 140 141 177
b221 200 389 213 434
b222 304 0 329 34
b223 349 280 368 302
b224 346 488 391 509
b225 493 119 531 166
b226 81 228 120 244
b227 410 532 442 545
b228 436 470 456 491
b229 396 121 444 145
b230 305 227 338 257
b231 399 418 429 434
b232 69 205 111 228
b233 147 328 160 344
b234 265 476 298 494
b235 234 343 280 365
b236 89 100 116 139
b237 47 151 87 172
b238 102 329 141 356
b239 439 323 461 363
b240 87 271 106 294
b241 304 34 328 47
b242 0 372 40 394
b243 490 253 527 287
b244 69 361 106 374
b245 305 203 341 227
b246 207 197 230 241
b247 219 80 258 116
b248 188 74 219 117
b249 495 511 530 538
b250 158 205 192 236
b251 280 343 323 377
b252 370 47 389 75
b253 399 375 412 390
b254 197 365 210 389
b255 0 159 47 198
b256 106 499 127 512
b257 369 347 386 380
b258 490 219 534 253
b259 317 438 343 450
b260 446 294 458 313
b261 118 74 130 119
b262 19 445 46 493
b263 350 165 396 212
b264 120 205 143 250
b265 173 72 188 117
b266 444 101 492 146
b267 391 29 430 63
b268 132 375 157 397
b269 102 311 139 329
b270 455 268 470 291
b271 396 226 420 268
b272 0 255 24 290
b273 159 354 189 375
b274 476 395 497 428
b275 39 203 67 225
b276 430 29 444 60
b277 461 291 473 338
b278 53 319 66 361
b279 67 499 106 542
b280 493 538 524 560
b281 329 0 347 30
b282 65 374 95 418
b283 505 326 520 339
b284 0 339 30 360
b285 24 258 57 271
b286 47 115 88 151
b287 420 226 441 268
b288 399 390 435 418
b289 280 377 317 410
b290 53 225 69 252
b291 469 428 497 471
b292 453 537 492 561
b293 46 499 65 542
b294 180 472 206 489
b295 87 192 130 205
b296 127 488 143 515
b297 108 450 139 488
b298 396 193 436 226
b299 69 265 82 278
