236561
268822
204300
450 454
1.248258
b0 342 90 375 133
b1 216 146 253 211
b2 0 223 34 276
b3 153 357 190 424
b4 228 291 247 320
b5 375 62 424 101
b6 72 194 112 212
b7 378 315 400 355
b8 39 217 101 267
b9 369 261 385 302
b10 375 0 393 52
b11 0 397 59 436
b12 393 0 421 61
b13 385 267 442 315
b14 190 358 233 421
b15 236 211 288 270
b16 313 261 349 318
b17 218 102 284 146
b18 113 59 164 107
b19 275 318 325 349
b20 331 413 350 450
b21 0 103 64 153
b22 151 260 200 294
b23 349 261 369 310
b24 328 62 373 90
b25 46 267 100 306
b26 151 205 191 260
b27 263 67 328 92
b28 0 177 39 223
b29 421 0 445 62
b30 303 34 327 60
b31 281 0 307 34
b32 92 411 145 454
b33 296 380 331 402
b34 113 32 167 59
b35 191 211 229 242
b36 284 92 323 159
b37 350 0 370 60
b38 153 424 210 447
b39 275 402 330 454
b40 210 262 236 291
b41 325 234 380 261
b42 325 318 378 380
b43 0 332 61 378
b44 113 107 160 172
b45 218 79 262 102
b46 218 57 257 79
b47 151 172 216 205
b48 180 0 207 57
b49 66 0 113 65
b50 113 0 180 32
b51 44 65 101 103
b52 269 159 323 204
b53 275 349 296 392
b54 263 0 281 61
b55 160 136 216 170
b56 325 120 342 183
b57 67 306 85 353
b58 0 276 46 310
b59 92 374 142 411
b60 342 133 365 173
b61 39 194 72 217
b62 325 215 385 234
b63 167 57 212 93
b64 375 101 425 148
b65 207 0 263 57
b66 92 307 153 374
b67 64 103 108 143
b68 365 148 428 200
b69 164 109 218 136
b70 233 320 275 362
b71 210 421 274 443
b72 378 355 439 416
b73 385 200 446 267
b74 113 199 151 241
b75 323 92 342 120
b76 281 34 303 67
b77 0 0 66 57
b78 325 183 361 215
b79 39 153 99 194
b80 153 341 211 357
b81 400 315 450 355
b82 153 294 210 341
b83 167 93 189 109
b84 0 310 67 332
b85 200 242 225 262
b86 288 204 325 260
b87 0 57 44 96
b88 0 153 37 177
b89 113 172 151 199
b90 331 380 370 413
b91 59 378 92 434
b92 253 146 269 172
b93 350 416 415 451
b94 233 362 274 421
b95 0 378 51 397
b96 247 270 313 310
b97 211 291 228 358
b98 328 0 350 62
b99 101 241 150 307
