376218
560286
192150
427 450
192.705786
b0 109 322 145 338
b1 0 212 39 231
b2 379 282 420 317
b3 0 165 18 212
b4 0 302 32 328
b5 74 338 109 369
b6 301 0 314 29
b7 12 274 33 302
b8 389 0 421 15
b9 86 166 132 200
b10 392 354 424 399
b11 148 90 184 104
b12 43 0 79 42
b13 347 359 392 407
b14 93 279 108 304
b15 42 227 87 273
b16 76 205 94 227
b17 248 222 281 248
b18 377 106 396 140
b19 126 143 156 155
b20 270 45 303 73
b21 141 0 185 39
b22 163 391 202 417
b23 270 103 310 128
b24 148 75 173 90
b25 259 297 295 333
b26 61 162 86 205
b27 148 39 163 73
b28 94 200 132 246
b29 33 392 70 404
b30 60 293 77 320
b31 259 333 296 349
b32 269 0 301 23
b33 79 61 97 97
b34 200 121 219 159
b35 91 151 124 166
b36 67 42 79 70
b37 290 201 311 217
b38 185 0 211 33
b39 270 73 312 103
b40 396 93 424 134
b41 139 248 155 264
b42 156 143 200 162
b43 324 301 364 335
b44 0 400 27 416
b45 111 403 148 417
b46 79 102 127 117
b47 16 117 30 140
b48 49 135 73 161
b49 79 403 110 443
b50 346 0 388 33
b51 315 240 342 288
b52 16 0 43 37
b53 241 333 259 350
b54 225 59 268 75
b55 311 290 324 336
b56 379 152 404 174
b57 33 274 81 293
b58 127 102 146 143
b59 33 404 79 450
b60 239 0 269 35
b61 248 153 282 186
b62 379 317 424 354
b63 197 86 212 121
b64 177 39 225 86
b65 167 238 200 268
b66 166 268 197 299
b67 165 177 209 214
b68 312 71 336 106
b69 163 337 201 356
b70 163 39 177 75
b71 163 357 205 391
b72 0 366 33 400
b73 0 328 18 366
b74 404 146 422 175
b75 145 312 172 335
b76 404 134 418 146
b77 132 155 156 171
b78 18 165 61 191
b79 39 205 76 224
b80 157 162 171 177
b81 201 305 221 337
b82 202 393 235 425
b83 74 369 111 388
b84 104 0 141 43
b85 389 15 426 63
b86 246 35 270 59
b87 30 120 49 165
b88 200 263 243 291
b89 185 86 197 121
b90 163 425 208 449
b91 201 235 245 263
b92 281 349 305 391
b93 108 279 129 322
b94 0 117 16 132
b95 208 425 244 450
b96 138 357 163 402
b97 0 140 28 165
b98 49 119 75 135
b99 295 217 315 254
b100 79 0 104 27
b101 379 207 427 247
b102 172 299 197 337
b103 314 0 346 32
b104 132 171 157 207
b105 348 228 379 270
b106 310 32 344 71
b107 75 117 91 162
b108 367 191 379 224
b109 377 140 399 152
b110 291 404 314 448
b111 248 186 261 204
b112 233 350 279 368
b113 43 76 71 119
b114 225 121 244 160
b115 389 63 426 93
b116 129 270 166 312
b117 352 154 376 191
b118 317 153 352 192
b119 165 214 201 238
b120 296 290 311 335
b121 379 175 424 207
b122 248 267 291 297
b123 104 89 139 102
b124 352 93 391 106
b125 241 305 259 333
b126 211 0 239 38
b127 261 186 283 210
b128 305 336 341 361
b129 225 75 269 121
b130 344 45 389 89
b131 295 254 315 290
b132 0 0 16 38
b133 93 304 107 316
b134 317 224 346 240
b135 74 388 111 403
b136 348 204 367 228
b137 121 248 139 270
b138 12 252 42 274
b139 346 270 379 301
b140 298 29 310 45
b141 79 27 104 61
b142 111 357 138 403
b143 104 43 148 89
b144 352 106 377 135
b145 236 368 281 402
b146 87 246 121 279
b147 346 33 377 45
b148 0 100 25 117
b149 81 316 103 338
b150 212 86 225 116
b151 217 337 233 364
b152 0 416 33 449
b153 248 210 288 222
b154 314 407 358 449
b155 155 248 167 261
b156 248 248 290 267
b157 317 192 359 204
b158 270 23 298 40
b159 341 335 377 359
b160 0 252 12 288
b161 109 338 140 357
b162 81 279 93 309
b163 244 402 291 448
b164 33 293 60 325
b165 132 207 165 248
b166 18 191 54 203
b167 201 291 248 305
b168 246 128 283 153
b169 111 417 157 445
b170 148 121 193 143
b171 91 117 126 151
b172 205 368 236 393
b173 379 247 421 269
b174 221 305 241 330
b175 364 301 376 335
b176 225 160 245 176
b177 0 231 31 252
b178 201 337 217 357
b179 33 325 74 370
b180 225 38 246 57
b181 171 162 213 177
b182 283 168 295 201
b183 148 104 185 120
b184 352 135 372 154
b185 30 76 43 120
b186 379 269 427 282
b187 0 78 24 100
b188 0 38 24 78
b189 317 204 348 224
b190 30 42 67 76
b191 209 177 246 219
b192 295 168 317 196
b193 305 361 347 404
b194 383 407 425 450
b195 358 407 383 443
b196 209 219 248 235
b197 317 106 352 153
b198 33 370 73 392
b199 283 128 317 168
