435175.75
556191.5
314160
560 561
255.371421
b0 433 479 460 494
b1 502 204 518 231
b2 200 114 226 136
b3 349 382 394 403
b4 75 22 120 62
b5 0 359 26 375
b6 205 484 232 522
b7 386 227 421 256
b8 226 95 247 131
b9 175 516 200 560
b10 502 173 517 204
b11 165 90 206 114
b12 175 181 192 200
b13 287 342 335 375
b14 459 361 480 405
b15 327 205 342 239
b16 16 317 61 359
b17 175 242 212 283
b18 383 475 427 518
b19 275 425 311 448
b20 92 388 109 401
b21 24 121 68 149
b22 495 92 524 127
b23 517 173 557 190
b24 534 270 552 294
b25 256 51 285 94
b26 371 108 398 126
b27 458 182 498 220
b28 0 0 12 24
b29 212 240 241 270
b30 144 265 172 285
b31 0 457 32 493
b32 431 405 453 424
b33 194 406 240 451
b34 428 188 457 200
b35 421 227 447 239
b36 376 518 406 545
b37 496 398 508 427
b38 120 210 139 231
b39 144 285 156 298
b40 75 463 122 482
b41 104 231 140 250
b42 423 37 448 83
b43 242 207 281 228
b44 0 375 24 402
b45 453 405 478 429
b46 303 375 316 394
b47 344 193 386 233
b48 76 317 110 345
b49 480 68 528 92
b50 106 349 125 363
b51 480 407 496 421
b52 528 0 546 37
b53 394 423 430 435
b54 208 189 242 219
b55 145 346 176 372
b56 310 486 341 532
b57 242 160 290 207
b58 517 428 542 453
b59 113 482 160 520
b60 221 0 237 39
b61 122 449 167 480
b62 386 181 422 227
b63 24 85 70 121
b64 524 111 557 126
b65 176 349 199 362
b66 450 107 495 149
b67 154 47 168 80
b68 398 109 426 154
b69 422 200 458 227
b70 394 435 439 451
b71 448 73 480 107
b72 255 357 287 372
b73 504 0 516 46
b74 267 514 310 548
b75 517 472 554 492
b76 290 164 326 203
b77 460 256 478 296
b78 0 316 16 358
b79 168 0 193 40
b80 32 462 47 498
b81 58 289 90 304
b82 343 276 367 315
b83 440 0 481 37
b84 0 498 34 536
b85 360 339 394 382
b86 292 0 331 44
b87 262 276 310 321
b88 247 131 291 160
b89 331 0 351 42
b90 431 359 455 405
b91 246 514 267 557
b92 349 403 394 450
b93 24 0 48 20
b94 200 136 231 155
b95 193 39 237 76
b96 104 130 150 163
b97 104 272 144 287
b98 433 466 468 479
b99 517 336 557 353
b100 352 0 396 45
b101 528 75 558 111
b102 99 525 139 561
b103 208 155 242 189
b104 448 242 490 256
b105 240 414 275 447
b106 12 0 24 33
b107 65 427 97 442
b108 517 522 554 560
b109 281 207 327 249
b110 237 0 279 39
b111 132 298 145 319
b112 283 395 308 425
b113 262 321 286 357
b114 473 461 517 495
b115 111 327 145 349
b116 255 395 283 414
b117 410 323 431 362
b118 518 190 556 234
b119 280 466 308 511
b120 347 450 383 486
b121 120 47 154 85
b122 32 442 75 462
b123 65 375 88 411
b124 97 405 132 436
b125 58 210 104 252
b126 88 376 110 388
b127 75 482 100 525
b128 190 362 218 406
b129 458 220 492 242
b130 517 492 543 522
b131 232 469 280 514
b132 305 249 344 267
b133 517 389 560 404
b134 133 384 167 431
b135 120 85 165 100
b136 168 40 180 77
b137 90 289 111 317
b138 145 318 187 346
b139 68 125 104 162
b140 501 231 513 274
b141 386 256 431 275
b142 327 146 354 183
b143 479 44 504 68
b144 42 214 57 254
b145 249 276 262 321
b146 310 267 343 315
b147 12 214 42 256
b148 409 89 427 109
b149 146 0 168 47
b150 471 532 502 555
b151 231 451 273 469
b152 393 89 409 108
b153 65 345 106 375
b154 327 183 344 205
b155 180 76 205 90
b156 192 181 208 209
b157 442 156 462 181
b158 218 390 241 403
b159 473 429 517 461
b160 359 45 386 61
b161 502 127 549 173
b162 273 448 304 466
b163 285 44 307 77
b164 139 181 175 222
b165 92 99 113 116
b166 24 149 60 183
b167 518 234 555 270
b168 426 115 450 156
b169 26 359 65 383
b170 160 487 205 516
b171 70 85 92 125
b172 267 548 294 561
b173 212 276 244 301
b174 104 163 147 179
b175 104 210 120 225
b176 311 415 349 448
b177 58 252 99 289
b178 58 183 77 200
b179 200 522 246 556
b180 517 453 557 472
b181 460 320 490 348
b182 307 44 352 68
b183 316 376 349 415
b184 335 315 360 361
b185 394 396 428 423
b186 0 424 31 457
b187 517 300 555 336
b188 473 495 513 532
b189 241 264 285 276
b190 93 62 120 99
b191 175 226 209 242
b192 367 276 415 305
b193 330 448 347 481
b194 193 0 221 13
b195 326 133 359 146
b196 24 383 65 424
b197 218 362 255 390
b198 47 484 66 532
b199 448 37 479 73
b200 206 301 249 338
b201 478 275 507 301
b202 359 61 393 100
b203 61 317 76 345
b204 190 451 231 484
b205 335 361 356 376
b206 341 486 376 528
b207 291 131 319 164
b208 427 494 447 521
b209 285 86 321 131
b210 460 348 484 361
b211 359 100 371 116
b212 286 321 328 342
b213 428 156 442 188
b214 421 239 448 256
b215 110 376 131 405
b216 344 257 386 276
b217 255 375 303 395
b218 310 532 353 547
b219 307 68 335 86
b220 394 366 431 396
b221 33 304 78 317
b222 77 176 102 210
b223 286 249 305 271
b224 75 442 120 463
b225 321 86 359 133
b226 480 368 496 407
b227 427 83 440 115
b228 242 228 263 248
b229 200 338 248 362
b230 354 160 384 193
b231 393 73 423 89
b232 167 445 190 487
b233 311 448 327 461
b234 406 518 424 551
b235 60 0 106 22
b236 167 406 194 445
b237 111 287 132 327
b238 396 34 423 73
b239 104 250 144 272
b240 478 256 501 275
b241 106 363 130 376
b242 106 0 146 22
b243 439 429 473 466
b244 279 0 292 37
b245 517 404 553 428
b246 481 0 504 44
b247 517 353 556 389
b248 144 222 175 265
b249 34 532 69 559
b250 24 183 58 214
b251 367 305 410 339
b252 473 301 501 320
b253 60 22 75 35
b254 187 325 200 349
b255 424 521 471 560
b256 12 303 33 316
b257 133 431 166 448
b258 396 0 440 34
b259 48 0 60 26
b260 237 51 256 63
b261 145 372 190 384
b262 490 320 517 368
b263 12 256 58 303
b264 48 62 93 85
b265 241 249 286 264
b266 415 275 460 323
b267 359 126 398 160
b268 308 461 330 486
b269 249 94 267 131
b270 167 384 190 399
b271 344 233 386 257
b272 75 525 99 560
b273 496 368 517 398
b274 209 219 242 240
b275 47 462 75 484
b276 68 162 99 176
b277 237 39 284 51
b278 193 283 206 325
b279 157 142 200 181
b280 104 179 126 210
b281 267 94 285 124
b282 113 100 157 130
b283 460 296 473 311
b284 513 270 534 300
b285 131 349 144 382
b286 139 520 175 561
b287 386 160 428 181
b288 431 323 459 359
b289 156 285 193 318
b290 394 339 410 366
b291 157 114 200 142
b292 394 451 433 475
b293 206 76 249 95
b294 175 209 201 226
b295 100 482 113 525
b296 65 411 92 427
b297 528 37 559 75
b298 462 149 502 182
b299 120 436 133 449
