2050564
2962464
1138664
317 3592
645.984994
b0 214 950 241 965
b1 107 1724 134 1740
b2 124 2037 146 2063
b3 136 716 157 761
b4 19 2008 59 2053
b5 42 2875 58 2901
b6 43 3301 81 3328
b7 55 1979 90 2008
b8 150 446 171 482
b9 42 3566 86 3591
b10 124 1860 139 1891
b11 110 1173 151 1197
b12 19 2053 36 2072
b13 128 1740 161 1788
b14 111 3262 155 3283
b15 196 243 230 258
b16 132 1592 177 1634
b17 88 3225 129 3262
b18 64 1702 107 1746
b19 61 1369 97 1392
b20 45 2258 58 2275
b21 147 870 175 914
b22 196 214 231 243
b23 61 47 101 64
b24 0 3568 18 3592
b25 147 914 176 957
b26 139 2410 166 2428
b27 181 1329 219 1369
b28 86 1807 110 1819
b29 128 1000 157 1030
b30 132 1634 152 1662
b31 113 1788 145 1824
b32 0 0 19 22
b33 136 658 181 704
b34 140 2743 169 2755
b35 78 3507 90 3533
b36 221 282 248 312
b37 99 2020 111 2049
b38 95 1256 116 1275
b39 79 2250 91 2263
b40 227 0 246 47
b41 58 3096 94 3115
b42 45 2798 91 2823
b43 41 3486 80 3507
b44 64 1426 91 1450
b45 202 473 226 498
b46 197 633 216 646
b47 231 145 273 185
b48 36 2093 64 2127
b49 157 1000 181 1048
b50 121 2743 140 2757
b51 82 3379 96 3395
b52 157 1048 194 1066
b53 135 1453 171 1465
b54 150 412 180 446
b55 77 2853 103 2884
b56 55 1892 101 1923
b57 270 0 317 48
b58 150 633 175 658
b59 74 1941 121 1979
b60 64 1771 103 1787
b61 137 761 168 806
b62 98 1556 144 1592
b63 162 1218 198 1264
b64 145 2794 178 2809
b65 125 2677 138 2700
b66 192 428 234 473
b67 118 1381 132 1414
b68 151 1173 179 1218
b69 93 2650 129 2677
b70 59 2048 75 2093
b71 154 309 188 341
b72 124 2117 156 2132
b73 91 2716 103 2762
b74 158 2465 201 2499
b75 79 2363 99 2400
b76 73 3450 112 3486
b77 152 2191 192 2209
b78 192 412 234 428
b79 59 2008 99 2033
b80 171 544 207 559
b81 82 2465 97 2497
b82 264 360 303 384
b83 219 579 256 620
b84 44 3507 78 3545
b85 180 501 214 544
b86 164 1129 203 1173
b87 19 1392 64 1440
b88 110 1197 139 1241
b89 137 806 157 848
b90 176 888 222 912
b91 83 2421 126 2442
b92 0 2211 45 2258
b93 98 1369 118 1393
b94 64 2172 95 2191
b95 0 3507 44 3544
b96 101 910 147 943
b97 169 1970 209 1985
b98 199 348 212 383
b99 188 331 228 348
b100 175 771 219 816
b101 76 2762 106 2798
b102 36 2136 76 2172
b103 64 1392 98 1426
b104 191 2273 233 2287
b105 42 2823 77 2856
b106 180 412 192 445
b107 41 3460 73 3475
b108 146 1989 183 2027
b109 19 0 61 46
b110 231 103 270 145
b111 177 1291 190 1312
b112 66 3200 96 3225
b113 101 1129 137 1153
b114 95 3011 129 3055
b115 61 64 95 86
b116 140 1860 168 1879
b117 44 3545 83 3566
b118 126 2344 170 2382
b119 66 3334 94 3379
b120 19 1440 55 1476
b121 72 2944 106 2982
b122 0 3232 43 3252
b123 101 1892 124 1928
b124 141 2063 172 2098
b125 93 2570 139 2612
b126 81 3322 103 3334
b127 64 2093 89 2136
b128 139 2382 183 2410
b129 128 848 162 870
b130 94 3055 124 3081
b131 45 2554 93 2599
b132 162 704 180 743
b133 181 1369 196 1412
b134 45 2211 79 2258
b135 219 564 264 579
b136 58 2527 95 2539
b137 61 86 82 114
b138 103 2874 145 2902
b139 145 1879 181 1916
b140 95 2527 107 2570
b141 43 3372 62 3417
b142 137 1129 164 1166
b143 77 1746 101 1771
b144 113 1740 128 1780
b145 139 1465 152 1510
b146 217 816 265 849
b147 107 761 137 803
b148 207 544 225 564
b149 91 1680 138 1702
b150 42 3201 65 3232
b151 178 214 196 256
b152 77 2910 93 2929
b153 98 1526 139 1556
b154 147 957 169 974
b155 58 2400 83 2414
b156 230 87 258 103
b157 111 1501 131 1526
b158 43 3232 66 3245
b159 171 564 215 596
b160 116 2294 143 2310
b161 61 0 107 47
b162 45 2633 76 2651
b163 188 309 221 331
b164 145 1916 181 1957
b165 124 2020 145 2037
b166 110 1824 144 1860
b167 59 3011 95 3048
b168 138 1662 162 1703
b169 154 22 178 61
b170 107 62 136 107
b171 156 2117 178 2157
b172 101 943 128 956
b173 86 1860 111 1892
b174 107 46 150 62
b175 104 2250 119 2266
b176 231 201 264 239
b177 0 3252 41 3289
b178 42 2856 59 2875
b179 45 2599 91 2633
b180 58 3115 77 3155
b181 97 2465 127 2493
b182 128 1105 173 1129
b183 82 1275 115 1314
b184 147 975 193 1000
b185 156 2157 183 2191
b186 194 155 225 188
b187 115 2612 151 2650
b188 227 47 264 87
b189 118 1369 162 1381
b190 121 2716 158 2743
b191 91 2295 107 2329
b192 181 660 210 708
b193 181 1312 214 1329
b194 124 2168 152 2181
b195 194 201 227 214
b196 99 1979 140 2020
b197 194 127 231 155
b198 124 2098 172 2117
b199 178 258 209 294
b200 171 596 214 633
b201 72 2982 98 3011
b202 91 2677 125 2716
b203 95 1173 110 1201
b204 91 1592 132 1625
b205 178 294 199 309
b206 0 2258 42 2293
b207 110 2266 143 2294
b208 86 1787 113 1807
b209 79 2214 124 2250
b210 209 258 222 282
b211 178 2027 194 2039
b212 94 2902 115 2944
b213 82 1314 114 1328
b214 246 0 263 27
b215 61 1328 90 1349
b216 175 816 217 835
b217 194 0 214 48
b218 95 1241 138 1256
b219 169 957 197 975
b220 121 2757 151 2794
b221 91 2250 104 2295
b222 132 1381 166 1406
b223 66 3225 88 3244
b224 154 348 199 369
b225 176 912 223 950
b226 225 185 264 201
b227 69 3379 82 3411
b228 101 1153 122 1173
b229 111 1453 135 1501
b230 128 1066 158 1099
b231 82 2497 98 2527
b232 83 2442 125 2465
b233 214 114 230 127
b234 181 1000 214 1018
b235 42 3155 64 3201
b236 69 3411 96 3450
b237 150 482 171 522
b238 106 2944 133 2983
b239 154 0 194 22
b240 146 1970 169 1989
b241 214 0 227 24
b242 138 1241 160 1281
b243 116 2310 153 2344
b244 101 1928 138 1941
b245 19 2187 55 2211
b246 43 3328 66 3372
b247 158 1066 194 1105
b248 96 3100 139 3131
b249 162 1264 197 1291
b250 79 2329 110 2363
b251 222 849 265 883
b252 168 743 187 771
b253 198 1173 213 1186
b254 58 2414 82 2427
b255 175 849 222 888
b256 107 803 128 816
b257 124 2063 141 2096
b258 143 2209 187 2243
b259 136 704 162 716
b260 55 1923 74 1935
b261 64 3155 76 3200
b262 59 3048 86 3096
b263 107 0 154 46
b264 79 2191 124 2214
b265 19 2172 64 2187
b266 234 312 279 360
b267 66 3262 100 3301
b268 93 2612 115 2637
b269 139 2902 176 2920
b270 59 2033 82 2048
b271 0 3544 42 3568
b272 82 2049 106 2084
b273 183 2243 204 2273
b274 83 2400 116 2421
b275 180 473 202 501
b276 55 1787 86 1801
b277 91 1625 103 1672
b278 59 2856 72 2898
b279 154 369 193 412
b280 107 1702 138 1724
b281 103 1662 133 1680
b282 77 2823 121 2853
b283 58 2539 71 2554
b284 81 3301 111 3322
b285 98 1393 111 1426
b286 90 1328 126 1369
b287 103 2853 145 2874
b288 124 2132 152 2168
b289 158 2428 191 2465
b290 214 87 230 114
b291 41 3417 69 3460
b292 118 1414 142 1453
b293 96 3081 139 3100
b294 77 2884 94 2910
b295 145 1957 188 1970
b296 181 633 197 660
b297 115 1281 153 1312
b298 107 870 140 910
b299 64 1746 77 1759
