243151.75
297105.5
189198
414 457
0.799106
b0 55 415 98 448
b1 328 16 365 81
b2 66 267 119 301
b3 250 388 287 455
b4 234 222 263 241
b5 132 222 171 271
b6 396 378 414 418
b7 0 164 40 186
b8 364 316 414 378
b9 327 0 368 16
b10 262 0 280 52
b11 183 418 242 457
b12 133 99 161 160
b13 99 352 156 400
b14 321 309 364 372
b15 210 100 262 159
b16 272 275 308 332
b17 0 277 44 343
b18 66 301 117 349
b19 160 61 210 92
b20 354 236 391 255
b21 247 170 311 220
b22 117 318 166 352
b23 262 150 311 170
b24 318 388 346 433
b25 315 188 354 242
b26 0 412 55 452
b27 0 235 65 260
b28 216 61 262 100
b29 42 122 66 184
b30 301 0 327 24
b31 169 319 203 345
b32 262 52 305 105
b33 316 141 351 163
b34 0 344 54 371
b35 287 388 318 426
b36 347 418 414 457
b37 287 433 347 453
b38 305 24 328 81
b39 263 220 315 275
b40 166 157 195 183
b41 67 67 94 122
b42 67 179 129 232
b43 216 0 262 61
b44 161 92 208 157
b45 228 295 272 318
b46 129 183 151 222
b47 99 57 132 122
b48 171 292 228 319
b49 203 352 250 417
b50 67 0 99 67
b51 354 179 392 236
b52 262 105 316 150
b53 280 0 301 43
b54 171 274 232 292
b55 99 400 133 456
b56 0 260 63 277
b57 365 37 412 55
b58 376 91 410 137
b59 133 418 183 455
b60 259 332 282 372
b61 133 160 166 183
b62 305 81 365 100
b63 365 55 410 91
b64 119 271 169 318
b65 99 0 155 57
b66 0 61 67 122
b67 207 178 247 222
b68 171 222 234 274
b69 234 241 261 295
b70 0 122 42 164
b71 391 236 413 300
b72 155 0 216 61
b73 0 0 67 61
b74 354 141 396 179
b75 392 204 411 232
b76 368 0 390 33
b77 67 122 133 179
b78 354 255 390 287
b79 316 100 376 141
b80 282 372 340 388
b81 346 378 396 418
b82 156 361 203 418
b83 370 300 392 316
b84 44 277 66 344
b85 311 163 331 188
b86 151 183 207 220
b87 315 242 354 286
b88 390 0 414 37
b89 133 61 160 99
b90 282 332 321 365
b91 203 319 259 352
b92 166 345 192 361
b93 67 232 132 267
b94 0 371 59 412
b95 195 159 246 178
b96 59 349 99 415
b97 396 137 413 204
b98 308 287 370 309
b99 0 186 66 235
