564225.25
843222.5
285228
417 684
19.282448
b0 117 141 144 156
b1 190 118 217 134
b2 214 258 240 280
b3 107 375 128 420
b4 127 0 172 40
b5 349 299 365 325
b6 388 362 415 400
b7 301 320 330 355
b8 196 520 232 541
b9 167 40 192 84
b10 138 420 169 435
b11 0 461 41 485
b12 212 94 231 111
b13 301 287 349 320
b14 344 366 388 387
b15 241 599 275 614
b16 58 490 103 532
b17 45 453 86 490
b18 279 517 323 560
b19 316 104 352 127
b20 337 177 350 194
b21 13 275 57 303
b22 388 327 417 362
b23 247 356 264 396
b24 81 322 99 346
b25 371 532 414 561
b26 289 29 316 47
b27 47 0 85 40
b28 356 669 380 681
b29 352 75 382 104
b30 149 223 177 243
b31 237 66 273 98
b32 349 277 368 299
b33 13 179 59 224
b34 0 310 12 339
b35 255 134 267 160
b36 358 387 388 414
b37 232 0 244 29
b38 380 30 399 51
b39 197 480 210 492
b40 0 529 19 576
b41 301 177 337 196
b42 185 182 210 228
b43 59 346 98 367
b44 197 493 221 520
b45 221 495 246 519
b46 104 537 123 550
b47 375 194 417 234
b48 182 650 210 684
b49 123 497 147 545
b50 210 399 224 418
b51 47 64 61 80
b52 47 121 84 139
b53 0 139 12 175
b54 301 257 335 287
b55 248 513 279 539
b56 13 303 59 334
b57 324 459 371 507
b58 59 239 84 264
b59 59 192 97 239
b60 138 435 177 451
b61 386 623 417 668
b62 58 417 104 453
b63 264 327 300 373
b64 118 40 133 73
b65 0 0 13 23
b66 350 414 392 459
b67 350 179 383 193
b68 352 30 380 75
b69 147 494 183 521
b70 355 507 371 552
b71 177 228 211 260
b72 0 669 32 684
b73 0 339 12 385
b74 337 234 371 277
b75 56 550 76 587
b76 376 104 415 140
b77 56 532 96 550
b78 216 541 232 583
b79 106 651 146 676
b80 320 669 356 684
b81 0 621 15 653
b82 197 456 236 480
b83 259 290 300 327
b84 301 143 339 177
b85 13 85 47 128
b86 147 610 191 649
b87 99 565 147 610
b88 289 0 333 29
b89 84 247 104 289
b90 323 574 369 598
b91 192 583 235 604
b92 254 186 301 231
b93 192 94 212 118
b94 160 589 191 608
b95 215 292 259 329
b96 191 604 224 650
b97 65 642 105 657
b98 0 23 13 58
b99 224 403 264 420
b100 279 460 324 504
b101 13 140 43 176
b102 261 98 301 134
b103 73 383 107 417
b104 13 334 55 348
b105 147 649 182 682
b106 0 91 12 124
b107 380 668 412 683
b108 47 84 85 121
b109 232 539 278 581
b110 346 327 388 366
b111 147 589 160 610
b112 328 387 358 412
b113 237 98 261 134
b114 0 485 34 529
b115 65 590 99 612
b116 105 278 133 297
b117 13 224 52 245
b118 210 183 254 221
b119 210 134 255 162
b120 316 68 352 104
b121 267 134 301 172
b122 397 580 417 623
b123 37 387 73 410
b124 104 466 139 497
b125 241 641 287 683
b126 392 446 414 458
b127 0 436 43 461
b128 279 560 323 588
b129 247 231 269 265
b130 371 459 401 485
b131 244 0 289 48
b132 235 581 274 599
b133 104 550 147 565
b134 13 0 47 47
b135 301 97 316 142
b136 177 260 214 272
b137 118 83 146 104
b138 121 192 149 234
b139 19 563 55 600
b140 385 580 397 623
b141 267 412 312 431
b142 195 0 232 27
b143 361 644 386 668
b144 215 359 230 399
b145 0 220 13 265
b146 129 106 177 139
b147 352 0 394 30
b148 178 430 196 450
b149 323 552 370 574
b150 324 528 355 551
b151 173 326 215 344
b152 232 519 248 538
b153 65 612 106 642
b154 217 111 234 133
b155 230 378 244 403
b156 169 414 197 430
b157 47 139 72 159
b158 172 0 195 13
b159 279 588 323 620
b160 401 458 417 485
b161 371 280 417 327
b162 86 453 104 484
b163 85 48 118 70
b164 169 363 210 399
b165 268 48 289 65
b166 29 622 65 656
b167 211 221 247 258
b168 128 396 169 420
b169 361 140 385 179
b170 267 431 312 460
b171 146 84 186 106
b172 210 480 237 493
b173 385 169 417 194
b174 316 127 359 143
b175 240 265 256 280
b176 13 47 46 85
b177 140 243 177 284
b178 230 359 247 378
b179 104 420 138 466
b180 104 497 123 537
b181 105 297 133 327
b182 361 599 385 644
b183 85 70 118 109
b184 392 400 417 446
b185 241 614 275 641
b186 210 650 241 683
b187 323 633 361 669
b188 338 194 375 234
b189 214 280 258 292
b190 177 297 214 324
b191 330 320 346 354
b192 99 327 128 375
b193 323 598 356 615
b194 97 234 125 247
b195 85 35 118 48
b196 106 610 147 651
b197 0 387 37 415
b198 147 522 195 541
b199 104 247 140 278
b200 194 57 237 94
b201 385 140 411 169
b202 72 158 111 192
b203 169 399 197 414
b204 128 363 169 396
b205 72 143 93 158
b206 85 0 127 35
b207 32 656 65 684
b208 43 159 70 179
b209 128 327 173 363
b210 197 399 210 423
b211 13 128 29 140
b212 225 162 267 183
b213 15 622 29 654
b214 359 104 376 131
b215 259 269 288 290
b216 173 344 215 363
b217 275 620 323 640
b218 163 451 178 494
b219 333 0 351 28
b220 13 245 50 275
b221 0 175 13 220
b222 177 272 211 297
b223 0 576 19 598
b224 0 415 45 436
b225 312 412 350 459
b226 59 367 98 383
b227 116 109 129 141
b228 61 64 82 84
b229 313 209 337 257
b230 234 420 267 450
b231 178 450 194 480
b232 154 284 177 326
b233 288 269 301 285
b234 246 495 279 513
b235 19 600 65 622
b236 65 657 104 684
b237 195 541 216 581
b238 57 264 84 303
b239 76 550 98 590
b240 0 598 19 621
b241 93 143 117 156
b242 59 303 81 343
b243 19 529 56 563
b244 301 196 338 209
b245 47 40 83 64
b246 371 257 415 280
b247 264 373 300 412
b248 273 66 316 97
b249 252 460 279 495
b250 85 109 116 143
b251 133 40 167 83
b252 289 47 317 66
b253 210 162 225 175
b254 177 106 190 130
b255 12 348 59 387
b256 45 410 58 431
b257 224 604 241 637
b258 382 54 416 98
b259 300 385 312 411
b260 369 580 381 599
b261 0 265 12 310
b262 183 134 210 182
b263 371 485 417 532
b264 371 234 416 257
b265 237 450 252 495
b266 147 541 192 589
b267 317 29 351 68
b268 172 13 194 38
b269 323 615 360 633
b270 0 654 23 669
b271 97 192 121 234
b272 34 490 58 525
b273 324 507 354 528
b274 84 289 105 322
b275 394 0 416 28
b276 267 172 298 186
b277 301 209 313 256
b278 183 480 196 522
b279 144 139 183 182
b280 339 143 361 174
b281 238 48 268 66
b282 300 355 344 385
b283 0 124 13 139
b284 215 329 236 359
b285 0 58 13 91
b286 149 182 185 223
b287 133 284 154 326
b288 111 156 139 192
b289 197 423 234 456
b290 247 329 263 356
b291 195 29 238 57
b292 139 451 163 490
b293 371 561 414 580
b294 399 28 416 54
b295 279 504 322 517
b296 312 385 328 412
b297 269 231 300 269
b298 287 640 320 680
b299 125 234 138 247
