428533
542906
314160
560 561
603.455207
b0 408 179 435 194
b1 370 280 397 296
b2 142 106 168 128
b3 494 233 539 254
b4 345 221 385 266
b5 228 236 254 252
b6 110 236 137 274
b7 385 251 420 280
b8 240 339 276 360
b9 143 497 187 522
b10 356 403 371 434
b11 269 101 293 142
b12 136 456 155 473
b13 329 148 377 181
b14 294 225 315 269
b15 419 312 453 327
b16 89 374 134 416
b17 358 0 399 37
b18 477 190 521 233
b19 168 103 204 126
b20 222 265 239 278
b21 180 47 224 75
b22 531 287 560 322
b23 292 407 309 447
b24 506 344 524 368
b25 414 480 443 523
b26 441 374 468 392
b27 517 400 557 438
b28 269 161 281 185
b29 192 248 222 277
b30 330 0 358 20
b31 254 237 290 269
b32 539 230 558 252
b33 94 120 139 166
b34 413 536 442 548
b35 268 488 280 514
b36 468 302 495 332
b37 333 197 345 226
b38 246 106 267 125
b39 162 87 175 99
b40 121 324 168 343
b41 12 44 31 80
b42 224 38 249 84
b43 378 145 399 184
b44 12 301 39 325
b45 443 392 467 417
b46 506 325 519 344
b47 399 0 439 42
b48 66 459 100 487
b49 534 352 558 400
b50 123 106 142 120
b51 331 226 345 242
b52 495 144 513 181
b53 0 0 12 36
b54 128 76 162 106
b55 103 343 129 374
b56 51 0 82 46
b57 447 143 495 190
b58 371 417 396 442
b59 109 418 156 456
b60 204 103 220 142
b61 361 299 406 330
b62 293 112 329 158
b63 192 202 228 248
b64 453 312 468 345
b65 192 428 205 451
b66 451 445 493 490
b67 417 42 431 75
b68 315 242 343 287
b69 357 118 393 145
b70 333 181 378 197
b71 305 32 339 64
b72 82 61 114 76
b73 512 132 558 144
b74 124 281 158 324
b75 467 401 504 421
b76 255 201 294 237
b77 399 42 417 82
b78 0 499 42 515
b79 12 338 37 378
b80 100 459 136 474
b81 187 187 219 202
b82 399 128 438 152
b83 521 189 558 230
b84 0 438 38 472
b85 239 269 282 303
b86 445 521 489 560
b87 465 0 513 45
b88 158 224 187 268
b89 470 123 512 143
b90 362 197 408 221
b91 100 493 143 514
b92 513 144 560 189
b93 465 59 485 83
b94 232 480 263 499
b95 52 345 89 389
b96 276 68 322 101
b97 281 161 296 201
b98 438 445 451 480
b99 344 317 361 357
b100 515 87 559 132
b101 315 287 351 317
b102 0 515 40 551
b103 513 0 547 34
b104 459 507 501 521
b105 39 164 72 199
b106 172 75 205 87
b107 39 309 54 341
b108 47 389 84 427
b109 394 82 436 128
b110 141 0 180 42
b111 223 325 244 338
b112 81 203 111 228
b113 129 343 165 367
b114 268 523 312 557
b115 90 274 124 296
b116 72 487 100 506
b117 493 421 514 460
b118 280 485 324 523
b119 315 364 343 409
b120 54 309 90 345
b121 225 0 259 38
b122 12 258 32 301
b123 232 499 268 522
b124 227 168 262 199
b125 497 45 543 87
b126 232 468 254 480
b127 84 416 109 459
b128 187 531 231 559
b129 220 84 254 106
b130 243 403 273 429
b131 134 373 182 418
b132 408 194 447 212
b133 325 446 340 489
b134 158 268 192 315
b135 180 0 225 15
b136 259 0 271 37
b137 0 378 28 399
b138 201 373 243 401
b139 357 37 394 73
b140 418 212 461 224
b141 343 473 388 492
b142 357 73 394 100
b143 440 254 465 278
b144 39 199 79 214
b145 139 151 184 164
b146 469 368 517 401
b147 39 214 81 244
b148 294 297 314 315
b149 396 345 443 367
b150 412 416 435 447
b151 103 296 121 338
b152 296 209 315 225
b153 39 244 80 274
b154 276 339 298 356
b155 82 47 107 61
b156 396 417 412 445
b157 382 392 402 417
b158 82 76 105 89
b159 324 522 368 554
b160 461 190 477 217
b161 298 317 344 364
b162 12 227 30 258
b163 532 254 554 287
b164 372 492 413 528
b165 345 197 362 218
b166 155 463 191 497
b167 469 332 506 368
b168 402 392 443 416
b169 12 168 36 207
b170 81 228 110 273
b171 192 468 232 490
b172 128 0 141 27
b173 305 0 330 32
b174 175 87 218 103
b175 135 179 151 194
b176 494 254 532 287
b177 94 166 135 203
b178 180 15 197 34
b179 91 514 137 548
b180 541 462 560 502
b181 322 64 352 92
b182 501 507 525 552
b183 343 370 382 403
b184 395 367 441 392
b185 524 325 558 352
b186 47 427 80 458
b187 495 287 531 325
b188 205 428 242 468
b189 27 0 39 44
b190 228 199 255 236
b191 165 357 199 373
b192 465 254 494 302
b193 325 489 342 522
b194 343 403 356 431
b195 210 309 223 342
b196 191 490 232 531
b197 296 181 333 209
b198 100 474 148 493
b199 242 429 273 465
b200 232 125 269 168
b201 443 345 469 374
b202 431 42 465 81
b203 64 524 79 552
b204 111 203 152 236
b205 422 257 437 278
b206 39 274 81 309
b207 282 269 315 297
b208 12 207 39 227
b209 470 87 515 123
b210 474 421 487 445
b211 406 299 422 311
b212 168 315 210 336
b213 465 45 497 59
b214 517 368 534 395
b215 168 336 197 357
b216 182 373 201 415
b217 12 120 32 168
b218 12 0 27 43
b219 274 407 292 435
b220 440 224 477 254
b221 156 418 169 463
b222 271 0 305 25
b223 269 142 291 161
b224 137 236 158 281
b225 278 447 325 485
b226 343 434 359 473
b227 413 523 445 536
b228 322 92 343 112
b229 184 142 232 166
b230 385 221 418 251
b231 443 490 459 520
b232 81 89 123 112
b233 383 330 396 346
b234 422 224 440 257
b235 254 51 276 97
b236 201 401 240 428
b237 187 166 227 187
b238 359 445 398 472
b239 12 80 34 120
b240 397 280 420 299
b241 35 480 59 493
b242 361 330 383 370
b243 309 409 343 446
b244 249 38 286 51
b245 514 438 550 462
b246 169 418 192 462
b247 255 303 294 339
b248 243 360 274 403
b249 0 472 35 499
b250 152 193 186 224
b251 422 278 465 312
b252 351 266 370 294
b253 262 185 277 198
b254 222 252 246 265
b255 0 399 47 438
b256 59 487 72 508
b257 223 338 240 371
b258 128 42 172 76
b259 388 480 414 492
b260 343 92 355 111
b261 383 346 395 391
b262 399 152 447 179
b263 82 0 128 47
b264 139 128 184 151
b265 139 164 184 179
b266 493 462 541 507
b267 436 83 470 122
b268 230 303 255 325
b269 406 327 443 345
b270 263 465 278 488
b271 51 140 93 164
b272 40 515 64 550
b273 342 492 372 513
b274 72 164 93 197
b275 38 458 66 480
b276 151 179 182 193
b277 39 0 51 47
b278 39 341 52 383
b279 276 364 315 407
b280 199 342 221 373
b281 357 100 387 118
b282 51 46 81 90
b283 406 311 419 326
b284 438 122 468 143
b285 180 34 213 47
b286 137 522 178 558
b287 439 0 460 42
b288 329 112 357 148
b289 372 528 409 561
b290 315 209 331 236
b291 51 112 94 140
b292 435 421 474 445
b293 286 25 305 68
b294 220 106 246 123
b295 90 296 103 339
b296 64 508 91 524
b297 192 278 230 309
b298 398 447 438 480
b299 12 325 25 338
