219918
242764
197072
436 452
5.752769
b0 0 187 33 230
b1 303 65 340 130
b2 241 234 294 268
b3 54 160 121 197
b4 0 91 29 110
b5 264 50 303 99
b6 93 332 111 372
b7 99 259 121 299
b8 240 0 302 50
b9 217 157 233 198
b10 123 0 141 52
b11 84 0 123 59
b12 233 157 261 218
b13 241 318 289 375
b14 163 206 226 249
b15 359 65 411 124
b16 309 370 366 406
b17 33 197 99 241
b18 0 381 51 429
b19 403 233 434 283
b20 250 137 287 156
b21 0 110 64 160
b22 183 157 217 206
b23 16 267 36 316
b24 309 342 354 370
b25 349 213 403 252
b26 294 221 349 261
b27 175 0 240 25
b28 309 406 348 452
b29 303 157 327 219
b30 29 83 55 107
b31 0 241 34 267
b32 36 332 89 375
b33 366 252 388 287
b34 0 0 27 54
b35 123 244 161 275
b36 167 336 206 403
b37 289 307 309 367
b38 184 313 241 336
b39 112 397 167 449
b40 359 187 388 213
b41 311 261 366 288
b42 36 241 98 294
b43 121 336 167 397
b44 303 0 350 65
b45 359 164 403 187
b46 123 199 162 221
b47 0 316 33 381
b48 27 56 84 83
b49 350 0 397 65
b50 403 166 435 233
b51 36 294 93 332
b52 311 288 356 342
b53 123 56 166 77
b54 354 351 415 369
b55 141 0 175 56
b56 64 83 81 146
b57 341 65 359 112
b58 230 50 264 96
b59 241 268 278 318
b60 123 221 163 244
b61 403 124 436 147
b62 415 303 434 363
b63 348 409 393 445
b64 183 41 230 91
b65 27 0 84 56
b66 51 375 112 442
b67 359 124 403 164
b68 356 288 408 351
b69 0 160 54 187
b70 261 156 303 198
b71 327 157 349 221
b72 123 275 184 336
b73 183 96 250 157
b74 250 99 292 137
b75 403 147 431 166
b76 98 299 120 332
b77 241 394 307 451
b78 261 198 293 234
b79 123 158 183 199
b80 182 25 240 41
b81 123 77 173 117
b82 184 266 241 313
b83 226 218 248 234
b84 411 56 433 123
b85 408 283 433 303
b86 84 103 121 159
b87 84 59 123 103
b88 0 54 24 91
b89 303 130 341 157
b90 278 268 311 307
b91 397 0 430 56
b92 0 267 16 293
b93 206 336 241 401
b94 123 117 182 158
b95 241 375 292 394
b96 366 369 432 409
b97 161 249 228 266
b98 99 197 121 259
b99 167 403 233 452
