2150573.5
3110447
1190700
315 3780
803.923947
b0 131 16 158 31
b1 244 0 271 16
b2 31 2309 53 2335
b3 136 2931 157 2976
b4 80 3319 120 3364
b5 241 596 257 622
b6 143 335 181 362
b7 98 2548 133 2577
b8 25 3534 46 3570
b9 49 2813 93 2838
b10 49 2770 64 2801
b11 118 1869 159 1893
b12 99 2873 116 2892
b13 15 2792 48 2840
b14 194 52 238 73
b15 95 1366 129 1381
b16 40 1691 85 1733
b17 222 73 263 110
b18 157 1570 200 1614
b19 99 2850 135 2873
b20 194 0 207 17
b21 115 1060 143 1104
b22 149 952 184 981
b23 101 495 141 512
b24 51 3259 69 3283
b25 135 2689 164 2732
b26 132 1359 159 1377
b27 124 1829 162 1869
b28 71 2427 95 2439
b29 109 1499 138 1529
b30 57 2001 77 2029
b31 88 2471 120 2507
b32 76 1366 95 1388
b33 149 1121 194 1167
b34 78 2281 107 2293
b35 66 3635 78 3661
b36 143 498 170 528
b37 32 3722 44 3751
b38 193 969 214 988
b39 64 2075 76 2088
b40 144 1761 163 1808
b41 42 2649 78 2668
b42 86 2908 132 2933
b43 158 314 197 335
b44 182 443 209 467
b45 53 2221 77 2246
b46 170 550 189 563
b47 93 2157 135 2197
b48 70 937 98 971
b49 138 1893 162 1941
b50 98 1175 117 1189
b51 135 1012 149 1028
b52 149 2616 186 2634
b53 171 634 207 646
b54 69 2838 99 2872
b55 27 2221 53 2252
b56 174 185 220 216
b57 76 2088 123 2136
b58 194 73 219 98
b59 15 2978 62 3016
b60 129 1327 168 1343
b61 174 136 205 181
b62 78 2700 124 2736
b63 58 3428 94 3474
b64 86 2893 119 2908
b65 40 3170 53 3193
b66 131 402 173 447
b67 208 98 222 131
b68 40 3125 68 3170
b69 131 447 167 474
b70 135 2157 151 2202
b71 53 2471 87 2503
b72 0 3765 32 3780
b73 64 2029 76 2075
b74 70 1189 113 1223
b75 101 512 121 549
b76 171 598 210 634
b77 86 2933 126 2951
b78 203 427 245 443
b79 51 3367 91 3392
b80 141 665 177 680
b81 78 2170 93 2202
b82 143 474 182 498
b83 88 2507 125 2548
b84 145 1167 179 1205
b85 71 2317 105 2360
b86 156 2732 195 2776
b87 70 889 115 937
b88 40 1323 69 1367
b89 143 598 163 640
b90 170 526 216 550
b91 210 556 253 577
b92 85 1737 130 1784
b93 76 1438 96 1462
b94 241 577 272 596
b95 102 3130 146 3167
b96 195 684 241 717
b97 0 3016 40 3031
b98 205 150 218 185
b99 88 1784 128 1801
b100 85 1554 129 1599
b101 76 2052 106 2088
b102 121 766 161 802
b103 115 889 149 923
b104 12 3751 54 3765
b105 98 1142 133 1175
b106 131 31 143 64
b107 66 2602 98 2617
b108 95 1381 132 1419
b109 132 2643 174 2689
b110 183 216 222 258
b111 86 2872 99 2893
b112 141 640 171 665
b113 40 1299 76 1323
b114 203 383 237 427
b115 64 2770 98 2792
b116 95 3111 123 3130
b117 64 2792 103 2813
b118 81 3073 125 3111
b119 191 924 219 969
b120 82 3392 118 3428
b121 174 98 208 136
b122 27 0 70 20
b123 25 3650 48 3686
b124 143 563 174 598
b125 149 825 195 867
b126 222 150 244 162
b127 105 2317 130 2360
b128 100 1801 144 1829
b129 15 2770 49 2792
b130 106 2951 136 2977
b131 182 481 230 526
b132 141 680 159 719
b133 0 34 15 77
b134 156 719 190 766
b135 237 717 282 732
b136 119 2873 156 2885
b137 70 1271 91 1299
b138 149 924 191 952
b139 138 1941 174 1978
b140 105 2360 117 2403
b141 101 844 120 889
b142 168 1225 195 1262
b143 93 2197 117 2222
b144 143 362 158 402
b145 180 981 193 1026
b146 40 1784 88 1817
b147 37 2936 67 2978
b148 238 16 256 36
b149 31 2265 78 2287
b150 70 1954 93 1985
b151 139 2202 157 2244
b152 49 2838 65 2857
b153 79 2631 120 2661
b154 66 2585 88 2602
b155 0 3068 25 3082
b156 149 867 177 883
b157 174 0 194 25
b158 105 1620 128 1633
b159 62 3041 106 3073
b160 129 1343 156 1359
b161 198 760 244 807
b162 98 2736 129 2754
b163 106 2222 139 2244
b164 129 1529 165 1570
b165 177 867 198 884
b166 32 3686 66 3722
b167 0 3031 36 3068
b168 42 2585 66 2626
b169 113 1261 137 1300
b170 158 1076 187 1121
b171 27 2057 49 2097
b172 68 3125 95 3138
b173 158 216 183 248
b174 131 0 174 16
b175 57 1985 72 2001
b176 177 646 210 684
b177 106 2244 147 2281
b178 95 1419 112 1438
b179 46 3534 92 3568
b180 62 3085 81 3125
b181 84 2443 114 2471
b182 195 736 240 760
b183 76 1499 109 1538
b184 40 3016 86 3041
b185 0 0 27 34
b186 70 0 101 33
b187 209 443 245 481
b188 107 2403 144 2443
b189 203 299 247 311
b190 113 1300 150 1327
b191 237 311 253 345
b192 51 3319 80 3367
b193 173 366 206 383
b194 201 988 229 1001
b195 99 2837 132 2850
b196 183 258 224 299
b197 27 2029 64 2057
b198 208 131 256 150
b199 133 1225 164 1261
b200 158 1039 201 1076
b201 106 2977 132 3006
b202 48 2897 82 2936
b203 132 2903 147 2931
b204 92 3509 133 3542
b205 182 383 203 398
b206 53 3474 95 3509
b207 69 3259 102 3287
b208 145 1205 172 1225
b209 130 2281 175 2317
b210 144 1737 157 1761
b211 70 1864 86 1876
b212 101 802 122 844
b213 0 3686 32 3700
b214 132 2616 149 2643
b215 49 2155 78 2176
b216 195 717 237 736
b217 115 1012 135 1060
b218 138 1377 181 1392
b219 119 2885 147 2903
b220 40 3222 70 3259
b221 27 20 40 65
b222 36 3509 70 3534
b223 40 3041 62 3060
b224 93 2136 138 2157
b225 98 1104 145 1142
b226 76 1538 115 1554
b227 69 3287 82 3319
b228 62 2503 83 2523
b229 70 1223 94 1271
b230 27 1851 57 1884
b231 85 1691 101 1721
b232 76 2029 118 2052
b233 180 1026 196 1039
b234 174 563 207 581
b235 15 2840 37 2886
b236 94 1327 121 1366
b237 48 2857 69 2897
b238 15 2585 42 2624
b239 31 2287 71 2309
b240 64 2136 87 2155
b241 93 2813 106 2837
b242 177 884 199 924
b243 40 1817 77 1851
b244 207 0 244 13
b245 71 2403 107 2427
b246 53 3178 76 3222
b247 120 2577 156 2616
b248 115 981 158 1012
b249 121 719 156 746
b250 31 2503 62 2537
b251 120 2443 163 2477
b252 64 3607 83 3635
b253 36 3259 51 3272
b254 58 3392 82 3405
b255 79 2661 126 2700
b256 27 2252 48 2265
b257 137 1261 154 1294
b258 42 2736 86 2770
b259 72 1985 98 1997
b260 62 3073 81 3085
b261 49 2176 61 2221
b262 86 1906 113 1954
b263 101 1691 148 1737
b264 122 802 167 825
b265 158 299 203 314
b266 31 2537 76 2585
b267 46 3568 80 3607
b268 158 981 180 1006
b269 42 2631 79 2649
b270 107 2281 130 2296
b271 96 1438 138 1462
b272 100 1829 124 1864
b273 216 526 237 556
b274 85 1599 118 1620
b275 36 3392 58 3420
b276 66 2617 97 2631
b277 0 3700 12 3747
b278 100 1864 113 1906
b279 25 3607 64 3650
b280 53 2439 84 2461
b281 101 0 131 18
b282 69 1661 113 1691
b283 78 2155 91 2170
b284 78 2296 108 2317
b285 57 1864 70 1897
b286 69 1620 105 1661
b287 101 474 143 495
b288 179 1167 207 1203
b289 96 1462 129 1499
b290 69 1554 85 1581
b291 78 2222 106 2265
b292 207 13 231 52
b293 272 0 315 19
b294 36 3420 53 3446
b295 57 1851 100 1864
b296 15 2265 31 2292
b297 181 335 219 366
b298 68 3138 101 3178
b299 162 1808 175 1821
