583024.25
855815.5
310233
561 553
61.111335
b0 413 231 440 246
b1 506 201 522 228
b2 90 157 112 183
b3 137 382 182 403
b4 180 193 220 238
b5 174 302 200 318
b6 143 253 181 280
b7 370 143 399 178
b8 349 501 385 522
b9 371 36 396 80
b10 355 97 370 128
b11 181 318 222 342
b12 172 12 189 31
b13 264 344 312 377
b14 390 232 411 276
b15 356 328 390 343
b16 434 494 476 539
b17 376 191 413 232
b18 479 254 522 298
b19 211 404 234 440
b20 237 164 254 177
b21 137 430 165 474
b22 478 417 507 452
b23 172 31 189 71
b24 412 412 436 430
b25 45 140 88 169
b26 163 520 190 538
b27 522 163 560 203
b28 30 523 54 535
b29 91 506 121 535
b30 521 487 541 515
b31 435 0 467 36
b32 478 398 500 417
b33 461 208 506 254
b34 108 370 137 382
b35 462 72 474 98
b36 208 0 238 27
b37 502 151 531 163
b38 541 487 560 508
b39 220 237 233 249
b40 328 0 375 19
b41 478 452 497 488
b42 73 114 119 139
b43 461 187 500 208
b44 504 127 531 151
b45 211 379 235 404
b46 372 178 391 191
b47 31 72 73 112
b48 235 379 263 413
b49 279 78 303 126
b50 436 411 450 430
b51 331 511 345 527
b52 399 143 417 180
b53 265 172 301 184
b54 0 278 30 312
b55 237 177 263 208
b56 96 198 127 244
b57 130 170 178 217
b58 234 413 259 438
b59 478 351 516 398
b60 516 359 555 375
b61 0 38 31 83
b62 265 126 301 172
b63 129 474 165 520
b64 324 217 339 250
b65 461 164 474 187
b66 222 257 264 302
b67 316 497 349 511
b68 417 136 462 164
b69 31 283 58 319
b70 45 169 90 185
b71 398 463 432 495
b72 96 183 128 198
b73 263 228 309 240
b74 164 127 198 170
b75 417 99 437 136
b76 524 296 560 335
b77 254 465 294 483
b78 237 104 279 120
b79 95 33 120 73
b80 60 239 96 254
b81 139 0 171 15
b82 119 80 143 119
b83 353 343 390 384
b84 24 468 62 502
b85 514 0 557 34
b86 436 287 475 331
b87 390 283 435 331
b88 31 199 60 243
b89 171 475 191 517
b90 0 419 24 465
b91 52 0 95 21
b92 390 331 435 378
b93 450 411 474 431
b94 351 482 382 501
b95 516 375 560 412
b96 385 430 431 463
b97 463 451 478 491
b98 376 256 389 291
b99 157 298 174 338
b100 301 127 346 171
b101 474 100 504 136
b102 60 199 96 239
b103 351 448 385 482
b104 31 140 45 182
b105 401 495 434 530
b106 268 307 280 340
b107 254 483 286 498
b108 522 258 559 296
b109 222 302 268 344
b110 436 372 478 411
b111 539 474 560 487
b112 0 170 25 200
b113 67 413 91 449
b114 417 164 461 198
b115 522 236 556 258
b116 303 527 331 546
b117 264 377 303 398
b118 263 184 301 228
b119 474 136 502 181
b120 30 360 66 396
b121 130 119 164 157
b122 507 454 550 474
b123 241 18 264 54
b124 316 466 351 497
b125 507 412 553 454
b126 462 132 474 154
b127 112 382 137 425
b128 237 120 265 164
b129 198 126 220 160
b130 181 342 207 372
b131 476 491 521 539
b132 316 47 355 65
b133 211 477 254 492
b134 467 0 514 34
b135 417 84 462 99
b136 130 217 142 254
b137 190 281 218 302
b138 31 112 73 140
b139 451 36 488 72
b140 504 115 547 127
b141 235 492 254 537
b142 268 280 305 307
b143 67 350 92 374
b144 264 240 279 280
b145 358 19 371 64
b146 413 198 461 231
b147 0 236 30 278
b148 500 181 518 201
b149 370 109 417 131
b150 0 396 31 419
b151 88 139 130 157
b152 497 474 516 490
b153 0 312 30 353
b154 349 522 371 539
b155 208 342 222 367
b156 92 368 108 396
b157 178 173 203 193
b158 516 474 539 487
b159 488 34 520 78
b160 123 0 139 27
b161 301 171 348 217
b162 164 78 195 96
b163 259 432 281 465
b164 375 0 416 36
b165 91 396 112 413
b166 91 472 127 506
b167 54 502 90 539
b168 312 329 353 353
b169 316 427 340 466
b170 0 125 29 170
b171 31 243 53 283
b172 62 485 89 498
b173 271 528 303 553
b174 335 353 351 396
b175 191 522 207 537
b176 441 254 479 287
b177 211 440 252 477
b178 58 302 75 321
b179 478 298 524 332
b180 478 332 518 351
b181 328 19 358 47
b182 0 465 24 510
b183 522 203 561 236
b184 371 84 417 109
b185 137 403 171 430
b186 164 96 197 127
b187 142 217 180 253
b188 171 438 211 475
b189 137 370 181 382
b190 171 411 208 438
b191 385 495 401 529
b192 288 398 336 427
b193 254 498 271 531
b194 235 208 263 221
b195 547 127 560 160
b196 436 331 477 372
b197 385 384 422 412
b198 348 128 367 176
b199 0 200 31 236
b200 339 238 376 281
b201 66 321 92 350
b202 31 321 65 360
b203 279 252 294 280
b204 92 302 133 335
b205 130 286 151 301
b206 222 344 264 379
b207 95 0 123 33
b208 63 449 90 469
b209 31 396 67 441
b210 385 463 398 487
b211 37 502 49 518
b212 0 83 21 125
b213 45 185 77 199
b214 385 412 412 429
b215 280 307 301 336
b216 121 520 163 539
b217 58 282 106 302
b218 220 152 235 195
b219 264 18 282 46
b220 411 246 441 283
b221 159 33 172 78
b222 263 398 288 432
b223 189 12 208 34
b224 31 0 52 45
b225 91 425 129 472
b226 182 372 198 411
b227 130 254 143 286
b228 450 431 471 451
b229 242 54 266 102
b230 437 99 467 132
b231 0 523 30 539
b232 31 49 73 72
b233 198 160 214 173
b234 139 15 172 33
b235 195 34 241 56
b236 340 421 379 448
b237 521 515 561 536
b238 24 441 63 468
b239 197 104 237 126
b240 286 483 305 506
b241 376 232 389 256
b242 348 176 370 216
b243 356 291 390 328
b244 0 510 37 523
b245 505 78 541 102
b246 312 353 335 397
b247 520 34 556 73
b248 432 451 463 494
b249 58 254 93 281
b250 282 47 316 78
b251 305 252 339 295
b252 93 254 112 282
b253 203 173 216 188
b254 95 73 119 86
b255 120 33 159 80
b256 296 506 309 527
b257 157 281 190 298
b258 312 295 356 329
b259 171 0 197 12
b260 340 396 352 415
b261 279 240 324 252
b262 132 343 180 370
b263 282 0 328 47
b264 303 104 348 127
b265 73 99 118 114
b266 197 56 242 104
b267 316 65 350 104
b268 271 506 296 528
b269 112 244 130 281
b270 541 73 556 96
b271 133 301 157 343
b272 524 335 559 359
b273 0 353 30 374
b274 339 217 372 238
b275 294 427 316 455
b276 547 96 561 127
b277 370 131 417 143
b278 220 195 233 237
b279 181 238 220 281
b280 474 78 505 100
b281 238 0 268 18
b282 191 492 235 522
b283 432 63 445 78
b284 143 80 164 110
b285 358 64 371 97
b286 396 43 432 84
b287 73 49 94 91
b288 235 221 263 257
b289 352 384 385 421
b290 63 469 90 485
b291 52 21 95 49
b292 67 374 91 413
b293 416 0 435 43
b294 220 126 237 152
b295 504 102 547 115
b296 435 36 451 63
b297 0 0 31 38
b298 92 335 132 368
b299 94 86 107 99
