382488
563376
201600
448 450
83.240315
b0 413 325 429 361
b1 194 0 233 19
b2 0 45 35 86
b3 30 432 77 450
b4 192 337 224 363
b5 143 214 174 249
b6 35 130 64 143
b7 149 103 170 131
b8 69 60 84 92
b9 45 368 79 414
b10 170 93 215 125
b11 193 277 207 313
b12 134 249 176 285
b13 0 327 45 375
b14 242 209 267 224
b15 343 115 389 160
b16 171 285 193 303
b17 399 0 432 26
b18 233 0 252 34
b19 201 149 213 179
b20 101 246 134 274
b21 105 70 149 109
b22 325 373 364 399
b23 407 408 432 448
b24 57 309 82 324
b25 122 414 158 450
b26 364 400 407 425
b27 0 273 15 307
b28 220 93 258 139
b29 333 66 370 78
b30 412 218 429 245
b31 349 179 386 195
b32 407 376 430 408
b33 262 116 298 134
b34 375 325 413 344
b35 267 209 300 224
b36 221 399 233 427
b37 16 302 32 323
b38 398 113 431 139
b39 399 176 429 218
b40 236 281 277 309
b41 303 211 319 227
b42 0 375 44 394
b43 220 59 260 93
b44 125 328 152 344
b45 45 354 82 368
b46 35 45 83 60
b47 15 273 38 287
b48 52 285 78 309
b49 35 221 75 252
b50 262 134 295 176
b51 337 399 364 447
b52 300 409 337 436
b53 399 139 416 157
b54 35 174 51 217
b55 69 92 82 138
b56 402 245 424 270
b57 280 385 299 433
b58 343 160 384 179
b59 55 175 101 221
b60 144 179 174 214
b61 35 97 69 130
b62 168 363 213 400
b63 380 361 415 376
b64 174 400 221 448
b65 313 282 343 315
b66 300 315 331 346
b67 321 245 365 282
b68 80 389 104 424
b69 133 285 171 304
b70 194 19 230 33
b71 397 71 431 113
b72 269 176 303 209
b73 144 161 182 179
b74 303 245 321 274
b75 380 376 407 399
b76 301 99 315 111
b77 152 304 168 328
b78 151 24 194 50
b79 89 109 108 146
b80 105 28 119 43
b81 376 282 408 302
b82 301 66 333 99
b83 408 270 427 307
b84 225 353 268 390
b85 365 234 402 282
b86 128 304 152 328
b87 83 299 128 318
b88 176 249 219 277
b89 300 436 335 448
b90 94 151 139 175
b91 301 0 329 44
b92 83 318 125 342
b93 300 115 343 136
b94 152 328 167 344
b95 220 34 256 59
b96 278 224 303 269
b97 210 220 235 248
b98 194 70 220 86
b99 194 33 214 70
b100 300 382 325 409
b101 303 136 343 184
b102 262 91 300 116
b103 0 136 32 168
b104 75 221 100 257
b105 119 28 150 70
b106 174 197 208 236
b107 77 432 122 448
b108 224 279 236 312
b109 324 361 346 373
b110 0 229 23 273
b111 150 50 168 63
b112 376 307 422 325
b113 101 175 144 203
b114 429 139 448 178
b115 145 131 182 161
b116 108 109 145 151
b117 182 125 219 149
b118 278 274 313 313
b119 188 313 224 337
b120 370 25 385 70
b121 35 0 67 45
b122 0 407 30 450
b123 349 195 384 208
b124 0 394 39 407
b125 182 179 210 197
b126 45 326 83 354
b127 168 340 192 362
b128 363 0 399 25
b129 124 344 168 390
b130 385 26 429 71
b131 168 304 188 340
b132 89 0 105 38
b133 262 45 276 57
b134 0 168 29 184
b135 15 287 52 302
b136 182 149 201 173
b137 58 414 80 432
b138 162 63 184 93
b139 0 86 33 117
b140 89 86 101 102
b141 329 0 363 25
b142 303 184 349 211
b143 331 315 375 361
b144 69 146 94 175
b145 0 184 34 229
b146 38 252 72 285
b147 219 248 231 279
b148 32 309 57 326
b149 301 44 323 66
b150 174 236 204 249
b151 242 193 269 209
b152 343 282 376 315
b153 150 63 162 103
b154 236 309 278 353
b155 233 436 245 449
b156 78 257 97 299
b157 236 269 278 281
b158 30 414 58 431
b159 300 346 324 382
b160 213 363 225 399
b161 0 117 31 136
b162 386 160 398 190
b163 233 390 280 436
b164 210 193 242 220
b165 329 25 362 66
b166 23 229 35 265
b167 365 220 412 234
b168 252 0 289 25
b169 105 0 151 28
b170 13 0 35 45
b171 262 57 297 91
b172 276 25 301 56
b173 375 71 397 113
b174 104 389 124 414
b175 365 208 399 220
b176 0 307 16 327
b177 364 425 395 446
b178 278 341 294 361
b179 235 224 276 269
b180 399 157 420 176
b181 124 390 166 405
b182 219 181 252 193
b183 158 405 174 442
b184 256 25 275 45
b185 0 0 13 44
b186 89 38 102 86
b187 278 361 300 385
b188 151 0 191 24
b189 35 143 55 174
b190 35 60 69 97
b191 333 78 375 115
b192 278 313 300 341
b193 219 139 262 181
b194 101 203 143 246
b195 97 274 133 299
b196 364 361 380 400
b197 83 342 118 389
b198 67 0 89 40
b199 319 211 359 245
