248821
296532
201110
442 455
3.17272
b0 287 0 320 43
b1 384 55 421 120
b2 350 66 384 119
b3 72 183 139 220
b4 53 183 72 212
b5 0 354 49 393
b6 372 294 390 334
b7 218 0 240 40
b8 304 405 366 455
b9 238 412 254 453
b10 194 115 246 133
b11 320 27 379 66
b12 25 163 53 224
b13 44 0 92 57
b14 193 251 236 314
b15 39 399 98 451
b16 44 58 101 94
b17 0 0 44 66
b18 108 0 159 48
b19 0 237 31 287
b20 194 133 231 152
b21 254 382 304 446
b22 341 260 390 294
b23 146 345 166 394
b24 240 0 268 45
b25 0 393 39 447
b26 379 0 419 55
b27 0 172 25 237
b28 154 414 200 453
b29 287 59 311 121
b30 194 41 220 65
b31 194 65 220 99
b32 370 163 423 206
b33 166 379 188 414
b34 167 133 194 187
b35 23 132 61 163
b36 99 289 166 328
b37 350 163 370 223
b38 166 322 189 379
b39 99 402 154 454
b40 0 66 29 92
b41 72 240 127 267
b42 193 189 246 251
b43 79 96 140 142
b44 220 68 285 115
b45 348 119 371 163
b46 166 283 188 322
b47 250 115 283 180
b48 320 0 377 27
b49 236 251 283 316
b50 0 287 32 354
b51 0 94 57 132
b52 140 88 194 133
b53 390 309 433 330
b54 323 233 341 294
b55 287 199 343 233
b56 287 182 350 199
b57 61 94 79 141
b58 390 330 424 376
b59 313 66 350 116
b60 0 132 23 172
b61 220 45 253 68
b62 246 189 265 249
b63 31 224 67 269
b64 49 352 99 399
b65 305 349 362 405
b66 32 291 99 352
b67 390 269 434 309
b68 390 206 442 269
b69 140 133 167 187
b70 366 409 408 451
b71 265 180 287 244
b72 287 121 348 182
b73 189 316 256 377
b74 200 412 238 454
b75 97 220 125 239
b76 94 267 127 289
b77 127 226 193 283
b78 287 233 323 265
b79 61 142 121 183
b80 92 0 108 58
b81 371 120 421 160
b82 99 345 146 402
b83 362 349 378 371
b84 305 327 372 349
b85 72 220 97 240
b86 194 152 250 189
b87 140 187 184 226
b88 343 223 367 260
b89 101 58 128 96
b90 378 376 417 409
b91 306 294 362 327
b92 287 43 313 59
b93 189 377 254 412
b94 159 0 218 41
b95 287 265 306 316
b96 128 48 194 88
b97 99 328 166 345
b98 32 269 94 291
b99 256 316 305 382
