578982.25
844365.5
313599
561 559
131.580307
b0 236 359 263 374
b1 488 281 515 297
b2 417 228 439 254
b3 390 368 411 413
b4 27 67 67 112
b5 143 368 169 384
b6 0 139 27 177
b7 0 0 35 29
b8 126 0 147 36
b9 314 440 358 465
b10 435 416 450 447
b11 515 279 556 303
b12 122 38 141 55
b13 352 511 400 544
b14 384 121 428 142
b15 426 447 460 462
b16 186 506 228 551
b17 62 153 103 190
b18 154 237 198 280
b19 477 0 513 23
b20 34 225 47 242
b21 341 0 369 44
b22 15 177 44 212
b23 239 282 279 299
b24 362 78 380 102
b25 497 428 540 457
b26 250 140 277 158
b27 314 511 352 551
b28 411 432 435 444
b29 271 0 300 30
b30 440 185 460 213
b31 380 77 416 109
b32 284 301 303 323
b33 134 451 180 496
b34 516 80 545 92
b35 270 355 282 381
b36 493 521 520 551
b37 431 25 460 37
b38 361 158 382 177
b39 27 112 39 125
b40 450 425 497 444
b41 250 59 269 95
b42 431 0 477 25
b43 250 20 271 59
b44 205 437 232 461
b45 207 111 231 136
b46 309 377 322 396
b47 205 374 245 416
b48 280 473 314 501
b49 37 459 61 507
b50 283 140 302 154
b51 33 378 49 392
b52 271 78 289 115
b53 205 313 241 325
b54 61 459 95 489
b55 13 305 39 336
b56 354 282 385 328
b57 282 330 330 377
b58 271 115 296 140
b59 79 0 126 38
b60 39 339 55 378
b61 426 338 471 369
b62 400 511 446 547
b63 426 302 472 338
b64 0 475 33 490
b65 0 328 13 351
b66 382 142 427 184
b67 225 241 239 274
b68 147 0 192 28
b69 520 521 556 548
b70 250 95 266 140
b71 143 384 175 418
b72 330 330 345 362
b73 328 66 374 78
b74 111 280 154 314
b75 0 490 37 510
b76 198 205 237 241
b77 391 22 431 40
b78 472 296 488 338
b79 462 25 487 65
b80 95 429 131 444
b81 369 109 384 141
b82 283 161 307 200
b83 98 314 139 351
b84 205 325 243 359
b85 429 268 472 302
b86 480 352 524 391
b87 108 119 156 164
b88 98 351 142 380
b89 142 512 162 554
b90 342 465 366 511
b91 128 209 149 252
b92 103 164 150 209
b93 322 420 346 440
b94 487 23 506 54
b95 179 67 216 111
b96 228 518 274 551
b97 540 428 555 468
b98 294 438 307 473
b99 77 256 94 296
b100 366 449 411 493
b101 488 303 518 339
b102 274 501 310 541
b103 61 489 95 523
b104 402 254 444 268
b105 0 404 35 437
b106 384 109 417 121
b107 314 96 329 128
b108 0 437 37 475
b109 315 158 361 200
b110 243 313 282 355
b111 27 128 40 149
b112 315 128 340 158
b113 428 149 452 185
b114 216 62 250 106
b115 0 212 34 234
b116 188 461 216 480
b117 205 416 244 437
b118 39 295 77 339
b119 156 119 184 164
b120 421 55 457 91
b121 211 167 245 205
b122 300 18 320 61
b123 184 111 207 147
b124 445 385 480 416
b125 86 209 128 255
b126 131 429 143 451
b127 363 387 388 430
b128 498 92 542 120
b129 192 33 214 67
b130 113 380 143 406
b131 303 285 351 330
b132 95 451 134 469
b133 411 444 426 487
b134 512 468 559 502
b135 98 380 113 425
b136 295 61 307 98
b137 0 111 21 139
b138 232 490 274 518
b139 457 65 494 101
b140 241 301 284 313
b141 358 430 403 449
b142 456 487 493 514
b143 0 87 25 111
b144 497 457 512 497
b145 95 507 140 520
b146 354 249 402 282
b147 175 383 205 425
b148 307 61 325 81
b149 341 44 388 66
b150 527 375 558 398
b151 322 377 340 419
b152 122 55 141 71
b153 273 408 314 438
b154 362 184 384 201
b155 289 98 314 112
b156 426 369 454 385
b157 456 462 476 487
b158 0 305 13 328
b159 35 0 79 32
b160 282 377 309 393
b161 513 0 559 47
b162 431 37 462 55
b163 192 0 214 33
b164 214 0 250 41
b165 273 438 294 455
b166 247 246 281 282
b167 498 148 535 184
b168 0 29 24 70
b169 488 207 512 246
b170 268 200 313 229
b171 418 185 440 225
b172 193 480 220 493
b173 245 374 270 406
b174 44 190 87 206
b175 244 438 259 454
b176 141 65 179 98
b177 94 74 131 115
b178 281 284 300 301
b179 49 425 95 459
b180 313 200 332 240
b181 245 408 273 438
b182 411 487 456 511
b183 516 47 555 80
b184 62 128 108 153
b185 402 268 429 302
b186 201 280 232 313
b187 95 469 131 507
b188 446 514 486 551
b189 270 396 314 408
b190 0 234 27 271
b191 480 391 496 425
b192 340 110 369 158
b193 542 92 559 125
b194 328 0 341 28
b195 302 128 315 161
b196 313 244 354 285
b197 173 346 201 383
b198 542 125 561 173
b199 211 136 247 167
b200 147 28 190 65
b201 61 523 90 549
b202 0 271 39 305
b203 79 38 94 66
b204 518 303 559 336
b205 0 177 15 198
b206 35 32 77 67
b207 314 465 342 498
b208 402 302 422 329
b209 150 201 195 237
b210 180 493 204 506
b211 250 158 266 170
b212 247 191 268 233
b213 329 96 361 110
b214 40 128 57 155
b215 232 454 253 483
b216 44 206 86 225
b217 478 101 498 149
b218 39 113 82 128
b219 300 0 328 18
b220 497 391 527 428
b221 345 352 390 365
b222 94 255 128 280
b223 403 413 425 432
b224 77 296 98 341
b225 512 207 559 245
b226 39 507 55 546
b227 366 493 398 506
b228 250 0 271 20
b229 271 30 295 78
b230 527 398 560 428
b231 417 91 433 121
b232 498 184 540 207
b233 369 25 382 41
b234 345 387 363 420
b235 67 67 89 113
b236 50 256 77 295
b237 131 98 171 119
b238 198 241 225 280
b239 345 365 385 387
b240 113 406 132 429
b241 198 159 211 183
b242 391 0 431 22
b243 156 164 190 201
b244 0 351 37 364
b245 351 328 387 352
b246 332 221 376 244
b247 390 329 426 368
b248 281 241 312 284
b249 253 455 280 490
b250 50 225 84 256
b251 515 245 558 279
b252 426 385 445 413
b253 328 28 341 43
b254 488 339 512 352
b255 95 520 142 559
b256 247 233 268 246
b257 266 158 283 191
b258 384 184 418 228
b259 184 147 210 159
b260 501 246 513 265
b261 268 229 313 241
b262 440 215 488 242
b263 49 378 95 425
b264 143 425 188 448
b265 387 282 402 327
b266 433 101 478 149
b267 527 336 561 375
b268 369 0 391 25
b269 325 78 362 96
b270 27 242 50 257
b271 162 512 186 554
b272 460 180 484 215
b273 332 200 362 221
b274 384 228 417 249
b275 494 54 516 82
b276 205 359 236 373
b277 439 242 486 254
b278 472 254 485 296
b279 0 510 39 553
b280 142 346 173 368
b281 44 155 62 185
b282 154 280 198 310
b283 13 336 26 351
b284 214 41 244 62
b285 98 280 111 313
b286 154 310 195 346
b287 476 444 497 486
b288 94 38 122 74
b289 388 40 421 77
b290 485 254 501 281
b291 498 120 541 148
b292 55 354 94 378
b293 512 502 555 521
b294 0 70 26 87
b295 55 341 98 354
b296 140 496 167 512
b297 452 149 490 180
b298 0 364 33 404
b299 180 480 193 493
