233497.75
262241.5
204754
454 451
1.643153
b0 398 64 431 107
b1 231 104 268 169
b2 123 0 157 53
b3 231 169 268 236
b4 0 232 29 251
b5 364 0 413 39
b6 212 125 230 165
b7 385 152 407 192
b8 17 94 67 156
b9 382 260 398 301
b10 268 332 286 384
b11 149 330 208 369
b12 303 61 364 89
b13 334 286 382 343
b14 385 217 448 260
b15 0 326 59 378
b16 267 0 303 57
b17 0 161 66 205
b18 114 119 162 170
b19 164 299 214 330
b20 231 236 268 255
b21 295 123 359 173
b22 303 89 352 123
b23 429 291 449 340
b24 245 57 273 102
b25 382 301 421 355
b26 385 112 440 152
b27 364 39 429 64
b28 326 406 372 445
b29 273 57 297 119
b30 268 269 294 293
b31 364 64 398 90
b32 157 0 200 53
b33 290 351 312 386
b34 263 384 290 438
b35 398 260 436 291
b36 200 0 267 39
b37 290 386 350 406
b38 57 206 114 229
b39 268 174 320 229
b40 79 229 108 255
b41 268 119 295 174
b42 111 229 164 291
b43 67 145 113 206
b44 320 176 385 223
b45 431 0 454 44
b46 359 90 398 112
b47 301 286 334 351
b48 0 205 57 232
b49 407 152 454 217
b50 164 226 231 258
b51 0 251 57 289
b52 114 170 159 224
b53 179 104 222 125
b54 429 340 447 401
b55 149 369 205 403
b56 59 316 76 379
b57 99 367 146 385
b58 67 57 113 91
b59 99 330 149 367
b60 174 403 197 443
b61 76 330 99 363
b62 372 418 432 437
b63 290 406 326 451
b64 214 300 264 347
b65 67 0 123 57
b66 164 165 231 226
b67 268 229 312 269
b68 377 355 429 418
b69 67 91 94 145
b70 224 258 266 300
b71 359 112 381 176
b72 303 0 364 61
b73 0 0 67 61
b74 111 291 153 329
b75 94 91 113 119
b76 312 264 345 286
b77 0 379 66 436
b78 224 391 256 427
b79 164 258 224 299
b80 208 347 224 405
b81 162 125 212 165
b82 117 403 174 450
b83 99 385 121 401
b84 57 229 79 296
b85 59 296 84 316
b86 0 289 56 326
b87 224 347 263 391
b88 79 255 103 292
b89 84 292 111 330
b90 268 293 301 332
b91 0 61 56 94
b92 200 39 226 55
b93 312 351 377 386
b94 320 223 379 264
b95 66 401 117 420
b96 113 57 179 97
b97 0 94 17 161
b98 113 97 175 119
b99 179 55 245 104
