588449.25
866104.5
310794
554 561
288.510014
b0 522 60 549 75
b1 71 73 87 100
b2 27 255 53 277
b3 117 355 162 376
b4 391 210 431 255
b5 477 447 503 463
b6 110 468 148 495
b7 0 129 35 158
b8 501 0 522 36
b9 507 114 551 139
b10 501 36 516 67
b11 185 275 209 316
b12 391 371 410 388
b13 39 40 87 73
b14 508 182 552 203
b15 312 498 327 532
b16 477 368 519 413
b17 430 306 471 343
b18 508 139 552 182
b19 284 0 320 23
b20 218 383 235 396
b21 214 276 242 320
b22 391 330 426 359
b23 33 290 50 330
b24 159 429 177 453
b25 65 332 108 361
b26 465 529 483 556
b27 250 187 288 227
b28 56 255 80 267
b29 108 308 138 337
b30 263 58 291 78
b31 312 389 344 425
b32 263 227 282 249
b33 139 203 184 249
b34 478 228 507 240
b35 27 58 39 84
b36 401 147 431 174
b37 73 549 102 561
b38 75 466 96 485
b39 395 388 407 401
b40 325 332 372 351
b41 275 294 294 330
b42 476 260 522 285
b43 0 0 39 21
b44 508 203 535 227
b45 275 122 300 146
b46 80 248 99 261
b47 366 454 406 496
b48 256 0 284 34
b49 288 187 312 235
b50 96 466 110 485
b51 368 148 384 162
b52 412 293 430 330
b53 407 504 443 516
b54 39 490 73 520
b55 299 318 325 349
b56 0 281 31 327
b57 195 511 242 559
b58 138 330 163 355
b59 299 351 346 389
b60 87 292 103 331
b61 516 458 547 503
b62 149 495 195 531
b63 214 184 250 230
b64 372 48 387 81
b65 33 277 56 290
b66 254 385 299 427
b67 484 285 498 318
b68 299 425 344 453
b69 312 198 348 225
b70 367 299 412 315
b71 373 422 407 454
b72 0 209 32 224
b73 486 134 498 180
b74 477 413 520 447
b75 204 90 224 127
b76 0 500 39 536
b77 461 0 501 18
b78 532 260 548 302
b79 346 351 371 391
b80 483 18 498 54
b81 39 73 71 88
b82 348 203 387 227
b83 201 474 242 511
b84 0 171 34 209
b85 184 129 227 163
b86 438 51 482 90
b87 347 0 392 48
b88 344 391 373 435
b89 474 463 516 483
b90 148 471 194 495
b91 312 177 355 198
b92 368 84 413 131
b93 413 127 437 147
b94 183 256 214 275
b95 327 515 371 552
b96 430 260 463 306
b97 83 136 123 151
b98 461 403 474 438
b99 201 383 218 423
b100 88 384 132 429
b101 227 84 263 114
b102 391 174 431 210
b103 0 339 34 373
b104 325 318 367 332
b105 94 0 127 35
b106 0 327 33 339
b107 224 69 256 84
b108 0 92 38 129
b109 300 122 346 164
b110 0 409 39 451
b111 519 324 532 345
b112 522 35 552 60
b113 75 513 99 549
b114 278 501 312 545
b115 72 0 94 34
b116 39 134 67 153
b117 83 115 122 136
b118 349 227 387 271
b119 247 295 275 340
b120 331 273 367 309
b121 427 446 465 480
b122 407 437 427 480
b123 371 515 394 551
b124 87 261 122 292
b125 474 483 516 529
b126 248 427 260 449
b127 483 529 526 554
b128 184 163 212 207
b129 373 388 395 422
b130 163 330 193 356
b131 294 453 342 498
b132 186 90 204 129
b133 413 84 428 127
b134 482 80 529 114
b135 204 0 219 45
b136 250 249 287 261
b137 532 323 553 351
b138 104 35 132 77
b139 227 147 263 184
b140 539 503 551 546
b141 446 480 465 525
b142 392 0 419 37
b143 132 397 156 422
b144 382 278 422 293
b145 300 164 345 177
b146 258 261 306 294
b147 227 117 269 147
b148 0 263 20 281
b149 102 517 149 539
b150 269 164 300 187
b151 186 0 204 42
b152 103 292 122 308
b153 520 417 550 458
b154 186 73 208 90
b155 347 48 372 62
b156 449 343 477 359
b157 482 114 507 134
b158 218 402 241 415
b159 39 102 83 134
b160 306 273 322 300
b161 139 283 185 330
b162 269 146 300 164
b163 461 18 483 51
b164 467 180 508 216
b165 67 411 88 428
b166 162 356 196 392
b167 209 320 245 357
b168 320 0 344 41
b169 38 153 62 192
b170 149 531 194 560
b171 105 495 145 517
b172 334 41 347 68
b173 242 529 267 561
b174 156 413 199 429
b175 102 539 118 554
b176 87 77 120 115
b177 87 429 128 466
b178 235 385 254 402
b179 315 227 349 273
b180 467 134 486 174
b181 75 485 105 513
b182 263 34 308 58
b183 0 451 39 484
b184 214 230 239 276
b185 0 58 27 92
b186 248 449 281 480
b187 132 31 168 69
b188 309 85 349 122
b189 372 359 416 371
b190 419 0 446 37
b191 242 261 258 295
b192 24 373 72 402
b193 368 131 401 148
b194 267 545 295 558
b195 471 294 484 327
b196 477 327 518 368
b197 186 45 223 73
b198 344 496 392 515
b199 431 147 467 178
b200 428 90 471 127
b201 308 41 334 70
b202 405 516 444 550
b203 367 271 382 299
b204 39 520 72 561
b205 165 74 180 95
b206 38 220 80 255
b207 508 227 536 260
b208 288 235 315 255
b209 39 445 75 490
b210 498 67 522 80
b211 75 428 87 444
b212 177 429 198 471
b213 39 88 71 102
b214 87 35 104 62
b215 132 376 161 397
b216 349 85 368 127
b217 136 98 184 118
b218 446 403 461 446
b219 168 46 186 74
b220 134 166 164 203
b221 196 316 209 361
b222 529 75 554 109
b223 344 475 366 494
b224 120 77 165 98
b225 201 436 248 474
b226 0 484 39 500
b227 0 158 32 171
b228 532 302 552 323
b229 136 118 184 142
b230 184 207 214 240
b231 108 337 138 353
b232 387 255 429 278
b233 299 389 312 405
b234 168 13 186 46
b235 201 361 247 383
b236 0 224 27 263
b237 161 392 201 413
b238 132 429 159 468
b239 431 220 453 260
b240 532 351 551 374
b241 123 98 136 122
b242 344 435 366 475
b243 0 21 34 58
b244 526 503 539 540
b245 0 373 24 409
b246 454 359 477 403
b247 407 401 446 437
b248 56 267 87 310
b249 522 0 549 35
b250 275 91 309 122
b251 520 374 554 417
b252 430 343 449 371
b253 263 78 278 91
b254 281 427 294 451
b255 92 209 139 248
b256 250 227 263 248
b257 122 248 139 281
b258 139 249 183 283
b259 263 91 275 117
b260 372 371 391 383
b261 463 216 508 228
b262 223 21 250 69
b263 392 37 438 84
b264 72 361 117 384
b265 446 0 461 45
b266 247 340 295 385
b267 498 285 532 324
b268 141 0 163 25
b269 294 300 331 318
b270 463 228 478 251
b271 38 196 80 220
b272 136 142 171 166
b273 101 188 131 209
b274 219 0 252 21
b275 50 310 78 332
b276 127 0 141 31
b277 80 196 92 243
b278 444 178 457 220
b279 62 153 101 196
b280 346 127 368 158
b281 0 536 30 554
b282 410 371 454 401
b283 392 496 405 511
b284 218 415 248 436
b285 431 178 444 211
b286 355 162 391 203
b287 248 480 290 501
b288 242 501 278 529
b289 101 151 134 188
b290 184 240 211 256
b291 39 402 67 445
b292 407 480 446 504
b293 372 315 391 358
b294 334 68 360 85
b295 463 251 476 294
b296 72 384 88 411
b297 34 332 65 370
b298 39 0 72 40
b299 163 0 176 13
