388142.25
574234.5
202050
450 449
23.153166
b0 0 127 16 163
b1 158 116 177 155
b2 37 297 72 338
b3 243 321 290 339
b4 124 75 150 107
b5 78 19 113 50
b6 403 0 432 13
b7 110 406 131 434
b8 106 254 121 286
b9 124 29 158 75
b10 372 92 404 137
b11 154 305 190 319
b12 243 149 279 191
b13 76 50 124 95
b14 48 282 73 297
b15 290 113 336 158
b16 341 150 359 172
b17 126 338 159 364
b18 76 420 110 439
b19 363 337 375 367
b20 253 49 281 82
b21 60 167 99 211
b22 366 194 405 220
b23 60 142 100 167
b24 216 227 241 242
b25 154 364 190 400
b26 247 106 290 131
b27 288 0 322 15
b28 199 59 245 97
b29 100 173 137 185
b30 0 0 17 27
b31 369 260 406 276
b32 138 400 161 432
b33 336 112 372 130
b34 410 55 448 74
b35 218 97 233 130
b36 110 394 138 406
b37 126 322 147 338
b38 34 369 67 395
b39 0 27 42 57
b40 60 211 101 239
b41 369 233 385 249
b42 270 226 314 245
b43 207 242 241 282
b44 16 158 43 174
b45 243 282 280 296
b46 0 163 15 211
b47 0 435 23 449
b48 17 0 41 26
b49 137 157 177 188
b50 224 353 266 386
b51 243 218 270 266
b52 142 188 169 225
b53 78 0 95 18
b54 48 266 91 282
b55 0 57 46 70
b56 71 239 93 264
b57 363 318 411 337
b58 388 351 407 392
b59 290 67 336 113
b60 259 397 289 432
b61 377 58 410 92
b62 351 403 388 448
b63 273 0 288 35
b64 169 190 216 238
b65 34 395 67 425
b66 411 302 442 333
b67 161 261 198 305
b68 177 166 212 190
b69 72 297 91 335
b70 375 337 411 351
b71 158 0 200 34
b72 235 0 269 33
b73 137 119 155 157
b74 140 0 158 29
b75 48 239 71 266
b76 43 158 57 170
b77 41 0 57 24
b78 67 394 110 420
b79 170 238 207 257
b80 388 392 403 406
b81 410 74 442 94
b82 0 403 33 435
b83 16 174 53 193
b84 15 193 58 230
b85 0 270 37 318
b86 407 396 431 420
b87 95 0 140 19
b88 67 366 110 394
b89 126 292 161 304
b90 245 82 290 106
b91 110 366 154 394
b92 410 13 434 55
b93 103 108 124 151
b94 232 296 247 312
b95 290 322 326 347
b96 407 351 432 396
b97 314 219 342 244
b98 137 261 153 287
b99 0 107 37 127
b100 243 191 268 218
b101 0 230 48 270
b102 158 67 196 92
b103 309 187 341 219
b104 279 158 315 183
b105 418 94 449 136
b106 290 394 329 428
b107 434 0 450 45
b108 137 249 170 261
b109 329 412 351 424
b110 266 353 289 397
b111 190 305 208 318
b112 218 131 264 149
b113 403 420 446 448
b114 216 0 235 39
b115 281 37 318 67
b116 0 70 42 107
b117 290 282 314 319
b118 270 191 309 226
b119 363 367 387 403
b120 327 322 342 367
b121 159 319 204 351
b122 46 56 76 99
b123 124 119 137 154
b124 290 381 329 394
b125 126 304 154 322
b126 42 99 70 137
b127 142 225 164 249
b128 366 0 391 36
b129 359 150 405 194
b130 405 138 450 182
b131 106 188 142 208
b132 121 254 137 292
b133 233 106 247 118
b134 200 0 216 29
b135 91 264 106 301
b136 188 405 212 424
b137 200 97 218 119
b138 288 15 318 37
b139 91 301 124 332
b140 375 351 387 367
b141 42 31 76 56
b142 106 208 133 254
b143 314 278 360 322
b144 315 158 340 187
b145 0 358 34 403
b146 70 108 103 142
b147 124 107 155 119
b148 199 34 216 59
b149 100 151 122 173
b150 366 220 396 233
b151 216 171 243 187
b152 405 227 438 260
b153 351 342 363 382
b154 322 0 366 42
b155 364 58 377 70
b156 158 97 200 116
b157 212 325 224 367
b158 432 333 449 361
b159 322 42 358 66
b160 231 312 243 348
b161 212 294 231 325
b162 314 266 344 278
b163 212 386 259 432
b164 161 400 188 432
b165 158 34 199 67
b166 432 361 444 397
b167 243 339 290 353
b168 247 296 284 321
b169 336 66 364 112
b170 329 367 351 412
b171 91 332 126 366
b172 16 127 41 158
b173 190 363 212 405
b174 336 130 361 150
b175 198 282 232 294
b176 342 322 358 342
b177 57 0 78 31
b178 253 33 273 49
b179 405 182 446 227
b180 41 137 60 158
b181 34 425 76 440
b182 159 351 192 363
b183 216 39 253 55
b184 385 233 405 252
b185 405 94 418 138
b186 76 95 124 108
b187 212 149 236 171
b188 342 194 366 234
b189 37 338 57 369
b190 290 347 327 381
b191 270 245 312 282
b192 314 244 342 266
b193 363 276 406 318
b194 406 260 449 302
b195 344 234 369 270
b196 364 42 403 58
b197 177 119 212 166
b198 216 187 238 227
b199 0 318 34 358
