291155.5
380261
202050
449 450
93.266462
b0 405 270 441 286
b1 75 78 114 97
b2 164 0 205 35
b3 319 266 366 284
b4 103 111 129 143
b5 383 179 414 214
b6 327 213 340 242
b7 0 150 21 178
b8 0 417 32 432
b9 268 142 302 188
b10 0 370 45 402
b11 268 128 304 142
b12 234 390 270 432
b13 116 0 164 45
b14 217 340 242 355
b15 86 160 132 205
b16 254 46 272 68
b17 366 251 392 284
b18 329 75 363 94
b19 242 344 272 356
b20 414 148 447 176
b21 329 96 373 135
b22 177 113 216 139
b23 144 49 184 74
b24 243 174 268 189
b25 272 48 308 84
b26 0 232 25 275
b27 0 402 34 417
b28 251 189 289 235
b29 234 432 271 444
b30 232 85 249 112
b31 194 271 210 308
b32 64 376 87 408
b33 49 240 67 276
b34 310 64 329 102
b35 220 70 253 85
b36 386 167 414 179
b37 363 75 379 96
b38 329 321 362 347
b39 329 135 359 177
b40 0 94 41 122
b41 173 74 189 90
b42 133 148 152 192
b43 371 286 411 320
b44 288 258 304 285
b45 132 196 169 210
b46 298 0 313 48
b47 343 251 366 265
b48 243 285 267 311
b49 42 33 73 73
b50 134 334 176 367
b51 379 46 406 94
b52 359 135 386 172
b53 156 74 173 92
b54 335 59 378 75
b55 313 0 326 46
b56 302 212 327 234
b57 178 370 197 418
b58 45 361 64 402
b59 64 308 110 354
b60 164 271 194 306
b61 29 207 63 240
b62 243 235 288 272
b63 205 0 240 15
b64 16 276 64 323
b65 210 287 243 317
b66 132 210 163 241
b67 364 0 401 44
b68 289 234 324 258
b69 272 84 310 103
b70 75 97 111 111
b71 302 351 336 393
b72 220 37 254 70
b73 45 323 63 361
b74 214 158 243 176
b75 229 317 256 340
b76 217 317 229 331
b77 98 404 122 420
b78 158 308 201 334
b79 343 232 380 251
b80 199 221 213 236
b81 78 408 98 440
b82 211 254 243 287
b83 364 172 383 209
b84 362 321 405 358
b85 197 370 234 418
b86 302 327 326 351
b87 250 109 295 128
b88 189 85 232 113
b89 37 240 49 275
b90 0 323 45 347
b91 116 45 144 89
b92 110 322 134 364
b93 73 207 94 250
b94 162 382 178 397
b95 386 131 411 167
b96 277 344 302 389
b97 213 229 241 254
b98 125 306 151 322
b99 87 384 124 404
b100 304 300 329 327
b101 129 108 177 148
b102 410 245 448 270
b103 267 285 299 317
b104 304 128 329 164
b105 270 390 301 432
b106 368 358 402 397
b107 0 275 16 320
b108 119 238 131 271
b109 304 183 326 195
b110 0 347 44 370
b111 392 251 405 269
b112 250 128 268 174
b113 335 16 363 59
b114 340 213 379 232
b115 380 214 410 251
b116 402 358 439 400
b117 174 418 211 442
b118 414 109 449 148
b119 184 49 220 73
b120 110 274 125 319
b121 336 358 368 403
b122 98 420 141 450
b123 94 205 129 218
b124 243 272 282 285
b125 75 111 103 129
b126 22 122 50 160
b127 73 250 95 274
b128 176 334 201 370
b129 254 0 298 46
b130 183 176 227 221
b131 0 74 36 94
b132 326 0 364 16
b133 407 89 419 103
b134 156 92 185 108
b135 147 367 162 404
b136 324 242 343 266
b137 301 393 323 411
b138 75 129 97 159
b139 125 275 158 306
b140 162 370 178 382
b141 295 103 329 128
b142 256 317 302 344
b143 21 163 67 207
b144 0 207 29 232
b145 216 113 250 158
b146 131 241 164 275
b147 25 240 37 271
b148 302 195 327 212
b149 124 398 146 420
b150 169 223 199 236
b151 308 48 335 64
b152 42 0 75 33
b153 146 404 158 444
b154 34 408 78 450
b155 50 151 63 163
b156 114 89 156 108
b157 164 37 206 49
b158 414 176 442 193
b159 95 238 119 274
b160 97 148 133 160
b161 42 92 73 111
b162 352 177 364 207
b163 401 0 448 46
b164 414 193 446 220
b165 75 45 116 78
b166 201 356 237 368
b167 169 176 183 223
b168 410 220 447 245
b169 152 148 198 176
b170 64 354 109 376
b171 373 96 407 131
b172 0 43 25 74
b173 205 15 247 37
b174 419 89 444 109
b175 411 286 423 320
b176 110 364 126 384
b177 126 367 147 398
b178 152 176 168 196
b179 75 0 116 45
b180 304 164 325 183
b181 304 258 319 300
b182 162 397 174 430
b183 198 139 214 176
b184 42 73 62 92
b185 289 188 302 232
b186 73 159 86 207
b187 250 85 272 109
b188 227 189 251 229
b189 94 218 125 238
b190 73 274 110 308
b191 329 284 371 321
b192 0 122 22 150
b193 0 0 42 43
b194 407 46 449 89
b195 327 177 352 213
b196 201 317 217 356
b197 164 236 211 271
b198 50 111 72 151
b199 237 356 277 390
