1208801.5
1799411
618192
243 2544
150.069032
b0 98 667 134 683
b1 48 1652 67 1691
b2 34 1402 75 1437
b3 65 1878 83 1925
b4 57 1580 83 1612
b5 128 342 163 373
b6 83 1899 112 1912
b7 110 1607 138 1628
b8 117 1059 149 1074
b9 119 144 165 178
b10 61 1238 106 1270
b11 71 1992 85 2028
b12 92 319 128 361
b13 95 894 143 939
b14 24 2384 39 2409
b15 24 2409 69 2455
b16 60 1116 78 1138
b17 107 0 140 26
b18 93 2034 127 2053
b19 120 417 150 429
b20 101 1866 129 1899
b21 92 429 136 468
b22 40 1504 66 1543
b23 70 819 110 844
b24 120 879 145 894
b25 103 2084 139 2120
b26 37 2110 80 2135
b27 75 981 109 996
b28 24 2305 70 2343
b29 76 1270 88 1307
b30 78 1116 95 1143
b31 104 737 141 753
b32 188 454 211 486
b33 59 1437 77 1473
b34 99 765 118 803
b35 60 893 75 926
b36 173 225 201 237
b37 18 893 34 914
b38 98 468 131 494
b39 18 1599 48 1641
b40 92 361 120 402
b41 116 564 132 580
b42 130 298 149 342
b43 31 1949 71 1983
b44 34 1238 61 1254
b45 154 502 168 539
b46 96 1835 144 1850
b47 131 502 154 516
b48 95 939 119 965
b49 34 1334 74 1365
b50 98 1793 131 1835
b51 106 1179 133 1227
b52 140 34 167 71
b53 140 1607 157 1625
b54 55 1850 98 1866
b55 70 2305 83 2351
b56 18 1437 40 1462
b57 131 516 150 564
b58 121 1644 140 1685
b59 0 2498 46 2544
b60 55 1691 85 1726
b61 140 0 173 34
b62 110 1562 147 1607
b63 61 1270 76 1305
b64 167 62 214 110
b65 137 632 167 665
b66 0 1724 31 1755
b67 130 1937 174 1974
b68 60 869 95 893
b69 143 894 162 932
b70 75 1102 111 1116
b71 37 2028 79 2062
b72 18 1691 52 1724
b73 107 699 125 737
b74 85 1714 114 1732
b75 80 2110 103 2137
b76 74 1358 88 1370
b77 95 965 119 981
b78 0 2455 26 2498
b79 40 1543 59 1580
b80 152 276 166 291
b81 106 1159 138 1179
b82 83 1529 115 1562
b83 34 1365 53 1402
b84 55 1769 98 1806
b85 61 2268 109 2305
b86 0 2039 24 2063
b87 131 206 176 225
b88 173 0 201 43
b89 107 26 119 61
b90 98 1769 143 1793
b91 132 564 176 592
b92 18 869 60 893
b93 120 858 163 879
b94 92 0 107 16
b95 104 1912 140 1937
b96 109 985 134 1030
b97 95 844 120 872
b98 79 2084 95 2110
b99 0 2019 37 2039
b100 66 1504 93 1529
b101 60 1190 100 1238
b102 121 1685 146 1723
b103 37 2202 69 2234
b104 85 1689 121 1714
b105 92 2053 134 2084
b106 31 1866 65 1905
b107 99 803 144 819
b108 39 2384 72 2396
b109 98 1598 110 1620
b110 55 765 99 788
b111 0 0 18 13
b112 98 494 116 540
b113 55 468 98 496
b114 18 1580 57 1599
b115 73 1962 110 1992
b116 93 1992 130 2034
b117 31 1724 55 1761
b118 98 632 137 667
b119 143 932 167 968
b120 107 246 122 291
b121 80 2137 112 2182
b122 130 246 173 276
b123 60 1138 73 1173
b124 79 2040 92 2079
b125 37 2135 55 2163
b126 92 291 130 319
b127 0 2063 24 2085
b128 55 844 91 869
b129 144 798 188 844
b130 118 753 162 798
b131 134 985 170 1005
b132 78 1143 116 1159
b133 79 2028 93 2040
b134 101 1850 130 1866
b135 85 1732 100 1769
b136 120 819 144 838
b137 85 683 107 701
b138 77 1370 107 1392
b139 73 1159 106 1190
b140 53 1365 65 1381
b141 61 2234 86 2268
b142 163 858 190 904
b143 128 373 174 417
b144 109 1030 134 1059
b145 130 1850 175 1884
b146 143 1723 176 1757
b147 59 1473 71 1504
b148 86 2182 103 2207
b149 130 276 152 298
b150 138 1074 151 1104
b151 95 1116 111 1143
b152 96 1270 129 1303
b153 176 1151 216 1163
b154 201 0 243 44
b155 165 144 177 157
b156 40 1437 59 1479
b157 31 1937 73 1949
b158 119 968 147 985
b159 127 683 151 719
b160 98 1562 110 1598
b161 114 1723 133 1754
b162 55 496 85 508
b163 147 1104 193 1151
b164 61 1307 93 1334
b165 55 1806 96 1839
b166 65 1866 101 1878
b167 144 844 191 858
b168 55 0 92 25
b169 119 178 165 206
b170 98 1644 120 1689
b171 140 110 175 144
b172 73 1937 104 1962
b173 162 904 204 926
b174 163 291 188 311
b175 65 1925 99 1937
b176 107 683 127 699
b177 195 253 216 284
b178 110 1628 130 1644
b179 24 2343 69 2384
b180 85 701 104 722
b181 55 788 70 830
b182 85 753 118 765
b183 24 2234 61 2250
b184 173 43 193 62
b185 85 1562 98 1606
b186 153 454 166 502
b187 74 1334 96 1358
b188 107 206 131 246
b189 55 2182 86 2202
b190 18 0 55 34
b191 153 417 195 454
b192 131 468 153 496
b193 75 1059 117 1102
b194 201 110 243 153
b195 31 1983 56 2019
b196 173 237 212 253
b197 26 2455 73 2490
b198 57 1612 79 1652
b199 116 592 150 632
