216980.25
226935.5
207025
455 455
5.936716
b0 356 87 389 130
b1 165 0 230 37
b2 53 383 87 436
b3 174 264 241 301
b4 62 215 91 234
b5 230 0 279 39
b6 356 130 374 170
b7 126 193 166 215
b8 217 359 267 421
b9 115 215 156 231
b10 88 295 140 313
b11 294 140 353 179
b12 116 165 177 193
b13 116 247 173 295
b14 411 286 454 349
b15 389 132 448 184
b16 283 246 340 282
b17 283 202 349 246
b18 0 219 51 267
b19 104 313 135 363
b20 299 282 318 319
b21 244 127 294 191
b22 165 37 214 71
b23 299 349 348 369
b24 299 321 344 349
b25 140 301 194 340
b26 244 293 299 333
b27 389 204 454 229
b28 244 247 283 293
b29 279 0 303 62
b30 91 215 115 241
b31 318 287 344 321
b32 0 383 53 426
b33 214 39 249 61
b34 62 241 116 268
b35 166 193 204 224
b36 388 247 455 286
b37 389 184 449 204
b38 303 0 326 57
b39 0 53 55 105
b40 244 333 273 359
b41 217 301 244 356
b42 0 0 62 53
b43 0 132 61 178
b44 326 0 373 65
b45 194 301 217 345
b46 349 229 388 251
b47 179 345 212 410
b48 0 105 57 132
b49 392 0 439 65
b50 177 93 244 125
b51 299 102 356 140
b52 92 363 137 417
b53 61 324 104 345
b54 389 229 450 247
b55 344 287 378 343
b56 144 57 161 120
b57 62 268 109 286
b58 217 421 263 455
b59 87 417 137 454
b60 349 206 389 229
b61 294 179 327 202
b62 62 0 81 60
b63 340 251 385 287
b64 0 334 50 381
b65 81 109 138 165
b66 0 267 61 334
b67 279 62 323 102
b68 81 57 144 109
b69 62 165 116 192
b70 137 340 179 382
b71 62 193 126 215
b72 273 369 334 430
b73 393 65 454 132
b74 50 345 92 383
b75 373 0 392 28
b76 244 61 266 94
b77 334 369 391 435
b78 356 170 388 206
b79 0 178 60 219
b80 116 231 174 247
b81 204 174 244 224
b82 118 0 165 57
b83 348 343 364 365
b84 326 65 393 87
b85 279 102 299 127
b86 244 191 281 247
b87 138 120 177 164
b88 81 0 118 24
b89 61 286 88 324
b90 137 382 176 415
b91 378 287 411 343
b92 62 60 78 86
b93 137 415 202 450
b94 391 366 450 407
b95 273 430 324 449
b96 174 224 240 264
b97 378 349 445 366
b98 165 71 227 93
b99 177 125 243 174
