438734
562747
314721
561 561
686.957449
b0 177 264 204 279
b1 250 123 277 139
b2 423 352 449 374
b3 406 211 451 232
b4 187 0 232 40
b5 81 220 107 236
b6 257 436 284 474
b7 134 71 169 100
b8 371 326 392 362
b9 24 0 49 44
b10 167 124 182 155
b11 290 510 314 551
b12 371 362 390 379
b13 403 461 436 509
b14 228 313 249 357
b15 345 146 360 180
b16 0 486 45 528
b17 334 330 371 371
b18 370 84 414 127
b19 152 155 188 178
b20 74 303 91 316
b21 257 348 301 376
b22 493 168 528 197
b23 283 54 323 71
b24 422 0 440 24
b25 125 0 154 43
b26 232 172 250 199
b27 488 130 528 168
b28 247 293 271 305
b29 185 437 215 466
b30 190 240 218 260
b31 126 288 162 320
b32 12 157 31 179
b33 314 510 359 556
b34 359 520 371 549
b35 343 232 369 244
b36 188 149 218 176
b37 250 172 262 201
b38 307 470 326 491
b39 137 360 149 373
b40 90 357 137 376
b41 436 542 472 561
b42 263 390 309 415
b43 193 176 232 197
b44 31 212 58 236
b45 453 77 477 102
b46 337 180 356 193
b47 448 128 488 170
b48 375 480 403 514
b49 493 197 517 245
b50 123 464 142 478
b51 257 376 273 390
b52 385 66 422 84
b53 146 486 182 498
b54 229 400 263 430
b55 12 352 43 378
b56 136 498 182 529
b57 391 269 439 316
b58 471 397 496 422
b59 98 514 136 561
b60 49 99 88 115
b61 168 279 213 310
b62 339 451 375 497
b63 392 316 438 352
b64 477 64 510 79
b65 359 497 372 520
b66 406 128 448 173
b67 250 54 283 68
b68 113 101 158 129
b69 307 260 343 287
b70 105 142 121 187
b71 305 121 339 153
b72 185 466 217 481
b73 360 171 406 183
b74 185 481 228 515
b75 521 327 558 347
b76 442 243 481 279
b77 456 422 496 440
b78 74 316 90 358
b79 0 430 40 455
b80 86 463 122 478
b81 149 447 181 462
b82 301 347 325 386
b83 439 36 476 77
b84 85 263 123 297
b85 281 223 324 257
b86 347 245 391 284
b87 423 377 471 422
b88 183 323 227 352
b89 371 284 391 326
b90 360 183 406 207
b91 44 411 87 432
b92 58 137 105 182
b93 491 299 515 319
b94 392 352 423 371
b95 0 393 44 430
b96 479 468 512 514
b97 324 220 339 260
b98 525 82 560 95
b99 320 180 337 220
b100 361 127 406 171
b101 476 34 512 64
b102 49 263 85 303
b103 89 36 123 70
b104 409 371 423 413
b105 91 324 126 357
b106 12 0 24 33
b107 12 378 44 393
b108 309 405 346 443
b109 249 306 295 348
b110 385 27 427 66
b111 45 137 58 158
b112 228 464 253 494
b113 162 375 198 399
b114 468 0 512 34
b115 87 411 121 433
b116 121 410 149 429
b117 339 193 360 232
b118 406 173 450 211
b119 460 440 505 468
b120 87 478 123 514
b121 218 258 256 292
b122 48 517 68 560
b123 58 212 81 248
b124 90 0 125 31
b125 451 197 493 243
b126 100 433 122 445
b127 49 303 74 346
b128 177 212 221 240
b129 439 318 461 352
b130 49 73 79 99
b131 512 467 560 512
b132 205 85 223 124
b133 517 197 560 212
b134 130 242 177 276
b135 166 197 211 212
b136 439 279 451 316
b137 49 359 77 380
b138 346 407 388 435
b139 406 232 442 269
b140 477 82 520 94
b141 262 215 281 260
b142 385 0 422 27
b143 198 124 222 149
b144 48 248 88 263
b145 326 443 339 488
b146 82 187 130 220
b147 12 270 42 312
b148 512 449 532 467
b149 158 102 205 124
b150 528 171 559 194
b151 518 512 560 530
b152 496 397 512 416
b153 68 517 98 558
b154 198 375 215 397
b155 320 166 345 180
b156 475 279 491 307
b157 449 352 469 377
b158 281 257 304 270
b159 512 0 544 44
b160 250 27 266 54
b161 288 74 334 121
b162 49 380 67 411
b163 250 68 283 90
b164 289 0 325 41
b165 206 64 223 85
b166 12 236 48 270
b167 488 94 525 130
b168 206 40 247 64
b169 146 462 185 486
b170 228 494 273 523
b171 24 115 64 137
b172 309 443 322 470
b173 403 509 435 534
b174 218 242 261 258
b175 371 379 387 394
b176 250 90 288 123
b177 185 400 226 437
b178 213 292 232 309
b179 40 432 86 466
b180 517 212 557 231
b181 512 394 542 422
b182 347 284 371 329
b183 247 139 286 172
b184 360 207 406 232
b185 351 0 385 27
b186 0 455 33 486
b187 521 291 559 327
b188 49 36 89 73
b189 517 231 561 243
b190 450 170 487 197
b191 346 435 380 451
b192 523 243 552 291
b193 87 446 120 463
b194 316 153 344 166
b195 271 293 304 306
b196 221 201 262 242
b197 262 523 290 560
b198 0 528 48 547
b199 130 178 166 209
b200 169 40 206 83
b201 325 0 351 29
b202 469 319 503 358
b203 12 312 27 340
b204 221 523 262 556
b205 232 292 247 313
b206 45 482 87 517
b207 123 43 156 71
b208 253 474 280 494
b209 334 74 370 119
b210 369 232 393 245
b211 182 124 198 136
b212 263 415 305 436
b213 439 77 453 109
b214 344 119 361 146
b215 388 402 409 431
b216 435 109 477 128
b217 168 355 216 375
b218 273 495 316 510
b219 542 394 560 422
b220 45 182 82 212
b221 183 310 228 323
b222 126 320 160 345
b223 460 468 479 490
b224 380 435 401 480
b225 521 347 559 394
b226 505 349 521 388
b227 266 41 298 54
b228 24 137 45 157
b229 160 399 184 447
b230 491 266 521 299
b231 286 164 316 180
b232 284 436 307 478
b233 371 394 387 407
b234 402 534 435 552
b235 295 308 341 330
b236 88 236 127 263
b237 307 287 347 308
b238 250 0 289 27
b239 27 312 49 352
b240 169 83 192 102
b241 49 346 73 359
b242 223 64 245 104
b243 334 371 371 405
b244 393 232 406 269
b245 528 95 552 131
b246 222 124 245 168
b247 436 503 472 542
b248 136 529 179 560
b249 91 297 126 324
b250 226 430 257 464
b251 286 180 320 223
b252 286 136 305 164
b253 152 129 167 142
b254 177 240 190 264
b255 409 422 456 461
b256 87 398 108 411
b257 301 330 334 347
b258 115 376 159 410
b259 0 0 12 26
b260 481 243 493 262
b261 123 276 168 288
b262 505 422 553 449
b263 472 514 518 561
b264 262 270 307 293
b265 168 310 183 355
b266 325 29 373 74
b267 471 358 505 397
b268 88 73 113 95
b269 232 0 250 37
b270 137 345 160 360
b271 436 461 460 503
b272 122 429 146 464
b273 493 245 523 266
b274 130 209 151 242
b275 87 376 115 398
b276 392 371 406 402
b277 427 24 439 71
b278 24 44 37 86
b279 182 515 221 558
b280 121 142 152 164
b281 503 319 521 349
b282 372 514 402 558
b283 277 123 292 136
b284 113 71 134 101
b285 113 129 146 142
b286 49 0 90 36
b287 414 84 435 126
b288 440 0 468 36
b289 154 0 187 37
b290 166 178 193 194
b291 229 357 257 400
b292 451 279 475 318
b293 262 172 281 215
b294 280 478 306 495
b295 216 357 229 400
b296 33 466 60 482
b297 512 44 543 82
b298 528 131 561 171
b299 87 433 100 446
