301609.5
400719
202500
450 450
60.377379
b0 214 169 250 185
b1 75 35 114 54
b2 359 13 400 48
b3 338 219 385 237
b4 177 27 203 59
b5 404 242 439 273
b6 296 246 325 259
b7 111 61 132 89
b8 0 328 32 343
b9 211 275 257 309
b10 56 256 101 288
b11 158 115 194 129
b12 75 54 111 96
b13 405 0 450 48
b14 211 309 236 324
b15 0 36 46 81
b16 338 237 360 255
b17 250 99 276 132
b18 262 38 296 57
b19 308 0 320 30
b20 310 213 338 246
b21 320 0 359 44
b22 176 384 215 410
b23 204 0 244 25
b24 422 172 447 187
b25 203 25 239 61
b26 45 340 88 365
b27 56 325 90 340
b28 262 0 308 38
b29 156 15 193 27
b30 285 159 312 176
b31 302 334 318 371
b32 88 358 120 381
b33 178 161 214 179
b34 325 282 363 301
b35 310 44 325 77
b36 415 230 443 242
b37 363 279 379 300
b38 345 193 378 219
b39 265 57 295 99
b40 392 96 420 137
b41 128 0 144 16
b42 243 333 287 352
b43 327 368 361 408
b44 231 133 258 149
b45 124 230 161 244
b46 156 0 204 15
b47 100 178 123 192
b48 243 309 269 333
b49 0 81 40 112
b50 389 137 422 179
b51 342 316 369 364
b52 325 255 362 282
b53 194 275 211 293
b54 434 187 450 230
b55 359 0 405 13
b56 362 237 387 259
b57 215 361 263 380
b58 0 297 41 316
b59 197 185 243 231
b60 182 410 212 445
b61 56 202 90 235
b62 379 298 416 343
b63 250 62 265 97
b64 113 244 161 291
b65 147 354 180 384
b66 306 301 337 332
b67 281 259 325 296
b68 416 305 440 340
b69 287 296 306 334
b70 127 297 163 311
b71 347 137 389 171
b72 325 44 359 77
b73 44 365 82 383
b74 178 179 196 208
b75 120 358 147 381
b76 286 213 298 227
b77 123 342 147 358
b78 422 129 448 172
b79 379 279 416 298
b80 281 236 296 250
b81 212 420 244 440
b82 313 141 345 174
b83 362 260 399 279
b84 385 179 422 222
b85 195 324 243 361
b86 257 276 281 300
b87 422 48 441 93
b88 0 112 43 140
b89 75 0 87 35
b90 86 381 131 405
b91 0 223 44 251
b92 135 318 177 342
b93 56 235 99 256
b94 180 319 195 335
b95 287 176 323 201
b96 132 162 177 187
b97 161 272 189 297
b98 194 293 210 319
b99 90 291 127 311
b100 263 352 290 377
b101 134 410 182 450
b102 206 96 231 134
b103 416 273 448 305
b104 31 0 56 36
b105 55 383 86 425
b106 288 413 327 447
b107 90 311 135 327
b108 180 335 192 368
b109 422 187 434 209
b110 43 425 87 448
b111 231 120 249 133
b112 244 0 262 46
b113 243 208 286 236
b114 323 174 342 213
b115 250 178 287 208
b116 361 389 398 431
b117 0 385 37 409
b118 359 48 398 83
b119 318 332 342 368
b120 128 187 173 202
b121 347 105 392 137
b122 0 409 43 439
b123 148 36 161 71
b124 243 236 256 275
b125 100 160 128 178
b126 128 202 166 230
b127 100 192 124 214
b128 263 377 288 413
b129 197 231 243 275
b130 160 71 205 115
b131 112 124 132 160
b132 297 105 313 143
b133 298 213 310 227
b134 314 77 330 106
b135 263 413 278 450
b136 231 96 250 120
b137 269 300 287 322
b138 100 214 122 244
b139 90 327 123 358
b140 194 115 206 131
b141 114 36 148 61
b142 258 132 285 178
b143 0 251 44 297
b144 56 160 81 189
b145 205 62 250 96
b146 327 408 360 442
b147 0 316 31 328
b148 387 235 404 260
b149 192 361 214 383
b150 385 222 415 235
b151 285 143 312 159
b152 145 129 178 162
b153 43 385 55 425
b154 0 343 44 385
b155 161 244 174 256
b156 81 160 100 202
b157 101 244 113 286
b158 132 71 160 88
b159 173 208 197 244
b160 144 0 156 36
b161 56 0 75 31
b162 287 201 317 213
b163 379 343 426 389
b164 194 134 226 161
b165 87 0 128 33
b166 249 380 261 416
b167 296 38 310 85
b168 121 89 158 114
b169 75 96 121 124
b170 131 384 176 406
b171 313 106 347 141
b172 0 0 31 25
b173 330 83 372 105
b174 226 149 251 169
b175 290 334 302 368
b176 244 420 260 440
b177 163 297 194 318
b178 239 46 259 62
b179 0 182 45 223
b180 276 105 297 124
b181 337 301 379 316
b182 147 342 180 354
b183 75 124 112 140
b184 295 85 314 105
b185 372 83 416 96
b186 132 114 145 162
b187 400 48 422 72
b188 257 236 281 276
b189 75 140 106 160
b190 56 288 90 325
b191 290 371 327 413
b192 174 244 196 272
b193 0 140 43 182
b194 398 389 441 431
b195 422 93 447 129
b196 161 27 177 66
b197 87 406 134 441
b198 345 171 385 193
b199 215 380 249 420
