424758.75
539845.5
309672
561 552
415.767502
b0 291 148 306 175
b1 517 379 544 395
b2 265 148 291 170
b3 286 437 331 458
b4 233 0 273 45
b5 84 245 110 261
b6 196 126 223 164
b7 464 352 493 387
b8 213 293 249 314
b9 41 522 85 547
b10 331 306 346 337
b11 133 129 157 170
b12 303 345 322 362
b13 167 0 200 48
b14 424 455 468 476
b15 485 400 500 434
b16 26 120 71 162
b17 443 22 480 63
b18 482 47 525 91
b19 213 270 249 293
b20 71 162 88 175
b21 265 120 309 148
b22 478 434 513 463
b23 512 206 529 246
b24 360 325 384 343
b25 401 0 430 43
b26 483 233 501 260
b27 512 395 552 433
b28 208 63 232 75
b29 264 293 294 322
b30 265 175 293 195
b31 211 345 247 377
b32 461 0 480 22
b33 111 170 157 215
b34 500 383 512 412
b35 346 306 358 332
b36 383 440 410 470
b37 477 107 489 136
b38 298 46 317 67
b39 106 23 119 35
b40 252 401 299 420
b41 153 416 172 452
b42 77 363 123 388
b43 539 224 560 263
b44 126 406 153 430
b45 357 416 382 440
b46 349 488 362 507
b47 477 310 517 352
b48 185 289 213 323
b49 513 433 561 457
b50 211 326 225 345
b51 468 480 484 494
b52 216 102 253 120
b53 241 66 253 102
b54 347 185 381 215
b55 48 280 74 311
b56 162 48 208 79
b57 470 262 517 310
b58 184 477 209 502
b59 41 475 79 522
b60 337 68 353 107
b61 319 275 364 306
b62 241 195 287 231
b63 127 271 173 307
b64 427 407 442 440
b65 205 420 228 433
b66 362 510 407 552
b67 474 152 488 185
b68 495 463 540 491
b69 441 320 477 347
b70 422 113 438 158
b71 488 152 520 186
b72 71 92 86 124
b73 241 231 287 243
b74 35 441 78 475
b75 364 288 384 325
b76 517 324 556 360
b77 333 0 351 40
b78 34 404 76 420
b79 71 67 111 92
b80 79 471 115 486
b81 251 322 266 354
b82 310 492 349 516
b83 300 68 337 109
b84 13 247 47 285
b85 169 506 212 540
b86 440 504 479 548
b87 388 249 436 294
b88 266 502 310 531
b89 479 494 499 536
b90 299 388 345 412
b91 0 360 43 381
b92 480 0 525 47
b93 196 102 216 126
b94 212 472 243 491
b95 69 23 106 67
b96 273 0 306 46
b97 372 167 412 182
b98 410 440 445 453
b99 388 367 428 384
b100 517 491 561 536
b101 74 302 110 332
b102 212 436 252 472
b103 381 182 415 216
b104 367 343 381 385
b105 26 87 61 120
b106 430 0 442 33
b107 79 434 111 449
b108 347 237 384 275
b109 223 120 265 166
b110 443 63 482 105
b111 63 245 84 258
b112 181 323 211 348
b113 213 246 249 270
b114 309 109 343 153
b115 79 449 113 471
b116 224 401 252 420
b117 265 420 286 459
b118 517 286 561 324
b119 153 353 181 398
b120 63 209 99 245
b121 287 202 325 236
b122 26 0 69 20
b123 79 486 115 509
b124 71 131 106 162
b125 401 67 443 113
b126 213 314 235 326
b127 157 129 182 172
b128 0 451 28 495
b129 440 173 474 195
b130 357 386 383 416
b131 133 308 181 353
b132 211 377 250 395
b133 477 137 520 152
b134 63 175 110 209
b135 249 277 264 322
b136 173 271 185 308
b137 13 226 41 247
b138 186 166 228 194
b139 520 139 557 175
b140 377 105 389 148
b141 388 384 433 403
b142 306 0 333 37
b143 526 78 550 103
b144 112 271 127 311
b145 171 79 184 124
b146 388 216 436 249
b147 13 312 55 342
b148 499 491 517 511
b149 490 186 512 233
b150 493 352 516 383
b151 13 342 55 360
b152 303 293 319 312
b153 26 20 67 50
b154 517 246 539 263
b155 182 124 196 149
b156 379 494 407 510
b157 381 32 401 57
b158 144 0 167 13
b159 328 153 372 185
b160 482 91 509 107
b161 436 216 483 262
b162 153 398 184 416
b163 452 140 474 173
b164 525 0 561 41
b165 236 45 253 66
b166 115 434 151 468
b167 428 347 464 384
b168 401 43 442 67
b169 86 92 110 131
b170 157 172 186 217
b171 184 395 224 417
b172 241 166 254 193
b173 328 337 360 362
b174 225 203 241 246
b175 196 462 212 477
b176 445 417 478 455
b177 75 261 112 302
b178 141 77 158 96
b179 0 381 34 427
b180 517 360 557 379
b181 353 32 381 62
b182 379 470 424 494
b183 389 113 422 152
b184 299 412 345 437
b185 299 458 326 492
b186 151 475 184 506
b187 388 294 426 330
b188 388 330 428 367
b189 288 236 300 280
b190 188 214 225 241
b191 228 420 262 436
b192 331 440 379 469
b193 172 417 205 434
b194 303 312 331 325
b195 252 436 265 469
b196 0 495 41 536
b197 172 434 209 462
b198 115 468 134 516
b199 520 175 556 206
b200 384 403 427 440
b201 299 362 328 388
b202 436 262 470 301
b203 26 175 41 203
b204 200 0 233 41
b205 251 502 266 523
b206 110 215 152 250
b207 424 476 457 504
b208 186 194 213 214
b209 253 46 298 82
b210 364 275 388 288
b211 372 216 388 228
b212 35 420 77 441
b213 387 0 401 32
b214 468 463 495 480
b215 112 250 141 271
b216 428 301 470 320
b217 13 206 61 226
b218 26 50 69 65
b219 208 45 236 63
b220 489 107 526 137
b221 151 462 196 475
b222 343 107 377 132
b223 166 217 188 236
b224 141 250 186 271
b225 253 82 300 120
b226 362 469 378 508
b227 353 0 366 32
b228 303 325 324 345
b229 188 241 212 289
b230 452 387 485 417
b231 353 89 383 105
b232 69 0 111 23
b233 428 320 441 336
b234 415 198 448 216
b235 111 124 133 170
b236 55 332 94 359
b237 132 366 153 406
b238 438 113 477 140
b239 26 65 66 87
b240 433 384 452 407
b241 13 0 26 24
b242 418 158 440 198
b243 266 322 303 356
b244 228 166 241 203
b245 526 103 550 139
b246 517 263 561 286
b247 310 516 349 552
b248 126 516 169 547
b249 13 285 48 312
b250 119 13 153 44
b251 265 459 299 502
b252 326 469 354 488
b253 133 353 148 366
b254 26 162 50 175
b255 300 236 347 275
b256 166 236 187 249
b257 154 96 171 129
b258 43 360 77 404
b259 440 140 452 166
b260 442 0 461 12
b261 184 79 196 124
b262 353 62 401 89
b263 79 388 126 434
b264 196 79 241 102
b265 373 152 418 167
b266 251 356 299 401
b267 249 243 288 277
b268 347 215 372 237
b269 325 196 343 233
b270 110 311 133 326
b271 181 348 205 390
b272 0 427 35 451
b273 343 132 373 153
b274 141 44 162 77
b275 47 258 75 280
b276 152 217 166 248
b277 345 386 357 433
b278 0 0 13 42
b279 212 491 251 534
b280 41 175 63 206
b281 529 206 559 224
b282 111 44 141 88
b283 485 387 500 400
b284 366 0 387 30
b285 111 0 144 13
b286 85 516 126 552
b287 448 195 490 216
b288 317 40 353 68
b289 525 41 558 78
b290 293 175 309 202
b291 111 96 154 124
b292 328 362 367 386
b293 309 153 328 196
b294 225 326 251 343
b295 264 280 307 293
b296 134 468 150 495
b297 94 332 132 363
b298 407 504 440 544
b299 41 226 54 239
