250463
301636
199290
438 455
6.280535
b0 219 401 252 444
b1 164 83 229 120
b2 191 120 225 173
b3 252 410 319 447
b4 21 328 50 347
b5 282 295 321 344
b6 188 354 228 372
b7 0 161 22 201
b8 83 148 145 198
b9 154 239 170 280
b10 22 65 40 117
b11 375 46 434 85
b12 22 130 83 158
b13 377 318 434 366
b14 0 347 63 390
b15 316 0 375 52
b16 109 91 145 148
b17 77 198 143 242
b18 265 0 313 51
b19 188 372 219 422
b20 318 230 337 267
b21 201 0 265 50
b22 101 57 150 91
b23 116 242 136 291
b24 312 370 357 398
b25 47 67 101 106
b26 22 180 77 220
b27 22 0 47 65
b28 22 243 61 289
b29 47 106 109 130
b30 340 204 364 230
b31 127 429 161 455
b32 145 321 188 374
b33 22 158 57 180
b34 405 120 432 174
b35 164 40 195 78
b36 22 289 89 328
b37 0 62 20 122
b38 168 120 191 177
b39 319 398 371 453
b40 286 126 315 152
b41 259 172 286 227
b42 145 177 198 239
b43 375 0 436 46
b44 366 271 431 318
b45 22 220 66 243
b46 0 122 22 161
b47 195 50 260 83
b48 229 145 286 172
b49 271 230 318 295
b50 371 423 438 455
b51 377 366 434 404
b52 66 328 111 382
b53 0 226 21 269
b54 136 242 154 303
b55 321 336 377 370
b56 232 346 295 363
b57 286 212 333 230
b58 111 316 145 362
b59 66 242 116 279
b60 337 230 377 253
b61 145 142 168 175
b62 377 404 437 423
b63 321 267 366 303
b64 232 299 282 346
b65 229 88 285 145
b66 377 204 438 271
b67 157 0 201 40
b68 342 152 405 204
b69 286 185 340 212
b70 145 374 187 416
b71 69 0 91 64
b72 66 388 127 449
b73 198 173 259 240
b74 286 88 328 126
b75 357 370 376 398
b76 210 321 232 354
b77 91 0 157 57
b78 368 120 404 152
b79 170 240 230 281
b80 161 422 219 438
b81 328 52 368 102
b82 255 363 312 410
b83 188 321 210 337
b84 47 0 69 67
b85 0 201 20 226
b86 260 51 316 88
b87 328 102 367 146
b88 89 279 113 316
b89 228 363 255 401
b90 321 303 360 336
b91 286 152 342 185
b92 111 362 127 388
b93 368 85 433 120
b94 230 240 271 299
b95 145 91 164 142
b96 154 281 220 321
b97 127 362 144 429
b98 0 0 22 62
b99 0 390 66 439
