378740.5
561281
196200
436 450
41.709542
b0 130 0 166 16
b1 205 213 244 232
b2 328 404 363 445
b3 418 273 436 320
b4 308 143 334 175
b5 82 47 117 78
b6 423 127 436 156
b7 243 244 264 272
b8 235 167 250 199
b9 394 44 428 90
b10 136 248 181 280
b11 68 38 82 74
b12 0 82 36 124
b13 130 325 178 370
b14 275 0 290 25
b15 370 284 415 330
b16 274 41 292 63
b17 212 290 245 316
b18 27 298 61 317
b19 79 423 109 435
b20 214 422 247 450
b21 397 0 436 44
b22 290 273 329 299
b23 43 38 68 78
b24 280 110 295 135
b25 332 307 368 343
b26 143 137 168 180
b27 378 400 393 434
b28 256 64 294 110
b29 186 411 198 448
b30 285 349 312 366
b31 316 324 332 361
b32 211 0 234 32
b33 79 135 115 153
b34 295 124 333 143
b35 178 0 211 15
b36 79 123 107 135
b37 211 32 232 48
b38 211 77 244 103
b39 0 124 42 154
b40 232 139 273 167
b41 383 366 399 382
b42 378 0 397 44
b43 327 205 361 245
b44 285 395 301 422
b45 250 207 287 221
b46 370 250 418 265
b47 128 391 151 405
b48 168 146 194 170
b49 105 248 136 288
b50 46 405 79 447
b51 166 384 214 411
b52 248 272 285 299
b53 399 387 416 405
b54 418 230 434 273
b55 161 371 207 384
b56 25 170 47 195
b57 370 265 418 284
b58 234 0 275 19
b59 0 404 46 450
b60 205 178 235 213
b61 181 256 215 289
b62 301 367 346 404
b63 60 370 75 405
b64 82 0 130 47
b65 250 167 283 197
b66 23 195 54 226
b67 117 47 154 91
b68 332 343 367 367
b69 43 78 81 97
b70 405 194 419 230
b71 214 328 248 370
b72 252 366 285 400
b73 378 145 396 183
b74 394 127 423 145
b75 219 244 242 271
b76 252 221 266 233
b77 301 404 325 420
b78 0 0 43 26
b79 151 100 170 137
b80 43 0 57 15
b81 80 103 112 123
b82 399 354 431 387
b83 346 367 383 386
b84 0 26 43 63
b85 27 333 75 370
b86 256 110 280 134
b87 101 153 120 198
b88 325 245 368 273
b89 247 438 282 450
b90 37 226 82 250
b91 284 422 328 450
b92 79 399 121 423
b93 110 227 153 248
b94 198 411 214 426
b95 43 113 79 138
b96 285 299 330 324
b97 181 301 206 329
b98 214 370 230 396
b99 42 138 79 158
b100 0 154 25 181
b101 127 187 175 227
b102 57 0 82 38
b103 283 175 315 207
b104 81 78 117 103
b105 181 329 212 371
b106 117 91 151 130
b107 127 130 143 175
b108 79 435 112 447
b109 181 289 203 301
b110 0 181 23 225
b111 419 194 432 212
b112 0 280 46 298
b113 65 269 93 312
b114 0 63 39 82
b115 194 148 231 178
b116 0 226 37 268
b117 393 330 430 354
b118 290 231 325 270
b119 232 103 256 139
b120 259 19 274 64
b121 347 59 379 104
b122 178 15 208 58
b123 181 191 194 226
b124 397 181 436 194
b125 153 227 181 245
b126 256 400 284 438
b127 290 0 314 22
b128 234 19 259 55
b129 334 137 378 183
b130 136 280 180 325
b131 368 218 404 238
b132 27 317 65 333
b133 127 175 141 187
b134 285 366 301 395
b135 295 41 310 78
b136 219 271 243 290
b137 166 427 184 449
b138 230 370 252 400
b139 130 16 163 47
b140 42 158 58 170
b141 397 156 431 181
b142 0 298 27 344
b143 75 313 121 357
b144 248 299 277 324
b145 198 103 232 148
b146 27 370 60 404
b147 315 175 327 206
b148 372 183 397 200
b149 234 55 256 77
b150 175 178 205 191
b151 273 135 289 162
b152 342 104 375 137
b153 93 248 105 288
b154 163 58 207 100
b155 47 170 60 182
b156 75 357 94 399
b157 166 0 178 42
b158 110 198 127 226
b159 266 231 290 267
b160 0 268 36 280
b161 289 143 308 174
b162 181 226 193 256
b163 295 78 342 124
b164 0 344 27 376
b165 60 158 101 191
b166 368 238 404 250
b167 346 386 393 400
b168 93 288 130 313
b169 170 100 198 146
b170 327 183 372 205
b171 94 357 128 392
b172 285 324 316 349
b173 214 400 256 422
b174 194 232 219 252
b175 214 316 248 328
b176 378 104 394 124
b177 130 370 161 391
b178 166 411 186 427
b179 121 405 166 446
b180 61 250 82 269
b181 363 400 378 442
b182 219 232 252 244
b183 43 97 80 113
b184 356 40 376 59
b185 361 205 405 218
b186 379 44 392 92
b187 248 344 272 366
b188 287 207 327 231
b189 248 324 279 344
b190 310 43 347 77
b191 394 90 436 127
b192 82 226 110 248
b193 393 405 435 448
b194 314 0 356 43
b195 368 330 393 366
b196 274 25 313 41
b197 54 191 101 226
b198 356 0 378 40
b199 330 273 370 307
