1208262.75
1805108.5
611417
241 2537
178.793327
b0 86 2103 122 2119
b1 16 102 35 141
b2 75 752 116 787
b3 77 24 95 71
b4 35 1114 61 1146
b5 58 2194 93 2225
b6 120 1727 149 1740
b7 100 1946 128 1967
b8 13 2334 45 2349
b9 129 326 175 360
b10 61 1703 106 1735
b11 175 639 189 675
b12 0 2405 36 2447
b13 75 854 123 899
b14 46 2275 61 2300
b15 36 2382 81 2428
b16 126 1237 144 1259
b17 16 2136 49 2162
b18 71 1684 105 1703
b19 35 1946 65 1958
b20 132 1300 160 1333
b21 79 1580 123 1619
b22 97 481 123 520
b23 46 2169 86 2194
b24 70 933 95 948
b25 0 2369 36 2405
b26 122 564 165 589
b27 124 1271 158 1286
b28 113 669 159 707
b29 46 2194 58 2231
b30 35 0 52 27
b31 159 108 196 124
b32 52 53 75 85
b33 168 360 186 396
b34 100 1526 119 1564
b35 97 100 112 133
b36 136 360 164 372
b37 0 34 16 55
b38 52 948 85 974
b39 35 2078 65 2120
b40 142 707 170 748
b41 35 2120 51 2136
b42 95 609 114 653
b43 13 2300 53 2334
b44 81 1341 108 1357
b45 125 1042 139 1079
b46 79 1634 127 1649
b47 125 955 148 969
b48 98 2037 122 2063
b49 35 1735 75 1766
b50 45 2340 78 2382
b51 35 1766 62 1814
b52 194 12 221 49
b53 159 124 176 142
b54 123 1464 166 1480
b55 157 280 170 326
b56 95 1892 117 1917
b57 159 232 178 280
b58 106 954 125 995
b59 35 974 81 1020
b60 81 2324 111 2359
b61 47 2016 80 2050
b62 165 1480 202 1525
b63 121 360 136 395
b64 122 1967 169 2015
b65 146 1038 176 1071
b66 158 608 189 639
b67 93 2153 137 2190
b68 53 2300 88 2324
b69 104 1464 123 1502
b70 124 1286 160 1300
b71 86 2119 128 2153
b72 49 2136 83 2169
b73 114 1160 132 1198
b74 71 1649 100 1667
b75 125 969 148 996
b76 132 1160 146 1172
b77 80 1382 104 1398
b78 116 752 142 795
b79 164 142 183 179
b80 79 1619 93 1634
b81 75 1735 107 1755
b82 107 1740 139 1773
b83 16 65 35 102
b84 81 1271 124 1308
b85 107 1427 155 1464
b86 97 76 121 100
b87 131 589 176 608
b88 120 1684 148 1727
b89 86 2037 98 2072
b90 52 0 97 24
b91 35 1061 79 1089
b92 104 1502 146 1526
b93 36 2473 79 2494
b94 84 2247 99 2263
b95 35 1089 71 1114
b96 36 2428 61 2473
b97 35 2050 60 2078
b98 75 1755 91 1781
b99 74 899 111 919
b100 80 1357 107 1382
b101 106 1079 146 1127
b102 81 974 106 1012
b103 97 44 129 76
b104 122 2015 158 2040
b105 123 1526 165 1557
b106 121 395 155 434
b107 77 653 122 669
b108 91 1803 124 1815
b109 35 2016 47 2038
b110 62 1923 106 1946
b111 52 125 70 138
b112 125 996 143 1042
b113 124 1803 167 1831
b114 91 1831 130 1850
b115 75 1862 112 1892
b116 143 996 180 1038
b117 159 195 183 232
b118 155 0 194 35
b119 65 1946 89 1982
b120 183 124 198 169
b121 88 2263 120 2308
b122 107 1773 150 1803
b123 162 748 175 783
b124 107 1684 120 1723
b125 82 1982 100 2010
b126 46 2247 84 2275
b127 111 899 135 921
b128 77 669 113 694
b129 146 1160 190 1206
b130 77 707 121 752
b131 95 589 131 609
b132 122 639 160 655
b133 114 1259 128 1271
b134 155 92 184 108
b135 148 955 163 992
b136 158 1206 182 1225
b137 162 783 184 801
b138 129 195 159 217
b139 62 1892 95 1923
b140 53 2324 65 2340
b141 107 1357 132 1391
b142 95 520 122 566
b143 122 520 168 564
b144 52 24 77 53
b145 112 820 157 854
b146 81 1160 114 1194
b147 196 92 208 123
b148 116 795 133 820
b149 16 2162 38 2184
b150 107 1391 120 1421
b151 139 0 155 27
b152 81 1308 114 1341
b153 75 1850 115 1862
b154 97 0 139 44
b155 114 1198 126 1211
b156 123 1557 142 1599
b157 74 921 116 933
b158 129 217 157 234
b159 160 1225 184 1261
b160 120 1391 132 1427
b161 16 34 35 65
b162 93 1619 123 1631
b163 112 434 158 481
b164 82 2010 114 2037
b165 106 1127 147 1160
b166 122 609 158 621
b167 35 2002 82 2016
b168 75 787 112 812
b169 0 2184 46 2212
b170 132 1333 154 1378
b171 0 0 35 34
b172 115 1850 146 1875
b173 58 2225 100 2247
b174 13 2349 38 2369
b175 194 0 228 12
b176 80 1398 100 1414
b177 132 1206 153 1237
b178 139 108 159 124
b179 35 1020 80 1061
b180 106 933 125 954
b181 114 1308 129 1350
b182 139 1740 172 1752
b183 80 1564 117 1580
b184 65 2050 85 2069
b185 0 2212 13 2256
b186 228 0 241 48
b187 197 49 219 73
b188 98 2063 122 2103
b189 35 1982 66 2002
b190 125 921 162 955
b191 148 1557 190 1594
b192 35 1146 57 1174
b193 0 2494 42 2537
b194 155 49 197 92
b195 139 142 164 178
b196 139 179 178 195
b197 100 1649 147 1684
b198 52 85 74 125
b199 117 1875 151 1915
