376991.75
562283.5
191700
426 450
129.890351
b0 0 49 16 85
b1 281 99 300 138
b2 104 299 145 334
b3 112 116 130 163
b4 97 370 129 396
b5 300 156 335 187
b6 145 244 158 273
b7 112 88 133 116
b8 216 252 231 284
b9 0 327 46 361
b10 0 174 45 206
b11 32 255 46 291
b12 272 286 308 328
b13 165 403 213 448
b14 140 219 155 244
b15 200 355 246 400
b16 71 384 93 402
b17 356 236 382 269
b18 354 76 388 95
b19 97 76 127 88
b20 253 76 281 109
b21 46 269 90 308
b22 263 366 289 405
b23 200 122 225 162
b24 289 388 314 403
b25 97 334 133 370
b26 249 405 292 430
b27 249 430 283 445
b28 179 184 225 222
b29 412 321 424 358
b30 145 300 162 327
b31 126 175 163 191
b32 272 254 295 286
b33 81 182 99 218
b34 225 220 263 239
b35 201 0 216 33
b36 354 269 382 281
b37 16 74 37 90
b38 235 0 261 33
b39 81 0 123 30
b40 0 420 41 448
b41 16 275 32 291
b42 138 0 182 19
b43 372 321 412 355
b44 81 62 97 89
b45 81 219 118 233
b46 123 0 138 48
b47 151 123 165 146
b48 80 308 104 334
b49 81 89 112 129
b50 374 0 416 33
b51 327 43 354 91
b52 173 366 200 403
b53 356 219 374 236
b54 192 65 208 108
b55 217 239 263 252
b56 90 275 115 297
b57 403 171 422 219
b58 182 0 201 41
b59 376 358 422 404
b60 354 46 389 76
b61 37 72 71 105
b62 389 404 426 449
b63 0 240 35 255
b64 356 171 403 219
b65 170 108 200 141
b66 81 129 112 160
b67 36 35 80 72
b68 45 147 80 171
b69 382 302 420 321
b70 0 35 36 49
b71 382 256 424 290
b72 356 404 389 438
b73 354 317 372 355
b74 323 282 352 300
b75 331 190 354 217
b76 184 354 198 366
b77 0 275 16 299
b78 71 341 97 384
b79 268 147 287 184
b80 308 281 323 295
b81 0 255 32 275
b82 138 90 170 123
b83 99 182 118 219
b84 225 147 268 184
b85 339 355 376 403
b86 178 41 202 65
b87 81 163 126 182
b88 118 191 161 219
b89 382 290 417 302
b90 263 209 287 254
b91 16 105 44 149
b92 214 42 238 84
b93 331 217 352 260
b94 81 47 97 62
b95 382 219 418 244
b96 0 149 45 174
b97 263 341 291 366
b98 44 421 60 447
b99 162 300 182 337
b100 118 259 145 284
b101 138 19 178 67
b102 160 262 185 300
b103 337 137 369 169
b104 225 184 250 220
b105 39 0 81 31
b106 185 284 224 318
b107 163 176 179 221
b108 287 186 299 219
b109 318 259 330 281
b110 138 67 182 90
b111 374 33 392 46
b112 369 153 415 171
b113 346 0 374 43
b114 327 0 346 39
b115 312 91 342 128
b116 44 105 81 147
b117 300 132 337 156
b118 0 0 39 35
b119 224 331 260 355
b120 312 25 327 70
b121 299 214 331 259
b122 282 34 312 77
b123 0 407 35 420
b124 270 328 309 341
b125 145 353 173 371
b126 97 48 135 76
b127 282 77 306 99
b128 213 400 249 425
b129 224 287 270 331
b130 60 402 105 446
b131 184 334 220 354
b132 182 318 220 334
b133 292 434 304 448
b134 392 33 421 49
b135 238 76 253 113
b136 46 341 70 360
b137 170 90 192 108
b138 208 84 238 106
b139 132 417 163 450
b140 185 222 197 238
b141 46 360 71 394
b142 105 396 132 442
b143 0 361 44 407
b144 298 0 327 25
b145 46 207 80 252
b146 46 308 80 341
b147 202 33 214 64
b148 16 49 33 74
b149 331 260 353 282
b150 138 123 151 153
b151 44 394 60 421
b152 132 384 165 417
b153 382 244 422 256
b154 238 34 282 76
b155 287 219 299 232
b156 216 0 235 42
b157 0 85 12 127
b158 81 30 109 47
b159 45 171 69 207
b160 133 334 145 370
b161 185 238 216 257
b162 0 228 30 240
b163 291 342 338 388
b164 299 187 331 214
b165 231 254 272 287
b166 81 233 93 269
b167 249 355 263 402
b168 250 184 287 209
b169 0 299 46 327
b170 0 206 45 228
b171 165 141 199 176
b172 213 425 244 450
b173 93 233 115 275
b174 314 388 339 408
b175 69 171 81 205
b176 197 222 217 238
b177 292 403 313 434
b178 208 106 228 122
b179 379 96 424 137
b180 337 169 356 190
b181 118 284 160 299
b182 300 99 312 132
b183 369 137 406 153
b184 299 259 318 279
b185 129 371 173 384
b186 287 138 300 186
b187 199 162 223 184
b188 161 222 185 262
b189 185 257 216 277
b190 261 0 298 34
b191 342 95 379 137
b192 135 153 163 175
b193 309 300 352 342
b194 313 408 356 450
b195 354 281 379 317
b196 145 337 184 353
b197 389 49 424 96
b198 118 219 140 259
b199 238 113 278 147
