594028.25
878945.5
309111
551 561
546.450668
b0 160 116 187 131
b1 229 400 256 416
b2 0 170 22 196
b3 116 0 137 45
b4 402 41 447 81
b5 22 170 48 186
b6 29 488 67 515
b7 449 145 478 180
b8 346 311 367 347
b9 361 215 405 240
b10 253 298 268 329
b11 298 361 339 385
b12 343 41 360 60
b13 210 42 243 90
b14 42 314 63 358
b15 172 378 187 412
b16 91 282 136 324
b17 131 402 172 439
b18 505 381 548 425
b19 165 69 201 92
b20 482 481 495 498
b21 520 159 548 203
b22 471 200 500 235
b23 281 34 321 51
b24 49 91 67 115
b25 408 528 451 557
b26 334 146 361 164
b27 400 325 440 363
b28 66 0 78 24
b29 520 129 549 159
b30 380 491 408 511
b31 29 443 65 475
b32 106 80 128 99
b33 281 58 327 103
b34 122 176 134 205
b35 158 492 170 518
b36 373 292 400 322
b37 322 146 334 175
b38 137 90 156 111
b39 370 511 382 524
b40 480 280 499 327
b41 256 447 292 466
b42 180 433 205 479
b43 408 444 429 483
b44 0 56 24 83
b45 449 0 474 24
b46 0 486 19 499
b47 49 136 91 176
b48 33 63 67 91
b49 245 0 269 48
b50 532 488 546 507
b51 401 193 415 209
b52 495 488 532 506
b53 404 313 440 325
b54 327 244 361 274
b55 142 210 168 241
b56 261 487 292 533
b57 42 396 90 443
b58 245 159 270 184
b59 405 211 443 258
b60 346 405 385 421
b61 363 114 394 159
b62 347 78 393 114
b63 449 99 485 145
b64 184 296 217 311
b65 291 142 314 155
b66 292 501 337 543
b67 215 401 229 434
b68 137 0 165 45
b69 404 286 440 313
b70 491 37 536 53
b71 0 22 32 56
b72 486 418 501 450
b73 165 131 177 177
b74 488 53 531 87
b75 182 337 202 374
b76 177 209 216 245
b77 210 278 250 296
b78 112 482 154 498
b79 168 245 208 270
b80 80 31 95 67
b81 215 169 230 201
b82 0 131 24 170
b83 0 314 41 351
b84 177 175 215 209
b85 269 0 312 34
b86 298 322 342 361
b87 253 250 298 298
b88 113 222 142 266
b89 327 60 347 102
b90 112 498 158 522
b91 461 447 482 490
b92 346 360 393 405
b93 471 180 495 200
b94 473 327 504 346
b95 408 491 452 528
b96 440 343 473 389
b97 95 45 135 60
b98 452 491 465 526
b99 251 142 291 159
b100 170 479 215 523
b101 482 506 512 542
b102 29 515 65 555
b103 158 523 192 557
b104 465 490 479 532
b105 192 523 227 556
b106 437 81 449 114
b107 243 48 258 80
b108 491 0 529 37
b109 91 324 133 370
b110 298 385 337 427
b111 29 475 50 488
b112 383 448 408 478
b113 327 122 363 146
b114 67 484 111 518
b115 15 254 49 276
b116 63 333 91 352
b117 258 90 279 129
b118 0 276 44 314
b119 15 226 60 254
b120 291 214 327 250
b121 60 217 98 251
b122 172 413 215 433
b123 441 307 464 343
b124 134 142 165 177
b125 65 518 111 560
b126 388 270 400 292
b127 495 148 520 191
b128 243 533 287 561
b129 501 425 535 447
b130 479 388 505 418
b131 444 235 492 280
b132 361 252 400 270
b133 47 358 90 373
b134 133 344 180 378
b135 111 544 156 559
b136 0 196 37 208
b137 67 86 88 114
b138 0 444 28 486
b139 213 352 250 388
b140 361 240 404 252
b141 505 362 550 381
b142 443 280 480 307
b143 495 123 519 148
b144 387 38 402 78
b145 505 349 550 362
b146 500 203 533 251
b147 473 346 503 388
b148 24 152 44 170
b149 243 184 290 206
b150 137 111 160 142
b151 505 317 547 335
b152 339 457 358 473
b153 515 447 545 488
b154 321 41 343 58
b155 28 408 42 433
b156 478 145 494 173
b157 367 322 392 342
b158 67 63 80 86
b159 429 447 461 491
b160 229 416 245 443
b161 250 342 297 388
b162 33 37 64 55
b163 0 0 33 22
b164 213 311 249 352
b165 270 159 291 176
b166 0 372 34 408
b167 486 87 523 123
b168 160 92 201 116
b169 133 378 172 402
b170 226 443 255 488
b171 361 193 401 215
b172 402 115 429 128
b173 177 143 202 175
b174 533 203 549 246
b175 373 270 388 286
b176 379 0 412 38
b177 90 370 131 407
b178 63 314 80 333
b179 215 488 261 522
b180 467 542 507 561
b181 37 186 67 214
b182 382 511 406 556
b183 90 407 123 446
b184 216 201 241 247
b185 67 176 101 203
b186 482 450 515 481
b187 507 251 543 289
b188 91 139 131 176
b189 291 202 335 214
b190 346 274 373 311
b191 111 266 145 282
b192 0 499 29 547
b193 531 53 548 86
b194 312 0 325 28
b195 33 91 46 124
b196 325 0 366 41
b197 404 258 441 286
b198 327 274 346 322
b199 112 446 143 482
b200 337 473 380 510
b201 184 311 213 337
b202 363 159 402 193
b203 492 251 507 279
b204 412 0 445 41
b205 205 464 226 479
b206 210 0 245 42
b207 337 510 370 538
b208 60 251 80 278
b209 400 363 436 408
b210 88 67 112 80
b211 326 543 338 559
b212 295 480 337 501
b213 505 335 537 349
b214 367 342 394 359
b215 415 156 444 177
b216 203 134 245 153
b217 203 114 251 134
b218 443 432 486 447
b219 402 128 420 156
b220 449 69 486 99
b221 291 189 336 202
b222 415 177 440 211
b223 523 107 542 129
b224 165 0 210 21
b225 65 446 112 484
b226 287 543 326 559
b227 66 31 79 63
b228 531 86 551 107
b229 201 90 249 114
b230 297 450 330 480
b231 227 522 243 552
b232 258 48 281 90
b233 211 388 227 401
b234 512 519 545 537
b235 111 522 157 544
b236 444 180 471 219
b237 255 466 295 487
b238 145 270 184 297
b239 67 114 107 136
b240 298 427 317 450
b241 34 372 47 396
b242 107 99 129 139
b243 143 439 180 473
b244 366 0 379 37
b245 49 278 73 314
b246 338 538 382 561
b247 449 33 488 69
b248 210 247 253 278
b249 360 41 387 76
b250 291 155 322 189
b251 394 81 437 115
b252 313 103 341 122
b253 512 506 527 519
b254 314 122 327 146
b255 256 400 295 447
b256 346 347 367 360
b257 474 0 491 33
b258 243 206 287 240
b259 177 131 203 143
b260 158 473 170 492
b261 398 432 443 444
b262 0 83 27 131
b263 136 297 182 344
b264 137 45 160 90
b265 0 226 15 271
b266 165 21 210 69
b267 279 103 313 142
b268 142 241 167 263
b269 0 208 37 226
b270 98 222 113 245
b271 335 202 359 244
b272 400 408 435 432
b273 529 0 550 30
b274 101 176 122 209
b275 27 124 49 152
b276 67 203 98 217
b277 250 388 297 400
b278 230 153 243 195
b279 440 389 479 432
b280 80 251 111 273
b281 88 80 106 110
b282 268 298 298 342
b283 101 209 116 222
b284 205 434 226 464
b285 336 164 349 197
b286 342 421 383 457
b287 0 351 42 372
b288 0 408 28 444
b289 33 0 66 37
b290 451 532 467 559
b291 504 289 547 317
b292 187 374 211 413
b293 507 542 550 561
b294 184 270 210 287
b295 385 405 398 448
b296 203 153 230 169
b297 78 0 116 31
b298 134 177 174 210
b299 383 478 396 491
