297786.25
395322.5
200250
445 450
144.851282
b0 333 358 369 374
b1 260 285 279 324
b2 37 56 78 91
b3 354 281 372 328
b4 173 175 205 201
b5 370 236 405 267
b6 237 172 250 201
b7 239 294 260 322
b8 40 288 55 320
b9 351 374 397 408
b10 121 405 153 450
b11 274 62 310 76
b12 106 84 142 126
b13 25 0 73 45
b14 100 362 115 387
b15 199 0 245 45
b16 268 128 290 146
b17 334 99 367 125
b18 379 79 398 113
b19 157 44 169 74
b20 412 148 445 176
b21 328 125 367 169
b22 252 227 278 266
b23 292 34 332 59
b24 299 114 324 129
b25 334 28 370 64
b26 60 176 85 219
b27 0 369 34 384
b28 214 202 252 248
b29 64 91 76 128
b30 234 145 251 172
b31 279 324 295 361
b32 158 260 181 292
b33 105 160 141 178
b34 290 129 328 148
b35 73 22 106 37
b36 370 224 398 236
b37 348 265 369 281
b38 409 221 442 247
b39 169 44 199 86
b40 129 0 157 41
b41 152 219 168 235
b42 329 251 348 295
b43 400 290 440 324
b44 37 91 64 107
b45 0 288 37 302
b46 334 13 382 28
b47 295 296 309 319
b48 85 245 111 269
b49 0 302 40 333
b50 300 172 333 214
b51 372 326 399 374
b52 214 248 251 275
b53 158 292 176 309
b54 141 269 157 312
b55 334 0 380 13
b56 309 368 331 393
b57 78 79 97 127
b58 73 430 114 449
b59 259 361 305 407
b60 231 415 261 450
b61 103 329 137 362
b62 309 296 354 333
b63 25 156 60 171
b64 12 240 59 288
b65 181 263 214 293
b66 251 153 282 184
b67 230 72 274 109
b68 309 333 333 368
b69 300 214 319 252
b70 138 219 152 255
b71 370 156 412 190
b72 410 79 444 112
b73 37 407 55 445
b74 221 294 239 323
b75 208 339 231 366
b76 152 235 166 247
b77 0 353 24 369
b78 252 184 278 227
b79 221 275 258 294
b80 331 374 345 389
b81 0 333 32 353
b82 274 76 306 109
b83 258 266 295 285
b84 405 247 442 290
b85 73 393 121 430
b86 326 408 350 432
b87 148 86 193 105
b88 231 372 259 415
b89 200 388 212 423
b90 12 216 57 240
b91 395 413 439 441
b92 117 269 141 311
b93 97 178 140 199
b94 157 378 173 393
b95 199 72 224 108
b96 189 150 234 175
b97 200 425 228 450
b98 174 391 200 407
b99 0 408 37 428
b100 245 46 272 71
b101 55 300 103 340
b102 333 333 371 358
b103 297 252 329 284
b104 230 109 255 145
b105 115 362 157 393
b106 370 190 409 224
b107 25 140 70 156
b108 162 345 174 378
b109 348 253 370 265
b110 60 241 83 285
b111 260 324 278 337
b112 203 293 221 339
b113 370 113 398 156
b114 278 202 297 241
b115 148 105 185 135
b116 333 169 370 211
b117 0 384 37 408
b118 334 64 373 99
b119 231 336 255 372
b120 59 285 104 300
b121 412 176 444 221
b122 146 135 189 165
b123 369 267 404 280
b124 221 323 260 336
b125 31 193 59 211
b126 173 202 211 230
b127 60 219 84 241
b128 37 382 73 407
b129 245 0 289 46
b130 389 35 434 79
b131 0 31 20 67
b132 373 35 389 73
b133 367 99 379 113
b134 113 0 129 29
b135 181 323 196 360
b136 255 337 279 356
b137 278 184 300 202
b138 181 293 203 323
b139 261 407 292 440
b140 121 393 137 405
b141 157 19 191 44
b142 199 45 245 72
b143 94 199 138 245
b144 0 191 29 216
b145 289 0 334 34
b146 141 312 175 345
b147 0 216 12 247
b148 137 345 162 362
b149 208 366 230 388
b150 168 230 181 260
b151 306 98 333 114
b152 181 230 214 263
b153 37 128 77 140
b154 34 340 78 382
b155 141 165 153 178
b156 157 0 199 19
b157 93 37 105 79
b158 306 81 334 98
b159 70 140 94 176
b160 25 45 37 81
b161 268 109 299 128
b162 398 79 410 109
b163 399 366 445 413
b164 205 175 237 202
b165 140 178 173 219
b166 104 317 140 329
b167 111 255 158 269
b168 319 214 344 251
b169 372 280 400 326
b170 78 340 100 385
b171 382 0 416 35
b172 0 0 25 31
b173 348 211 370 253
b174 423 112 443 137
b175 295 284 329 296
b176 84 269 104 285
b177 175 360 196 391
b178 272 46 292 62
b179 350 408 395 449
b180 278 241 297 262
b181 309 393 351 408
b182 196 339 208 372
b183 212 388 228 425
b184 73 37 93 56
b185 255 109 268 153
b186 104 269 117 317
b187 310 59 334 81
b188 282 148 322 172
b189 0 171 31 191
b190 292 408 326 445
b191 193 108 230 150
b192 31 171 59 193
b193 106 41 148 84
b194 400 324 443 366
b195 398 112 423 148
b196 279 285 295 324
b197 153 407 200 442
b198 73 0 113 22
b199 106 126 146 160
