385376.25
569602.5
201150
450 447
136.776528
b0 128 427 164 443
b1 47 97 86 116
b2 43 116 84 151
b3 119 390 166 408
b4 84 116 110 148
b5 119 359 154 390
b6 230 87 259 100
b7 0 348 21 376
b8 362 84 377 116
b9 404 291 450 325
b10 0 415 45 447
b11 38 300 74 314
b12 268 0 304 42
b13 404 81 449 129
b14 119 313 144 328
b15 402 391 447 437
b16 156 357 178 375
b17 264 96 290 129
b18 431 203 450 237
b19 273 342 303 354
b20 41 365 74 393
b21 153 0 192 44
b22 374 407 400 446
b23 349 313 389 338
b24 292 176 317 191
b25 69 239 105 275
b26 386 0 411 43
b27 0 260 34 275
b28 346 38 384 84
b29 193 90 230 102
b30 384 43 401 70
b31 194 381 210 418
b32 304 0 336 23
b33 0 22 18 58
b34 235 184 273 203
b35 431 170 446 203
b36 41 151 53 179
b37 90 409 111 425
b38 361 199 387 232
b39 84 148 126 178
b40 0 216 41 244
b41 222 404 238 420
b42 113 0 132 44
b43 364 355 404 389
b44 98 87 114 114
b45 114 87 151 101
b46 273 174 288 222
b47 60 314 74 337
b48 304 77 330 101
b49 88 334 119 374
b50 35 0 77 33
b51 239 136 266 184
b52 377 84 404 121
b53 330 84 348 101
b54 327 123 343 166
b55 193 167 239 180
b56 277 317 299 342
b57 309 256 328 304
b58 167 420 208 439
b59 145 114 191 160
b60 88 374 118 409
b61 117 198 151 231
b62 119 231 156 276
b63 47 82 82 97
b64 224 357 272 404
b65 156 279 189 309
b66 400 206 431 237
b67 193 102 237 139
b68 156 222 191 246
b69 355 407 374 445
b70 317 211 353 225
b71 77 25 111 67
b72 156 246 190 279
b73 364 389 402 407
b74 53 151 82 169
b75 167 381 194 404
b76 287 42 301 54
b77 167 404 191 420
b78 359 232 385 275
b79 222 428 259 447
b80 343 368 358 382
b81 217 0 237 32
b82 272 357 305 389
b83 126 101 145 138
b84 112 44 149 87
b85 197 39 234 87
b86 238 404 262 428
b87 343 123 362 168
b88 0 71 43 99
b89 292 164 327 176
b90 266 129 290 174
b91 47 33 75 77
b92 241 203 265 245
b93 132 0 153 43
b94 362 164 377 180
b95 0 158 36 183
b96 292 119 317 164
b97 0 376 28 401
b98 106 178 132 194
b99 307 335 327 372
b100 73 214 100 239
b101 193 264 233 312
b102 22 33 47 71
b103 156 325 188 357
b104 239 100 264 136
b105 307 304 349 335
b106 304 23 338 62
b107 0 332 45 348
b108 193 230 205 263
b109 86 82 98 104
b110 317 188 361 211
b111 153 90 171 103
b112 262 429 308 447
b113 45 337 88 365
b114 128 408 167 427
b115 327 338 364 368
b116 193 180 235 217
b117 119 276 143 313
b118 411 0 446 39
b119 404 170 428 206
b120 301 62 346 77
b121 45 415 90 447
b122 277 274 307 317
b123 387 199 400 234
b124 192 0 205 39
b125 309 228 327 256
b126 358 0 386 38
b127 171 90 193 114
b128 188 356 224 381
b129 153 44 197 90
b130 233 290 277 335
b131 307 372 343 392
b132 0 244 38 260
b133 290 191 304 203
b134 327 225 343 254
b135 75 67 112 82
b136 350 275 369 299
b137 38 314 60 332
b138 132 176 162 198
b139 119 328 152 359
b140 156 309 168 325
b141 0 99 34 124
b142 162 176 189 222
b143 265 228 309 274
b144 288 203 317 228
b145 74 300 119 334
b146 369 279 402 313
b147 110 114 122 145
b148 100 214 117 239
b149 0 0 22 22
b150 22 0 35 30
b151 0 309 27 325
b152 259 63 292 96
b153 240 245 252 285
b154 191 312 233 356
b155 143 276 156 288
b156 362 180 404 199
b157 292 77 304 119
b158 111 409 128 437
b159 82 178 106 214
b160 205 0 217 36
b161 237 0 256 31
b162 402 279 432 291
b163 308 392 355 438
b164 41 191 73 218
b165 0 183 41 216
b166 210 381 222 417
b167 105 239 119 286
b168 38 275 75 300
b169 193 139 239 167
b170 317 101 362 123
b171 205 230 240 264
b172 38 244 69 269
b173 328 262 350 304
b174 338 0 358 25
b175 256 0 268 34
b176 21 348 41 364
b177 256 42 287 63
b178 252 274 272 290
b179 404 129 449 170
b180 428 237 449 256
b181 389 313 404 355
b182 432 256 444 289
b183 343 225 359 262
b184 404 372 424 391
b185 28 364 41 408
b186 193 217 241 230
b187 41 393 65 415
b188 272 389 296 429
b189 327 168 358 188
b190 0 275 37 309
b191 411 39 448 81
b192 53 169 81 191
b193 385 237 428 279
b194 362 121 404 164
b195 77 0 113 25
b196 126 160 165 176
b197 404 325 439 372
b198 233 335 273 357
b199 0 124 40 158
