373391.75
556883.5
189900
422 450
10.332421
b0 220 271 256 287
b1 17 199 36 238
b2 353 57 394 92
b3 146 184 164 231
b4 320 79 352 105
b5 0 112 31 147
b6 128 126 157 139
b7 321 297 349 318
b8 301 37 316 69
b9 294 193 340 227
b10 157 0 202 32
b11 101 239 137 253
b12 220 229 256 271
b13 145 44 193 89
b14 98 367 123 382
b15 185 105 230 151
b16 53 70 75 88
b17 204 377 237 403
b18 166 105 185 139
b19 157 32 187 44
b20 394 0 422 33
b21 359 406 398 450
b22 265 0 304 26
b23 47 286 87 311
b24 0 32 25 47
b25 260 232 296 268
b26 161 373 204 398
b27 164 215 179 249
b28 182 229 220 275
b29 40 247 77 259
b30 188 335 215 352
b31 299 433 336 449
b32 229 299 252 331
b33 128 108 164 126
b34 121 253 140 291
b35 308 390 341 405
b36 291 115 303 143
b37 47 424 63 445
b38 98 382 124 415
b39 0 147 42 177
b40 193 32 221 73
b41 304 79 320 95
b42 320 105 339 149
b43 376 365 416 399
b44 166 89 193 105
b45 0 0 37 14
b46 245 131 260 179
b47 163 321 186 335
b48 203 299 229 323
b49 256 285 287 325
b50 234 52 276 85
b51 394 70 421 118
b52 394 33 421 70
b53 0 427 17 445
b54 343 406 359 449
b55 221 32 234 78
b56 283 325 308 347
b57 234 33 282 52
b58 260 131 279 172
b59 374 187 420 233
b60 308 321 343 351
b61 340 214 374 247
b62 174 403 211 448
b63 340 247 375 262
b64 374 140 422 187
b65 0 394 30 427
b66 391 327 422 358
b67 0 242 37 286
b68 375 233 399 268
b69 47 311 85 330
b70 42 187 56 223
b71 246 362 280 404
b72 106 415 140 448
b73 12 356 50 374
b74 0 14 29 32
b75 399 233 422 260
b76 146 231 160 243
b77 53 88 77 104
b78 63 423 106 449
b79 94 33 113 70
b80 164 249 178 264
b81 340 194 372 214
b82 83 253 116 285
b83 94 70 113 107
b84 31 108 74 145
b85 304 0 352 37
b86 40 223 64 247
b87 282 26 301 71
b88 0 69 28 112
b89 218 287 253 299
b90 398 399 422 444
b91 299 405 343 433
b92 211 404 253 428
b93 161 352 204 373
b94 0 199 16 214
b95 50 330 86 355
b96 50 398 95 423
b97 279 87 304 115
b98 361 304 377 330
b99 64 214 101 234
b100 56 187 81 214
b101 98 327 146 367
b102 28 70 53 108
b103 202 0 234 32
b104 283 347 308 383
b105 215 335 246 377
b106 164 287 203 321
b107 304 95 320 140
b108 186 323 219 335
b109 394 118 406 140
b110 377 304 421 327
b111 214 216 232 229
b112 145 265 163 311
b113 129 0 157 43
b114 166 196 205 215
b115 253 325 283 362
b116 124 367 161 409
b117 42 163 79 187
b118 308 351 343 390
b119 166 160 190 196
b120 114 0 129 45
b121 81 143 126 175
b122 101 209 144 239
b123 179 216 214 229
b124 81 33 94 72
b125 42 145 70 163
b126 114 70 142 108
b127 232 179 256 201
b128 45 45 81 70
b129 253 405 299 449
b130 37 0 81 45
b131 126 164 162 184
b132 340 156 356 194
b133 0 316 12 330
b134 159 335 188 351
b135 81 175 96 212
b136 142 89 166 108
b137 164 264 182 286
b138 17 427 47 449
b139 234 0 265 33
b140 353 92 369 104
b141 87 285 121 310
b142 37 259 83 286
b143 294 149 340 193
b144 117 184 146 209
b145 13 286 47 331
b146 260 199 294 232
b147 352 0 383 12
b148 260 268 285 285
b149 205 194 227 216
b150 0 286 13 316
b151 340 140 367 156
b152 81 0 114 33
b153 86 311 98 351
b154 296 227 340 269
b155 279 157 291 170
b156 349 346 391 365
b157 279 115 291 157
b158 0 214 17 242
b159 121 291 145 327
b160 375 292 411 304
b161 25 374 56 393
b162 81 72 93 102
b163 230 85 277 131
b164 260 172 292 199
b165 343 365 376 406
b166 182 275 218 287
b167 374 92 388 139
b168 13 331 50 356
b169 327 269 373 297
b170 0 47 45 69
b171 340 105 374 140
b172 114 45 145 70
b173 211 428 253 450
b174 0 374 25 394
b175 0 330 12 364
b176 193 73 209 93
b177 96 175 117 206
b178 282 71 302 87
b179 353 12 394 57
b180 166 139 185 160
b181 285 269 327 284
b182 349 297 361 330
b183 356 156 372 193
b184 209 78 228 98
b185 146 311 159 355
b186 232 131 245 179
b187 140 243 164 265
b188 375 268 415 292
b189 30 393 50 424
b190 287 284 321 321
b191 316 37 353 79
b192 280 383 308 405
b193 56 355 98 398
b194 190 151 232 194
b195 128 139 164 164
b196 349 330 388 346
b197 81 108 128 143
b198 0 177 40 199
b199 140 409 174 449
