570046.75
836031.5
304062
542 561
623.847266
b0 337 226 364 241
b1 165 483 181 510
b2 241 264 263 290
b3 517 0 538 45
b4 0 56 45 96
b5 152 139 178 155
b6 293 152 331 179
b7 379 74 408 109
b8 286 303 307 339
b9 511 252 536 296
b10 210 269 241 284
b11 227 107 251 148
b12 501 212 520 229
b13 46 194 79 242
b14 0 211 21 255
b15 416 41 450 56
b16 337 75 379 120
b17 227 27 264 68
b18 408 56 451 100
b19 428 372 464 395
b20 79 198 96 211
b21 140 95 168 139
b22 464 155 493 190
b23 521 138 538 178
b24 217 382 241 400
b25 50 278 79 321
b26 125 181 152 199
b27 263 226 303 264
b28 523 384 535 408
b29 190 130 219 160
b30 436 295 464 315
b31 217 458 249 494
b32 325 340 344 362
b33 419 153 464 199
b34 151 385 163 414
b35 286 393 298 419
b36 93 44 120 74
b37 96 198 125 210
b38 469 93 490 112
b39 509 138 521 151
b40 470 46 489 93
b41 390 181 409 217
b42 511 408 536 454
b43 201 45 222 84
b44 436 315 463 339
b45 403 321 428 345
b46 0 511 19 524
b47 125 309 165 351
b48 173 264 207 292
b49 88 448 136 472
b50 168 95 187 109
b51 442 471 456 487
b52 183 45 201 82
b53 37 331 49 367
b54 305 48 335 82
b55 285 477 316 503
b56 42 435 88 466
b57 287 0 334 48
b58 465 112 490 137
b59 0 255 38 302
b60 496 540 535 556
b61 378 457 423 488
b62 334 0 380 36
b63 377 488 423 524
b64 64 321 79 354
b65 466 229 479 252
b66 421 231 463 276
b67 391 524 405 557
b68 283 82 328 110
b69 46 242 73 278
b70 451 51 467 96
b71 217 494 251 526
b72 154 249 186 264
b73 79 346 125 358
b74 348 524 391 558
b75 466 456 503 476
b76 283 264 319 303
b77 109 358 127 398
b78 285 110 301 152
b79 210 303 235 343
b80 264 83 279 119
b81 0 24 15 56
b82 227 68 251 107
b83 0 302 37 343
b84 391 345 425 383
b85 192 160 226 203
b86 64 358 108 397
b87 0 96 45 144
b88 160 426 189 470
b89 286 339 306 381
b90 127 351 151 397
b91 268 197 311 218
b92 466 393 511 440
b93 466 252 486 276
b94 45 73 64 104
b95 0 386 37 430
b96 416 100 449 146
b97 335 472 375 487
b98 251 68 264 103
b99 465 138 505 155
b100 183 0 227 45
b101 0 524 30 560
b102 217 418 253 458
b103 131 526 165 560
b104 451 111 465 153
b105 217 526 250 561
b106 369 226 402 238
b107 178 348 210 363
b108 222 226 259 264
b109 335 426 377 472
b110 0 435 42 474
b111 227 0 240 21
b112 249 464 274 494
b113 0 0 36 24
b114 503 454 537 498
b115 369 238 391 272
b116 210 284 238 303
b117 298 393 337 414
b118 108 249 152 287
b119 241 354 286 382
b120 132 22 168 58
b121 27 474 65 508
b122 65 472 108 492
b123 30 508 66 531
b124 37 404 72 435
b125 46 123 92 165
b126 511 384 523 406
b127 21 212 46 255
b128 189 393 217 437
b129 132 0 166 22
b130 391 250 421 276
b131 490 93 538 138
b132 66 514 105 532
b133 518 313 533 356
b134 62 0 109 34
b135 466 278 511 293
b136 286 381 323 393
b137 298 414 319 442
b138 0 144 42 172
b139 181 474 217 511
b140 275 0 287 43
b141 417 276 436 321
b142 0 474 27 511
b143 227 148 251 173
b144 522 212 537 252
b145 301 544 346 557
b146 92 150 125 198
b147 192 203 222 245
b148 217 400 237 418
b149 337 133 384 155
b150 380 43 403 74
b151 195 511 213 553
b152 306 346 325 362
b153 165 511 195 552
b154 283 48 305 65
b155 178 160 192 185
b156 518 356 534 384
b157 63 532 83 557
b158 319 414 332 437
b159 419 199 463 231
b160 466 440 493 456
b161 470 0 517 46
b162 500 326 518 357
b163 163 393 185 426
b164 320 263 356 304
b165 166 0 183 21
b166 251 494 285 530
b167 72 397 109 433
b168 165 292 189 333
b169 390 142 414 181
b170 46 165 91 194
b171 66 492 106 514
b172 37 304 50 331
b173 79 287 111 312
b174 306 362 349 378
b175 451 96 467 111
b176 428 339 466 372
b177 227 189 268 226
b178 27 195 46 212
b179 79 312 125 346
b180 264 43 283 83
b181 285 503 315 531
b182 442 426 466 471
b183 466 293 505 326
b184 108 224 154 249
b185 151 351 178 385
b186 45 42 78 73
b187 325 304 363 340
b188 466 476 503 516
b189 178 109 190 153
b190 37 367 64 404
b191 344 342 378 358
b192 83 532 131 561
b193 402 217 419 250
b194 322 464 335 492
b195 356 241 369 274
b196 408 0 449 41
b197 189 437 217 474
b198 46 104 94 123
b199 506 181 542 212
b200 140 58 183 95
b201 79 224 108 250
b202 303 224 337 263
b203 49 331 64 359
b204 337 393 378 426
b205 241 290 262 305
b206 349 358 391 393
b207 79 250 107 283
b208 108 472 128 499
b209 253 419 289 464
b210 125 168 149 181
b211 187 84 203 96
b212 109 398 151 419
b213 96 210 128 224
b214 210 343 237 360
b215 131 139 152 168
b216 517 498 536 540
b217 263 264 283 312
b218 78 34 93 77
b219 451 23 469 51
b220 378 393 408 430
b221 405 544 450 557
b222 190 96 215 130
b223 423 462 442 484
b224 464 372 509 393
b225 490 46 528 93
b226 426 423 442 462
b227 109 419 141 432
b228 152 264 173 284
b229 238 305 262 353
b230 386 109 416 142
b231 15 24 31 54
b232 262 312 285 354
b233 493 155 509 168
b234 30 531 63 549
b235 289 442 335 464
b236 153 191 192 218
b237 363 321 403 342
b238 92 123 131 150
b239 111 287 151 309
b240 451 0 470 23
b241 207 245 220 269
b242 311 202 351 224
b243 251 119 285 156
b244 285 464 322 477
b245 152 155 176 191
b246 109 0 132 44
b247 335 487 374 523
b248 0 343 31 386
b249 240 0 275 27
b250 250 530 284 561
b251 466 326 500 369
b252 436 276 464 295
b253 316 492 331 505
b254 493 168 517 181
b255 351 179 390 226
b256 337 120 358 133
b257 505 296 538 313
b258 241 382 285 416
b259 38 278 50 304
b260 151 471 170 483
b261 227 177 272 189
b262 378 430 426 457
b263 94 74 140 121
b264 0 172 45 195
b265 165 333 210 348
b266 369 276 417 321
b267 131 487 165 526
b268 128 199 153 221
b269 272 179 309 197
b270 128 472 151 487
b271 423 487 465 511
b272 351 155 386 179
b273 189 292 210 322
b274 315 523 348 544
b275 210 360 238 382
b276 503 498 517 529
b277 331 155 343 202
b278 49 0 62 42
b279 335 36 378 75
b280 444 395 466 426
b281 486 248 504 278
b282 466 516 496 560
b283 493 181 506 196
b284 178 363 199 393
b285 36 0 49 33
b286 301 110 337 151
b287 251 156 293 177
b288 408 395 444 423
b289 464 196 501 229
b290 0 195 27 211
b291 380 0 408 43
b292 136 432 160 471
b293 479 229 522 248
b294 284 531 301 557
b295 307 303 320 346
b296 109 432 136 448
b297 154 218 192 249
b298 423 511 463 544
b299 403 43 416 56
