571208
832183
310233
553 561
111.011157
b0 305 364 332 379
b1 311 533 327 560
b2 111 237 133 263
b3 227 113 272 134
b4 391 137 431 182
b5 366 271 382 297
b6 24 408 62 435
b7 328 100 363 129
b8 513 361 549 382
b9 174 102 199 146
b10 274 364 305 379
b11 458 170 482 211
b12 285 161 304 178
b13 407 234 455 267
b14 201 350 222 394
b15 139 456 154 490
b16 0 121 42 166
b17 22 178 59 219
b18 242 180 285 224
b19 156 487 179 523
b20 385 373 402 386
b21 264 427 292 471
b22 309 69 344 98
b23 499 168 539 185
b24 61 326 79 350
b25 179 529 222 558
b26 475 0 502 18
b27 67 435 105 475
b28 207 200 219 224
b29 336 182 366 211
b30 134 331 162 351
b31 143 523 175 559
b32 129 0 148 22
b33 84 0 129 46
b34 219 466 231 495
b35 245 101 271 113
b36 56 528 86 555
b37 179 508 208 520
b38 83 115 102 136
b39 510 348 523 360
b40 332 129 379 148
b41 292 463 328 482
b42 481 384 506 430
b43 427 59 448 98
b44 184 24 208 51
b45 184 0 209 24
b46 231 479 244 498
b47 477 234 517 276
b48 385 339 413 373
b49 385 462 433 486
b50 209 430 223 449
b51 371 465 385 481
b52 74 353 92 390
b53 465 211 477 247
b54 482 189 516 219
b55 0 328 31 354
b56 96 278 142 309
b57 190 224 238 271
b58 435 388 460 413
b59 331 0 378 38
b60 66 207 82 246
b61 0 0 45 31
b62 350 486 396 522
b63 83 61 129 97
b64 410 267 425 300
b65 42 165 65 178
b66 452 125 494 170
b67 254 239 268 272
b68 31 294 59 339
b69 508 452 544 479
b70 209 36 254 52
b71 295 206 329 238
b72 482 219 514 234
b73 62 350 74 396
b74 250 471 284 514
b75 62 396 82 433
b76 222 361 261 397
b77 403 119 443 137
b78 82 393 98 435
b79 242 272 282 297
b80 252 0 267 36
b81 242 327 274 342
b82 419 209 458 233
b83 366 234 407 271
b84 45 49 83 83
b85 148 24 182 67
b86 142 274 181 318
b87 187 155 235 200
b88 514 24 543 68
b89 24 219 66 239
b90 333 310 357 356
b91 329 478 350 521
b92 0 480 45 527
b93 506 68 530 88
b94 250 514 281 533
b95 425 311 462 355
b96 155 351 201 384
b97 403 104 443 119
b98 405 304 418 339
b99 486 489 503 529
b100 465 315 510 359
b101 445 530 481 560
b102 517 230 553 270
b103 329 211 363 245
b104 539 129 553 171
b105 148 67 181 102
b106 391 99 403 132
b107 358 165 390 180
b108 305 379 343 416
b109 238 134 280 180
b110 24 239 66 278
b111 312 326 333 339
b112 66 246 91 276
b113 514 0 550 24
b114 361 304 405 338
b115 83 136 105 170
b116 406 27 434 46
b117 45 0 84 21
b118 284 482 328 520
b119 199 110 227 155
b120 289 33 325 69
b121 96 309 130 347
b122 143 190 186 210
b123 0 408 23 444
b124 189 394 220 429
b125 92 347 134 393
b126 502 0 514 22
b127 117 518 142 561
b128 333 266 361 310
b129 336 148 358 182
b130 242 297 268 327
b131 56 480 101 528
b132 162 332 201 350
b133 288 379 303 422
b134 0 354 47 388
b135 84 46 129 61
b136 285 352 322 364
b137 304 161 332 182
b138 101 490 143 518
b139 506 384 542 421
b140 50 278 93 290
b141 105 115 124 160
b142 285 315 312 352
b143 481 530 506 554
b144 254 224 294 239
b145 129 102 174 115
b146 267 0 315 33
b147 179 429 209 471
b148 333 356 353 374
b149 0 206 22 253
b150 156 456 179 487
b151 181 83 223 101
b152 31 278 50 294
b153 201 320 242 350
b154 152 434 169 456
b155 377 402 391 427
b156 378 0 394 28
b157 152 414 177 434
b158 133 259 156 272
b159 391 388 435 420
b160 268 239 295 255
b161 143 213 190 259
b162 181 301 199 332
b163 45 435 67 468
b164 223 430 264 466
b165 273 98 290 119
b166 208 271 242 307
b167 59 290 96 326
b168 0 253 24 294
b169 431 170 455 209
b170 38 83 83 112
b171 121 160 143 200
b172 79 326 92 353
b173 425 286 457 311
b174 378 28 394 71
b175 293 69 309 84
b176 510 315 548 348
b177 292 422 329 463
b178 482 170 499 189
b179 105 439 139 485
b180 425 267 465 286
b181 391 204 419 234
b182 403 59 427 104
b183 17 527 56 560
b184 366 180 391 226
b185 243 533 277 560
b186 182 52 215 83
b187 295 245 333 281
b188 179 471 219 508
b189 242 224 254 268
b190 215 52 252 79
b191 101 518 117 552
b192 348 417 377 465
b193 0 527 17 560
b194 363 99 391 112
b195 146 318 179 331
b196 445 489 486 530
b197 42 137 79 165
b198 487 34 506 82
b199 487 88 518 124
b200 0 78 37 121
b201 357 373 383 402
b202 103 203 142 237
b203 156 259 184 274
b204 220 397 261 430
b205 431 137 452 152
b206 508 512 543 554
b207 382 271 410 304
b208 448 0 475 20
b209 517 185 553 230
b210 0 444 24 457
b211 268 297 280 313
b212 208 508 250 529
b213 129 22 143 54
b214 415 435 432 462
b215 433 462 462 483
b216 84 203 103 245
b217 0 388 48 408
b218 293 84 308 127
b219 83 97 111 115
b220 152 384 189 414
b221 319 281 332 326
b222 42 112 76 137
b223 329 417 348 439
b224 460 384 481 429
b225 0 31 38 78
b226 530 68 546 107
b227 284 520 316 533
b228 273 77 293 98
b229 465 360 513 384
b230 418 355 448 388
b231 315 0 331 30
b232 462 466 504 489
b233 130 318 146 331
b234 93 245 111 278
b235 423 513 445 559
b236 406 486 445 513
b237 0 166 21 206
b238 406 0 445 27
b239 391 182 431 204
b240 344 77 363 100
b241 143 490 156 514
b242 363 77 403 99
b243 282 281 319 315
b244 252 64 289 77
b245 148 0 184 24
b246 443 102 487 125
b247 494 129 530 168
b248 508 421 551 452
b249 432 435 467 462
b250 0 294 31 328
b251 285 127 328 161
b252 254 36 273 64
b253 231 466 246 479
b254 48 339 61 363
b255 328 522 375 561
b256 186 200 207 213
b257 358 148 391 165
b258 448 34 482 78
b259 465 247 477 273
b260 45 468 64 480
b261 403 47 448 59
b262 261 379 288 427
b263 105 393 152 439
b264 0 457 45 480
b265 415 420 460 435
b266 124 115 172 160
b267 344 38 378 77
b268 518 107 543 129
b269 66 170 84 207
b270 273 33 288 56
b271 294 182 336 206
b272 361 338 385 373
b273 222 529 243 559
b274 333 245 366 266
b275 245 79 273 101
b276 375 522 406 536
b277 394 0 406 47
b278 329 465 371 478
b279 477 276 520 315
b280 223 79 245 110
b281 190 271 208 301
b282 143 160 187 190
b283 261 361 274 376
b284 134 351 155 381
b285 208 307 241 320
b286 467 430 508 466
b287 375 539 417 560
b288 45 21 81 49
b289 84 170 121 203
b290 284 533 311 549
b291 209 0 252 28
b292 448 78 487 102
b293 242 342 285 361
b294 406 513 423 539
b295 343 374 356 417
b296 475 18 502 34
b297 377 427 415 458
b298 508 479 548 512
b299 523 348 536 361
