426146.25
539815.5
312477
561 557
943.765822
b0 457 279 484 294
b1 344 457 360 484
b2 234 221 256 247
b3 500 315 545 336
b4 286 155 326 200
b5 221 266 237 292
b6 94 411 132 438
b7 338 47 373 76
b8 202 78 238 99
b9 54 280 79 324
b10 360 166 375 197
b11 86 174 127 198
b12 350 147 367 166
b13 94 438 142 471
b14 500 336 544 357
b15 314 309 348 324
b16 0 344 45 386
b17 388 302 429 339
b18 350 103 393 147
b19 278 309 314 332
b20 166 464 183 477
b21 258 113 286 157
b22 527 0 556 35
b23 310 0 327 40
b24 386 161 410 179
b25 175 0 218 29
b26 408 184 435 202
b27 499 199 537 239
b28 79 280 103 292
b29 147 255 176 285
b30 266 404 294 424
b31 137 151 169 187
b32 499 95 521 114
b33 79 292 125 337
b34 512 135 524 164
b35 545 311 557 337
b36 477 358 507 385
b37 487 429 516 441
b38 151 317 170 338
b39 45 0 58 12
b40 182 368 201 415
b41 152 115 171 151
b42 243 510 268 556
b43 391 507 430 528
b44 94 383 118 410
b45 429 338 453 363
b46 454 358 473 371
b47 445 402 487 442
b48 175 29 203 63
b49 537 199 561 247
b50 147 285 166 299
b51 363 444 377 460
b52 529 35 547 72
b53 326 197 362 209
b54 187 272 217 306
b55 12 100 43 126
b56 204 190 250 221
b57 303 364 350 412
b58 487 441 512 466
b59 43 67 81 114
b60 171 122 210 138
b61 377 179 408 224
b62 237 247 273 293
b63 302 273 348 309
b64 521 110 554 125
b65 90 218 103 241
b66 442 455 487 497
b67 435 242 468 256
b68 384 274 429 302
b69 534 275 561 311
b70 516 439 561 455
b71 278 332 312 364
b72 137 115 152 147
b73 393 115 405 161
b74 12 172 55 206
b75 479 242 499 279
b76 363 408 402 444
b77 348 342 388 360
b78 0 386 42 402
b79 0 433 25 473
b80 76 337 112 352
b81 66 358 98 373
b82 435 203 459 242
b83 490 0 527 41
b84 0 523 38 557
b85 407 363 441 406
b86 454 497 493 541
b87 130 0 175 48
b88 352 259 381 303
b89 470 0 490 42
b90 453 309 499 333
b91 12 13 55 34
b92 425 46 472 91
b93 291 43 315 63
b94 176 349 207 368
b95 0 486 44 523
b96 236 41 282 74
b97 457 294 497 309
b98 439 442 474 455
b99 512 182 552 199
b100 426 0 470 45
b101 499 59 529 95
b102 295 412 335 448
b103 137 48 171 82
b104 400 492 442 506
b105 55 218 90 251
b106 0 0 12 33
b107 79 373 94 405
b108 210 472 247 510
b109 91 110 137 152
b110 201 368 240 410
b111 45 358 66 371
b112 126 317 151 347
b113 201 410 237 434
b114 313 520 357 554
b115 54 324 76 358
b116 118 383 137 411
b117 477 114 516 135
b118 459 198 497 242
b119 335 412 363 457
b120 129 479 165 515
b121 92 37 130 71
b122 12 206 55 226
b123 79 529 115 552
b124 98 352 133 383
b125 384 0 426 46
b126 114 237 126 259
b127 201 434 244 459
b128 65 405 93 449
b129 445 256 479 278
b130 240 368 266 398
b131 137 368 182 416
b132 512 164 551 182
b133 402 407 445 422
b134 44 490 91 524
b135 165 479 210 494
b136 190 63 202 100
b137 12 242 40 263
b138 43 114 85 142
b139 314 118 350 155
b140 435 160 447 203
b141 541 357 560 402
b142 254 0 291 27
b143 410 160 435 184
b144 12 293 52 308
b145 221 221 234 266
b146 244 424 292 457
b147 12 263 54 293
b148 350 390 370 408
b149 140 233 187 255
b150 454 371 477 402
b151 151 515 169 557
b152 315 238 334 254
b153 43 142 84 172
b154 378 490 400 507
b155 230 109 244 134
b156 429 278 457 294
b157 290 229 315 249
b158 216 157 239 170
b159 312 476 344 520
b160 472 59 499 75
b161 338 0 384 47
b162 126 299 157 317
b163 477 75 499 108
b164 218 0 254 41
b165 216 170 237 187
b166 93 495 129 529
b167 524 125 560 162
b168 393 91 434 115
b169 103 198 127 237
b170 69 251 114 280
b171 129 515 151 555
b172 204 306 217 333
b173 352 209 377 241
b174 12 226 55 242
b175 255 344 270 360
b176 499 239 537 272
b177 171 138 212 175
b178 238 90 255 109
b179 58 0 92 46
b180 493 466 512 506
b181 295 448 325 476
b182 430 506 454 551
b183 268 74 301 113
b184 454 333 500 358
b185 408 202 435 236
b186 0 402 33 433
b187 402 456 440 492
b188 266 364 303 404
b189 282 200 326 212
b190 92 0 119 37
b191 137 99 171 115
b192 464 169 512 198
b193 137 82 170 99
b194 464 91 477 119
b195 371 394 404 407
b196 52 449 93 490
b197 247 293 275 330
b198 171 63 190 111
b199 371 363 407 394
b200 275 484 312 527
b201 323 212 352 238
b202 458 135 497 169
b203 54 251 69 279
b204 239 157 280 190
b205 487 390 508 405
b206 169 494 204 536
b207 273 255 301 288
b208 166 437 186 464
b209 389 46 425 91
b210 441 363 454 387
b211 326 40 338 56
b212 12 126 33 168
b213 250 190 282 204
b214 447 169 464 196
b215 155 338 176 367
b216 301 254 343 273
b217 55 198 103 218
b218 189 187 204 230
b219 352 241 380 259
b220 525 402 555 439
b221 0 473 45 486
b222 301 63 326 97
b223 133 347 155 366
b224 137 416 182 437
b225 381 236 428 274
b226 525 357 541 396
b227 254 27 286 40
b228 240 398 261 418
b229 207 344 255 368
b230 314 324 344 357
b231 238 74 268 90
b232 216 134 258 157
b233 429 256 445 269
b234 507 357 525 390
b235 378 444 400 490
b236 25 433 52 472
b237 126 255 147 295
b238 350 76 389 103
b239 97 152 137 174
b240 256 204 275 227
b241 33 402 46 426
b242 190 100 230 122
b243 402 422 439 456
b244 210 459 247 472
b245 487 405 523 429
b246 429 294 452 338
b247 348 303 384 342
b248 12 57 43 100
b249 44 524 79 551
b250 326 166 360 197
b251 500 272 534 315
b252 537 247 556 275
b253 127 232 140 247
b254 52 389 76 402
b255 204 510 243 557
b256 115 529 128 550
b257 275 212 308 229
b258 357 512 391 556
b259 326 56 338 82
b260 367 147 386 159
b261 268 527 313 539
b262 247 457 295 484
b263 142 187 189 233
b264 12 34 57 57
b265 127 187 142 232
b266 410 115 458 160
b267 187 233 221 272
b268 344 490 369 512
b269 490 41 527 59
b270 183 464 206 479
b271 142 437 166 479
b272 94 471 129 495
b273 350 360 371 390
b274 58 46 91 67
b275 247 484 275 506
b276 247 330 278 344
b277 169 175 216 187
b278 52 402 65 444
b279 92 71 135 110
b280 55 172 86 194
b281 360 460 378 490
b282 217 293 247 337
b283 308 212 323 225
b284 434 91 464 112
b285 12 0 45 13
b286 12 308 53 344
b287 301 97 343 118
b288 286 118 314 154
b289 203 41 236 78
b290 275 288 302 304
b291 176 306 204 349
b292 388 339 427 363
b293 291 0 310 43
b294 273 229 290 255
b295 186 415 199 458
b296 52 373 79 389
b297 529 72 560 110
b298 512 455 545 495
b299 84 152 97 165
