576892
840746
313038
558 561
541.454806
b0 242 208 269 223
b1 292 180 319 196
b2 327 272 349 298
b3 467 493 488 538
b4 0 403 45 443
b5 250 321 266 347
b6 0 353 38 380
b7 279 217 314 246
b8 291 285 312 321
b9 0 295 44 320
b10 140 219 171 234
b11 367 516 391 557
b12 124 117 143 134
b13 340 433 388 466
b14 183 316 204 360
b15 168 316 183 350
b16 0 253 45 295
b17 114 315 155 352
b18 159 445 203 488
b19 46 522 69 558
b20 319 180 332 197
b21 265 397 293 441
b22 367 487 402 516
b23 46 315 63 355
b24 511 128 535 146
b25 363 0 406 29
b26 239 459 266 477
b27 0 212 38 252
b28 479 436 491 460
b29 483 407 513 436
b30 337 527 365 547
b31 38 24 70 60
b32 84 408 106 427
b33 129 45 175 90
b34 45 391 74 403
b35 436 549 462 561
b36 37 443 64 473
b37 412 233 441 245
b38 213 381 232 402
b39 273 511 286 523
b40 512 249 531 296
b41 37 136 73 155
b42 112 535 158 560
b43 443 34 464 73
b44 393 190 420 214
b45 343 487 367 512
b46 254 511 273 524
b47 323 43 363 85
b48 69 239 97 273
b49 203 501 251 525
b50 44 301 63 315
b51 145 366 161 380
b52 178 204 215 222
b53 78 303 114 315
b54 38 60 68 94
b55 341 364 367 395
b56 0 527 46 558
b57 422 118 470 165
b58 486 117 511 142
b59 323 85 361 132
b60 92 355 108 394
b61 158 524 203 555
b62 389 370 425 416
b63 376 154 422 190
b64 250 391 265 424
b65 364 102 377 125
b66 391 516 436 558
b67 274 118 288 151
b68 261 151 289 196
b69 293 417 329 444
b70 470 117 486 162
b71 0 495 34 527
b72 312 285 327 317
b73 85 29 131 41
b74 476 162 510 205
b75 462 85 499 105
b76 491 481 530 517
b77 247 271 287 289
b78 513 385 529 427
b79 393 276 433 301
b80 427 413 442 449
b81 45 376 77 391
b82 389 331 413 370
b83 216 0 257 37
b84 433 245 471 279
b85 0 74 34 117
b86 125 180 169 219
b87 234 223 279 271
b88 34 476 63 520
b89 286 197 328 217
b90 98 443 122 489
b91 416 314 437 357
b92 292 133 337 180
b93 332 180 356 200
b94 97 219 128 238
b95 108 366 145 410
b96 0 320 46 353
b97 77 355 92 395
b98 420 198 433 233
b99 279 246 319 263
b100 97 136 142 180
b101 126 410 156 446
b102 437 279 473 319
b103 251 477 285 511
b104 257 62 299 76
b105 406 34 441 67
b106 479 460 491 493
b107 122 520 154 535
b108 122 446 159 484
b109 364 29 406 75
b110 34 94 73 136
b111 78 342 99 355
b112 78 273 103 303
b113 359 218 395 242
b114 257 28 301 62
b115 64 456 98 478
b116 97 180 125 199
b117 15 34 36 73
b118 73 92 111 136
b119 491 436 519 481
b120 142 234 178 270
b121 0 0 38 34
b122 293 397 336 417
b123 535 128 558 164
b124 223 525 254 560
b125 246 76 292 118
b126 216 162 238 174
b127 204 305 247 330
b128 257 0 301 28
b129 301 72 323 106
b130 63 496 93 522
b131 81 47 129 92
b132 216 220 234 259
b133 518 342 533 385
b134 169 170 216 204
b135 250 444 295 459
b136 364 147 376 184
b137 510 146 531 174
b138 484 241 512 283
b139 122 484 159 520
b140 462 105 505 117
b141 340 395 385 414
b142 475 319 512 346
b143 377 102 402 126
b144 0 34 15 74
b145 519 427 532 472
b146 203 453 236 501
b147 511 98 553 128
b148 73 136 93 154
b149 146 90 168 137
b150 0 117 31 140
b151 94 489 112 531
b152 250 375 269 391
b153 210 85 240 126
b154 442 413 459 435
b155 146 137 171 151
b156 250 347 266 375
b157 203 525 223 550
b158 64 443 87 456
b159 247 289 291 321
b160 499 82 526 98
b161 266 321 313 367
b162 63 478 94 496
b163 512 309 534 342
b164 488 46 529 82
b165 322 492 343 509
b166 359 242 393 278
b167 209 126 246 162
b168 38 212 62 253
b169 464 46 488 85
b170 165 0 194 45
b171 287 263 327 285
b172 215 207 242 220
b173 133 0 165 25
b174 486 205 529 221
b175 486 221 502 236
b176 480 346 518 379
b177 0 140 37 181
b178 395 214 412 233
b179 155 270 189 316
b180 443 73 462 113
b181 483 379 513 407
b182 38 0 83 24
b183 64 200 97 239
b184 175 52 221 77
b185 213 402 247 429
b186 216 271 247 304
b187 437 319 475 355
b188 172 116 209 156
b189 242 196 286 208
b190 442 435 479 462
b191 402 118 418 152
b192 85 0 133 29
b193 216 174 233 207
b194 313 364 341 377
b195 221 52 234 85
b196 488 517 529 558
b197 356 190 393 218
b198 340 414 388 433
b199 328 236 359 272
b200 439 165 476 208
b201 406 67 432 96
b202 349 312 383 351
b203 63 301 78 329
b204 296 527 337 560
b205 364 126 379 147
b206 254 524 296 559
b207 246 118 274 151
b208 299 106 319 133
b209 37 155 73 200
b210 68 60 81 84
b211 108 410 120 426
b212 301 30 322 72
b213 132 352 164 366
b214 389 314 416 331
b215 327 298 348 327
b216 156 381 175 423
b217 156 425 204 445
b218 345 0 360 43
b219 379 126 397 154
b220 213 351 250 381
b221 388 301 433 314
b222 69 522 94 556
b223 0 476 22 495
b224 204 330 249 351
b225 389 416 427 463
b226 87 427 126 443
b227 0 199 32 212
b228 234 52 254 73
b229 45 253 69 301
b230 425 383 458 413
b231 45 403 75 419
b232 322 0 345 42
b233 155 316 168 332
b234 175 77 208 95
b235 402 463 424 509
b236 189 266 216 305
b237 168 360 208 381
b238 364 75 403 102
b239 403 96 443 118
b240 238 162 261 181
b241 111 92 124 116
b242 194 0 216 40
b243 313 327 347 364
b244 471 241 484 278
b245 286 492 322 516
b246 73 154 96 198
b247 473 283 512 319
b248 436 506 467 549
b249 78 315 113 342
b250 393 245 427 276
b251 423 0 466 34
b252 97 199 125 218
b253 512 296 527 309
b254 175 412 199 425
b255 103 251 142 298
b256 433 208 446 229
b257 422 165 439 198
b258 178 222 212 266
b259 38 200 64 212
b260 113 352 132 364
b261 142 270 154 315
b262 337 132 364 180
b263 466 0 513 46
b264 0 380 45 403
b265 322 512 367 527
b266 295 444 340 492
b267 349 278 388 312
b268 124 92 146 117
b269 0 181 37 199
b270 70 24 85 47
b271 459 383 483 425
b272 204 429 239 453
b273 301 0 322 30
b274 340 466 373 487
b275 512 221 534 249
b276 172 156 203 170
b277 194 40 241 52
b278 347 351 389 364
b279 424 463 463 506
b280 367 364 389 395
b281 142 151 172 169
b282 269 367 313 397
b283 313 377 328 390
b284 38 355 68 376
b285 75 395 108 408
b286 159 488 200 524
b287 168 95 210 116
b288 328 200 356 236
b289 0 443 37 476
b290 94 531 110 558
b291 437 355 480 383
b292 45 419 84 443
b293 513 0 532 43
b294 406 0 423 26
b295 97 238 140 251
b296 463 462 479 489
b297 175 381 213 412
b298 446 208 486 241
b299 131 29 144 42
