301155.25
400260.5
202050
450 449
185.242915
b0 174 210 210 226
b1 140 126 159 165
b2 200 359 235 400
b3 432 259 450 306
b4 88 149 120 175
b5 312 309 347 340
b6 231 64 244 93
b7 243 376 264 404
b8 108 395 123 427
b9 336 244 382 278
b10 211 314 243 359
b11 193 94 207 130
b12 52 83 88 125
b13 177 400 222 448
b14 77 266 102 281
b15 165 313 211 358
b16 260 37 278 59
b17 279 315 312 341
b18 147 92 166 126
b19 120 194 132 224
b20 302 124 330 157
b21 338 189 382 228
b22 166 90 192 129
b23 279 256 304 296
b24 282 140 297 165
b25 138 166 174 202
b26 24 320 67 345
b27 40 288 74 303
b28 244 104 282 150
b29 40 0 52 37
b30 425 196 442 223
b31 104 224 141 240
b32 0 261 32 284
b33 52 125 88 143
b34 283 37 302 75
b35 301 191 334 206
b36 174 198 202 210
b37 212 48 233 64
b38 221 173 254 199
b39 408 89 450 119
b40 306 281 347 309
b41 96 77 112 93
b42 96 33 115 77
b43 358 0 392 40
b44 131 91 147 118
b45 72 46 86 83
b46 389 100 404 148
b47 244 362 267 376
b48 244 78 268 104
b49 0 0 40 31
b50 404 119 437 161
b51 212 0 239 48
b52 302 97 339 124
b53 88 200 106 217
b54 338 228 381 244
b55 346 42 392 55
b56 279 341 301 366
b57 121 118 140 166
b58 265 296 306 315
b59 150 0 196 46
b60 165 358 200 388
b61 117 265 150 299
b62 199 136 244 173
b63 96 93 131 108
b64 117 348 165 395
b65 129 46 159 79
b66 159 46 190 77
b67 239 0 283 37
b68 219 199 254 223
b69 302 37 321 75
b70 52 143 88 157
b71 383 255 425 289
b72 141 202 174 236
b73 24 390 62 408
b74 193 282 211 311
b75 187 259 214 282
b76 106 200 120 212
b77 88 217 104 241
b78 389 361 415 404
b79 347 315 384 334
b80 254 170 269 184
b81 214 247 246 267
b82 326 59 359 91
b83 282 103 301 140
b84 382 196 425 233
b85 117 311 165 348
b86 386 321 410 345
b87 246 248 265 293
b88 295 369 338 397
b89 165 388 200 400
b90 0 390 24 435
b91 222 404 266 432
b92 40 237 82 261
b93 129 0 150 43
b94 150 265 165 281
b95 425 223 450 259
b96 338 164 383 189
b97 88 241 116 266
b98 214 286 240 302
b99 0 284 37 304
b100 304 256 331 281
b101 69 311 117 351
b102 347 290 385 315
b103 357 347 389 379
b104 364 100 389 136
b105 0 195 31 237
b106 266 408 300 447
b107 24 304 69 320
b108 211 302 244 314
b109 246 293 258 315
b110 20 367 64 390
b111 283 0 301 13
b112 168 241 214 259
b113 346 136 389 164
b114 244 59 283 78
b115 194 64 231 94
b116 338 407 375 449
b117 0 237 37 261
b118 408 161 447 196
b119 283 13 319 37
b120 174 226 219 241
b121 385 289 430 321
b122 74 281 117 311
b123 282 366 295 401
b124 347 334 386 347
b125 120 166 138 194
b126 300 397 338 425
b127 0 304 24 326
b128 116 240 152 265
b129 52 0 96 46
b130 364 55 408 100
b131 0 121 36 141
b132 300 206 338 222
b133 383 184 397 196
b134 330 128 346 157
b135 40 261 77 276
b136 282 165 301 189
b137 199 173 221 191
b138 300 425 330 447
b139 0 31 33 62
b140 152 236 168 248
b141 268 78 302 103
b142 254 194 300 221
b143 40 193 86 237
b144 88 175 117 200
b145 291 222 336 256
b146 159 129 193 162
b147 40 276 71 288
b148 321 42 346 59
b149 165 259 187 281
b150 164 77 194 90
b151 196 0 212 27
b152 96 0 129 33
b153 112 79 152 91
b154 64 393 108 435
b155 152 79 164 92
b156 207 94 226 136
b157 40 181 82 193
b158 340 347 357 375
b159 52 157 88 181
b160 347 278 383 290
b161 214 267 245 286
b162 231 93 243 123
b163 392 0 439 46
b164 259 221 291 248
b165 88 108 121 149
b166 0 326 12 362
b167 265 248 279 295
b168 339 91 364 128
b169 340 379 386 407
b170 12 345 57 367
b171 301 157 336 191
b172 0 96 31 121
b173 382 233 424 255
b174 383 164 408 184
b175 301 357 335 369
b176 52 46 72 62
b177 172 282 193 313
b178 244 150 260 170
b179 136 400 177 445
b180 239 37 260 56
b181 267 366 282 408
b182 117 299 150 311
b183 415 361 431 398
b184 0 367 20 386
b185 269 150 282 194
b186 123 395 136 443
b187 302 75 326 97
b188 219 223 259 247
b189 0 175 31 195
b190 0 62 37 96
b191 321 0 358 42
b192 150 281 172 309
b193 69 351 112 393
b194 408 46 450 89
b195 174 162 199 198
b196 301 341 340 357
b197 244 315 279 362
b198 410 321 432 361
b199 0 141 40 175
