2055837
3197289
914385
235 3891
516.202492
b0 45 1431 72 1446
b1 104 325 131 341
b2 69 2775 91 2801
b3 101 1278 122 1323
b4 111 2955 151 3000
b5 45 0 61 26
b6 77 2112 115 2139
b7 50 2318 85 2347
b8 88 900 109 936
b9 95 763 139 788
b10 86 1232 101 1263
b11 152 782 193 806
b12 134 3201 151 3220
b13 115 1478 148 1526
b14 144 97 188 118
b15 196 164 230 179
b16 170 2065 215 2107
b17 170 2028 211 2065
b18 57 3173 100 3217
b19 41 3521 77 3544
b20 69 2754 82 2771
b21 54 1493 82 1537
b22 170 394 205 423
b23 98 366 138 383
b24 23 3521 41 3545
b25 111 2033 140 2076
b26 176 43 203 61
b27 88 1135 126 1175
b28 188 0 212 12
b29 111 2777 140 2807
b30 122 297 142 325
b31 144 0 176 36
b32 123 1708 142 1730
b33 138 2530 183 2576
b34 138 2334 167 2346
b35 85 3451 97 3477
b36 69 2629 96 2659
b37 143 870 155 899
b38 94 1478 115 1497
b39 82 1478 94 1491
b40 134 659 153 706
b41 0 2403 36 2422
b42 92 2455 138 2480
b43 82 1784 121 1805
b44 61 880 88 904
b45 16 3801 40 3826
b46 69 3387 88 3400
b47 101 1744 143 1784
b48 60 1365 88 1399
b49 54 1537 78 1585
b50 94 659 113 673
b51 100 3133 114 3149
b52 153 164 190 182
b53 36 2801 72 2813
b54 108 2334 138 2368
b55 112 1921 138 1952
b56 162 950 208 981
b57 112 2823 159 2871
b58 98 3323 123 3348
b59 23 3584 70 3622
b60 64 1962 103 1978
b61 25 3741 56 3786
b62 23 3622 69 3658
b63 100 3155 136 3201
b64 134 706 167 721
b65 99 1805 112 1828
b66 36 2965 78 3010
b67 115 1526 129 1559
b68 119 788 147 833
b69 138 2503 174 2530
b70 166 203 182 248
b71 77 3064 111 3096
b72 16 3786 48 3801
b73 150 984 162 1030
b74 45 904 88 938
b75 98 383 118 420
b76 161 61 200 97
b77 72 2807 112 2825
b78 108 2318 150 2334
b79 78 2930 118 2955
b80 63 3689 99 3704
b81 120 1021 135 1053
b82 95 673 134 697
b83 94 1592 131 1633
b84 128 1633 162 1671
b85 77 420 111 463
b86 122 182 161 226
b87 112 1952 157 2000
b88 114 3111 143 3155
b89 74 2228 94 2270
b90 92 2431 138 2455
b91 108 2410 151 2431
b92 72 1431 117 1478
b93 138 2431 158 2455
b94 152 763 183 782
b95 0 3826 44 3863
b96 135 1065 181 1098
b97 54 1888 94 1903
b98 211 741 224 776
b99 111 3000 151 3017
b100 142 1526 186 1571
b101 107 2871 137 2907
b102 162 1571 202 1607
b103 133 592 167 626
b104 69 2740 111 2754
b105 94 1888 129 1921
b106 126 1135 138 1168
b107 88 984 120 999
b108 115 2149 152 2187
b109 148 488 190 534
b110 48 3786 87 3828
b111 161 182 174 203
b112 40 3716 70 3741
b113 167 2240 203 2264
b114 111 420 145 464
b115 88 1175 122 1197
b116 44 3828 72 3847
b117 94 571 133 592
b118 122 259 166 297
b119 106 3239 134 3284
b120 39 3485 75 3521
b121 61 673 95 711
b122 41 3564 84 3584
b123 125 488 148 524
b124 150 1030 181 1065
b125 122 721 168 763
b126 143 899 165 911
b127 0 3685 25 3728
b128 26 2375 70 2403
b129 94 3217 128 3239
b130 39 3284 69 3310
b131 26 2167 74 2212
b132 64 1978 82 2017
b133 77 3485 92 3528
b134 193 694 227 741
b135 92 2480 137 2495
b136 155 827 192 839
b137 78 1820 99 1848
b138 26 2347 68 2375
b139 125 534 161 571
b140 176 0 188 43
b141 110 1197 129 1242
b142 111 2740 138 2777
b143 96 2696 120 2721
b144 45 968 60 1008
b145 95 855 108 900
b146 94 1559 142 1592
b147 151 2871 181 2913
b148 39 3064 57 3084
b149 82 1684 129 1706
b150 63 3658 86 3689
b151 104 15 122 57
b152 96 2721 112 2740
b153 45 938 86 968
b154 122 0 144 17
b155 94 788 119 802
b156 112 2807 140 2823
b157 150 2203 170 2228
b158 92 3477 115 3490
b159 60 1399 104 1431
b160 183 678 210 694
b161 82 1633 128 1680
b162 153 626 184 644
b163 78 2033 111 2055
b164 154 2576 190 2617
b165 214 179 235 196
b166 39 3248 73 3284
b167 115 2112 151 2149
b168 138 1135 162 1176
b169 194 2107 218 2146
b170 48 2038 77 2083
b171 77 3133 99 3173
b172 104 341 131 354
b173 73 3265 98 3297
b174 116 2187 159 2203
b175 80 2541 95 2557
b176 61 711 94 749
b177 74 2167 115 2204
b178 135 626 152 645
b179 39 3451 85 3485
b180 129 1176 148 1216
b181 48 2139 78 2167
b182 125 464 170 488
b183 61 477 94 516
b184 121 2385 167 2410
b185 45 1446 72 1480
b186 122 118 153 151
b187 86 3648 122 3686
b188 69 3411 106 3451
b189 150 2228 194 2240
b190 70 3584 107 3611
b191 107 3542 123 3576
b192 138 2455 167 2503
b193 73 3248 106 3265
b194 54 1480 82 1493
b195 138 2717 171 2730
b196 131 325 172 366
b197 117 2629 154 2657
b198 64 1943 112 1962
b199 110 1242 141 1278
b200 120 1098 163 1135
b201 0 0 26 29
b202 109 870 143 909
b203 0 3863 15 3891
b204 94 626 135 659
b205 96 2629 117 2644
b206 36 2930 78 2965
b207 151 2000 184 2028
b208 77 15 104 35
b209 78 2076 123 2112
b210 68 2347 81 2371
b211 0 3728 16 3740
b212 86 1323 107 1365
b213 77 3528 109 3542
b214 158 2410 175 2437
b215 82 2754 111 2775
b216 70 3611 112 3630
b217 57 3064 77 3112
b218 109 855 152 870
b219 80 2371 108 2389
b220 120 984 150 1021
b221 118 2907 131 2952
b222 61 855 95 880
b223 26 1516 48 1535
b224 133 571 178 592
b225 121 1784 168 1822
b226 138 366 177 382
b227 78 2955 91 2987
b228 54 3544 75 3564
b229 26 2212 50 2260
b230 103 2000 133 2033
b231 48 1943 64 1973
b232 138 1822 180 1845
b233 140 2730 156 2743
b234 57 3230 90 3248
b235 80 2495 102 2541
b236 73 3348 100 3387
b237 78 1848 99 1888
b238 95 697 122 736
b239 94 833 134 855
b240 0 3107 23 3126
b241 129 1684 142 1708
b242 54 1903 76 1943
b243 95 2564 132 2598
b244 57 3217 94 3230
b245 88 3387 124 3411
b246 178 534 201 578
b247 138 2346 174 2385
b248 80 2598 123 2629
b249 72 2825 107 2852
b250 183 644 214 678
b251 109 950 152 984
b252 82 1719 101 1747
b253 25 3716 40 3729
b254 82 1706 106 1719
b255 146 911 193 950
b256 128 1671 149 1684
b257 122 226 139 259
b258 36 3030 80 3064
b259 170 382 196 394
b260 26 0 45 12
b261 80 2389 92 2434
b262 50 2270 77 2318
b263 184 118 231 164
b264 72 2907 117 2930
b265 77 0 122 15
b266 77 2270 122 2318
b267 106 3284 140 3323
b268 101 1719 123 1744
b269 109 911 146 929
b270 110 3096 133 3111
b271 74 2204 116 2228
b272 86 1197 110 1232
b273 77 35 98 65
b274 152 806 185 827
b275 102 2536 124 2564
b276 94 477 125 491
b277 150 2240 162 2287
b278 108 2368 121 2410
b279 0 3064 39 3107
b280 153 118 184 140
b281 69 3630 99 3648
b282 36 2403 80 2433
b283 82 1805 95 1820
b284 48 2017 78 2038
b285 148 1176 161 1209
b286 102 2495 138 2536
b287 120 2696 162 2717
b288 26 1480 54 1516
b289 77 3096 110 3133
b290 23 3658 39 3685
b291 78 2987 106 3030
b292 117 2657 141 2696
b293 88 1365 131 1384
b294 144 36 161 62
b295 77 464 120 477
b296 61 0 77 27
b297 25 3685 63 3716
b298 36 2433 69 2473
b299 41 3544 54 3557
