627191
727362
527020
260 2027
14.153989
b0 113 746 156 779
b1 81 383 146 420
b2 101 656 154 690
b3 71 1083 108 1150
b4 114 690 143 709
b5 61 1207 100 1256
b6 143 690 183 708
b7 39 974 61 1014
b8 26 1772 76 1834
b9 130 1136 146 1177
b10 24 1834 42 1886
b11 0 999 39 1058
b12 83 1313 144 1341
b13 24 1891 72 1948
b14 144 1242 207 1285
b15 101 604 160 656
b16 142 169 178 226
b17 57 578 101 644
b18 140 553 188 604
b19 72 169 103 219
b20 113 421 150 440
b21 140 503 204 553
b22 61 1416 110 1450
b23 72 0 92 49
b24 114 709 159 737
b25 72 219 126 258
b26 92 0 147 40
b27 160 604 185 669
b28 101 503 140 549
b29 0 1074 24 1136
b30 48 0 72 26
b31 26 1617 52 1651
b32 108 1083 151 1136
b33 87 1705 109 1740
b34 140 1416 167 1470
b35 17 0 48 38
b36 48 453 87 520
b37 93 862 113 922
b38 42 1834 65 1891
b39 57 807 109 862
b40 75 746 101 775
b41 194 0 221 55
b42 39 1450 101 1503
b43 92 123 153 169
b44 130 1195 195 1242
b45 113 440 136 484
b46 101 1450 140 1472
b47 48 420 113 453
b48 67 1948 124 1975
b49 147 0 194 65
b50 0 1948 67 1980
b51 71 1150 109 1207
b52 17 889 71 934
b53 61 1383 104 1404
b54 57 746 75 807
b55 101 1472 135 1528
b56 93 922 110 985
b57 0 1980 18 2027
b58 147 65 193 99
b59 72 258 122 295
b60 121 295 161 318
b61 48 295 81 318
b62 87 484 147 503
b63 116 1528 152 1573
b64 39 1503 89 1550
b65 57 690 114 746
b66 148 360 215 421
b67 17 934 61 974
b68 71 985 123 1048
b69 17 862 71 889
b70 121 318 163 360
b71 52 1617 116 1639
b72 39 1556 100 1617
b73 26 1705 87 1772
b74 83 1341 121 1383
b75 89 1528 108 1556
b76 71 862 93 895
b77 160 1285 226 1342
b78 123 779 159 811
b79 161 270 221 311
b80 48 520 64 578
b81 17 578 57 628
b82 83 1256 130 1313
b83 103 202 125 218
b84 81 361 148 383
b85 17 974 37 999
b86 204 421 260 458
b87 126 226 165 270
b88 130 99 167 123
b89 92 40 130 67
b90 103 169 142 202
b91 104 1383 160 1416
b92 0 1058 26 1074
b93 71 1048 136 1083
b94 146 1136 187 1195
b95 150 421 201 440
b96 81 295 121 361
b97 0 0 17 67
b98 61 1256 83 1318
b99 52 1639 101 1705
