579974.5
692534
467415
255 1833
14.120876
b0 0 1744 43 1777
b1 86 1522 151 1559
b2 172 80 225 114
b3 106 563 143 630
b4 0 0 29 19
b5 146 1113 185 1162
b6 164 62 204 80
b7 49 657 71 697
b8 0 1500 50 1562
b9 26 1240 42 1281
b10 90 1306 108 1358
b11 147 1054 186 1113
b12 143 549 204 577
b13 107 1162 155 1219
b14 29 1118 92 1161
b15 88 749 147 801
b16 136 119 172 176
b17 29 0 73 66
b18 42 1306 90 1357
b19 0 1562 31 1612
b20 106 630 143 649
b21 97 233 161 283
b22 49 816 98 850
b23 71 657 91 706
b24 132 959 177 987
b25 143 621 197 660
b26 147 1251 202 1291
b27 42 1411 67 1476
b28 97 119 136 165
b29 73 0 97 62
b30 138 386 162 412
b31 73 355 99 389
b32 50 1567 93 1620
b33 178 286 200 321
b34 42 1357 69 1411
b35 73 563 104 601
b36 49 749 88 816
b37 29 66 49 126
b38 106 649 129 706
b39 200 286 252 341
b40 0 19 26 48
b41 119 862 146 917
b42 161 233 223 286
b43 69 1260 130 1306
b44 140 502 205 549
b45 97 0 120 44
b46 107 1084 146 1106
b47 67 1001 132 1034
b48 99 475 156 502
b49 78 936 125 1001
b50 129 1219 196 1251
b51 29 916 67 973
b52 162 386 216 431
b53 26 1161 69 1182
b54 141 801 159 862
b55 0 1777 34 1833
b56 138 412 155 475
b57 67 1034 85 1081
b58 170 28 216 62
b59 51 1081 101 1118
b60 189 0 229 23
b61 114 1306 147 1329
b62 114 1329 174 1348
b63 50 1522 86 1567
b64 120 0 170 47
b65 49 601 106 657
b66 73 502 140 563
b67 120 47 164 87
b68 31 1620 83 1683
b69 71 722 125 749
b70 129 917 171 959
b71 50 1500 114 1522
b72 31 1683 92 1744
b73 147 987 208 1054
b74 69 1161 107 1203
b75 170 0 189 28
b76 29 973 51 1006
b77 136 176 202 233
b78 120 87 156 119
b79 69 1219 129 1260
b80 26 1182 42 1240
b81 107 1034 147 1084
b82 208 611 255 668
b83 119 801 141 817
b84 43 1744 110 1766
b85 99 355 119 380
b86 97 283 153 320
b87 143 577 182 621
b88 26 1476 63 1500
b89 178 341 216 368
b90 83 1620 122 1653
b91 196 1054 252 1087
b92 91 706 117 722
b93 73 320 138 355
b94 78 850 119 909
b95 78 917 129 936
b96 138 320 178 386
b97 119 355 136 422
b98 204 549 226 611
b99 29 850 78 916
