375005.75
559042.5
190969
437 437
29.721224
b0 0 290 36 306
b1 312 181 331 220
b2 369 164 404 205
b3 48 286 66 333
b4 287 255 313 287
b5 338 338 373 369
b6 388 334 401 363
b7 142 79 170 100
b8 330 404 362 419
b9 77 351 111 397
b10 293 359 338 391
b11 94 0 108 36
b12 0 181 36 223
b13 261 143 309 188
b14 366 90 381 115
b15 31 357 77 402
b16 108 40 130 58
b17 287 326 313 359
b18 44 133 78 152
b19 81 237 111 249
b20 338 305 366 338
b21 204 171 243 215
b22 404 154 430 193
b23 287 214 312 254
b24 229 382 244 407
b25 94 58 130 94
b26 148 286 191 311
b27 373 298 388 332
b28 388 368 434 406
b29 346 252 358 289
b30 316 0 333 27
b31 331 164 368 180
b32 76 319 99 351
b33 168 327 186 363
b34 312 143 331 181
b35 373 374 388 407
b36 288 119 316 131
b37 410 221 431 237
b38 279 188 312 214
b39 130 0 172 30
b40 136 407 177 435
b41 404 138 420 154
b42 160 189 204 208
b43 167 252 207 286
b44 48 259 64 286
b45 422 0 436 37
b46 111 237 159 252
b47 113 122 127 145
b48 19 306 43 332
b49 179 396 210 436
b50 204 138 246 171
b51 17 105 44 153
b52 233 35 260 72
b53 190 46 207 64
b54 148 311 191 327
b55 228 295 241 341
b56 207 46 229 71
b57 185 99 204 147
b58 288 100 329 119
b59 81 154 127 200
b60 368 134 403 164
b61 91 252 124 286
b62 244 384 289 421
b63 312 220 327 255
b64 0 0 48 47
b65 407 86 437 119
b66 0 343 31 374
b67 160 208 197 252
b68 413 331 437 366
b69 42 47 61 85
b70 253 421 289 435
b71 0 47 42 81
b72 48 0 81 34
b73 331 180 369 198
b74 254 355 272 384
b75 231 355 254 382
b76 323 27 337 39
b77 12 153 36 169
b78 204 112 247 138
b79 0 306 19 343
b80 368 115 382 130
b81 12 416 44 436
b82 0 257 32 290
b83 247 123 284 142
b84 337 0 380 37
b85 44 85 81 133
b86 413 237 437 261
b87 210 377 229 422
b88 251 188 279 231
b89 288 28 323 40
b90 31 333 76 357
b91 115 200 159 228
b92 264 81 288 123
b93 164 100 185 143
b94 66 222 81 238
b95 66 249 91 285
b96 36 197 81 222
b97 313 326 338 354
b98 330 419 356 435
b99 191 286 228 306
b100 382 89 407 116
b101 204 72 252 112
b102 204 215 242 240
b103 81 122 113 154
b104 228 270 264 295
b105 0 374 31 416
b106 251 231 285 270
b107 381 44 397 89
b108 112 357 124 390
b109 252 81 264 103
b110 264 270 287 314
b111 241 295 254 313
b112 0 223 46 241
b113 124 252 167 280
b114 264 314 283 353
b115 329 90 366 120
b116 397 44 434 86
b117 362 407 399 431
b118 239 0 278 35
b119 399 406 435 430
b120 246 142 261 187
b121 377 205 409 250
b122 196 0 239 30
b123 61 50 74 85
b124 99 298 112 337
b125 38 241 66 259
b126 278 0 316 28
b127 172 0 196 22
b128 112 298 148 323
b129 288 40 334 84
b130 36 153 81 197
b131 211 341 231 377
b132 0 241 38 257
b133 229 407 241 421
b134 332 289 361 305
b135 175 22 190 59
b136 320 120 344 139
b137 382 116 404 134
b138 413 261 435 291
b139 179 363 210 396
b140 241 421 253 437
b141 112 323 137 357
b142 260 35 287 81
b143 366 252 410 298
b144 226 240 251 269
b145 91 397 136 431
b146 313 255 346 289
b147 210 422 241 434
b148 127 181 152 198
b149 137 343 159 365
b150 174 64 204 77
b151 32 259 48 286
b152 66 286 99 319
b153 130 52 142 92
b154 380 0 422 44
b155 0 416 12 429
b156 207 240 226 282
b157 373 332 385 374
b158 0 105 17 133
b159 0 81 36 105
b160 0 133 12 169
b161 404 119 435 138
b162 99 286 129 298
b163 331 205 377 252
b164 142 52 174 79
b165 127 140 160 181
b166 284 131 320 143
b167 334 76 381 90
b168 307 289 332 326
b169 81 94 127 122
b170 130 30 175 52
b171 338 369 372 404
b172 186 327 211 358
b173 241 313 263 355
b174 331 139 351 164
b175 401 334 413 368
b176 61 34 81 50
b177 191 306 222 327
b178 148 327 168 343
b179 289 391 330 436
b180 272 359 293 378
b181 351 120 366 162
b182 0 169 33 181
b183 196 30 233 46
b184 46 222 66 241
b185 81 48 94 92
b186 81 0 94 48
b187 174 77 198 99
b188 413 291 437 331
b189 287 287 307 318
b190 81 200 115 237
b191 334 39 376 76
b192 409 193 431 221
b193 136 365 179 407
b194 160 147 203 189
b195 388 298 413 334
b196 288 84 327 100
b197 44 402 91 437
b198 108 0 130 40
b199 130 100 164 140
