2128779.25
3152711.5
1104847
289 3823
872.087958
b0 131 2566 158 2581
b1 66 2920 93 2936
b2 87 3234 109 3260
b3 45 2862 66 2907
b4 101 860 141 905
b5 71 3692 87 3718
b6 47 2274 85 2301
b7 151 477 186 506
b8 138 3046 159 3082
b9 164 1036 208 1061
b10 84 2011 99 2042
b11 79 1499 120 1523
b12 95 1465 112 1484
b13 124 3088 157 3136
b14 122 591 166 612
b15 112 2581 146 2596
b16 0 2344 45 2386
b17 29 3064 70 3101
b18 141 860 184 904
b19 140 196 176 219
b20 58 2192 71 2209
b21 238 1337 266 1381
b22 129 989 164 1018
b23 96 2097 136 2114
b24 58 2168 76 2192
b25 34 2301 63 2344
b26 58 2150 85 2168
b27 45 2822 83 2862
b28 179 540 203 552
b29 46 3503 75 3533
b30 55 3533 75 3561
b31 193 220 225 256
b32 53 2128 72 2150
b33 61 3432 106 3478
b34 122 429 151 441
b35 209 256 221 282
b36 54 1833 81 1863
b37 28 3563 40 3592
b38 101 44 122 63
b39 212 118 224 131
b40 99 2011 118 2058
b41 127 1615 163 1634
b42 100 1964 146 1989
b43 105 2765 144 2786
b44 75 3503 102 3527
b45 34 2150 58 2175
b46 237 0 256 13
b47 145 612 187 652
b48 70 2979 98 3013
b49 27 3621 51 3669
b50 189 928 208 942
b51 45 2368 59 2384
b52 0 3805 37 3823
b53 55 3561 91 3573
b54 70 3152 100 3186
b55 163 928 189 959
b56 196 399 242 430
b57 142 2363 189 2411
b58 87 2554 112 2579
b59 173 1082 220 1120
b60 27 3669 66 3685
b61 30 3438 61 3483
b62 83 2884 129 2920
b63 66 3646 102 3692
b64 0 3739 33 3754
b65 127 1749 140 1772
b66 170 99 212 144
b67 176 246 190 279
b68 119 1919 147 1964
b69 101 777 137 804
b70 127 1570 143 1615
b71 154 2445 188 2477
b72 113 612 145 627
b73 182 2223 194 2269
b74 76 2170 119 2204
b75 92 2667 112 2704
b76 112 2667 151 2703
b77 172 1488 212 1506
b78 13 3547 55 3563
b79 105 1120 145 1145
b80 87 2449 123 2464
b81 87 2579 102 2611
b82 163 904 202 928
b83 172 279 209 320
b84 163 1450 197 1488
b85 0 0 34 43
b86 101 0 140 44
b87 151 429 196 477
b88 202 708 231 752
b89 104 3130 124 3172
b90 176 196 222 220
b91 194 1757 237 1778
b92 34 0 79 47
b93 34 47 54 71
b94 111 2363 142 2382
b95 111 2252 155 2289
b96 59 2765 105 2798
b97 196 384 236 399
b98 50 3101 63 3136
b99 0 3722 40 3739
b100 143 1570 187 1615
b101 130 2114 160 2150
b102 87 1837 127 1873
b103 179 2171 213 2205
b104 85 1749 127 1763
b105 59 2716 94 2749
b106 129 2805 141 2838
b107 140 219 172 234
b108 51 3608 88 3646
b109 113 731 155 777
b110 45 3022 84 3064
b111 174 1061 187 1082
b112 61 3478 91 3503
b113 166 1721 202 1745
b114 203 0 237 44
b115 70 3130 104 3152
b116 212 99 240 118
b117 155 2150 194 2171
b118 84 1670 128 1708
b119 140 384 168 429
b120 83 1909 119 1945
b121 111 2411 145 2449
b122 84 1523 127 1543
b123 108 1634 131 1670
b124 170 144 201 179
b125 92 3046 138 3088
b126 29 3426 51 3438
b127 45 2979 70 3022
b128 87 2526 131 2554
b129 100 1282 134 1304
b130 140 0 170 26
b131 134 1282 182 1327
b132 70 3186 88 3225
b133 66 2936 81 2979
b134 199 989 233 1036
b135 123 2477 168 2492
b136 201 144 238 156
b137 168 2504 189 2532
b138 244 242 286 270
b139 127 1459 163 1496
b140 101 63 113 106
b141 49 3342 68 3387
b142 139 2326 166 2363
b143 96 3273 120 3298
b144 158 1076 173 1116
b145 56 3387 69 3432
b146 92 3013 140 3046
b147 92 3088 122 3130
b148 93 3527 111 3547
b149 83 1989 130 2011
b150 237 38 260 69
b151 149 1387 167 1429
b152 123 1772 139 1791
b153 40 3756 81 3786
b154 140 2838 162 2855
b155 30 3533 55 3547
b156 50 3298 78 3314
b157 29 3141 49 3166
b158 107 2845 130 2858
b159 158 1120 202 1152
b160 122 572 149 588
b161 83 2798 129 2845
b162 126 1441 157 1459
b163 71 2252 104 2274
b164 105 1241 141 1282
b165 170 179 191 196
b166 81 1873 115 1909
b167 27 3685 63 3722
b168 105 918 129 959
b169 155 2171 179 2210
b170 137 815 166 860
b171 236 202 258 242
b172 203 44 230 57
b173 122 441 147 473
b174 84 1543 127 1559
b175 13 3563 28 3579
b176 256 0 289 38
b177 240 82 281 119
b178 85 2151 102 2170
b179 208 1303 254 1337
b180 34 71 53 111
b181 49 3314 79 3342
b182 186 477 231 501
b183 170 0 203 39
b184 50 3273 96 3298
b185 123 2492 150 2526
b186 85 1763 116 1796
b187 127 1532 163 1570
b188 131 2526 168 2566
b189 194 1745 238 1757
b190 145 2596 182 2623
b191 79 1465 95 1499
b192 182 1255 211 1303
b193 203 82 236 99
b194 101 905 129 918
b195 155 2210 188 2223
b196 85 1708 126 1749
b197 108 2596 145 2624
b198 149 572 197 591
b199 54 1708 85 1744
b200 139 2289 182 2326
b201 13 3592 39 3621
b202 146 692 180 731
b203 126 1721 141 1749
b204 184 652 225 685
b205 93 2920 114 2935
b206 51 3573 93 3608
b207 113 692 146 720
b208 54 1863 81 1883
b209 127 1496 172 1532
b210 59 2798 72 2822
b211 30 3483 46 3495
b212 79 930 100 972
b213 147 540 179 554
b214 83 1945 100 1972
b215 0 2386 29 2407
b216 161 365 203 384
b217 93 2204 113 2252
b218 113 1372 156 1387
b219 111 2289 139 2307
b220 53 1909 83 1946
b221 134 1327 147 1372
b222 198 2205 232 2230
b223 70 3064 92 3083
b224 163 1429 208 1450
b225 137 777 184 815
b226 140 2855 179 2871
b227 100 1304 113 1336
b228 100 3214 121 3234
b229 87 2274 111 2322
b230 130 2703 160 2736
b231 92 2611 108 2641
b232 202 685 244 708
b233 230 69 246 82
b234 222 184 255 202
b235 145 1152 167 1198
b236 29 3387 56 3426
b237 29 3101 50 3141
b238 84 2058 111 2097
b239 133 1219 173 1241
b240 129 2786 152 2805
b241 34 2243 47 2267
b242 71 2204 93 2244
b243 34 2209 71 2243
b244 63 3260 100 3273
b245 94 2716 130 2740
b246 129 1076 152 1120
b247 100 1387 136 1426
b248 53 2097 96 2128
b249 164 989 199 1016
b250 40 3722 71 3756
b251 151 506 194 540
b252 222 156 241 184
b253 187 591 202 604
b254 63 3225 87 3238
b255 79 1426 126 1465
b256 140 234 161 247
b257 13 3438 30 3471
b258 154 2411 198 2445
b259 79 918 105 930
b260 92 2704 111 2716
b261 172 320 184 365
b262 0 3621 27 3669
b263 119 1873 166 1919
b264 85 2128 130 2151
b265 129 1061 174 1076
b266 152 2736 197 2784
b267 129 905 163 944
b268 94 2740 116 2765
b269 147 554 184 572
b270 126 1426 149 1441
b271 45 2344 87 2368
b272 84 1559 108 1594
b273 79 3298 100 3328
b274 59 2611 92 2632
b275 79 0 101 28
b276 123 2449 154 2463
b277 106 3298 118 3345
b278 104 3172 117 3214
b279 108 2624 147 2667
b280 53 2011 84 2033
b281 54 1523 84 1541
b282 163 959 207 989
b283 145 1120 158 1135
b284 145 1198 175 1219
b285 0 2407 13 2440
b286 87 1796 123 1837
b287 162 2784 204 2805
b288 173 1219 201 1255
b289 54 1796 87 1833
b290 168 2477 184 2504
b291 105 1145 133 1188
b292 83 2845 107 2884
b293 33 3786 76 3805
b294 176 220 193 246
b295 126 1708 169 1721
b296 169 1615 185 1642
b297 167 1152 205 1183
b298 145 652 178 692
b299 241 119 254 132
