1149814.25
1691580.5
608048
244 2492
211.34565
b0 150 181 186 197
b1 110 390 129 429
b2 13 2327 54 2362
b3 48 1204 66 1251
b4 116 0 142 32
b5 85 961 120 992
b6 99 795 128 808
b7 157 1234 185 1255
b8 69 369 101 384
b9 66 1204 112 1238
b10 27 2051 72 2083
b11 85 1256 99 1292
b12 121 1584 157 1626
b13 121 1626 169 1671
b14 13 2254 28 2279
b15 166 70 211 116
b16 30 888 48 910
b17 137 911 170 937
b18 88 1497 122 1516
b19 0 0 30 12
b20 82 336 110 369
b21 27 2215 71 2254
b22 105 181 131 220
b23 63 1134 103 1159
b24 30 1366 55 1381
b25 114 1035 150 1071
b26 131 745 174 770
b27 114 1972 148 1987
b28 28 1974 74 2012
b29 27 2111 39 2148
b30 116 32 133 59
b31 86 566 123 582
b32 121 961 144 993
b33 135 528 153 564
b34 131 181 150 219
b35 61 1834 76 1867
b36 105 279 133 291
b37 101 369 117 390
b38 104 911 137 937
b39 52 2254 82 2296
b40 77 687 105 728
b41 82 1310 98 1326
b42 63 1310 82 1354
b43 45 776 85 810
b44 142 0 169 16
b45 28 1409 42 1446
b46 48 1086 96 1101
b47 18 2448 41 2462
b48 69 384 93 410
b49 91 1803 131 1834
b50 30 1292 63 1334
b51 0 55 27 103
b52 98 529 125 566
b53 96 1063 113 1081
b54 94 2055 137 2071
b55 33 2390 46 2436
b56 116 70 138 95
b57 104 115 123 163
b58 48 1251 67 1292
b59 103 1671 149 1717
b60 55 891 85 926
b61 65 2181 98 2215
b62 63 1159 100 1204
b63 30 0 45 35
b64 55 1449 102 1497
b65 136 95 166 128
b66 213 0 244 31
b67 55 854 99 891
b68 78 1717 113 1741
b69 64 618 83 656
b70 54 2327 90 2341
b71 76 1840 118 1874
b72 55 1053 89 1086
b73 42 1694 60 1732
b74 85 1238 114 1256
b75 98 992 121 1019
b76 85 948 99 960
b77 45 0 69 16
b78 158 333 184 376
b79 78 1741 97 1778
b80 114 1071 128 1086
b81 104 95 136 115
b82 45 672 77 705
b83 85 911 104 948
b84 89 629 132 666
b85 63 1354 111 1391
b86 75 1645 99 1669
b87 105 666 150 685
b88 0 12 28 55
b89 129 333 141 368
b90 125 255 170 279
b91 136 128 180 156
b92 99 887 141 911
b93 74 1932 117 1953
b94 64 656 79 672
b95 60 1778 96 1803
b96 39 2111 64 2156
b97 30 1381 55 1409
b98 138 1747 154 1773
b99 150 937 187 957
b100 88 1874 115 1899
b101 77 728 117 776
b102 142 16 167 54
b103 30 1334 62 1366
b104 42 1669 78 1694
b105 28 2296 70 2327
b106 87 2136 121 2175
b107 98 1019 143 1035
b108 99 949 132 961
b109 104 0 116 22
b110 96 1111 140 1134
b111 104 163 122 176
b112 0 2424 18 2470
b113 110 474 153 502
b114 85 776 124 795
b115 113 1717 150 1747
b116 126 291 163 333
b117 46 2362 70 2399
b118 169 0 208 35
b119 131 219 155 255
b120 126 429 141 474
b121 99 808 131 853
b122 55 992 98 1022
b123 0 103 13 138
b124 28 2012 41 2051
b125 96 1035 114 1063
b126 27 2083 65 2111
b127 28 1867 52 1889
b128 113 1086 149 1111
b129 74 1391 118 1437
b130 82 291 126 336
b131 52 1954 88 1974
b132 128 685 166 701
b133 104 937 118 949
b134 150 1671 179 1687
b135 76 1803 91 1840
b136 114 1953 138 1972
b137 63 1292 85 1310
b138 131 770 161 792
b139 174 720 207 751
b140 129 368 141 384
b141 30 854 55 888
b142 61 1874 88 1920
b143 75 1584 121 1628
b144 144 792 169 821
b145 99 853 144 887
b146 0 2390 33 2424
b147 55 1022 67 1053
b148 103 1134 120 1159
b149 52 1932 74 1954
b150 141 333 154 363
b151 110 429 126 456
b152 28 1834 61 1867
b153 118 502 158 514
b154 45 810 87 854
b155 86 529 98 542
b156 164 957 183 999
b157 61 1920 103 1932
b158 75 1628 103 1645
b159 28 2254 52 2290
b160 62 1391 74 1427
b161 45 443 64 474
b162 62 1437 92 1449
b163 89 582 135 629
b164 86 502 118 529
b165 45 410 86 443
b166 69 176 105 188
b167 118 514 165 528
b168 123 156 160 181
b169 88 1556 134 1584
b170 65 2136 87 2181
b171 69 0 104 34
b172 88 1516 119 1541
b173 0 2470 42 2492
b174 67 1022 92 1042
b175 33 2436 67 2448
b176 114 1159 134 1175
b177 42 1803 63 1834
b178 105 220 125 236
b179 72 2095 117 2136
b180 83 666 102 687
b181 48 1101 63 1143
b182 42 1497 75 1509
b183 122 1218 159 1234
b184 159 701 179 720
b185 69 188 82 232
b186 75 1497 88 1545
b187 128 721 150 745
b188 86 410 110 450
b189 128 701 159 721
b190 74 1974 111 2008
b191 166 411 208 448
b192 13 2362 35 2390
b193 72 2012 114 2055
b194 122 1175 164 1218
b195 64 582 89 618
b196 133 54 172 70
b197 166 376 213 411
b198 72 2055 94 2095
b199 119 1516 153 1556
