570314.25
838684.5
301944
552 547
543.608283
b0 114 496 141 511
b1 73 169 89 196
b2 425 510 451 532
b3 128 368 173 389
b4 265 472 310 512
b5 119 310 145 326
b6 517 389 544 427
b7 352 50 381 85
b8 421 336 442 372
b9 508 178 552 203
b10 226 30 257 45
b11 525 135 549 176
b12 177 279 194 298
b13 220 178 268 211
b14 145 33 189 54
b15 165 517 199 532
b16 263 44 305 89
b17 407 194 448 231
b18 358 233 401 277
b19 243 211 266 247
b20 243 261 260 274
b21 268 417 312 445
b22 510 106 545 135
b23 61 27 78 67
b24 471 467 495 485
b25 0 27 43 56
b26 457 495 475 522
b27 273 340 313 378
b28 381 95 405 107
b29 181 130 210 160
b30 420 0 448 20
b31 237 307 273 339
b32 281 224 303 243
b33 472 400 517 446
b34 316 352 328 381
b35 199 407 225 419
b36 0 337 30 364
b37 187 373 199 402
b38 489 211 508 232
b39 61 67 74 79
b40 449 77 496 96
b41 176 213 195 249
b42 235 282 281 307
b43 466 446 505 467
b44 209 345 233 372
b45 449 50 474 74
b46 217 502 236 515
b47 339 85 381 125
b48 0 364 34 392
b49 195 258 243 282
b50 517 427 531 446
b51 73 196 87 212
b52 263 123 300 141
b53 34 470 46 506
b54 80 134 110 168
b55 377 125 403 156
b56 0 439 46 470
b57 0 190 47 238
b58 308 221 333 246
b59 34 344 81 382
b60 481 38 497 77
b61 367 500 412 531
b62 339 308 385 344
b63 385 324 421 370
b64 373 218 406 233
b65 316 339 339 352
b66 472 345 517 387
b67 387 0 420 14
b68 524 0 552 45
b69 268 445 304 472
b70 0 321 45 337
b71 497 72 531 104
b72 425 495 457 510
b73 308 142 320 188
b74 111 0 145 43
b75 136 198 173 218
b76 237 339 273 378
b77 195 282 235 300
b78 87 460 103 502
b79 223 110 263 135
b80 531 70 546 106
b81 293 243 308 275
b82 500 0 524 39
b83 346 0 387 37
b84 199 373 237 407
b85 263 89 306 123
b86 270 378 314 417
b87 92 89 140 134
b88 133 281 177 310
b89 173 193 215 213
b90 78 41 102 87
b91 504 135 525 178
b92 0 392 45 439
b93 418 372 442 392
b94 382 277 401 308
b95 439 260 476 304
b96 306 81 339 127
b97 81 372 121 387
b98 281 312 316 325
b99 27 82 67 99
b100 279 0 324 44
b101 243 0 279 30
b102 144 54 184 90
b103 517 324 551 358
b104 243 247 285 261
b105 511 252 544 287
b106 286 512 319 524
b107 449 35 481 50
b108 388 462 425 500
b109 407 148 449 194
b110 220 135 259 177
b111 266 221 279 242
b112 199 419 224 449
b113 45 382 69 418
b114 92 196 136 230
b115 530 446 552 480
b116 316 311 335 339
b117 46 418 67 457
b118 401 267 439 311
b119 47 214 92 242
b120 314 381 350 417
b121 0 470 34 508
b122 114 527 157 547
b123 305 44 328 80
b124 517 358 552 389
b125 102 43 144 89
b126 294 325 316 337
b127 312 268 337 311
b128 70 502 114 530
b129 373 196 407 218
b130 478 181 504 211
b131 187 300 235 345
b132 43 27 61 66
b133 339 172 382 187
b134 411 77 445 124
b135 0 290 45 305
b136 339 366 376 378
b137 46 457 67 485
b138 475 485 503 527
b139 0 253 36 290
b140 225 407 237 450
b141 320 142 339 187
b142 0 56 27 93
b143 141 490 165 515
b144 449 223 489 238
b145 472 387 517 400
b146 172 160 220 193
b147 145 310 187 340
b148 449 139 467 159
b149 437 238 484 260
b150 140 126 163 157
b151 376 370 418 388
b152 67 460 86 476
b153 444 304 474 345
b154 70 476 87 498
b155 505 446 530 460
b156 503 467 519 495
b157 239 483 264 503
b158 467 139 480 162
b159 427 451 459 495
b160 420 50 436 77
b161 81 326 128 372
b162 192 44 210 75
b163 476 284 509 306
b164 135 245 176 281
b165 475 0 492 21
b166 45 310 81 344
b167 474 306 510 343
b168 328 40 352 81
b169 0 508 39 532
b170 220 454 265 483
b171 382 156 404 196
b172 489 232 502 259
b173 36 257 61 289
b174 0 305 43 321
b175 319 127 335 142
b176 237 378 270 416
b177 510 287 551 324
b178 481 21 500 38
b179 339 187 373 233
b180 181 90 200 130
b181 420 20 448 50
b182 449 96 494 120
b183 103 457 136 496
b184 281 178 306 224
b185 165 490 199 517
b186 308 188 339 221
b187 67 422 103 460
b188 427 411 464 451
b189 192 0 204 44
b190 136 218 173 245
b191 45 294 79 310
b192 449 162 478 210
b193 260 261 293 278
b194 136 157 164 170
b195 0 133 13 166
b196 92 269 133 310
b197 310 468 338 505
b198 449 120 497 139
b199 406 231 437 267
b200 263 141 306 178
b201 312 417 341 443
b202 388 428 427 462
b203 91 310 119 325
b204 78 0 111 41
b205 273 325 294 340
b206 69 387 111 422
b207 52 120 80 153
b208 384 75 411 95
b209 150 407 195 443
b210 442 378 466 391
b211 473 211 489 223
b212 145 12 187 33
b213 78 87 92 119
b214 226 0 243 27
b215 44 99 73 120
b216 423 392 465 411
b217 502 232 550 252
b218 45 242 88 257
b219 199 479 217 507
b220 61 257 91 294
b221 184 75 229 88
b222 518 45 552 70
b223 217 483 239 502
b224 52 169 73 214
b225 339 125 377 172
b226 128 326 144 365
b227 352 37 384 50
b228 200 107 221 127
b229 46 485 70 533
b230 442 345 472 378
b231 256 512 286 528
b232 480 139 503 181
b233 381 107 397 120
b234 500 39 518 72
b235 339 344 385 366
b236 39 0 78 27
b237 223 89 263 110
b238 0 0 39 27
b239 204 0 226 40
b240 200 88 223 107
b241 449 210 473 223
b242 324 0 346 40
b243 350 388 384 425
b244 341 425 378 438
b245 384 51 420 75
b246 89 173 133 196
b247 384 392 423 428
b248 339 277 382 308
b249 448 0 475 35
b250 281 278 312 312
b251 103 423 146 457
b252 349 438 377 457
b253 259 30 274 43
b254 0 166 13 190
b255 13 133 52 180
b256 401 311 422 324
b257 164 126 181 159
b258 0 99 44 133
b259 27 56 39 82
b260 459 467 471 486
b261 114 515 159 527
b262 319 505 367 532
b263 150 443 196 490
b264 304 445 349 468
b265 0 238 45 253
b266 195 213 243 258
b267 111 389 150 423
b268 422 311 444 336
b269 150 389 187 407
b270 241 503 256 526
b271 404 124 446 148
b272 476 260 511 284
b273 349 457 379 478
b274 355 478 388 499
b275 187 345 209 373
b276 136 457 150 488
b277 145 0 192 12
b278 199 515 241 528
b279 92 230 135 269
b280 308 246 339 268
b281 177 249 195 279
b282 229 45 259 89
b283 497 104 510 119
b284 199 449 220 479
b285 412 500 425 533
b286 140 90 181 126
b287 508 203 550 224
b288 136 170 172 198
b289 387 14 420 51
b290 503 495 519 522
b291 144 340 187 368
b292 110 134 134 173
b293 339 233 358 276
b294 338 478 355 504
b295 268 178 281 221
b296 52 153 79 169
b297 237 416 268 454
b298 519 480 552 520
b299 306 127 319 140
