571504
845480
297528
539 552
543.446658
b0 513 57 528 84
b1 102 430 118 457
b2 240 0 266 22
b3 458 132 503 153
b4 99 210 144 250
b5 467 229 493 245
b6 285 0 312 38
b7 474 456 503 491
b8 47 74 68 110
b9 467 431 511 456
b10 211 470 242 485
b11 144 205 185 229
b12 228 402 247 419
b13 118 46 166 79
b14 24 454 45 498
b15 180 263 195 297
b16 46 491 91 533
b17 99 250 136 291
b18 84 315 127 359
b19 75 251 98 287
b20 36 266 53 279
b21 490 313 534 341
b22 40 113 75 142
b23 397 117 437 134
b24 313 407 331 431
b25 15 284 44 327
b26 313 34 340 52
b27 0 179 38 219
b28 187 427 199 451
b29 242 468 272 497
b30 493 59 513 87
b31 197 267 233 299
b32 458 78 480 97
b33 197 188 243 233
b34 499 269 528 281
b35 298 434 324 446
b36 344 428 371 458
b37 405 309 434 321
b38 177 154 196 175
b39 467 59 479 72
b40 358 241 405 260
b41 333 85 369 104
b42 44 282 69 328
b43 324 510 363 531
b44 298 197 322 224
b45 38 228 62 253
b46 167 35 180 54
b47 298 260 340 300
b48 448 153 482 181
b49 376 446 424 470
b50 0 262 19 276
b51 322 197 338 211
b52 149 495 186 513
b53 118 79 154 91
b54 144 175 178 205
b55 272 268 298 299
b56 443 491 489 522
b57 404 321 452 368
b58 511 32 536 57
b59 358 260 405 298
b60 405 293 444 309
b61 474 0 505 45
b62 118 0 154 46
b63 467 385 503 431
b64 219 333 252 348
b65 96 404 119 417
b66 298 315 343 357
b67 117 91 150 105
b68 402 0 430 45
b69 324 474 351 510
b70 376 399 392 444
b71 505 0 539 32
b72 473 534 505 549
b73 335 149 381 161
b74 0 219 34 262
b75 437 39 474 59
b76 236 294 272 333
b77 167 346 185 386
b78 430 23 472 39
b79 0 113 40 138
b80 199 96 235 111
b81 326 245 358 260
b82 69 291 108 315
b83 62 210 99 251
b84 503 111 537 149
b85 503 385 537 428
b86 45 328 84 372
b87 331 380 376 428
b88 45 440 89 469
b89 198 0 240 20
b90 280 60 326 84
b91 298 224 341 245
b92 333 104 380 149
b93 145 125 165 149
b94 228 361 259 380
b95 82 173 126 210
b96 0 498 46 531
b97 0 276 15 316
b98 89 430 102 465
b99 127 150 144 190
b100 494 341 539 385
b101 92 513 122 549
b102 407 470 443 510
b103 312 0 346 34
b104 38 142 52 184
b105 236 146 269 181
b106 72 372 84 405
b107 298 357 313 389
b108 298 159 335 197
b109 363 510 409 552
b110 397 134 439 173
b111 266 445 279 466
b112 505 281 535 306
b113 341 204 365 240
b114 197 233 241 267
b115 313 357 347 379
b116 439 59 467 78
b117 190 451 211 490
b118 448 184 486 228
b119 41 395 69 440
b120 392 410 428 446
b121 409 510 443 548
b122 166 54 209 74
b123 81 48 117 71
b124 167 0 198 35
b125 282 480 324 526
b126 53 253 75 265
b127 203 385 228 428
b128 270 146 298 190
b129 282 526 316 548
b130 505 525 535 551
b131 33 29 81 74
b132 29 533 68 551
b133 426 278 469 293
b134 144 229 191 263
b135 298 300 343 315
b136 196 176 233 188
b137 402 45 430 66
b138 165 126 207 154
b139 410 173 447 209
b140 84 359 127 371
b141 439 78 458 123
b142 226 22 263 49
b143 360 355 384 380
b144 335 161 375 176
b145 486 184 499 229
b146 0 0 33 48
b147 52 146 82 188
b148 165 328 185 346
b149 185 74 232 96
b150 41 372 72 395
b151 369 57 387 99
b152 376 380 392 399
b153 268 376 298 417
b154 19 262 36 284
b155 298 145 323 159
b156 313 379 329 407
b157 112 493 137 513
b158 346 0 359 23
b159 235 114 279 146
b160 324 458 351 474
b161 119 404 165 451
b162 154 79 185 97
b163 0 48 33 70
b164 75 110 116 146
b165 209 53 230 70
b166 282 446 318 480
b167 112 457 149 493
b168 392 368 433 392
b169 197 299 236 323
b170 116 105 145 150
b171 38 188 60 228
b172 347 322 360 349
b173 423 246 448 278
b174 489 491 505 534
b175 198 535 213 551
b176 84 371 122 404
b177 0 390 41 427
b178 53 265 72 282
b179 433 407 467 453
b180 351 458 370 498
b181 268 417 298 445
b182 493 87 538 111
b183 326 52 365 85
b184 211 485 236 531
b185 511 428 538 462
b186 443 456 474 489
b187 162 513 198 551
b188 122 513 162 550
b189 360 322 404 334
b190 243 181 270 218
b191 165 97 199 113
b192 33 0 81 29
b193 144 154 177 171
b194 298 245 326 258
b195 165 113 198 126
b196 149 454 190 495
b197 505 475 533 512
b198 448 228 467 276
b199 374 183 410 214
b200 185 348 228 385
b201 211 441 237 470
b202 387 83 426 117
b203 150 97 165 125
b204 0 138 33 179
b205 405 278 426 293
b206 138 293 180 328
b207 270 190 298 223
b208 324 431 344 458
b209 68 74 113 110
b210 72 405 96 418
b211 126 190 138 206
b212 360 334 402 355
b213 479 45 511 59
b214 380 117 397 144
b215 0 531 29 552
b216 235 95 277 114
b217 92 465 112 513
b218 343 260 358 303
b219 405 246 423 274
b220 136 263 173 293
b221 105 0 118 45
b222 185 323 219 348
b223 266 0 285 22
b224 277 223 298 268
b225 452 315 490 362
b226 381 144 397 183
b227 199 428 231 441
b228 60 188 80 209
b229 81 0 105 48
b230 15 328 45 361
b231 0 361 30 377
b232 430 0 472 23
b233 96 417 112 430
b234 272 299 290 332
b235 46 469 92 491
b236 0 427 39 454
b237 169 386 190 426
b238 233 267 272 294
b239 228 380 268 402
b240 213 531 236 550
b241 505 512 529 525
b242 196 154 236 176
b243 413 209 447 246
b244 228 348 265 361
b245 469 289 505 313
b246 516 149 539 193
b247 371 470 407 509
b248 265 333 296 376
b249 298 118 333 145
b250 482 153 516 184
b251 280 84 323 118
b252 263 22 282 50
b253 424 453 439 466
b254 68 533 92 546
b255 0 74 47 113
b256 0 377 21 390
b257 209 20 226 53
b258 243 223 277 267
b259 185 297 197 323
b260 69 418 88 430
b261 198 490 210 535
b262 365 214 413 241
b263 236 497 282 544
b264 82 150 127 173
b265 298 389 313 434
b266 232 50 280 95
b267 433 368 467 407
b268 444 293 469 315
b269 392 392 429 410
b270 346 36 369 51
b271 358 298 400 322
b272 242 433 266 468
b273 108 293 138 314
b274 369 36 402 57
b275 165 426 187 454
b276 237 419 268 433
b277 122 392 169 404
b278 190 385 203 427
b279 499 193 538 236
b280 282 38 313 60
b281 439 123 457 153
b282 469 245 499 289
b283 38 253 53 266
b284 443 522 473 543
b285 503 462 536 475
b286 359 0 400 36
b287 458 111 500 132
b288 338 176 374 204
b289 499 236 536 269
b290 279 118 295 145
b291 207 111 235 154
b292 0 454 24 493
b293 316 531 359 550
b294 402 66 428 83
b295 154 0 167 43
b296 467 362 494 378
b297 127 328 165 359
b298 127 359 167 392
b299 480 59 493 72
