682013.5
779121
584906
287 2038
14.381532
b0 241 276 284 309
b1 166 179 231 216
b2 97 1725 150 1759
b3 97 867 134 934
b4 66 1095 95 1114
b5 237 47 276 96
b6 94 1617 134 1635
b7 134 867 156 907
b8 134 1617 184 1679
b9 61 1704 77 1745
b10 162 356 180 408
b11 0 118 39 177
b12 180 356 241 384
b13 0 1981 48 2038
b14 97 1002 160 1045
b15 0 1868 59 1920
b16 59 1905 95 1962
b17 115 1848 159 1914
b18 105 412 153 463
b19 94 1635 125 1685
b20 231 179 268 198
b21 105 611 169 661
b22 203 774 252 808
b23 196 47 216 96
b24 95 1274 140 1302
b25 162 462 216 501
b26 148 316 203 356
b27 203 861 228 926
b28 66 0 105 46
b29 188 400 212 462
b30 185 1477 209 1503
b31 170 0 196 34
b32 162 721 205 774
b33 148 0 170 35
b34 95 1302 122 1356
b35 66 46 97 84
b36 140 1274 179 1341
b37 162 661 182 721
b38 97 934 120 991
b39 66 1356 118 1411
b40 162 408 188 437
b41 143 1086 170 1141
b42 203 808 265 861
b43 116 821 177 867
b44 214 0 279 47
b45 103 1804 126 1848
b46 153 501 192 523
b47 152 578 217 611
b48 209 249 266 276
b49 164 1412 211 1477
b50 192 501 259 533
b51 61 1477 99 1534
b52 153 533 207 578
b53 105 0 148 21
b54 148 35 166 96
b55 99 1512 133 1568
b56 182 611 199 674
b57 196 0 214 47
b58 116 661 162 695
b59 120 965 170 1002
b60 106 1141 146 1164
b61 61 1534 94 1557
b62 61 1685 121 1704
b63 77 1759 113 1804
b64 116 774 166 821
b65 105 356 162 412
b66 170 96 237 157
b67 121 1685 165 1725
b68 133 1512 185 1575
b69 164 1385 218 1412
b70 39 1826 81 1868
b71 39 1804 103 1826
b72 0 57 61 118
b73 148 249 209 316
b74 99 1575 137 1617
b75 97 661 116 689
b76 265 309 287 342
b77 0 0 66 57
b78 118 1356 154 1388
b79 143 1045 203 1086
b80 134 907 150 965
b81 66 1045 106 1095
b82 105 463 152 520
b83 180 384 202 400
b84 170 157 237 179
b85 77 1704 97 1729
b86 59 1868 115 1905
b87 164 1341 203 1385
b88 106 1045 143 1069
b89 39 1745 77 1772
b90 218 926 257 959
b91 166 216 222 249
b92 166 774 192 790
b93 99 1477 164 1512
b94 0 1920 41 1979
b95 41 1962 92 1981
b96 66 1411 106 1477
b97 146 1141 163 1208
b98 156 867 178 929
b99 106 1208 155 1274
