382142
573315
190969
437 437
52.718202
b0 189 279 205 315
b1 24 0 43 39
b2 43 391 78 432
b3 46 348 93 366
b4 330 105 356 137
b5 396 111 427 146
b6 234 134 247 163
b7 286 19 307 47
b8 399 170 431 185
b9 125 183 159 229
b10 257 383 302 415
b11 24 130 60 144
b12 149 63 191 99
b13 24 82 69 130
b14 24 176 39 201
b15 387 217 432 263
b16 332 137 354 155
b17 123 73 149 106
b18 252 42 286 61
b19 340 406 352 436
b20 362 43 395 71
b21 160 240 204 279
b22 106 271 145 297
b23 337 242 362 282
b24 0 239 25 254
b25 401 349 437 385
b26 24 39 49 82
b27 113 397 128 431
b28 211 289 249 335
b29 425 312 437 349
b30 22 299 49 316
b31 330 52 346 89
b32 209 99 241 122
b33 111 364 147 382
b34 286 219 324 238
b35 44 144 59 177
b36 255 195 283 207
b37 165 141 181 162
b38 307 19 333 52
b39 159 279 189 321
b40 348 302 389 330
b41 288 367 304 383
b42 0 161 19 205
b43 161 166 195 206
b44 362 286 389 302
b45 195 166 209 203
b46 193 0 208 48
b47 146 160 160 183
b48 0 58 24 84
b49 255 207 286 247
b50 389 279 431 312
b51 147 364 174 412
b52 247 134 284 161
b53 142 301 159 319
b54 0 376 43 392
b55 286 238 299 284
b56 209 149 234 171
b57 368 214 387 262
b58 39 191 80 210
b59 277 291 323 337
b60 175 403 210 433
b61 316 337 350 370
b62 354 177 399 214
b63 111 382 146 397
b64 369 388 417 435
b65 125 229 158 259
b66 252 61 283 92
b67 249 247 286 291
b68 0 126 24 161
b69 211 335 249 354
b70 43 25 79 39
b71 49 40 91 74
b72 174 345 208 378
b73 93 353 111 391
b74 117 165 146 183
b75 228 220 255 243
b76 417 28 429 42
b77 204 220 228 236
b78 146 321 172 364
b79 78 391 97 428
b80 346 63 360 78
b81 24 144 44 176
b82 299 186 331 219
b83 286 0 323 19
b84 333 0 370 43
b85 191 51 228 99
b86 362 262 386 286
b87 209 201 254 220
b88 286 97 329 125
b89 344 375 379 387
b90 350 330 374 375
b91 51 210 79 254
b92 228 51 252 93
b93 257 415 300 436
b94 331 200 347 215
b95 46 366 82 391
b96 323 283 348 328
b97 181 141 209 166
b98 330 89 356 105
b99 417 385 437 422
b100 209 122 234 149
b101 356 87 396 135
b102 299 258 337 283
b103 399 185 431 217
b104 232 364 257 400
b105 115 322 146 364
b106 0 205 39 239
b107 249 291 265 336
b108 104 0 137 12
b109 0 36 12 58
b110 324 219 368 242
b111 143 147 161 160
b112 97 147 143 165
b113 286 125 329 153
b114 122 128 161 147
b115 209 171 246 201
b116 356 135 393 177
b117 174 321 211 345
b118 151 28 190 63
b119 0 0 24 36
b120 249 349 294 364
b121 80 191 125 223
b122 0 407 43 437
b123 128 397 141 432
b124 0 332 39 345
b125 413 0 431 28
b126 302 404 340 432
b127 395 42 417 66
b128 97 111 122 147
b129 80 223 124 269
b130 0 254 44 299
b131 379 352 399 388
b132 299 242 337 258
b133 69 74 81 88
b134 389 312 418 328
b135 0 317 37 332
b136 401 328 425 347
b137 0 299 22 317
b138 294 337 316 367
b139 299 52 330 85
b140 417 422 433 434
b141 141 412 175 437
b142 91 46 137 73
b143 205 243 249 289
b144 0 345 25 374
b145 396 66 430 111
b146 104 12 137 46
b147 299 85 330 97
b148 352 406 369 431
b149 379 330 401 352
b150 145 271 158 301
b151 97 397 113 424
b152 299 153 332 186
b153 249 337 289 349
b154 165 99 209 141
b155 286 201 299 213
b156 0 84 19 126
b157 151 0 193 12
b158 208 34 236 51
b159 396 146 432 170
b160 265 291 277 327
b161 257 364 288 383
b162 254 161 284 173
b163 49 301 95 348
b164 79 269 106 301
b165 44 254 77 295
b166 161 206 197 218
b167 137 0 151 47
b168 43 0 80 25
b169 69 111 97 157
b170 332 155 354 200
b171 208 0 243 34
b172 174 378 205 403
b173 123 106 165 128
b174 97 165 117 190
b175 39 210 51 244
b176 346 43 362 63
b177 25 345 46 376
b178 362 71 382 87
b179 241 93 286 134
b180 208 354 227 375
b181 0 392 42 407
b182 124 259 157 271
b183 151 12 188 28
b184 344 387 364 406
b185 286 47 299 91
b186 286 153 299 201
b187 210 375 232 399
b188 80 0 104 40
b189 95 322 115 353
b190 60 157 97 191
b191 81 74 123 111
b192 255 173 283 195
b193 243 0 286 42
b194 370 0 413 42
b195 106 297 142 322
b196 387 263 426 279
b197 210 400 257 435
b198 161 218 201 240
b199 304 370 344 404
