1308797
1954378
663216
246 2696
191.31898
b0 191 72 227 88
b1 86 2154 105 2193
b2 124 279 165 314
b3 142 143 160 190
b4 95 1352 121 1384
b5 45 1314 80 1345
b6 32 2643 61 2656
b7 124 362 152 383
b8 87 467 119 482
b9 122 1748 168 1782
b10 127 842 172 874
b11 173 489 187 525
b12 194 275 230 317
b13 119 615 167 660
b14 45 1372 60 1397
b15 142 205 187 251
b16 106 25 124 47
b17 27 2617 60 2643
b18 87 923 121 942
b19 106 455 136 467
b20 54 2431 82 2464
b21 76 1971 120 2010
b22 119 502 145 541
b23 121 1352 161 1377
b24 78 2249 103 2264
b25 36 2373 72 2409
b26 182 143 225 168
b27 69 956 103 971
b28 129 923 175 961
b29 51 2321 63 2358
b30 80 1827 97 1854
b31 71 2508 108 2524
b32 72 2373 95 2405
b33 45 1696 63 1732
b34 87 0 106 38
b35 80 1348 95 1381
b36 103 1159 131 1171
b37 0 2675 16 2696
b38 103 1619 136 1645
b39 103 2274 133 2316
b40 131 1901 159 1942
b41 206 0 222 16
b42 54 2464 73 2508
b43 109 808 149 842
b44 154 0 181 16
b45 137 1170 151 1207
b46 51 2358 99 2373
b47 117 1338 140 1352
b48 30 2431 54 2457
b49 105 2081 145 2112
b50 69 1272 102 1314
b51 66 2582 93 2630
b52 0 107 27 144
b53 194 604 211 622
b54 128 1944 171 1960
b55 68 1886 81 1932
b56 99 1400 121 1425
b57 129 961 148 1009
b58 117 1297 136 1338
b59 154 97 200 143
b60 119 467 149 502
b61 88 2205 121 2239
b62 117 1252 154 1297
b63 42 2249 57 2284
b64 139 1582 186 1630
b65 133 703 163 736
b66 194 244 225 275
b67 154 1265 198 1302
b68 100 2027 135 2051
b69 97 1229 116 1267
b70 69 942 105 956
b71 139 1630 181 1664
b72 138 383 172 416
b73 87 522 105 560
b74 165 279 194 297
b75 45 1345 68 1372
b76 54 1732 68 1744
b77 105 942 129 958
b78 119 660 145 703
b79 73 2010 92 2047
b80 150 1049 164 1064
b81 112 903 144 923
b82 106 383 138 416
b83 175 767 194 804
b84 160 168 203 205
b85 68 1582 116 1619
b86 94 1205 118 1229
b87 167 585 212 604
b88 69 1229 97 1272
b89 137 1135 149 1170
b90 105 1097 150 1121
b91 82 2405 126 2433
b92 129 1009 171 1033
b93 60 1619 103 1640
b94 36 2321 51 2337
b95 54 2047 90 2072
b96 79 1656 104 1701
b97 68 1701 93 1729
b98 230 0 246 26
b99 136 1207 173 1227
b100 129 1227 156 1252
b101 105 1484 145 1532
b102 69 971 94 1009
b103 0 2643 32 2675
b104 106 0 142 25
b105 147 736 189 767
b106 187 205 221 244
b107 0 0 45 16
b108 86 2193 119 2205
b109 142 0 154 22
b110 142 339 186 362
b111 154 1252 172 1265
b112 42 2072 60 2118
b113 145 557 188 585
b114 138 416 177 435
b115 68 1484 105 1514
b116 80 1442 117 1484
b117 149 489 173 526
b118 27 2582 66 2617
b119 45 12 69 48
b120 145 1377 160 1422
b121 93 1782 125 1827
b122 104 2051 147 2081
b123 97 1827 110 1862
b124 76 1932 89 1971
b125 124 314 142 342
b126 109 780 147 808
b127 136 1302 160 1324
b128 0 60 36 85
b129 42 2154 86 2200
b130 60 2084 104 2129
b131 118 435 154 455
b132 68 1566 106 1582
b133 149 1135 163 1147
b134 93 1748 122 1764
b135 188 489 203 526
b136 109 703 133 722
b137 160 143 182 161
b138 0 85 30 107
b139 172 1227 205 1258
b140 68 1729 80 1745
b141 105 1532 130 1566
b142 175 804 202 850
b143 42 2205 88 2249
b144 105 874 130 903
b145 149 455 194 489
b146 194 317 227 351
b147 106 416 118 447
b148 172 362 189 387
b149 54 1932 76 1954
b150 145 585 158 615
b151 63 2323 79 2350
b152 148 961 181 994
b153 60 2072 100 2084
b154 0 16 42 60
b155 42 1732 54 1745
b156 80 1400 99 1442
b157 45 0 87 12
b158 100 2010 128 2027
b159 181 36 205 72
b160 105 958 117 994
b161 78 2292 97 2323
b162 80 1862 110 1874
b163 93 1701 139 1748
b164 104 1874 136 1901
b165 30 2508 71 2541
b166 68 1874 104 1886
b167 105 1121 152 1135
b168 154 72 191 97
b169 142 251 188 279
b170 117 1052 139 1097
b171 94 1171 129 1205
b172 60 2129 91 2154
b173 36 2409 78 2431
b174 87 903 112 923
b175 103 1135 137 1147
b176 60 1640 80 1656
b177 149 526 170 557
b178 137 1033 157 1049
b179 30 2541 75 2582
b180 54 1954 73 1975
b181 165 297 180 339
b182 103 1147 136 1159
b183 95 1384 132 1400
b184 117 1033 137 1052
b185 133 736 146 780
b186 163 660 176 708
b187 105 842 127 866
b188 100 2316 124 2356
b189 150 1960 181 1980
b190 80 1314 117 1348
b191 36 2284 78 2321
b192 78 2264 100 2292
b193 89 1901 131 1944
b194 186 1302 228 1345
b195 181 0 206 36
b196 106 1566 145 1582
b197 103 2239 150 2274
b198 87 482 109 522
b199 45 1656 79 1696
