582883.75
861063.5
304704
552 552
243.734857
b0 203 209 218 236
b1 332 525 348 552
b2 507 416 529 442
b3 149 261 170 306
b4 384 266 424 311
b5 323 509 349 525
b6 389 135 416 173
b7 58 38 87 73
b8 517 328 538 364
b9 0 356 44 381
b10 102 461 133 476
b11 493 282 517 323
b12 117 78 136 95
b13 294 301 342 334
b14 192 0 236 21
b15 138 471 172 486
b16 452 474 497 516
b17 191 279 232 316
b18 140 409 184 452
b19 172 468 195 504
b20 442 128 455 145
b21 233 154 277 182
b22 514 190 543 225
b23 297 284 337 301
b24 286 104 310 122
b25 34 508 63 551
b26 0 186 27 204
b27 401 76 441 114
b28 149 249 173 261
b29 0 204 30 233
b30 98 248 118 276
b31 320 437 352 473
b32 184 209 203 231
b33 394 173 440 218
b34 325 159 354 171
b35 245 328 257 354
b36 140 375 167 405
b37 502 148 514 177
b38 149 77 168 98
b39 491 225 503 238
b40 468 42 515 61
b41 447 399 466 435
b42 84 159 130 184
b43 379 384 400 423
b44 16 111 43 135
b45 213 367 238 391
b46 161 230 174 249
b47 471 323 513 363
b48 440 190 468 224
b49 525 91 549 139
b50 478 516 497 530
b51 276 389 290 405
b52 173 279 191 316
b53 389 34 401 70
b54 0 483 34 513
b55 65 310 96 336
b56 44 354 90 385
b57 249 0 296 48
b58 353 415 378 440
b59 409 389 447 436
b60 102 352 141 368
b61 104 47 149 78
b62 229 410 275 446
b63 36 444 72 490
b64 292 494 325 509
b65 101 111 124 124
b66 423 34 468 76
b67 124 515 138 548
b68 417 506 445 551
b69 196 95 232 122
b70 471 61 516 77
b71 466 440 498 474
b72 87 38 102 70
b73 498 442 510 488
b74 425 0 468 34
b75 377 510 397 547
b76 102 476 138 515
b77 325 141 365 159
b78 468 0 484 42
b79 48 270 73 310
b80 214 499 229 535
b81 402 506 417 538
b82 0 135 39 159
b83 497 241 534 282
b84 24 36 58 74
b85 382 0 425 34
b86 102 308 141 352
b87 184 410 229 458
b88 276 465 320 494
b89 172 504 214 524
b90 102 368 126 414
b91 44 310 65 353
b92 192 21 237 68
b93 232 308 256 328
b94 292 509 323 528
b95 471 77 515 114
b96 517 282 550 328
b97 320 474 360 489
b98 383 231 396 266
b99 43 186 60 226
b100 138 185 182 230
b101 514 148 550 178
b102 346 101 382 141
b103 184 175 218 209
b104 61 186 75 228
b105 445 516 478 551
b106 514 178 547 190
b107 213 352 245 367
b108 429 224 466 262
b109 160 316 202 362
b110 0 405 42 444
b111 306 269 327 282
b112 119 248 149 273
b113 23 75 59 99
b114 415 436 459 470
b115 138 529 172 551
b116 140 452 168 471
b117 416 147 455 168
b118 43 112 81 156
b119 319 334 347 379
b120 347 245 383 281
b121 0 513 34 551
b122 325 489 368 509
b123 75 186 98 222
b124 516 44 551 75
b125 150 0 192 46
b126 284 166 306 178
b127 419 364 462 389
b128 497 503 541 531
b129 471 281 493 315
b130 441 76 471 102
b131 286 56 331 104
b132 34 490 73 508
b133 218 154 233 197
b134 232 236 266 283
b135 124 98 169 113
b136 23 99 60 111
b137 455 135 483 156
b138 172 524 214 552
b139 415 470 452 506
b140 389 70 401 113
b141 424 266 443 311
b142 257 311 294 338
b143 218 328 243 352
b144 266 269 306 284
b145 102 295 147 308
b146 396 218 429 266
b147 424 311 466 341
b148 106 515 124 535
b149 296 34 343 56
b150 0 75 23 106
b151 510 485 552 503
b152 231 494 250 510
b153 43 156 84 186
b154 167 46 184 68
b155 462 364 487 378
b156 257 338 285 354
b157 379 423 404 443
b158 266 197 279 220
b159 296 0 340 32
b160 516 75 543 91
b161 104 0 150 47
b162 532 364 550 395
b163 347 324 380 346
b164 0 0 41 36
b165 389 114 410 131
b166 368 474 402 510
b167 247 118 284 154
b168 60 88 101 112
b169 384 311 423 335
b170 73 461 102 506
b171 401 34 423 74
b172 266 298 293 311
b173 41 0 66 32
b174 276 373 319 389
b175 520 531 536 546
b176 66 0 99 38
b177 327 171 368 208
b178 102 276 119 295
b179 167 375 213 409
b180 141 308 160 348
b181 443 262 471 292
b182 287 528 332 552
b183 0 323 39 356
b184 138 160 184 185
b185 352 440 379 474
b186 0 233 31 266
b187 319 379 357 415
b188 249 48 286 88
b189 266 220 278 264
b190 276 405 313 432
b191 96 124 112 158
b192 174 231 203 279
b193 331 68 348 101
b194 402 464 415 492
b195 141 362 174 375
b196 466 399 507 440
b197 342 208 370 245
b198 213 391 261 410
b199 284 135 320 166
b200 347 281 384 324
b201 471 252 497 281
b202 343 34 382 68
b203 184 160 212 175
b204 484 0 517 41
b205 81 112 96 133
b206 61 228 96 270
b207 175 132 208 160
b208 471 225 491 252
b209 218 200 263 236
b210 286 122 310 135
b211 527 225 539 241
b212 279 202 321 223
b213 439 114 471 128
b214 72 444 99 461
b215 410 114 439 135
b216 96 229 138 248
b217 42 424 90 444
b218 229 530 272 545
b219 233 182 261 200
b220 235 88 272 118
b221 124 113 169 126
b222 321 104 346 138
b223 294 334 316 353
b224 462 378 507 399
b225 102 414 140 461
b226 380 335 419 351
b227 218 122 231 154
b228 175 112 196 132
b229 370 183 394 231
b230 276 432 306 465
b231 202 316 218 346
b232 250 494 292 517
b233 168 452 181 468
b234 65 336 98 354
b235 529 395 551 441
b236 196 68 235 95
b237 98 208 138 229
b238 0 159 39 186
b239 313 415 353 437
b240 497 531 520 550
b241 503 225 527 238
b242 507 376 529 416
b243 138 126 175 160
b244 250 517 287 530
b245 98 184 134 208
b246 169 68 192 112
b247 0 444 36 483
b248 471 194 514 225
b249 245 354 272 389
b250 348 68 382 99
b251 138 486 172 529
b252 73 270 92 298
b253 261 182 274 197
b254 272 88 285 112
b255 44 385 91 424
b256 290 389 311 402
b257 112 126 129 159
b258 517 0 551 44
b259 416 135 442 147
b260 272 530 284 549
b261 487 364 532 376
b262 0 266 48 293
b263 278 223 325 269
b264 419 341 464 364
b265 59 73 104 88
b266 231 446 276 494
b267 340 0 379 34
b268 232 283 254 308
b269 357 368 375 405
b270 138 230 161 245
b271 0 381 42 405
b272 284 178 319 202
b273 119 273 149 294
b274 471 114 504 135
b275 347 346 375 368
b276 266 284 297 298
b277 237 0 249 47
b278 483 135 525 148
b279 510 442 549 485
b280 440 168 471 190
b281 149 47 167 77
b282 0 293 44 323
b283 48 226 61 241
b284 379 443 409 464
b285 104 78 117 111
b286 195 458 231 499
b287 368 141 389 183
b288 349 510 377 546
b289 73 515 106 552
b290 0 106 16 133
b291 203 236 231 279
b292 0 36 24 75
b293 275 354 318 373
b294 443 292 469 309
b295 30 186 43 229
b296 231 122 247 149
b297 471 156 502 194
b298 379 351 419 384
b299 48 241 61 254
