1250597.5
1889537
611658
241 2538
206.869455
b0 74 1947 110 1963
b1 104 647 123 686
b2 128 1335 169 1370
b3 15 2307 33 2354
b4 49 2334 75 2366
b5 140 765 175 796
b6 34 2139 63 2152
b7 79 1653 107 1674
b8 107 1651 139 1666
b9 33 861 79 895
b10 115 1303 160 1335
b11 45 1545 59 1581
b12 17 1678 53 1720
b13 133 549 181 594
b14 107 1666 122 1691
b15 101 948 146 994
b16 72 1900 90 1922
b17 70 198 103 224
b18 99 821 133 840
b19 79 1224 109 1236
b20 101 861 129 894
b21 52 2242 96 2281
b22 53 1653 79 1692
b23 115 1370 155 1395
b24 101 894 126 909
b25 192 0 228 36
b26 53 1922 96 1947
b27 70 780 104 795
b28 80 2119 126 2157
b29 182 663 194 700
b30 0 12 17 39
b31 33 0 70 16
b32 138 0 161 32
b33 169 387 187 423
b34 33 1640 52 1678
b35 0 39 15 72
b36 209 164 237 176
b37 79 1674 95 1695
b38 33 1614 66 1640
b39 205 122 235 164
b40 162 282 190 323
b41 79 1695 95 1711
b42 103 1077 122 1121
b43 47 2194 87 2228
b44 96 2216 123 2232
b45 103 743 117 780
b46 161 107 209 122
b47 47 2228 70 2242
b48 79 1037 103 1063
b49 175 700 215 731
b50 66 1565 99 1607
b51 115 1255 142 1303
b52 49 1992 76 2029
b53 0 2520 17 2538
b54 36 2029 79 2045
b55 215 321 228 367
b56 120 1691 142 1716
b57 17 1720 36 1768
b58 53 1732 72 1773
b59 175 731 221 777
b60 75 1865 105 1900
b61 70 0 103 34
b62 15 2242 52 2287
b63 24 2459 39 2494
b64 162 234 209 282
b65 165 170 195 203
b66 161 0 192 31
b67 71 1389 115 1426
b68 103 0 138 24
b69 83 1351 102 1389
b70 24 2494 60 2508
b71 106 1460 148 1494
b72 70 165 104 198
b73 99 1546 117 1584
b74 104 471 133 489
b75 95 1720 118 1747
b76 126 936 140 948
b77 30 2508 54 2524
b78 87 1503 113 1546
b79 87 1466 106 1503
b80 71 1466 85 1481
b81 30 2119 62 2139
b82 53 2398 85 2431
b83 80 2157 99 2194
b84 192 36 235 73
b85 52 2281 100 2318
b86 0 2379 24 2403
b87 159 905 204 924
b88 79 1781 107 1824
b89 145 693 157 728
b90 66 1607 111 1631
b91 128 359 172 387
b92 127 387 169 411
b93 70 840 113 861
b94 104 805 119 821
b95 148 524 184 549
b96 49 1947 74 1992
b97 31 2431 56 2459
b98 153 498 169 524
b99 107 1631 144 1651
b100 49 2373 76 2398
b101 165 122 205 170
b102 142 1158 167 1196
b103 15 2181 47 2213
b104 104 780 140 805
b105 104 594 146 625
b106 193 282 227 321
b107 83 1335 128 1351
b108 0 0 33 12
b109 103 143 115 165
b110 122 1077 166 1100
b111 104 625 122 638
b112 103 97 121 143
b113 42 2091 85 2119
b114 144 1494 183 1513
b115 145 663 182 693
b116 155 1370 192 1412
b117 103 60 127 97
b118 166 868 205 903
b119 148 323 172 359
b120 153 453 168 498
b121 142 1255 174 1300
b122 127 423 170 453
b123 228 0 241 35
b124 75 2334 88 2373
b125 31 2354 49 2382
b126 115 1037 153 1065
b127 122 625 146 647
b128 115 1395 151 1420
b129 36 2045 80 2091
b130 79 1963 123 2008
b131 15 2287 51 2307
b132 33 895 71 911
b133 138 192 152 204
b134 70 795 99 811
b135 150 728 165 765
b136 126 1817 150 1836
b137 121 453 143 471
b138 66 1631 96 1653
b139 126 905 159 936
b140 30 2091 42 2107
b141 39 2459 64 2493
b142 138 122 165 168
b143 183 1412 229 1456
b144 95 1691 120 1720
b145 146 629 191 663
b146 180 73 213 107
b147 71 1236 83 1267
b148 17 2139 34 2164
b149 79 1063 101 1085
b150 144 1513 157 1543
b151 153 978 169 1005
b152 33 1581 66 1614
b153 115 1065 155 1077
b154 45 1481 87 1525
b155 103 1037 115 1050
b156 146 936 165 978
b157 101 1196 143 1208
b158 17 2164 45 2181
b159 120 1781 144 1817
b160 33 911 45 947
b161 168 453 187 484
b162 0 2508 30 2520
b163 116 1208 162 1255
b164 83 1236 115 1263
b165 101 1158 142 1191
b166 129 893 165 905
b167 103 729 150 743
b168 129 868 166 893
b169 129 840 175 868
b170 79 861 101 906
b171 95 1747 130 1781
b172 0 2354 31 2379
b173 87 2194 129 2216
b174 139 1651 164 1671
b175 128 234 162 246
b176 128 246 148 262
b177 160 203 181 234
b178 133 471 153 487
b179 75 1824 120 1865
b180 161 31 180 52
b181 133 487 148 529
b182 47 2152 80 2164
b183 79 1208 116 1224
b184 76 1546 96 1565
b185 17 1768 30 1812
b186 36 1720 49 1768
b187 138 168 160 192
b188 144 1671 168 1711
b189 45 1525 76 1545
b190 105 1426 142 1460
b191 103 1121 145 1158
b192 31 2398 53 2426
b193 101 994 143 1037
b194 103 686 145 729
b195 103 24 128 60
b196 51 2318 90 2334
b197 146 594 193 629
b198 53 1692 75 1732
b199 71 1426 105 1466
