240672
288184
193160
439 440
4.739539
b0 113 86 156 119
b1 399 150 436 215
b2 401 215 435 268
b3 282 367 319 434
b4 109 210 128 239
b5 155 171 194 220
b6 188 283 228 301
b7 109 239 149 261
b8 0 199 62 249
b9 123 0 139 41
b10 169 365 221 383
b11 213 93 272 132
b12 0 53 61 81
b13 150 383 198 440
b14 320 266 383 309
b15 159 0 211 59
b16 400 268 436 325
b17 149 239 215 283
b18 62 86 113 134
b19 27 81 58 131
b20 155 220 192 239
b21 348 309 398 373
b22 221 302 255 351
b23 139 0 159 49
b24 143 283 188 311
b25 327 50 381 89
b26 0 135 55 175
b27 272 104 337 129
b28 109 171 155 210
b29 0 175 62 199
b30 56 415 82 439
b31 255 306 281 340
b32 194 171 247 214
b33 221 351 256 373
b34 0 81 27 135
b35 228 264 259 302
b36 281 309 348 348
b37 65 355 85 415
b38 334 139 391 162
b39 156 59 211 111
b40 143 350 169 379
b41 211 0 238 55
b42 0 0 62 53
b43 236 373 282 434
b44 0 355 65 402
b45 337 89 381 112
b46 62 239 101 261
b47 277 37 310 102
b48 337 112 394 139
b49 374 0 439 47
b50 368 373 400 440
b51 198 383 236 440
b52 176 311 221 365
b53 257 151 278 194
b54 278 184 339 202
b55 179 111 213 167
b56 260 23 277 86
b57 62 161 109 179
b58 394 104 428 150
b59 277 0 327 37
b60 0 315 23 355
b61 238 0 271 23
b62 62 67 122 86
b63 400 325 436 370
b64 327 0 374 50
b65 342 162 399 218
b66 62 0 123 67
b67 103 261 143 305
b68 116 119 179 171
b69 62 134 116 161
b70 57 261 99 303
b71 320 202 342 266
b72 89 379 150 440
b73 259 239 320 306
b74 105 305 143 347
b75 123 49 151 68
b76 255 194 277 227
b77 0 249 57 315
b78 105 347 141 379
b79 62 179 103 239
b80 89 305 105 363
b81 215 214 255 264
b82 381 47 428 104
b83 122 68 144 84
b84 238 23 260 90
b85 128 210 153 230
b86 0 402 56 439
b87 213 132 257 171
b88 293 202 317 239
b89 211 55 238 93
b90 143 311 176 350
b91 278 151 334 184
b92 277 202 293 228
b93 400 370 435 435
b94 342 218 401 259
b95 281 348 332 367
b96 23 315 89 355
b97 310 37 327 104
b98 272 129 334 151
b99 319 373 368 439
