228892.140625
231473.5
205660
452 455
1.789464
b0 144 411 177 454
b1 285 179 322 244
b2 103 207 156 241
b3 352 0 389 67
b4 0 241 19 270
b5 324 133 373 172
b6 308 244 326 284
b7 0 400 40 422
b8 53 0 103 62
b9 294 392 335 408
b10 103 241 155 259
b11 225 175 284 214
b12 53 393 114 421
b13 228 407 285 455
b14 103 107 166 150
b15 349 219 401 278
b16 130 150 166 207
b17 294 326 338 392
b18 65 278 113 329
b19 179 270 229 301
b20 401 242 420 279
b21 103 0 167 50
b22 167 180 216 214
b23 179 301 228 321
b24 180 366 208 411
b25 225 136 279 175
b26 223 33 263 88
b27 407 100 432 165
b28 292 408 331 454
b29 53 369 115 393
b30 156 214 180 240
b31 373 133 407 159
b32 0 357 53 400
b33 344 172 366 207
b34 103 150 130 204
b35 300 55 331 93
b36 167 97 206 164
b37 331 67 391 87
b38 326 207 349 264
b39 300 0 352 55
b40 115 411 144 437
b41 27 190 82 217
b42 0 0 53 62
b43 0 311 61 357
b44 229 286 294 333
b45 401 219 445 242
b46 408 0 430 39
b47 0 278 65 311
b48 27 163 84 190
b49 366 172 431 219
b50 399 279 431 346
b51 251 248 308 286
b52 174 321 228 366
b53 279 0 300 43
b54 113 308 174 326
b55 229 214 285 248
b56 0 86 17 149
b57 180 252 227 270
b58 263 43 297 89
b59 131 326 168 376
b60 338 345 361 385
b61 371 100 394 133
b62 421 391 440 451
b63 399 346 435 391
b64 223 89 273 136
b65 167 0 223 57
b66 27 217 94 278
b67 294 286 338 326
b68 229 333 292 385
b69 0 187 27 241
b70 273 93 315 135
b71 399 391 421 455
b72 391 39 452 100
b73 338 278 399 345
b74 180 214 222 252
b75 389 0 408 28
b76 229 248 251 281
b77 338 385 395 451
b78 361 345 393 381
b79 53 62 94 122
b80 167 164 225 180
b81 167 57 217 97
b82 119 50 166 107
b83 103 50 119 72
b84 40 421 107 443
b85 324 172 344 197
b86 315 93 371 130
b87 285 135 324 179
b88 0 62 37 86
b89 0 149 27 187
b90 180 417 219 450
b91 223 0 279 33
b92 17 86 33 112
b93 115 376 180 411
b94 27 122 86 163
b95 208 366 227 417
b96 65 329 131 369
b97 206 97 223 164
b98 229 385 291 407
b99 113 259 179 308
