2911811.5
3123840
1003555
265 3787
931.115332
b0 65 1873 92 1888
b1 34 2119 61 2135
b2 0 3320 22 3346
b3 99 1738 120 1783
b4 39 2874 79 2919
b5 144 1833 160 1859
b6 86 893 124 920
b7 66 2808 101 2837
b8 57 2526 78 2562
b9 55 1738 99 1763
b10 142 1548 157 1579
b11 57 2671 98 2695
b12 65 1888 82 1907
b13 100 2213 133 2261
b14 83 1587 127 1608
b15 124 862 158 877
b16 100 755 145 797
b17 133 718 174 755
b18 35 3629 78 3673
b19 21 2163 57 2186
b20 84 0 97 17
b21 143 1429 171 1473
b22 0 3601 35 3630
b23 88 3023 128 3040
b24 86 920 104 944
b25 73 3349 102 3392
b26 139 2689 166 2707
b27 130 2649 168 2689
b28 166 464 190 476
b29 57 938 86 968
b30 0 3630 20 3658
b31 196 153 228 189
b32 142 1526 161 1548
b33 155 1893 200 1939
b34 110 1796 139 1808
b35 145 2165 157 2191
b36 158 856 185 886
b37 22 3396 34 3425
b38 148 445 169 464
b39 83 3392 95 3405
b40 55 1636 74 1683
b41 123 592 159 611
b42 96 656 142 681
b43 126 230 165 251
b44 121 163 148 187
b45 103 837 127 862
b46 100 2053 119 2066
b47 125 1052 167 1092
b48 55 3392 83 3426
b49 78 2556 102 2604
b50 148 181 167 195
b51 88 3040 102 3056
b52 106 797 143 815
b53 126 251 162 263
b54 104 3040 134 3074
b55 97 2022 123 2053
b56 84 1991 130 2022
b57 41 3199 88 3247
b58 126 263 151 288
b59 99 2420 146 2458
b60 99 1319 138 1335
b61 100 2604 131 2649
b62 122 1475 168 1511
b63 107 1429 143 1475
b64 108 3433 141 3448
b65 115 698 128 721
b66 180 1833 222 1878
b67 107 1475 121 1508
b68 129 611 157 656
b69 77 2984 113 3011
b70 56 3082 72 3127
b71 67 3167 101 3199
b72 78 2541 110 2556
b73 140 905 152 951
b74 103 1335 146 1369
b75 157 1939 177 1976
b76 113 2914 152 2950
b77 88 2402 128 2420
b78 121 394 163 410
b79 197 515 237 540
b80 101 1943 137 1958
b81 59 1907 74 1939
b82 155 0 194 24
b83 63 2119 100 2160
b84 0 0 34 38
b85 65 1830 99 1873
b86 35 3673 74 3717
b87 168 1070 213 1118
b88 66 2764 95 2808
b89 0 3658 20 3700
b90 57 1335 103 1359
b91 123 571 166 592
b92 65 1783 110 1830
b93 95 2764 115 2788
b94 55 1763 86 1782
b95 74 1665 118 1702
b96 97 288 143 321
b97 153 1878 193 1893
b98 100 2261 113 2296
b99 20 3717 60 3734
b100 123 1112 167 1157
b101 119 2129 149 2165
b102 193 117 233 153
b103 190 293 224 327
b104 57 1279 99 1293
b105 39 2837 74 2870
b106 84 17 96 50
b107 78 2526 110 2541
b108 143 356 180 394
b109 97 410 139 456
b110 83 1508 122 1550
b111 122 2355 135 2376
b112 163 144 193 169
b113 57 2695 93 2719
b114 109 527 143 571
b115 99 1643 133 1665
b116 140 886 168 905
b117 86 1258 125 1279
b118 86 1220 130 1258
b119 56 3037 84 3082
b120 72 3526 108 3562
b121 119 2053 153 2091
b122 167 1004 210 1024
b123 92 3289 115 3325
b124 110 1833 141 1868
b125 64 3247 110 3289
b126 106 815 128 827
b127 34 1800 59 1843
b128 55 1608 99 1636
b129 190 271 224 293
b130 100 2329 130 2355
b131 110 3074 158 3119
b132 162 271 180 310
b133 121 187 136 230
b134 88 2355 122 2402
b135 21 2958 66 2973
b136 89 2752 126 2764
b137 0 38 21 66
b138 21 2135 63 2163
b139 63 2420 99 2457
b140 88 2160 100 2203
b141 148 2238 167 2283
b142 57 0 84 37
b143 132 1265 156 1290
b144 100 698 115 738
b145 19 3262 32 3307
b146 100 2296 148 2329
b147 165 229 195 271
b148 55 3337 73 3357
b149 73 2649 120 2671
b150 77 2061 100 2092
b151 21 2755 39 2797
b152 57 2562 73 2581
b153 92 1913 133 1943
b154 20 3752 42 3769
b155 59 1991 84 2005
b156 59 2022 87 2038
b157 119 1550 139 1575
b158 34 0 57 13
b159 52 3471 96 3503
b160 153 1859 180 1875
b161 122 1157 168 1204
b162 34 1782 65 1800
b163 153 1687 186 1709
b164 34 3526 70 3567
b165 34 13 55 30
b166 110 2501 144 2537
b167 83 1550 119 1587
b168 104 997 128 1038
b169 97 0 121 39
b170 57 893 86 938
b171 84 797 106 837
b172 96 571 123 584
b173 63 2160 88 2192
b174 145 2191 188 2207
b175 120 1627 135 1643
b176 146 2329 179 2367
b177 133 681 174 718
b178 143 797 160 816
b179 155 69 201 103
b180 0 66 19 106
b181 138 1369 168 1397
b182 99 1868 144 1892
b183 22 3320 55 3359
b184 133 2213 179 2238
b185 74 1943 101 1977
b186 107 1369 138 1402
b187 119 2091 155 2129
b188 86 1112 123 1152
b189 77 3011 121 3023
b190 161 1526 198 1553
b191 124 877 140 911
b192 97 230 126 278
b193 100 681 133 698
b194 55 1384 83 1397
b195 96 611 129 624
b196 96 3392 137 3433
b197 35 3601 72 3629
b198 145 951 193 970
b199 74 1702 105 1738
b200 139 1796 182 1833
b201 86 1152 112 1181
b202 121 0 155 39
b203 128 2950 143 2978
b204 89 2719 130 2752
b205 99 1627 120 1642
b206 148 410 190 445
b207 84 865 117 893
b208 104 1092 131 1112
b209 21 2719 66 2755
b210 237 69 250 93
b211 163 169 179 181
b212 60 3717 81 3759
b213 56 3023 88 3037
b214 168 1473 185 1500
b215 153 1709 182 1730
b216 121 144 163 163
b217 64 3289 84 3337
b218 122 1511 165 1526
b219 41 3127 69 3145
b220 22 3359 52 3396
b221 55 3426 68 3471
b222 57 1359 91 1384
b223 94 2895 116 2914
b224 94 2874 139 2895
b225 194 31 241 69
b226 158 816 197 832
b227 138 1397 151 1429
b228 34 1843 55 1863
b229 130 1217 154 1265
b230 128 1019 158 1052
b231 110 2471 126 2501
b232 55 2038 97 2061
b233 122 1204 138 1217
b234 126 2458 159 2476
b235 168 1024 190 1070
b236 174 476 201 515
b237 104 1038 125 1078
b238 73 2604 100 2643
b239 118 1665 158 1687
b240 66 2719 89 2738
b241 84 3056 97 3080
b242 19 2986 41 3026
b243 21 2919 58 2953
b244 19 2973 56 2986
b245 63 2502 99 2526
b246 32 3262 55 3306
b247 86 1181 122 1220
b248 34 2088 77 2119
b249 69 3127 104 3154
b250 165 195 196 229
b251 159 970 202 1004
b252 84 837 103 865
b253 69 3154 84 3167
b254 99 2458 123 2471
b255 72 3562 119 3601
b256 124 951 145 964
b257 75 2457 92 2490
b258 22 3567 66 3601
b259 41 3145 67 3157
b260 73 3337 92 3349
b261 63 2457 75 2502
b262 201 69 228 117
b263 143 310 190 356
b264 52 3503 97 3526
b265 19 3247 64 3262
b266 100 2165 145 2213
b267 58 2919 92 2958
b268 197 540 219 565
b269 20 3734 57 3752
b270 158 832 181 847
b271 181 832 223 856
b272 83 1384 107 1419
b273 56 2973 77 3003
b274 194 0 227 21
b275 139 499 161 527
b276 74 1977 105 1991
b277 98 2671 110 2718
b278 96 456 109 498
b279 109 456 148 499
b280 128 997 159 1019
b281 0 3769 30 3787
b282 110 2537 154 2567
b283 186 1553 199 1568
b284 109 499 139 520
b285 124 964 137 997
b286 155 103 191 144
b287 99 1892 141 1913
b288 168 886 196 922
b289 74 2837 107 2874
b290 55 2061 71 2088
b291 78 3601 106 3644
b292 97 321 121 360
b293 99 1608 142 1627
b294 77 2958 94 2984
b295 110 1783 153 1796
b296 84 681 100 708
b297 227 0 265 31
b298 99 1279 132 1319
b299 19 3307 32 3320
