451108.75
589740.5
312477
557 561
133.769201
b0 358 225 385 240
b1 439 22 466 38
b2 226 153 248 179
b3 190 179 211 224
b4 41 36 86 76
b5 131 243 157 259
b6 167 445 205 472
b7 418 163 447 198
b8 393 500 429 521
b9 290 528 334 553
b10 133 448 164 463
b11 0 0 41 24
b12 492 474 509 493
b13 456 286 504 319
b14 233 353 277 374
b15 277 217 292 251
b16 64 407 109 449
b17 252 131 293 168
b18 296 126 339 170
b19 83 0 106 36
b20 98 384 111 401
b21 398 227 442 255
b22 483 97 512 132
b23 320 37 360 54
b24 141 81 165 99
b25 447 162 490 191
b26 323 287 341 314
b27 344 187 384 225
b28 109 448 133 460
b29 148 99 177 129
b30 15 239 35 267
b31 0 119 36 151
b32 387 287 409 306
b33 187 304 233 349
b34 178 179 190 208
b35 531 385 557 397
b36 250 266 280 293
b37 387 275 416 287
b38 214 349 233 370
b39 233 330 246 342
b40 41 487 60 534
b41 139 361 158 397
b42 292 191 317 237
b43 387 306 408 345
b44 0 151 24 178
b45 312 411 336 436
b46 318 94 337 107
b47 360 12 400 54
b48 318 383 352 411
b49 344 139 368 187
b50 166 290 185 304
b51 157 243 171 259
b52 405 401 442 419
b53 67 372 103 384
b54 153 146 187 176
b55 81 341 107 372
b56 78 460 124 491
b57 368 125 416 172
b58 467 474 492 499
b59 31 449 78 487
b60 187 163 226 179
b61 145 0 176 45
b62 233 402 269 448
b63 410 288 456 324
b64 494 493 509 526
b65 446 410 469 423
b66 389 439 434 481
b67 229 46 243 79
b68 205 448 250 476
b69 305 314 341 341
b70 250 448 266 493
b71 176 0 210 32
b72 162 370 177 402
b73 416 132 462 144
b74 359 481 393 524
b75 387 255 424 275
b76 440 64 476 103
b77 250 493 290 511
b78 115 299 157 315
b79 63 221 88 261
b80 60 518 75 554
b81 141 209 156 241
b82 342 302 366 341
b83 364 378 405 415
b84 13 267 47 305
b85 210 0 253 34
b86 510 302 554 341
b87 509 454 554 502
b88 252 102 296 131
b89 516 0 536 42
b90 281 251 305 297
b91 473 253 516 274
b92 342 255 387 302
b93 0 95 20 119
b94 411 521 430 552
b95 240 222 277 266
b96 364 345 410 378
b97 358 240 398 255
b98 296 113 331 126
b99 149 259 166 299
b100 472 0 516 45
b101 468 444 504 474
b102 0 59 40 95
b103 505 177 539 211
b104 259 29 273 71
b105 334 528 369 561
b106 210 34 243 46
b107 35 212 50 244
b108 124 512 162 549
b109 318 341 364 383
b110 106 0 145 42
b111 128 221 141 242
b112 177 370 202 400
b113 145 45 169 81
b114 124 404 158 448
b115 64 385 98 407
b116 158 402 177 430
b117 462 103 483 142
b118 519 341 557 385
b119 460 191 505 219
b120 169 45 205 81
b121 410 324 444 362
b122 124 463 167 483
b123 0 395 36 418
b124 442 251 473 286
b125 41 76 83 122
b126 296 101 318 113
b127 88 243 131 268
b128 0 418 28 462
b129 405 0 439 22
b130 284 75 314 101
b131 490 132 538 177
b132 400 39 439 57
b133 297 402 312 445
b134 24 308 71 342
b135 225 222 240 267
b136 434 419 446 456
b137 47 287 75 308
b138 277 307 305 349
b139 446 374 483 410
b140 221 398 233 441
b141 466 45 511 64
b142 512 97 549 124
b143 336 411 360 436
b144 185 240 225 255
b145 158 432 203 445
b146 177 81 210 129
b147 210 79 252 109
b148 305 287 323 307
b149 509 390 531 437
b150 390 57 421 80
b151 441 144 483 162
b152 305 237 324 253
b153 78 491 119 521
b154 405 22 427 39
b155 67 342 81 367
b156 320 54 336 82
b157 277 349 297 374
b158 191 349 214 362
b159 177 400 221 432
b160 401 419 428 435
b161 273 29 320 75
b162 60 487 78 518
b163 439 0 472 22
b164 112 140 153 176
b165 86 42 107 59
b166 0 178 36 212
b167 519 211 556 247
b168 360 415 401 439
b169 250 511 289 535
b170 124 483 169 512
b171 74 187 114 209
b172 226 126 239 153
b173 252 77 284 102
b174 243 34 259 77
b175 427 211 442 227
b176 107 42 145 75
b177 204 523 245 560
b178 210 109 229 126
b179 473 219 519 253
b180 393 481 433 500
b181 202 370 232 398
b182 486 319 510 364
b183 290 489 323 528
b184 249 307 274 353
b185 456 319 483 353
b186 31 418 64 449
b187 519 247 557 283
b188 320 0 360 37
b189 74 209 118 221
b190 421 105 458 132
b191 434 456 468 472
b192 272 0 320 29
b193 169 520 202 537
b194 481 499 494 527
b195 427 198 460 211
b196 0 487 41 528
b197 233 374 270 402
b198 193 476 241 495
b199 358 439 389 475
b200 211 179 248 222
b201 47 261 76 287
b202 410 362 444 401
b203 0 239 15 267
b204 41 135 74 176
b205 293 170 308 191
b206 41 0 83 35
b207 202 495 235 523
b208 40 176 67 196
b209 337 54 373 99
b210 237 267 250 291
b211 314 82 330 94
b212 369 524 411 545
b213 249 293 281 307
b214 509 437 536 454
b215 162 349 191 370
b216 421 63 440 105
b217 433 512 481 532
b218 109 404 124 447
b219 74 122 102 140
b220 266 452 296 489
b221 0 267 13 312
b222 156 209 181 243
b223 504 283 526 302
b224 166 304 187 349
b225 74 140 112 187
b226 233 291 249 330
b227 446 423 459 455
b228 297 382 318 402
b229 169 472 193 520
b230 385 172 418 202
b231 181 224 211 240
b232 162 537 204 560
b233 504 81 517 97
b234 424 255 442 288
b235 102 118 148 140
b236 317 170 344 209
b237 339 99 360 139
b238 319 436 358 463
b239 88 221 128 243
b240 418 144 441 163
b241 0 354 24 367
b242 531 397 553 437
b243 305 253 342 287
b244 185 255 222 268
b245 319 463 355 487
b246 296 445 319 489
b247 185 268 224 304
b248 36 342 67 385
b249 0 212 35 239
b250 115 268 149 299
b251 107 75 141 118
b252 210 46 229 74
b253 60 196 73 211
b254 41 122 65 135
b255 75 521 122 560
b256 24 151 37 172
b257 153 129 186 146
b258 248 183 292 217
b259 507 364 519 390
b260 253 0 272 12
b261 360 0 405 12
b262 270 374 297 422
b263 115 315 162 361
b264 118 176 141 221
b265 248 168 293 183
b266 373 80 421 125
b267 187 129 226 163
b268 439 38 461 63
b269 324 209 342 246
b270 37 196 60 211
b271 385 202 427 226
b272 0 24 24 59
b273 270 422 291 452
b274 297 349 318 382
b275 0 367 22 395
b276 442 219 473 233
b277 171 243 183 290
b278 0 312 13 354
b279 76 268 115 311
b280 0 462 31 484
b281 442 233 472 251
b282 71 311 115 341
b283 368 172 383 185
b284 483 64 504 94
b285 239 109 252 142
b286 323 487 359 528
b287 444 353 486 374
b288 511 45 539 81
b289 141 176 178 209
b290 342 225 358 252
b291 111 361 139 404
b292 483 374 507 413
b293 366 302 385 345
b294 373 54 390 80
b295 50 211 63 254
b296 36 385 63 401
b297 469 413 507 444
b298 434 472 467 512
b299 224 267 237 280
