2009314.25
3076400.5
942228
252 3739
949.55359
b0 73 887 100 902
b1 155 1974 182 1990
b2 55 2491 77 2517
b3 188 359 209 404
b4 151 571 191 616
b5 27 1776 43 1802
b6 84 3362 122 3389
b7 116 571 151 600
b8 27 0 48 36
b9 69 2750 113 2775
b10 176 210 191 241
b11 49 2396 90 2420
b12 199 1049 216 1068
b13 0 3613 33 3661
b14 171 481 215 502
b15 142 1052 176 1067
b16 120 410 165 452
b17 16 3238 57 3275
b18 149 94 192 138
b19 133 1157 169 1180
b20 142 1067 155 1084
b21 79 51 107 95
b22 153 452 188 481
b23 209 282 249 299
b24 145 2403 163 2427
b25 192 67 221 110
b26 137 975 164 993
b27 104 1613 142 1653
b28 167 2360 191 2372
b29 133 799 162 829
b30 151 1411 171 1439
b31 67 2875 99 2911
b32 85 1613 104 1635
b33 27 1730 72 1776
b34 54 1718 83 1730
b35 16 2154 28 2180
b36 100 1013 127 1043
b37 123 2472 135 2501
b38 130 1420 151 1439
b39 108 2400 120 2413
b40 155 717 174 764
b41 85 2344 121 2363
b42 145 877 191 902
b43 27 2105 66 2126
b44 115 1069 142 1093
b45 91 1218 115 1243
b46 68 3454 87 3467
b47 91 1178 133 1218
b48 116 523 144 557
b49 0 3323 24 3371
b50 54 2911 73 2925
b51 138 1653 152 1669
b52 108 2382 145 2400
b53 33 2750 69 2762
b54 28 2973 58 3007
b55 89 1935 115 1966
b56 43 1895 89 1926
b57 112 829 159 877
b58 87 1678 112 1703
b59 28 3019 75 3057
b60 58 3003 97 3019
b61 54 1397 85 1442
b62 147 0 193 36
b63 112 2561 148 2607
b64 100 2698 133 2713
b65 82 3339 95 3362
b66 16 3278 58 3323
b67 91 1243 105 1276
b68 85 2299 113 2344
b69 172 1235 208 1262
b70 33 2126 49 2171
b71 52 3166 86 3198
b72 103 2211 135 2226
b73 90 2396 102 2442
b74 49 2442 92 2476
b75 72 1858 92 1895
b76 119 2011 158 2047
b77 138 1669 178 1687
b78 22 3569 64 3585
b79 33 3613 73 3638
b80 78 2607 114 2622
b81 132 0 147 32
b82 75 3278 114 3302
b83 143 1463 180 1504
b84 117 2127 151 2165
b85 147 36 181 79
b86 94 1315 133 1359
b87 78 2513 123 2561
b88 131 673 160 717
b89 100 887 120 929
b90 147 1387 193 1411
b91 74 1966 117 1987
b92 151 2313 196 2360
b93 133 1180 153 1204
b94 72 1839 103 1858
b95 75 3302 119 3339
b96 193 0 239 33
b97 49 2126 89 2141
b98 102 1900 115 1935
b99 100 1052 140 1069
b100 123 2427 167 2472
b101 52 3339 82 3375
b102 132 210 172 246
b103 176 1015 210 1049
b104 121 2299 163 2313
b105 33 2762 68 2795
b106 85 2363 97 2396
b107 77 3123 109 3138
b108 100 975 137 1013
b109 154 300 196 346
b110 67 3482 106 3524
b111 54 3078 67 3099
b112 115 1132 145 1157
b113 49 2182 85 2206
b114 120 246 154 290
b115 115 1274 149 1296
b116 24 3323 52 3342
b117 28 3057 67 3078
b118 91 1783 135 1821
b119 80 2830 108 2875
b120 77 2662 113 2698
b121 43 2028 77 2066
b122 48 1167 91 1187
b123 154 2047 177 2083
b124 73 1092 104 1127
b125 188 404 234 446
b126 129 1439 151 1451
b127 120 877 145 920
b128 24 3454 68 3482
b129 135 2165 169 2187
b130 82 1289 112 1315
b131 107 717 155 762
b132 153 481 171 520
b133 151 2360 166 2403
b134 48 1187 82 1234
b135 33 2476 78 2491
b136 142 1504 179 1516
b137 43 1962 64 1990
b138 130 1359 172 1387
b139 16 3109 52 3146
b140 64 3569 76 3612
b141 67 3062 86 3107
b142 107 762 134 799
b143 85 1653 109 1678
b144 179 1504 194 1544
b145 239 0 252 45
b146 135 1749 183 1782
b147 153 1180 183 1222
b148 85 2211 103 2231
b149 113 2713 160 2735
b150 55 2719 78 2750
b151 73 2911 91 2953
b152 0 2154 16 2173
b153 0 3709 41 3739
b154 33 2491 55 2508
b155 48 14 73 28
b156 52 3375 80 3391
b157 165 185 185 210
b158 52 3323 75 3336
b159 110 2047 154 2079
b160 67 3107 94 3123
b161 149 138 195 185
b162 72 1821 103 1839
b163 79 799 112 821
b164 49 2141 85 2182
b165 89 2046 110 2063
b166 78 2561 112 2597
b167 119 1974 155 2011
b168 76 1987 100 2028
b169 79 848 103 887
b170 51 3409 80 3454
b171 73 1127 95 1167
b172 172 1222 199 1235
b173 125 1821 150 1853
b174 54 1381 97 1397
b175 153 520 168 536
b176 86 3062 119 3100
b177 103 2226 144 2263
b178 132 94 149 113
b179 48 1315 94 1349
b180 164 975 183 1015
b181 176 241 206 269
b182 97 1525 142 1549
b183 115 1093 148 1132
b184 69 2775 115 2800
b185 0 0 27 34
b186 0 3661 31 3694
b187 116 616 152 654
b188 57 3238 94 3278
b189 129 1451 173 1463
b190 116 496 153 523
b191 33 2795 49 2829
b192 110 2079 139 2127
b193 132 185 165 202
b194 102 1359 130 1372
b195 82 1276 115 1289
b196 102 1463 143 1504
b197 54 3138 91 3166
b198 54 1362 102 1381
b199 43 1926 74 1962
b200 97 1576 140 1613
b201 120 290 146 319
b202 24 3482 58 3521
b203 120 920 135 948
b204 79 0 120 33
b205 85 2263 106 2278
b206 136 1939 178 1974
b207 0 2126 33 2154
b208 54 2953 81 2973
b209 106 2263 151 2299
b210 89 1895 102 1919
b211 96 821 112 833
b212 142 1516 163 1558
b213 154 286 186 300
b214 79 821 96 848
b215 104 1157 133 1178
b216 131 654 173 673
b217 31 3661 51 3709
b218 33 3638 76 3653
b219 146 346 174 364
b220 78 2476 108 2513
b221 54 2795 67 2840
b222 67 3524 101 3549
b223 103 1821 125 1840
b224 55 2698 100 2719
b225 52 3200 99 3238
b226 170 1782 209 1798
b227 67 2830 80 2862
b228 112 799 133 819
b229 173 616 197 664
b230 152 1558 182 1591
b231 27 1802 43 1832
b232 73 1069 115 1092
b233 191 664 207 677
b234 51 3391 84 3409
b235 146 364 168 410
b236 27 1362 54 1401
b237 77 2622 98 2662
b238 24 3342 51 3381
b239 144 536 184 558
b240 113 1549 136 1568
b241 73 3612 86 3636
b242 154 246 176 286
b243 86 3166 123 3200
b244 186 269 223 282
b245 127 1028 163 1052
b246 120 452 143 496
b247 145 902 181 941
b248 184 502 227 533
b249 133 1222 168 1249
b250 98 2622 129 2656
b251 135 941 178 975
b252 22 3585 41 3613
b253 120 948 135 961
b254 193 33 217 46
b255 27 2066 74 2105
b256 174 346 195 359
b257 130 1387 147 1420
b258 91 1749 135 1783
b259 28 2829 54 2841
b260 72 1730 91 1742
b261 120 0 132 45
b262 102 1372 129 1420
b263 91 1703 138 1749
b264 103 1853 148 1876
b265 147 79 192 94
b266 22 3521 67 3569
b267 136 1900 170 1939
b268 115 1249 137 1274
b269 79 33 116 51
b270 54 3123 77 3138
b271 103 1876 145 1900
b272 137 993 161 1028
b273 68 2800 89 2830
b274 43 1990 76 2011
b275 0 3371 22 3399
b276 48 0 79 14
b277 74 2066 86 2113
b278 191 185 204 227
b279 75 3019 114 3062
b280 148 1084 179 1106
b281 89 2028 119 2046
b282 74 2973 118 3003
b283 165 410 178 425
b284 102 1504 132 1525
b285 106 3389 119 3422
b286 89 2170 125 2211
b287 181 46 223 67
b288 196 1798 224 1834
b289 114 3200 147 3237
b290 97 1549 113 1576
b291 89 2127 117 2170
b292 107 654 131 693
b293 108 2363 151 2382
b294 119 1900 136 1926
b295 48 1349 91 1362
b296 58 2973 74 3000
b297 16 3078 54 3109
b298 54 1678 87 1718
b299 144 558 157 571
