306399
413436
199362
446 447
29.852072
b0 28 193 64 209
b1 43 276 62 315
b2 397 25 438 60
b3 415 307 433 354
b4 293 391 325 417
b5 355 263 390 294
b6 301 216 330 229
b7 202 396 230 417
b8 62 304 94 319
b9 215 335 261 369
b10 178 93 210 138
b11 158 246 194 260
b12 99 187 141 223
b13 397 60 442 108
b14 99 265 124 280
b15 355 356 401 401
b16 348 79 366 101
b17 329 260 355 293
b18 0 150 34 169
b19 122 296 134 326
b20 415 354 443 387
b21 346 177 390 216
b22 36 0 75 26
b23 275 351 300 391
b24 181 260 196 285
b25 147 138 183 174
b26 12 292 37 335
b27 0 390 34 405
b28 255 132 301 170
b29 79 178 91 215
b30 355 328 372 355
b31 181 335 197 372
b32 195 33 227 56
b33 197 335 215 371
b34 187 170 225 189
b35 325 394 340 427
b36 394 167 422 179
b37 300 229 321 245
b38 317 42 350 68
b39 92 367 134 397
b40 99 33 140 61
b41 301 32 317 48
b42 99 81 143 100
b43 134 342 168 382
b44 277 289 293 316
b45 48 60 62 97
b46 394 152 442 167
b47 242 430 265 444
b48 147 174 171 200
b49 147 93 178 133
b50 99 0 141 33
b51 346 150 394 177
b52 226 170 263 197
b53 25 275 43 292
b54 99 280 142 296
b55 303 137 349 150
b56 228 125 253 147
b57 182 391 201 439
b58 99 61 140 80
b59 255 86 301 132
b60 142 261 177 291
b61 0 117 34 150
b62 34 132 79 169
b63 172 174 187 209
b64 99 100 147 147
b65 62 240 95 270
b66 195 189 226 220
b67 390 179 434 216
b68 28 169 63 193
b69 404 216 442 235
b70 0 353 36 367
b71 317 0 351 42
b72 295 260 329 293
b73 0 335 38 353
b74 141 0 170 18
b75 293 321 320 344
b76 62 60 74 74
b77 86 412 102 436
b78 250 228 293 254
b79 79 141 98 178
b80 34 117 48 132
b81 102 412 134 432
b82 262 257 295 289
b83 373 95 392 132
b84 351 0 388 43
b85 134 402 182 439
b86 195 220 219 244
b87 210 151 255 170
b88 355 401 383 444
b89 44 337 56 372
b90 0 251 45 275
b91 303 109 347 137
b92 169 37 193 79
b93 74 37 95 80
b94 142 246 158 261
b95 388 0 424 25
b96 300 344 325 389
b97 141 18 169 43
b98 142 291 168 307
b99 134 382 171 402
b100 95 296 122 321
b101 99 147 147 187
b102 140 43 165 81
b103 261 398 293 430
b104 0 0 36 25
b105 241 0 272 42
b106 181 285 220 319
b107 45 231 61 276
b108 122 326 134 359
b109 366 83 388 95
b110 0 367 44 390
b111 142 212 155 230
b112 210 105 228 151
b113 372 328 415 356
b114 226 197 265 216
b115 220 220 250 257
b116 220 257 262 294
b117 75 0 99 37
b118 390 272 429 307
b119 351 43 375 79
b120 215 369 260 384
b121 272 0 317 32
b122 44 372 87 402
b123 265 215 300 228
b124 315 427 354 440
b125 0 169 28 187
b126 202 417 240 445
b127 38 315 62 337
b128 56 341 92 366
b129 394 108 440 152
b130 301 172 346 216
b131 79 105 99 141
b132 337 356 353 394
b133 295 293 309 305
b134 325 340 354 356
b135 92 397 129 412
b136 349 101 373 120
b137 43 209 61 231
b138 293 417 315 447
b139 0 25 33 56
b140 185 79 201 91
b141 320 315 354 340
b142 94 321 121 367
b143 0 60 46 104
b144 228 58 257 83
b145 265 170 299 215
b146 62 270 95 304
b147 141 200 172 212
b148 261 334 286 351
b149 62 319 84 341
b150 168 342 181 372
b151 241 42 268 58
b152 195 0 228 33
b153 202 384 242 396
b154 44 402 86 446
b155 12 275 25 287
b156 242 384 261 426
b157 143 81 185 93
b158 330 216 358 233
b159 196 244 220 280
b160 434 167 446 203
b161 171 372 202 391
b162 293 245 323 257
b163 358 216 404 263
b164 323 233 355 260
b165 220 294 253 335
b166 0 275 12 311
b167 261 351 275 398
b168 170 0 195 37
b169 257 58 303 86
b170 210 83 255 105
b171 355 294 390 328
b172 68 80 99 105
b173 303 150 345 172
b174 390 307 415 327
b175 325 356 337 390
b176 293 305 313 321
b177 193 56 224 77
b178 313 293 329 313
b179 303 68 348 109
b180 187 138 208 157
b181 64 169 79 211
b182 268 42 301 54
b183 383 401 399 438
b184 228 105 247 125
b185 228 0 241 44
b186 0 104 48 117
b187 329 293 353 315
b188 253 294 277 334
b189 48 97 68 128
b190 33 26 70 60
b191 404 235 446 272
b192 0 187 28 209
b193 0 209 43 251
b194 99 223 142 265
b195 61 215 97 240
b196 181 319 220 335
b197 134 307 181 342
b198 375 43 397 83
b199 155 212 195 246
