227327.546875
229684.5
206115
453 455
3.154329
b0 349 190 382 233
b1 377 47 442 84
b2 116 272 169 306
b3 0 117 67 154
b4 63 278 82 307
b5 254 135 293 184
b6 382 186 422 204
b7 233 345 255 385
b8 80 179 130 241
b9 164 193 180 234
b10 219 45 271 63
b11 180 0 219 59
b12 82 272 110 333
b13 169 262 226 310
b14 57 405 120 448
b15 386 204 445 256
b16 343 378 379 435
b17 278 0 344 44
b18 335 279 386 327
b19 82 241 132 272
b20 186 154 223 173
b21 293 100 357 150
b22 32 0 66 49
b23 365 327 385 376
b24 298 399 343 427
b25 246 190 300 229
b26 0 415 55 455
b27 377 84 442 109
b28 379 386 418 432
b29 0 208 24 270
b30 300 256 326 280
b31 63 333 97 359
b32 116 333 159 386
b33 343 343 365 378
b34 196 107 250 134
b35 223 135 254 173
b36 233 229 300 268
b37 357 47 377 107
b38 116 310 173 333
b39 101 122 156 174
b40 186 214 215 240
b41 24 218 79 245
b42 127 0 180 62
b43 0 71 61 117
b44 386 317 451 364
b45 359 233 382 277
b46 164 154 186 193
b47 233 387 298 420
b48 74 122 101 179
b49 344 0 409 47
b50 0 0 32 67
b51 253 78 291 135
b52 298 345 343 399
b53 67 101 110 122
b54 66 0 127 18
b55 271 44 327 78
b56 0 154 63 171
b57 196 59 214 106
b58 130 174 164 220
b59 167 418 217 455
b60 255 0 278 40
b61 326 256 359 279
b62 0 330 60 349
b63 219 0 255 45
b64 24 171 74 218
b65 67 18 124 74
b66 233 284 300 345
b67 377 109 421 149
b68 0 278 63 330
b69 67 74 121 101
b70 255 345 297 387
b71 169 240 233 262
b72 167 357 228 418
b73 386 256 453 317
b74 156 112 194 154
b75 124 62 152 81
b76 32 49 65 71
b77 0 349 57 415
b78 132 220 164 256
b79 186 173 246 214
b80 233 268 291 284
b81 156 62 196 112
b82 173 310 230 357
b83 132 256 154 272
b84 385 364 452 386
b85 421 109 441 134
b86 359 149 415 186
b87 214 63 253 107
b88 0 171 24 208
b89 121 81 148 119
b90 120 405 159 438
b91 24 245 80 278
b92 335 327 361 343
b93 300 280 335 345
b94 57 359 116 400
b95 116 386 167 405
b96 293 150 359 190
b97 217 420 284 437
b98 291 78 353 100
b99 300 190 349 256
