2126705
3165280
1088130
285 3818
932.823674
b0 87 3522 114 3537
b1 152 887 179 903
b2 97 3455 119 3481
b3 40 3554 61 3599
b4 112 887 152 932
b5 48 1390 64 1416
b6 179 79 217 106
b7 77 1333 112 1362
b8 112 1785 133 1821
b9 189 152 233 177
b10 163 159 178 190
b11 110 2471 151 2495
b12 100 2617 117 2636
b13 187 1321 220 1369
b14 40 3275 84 3296
b15 13 3745 47 3760
b16 146 1125 191 1167
b17 24 3328 65 3365
b18 144 669 187 713
b19 117 1821 153 1844
b20 152 903 165 920
b21 70 1922 98 1966
b22 136 1431 171 1460
b23 157 1460 197 1477
b24 87 1684 105 1708
b25 124 589 153 632
b26 169 2270 196 2288
b27 67 3074 105 3114
b28 91 993 115 1005
b29 70 1892 99 1922
b30 101 1245 121 1273
b31 168 262 200 298
b32 189 128 208 150
b33 129 2835 174 2881
b34 48 0 77 12
b35 122 284 134 310
b36 48 2289 75 2319
b37 40 2805 52 2834
b38 0 3760 21 3779
b39 136 1345 148 1358
b40 149 433 168 480
b41 154 1001 190 1020
b42 40 2742 86 2767
b43 13 3724 52 3745
b44 131 2696 158 2720
b45 261 216 285 241
b46 65 3522 84 3535
b47 112 953 154 993
b48 100 1607 128 1641
b49 0 58 24 106
b50 83 3114 102 3128
b51 129 2813 143 2829
b52 64 2131 101 2149
b53 114 1333 150 1345
b54 56 3365 86 3399
b55 163 128 189 159
b56 112 1641 158 1672
b57 101 2964 148 3012
b58 114 1480 139 1505
b59 56 3417 103 3455
b60 48 1362 87 1378
b61 158 2534 189 2579
b62 101 1209 147 1245
b63 110 2425 146 2471
b64 140 1245 173 1260
b65 99 1933 112 1956
b66 97 2149 139 2194
b67 77 12 91 45
b68 204 1912 232 1957
b69 148 2902 184 2929
b70 40 3365 56 3410
b71 51 3296 85 3328
b72 186 2288 218 2303
b73 137 2574 149 2620
b74 124 1716 167 1750
b75 97 1821 117 1858
b76 131 2720 170 2756
b77 21 3760 61 3778
b78 150 1305 192 1321
b79 0 33 40 58
b80 52 3724 88 3739
b81 167 1888 182 1920
b82 83 3138 122 3162
b83 179 858 216 899
b84 86 3271 120 3309
b85 191 364 225 407
b86 134 375 173 419
b87 154 953 199 1001
b88 86 2813 115 2857
b89 146 1167 166 1209
b90 147 1209 193 1233
b91 125 932 168 953
b92 191 408 236 455
b93 195 1504 215 1528
b94 129 2794 160 2813
b95 146 2393 190 2430
b96 123 2270 169 2303
b97 0 3365 40 3380
b98 204 492 217 527
b99 98 2092 138 2109
b100 200 309 244 354
b101 87 1716 117 1752
b102 45 3198 85 3234
b103 97 1858 131 1892
b104 149 419 191 433
b105 12 3663 47 3696
b106 112 1752 124 1785
b107 158 1591 190 1606
b108 150 1321 187 1359
b109 67 2918 109 2964
b110 148 1389 187 1431
b111 112 932 125 953
b112 166 713 196 738
b113 182 1888 218 1912
b114 118 1081 152 1125
b115 149 548 183 570
b116 127 730 155 749
b117 101 2660 140 2681
b118 40 2767 84 2805
b119 196 610 224 655
b120 225 354 261 390
b121 12 3599 46 3637
b122 114 1460 157 1480
b123 86 3309 109 3345
b124 86 2778 117 2813
b125 122 205 168 247
b126 48 1378 70 1390
b127 87 1641 112 1684
b128 12 3696 56 3724
b129 179 106 213 128
b130 192 1256 222 1282
b131 191 1033 239 1078
b132 168 298 186 337
b133 116 2574 131 2617
b134 178 177 212 224
b135 105 2681 150 2696
b136 124 2348 161 2360
b137 24 2867 45 2895
b138 112 2546 154 2574
b139 236 408 272 445
b140 85 2149 97 2192
b141 215 1369 234 1414
b142 91 1081 118 1118
b143 103 697 127 722
b144 167 1920 182 1960
b145 123 2303 136 2348
b146 0 0 48 33
b147 112 805 142 847
b148 217 79 235 99
b149 103 3033 150 3055
b150 40 3455 63 3486
b151 201 224 219 266
b152 183 548 199 567
b153 46 3599 87 3629
b154 100 1505 122 1522
b155 161 2303 186 2317
b156 167 1872 195 1888
b157 109 2872 129 2897
b158 91 1118 114 1131
b159 137 637 181 669
b160 45 3145 72 3161
b161 48 2242 94 2289
b162 56 3399 87 3417
b163 179 0 212 22
b164 67 3033 103 3074
b165 119 1273 140 1290
b166 67 2964 101 3000
b167 76 3234 112 3271
b168 88 2051 112 2092
b169 77 1131 101 1170
b170 234 1078 263 1123
b171 163 818 185 858
b172 70 1752 97 1765
b173 40 3522 65 3554
b174 117 2778 160 2794
b175 97 1752 112 1768
b176 168 224 201 262
b177 122 0 163 37
b178 198 567 215 586
b179 103 467 149 501
b180 98 1956 117 1996
b181 111 1305 141 1333
b182 153 1480 198 1504
b183 212 40 245 79
b184 77 2290 123 2315
b185 87 1362 114 1396
b186 124 2360 155 2393
b187 168 492 204 530
b188 40 2319 77 2359
b189 47 3663 91 3675
b190 48 2149 85 2176
b191 87 3345 103 3379
b192 85 2194 114 2242
b193 130 1574 163 1591
b194 112 1672 140 1685
b195 112 2533 145 2546
b196 99 1892 140 1933
b197 140 1844 177 1872
b198 156 2224 204 2243
b199 72 3162 103 3198
b200 122 247 165 284
b201 142 858 168 887
b202 63 3455 97 3494
b203 103 722 118 750
b204 103 772 144 805
b205 142 818 163 833
b206 122 1539 164 1574
b207 63 3494 96 3522
b208 24 3296 51 3316
b209 86 2742 131 2778
b210 0 3724 13 3748
b211 165 363 181 375
b212 91 805 112 847
b213 120 3162 152 3176
b214 182 337 199 364
b215 101 3012 130 3033
b216 77 1273 119 1292
b217 94 2242 114 2290
b218 119 1290 162 1305
b219 168 530 196 548
b220 191 455 221 492
b221 87 1396 100 1441
b222 77 1292 111 1317
b223 114 1345 136 1364
b224 153 589 198 610
b225 77 2348 124 2386
b226 115 993 154 1009
b227 124 2393 137 2425
b228 88 2030 109 2050
b229 77 2636 101 2684
b230 100 1574 130 1607
b231 100 2580 116 2610
b232 192 1233 234 1256
b233 163 0 179 13
b234 109 2937 142 2955
b235 84 2872 106 2918
b236 145 2495 172 2534
b237 103 501 124 541
b238 77 2407 104 2446
b239 143 2813 183 2835
b240 149 570 172 589
b241 102 3114 115 3138
b242 109 2897 131 2937
b243 40 2359 77 2393
b244 77 2520 114 2533
b245 101 2636 137 2660
b246 77 2533 100 2577
b247 0 3779 36 3818
b248 105 1685 148 1716
b249 153 610 188 637
b250 122 1505 153 1539
b251 46 3629 89 3663
b252 124 669 143 697
b253 199 899 214 912
b254 142 805 166 818
b255 219 177 266 216
b256 52 2805 73 2818
b257 127 697 144 730
b258 70 1996 114 2030
b259 77 0 103 12
b260 103 0 122 12
b261 0 3380 12 3425
b262 122 419 149 467
b263 115 1020 162 1066
b264 118 749 163 772
b265 84 2857 129 2872
b266 101 1131 146 1179
b267 64 2092 98 2131
b268 104 2495 126 2520
b269 225 390 262 408
b270 115 1066 138 1081
b271 208 128 250 152
b272 152 1066 176 1101
b273 150 1359 171 1389
b274 77 2386 110 2407
b275 161 2317 183 2345
b276 40 2834 71 2848
b277 100 2533 112 2580
b278 166 738 179 780
b279 245 0 284 43
b280 77 2720 108 2742
b281 195 1528 225 1546
b282 123 2194 167 2224
b283 163 190 176 205
b284 131 2881 161 2902
b285 155 2360 168 2393
b286 40 3234 76 3275
b287 109 2030 151 2051
b288 77 2684 105 2720
b289 123 2224 156 2261
b290 24 2895 40 2922
b291 201 266 229 309
b292 64 2030 88 2069
b293 24 2848 67 2867
b294 165 337 182 363
b295 162 1020 205 1033
b296 156 2243 172 2270
b297 45 3114 83 3145
b298 212 0 245 40
b299 124 632 137 645
