442013.5
569306
314721
561 561
131.398558
b0 116 81 131 108
b1 473 74 489 101
b2 333 398 359 420
b3 453 313 474 358
b4 106 238 151 278
b5 0 168 26 184
b6 203 398 241 425
b7 424 401 459 430
b8 328 316 364 337
b9 34 354 59 398
b10 420 223 451 238
b11 173 94 214 118
b12 275 288 292 307
b13 300 353 333 401
b14 279 352 300 396
b15 419 238 453 253
b16 121 515 166 557
b17 519 221 560 258
b18 220 143 263 187
b19 264 164 287 200
b20 80 454 97 467
b21 300 309 328 353
b22 410 0 445 29
b23 84 187 101 227
b24 372 343 396 361
b25 444 138 487 167
b26 475 377 502 395
b27 440 36 480 74
b28 172 162 184 186
b29 176 316 205 346
b30 151 142 179 162
b31 36 59 72 91
b32 294 147 316 166
b33 166 515 211 561
b34 412 397 424 426
b35 518 165 530 191
b36 489 232 519 259
b37 267 0 279 29
b38 245 187 264 208
b39 42 24 54 37
b40 138 496 185 515
b41 513 88 549 107
b42 360 207 406 232
b43 364 266 385 305
b44 0 144 27 168
b45 473 208 498 232
b46 491 189 504 208
b47 384 36 426 76
b48 530 170 558 204
b49 445 0 493 24
b50 227 470 241 489
b51 461 461 477 475
b52 72 19 109 37
b53 70 208 82 244
b54 166 245 196 279
b55 0 253 31 279
b56 489 477 520 523
b57 251 396 299 443
b58 524 433 549 458
b59 151 458 198 496
b60 379 397 395 436
b61 72 37 103 82
b62 184 143 220 189
b63 379 361 425 397
b64 521 394 536 427
b65 366 495 379 518
b66 290 166 335 208
b67 372 0 386 33
b68 461 477 489 522
b69 491 153 518 189
b70 279 0 295 45
b71 235 0 267 34
b72 176 346 191 378
b73 453 301 499 313
b74 0 358 34 401
b75 250 208 287 228
b76 140 392 176 431
b77 418 253 458 271
b78 0 463 16 505
b79 0 401 40 426
b80 20 496 35 532
b81 40 398 72 413
b82 33 0 72 24
b83 115 0 156 37
b84 0 320 34 358
b85 362 164 396 207
b86 513 44 552 88
b87 205 249 250 297
b88 335 272 364 316
b89 430 74 472 94
b90 398 304 422 350
b91 108 278 151 299
b92 306 102 353 147
b93 231 345 251 369
b94 366 519 385 550
b95 0 426 44 463
b96 205 297 251 330
b97 241 501 281 516
b98 475 425 488 460
b99 395 397 412 437
b100 493 0 538 44
b101 504 328 540 358
b102 281 486 321 522
b103 173 60 207 94
b104 426 29 440 71
b105 22 184 57 217
b106 480 44 513 56
b107 151 245 166 277
b108 385 519 422 557
b109 264 97 306 143
b110 333 429 375 468
b111 71 187 84 208
b112 153 431 183 456
b113 125 299 149 335
b114 241 516 275 560
b115 72 165 106 187
b116 151 316 170 344
b117 350 40 371 79
b118 504 259 548 297
b119 425 318 453 363
b120 0 59 36 95
b121 364 305 398 343
b122 0 505 20 548
b123 36 91 72 114
b124 112 142 147 173
b125 131 37 173 83
b126 227 489 239 511
b127 78 505 121 530
b128 103 37 131 81
b129 396 232 418 266
b130 475 395 501 425
b131 215 98 263 143
b132 303 30 342 48
b133 303 48 346 63
b134 93 420 140 454
b135 362 149 407 164
b136 192 279 204 316
b137 0 217 28 238
b138 301 444 329 486
b139 177 0 213 37
b140 321 486 333 529
b141 425 139 444 184
b142 333 468 370 495
b143 72 95 97 119
b144 72 119 112 134
b145 196 203 241 216
b146 196 425 244 458
b147 0 114 42 144
b148 407 142 425 162
b149 383 76 430 98
b150 458 278 489 301
b151 131 124 173 142
b152 419 123 438 139
b153 35 505 65 546
b154 213 0 235 17
b155 193 189 218 203
b156 475 361 503 377
b157 458 258 483 278
b158 220 187 243 200
b159 275 522 319 554
b160 151 344 167 371
b161 61 278 108 324
b162 86 360 117 378
b163 350 79 383 101
b164 379 437 420 473
b165 84 227 105 244
b166 44 431 80 465
b167 473 101 509 138
b168 97 454 138 478
b169 31 217 70 241
b170 203 369 248 398
b171 49 465 71 505
b172 290 223 317 236
b173 419 98 451 123
b174 211 470 227 513
b175 290 208 306 223
b176 385 266 418 304
b177 151 279 192 316
b178 235 34 252 53
b179 60 244 106 278
b180 418 271 458 290
b181 33 289 61 319
b182 489 56 513 101
b183 251 255 290 288
b184 335 165 360 211
b185 317 211 351 238
b186 16 465 49 496
b187 504 358 542 394
b188 454 167 491 207
b189 407 98 419 142
b190 151 195 188 222
b191 422 456 456 472
b192 475 313 504 361
b193 112 173 145 190
b194 406 203 419 231
b195 418 290 451 303
b196 131 83 172 124
b197 42 114 70 151
b198 211 513 230 561
b199 72 134 108 165
b200 292 272 335 309
b201 458 232 487 258
b202 422 472 461 506
b203 0 238 28 253
b204 0 279 33 320
b205 422 303 443 318
b206 0 24 42 59
b207 333 495 366 523
b208 176 378 203 398
b209 218 53 254 98
b210 371 33 384 57
b211 518 153 534 165
b212 72 389 93 431
b213 459 401 473 433
b214 534 153 561 170
b215 186 118 215 139
b216 333 379 375 398
b217 106 190 126 238
b218 520 477 535 520
b219 457 433 475 461
b220 295 0 332 30
b221 65 505 78 550
b222 290 236 315 270
b223 279 467 301 486
b224 117 371 162 392
b225 425 363 472 401
b226 536 394 552 433
b227 489 259 502 291
b228 156 0 177 20
b229 126 190 150 238
b230 488 435 521 465
b231 248 443 264 473
b232 151 222 193 245
b233 422 443 438 456
b234 542 297 560 330
b235 251 330 297 352
b236 251 228 290 255
b237 263 45 303 66
b238 97 478 136 505
b239 191 346 231 368
b240 454 207 473 230
b241 61 360 85 373
b242 451 94 473 134
b243 315 238 352 272
b244 420 430 457 443
b245 386 0 410 36
b246 27 151 71 174
b247 333 343 372 379
b248 264 66 307 97
b249 34 319 61 354
b250 117 335 151 366
b251 299 401 333 444
b252 502 407 521 435
b253 173 118 186 133
b254 183 398 196 422
b255 422 506 461 553
b256 140 431 153 452
b257 108 299 125 332
b258 352 232 396 266
b259 445 24 471 36
b260 97 82 116 94
b261 198 458 243 470
b262 33 241 60 289
b263 509 107 556 153
b264 173 37 218 60
b265 205 330 250 345
b266 353 101 398 149
b267 420 184 454 223
b268 342 18 367 40
b269 535 458 553 495
b270 275 307 290 330
b271 251 288 275 330
b272 264 443 299 467
b273 264 143 294 164
b274 151 162 172 195
b275 71 467 93 495
b276 359 398 373 429
b277 477 465 524 477
b278 138 454 151 496
b279 307 63 350 102
b280 0 184 22 215
b281 342 0 372 18
b282 319 529 363 559
b283 504 394 519 407
b284 504 191 525 221
b285 0 0 33 13
b286 61 324 102 360
b287 93 378 114 420
b288 243 473 279 501
b289 379 486 416 519
b290 335 149 362 165
b291 251 352 279 395
b292 396 164 420 203
b293 72 0 115 19
b294 114 392 140 409
b295 379 473 422 486
b296 59 373 86 389
b297 504 297 542 328
b298 205 216 245 249
b299 72 82 85 95
