441411.5
569785
313038
561 558
109.810133
b0 180 90 195 117
b1 349 134 376 150
b2 145 174 171 196
b3 470 206 515 227
b4 326 0 366 45
b5 103 259 119 285
b6 103 135 141 162
b7 145 111 180 140
b8 287 285 308 321
b9 0 513 25 557
b10 299 225 314 256
b11 186 187 227 211
b12 119 272 138 289
b13 52 286 100 319
b14 444 298 465 342
b15 424 443 458 458
b16 100 390 145 432
b17 244 169 285 206
b18 180 47 224 90
b19 103 53 126 89
b20 186 261 199 278
b21 36 319 80 347
b22 511 17 540 52
b23 227 187 244 227
b24 421 382 445 400
b25 504 172 547 201
b26 168 266 186 293
b27 385 42 423 82
b28 173 435 197 447
b29 244 140 274 169
b30 313 380 341 400
b31 344 423 376 459
b32 272 37 291 59
b33 33 0 79 45
b34 547 172 559 201
b35 313 400 339 412
b36 397 191 427 218
b37 244 128 273 140
b38 131 369 150 390
b39 0 166 12 179
b40 238 263 257 310
b41 0 304 36 323
b42 233 382 279 407
b43 483 140 522 161
b44 100 452 127 476
b45 442 273 466 298
b46 466 309 485 322
b47 385 82 427 122
b48 274 409 308 437
b49 471 77 519 101
b50 131 355 150 369
b51 399 326 413 342
b52 84 91 102 128
b53 164 447 176 483
b54 148 293 182 323
b55 194 407 225 433
b56 36 197 82 228
b57 179 0 227 47
b58 485 413 510 438
b59 97 476 135 523
b60 390 242 429 258
b61 424 458 455 503
b62 150 336 186 382
b63 52 45 88 91
b64 477 514 492 547
b65 378 258 391 281
b66 475 227 520 269
b67 273 98 287 131
b68 271 323 316 351
b69 423 27 459 54
b70 186 171 231 187
b71 227 0 259 34
b72 36 397 68 412
b73 415 122 427 168
b74 63 476 97 519
b75 63 232 100 252
b76 140 0 179 36
b77 424 274 442 314
b78 0 497 42 513
b79 499 269 524 309
b80 0 397 15 433
b81 46 425 61 457
b82 324 156 348 195
b83 103 0 140 41
b84 115 523 153 557
b85 378 400 421 434
b86 460 0 499 44
b87 273 510 321 555
b88 344 459 373 503
b89 487 57 529 77
b90 287 98 333 122
b91 15 397 36 440
b92 224 47 271 92
b93 349 83 373 103
b94 413 326 444 345
b95 524 250 561 294
b96 197 138 243 171
b97 427 54 442 94
b98 349 103 384 116
b99 430 193 470 210
b100 427 105 471 150
b101 492 519 528 549
b102 0 118 40 154
b103 225 512 259 546
b104 430 231 444 273
b105 61 412 96 445
b106 103 41 136 53
b107 0 226 15 258
b108 519 102 557 139
b109 103 89 145 135
b110 305 47 347 86
b111 119 259 140 272
b112 274 454 304 479
b113 150 382 186 406
b114 462 470 496 514
b115 154 483 188 505
b116 81 445 100 473
b117 378 307 399 346
b118 233 338 271 382
b119 492 342 520 387
b120 506 452 542 488
b121 356 196 390 234
b122 424 400 444 443
b123 0 203 36 226
b124 100 355 131 390
b125 366 0 412 42
b126 271 301 283 323
b127 0 323 25 366
b128 287 122 315 166
b129 145 77 167 111
b130 308 285 338 311
b131 103 289 148 337
b132 397 150 415 189
b133 378 346 421 361
b134 186 227 233 261
b135 341 196 356 241
b136 499 16 511 53
b137 173 407 194 435
b138 271 227 299 269
b139 199 261 236 297
b140 471 140 483 183
b141 485 161 504 206
b142 259 0 286 37
b143 317 356 342 380
b144 82 192 97 232
b145 322 503 367 516
b146 0 0 33 48
b147 103 184 145 214
b148 481 322 499 342
b149 536 294 558 341
b150 321 455 344 486
b151 103 337 145 355
b152 465 322 481 341
b153 444 407 485 437
b154 510 400 532 417
b155 15 228 40 242
b156 499 0 527 16
b157 399 306 424 326
b158 40 228 63 241
b159 462 438 506 470
b160 244 247 271 263
b161 197 92 244 138
b162 63 445 81 476
b163 519 80 552 102
b164 520 364 561 400
b165 305 30 326 47
b166 279 373 313 409
b167 524 214 561 250
b168 244 206 268 247
b169 127 432 151 471
b170 57 163 102 192
b171 445 385 485 407
b172 150 323 177 336
b173 399 274 424 306
b174 333 86 349 129
b175 36 304 52 319
b176 522 139 560 172
b177 36 360 77 397
b178 57 130 74 149
b179 0 440 46 474
b180 424 525 464 544
b181 385 122 415 150
b182 79 0 103 45
b183 377 459 410 498
b184 378 434 424 459
b185 315 129 349 156
b186 0 366 33 397
b187 349 45 385 83
b188 201 297 238 337
b189 40 118 84 130
b190 423 0 460 27
b191 257 269 291 285
b192 442 57 471 105
b193 154 505 171 538
b194 464 514 477 542
b195 460 44 493 57
b196 145 196 186 237
b197 188 480 225 508
b198 135 471 154 519
b199 376 498 412 529
b200 455 342 492 385
b201 285 196 311 225
b202 338 277 377 311
b203 140 266 168 281
b204 176 447 217 480
b205 470 183 485 204
b206 510 417 552 452
b207 238 310 271 338
b208 100 432 127 452
b209 225 476 270 512
b210 410 459 423 483
b211 471 57 487 69
b212 42 474 63 516
b213 316 311 330 343
b214 527 0 554 17
b215 313 434 342 455
b216 33 76 52 118
b217 80 319 100 367
b218 15 242 58 257
b219 145 406 173 424
b220 287 166 324 196
b221 151 424 164 469
b222 240 407 274 432
b223 47 257 69 276
b224 321 516 366 537
b225 186 369 233 407
b226 391 258 430 274
b227 515 201 547 214
b228 273 77 293 98
b229 274 486 322 510
b230 286 0 319 30
b231 257 285 287 301
b232 0 474 42 497
b233 485 387 498 403
b234 349 116 382 134
b235 271 351 317 373
b236 186 342 225 369
b237 103 238 143 259
b238 314 196 341 235
b239 103 162 143 184
b240 415 168 434 191
b241 36 412 60 425
b242 520 342 560 364
b243 421 345 455 382
b244 462 227 475 264
b245 341 399 377 423
b246 366 529 410 552
b247 339 241 378 277
b248 342 356 373 399
b249 88 523 115 558
b250 69 252 100 286
b251 434 150 468 193
b252 529 52 548 80
b253 424 503 437 518
b254 184 132 197 156
b255 471 101 518 140
b256 268 206 281 227
b257 274 437 307 454
b258 239 432 273 476
b259 498 387 510 413
b260 293 77 305 96
b261 0 154 45 166
b262 349 150 397 177
b263 0 258 47 304
b264 77 367 100 412
b265 186 297 201 342
b266 330 311 378 356
b267 145 140 184 174
b268 437 503 462 525
b269 534 488 552 525
b270 225 407 240 430
b271 103 214 145 238
b272 0 179 35 203
b273 430 210 460 231
b274 74 130 95 163
b275 313 412 341 434
b276 33 45 47 76
b277 291 30 303 77
b278 197 433 239 446
b279 378 361 421 400
b280 35 166 57 197
b281 444 231 462 261
b282 136 47 180 77
b283 180 117 193 132
b284 540 17 561 47
b285 274 131 287 164
b286 25 516 61 557
b287 318 235 339 277
b288 244 92 272 128
b289 499 309 536 342
b290 291 269 318 285
b291 143 238 186 266
b292 390 218 429 242
b293 349 177 392 196
b294 378 281 395 307
b295 25 347 68 360
b296 61 519 88 535
b297 496 488 534 519
b298 466 269 499 309
b299 308 455 321 468
