433932.5
554827
313038
561 558
164.177624
b0 352 192 379 207
b1 352 176 379 192
b2 169 149 191 175
b3 448 166 469 211
b4 294 446 334 491
b5 47 114 73 130
b6 191 176 229 203
b7 439 341 468 376
b8 98 313 134 334
b9 138 429 163 473
b10 337 399 368 414
b11 368 354 392 395
b12 144 237 161 256
b13 203 213 236 261
b14 303 348 324 392
b15 437 306 452 340
b16 35 463 80 505
b17 183 21 220 62
b18 324 356 368 399
b19 209 380 245 403
b20 269 261 286 274
b21 55 334 99 362
b22 518 382 553 411
b23 286 368 303 408
b24 413 468 431 492
b25 370 468 413 497
b26 364 336 391 354
b27 513 435 553 473
b28 35 364 47 388
b29 113 192 142 222
b30 403 289 431 309
b31 77 192 113 224
b32 415 447 437 466
b33 197 289 243 334
b34 294 408 323 420
b35 538 12 550 38
b36 431 279 461 306
b37 431 467 460 479
b38 77 313 98 332
b39 65 156 77 169
b40 0 158 19 205
b41 69 0 105 19
b42 434 20 459 66
b43 181 0 220 21
b44 53 260 80 284
b45 379 176 403 201
b46 389 83 408 96
b47 468 330 510 370
b48 175 466 209 494
b49 501 411 549 435
b50 46 156 65 170
b51 323 399 337 415
b52 459 41 496 59
b53 247 402 283 414
b54 80 260 114 290
b55 19 199 45 230
b56 163 435 209 466
b57 513 299 561 346
b58 476 410 501 435
b59 0 0 47 38
b60 142 0 181 16
b61 141 357 186 388
b62 53 224 99 260
b63 243 299 289 335
b64 440 100 455 133
b65 232 461 245 484
b66 500 56 545 98
b67 220 70 253 84
b68 324 107 369 135
b69 191 149 227 176
b70 500 128 545 144
b71 292 59 324 93
b72 205 403 237 418
b73 496 0 542 12
b74 15 505 49 548
b75 331 267 351 304
b76 514 346 553 382
b77 459 59 499 77
b78 37 423 79 439
b79 222 515 247 555
b80 0 493 15 529
b81 99 411 131 426
b82 389 44 413 83
b83 459 0 496 41
b84 47 80 85 114
b85 469 182 512 216
b86 181 62 220 106
b87 197 335 245 380
b88 262 178 306 207
b89 245 0 265 42
b90 371 96 395 142
b91 0 72 43 93
b92 392 339 437 386
b93 236 239 260 259
b94 167 511 186 542
b95 247 511 291 548
b96 247 335 293 368
b97 416 224 431 264
b98 452 306 465 341
b99 336 135 353 175
b100 389 0 434 44
b101 500 98 536 128
b102 0 328 40 364
b103 147 62 181 96
b104 250 84 264 126
b105 0 460 35 493
b106 379 201 412 213
b107 0 313 32 328
b108 164 236 201 274
b109 99 365 141 411
b110 364 294 403 336
b111 59 410 80 423
b112 144 137 169 167
b113 53 188 77 224
b114 303 230 347 264
b115 59 376 81 410
b116 264 112 292 131
b117 324 0 363 21
b118 500 12 538 56
b119 247 460 292 488
b120 108 132 144 168
b121 293 310 327 348
b122 181 106 201 149
b123 118 13 141 49
b124 99 334 134 365
b125 289 264 331 310
b126 110 448 132 460
b127 128 473 153 516
b128 220 42 264 70
b129 484 388 518 410
b130 236 213 266 239
b131 370 497 418 542
b132 459 77 498 95
b133 370 432 413 447
b134 262 131 296 178
b135 161 274 206 289
b136 220 0 232 37
b137 19 171 40 199
b138 177 393 205 435
b139 379 229 416 265
b140 469 216 512 228
b141 439 376 484 395
b142 431 224 468 251
b143 306 172 330 197
b144 0 205 15 245
b145 403 172 448 185
b146 47 28 95 61
b147 0 93 42 123
b148 371 76 389 96
b149 509 229 556 251
b150 314 509 337 540
b151 294 491 336 509
b152 336 175 352 194
b153 147 96 177 137
b154 512 161 534 178
b155 55 362 80 376
b156 292 43 320 59
b157 434 0 459 20
b158 186 380 209 393
b159 347 207 379 251
b160 347 251 374 267
b161 247 414 294 460
b162 53 170 84 188
b163 431 479 453 512
b164 493 475 534 511
b165 334 442 351 463
b166 439 431 473 467
b167 439 395 476 431
b168 390 265 431 289
b169 105 168 144 192
b170 0 247 45 276
b171 473 435 495 475
b172 164 175 191 188
b173 292 93 324 118
b174 144 194 160 237
b175 95 42 110 58
b176 306 197 344 230
b177 0 388 37 429
b178 47 61 64 80
b179 0 38 46 72
b180 460 512 500 531
b181 264 82 292 112
b182 100 108 145 132
b183 164 203 203 236
b184 243 274 289 299
b185 469 250 503 277
b186 0 429 33 460
b187 509 251 547 287
b188 266 207 303 247
b189 225 261 269 273
b190 370 395 397 432
b191 134 323 150 357
b192 465 301 513 330
b193 81 362 98 395
b194 472 131 500 144
b195 337 468 370 481
b196 142 21 183 62
b197 337 494 365 531
b198 27 123 46 171
b199 209 484 245 515
b200 0 276 43 313
b201 294 420 323 446
b202 247 368 286 402
b203 81 395 96 423
b204 99 224 140 257
b205 370 447 385 468
b206 227 128 262 170
b207 296 118 324 151
b208 144 167 164 194
b209 395 100 440 136
b210 331 309 355 322
b211 363 0 375 16
b212 125 516 167 537
b213 371 44 385 76
b214 512 144 539 161
b215 81 448 110 469
b216 351 426 370 468
b217 80 469 128 489
b218 232 418 247 461
b219 371 16 389 44
b220 435 136 472 166
b221 32 315 77 328
b222 265 48 290 82
b223 206 261 225 283
b224 80 489 125 510
b225 324 21 371 59
b226 469 166 508 182
b227 337 481 369 494
b228 413 44 434 64
b229 60 132 108 156
b230 403 309 436 339
b231 379 213 409 229
b232 209 418 232 460
b233 337 414 350 430
b234 495 435 513 468
b235 150 335 196 357
b236 134 257 161 296
b237 397 407 437 428
b238 351 267 390 294
b239 98 426 138 448
b240 413 428 436 447
b241 114 257 127 281
b242 469 228 509 250
b243 327 322 364 356
b244 232 0 245 37
b245 431 512 455 548
b246 245 488 289 511
b247 396 136 435 172
b248 49 505 80 548
b249 0 123 27 158
b250 43 284 77 315
b251 353 142 396 176
b252 472 144 500 163
b253 40 328 55 341
b254 118 0 142 13
b255 150 296 197 335
b256 47 130 60 151
b257 19 230 52 247
b258 413 66 457 100
b259 323 430 349 442
b260 351 414 370 426
b261 163 466 175 511
b262 265 0 292 48
b263 100 62 147 108
b264 80 290 125 313
b265 85 74 100 119
b266 324 59 369 107
b267 412 185 446 224
b268 292 509 314 534
b269 512 211 549 229
b270 40 341 55 364
b271 37 439 79 463
b272 0 364 35 388
b273 306 151 336 172
b274 84 156 105 189
b275 47 0 69 28
b276 269 247 300 261
b277 509 287 556 299
b278 105 0 118 42
b279 80 510 123 549
b280 37 388 59 419
b281 484 370 514 388
b282 220 84 250 128
b283 351 294 364 309
b284 385 447 415 468
b285 64 61 97 74
b286 141 388 177 429
b287 397 386 439 407
b288 431 251 467 279
b289 460 475 493 512
b290 134 296 150 323
b291 229 170 257 213
b292 469 277 508 301
b293 292 0 311 43
b294 201 128 227 145
b295 209 515 222 558
b296 123 537 150 553
b297 455 100 493 131
b298 512 178 552 211
b299 40 171 53 184
