538848.375
563876
313600
560 560
290.001749
b0 347 388 362 415
b1 442 482 469 498
b2 265 27 287 53
b3 424 305 469 326
b4 121 251 161 296
b5 0 88 26 104
b6 250 485 288 512
b7 399 158 434 187
b8 311 47 347 68
b9 101 186 145 211
b10 303 253 334 268
b11 271 148 312 172
b12 269 69 288 86
b13 186 169 234 202
b14 425 326 469 347
b15 337 234 352 268
b16 67 478 112 520
b17 425 347 466 384
b18 348 134 392 177
b19 247 203 270 239
b20 33 198 50 211
b21 221 71 265 99
b22 517 270 552 299
b23 271 86 311 103
b24 312 148 336 166
b25 342 0 385 29
b26 462 121 480 148
b27 428 267 468 305
b28 162 474 186 486
b29 196 380 226 409
b30 235 239 263 259
b31 69 331 105 363
b32 347 48 369 67
b33 223 412 269 457
b34 463 413 475 442
b35 142 296 154 322
b36 456 37 483 67
b37 424 54 453 66
b38 215 457 234 478
b39 161 219 173 232
b40 133 455 180 474
b41 378 29 397 65
b42 67 423 92 469
b43 280 261 301 300
b44 57 216 84 240
b45 498 126 523 150
b46 475 447 494 460
b47 454 498 494 540
b48 307 500 335 534
b49 469 270 517 294
b50 106 314 120 333
b51 398 327 414 341
b52 456 0 474 37
b53 381 327 393 363
b54 239 99 269 133
b55 63 363 89 394
b56 133 424 179 455
b57 150 110 198 157
b58 356 340 381 365
b59 22 325 69 363
b60 102 39 118 78
b61 266 362 311 393
b62 202 268 248 304
b63 351 483 397 519
b64 527 483 560 498
b65 304 534 327 547
b66 512 228 557 270
b67 338 68 352 101
b68 497 455 542 483
b69 385 0 421 27
b70 495 80 540 96
b71 424 0 456 34
b72 248 261 280 276
b73 483 37 495 83
b74 313 341 356 375
b75 398 341 418 378
b76 120 15 156 54
b77 195 250 235 268
b78 43 537 85 553
b79 138 399 178 424
b80 162 486 177 522
b81 105 333 120 365
b82 356 234 395 258
b83 474 0 515 37
b84 0 151 34 189
b85 226 369 260 412
b86 468 228 512 267
b87 311 415 359 460
b88 342 178 386 207
b89 438 158 480 178
b90 398 412 422 458
b91 129 517 150 560
b92 352 67 399 112
b93 540 70 560 94
b94 347 29 378 48
b95 179 409 223 446
b96 437 67 483 100
b97 398 187 438 202
b98 438 208 473 221
b99 425 451 442 491
b100 473 184 518 228
b101 0 486 36 516
b102 28 446 64 486
b103 303 219 337 253
b104 369 519 411 533
b105 71 298 106 331
b106 336 145 348 178
b107 116 366 148 381
b108 469 333 507 370
b109 21 0 63 46
b110 169 56 208 98
b111 112 478 133 491
b112 121 322 151 347
b113 311 388 347 412
b114 480 150 524 184
b115 161 250 195 272
b116 266 393 294 412
b117 77 108 98 147
b118 507 333 551 371
b119 397 474 425 519
b120 92 442 128 478
b121 399 66 437 100
b122 0 537 43 557
b123 34 162 57 198
b124 173 219 208 250
b125 515 0 557 46
b126 150 474 162 496
b127 0 363 25 406
b128 57 147 101 175
b129 475 413 497 447
b130 398 267 428 293
b131 0 238 48 283
b132 102 0 120 39
b133 218 517 233 560
b134 85 251 119 298
b135 207 304 252 319
b136 150 157 187 169
b137 0 304 28 325
b138 234 457 276 485
b139 399 100 436 136
b140 540 94 552 137
b141 294 317 313 362
b142 233 0 270 27
b143 316 121 341 145
b144 120 0 160 15
b145 311 375 356 388
b146 148 366 196 399
b147 21 46 51 88
b148 424 34 442 54
b149 348 112 395 134
b150 208 108 239 131
b151 0 220 42 238
b152 0 40 19 56
b153 25 363 55 404
b154 112 500 134 517
b155 35 137 49 162
b156 462 397 490 413
b157 124 211 144 236
b158 35 124 58 137
b159 524 137 556 181
b160 269 53 296 69
b161 296 0 342 47
b162 84 216 102 247
b163 402 293 424 326
b164 30 283 71 319
b165 121 296 142 313
b166 26 88 60 124
b167 319 268 356 304
b168 514 46 555 70
b169 252 276 276 315
b170 221 319 266 348
b171 60 86 100 108
b172 317 189 330 216
b173 208 0 233 32
b174 234 485 250 528
b175 106 298 121 314
b176 425 418 463 451
b177 145 169 186 206
b178 58 124 77 141
b179 150 522 196 556
b180 435 498 454 538
b181 398 202 428 230
b182 438 221 462 266
b183 154 305 187 344
b184 356 302 402 327
b185 398 378 425 412
b186 0 189 33 220
b187 518 184 554 222
b188 398 230 438 267
b189 235 161 247 205
b190 311 68 338 105
b191 288 525 304 559
b192 497 407 545 436
b193 102 78 119 111
b194 304 547 332 560
b195 442 469 475 482
b196 57 175 98 216
b197 198 131 226 168
b198 120 347 168 366
b199 251 512 287 543
b200 313 304 356 341
b201 320 460 349 486
b202 335 519 369 558
b203 0 406 15 434
b204 161 272 202 305
b205 475 460 490 481
b206 28 404 63 446
b207 494 499 527 527
b208 201 353 221 380
b209 269 412 305 457
b210 356 327 380 340
b211 386 177 398 193
b212 356 365 398 386
b213 271 219 303 233
b214 469 370 486 397
b215 186 446 215 467
b216 288 483 307 525
b217 187 305 207 353
b218 186 478 229 493
b219 156 38 184 56
b220 495 96 532 126
b221 160 206 205 219
b222 437 100 462 134
b223 150 56 169 78
b224 221 348 266 369
b225 160 0 207 38
b226 263 245 302 261
b227 374 386 387 418
b228 462 100 482 121
b229 186 493 234 517
b230 438 178 471 208
b231 311 105 341 121
b232 356 279 398 302
b233 494 483 507 499
b234 442 451 475 469
b235 399 136 445 158
b236 89 365 116 404
b237 0 0 21 40
b238 397 27 424 66
b239 102 211 124 251
b240 317 166 336 189
b241 63 394 87 407
b242 271 103 311 125
b243 425 384 462 418
b244 208 71 221 108
b245 411 519 435 555
b246 276 460 320 483
b247 497 371 536 407
b248 63 43 94 86
b249 0 124 35 151
b250 119 54 150 88
b251 364 431 398 474
b252 497 436 525 455
b253 133 487 148 500
b254 184 38 208 51
b255 469 294 516 333
b256 0 104 21 117
b257 276 300 309 317
b258 85 520 129 554
b259 271 233 297 245
b260 330 189 342 208
b261 362 386 374 431
b262 342 207 390 234
b263 271 172 317 219
b264 271 125 316 148
b265 145 206 160 251
b266 102 111 150 156
b267 208 32 242 71
b268 116 381 138 406
b269 208 218 245 236
b270 349 460 364 483
b271 247 161 271 203
b272 0 449 24 484
b273 0 283 30 304
b274 119 88 152 109
b275 196 517 218 545
b276 320 486 351 500
b277 152 98 199 110
b278 36 524 78 537
b279 63 0 102 43
b280 0 325 22 356
b281 233 528 251 558
b282 101 156 145 186
b283 483 126 498 139
b284 242 27 263 57
b285 168 353 201 366
b286 92 406 133 442
b287 356 258 398 279
b288 226 133 262 161
b289 48 247 85 280
b290 208 202 235 218
b291 266 317 294 360
b292 369 533 408 557
b293 495 37 514 80
b294 302 268 319 294
b295 15 406 28 449
b296 64 407 91 423
b297 36 486 67 524
b298 516 299 556 332
b299 133 474 146 487
