232205.140625
235053.5
206570
455 454
9.057502
b0 237 293 270 336
b1 340 47 405 84
b2 0 262 34 315
b3 0 353 37 420
b4 150 425 169 454
b5 391 310 440 349
b6 272 0 312 18
b7 67 249 89 289
b8 150 334 212 384
b9 270 288 286 329
b10 149 116 167 168
b11 67 61 126 100
b12 311 388 339 449
b13 276 329 324 386
b14 339 393 402 436
b15 391 131 450 183
b16 355 211 391 268
b17 89 261 155 305
b18 176 243 224 294
b19 204 386 254 417
b20 268 143 287 180
b21 212 336 276 386
b22 34 294 83 328
b23 45 186 65 235
b24 240 195 268 240
b25 229 141 268 195
b26 182 294 237 334
b27 287 146 352 171
b28 348 347 387 393
b29 324 326 348 388
b30 16 99 42 123
b31 67 199 93 233
b32 40 328 83 381
b33 391 249 426 271
b34 126 57 153 111
b35 0 315 31 353
b36 374 271 441 310
b37 368 84 388 144
b38 351 268 374 325
b39 287 171 339 226
b40 120 111 149 137
b41 83 366 110 421
b42 67 137 120 199
b43 27 0 73 61
b44 390 84 455 131
b45 387 349 410 393
b46 0 240 39 262
b47 290 226 355 259
b48 0 0 27 57
b49 370 0 435 47
b50 358 144 390 211
b51 167 116 224 154
b52 0 186 45 240
b53 348 326 391 347
b54 410 349 428 410
b55 213 57 247 113
b56 162 204 225 221
b57 224 123 271 141
b58 130 227 176 261
b59 67 100 117 137
b60 0 420 40 443
b61 149 168 182 191
b62 194 52 213 112
b63 334 0 370 45
b64 182 154 229 204
b65 73 0 129 57
b66 290 259 351 326
b67 296 106 340 146
b68 162 0 225 52
b69 39 240 66 294
b70 40 381 82 423
b71 176 221 240 243
b72 89 305 150 366
b73 0 125 67 186
b74 0 61 42 99
b75 339 171 358 199
b76 169 425 202 447
b77 254 386 311 452
b78 130 191 162 227
b79 153 56 194 116
b80 352 84 368 142
b81 224 243 264 293
b82 225 0 272 57
b83 67 233 89 249
b84 312 0 334 67
b85 271 123 296 143
b86 93 199 130 255
b87 296 67 340 106
b88 42 61 66 98
b89 155 294 182 332
b90 204 417 243 450
b91 129 0 162 56
b92 0 99 16 125
b93 110 366 145 431
b94 145 384 204 425
b95 130 137 149 188
b96 391 183 431 249
b97 83 431 150 448
b98 268 226 290 288
b99 247 57 296 123
