229982.546875
232634.5
206115
455 453
8.26743
b0 359 130 402 163
b1 312 0 349 65
b2 33 223 67 276
b3 211 307 278 344
b4 0 262 29 281
b5 416 129 455 178
b6 147 182 165 222
b7 67 191 89 231
b8 172 123 222 185
b9 378 432 419 448
b10 57 134 75 186
b11 0 67 59 106
b12 67 352 128 380
b13 378 384 435 432
b14 292 65 355 108
b15 324 264 383 316
b16 333 172 390 208
b17 166 79 232 123
b18 202 405 253 453
b19 324 208 355 258
b20 386 345 423 364
b21 127 248 191 298
b22 0 106 49 140
b23 377 364 426 384
b24 247 66 292 94
b25 133 128 172 182
b26 0 0 40 55
b27 287 0 312 65
b28 332 397 378 436
b29 178 367 202 429
b30 390 163 416 187
b31 132 102 166 128
b32 161 36 214 79
b33 392 262 427 284
b34 332 316 386 343
b35 94 314 132 345
b36 40 0 79 67
b37 280 190 300 250
b38 300 108 357 131
b39 67 380 122 432
b40 133 222 162 248
b41 67 287 122 314
b42 79 102 132 164
b43 0 281 46 342
b44 357 65 404 130
b45 280 261 324 284
b46 278 151 300 190
b47 79 34 112 99
b48 0 140 57 167
b49 349 0 396 65
b50 180 0 247 32
b51 254 94 292 151
b52 332 343 377 397
b53 132 345 175 366
b54 191 242 209 303
b55 79 0 135 34
b56 0 342 63 359
b57 46 276 64 323
b58 165 185 211 219
b59 128 416 178 453
b60 165 219 205 242
b61 392 239 425 262
b62 423 0 442 60
b63 135 0 180 36
b64 132 298 182 345
b65 0 167 57 223
b66 204 344 271 405
b67 404 85 444 129
b68 392 187 455 239
b69 79 164 133 191
b70 280 284 322 326
b71 182 303 204 367
b72 271 345 332 406
b73 386 284 453 345
b74 0 359 42 397
b75 404 0 423 28
b76 300 172 333 194
b77 211 215 277 272
b78 214 32 246 68
b79 67 246 127 287
b80 89 191 147 207
b81 132 366 172 416
b82 253 406 310 453
b83 264 190 280 212
b84 300 194 322 261
b85 404 60 424 85
b86 355 208 392 264
b87 89 207 133 246
b88 211 189 248 213
b89 67 314 94 352
b90 0 223 33 262
b91 222 156 278 189
b92 248 189 264 215
b93 211 272 276 307
b94 300 131 359 172
b95 280 326 331 345
b96 247 0 287 66
b97 59 67 76 134
b98 232 94 254 156
b99 112 36 161 102
