422014.75
529869.5
314160
560 561
469.275554
b0 372 251 387 278
b1 300 0 327 16
b2 222 388 248 410
b3 430 471 451 516
b4 325 452 365 497
b5 67 196 83 222
b6 127 499 154 537
b7 364 64 393 99
b8 274 470 295 506
b9 0 484 25 528
b10 257 127 272 158
b11 130 378 171 402
b12 385 413 402 432
b13 94 435 127 483
b14 285 162 329 183
b15 394 291 428 306
b16 0 0 42 45
b17 416 207 457 244
b18 460 271 504 314
b19 161 116 197 139
b20 83 375 100 388
b21 297 442 325 486
b22 509 0 544 29
b23 145 204 185 221
b24 366 198 390 216
b25 130 45 159 88
b26 460 253 487 271
b27 474 67 512 107
b28 183 255 207 267
b29 155 481 185 510
b30 243 280 263 308
b31 294 372 326 408
b32 393 68 415 87
b33 48 430 94 475
b34 452 485 464 514
b35 364 0 376 26
b36 306 108 336 135
b37 84 89 96 118
b38 174 289 195 308
b39 176 357 189 369
b40 83 356 130 375
b41 189 357 208 393
b42 84 0 130 25
b43 457 208 496 229
b44 84 162 111 186
b45 390 198 415 222
b46 452 433 471 446
b47 434 123 474 165
b48 264 241 292 275
b49 474 107 522 131
b50 143 289 162 303
b51 384 222 400 236
b52 508 358 545 376
b53 327 343 339 379
b54 171 408 205 438
b55 161 173 187 204
b56 183 528 229 559
b57 257 80 305 127
b58 416 180 441 205
b59 0 306 38 353
b60 245 223 284 239
b61 249 355 294 386
b62 248 386 294 422
b63 362 516 408 552
b64 513 47 546 62
b65 158 255 181 268
b66 420 0 465 42
b67 235 47 268 61
b68 128 88 173 116
b69 296 43 323 79
b70 130 0 146 45
b71 272 127 306 159
b72 207 393 222 425
b73 460 314 506 326
b74 76 526 119 560
b75 365 413 385 450
b76 221 112 257 151
b77 284 223 324 241
b78 42 312 84 328
b79 0 233 40 258
b80 171 393 207 408
b81 207 425 239 440
b82 471 342 495 381
b83 509 430 546 471
b84 239 423 273 461
b85 251 321 294 355
b86 474 131 518 170
b87 419 388 467 433
b88 221 185 265 214
b89 471 47 513 67
b90 387 120 433 144
b91 27 530 70 551
b92 415 42 462 87
b93 365 450 385 474
b94 281 0 300 31
b95 0 189 37 233
b96 84 323 130 356
b97 349 104 364 144
b98 349 69 362 104
b99 402 369 419 409
b100 465 0 509 45
b101 522 109 558 139
b102 130 439 166 479
b103 330 418 364 452
b104 206 136 220 178
b105 48 351 83 384
b106 195 267 207 300
b107 161 139 193 154
b108 42 71 80 108
b109 232 461 274 507
b110 239 0 281 39
b111 61 161 82 174
b112 94 501 124 526
b113 207 291 243 315
b114 506 269 550 303
b115 111 162 145 184
b116 48 411 76 430
b117 452 446 473 485
b118 376 0 420 38
b119 464 487 492 532
b120 42 35 78 71
b121 213 315 251 349
b122 0 398 43 418
b123 42 328 78 351
b124 90 288 121 323
b125 384 474 430 516
b126 84 186 96 208
b127 42 196 67 239
b128 96 232 140 260
b129 385 432 419 454
b130 210 214 240 240
b131 0 353 48 398
b132 494 412 533 430
b133 356 236 399 251
b134 94 388 128 435
b135 217 440 232 485
b136 237 349 249 386
b137 100 260 121 288
b138 84 134 126 162
b139 397 144 434 180
b140 462 165 474 208
b141 161 154 206 173
b142 506 303 543 330
b143 197 111 221 136
b144 185 482 200 522
b145 431 329 476 342
b146 294 324 327 372
b147 187 440 217 482
b148 366 180 386 198
b149 534 62 556 109
b150 471 381 494 412
b151 76 388 94 430
b152 269 159 285 178
b153 0 418 41 448
b154 159 31 181 48
b155 48 397 73 411
b156 400 222 416 250
b157 340 144 365 164
b158 222 410 245 423
b159 496 237 540 269
b160 496 221 523 237
b161 96 186 143 232
b162 94 483 125 501
b163 202 47 235 69
b164 323 33 364 69
b165 325 497 346 514
b166 0 125 34 161
b167 495 376 532 412
b168 496 197 537 221
b169 213 349 237 388
b170 154 510 183 555
b171 61 121 83 161
b172 100 375 127 388
b173 202 0 227 32
b174 328 207 344 250
b175 84 118 99 134
b176 419 433 452 471
b177 130 402 171 439
b178 42 108 61 125
b179 25 484 59 530
b180 533 376 552 416
b181 234 252 264 280
b182 474 170 519 194
b183 326 379 359 418
b184 326 251 372 276
b185 306 135 340 162
b186 0 92 31 125
b187 433 87 471 123
b188 417 244 457 281
b189 344 207 356 251
b190 328 276 355 313
b191 264 280 298 296
b192 431 281 460 329
b193 59 475 76 508
b194 495 342 508 370
b195 447 516 460 549
b196 42 252 83 293
b197 176 329 213 357
b198 42 293 90 312
b199 366 144 397 180
b200 329 164 366 207
b201 364 38 393 64
b202 408 516 447 550
b203 0 161 15 189
b204 315 514 348 555
b205 402 409 417 430
b206 42 0 84 35
b207 128 116 161 144
b208 128 479 155 499
b209 339 343 384 379
b210 384 321 397 345
b211 281 31 297 43
b212 166 439 187 481
b213 355 278 387 292
b214 323 81 340 108
b215 295 486 324 507
b216 365 474 384 516
b217 13 258 33 306
b218 229 507 244 550
b219 356 216 384 234
b220 84 59 121 89
b221 42 239 87 252
b222 264 296 298 321
b223 152 303 174 322
b224 294 507 315 552
b225 265 185 312 223
b226 355 305 394 321
b227 221 69 253 82
b228 96 89 117 109
b229 173 87 221 111
b230 221 82 254 112
b231 476 326 506 342
b232 271 507 294 549
b233 471 412 484 428
b234 473 469 506 487
b235 328 321 374 343
b236 207 252 234 291
b237 143 268 183 289
b238 519 170 558 197
b239 121 260 143 300
b240 387 272 410 291
b241 87 260 100 284
b242 512 67 534 107
b243 397 306 431 343
b244 355 292 392 305
b245 460 229 496 253
b246 364 99 387 143
b247 473 430 509 469
b248 159 0 202 31
b249 244 507 271 542
b250 187 178 221 209
b251 359 379 402 413
b252 385 454 413 473
b253 312 210 327 223
b254 176 369 189 393
b255 0 45 39 92
b256 61 108 82 121
b257 297 425 330 442
b258 84 25 128 59
b259 323 69 349 81
b260 245 239 264 251
b261 200 240 245 252
b262 221 158 269 185
b263 130 331 176 378
b264 274 425 297 470
b265 143 221 158 266
b266 423 343 471 388
b267 292 241 326 280
b268 185 209 210 231
b269 509 29 546 47
b270 67 222 90 237
b271 158 231 200 255
b272 119 537 154 561
b273 387 251 417 272
b274 174 308 207 329
b275 130 303 152 331
b276 348 497 362 528
b277 227 0 239 47
b278 0 258 13 300
b279 159 48 202 87
b280 42 174 73 196
b281 386 180 416 198
b282 298 280 328 324
b283 305 79 320 92
b284 393 38 414 68
b285 128 144 161 157
b286 0 448 41 484
b287 441 165 462 207
b288 508 330 544 358
b289 327 0 364 33
b290 312 183 328 210
b291 200 485 228 528
b292 384 345 423 369
b293 253 61 296 80
b294 294 408 320 425
b295 146 0 159 43
b296 0 530 27 546
b297 522 139 560 170
b298 393 87 433 120
b299 48 384 61 397
