447055.75
579951.5
314160
560 561
597.657937
b0 489 252 516 267
b1 460 441 476 468
b2 103 114 129 136
b3 291 270 312 315
b4 134 262 179 302
b5 0 170 26 186
b6 286 420 313 458
b7 456 186 491 215
b8 323 82 344 118
b9 35 133 79 158
b10 231 390 246 421
b11 283 81 307 122
b12 131 242 150 259
b13 78 394 126 427
b14 369 175 413 196
b15 445 442 460 476
b16 0 261 45 303
b17 456 215 497 252
b18 460 328 504 371
b19 267 217 290 253
b20 61 389 78 402
b21 81 69 109 113
b22 82 493 117 522
b23 88 267 128 284
b24 273 289 291 313
b25 448 0 477 43
b26 497 204 515 231
b27 82 455 122 493
b28 150 91 162 115
b29 116 212 145 242
b30 28 303 48 331
b31 253 253 285 289
b32 313 436 332 458
b33 237 48 283 93
b34 197 21 226 33
b35 460 386 472 412
b36 385 323 412 353
b37 460 412 472 441
b38 359 291 380 310
b39 31 223 44 235
b40 0 389 47 408
b41 267 170 303 189
b42 159 506 184 552
b43 129 115 168 136
b44 0 495 27 519
b45 405 353 429 378
b46 224 317 237 336
b47 407 501 447 543
b48 179 435 207 469
b49 77 522 125 546
b50 224 336 238 355
b51 409 208 425 222
b52 497 494 534 512
b53 147 365 159 401
b54 126 331 156 365
b55 0 223 31 249
b56 447 82 493 113
b57 237 0 284 48
b58 385 298 410 323
b59 332 523 379 561
b60 307 76 323 115
b61 429 328 460 373
b62 379 409 415 455
b63 150 45 186 91
b64 179 420 212 435
b65 220 455 243 468
b66 460 267 505 309
b67 303 161 336 175
b68 196 317 224 362
b69 425 208 452 244
b70 504 365 549 381
b71 336 163 368 197
b72 139 136 154 168
b73 401 159 447 171
b74 116 29 150 72
b75 437 260 457 297
b76 284 0 320 39
b77 86 329 126 347
b78 0 408 42 424
b79 42 463 82 488
b80 27 495 42 531
b81 48 282 80 297
b82 246 376 285 400
b83 497 457 538 494
b84 212 421 250 455
b85 243 455 286 489
b86 460 43 504 82
b87 86 284 134 329
b88 304 175 333 219
b89 476 408 496 450
b90 366 58 390 104
b91 88 246 131 267
b92 332 437 379 482
b93 421 455 445 475
b94 62 67 81 98
b95 156 469 200 506
b96 352 310 385 356
b97 505 267 520 307
b98 454 504 489 517
b99 344 82 361 122
b100 415 398 460 442
b101 136 438 172 468
b102 48 246 88 282
b103 82 212 116 246
b104 253 198 267 240
b105 50 0 85 33
b106 172 33 205 45
b107 116 72 148 87
b108 504 381 542 418
b109 387 0 433 42
b110 315 397 357 436
b111 0 186 21 199
b112 61 359 86 389
b113 142 401 178 425
b114 449 136 493 170
b115 122 468 156 490
b116 192 154 220 173
b117 366 0 387 39
b118 505 321 543 365
b119 73 427 118 455
b120 0 459 36 495
b121 280 337 314 375
b122 0 0 20 43
b123 117 493 153 516
b124 0 139 35 170
b125 379 455 421 501
b126 134 302 156 314
b127 0 364 43 389
b128 379 501 407 545
b129 280 315 314 337
b130 285 375 315 401
b131 220 135 265 183
b132 312 255 351 273
b133 323 67 366 82
b134 86 347 120 394
b135 220 183 265 198
b136 156 302 193 314
b137 48 297 69 325
b138 196 362 238 390
b139 515 203 551 240
b140 497 240 540 252
b141 460 309 505 328
b142 420 43 447 80
b143 400 227 425 251
b144 20 99 35 139
b145 392 285 437 298
b146 401 126 449 159
b147 20 69 62 99
b148 339 145 359 163
b149 285 499 332 521
b150 449 113 480 136
b151 168 91 186 133
b152 366 39 382 58
b153 20 0 50 41
b154 42 446 64 463
b155 122 427 136 452
b156 164 154 192 170
b157 405 378 430 398
b158 339 122 352 145
b159 369 131 401 175
b160 504 0 520 27
b161 207 245 253 292
b162 154 136 185 154
b163 315 335 348 357
b164 515 167 556 203
b165 134 314 155 331
b166 159 336 195 370
b167 460 468 497 504
b168 504 27 528 68
b169 58 203 82 242
b170 35 158 64 203
b171 156 314 196 336
b172 150 249 177 262
b173 172 0 197 32
b174 236 93 279 109
b175 186 71 201 87
b176 203 49 236 87
b177 150 212 191 249
b178 400 107 417 126
b179 191 211 237 245
b180 286 480 326 499
b181 136 177 164 207
b182 504 68 549 92
b183 336 214 375 247
b184 196 292 242 317
b185 315 308 349 335
b186 0 333 33 364
b187 520 285 558 321
b188 315 357 352 397
b189 380 249 392 293
b190 109 87 146 114
b191 126 385 142 419
b192 265 122 294 170
b193 336 197 369 214
b194 415 442 443 455
b195 220 198 253 211
b196 332 482 373 523
b197 267 189 304 217
b198 246 401 294 420
b199 242 292 273 328
b200 413 171 456 208
b201 233 109 262 135
b202 200 476 239 510
b203 0 303 28 318
b204 352 356 385 397
b205 291 255 312 270
b206 0 424 42 459
b207 159 370 192 398
b208 120 365 147 385
b209 291 219 336 255
b210 239 489 252 513
b211 448 43 460 59
b212 284 39 305 81
b213 457 252 489 266
b214 467 517 494 534
b215 252 519 281 540
b216 318 48 360 67
b217 0 43 20 91
b218 433 0 448 43
b219 540 129 558 157
b220 473 371 503 408
b221 184 510 229 523
b222 61 325 86 359
b223 179 398 198 420
b224 229 513 250 558
b225 493 129 540 167
b226 412 298 428 337
b227 417 113 449 126
b228 447 517 467 538
b229 238 328 262 376
b230 252 489 285 519
b231 456 170 486 186
b232 164 170 187 212
b233 205 33 218 49
b234 421 476 454 494
b235 286 458 332 480
b236 64 158 103 185
b237 197 0 237 21
b238 477 0 504 39
b239 79 113 101 153
b240 428 309 451 328
b241 47 380 60 404
b242 357 397 379 437
b243 392 251 429 285
b244 305 39 318 76
b245 250 420 286 444
b246 315 285 359 308
b247 303 122 339 161
b248 184 523 227 554
b249 42 488 77 515
b250 375 196 409 227
b251 50 33 93 67
b252 20 41 39 69
b253 237 211 250 226
b254 64 185 88 198
b255 497 418 544 457
b256 207 455 220 476
b257 198 390 231 407
b258 125 516 159 560
b259 379 397 405 409
b260 437 297 456 309
b261 0 249 45 261
b262 88 185 136 212
b263 186 87 233 133
b264 93 24 116 69
b265 127 0 172 15
b266 320 0 365 48
b267 35 99 74 133
b268 375 227 400 249
b269 497 167 515 204
b270 0 318 23 333
b271 85 0 127 24
b272 0 199 35 223
b273 420 80 441 110
b274 186 133 219 154
b275 33 331 61 353
b276 127 15 158 29
b277 312 273 359 285
b278 45 203 58 245
b279 281 521 324 560
b280 187 186 218 208
b281 262 328 280 358
b282 390 42 420 86
b283 460 371 473 386
b284 390 86 420 107
b285 187 173 220 186
b286 103 136 139 177
b287 359 249 380 291
b288 493 92 521 128
b289 521 92 554 129
b290 429 244 456 260
b291 179 249 207 292
b292 361 107 400 131
b293 385 353 404 396
b294 186 45 203 71
b295 136 425 179 438
b296 43 353 59 380
b297 42 408 73 446
b298 520 252 560 285
b299 237 226 250 239
