2870314.851562
3060868
1155336
312 3703
911.830101
b0 86 2896 113 2911
b1 88 1970 115 1986
b2 90 2120 112 2146
b3 201 318 222 363
b4 166 265 206 310
b5 176 968 192 994
b6 109 1198 147 1225
b7 100 2235 135 2264
b8 79 2212 100 2248
b9 138 2529 182 2554
b10 199 787 214 818
b11 125 2664 166 2688
b12 134 534 151 553
b13 90 2072 123 2120
b14 137 1587 181 1608
b15 199 732 233 747
b16 97 0 142 42
b17 57 2709 98 2746
b18 162 498 205 542
b19 136 2055 172 2078
b20 120 2184 133 2201
b21 69 3316 97 3360
b22 157 408 192 437
b23 12 3050 52 3067
b24 61 2212 79 2236
b25 43 2124 72 2167
b26 77 3057 104 3075
b27 53 1120 91 1160
b28 225 193 249 205
b29 113 2896 142 2926
b30 100 2207 120 2235
b31 34 3473 66 3509
b32 127 1450 146 1472
b33 225 58 270 104
b34 24 36 53 48
b35 91 1511 103 1537
b36 90 2165 117 2195
b37 61 2553 73 2582
b38 83 1697 104 1716
b39 131 1423 143 1436
b40 86 2372 105 2419
b41 117 2165 153 2184
b42 156 437 202 462
b43 146 1423 185 1444
b44 40 2814 67 2838
b45 142 31 166 56
b46 160 1070 179 1083
b47 45 2977 87 3017
b48 60 1923 88 1957
b49 34 3552 58 3600
b50 127 1436 146 1450
b51 142 84 156 100
b52 142 1624 179 1642
b53 163 898 199 910
b54 121 1491 151 1525
b55 233 689 259 720
b56 97 816 143 847
b57 223 125 270 173
b58 112 2123 137 2148
b59 205 422 252 460
b60 137 1608 176 1624
b61 103 1797 134 1842
b62 24 0 70 36
b63 85 1651 121 1697
b64 132 1572 165 1587
b65 64 2791 77 2814
b66 173 363 215 408
b67 61 2378 75 2411
b68 185 1108 213 1153
b69 24 1923 60 1950
b70 64 2746 80 2791
b71 24 1740 58 1772
b72 278 79 310 94
b73 0 81 12 127
b74 109 1225 152 1259
b75 41 2072 61 2109
b76 206 265 245 301
b77 66 3473 106 3491
b78 242 42 284 58
b79 161 1083 201 1108
b80 61 2317 97 2332
b81 27 3616 42 3648
b82 53 1716 92 1740
b83 80 2649 117 2690
b84 33 2616 67 2654
b85 143 816 177 859
b86 123 2079 162 2123
b87 233 641 278 689
b88 97 1421 126 1465
b89 160 1028 180 1070
b90 127 2505 173 2529
b91 118 1083 161 1104
b92 60 3078 105 3125
b93 150 770 170 794
b94 164 2688 195 2707
b95 107 1298 151 1335
b96 106 3403 152 3436
b97 83 2357 123 2372
b98 100 1762 113 1797
b99 112 2148 152 2165
b100 53 1075 97 1120
b101 155 1275 185 1311
b102 142 462 182 498
b103 181 1444 215 1478
b104 156 675 198 689
b105 166 310 201 343
b106 109 1123 121 1156
b107 236 720 268 735
b108 121 1123 158 1161
b109 118 956 160 1002
b110 18 2654 57 2696
b111 263 0 276 21
b112 97 1396 127 1421
b113 97 3316 133 3340
b114 12 3239 46 3283
b115 106 1335 140 1357
b116 147 1198 175 1217
b117 177 542 216 563
b118 100 1923 144 1961
b119 33 2510 61 2555
b120 180 229 216 265
b121 0 3324 34 3362
b122 180 125 223 145
b123 68 3530 91 3566
b124 85 3566 116 3601
b125 79 2791 125 2833
b126 105 2372 127 2384
b127 61 2510 86 2553
b128 69 3360 113 3388
b129 34 3530 68 3552
b130 53 1174 83 1200
b131 105 1986 153 2031
b132 66 3491 84 3530
b133 162 542 177 585
b134 45 2838 79 2885
b135 176 923 221 938
b136 97 42 134 54
b137 177 770 198 798
b138 100 1734 142 1762
b139 127 711 163 748
b140 180 1028 192 1071
b141 87 3012 106 3057
b142 121 1161 148 1198
b143 58 1796 82 1821
b144 18 2219 33 2259
b145 113 2285 126 2330
b146 12 3017 60 3050
b147 97 54 127 96
b148 61 2072 79 2092
b149 80 2627 127 2649
b150 57 2654 80 2685
b151 0 39 18 81
b152 134 692 150 711
b153 45 2896 86 2926
b154 134 675 156 692
b155 109 847 134 861
b156 57 2690 85 2706
b157 45 2926 65 2951
b158 97 2344 120 2357
b159 86 2473 130 2505
b160 143 1259 170 1275
b161 130 3203 176 3250
b162 206 818 237 836
b163 127 794 160 816
b164 107 3250 143 3291
b165 206 301 227 318
b166 65 2941 99 2977
b167 24 2167 60 2204
b168 151 606 175 647
b169 0 0 24 39
b170 61 2167 90 2212
b171 180 0 202 40
b172 70 0 97 13
b173 88 1842 113 1874
b174 0 3600 43 3616
b175 158 1108 173 1124
b176 163 732 196 770
b177 43 3624 84 3661
b178 85 2690 102 2709
b179 18 2746 64 2780
b180 70 1035 89 1075
b181 91 1483 121 1511
b182 118 932 163 956
b183 99 3125 132 3164
b184 206 836 252 861
b185 60 3017 87 3051
b186 45 3206 76 3239
b187 192 938 228 976
b188 199 747 236 787
b189 175 606 219 618
b190 70 967 107 994
b191 176 994 192 1028
b192 41 3388 70 3436
b193 86 2419 119 2436
b194 190 1478 218 1491
b195 129 2926 162 2939
b196 0 3283 41 3324
b197 201 976 238 1004
b198 70 932 118 951
b199 159 1642 190 1678
b200 41 3436 84 3473
b201 80 2746 106 2775
b202 97 1357 131 1396
b203 142 56 157 84
b204 79 2863 120 2896
b205 82 1874 103 1889
b206 87 2977 129 3012
b207 53 2411 86 2439
b208 18 2838 45 2858
b209 180 193 225 229
b210 137 2123 150 2147
b211 90 2195 106 2207
b212 242 0 263 42
b213 53 1160 85 1174
b214 60 3051 77 3078
b215 202 104 231 125
b216 126 1472 168 1491
b217 33 2219 53 2267
b218 18 2204 61 2219
b219 97 1465 125 1483
b220 53 2473 83 2510
b221 70 2582 83 2627
b222 86 3291 120 3316
b223 118 1104 140 1123
b224 41 3283 86 3304
b225 60 2034 107 2072
b226 70 951 109 967
b227 237 735 250 767
b228 223 173 244 193
b229 236 301 260 349
b230 58 1763 88 1796
b231 86 2911 102 2941
b232 58 1740 100 1763
b233 160 968 176 981
b234 12 3067 45 3085
b235 61 2332 83 2378
b236 0 3616 27 3655
b237 159 1678 180 1718
b238 151 1491 178 1530
b239 202 0 242 22
b240 202 22 225 41
b241 123 2055 136 2079
b242 79 2277 101 2317
b243 33 2582 70 2616
b244 79 2264 116 2277
b245 123 2031 159 2055
b246 127 748 150 792
b247 107 1259 143 1298
b248 131 1392 174 1423
b249 174 1330 209 1357
b250 103 1538 134 1572
b251 58 1889 101 1923
b252 100 2833 119 2861
b253 88 1797 103 1810
b254 121 1525 145 1538
b255 52 3125 99 3164
b256 86 3194 107 3207
b257 91 1572 108 1605
b258 53 2439 97 2473
b259 163 956 189 968
b260 24 2124 43 2136
b261 97 847 109 892
b262 0 3655 27 3703
b263 85 1605 132 1651
b264 202 618 247 641
b265 70 3388 115 3403
b266 60 1986 105 2034
b267 130 3164 164 3203
b268 18 2780 40 2805
b269 100 1716 137 1734
b270 41 2109 64 2124
b271 43 3600 85 3624
b272 131 1357 155 1392
b273 79 2833 100 2863
b274 162 585 195 606
b275 151 647 173 675
b276 205 408 236 422
b277 88 1923 100 1970
b278 52 3164 65 3206
b279 163 689 202 732
b280 245 205 276 227
b281 97 2436 127 2454
b282 86 3164 130 3194
b283 125 2649 138 2664
b284 116 2264 146 2285
b285 163 923 176 956
b286 70 994 106 1035
b287 270 58 312 79
b288 134 498 162 534
b289 12 2858 45 2895
b290 157 356 173 383
b291 41 3304 69 3347
b292 143 859 167 898
b293 155 1311 198 1330
b294 24 1950 41 1976
b295 163 910 206 923
b296 97 2317 113 2344
b297 142 0 180 31
b298 97 892 130 932
b299 166 343 179 356
