413615.5
413615.5
201152
448 449
17.700932
b0 255 306 271 342
b1 227 385 266 404
b2 0 86 35 127
b3 397 319 444 337
b4 239 343 271 369
b5 82 0 117 31
b6 205 252 234 265
b7 170 259 198 280
b8 78 402 93 434
b9 82 127 116 173
b10 48 42 80 87
b11 393 45 407 81
b12 158 202 200 238
b13 0 41 48 86
b14 53 402 78 417
b15 300 391 345 437
b16 327 47 349 65
b17 371 244 397 277
b18 307 13 326 47
b19 217 150 229 180
b20 370 359 398 392
b21 348 126 387 170
b22 46 250 72 289
b23 323 358 363 383
b24 323 65 348 80
b25 355 277 391 313
b26 82 102 125 127
b27 38 394 53 428
b28 252 203 298 241
b29 227 348 239 385
b30 159 53 186 70
b31 210 183 247 199
b32 59 136 82 168
b33 27 301 63 319
b34 352 233 371 271
b35 248 130 263 163
b36 299 47 327 59
b37 93 293 114 309
b38 125 199 158 225
b39 349 60 391 90
b40 30 0 58 41
b41 128 167 144 183
b42 229 136 248 180
b43 248 90 282 130
b44 336 265 352 292
b45 0 359 37 373
b46 326 32 374 47
b47 363 313 386 327
b48 82 31 106 57
b49 27 319 58 359
b50 35 87 77 120
b51 82 215 109 263
b52 157 145 184 182
b53 234 252 252 269
b54 125 183 168 199
b55 391 81 404 127
b56 396 206 421 228
b57 114 299 162 318
b58 159 34 200 53
b59 252 260 298 306
b60 217 269 252 299
b61 58 330 91 364
b62 407 45 444 90
b63 225 18 240 53
b64 106 54 153 102
b65 0 0 30 33
b66 196 348 227 379
b67 398 337 442 374
b68 413 16 448 40
b69 397 228 435 247
b70 178 400 192 436
b71 160 0 202 34
b72 263 137 296 171
b73 0 397 38 415
b74 152 256 170 285
b75 202 18 225 45
b76 248 163 262 175
b77 53 417 77 433
b78 296 132 322 175
b79 236 306 255 343
b80 379 45 393 60
b81 106 318 126 350
b82 315 93 348 125
b83 229 99 248 136
b84 109 225 152 262
b85 148 363 196 400
b86 203 126 227 150
b87 252 241 297 260
b88 214 420 257 448
b89 37 359 49 394
b90 0 277 45 301
b91 271 306 299 350
b92 58 0 82 42
b93 193 327 236 348
b94 93 402 108 418
b95 162 297 198 322
b96 371 199 396 244
b97 93 418 121 443
b98 51 120 77 136
b99 0 174 37 194
b100 0 332 27 357
b101 130 400 178 440
b102 198 302 236 327
b103 363 327 395 359
b104 299 222 324 258
b105 0 194 42 225
b106 42 216 81 250
b107 82 57 98 102
b108 106 36 139 48
b109 299 81 311 103
b110 61 379 105 402
b111 240 43 253 61
b112 202 0 248 18
b113 397 247 440 275
b114 336 292 355 331
b115 63 293 93 330
b116 42 174 79 216
b117 0 225 37 249
b118 396 171 435 206
b119 117 0 141 36
b120 61 364 106 379
b121 334 0 379 32
b122 72 263 115 293
b123 299 313 312 348
b124 370 394 409 407
b125 196 412 214 440
b126 252 175 290 203
b127 0 127 24 149
b128 115 262 151 287
b129 397 275 443 319
b130 388 127 433 171
b131 205 45 225 81
b132 225 61 241 99
b133 336 253 350 265
b134 299 103 315 132
b135 202 265 217 302
b136 186 53 205 77
b137 152 238 174 256
b138 296 175 326 197
b139 196 379 227 412
b140 144 167 156 183
b141 299 263 333 288
b142 0 250 46 277
b143 159 77 203 123
b144 128 142 157 167
b145 379 0 413 45
b146 126 318 160 351
b147 116 142 128 173
b148 345 383 370 400
b149 108 395 130 417
b150 334 167 347 197
b151 413 0 440 16
b152 184 150 217 183
b153 162 285 202 297
b154 106 351 148 395
b155 49 364 61 377
b156 168 183 210 202
b157 349 90 391 102
b158 290 13 307 41
b159 0 373 36 397
b160 311 81 347 93
b161 312 313 331 344
b162 324 233 336 263
b163 253 43 299 90
b164 331 331 363 358
b165 160 322 193 363
b166 115 287 151 299
b167 282 90 296 137
b168 299 288 336 313
b169 348 171 394 199
b170 203 81 225 126
b171 334 199 369 233
b172 0 149 31 174
b173 326 125 348 167
b174 398 374 423 394
b175 266 391 300 403
b176 53 433 73 449
b177 174 238 205 259
b178 336 233 352 253
b179 278 350 323 391
b180 141 0 160 21
b181 205 237 247 252
b182 141 21 153 54
b183 227 404 264 420
b184 31 127 51 146
b185 290 0 334 13
b186 93 309 106 357
b187 299 59 323 81
b188 348 102 388 126
b189 0 301 20 332
b190 264 404 298 441
b191 404 90 446 127
b192 37 146 59 174
b193 82 173 125 215
b194 248 0 290 43
b195 298 197 334 222
b196 239 369 278 385
b197 205 202 252 237
b198 159 123 199 145
b199 125 102 159 142
