698831.5625
712289.5
577710
315 1834
10.286644
b0 43 1485 86 1518
b1 134 115 199 152
b2 49 1592 102 1626
b3 133 417 170 484
b4 0 0 29 19
b5 0 1733 39 1782
b6 207 1033 247 1051
b7 135 1348 157 1388
b8 216 305 266 367
b9 39 1733 55 1774
b10 95 1385 113 1437
b11 48 854 87 913
b12 55 1065 116 1093
b13 88 623 136 680
b14 134 152 197 195
b15 0 1782 59 1834
b16 134 195 170 252
b17 43 1260 87 1326
b18 29 1209 77 1260
b19 36 1683 67 1733
b20 82 1366 119 1385
b21 159 367 223 417
b22 0 1518 49 1552
b23 68 746 88 795
b24 270 0 315 28
b25 89 811 143 850
b26 87 1211 142 1251
b27 87 1251 112 1316
b28 142 1269 181 1315
b29 256 37 280 99
b30 48 913 72 939
b31 29 1006 55 1040
b32 0 1260 43 1313
b33 60 1326 82 1361
b34 178 45 205 99
b35 176 285 207 323
b36 94 299 133 366
b37 68 33 88 93
b38 154 534 177 591
b39 29 1154 81 1209
b40 87 1337 113 1366
b41 214 37 241 92
b42 102 1592 164 1645
b43 90 891 151 937
b44 94 252 159 299
b45 205 92 228 136
b46 112 1315 151 1337
b47 29 0 94 33
b48 159 258 216 285
b49 89 746 136 811
b50 88 591 155 623
b51 205 417 243 474
b52 151 798 205 843
b53 94 553 137 574
b54 60 1361 78 1422
b55 170 417 204 473
b56 43 1326 60 1389
b57 216 258 234 305
b58 234 258 280 292
b59 87 854 137 891
b60 94 0 134 23
b61 142 1211 175 1234
b62 94 534 154 553
b63 178 0 214 45
b64 175 986 225 1033
b65 199 136 256 192
b66 108 680 175 741
b67 134 0 178 40
b68 43 1422 95 1485
b69 213 474 267 501
b70 73 1645 115 1687
b71 197 236 261 258
b72 55 1093 116 1154
b73 29 939 90 1006
b74 151 843 189 885
b75 29 33 48 61
b76 49 1626 71 1659
b77 81 1154 147 1211
b78 0 1552 36 1584
b79 75 1518 135 1559
b80 155 591 171 649
b81 133 484 173 534
b82 136 741 183 798
b83 178 99 200 115
b84 112 937 179 959
b85 48 33 68 58
b86 214 0 270 37
b87 199 192 238 236
b88 36 1659 73 1683
b89 175 959 213 986
b90 151 1315 190 1348
b91 75 1559 131 1592
b92 49 1518 75 1534
b93 142 1234 207 1269
b94 48 795 89 854
b95 116 1065 167 1084
b96 68 680 108 746
b97 159 285 176 352
b98 90 937 112 999
b99 90 999 139 1065
