421426
528131
314721
561 561
933.697887
b0 138 184 165 199
b1 395 267 422 283
b2 305 92 327 118
b3 489 163 534 184
b4 352 0 397 40
b5 110 269 126 295
b6 189 0 227 27
b7 408 337 443 366
b8 347 318 383 339
b9 26 151 70 176
b10 296 343 311 374
b11 264 118 305 142
b12 303 213 322 230
b13 256 0 289 48
b14 408 293 429 337
b15 429 321 463 336
b16 47 343 92 385
b17 454 42 491 83
b18 355 394 398 438
b19 151 429 187 452
b20 13 0 26 17
b21 290 164 334 192
b22 347 40 376 75
b23 280 544 320 561
b24 355 197 379 215
b25 222 429 251 472
b26 443 348 470 366
b27 435 438 475 476
b28 198 172 222 184
b29 227 0 256 30
b30 244 139 264 167
b31 105 138 141 170
b32 373 531 395 550
b33 192 60 238 105
b34 443 336 472 348
b35 509 320 535 332
b36 465 264 492 294
b37 227 485 256 497
b38 192 105 213 124
b39 137 172 150 184
b40 101 318 148 337
b41 144 266 180 285
b42 164 494 210 519
b43 225 172 264 193
b44 95 245 122 269
b45 477 473 501 498
b46 442 157 455 176
b47 425 217 465 259
b48 235 330 269 358
b49 383 330 407 378
b50 187 309 206 323
b51 337 424 353 438
b52 398 455 435 473
b53 105 111 141 123
b54 205 30 239 60
b55 34 176 60 207
b56 82 42 113 88
b57 368 131 416 178
b58 348 493 373 518
b59 148 339 186 386
b60 235 390 251 429
b61 378 86 409 131
b62 289 30 325 76
b63 411 74 447 120
b64 513 374 528 407
b65 199 427 222 440
b66 472 332 517 374
b67 322 227 355 241
b68 397 222 425 267
b69 472 404 508 431
b70 335 477 380 493
b71 337 286 371 318
b72 73 106 105 121
b73 548 273 560 319
b74 0 513 43 547
b75 398 394 435 414
b76 522 127 561 163
b77 264 142 304 160
b78 77 495 93 537
b79 26 126 66 151
b80 101 542 137 557
b81 105 123 137 138
b82 465 177 489 216
b83 398 414 435 455
b84 43 461 77 499
b85 191 214 225 257
b86 351 246 395 285
b87 303 241 351 286
b88 181 185 225 214
b89 492 264 534 284
b90 443 131 489 155
b91 13 289 56 310
b92 396 500 441 547
b93 474 83 498 103
b94 189 449 220 468
b95 26 89 70 126
b96 378 40 411 86
b97 334 179 374 194
b98 236 289 271 302
b99 414 43 454 60
b100 489 220 534 264
b101 472 374 508 404
b102 104 472 144 508
b103 303 286 337 320
b104 251 390 265 432
b105 489 108 522 143
b106 251 106 263 139
b107 105 170 137 185
b108 151 452 189 489
b109 198 130 244 172
b110 448 0 487 42
b111 110 295 123 316
b112 113 29 143 54
b113 156 73 192 97
b114 478 505 512 549
b115 158 150 192 172
b116 122 212 141 240
b117 148 386 187 407
b118 465 294 509 332
b119 240 244 268 289
b120 153 0 189 36
b121 296 374 334 408
b122 13 246 33 289
b123 0 477 36 500
b124 264 213 299 244
b125 503 33 545 79
b126 187 427 199 449
b127 70 245 95 288
b128 54 385 82 429
b129 455 155 489 177
b130 189 468 219 494
b131 100 349 148 394
b132 126 255 144 294
b133 540 403 555 446
b134 26 55 73 89
b135 143 36 188 51
b136 264 106 301 118
b137 54 34 82 55
b138 254 433 296 461
b139 435 366 472 402
b140 337 438 380 450
b141 227 498 272 517
b142 337 450 374 477
b143 372 222 397 246
b144 54 207 69 247
b145 189 296 234 309
b146 187 330 235 363
b147 70 215 112 245
b148 337 404 355 424
b149 534 163 556 210
b150 373 500 396 531
b151 82 385 100 427
b152 235 374 254 390
b153 69 288 110 318
b154 141 150 158 172
b155 87 318 101 343
b156 416 157 432 185
b157 305 118 325 143
b158 277 160 290 183
b159 512 505 544 549
b160 513 407 540 423
b161 280 498 327 544
b162 82 88 113 106
b163 265 411 298 433
b164 441 476 477 517
b165 397 0 414 21
b166 13 356 47 392
b167 435 402 472 438
b168 513 462 554 486
b169 141 111 165 150
b170 108 0 153 29
b171 47 318 87 340
b172 165 97 192 110
b173 271 244 303 269
b174 289 76 332 92
b175 122 240 138 255
b176 487 0 525 33
b177 13 209 54 246
b178 188 36 205 55
b179 13 310 47 356
b180 501 486 541 505
b181 273 287 303 315
b182 384 285 408 330
b183 148 306 187 339
b184 379 197 425 222
b185 394 473 428 500
b186 0 446 33 477
b187 489 184 527 220
b188 256 461 296 498
b189 264 201 308 213
b190 416 120 443 157
b191 235 358 269 374
b192 522 79 551 127
b193 210 494 227 527
b194 444 293 457 321
b195 165 172 198 185
b196 13 392 54 433
b197 236 302 273 330
b198 187 363 235 382
b199 311 343 347 374
b200 191 259 234 296
b201 273 315 302 341
b202 425 259 464 293
b203 33 446 61 461
b204 251 48 284 89
b205 225 238 240 259
b206 113 54 148 96
b207 350 95 378 128
b208 165 110 192 130
b209 347 339 383 384
b210 534 210 547 234
b211 308 192 324 204
b212 43 499 64 541
b213 380 438 394 470
b214 355 215 372 242
b215 70 194 99 215
b216 374 178 416 197
b217 454 83 474 131
b218 113 96 156 111
b219 205 527 233 545
b220 327 520 364 550
b221 13 433 58 446
b222 213 105 247 130
b223 289 0 308 22
b224 144 285 189 306
b225 233 517 280 555
b226 298 408 337 424
b227 222 472 254 485
b228 334 384 355 404
b229 240 193 264 241
b230 324 194 354 227
b231 383 378 413 394
b232 85 0 108 42
b233 371 285 384 301
b234 489 143 522 161
b235 325 30 347 76
b236 99 185 138 212
b237 141 199 181 220
b238 513 423 540 462
b239 148 51 188 73
b240 413 366 432 389
b241 77 542 101 555
b242 442 177 464 217
b243 298 424 335 458
b244 238 60 251 97
b245 477 449 513 473
b246 303 320 347 343
b247 509 284 548 320
b248 61 429 104 460
b249 77 460 104 495
b250 54 0 85 34
b251 414 0 448 43
b252 498 80 517 108
b253 165 185 180 198
b254 264 160 277 184
b255 104 433 151 472
b256 161 524 182 537
b257 251 89 284 106
b258 93 508 137 542
b259 416 185 442 197
b260 284 92 303 104
b261 101 337 146 349
b262 269 341 296 389
b263 144 220 191 266
b264 327 95 350 140
b265 225 193 240 238
b266 187 382 235 427
b267 334 140 368 179
b268 269 389 294 411
b269 475 431 512 449
b270 182 519 205 534
b271 70 152 94 194
b272 137 524 161 559
b273 206 309 236 330
b274 13 176 34 209
b275 148 407 176 429
b276 411 60 442 74
b277 491 33 503 80
b278 0 0 13 42
b279 104 394 147 433
b280 83 121 105 152
b281 271 269 301 287
b282 308 0 352 30
b283 429 293 444 306
b284 304 143 334 164
b285 165 130 198 143
b286 33 247 69 288
b287 465 216 486 258
b288 296 458 332 486
b289 441 517 478 550
b290 332 493 348 520
b291 26 0 54 43
b292 534 234 558 273
b293 332 76 375 95
b294 264 184 290 201
b295 0 500 43 513
b296 137 508 164 524
b297 528 365 559 403
b298 517 332 557 365
b299 70 121 83 134
