1959321.5
1959321.5
663876
243 2732
203.45375
b0 0 0 36 16
b1 123 266 142 305
b2 142 126 183 161
b3 56 2037 74 2084
b4 117 847 143 879
b5 0 2701 35 2732
b6 163 1637 192 1650
b7 81 1651 109 1672
b8 148 345 180 360
b9 117 966 163 1000
b10 36 1542 81 1574
b11 119 1000 133 1036
b12 110 376 146 418
b13 111 221 159 266
b14 101 528 116 553
b15 169 1351 214 1397
b16 90 292 108 314
b17 78 418 111 444
b18 50 825 84 844
b19 119 1036 149 1048
b20 169 1397 197 1430
b21 82 2435 126 2474
b22 64 786 90 825
b23 109 584 149 609
b24 128 1699 153 1714
b25 83 1923 119 1959
b26 19 2545 62 2570
b27 53 2379 87 2394
b28 148 88 194 126
b29 164 1699 176 1736
b30 96 1672 113 1699
b31 111 0 148 16
b32 111 1351 134 1383
b33 101 1000 119 1036
b34 19 2570 38 2608
b35 78 2012 93 2045
b36 100 745 128 757
b37 81 1567 97 1588
b38 90 266 123 292
b39 123 1261 153 1303
b40 73 478 101 519
b41 90 314 106 330
b42 73 573 92 617
b43 41 2084 81 2118
b44 74 1996 101 2012
b45 126 1409 140 1446
b46 78 2118 126 2133
b47 133 1000 156 1014
b48 90 1472 114 1498
b49 57 2154 97 2185
b50 16 2460 49 2502
b51 148 0 175 48
b52 56 1796 83 1833
b53 24 1828 41 1846
b54 36 844 79 860
b55 101 1036 114 1082
b56 56 2012 78 2037
b57 184 420 203 468
b58 214 423 233 464
b59 50 1672 96 1718
b60 142 266 172 301
b61 78 444 111 478
b62 16 2379 53 2424
b63 111 418 126 453
b64 123 1303 170 1351
b65 98 1816 128 1849
b66 111 16 142 47
b67 83 1779 127 1816
b68 94 631 129 655
b69 147 1048 166 1086
b70 113 1188 149 1202
b71 83 1889 125 1923
b72 81 2065 115 2098
b73 16 2257 34 2295
b74 19 2502 48 2520
b75 50 43 73 70
b76 36 0 50 12
b77 0 2608 24 2624
b78 180 345 206 388
b79 0 2502 19 2539
b80 36 1574 50 1589
b81 81 2045 113 2065
b82 87 2348 119 2381
b83 117 879 136 916
b84 74 1959 117 1996
b85 136 929 184 966
b86 36 1760 60 1784
b87 60 1760 105 1779
b88 50 0 78 43
b89 78 12 90 47
b90 24 2215 69 2239
b91 126 492 170 520
b92 97 2133 139 2157
b93 75 765 118 786
b94 143 847 158 863
b95 75 1261 111 1286
b96 97 1606 122 1651
b97 34 2351 59 2379
b98 111 1383 127 1409
b99 41 2118 78 2138
b100 36 2608 63 2633
b101 158 847 198 895
b102 117 786 142 824
b103 24 1796 56 1828
b104 127 1637 163 1662
b105 127 1606 169 1637
b106 79 1188 113 1227
b107 58 2332 103 2348
b108 78 0 111 12
b109 142 520 154 542
b110 108 1165 152 1188
b111 56 1833 74 1846
b112 142 801 160 847
b113 143 317 186 345
b114 36 860 75 879
b115 57 2185 94 2215
b116 118 1564 155 1606
b117 129 675 153 712
b118 108 1130 147 1165
b119 0 16 24 52
b120 75 1311 90 1356
b121 78 342 110 387
b122 175 45 218 75
b123 204 388 217 423
b124 34 2257 47 2296
b125 16 2424 34 2452
b126 47 2260 85 2288
b127 92 609 116 631
b128 34 2435 70 2460
b129 50 633 94 679
b130 175 0 219 45
b131 73 553 109 573
b132 79 844 117 860
b133 50 713 64 725
b134 79 1130 108 1146
b135 129 609 144 646
b136 34 2332 58 2351
b137 24 2239 46 2257
b138 24 2639 54 2661
b139 109 553 142 584
b140 73 617 85 633
b141 50 679 75 713
b142 142 755 169 801
b143 75 1498 121 1542
b144 129 646 154 675
b145 79 1227 124 1261
b146 110 342 143 376
b147 24 2608 36 2639
b148 108 317 125 342
b149 118 1542 140 1564
b150 114 1048 127 1078
b151 0 52 16 79
b152 134 1351 167 1384
b153 111 190 151 202
b154 47 2288 89 2332
b155 190 75 202 88
b156 50 1718 69 1760
b157 148 75 190 87
b158 140 1384 168 1401
b159 183 126 207 162
b160 111 1261 123 1297
b161 48 2514 67 2545
b162 36 1784 66 1796
b163 113 1996 159 2043
b164 62 2545 94 2572
b165 94 712 135 745
b166 123 305 159 317
b167 101 478 148 492
b168 81 1542 118 1567
b169 142 162 188 190
b170 69 2215 91 2260
b171 94 655 129 689
b172 75 1286 106 1311
b173 85 2260 127 2282
b174 75 745 100 765
b175 48 2502 82 2514
b176 153 1086 173 1102
b177 151 190 172 221
b178 184 404 204 420
b179 53 2394 98 2435
b180 125 1849 144 1870
b181 83 1816 98 1858
b182 24 2154 57 2166
b183 41 2138 78 2154
b184 106 1409 126 1428
b185 106 1428 119 1472
b186 101 1082 114 1130
b187 79 860 101 884
b188 219 0 243 40
b189 34 2661 65 2681
b190 143 895 180 929
b191 127 1662 169 1699
b192 144 609 166 637
b193 142 712 184 755
b194 169 755 211 798
b195 101 492 126 528
b196 148 388 187 404
b197 117 1959 164 1994
b198 98 1849 120 1889
b199 0 2661 34 2701
