236004.6875
239528
204295
449 455
2.125813
b0 141 395 184 428
b1 216 0 281 37
b2 141 361 194 395
b3 223 282 260 349
b4 122 214 151 233
b5 167 0 216 39
b6 191 39 209 79
b7 194 378 234 400
b8 281 95 343 145
b9 202 267 218 308
b10 94 272 146 290
b11 65 65 124 104
b12 421 218 449 279
b13 297 339 354 387
b14 157 93 200 156
b15 229 37 281 96
b16 365 325 422 361
b17 101 0 167 44
b18 328 164 379 212
b19 0 198 50 229
b20 328 145 365 164
b21 355 361 405 425
b22 209 96 258 130
b23 209 39 229 88
b24 270 402 298 447
b25 270 163 324 202
b26 184 400 224 455
b27 343 66 368 131
b28 224 404 270 443
b29 305 269 367 293
b30 234 378 258 404
b31 112 340 138 374
b32 65 160 118 203
b33 282 304 304 339
b34 367 218 421 245
b35 124 115 155 153
b36 368 118 435 157
b37 65 45 125 65
b38 209 130 266 153
b39 146 309 201 361
b40 50 413 79 439
b41 0 285 27 340
b42 0 145 62 198
b43 0 99 61 145
b44 205 153 270 200
b45 258 349 281 393
b46 38 57 60 96
b47 405 361 438 426
b48 0 0 27 57
b49 384 0 449 47
b50 185 200 217 267
b51 27 0 65 57
b52 0 340 54 385
b53 202 308 223 351
b54 218 264 279 282
b55 76 349 110 405
b56 122 197 185 214
b57 281 145 328 163
b58 281 61 327 95
b59 0 385 50 422
b60 282 264 305 304
b61 151 214 184 237
b62 348 47 408 66
b63 65 0 101 45
b64 94 290 141 340
b65 65 104 122 160
b66 379 157 446 218
b67 367 245 411 285
b68 368 66 431 118
b69 50 203 104 230
b70 50 230 92 272
b71 54 349 76 413
b72 33 272 94 333
b73 281 0 348 61
b74 0 57 38 99
b75 217 200 245 219
b76 124 93 157 115
b77 298 387 355 453
b78 348 0 384 32
b79 305 293 365 334
b80 281 344 297 402
b81 262 224 312 264
b82 312 212 359 269
b83 239 349 255 371
b84 245 202 312 224
b85 258 96 278 121
b86 146 272 202 309
b87 218 224 262 263
b88 122 153 146 190
b89 201 351 239 378
b90 79 405 112 444
b91 0 229 33 285
b92 54 333 80 349
b93 94 237 159 272
b94 146 156 205 197
b95 112 374 131 425
b96 367 285 433 325
b97 112 428 179 445
b98 260 282 282 344
b99 125 44 191 93
