230705.6875
233438
206115
455 453
7.875307
b0 317 246 360 279
b1 410 25 447 90
b2 65 301 118 335
b3 0 73 67 110
b4 0 238 29 257
b5 315 164 354 213
b6 288 429 328 447
b7 69 127 91 167
b8 0 188 62 238
b9 245 0 286 16
b10 360 246 412 264
b11 412 278 451 337
b12 91 0 119 61
b13 245 47 302 95
b14 237 316 280 379
b15 308 112 367 164
b16 113 255 170 291
b17 407 95 451 161
b18 133 151 181 202
b19 118 364 149 414
b20 163 218 182 255
b21 237 266 301 316
b22 340 308 389 342
b23 69 35 89 84
b24 280 112 308 157
b25 91 61 130 115
b26 170 306 225 346
b27 250 164 315 189
b28 301 279 340 325
b29 130 85 192 109
b30 26 0 50 26
b31 128 115 154 149
b32 0 403 53 446
b33 69 0 91 35
b34 119 0 146 54
b35 213 57 244 95
b36 165 363 232 402
b37 412 337 432 397
b38 257 95 280 152
b39 118 291 170 346
b40 338 220 367 246
b41 29 238 56 293
b42 0 341 53 403
b43 54 352 115 398
b44 302 47 349 112
b45 69 244 113 267
b46 245 16 284 38
b47 0 110 65 143
b48 0 257 27 314
b49 286 0 351 47
b50 170 274 237 306
b51 280 325 337 363
b52 0 143 54 188
b53 69 84 90 127
b54 349 77 410 95
b55 354 164 388 220
b56 54 335 117 352
b57 118 346 165 364
b58 67 267 113 301
b59 113 414 163 451
b60 367 95 407 118
b61 315 213 338 246
b62 50 0 69 60
b63 367 118 403 163
b64 0 26 50 73
b65 69 187 125 244
b66 183 156 250 217
b67 351 0 391 44
b68 146 0 198 63
b69 0 314 54 341
b70 154 109 196 151
b71 340 342 404 364
b72 196 95 257 156
b73 388 163 455 224
b74 91 149 133 187
b75 340 279 359 307
b76 182 252 215 274
b77 337 364 403 421
b78 412 246 448 278
b79 53 398 113 439
b80 125 202 183 218
b81 250 226 300 266
b82 198 0 245 57
b83 301 246 317 268
b84 146 63 213 85
b85 391 0 411 25
b86 250 189 306 226
b87 360 264 399 308
b88 91 115 128 139
b89 125 218 163 245
b90 232 379 271 412
b91 351 44 407 77
b92 0 0 26 16
b93 183 217 248 252
b94 229 412 288 453
b95 404 397 423 448
b96 163 402 229 442
b97 170 346 237 363
b98 367 224 429 246
b99 288 363 337 429
