302957.25
403414.5
202500
450 450
46.551637
b0 226 353 262 369
b1 65 261 104 280
b2 335 305 370 346
b3 389 185 407 232
b4 91 372 123 398
b5 369 378 400 413
b6 172 270 185 299
b7 181 122 209 143
b8 50 281 65 313
b9 45 355 91 389
b10 335 346 367 391
b11 185 290 221 304
b12 86 48 122 90
b13 326 260 374 305
b14 0 118 15 143
b15 180 167 226 212
b16 146 150 168 168
b17 352 69 378 102
b18 254 211 273 245
b19 226 197 238 227
b20 387 345 415 378
b21 308 63 352 102
b22 118 278 144 317
b23 37 93 77 118
b24 290 275 305 300
b25 274 206 310 242
b26 72 216 97 259
b27 0 351 15 385
b28 326 102 372 140
b29 74 42 86 79
b30 156 348 183 365
b31 12 230 49 246
b32 36 0 68 23
b33 126 361 144 397
b34 205 246 224 284
b35 374 207 389 240
b36 400 378 412 406
b37 313 309 334 325
b38 296 0 329 26
b39 150 203 180 245
b40 129 35 170 63
b41 290 300 306 316
b42 186 246 205 290
b43 286 124 326 158
b44 254 184 270 211
b45 0 104 37 118
b46 326 245 374 260
b47 371 184 385 207
b48 146 270 172 294
b49 15 132 46 172
b50 170 41 212 74
b51 226 282 274 309
b52 144 365 171 402
b53 176 24 194 41
b54 178 329 221 345
b55 378 45 424 58
b56 286 80 308 105
b57 226 139 274 158
b58 316 349 335 390
b59 72 280 118 326
b60 150 168 180 203
b61 15 414 49 447
b62 163 406 208 443
b63 212 0 227 35
b64 102 182 150 229
b65 104 248 137 278
b66 126 317 157 348
b67 408 185 445 229
b68 226 416 261 440
b69 272 354 291 392
b70 15 118 51 132
b71 415 346 449 388
b72 403 58 436 92
b73 35 172 53 210
b74 266 110 284 139
b75 144 294 171 317
b76 274 275 288 287
b77 24 398 48 414
b78 226 158 269 184
b79 171 387 208 406
b80 208 409 223 423
b81 51 118 83 138
b82 338 213 371 245
b83 126 402 163 421
b84 310 26 353 63
b85 92 0 129 48
b86 176 0 200 24
b87 307 264 326 309
b88 36 23 64 66
b89 49 389 61 424
b90 0 306 24 351
b91 268 0 296 44
b92 68 0 92 42
b93 24 355 45 398
b94 53 202 69 217
b95 272 44 297 80
b96 378 58 403 103
b97 241 110 266 138
b98 274 287 290 313
b99 15 172 35 209
b100 72 326 99 351
b101 270 158 310 206
b102 274 316 299 354
b103 337 391 369 423
b104 185 304 221 329
b105 418 131 449 173
b106 261 416 300 450
b107 238 197 254 242
b108 37 81 70 93
b109 172 299 184 321
b110 49 217 72 261
b111 226 184 244 197
b112 212 45 230 91
b113 415 303 443 346
b114 286 105 325 124
b115 372 103 409 133
b116 300 400 337 442
b117 381 133 418 157
b118 409 92 444 131
b119 150 246 186 270
b120 111 115 126 160
b121 412 388 444 433
b122 72 173 102 216
b123 297 26 310 61
b124 326 178 365 191
b125 0 288 28 306
b126 338 140 366 178
b127 77 90 101 112
b128 101 90 137 115
b129 226 309 272 353
b130 387 0 431 45
b131 0 0 36 20
b132 412 287 450 303
b133 274 139 286 153
b134 374 265 403 281
b135 37 66 74 81
b136 316 325 335 349
b137 208 387 226 409
b138 338 191 368 213
b139 181 91 214 122
b140 214 91 226 107
b141 374 240 408 265
b142 99 326 126 372
b143 137 79 181 125
b144 137 125 166 150
b145 353 0 387 45
b146 51 138 85 171
b147 0 143 12 174
b148 370 345 387 370
b149 28 288 50 310
b150 126 348 156 361
b151 310 237 326 264
b152 274 242 307 275
b153 0 174 12 214
b154 28 313 72 355
b155 126 169 138 182
b156 104 229 146 248
b157 168 125 180 167
b158 401 157 418 185
b159 61 389 85 425
b160 226 270 262 282
b161 53 171 72 202
b162 418 173 448 185
b163 226 369 272 416
b164 374 281 406 308
b165 85 398 126 431
b166 85 137 97 173
b167 299 316 313 363
b168 291 363 316 400
b169 310 191 338 237
b170 241 88 286 110
b171 408 229 442 264
b172 0 20 25 51
b173 406 265 448 287
b174 381 157 401 182
b175 326 140 338 174
b176 49 261 65 281
b177 241 67 272 88
b178 310 158 326 178
b179 227 0 268 45
b180 157 321 178 340
b181 226 91 241 133
b182 200 0 212 33
b183 0 88 37 104
b184 126 150 146 169
b185 368 140 381 184
b186 61 431 109 444
b187 353 45 375 69
b188 180 143 220 167
b189 15 210 46 230
b190 0 51 34 88
b191 370 308 412 345
b192 83 115 111 137
b193 0 246 43 288
b194 183 345 226 387
b195 238 245 274 270
b196 129 63 168 79
b197 129 0 176 35
b198 230 45 270 67
b199 180 212 220 246
