3034070.054688
3254332
1051713
267 3939
928.630146
b0 124 1157 151 1172
b1 0 42 27 58
b2 123 2324 145 2350
b3 90 1897 111 1942
b4 72 1980 112 2025
b5 166 2127 182 2153
b6 156 753 194 780
b7 92 1703 127 1732
b8 179 222 200 258
b9 13 3773 57 3798
b10 161 55 176 86
b11 97 3146 138 3170
b12 88 3652 105 3671
b13 145 1718 178 1766
b14 108 1239 152 1260
b15 198 78 232 93
b16 81 3069 126 3111
b17 88 1340 129 1377
b18 113 2690 156 2734
b19 182 130 218 153
b20 97 2932 110 2949
b21 136 1405 164 1449
b22 73 2903 108 2932
b23 132 2066 172 2083
b24 121 2583 139 2607
b25 103 2200 132 2243
b26 124 2470 151 2488
b27 164 1344 202 1384
b28 111 913 135 925
b29 111 1014 140 1044
b30 108 2962 128 2990
b31 67 3602 99 3638
b32 168 532 187 554
b33 97 3295 142 3341
b34 33 3468 62 3480
b35 0 3913 12 3939
b36 51 1327 78 1357
b37 142 297 154 326
b38 92 1732 113 1751
b39 55 3518 67 3531
b40 171 432 190 479
b41 27 2239 63 2258
b42 51 1410 97 1435
b43 187 532 226 553
b44 116 2819 143 2843
b45 145 1260 169 1285
b46 176 311 195 324
b47 213 613 255 653
b48 160 691 188 725
b49 144 532 168 580
b50 53 3012 72 3026
b51 106 2349 120 2365
b52 142 222 179 240
b53 81 2432 117 2444
b54 94 2486 124 2520
b55 27 2882 53 2913
b56 27 2827 73 2858
b57 117 2843 164 2891
b58 96 2583 121 2608
b59 63 2755 110 2793
b60 92 3246 131 3262
b61 103 2243 134 2288
b62 69 3210 115 3246
b63 145 1285 181 1331
b64 39 1457 72 1472
b65 0 3501 13 3524
b66 110 1112 152 1157
b67 139 693 153 726
b68 69 3111 97 3156
b69 128 3020 164 3047
b70 147 1193 163 1238
b71 97 2119 131 2151
b72 131 3210 163 3225
b73 69 3026 81 3072
b74 148 1001 191 1035
b75 83 2380 103 2417
b76 54 3404 93 3440
b77 123 843 163 861
b78 81 2470 123 2486
b79 83 2324 123 2349
b80 127 1703 163 1718
b81 156 297 171 329
b82 181 1244 220 1268
b83 26 3732 63 3773
b84 42 3480 76 3518
b85 123 1875 157 1918
b86 76 3510 115 3554
b87 176 335 221 383
b88 63 2690 92 2734
b89 139 651 159 693
b90 221 16 267 40
b91 123 2350 166 2371
b92 83 2025 128 2072
b93 83 2200 103 2224
b94 13 3798 44 3817
b95 111 876 155 913
b96 92 3262 138 3295
b97 81 2417 121 2432
b98 84 2119 97 2154
b99 156 479 196 496
b100 73 2858 117 2903
b101 78 1223 108 1259
b102 156 496 196 532
b103 63 2932 97 2966
b104 55 3638 97 3652
b105 79 1751 114 1784
b106 106 2072 118 2105
b107 121 2407 153 2422
b108 160 1035 197 1073
b109 63 2966 105 3012
b110 0 0 39 42
b111 42 3677 55 3698
b112 106 1315 136 1340
b113 177 780 213 804
b114 134 2083 168 2127
b115 155 901 189 923
b116 33 3440 61 3459
b117 161 201 200 222
b118 72 1942 116 1980
b119 143 1575 171 1620
b120 103 2288 139 2324
b121 210 204 244 242
b122 72 3341 115 3361
b123 151 1157 174 1193
b124 97 3111 128 3146
b125 117 1833 163 1875
b126 171 420 193 432
b127 98 373 123 416
b128 69 3170 113 3198
b129 117 1805 151 1827
b130 80 910 110 936
b131 193 420 241 465
b132 72 1821 90 1860
b133 68 2178 83 2221
b134 57 3773 91 3820
b135 98 861 143 876
b136 51 1315 88 1327
b137 27 2913 48 2941
b138 147 1918 189 1946
b139 175 383 211 420
b140 88 3361 100 3404
b141 128 1955 147 2000
b142 78 1259 105 1296
b143 168 554 192 579
b144 110 1072 125 1112
b145 79 1491 92 1536
b146 154 2033 202 2066
b147 98 765 128 807
b148 88 1315 106 1335
b149 129 3341 176 3363
b150 83 2349 106 2380
b151 76 3468 94 3510
b152 123 373 139 392
b153 111 2990 152 3020
b154 132 2033 154 2050
b155 98 807 123 821
b156 110 2755 138 2771
b157 72 3246 92 3271
b158 83 2072 106 2085
b159 80 1157 124 1189
b160 240 0 267 16
b161 98 326 144 373
b162 179 258 210 276
b163 90 1875 123 1897
b164 202 857 238 898
b165 112 1464 133 1481
b166 200 153 234 189
b167 182 93 218 130
b168 144 580 168 621
b169 112 1405 136 1444
b170 136 1449 165 1494
b171 113 3170 135 3210
b172 51 60 78 73
b173 72 3295 97 3327
b174 79 2674 122 2690
b175 94 3431 109 3447
b176 0 2941 33 2979
b177 27 2202 68 2239
b178 68 2540 85 2559
b179 168 579 214 613
b180 142 0 161 40
b181 61 3440 91 3468
b182 72 1797 117 1821
b183 135 942 168 981
b184 42 3652 88 3677
b185 198 44 225 78
b186 79 2641 110 2674
b187 169 1206 205 1244
b188 161 0 198 40
b189 98 0 142 12
b190 123 726 160 753
b191 63 2793 79 2827
b192 234 67 263 115
b193 110 2641 143 2658
b194 117 1760 145 1773
b195 169 1193 202 1206
b196 90 2542 131 2583
b197 110 1044 147 1072
b198 78 1296 126 1315
b199 52 2142 83 2178
b200 101 1620 144 1657
b201 68 2486 94 2515
b202 54 3361 88 3400
b203 125 1072 140 1100
b204 128 2000 169 2033
b205 161 40 182 55
b206 179 276 221 311
b207 112 1377 145 1405
b208 135 981 162 1001
b209 121 2371 166 2407
b210 147 1035 160 1059
b211 196 465 212 477
b212 92 2690 113 2732
b213 83 2105 115 2119
b214 145 2127 162 2154
b215 51 39 80 60
b216 178 1635 220 1654
b217 176 153 196 201
b218 144 1620 187 1635
b219 26 3698 54 3716
b220 116 1918 146 1955
b221 39 2142 52 2187
b222 115 3431 149 3456
b223 79 1472 101 1491
b224 176 1384 221 1405
b225 117 2432 164 2470
b226 108 1223 147 1239
b227 68 2221 81 2253
b228 112 1444 133 1464
b229 0 3865 24 3913
b230 78 1377 108 1410
b231 16 3817 32 3847
b232 101 1535 143 1558
b233 0 3817 16 3830
b234 142 279 175 297
b235 84 2154 106 2200
b236 81 3012 108 3051
b237 159 651 180 691
b238 145 1766 172 1805
b239 39 1435 79 1457
b240 155 923 178 942
b241 13 3501 26 3525
b242 155 861 177 901
b243 177 804 214 838
b244 111 1001 148 1014
b245 27 2858 63 2882
b246 198 0 221 44
b247 33 3026 69 3065
b248 73 2827 116 2858
b249 94 3404 129 3431
b250 80 876 111 910
b251 54 3698 97 3732
b252 151 1805 170 1833
b253 218 93 233 106
b254 79 1784 103 1797
b255 51 0 98 39
b256 33 3289 54 3302
b257 96 2608 113 2641
b258 80 1189 124 1223
b259 123 753 149 765
b260 221 0 240 12
b261 144 326 156 371
b262 116 2771 143 2819
b263 101 1657 148 1703
b264 39 2119 84 2142
b265 143 2734 188 2749
b266 76 3554 121 3602
b267 142 240 176 279
b268 68 2515 90 2540
b269 16 3847 53 3865
b270 39 2187 62 2202
b271 195 311 237 335
b272 128 808 152 843
b273 144 621 165 651
b274 92 2734 125 2755
b275 114 1732 136 1760
b276 105 1260 136 1274
b277 39 0 51 47
b278 42 3518 55 3560
b279 33 3246 72 3289
b280 94 2520 125 2542
b281 81 3051 111 3069
b282 39 2025 83 2055
b283 200 189 213 204
b284 32 3820 62 3841
b285 147 1059 160 1092
b286 133 1494 169 1535
b287 0 3480 42 3501
b288 121 2891 149 2927
b289 79 1435 112 1472
b290 63 2559 79 2586
b291 128 765 156 808
b292 168 942 192 981
b293 189 838 232 857
b294 79 2583 96 2609
b295 145 1331 188 1344
b296 225 40 241 67
b297 24 3865 62 3896
b298 143 1535 176 1575
b299 108 2949 121 2962
