2726336.804688
2921884.5
966408
268 3606
929.694689
b0 106 1627 133 1642
b1 0 3590 27 3606
b2 17 2194 39 2220
b3 184 289 205 334
b4 86 2524 126 2569
b5 110 0 126 26
b6 172 618 210 645
b7 149 1913 184 1942
b8 133 1019 154 1055
b9 47 1362 91 1387
b10 183 888 198 919
b11 130 660 171 684
b12 64 2936 81 2955
b13 193 757 226 805
b14 68 2392 112 2413
b15 92 2230 126 2245
b16 126 963 171 1005
b17 71 3191 112 3228
b18 160 919 203 963
b19 126 150 162 173
b20 27 3176 40 3193
b21 134 1823 162 1867
b22 173 470 208 499
b23 67 1695 107 1712
b24 55 2742 73 2766
b25 107 1529 136 1572
b26 106 1609 133 1627
b27 128 1489 166 1529
b28 136 2389 160 2401
b29 171 963 200 993
b30 110 1461 130 1489
b31 67 2612 99 2648
b32 27 2794 46 2816
b33 65 1387 110 1433
b34 108 3228 137 3240
b35 17 79 29 105
b36 110 376 137 406
b37 27 3057 39 3086
b38 110 1334 131 1353
b39 126 2238 138 2251
b40 31 2113 50 2160
b41 112 812 148 831
b42 47 845 93 870
b43 192 696 231 717
b44 83 478 110 502
b45 112 2374 136 2399
b46 75 1958 94 1971
b47 176 993 218 1033
b48 17 2160 45 2194
b49 126 2505 150 2553
b50 112 2440 131 2454
b51 17 2022 31 2038
b52 0 3193 37 3211
b53 148 2401 184 2413
b54 17 0 47 34
b55 200 25 226 56
b56 127 440 173 471
b57 142 534 189 582
b58 142 471 167 496
b59 87 1296 134 1334
b60 130 2155 169 2171
b61 27 2997 58 3042
b62 60 1609 106 1645
b63 134 1867 170 1913
b64 62 3102 95 3117
b65 46 2035 59 2058
b66 150 843 192 888
b67 46 3396 60 3429
b68 75 2050 103 2095
b69 126 2211 162 2238
b70 60 3392 76 3437
b71 39 3144 73 3176
b72 37 3237 69 3252
b73 131 2092 143 2138
b74 149 2355 192 2389
b75 71 3228 91 3265
b76 166 582 205 618
b77 27 2425 67 2443
b78 150 812 192 828
b79 46 2794 86 2819
b80 110 209 146 224
b81 207 331 222 363
b82 75 1993 114 2017
b83 29 1818 66 1859
b84 126 888 160 926
b85 83 1253 117 1296
b86 45 2160 84 2204
b87 126 764 171 812
b88 46 1991 75 2035
b89 46 2955 66 2997
b90 109 2312 155 2336
b91 93 2454 136 2475
b92 67 2648 112 2695
b93 110 646 130 670
b94 114 1127 145 1146
b95 70 1886 114 1923
b96 84 2178 130 2211
b97 107 1683 147 1698
b98 58 3067 71 3102
b99 37 3331 77 3348
b100 83 1179 127 1224
b101 171 660 201 696
b102 93 1019 133 1055
b103 86 2746 120 2780
b104 130 646 172 660
b105 30 1387 65 1420
b106 63 1958 75 1991
b107 74 1334 106 1349
b108 30 1695 67 1733
b109 65 1433 107 1479
b110 127 582 166 624
b111 136 2355 149 2376
b112 58 3042 88 3067
b113 77 1746 113 1770
b114 37 3193 71 3237
b115 110 2251 144 2273
b116 136 2440 164 2459
b117 145 2553 184 2574
b118 83 440 127 478
b119 193 162 221 207
b120 47 870 83 906
b121 29 1923 63 1961
b122 208 363 251 383
b123 61 2204 84 2240
b124 70 1923 101 1958
b125 131 1379 177 1421
b126 40 3102 62 3114
b127 133 1609 158 1652
b128 116 1225 160 1253
b129 27 2220 61 2242
b130 30 1420 60 1446
b131 70 2891 118 2936
b132 92 2245 110 2284
b133 143 1421 158 1464
b134 173 423 207 470
b135 126 749 171 764
b136 162 150 199 162
b137 47 943 68 971
b138 107 2051 149 2079
b139 101 1572 137 1609
b140 35 3509 47 3552
b141 120 2642 139 2687
b142 47 906 74 943
b143 126 831 150 856
b144 127 1185 142 1225
b145 17 34 30 79
b146 130 3064 178 3097
b147 154 344 184 386
b148 46 2867 64 2887
b149 221 72 268 94
b150 160 888 183 919
b151 148 41 166 83
b152 97 2695 113 2714
b153 127 1155 168 1185
b154 114 1806 136 1823
b155 120 2628 145 2642
b156 65 1503 93 1519
b157 148 125 168 150
b158 220 220 243 233
b159 110 344 154 376
b160 167 518 194 534
b161 27 2695 73 2742
b162 70 2857 101 2875
b163 60 3370 93 3392
b164 47 0 83 41
b165 107 1489 128 1506
b166 87 1770 121 1806
b167 94 3117 130 3154
b168 86 2816 110 2857
b169 162 2171 186 2210
b170 58 2997 87 3042
b171 126 41 148 81
b172 110 684 137 697
b173 68 2413 93 2445
b174 27 2778 70 2794
b175 209 56 224 72
b176 110 711 143 749
b177 29 1886 70 1923
b178 103 2355 120 2374
b179 101 2857 147 2891
b180 192 717 211 757
b181 145 1127 175 1155
b182 66 1862 111 1886
b183 167 0 200 39
b184 0 3396 46 3421
b185 107 2017 134 2051
b186 61 2240 92 2273
b187 0 3552 36 3590
b188 162 1529 199 1569
b189 60 1683 104 1695
b190 40 3117 77 3144
b191 30 1784 46 1818
b192 17 1974 46 2022
b193 118 2138 151 2155
b194 193 207 221 220
b195 29 1961 62 1974
b196 126 0 167 41
b197 92 2284 129 2312
b198 61 2312 109 2331
b199 102 2780 133 2816
b200 143 1253 186 1290
b201 67 3437 93 3466
b202 84 2139 118 2178
b203 167 79 182 107
b204 27 2392 68 2425
b205 68 2509 89 2524
b206 154 1047 196 1082
b207 93 3370 126 3398
b208 83 0 110 20
b209 126 173 171 209
b210 150 1082 163 1106
b211 86 2780 102 2792
b212 146 255 167 297
b213 126 1005 158 1019
b214 133 1055 150 1082
b215 83 762 112 783
b216 173 499 215 518
b217 37 3348 57 3396
b218 150 828 193 843
b219 166 107 194 125
b220 66 1825 96 1862
b221 118 2092 131 2137
b222 213 0 247 25
b223 87 1806 109 1825
b224 133 1106 178 1127
b225 30 1746 77 1784
b226 99 2612 138 2628
b227 46 3450 59 3482
b228 66 1784 87 1804
b229 46 2819 70 2867
b230 93 1146 123 1179
b231 96 1825 112 1855
b232 167 56 209 79
b233 231 383 247 396
b234 83 1224 116 1242
b235 112 3178 134 3224
b236 77 3331 104 3370
b237 168 1155 189 1195
b238 0 2220 27 2259
b239 68 2487 108 2509
b240 84 2211 107 2230
b241 137 376 150 400
b242 61 2352 83 2392
b243 155 2238 192 2272
b244 107 2079 144 2092
b245 65 1479 101 1503
b246 84 2095 107 2139
b247 112 2401 148 2440
b248 51 3482 94 3513
b249 0 3421 35 3448
b250 110 406 141 440
b251 67 1712 110 1746
b252 67 2524 86 2552
b253 127 471 142 484
b254 68 1349 92 1362
b255 88 3025 135 3064
b256 46 3437 67 3450
b257 132 2891 149 2924
b258 167 255 211 289
b259 73 2734 99 2746
b260 93 2475 112 2487
b261 131 1334 143 1379
b262 0 2259 27 2307
b263 146 209 193 255
b264 69 3308 114 3331
b265 59 2035 104 2050
b266 87 2936 132 2984
b267 121 1698 155 1737
b268 46 2058 68 2083
b269 60 1645 97 1663
b270 71 3176 94 3191
b271 94 3154 136 3178
b272 94 1958 118 1993
b273 93 1055 114 1085
b274 93 845 126 866
b275 154 1019 176 1047
b276 83 831 114 845
b277 146 297 158 344
b278 207 289 220 331
b279 69 3265 108 3308
b280 127 624 158 646
b281 108 2487 138 2505
b282 31 2083 75 2113
b283 27 3042 40 3057
b284 36 3552 66 3573
b285 74 1296 87 1329
b286 87 2984 123 3025
b287 61 2331 103 2352
b288 27 2742 55 2778
b289 154 386 187 423
b290 137 684 153 711
b291 86 2569 114 2612
b292 73 2695 97 2734
b293 109 2336 152 2355
b294 0 0 17 26
b295 83 749 126 762
b296 35 3482 51 3509
b297 97 1652 135 1683
b298 110 1421 143 1461
b299 200 0 213 13
