229595.2460938
232254.5
205662
453 454
3.1889
b0 336 145 379 178
b1 323 0 388 37
b2 0 161 34 214
b3 264 106 331 143
b4 75 329 94 358
b5 284 0 323 49
b6 75 387 115 405
b7 144 226 166 266
b8 336 230 398 280
b9 379 114 420 130
b10 336 178 354 230
b11 130 54 169 113
b12 144 165 172 226
b13 379 130 436 178
b14 0 362 63 405
b15 385 178 444 230
b16 205 141 241 198
b17 227 343 293 387
b18 0 110 48 161
b19 141 398 172 448
b20 426 264 445 301
b21 251 56 315 106
b22 92 20 141 54
b23 370 47 390 96
b24 90 290 135 318
b25 208 0 247 54
b26 220 280 275 320
b27 27 27 92 52
b28 407 390 446 436
b29 219 198 243 260
b30 336 280 360 306
b31 144 131 170 165
b32 172 198 215 251
b33 417 368 452 390
b34 115 113 142 167
b35 354 178 385 216
b36 243 150 282 217
b37 57 0 117 20
b38 360 360 417 383
b39 243 228 298 280
b40 141 372 170 398
b41 172 375 227 402
b42 0 214 62 267
b43 67 189 113 250
b44 360 383 407 448
b45 241 106 264 150
b46 144 333 166 372
b47 0 329 65 362
b48 0 0 57 27
b49 388 0 453 47
b50 172 308 204 375
b51 298 388 336 445
b52 282 143 336 188
b53 230 56 251 99
b54 297 320 315 381
b55 336 89 370 145
b56 27 52 90 69
b57 144 113 191 131
b58 398 230 444 264
b59 298 270 335 320
b60 227 320 267 343
b61 92 54 125 77
b62 169 52 188 112
b63 315 320 360 356
b64 94 318 144 365
b65 0 267 57 323
b66 48 128 115 189
b67 315 49 359 89
b68 145 0 208 52
b69 76 77 130 104
b70 191 99 233 141
b71 75 365 139 387
b72 237 387 298 448
b73 390 47 451 114
b74 298 228 336 270
b75 117 0 145 19
b76 34 189 67 211
b77 360 303 426 360
b78 315 356 351 388
b79 0 69 60 110
b80 204 308 220 366
b81 282 188 332 228
b82 172 251 219 308
b83 59 405 75 427
b84 426 301 448 368
b85 398 264 423 284
b86 247 0 284 56
b87 191 54 230 98
b88 76 104 113 128
b89 0 27 27 65
b90 57 290 90 329
b91 172 141 205 197
b92 60 69 76 95
b93 172 402 237 437
b94 0 405 59 446
b95 360 284 411 303
b96 62 250 128 290
b97 144 266 161 333
b98 275 280 297 342
b99 75 405 141 454
