649789.9609375
677164
403424
224 1801
13.541468
b0 64 291 107 324
b1 26 1737 91 1774
b2 64 257 117 291
b3 92 574 129 641
b4 121 1469 150 1488
b5 101 442 140 491
b6 81 1501 121 1519
b7 81 1519 103 1559
b8 146 799 196 861
b9 0 0 16 41
b10 100 1138 118 1190
b11 61 1157 100 1216
b12 118 1138 179 1166
b13 140 442 188 499
b14 38 435 101 478
b15 16 1105 75 1157
b16 155 1201 191 1258
b17 0 1501 44 1567
b18 172 499 220 550
b19 44 1520 75 1570
b20 44 1501 81 1520
b21 41 691 105 741
b22 92 657 141 691
b23 149 562 169 611
b24 167 1258 212 1286
b25 92 799 146 838
b26 100 1201 155 1241
b27 16 571 41 636
b28 129 611 168 657
b29 124 339 148 401
b30 38 478 62 504
b31 38 0 64 34
b32 79 990 122 1043
b33 76 324 98 359
b34 197 0 224 54
b35 64 0 95 38
b36 99 898 138 965
b37 92 838 112 898
b38 75 1559 98 1616
b39 171 1286 223 1341
b40 0 1591 26 1620
b41 62 478 89 533
b42 95 0 157 53
b43 41 741 102 787
b44 106 1367 171 1414
b45 149 518 172 562
b46 100 1447 139 1469
b47 75 1105 140 1138
b48 131 225 188 252
b49 95 53 142 118
b50 64 225 131 257
b51 38 324 76 381
b52 39 1456 93 1501
b53 44 1616 87 1637
b54 179 861 197 922
b55 58 837 92 893
b56 16 1157 33 1220
b57 131 252 149 299
b58 37 1637 83 1671
b59 61 1330 111 1367
b60 83 1637 123 1660
b61 105 754 138 777
b62 101 499 161 518
b63 157 657 193 702
b64 61 1283 111 1330
b65 92 518 149 574
b66 157 66 224 127
b67 117 299 161 339
b68 105 691 157 754
b69 0 1774 54 1801
b70 16 837 58 879
b71 102 777 166 799
b72 95 164 156 225
b73 39 1389 100 1456
b74 100 1241 138 1283
b75 76 407 95 435
b76 106 1414 128 1447
b77 63 1048 129 1105
b78 188 164 224 196
b79 114 401 174 442
b80 63 990 79 1048
b81 41 787 81 837
b82 16 990 63 1047
b83 39 1157 61 1173
b84 39 1367 106 1389
b85 98 355 118 380
b86 142 127 198 164
b87 0 1220 39 1264
b88 0 1567 37 1591
b89 76 380 114 407
b90 58 957 97 990
b91 111 1283 167 1316
b92 98 339 124 355
b93 118 1166 183 1201
b94 58 898 99 957
b95 41 571 92 590
b96 157 0 197 66
b97 38 504 55 571
b98 16 0 38 62
b99 37 1671 86 1737
