306271.25
411842.5
200700
450 446
25.772415
b0 404 231 440 247
b1 221 298 260 317
b2 241 109 282 144
b3 392 339 410 386
b4 142 362 168 394
b5 358 406 393 437
b6 371 37 384 66
b7 122 215 150 236
b8 0 146 32 161
b9 268 412 314 446
b10 221 239 253 284
b11 248 388 262 424
b12 88 307 124 349
b13 284 80 329 128
b14 82 115 107 130
b15 176 251 221 297
b16 290 0 308 22
b17 360 96 393 122
b18 82 33 116 52
b19 191 239 221 251
b20 393 398 426 426
b21 220 317 264 356
b22 384 58 423 84
b23 125 236 150 276
b24 195 312 220 327
b25 365 213 401 249
b26 33 331 58 374
b27 0 329 15 363
b28 253 239 291 285
b29 44 319 81 331
b30 329 96 346 123
b31 83 411 120 427
b32 71 155 103 178
b33 116 49 152 67
b34 385 175 404 213
b35 133 347 166 362
b36 389 386 417 398
b37 45 303 66 319
b38 0 363 33 389
b39 230 0 272 30
b40 330 39 371 67
b41 130 288 146 304
b42 265 65 284 109
b43 325 230 365 264
b44 286 53 302 80
b45 43 44 57 81
b46 423 58 438 106
b47 346 96 360 119
b48 280 185 306 209
b49 12 44 43 84
b50 330 149 372 182
b51 49 242 76 290
b52 365 268 402 295
b53 173 328 191 345
b54 302 351 345 367
b55 347 307 360 353
b56 150 286 175 308
b57 282 128 330 147
b58 227 65 246 106
b59 152 176 198 222
b60 143 308 173 343
b61 82 0 116 33
b62 203 390 248 427
b63 372 160 407 175
b64 152 0 199 48
b65 82 52 115 82
b66 199 0 230 31
b67 410 339 447 383
b68 177 392 201 427
b69 365 249 403 268
b70 83 397 119 411
b71 107 181 149 215
b72 203 356 236 390
b73 27 181 45 219
b74 272 0 290 29
b75 152 222 175 249
b76 272 53 286 65
b77 57 44 73 68
b78 330 123 373 149
b79 264 312 301 331
b80 162 394 177 408
b81 0 161 32 181
b82 248 168 280 201
b83 370 361 389 398
b84 0 389 43 426
b85 198 202 246 239
b86 325 184 349 208
b87 306 184 325 229
b88 199 49 227 92
b89 83 427 118 439
b90 37 0 82 24
b91 314 370 358 398
b92 107 157 149 181
b93 127 82 148 125
b94 76 242 91 258
b95 349 182 385 207
b96 198 157 223 202
b97 223 168 248 196
b98 175 222 191 248
b99 0 227 20 264
b100 0 264 27 289
b101 43 374 83 422
b102 410 127 448 152
b103 236 356 268 388
b104 199 121 224 157
b105 88 276 130 307
b106 321 0 355 39
b107 0 290 45 306
b108 82 82 94 115
b109 397 0 419 12
b110 0 306 44 329
b111 191 328 209 341
b112 311 264 357 282
b113 396 311 439 339
b114 393 84 412 123
b115 298 147 328 184
b116 355 0 397 37
b117 152 249 176 286
b118 314 398 349 437
b119 272 29 308 53
b120 88 349 133 364
b121 107 125 152 157
b122 58 331 88 374
b123 152 135 187 148
b124 329 83 368 96
b125 199 31 227 49
b126 246 201 274 239
b127 27 266 49 290
b128 116 0 152 25
b129 404 247 450 291
b130 302 307 347 351
b131 37 24 73 44
b132 282 147 298 185
b133 130 276 144 288
b134 162 427 191 443
b135 115 67 152 82
b136 377 295 396 319
b137 83 374 101 396
b138 274 209 296 239
b139 45 190 78 221
b140 76 258 88 274
b141 302 282 336 307
b142 0 181 27 227
b143 152 48 198 92
b144 78 190 107 215
b145 227 31 272 65
b146 91 237 125 270
b147 76 274 88 305
b148 345 353 370 370
b149 80 215 102 237
b150 45 290 75 303
b151 368 67 384 94
b152 94 82 127 115
b153 43 422 83 434
b154 34 84 78 126
b155 130 304 143 316
b156 120 397 162 416
b157 199 109 241 121
b158 199 92 227 109
b159 116 25 152 49
b160 358 370 370 406
b161 124 316 143 347
b162 347 295 377 307
b163 397 12 444 58
b164 265 285 297 312
b165 101 364 142 397
b166 0 0 12 36
b167 297 229 311 276
b168 373 123 410 148
b169 152 148 198 176
b170 27 221 49 266
b171 268 331 302 366
b172 12 0 37 31
b173 370 319 392 361
b174 403 291 428 311
b175 373 148 407 160
b176 102 215 122 231
b177 49 221 80 242
b178 175 312 195 328
b179 268 367 309 412
b180 412 106 431 127
b181 176 297 218 312
b182 71 178 104 190
b183 330 67 367 83
b184 246 65 265 85
b185 221 285 265 298
b186 308 0 321 48
b187 308 48 330 72
b188 240 144 280 168
b189 34 160 65 180
b190 34 126 71 160
b191 404 194 446 231
b192 0 124 28 146
b193 152 92 194 135
b194 407 152 450 194
b195 71 130 107 155
b196 224 121 240 160
b197 168 345 203 392
b198 325 208 365 230
b199 0 84 34 124
