238623.1914062
242336
205208
454 452
3.085187
b0 376 43 409 86
b1 260 87 325 124
b2 107 92 160 126
b3 193 0 260 37
b4 112 184 131 213
b5 327 85 376 124
b6 278 311 296 351
b7 278 266 318 288
b8 0 134 50 196
b9 278 250 319 266
b10 409 34 427 86
b11 193 269 252 308
b12 106 361 134 422
b13 250 400 307 448
b14 376 86 439 129
b15 402 278 454 337
b16 307 416 364 452
b17 358 289 402 355
b18 56 89 107 137
b19 354 186 385 236
b20 169 259 188 296
b21 254 200 318 250
b22 55 267 104 301
b23 169 210 189 259
b24 352 244 380 289
b25 195 362 249 401
b26 0 67 55 107
b27 56 159 121 184
b28 0 390 46 429
b29 254 276 278 338
b30 254 250 278 276
b31 276 0 310 26
b32 53 301 106 344
b33 358 394 393 416
b34 112 236 166 263
b35 160 92 191 130
b36 358 355 425 394
b37 310 0 370 20
b38 112 213 169 236
b39 0 196 55 248
b40 134 361 163 387
b41 327 124 354 179
b42 0 272 53 334
b43 112 296 173 342
b44 323 20 370 85
b45 155 130 178 174
b46 0 0 22 39
b47 319 244 352 309
b48 55 184 112 211
b49 385 231 450 278
b50 260 124 327 156
b51 193 308 250 346
b52 134 387 188 432
b53 370 0 391 43
b54 134 432 195 450
b55 391 0 447 34
b56 22 0 39 63
b57 0 334 47 352
b58 121 126 155 172
b59 195 401 245 438
b60 163 342 186 382
b61 278 288 311 311
b62 304 26 323 86
b63 157 47 193 92
b64 89 0 136 50
b65 55 211 112 267
b66 193 161 254 228
b67 254 156 294 200
b68 193 98 245 161
b69 0 107 54 134
b70 260 45 302 87
b71 56 137 120 159
b72 193 37 254 98
b73 385 170 452 231
b74 0 352 42 390
b75 276 26 304 45
b76 294 156 327 178
b77 47 360 104 426
b78 158 174 190 210
b79 193 228 253 269
b80 191 346 249 362
b81 107 50 157 90
b82 136 0 193 47
b83 260 0 276 22
b84 0 429 67 451
b85 294 178 319 198
b86 296 311 352 348
b87 56 50 100 89
b88 0 248 37 272
b89 131 174 158 212
b90 56 0 89 39
b91 112 263 168 296
b92 53 344 79 360
b93 319 179 354 244
b94 376 129 435 170
b95 112 342 163 361
b96 318 348 358 414
b97 39 0 56 67
b98 354 124 376 186
b99 252 351 318 400
