233373.8515625
236402.5
206116
454 454
2.602502
b0 166 114 209 147
b1 208 49 273 86
b2 231 290 265 343
b3 0 405 67 442
b4 166 91 195 110
b5 265 251 304 300
b6 271 406 289 446
b7 144 123 166 163
b8 382 239 444 289
b9 104 61 120 102
b10 262 176 280 228
b11 122 294 181 333
b12 208 86 269 114
b13 149 229 206 277
b14 287 0 330 63
b15 382 336 441 388
b16 342 216 378 273
b17 38 96 104 140
b18 403 59 454 107
b19 342 128 373 178
b20 85 261 122 280
b21 45 140 109 190
b22 85 280 119 329
b23 362 273 382 322
b24 0 151 45 179
b25 304 289 358 328
b26 104 21 159 61
b27 419 174 444 239
b28 289 406 335 445
b29 336 84 398 108
b30 144 179 168 205
b31 0 241 34 267
b32 85 360 138 403
b33 109 200 144 222
b34 122 222 149 276
b35 342 178 373 216
b36 85 403 152 442
b37 322 210 342 270
b38 265 228 322 251
b39 22 307 77 359
b40 152 391 181 417
b41 85 333 140 360
b42 0 41 62 94
b43 0 359 61 405
b44 222 0 287 47
b45 304 328 348 351
b46 423 388 445 427
b47 209 114 242 179
b48 22 280 79 307
b49 382 289 447 336
b50 419 107 451 174
b51 0 94 38 151
b52 215 179 260 233
b53 104 0 147 21
b54 362 322 380 383
b55 280 176 336 210
b56 122 277 185 294
b57 140 333 158 380
b58 373 108 419 142
b59 152 417 202 454
b60 336 0 376 23
b61 104 102 127 135
b62 309 115 328 175
b63 304 351 349 387
b64 168 179 215 229
b65 206 233 262 290
b66 336 23 403 84
b67 60 0 104 40
b68 273 63 336 115
b69 45 190 99 217
b70 166 49 208 91
b71 0 283 22 347
b72 362 388 423 449
b73 242 115 309 176
b74 0 179 42 217
b75 376 0 404 19
b76 373 142 406 164
b77 205 343 271 400
b78 166 147 202 179
b79 0 0 60 41
b80 304 273 362 289
b81 181 294 231 334
b82 158 334 205 391
b83 0 267 22 283
b84 271 339 293 406
b85 336 108 361 128
b86 62 40 99 96
b87 72 222 116 261
b88 0 217 37 241
b89 45 217 72 255
b90 271 300 304 339
b91 166 16 222 49
b92 147 0 173 16
b93 109 135 144 200
b94 404 0 445 59
b95 34 261 85 280
b96 378 164 418 230
b97 127 61 144 128
b98 144 61 166 123
b99 205 400 271 449
