435529.5
556338
314721
561 561
549.014557
b0 478 63 493 90
b1 420 133 436 160
b2 284 0 306 26
b3 458 312 479 357
b4 310 452 355 492
b5 81 42 97 68
b6 243 334 270 372
b7 308 311 343 340
b8 207 314 243 335
b9 12 413 37 457
b10 193 24 224 39
b11 155 334 196 358
b12 159 130 176 149
b13 54 339 102 372
b14 327 152 371 173
b15 325 356 340 390
b16 156 435 201 477
b17 318 206 359 243
b18 436 133 479 177
b19 260 504 296 527
b20 175 511 192 524
b21 261 196 305 224
b22 496 484 531 513
b23 241 91 281 108
b24 536 397 560 415
b25 421 90 450 133
b26 263 224 290 242
b27 456 462 496 500
b28 170 170 182 194
b29 193 115 222 145
b30 225 163 245 191
b31 245 163 281 195
b32 509 89 528 111
b33 265 424 310 470
b34 383 501 412 513
b35 231 229 243 255
b36 456 372 483 402
b37 496 357 508 386
b38 59 320 80 339
b39 0 0 12 13
b40 204 267 223 314
b41 102 404 138 423
b42 185 242 231 267
b43 150 149 189 170
b44 12 457 36 484
b45 480 333 505 357
b46 336 492 355 505
b47 408 50 450 90
b48 297 356 325 390
b49 408 476 456 500
b50 136 149 150 168
b51 385 419 401 433
b52 241 108 278 126
b53 289 286 301 322
b54 171 405 205 435
b55 96 535 127 561
b56 196 335 242 366
b57 386 203 434 250
b58 428 500 453 525
b59 12 243 59 281
b60 250 247 289 263
b61 375 146 420 177
b62 253 263 289 309
b63 480 287 516 333
b64 485 519 500 552
b65 355 454 378 467
b66 438 225 480 270
b67 159 81 192 95
b68 310 424 355 452
b69 494 175 521 211
b70 450 81 466 126
b71 159 49 193 81
b72 113 339 145 354
b73 466 81 478 127
b74 260 470 303 504
b75 480 267 517 287
b76 386 313 425 349
b77 164 267 204 285
b78 12 361 54 377
b79 43 532 83 557
b80 36 487 51 523
b81 123 372 138 404
b82 408 419 447 443
b83 287 51 328 88
b84 111 0 149 34
b85 297 390 340 424
b86 220 47 259 91
b87 347 0 395 45
b88 356 377 385 421
b89 359 512 379 554
b90 493 65 539 89
b91 0 530 43 551
b92 491 130 538 175
b93 201 91 221 115
b94 425 344 456 363
b95 118 455 155 499
b96 25 0 58 46
b97 463 41 478 81
b98 467 270 480 305
b99 496 433 536 450
b100 379 513 424 557
b101 424 525 454 561
b102 114 168 150 208
b103 381 112 415 146
b104 394 45 408 87
b105 12 281 47 314
b106 58 109 70 142
b107 53 430 85 445
b108 241 126 279 163
b109 68 239 114 281
b110 195 366 237 405
b111 154 511 175 524
b112 223 271 253 296
b113 68 281 104 305
b114 508 334 552 368
b115 96 455 118 489
b116 128 434 156 453
b117 481 212 520 233
b118 126 239 164 283
b119 355 467 383 512
b120 96 499 132 535
b121 170 194 204 232
b122 58 153 101 173
b123 25 74 48 110
b124 138 372 173 403
b125 281 88 327 130
b126 216 542 238 554
b127 85 430 128 455
b128 70 109 98 153
b129 498 233 520 267
b130 408 250 438 276
b131 314 512 359 560
b132 343 314 382 332
b133 420 160 435 203
b134 155 477 202 511
b135 68 305 113 320
b136 25 177 62 189
b137 132 518 153 546
b138 253 527 295 555
b139 281 160 318 196
b140 479 130 491 173
b141 479 111 524 130
b142 511 0 538 37
b143 284 26 309 50
b144 143 34 183 49
b145 145 358 190 371
b146 327 119 375 152
b147 81 0 111 42
b148 243 229 263 247
b149 386 250 408 297
b150 464 402 495 425
b151 296 510 314 552
b152 231 255 250 271
b153 99 64 140 94
b154 182 176 204 193
b155 243 372 268 386
b156 536 415 552 443
b157 289 266 314 286
b158 318 277 341 290
b159 516 302 560 334
b160 174 95 201 111
b161 238 0 284 47
b162 113 354 144 372
b163 387 177 420 199
b164 440 0 476 41
b165 201 435 222 452
b166 261 388 297 422
b167 496 397 533 433
b168 306 0 347 24
b169 12 314 51 338
b170 25 110 54 155
b171 425 363 447 403
b172 270 341 297 354
b173 253 309 285 334
b174 340 375 356 418
b175 188 285 204 300
b176 408 443 446 476
b177 202 472 239 513
b178 138 132 157 149
b179 0 484 34 530
b180 453 500 493 519
b181 259 50 287 80
b182 193 0 238 24
b183 318 173 357 206
b184 383 433 408 479
b185 309 24 343 51
b186 138 403 171 434
b187 520 266 558 302
b188 408 276 448 313
b189 306 196 318 240
b190 359 237 386 274
b191 226 456 260 472
b192 508 368 556 397
b193 176 111 193 144
b194 447 419 460 447
b195 483 357 496 390
b196 58 68 99 109
b197 216 514 253 542
b198 140 64 159 112
b199 189 145 225 176
b200 343 277 386 314
b201 478 37 507 63
b202 386 385 425 419
b203 25 46 40 74
b204 114 284 155 317
b205 458 357 479 372
b206 37 445 72 487
b207 355 421 383 454
b208 70 173 90 200
b209 395 0 440 36
b210 460 449 484 462
b211 159 118 175 130
b212 239 472 260 514
b213 408 36 440 50
b214 539 65 556 92
b215 102 372 123 401
b216 448 270 467 312
b217 150 170 170 218
b218 297 341 340 356
b219 347 83 375 101
b220 528 92 558 129
b221 373 332 386 377
b222 270 354 295 388
b223 132 499 154 518
b224 51 487 72 532
b225 347 45 394 83
b226 425 403 464 419
b227 450 41 463 73
b228 138 112 159 132
b229 192 513 216 561
b230 340 345 373 375
b231 290 224 306 254
b232 12 338 54 361
b233 412 500 428 513
b234 303 492 336 510
b235 97 42 143 64
b236 153 524 192 551
b237 164 300 204 321
b238 359 198 386 237
b239 114 317 154 339
b240 285 322 308 341
b241 202 456 226 469
b242 381 90 421 112
b243 521 199 558 233
b244 481 175 494 212
b245 460 425 496 449
b246 149 0 193 23
b247 386 349 425 385
b248 70 208 113 239
b249 101 141 136 168
b250 114 208 148 239
b251 496 450 539 484
b252 425 313 444 341
b253 248 195 261 210
b254 164 285 188 298
b255 99 94 138 141
b256 204 229 225 242
b257 80 320 113 337
b258 204 195 248 229
b259 306 240 318 266
b260 386 297 405 309
b261 114 239 126 284
b262 193 39 220 87
b263 53 384 100 430
b264 58 0 81 45
b265 25 189 70 204
b266 436 177 481 225
b267 318 243 357 277
b268 383 479 408 501
b269 344 101 381 119
b270 159 95 174 118
b271 237 386 261 428
b272 90 173 114 208
b273 357 177 387 198
b274 164 232 185 265
b275 173 371 195 399
b276 444 313 458 344
b277 54 372 101 384
b278 72 445 85 487
b279 25 204 68 243
b280 25 155 56 177
b281 480 233 498 263
b282 281 130 325 160
b283 343 332 358 345
b284 479 90 509 111
b285 12 0 25 33
b286 12 377 53 413
b287 301 290 343 311
b288 511 37 547 65
b289 478 0 511 37
b290 328 51 344 78
b291 222 428 265 456
b292 521 175 560 199
b293 222 91 241 134
b294 223 296 249 313
b295 164 321 207 334
b296 37 413 53 440
b297 454 519 485 557
b298 521 233 561 266
b299 83 487 96 500
