439378.75
569085.5
309672
552 561
217.021179
b0 340 117 355 144
b1 323 144 350 160
b2 28 0 50 26
b3 256 390 301 411
b4 434 42 479 82
b5 40 516 66 532
b6 260 316 298 343
b7 399 79 434 108
b8 181 60 217 81
b9 308 462 352 487
b10 76 190 91 221
b11 385 108 426 132
b12 66 45 83 64
b13 256 159 304 192
b14 202 277 223 321
b15 422 301 456 316
b16 167 490 212 532
b17 0 110 37 151
b18 423 202 467 245
b19 334 81 357 117
b20 115 324 128 341
b21 94 0 138 28
b22 499 0 534 29
b23 502 397 542 414
b24 138 29 162 47
b25 357 0 386 43
b26 439 98 457 125
b27 511 163 551 201
b28 171 157 195 169
b29 94 69 123 99
b30 224 91 252 111
b31 167 411 199 447
b32 502 378 524 397
b33 409 344 454 390
b34 269 547 298 559
b35 475 240 487 266
b36 343 310 370 340
b37 155 429 167 458
b38 199 236 220 255
b39 177 277 190 289
b40 261 459 280 506
b41 302 353 321 389
b42 331 487 377 512
b43 177 256 216 277
b44 0 396 27 420
b45 253 411 278 435
b46 301 251 320 264
b47 456 302 498 342
b48 421 316 455 344
b49 499 29 547 53
b50 171 97 190 111
b51 379 494 395 508
b52 217 44 235 81
b53 41 272 77 284
b54 190 81 224 111
b55 15 455 46 481
b56 312 294 343 340
b57 374 231 422 278
b58 280 453 305 478
b59 61 352 108 390
b60 259 113 275 152
b61 455 342 500 373
b62 171 111 207 157
b63 223 113 259 159
b64 136 98 169 113
b65 208 364 221 387
b66 46 434 91 476
b67 208 30 241 44
b68 146 349 174 394
b69 177 329 204 365
b70 409 475 454 491
b71 256 260 290 292
b72 62 256 94 271
b73 439 161 485 173
b74 235 516 269 559
b75 323 251 343 288
b76 387 192 423 231
b77 36 194 76 212
b78 0 316 42 332
b79 177 289 202 329
b80 0 435 15 471
b81 59 337 91 352
b82 304 193 343 217
b83 94 28 131 69
b84 67 476 101 514
b85 423 258 457 301
b86 36 212 75 256
b87 275 113 323 158
b88 123 69 167 98
b89 151 113 171 155
b90 465 101 511 125
b91 214 516 235 559
b92 500 333 547 378
b93 414 17 434 41
b94 122 455 153 474
b95 343 193 387 230
b96 223 341 256 387
b97 386 0 401 40
b98 485 267 498 302
b99 401 0 441 17
b100 50 0 94 45
b101 36 45 66 81
b102 0 484 40 520
b103 357 43 391 77
b104 342 39 356 81
b105 0 253 35 286
b106 487 0 499 33
b107 45 532 77 547
b108 454 490 491 528
b109 151 169 197 211
b110 167 451 209 490
b111 199 438 220 451
b112 77 271 102 301
b113 237 435 273 459
b114 500 299 544 333
b115 91 302 113 336
b116 209 451 237 470
b117 454 424 493 445
b118 467 202 511 240
b119 321 353 349 398
b120 0 217 36 253
b121 164 0 198 38
b122 39 332 59 375
b123 66 301 89 337
b124 94 159 129 190
b125 441 0 487 42
b126 280 478 302 490
b127 61 390 86 433
b128 374 313 402 357
b129 201 202 223 236
b130 379 431 409 457
b131 409 390 454 438
b132 345 167 384 185
b133 460 245 475 288
b134 130 302 177 336
b135 162 231 177 276
b136 169 60 181 97
b137 0 375 28 396
b138 280 411 308 453
b139 488 58 525 94
b140 426 108 438 151
b141 282 214 301 259
b142 252 48 289 75
b143 317 43 342 67
b144 212 470 227 510
b145 136 113 149 158
b146 502 414 550 447
b147 134 474 164 516
b148 135 429 155 447
b149 235 238 282 260
b150 409 491 440 514
b151 349 352 367 394
b152 120 396 139 412
b153 0 286 41 316
b154 113 302 130 324
b155 275 0 289 25
b156 198 14 226 30
b157 37 129 62 149
b158 275 25 288 48
b159 500 267 544 299
b160 438 82 465 98
b161 454 378 501 424
b162 91 455 122 473
b163 271 192 304 214
b164 511 94 552 130
b165 138 47 159 64
b166 0 76 36 110
b167 385 132 422 168
b168 487 159 511 200
b169 21 151 60 175
b170 92 190 137 219
b171 66 64 88 104
b172 207 142 220 169
b173 409 514 441 539
b174 235 48 251 91
b175 185 211 201 226
b176 223 260 256 298
b177 94 99 135 136
b178 29 175 46 194
b179 227 470 261 516
b180 502 471 542 490
b181 223 405 253 433
b182 42 284 66 329
b183 369 398 408 431
b184 137 231 162 277
b185 484 125 511 159
b186 28 403 61 434
b187 511 201 549 237
b188 409 438 449 475
b189 223 199 235 243
b190 297 79 334 106
b191 86 396 120 412
b192 439 173 487 202
b193 101 514 134 531
b194 457 288 485 301
b195 312 340 345 353
b196 368 357 409 398
b197 357 130 385 167
b198 73 142 92 190
b199 343 274 374 310
b200 223 298 260 341
b201 138 0 164 29
b202 323 0 357 39
b203 0 420 28 435
b204 304 160 345 193
b205 301 390 316 411
b206 102 260 137 302
b207 139 396 167 429
b208 94 240 121 260
b209 439 125 484 161
b210 75 221 88 245
b211 479 42 491 58
b212 269 526 311 547
b213 198 0 230 14
b214 323 117 340 144
b215 0 196 29 217
b216 402 301 421 343
b217 137 211 185 231
b218 208 321 223 364
b219 39 375 57 403
b220 379 457 409 494
b221 0 544 45 557
b222 241 23 275 48
b223 129 171 151 190
b224 0 151 21 196
b225 108 349 146 396
b226 121 219 137 258
b227 401 17 414 49
b228 269 506 290 526
b229 37 81 61 129
b230 290 264 323 294
b231 423 166 439 196
b232 94 136 136 159
b233 379 508 395 521
b234 223 387 256 405
b235 162 38 208 60
b236 352 447 379 486
b237 377 521 398 561
b238 487 240 526 267
b239 137 277 177 299
b240 465 82 488 101
b241 91 336 115 349
b242 260 294 300 316
b243 316 425 350 462
b244 423 245 460 258
b245 502 447 538 471
b246 374 278 418 301
b247 235 199 271 238
b248 91 412 122 455
b249 40 481 67 516
b250 174 365 208 396
b251 289 0 323 43
b252 223 180 251 199
b253 136 158 151 171
b254 60 149 73 173
b255 491 490 538 529
b256 28 434 41 455
b257 197 169 214 202
b258 331 512 375 546
b259 374 301 400 313
b260 349 340 368 352
b261 300 294 312 339
b262 321 398 369 425
b263 256 343 302 390
b264 230 0 275 23
b265 252 98 297 113
b266 454 445 502 490
b267 304 217 343 251
b268 177 231 199 256
b269 414 41 432 78
b270 174 396 197 411
b271 199 396 223 438
b272 0 520 35 544
b273 91 219 121 240
b274 223 159 256 180
b275 77 514 99 542
b276 207 111 221 142
b277 167 532 214 544
b278 130 336 172 349
b279 0 332 39 375
b280 0 43 22 74
b281 357 100 375 130
b282 343 230 373 274
b283 426 151 439 166
b284 391 49 412 79
b285 22 43 35 76
b286 290 490 331 526
b287 357 79 399 100
b288 289 43 317 79
b289 511 130 548 163
b290 352 431 379 447
b291 0 0 28 43
b292 384 168 423 192
b293 252 79 295 98
b294 46 175 72 192
b295 122 412 135 455
b296 35 256 62 272
b297 62 104 93 142
b298 101 474 134 514
b299 0 471 13 484
