449820.75
584920.5
314721
561 561
146.735997
b0 440 438 455 465
b1 384 447 411 463
b2 267 126 293 148
b3 386 177 431 198
b4 370 39 410 84
b5 46 167 72 183
b6 127 177 165 204
b7 420 229 449 264
b8 386 287 422 308
b9 144 19 169 63
b10 82 201 97 232
b11 318 532 359 556
b12 246 167 265 184
b13 374 414 422 447
b14 157 229 201 250
b15 141 285 156 319
b16 0 140 45 182
b17 463 376 504 413
b18 517 220 561 263
b19 167 250 203 273
b20 91 432 108 445
b21 72 237 100 281
b22 213 413 242 448
b23 374 84 414 101
b24 422 264 440 288
b25 310 102 339 145
b26 456 253 483 271
b27 401 508 439 548
b28 203 242 215 266
b29 127 204 157 233
b30 320 438 340 466
b31 46 66 78 102
b32 514 164 536 183
b33 243 386 288 432
b34 414 72 443 84
b35 465 351 491 363
b36 387 353 417 380
b37 411 447 440 459
b38 139 416 160 435
b39 156 324 168 337
b40 152 389 199 408
b41 281 278 300 314
b42 386 198 411 244
b43 246 107 267 146
b44 19 204 43 231
b45 422 414 447 438
b46 406 308 425 321
b47 457 492 497 534
b48 273 186 307 214
b49 190 460 214 508
b50 0 204 19 218
b51 340 459 356 473
b52 339 186 376 204
b53 0 386 12 422
b54 214 448 244 482
b55 72 327 103 353
b56 104 319 150 350
b57 443 50 491 97
b58 447 413 472 438
b59 165 125 203 172
b60 314 43 353 59
b61 72 281 117 312
b62 300 304 346 340
b63 339 102 385 138
b64 489 263 522 278
b65 248 216 271 229
b66 201 368 243 413
b67 272 39 305 53
b68 44 349 72 394
b69 389 326 425 353
b70 115 435 160 451
b71 156 498 188 532
b72 72 312 104 327
b73 488 34 534 46
b74 488 0 531 34
b75 379 380 416 400
b76 491 46 527 85
b77 379 515 397 555
b78 13 430 55 446
b79 244 498 284 523
b80 55 432 91 447
b81 107 416 139 431
b82 239 250 263 289
b83 273 53 314 90
b84 0 231 38 265
b85 318 0 352 43
b86 198 290 242 329
b87 0 0 48 45
b88 215 66 244 110
b89 95 0 115 42
b90 418 84 442 130
b91 445 0 488 21
b92 497 119 544 164
b93 0 114 24 134
b94 268 323 299 342
b95 244 523 288 560
b96 79 528 125 561
b97 213 329 253 344
b98 497 106 532 119
b99 303 429 320 469
b100 78 42 123 86
b101 523 263 559 293
b102 67 396 107 432
b103 89 86 123 120
b104 347 336 389 350
b105 86 495 121 528
b106 170 36 203 48
b107 170 110 202 125
b108 250 0 287 38
b109 336 204 382 246
b110 156 285 198 324
b111 24 127 45 140
b112 98 120 123 150
b113 117 280 141 316
b114 433 142 467 186
b115 72 167 94 201
b116 246 148 274 167
b117 314 81 353 102
b118 508 324 552 362
b119 419 369 447 414
b120 120 451 156 487
b121 60 133 98 167
b122 359 515 379 558
b123 44 394 67 430
b124 165 172 200 203
b125 0 45 46 87
b126 155 250 167 272
b127 0 268 43 293
b128 244 470 288 498
b129 435 474 457 508
b130 467 142 497 168
b131 107 368 152 416
b132 300 0 318 39
b133 325 395 340 438
b134 156 451 190 498
b135 170 71 215 86
b136 339 138 376 150
b137 43 328 71 349
b138 127 233 155 275
b139 273 90 310 126
b140 386 244 398 287
b141 334 372 379 391
b142 347 309 384 336
b143 98 191 123 215
b144 253 323 268 363
b145 0 446 13 491
b146 152 356 200 389
b147 300 340 342 370
b148 340 427 360 445
b149 470 231 517 253
b150 497 477 528 500
b151 78 477 120 495
b152 154 63 170 82
b153 360 485 401 515
b154 384 309 406 326
b155 0 100 25 114
b156 425 336 453 352
b157 283 445 303 470
b158 98 215 121 228
b159 470 181 514 213
b160 440 264 456 291
b161 386 131 433 177
b162 123 63 154 81
b163 425 291 458 313
b164 511 395 552 431
b165 353 39 370 60
b166 340 391 374 427
b167 455 438 492 474
b168 458 271 482 312
b169 244 445 283 469
b170 43 268 72 313
b171 347 350 387 372
b172 293 126 306 153
b173 248 184 273 216
b174 203 186 246 202
b175 431 186 446 202
b176 410 34 443 72
b177 0 293 41 330
b178 46 183 65 200
b179 399 0 445 34
b180 492 437 511 477
b181 214 482 244 510
b182 203 202 248 226
b183 43 204 82 237
b184 157 204 203 229
b185 411 202 445 229
b186 13 396 44 429
b187 453 313 489 351
b188 517 183 557 220
b189 340 447 384 459
b190 246 70 273 107
b191 203 226 237 242
b192 307 164 336 212
b193 432 352 465 369
b194 465 363 493 376
b195 386 0 399 33
b196 160 408 201 449
b197 208 510 236 547
b198 115 0 163 19
b199 125 487 156 523
b200 203 149 246 186
b201 98 165 127 191
b202 242 289 281 323
b203 43 313 71 328
b204 0 330 41 363
b205 353 84 374 99
b206 13 469 55 504
b207 15 363 43 396
b208 25 100 45 127
b209 339 150 384 186
b210 150 337 174 350
b211 443 34 455 50
b212 491 85 533 106
b213 258 38 272 70
b214 449 216 466 243
b215 123 132 144 161
b216 504 278 523 320
b217 188 508 208 556
b218 100 353 143 368
b219 48 38 66 66
b220 78 447 115 477
b221 374 400 419 413
b222 300 370 334 395
b223 382 463 401 485
b224 144 132 165 177
b225 48 0 95 38
b226 447 369 463 408
b227 467 168 499 181
b228 156 532 177 552
b229 215 242 239 290
b230 385 101 418 131
b231 274 153 304 169
b232 13 446 55 469
b233 489 278 502 294
b234 457 474 490 492
b235 0 182 46 204
b236 174 329 213 356
b237 248 229 288 250
b238 347 282 386 309
b239 123 110 163 132
b240 425 313 444 336
b241 0 422 13 446
b242 398 244 420 284
b243 288 395 325 429
b244 287 0 300 37
b245 472 413 508 437
b246 55 447 78 491
b247 347 246 386 282
b248 46 102 89 133
b249 100 228 127 263
b250 38 237 72 268
b251 401 463 435 506
b252 310 145 338 164
b253 98 150 111 165
b254 55 517 79 530
b255 211 0 250 47
b256 273 214 294 227
b257 274 169 307 186
b258 299 214 333 258
b259 345 506 357 532
b260 203 266 215 285
b261 155 273 200 285
b262 288 470 315 518
b263 300 258 347 304
b264 170 48 215 71
b265 123 82 168 97
b266 443 97 491 142
b267 352 0 386 39
b268 360 459 382 484
b269 470 213 507 231
b270 0 363 15 386
b271 170 86 212 110
b272 0 504 24 539
b273 288 524 318 545
b274 123 19 144 52
b275 125 523 153 545
b276 46 133 60 164
b277 201 413 213 460
b278 255 432 297 445
b279 203 110 246 149
b280 55 495 86 517
b281 315 506 345 524
b282 270 342 300 386
b283 417 353 432 366
b284 449 186 470 216
b285 123 97 156 110
b286 170 0 211 36
b287 314 60 356 81
b288 263 250 299 278
b289 511 362 548 395
b290 243 368 270 384
b291 72 353 100 396
b292 213 344 252 368
b293 215 47 258 66
b294 100 263 126 280
b295 0 87 43 100
b296 24 504 51 520
b297 523 293 561 324
b298 320 473 360 506
b299 242 432 255 445
