450294.5
585868
314721
561 561
224.537344
b0 400 77 427 92
b1 404 265 420 292
b2 346 0 372 22
b3 450 181 471 226
b4 179 117 224 157
b5 0 175 26 191
b6 249 329 287 356
b7 361 232 396 261
b8 76 305 112 326
b9 187 428 231 453
b10 349 285 380 300
b11 322 240 346 281
b12 207 0 224 19
b13 406 323 454 356
b14 454 318 498 339
b15 451 284 466 318
b16 24 437 66 482
b17 359 43 400 80
b18 405 159 449 202
b19 118 463 154 486
b20 66 476 83 489
b21 332 319 360 363
b22 317 34 346 69
b23 0 80 40 97
b24 380 285 404 303
b25 228 119 271 148
b26 420 268 447 286
b27 228 60 266 100
b28 36 397 60 409
b29 288 221 318 250
b30 386 133 414 153
b31 252 427 288 459
b32 514 164 536 183
b33 19 191 65 236
b34 400 22 412 51
b35 94 146 120 158
b36 449 151 476 181
b37 50 42 62 71
b38 36 378 57 397
b39 191 349 204 361
b40 187 457 234 476
b41 228 100 264 119
b42 504 360 550 385
b43 132 160 153 199
b44 0 133 24 160
b45 513 101 538 125
b46 384 80 397 99
b47 365 153 405 195
b48 243 148 277 176
b49 252 0 276 48
b50 107 424 121 443
b51 236 31 252 45
b52 245 250 282 268
b53 288 353 300 389
b54 282 178 316 208
b55 153 160 179 191
b56 45 141 76 187
b57 154 249 202 296
b58 504 335 529 360
b59 83 486 121 533
b60 288 280 304 319
b61 406 292 451 323
b62 96 183 132 229
b63 112 333 148 379
b64 446 503 479 518
b65 23 323 36 346
b66 494 461 539 503
b67 321 69 354 83
b68 43 498 71 543
b69 488 0 515 36
b70 96 0 112 45
b71 321 83 353 117
b72 107 392 122 424
b73 464 246 510 258
b74 0 258 43 292
b75 514 275 551 295
b76 189 213 228 249
b77 298 34 316 74
b78 24 421 66 437
b79 91 158 131 183
b80 0 523 15 559
b81 44 294 76 309
b82 366 369 390 408
b83 247 292 288 329
b84 184 50 222 84
b85 277 144 320 178
b86 504 385 548 424
b87 122 379 167 427
b88 321 151 365 180
b89 513 81 555 101
b90 412 0 458 24
b91 403 467 446 488
b92 514 183 561 228
b93 401 241 421 265
b94 24 292 43 323
b95 50 104 94 141
b96 332 363 365 409
b97 397 114 437 129
b98 514 262 549 275
b99 426 202 443 242
b100 512 36 556 81
b101 369 480 399 516
b102 0 380 36 420
b103 252 459 286 493
b104 346 240 360 282
b105 154 213 189 246
b106 50 71 62 104
b107 44 260 59 292
b108 361 195 399 232
b109 50 0 96 42
b110 412 24 451 66
b111 0 455 21 468
b112 193 187 223 212
b113 288 496 324 520
b114 298 0 342 34
b115 59 260 81 294
b116 217 500 245 519
b117 514 295 553 316
b118 141 116 179 160
b119 204 377 249 405
b120 288 520 324 556
b121 321 117 359 151
b122 142 512 185 532
b123 184 0 207 36
b124 154 477 185 512
b125 360 303 406 345
b126 36 409 58 421
b127 0 498 43 523
b128 96 45 140 73
b129 432 129 466 151
b130 529 316 555 346
b131 446 458 494 503
b132 304 280 322 319
b133 141 101 184 116
b134 66 429 100 476
b135 0 160 45 175
b136 65 187 77 224
b137 0 112 28 133
b138 112 305 154 333
b139 245 193 282 229
b140 451 226 463 269
b141 77 184 96 229
b142 439 518 466 555
b143 245 268 270 292
b144 228 148 243 188
b145 383 408 428 421
b146 324 496 357 544
b147 179 157 221 187
b148 437 106 455 126
b149 276 0 298 47
b150 416 507 439 538
b151 398 516 416 558
b152 384 22 400 41
b153 187 495 217 536
b154 249 376 271 393
b155 184 36 209 50
b156 224 15 252 31
b157 359 80 384 100
b158 225 47 248 60
b159 266 48 298 92
b160 359 133 386 149
b161 0 33 46 80
b162 100 443 118 474
b163 372 0 405 22
b164 288 460 329 496
b165 129 73 150 90
b166 72 326 108 360
b167 476 137 513 173
b168 360 261 401 285
b169 86 229 125 253
b170 204 348 249 377
b171 154 327 194 349
b172 282 208 309 221
b173 300 353 332 378
b174 228 188 244 231
b175 26 175 42 190
b176 359 100 397 133
b177 66 392 107 429
b178 0 191 19 208
b179 369 434 403 480
b180 399 488 439 507
b181 197 84 225 114
b182 480 363 504 408
b183 288 427 327 460
b184 403 421 428 467
b185 332 409 366 436
b186 0 349 33 380
b187 474 101 512 137
b188 508 424 548 461
b189 172 41 184 85
b190 322 282 349 319
b191 86 268 102 302
b192 463 53 492 101
b193 43 309 76 326
b194 464 408 492 421
b195 37 0 50 33
b196 142 0 183 41
b197 217 519 245 556
b198 187 476 235 495
b199 36 326 72 357
b200 202 249 245 286
b201 421 242 450 268
b202 249 393 288 427
b203 0 97 28 112
b204 288 394 329 427
b205 224 0 245 15
b206 245 519 280 561
b207 15 523 43 556
b208 249 356 276 376
b209 428 401 464 446
b210 365 345 378 369
b211 172 85 184 101
b212 132 239 153 281
b213 458 0 472 32
b214 539 461 556 488
b215 231 428 252 457
b216 245 500 287 519
b217 167 368 187 416
b218 76 141 91 184
b219 378 345 406 363
b220 0 0 37 30
b221 191 361 204 406
b222 271 119 305 144
b223 504 316 526 335
b224 121 486 142 531
b225 390 363 437 401
b226 513 125 529 164
b227 62 42 94 55
b228 28 97 49 117
b229 102 281 150 305
b230 288 250 321 280
b231 300 378 330 394
b232 204 405 246 428
b233 270 268 286 281
b234 476 173 509 191
b235 150 41 172 87
b236 142 532 181 559
b237 132 199 153 239
b238 399 202 426 241
b239 153 191 193 213
b240 463 227 486 246
b241 0 292 24 305
b242 427 66 449 106
b243 514 228 551 262
b244 322 227 359 240
b245 163 427 187 463
b246 0 305 23 349
b247 471 191 510 227
b248 154 296 197 327
b249 94 73 129 100
b250 66 360 100 391
b251 437 363 480 397
b252 455 101 474 129
b253 100 379 115 392
b254 102 268 126 281
b255 322 180 361 227
b256 464 258 485 271
b257 244 176 277 193
b258 464 424 508 458
b259 400 51 412 77
b260 298 74 317 86
b261 71 489 83 534
b262 271 92 319 119
b263 94 100 141 146
b264 202 325 247 348
b265 86 253 131 268
b266 466 271 514 316
b267 288 319 327 353
b268 400 92 425 114
b269 332 436 369 454
b270 28 117 43 140
b271 44 236 86 260
b272 0 420 24 455
b273 458 32 488 53
b274 33 357 66 378
b275 71 534 99 556
b276 154 463 185 477
b277 451 53 463 100
b278 0 208 13 250
b279 202 286 245 325
b280 13 236 44 258
b281 414 129 432 159
b282 112 0 142 44
b283 451 269 464 284
b284 354 22 384 43
b285 184 84 197 117
b286 122 427 163 463
b287 245 229 287 250
b288 466 518 494 554
b289 330 454 367 487
b290 209 31 236 47
b291 62 55 90 98
b292 454 339 493 363
b293 148 349 191 368
b294 366 408 383 434
b295 235 457 248 500
b296 24 482 51 498
b297 367 516 398 554
b298 494 503 534 536
b299 185 536 198 549
