445995.5
578951
313040
559 560
100.462019
b0 204 163 219 190
b1 203 147 230 163
b2 243 122 265 148
b3 512 263 557 284
b4 164 175 204 220
b5 0 362 26 378
b6 163 406 190 444
b7 409 41 438 76
b8 112 289 133 325
b9 49 431 74 475
b10 197 267 212 298
b11 111 363 135 404
b12 0 276 17 295
b13 121 452 169 485
b14 422 448 466 469
b15 406 207 421 241
b16 139 506 184 548
b17 441 235 478 276
b18 254 36 297 80
b19 207 124 243 147
b20 197 39 210 56
b21 31 120 59 164
b22 438 128 473 157
b23 344 80 361 120
b24 215 425 239 443
b25 472 29 515 58
b26 297 45 315 72
b27 430 325 470 363
b28 65 361 77 385
b29 164 278 194 307
b30 211 443 239 463
b31 268 216 300 252
b32 0 38 22 57
b33 77 175 123 220
b34 492 173 521 185
b35 391 362 417 374
b36 436 193 466 220
b37 197 220 209 249
b38 279 494 300 513
b39 0 181 13 193
b40 28 388 75 407
b41 315 41 334 77
b42 123 76 148 122
b43 164 154 203 175
b44 31 314 58 338
b45 430 300 454 325
b46 472 370 491 383
b47 473 79 515 119
b48 209 96 243 124
b49 430 276 478 300
b50 178 39 197 53
b51 358 463 374 477
b52 315 0 333 37
b53 79 451 91 487
b54 91 452 121 486
b55 31 283 57 314
b56 377 247 423 278
b57 512 284 559 332
b58 405 423 430 448
b59 112 251 159 289
b60 361 16 377 55
b61 351 179 382 224
b62 279 448 315 494
b63 222 213 268 249
b64 498 212 531 227
b65 209 227 222 250
b66 429 508 471 553
b67 164 90 178 123
b68 401 469 429 514
b69 498 185 534 212
b70 297 0 313 45
b71 361 77 395 109
b72 110 348 142 363
b73 178 90 190 136
b74 239 516 273 559
b75 264 160 284 197
b76 514 332 553 368
b77 197 298 215 338
b78 24 533 66 549
b79 515 126 555 151
b80 16 471 31 507
b81 79 499 111 514
b82 279 325 303 364
b83 432 0 469 41
b84 77 363 111 401
b85 358 478 401 512
b86 429 469 473 508
b87 118 0 166 45
b88 358 419 387 463
b89 430 423 472 443
b90 382 179 406 225
b91 0 57 21 100
b92 31 0 78 45
b93 208 76 232 96
b94 230 148 261 167
b95 515 82 552 126
b96 77 142 123 175
b97 423 220 463 235
b98 498 227 511 262
b99 515 42 532 82
b100 425 379 470 423
b101 0 100 30 136
b102 239 480 279 516
b103 78 0 112 34
b104 478 182 492 224
b105 79 242 112 277
b106 71 130 104 142
b107 95 404 127 419
b108 239 443 277 480
b109 222 167 264 213
b110 178 0 220 39
b111 66 539 79 560
b112 190 389 215 419
b113 215 389 239 425
b114 438 41 472 85
b115 77 220 111 242
b116 0 343 28 362
b117 251 338 272 377
b118 470 332 514 370
b119 382 374 410 419
b120 495 424 531 460
b121 339 251 377 285
b122 151 341 194 361
b123 215 296 251 319
b124 198 499 233 530
b125 251 80 297 122
b126 186 459 198 481
b127 67 514 110 539
b128 31 234 75 262
b129 473 396 495 430
b130 308 399 338 425
b131 385 278 430 326
b132 423 235 441 274
b133 262 252 277 295
b134 265 126 312 160
b135 315 425 330 470
b136 0 136 12 173
b137 31 262 59 283
b138 330 425 358 467
b139 312 210 349 246
b140 148 103 160 146
b141 12 136 31 181
b142 312 150 349 177
b143 454 300 478 325
b144 339 403 379 418
b145 184 481 197 526
b146 303 293 351 326
b147 278 406 308 448
b148 478 224 498 242
b149 215 274 262 296
b150 308 376 339 399
b151 303 358 345 376
b152 478 242 494 261
b153 262 295 303 325
b154 190 113 207 135
b155 113 333 138 347
b156 420 131 436 159
b157 197 338 217 363
b158 100 325 113 348
b159 377 33 409 77
b160 148 76 164 103
b161 361 109 408 155
b162 77 401 95 432
b163 387 0 409 33
b164 123 167 164 203
b165 197 250 218 267
b166 31 499 67 533
b167 436 157 473 193
b168 333 0 357 41
b169 79 67 118 91
b170 217 319 246 364
b171 27 431 49 471
b172 91 486 118 499
b173 376 512 401 544
b174 0 464 16 507
b175 148 146 163 162
b176 473 119 511 152
b177 28 347 65 388
b178 190 96 209 113
b179 31 45 77 79
b180 243 377 283 396
b181 408 103 438 131
b182 473 460 497 505
b183 312 177 351 210
b184 197 364 243 389
b185 351 285 385 312
b186 97 419 128 452
b187 512 227 550 263
b188 345 363 382 403
b189 59 120 71 164
b190 0 226 27 263
b191 163 307 179 341
b192 469 0 517 29
b193 110 515 127 548
b194 251 325 279 338
b195 351 312 384 325
b196 59 283 100 324
b197 273 516 310 544
b198 31 101 79 120
b199 495 393 531 424
b200 315 470 358 507
b201 395 77 424 103
b202 478 262 512 301
b203 13 378 28 406
b204 164 220 197 261
b205 374 463 395 478
b206 497 460 532 502
b207 401 514 429 547
b208 190 432 210 459
b209 250 0 295 36
b210 179 307 192 331
b211 408 131 420 147
b212 315 507 336 549
b213 303 344 335 358
b214 395 452 422 469
b215 118 486 139 515
b216 283 364 302 406
b217 52 164 72 212
b218 410 379 425 422
b219 303 326 331 344
b220 220 0 250 37
b221 65 348 110 361
b222 222 249 256 274
b223 75 432 97 451
b224 139 485 184 506
b225 301 246 339 293
b226 417 363 456 379
b227 515 29 547 42
b228 59 262 79 283
b229 31 475 79 499
b230 478 301 511 331
b231 357 0 387 16
b232 58 324 100 347
b233 472 383 488 396
b234 387 419 405 452
b235 31 212 77 234
b236 184 530 223 557
b237 336 512 376 533
b238 334 41 361 80
b239 31 79 71 101
b240 409 0 432 19
b241 41 407 54 431
b242 365 225 405 247
b243 357 326 391 363
b244 209 190 222 227
b245 277 252 301 288
b246 491 370 535 393
b247 391 326 430 362
b248 118 45 161 76
b249 0 429 27 464
b250 133 217 164 251
b251 438 85 472 128
b252 521 151 540 179
b253 138 333 151 348
b254 54 407 67 431
b255 239 396 278 443
b256 190 419 211 432
b257 164 261 197 278
b258 164 56 208 90
b259 466 193 478 219
b260 232 76 251 88
b261 127 515 139 560
b262 408 159 435 207
b263 297 80 344 126
b264 123 122 146 167
b265 13 181 28 226
b266 142 361 190 406
b267 220 37 254 76
b268 335 326 357 351
b269 164 136 201 154
b270 0 328 23 343
b271 312 126 354 150
b272 0 507 24 542
b273 112 220 133 250
b274 31 164 52 197
b275 13 407 41 429
b276 133 203 164 217
b277 166 0 178 47
b278 0 378 13 420
b279 79 91 122 130
b280 0 306 31 328
b281 473 152 491 182
b282 133 289 163 333
b283 354 155 369 168
b284 491 152 521 173
b285 0 193 13 226
b286 198 463 239 499
b287 473 58 515 79
b288 284 160 312 196
b289 78 34 115 67
b290 349 224 365 251
b291 135 406 163 449
b292 369 155 408 179
b293 268 197 311 216
b294 169 444 186 470
b295 17 263 30 306
b296 79 539 106 555
b297 0 0 31 38
b298 471 508 504 548
b299 0 263 13 276
