2973507.601562
3171943.5
1187586
306 3881
926.675591
b0 123 2165 150 2180
b1 66 1948 93 1964
b2 63 2079 85 2105
b3 70 3325 91 3370
b4 76 33 116 78
b5 182 380 198 406
b6 68 3552 106 3579
b7 68 2932 103 2961
b8 93 1948 114 1984
b9 76 1345 120 1370
b10 57 3422 72 3453
b11 61 1631 102 1655
b12 104 3171 121 3190
b13 119 1585 152 1633
b14 132 2358 176 2379
b15 52 2259 86 2274
b16 36 2967 81 3009
b17 123 2180 164 2217
b18 159 451 202 495
b19 64 2909 100 2932
b20 275 0 288 17
b21 110 3537 138 3581
b22 52 2230 87 2259
b23 194 321 234 338
b24 43 66 61 90
b25 61 1588 90 1631
b26 79 2610 106 2628
b27 30 3552 68 3592
b28 100 1984 124 1996
b29 189 1428 218 1458
b30 179 36 199 64
b31 61 1395 93 1431
b32 123 1238 142 1260
b33 107 1370 152 1416
b34 166 585 195 597
b35 117 18 129 44
b36 165 1842 192 1872
b37 43 1741 55 1770
b38 83 1929 104 1948
b39 70 3513 82 3526
b40 81 3466 100 3513
b41 87 2165 123 2184
b42 61 1370 107 1395
b43 197 785 236 806
b44 30 3422 57 3446
b45 57 3466 81 3491
b46 0 3823 19 3836
b47 76 1305 118 1345
b48 189 597 217 631
b49 128 2279 152 2327
b50 150 2011 169 2025
b51 124 1829 138 1845
b52 129 569 166 587
b53 0 2241 36 2253
b54 0 2291 30 2325
b55 130 2217 156 2248
b56 87 2248 133 2279
b57 115 3005 162 3053
b58 111 2804 136 2829
b59 76 1267 123 1305
b60 100 2976 139 2992
b61 215 255 246 300
b62 131 1975 177 2011
b63 79 2564 115 2610
b64 100 2961 133 2976
b65 101 78 114 101
b66 116 1118 158 1163
b67 117 763 131 796
b68 154 346 182 391
b69 30 1770 66 1797
b70 54 2185 70 2230
b71 42 2105 76 2137
b72 141 651 173 666
b73 64 3249 76 3295
b74 102 1551 145 1585
b75 183 1261 203 1298
b76 73 2437 112 2473
b77 30 3534 70 3552
b78 242 89 284 105
b79 154 321 194 346
b80 99 3216 135 3231
b81 115 2609 130 2641
b82 110 1214 149 1238
b83 153 878 190 919
b84 96 1874 130 1912
b85 130 2479 164 2522
b86 0 3636 39 3680
b87 230 182 275 230
b88 115 3053 144 3097
b89 112 2437 132 2479
b90 30 0 76 24
b91 87 2217 130 2238
b92 162 2938 207 2985
b93 116 844 136 868
b94 96 1810 127 1829
b95 81 3097 125 3134
b96 209 532 255 565
b97 61 1692 101 1707
b98 200 964 213 999
b99 125 3097 165 3114
b100 39 3636 83 3681
b101 75 1774 105 1810
b102 179 0 219 36
b103 123 1261 157 1295
b104 95 1678 137 1692
b105 64 3216 99 3249
b106 129 587 141 620
b107 43 1726 75 1741
b108 199 123 236 161
b109 133 2829 175 2875
b110 194 338 233 380
b111 146 403 159 424
b112 175 919 205 944
b113 79 2540 115 2564
b114 83 3595 117 3639
b115 36 3295 70 3317
b116 161 1823 189 1842
b117 136 919 175 940
b118 234 300 278 338
b119 96 1829 124 1874
b120 218 857 254 893
b121 127 1732 161 1770
b122 222 565 265 585
b123 59 3740 82 3776
b124 152 1344 183 1379
b125 86 2358 132 2400
b126 143 712 165 724
b127 99 2761 124 2804
b128 107 1454 151 1482
b129 131 1953 165 1975
b130 131 1927 161 1953
b131 102 1633 150 1678
b132 19 3823 37 3862
b133 207 700 222 743
b134 115 2641 149 2688
b135 104 1912 149 1927
b136 153 866 190 878
b137 52 2274 73 2302
b138 133 2875 175 2903
b139 86 2400 122 2437
b140 57 3491 69 3534
b141 0 3836 19 3881
b142 146 532 173 569
b143 138 2688 162 2713
b144 118 1692 133 1732
b145 115 2688 128 2733
b146 154 999 202 1032
b147 66 1810 96 1852
b148 200 944 218 964
b149 173 678 220 700
b150 128 2327 151 2358
b151 43 24 61 66
b152 36 3317 52 3336
b153 116 1072 157 1102
b154 30 2224 52 2241
b155 154 0 179 14
b156 76 3681 104 3697
b157 164 2379 184 2404
b158 156 2556 179 2569
b159 87 2133 131 2165
b160 83 3579 110 3595
b161 15 3776 61 3823
b162 172 700 203 718
b163 136 940 169 962
b164 72 3401 108 3442
b165 83 1912 104 1929
b166 61 1655 95 1691
b167 146 495 182 532
b168 69 2825 93 2866
b169 30 2185 54 2224
b170 180 406 209 451
b171 154 1032 176 1072
b172 202 999 229 1012
b173 141 680 166 712
b174 166 569 209 585
b175 63 1998 78 2014
b176 36 2572 69 2610
b177 61 1551 102 1588
b178 102 1585 119 1604
b179 130 2522 176 2556
b180 89 1227 108 1267
b181 63 2051 93 2079
b182 82 3513 127 3537
b183 85 1707 118 1746
b184 154 962 200 987
b185 66 1964 93 1998
b186 275 105 306 138
b187 0 2253 36 2291
b188 127 1770 164 1810
b189 101 1202 145 1214
b190 176 806 213 833
b191 108 3325 124 3359
b192 219 41 248 89
b193 93 2051 126 2068
b194 161 1810 189 1823
b195 93 1482 126 1495
b196 115 2568 156 2609
b197 76 2105 113 2133
b198 130 744 178 763
b199 179 182 210 218
b200 187 218 230 255
b201 103 2829 129 2858
b202 141 597 175 636
b203 115 2540 130 2568
b204 76 0 117 33
b205 176 785 197 800
b206 139 2903 181 2938
b207 219 13 252 41
b208 77 3171 104 3191
b209 114 3231 159 3267
b210 72 3442 85 3466
b211 106 2733 122 2745
b212 126 1482 147 1524
b213 36 2932 68 2946
b214 129 18 146 45
b215 36 2946 65 2967
b216 43 1707 85 1726
b217 42 2137 62 2185
b218 154 1413 197 1428
b219 187 255 215 273
b220 182 495 212 532
b221 117 699 130 744
b222 77 3191 111 3216
b223 179 161 201 180
b224 201 161 246 182
b225 107 1416 154 1454
b226 99 2745 138 2761
b227 130 712 143 744
b228 207 743 228 763
b229 117 651 141 699
b230 0 0 30 33
b231 36 2241 52 2271
b232 86 2279 128 2302
b233 52 2540 68 2553
b234 154 218 187 236
b235 117 798 139 844
b236 152 2248 179 2287
b237 149 2609 170 2649
b238 114 1163 141 1202
b239 136 844 176 866
b240 73 2473 96 2492
b241 262 0 275 24
b242 78 1998 100 2038
b243 39 3681 76 3715
b244 100 2992 137 3005
b245 230 230 266 254
b246 30 3592 53 3636
b247 175 2569 211 2608
b248 52 3370 95 3401
b249 93 1524 128 1551
b250 152 1379 183 1413
b251 199 89 242 123
b252 81 2961 100 2989
b253 0 3680 15 3693
b254 78 2038 102 2051
b255 118 1305 165 1344
b256 89 1214 110 1227
b257 136 866 153 899
b258 15 3740 59 3774
b259 70 3537 96 3549
b260 154 391 173 403
b261 89 78 101 123
b262 52 2492 79 2540
b263 157 1072 204 1118
b264 142 1238 187 1261
b265 129 636 174 651
b266 79 2492 124 2540
b267 81 3005 115 3044
b268 39 3715 61 3740
b269 117 0 154 18
b270 262 24 285 39
b271 190 833 232 857
b272 131 763 155 798
b273 159 403 180 433
b274 187 300 220 321
b275 85 1746 107 1774
b276 141 666 172 680
b277 30 1837 42 1884
b278 76 78 89 120
b279 64 2866 103 2909
b280 176 763 207 785
b281 69 2655 99 2673
b282 70 3295 114 3325
b283 30 24 43 39
b284 36 3401 66 3422
b285 64 3009 77 3042
b286 252 39 288 80
b287 69 2804 111 2825
b288 36 3009 64 3045
b289 81 3134 114 3171
b290 173 651 189 678
b291 36 2610 64 2653
b292 204 1012 228 1051
b293 36 2553 79 2572
b294 66 1852 83 1878
b295 219 0 262 13
b296 79 2628 95 2655
b297 116 962 154 993
b298 30 1797 63 1837
b299 161 1428 174 1441
