223688.34375
225691.5
205660
452 455
8.314153
b0 203 243 236 286
b1 382 0 447 37
b2 270 280 323 314
b3 24 0 61 67
b4 146 130 165 159
b5 230 189 269 238
b6 358 382 376 422
b7 146 163 186 185
b8 363 320 413 382
b9 239 0 280 16
b10 270 133 288 185
b11 0 330 59 369
b12 323 263 384 291
b13 182 0 239 48
b14 61 0 104 63
b15 385 59 444 111
b16 262 341 319 377
b17 0 67 44 133
b18 376 382 427 430
b19 270 185 320 216
b20 376 430 413 449
b21 270 216 320 280
b22 104 222 153 256
b23 248 138 268 187
b24 236 238 264 283
b25 198 347 252 386
b26 127 375 167 430
b27 360 198 425 223
b28 319 341 358 387
b29 425 164 449 226
b30 175 280 201 304
b31 175 304 201 338
b32 46 269 99 312
b33 363 65 385 100
b34 203 189 230 243
b35 137 280 175 311
b36 270 66 309 133
b37 388 111 448 131
b38 104 107 161 130
b39 44 108 99 160
b40 42 428 71 454
b41 264 314 319 341
b42 17 216 79 269
b43 0 269 46 330
b44 316 65 363 130
b45 175 338 198 382
b46 0 133 39 155
b47 376 226 441 259
b48 0 369 57 396
b49 335 0 382 65
b50 203 70 270 102
b51 165 106 203 163
b52 104 330 158 375
b53 104 0 125 43
b54 219 48 280 66
b55 320 229 376 263
b56 0 182 17 245
b57 104 312 151 330
b58 413 320 447 366
b59 57 378 94 428
b60 163 66 186 106
b61 425 131 448 164
b62 316 0 335 60
b63 280 0 316 45
b64 153 233 203 280
b65 43 160 100 216
b66 384 259 451 320
b67 320 185 360 229
b68 288 133 351 185
b69 100 375 127 429
b70 104 130 146 172
b71 217 433 281 455
b72 201 286 262 347
b73 363 131 424 198
b74 0 396 42 434
b75 280 45 308 64
b76 186 48 219 70
b77 125 0 182 66
b78 238 102 270 138
b79 44 67 104 108
b80 175 386 233 402
b81 323 291 363 341
b82 233 386 290 433
b83 71 428 93 444
b84 385 37 452 59
b85 363 111 388 131
b86 104 185 160 222
b87 160 189 199 233
b88 0 0 24 37
b89 0 155 38 182
b90 175 402 214 435
b91 104 256 137 312
b92 17 182 43 198
b93 203 102 238 167
b94 104 66 163 107
b95 166 435 217 454
b96 59 312 99 378
b97 99 430 166 447
b98 186 167 248 189
b99 290 387 356 436
