2222997.25
3319465.5
1126529
281 4009
931.905094
b0 57 2776 84 2791
b1 52 2717 79 2733
b2 39 2750 61 2776
b3 172 1400 193 1445
b4 114 1168 154 1213
b5 170 748 186 774
b6 138 1281 176 1308
b7 39 3942 74 3971
b8 83 2056 104 2092
b9 87 2838 131 2863
b10 52 1001 67 1032
b11 122 1622 163 1646
b12 46 3418 63 3437
b13 154 2262 187 2310
b14 132 229 176 250
b15 122 2526 156 2541
b16 73 1330 118 1372
b17 109 1079 150 1116
b18 120 2667 163 2711
b19 118 1830 154 1853
b20 151 586 164 603
b21 30 3637 58 3681
b22 105 3735 140 3764
b23 39 2733 79 2750
b24 62 3059 80 3083
b25 100 2409 129 2452
b26 135 1383 162 1401
b27 96 2593 134 2633
b28 45 3174 69 3186
b29 79 3261 108 3291
b30 118 1284 138 1312
b31 118 1312 150 1348
b32 24 3840 43 3862
b33 12 2776 57 2822
b34 58 1911 87 1923
b35 201 366 213 392
b36 78 1527 105 1557
b37 154 1797 166 1826
b38 52 982 73 1001
b39 58 2128 70 2141
b40 81 2928 100 2975
b41 111 1772 147 1791
b42 56 2183 102 2208
b43 132 207 171 228
b44 169 272 196 296
b45 67 1449 91 1474
b46 109 935 128 948
b47 128 953 170 993
b48 138 765 166 799
b49 57 2928 81 2976
b50 158 524 177 538
b51 168 0 182 16
b52 52 2221 89 2239
b53 21 3586 57 3598
b54 151 1038 181 1072
b55 30 1622 56 1653
b56 201 335 247 366
b57 124 1954 171 2002
b58 21 3276 46 3301
b59 108 3185 155 3223
b60 39 2563 78 2579
b61 78 1654 109 1699
b62 163 1364 209 1400
b63 77 3396 113 3442
b64 148 192 181 207
b65 79 2429 92 2452
b66 121 720 163 765
b67 182 0 196 33
b68 66 3519 94 3564
b69 84 2753 120 2780
b70 136 2262 152 2307
b71 118 3455 152 3487
b72 164 375 196 390
b73 42 3540 54 3586
b74 120 2633 163 2667
b75 105 850 125 887
b76 177 574 216 610
b77 158 556 198 574
b78 89 1511 131 1527
b79 133 3146 173 3171
b80 106 3519 142 3534
b81 177 524 192 556
b82 65 1874 104 1898
b83 43 3186 80 3227
b84 111 628 145 666
b85 148 149 182 192
b86 104 1874 143 1918
b87 71 887 116 935
b88 89 2244 118 2288
b89 72 2319 92 2361
b90 110 250 156 274
b91 87 2002 130 2023
b92 143 446 188 493
b93 66 3735 86 3759
b94 109 1036 140 1055
b95 153 112 197 149
b96 65 1747 111 1780
b97 83 2092 123 2107
b98 52 1524 65 1559
b99 71 518 111 535
b100 88 3042 132 3087
b101 124 1918 154 1954
b102 79 2717 119 2753
b103 71 935 105 969
b104 100 3171 142 3185
b105 45 3141 80 3174
b106 0 28 12 61
b107 16 3884 48 3899
b108 48 3884 85 3922
b109 130 1710 172 1756
b110 128 911 167 953
b111 66 2361 79 2382
b112 100 3677 130 3702
b113 24 3788 60 3812
b114 71 813 105 857
b115 102 2452 136 2474
b116 12 2822 40 2841
b117 71 0 110 21
b118 0 3971 44 4009
b119 52 2672 80 2717
b120 21 3240 57 3276
b121 57 2976 91 3014
b122 16 3922 59 3942
b123 103 2288 126 2324
b124 67 1476 98 1511
b125 56 2141 102 2183
b126 57 3261 79 3273
b127 58 1923 83 1966
b128 60 3809 104 3837
b129 169 250 203 272
b130 12 3214 42 3240
b131 40 3014 88 3059
b132 78 2593 96 2632
b133 153 0 168 43
b134 247 0 281 47
b135 177 77 222 92
b136 131 1156 168 1168
b137 24 3812 45 3840
b138 30 2319 72 2347
b139 102 2207 138 2244
b140 128 993 140 1036
b141 84 2793 103 2838
b142 137 375 164 412
b143 122 1646 146 1671
b144 131 1116 146 1156
b145 156 250 169 295
b146 58 3702 106 3735
b147 105 1540 135 1582
b148 57 2791 75 2811
b149 171 207 218 229
b150 103 2324 126 2355
b151 40 3099 58 3141
b152 100 3087 116 3106
b153 140 993 181 1023
b154 30 0 52 17
b155 113 3351 138 3365
b156 116 3130 144 3146
b157 80 3087 100 3112
b158 56 2208 79 2221
b159 78 1622 122 1654
b160 110 274 137 290
b161 45 3837 91 3884
b162 126 2244 157 2262
b163 46 3497 79 3519
b164 66 2452 102 2493
b165 71 535 92 552
b166 80 1116 114 1152
b167 65 1780 101 1817
b168 80 2672 104 2713
b169 30 2347 54 2386
b170 92 700 121 745
b171 40 3059 62 3099
b172 105 1527 132 1540
b173 117 2780 142 2812
b174 132 1348 175 1364
b175 130 1756 145 1772
b176 146 1116 179 1154
b177 80 1247 121 1284
b178 181 774 198 793
b179 92 666 138 700
b180 156 335 175 375
b181 0 0 30 28
b182 154 1168 199 1192
b183 110 446 143 485
b184 57 3371 103 3396
b185 137 412 164 446
b186 12 3181 43 3214
b187 30 3735 66 3773
b188 105 1582 142 1622
b189 155 2711 199 2723
b190 87 1918 124 1945
b191 210 610 226 644
b192 102 2159 131 2207
b193 100 3146 133 3163
b194 52 969 80 982
b195 84 2780 117 2793
b196 147 1756 188 1797
b197 152 1247 189 1275
b198 124 603 172 622
b199 138 684 169 720
b200 163 2310 206 2347
b201 89 1372 115 1401
b202 30 3598 64 3637
b203 88 3014 103 3042
b204 87 2023 128 2056
b205 0 3240 21 3255
b206 64 3591 106 3626
b207 91 2107 124 2135
b208 39 2386 66 2406
b209 60 3773 105 3809
b210 39 2579 52 2603
b211 73 1372 89 1384
b212 63 3455 84 3497
b213 122 2512 154 2526
b214 91 1449 108 1476
b215 80 969 109 990
b216 58 3677 100 3696
b217 78 1699 98 1747
b218 167 720 210 735
b219 138 666 166 684
b220 88 2512 118 2549
b221 203 229 216 274
b222 110 493 144 518
b223 94 3455 116 3474
b224 21 3519 66 3540
b225 102 2474 149 2512
b226 0 3942 39 3958
b227 203 274 216 306
b228 79 2409 100 2429
b229 79 2361 103 2409
b230 0 3598 30 3631
b231 64 3626 80 3656
b232 166 622 208 645
b233 132 30 148 43
b234 80 3626 113 3644
b235 80 1284 102 1330
b236 12 2386 39 2425
b237 21 3540 42 3580
b238 109 1671 136 1710
b239 111 564 151 586
b240 132 1364 155 1383
b241 102 2135 115 2159
b242 30 1653 52 1693
b243 182 149 219 183
b244 52 1511 89 1524
b245 116 887 152 911
b246 168 33 191 77
b247 57 3332 93 3371
b248 158 493 201 524
b249 30 1559 65 1586
b250 121 1247 152 1281
b251 57 3227 100 3261
b252 52 0 71 28
b253 167 735 182 748
b254 0 3631 24 3644
b255 156 296 203 335
b256 130 2002 151 2015
b257 114 1116 131 1149
b258 114 1213 158 1247
b259 151 574 177 586
b260 111 1710 130 1722
b261 106 3474 118 3519
b262 73 1401 100 1449
b263 111 518 158 564
b264 115 2135 160 2158
b265 104 2056 149 2071
b266 92 765 137 813
b267 111 1791 145 1830
b268 110 0 132 25
b269 101 1856 138 1874
b270 30 3773 53 3788
b271 109 1055 151 1079
b272 153 77 177 112
b273 132 0 153 30
b274 58 2107 91 2128
b275 66 2493 88 2521
b276 66 2549 97 2563
b277 75 2838 87 2885
b278 111 586 124 628
b279 116 3087 155 3130
b280 46 3396 77 3418
b281 175 1308 205 1326
b282 78 2563 122 2593
b283 140 1023 153 1038
b284 103 2863 133 2884
b285 65 1524 78 1557
b286 79 3291 115 3332
b287 64 3656 106 3677
b288 30 1586 58 1622
b289 105 813 138 850
b290 0 3644 16 3671
b291 75 2885 103 2928
b292 78 2633 102 2672
b293 93 3332 136 3351
b294 101 1830 118 1856
b295 77 3442 120 3455
b296 66 3564 82 3591
b297 52 2288 90 2319
b298 12 3141 45 3181
b299 65 1898 78 1911
