236788.890625
240096
207025
455 455
7.474888
b0 245 131 288 164
b1 0 0 65 37
b2 288 204 322 257
b3 57 290 94 357
b4 0 351 29 370
b5 308 156 357 195
b6 67 57 107 75
b7 282 362 322 384
b8 305 260 367 310
b9 140 388 181 404
b10 376 88 394 140
b11 383 298 442 337
b12 351 382 379 443
b13 185 388 242 436
b14 132 120 175 183
b15 280 0 339 52
b16 394 357 451 393
b17 179 118 245 162
b18 242 386 290 437
b19 140 316 171 366
b20 322 195 359 214
b21 67 149 131 199
b22 406 261 455 295
b23 394 337 443 357
b24 245 47 273 92
b25 329 310 383 349
b26 132 65 172 120
b27 67 75 132 100
b28 117 404 163 443
b29 394 393 418 455
b30 408 59 432 85
b31 67 100 101 126
b32 132 183 175 236
b33 163 404 185 439
b34 232 298 286 325
b35 129 236 167 267
b36 0 171 67 210
b37 288 144 308 204
b38 117 316 140 373
b39 171 289 226 341
b40 0 370 29 396
b41 0 268 55 295
b42 67 199 129 252
b43 237 221 283 282
b44 215 0 280 47
b45 67 126 111 149
b46 94 306 116 345
b47 329 349 394 382
b48 29 351 56 408
b49 132 0 179 65
b50 0 98 67 130
b51 359 156 397 213
b52 228 341 282 386
b53 175 200 196 243
b54 171 271 232 289
b55 320 122 376 156
b56 288 257 305 320
b57 196 200 214 247
b58 322 214 356 260
b59 273 52 323 89
b60 245 108 285 131
b61 323 52 356 75
b62 359 0 419 19
b63 179 0 215 45
b64 121 269 171 316
b65 0 295 57 351
b66 290 384 351 451
b67 408 19 452 59
b68 356 25 408 88
b69 94 252 121 306
b70 287 320 329 362
b71 0 418 64 440
b72 56 357 117 418
b73 0 37 67 98
b74 179 162 221 200
b75 273 89 301 108
b76 167 247 200 269
b77 221 164 287 221
b78 288 108 320 144
b79 0 227 60 268
b80 226 325 284 341
b81 356 214 406 254
b82 171 341 228 388
b83 140 366 162 382
b84 65 0 132 22
b85 339 0 359 25
b86 397 88 434 144
b87 367 254 406 298
b88 200 247 237 271
b89 67 252 94 290
b90 64 418 103 451
b91 320 89 376 122
b92 237 282 263 298
b93 67 22 132 57
b94 0 130 59 171
b95 397 144 416 195
b96 406 195 446 261
b97 0 210 67 227
b98 179 96 241 118
b99 179 47 245 96
