1271458.5
1859811
683106
257 2658
179.960641
b0 24 1705 60 1721
b1 97 911 116 950
b2 0 2454 41 2489
b3 116 911 134 958
b4 181 380 207 412
b5 97 2097 132 2128
b6 119 1240 148 1253
b7 87 1902 115 1923
b8 12 2621 44 2636
b9 60 1705 106 1739
b10 54 1923 99 1955
b11 77 2440 91 2476
b12 61 2061 97 2103
b13 99 1923 147 1968
b14 96 522 111 547
b15 163 177 208 223
b16 0 2636 18 2658
b17 54 1783 87 1809
b18 0 2489 34 2508
b19 61 1240 91 1252
b20 125 1755 153 1788
b21 34 2546 78 2585
b22 87 1850 113 1889
b23 96 568 136 593
b24 61 1162 86 1177
b25 71 829 107 865
b26 22 2163 65 2188
b27 68 1499 102 1514
b28 131 726 177 764
b29 52 774 64 811
b30 94 781 111 808
b31 91 440 128 456
b32 171 1589 194 1621
b33 64 865 82 901
b34 159 336 178 374
b35 74 2103 89 2136
b36 24 1382 52 1394
b37 89 1101 105 1122
b38 145 1968 178 1994
b39 114 1828 144 1870
b40 92 1361 120 1402
b41 87 1739 103 1755
b42 52 1636 71 1680
b43 177 254 217 288
b44 92 1304 119 1320
b45 122 629 136 666
b46 61 2378 109 2393
b47 87 1402 110 1416
b48 96 496 120 522
b49 134 593 174 624
b50 129 0 162 42
b51 97 992 124 1040
b52 34 2311 61 2348
b53 91 1240 108 1258
b54 103 1739 146 1755
b55 124 666 137 712
b56 111 543 133 568
b57 162 0 181 48
b58 68 1328 87 1369
b59 61 1258 107 1304
b60 67 2254 97 2289
b61 82 1518 115 1552
b62 97 1040 134 1085
b63 94 2343 109 2378
b64 177 288 224 336
b65 227 137 257 170
b66 148 223 179 254
b67 91 287 135 324
b68 68 1475 103 1499
b69 120 477 139 515
b70 82 1552 118 1566
b71 116 958 158 992
b72 109 385 143 418
b73 50 2216 68 2254
b74 137 1269 166 1287
b75 61 2136 84 2163
b76 96 627 110 639
b77 103 1788 127 1804
b78 181 0 207 43
b79 129 152 148 189
b80 61 954 75 969
b81 22 1783 54 1803
b82 65 2183 97 2216
b83 52 737 71 774
b84 128 440 171 477
b85 97 2140 145 2177
b86 68 1304 92 1328
b87 159 1570 204 1589
b88 24 0 52 43
b89 110 1402 122 1437
b90 114 1804 159 1828
b91 71 1636 115 1664
b92 104 2202 146 2226
b93 71 808 114 829
b94 109 694 124 710
b95 61 929 97 954
b96 41 2466 66 2511
b97 120 515 145 543
b98 102 2393 118 2419
b99 67 2323 104 2343
b100 118 1085 145 1110
b101 141 764 181 812
b102 87 1437 112 1475
b103 113 1870 145 1902
b104 52 1680 88 1705
b105 135 287 177 318
b106 162 68 196 107
b107 109 424 154 440
b108 146 1558 179 1570
b109 0 2508 12 2530
b110 22 2254 66 2277
b111 141 834 159 847
b112 91 324 109 370
b113 115 1518 158 1546
b114 52 0 91 19
b115 24 929 61 959
b116 94 739 131 781
b117 54 1967 78 2004
b118 22 2004 61 2039
b119 135 318 159 354
b120 94 694 109 739
b121 94 2016 126 2061
b122 124 992 167 1022
b123 41 2511 54 2546
b124 143 385 156 424
b125 65 1608 83 1636
b126 52 901 90 929
b127 147 1828 171 1850
b128 162 115 198 140
b129 97 865 141 911
b130 24 1304 68 1349
b131 176 843 212 863
b132 91 0 129 16
b133 75 954 89 966
b134 89 1085 118 1101
b135 84 1566 99 1603
b136 0 0 24 19
b137 75 1144 97 1162
b138 217 115 247 137
b139 61 2343 94 2374
b140 99 1144 111 1160
b141 34 2420 59 2454
b142 87 1804 114 1850
b143 181 336 227 380
b144 52 19 77 48
b145 77 593 122 627
b146 34 2277 67 2311
b147 135 354 147 385
b148 65 1514 82 1539
b149 141 812 163 834
b150 61 2103 74 2133
b151 207 0 223 27
b152 129 254 162 287
b153 54 1955 94 1967
b154 24 1739 66 1783
b155 205 115 217 128
b156 65 1566 84 1608
b157 96 2128 138 2140
b158 22 2188 50 2205
b159 97 2061 121 2097
b160 122 593 134 629
b161 77 496 96 527
b162 146 1546 176 1558
b163 196 68 242 115
b164 49 2393 81 2420
b165 24 1349 65 1382
b166 41 2454 77 2466
b167 109 712 156 726
b168 97 2177 134 2202
b169 77 666 123 694
b170 148 1022 170 1067
b171 86 1206 121 1240
b172 181 43 212 68
b173 75 1122 117 1144
b174 77 2420 102 2440
b175 129 140 163 152
b176 114 781 134 797
b177 163 812 184 843
b178 139 477 159 493
b179 92 1320 137 1361
b180 77 627 96 648
b181 34 2348 49 2390
b182 134 911 167 923
b183 78 2511 115 2527
b184 121 2061 141 2080
b185 86 1162 99 1206
b186 99 1968 112 2016
b187 0 19 22 43
b188 91 456 115 496
b189 65 2163 96 2183
b190 67 2289 104 2323
b191 163 140 205 177
b192 103 1755 125 1783
b193 103 1475 145 1518
b194 52 694 94 737
b195 34 2585 59 2621
b196 119 1253 158 1269
b197 66 2476 113 2511
b198 117 1110 139 1150
b199 0 2277 34 2317
