549624.1367188
576035.5
311922
558 559
196.680506
b0 423 359 438 386
b1 305 323 332 339
b2 201 79 227 101
b3 124 423 169 444
b4 126 179 171 219
b5 0 156 26 172
b6 296 0 323 38
b7 529 233 558 268
b8 337 199 373 220
b9 0 194 44 219
b10 171 133 202 148
b11 221 146 245 187
b12 202 130 221 147
b13 173 264 206 312
b14 500 402 544 423
b15 389 322 423 337
b16 0 219 42 264
b17 271 269 308 310
b18 346 380 389 424
b19 221 202 257 225
b20 36 76 53 89
b21 193 163 221 207
b22 78 193 113 222
b23 259 341 299 358
b24 111 135 129 159
b25 228 79 271 108
b26 456 231 483 249
b27 228 108 268 146
b28 97 160 121 172
b29 211 0 241 29
b30 119 34 139 62
b31 36 108 72 140
b32 143 42 165 61
b33 214 343 259 389
b34 32 476 61 488
b35 479 254 491 280
b36 473 338 503 365
b37 46 270 75 282
b38 126 109 147 128
b39 304 116 316 129
b40 182 392 201 439
b41 124 490 160 509
b42 0 264 46 289
b43 452 117 473 156
b44 38 518 65 542
b45 371 466 396 490
b46 50 489 69 502
b47 503 338 545 378
b48 187 473 221 501
b49 76 111 124 135
b50 300 38 314 57
b51 87 379 103 393
b52 527 75 545 112
b53 454 89 490 101
b54 306 188 336 222
b55 46 244 77 270
b56 271 85 317 116
b57 260 222 308 269
b58 346 463 371 488
b59 0 500 38 547
b60 374 261 413 277
b61 423 398 454 443
b62 433 254 479 290
b63 352 319 388 365
b64 107 539 140 554
b65 156 392 179 405
b66 461 484 503 529
b67 425 0 458 14
b68 456 176 501 204
b69 389 374 416 410
b70 358 60 374 105
b71 492 0 524 34
b72 305 173 337 188
b73 458 44 504 56
b74 284 524 327 558
b75 423 443 460 463
b76 221 225 260 261
b77 276 420 294 460
b78 0 385 42 401
b79 323 0 348 40
b80 43 434 58 470
b81 65 140 97 155
b82 500 378 539 402
b83 516 34 553 75
b84 44 191 78 229
b85 380 432 423 466
b86 505 465 549 504
b87 173 207 221 252
b88 271 38 300 82
b89 505 423 525 465
b90 260 198 306 222
b91 206 501 227 544
b92 126 62 171 109
b93 382 137 406 157
b94 335 488 366 507
b95 348 0 392 37
b96 271 116 304 162
b97 347 365 387 380
b98 443 219 456 254
b99 267 497 284 537
b100 461 439 505 484
b101 107 509 143 539
b102 0 305 40 341
b103 337 165 371 199
b104 138 254 152 296
b105 454 56 489 89
b106 392 0 425 12
b107 0 485 32 500
b108 405 466 442 504
b109 129 133 171 179
b110 374 277 413 319
b111 0 101 13 122
b112 241 0 271 25
b113 417 66 453 90
b114 458 0 492 44
b115 61 467 95 489
b116 300 57 319 85
b117 211 29 250 50
b118 491 254 529 298
b119 96 442 124 487
b120 518 155 554 191
b121 100 254 138 288
b122 0 401 20 444
b123 0 78 36 101
b124 78 222 113 253
b125 374 157 420 199
b126 38 488 50 510
b127 77 299 120 324
b128 374 199 418 227
b129 277 386 299 420
b130 294 461 324 487
b131 156 344 201 392
b132 362 424 380 463
b133 214 328 257 343
b134 96 0 143 34
b135 74 52 119 67
b136 173 252 210 264
b137 82 172 110 193
b138 114 365 156 393
b139 490 80 527 116
b140 473 141 516 153
b141 252 269 271 314
b142 300 487 327 524
b143 489 56 514 80
b144 172 473 187 513
b145 201 343 214 388
b146 404 14 452 47
b147 103 393 145 423
b148 246 441 266 459
b149 531 268 553 315
b150 308 292 331 323
b151 113 236 155 254
b152 145 405 164 421
b153 0 444 30 485
b154 506 207 523 229
b155 97 135 111 160
b156 218 431 246 447
b157 214 308 239 328
b158 147 109 160 132
b159 420 117 452 161
b160 501 153 517 180
b161 299 341 346 387
b162 74 34 105 52
b163 352 220 374 253
b164 0 37 36 78
b165 113 219 134 236
b166 0 122 36 156
b167 299 424 335 461
b168 473 117 514 141
b169 339 126 363 165
b170 199 50 244 79
b171 0 172 40 194
b172 221 189 248 202
b173 138 296 170 321
b174 352 272 368 315
b175 42 229 58 244
b176 58 434 96 467
b177 33 0 74 37
b178 363 138 382 155
b179 172 513 206 559
b180 405 504 424 544
b181 246 413 276 441
b182 503 504 548 528
b183 319 52 358 85
b184 454 414 500 439
b185 420 90 454 117
b186 40 333 73 364
b187 471 302 509 338
b188 246 460 286 497
b189 308 222 352 234
b190 456 204 493 231
b191 118 331 134 365
b192 143 509 172 557
b193 201 404 218 437
b194 227 531 240 559
b195 169 405 182 438
b196 376 96 417 137
b197 259 358 296 386
b198 227 483 246 531
b199 178 312 214 343
b200 299 387 342 424
b201 202 101 228 130
b202 308 234 347 268
b203 71 393 99 408
b204 319 85 352 126
b205 214 389 235 404
b206 523 191 558 233
b207 420 161 453 189
b208 244 50 264 77
b209 260 162 305 198
b210 449 347 473 360
b211 504 34 516 50
b212 327 537 369 558
b213 286 487 300 519
b214 501 180 518 207
b215 95 487 124 508
b216 442 463 461 505
b217 453 156 501 176
b218 245 146 260 189
b219 218 413 246 431
b220 374 66 411 96
b221 113 172 126 217
b222 271 0 296 34
b223 352 253 374 272
b224 246 497 267 542
b225 214 261 252 308
b226 346 424 362 463
b227 305 160 337 173
b228 413 275 433 296
b229 423 323 471 347
b230 420 189 453 219
b231 454 101 484 117
b232 143 0 166 42
b233 50 502 63 518
b234 525 423 543 456
b235 78 253 100 299
b236 36 37 63 76
b237 152 256 173 296
b238 517 116 544 155
b239 171 163 193 203
b240 420 219 443 238
b241 41 140 65 153
b242 509 298 531 338
b243 389 337 423 374
b244 420 238 433 275
b245 221 447 245 483
b246 134 321 178 344
b247 454 378 493 414
b248 0 341 31 384
b249 44 364 71 399
b250 305 129 339 160
b251 171 439 214 473
b252 96 423 124 442
b253 26 156 41 169
b254 63 84 76 108
b255 366 490 405 537
b256 31 364 44 385
b257 63 67 96 84
b258 40 289 74 333
b259 423 347 449 359
b260 423 386 442 398
b261 314 40 359 52
b262 257 314 305 341
b263 124 444 171 490
b264 359 37 404 60
b265 171 148 216 163
b266 166 0 211 48
b267 374 227 413 261
b268 389 410 414 432
b269 155 219 173 256
b270 20 401 35 424
b271 235 389 277 413
b272 42 399 66 434
b273 430 302 460 323
b274 160 112 193 133
b275 66 408 94 430
b276 332 292 346 323
b277 433 290 480 302
b278 30 434 43 476
b279 75 324 118 363
b280 74 0 96 31
b281 442 360 472 378
b282 96 67 126 111
b283 493 207 506 222
b284 171 91 201 112
b285 363 105 376 138
b286 41 155 82 191
b287 483 233 525 254
b288 327 507 363 535
b289 0 0 33 37
b290 87 363 114 379
b291 171 48 199 91
b292 308 268 347 292
b293 404 47 447 66
b294 413 296 430 322
b295 120 288 133 331
b296 0 289 27 305
b297 69 508 107 539
b298 424 505 457 545
b299 74 363 87 376
