2869481.054688
3086662.5
914848
253 3616
879.167698
b0 126 3203 153 3218
b1 0 2246 27 2262
b2 231 0 253 26
b3 95 881 116 926
b4 104 1639 144 1684
b5 72 0 88 26
b6 59 1078 97 1105
b7 96 2699 131 2728
b8 63 2911 84 2947
b9 56 3362 100 3387
b10 63 3001 78 3032
b11 96 1002 137 1026
b12 73 1658 90 1677
b13 66 1294 99 1342
b14 144 80 188 101
b15 111 459 145 474
b16 92 3260 137 3302
b17 55 2699 96 2736
b18 70 1250 113 1294
b19 145 412 181 435
b20 46 3158 59 3175
b21 27 2297 55 2341
b22 0 3548 35 3577
b23 126 642 166 659
b24 44 3275 62 3299
b25 63 2958 92 3001
b26 100 1071 127 1089
b27 13 1459 51 1499
b28 62 3350 86 3362
b29 97 642 126 672
b30 59 2759 79 2787
b31 59 1105 91 1141
b32 94 1857 113 1879
b33 54 3448 99 3494
b34 145 2300 174 2312
b35 93 3119 105 3145
b36 79 3048 106 3078
b37 72 667 84 696
b38 51 1694 72 1713
b39 126 1404 138 1417
b40 138 2172 157 2219
b41 181 404 217 423
b42 91 1684 137 1709
b43 95 1618 134 1639
b44 149 247 176 271
b45 113 1173 137 1198
b46 69 2290 88 2303
b47 44 3387 86 3427
b48 91 2620 119 2654
b49 120 1343 144 1391
b50 72 475 91 489
b51 99 2592 113 2608
b52 137 1148 174 1166
b53 177 119 213 131
b54 139 1870 169 1904
b55 85 2525 111 2556
b56 158 873 204 904
b57 72 719 119 767
b58 72 642 97 667
b59 43 3533 90 3571
b60 72 459 111 475
b61 91 1709 122 1754
b62 114 2323 160 2359
b63 131 163 167 209
b64 92 3241 125 3256
b65 95 767 108 790
b66 51 1791 93 1836
b67 35 3583 49 3616
b68 139 1785 167 1830
b69 99 2114 135 2141
b70 152 474 168 519
b71 124 1026 158 1058
b72 39 3518 71 3533
b73 59 38 71 84
b74 13 2212 56 2246
b75 52 2139 72 2176
b76 166 318 205 354
b77 91 624 131 642
b78 27 2246 69 2262
b79 27 2853 67 2878
b80 13 1499 49 1514
b81 145 380 160 412
b82 13 2188 52 2212
b83 79 2759 116 2800
b84 185 42 219 80
b85 59 3158 93 3201
b86 71 926 110 970
b87 94 1809 139 1857
b88 162 1182 191 1226
b89 119 2003 139 2045
b90 131 127 177 151
b91 158 1830 201 1851
b92 79 3001 124 3048
b93 103 1226 123 1250
b94 73 1639 104 1658
b95 72 1754 116 1791
b96 189 904 235 937
b97 100 1119 140 1134
b98 13 1529 26 1564
b99 51 1677 91 1694
b100 88 2382 132 2427
b101 72 1927 102 1963
b102 109 209 149 245
b103 27 2819 61 2853
b104 205 80 247 94
b105 153 840 188 873
b106 60 2028 72 2061
b107 27 2759 59 2774
b108 160 366 197 404
b109 69 2228 111 2274
b110 131 1711 170 1753
b111 93 2902 106 2923
b112 168 2104 198 2129
b113 124 2925 160 2949
b114 80 1554 114 1598
b115 144 1343 178 1365
b116 69 2427 97 2446
b117 54 3427 93 3448
b118 160 2925 204 2963
b119 49 1963 77 2008
b120 111 2228 147 2264
b121 196 131 230 169
b122 36 2008 79 2028
b123 49 1925 72 1961
b124 66 1342 97 1377
b125 185 0 231 42
b126 150 151 172 163
b127 71 970 96 1013
b128 93 3387 137 3415
b129 111 2264 145 2286
b130 144 101 174 127
b131 107 3302 155 3347
b132 69 2620 87 2659
b133 93 3162 108 3205
b134 140 271 174 318
b135 91 574 136 589
b136 160 354 197 366
b137 92 2958 113 2986
b138 85 2497 127 2525
b139 55 2659 91 2696
b140 26 2100 38 2143
b141 91 2654 110 2699
b142 111 2286 138 2323
b143 132 706 156 731
b144 99 2188 114 2228
b145 131 0 144 45
b146 44 3242 92 3275
b147 197 354 227 396
b148 95 1598 113 1618
b149 75 3494 122 3516
b150 168 474 191 505
b151 49 1851 67 1893
b152 79 1982 95 2001
b153 111 474 152 504
b154 118 2427 140 2444
b155 133 1134 158 1148
b156 69 2274 97 2290
b157 39 38 59 63
b158 84 706 107 719
b159 119 2045 163 2077
b160 162 1166 189 1182
b161 0 2878 46 2925
b162 67 1879 98 1897
b163 91 589 124 611
b164 88 295 124 336
b165 90 3516 111 3533
b166 92 3205 126 3241
b167 138 2613 174 2650
b168 46 3201 70 3242
b169 36 2028 60 2067
b170 51 1459 80 1504
b171 111 504 133 544
b172 114 2882 141 2895
b173 131 1753 156 1785
b174 70 1173 113 1189
b175 0 3577 15 3593
b176 39 0 72 38
b177 144 0 185 37
b178 188 80 205 99
b179 124 2963 170 2997
b180 139 1830 158 1870
b181 69 2592 99 2620
b182 116 2774 161 2798
b183 85 2446 118 2485
b184 140 2382 186 2407
b185 135 2114 162 2148
b186 36 2067 67 2100
b187 124 342 160 380
b188 88 419 125 459
b189 101 2485 145 2497
b190 106 3048 143 3075
b191 69 2446 85 2480
b192 127 1071 156 1119
b193 70 1189 103 1206
b194 124 1058 152 1071
b195 111 2525 144 2538
b196 79 3078 120 3119
b197 113 1198 150 1226
b198 125 3241 173 3260
b199 109 259 140 295
b200 110 926 153 963
b201 13 0 39 29
b202 38 2100 72 2139
b203 67 1897 82 1925
b204 59 1045 100 1078
b205 133 553 154 568
b206 27 2262 69 2297
b207 99 1294 132 1322
b208 39 1175 66 1195
b209 85 2556 130 2592
b210 135 2148 148 2172
b211 85 2485 101 2497
b212 147 2219 168 2261
b213 84 2944 116 2958
b214 88 336 105 363
b215 95 860 124 881
b216 71 1026 113 1045
b217 99 2003 119 2051
b218 0 3533 43 3548
b219 177 101 205 119
b220 119 2077 149 2114
b221 26 2143 39 2188
b222 124 815 158 840
b223 79 1963 101 1982
b224 119 2592 164 2613
b225 149 209 196 247
b226 99 2172 138 2188
b227 59 2787 72 2819
b228 93 2882 114 2902
b229 108 767 132 815
b230 63 2878 93 2911
b231 111 544 127 574
b232 55 2736 97 2759
b233 69 2480 85 2493
b234 93 1481 126 1499
b235 116 2728 138 2774
b236 105 380 132 419
b237 118 2444 139 2484
b238 145 435 172 474
b239 80 1459 120 1481
b240 136 590 159 609
b241 93 1499 106 1523
b242 101 1963 123 2003
b243 97 672 134 706
b244 113 1598 150 1611
b245 39 3494 75 3518
b246 93 2838 116 2882
b247 97 1134 133 1173
b248 67 1377 110 1408
b249 162 2077 197 2104
b250 39 1141 70 1175
b251 152 519 195 553
b252 162 2997 181 3025
b253 39 3427 54 3440
b254 100 1045 124 1058
b255 46 3119 93 3158
b256 120 1391 141 1404
b257 46 2878 63 2911
b258 0 2925 44 2959
b259 43 3571 69 3583
b260 131 151 150 163
b261 108 815 120 860
b262 98 1879 125 1927
b263 39 1413 86 1459
b264 97 2359 142 2382
b265 49 1836 94 1851
b266 62 3302 107 3350
b267 147 2261 181 2300
b268 73 1598 95 1623
b269 94 1791 131 1809
b270 13 1514 36 1529
b271 124 318 166 342
b272 71 767 95 802
b273 88 13 109 43
b274 84 2923 117 2944
b275 51 1504 73 1532
b276 109 245 140 259
b277 44 3299 56 3346
b278 0 0 13 42
b279 0 2959 39 3002
b280 136 568 167 590
b281 170 1365 200 1383
b282 117 2895 161 2925
b283 124 609 137 624
b284 69 2176 99 2197
b285 80 1481 93 1514
b286 126 3162 162 3203
b287 120 1322 162 1343
b288 39 1377 67 1413
b289 46 3032 79 3069
b290 163 1904 179 1931
b291 105 3119 133 3162
b292 110 963 134 1002
b293 61 2819 104 2838
b294 97 2323 114 2349
b295 88 0 131 13
b296 137 1684 153 1711
b297 93 1523 131 1554
b298 167 553 200 593
b299 80 1514 93 1527
