2882993
3089505.5
1024380
271 3780
930.931422
b0 204 109 231 124
b1 176 238 203 254
b2 151 730 173 756
b3 104 895 125 940
b4 76 2229 116 2274
b5 42 2673 58 2699
b6 134 703 172 730
b7 55 2873 90 2902
b8 212 566 233 602
b9 112 2167 156 2192
b10 131 2442 146 2473
b11 225 683 266 707
b12 147 2598 164 2617
b13 79 2742 112 2790
b14 60 863 104 884
b15 115 650 149 665
b16 42 3602 87 3644
b17 112 2192 153 2229
b18 134 1163 177 1207
b19 44 1705 80 1728
b20 42 2699 55 2716
b21 80 2116 108 2160
b22 158 519 193 548
b23 147 828 187 845
b24 0 109 18 133
b25 87 2962 116 3005
b26 116 1828 143 1846
b27 160 198 198 238
b28 18 3585 42 3597
b29 139 2229 168 2259
b30 73 1330 93 1358
b31 212 602 244 638
b32 116 1846 135 1868
b33 181 267 226 313
b34 68 3218 97 3230
b35 176 87 188 113
b36 37 3745 64 3775
b37 108 1616 120 1645
b38 195 1156 216 1175
b39 30 3461 42 3474
b40 115 693 134 740
b41 114 1488 150 1507
b42 137 475 183 500
b43 105 1320 144 1341
b44 124 3097 151 3121
b45 66 1680 90 1705
b46 152 336 171 349
b47 149 663 191 703
b48 65 3256 93 3290
b49 72 3029 96 3077
b50 67 2644 86 2658
b51 125 1083 139 1099
b52 186 548 223 566
b53 80 1933 116 1945
b54 132 954 162 988
b55 128 1752 154 1783
b56 218 638 264 669
b57 87 2902 134 2950
b58 187 703 212 728
b59 118 402 165 440
b60 91 3149 130 3165
b61 123 783 154 828
b62 179 1874 225 1910
b63 147 875 183 921
b64 168 387 201 402
b65 134 1363 147 1386
b66 139 2259 181 2304
b67 196 30 210 63
b68 103 478 131 523
b69 64 2160 100 2187
b70 96 3005 112 3050
b71 100 1341 134 1373
b72 123 2049 155 2064
b73 120 1933 132 1979
b74 134 1207 177 1241
b75 44 2002 64 2039
b76 179 954 218 990
b77 18 3670 58 3688
b78 63 3202 105 3218
b79 83 2015 123 2040
b80 171 336 207 351
b81 80 1705 95 1737
b82 112 2116 151 2140
b83 73 2560 110 2601
b84 201 351 235 389
b85 73 2601 107 2644
b86 203 175 242 219
b87 116 602 161 650
b88 60 884 89 928
b89 176 0 196 42
b90 104 1117 150 1141
b91 116 3237 159 3258
b92 60 1283 105 1330
b93 31 3278 51 3302
b94 147 1363 178 1382
b95 72 3290 116 3327
b96 77 3644 123 3677
b97 54 2658 94 2673
b98 103 547 116 582
b99 182 158 222 175
b100 160 113 204 158
b101 191 798 221 834
b102 66 1644 106 1680
b103 145 1029 179 1063
b104 0 34 42 48
b105 143 1452 178 1485
b106 113 2482 125 2515
b107 31 3019 63 3034
b108 31 3218 68 3256
b109 143 1828 185 1874
b110 128 1710 167 1752
b111 90 757 103 778
b112 204 84 234 109
b113 145 267 181 291
b114 131 558 165 602
b115 31 3256 65 3278
b116 63 3140 91 3159
b117 189 63 228 84
b118 0 3688 44 3726
b119 96 2515 124 2560
b120 152 351 188 387
b121 103 440 137 478
b122 132 1063 175 1083
b123 42 3504 65 3540
b124 137 440 168 475
b125 89 1241 135 1283
b126 44 1375 66 1387
b127 90 582 115 625
b128 143 1424 187 1452
b129 134 1341 168 1363
b130 42 3644 72 3670
b131 129 1783 177 1828
b132 162 990 180 1029
b133 72 2986 87 3029
b134 118 336 152 383
b135 75 3398 120 3413
b136 234 40 271 52
b137 82 2790 103 2818
b138 66 1616 108 1644
b139 146 2384 182 2421
b140 42 2239 54 2282
b141 114 1507 133 1552
b142 55 2836 82 2873
b143 18 3560 42 3585
b144 95 1822 110 1862
b145 176 42 189 87
b146 147 921 195 954
b147 156 1382 186 1424
b148 30 3540 48 3560
b149 90 841 137 863
b150 131 2950 154 2981
b151 42 3560 60 3602
b152 60 3540 76 3559
b153 80 1903 121 1933
b154 134 1386 156 1403
b155 221 669 246 683
b156 104 879 132 895
b157 93 1591 113 1616
b158 116 2229 139 2242
b159 157 2144 201 2176
b160 44 2187 71 2203
b161 96 3050 142 3097
b162 233 389 264 407
b163 112 2384 145 2406
b164 44 1961 80 2002
b165 58 2701 79 2718
b166 42 2203 76 2239
b167 160 2347 196 2384
b168 106 1669 130 1710
b169 93 1552 117 1591
b170 145 291 174 336
b171 160 158 182 198
b172 103 828 130 841
b173 67 3366 92 3398
b174 104 863 147 879
b175 168 1282 183 1298
b176 44 3688 77 3726
b177 63 3165 104 3202
b178 157 2176 174 2195
b179 139 1083 185 1117
b180 54 2490 73 2530
b181 0 81 30 109
b182 108 1645 153 1669
b183 72 3327 105 3366
b184 117 1552 163 1577
b185 66 1400 93 1434
b186 0 48 31 81
b187 131 2473 167 2511
b188 42 2946 79 2986
b189 87 2950 131 2962
b190 83 1945 120 1972
b191 123 2015 139 2049
b192 187 750 216 798
b193 90 740 123 757
b194 90 0 118 13
b195 176 254 209 267
b196 179 1910 220 1951
b197 0 3726 37 3754
b198 112 2365 160 2384
b199 100 1452 131 1488
b200 80 2079 123 2116
b201 168 2229 194 2258
b202 100 2644 134 2683
b203 72 3112 87 3140
b204 31 2986 72 3019
b205 51 3290 72 3305
b206 54 2455 96 2490
b207 30 3433 63 3461
b208 168 1262 195 1282
b209 100 2406 145 2442
b210 103 523 116 547
b211 51 3305 67 3317
b212 191 834 212 876
b213 167 1506 199 1520
b214 162 954 179 981
b215 68 3230 97 3251
b216 44 3726 86 3745
b217 80 2673 100 2721
b218 100 1403 143 1418
b219 151 2064 179 2082
b220 105 1283 135 1320
b221 54 2530 67 2575
b222 66 1375 100 1400
b223 118 383 140 402
b224 135 1241 180 1262
b225 110 2560 157 2598
b226 44 1945 83 1961
b227 60 1330 73 1362
b228 30 3302 51 3322
b229 76 2313 100 2361
b230 194 1951 224 1984
b231 196 0 212 30
b232 118 0 160 23
b233 121 1868 137 1881
b234 95 1710 128 1728
b235 58 2790 80 2836
b236 83 2040 110 2079
b237 93 1488 114 1528
b238 131 519 158 558
b239 134 1141 174 1163
b240 97 3218 120 3237
b241 72 3077 85 3101
b242 132 1881 154 1921
b243 201 1984 238 2018
b244 149 650 186 663
b245 76 2187 112 2211
b246 54 2902 77 2946
b247 76 2274 112 2313
b248 151 2082 194 2113
b249 96 2455 131 2482
b250 156 2195 187 2229
b251 100 1418 143 1452
b252 115 665 134 693
b253 104 3165 119 3178
b254 60 1362 84 1375
b255 174 1117 221 1156
b256 183 427 204 440
b257 96 2482 113 2515
b258 0 0 44 34
b259 140 387 166 399
b260 116 2242 135 2254
b261 42 2716 54 2761
b262 118 23 145 71
b263 120 1577 167 1623
b264 112 2144 157 2167
b265 89 1189 134 1204
b266 89 1141 134 1189
b267 95 1783 129 1822
b268 168 402 190 427
b269 116 2347 153 2365
b270 85 3097 108 3112
b271 63 3480 105 3504
b272 51 3398 75 3433
b273 112 3005 133 3035
b274 80 2721 113 2742
b275 58 2673 80 2701
b276 145 238 176 252
b277 63 3433 75 3480
b278 90 13 103 55
b279 135 2304 174 2347
b280 187 728 218 750
b281 60 0 90 18
b282 147 845 191 875
b283 132 988 145 1003
b284 134 2631 164 2652
b285 134 2598 147 2631
b286 80 1862 116 1903
b287 150 1485 192 1506
b288 120 1979 148 2015
b289 91 3112 124 3149
b290 44 0 60 27
b291 123 740 151 783
b292 183 876 207 915
b293 137 500 180 519
b294 0 3754 17 3780
b295 76 2442 119 2455
b296 160 0 176 27
b297 151 2113 189 2144
b298 212 0 245 40
b299 143 1403 156 1416
