301097.5
399695
202500
450 450
208.600561
b0 353 281 389 297
b1 171 256 210 275
b2 367 45 402 86
b3 380 86 398 133
b4 339 108 365 140
b5 242 15 273 50
b6 197 210 226 223
b7 73 262 101 283
b8 45 395 77 410
b9 163 210 197 256
b10 76 73 121 105
b11 300 360 314 396
b12 194 369 236 405
b13 319 63 367 108
b14 110 376 135 391
b15 0 292 45 338
b16 263 279 285 297
b17 229 314 262 340
b18 326 207 360 226
b19 197 223 209 253
b20 335 406 363 439
b21 314 367 358 406
b22 226 161 265 187
b23 73 283 113 308
b24 273 68 298 83
b25 287 0 323 36
b26 30 254 73 279
b27 143 435 177 450
b28 408 211 446 257
b29 194 405 231 417
b30 283 369 300 396
b31 210 282 247 298
b32 138 302 170 325
b33 102 36 138 54
b34 348 25 367 63
b35 379 372 394 405
b36 371 133 383 161
b37 238 260 254 281
b38 236 406 269 432
b39 284 193 326 223
b40 242 50 270 91
b41 285 279 301 295
b42 198 84 242 103
b43 322 226 362 260
b44 122 193 138 220
b45 0 0 14 37
b46 239 0 287 15
b47 138 325 161 339
b48 47 145 73 169
b49 48 105 79 145
b50 198 103 240 136
b51 305 260 353 287
b52 263 297 300 324
b53 14 0 32 17
b54 45 379 88 395
b55 367 86 380 132
b56 170 321 195 343
b57 179 80 198 128
b58 54 199 73 240
b59 226 190 272 236
b60 194 0 224 35
b61 110 391 143 425
b62 263 324 300 369
b63 224 0 239 35
b64 54 0 102 47
b65 117 123 150 153
b66 150 177 181 208
b67 398 111 442 148
b68 238 236 273 260
b69 425 279 444 317
b70 14 54 28 90
b71 329 141 371 175
b72 363 339 397 372
b73 79 105 117 123
b74 254 95 272 124
b75 240 340 263 367
b76 270 83 284 95
b77 88 401 104 425
b78 404 185 447 211
b79 177 417 214 436
b80 254 260 268 275
b81 45 430 77 450
b82 371 173 403 206
b83 268 260 305 279
b84 240 369 283 406
b85 110 339 158 376
b86 323 34 347 58
b87 384 0 403 45
b88 134 71 177 99
b89 14 280 49 292
b90 30 209 54 254
b91 285 141 329 169
b92 98 193 122 235
b93 158 343 179 386
b94 158 386 174 401
b95 348 0 384 25
b96 338 322 363 367
b97 214 136 242 161
b98 14 209 30 235
b99 45 410 82 430
b100 183 287 210 312
b101 49 339 97 379
b102 400 280 425 318
b103 287 36 319 68
b104 147 35 172 71
b105 113 259 144 301
b106 195 312 229 351
b107 14 235 30 280
b108 242 91 254 124
b109 272 95 284 117
b110 82 425 126 448
b111 204 35 222 48
b112 194 351 240 369
b113 363 405 406 433
b114 300 321 319 360
b115 242 124 272 161
b116 363 297 400 339
b117 49 279 73 316
b118 406 362 445 397
b119 273 223 297 259
b120 73 235 118 250
b121 326 175 371 207
b122 0 338 43 368
b123 97 339 110 374
b124 272 130 285 169
b125 177 62 205 80
b126 79 123 117 151
b127 49 316 73 338
b128 113 301 138 337
b129 362 220 408 264
b130 400 318 445 362
b131 127 0 147 36
b132 283 396 299 434
b133 247 281 259 295
b134 363 372 379 401
b135 14 17 29 54
b136 222 35 241 59
b137 176 386 194 408
b138 51 169 73 199
b139 14 144 47 175
b140 150 165 166 177
b141 323 0 348 34
b142 144 256 171 302
b143 32 47 76 93
b144 73 193 98 222
b145 301 287 346 321
b146 143 401 176 435
b147 73 250 104 262
b148 346 297 363 322
b149 88 379 110 401
b150 210 298 240 311
b151 381 264 408 280
b152 181 136 214 169
b153 0 368 40 380
b154 0 380 44 422
b155 32 28 44 41
b156 319 321 338 363
b157 122 54 134 96
b158 353 264 381 281
b159 121 99 157 123
b160 171 275 207 287
b161 73 308 104 327
b162 394 372 406 402
b163 403 22 449 69
b164 172 35 204 62
b165 298 108 339 141
b166 73 327 109 339
b167 284 83 298 130
b168 205 59 242 84
b169 210 236 238 282
b170 157 99 179 144
b171 300 406 335 440
b172 102 0 127 31
b173 408 257 450 279
b174 383 148 403 173
b175 171 287 183 321
b176 32 93 48 113
b177 150 144 181 165
b178 240 298 260 314
b179 181 169 226 210
b180 265 169 284 190
b181 179 343 194 385
b182 138 193 150 226
b183 298 68 314 105
b184 102 54 122 73
b185 360 207 404 220
b186 150 208 163 256
b187 406 397 430 419
b188 285 169 325 193
b189 28 113 48 144
b190 14 175 51 209
b191 403 148 445 185
b192 32 0 54 28
b193 73 151 116 193
b194 402 69 445 111
b195 297 223 322 259
b196 122 220 138 259
b197 147 0 194 35
b198 403 0 443 22
b199 116 153 150 193
