226793.1972656
229242
204754
451 454
3.640308
b0 109 117 152 150
b1 386 263 451 300
b2 123 327 157 380
b3 239 122 306 159
b4 0 353 29 372
b5 60 112 109 151
b6 296 268 314 308
b7 38 204 60 244
b8 61 388 123 438
b9 271 0 287 41
b10 143 0 161 52
b11 123 199 182 238
b12 321 352 382 380
b13 382 84 439 132
b14 354 0 417 43
b15 182 317 241 369
b16 264 352 321 388
b17 182 199 248 243
b18 92 0 143 48
b19 149 277 180 327
b20 95 322 114 359
b21 182 0 246 50
b22 123 150 157 199
b23 293 199 313 248
b24 219 369 264 397
b25 123 238 177 277
b26 37 0 92 40
b27 246 0 271 65
b28 371 386 410 432
b29 347 380 371 442
b30 152 117 176 143
b31 271 56 305 82
b32 0 244 43 297
b33 346 207 381 229
b34 37 40 91 67
b35 57 295 95 326
b36 287 17 354 56
b37 305 165 365 185
b38 182 121 239 144
b39 182 144 237 196
b40 94 359 120 388
b41 182 243 237 270
b42 57 151 119 204
b43 0 388 61 434
b44 375 300 440 347
b45 157 143 180 187
b46 346 229 368 268
b47 0 24 33 89
b48 0 148 57 175
b49 134 52 181 117
b50 314 207 346 274
b51 239 268 296 306
b52 95 277 149 322
b53 161 0 182 43
b54 386 245 447 263
b55 182 50 238 84
b56 60 204 123 221
b57 0 89 47 107
b58 123 380 157 426
b59 182 369 219 419
b60 346 268 386 291
b61 306 123 339 146
b62 306 146 366 165
b63 248 199 293 235
b64 43 248 93 295
b65 0 297 57 353
b66 315 62 382 123
b67 271 82 315 122
b68 366 132 429 184
b69 0 175 54 202
b70 92 48 134 90
b71 157 327 179 391
b72 314 291 375 352
b73 381 184 448 245
b74 0 202 38 244
b75 354 43 382 62
b76 92 90 125 112
b77 232 397 298 454
b78 253 235 289 267
b79 0 107 60 148
b80 123 426 181 442
b81 263 308 313 348
b82 182 270 239 317
b83 237 243 253 265
b84 314 185 381 207
b85 289 248 314 268
b86 182 84 238 121
b87 47 67 91 106
b88 0 0 37 24
b89 60 221 98 248
b90 382 347 415 386
b91 238 65 271 121
b92 93 248 119 264
b93 29 353 94 388
b94 382 43 441 84
b95 181 419 232 438
b96 239 159 305 199
b97 287 0 354 17
b98 241 306 263 368
b99 298 388 347 454
