240276.796875
244022
206570
455 454
7.319669
b0 270 338 303 381
b1 363 84 400 149
b2 228 0 281 34
b3 100 314 137 381
b4 27 273 56 292
b5 99 234 138 283
b6 74 146 114 164
b7 166 61 188 101
b8 115 86 165 148
b9 363 149 404 165
b10 417 357 435 409
b11 317 212 376 251
b12 236 175 264 236
b13 205 286 253 343
b14 320 0 363 63
b15 264 224 316 283
b16 418 300 454 357
b17 378 232 422 298
b18 199 66 250 114
b19 233 236 264 286
b20 298 175 317 212
b21 0 329 50 393
b22 264 175 298 224
b23 115 148 164 168
b24 137 311 165 356
b25 194 214 233 268
b26 317 67 357 122
b27 383 59 448 84
b28 263 404 302 450
b29 205 378 267 402
b30 317 312 343 336
b31 0 198 34 224
b32 56 257 99 310
b33 422 265 444 300
b34 74 0 101 54
b35 99 283 137 314
b36 378 321 417 388
b37 422 149 442 209
b38 253 315 310 338
b39 165 124 220 176
b40 50 403 79 429
b41 27 230 82 257
b42 101 33 163 86
b43 24 83 70 144
b44 400 84 447 149
b45 267 381 311 404
b46 378 210 417 232
b47 101 0 166 33
b48 0 224 27 281
b49 236 128 301 175
b50 228 34 295 66
b51 151 176 208 214
b52 0 144 45 198
b53 156 268 199 289
b54 404 149 422 210
b55 378 388 412 444
b56 57 0 74 63
b57 138 234 156 281
b58 182 0 228 34
b59 0 393 50 430
b60 378 298 418 321
b61 166 101 199 124
b62 203 402 263 421
b63 367 165 403 210
b64 317 165 367 212
b65 0 0 57 56
b66 250 67 317 128
b67 317 122 361 162
b68 151 377 203 440
b69 0 56 54 83
b70 109 381 151 423
b71 79 432 143 454
b72 317 251 378 312
b73 311 358 378 419
b74 156 214 194 256
b75 208 176 236 195
b76 281 0 303 33
b77 94 168 151 234
b78 264 283 300 315
b79 74 86 115 146
b80 220 114 236 172
b81 50 353 90 403
b82 404 0 451 57
b83 166 0 182 22
b84 138 289 205 311
b85 363 59 383 84
b86 0 292 56 329
b87 56 314 100 353
b88 0 83 24 120
b89 182 34 220 61
b90 302 419 341 452
b91 422 209 455 265
b92 27 257 53 273
b93 205 343 270 378
b94 363 0 404 59
b95 90 381 109 432
b96 165 311 205 377
b97 303 0 320 67
b98 316 336 378 358
b99 45 164 94 230
