444290
574420
314160
561 560
301.715389
b0 311 315 326 342
b1 388 229 404 256
b2 350 538 376 560
b3 420 180 441 225
b4 387 456 432 496
b5 0 237 26 253
b6 108 227 135 265
b7 288 194 317 229
b8 239 475 260 511
b9 132 532 176 557
b10 201 0 216 31
b11 384 533 425 557
b12 174 479 193 496
b13 263 321 311 354
b14 481 353 525 374
b15 425 35 459 50
b16 55 394 100 436
b17 440 311 481 348
b18 500 123 544 166
b19 384 508 420 531
b20 0 408 13 425
b21 330 465 374 493
b22 441 180 476 209
b23 241 0 281 17
b24 215 46 239 64
b25 201 82 244 111
b26 243 55 261 82
b27 460 126 500 164
b28 100 361 124 373
b29 208 336 237 366
b30 190 301 218 321
b31 160 183 192 219
b32 481 258 503 277
b33 260 510 305 556
b34 420 496 449 508
b35 381 173 407 185
b36 496 38 526 65
b37 451 67 480 79
b38 237 376 256 397
b39 26 237 39 249
b40 183 266 230 285
b41 432 50 451 86
b42 216 0 241 46
b43 332 151 353 190
b44 0 522 27 546
b45 397 42 421 67
b46 354 229 373 242
b47 441 234 481 276
b48 452 462 480 496
b49 432 102 480 126
b50 40 234 59 248
b51 354 87 370 101
b52 142 49 160 86
b53 384 496 420 508
b54 98 452 132 482
b55 135 219 161 250
b56 128 129 159 175
b57 338 405 386 452
b58 481 277 506 302
b59 27 519 74 557
b60 338 212 354 251
b61 309 69 354 100
b62 386 420 432 456
b63 221 428 257 474
b64 510 286 543 301
b65 318 452 341 465
b66 514 211 559 253
b67 201 31 215 64
b68 480 67 525 95
b69 354 60 390 87
b70 381 12 397 57
b71 244 82 276 116
b72 100 346 132 361
b73 276 182 288 228
b74 15 470 49 513
b75 403 281 440 301
b76 340 366 376 405
b77 441 276 481 294
b78 0 429 42 445
b79 420 508 460 533
b80 49 483 64 519
b81 193 387 208 419
b82 293 170 332 194
b83 89 81 130 118
b84 0 0 34 38
b85 394 386 437 420
b86 13 121 57 160
b87 55 346 100 394
b88 195 237 239 266
b89 42 192 62 234
b90 285 146 331 170
b91 46 59 67 102
b92 514 166 561 211
b93 432 462 452 486
b94 239 252 270 271
b95 460 496 497 540
b96 62 227 108 260
b97 388 256 403 296
b98 427 0 440 35
b99 441 294 481 311
b100 192 193 237 237
b101 106 265 142 295
b102 62 185 102 221
b103 57 151 91 185
b104 201 64 243 78
b105 270 283 305 316
b106 260 170 293 182
b107 162 101 194 116
b108 243 17 280 55
b109 239 116 285 158
b110 132 333 174 372
b111 164 396 177 417
b112 56 298 81 328
b113 157 372 193 396
b114 0 266 44 300
b115 93 509 127 531
b116 142 250 161 278
b117 281 0 320 21
b118 476 166 514 210
b119 480 417 508 462
b120 128 410 164 446
b121 174 334 208 372
b122 55 436 98 456
b123 317 366 340 402
b124 223 397 258 428
b125 432 420 478 462
b126 98 482 110 504
b127 0 445 43 470
b128 326 322 354 366
b129 404 259 438 281
b130 440 0 466 30
b131 308 493 356 538
b132 376 365 394 404
b133 481 338 524 353
b134 0 374 47 408
b135 208 366 223 411
b136 81 294 93 331
b137 121 49 142 77
b138 100 410 128 452
b139 203 156 239 193
b140 384 0 427 12
b141 525 65 544 110
b142 354 115 381 152
b143 309 121 333 146
b144 0 222 40 237
b145 174 496 219 509
b146 220 288 253 336
b147 0 192 42 222
b148 381 150 399 170
b149 67 59 89 106
b150 497 462 528 485
b151 308 538 350 556
b152 318 435 337 451
b153 132 481 173 511
b154 142 278 159 300
b155 177 396 191 421
b156 395 370 423 386
b157 372 299 392 324
b158 190 321 213 334
b159 0 160 44 192
b160 131 33 158 49
b161 50 0 97 46
b162 221 474 239 505
b163 97 36 119 69
b164 390 67 431 103
b165 291 489 308 510
b166 97 0 131 36
b167 510 301 546 338
b168 285 105 309 146
b169 291 465 330 489
b170 106 300 151 329
b171 161 0 201 22
b172 208 411 221 438
b173 281 36 306 68
b174 164 421 207 437
b175 34 0 50 15
b176 437 382 475 415
b177 100 373 141 410
b178 145 98 162 117
b179 0 38 46 72
b180 528 405 547 445
b181 397 12 425 42
b182 57 106 81 151
b183 151 300 190 333
b184 328 251 353 297
b185 354 152 381 186
b186 0 343 33 374
b187 506 0 542 38
b188 466 0 506 37
b189 340 0 384 12
b190 239 191 276 218
b191 141 372 157 406
b192 481 210 510 258
b193 230 271 263 288
b194 28 300 56 313
b195 512 392 545 405
b196 354 324 395 365
b197 356 493 384 530
b198 74 503 93 551
b199 270 252 306 283
b200 475 374 512 417
b201 160 69 186 98
b202 354 242 388 281
b203 0 470 15 498
b204 297 402 338 435
b205 481 321 502 336
b206 132 446 174 481
b207 480 95 513 123
b208 110 482 130 509
b209 203 111 239 156
b210 393 201 406 225
b211 432 86 444 102
b212 13 408 55 429
b213 354 101 386 115
b214 451 79 478 96
b215 260 489 289 510
b216 296 229 338 248
b217 297 354 317 402
b218 130 86 145 129
b219 257 457 285 475
b220 459 37 496 67
b221 50 46 95 59
b222 161 241 195 266
b223 277 354 296 376
b224 132 511 177 532
b225 258 410 296 457
b226 432 164 471 180
b227 239 218 252 250
b228 320 0 340 21
b229 197 438 221 486
b230 131 0 161 33
b231 190 285 220 301
b232 174 437 197 479
b233 374 456 387 472
b234 512 374 545 392
b235 33 328 55 374
b236 221 511 260 538
b237 309 100 349 121
b238 133 175 160 214
b239 237 354 277 376
b240 399 150 418 173
b241 55 328 79 341
b242 0 72 40 94
b243 404 225 441 259
b244 93 294 106 331
b245 525 338 561 362
b246 252 229 296 252
b247 395 331 431 370
b248 102 184 133 227
b249 0 94 35 121
b250 75 260 106 294
b251 431 348 474 382
b252 481 302 509 321
b253 193 372 206 387
b254 0 498 13 522
b255 161 22 200 69
b256 0 121 13 142
b257 253 288 270 321
b258 159 117 203 151
b259 95 69 121 81
b260 186 69 198 88
b261 65 456 77 501
b262 354 12 381 60
b263 386 103 432 150
b264 327 299 372 322
b265 81 331 126 346
b266 309 21 354 69
b267 258 376 297 410
b268 306 248 328 273
b269 317 194 354 212
b270 33 313 56 328
b271 91 118 115 160
b272 91 160 126 184
b273 333 121 354 151
b274 239 158 260 191
b275 161 266 183 294
b276 260 475 291 489
b277 77 456 89 503
b278 160 170 202 183
b279 354 186 393 229
b280 161 219 192 241
b281 354 281 384 299
b282 395 301 439 331
b283 281 21 294 36
b284 297 435 318 465
b285 115 118 128 151
b286 177 509 213 550
b287 306 273 327 315
b288 432 126 460 162
b289 276 68 309 105
b290 393 185 420 201
b291 0 300 28 343
b292 441 210 480 234
b293 160 151 203 170
b294 237 336 263 353
b295 0 253 43 266
b296 49 456 65 483
b297 44 260 75 298
b298 514 253 554 286
b299 186 88 199 101
