232210
235160
205660
452 455
1.393041
b0 274 174 317 207
b1 279 89 316 154
b2 0 59 34 112
b3 316 112 383 149
b4 39 352 68 371
b5 274 245 323 284
b6 39 62 79 80
b7 33 171 73 193
b8 356 0 406 62
b9 383 102 424 118
b10 256 161 274 213
b11 0 0 39 59
b12 149 392 210 420
b13 383 118 440 166
b14 85 361 148 404
b15 400 166 452 225
b16 383 308 419 365
b17 209 43 253 109
b18 158 277 209 325
b19 227 292 277 323
b20 271 389 290 426
b21 256 39 320 89
b22 99 57 148 91
b23 207 0 256 20
b24 269 338 314 366
b25 277 284 316 338
b26 85 404 140 444
b27 34 80 99 105
b28 0 313 39 359
b29 210 268 272 292
b30 250 213 274 239
b31 99 117 133 143
b32 50 193 93 246
b33 419 308 441 343
b34 99 143 126 197
b35 335 236 373 267
b36 256 0 323 39
b37 275 154 335 174
b38 193 147 216 204
b39 126 212 178 267
b40 39 371 68 397
b41 210 241 265 268
b42 0 397 62 450
b43 42 248 88 309
b44 335 189 400 236
b45 256 89 279 133
b46 62 403 84 442
b47 0 136 33 201
b48 99 197 126 254
b49 401 225 448 290
b50 316 329 383 361
b51 274 207 331 245
b52 155 63 209 108
b53 39 41 82 62
b54 381 290 442 308
b55 216 146 250 202
b56 210 292 227 355
b57 193 204 240 222
b58 406 0 440 46
b59 99 324 149 361
b60 260 366 300 389
b61 209 20 242 43
b62 133 91 152 151
b63 345 267 381 312
b64 0 201 50 248
b65 99 0 155 57
b66 149 325 210 392
b67 335 149 379 189
b68 155 0 207 63
b69 42 309 96 336
b70 227 323 269 365
b71 290 428 354 450
b72 210 389 271 450
b73 126 151 193 212
b74 0 275 42 313
b75 256 133 275 161
b76 227 365 260 387
b77 369 365 435 422
b78 178 241 210 277
b79 39 0 99 41
b80 99 308 157 324
b81 320 62 360 112
b82 300 366 347 423
b83 42 336 64 352
b84 347 361 369 428
b85 381 236 401 261
b86 196 109 252 146
b87 152 108 196 147
b88 0 112 37 136
b89 0 248 38 275
b90 0 359 39 392
b91 323 0 356 56
b92 99 91 115 117
b93 140 420 205 455
b94 99 267 158 308
b95 193 222 244 241
b96 360 62 426 102
b97 68 336 85 403
b98 323 267 345 329
b99 37 105 86 171
