227883.75
230302.5
206115
455 453
2.966502
b0 335 344 378 377
b1 294 33 359 70
b2 0 0 34 53
b3 143 0 210 37
b4 84 269 103 298
b5 168 394 217 433
b6 347 79 387 97
b7 103 212 125 252
b8 0 357 50 419
b9 272 122 288 163
b10 284 380 302 432
b11 42 227 81 286
b12 103 184 164 212
b13 288 122 345 170
b14 286 209 329 272
b15 391 161 450 213
b16 396 387 453 423
b17 167 264 211 330
b18 81 315 132 363
b19 214 42 245 92
b20 213 277 250 296
b21 103 265 167 315
b22 164 191 213 225
b23 345 113 365 162
b24 329 170 357 215
b25 272 170 326 209
b26 103 0 143 55
b27 419 91 444 156
b28 315 377 354 423
b29 132 330 194 354
b30 237 183 263 207
b31 237 149 263 183
b32 294 70 347 113
b33 404 423 439 445
b34 57 171 84 225
b35 125 234 163 265
b36 217 392 284 431
b37 315 272 335 332
b38 214 149 237 206
b39 34 0 86 55
b40 378 423 404 452
b41 214 122 269 149
b42 0 55 62 108
b43 27 125 88 171
b44 250 312 315 359
b45 426 47 449 91
b46 125 212 164 234
b47 0 292 33 357
b48 103 157 160 184
b49 389 0 454 47
b50 359 47 426 79
b51 211 296 249 353
b52 365 116 419 161
b53 249 359 292 380
b54 378 344 396 405
b55 357 162 391 218
b56 27 108 90 125
b57 84 171 102 218
b58 0 419 46 453
b59 164 42 214 79
b60 315 423 355 446
b61 366 0 389 33
b62 335 325 395 344
b63 250 245 286 290
b64 164 144 214 191
b65 0 171 57 227
b66 50 363 111 430
b67 392 280 432 324
b68 396 324 448 387
b69 0 108 27 162
b70 210 0 252 42
b71 217 431 281 453
b72 103 96 164 157
b73 394 213 455 280
b74 0 227 42 265
b75 365 97 393 116
b76 236 207 269 229
b77 335 259 392 325
b78 214 245 250 277
b79 103 55 163 96
b80 214 229 272 245
b81 38 286 78 336
b82 111 394 168 441
b83 214 206 236 222
b84 355 377 377 444
b85 432 280 452 305
b86 252 0 289 56
b87 167 225 211 264
b88 62 67 99 91
b89 0 265 38 292
b90 211 353 244 392
b91 310 0 366 33
b92 294 0 310 26
b93 164 79 199 144
b94 335 218 394 259
b95 84 218 103 269
b96 132 354 198 394
b97 86 0 103 67
b98 250 290 312 312
b99 245 56 294 122
