451486.5
588252
314721
561 561
195.554534
b0 197 76 212 103
b1 509 385 536 401
b2 326 371 352 393
b3 390 269 411 314
b4 359 400 399 445
b5 402 314 418 340
b6 209 415 247 442
b7 504 93 539 122
b8 401 417 437 438
b9 411 287 455 312
b10 36 393 67 408
b11 277 74 301 115
b12 509 431 528 448
b13 38 244 71 292
b14 415 266 459 287
b15 459 192 493 207
b16 114 376 159 418
b17 402 340 439 381
b18 350 0 394 43
b19 212 60 248 83
b20 58 472 75 485
b21 70 303 114 331
b22 0 0 29 35
b23 161 364 201 381
b24 128 256 152 274
b25 248 0 277 43
b26 495 240 513 267
b27 0 244 38 284
b28 244 306 268 318
b29 170 261 200 290
b30 204 249 232 269
b31 327 287 359 323
b32 482 68 501 90
b33 159 381 204 427
b34 459 487 488 499
b35 498 227 524 239
b36 455 85 482 115
b37 445 31 474 43
b38 114 418 133 439
b39 399 457 411 470
b40 134 506 153 553
b41 0 429 36 448
b42 513 239 559 264
b43 89 257 128 278
b44 48 124 75 148
b45 499 141 524 165
b46 374 250 387 269
b47 163 477 205 517
b48 331 323 359 357
b49 0 126 48 150
b50 0 448 19 462
b51 495 383 509 399
b52 521 486 539 523
b53 170 290 206 302
b54 146 443 176 477
b55 0 185 26 216
b56 299 468 330 514
b57 229 83 276 131
b58 535 360 560 385
b59 0 292 47 330
b60 376 198 415 214
b61 241 345 286 376
b62 253 499 299 535
b63 459 240 495 286
b64 415 195 448 210
b65 308 323 331 336
b66 125 181 170 223
b67 170 247 203 261
b68 442 408 470 453
b69 277 21 313 48
b70 525 0 541 45
b71 169 0 203 32
b72 64 195 79 227
b73 447 487 459 533
b74 456 115 499 149
b75 215 187 235 224
b76 157 76 196 112
b77 71 240 89 280
b78 43 336 85 352
b79 0 484 40 509
b80 0 462 36 477
b81 200 269 232 284
b82 350 205 374 244
b83 509 449 550 486
b84 0 58 34 96
b85 316 205 350 248
b86 277 204 316 248
b87 513 315 561 360
b88 202 302 231 346
b89 301 74 343 94
b90 406 77 452 101
b91 488 451 509 494
b92 504 48 551 93
b93 459 499 479 523
b94 106 224 125 255
b95 0 509 44 546
b96 253 466 299 499
b97 427 114 442 154
b98 406 101 441 114
b99 170 160 210 177
b100 166 32 211 76
b101 79 154 115 184
b102 358 473 398 509
b103 479 333 513 367
b104 197 103 211 145
b105 153 517 188 550
b106 480 149 492 182
b107 15 111 47 126
b108 442 339 479 377
b109 279 376 325 418
b110 131 274 170 316
b111 273 291 286 312
b112 205 468 230 498
b113 230 442 266 466
b114 409 43 453 77
b115 67 450 101 472
b116 401 438 429 457
b117 277 115 298 154
b118 415 228 459 266
b119 359 287 387 332
b120 411 490 447 526
b121 288 342 326 376
b122 0 330 43 350
b123 0 35 36 58
b124 442 377 477 408
b125 479 499 521 545
b126 247 413 259 435
b127 21 219 64 244
b128 122 40 166 68
b129 112 443 146 465
b130 498 201 528 227
b131 27 150 75 195
b132 415 210 454 228
b133 79 184 122 199
b134 44 485 91 519
b135 170 189 215 204
b136 470 410 482 447
b137 0 216 21 244
b138 204 387 246 415
b139 340 168 376 205
b140 394 0 406 43
b141 257 131 276 176
b142 329 431 356 468
b143 524 407 549 431
b144 387 314 402 354
b145 266 413 279 458
b146 301 94 334 142
b147 359 354 401 384
b148 504 30 524 48
b149 34 77 81 99
b150 317 37 340 68
b151 89 278 131 296
b152 103 0 122 16
b153 19 352 49 393
b154 536 385 553 407
b155 331 357 356 371
b156 170 302 198 318
b157 288 317 308 342
b158 114 351 137 364
b159 365 43 409 75
b160 479 383 495 410
b161 155 318 202 364
b162 253 535 284 553
b163 343 43 365 76
b164 343 76 379 117
b165 376 540 393 561
b166 69 0 103 36
b167 115 123 152 159
b168 482 410 506 451
b169 44 519 83 543
b170 279 418 308 463
b171 122 0 144 40
b172 359 384 386 397
b173 144 0 169 32
b174 133 427 176 443
b175 122 159 138 174
b176 325 393 358 431
b177 204 346 241 387
b178 212 109 229 128
b179 442 453 488 487
b180 81 72 100 112
b181 376 123 406 151
b182 277 248 322 272
b183 301 142 340 175
b184 79 199 125 224
b185 528 201 555 235
b186 0 398 33 429
b187 493 165 531 201
b188 524 122 561 162
b189 232 249 244 293
b190 247 376 274 413
b191 311 287 327 321
b192 115 477 163 506
b193 271 312 288 345
b194 47 111 75 124
b195 376 185 409 198
b196 36 36 77 77
b197 248 43 276 80
b198 0 350 19 398
b199 49 352 85 383
b200 212 131 255 168
b201 298 175 324 204
b202 235 187 274 221
b203 0 96 15 124
b204 176 427 209 468
b205 369 269 390 284
b206 314 514 349 556
b207 411 457 439 490
b208 349 540 376 560
b209 212 15 248 60
b210 64 227 88 240
b211 415 151 427 167
b212 453 43 474 85
b213 442 116 456 148
b214 459 207 486 224
b215 85 331 114 352
b216 215 168 257 187
b217 230 508 250 556
b218 299 514 314 557
b219 415 167 433 195
b220 474 31 504 68
b221 101 36 114 81
b222 215 224 249 249
b223 36 465 58 484
b224 67 429 112 450
b225 433 154 480 192
b226 459 224 498 240
b227 277 48 309 61
b228 343 147 363 168
b229 91 472 115 520
b230 343 117 376 147
b231 324 175 340 205
b232 230 466 253 508
b233 386 384 399 400
b234 528 431 561 449
b235 249 260 271 306
b236 232 318 271 345
b237 277 0 317 21
b238 418 312 457 339
b239 188 529 228 551
b240 501 122 524 141
b241 26 195 39 219
b242 29 0 69 22
b243 376 151 413 185
b244 277 61 314 74
b245 77 36 101 72
b246 47 292 70 336
b247 376 214 415 250
b248 445 0 488 31
b249 0 150 27 185
b250 356 509 390 540
b251 170 204 204 247
b252 387 250 415 269
b253 206 284 219 299
b254 114 338 138 351
b255 459 286 498 333
b256 36 408 57 421
b257 89 224 106 257
b258 513 281 557 315
b259 34 99 60 111
b260 276 272 288 291
b261 170 177 215 189
b262 379 75 406 123
b263 67 383 114 429
b264 288 272 311 317
b265 203 0 248 15
b266 152 112 197 160
b267 322 248 356 287
b268 513 360 535 385
b269 406 114 424 151
b270 71 280 86 303
b271 100 81 124 123
b272 330 468 354 503
b273 138 160 168 181
b274 308 431 329 464
b275 127 316 155 338
b276 498 267 529 281
b277 114 364 161 376
b278 114 296 127 338
b279 406 0 445 43
b280 205 498 227 529
b281 506 401 524 431
b282 36 421 66 465
b283 442 101 455 116
b284 504 0 525 30
b285 124 68 157 81
b286 401 381 442 417
b287 277 154 298 196
b288 359 445 395 473
b289 317 0 350 37
b290 479 367 506 383
b291 91 533 134 561
b292 249 221 273 260
b293 398 526 441 545
b294 212 83 229 109
b295 356 244 369 287
b296 115 506 131 533
b297 75 123 113 154
b298 128 223 168 256
b299 398 470 411 483
