452596.5
591594
313599
561 559
139.761425
b0 326 154 353 169
b1 274 178 290 205
b2 302 58 324 84
b3 362 354 407 375
b4 412 512 452 557
b5 49 233 65 259
b6 465 352 503 379
b7 440 147 469 182
b8 298 352 319 388
b9 65 233 90 277
b10 298 313 329 328
b11 354 232 395 256
b12 264 102 281 121
b13 254 0 302 33
b14 188 26 209 70
b15 318 271 352 286
b16 0 510 45 552
b17 45 482 82 523
b18 376 143 419 187
b19 114 169 137 205
b20 40 34 57 47
b21 274 218 302 262
b22 175 451 210 480
b23 461 38 501 55
b24 48 357 66 381
b25 376 114 419 143
b26 407 262 434 280
b27 238 404 278 442
b28 158 334 170 358
b29 238 342 268 371
b30 174 316 202 336
b31 89 408 125 440
b32 514 249 536 268
b33 407 384 453 429
b34 0 270 12 299
b35 0 244 12 270
b36 121 39 151 66
b37 204 264 233 276
b38 116 312 137 331
b39 329 313 341 326
b40 82 440 129 459
b41 116 334 152 353
b42 364 0 389 46
b43 130 0 151 39
b44 45 535 72 559
b45 298 328 323 352
b46 346 200 359 219
b47 465 429 505 471
b48 66 376 100 404
b49 190 414 238 438
b50 359 200 373 219
b51 152 251 166 267
b52 128 108 165 126
b53 395 262 407 298
b54 407 354 441 384
b55 64 277 90 308
b56 406 49 452 80
b57 500 86 547 134
b58 254 517 279 542
b59 82 508 120 555
b60 245 86 284 102
b61 326 169 371 200
b62 320 108 356 154
b63 278 417 314 463
b64 505 429 520 462
b65 28 465 51 478
b66 209 44 254 86
b67 164 12 197 26
b68 203 304 231 349
b69 165 108 192 144
b70 278 364 294 409
b71 442 0 476 32
b72 94 147 109 179
b73 419 135 465 147
b74 121 74 164 108
b75 419 147 439 184
b76 514 42 550 81
b77 238 442 278 460
b78 38 423 54 465
b79 24 232 49 272
b80 12 304 27 340
b81 100 376 115 408
b82 104 108 128 147
b83 151 33 188 74
b84 0 413 38 447
b85 375 429 418 463
b86 37 47 76 91
b87 395 214 440 262
b88 274 284 318 313
b89 192 108 212 150
b90 318 84 364 108
b91 0 201 21 244
b92 514 268 561 313
b93 476 471 496 495
b94 250 233 269 264
b95 28 313 65 357
b96 379 510 412 556
b97 302 0 317 40
b98 465 119 500 132
b99 303 120 320 160
b100 209 0 254 44
b101 520 418 550 454
b102 37 91 73 131
b103 137 169 171 203
b104 116 353 158 367
b105 238 371 273 404
b106 12 244 24 277
b107 61 169 93 184
b108 171 197 209 234
b109 364 67 406 113
b110 512 0 551 42
b111 87 13 100 34
b112 302 218 327 248
b113 411 316 435 352
b114 363 395 407 429
b115 65 310 99 332
b116 175 379 203 398
b117 468 182 489 221
b118 125 380 169 418
b119 129 433 174 461
b120 251 481 287 517
b121 216 523 254 557
b122 233 264 276 284
b123 66 404 89 440
b124 24 201 59 232
b125 452 497 498 539
b126 45 523 67 535
b127 90 236 115 279
b128 165 521 209 549
b129 284 84 318 106
b130 481 324 511 350
b131 76 58 121 106
b132 344 38 362 77
b133 175 398 218 413
b134 40 0 87 34
b135 129 418 174 433
b136 287 463 299 500
b137 0 447 28 468
b138 54 440 82 482
b139 407 280 444 316
b140 364 113 376 156
b141 503 350 548 369
b142 233 171 260 208
b143 250 208 274 233
b144 46 131 61 171
b145 274 205 319 218
b146 465 379 498 427
b147 0 137 42 167
b148 94 179 114 197
b149 492 146 539 168
b150 491 55 514 86
b151 48 381 66 423
b152 245 102 264 118
b153 233 284 274 314
b154 265 463 287 480
b155 121 461 135 486
b156 159 268 175 296
b157 260 158 285 178
b158 397 19 410 42
b159 363 298 407 330
b160 271 314 298 330
b161 254 33 301 79
b162 352 279 383 297
b163 341 297 363 330
b164 339 457 375 498
b165 287 500 308 517
b166 0 22 36 56
b167 492 213 529 249
b168 441 322 465 363
b169 298 393 337 417
b170 485 250 514 295
b171 0 0 40 22
b172 327 235 354 248
b173 120 251 152 276
b174 422 429 465 445
b175 0 91 16 106
b176 61 131 94 169
b177 0 357 41 394
b178 442 32 461 49
b179 0 167 46 201
b180 498 489 517 529
b181 203 276 233 304
b182 59 209 104 233
b183 444 283 477 322
b184 204 239 250 264
b185 405 187 439 214
b186 0 106 33 137
b187 476 0 512 38
b188 511 313 551 350
b189 61 197 105 209
b190 279 517 306 554
b191 66 360 100 376
b192 444 221 492 250
b193 112 279 129 312
b194 448 484 476 497
b195 337 393 350 426
b196 175 480 216 521
b197 79 332 116 360
b198 0 394 48 413
b199 121 494 152 530
b200 260 121 303 158
b201 485 295 511 324
b202 308 498 342 537
b203 0 468 28 483
b204 444 250 485 283
b205 218 393 233 414
b206 216 481 251 523
b207 238 314 271 342
b208 318 286 338 313
b209 290 160 326 205
b210 346 219 370 232
b211 327 223 343 235
b212 212 126 254 147
b213 284 106 316 120
b214 373 200 390 227
b215 236 460 265 481
b216 498 387 517 429
b217 358 375 406 395
b218 406 80 449 95
b219 302 40 330 58
b220 137 297 167 334
b221 24 56 37 101
b222 273 330 298 364
b223 389 0 411 19
b224 120 530 165 551
b225 317 0 364 38
b226 379 494 418 510
b227 373 187 405 200
b228 324 58 344 79
b229 363 330 411 354
b230 449 89 482 119
b231 465 322 481 352
b232 352 256 394 279
b233 100 360 113 376
b234 503 369 536 387
b235 314 417 336 463
b236 82 459 121 486
b237 212 171 233 211
b238 323 330 362 357
b239 299 463 339 485
b240 327 200 346 223
b241 66 332 79 356
b242 469 132 491 172
b243 167 234 204 268
b244 175 438 212 451
b245 212 438 236 474
b246 152 461 175 505
b247 319 357 358 393
b248 379 463 422 494
b249 0 483 35 510
b250 411 0 442 34
b251 130 126 164 169
b252 76 106 104 125
b253 158 358 173 371
b254 61 184 85 197
b255 171 150 210 197
b256 109 147 130 160
b257 135 461 152 494
b258 164 74 208 108
b259 411 34 437 46
b260 353 156 372 168
b261 164 0 209 12
b262 175 268 202 316
b263 120 205 167 251
b264 302 248 347 271
b265 100 13 115 58
b266 492 168 540 213
b267 452 55 491 89
b268 353 429 375 454
b269 498 471 535 489
b270 175 413 190 436
b271 212 147 254 171
b272 0 56 24 91
b273 129 276 159 297
b274 364 46 397 67
b275 82 486 110 508
b276 339 426 353 457
b277 492 134 539 146
b278 115 367 157 380
b279 422 445 465 484
b280 90 279 112 310
b281 418 494 448 512
b282 203 349 233 393
b283 449 119 462 134
b284 419 114 449 135
b285 151 0 164 33
b286 28 272 64 313
b287 536 213 557 255
b288 212 211 248 239
b289 342 498 379 531
b290 104 209 120 236
b291 175 336 203 379
b292 444 182 468 221
b293 406 95 449 114
b294 276 262 302 279
b295 87 0 130 13
b296 12 277 28 304
b297 517 387 555 418
b298 212 86 245 126
b299 350 395 363 408
