1199937.5
1754188
645687
259 2493
220.543498
b0 94 1580 130 1596
b1 165 272 184 311
b2 156 225 197 260
b3 112 1141 130 1188
b4 227 0 253 32
b5 24 2175 59 2206
b6 116 1731 145 1744
b7 129 1596 157 1617
b8 119 525 151 540
b9 67 1467 113 1501
b10 121 493 166 525
b11 176 189 190 225
b12 94 1538 130 1580
b13 16 2397 64 2442
b14 151 566 166 591
b15 46 1351 91 1397
b16 95 908 113 930
b17 106 667 139 693
b18 70 0 104 19
b19 96 540 126 552
b20 178 582 206 615
b21 68 1201 112 1240
b22 92 2059 118 2098
b23 28 1201 68 1226
b24 96 1098 121 1113
b25 89 1021 125 1057
b26 95 849 138 874
b27 0 1578 34 1593
b28 15 2317 61 2355
b29 77 865 89 902
b30 80 1985 97 2012
b31 159 1236 196 1252
b32 94 1596 117 1628
b33 50 1153 68 1189
b34 113 908 132 946
b35 89 1820 104 1853
b36 137 1125 165 1137
b37 68 2182 84 2203
b38 83 552 116 578
b39 16 2355 46 2397
b40 151 525 179 566
b41 71 1898 87 1914
b42 88 1898 107 1942
b43 138 794 178 828
b44 118 778 145 794
b45 57 2274 71 2311
b46 132 955 180 970
b47 96 509 119 523
b48 101 735 125 761
b49 28 1501 68 1532
b50 106 693 139 735
b51 50 865 77 913
b52 113 1057 140 1094
b53 130 1458 147 1476
b54 0 2442 43 2458
b55 132 540 145 586
b56 70 2060 92 2085
b57 127 591 146 639
b58 147 914 166 955
b59 34 2014 80 2060
b60 0 2458 30 2493
b61 64 2203 97 2237
b62 104 207 141 252
b63 0 1633 15 1668
b64 169 57 216 105
b65 47 1538 77 1571
b66 15 2206 46 2237
b67 68 1501 112 1538
b68 47 1837 82 1861
b69 169 105 188 143
b70 133 0 169 14
b71 91 1697 133 1731
b72 62 1098 96 1131
b73 46 2206 64 2244
b74 104 0 133 18
b75 133 164 156 191
b76 77 1659 91 1671
b77 77 1082 101 1098
b78 76 1942 102 1985
b79 139 667 158 704
b80 62 1792 76 1807
b81 46 1397 78 1417
b82 109 1409 141 1442
b83 145 1617 164 1654
b84 46 1861 89 1898
b85 70 778 118 815
b86 68 2158 92 2182
b87 46 1417 91 1436
b88 0 0 28 43
b89 143 354 155 389
b90 106 643 151 667
b91 83 591 127 619
b92 83 619 125 643
b93 133 143 176 164
b94 132 914 147 930
b95 70 2133 106 2158
b96 46 1898 71 1943
b97 112 1113 137 1141
b98 0 2355 16 2381
b99 89 1853 126 1873
b100 84 1795 111 1820
b101 134 970 174 1018
b102 96 471 121 509
b103 220 87 252 119
b104 207 32 243 57
b105 67 1436 109 1467
b106 104 432 138 471
b107 50 849 95 865
b108 78 1397 111 1409
b109 76 1914 88 1936
b110 24 2130 68 2153
b111 48 2153 66 2166
b112 28 1532 46 1578
b113 179 473 222 501
b114 151 454 190 473
b115 46 2244 83 2274
b116 47 1750 84 1792
b117 46 2355 70 2392
b118 104 354 143 389
b119 141 260 165 296
b120 47 1792 62 1837
b121 84 1750 116 1795
b122 216 57 259 87
b123 96 1662 109 1697
b124 34 1578 47 1617
b125 28 1226 46 1254
b126 169 0 207 28
b127 24 2153 48 2175
b128 77 1057 113 1082
b129 176 143 220 189
b130 114 1236 158 1281
b131 70 643 106 663
b132 141 311 179 327
b133 116 579 130 591
b134 130 1442 159 1458
b135 138 1744 153 1781
b136 77 1731 101 1750
b137 122 1296 144 1314
b138 121 471 151 493
b139 92 2158 125 2189
b140 133 191 145 207
b141 95 946 120 980
b142 138 868 165 914
b143 68 1240 114 1284
b144 114 1200 139 1229
b145 198 189 243 223
b146 96 1628 129 1662
b147 137 1094 149 1125
b148 77 1538 94 1563
b149 62 1131 84 1153
b150 70 19 83 49
b151 116 552 132 579
b152 117 2098 150 2131
b153 112 1188 152 1200
b154 146 410 188 454
b155 34 1617 46 1630
b156 34 2060 53 2102
b157 50 1189 92 1201
b158 101 761 129 778
b159 139 1200 163 1236
b160 50 913 62 949
b161 77 1628 96 1659
b162 149 1018 179 1030
b163 92 2012 138 2059
b164 141 327 173 354
b165 160 828 201 861
b166 43 2442 79 2454
b167 91 1340 138 1354
b168 130 1476 167 1501
b169 24 2102 70 2130
b170 28 37 50 82
b171 70 815 105 849
b172 70 663 101 688
b173 104 410 146 432
b174 104 1820 129 1840
b175 93 1284 127 1296
b176 68 1153 88 1169
b177 68 1320 89 1351
b178 143 394 163 410
b179 89 980 134 1021
b180 125 735 144 756
b181 130 1141 145 1183
b182 165 260 198 272
b183 178 566 215 582
b184 207 0 227 19
b185 83 19 96 63
b186 215 501 228 549
b187 179 311 201 335
b188 0 1593 24 1633
b189 91 1320 122 1340
b190 95 874 132 908
b191 28 0 70 37
b192 46 1943 68 1971
b193 15 2274 57 2317
b194 34 1971 76 2014
b195 68 1284 93 1320
b196 28 1436 67 1452
b197 70 2098 117 2133
b198 138 828 160 868
b199 155 354 189 394
