306238.75
410427.5
202050
449 450
57.172007
b0 401 232 417 268
b1 177 209 216 228
b2 0 264 35 305
b3 393 129 440 147
b4 159 370 185 402
b5 268 44 303 75
b6 305 185 318 214
b7 149 209 177 230
b8 0 145 15 177
b9 128 312 174 346
b10 115 399 147 444
b11 250 128 264 164
b12 214 128 250 170
b13 35 254 80 302
b14 35 199 60 214
b15 181 15 226 61
b16 350 69 368 91
b17 194 61 220 94
b18 305 128 324 162
b19 268 14 280 44
b20 395 0 428 28
b21 220 89 264 128
b22 231 0 257 39
b23 280 180 305 220
b24 265 169 280 194
b25 396 65 432 101
b26 35 302 78 327
b27 35 414 50 448
b28 358 285 404 323
b29 268 75 305 87
b30 306 251 323 278
b31 243 401 280 417
b32 106 242 129 274
b33 50 91 68 127
b34 369 69 388 107
b35 118 54 133 87
b36 280 29 308 41
b37 350 342 371 358
b38 325 218 358 244
b39 306 317 348 347
b40 194 170 235 198
b41 0 0 16 16
b42 159 112 203 131
b43 359 358 393 398
b44 231 39 258 55
b45 12 107 49 121
b46 183 0 231 15
b47 305 162 319 185
b48 35 175 61 199
b49 16 0 56 31
b50 222 232 264 265
b51 319 347 346 395
b52 264 111 301 138
b53 0 89 18 106
b54 358 269 401 285
b55 56 0 69 46
b56 308 37 330 62
b57 172 293 220 312
b58 72 383 113 402
b59 197 371 243 417
b60 184 131 214 166
b61 16 31 50 64
b62 222 326 259 371
b63 148 0 183 15
b64 175 312 222 360
b65 15 145 48 175
b66 222 198 253 229
b67 396 28 440 65
b68 273 347 308 371
b69 358 323 396 342
b70 92 237 106 273
b71 0 177 34 219
b72 363 35 396 69
b73 0 392 18 430
b74 148 15 177 33
b75 195 228 222 251
b76 259 347 273 359
b77 74 34 98 50
b78 343 161 386 187
b79 81 138 118 157
b80 243 371 258 385
b81 72 402 92 434
b82 330 37 363 69
b83 306 214 325 251
b84 358 232 401 269
b85 159 402 196 450
b86 369 107 393 131
b87 350 91 369 136
b88 166 166 194 209
b89 118 346 153 358
b90 50 46 74 91
b91 417 228 445 272
b92 121 162 163 186
b93 68 92 111 113
b94 103 218 119 233
b95 325 244 350 280
b96 305 103 350 128
b97 81 113 109 138
b98 222 287 238 313
b99 35 394 72 414
b100 238 287 265 312
b101 35 214 83 254
b102 253 194 278 232
b103 253 417 285 449
b104 92 274 128 299
b105 292 417 334 448
b106 265 278 304 312
b107 18 392 34 437
b108 185 360 197 393
b109 386 165 398 187
b110 92 402 115 446
b111 386 147 399 165
b112 325 145 343 191
b113 396 101 439 129
b114 226 70 265 89
b115 157 68 194 98
b116 306 280 348 317
b117 216 417 253 441
b118 356 0 395 35
b119 121 110 157 134
b120 78 324 123 339
b121 0 219 32 264
b122 129 280 172 310
b123 222 313 257 326
b124 401 272 440 285
b125 18 89 46 107
b126 83 190 121 218
b127 153 346 175 370
b128 92 299 128 324
b129 402 184 448 228
b130 358 187 402 232
b131 0 330 20 366
b132 121 134 159 150
b133 268 0 280 14
b134 148 33 177 49
b135 20 330 35 367
b136 337 0 356 24
b137 177 228 195 250
b138 235 170 265 192
b139 35 361 66 394
b140 0 106 12 122
b141 16 64 50 89
b142 292 371 319 417
b143 72 339 118 383
b144 0 305 29 330
b145 305 69 350 103
b146 83 157 117 190
b147 80 290 92 321
b148 325 128 350 145
b149 61 191 83 213
b150 346 358 359 388
b151 310 0 337 16
b152 48 127 81 160
b153 147 399 159 439
b154 74 50 118 92
b155 154 267 166 280
b156 139 49 181 68
b157 119 230 161 242
b158 280 12 308 29
b159 12 121 48 145
b160 262 266 298 278
b161 264 138 283 169
b162 280 0 310 12
b163 396 326 443 372
b164 325 191 357 218
b165 118 358 151 399
b166 80 254 92 290
b167 157 98 204 112
b168 129 242 154 279
b169 278 220 306 266
b170 121 186 166 208
b171 114 0 148 35
b172 0 367 31 392
b173 283 138 305 180
b174 428 0 448 25
b175 258 371 292 383
b176 196 417 216 433
b177 163 131 184 162
b178 139 68 155 88
b179 404 285 449 326
b180 118 35 139 54
b181 226 55 268 70
b182 121 150 154 162
b183 161 230 177 267
b184 83 218 103 237
b185 310 24 354 37
b186 0 16 13 64
b187 133 88 157 110
b188 265 87 305 111
b189 61 160 81 191
b190 35 327 72 361
b191 402 147 444 184
b192 121 208 149 230
b193 177 251 220 293
b194 393 372 436 414
b195 350 136 386 161
b196 243 385 282 401
b197 259 312 306 347
b198 222 265 262 287
b199 74 0 114 34
