446451.75
578743.5
314160
561 560
58.934371
b0 116 319 143 334
b1 538 211 554 238
b2 424 18 450 40
b3 411 67 456 88
b4 461 405 506 445
b5 0 225 26 241
b6 210 91 248 118
b7 184 357 219 386
b8 166 274 187 310
b9 65 221 109 246
b10 385 301 416 316
b11 375 167 399 208
b12 250 154 267 173
b13 309 391 357 424
b14 330 95 351 139
b15 439 272 473 287
b16 40 402 85 444
b17 293 291 334 328
b18 265 391 309 434
b19 234 351 257 387
b20 28 84 45 97
b21 184 386 228 414
b22 137 0 166 35
b23 313 161 330 201
b24 491 234 515 252
b25 184 414 227 443
b26 360 409 387 427
b27 292 91 330 131
b28 267 154 291 166
b29 166 170 195 200
b30 340 250 360 278
b31 330 218 366 250
b32 307 541 329 560
b33 210 46 256 91
b34 104 71 116 100
b35 487 379 499 405
b36 439 137 469 164
b37 458 481 470 510
b38 279 251 300 270
b39 77 348 90 360
b40 21 386 40 433
b41 256 91 292 110
b42 478 64 503 110
b43 300 251 339 272
b44 37 327 64 351
b45 480 445 505 469
b46 351 95 364 114
b47 515 238 557 278
b48 187 284 215 318
b49 186 98 210 146
b50 293 272 307 291
b51 458 467 474 481
b52 228 387 265 405
b53 132 411 168 423
b54 291 131 325 161
b55 199 253 225 284
b56 359 427 390 473
b57 118 128 166 175
b58 498 511 523 536
b59 66 0 104 47
b60 423 507 439 546
b61 366 242 397 287
b62 307 452 353 488
b63 232 0 268 46
b64 439 287 472 302
b65 155 471 178 484
b66 418 223 463 265
b67 379 287 412 301
b68 0 51 28 96
b69 390 507 417 543
b70 219 335 264 351
b71 367 208 399 242
b72 40 444 72 459
b73 424 55 470 67
b74 0 488 34 531
b75 40 351 77 371
b76 330 139 369 175
b77 312 0 330 40
b78 77 360 93 402
b79 268 66 308 91
b80 62 261 98 276
b81 26 225 58 240
b82 292 352 316 391
b83 316 354 357 391
b84 72 444 110 478
b85 330 0 364 43
b86 424 304 468 343
b87 178 475 223 523
b88 268 0 312 29
b89 404 363 424 405
b90 288 328 334 352
b91 45 0 66 43
b92 260 494 307 539
b93 223 460 247 480
b94 227 441 258 460
b95 166 61 210 98
b96 202 207 248 240
b97 402 211 417 251
b98 479 265 514 278
b99 506 414 546 431
b100 360 364 404 409
b101 466 191 502 221
b102 35 459 71 499
b103 200 523 234 557
b104 265 434 307 448
b105 66 87 101 120
b106 104 38 116 71
b107 64 276 79 308
b108 424 343 461 381
b109 118 204 164 246
b110 470 0 509 42
b111 0 329 21 342
b112 31 154 61 179
b113 166 146 202 170
b114 506 431 550 465
b115 31 132 65 154
b116 90 133 118 152
b117 418 265 439 304
b118 468 311 512 349
b119 309 424 354 452
b120 166 217 202 253
b121 279 166 313 204
b122 166 98 186 141
b123 502 211 538 234
b124 40 371 75 402
b125 265 448 307 494
b126 93 388 115 400
b127 0 286 25 329
b128 508 142 552 170
b129 524 108 546 142
b130 461 375 487 405
b131 0 241 48 286
b132 419 0 458 18
b133 440 488 455 531
b134 166 0 200 47
b135 65 167 80 212
b136 330 206 367 218
b137 249 235 277 256
b138 71 478 113 506
b139 228 405 265 441
b140 380 543 423 555
b141 307 488 352 507
b142 353 501 390 528
b143 334 289 359 313
b144 58 246 98 261
b145 79 276 92 321
b146 132 378 180 411
b147 98 246 140 276
b148 440 468 458 488
b149 470 42 517 64
b150 424 445 455 468
b151 0 183 18 225
b152 251 110 267 129
b153 210 118 251 148
b154 267 110 289 127
b155 132 423 146 448
b156 364 39 380 67
b157 402 186 422 211
b158 264 291 277 314
b159 506 465 550 497
b160 366 314 382 341
b161 402 88 449 134
b162 0 96 18 127
b163 456 67 478 100
b164 114 481 155 517
b165 458 511 479 528
b166 35 499 69 535
b167 512 341 549 377
b168 334 313 358 354
b169 116 57 155 81
b170 118 175 163 204
b171 34 535 74 557
b172 330 43 357 56
b173 251 129 283 154
b174 330 190 373 206
b175 65 152 81 167
b176 104 0 137 38
b177 25 286 62 327
b178 66 120 83 139
b179 31 179 65 225
b180 479 511 498 551
b181 180 443 210 471
b182 264 323 288 368
b183 185 318 218 357
b184 279 204 325 229
b185 346 528 380 555
b186 0 433 33 464
b187 364 101 402 137
b188 511 377 551 414
b189 479 221 491 265
b190 449 100 476 137
b191 116 376 132 410
b192 476 110 524 139
b193 115 410 132 443
b194 477 177 505 190
b195 411 28 424 61
b196 508 170 549 211
b197 81 152 118 180
b198 116 38 164 57
b199 429 164 460 200
b200 268 29 311 66
b201 461 349 490 375
b202 307 507 346 541
b203 0 358 15 386
b204 143 345 184 378
b205 424 40 445 55
b206 143 310 185 345
b207 28 51 56 84
b208 66 47 86 74
b209 218 299 263 335
b210 466 221 479 245
b211 366 302 382 314
b212 0 386 21 428
b213 277 291 291 323
b214 460 164 477 191
b215 264 270 293 291
b216 213 0 232 42
b217 45 84 65 132
b218 390 464 405 507
b219 250 173 278 191
b220 223 480 260 510
b221 69 506 114 519
b222 364 67 389 101
b223 257 368 279 387
b224 155 523 200 544
b225 202 169 249 207
b226 424 468 440 507
b227 210 443 223 475
b228 397 263 418 283
b229 141 259 165 307
b230 369 137 402 167
b231 424 381 440 411
b232 116 334 139 376
b233 66 74 82 87
b234 517 0 535 33
b235 279 229 325 251
b236 77 321 116 348
b237 210 148 250 169
b238 402 147 429 186
b239 93 348 115 388
b240 366 341 385 364
b241 141 246 165 259
b242 389 39 411 79
b243 424 411 461 445
b244 402 134 439 147
b245 470 487 506 511
b246 422 200 466 223
b247 364 0 400 39
b248 98 276 141 307
b249 74 519 109 546
b250 0 127 31 161
b251 390 409 424 452
b252 400 0 419 28
b253 366 287 379 302
b254 66 139 90 152
b255 385 316 424 363
b256 279 368 292 389
b257 307 272 340 289
b258 503 64 537 108
b259 390 452 416 464
b260 399 251 418 263
b261 98 307 143 319
b262 150 423 177 471
b263 117 81 163 128
b264 0 0 45 23
b265 330 175 375 190
b266 513 278 561 323
b267 330 56 364 95
b268 455 445 480 467
b269 513 323 550 341
b270 219 351 234 374
b271 85 402 109 444
b272 0 464 35 488
b273 490 349 511 379
b274 166 253 199 274
b275 15 358 37 386
b276 166 47 197 61
b277 458 0 470 47
b278 200 0 213 42
b279 225 256 264 299
b280 0 161 31 183
b281 474 469 504 487
b282 249 191 279 235
b283 491 252 506 265
b284 440 381 461 411
b285 104 100 117 133
b286 80 180 116 221
b287 234 510 255 552
b288 354 473 390 501
b289 113 448 150 481
b290 463 245 479 272
b291 0 23 43 51
b292 440 531 479 555
b293 405 464 424 507
b294 166 200 192 217
b295 64 308 77 351
b296 0 342 27 358
b297 477 139 508 177
b298 473 278 513 311
b299 202 240 215 253
