222932.5
224700
207025
455 455
2.707606
b0 238 109 281 142
b1 199 230 236 295
b2 360 198 394 251
b3 171 104 238 141
b4 108 353 127 382
b5 261 194 310 233
b6 411 391 429 431
b7 149 0 171 40
b8 108 291 158 353
b9 269 0 285 41
b10 104 40 156 58
b11 53 212 112 251
b12 46 278 107 306
b13 285 0 333 57
b14 0 317 43 380
b15 158 295 210 354
b16 373 251 409 308
b17 171 403 237 447
b18 0 74 48 125
b19 112 260 162 291
b20 329 291 348 328
b21 121 149 171 213
b22 171 180 205 229
b23 396 316 445 336
b24 250 342 295 370
b25 261 259 315 298
b26 43 349 98 389
b27 236 231 261 296
b28 372 393 411 439
b29 267 298 329 322
b30 147 58 171 84
b31 261 233 295 259
b32 46 306 99 349
b33 82 0 104 35
b34 328 171 382 198
b35 215 142 253 173
b36 416 183 455 250
b37 261 174 321 194
b38 249 370 306 393
b39 238 57 293 109
b40 367 316 396 342
b41 53 251 108 278
b42 0 125 53 187
b43 0 256 46 317
b44 328 124 393 171
b45 244 298 267 342
b46 329 252 351 291
b47 358 59 391 124
b48 53 135 80 192
b49 293 59 358 106
b50 261 142 328 174
b51 192 365 249 403
b52 315 198 360 252
b53 0 0 21 43
b54 21 0 82 18
b55 352 0 408 34
b56 53 195 116 212
b57 293 106 340 124
b58 210 296 244 342
b59 335 393 372 443
b60 210 342 250 365
b61 171 77 204 100
b62 391 34 451 53
b63 104 0 149 36
b64 112 213 162 260
b65 21 18 78 74
b66 53 74 120 135
b67 171 33 211 77
b68 393 53 445 116
b69 120 58 147 112
b70 227 0 269 42
b71 351 252 373 316
b72 306 328 367 389
b73 393 116 454 183
b74 0 214 38 256
b75 333 0 352 28
b76 145 112 167 145
b77 269 393 335 450
b78 237 403 269 439
b79 80 135 121 195
b80 245 173 261 231
b81 205 180 245 230
b82 124 389 171 446
b83 237 439 259 455
b84 394 183 416 250
b85 352 34 372 59
b86 162 229 199 285
b87 171 141 215 180
b88 121 112 145 149
b89 0 187 38 214
b90 59 389 98 422
b91 171 0 227 33
b92 82 58 108 74
b93 127 354 192 389
b94 0 389 59 430
b95 367 342 386 393
b96 409 250 449 316
b97 107 382 124 449
b98 211 42 233 104
b99 386 342 452 391
