449831.75
585503.5
314160
560 561
48.82644
b0 177 37 192 64
b1 328 379 355 395
b2 304 293 330 315
b3 277 176 298 221
b4 333 230 373 275
b5 32 180 48 206
b6 177 364 204 402
b7 520 121 555 150
b8 308 257 329 293
b9 131 43 175 68
b10 406 297 437 312
b11 36 246 77 270
b12 287 282 304 301
b13 144 358 177 406
b14 77 468 121 489
b15 442 293 476 308
b16 86 352 131 394
b17 333 275 374 312
b18 55 0 98 44
b19 229 312 265 335
b20 211 444 228 457
b21 374 276 402 320
b22 156 151 191 180
b23 338 488 355 528
b24 480 347 504 365
b25 55 72 98 101
b26 454 47 481 65
b27 256 394 296 432
b28 83 310 107 322
b29 328 350 358 379
b30 253 356 281 376
b31 43 210 75 246
b32 485 47 504 69
b33 0 324 46 369
b34 211 457 223 486
b35 514 257 540 269
b36 306 147 333 177
b37 298 194 327 206
b38 142 425 163 444
b39 287 301 300 313
b40 36 270 83 289
b41 220 77 256 96
b42 502 0 548 25
b43 271 0 310 21
b44 73 171 97 198
b45 252 181 277 205
b46 420 152 433 171
b47 512 320 554 360
b48 368 483 396 517
b49 163 425 211 449
b50 228 444 247 458
b51 458 332 472 348
b52 175 0 193 37
b53 266 256 302 268
b54 84 322 118 352
b55 0 181 31 207
b56 0 432 46 463
b57 310 0 358 47
b58 420 127 445 152
b59 0 497 47 535
b60 166 406 205 422
b61 442 225 487 256
b62 275 511 311 557
b63 478 258 514 304
b64 447 406 480 421
b65 355 483 368 506
b66 224 205 266 250
b67 420 74 453 88
b68 282 343 327 371
b69 333 203 369 230
b70 121 449 137 494
b71 420 42 454 74
b72 0 166 32 181
b73 43 54 55 100
b74 98 153 132 196
b75 180 64 200 101
b76 358 0 394 39
b77 0 0 40 18
b78 0 369 42 385
b79 355 517 380 557
b80 0 246 36 261
b81 251 376 283 391
b82 333 158 357 197
b83 193 0 230 41
b84 46 322 84 356
b85 190 205 224 248
b86 271 21 310 65
b87 493 398 541 443
b88 358 354 402 383
b89 378 137 420 157
b90 310 47 334 93
b91 77 221 98 264
b92 454 69 499 116
b93 463 504 487 524
b94 131 314 162 333
b95 380 517 417 561
b96 480 365 526 398
b97 358 421 398 436
b98 293 65 306 100
b99 290 432 307 472
b100 357 158 401 203
b101 481 474 517 504
b102 46 356 86 392
b103 526 360 560 394
b104 266 268 308 282
b105 407 238 442 271
b106 442 360 475 372
b107 132 110 147 142
b108 330 312 367 350
b109 187 288 229 334
b110 410 0 449 42
b111 46 392 67 405
b112 131 333 161 358
b113 28 111 52 147
b114 334 47 378 81
b115 0 132 22 166
b116 168 287 187 315
b117 52 171 73 210
b118 514 269 558 307
b119 310 460 355 488
b120 0 18 36 54
b121 442 372 480 406
b122 0 535 43 555
b123 440 463 463 499
b124 81 431 116 462
b125 447 421 493 463
b126 131 358 143 380
b127 162 315 187 358
b128 396 483 440 511
b129 406 356 440 378
b130 367 105 393 135
b131 402 412 447 460
b132 187 270 226 288
b133 0 54 43 69
b134 137 449 171 496
b135 132 68 177 83
b136 475 335 512 347
b137 0 111 28 132
b138 211 416 253 444
b139 433 164 470 200
b140 401 157 413 200
b141 469 116 488 161
b142 311 488 338 525
b143 442 308 467 332
b144 211 529 251 544
b145 211 403 256 416
b146 98 41 131 89
b147 77 524 119 554
b148 200 77 220 95
b149 177 248 224 270
b150 454 24 485 47
b151 338 395 356 437
b152 156 135 175 151
b153 47 513 77 554
b154 378 39 395 61
b155 141 287 155 312
b156 442 332 458 360
b157 226 250 251 270
b158 77 198 90 221
b159 378 61 410 105
b160 500 69 527 85
b161 356 436 402 483
b162 135 230 166 248
b163 271 65 293 98
b164 98 0 134 41
b165 266 282 287 299
b166 406 378 442 412
b167 442 256 478 293
b168 449 0 490 24
b169 309 206 333 245
b170 48 468 77 513
b171 358 383 398 405
b172 155 287 168 314
b173 393 105 418 137
b174 98 248 141 264
b175 251 250 266 266
b176 150 521 183 559
b177 80 394 121 431
b178 98 229 117 246
b179 83 264 117 310
b180 521 180 540 220
b181 55 44 85 72
b182 261 100 306 124
b183 373 203 412 236
b184 433 200 479 225
b185 98 89 132 116
b186 0 401 33 432
b187 514 221 552 257
b188 306 93 346 130
b189 488 116 500 160
b190 487 221 514 258
b191 358 405 392 421
b192 205 335 253 364
b193 35 147 52 180
b194 498 307 526 320
b195 40 21 53 54
b196 417 511 458 552
b197 183 514 211 551
b198 0 478 48 497
b199 307 395 338 431
b200 134 0 171 43
b201 407 271 436 297
b202 367 320 406 354
b203 183 499 211 514
b204 191 164 224 205
b205 40 0 55 21
b206 0 69 35 111
b207 287 315 320 343
b208 0 261 27 281
b209 500 85 545 121
b210 412 225 436 238
b211 447 116 463 128
b212 135 184 156 226
b213 230 0 244 32
b214 306 130 333 147
b215 253 335 282 356
b216 244 0 263 42
b217 413 171 433 219
b218 0 463 43 478
b219 224 181 252 199
b220 98 116 128 153
b221 118 306 131 351
b222 229 287 263 312
b223 144 406 166 425
b224 121 404 142 449
b225 224 143 271 181
b226 178 110 194 149
b227 271 124 303 137
b228 500 121 520 142
b229 211 505 259 529
b230 241 42 271 75
b231 348 81 378 97
b232 117 264 140 306
b233 198 476 211 492
b234 463 463 481 496
b235 104 496 150 518
b236 171 449 210 476
b237 194 101 215 141
b238 420 88 447 127
b239 55 101 95 123
b240 494 180 517 199
b241 251 529 275 542
b242 266 234 306 256
b243 156 180 190 217
b244 472 322 509 335
b245 445 128 469 164
b246 307 437 351 460
b247 141 248 177 287
b248 0 281 31 324
b249 77 489 104 524
b250 46 413 80 444
b251 256 432 290 475
b252 211 486 239 505
b253 117 229 130 244
b254 131 380 144 404
b255 204 364 251 403
b256 67 392 80 413
b257 229 270 262 287
b258 504 25 538 69
b259 306 245 332 257
b260 494 160 506 179
b261 171 476 183 521
b262 132 83 180 110
b263 215 96 261 143
b264 283 371 328 394
b265 333 143 378 158
b266 52 123 97 171
b267 271 137 305 176
b268 156 110 178 135
b269 540 150 558 187
b270 183 476 198 499
b271 132 142 156 184
b272 46 444 81 468
b273 194 143 224 164
b274 266 299 287 332
b275 31 289 53 317
b276 467 308 498 322
b277 490 0 502 47
b278 33 385 46 427
b279 0 207 43 246
b280 53 289 75 320
b281 187 334 205 364
b282 406 312 436 356
b283 333 130 348 143
b284 506 150 527 180
b285 156 217 189 230
b286 200 41 241 77
b287 479 200 521 221
b288 282 475 310 511
b289 98 196 135 229
b290 402 460 429 476
b291 239 475 282 503
b292 470 161 494 200
b293 348 97 367 140
b294 306 177 332 194
b295 266 221 309 234
b296 0 385 27 401
b297 493 443 531 474
b298 374 236 407 276
b299 22 147 35 160
