438938.5
563156
314721
561 561
588.034411
b0 468 242 495 257
b1 350 277 377 293
b2 72 93 98 115
b3 350 506 371 551
b4 270 172 310 217
b5 0 444 16 470
b6 201 345 239 372
b7 477 319 506 354
b8 116 170 137 206
b9 178 520 222 545
b10 289 276 320 291
b11 43 275 84 299
b12 223 240 242 257
b13 201 297 234 345
b14 468 158 489 202
b15 537 416 552 450
b16 102 355 147 397
b17 241 0 282 37
b18 458 368 502 411
b19 371 473 407 496
b20 237 491 254 504
b21 45 0 73 44
b22 429 194 464 223
b23 363 236 403 253
b24 371 496 395 514
b25 425 247 468 276
b26 489 158 507 185
b27 468 202 506 242
b28 343 293 355 317
b29 166 324 196 353
b30 104 223 132 243
b31 181 231 213 267
b32 531 397 553 416
b33 189 472 235 517
b34 479 447 491 476
b35 506 286 518 312
b36 491 445 521 472
b37 466 82 495 94
b38 285 338 306 357
b39 254 491 266 504
b40 66 497 113 516
b41 202 165 221 201
b42 47 93 72 139
b43 522 206 561 227
b44 0 359 24 386
b45 522 289 546 314
b46 411 484 424 503
b47 465 277 505 319
b48 207 0 241 28
b49 420 223 468 247
b50 319 352 338 366
b51 458 447 474 461
b52 185 36 222 54
b53 277 273 289 309
b54 235 300 269 330
b55 0 333 31 359
b56 239 374 285 405
b57 185 54 232 102
b58 429 357 454 382
b59 42 155 80 202
b60 42 139 81 155
b61 392 406 423 451
b62 239 338 285 374
b63 266 491 312 527
b64 540 173 555 206
b65 80 155 103 168
b66 507 88 552 130
b67 282 19 315 33
b68 267 144 312 172
b69 349 44 385 71
b70 466 36 482 81
b71 282 33 314 67
b72 102 300 134 315
b73 349 32 395 44
b74 93 397 136 431
b75 468 257 505 277
b76 110 77 149 113
b77 365 108 383 148
b78 27 541 69 557
b79 153 520 178 560
b80 78 376 93 412
b81 24 359 56 374
b82 320 116 359 140
b83 73 0 110 41
b84 28 478 66 512
b85 432 46 466 89
b86 363 197 407 236
b87 282 405 330 450
b88 223 142 267 171
b89 507 68 549 88
b90 442 0 466 46
b91 35 376 78 397
b92 506 352 553 397
b93 210 102 230 126
b94 110 0 129 31
b95 152 476 189 520
b96 319 369 365 402
b97 507 203 522 243
b98 420 142 455 155
b99 458 411 498 428
b100 507 24 552 68
b101 277 243 313 273
b102 102 315 138 355
b103 330 402 364 436
b104 371 349 385 391
b105 118 523 153 556
b106 282 67 315 79
b107 41 327 73 342
b108 428 276 465 314
b109 312 169 358 211
b110 110 35 149 77
b111 28 512 49 525
b112 86 170 116 195
b113 134 440 158 476
b114 315 27 349 71
b115 136 406 158 440
b116 122 504 150 523
b117 266 79 305 100
b118 506 314 550 352
b119 424 463 452 508
b120 171 0 207 36
b121 242 243 276 281
b122 0 237 43 257
b123 486 504 509 540
b124 202 441 237 472
b125 241 100 287 142
b126 16 444 28 466
b127 49 516 92 541
b128 453 476 497 504
b129 424 398 458 420
b130 395 253 425 279
b131 0 0 45 48
b132 385 97 424 115
b133 507 243 522 286
b134 222 527 269 561
b135 156 284 201 299
b136 458 356 495 368
b137 0 288 28 309
b138 0 179 42 207
b139 383 115 420 151
b140 540 130 552 173
b141 389 338 434 357
b142 138 220 165 257
b143 269 218 293 243
b144 237 450 252 490
b145 145 113 158 158
b146 185 408 233 441
b147 239 420 281 450
b148 327 317 347 335
b149 84 41 106 88
b150 471 94 494 125
b151 0 48 42 66
b152 293 217 312 233
b153 0 207 41 237
b154 185 102 202 124
b155 86 223 100 248
b156 429 382 457 398
b157 185 124 210 144
b158 189 441 202 464
b159 359 0 403 32
b160 149 96 176 112
b161 359 151 406 197
b162 138 284 156 315
b163 507 130 540 152
b164 466 0 507 36
b165 320 152 341 169
b166 371 514 407 548
b167 431 158 468 194
b168 161 36 185 77
b169 70 454 109 478
b170 147 377 192 406
b171 371 451 411 473
b172 145 158 172 171
b173 166 299 198 324
b174 35 428 78 444
b175 35 342 51 357
b176 453 504 486 542
b177 101 243 138 284
b178 454 94 471 113
b179 56 342 102 376
b180 497 472 537 491
b181 122 476 152 504
b182 350 253 395 277
b183 106 113 145 146
b184 482 36 507 82
b185 325 0 359 27
b186 0 131 31 164
b187 522 227 558 265
b188 389 357 429 394
b189 384 279 428 291
b190 290 291 327 318
b191 102 284 136 300
b192 502 397 531 445
b193 285 388 318 405
b194 454 113 467 141
b195 411 451 424 484
b196 509 504 550 545
b197 165 171 202 199
b198 70 478 118 497
b199 35 397 71 428
b200 434 319 477 356
b201 355 293 384 319
b202 330 436 369 470
b203 0 164 28 179
b204 252 450 285 491
b205 458 461 479 476
b206 129 0 171 35
b207 287 116 320 144
b208 145 171 165 198
b209 285 450 330 486
b210 507 0 520 24
b211 305 79 317 95
b212 28 457 70 478
b213 149 82 181 96
b214 507 152 534 169
b215 269 309 290 338
b216 235 281 277 300
b217 330 506 350 554
b218 239 405 282 420
b219 86 195 104 223
b220 395 67 432 97
b221 407 503 420 548
b222 241 37 266 71
b223 290 318 312 337
b224 371 406 392 451
b225 0 93 47 131
b226 327 276 343 315
b227 407 219 420 251
b228 432 89 453 109
b229 147 353 195 377
b230 424 109 454 142
b231 165 231 181 261
b232 138 261 180 284
b233 509 491 525 504
b234 420 527 453 545
b235 223 218 269 240
b236 0 505 27 544
b237 214 257 235 297
b238 45 44 84 71
b239 81 115 103 155
b240 458 428 481 447
b241 69 541 93 554
b242 42 71 82 93
b243 313 242 350 276
b244 350 211 363 248
b245 522 265 558 289
b246 93 516 116 560
b247 330 470 369 506
b248 0 257 43 288
b249 0 417 35 444
b250 285 357 319 388
b251 424 420 458 463
b252 424 508 452 527
b253 312 318 327 331
b254 0 492 24 505
b255 389 291 428 338
b256 28 288 41 309
b257 104 206 137 223
b258 42 202 86 236
b259 320 140 346 152
b260 389 394 408 406
b261 122 431 134 476
b262 158 406 185 454
b263 223 172 270 218
b264 158 112 181 157
b265 306 337 351 352
b266 317 71 365 116
b267 403 0 442 34
b268 407 194 429 219
b269 365 71 383 108
b270 86 248 101 271
b271 103 146 145 170
b272 0 309 35 333
b273 507 182 537 203
b274 137 199 170 220
b275 0 470 28 492
b276 158 454 189 468
b277 149 35 161 82
b278 78 412 91 454
b279 43 236 86 275
b280 0 386 22 417
b281 371 319 389 349
b282 170 201 214 231
b283 507 169 522 182
b284 520 0 550 21
b285 35 444 68 457
b286 198 372 239 408
b287 181 144 223 165
b288 138 315 166 351
b289 395 34 432 67
b290 351 319 367 346
b291 59 299 102 327
b292 407 155 431 194
b293 282 0 325 19
b294 338 352 364 369
b295 109 431 122 474
b296 43 299 59 326
b297 312 211 350 242
b298 467 125 507 158
b299 93 431 106 444
