2074216.75
3152263.5
996170
266 3745
953.329777
b0 147 74 174 89
b1 92 1278 119 1294
b2 91 2023 113 2049
b3 24 3322 45 3367
b4 26 2501 66 2546
b5 56 2349 72 2375
b6 29 2841 67 2868
b7 82 660 117 689
b8 159 602 180 638
b9 84 864 128 889
b10 147 0 162 31
b11 59 2477 100 2501
b12 67 3196 84 3215
b13 29 2793 62 2841
b14 25 2008 69 2029
b15 232 0 266 15
b16 151 1998 196 2040
b17 83 2605 124 2642
b18 99 616 142 660
b19 29 3558 65 3581
b20 56 2408 69 2425
b21 58 2990 86 3034
b22 77 2712 112 2741
b23 57 3415 97 3432
b24 116 3169 134 3193
b25 94 3098 123 3141
b26 107 1389 134 1407
b27 196 1143 234 1183
b28 99 436 123 448
b29 149 1076 178 1106
b30 62 0 82 28
b31 154 177 186 213
b32 135 1857 154 1879
b33 114 2040 159 2086
b34 13 2890 42 2902
b35 147 89 159 115
b36 179 228 206 258
b37 45 3340 57 3369
b38 46 3106 67 3125
b39 95 1294 107 1307
b40 125 780 144 827
b41 57 3432 93 3451
b42 46 3081 92 3106
b43 107 1417 146 1438
b44 47 3516 74 3540
b45 29 2705 53 2730
b46 189 299 208 312
b47 47 2868 89 2908
b48 161 758 189 792
b49 0 2947 24 2995
b50 73 3356 92 3370
b51 62 2425 76 2441
b52 69 2404 106 2422
b53 147 165 183 177
b54 124 1042 154 1076
b55 62 1405 88 1436
b56 45 3252 91 3283
b57 71 2557 118 2605
b58 95 1561 120 1586
b59 45 3478 92 3516
b60 162 520 201 536
b61 79 2943 110 2988
b62 102 1794 148 1830
b63 26 2425 62 2471
b64 26 2471 59 2486
b65 13 2125 26 2148
b66 153 1480 195 1525
b67 82 772 96 805
b68 86 2111 114 2156
b69 25 41 61 68
b70 184 17 200 62
b71 146 1448 180 1480
b72 139 1830 171 1845
b73 111 1059 123 1105
b74 73 3322 116 3356
b75 134 1250 154 1287
b76 83 2642 122 2678
b77 96 827 136 845
b78 154 258 196 274
b79 174 80 214 105
b80 13 2546 49 2561
b81 152 323 167 355
b82 123 520 162 544
b83 25 0 62 41
b84 110 209 144 247
b85 61 1469 95 1512
b86 123 544 162 588
b87 148 1686 193 1734
b88 120 1105 149 1149
b89 233 132 253 174
b90 193 1525 239 1549
b91 161 826 204 847
b92 186 165 231 212
b93 95 1586 115 1610
b94 165 1225 196 1244
b95 168 1106 212 1143
b96 61 1436 107 1469
b97 69 2008 109 2023
b98 111 1024 124 1059
b99 162 0 202 17
b100 115 1622 159 1667
b101 62 1194 92 1230
b102 62 2441 102 2477
b103 71 2501 105 2535
b104 143 588 185 602
b105 61 1975 96 2008
b106 117 719 129 752
b107 61 1512 93 1527
b108 202 42 239 80
b109 117 660 159 706
b110 61 1794 100 1836
b111 0 43 13 64
b112 165 1244 195 1269
b113 84 1105 120 1129
b114 128 902 162 946
b115 13 2868 47 2890
b116 39 3654 67 3673
b117 174 105 213 126
b118 86 2988 130 3026
b119 144 475 172 520
b120 103 2306 139 2342
b121 49 2605 83 2643
b122 82 752 125 772
b123 136 1561 159 1597
b124 134 1330 165 1365
b125 140 2815 186 2857
b126 62 864 84 876
b127 0 0 25 43
b128 99 588 143 616
b129 72 2382 106 2404
b130 26 2155 56 2181
b131 84 1149 132 1194
b132 214 80 232 119
b133 67 2306 82 2349
b134 107 1514 141 1561
b135 128 965 173 980
b136 162 62 199 74
b137 113 2156 134 2184
b138 92 1250 134 1278
b139 61 1938 97 1975
b140 46 2990 58 3033
b141 73 3370 92 3415
b142 84 889 111 926
b143 181 274 205 299
b144 53 2753 68 2793
b145 13 2902 26 2947
b146 162 847 210 880
b147 202 0 232 42
b148 92 2806 110 2826
b149 97 3395 144 3417
b150 66 3601 89 3632
b151 29 3516 47 3558
b152 128 946 144 965
b153 26 2125 67 2155
b154 103 1372 125 1389
b155 154 213 179 227
b156 173 321 201 337
b157 61 1877 81 1902
b158 69 2049 92 2062
b159 110 177 154 209
b160 134 1365 161 1381
b161 58 3034 104 3081
b162 102 1857 133 1875
b163 171 436 204 458
b164 110 347 146 388
b165 92 3081 113 3098
b166 49 2643 83 2679
b167 45 3215 81 3252
b168 42 2921 66 2962
b169 92 3356 116 3395
b170 87 2197 116 2242
b171 49 2546 71 2586
b172 47 2908 74 2921
b173 61 1527 86 1559
b174 24 3125 67 3141
b175 186 212 201 228
b176 128 864 161 902
b177 89 2741 130 2778
b178 76 2422 93 2441
b179 107 1480 153 1514
b180 67 2111 86 2151
b181 92 2778 122 2806
b182 109 1974 154 1998
b183 29 3581 62 3620
b184 120 1597 166 1622
b185 39 3620 66 3654
b186 72 2349 103 2382
b187 192 723 228 761
b188 134 1002 171 1042
b189 46 2099 90 2111
b190 102 1830 139 1857
b191 13 2561 29 2595
b192 144 388 173 436
b193 62 1294 95 1311
b194 86 2184 114 2197
b195 231 119 264 132
b196 61 1836 102 1877
b197 110 0 147 28
b198 82 845 130 864
b199 107 1294 138 1330
b200 86 1757 129 1794
b201 100 2826 126 2855
b202 159 126 193 165
b203 25 2029 40 2057
b204 62 1372 103 1405
b205 25 2093 46 2108
b206 110 2242 152 2277
b207 46 2962 79 2990
b208 86 2156 113 2176
b209 0 3709 45 3745
b210 67 3145 80 3169
b211 47 3540 63 3552
b212 81 1877 102 1919
b213 159 638 191 652
b214 0 3663 17 3690
b215 0 3382 29 3403
b216 123 1667 165 1686
b217 67 2197 87 2245
b218 94 3141 137 3156
b219 45 3322 73 3340
b220 122 2778 152 2815
b221 123 3026 136 3071
b222 125 1225 159 1250
b223 24 2962 46 2981
b224 93 1736 138 1757
b225 105 2422 152 2460
b226 148 1734 187 1750
b227 116 2184 129 2216
b228 79 2923 100 2943
b229 53 2705 77 2753
b230 134 1384 164 1417
b231 105 2460 121 2490
b232 162 880 204 903
b233 173 308 189 321
b234 180 602 213 620
b235 17 3663 39 3709
b236 144 436 171 475
b237 24 3141 45 3181
b238 67 3106 94 3145
b239 134 980 174 1002
b240 161 1365 184 1384
b241 97 1938 110 1962
b242 162 17 184 57
b243 144 274 181 308
b244 45 3451 82 3464
b245 25 68 61 92
b246 111 980 134 1024
b247 24 3283 60 3322
b248 125 1194 168 1225
b249 184 1269 219 1296
b250 161 792 192 826
b251 67 2272 110 2306
b252 125 752 144 780
b253 40 2080 55 2093
b254 116 3156 140 3169
b255 74 3516 121 3555
b256 102 2535 123 2548
b257 82 36 99 69
b258 83 2678 127 2712
b259 109 1962 135 1974
b260 144 946 163 958
b261 124 2460 136 2505
b262 95 1667 122 1715
b263 65 3555 112 3601
b264 174 903 219 926
b265 0 3367 45 3382
b266 99 388 144 436
b267 60 3283 94 3322
b268 69 2023 91 2048
b269 114 1998 151 2016
b270 144 308 167 323
b271 110 323 152 347
b272 81 3215 105 3250
b273 87 2242 108 2272
b274 92 1194 125 1215
b275 102 1875 124 1903
b276 25 2111 56 2125
b277 62 2793 74 2840
b278 95 1330 108 1372
b279 0 3620 39 3663
b280 71 2535 102 2557
b281 40 2062 70 2080
b282 189 652 233 682
b283 79 2908 92 2923
b284 93 1715 123 1736
b285 56 2375 69 2408
b286 189 682 225 723
b287 210 761 252 782
b288 82 0 110 36
b289 70 2062 103 2099
b290 82 3451 98 3478
b291 152 2086 180 2129
b292 144 719 168 758
b293 81 1919 124 1938
b294 49 2679 66 2705
b295 117 706 160 719
b296 120 1561 136 1588
b297 146 1417 184 1448
b298 80 3156 113 3196
b299 160 652 173 665
