224123.296875
226377
203840
448 455
2.889787
b0 84 95 127 128
b1 278 0 343 37
b2 57 310 110 344
b3 84 128 151 165
b4 0 226 19 255
b5 161 0 210 39
b6 232 437 272 455
b7 57 226 97 248
b8 84 260 146 310
b9 187 120 203 161
b10 238 287 290 305
b11 207 210 266 249
b12 110 312 171 340
b13 266 145 323 193
b14 286 37 329 100
b15 370 233 422 292
b16 151 120 187 177
b17 172 290 238 334
b18 68 405 119 453
b19 53 0 84 50
b20 351 236 370 273
b21 143 200 207 250
b22 0 122 49 156
b23 343 0 363 49
b24 95 198 140 226
b25 161 42 215 81
b26 231 105 286 145
b27 329 141 394 166
b28 348 365 387 411
b29 146 250 170 312
b30 252 0 278 24
b31 61 198 95 224
b32 84 52 137 95
b33 307 100 329 135
b34 394 145 448 172
b35 222 249 253 287
b36 137 81 204 120
b37 363 0 423 20
b38 147 177 204 200
b39 84 0 139 52
b40 358 339 387 365
b41 204 105 231 160
b42 0 0 53 62
b43 0 180 61 226
b44 397 20 444 85
b45 253 260 297 283
b46 38 344 60 383
b47 127 376 192 409
b48 49 122 76 179
b49 329 94 394 141
b50 232 386 299 418
b51 290 342 347 380
b52 297 236 351 281
b53 286 100 307 143
b54 0 369 18 430
b55 363 20 397 76
b56 84 181 147 198
b57 348 76 395 94
b58 97 226 143 260
b59 207 160 244 210
b60 238 305 278 328
b61 353 199 376 232
b62 232 418 292 437
b63 127 340 172 376
b64 18 405 68 452
b65 0 271 57 327
b66 60 344 127 405
b67 394 105 438 145
b68 227 334 290 386
b69 57 248 84 302
b70 210 0 252 42
b71 244 145 266 209
b72 297 281 358 342
b73 379 172 446 233
b74 0 327 38 369
b75 329 49 348 77
b76 139 0 161 33
b77 387 359 444 425
b78 172 334 208 366
b79 0 62 41 122
b80 84 165 142 181
b81 172 250 222 290
b82 358 292 415 339
b83 0 255 22 271
b84 415 292 437 359
b85 395 85 420 105
b86 297 199 353 236
b87 41 62 80 106
b88 0 156 37 180
b89 19 226 57 253
b90 348 411 381 450
b91 323 166 379 199
b92 41 106 67 122
b93 119 409 184 444
b94 215 42 274 83
b95 208 334 227 385
b96 192 386 232 452
b97 266 193 283 260
b98 215 83 277 105
b99 299 380 348 446
