315870.75
430141.5
201600
448 450
57.15505
b0 222 434 258 450
b1 238 229 277 248
b2 339 0 374 41
b3 316 261 363 279
b4 209 34 235 66
b5 344 329 375 364
b6 363 191 376 220
b7 201 313 222 341
b8 0 316 15 348
b9 82 226 116 272
b10 177 128 222 160
b11 111 0 125 36
b12 0 102 42 138
b13 374 0 422 45
b14 162 221 177 246
b15 84 60 130 105
b16 276 46 294 68
b17 73 392 99 425
b18 130 125 149 159
b19 34 42 64 54
b20 110 341 138 374
b21 64 14 108 53
b22 271 68 297 107
b23 201 273 226 313
b24 261 0 276 25
b25 235 58 271 94
b26 85 327 110 370
b27 15 322 49 337
b28 46 67 84 113
b29 130 60 142 97
b30 333 279 360 296
b31 0 348 16 385
b32 153 25 176 57
b33 118 275 154 293
b34 277 242 315 261
b35 264 180 297 195
b36 286 318 298 346
b37 331 140 352 156
b38 226 408 259 434
b39 34 0 64 42
b40 176 100 217 128
b41 200 69 216 85
b42 312 109 331 153
b43 395 211 435 245
b44 30 74 46 101
b45 140 191 177 205
b46 226 273 274 288
b47 274 304 297 318
b48 240 162 264 188
b49 42 113 82 144
b50 319 156 361 189
b51 371 113 419 140
b52 170 405 197 442
b53 201 341 219 358
b54 298 348 341 364
b55 117 105 130 151
b56 402 383 427 405
b57 267 320 286 368
b58 149 125 168 166
b59 27 404 73 450
b60 179 34 209 69
b61 43 144 77 177
b62 294 0 339 37
b63 334 81 369 96
b64 161 358 209 405
b65 177 182 210 212
b66 363 140 394 171
b67 297 65 334 109
b68 337 41 372 65
b69 331 376 369 395
b70 138 341 174 355
b71 167 291 201 333
b72 344 296 378 329
b73 0 197 38 215
b74 217 66 235 95
b75 0 419 27 442
b76 210 182 224 194
b77 45 288 69 304
b78 0 171 43 197
b79 267 368 286 405
b80 372 45 386 60
b81 116 255 148 275
b82 363 247 395 280
b83 259 408 278 445
b84 328 395 365 438
b85 43 197 80 245
b86 116 201 140 225
b87 154 246 173 291
b88 294 37 337 65
b89 0 215 35 227
b90 0 292 45 316
b91 278 409 322 437
b92 116 159 140 201
b93 0 227 43 248
b94 162 205 177 221
b95 421 175 446 211
b96 125 0 170 25
b97 173 266 201 291
b98 224 162 240 188
b99 43 177 80 197
b100 174 333 201 358
b101 127 293 167 341
b102 197 405 222 443
b103 99 401 131 433
b104 80 155 116 180
b105 371 82 413 113
b106 131 405 170 439
b107 145 355 161 400
b108 80 214 113 226
b109 253 94 265 116
b110 58 306 81 350
b111 45 304 58 322
b112 276 0 294 46
b113 226 320 254 363
b114 43 245 82 264
b115 142 60 179 90
b116 365 395 402 437
b117 334 96 371 120
b118 394 140 433 175
b119 386 45 422 69
b120 286 379 331 394
b121 226 288 271 320
b122 16 337 46 380
b123 209 358 222 393
b124 254 320 267 359
b125 189 248 217 266
b126 116 227 154 255
b127 0 397 24 419
b128 49 350 85 375
b129 298 304 344 348
b130 378 282 422 327
b131 334 120 370 140
b132 277 226 315 242
b133 69 292 81 306
b134 84 127 113 143
b135 286 364 323 379
b136 337 242 361 261
b137 220 229 238 251
b138 84 105 114 127
b139 264 195 297 226
b140 177 228 189 244
b141 0 0 25 34
b142 99 374 145 401
b143 380 339 426 383
b144 245 248 274 273
b145 176 0 221 34
b146 93 294 127 327
b147 81 292 93 323
b148 316 279 333 304
b149 140 205 162 227
b150 0 158 30 171
b151 125 25 152 41
b152 388 175 421 208
b153 36 380 76 392
b154 0 248 42 292
b155 76 375 89 387
b156 111 41 153 60
b157 378 327 420 339
b158 302 155 319 183
b159 42 264 78 288
b160 344 364 380 376
b161 189 229 220 248
b162 0 90 30 102
b163 265 109 312 155
b164 363 220 395 247
b165 235 25 276 58
b166 0 385 36 397
b167 64 0 111 14
b168 265 155 302 180
b169 130 97 176 125
b170 177 160 222 182
b171 80 180 115 214
b172 222 95 253 120
b173 297 183 319 225
b174 363 171 388 191
b175 36 392 70 404
b176 337 226 357 242
b177 179 69 200 100
b178 0 74 20 90
b179 226 363 267 408
b180 97 275 118 294
b181 286 394 328 409
b182 84 143 117 155
b183 334 65 371 81
b184 78 272 97 292
b185 372 69 416 82
b186 34 54 82 67
b187 315 226 337 250
b188 221 0 261 24
b189 0 138 31 158
b190 319 189 353 226
b191 395 245 437 282
b192 217 251 245 273
b193 274 261 316 304
b194 222 120 265 162
b195 140 166 176 191
b196 177 212 216 228
b197 216 194 263 229
b198 426 282 448 322
b199 0 34 34 74
