227759.6484375
230164.5
206116
454 454
2.193949
b0 142 342 175 385
b1 305 60 342 125
b2 197 376 250 410
b3 243 205 310 242
b4 55 149 84 168
b5 269 269 308 318
b6 342 112 382 130
b7 94 251 116 291
b8 54 297 116 347
b9 260 146 301 162
b10 117 324 169 342
b11 183 255 242 294
b12 315 130 343 191
b13 197 328 254 376
b14 242 39 305 82
b15 392 112 451 164
b16 187 410 244 446
b17 105 0 149 66
b18 373 263 424 311
b19 187 79 218 129
b20 250 383 287 402
b21 53 347 117 397
b22 94 167 143 201
b23 403 378 452 398
b24 405 311 433 356
b25 55 95 94 149
b26 197 0 237 55
b27 389 67 454 92
b28 339 398 378 444
b29 243 82 305 106
b30 243 298 269 322
b31 16 42 42 76
b32 260 162 313 205
b33 405 356 440 378
b34 243 242 297 269
b35 117 293 155 324
b36 240 0 307 39
b37 307 0 327 60
b38 183 185 240 208
b39 0 113 55 165
b40 243 269 269 298
b41 130 117 185 144
b42 0 354 53 416
b43 0 168 61 214
b44 327 0 392 47
b45 315 263 338 307
b46 218 79 240 118
b47 61 168 94 233
b48 0 297 27 354
b49 342 47 389 112
b50 351 196 383 263
b51 159 0 197 57
b52 142 385 187 439
b53 73 233 94 276
b54 98 66 159 84
b55 339 263 373 319
b56 42 41 105 58
b57 175 310 193 357
b58 197 294 243 328
b59 42 416 92 453
b60 98 144 138 167
b61 98 84 131 107
b62 378 398 438 417
b63 315 218 351 263
b64 94 201 141 251
b65 0 241 57 297
b66 383 196 444 263
b67 260 106 304 146
b68 287 383 339 446
b69 0 214 54 241
b70 0 0 42 42
b71 339 376 403 398
b72 254 322 315 383
b73 392 0 453 67
b74 0 416 42 454
b75 389 92 417 111
b76 315 196 348 218
b77 339 319 405 376
b78 98 107 130 143
b79 42 0 102 41
b80 57 233 73 291
b81 92 397 142 437
b82 183 208 240 255
b83 175 294 197 310
b84 315 307 337 374
b85 417 92 442 112
b86 42 58 98 95
b87 143 209 182 253
b88 0 76 24 113
b89 27 297 54 335
b90 244 410 283 443
b91 131 84 187 117
b92 0 42 16 68
b93 143 144 178 209
b94 178 144 237 185
b95 117 342 136 393
b96 117 253 183 293
b97 243 106 260 173
b98 159 57 221 79
b99 343 130 392 196
