415194
415194
201150
447 450
48.033823
b0 90 0 126 16
b1 316 166 335 205
b2 397 150 438 185
b3 382 230 429 248
b4 44 18 76 44
b5 335 246 366 281
b6 80 268 109 281
b7 0 129 28 150
b8 0 362 32 377
b9 141 129 175 175
b10 192 22 224 67
b11 233 273 269 287
b12 36 139 78 175
b13 397 185 445 230
b14 36 386 61 401
b15 80 196 126 241
b16 321 0 339 22
b17 0 150 33 176
b18 360 25 379 59
b19 172 49 184 79
b20 347 194 380 222
b21 328 103 367 147
b22 370 250 396 289
b23 82 137 122 162
b24 382 160 397 185
b25 0 201 36 237
b26 36 191 79 216
b27 109 268 124 302
b28 126 49 172 87
b29 70 102 82 139
b30 269 138 286 165
b31 364 368 380 405
b32 141 425 173 448
b33 36 352 72 370
b34 321 57 359 76
b35 412 0 427 33
b36 370 222 382 250
b37 171 226 192 242
b38 286 138 319 164
b39 262 0 292 42
b40 278 299 306 340
b41 197 141 213 157
b42 316 205 335 249
b43 236 186 270 226
b44 126 254 153 270
b45 327 300 364 314
b46 175 153 190 201
b47 126 240 149 254
b48 331 370 355 396
b49 61 405 101 436
b50 145 87 178 129
b51 184 114 232 141
b52 80 241 117 268
b53 141 403 158 421
b54 367 90 383 133
b55 388 29 401 75
b56 200 0 225 22
b57 316 281 364 300
b58 151 30 192 49
b59 187 254 233 300
b60 233 287 268 317
b61 101 417 135 450
b62 228 389 273 426
b63 278 284 313 299
b64 281 343 329 390
b65 331 396 364 426
b66 72 325 103 356
b67 392 113 436 150
b68 273 390 297 425
b69 278 265 316 284
b70 177 301 191 337
b71 191 300 233 334
b72 235 153 269 186
b73 191 370 229 388
b74 317 249 335 278
b75 0 377 27 400
b76 355 356 369 368
b77 36 370 60 386
b78 370 317 413 343
b79 150 282 187 301
b80 278 425 292 440
b81 246 426 278 446
b82 86 38 118 71
b83 126 221 163 240
b84 285 88 328 125
b85 180 388 228 425
b86 126 270 150 294
b87 319 147 364 166
b88 292 0 320 43
b89 0 86 35 98
b90 126 175 171 199
b91 192 226 236 254
b92 126 294 150 336
b93 306 300 327 343
b94 173 425 189 440
b95 398 292 434 317
b96 240 88 285 113
b97 370 289 398 314
b98 103 350 129 366
b99 189 425 226 445
b100 367 133 392 160
b101 233 349 281 389
b102 86 71 124 96
b103 36 320 68 352
b104 150 301 175 337
b105 129 337 171 368
b106 408 75 447 109
b107 36 175 81 191
b108 177 337 189 370
b109 188 0 200 22
b110 103 306 126 350
b111 175 201 188 219
b112 44 0 90 18
b113 335 166 378 194
b114 82 118 121 137
b115 151 0 188 30
b116 401 33 438 75
b117 72 356 96 393
b118 321 22 360 57
b119 233 129 269 153
b120 126 129 141 174
b121 233 317 278 349
b122 27 401 57 444
b123 0 176 35 189
b124 35 57 48 96
b125 329 314 347 342
b126 48 74 86 102
b127 102 96 126 118
b128 364 405 389 441
b129 398 248 444 292
b130 0 0 44 45
b131 36 300 72 320
b132 232 113 270 129
b133 360 76 372 90
b134 396 0 412 29
b135 312 430 349 445
b136 347 222 366 246
b137 228 426 246 448
b138 63 44 85 74
b139 0 98 33 129
b140 149 240 165 252
b141 126 0 151 34
b142 270 165 316 192
b143 270 192 316 236
b144 80 281 109 306
b145 81 162 126 196
b146 380 355 413 389
b147 0 189 31 201
b148 383 76 408 93
b149 158 403 180 425
b150 278 236 308 249
b151 224 41 240 68
b152 0 237 33 270
b153 101 405 141 417
b154 36 258 80 300
b155 184 141 197 153
b156 126 87 145 129
b157 335 194 347 236
b158 360 59 388 76
b159 96 381 132 405
b160 382 185 394 221
b161 72 306 103 325
b162 33 45 63 57
b163 240 42 287 88
b164 328 76 360 103
b165 0 45 33 86
b166 389 389 401 425
b167 184 67 198 114
b168 225 0 262 25
b169 190 198 236 226
b170 132 381 177 403
b171 287 43 321 78
b172 0 290 31 315
b173 126 199 168 221
b174 383 93 408 113
b175 380 343 414 355
b176 82 102 102 118
b177 153 261 184 282
b178 213 141 233 157
b179 190 157 235 198
b180 165 242 186 261
b181 355 314 370 356
b182 191 334 224 346
b183 225 25 262 41
b184 292 430 312 449
b185 270 125 314 138
b186 103 368 151 381
b187 90 16 114 38
b188 191 346 231 370
b189 0 270 31 290
b190 33 102 70 136
b191 236 236 278 273
b192 329 342 351 370
b193 36 216 79 258
b194 198 68 240 111
b195 360 0 396 25
b196 278 249 317 265
b197 0 315 35 362
b198 414 317 436 357
b199 297 390 331 430
