3173957.648438
3390707.5
1223209
299 4091
931.336537
b0 100 0 127 15
b1 74 3859 101 3875
b2 98 971 120 997
b3 159 404 180 449
b4 34 3900 74 3945
b5 61 1503 77 1529
b6 71 2901 109 2928
b7 146 1444 181 1473
b8 77 1715 98 1751
b9 104 1803 148 1828
b10 50 2046 65 2077
b11 144 627 185 651
b12 185 604 202 623
b13 145 790 178 838
b14 228 407 272 428
b15 71 3682 105 3697
b16 127 481 172 523
b17 109 2938 150 2975
b18 61 1803 104 1847
b19 138 1327 174 1350
b20 95 1484 108 1501
b21 148 3256 176 3300
b22 95 1639 130 1668
b23 98 1168 138 1185
b24 164 150 182 174
b25 220 122 249 165
b26 145 772 172 790
b27 108 1571 146 1611
b28 77 1703 101 1715
b29 57 3126 86 3156
b30 100 3111 120 3139
b31 127 37 159 73
b32 144 523 163 545
b33 150 1116 195 1162
b34 270 0 299 12
b35 40 2354 52 2380
b36 0 2410 27 2440
b37 60 3739 72 3768
b38 129 2566 150 2585
b39 69 2255 81 2268
b40 159 357 178 404
b41 40 3251 76 3270
b42 60 3770 106 3795
b43 71 3012 110 3033
b44 34 27 61 51
b45 109 2901 133 2926
b46 137 1202 156 1215
b47 72 3730 114 3770
b48 84 2423 112 2457
b49 91 3277 115 3325
b50 142 903 161 917
b51 136 2276 150 2292
b52 72 3525 109 3543
b53 49 2268 85 2280
b54 109 1974 139 2008
b55 134 2756 160 2787
b56 200 689 246 720
b57 113 3558 160 3606
b58 110 2654 135 2679
b59 45 3451 92 3489
b60 98 2206 137 2222
b61 79 2654 110 2699
b62 54 3630 100 3666
b63 140 1365 176 1411
b64 140 1350 173 1365
b65 65 2046 78 2069
b66 166 727 208 772
b67 175 52 189 85
b68 112 1465 140 1510
b69 34 0 70 27
b70 182 264 198 309
b71 112 2975 146 3007
b72 173 1350 205 1365
b73 79 2699 91 2745
b74 98 937 141 971
b75 34 3945 54 3982
b76 118 2679 157 2715
b77 0 2354 40 2372
b78 71 3666 113 3682
b79 68 3795 108 3820
b80 170 1047 206 1062
b81 34 3868 49 3900
b82 196 383 235 407
b83 233 720 270 761
b84 61 1465 95 1503
b85 130 1639 164 1682
b86 97 2359 136 2403
b87 40 3203 85 3251
b88 104 1828 133 1872
b89 76 3349 96 3391
b90 187 882 233 906
b91 78 2046 121 2067
b92 140 1246 185 1293
b93 175 494 195 518
b94 0 4072 31 4091
b95 85 2566 129 2603
b96 45 3270 91 3303
b97 130 2609 170 2624
b98 157 1042 170 1077
b99 229 906 269 923
b100 27 3694 71 3739
b101 175 16 205 52
b102 205 165 245 201
b103 148 2292 182 2326
b104 100 903 142 917
b105 140 1411 175 1444
b106 13 4039 25 4072
b107 100 719 132 734
b108 175 651 212 689
b109 106 3379 148 3425
b110 61 1847 100 1889
b111 126 1132 139 1153
b112 34 2302 64 2327
b113 132 879 168 903
b114 173 838 207 882
b115 141 1003 175 1025
b116 112 1510 140 1529
b117 156 1162 195 1183
b118 100 523 144 561
b119 84 2457 112 2502
b120 50 2115 86 2151
b121 166 689 200 727
b122 115 3007 158 3027
b123 70 1225 93 1261
b124 45 3303 76 3338
b125 242 43 288 85
b126 101 1735 123 1747
b127 89 1375 114 1418
b128 108 1611 152 1639
b129 85 2632 119 2654
b130 178 357 208 383
b131 92 2856 140 2901
b132 163 588 181 627
b133 205 78 220 121
b134 202 953 236 1000
b135 72 3543 117 3558
b136 45 3404 82 3416
b137 145 695 166 723
b138 187 906 229 934
b139 238 85 274 122
b140 163 523 175 566
b141 112 2483 131 2528
b142 270 428 297 465
b143 49 3847 73 3872
b144 139 1162 154 1202
b145 50 1906 63 1951
b146 186 231 234 264
b147 50 2151 80 2193
b148 19 3982 37 4002
b149 186 201 233 223
b150 137 1215 160 1246
b151 40 3156 58 3198
b152 112 2464 128 2483
b153 90 1944 131 1974
b154 61 1889 83 1906
b155 69 2193 94 2207
b156 214 0 242 16
b157 97 2334 117 2359
b158 172 990 195 1003
b159 64 2302 108 2334
b160 98 1747 125 1763
b161 70 1418 116 1465
b162 144 651 175 669
b163 113 3606 146 3628
b164 112 2423 148 2464
b165 106 3425 127 3442
b166 72 3489 106 3525
b167 133 2901 169 2938
b168 100 1872 124 1913
b169 117 2237 141 2276
b170 33 3532 62 3577
b171 27 3828 49 3868
b172 52 2605 79 2618
b173 101 1703 126 1735
b174 185 588 228 604
b175 160 3300 175 3316
b176 0 2372 33 2410
b177 71 2975 112 3012
b178 95 1465 112 1484
b179 63 1974 109 2008
b180 175 85 194 125
b181 120 1076 150 1104
b182 100 695 145 719
b183 52 2566 85 2605
b184 141 917 187 942
b185 63 1906 90 1940
b186 71 3697 102 3730
b187 63 2008 99 2046
b188 77 1763 114 1803
b189 105 3682 149 3694
b190 109 3442 146 3469
b191 91 3243 107 3277
b192 69 2207 98 2255
b193 141 1025 174 1042
b194 70 18 98 31
b195 27 3739 60 3752
b196 132 838 173 879
b197 148 1736 185 1764
b198 127 0 175 19
b199 57 3033 88 3069
b200 19 4002 62 4039
b201 92 2808 118 2837
b202 0 0 34 39
b203 120 1104 135 1132
b204 27 3795 68 3828
b205 33 3577 54 3592
b206 52 2773 94 2808
b207 33 3666 66 3694
b208 100 917 127 937
b209 107 3160 152 3196
b210 62 3558 75 3582
b211 34 51 50 63
b212 194 518 215 560
b213 52 2334 84 2348
b214 214 51 231 78
b215 100 3139 129 3160
b216 92 2837 134 2856
b217 86 2115 106 2163
b218 57 3111 100 3126
b219 172 772 200 790
b220 172 953 202 990
b221 84 2334 97 2379
b222 0 3868 34 3893
b223 187 934 209 953
b224 93 1327 138 1348
b225 84 2528 131 2566
b226 175 0 214 16
b227 170 449 183 481
b228 97 2403 118 2423
b229 62 3582 86 3630
b230 126 1703 156 1736
b231 233 201 249 231
b232 58 3180 100 3203
b233 75 3558 91 3571
b234 37 3982 70 4000
b235 65 2069 87 2115
b236 92 3820 119 3859
b237 71 2808 92 2848
b238 133 1828 160 1867
b239 49 2280 89 2302
b240 85 2255 108 2274
b241 129 2585 142 2609
b242 85 3203 107 3243
b243 120 1042 157 1076
b244 103 1246 140 1259
b245 91 3325 127 3349
b246 175 1003 198 1047
b247 157 1077 193 1116
b248 90 1913 133 1944
b249 34 2193 69 2220
b250 40 2808 71 2842
b251 103 1293 146 1327
b252 0 3893 19 3921
b253 34 2220 49 2233
b254 52 2618 76 2631
b255 115 3217 162 3256
b256 175 481 196 494
b257 40 2842 57 2875
b258 233 761 277 795
b259 94 2194 120 2206
b260 70 1261 89 1273
b261 33 3270 45 3315
b262 88 3033 115 3081
b263 150 2326 197 2372
b264 85 2609 130 2632
b265 132 2008 177 2023
b266 164 309 209 357
b267 103 1185 137 1224
b268 164 125 186 150
b269 127 19 164 37
b270 117 2222 140 2237
b271 58 3156 100 3180
b272 214 16 238 51
b273 96 3349 117 3379
b274 140 2023 173 2044
b275 76 2745 98 2773
b276 141 942 172 956
b277 82 3404 94 3451
b278 112 1529 125 1571
b279 33 3489 72 3532
b280 163 566 194 588
b281 70 0 100 18
b282 88 3081 132 3111
b283 189 52 202 67
b284 107 3196 137 3217
b285 0 3921 13 3954
b286 118 2715 154 2756
b287 95 1682 137 1703
b288 98 1132 126 1168
b289 157 2624 190 2661
b290 34 2327 50 2354
b291 242 0 270 43
b292 152 3027 176 3066
b293 49 3828 92 3847
b294 144 669 161 695
b295 127 449 170 462
b296 93 1348 109 1375
b297 94 2163 132 2194
b298 70 1185 103 1225
b299 76 3391 89 3404
