299062
396974
201150
447 450
110.057492
b0 337 198 353 234
b1 22 214 61 233
b2 221 0 256 41
b3 353 210 371 257
b4 90 119 116 151
b5 302 297 333 332
b6 259 233 272 262
b7 132 119 160 140
b8 78 406 110 421
b9 61 216 95 262
b10 19 337 64 369
b11 160 127 196 141
b12 104 241 140 283
b13 173 0 221 45
b14 323 428 348 443
b15 0 245 46 290
b16 238 112 260 130
b17 167 81 200 107
b18 333 334 367 353
b19 272 233 284 263
b20 274 282 302 315
b21 250 132 294 171
b22 210 332 236 371
b23 163 179 203 204
b24 341 135 366 150
b25 197 141 233 177
b26 61 262 104 287
b27 0 378 34 393
b28 294 69 340 107
b29 140 274 177 286
b30 233 141 250 168
b31 219 224 235 261
b32 104 302 136 325
b33 163 141 181 177
b34 200 89 238 108
b35 337 319 370 334
b36 284 233 296 261
b37 404 306 425 322
b38 408 237 441 263
b39 140 207 182 237
b40 132 0 173 28
b41 0 40 16 56
b42 254 214 298 233
b43 371 213 405 253
b44 116 119 132 146
b45 46 245 60 282
b46 256 0 304 15
b47 238 89 252 112
b48 269 340 295 364
b49 50 84 90 115
b50 294 148 327 190
b51 367 356 415 383
b52 237 283 274 310
b53 302 332 320 349
b54 353 303 396 319
b55 328 151 374 164
b56 311 349 333 374
b57 298 214 317 262
b58 0 337 19 378
b59 192 371 238 417
b60 175 332 210 362
b61 193 417 227 450
b62 238 371 275 416
b63 340 12 355 47
b64 12 290 60 337
b65 236 341 269 371
b66 237 310 268 341
b67 95 30 139 67
b68 296 388 331 412
b69 265 263 303 282
b70 0 92 14 128
b71 391 0 433 34
b72 375 253 408 287
b73 145 344 163 382
b74 235 254 253 283
b75 183 244 206 271
b76 253 262 265 276
b77 44 414 60 438
b78 380 113 406 156
b79 200 313 237 332
b80 311 374 326 388
b81 103 325 135 345
b82 206 108 238 141
b83 200 294 237 313
b84 408 263 445 306
b85 275 412 323 449
b86 294 190 318 214
b87 318 192 337 237
b88 117 345 145 388
b89 0 290 12 325
b90 95 217 140 241
b91 22 0 50 44
b92 136 302 160 344
b93 275 364 296 407
b94 40 392 56 407
b95 355 12 391 37
b96 383 168 408 213
b97 88 345 116 370
b98 0 128 16 154
b99 78 386 115 406
b100 269 315 296 340
b101 349 410 397 450
b102 337 270 375 295
b103 106 185 138 217
b104 173 45 198 81
b105 151 417 193 448
b106 344 164 383 198
b107 104 286 149 302
b108 163 332 175 365
b109 368 119 380 141
b110 34 369 78 392
b111 353 257 371 270
b112 355 37 373 83
b113 408 194 436 237
b114 95 67 134 86
b115 95 0 132 30
b116 408 152 445 194
b117 78 421 115 445
b118 408 113 443 152
b119 317 237 353 261
b120 63 143 78 188
b121 373 37 418 69
b122 60 307 103 337
b123 78 169 91 204
b124 206 204 219 243
b125 78 151 106 169
b126 50 115 88 143
b127 64 337 88 359
b128 361 383 397 408
b129 200 45 246 89
b130 402 69 447 113
b131 0 56 20 92
b132 181 141 197 179
b133 383 156 397 168
b134 375 287 404 303
b135 296 349 311 386
b136 235 235 259 254
b137 183 271 201 293
b138 22 95 44 125
b139 106 154 139 185
b140 333 374 349 386
b141 294 123 328 148
b142 206 177 252 204
b143 293 25 339 69
b144 22 189 51 214
b145 260 87 294 132
b146 395 322 428 356
b147 20 233 51 245
b148 304 0 321 25
b149 56 392 78 414
b150 132 141 162 154
b151 294 107 321 123
b152 131 86 164 119
b153 0 393 40 405
b154 0 407 44 449
b155 50 143 63 155
b156 164 108 206 127
b157 321 0 363 12
b158 327 164 344 192
b159 115 425 151 449
b160 368 83 380 119
b161 140 176 159 207
b162 353 198 383 210
b163 246 41 293 87
b164 341 83 368 115
b165 90 86 131 119
b166 349 374 361 410
b167 91 169 105 216
b168 256 15 293 40
b169 139 28 167 74
b170 227 417 272 439
b171 303 262 337 297
b172 22 64 47 95
b173 380 69 402 111
b174 341 115 366 135
b175 149 286 183 298
b176 219 204 235 224
b177 333 353 364 374
b178 337 295 353 315
b179 50 0 95 41
b180 235 214 254 235
b181 331 386 346 428
b182 219 261 231 294
b183 117 388 133 425
b184 22 44 41 64
b185 328 107 341 151
b186 206 243 219 291
b187 139 154 163 176
b188 182 204 206 244
b189 60 287 91 307
b190 22 155 59 189
b191 140 237 182 274
b192 22 125 50 147
b193 50 41 92 84
b194 252 171 294 214
b195 370 319 395 355
b196 78 370 117 386
b197 145 382 192 417
b198 0 0 22 40
b199 160 298 200 332
