309567.25
416634.5
202500
450 450
46.027986
b0 319 354 335 390
b1 241 309 280 328
b2 122 42 157 83
b3 380 332 427 350
b4 180 378 212 404
b5 280 69 315 100
b6 352 212 365 241
b7 196 346 224 367
b8 52 65 67 97
b9 79 337 113 383
b10 48 216 80 261
b11 254 163 268 199
b12 128 0 164 42
b13 103 83 151 128
b14 0 100 25 115
b15 190 404 235 450
b16 346 241 368 259
b17 415 257 448 283
b18 391 133 410 167
b19 274 276 286 306
b20 406 350 439 378
b21 366 176 410 215
b22 148 165 187 191
b23 397 410 422 450
b24 360 98 375 123
b25 314 33 350 69
b26 0 280 25 323
b27 31 409 46 443
b28 306 203 352 241
b29 74 0 86 37
b30 25 59 52 76
b31 241 392 278 408
b32 113 337 136 369
b33 164 286 200 304
b34 346 259 384 278
b35 276 100 309 115
b36 306 241 334 253
b37 240 408 256 429
b38 380 350 406 383
b39 86 0 128 30
b40 241 122 269 163
b41 409 79 425 95
b42 165 121 184 165
b43 286 277 326 311
b44 213 296 229 323
b45 124 261 161 275
b46 331 114 346 162
b47 325 325 339 348
b48 74 126 100 150
b49 80 196 120 227
b50 180 304 213 346
b51 241 365 289 392
b52 241 71 278 98
b53 372 278 389 296
b54 196 209 239 225
b55 269 122 282 168
b56 287 420 309 445
b57 287 226 306 274
b58 62 261 81 302
b59 241 230 287 276
b60 289 354 319 389
b61 13 25 46 59
b62 120 128 165 165
b63 151 106 186 121
b64 0 233 48 280
b65 67 150 100 180
b66 241 199 272 230
b67 405 220 449 257
b68 241 98 276 122
b69 322 162 360 181
b70 181 231 195 267
b71 409 37 443 79
b72 415 283 448 317
b73 241 33 259 71
b74 157 88 186 106
b75 272 203 299 226
b76 368 240 380 254
b77 148 286 164 310
b78 389 257 415 300
b79 164 36 201 55
b80 308 159 322 174
b81 90 415 110 447
b82 334 0 366 33
b83 204 101 241 120
b84 354 395 397 432
b85 25 280 62 328
b86 306 253 330 277
b87 318 181 363 200
b88 120 384 148 427
b89 37 328 72 340
b90 43 97 67 142
b91 212 164 240 208
b92 37 340 79 364
b93 275 0 318 21
b94 268 168 283 184
b95 38 0 74 25
b96 187 164 212 209
b97 120 165 148 190
b98 78 180 104 196
b99 0 328 37 348
b100 204 42 231 67
b101 135 191 183 231
b102 335 350 360 388
b103 406 378 438 410
b104 86 30 122 55
b105 78 384 120 415
b106 280 21 314 60
b107 0 217 45 233
b108 72 303 84 336
b109 410 95 432 107
b110 46 415 90 438
b111 411 24 429 37
b112 272 185 318 203
b113 363 133 391 176
b114 376 300 415 319
b115 203 266 240 296
b116 204 0 241 42
b117 0 348 37 372
b118 410 132 449 167
b119 283 149 307 185
b120 120 190 135 235
b121 377 34 409 79
b122 0 118 43 148
b123 274 408 287 443
b124 376 319 415 332
b125 186 88 204 116
b126 150 353 178 391
b127 31 192 53 216
b128 0 64 25 100
b129 186 120 232 164
b130 315 69 359 114
b131 0 148 20 184
b132 0 0 38 16
b133 352 200 366 212
b134 318 0 334 29
b135 113 369 150 384
b136 359 79 383 98
b137 212 370 234 388
b138 150 391 180 413
b139 164 55 195 88
b140 180 346 196 358
b141 283 115 308 149
b142 74 55 101 101
b143 20 148 66 192
b144 74 101 103 126
b145 366 0 411 34
b146 241 0 275 33
b147 66 180 78 211
b148 366 215 383 240
b149 109 239 131 261
b150 241 163 254 193
b151 422 167 449 183
b152 241 276 274 309
b153 164 24 204 36
b154 136 311 180 353
b155 183 209 196 221
b156 161 267 203 286
b157 25 76 37 118
b158 422 183 450 200
b159 124 275 148 311
b160 334 241 346 277
b161 289 389 308 420
b162 410 167 422 197
b163 326 278 372 325
b164 350 34 377 66
b165 37 364 78 397
b166 37 397 73 409
b167 224 323 238 370
b168 339 325 376 350
b169 135 231 181 259
b170 309 114 331 159
b171 375 98 409 133
b172 0 192 31 217
b173 383 215 405 257
b174 410 200 435 220
b175 360 383 394 395
b176 180 358 196 378
b177 259 33 280 64
b178 360 350 380 366
b179 195 225 240 266
b180 101 55 120 76
b181 148 413 190 428
b182 81 227 114 239
b183 110 427 147 443
b184 100 128 120 147
b185 346 114 359 158
b186 0 16 13 64
b187 411 0 433 24
b188 164 0 204 24
b189 0 372 31 392
b190 204 67 241 101
b191 241 328 283 365
b192 81 239 109 261
b193 81 261 124 303
b194 283 311 325 354
b195 410 107 446 132
b196 235 429 274 445
b197 319 390 354 437
b198 52 25 74 65
b199 84 303 124 337
