2789014.5
2987835.5
999625
275 3635
924.383192
b0 107 1230 134 1245
b1 90 2439 117 2455
b2 92 1294 114 1320
b3 184 1114 205 1159
b4 156 2242 196 2287
b5 28 2198 44 2224
b6 99 980 137 1007
b7 95 1511 130 1540
b8 146 201 167 237
b9 208 412 252 437
b10 141 706 156 737
b11 132 1460 173 1484
b12 154 1181 171 1200
b13 70 2708 103 2756
b14 22 1418 66 1439
b15 56 2693 90 2708
b16 33 3094 78 3136
b17 70 2186 111 2223
b18 112 1133 155 1177
b19 158 1025 194 1048
b20 167 2287 180 2304
b21 211 266 239 310
b22 131 677 166 706
b23 66 1690 106 1707
b24 132 177 150 201
b25 38 2089 67 2132
b26 40 3604 67 3622
b27 116 345 154 385
b28 130 1424 154 1436
b29 37 2000 66 2030
b30 100 1707 120 1735
b31 107 1194 139 1230
b32 80 2540 99 2562
b33 95 1542 140 1588
b34 91 2906 120 2918
b35 136 840 148 866
b36 93 1621 120 1651
b37 44 2449 56 2478
b38 70 2268 91 2287
b39 164 641 176 654
b40 132 130 151 177
b41 142 1329 178 1348
b42 146 266 192 291
b43 90 2611 129 2632
b44 28 2775 55 2799
b45 149 865 173 890
b46 208 399 227 412
b47 100 1365 142 1405
b48 0 2827 28 2861
b49 137 1048 161 1096
b50 94 28 113 42
b51 165 565 179 581
b52 157 0 194 18
b53 149 507 185 519
b54 70 2059 100 2093
b55 134 1588 160 1619
b56 44 2403 90 2434
b57 99 3160 146 3208
b58 33 3156 58 3181
b59 94 706 141 744
b60 62 2852 101 2868
b61 158 980 189 1025
b62 53 3320 99 3356
b63 149 519 185 565
b64 144 2001 177 2016
b65 136 817 149 840
b66 28 2153 70 2198
b67 64 1748 78 1781
b68 70 2223 98 2268
b69 113 507 149 534
b70 116 0 132 45
b71 177 115 211 147
b72 154 334 186 349
b73 107 2682 119 2728
b74 134 1239 177 1273
b75 60 3160 80 3197
b76 73 3010 112 3046
b77 0 3556 40 3574
b78 56 2562 98 2578
b79 64 1889 104 1914
b80 44 2434 80 2449
b81 22 1453 37 1485
b82 100 1436 139 1460
b83 99 3280 136 3321
b84 63 1352 97 1390
b85 168 291 202 334
b86 187 1468 226 1512
b87 170 817 215 865
b88 62 2868 91 2912
b89 98 2290 118 2332
b90 178 1329 224 1353
b91 143 1619 186 1640
b92 62 2805 107 2852
b93 119 1487 139 1511
b94 70 2384 101 2403
b95 104 1889 148 1926
b96 100 2129 146 2162
b97 33 2952 73 2967
b98 56 2658 69 2693
b99 37 1946 77 1963
b100 135 2736 179 2781
b101 90 2403 120 2439
b102 119 2682 159 2718
b103 131 606 165 640
b104 22 1439 64 1453
b105 100 2064 135 2097
b106 111 2257 123 2290
b107 120 2397 152 2412
b108 223 885 260 923
b109 28 2708 70 2754
b110 100 1775 139 1817
b111 199 56 212 77
b112 116 201 146 226
b113 63 776 99 800
b114 187 1424 221 1468
b115 144 1979 178 2001
b116 28 2611 56 2630
b117 136 796 175 817
b118 157 77 201 115
b119 104 2952 132 2997
b120 78 1853 114 1889
b121 66 1418 100 1456
b122 189 865 232 885
b123 94 1817 117 1853
b124 137 291 168 326
b125 135 2087 181 2129
b126 146 2886 168 2898
b127 132 0 157 43
b128 63 1194 107 1222
b129 107 2781 141 2803
b130 129 565 159 591
b131 227 310 275 355
b132 60 3531 78 3570
b133 179 565 194 608
b134 56 2611 90 2658
b135 132 115 177 130
b136 94 606 131 618
b137 149 817 170 845
b138 125 479 167 507
b139 90 2461 126 2498
b140 22 1485 34 1528
b141 132 2841 151 2886
b142 72 3197 99 3234
b143 34 3531 58 3556
b144 72 3280 87 3320
b145 99 1007 112 1052
b146 44 2578 92 2611
b147 148 890 178 932
b148 69 2658 87 2678
b149 90 2632 137 2654
b150 120 1621 143 1652
b151 125 437 143 479
b152 137 326 153 345
b153 22 0 63 30
b154 130 1405 152 1422
b155 28 3209 53 3223
b156 167 228 195 244
b157 91 2359 111 2384
b158 201 777 224 790
b159 178 1979 222 2011
b160 66 1504 93 1520
b161 55 3396 101 3443
b162 63 0 94 18
b163 175 755 208 777
b164 133 2201 169 2242
b165 137 980 158 997
b166 129 2461 163 2497
b167 37 1963 73 2000
b168 213 0 237 41
b169 82 1651 106 1690
b170 63 1222 92 1267
b171 0 0 22 40
b172 33 3622 60 3635
b173 64 1914 89 1946
b174 143 437 186 453
b175 139 1177 154 1193
b176 133 2163 166 2201
b177 120 1652 161 1689
b178 221 1353 238 1372
b179 34 3497 80 3531
b180 194 0 213 40
b181 34 3469 64 3497
b182 64 3443 109 3467
b183 73 1995 106 2034
b184 77 1946 123 1971
b185 28 3396 55 3430
b186 73 2952 104 2985
b187 122 2803 158 2841
b188 99 796 136 836
b189 28 3197 72 3209
b190 156 706 193 733
b191 118 2290 134 2324
b192 66 1456 95 1504
b193 99 1177 132 1194
b194 94 744 122 757
b195 0 3574 33 3587
b196 122 755 163 796
b197 122 1689 159 1717
b198 168 380 216 399
b199 58 2769 89 2805
b200 137 1096 180 1133
b201 34 2060 60 2089
b202 109 3321 143 3360
b203 63 1390 78 1418
b204 93 1588 134 1621
b205 116 226 137 241
b206 142 1294 184 1329
b207 0 2799 33 2827
b208 33 3136 60 3156
b209 152 1388 197 1424
b210 80 2498 93 2522
b211 22 2089 38 2101
b212 101 2852 122 2894
b213 100 1460 132 1474
b214 185 453 202 480
b215 33 2805 62 2826
b216 157 56 199 75
b217 40 3556 60 3604
b218 113 591 156 606
b219 119 2718 147 2736
b220 177 147 207 184
b221 114 1294 127 1339
b222 0 3469 34 3494
b223 78 3141 100 3160
b224 107 1273 152 1294
b225 120 2359 167 2397
b226 146 244 185 260
b227 112 3010 125 3042
b228 80 3480 101 3500
b229 155 1133 179 1181
b230 166 2163 196 2196
b231 78 1748 94 1778
b232 135 2064 177 2087
b233 66 1520 82 1533
b234 116 385 149 403
b235 111 2186 133 2232
b236 177 2011 204 2050
b237 53 3356 74 3396
b238 28 3430 55 3469
b239 117 2439 157 2461
b240 94 757 117 776
b241 100 2162 113 2186
b242 100 1735 122 1775
b243 123 1926 160 1960
b244 92 1339 129 1352
b245 139 1436 175 1460
b246 167 184 190 228
b247 211 77 247 116
b248 168 349 211 380
b249 98 2332 133 2359
b250 146 2129 177 2163
b251 125 403 168 437
b252 103 2654 122 2682
b253 104 2997 119 3010
b254 64 3467 88 3480
b255 119 3229 166 3268
b256 70 2756 91 2769
b257 165 608 182 641
b258 62 2918 106 2952
b259 175 777 201 789
b260 101 2894 120 2906
b261 113 403 125 448
b262 73 3046 100 3094
b263 72 3234 119 3280
b264 161 1048 206 1071
b265 111 2242 156 2257
b266 136 932 181 980
b267 139 1200 173 1239
b268 55 2034 77 2059
b269 141 737 178 755
b270 194 41 217 56
b271 77 1971 119 1995
b272 95 1474 119 1509
b273 34 2030 55 2060
b274 99 3208 132 3229
b275 94 0 116 28
b276 0 3587 31 3601
b277 94 3094 106 3141
b278 93 2498 106 2540
b279 184 1071 223 1114
b280 185 244 216 266
b281 100 1405 130 1423
b282 100 2034 144 2064
b283 175 789 188 804
b284 28 2754 58 2775
b285 190 184 203 217
b286 64 1707 100 1748
b287 22 2132 64 2153
b288 107 2736 135 2772
b289 131 640 164 677
b290 113 534 129 561
b291 0 2153 28 2196
b292 151 130 175 169
b293 144 1960 187 1979
b294 159 2497 176 2523
b295 97 1352 140 1365
b296 78 3094 94 3121
b297 130 1511 168 1542
b298 142 1348 175 1388
b299 119 1474 132 1487
