448472
583904
313040
559 560
180.880065
b0 458 303 485 318
b1 259 163 286 179
b2 183 197 209 219
b3 333 290 354 335
b4 14 44 54 89
b5 54 151 80 167
b6 458 318 496 345
b7 398 33 433 62
b8 221 392 242 428
b9 287 0 312 44
b10 164 33 195 48
b11 107 326 148 350
b12 357 491 376 508
b13 0 133 48 166
b14 314 339 358 360
b15 482 428 516 443
b16 52 359 97 401
b17 200 449 237 490
b18 442 139 486 182
b19 406 353 442 376
b20 224 379 241 392
b21 54 89 98 117
b22 258 0 287 35
b23 149 48 189 65
b24 183 219 207 237
b25 162 72 191 115
b26 486 138 504 165
b27 138 121 178 159
b28 0 75 12 99
b29 457 466 486 496
b30 238 0 258 28
b31 402 263 434 299
b32 520 76 539 98
b33 228 334 274 379
b34 373 303 402 315
b35 500 394 512 420
b36 282 424 312 451
b37 486 443 515 455
b38 212 154 231 175
b39 191 106 203 119
b40 301 273 320 320
b41 37 282 56 318
b42 110 463 156 488
b43 361 230 400 251
b44 0 379 27 403
b45 457 421 482 445
b46 385 173 398 192
b47 256 179 298 219
b48 94 247 128 275
b49 189 48 237 72
b50 189 327 203 346
b51 482 414 498 428
b52 140 193 177 211
b53 175 383 187 419
b54 90 154 120 188
b55 0 501 31 527
b56 500 363 546 394
b57 351 86 398 134
b58 203 334 228 359
b59 242 379 280 426
b60 0 340 16 379
b61 312 0 343 45
b62 217 288 253 334
b63 301 150 347 186
b64 412 338 445 353
b65 0 478 13 501
b66 415 488 457 533
b67 398 96 431 110
b68 333 217 361 262
b69 415 442 451 469
b70 36 341 52 386
b71 351 159 385 191
b72 154 411 169 443
b73 384 0 396 46
b74 156 483 199 517
b75 497 261 534 281
b76 308 91 347 127
b77 358 324 376 364
b78 54 513 96 529
b79 0 425 40 450
b80 109 504 145 519
b81 74 485 106 500
b82 73 285 112 309
b83 57 201 94 242
b84 54 117 92 151
b85 323 360 357 403
b86 376 488 415 532
b87 433 58 481 103
b88 289 225 333 254
b89 358 424 400 444
b90 433 34 479 58
b91 140 211 183 232
b92 497 172 544 217
b93 45 0 65 24
b94 280 479 311 498
b95 37 456 74 500
b96 92 121 138 154
b97 274 339 314 354
b98 504 115 517 150
b99 14 89 54 106
b100 370 444 415 488
b101 376 315 412 345
b102 156 517 196 553
b103 398 62 432 96
b104 497 217 539 231
b105 74 452 109 485
b106 190 0 202 33
b107 21 450 36 482
b108 520 39 558 76
b109 400 221 446 263
b110 317 444 356 486
b111 54 500 75 513
b112 376 345 406 370
b113 34 401 70 425
b114 433 0 477 34
b115 0 403 34 425
b116 184 278 212 297
b117 458 263 497 284
b118 503 281 547 319
b119 256 306 301 334
b120 0 304 36 340
b121 140 159 178 193
b122 539 217 559 260
b123 31 500 54 536
b124 200 490 235 521
b125 54 47 100 89
b126 30 386 52 398
b127 28 212 53 255
b128 358 377 386 421
b129 222 72 244 106
b130 515 455 545 481
b131 419 376 467 421
b132 141 281 180 299
b133 445 358 488 373
b134 187 383 221 430
b135 100 75 115 120
b136 259 86 271 123
b137 0 450 21 478
b138 110 387 152 415
b139 271 86 308 122
b140 485 103 528 115
b141 458 284 503 303
b142 222 109 259 136
b143 231 172 256 196
b144 259 123 274 163
b145 94 309 107 354
b146 386 376 419 424
b147 226 216 256 258
b148 356 508 376 526
b149 528 103 550 150
b150 311 486 342 509
b151 415 424 457 442
b152 301 320 317 339
b153 497 231 538 261
b154 209 235 226 257
b155 16 340 30 365
b156 339 57 367 73
b157 231 196 256 216
b158 458 345 481 358
b159 477 0 521 32
b160 367 57 394 73
b161 103 28 149 75
b162 120 154 138 185
b163 287 44 309 77
b164 202 0 238 41
b165 0 23 17 44
b166 235 500 269 536
b167 256 257 293 293
b168 479 32 520 56
b169 130 415 154 454
b170 496 319 541 348
b171 242 426 282 448
b172 354 290 381 303
b173 280 399 312 424
b174 141 265 184 281
b175 184 262 199 278
b176 256 219 289 257
b177 107 350 148 387
b178 256 67 273 86
b179 128 75 162 121
b180 508 481 548 500
b181 189 297 217 327
b182 376 533 421 557
b183 407 188 446 221
b184 351 134 397 159
b185 312 57 339 91
b186 40 425 73 456
b187 447 103 485 139
b188 516 418 556 455
b189 244 65 256 109
b190 274 122 301 159
b191 110 488 144 504
b192 112 275 141 323
b193 209 202 226 235
b194 394 192 407 220
b195 176 326 189 359
b196 312 403 353 444
b197 280 451 317 479
b198 187 430 235 449
b199 178 119 209 155
b200 57 242 94 285
b201 164 0 190 29
b202 366 251 400 290
b203 0 255 28 270
b204 467 373 500 414
b205 358 303 373 324
b206 52 324 94 359
b207 333 262 366 290
b208 37 255 57 282
b209 446 182 491 218
b210 411 173 435 186
b211 371 73 387 85
b212 237 479 279 500
b213 258 35 272 67
b214 539 76 556 103
b215 295 514 316 543
b216 415 469 457 488
b217 110 415 130 463
b218 488 348 531 363
b219 103 0 121 28
b220 73 422 110 452
b221 256 293 301 306
b222 178 172 212 197
b223 0 106 19 128
b224 238 536 283 557
b225 65 0 103 47
b226 57 285 73 324
b227 339 73 371 86
b228 355 526 376 546
b229 176 359 224 383
b230 398 110 431 140
b231 431 103 447 133
b232 152 369 175 411
b233 358 364 374 377
b234 490 455 508 488
b235 94 188 140 210
b236 316 509 355 536
b237 70 401 110 422
b238 521 0 548 39
b239 94 225 134 247
b240 485 115 504 138
b241 13 482 37 495
b242 504 150 544 172
b243 0 270 37 304
b244 115 75 128 112
b245 516 394 552 418
b246 301 127 345 150
b247 412 302 451 338
b248 237 448 280 479
b249 19 106 54 133
b250 191 72 222 106
b251 47 167 90 201
b252 301 254 329 273
b253 209 139 222 154
b254 169 419 182 443
b255 481 56 520 103
b256 75 500 96 513
b257 178 155 211 172
b258 156 449 200 483
b259 351 191 363 217
b260 312 45 331 57
b261 397 140 442 152
b262 141 299 189 326
b263 0 166 47 212
b264 0 0 45 23
b265 94 210 139 225
b266 446 218 494 263
b267 298 186 332 225
b268 184 237 206 262
b269 238 28 256 65
b270 36 318 51 341
b271 196 536 238 560
b272 118 519 153 543
b273 451 445 481 466
b274 134 232 155 265
b275 155 232 183 254
b276 0 44 14 75
b277 358 444 370 491
b278 0 212 13 254
b279 280 360 323 399
b280 96 519 118 550
b281 333 186 351 216
b282 212 258 256 288
b283 398 173 411 188
b284 343 36 373 57
b285 209 106 222 139
b286 343 0 384 36
b287 397 152 439 173
b288 231 136 259 172
b289 396 0 433 33
b290 212 175 228 202
b291 148 326 176 369
b292 434 263 458 302
b293 121 0 164 19
b294 269 514 295 531
b295 13 212 26 255
b296 280 498 307 514
b297 363 192 394 230
b298 457 496 490 536
b299 16 365 29 378
