299277.75
396954.5
201601
449 449
117.316046
b0 81 263 117 279
b1 131 239 170 258
b2 101 48 142 83
b3 428 187 446 234
b4 213 371 245 397
b5 229 241 264 272
b6 184 293 213 306
b7 192 75 213 103
b8 0 307 32 322
b9 89 157 135 191
b10 44 323 89 355
b11 306 105 342 119
b12 12 133 54 169
b13 101 0 146 48
b14 54 253 69 278
b15 55 0 101 45
b16 359 166 377 188
b17 256 157 289 183
b18 306 119 340 138
b19 0 0 12 30
b20 416 254 449 282
b21 334 45 373 89
b22 166 75 192 114
b23 185 114 210 154
b24 307 46 332 61
b25 368 105 404 141
b26 12 0 55 25
b27 0 385 34 400
b28 210 108 256 146
b29 55 145 92 157
b30 289 151 306 178
b31 124 309 140 346
b32 124 416 156 439
b33 12 169 48 187
b34 375 216 413 235
b35 373 33 406 48
b36 416 201 428 229
b37 190 329 211 345
b38 245 368 278 394
b39 308 163 338 205
b40 203 0 244 28
b41 66 355 82 371
b42 140 313 184 332
b43 307 406 347 440
b44 131 210 147 237
b45 55 131 92 145
b46 256 109 271 157
b47 172 174 186 197
b48 246 296 270 322
b49 55 100 95 131
b50 271 109 304 151
b51 318 358 345 406
b52 202 211 229 248
b53 24 230 42 247
b54 345 241 361 284
b55 319 0 332 46
b56 264 183 289 205
b57 328 310 347 358
b58 0 322 41 341
b59 124 370 170 416
b60 135 154 170 184
b61 12 25 46 58
b62 407 39 444 84
b63 203 28 238 43
b64 213 60 260 108
b65 213 296 246 326
b66 150 270 181 301
b67 404 150 448 187
b68 423 84 447 119
b69 347 398 366 436
b70 189 175 203 211
b71 245 326 279 368
b72 229 208 263 241
b73 0 247 38 265
b74 203 176 221 205
b75 184 306 211 329
b76 342 175 354 189
b77 55 72 79 88
b78 342 89 368 132
b79 279 324 316 343
b80 342 160 356 175
b81 48 303 80 323
b82 366 0 398 33
b83 270 254 289 291
b84 279 343 316 386
b85 87 394 124 442
b86 342 189 366 213
b87 404 105 423 150
b88 170 365 213 393
b89 89 309 124 321
b90 0 199 24 244
b91 279 402 307 446
b92 170 393 212 417
b93 101 108 144 129
b94 99 279 114 295
b95 391 317 427 342
b96 359 141 404 166
b97 119 129 147 154
b98 49 385 75 401
b99 0 416 37 436
b100 54 226 79 253
b101 260 61 300 109
b102 143 332 168 370
b103 366 398 398 430
b104 264 217 300 242
b105 156 417 198 448
b106 311 247 345 286
b107 167 0 183 45
b108 150 258 183 270
b109 377 166 389 188
b110 0 341 23 385
b111 245 394 263 407
b112 244 0 262 46
b113 366 188 409 216
b114 221 189 260 208
b115 210 146 247 176
b116 361 241 403 278
b117 37 425 74 449
b118 406 0 441 39
b119 316 286 352 310
b120 168 350 213 365
b121 213 326 245 371
b122 23 355 66 385
b123 221 176 256 189
b124 403 235 416 274
b125 117 291 145 309
b126 147 126 185 154
b127 95 129 119 151
b128 177 213 202 249
b129 347 310 391 356
b130 275 0 319 45
b131 183 0 203 36
b132 304 89 342 105
b133 416 187 428 201
b134 278 45 307 61
b135 79 226 94 263
b136 289 178 308 202
b137 168 332 190 350
b138 144 96 166 126
b139 117 260 150 291
b140 177 197 189 213
b141 300 61 334 86
b142 55 45 101 72
b143 183 249 229 293
b144 48 278 77 303
b145 332 0 366 45
b146 55 157 89 190
b147 12 187 43 199
b148 388 278 413 295
b149 77 279 99 301
b150 147 226 177 239
b151 423 119 439 146
b152 12 58 45 91
b153 37 385 49 425
b154 0 265 44 307
b155 69 263 81 276
b156 167 56 209 75
b157 316 310 328 352
b158 342 132 359 160
b159 55 190 79 226
b160 264 242 300 254
b161 126 191 157 210
b162 264 205 294 217
b163 391 342 437 389
b164 361 278 388 310
b165 82 361 123 394
b166 75 394 87 430
b167 231 46 278 60
b168 338 216 375 241
b169 270 296 316 324
b170 144 51 166 96
b171 373 70 407 105
b172 101 83 132 108
b173 289 254 311 296
b174 416 234 441 254
b175 431 282 443 316
b176 123 346 143 362
b177 146 0 167 31
b178 146 31 162 51
b179 213 407 258 448
b180 191 154 210 175
b181 157 184 172 226
b182 150 301 183 313
b183 0 400 37 416
b184 172 154 191 174
b185 262 0 275 44
b186 183 43 231 56
b187 373 48 397 70
b188 229 272 269 296
b189 24 199 44 230
b190 94 226 131 260
b191 300 205 337 247
b192 79 72 101 100
b193 12 91 55 133
b194 347 356 390 398
b195 306 138 342 163
b196 279 386 318 402
b197 79 191 126 226
b198 391 295 431 317
b199 89 321 123 361
