300457
398864
202050
450 449
118.297813
b0 249 356 285 372
b1 113 93 132 132
b2 67 102 108 137
b3 339 129 386 147
b4 164 252 190 284
b5 331 175 366 206
b6 205 153 234 166
b7 357 206 385 227
b8 65 392 80 424
b9 212 376 258 410
b10 20 377 65 409
b11 19 45 55 59
b12 108 175 144 217
b13 19 0 67 45
b14 164 302 189 317
b15 347 251 393 296
b16 298 231 320 249
b17 385 187 411 220
b18 0 0 19 34
b19 250 244 262 274
b20 332 147 365 175
b21 237 26 276 70
b22 164 226 203 252
b23 82 217 122 242
b24 220 166 235 191
b25 280 0 316 36
b26 52 292 77 335
b27 0 353 34 368
b28 182 168 220 214
b29 108 163 145 175
b30 144 139 171 156
b31 212 330 249 346
b32 80 397 103 429
b33 122 281 140 317
b34 356 62 394 81
b35 397 22 430 37
b36 385 175 413 187
b37 112 317 128 338
b38 401 149 434 175
b39 87 0 117 42
b40 196 0 237 28
b41 114 73 130 89
b42 19 193 63 212
b43 291 166 331 200
b44 262 207 278 234
b45 144 203 181 217
b46 386 121 401 169
b47 378 107 401 121
b48 132 93 156 119
b49 19 59 50 99
b50 335 296 368 338
b51 164 320 212 347
b52 320 230 347 267
b53 320 422 338 439
b54 251 125 267 168
b55 276 36 322 49
b56 298 249 320 274
b57 63 217 82 265
b58 0 368 19 409
b59 19 147 65 193
b60 298 317 328 352
b61 189 287 223 320
b62 145 158 182 203
b63 156 88 191 103
b64 19 99 66 147
b65 212 346 245 376
b66 113 132 144 163
b67 398 70 442 107
b68 267 163 291 198
b69 196 28 215 66
b70 65 203 101 217
b71 365 400 399 442
b72 398 37 432 70
b73 169 378 207 396
b74 376 233 405 251
b75 220 197 243 224
b76 393 251 407 263
b77 299 384 323 400
b78 237 0 280 26
b79 298 298 335 317
b80 203 248 218 262
b81 65 429 97 449
b82 351 0 383 33
b83 243 207 262 244
b84 413 175 450 218
b85 188 410 236 447
b86 298 274 322 298
b87 311 62 356 81
b88 368 296 396 339
b89 77 302 112 314
b90 226 248 250 293
b91 103 420 147 448
b92 127 371 169 395
b93 127 350 170 371
b94 283 426 298 442
b95 190 262 226 287
b96 191 95 236 120
b97 87 350 115 375
b98 20 409 46 425
b99 20 425 57 445
b100 322 267 347 294
b101 396 294 444 334
b102 258 372 283 410
b103 285 352 317 384
b104 196 70 232 95
b105 170 347 212 378
b106 411 260 450 294
b107 71 335 87 380
b108 324 206 357 218
b109 401 137 423 149
b110 103 397 147 420
b111 385 220 403 233
b112 278 200 324 218
b113 322 34 365 62
b114 366 147 385 186
b115 401 107 438 137
b116 413 218 450 260
b117 34 353 71 377
b118 339 81 378 116
b119 262 246 298 270
b120 77 287 122 302
b121 368 355 400 400
b122 0 323 43 353
b123 278 218 313 231
b124 339 116 378 129
b125 43 335 71 353
b126 269 135 307 163
b127 87 375 111 397
b128 249 331 285 356
b129 67 58 113 102
b130 117 0 162 44
b131 67 0 87 36
b132 309 111 325 149
b133 311 98 325 110
b134 381 33 397 62
b135 305 400 320 437
b136 357 227 376 251
b137 164 284 186 302
b138 236 103 266 125
b139 19 292 52 323
b140 104 272 120 284
b141 276 49 310 74
b142 31 265 77 292
b143 19 212 63 258
b144 117 44 142 73
b145 162 0 196 45
b146 128 317 162 350
b147 19 258 31 289
b148 307 149 332 166
b149 283 404 305 426
b150 104 242 117 272
b151 87 42 114 58
b152 236 70 269 103
b153 87 338 127 350
b154 323 378 365 422
b155 71 380 84 392
b156 122 262 164 281
b157 122 217 164 229
b158 311 81 339 98
b159 140 281 164 317
b160 262 234 298 246
b161 67 184 98 203
b162 142 44 154 74
b163 400 376 447 422
b164 262 270 294 297
b165 122 229 163 262
b166 181 214 217 226
b167 325 98 339 145
b168 328 338 365 363
b169 205 125 251 153
b170 82 242 104 287
b171 316 0 351 34
b172 67 137 98 162
b173 215 28 237 70
b174 378 81 398 106
b175 320 218 354 230
b176 283 384 299 404
b177 77 314 108 335
b178 365 33 381 53
b179 147 396 188 441
b180 171 139 192 158
b181 323 363 365 378
b182 115 350 127 383
b183 368 339 405 355
b184 130 74 150 93
b185 235 153 248 197
b186 192 120 205 168
b187 383 0 407 22
b188 269 111 309 135
b189 0 409 20 440
b190 223 293 257 330
b191 269 74 311 111
b192 67 162 95 184
b193 154 45 196 88
b194 405 334 448 376
b195 156 103 181 139
b196 251 168 267 207
b197 236 410 283 445
b198 203 226 243 248
b199 257 297 297 331
