230909.9375
233715.5
205660
452 455
2.14574
b0 207 177 250 210
b1 270 0 335 37
b2 269 116 322 150
b3 0 0 37 67
b4 0 319 19 348
b5 381 214 430 253
b6 26 386 44 426
b7 37 98 77 120
b8 319 204 381 254
b9 244 265 260 306
b10 276 98 328 116
b11 168 184 207 243
b12 132 327 160 388
b13 204 40 252 97
b14 244 369 307 412
b15 393 97 452 149
b16 285 310 321 367
b17 201 97 267 141
b18 44 394 95 442
b19 314 173 364 204
b20 381 195 418 214
b21 18 199 68 263
b22 146 243 195 277
b23 336 281 385 301
b24 269 150 314 178
b25 321 325 375 364
b26 160 345 215 385
b27 373 254 438 279
b28 339 409 378 455
b29 321 301 383 325
b30 252 40 276 66
b31 0 386 26 420
b32 328 98 371 151
b33 371 97 393 132
b34 319 254 373 281
b35 130 184 168 215
b36 177 289 244 328
b37 299 204 319 264
b38 123 221 146 278
b39 68 268 123 320
b40 215 345 241 374
b41 244 238 299 265
b42 70 127 132 180
b43 37 37 83 98
b44 399 302 446 367
b45 385 279 429 302
b46 123 305 162 327
b47 0 130 33 195
b48 44 320 71 377
b49 363 50 428 97
b50 106 0 138 67
b51 132 127 170 184
b52 260 265 314 310
b53 250 178 293 199
b54 0 195 18 256
b55 207 233 241 289
b56 27 319 44 382
b57 83 67 130 85
b58 371 149 405 195
b59 37 0 87 37
b60 207 210 247 233
b61 37 120 70 143
b62 130 67 149 127
b63 192 141 237 177
b64 70 221 120 268
b65 0 263 57 319
b66 71 327 132 394
b67 383 0 423 44
b68 149 57 201 120
b69 123 278 177 305
b70 307 367 349 409
b71 215 374 237 438
b72 95 394 156 455
b73 276 37 343 98
b74 83 85 121 127
b75 423 0 442 28
b76 328 151 361 173
b77 138 0 204 57
b78 237 141 269 177
b79 70 180 130 221
b80 383 302 399 360
b81 343 0 383 50
b82 378 367 425 424
b83 314 281 336 297
b84 428 28 450 95
b85 343 50 363 75
b86 33 143 70 199
b87 250 199 294 238
b88 0 67 24 104
b89 0 348 27 386
b90 241 412 274 451
b91 418 149 451 205
b92 0 104 16 130
b93 274 412 339 447
b94 244 310 285 369
b95 87 0 106 51
b96 204 0 270 40
b97 177 328 244 345
b98 170 120 192 182
b99 160 385 209 451
