444754.25
574787.5
314721
561 561
629.278837
b0 216 236 243 251
b1 228 374 255 390
b2 201 63 227 85
b3 516 284 561 305
b4 507 133 552 173
b5 0 59 16 85
b6 86 516 124 543
b7 352 253 387 282
b8 99 97 120 133
b9 0 182 25 226
b10 403 278 434 293
b11 265 197 306 221
b12 184 66 201 85
b13 0 271 33 319
b14 488 364 509 408
b15 297 397 331 412
b16 50 473 95 515
b17 337 58 374 99
b18 172 119 216 162
b19 227 109 263 132
b20 209 491 226 504
b21 122 151 166 179
b22 525 488 554 523
b23 359 144 376 184
b24 251 458 275 476
b25 95 473 124 516
b26 322 39 349 57
b27 463 490 501 530
b28 72 322 84 346
b29 290 456 320 485
b30 133 337 161 357
b31 299 361 331 397
b32 265 151 287 170
b33 169 258 215 303
b34 488 408 517 420
b35 516 343 542 355
b36 320 456 350 483
b37 534 80 546 109
b38 0 252 21 271
b39 42 393 55 405
b40 72 303 119 322
b41 50 515 86 534
b42 488 420 534 445
b43 131 194 170 215
b44 292 485 319 509
b45 320 483 345 507
b46 501 209 514 228
b47 434 217 476 257
b48 97 375 131 403
b49 501 489 525 537
b50 108 49 127 63
b51 235 327 251 341
b52 166 60 184 97
b53 97 363 133 375
b54 216 251 250 281
b55 0 226 31 252
b56 168 445 199 491
b57 251 275 299 322
b58 345 510 370 535
b59 33 224 80 262
b60 61 39 77 78
b61 319 330 364 361
b62 215 281 251 327
b63 396 189 432 235
b64 345 495 378 510
b65 42 405 55 428
b66 350 450 392 495
b67 522 0 536 33
b68 516 355 561 383
b69 495 80 522 116
b70 85 0 101 45
b71 481 12 513 46
b72 124 531 156 546
b73 131 48 177 60
b74 251 476 285 519
b75 265 255 302 275
b76 161 329 200 365
b77 292 509 332 527
b78 0 397 42 413
b79 0 439 40 464
b80 33 306 69 321
b81 81 368 96 400
b82 419 106 458 130
b83 239 0 280 37
b84 72 269 110 303
b85 517 445 551 488
b86 313 106 352 150
b87 261 58 309 103
b88 331 361 375 390
b89 306 275 348 295
b90 396 40 420 86
b91 239 37 282 58
b92 176 0 223 45
b93 514 251 538 271
b94 77 49 108 68
b95 0 464 37 508
b96 306 242 352 275
b97 352 129 392 144
b98 361 40 396 53
b99 476 302 516 319
b100 290 412 335 456
b101 392 467 422 503
b102 158 409 198 445
b103 420 0 454 34
b104 378 389 420 403
b105 33 191 68 224
b106 481 0 514 12
b107 124 403 139 435
b108 0 0 38 37
b109 217 177 263 219
b110 335 0 377 39
b111 184 45 197 66
b112 124 448 149 478
b113 100 403 124 439
b114 325 150 359 194
b115 292 527 326 549
b116 168 528 187 556
b117 127 60 166 81
b118 516 305 560 343
b119 488 319 516 364
b120 80 233 116 269
b121 131 215 169 249
b122 0 39 43 59
b123 187 528 223 551
b124 306 295 337 330
b125 514 209 560 251
b126 101 37 123 49
b127 19 350 44 393
b128 223 504 251 548
b129 413 350 447 372
b130 77 68 107 94
b131 217 132 265 177
b132 352 111 391 129
b133 409 372 452 387
b134 243 395 290 429
b135 124 179 169 194
b136 170 192 182 229
b137 68 191 89 219
b138 57 123 99 151
b139 353 217 390 253
b140 352 99 395 111
b141 139 390 158 435
b142 169 231 206 258
b143 410 235 434 260
b144 275 429 290 469
b145 169 303 214 316
b146 124 118 172 151
b147 209 461 251 491
b148 477 104 495 124
b149 534 33 556 80
b150 432 432 455 463
b151 197 45 239 63
b152 458 104 477 120
b153 16 84 57 114
b154 110 271 127 293
b155 0 372 14 397
b156 364 334 392 350
b157 390 235 410 260
b158 203 327 216 350
b159 401 145 433 189
b160 377 0 404 16
b161 306 196 353 242
b162 63 368 81 399
b163 374 53 396 86
b164 434 160 475 196
b165 529 109 546 130
b166 84 439 120 473
b167 447 334 484 370
b168 377 16 418 40
b169 33 321 72 345
b170 230 429 275 458
b171 124 478 164 500
b172 124 435 151 448
b173 376 145 401 177
b174 182 365 198 408
b175 84 423 100 438
b176 476 269 514 302
b177 168 491 209 528
b178 216 219 235 236
b179 227 63 261 109
b180 463 450 482 490
b181 200 369 228 399
b182 313 61 337 106
b183 182 192 215 231
b184 476 187 501 233
b185 495 46 522 80
b186 0 319 33 350
b187 476 233 514 269
b188 70 151 107 191
b189 0 150 44 162
b190 265 170 302 197
b191 108 63 124 97
b192 454 130 502 159
b193 151 445 168 478
b194 475 159 488 187
b195 413 337 446 350
b196 251 519 292 560
b197 235 346 272 374
b198 44 345 63 393
b199 379 403 415 434
b200 335 390 378 427
b201 413 311 442 337
b202 375 350 409 389
b203 55 423 83 438
b204 91 322 124 363
b205 392 334 413 349
b206 89 191 124 233
b207 522 383 555 411
b208 40 439 60 466
b209 450 68 495 104
b210 514 271 538 284
b211 348 282 364 294
b212 255 374 297 395
b213 127 295 159 309
b214 502 116 529 133
b215 77 94 98 123
b216 216 327 235 369
b217 0 162 48 182
b218 124 500 167 515
b219 455 432 483 450
b220 101 0 131 37
b221 37 466 50 511
b222 337 295 362 329
b223 0 350 19 372
b224 127 97 172 118
b225 432 394 479 432
b226 124 515 163 531
b227 378 495 391 527
b228 420 67 441 87
b229 251 322 299 346
b230 420 34 450 67
b231 280 0 310 16
b232 55 400 97 423
b233 509 383 522 399
b234 534 411 552 444
b235 116 249 162 271
b236 282 16 309 55
b237 265 130 305 151
b238 454 0 481 39
b239 48 151 70 191
b240 390 311 409 334
b241 0 413 24 426
b242 454 46 494 68
b243 265 221 302 255
b244 390 260 403 297
b245 452 370 488 394
b246 335 427 379 450
b247 507 173 546 209
b248 432 501 463 544
b249 33 279 68 306
b250 199 427 230 461
b251 442 291 476 334
b252 488 159 507 187
b253 161 365 176 378
b254 306 330 319 354
b255 38 0 85 39
b256 16 71 37 84
b257 33 262 66 279
b258 483 445 517 489
b259 309 16 335 28
b260 349 39 361 58
b261 16 59 61 71
b262 265 103 313 130
b263 0 511 47 557
b264 302 151 325 196
b265 107 133 122 178
b266 131 0 176 48
b267 434 257 473 291
b268 364 282 389 304
b269 403 293 440 311
b270 124 546 147 561
b271 127 271 169 295
b272 60 438 84 473
b273 364 304 385 334
b274 184 98 217 119
b275 63 346 91 368
b276 251 235 265 266
b277 522 33 534 80
b278 0 426 42 439
b279 392 503 431 546
b280 160 378 182 409
b281 403 260 433 278
b282 172 162 216 192
b283 116 233 131 246
b284 433 130 454 160
b285 309 28 322 61
b286 0 114 41 150
b287 434 196 476 217
b288 124 309 160 337
b289 359 184 396 217
b290 235 219 262 235
b291 200 399 243 427
b292 395 106 419 145
b293 396 87 439 106
b294 133 357 159 374
b295 160 316 203 329
b296 133 374 160 390
b297 432 463 463 501
b298 392 434 432 467
b299 201 85 214 98
