228546.6386719
231290.5
203852
452 451
3.587572
b0 200 115 243 148
b1 381 75 446 112
b2 0 274 34 327
b3 24 0 61 67
b4 69 231 98 250
b5 342 177 381 226
b6 341 411 359 451
b7 281 197 321 219
b8 116 236 178 286
b9 300 139 341 155
b10 243 60 295 78
b11 204 0 243 59
b12 62 388 90 449
b13 243 78 300 126
b14 57 128 100 191
b15 381 169 440 221
b16 154 313 211 349
b17 118 0 184 44
b18 228 401 279 449
b19 292 219 342 250
b20 407 148 444 167
b21 116 170 180 220
b22 244 153 278 202
b23 381 334 430 354
b24 62 66 107 94
b25 174 410 228 449
b26 0 89 55 129
b27 161 105 186 170
b28 381 354 420 400
b29 90 388 114 450
b30 381 112 407 136
b31 171 286 205 312
b32 0 185 53 228
b33 278 155 313 177
b34 349 226 376 280
b35 55 94 93 125
b36 225 241 292 280
b37 278 177 338 197
b38 292 250 349 273
b39 181 349 236 401
b40 329 320 358 346
b41 116 286 171 313
b42 0 328 62 381
b43 0 228 61 274
b44 399 0 446 65
b45 180 192 224 215
b46 243 38 282 60
b47 341 346 374 411
b48 243 126 300 153
b49 300 0 365 47
b50 300 75 367 107
b51 243 0 300 38
b52 69 284 114 338
b53 157 84 200 105
b54 300 47 361 65
b55 365 19 399 75
b56 0 381 17 444
b57 69 213 116 231
b58 69 250 115 284
b59 69 338 106 388
b60 157 61 197 84
b61 381 136 404 169
b62 358 280 377 340
b63 407 112 452 148
b64 279 320 329 367
b65 0 129 57 185
b66 114 349 181 410
b67 341 107 381 151
b68 381 282 444 334
b69 34 274 61 328
b70 236 341 278 383
b71 93 106 157 128
b72 218 280 279 341
b73 381 221 448 282
b74 17 381 59 419
b75 365 0 393 19
b76 69 191 102 213
b77 61 0 118 66
b78 300 107 336 139
b79 114 410 174 451
b80 279 367 337 383
b81 107 66 157 106
b82 292 273 349 320
b83 116 220 138 236
b84 313 155 380 177
b85 184 0 204 25
b86 225 204 281 241
b87 186 148 225 192
b88 0 0 24 37
b89 279 383 306 421
b90 115 313 154 346
b91 204 59 237 115
b92 53 191 69 217
b93 306 383 341 448
b94 102 128 161 169
b95 225 153 244 204
b96 178 220 218 286
b97 118 44 185 61
b98 0 67 62 89
b99 377 400 443 449
