2232252.5
3268887
1195618
302 3959
939.999324
b0 153 856 180 871
b1 0 3943 27 3959
b2 55 2241 77 2267
b3 22 3898 43 3943
b4 75 2774 115 2819
b5 62 1555 78 1581
b6 141 1504 179 1531
b7 165 1360 200 1389
b8 92 3472 113 3508
b9 47 3221 91 3246
b10 138 868 153 899
b11 137 832 178 856
b12 170 648 187 667
b13 55 2819 88 2867
b14 147 771 191 792
b15 62 2923 96 2938
b16 65 2498 110 2540
b17 97 868 138 905
b18 156 1639 199 1683
b19 99 3224 135 3247
b20 153 871 166 888
b21 175 317 203 361
b22 144 1456 179 1485
b23 86 2481 126 2498
b24 101 1747 119 1771
b25 80 3641 109 3684
b26 117 1857 144 1875
b27 121 648 159 688
b28 169 0 193 12
b29 108 745 137 775
b30 55 2657 75 2685
b31 127 2189 159 2225
b32 112 3040 131 3062
b33 151 476 196 522
b34 65 3209 94 3221
b35 168 1531 180 1557
b36 16 3032 43 3062
b37 221 603 233 632
b38 65 2459 86 2478
b39 128 3343 140 3356
b40 150 984 169 1031
b41 227 113 263 132
b42 65 3162 111 3187
b43 16 2648 55 2669
b44 78 1840 105 1864
b45 92 3425 116 3450
b46 36 3747 55 3760
b47 183 1262 225 1302
b48 121 564 149 598
b49 144 1576 168 1624
b50 65 1541 84 1555
b51 155 1052 169 1068
b52 78 2151 115 2169
b53 57 2092 93 2104
b54 121 373 151 407
b55 16 3062 42 3093
b56 101 2860 147 2891
b57 78 1792 125 1840
b58 59 2972 84 2997
b59 115 2151 162 2189
b60 30 0 69 16
b61 34 2445 65 2490
b62 30 2137 76 2173
b63 55 2387 91 2433
b64 20 3825 53 3840
b65 45 3586 58 3609
b66 156 272 198 317
b67 153 906 167 939
b68 146 1184 174 1229
b69 103 1225 139 1252
b70 111 3264 127 3309
b71 111 1687 145 1719
b72 156 194 188 209
b73 223 632 235 678
b74 62 2016 105 2050
b75 12 3692 32 3729
b76 187 567 226 603
b77 135 317 175 335
b78 113 3450 155 3466
b79 82 3137 122 3162
b80 125 1743 161 1758
b81 34 2586 49 2618
b82 108 721 147 745
b83 88 2819 125 2860
b84 150 2465 184 2503
b85 135 0 169 43
b86 62 2879 101 2923
b87 111 1639 156 1687
b88 131 1140 160 1184
b89 91 3247 111 3289
b90 65 1439 111 1463
b91 135 3264 178 3285
b92 47 3388 92 3435
b93 166 882 186 906
b94 90 2221 121 2240
b95 225 924 269 961
b96 108 688 154 721
b97 114 2673 154 2688
b98 108 34 121 69
b99 97 1208 137 1225
b100 111 1531 155 1576
b101 30 2173 60 2209
b102 69 1334 109 1370
b103 58 3607 92 3641
b104 65 2445 107 2459
b105 149 615 184 648
b106 138 984 150 1017
b107 153 1403 185 1418
b108 159 1095 196 1133
b109 34 2540 76 2586
b110 121 522 160 564
b111 58 3586 71 3607
b112 81 2331 111 2356
b113 185 248 221 272
b114 130 1262 164 1306
b115 69 3450 103 3472
b116 69 21 97 40
b117 69 0 108 21
b118 76 2567 120 2605
b119 131 1095 159 1140
b120 169 118 205 154
b121 126 2891 160 2929
b122 16 3012 59 3032
b123 132 1306 155 1342
b124 62 1907 93 1942
b125 57 2050 103 2092
b126 55 2433 77 2445
b127 78 1864 103 1907
b128 226 37 270 65
b129 65 3187 99 3209
b130 82 3111 112 3137
b131 138 939 186 984
b132 16 2209 34 2248
b133 109 1353 124 1396
b134 179 1418 213 1465
b135 144 1624 189 1639
b136 108 856 145 868
b137 105 2993 126 3021
b138 96 2746 138 2774
b139 226 0 262 37
b140 153 1360 165 1403
b141 176 522 195 567
b142 93 2114 120 2151
b143 93 1907 117 1932
b144 31 2972 46 3012
b145 36 3692 49 3737
b146 139 1229 187 1262
b147 180 840 210 882
b148 175 361 193 381
b149 0 3093 47 3115
b150 81 2356 104 2387
b151 47 3067 65 3109
b152 154 688 170 707
b153 180 810 221 840
b154 105 1840 127 1857
b155 103 1252 128 1266
b156 154 707 182 723
b157 107 2240 127 2265
b158 192 381 215 394
b159 47 3481 91 3513
b160 30 57 57 73
b161 12 3609 58 3656
b162 49 3690 80 3708
b163 12 3115 45 3137
b164 65 1488 101 1529
b165 159 381 180 398
b166 12 3656 46 3692
b167 92 3388 128 3425
b168 100 1396 124 1437
b169 131 1052 155 1091
b170 88 1289 117 1334
b171 91 2387 113 2427
b172 221 200 248 213
b173 103 2082 128 2114
b174 193 65 236 81
b175 97 2605 112 2621
b176 111 1456 144 1494
b177 20 3861 61 3898
b178 144 1485 161 1504
b179 111 3190 157 3224
b180 169 154 188 194
b181 111 1494 141 1522
b182 123 1719 168 1743
b183 144 3224 177 3263
b184 65 1463 111 1488
b185 108 0 135 34
b186 77 2298 108 2331
b187 0 3729 36 3767
b188 84 2953 121 2993
b189 55 2867 99 2879
b190 214 132 251 159
b191 46 3656 62 3690
b192 156 209 185 257
b193 111 3247 144 3264
b194 151 431 179 444
b195 111 1576 144 1589
b196 62 1975 103 2016
b197 111 3162 148 3190
b198 30 2118 78 2137
b199 31 2879 62 2915
b200 103 1975 146 2012
b201 55 2331 81 2360
b202 97 905 131 944
b203 88 1225 103 1253
b204 151 398 192 431
b205 135 43 156 58
b206 43 3032 85 3067
b207 188 200 221 228
b208 59 2997 86 3017
b209 53 3825 98 3861
b210 77 2241 90 2265
b211 169 984 185 996
b212 36 3783 57 3825
b213 30 43 62 57
b214 76 2540 93 2567
b215 138 1031 167 1052
b216 111 1437 153 1456
b217 0 3767 20 3815
b218 68 2938 111 2953
b219 61 3559 89 3577
b220 0 0 30 37
b221 97 944 110 989
b222 182 688 216 713
b223 0 3898 22 3917
b224 93 2540 138 2561
b225 107 2427 154 2465
b226 107 2465 146 2481
b227 103 2050 116 2082
b228 188 228 209 248
b229 236 65 260 113
b230 77 2265 107 2298
b231 0 37 16 67
b232 88 1266 130 1289
b233 160 522 176 535
b234 193 0 226 18
b235 47 3435 69 3481
b236 78 2169 105 2208
b237 147 792 168 832
b238 192 394 219 433
b239 262 0 302 22
b240 109 1334 132 1353
b241 154 2225 167 2249
b242 97 2706 119 2746
b243 31 2938 68 2972
b244 90 2208 127 2221
b245 110 1184 146 1208
b246 82 3067 105 3111
b247 116 2012 152 2051
b248 49 2605 92 2636
b249 30 16 65 43
b250 69 1370 100 1404
b251 92 3508 135 3542
b252 69 40 88 68
b253 16 2669 31 2682
b254 135 335 159 348
b255 183 1302 230 1341
b256 75 2657 96 2670
b257 97 2673 114 2706
b258 91 3309 135 3343
b259 65 1529 91 1541
b260 34 2636 53 2648
b261 91 3343 103 3388
b262 160 567 187 615
b263 45 3513 92 3559
b264 71 3577 116 3600
b265 169 103 214 118
b266 154 723 199 771
b267 49 3708 83 3747
b268 135 348 157 373
b269 186 882 223 900
b270 111 2265 134 2280
b271 186 900 228 924
b272 69 1404 93 1439
b273 34 2209 55 2239
b274 170 667 203 688
b275 101 1719 123 1747
b276 57 2104 88 2118
b277 0 3115 12 3162
b278 203 272 216 314
b279 93 1932 132 1975
b280 193 81 224 103
b281 153 1342 183 1360
b282 148 2929 192 2959
b283 125 1758 138 1773
b284 91 1771 121 1792
b285 76 2208 89 2241
b286 205 159 241 200
b287 55 2636 97 2657
b288 55 3747 83 3783
b289 112 2636 145 2673
b290 45 3559 61 3586
b291 179 433 207 476
b292 191 771 215 810
b293 105 3021 148 3040
b294 65 3067 82 3093
b295 161 1743 204 1756
b296 155 1068 171 1095
b297 112 2605 150 2636
b298 215 314 248 354
b299 214 103 227 116
