455573.25
596986.5
314160
560 561
100.84611
b0 303 416 318 443
b1 269 149 285 176
b2 244 476 266 502
b3 388 453 409 498
b4 181 0 221 45
b5 413 425 439 441
b6 122 320 160 347
b7 397 225 432 254
b8 221 0 242 36
b9 158 286 202 311
b10 174 178 189 209
b11 165 115 206 139
b12 244 358 263 375
b13 155 506 188 554
b14 104 466 125 510
b15 205 244 220 278
b16 73 515 118 557
b17 508 322 549 359
b18 413 456 457 499
b19 371 298 394 334
b20 413 441 430 454
b21 158 242 186 286
b22 457 494 492 523
b23 339 470 356 510
b24 234 96 258 114
b25 385 0 428 29
b26 372 201 390 228
b27 203 502 243 540
b28 0 0 12 24
b29 411 354 440 384
b30 208 151 228 179
b31 156 46 188 82
b32 199 435 218 457
b33 113 389 159 434
b34 101 321 113 350
b35 497 120 509 146
b36 205 326 232 356
b37 335 197 347 226
b38 45 408 66 427
b39 183 374 196 386
b40 66 437 113 456
b41 0 362 36 381
b42 156 0 181 46
b43 318 415 357 436
b44 220 422 244 449
b45 371 334 395 359
b46 357 396 370 415
b47 223 226 265 266
b48 122 109 150 143
b49 307 511 331 559
b50 426 287 440 306
b51 356 470 370 486
b52 188 45 206 82
b53 335 226 347 262
b54 301 230 335 260
b55 23 142 49 173
b56 465 261 511 292
b57 251 47 299 94
b58 372 228 397 253
b59 411 387 458 425
b60 250 133 289 149
b61 122 210 153 255
b62 336 114 372 160
b63 510 16 546 62
b64 447 319 462 352
b65 0 155 23 168
b66 160 311 205 353
b67 385 29 418 43
b68 378 498 406 543
b69 411 327 447 354
b70 0 420 45 436
b71 412 45 444 79
b72 113 434 128 466
b73 372 127 418 139
b74 0 452 34 495
b75 236 266 256 303
b76 258 0 294 39
b77 490 442 530 460
b78 0 436 42 452
b79 372 139 412 164
b80 66 422 102 437
b81 0 381 32 396
b82 390 201 429 225
b83 206 59 247 96
b84 42 173 80 207
b85 418 133 452 176
b86 270 449 314 488
b87 479 359 527 404
b88 413 499 457 528
b89 434 528 476 548
b90 452 146 498 170
b91 101 34 122 77
b92 168 457 215 502
b93 0 173 24 193
b94 153 223 184 242
b95 372 164 416 201
b96 257 416 303 449
b97 354 356 369 396
b98 314 262 349 275
b99 372 84 389 124
b100 492 483 536 528
b101 508 292 544 322
b102 0 274 40 310
b103 464 0 498 34
b104 517 100 531 142
b105 68 41 101 76
b106 498 0 510 33
b107 150 109 165 141
b108 228 161 266 198
b109 444 48 486 94
b110 258 94 300 133
b111 199 422 220 435
b112 370 378 400 403
b113 35 106 59 142
b114 293 349 337 383
b115 128 434 162 456
b116 122 78 141 106
b117 196 356 235 377
b118 502 223 546 261
b119 235 313 263 358
b120 42 207 78 243
b121 263 313 301 347
b122 370 433 413 453
b123 12 0 35 36
b124 66 321 101 352
b125 0 228 42 274
b126 76 487 88 509
b127 0 337 43 362
b128 68 77 112 105
b129 349 239 371 273
b130 244 525 274 551
b131 287 167 335 212
b132 306 48 345 66
b133 140 374 183 389
b134 318 436 365 470
b135 0 322 45 337
b136 442 307 479 319
b137 12 36 33 64
b138 34 487 76 515
b139 461 197 497 234
b140 256 268 299 280
b141 189 96 234 115
b142 461 170 498 197
b143 208 127 233 151
b144 462 319 502 334
b145 244 431 257 476
b146 35 41 68 89
b147 339 314 369 356
b148 492 460 512 478
b149 531 100 553 147
b150 371 275 402 298
b151 287 212 329 230
b152 457 478 476 494
b153 370 403 411 433
b154 35 89 57 106
b155 143 82 168 96
b156 510 62 538 78
b157 483 334 503 359
b158 143 96 166 109
b159 309 383 353 415
b160 510 0 537 16
b161 331 510 378 556
b162 156 178 174 209
b163 457 456 490 478
b164 80 145 121 181
b165 168 82 189 99
b166 122 174 156 210
b167 300 94 336 131
b168 402 254 426 295
b169 66 398 105 422
b170 205 281 234 326
b171 80 214 120 236
b172 257 449 270 476
b173 492 88 517 120
b174 242 0 258 43
b175 220 266 236 281
b176 301 316 339 349
b177 118 510 155 551
b178 452 127 469 146
b179 76 0 122 34
b180 244 375 263 415
b181 527 407 557 435
b182 220 449 244 494
b183 440 354 479 387
b184 263 391 309 416
b185 498 147 532 174
b186 0 495 31 528
b187 265 230 301 268
b188 267 488 307 525
b189 206 115 250 127
b190 465 234 502 261
b191 43 337 59 371
b192 389 79 418 127
b193 162 402 179 435
b194 469 127 497 140
b195 527 359 560 372
b196 35 0 76 41
b197 306 66 343 94
b198 394 308 442 327
b199 65 456 101 487
b200 84 236 121 279
b201 432 215 461 241
b202 418 94 452 133
b203 188 502 203 530
b204 301 275 334 316
b205 462 334 483 349
b206 42 243 84 278
b207 406 528 434 561
b208 59 294 79 321
b209 428 0 464 45
b210 402 295 426 308
b211 498 33 510 49
b212 31 515 73 536
b213 458 387 472 419
b214 527 372 554 389
b215 160 353 189 374
b216 186 244 205 286
b217 364 43 412 63
b218 465 292 508 307
b219 527 389 555 407
b220 36 371 66 408
b221 27 173 40 218
b222 228 198 262 223
b223 307 492 329 511
b224 266 176 287 221
b225 479 404 526 442
b226 426 271 465 287
b227 345 82 358 114
b228 364 63 384 84
b229 306 0 330 48
b230 432 241 465 271
b231 221 43 251 59
b232 118 347 160 370
b233 244 415 257 431
b234 370 453 388 486
b235 13 64 35 110
b236 79 294 118 321
b237 452 94 492 115
b238 429 176 456 215
b239 81 105 103 145
b240 442 287 465 306
b241 159 389 183 402
b242 517 78 557 100
b243 336 160 370 197
b244 398 327 411 364
b245 122 296 158 320
b246 42 436 65 480
b247 334 275 370 314
b248 122 143 165 174
b249 0 193 27 228
b250 439 425 473 456
b251 289 133 332 167
b252 370 359 398 378
b253 0 64 13 79
b254 68 105 81 129
b255 189 179 228 226
b256 122 65 143 78
b257 233 127 250 160
b258 122 0 156 44
b259 452 115 478 127
b260 250 149 269 161
b261 0 310 45 322
b262 530 435 557 483
b263 66 352 113 398
b264 0 110 23 155
b265 40 279 85 294
b266 196 377 244 422
b267 330 0 364 39
b268 314 470 339 492
b269 186 226 223 244
b270 244 502 267 517
b271 347 197 371 239
b272 0 396 35 420
b273 372 254 402 275
b274 364 0 385 33
b275 128 456 156 478
b276 464 34 495 48
b277 294 0 306 47
b278 183 386 196 428
b279 165 139 208 178
b280 168 435 199 457
b281 476 528 494 558
b282 263 347 293 391
b283 301 260 314 275
b284 122 44 152 65
b285 153 210 186 223
b286 122 255 158 296
b287 497 202 539 223
b288 498 174 534 202
b289 80 181 117 214
b290 88 487 104 514
b291 125 478 168 506
b292 486 49 510 88
b293 345 39 364 82
b294 337 356 354 382
b295 45 294 58 337
b296 113 370 140 386
b297 511 261 549 292
b298 256 280 296 313
b299 166 99 179 112
