229168.8457031
231831.5
205205
451 455
2.005883
b0 185 302 218 345
b1 187 0 252 37
b2 0 350 34 403
b3 0 264 37 331
b4 0 331 29 350
b5 252 0 291 49
b6 396 193 436 211
b7 92 433 132 455
b8 343 164 393 226
b9 306 323 322 364
b10 40 370 92 388
b11 101 143 160 182
b12 158 345 219 373
b13 315 384 363 441
b14 243 323 306 366
b15 396 98 448 157
b16 237 153 294 189
b17 0 0 44 66
b18 384 327 435 375
b19 227 271 258 321
b20 323 227 342 264
b21 187 70 237 134
b22 187 134 236 168
b23 384 226 404 275
b24 322 264 350 309
b25 237 114 291 153
b26 95 232 150 272
b27 426 211 451 276
b28 276 366 315 412
b29 158 373 220 397
b30 243 366 269 390
b31 82 98 116 124
b32 270 221 323 264
b33 350 282 372 317
b34 358 67 412 94
b35 0 233 38 264
b36 354 0 393 67
b37 101 182 161 202
b38 220 321 243 378
b39 40 388 92 443
b40 129 335 158 361
b41 101 202 156 229
b42 40 317 102 370
b43 40 125 101 171
b44 116 96 181 143
b45 258 271 281 315
b46 40 295 79 317
b47 243 390 276 455
b48 102 272 129 329
b49 393 0 440 65
b50 291 71 358 103
b51 44 0 82 57
b52 176 215 230 260
b53 57 274 100 295
b54 0 89 18 150
b55 350 226 384 282
b56 40 232 57 295
b57 119 37 137 84
b58 294 168 340 202
b59 92 383 129 433
b60 0 66 40 89
b61 412 65 435 98
b62 277 52 337 71
b63 396 157 441 193
b64 178 168 228 215
b65 129 278 185 335
b66 322 317 383 384
b67 237 70 277 114
b68 291 0 354 52
b69 102 329 129 383
b70 185 260 227 302
b71 384 375 406 439
b72 40 171 101 232
b73 329 103 396 164
b74 57 232 95 274
b75 294 202 322 221
b76 150 245 172 278
b77 154 397 220 454
b78 0 151 36 183
b79 44 57 104 98
b80 236 189 294 205
b81 0 183 40 233
b82 137 39 184 96
b83 132 361 154 377
b84 404 211 426 278
b85 323 202 343 227
b86 82 0 119 56
b87 143 0 187 39
b88 119 0 143 37
b89 44 98 82 125
b90 276 412 315 445
b91 187 37 243 70
b92 150 229 176 245
b93 294 103 329 168
b94 281 264 322 323
b95 132 377 151 428
b96 230 205 270 271
b97 161 143 178 210
b98 18 89 40 151
b99 384 278 450 327
