235477.34375
238891.5
204750
450 455
1.180198
b0 62 276 105 309
b1 290 247 355 284
b2 74 120 108 173
b3 108 151 175 188
b4 33 22 62 41
b5 354 371 403 410
b6 303 429 343 447
b7 33 0 73 22
b8 212 0 262 62
b9 0 348 41 364
b10 316 67 334 119
b11 226 62 285 101
b12 377 24 438 52
b13 139 332 196 380
b14 260 391 303 454
b15 356 185 415 237
b16 320 153 356 210
b17 356 237 422 281
b18 334 67 382 118
b19 108 332 139 382
b20 239 334 258 371
b21 47 337 97 401
b22 251 101 285 150
b23 285 45 305 94
b24 285 94 313 139
b25 217 213 271 252
b26 203 394 258 434
b27 422 207 447 272
b28 260 352 306 391
b29 377 0 439 24
b30 38 256 62 282
b31 217 101 251 127
b32 0 65 43 118
b33 415 185 450 207
b34 172 62 226 89
b35 108 0 139 38
b36 372 146 439 185
b37 196 150 216 210
b38 203 371 260 394
b39 268 153 320 208
b40 242 184 268 213
b41 42 310 97 337
b42 0 181 62 234
b43 171 89 217 150
b44 260 287 307 352
b45 306 406 350 429
b46 62 98 101 120
b47 0 0 33 65
b48 217 127 244 184
b49 307 284 354 349
b50 108 228 175 260
b51 175 252 232 290
b52 262 0 316 45
b53 175 150 196 193
b54 420 347 438 408
b55 316 119 372 153
b56 0 118 17 181
b57 203 290 221 337
b58 73 28 107 74
b59 108 295 158 332
b60 356 348 396 371
b61 244 150 267 183
b62 43 41 62 101
b63 158 295 203 331
b64 0 364 47 414
b65 17 120 74 176
b66 316 0 377 67
b67 62 176 106 216
b68 108 38 171 90
b69 0 283 54 310
b70 175 210 217 252
b71 106 382 170 404
b72 108 90 169 151
b73 382 85 449 146
b74 0 310 42 348
b75 89 0 108 28
b76 139 0 172 22
b77 378 281 435 347
b78 203 337 239 369
b79 62 216 103 276
b80 232 252 290 268
b81 172 0 212 50
b82 307 349 354 406
b83 73 0 89 22
b84 356 281 378 348
b85 217 184 242 204
b86 271 210 327 247
b87 221 290 260 334
b88 62 74 99 98
b89 0 256 38 283
b90 170 380 203 419
b91 382 52 438 85
b92 139 22 165 38
b93 108 260 173 295
b94 350 414 409 455
b95 232 268 283 287
b96 108 188 174 228
b97 403 347 420 414
b98 0 234 62 256
b99 97 404 163 453
