2077853
3003728
1151978
317 3634
938.428211
b0 46 2820 73 2835
b1 139 494 166 510
b2 203 469 225 495
b3 113 2961 134 3006
b4 34 3142 74 3187
b5 141 2130 157 2156
b6 154 1802 192 1829
b7 133 762 168 791
b8 78 2553 99 2589
b9 118 2459 162 2484
b10 162 1170 177 1201
b11 232 272 273 296
b12 103 2820 120 2839
b13 120 1898 153 1946
b14 50 3051 94 3072
b15 190 238 224 253
b16 166 800 211 842
b17 78 2402 119 2439
b18 85 2484 128 2528
b19 176 1314 212 1337
b20 68 2333 81 2350
b21 151 1089 179 1133
b22 168 435 203 464
b23 78 2439 118 2456
b24 37 3429 55 3453
b25 35 1865 64 1908
b26 39 2867 66 2885
b27 105 2156 143 2196
b28 138 990 162 1002
b29 155 464 184 494
b30 175 529 195 557
b31 224 191 256 227
b32 46 2122 65 2144
b33 156 296 201 342
b34 103 1044 132 1056
b35 132 1031 144 1057
b36 117 718 144 748
b37 203 435 215 464
b38 42 3526 63 3545
b39 198 101 210 114
b40 84 2622 103 2669
b41 178 665 214 684
b42 105 3430 151 3455
b43 117 0 156 21
b44 0 3549 27 3573
b45 34 3609 58 3634
b46 0 2118 19 2131
b47 131 2529 173 2569
b48 178 631 206 665
b49 130 670 154 718
b50 119 2402 138 2416
b51 42 3491 56 3507
b52 68 2071 105 2089
b53 105 2130 141 2142
b54 103 1108 133 1142
b55 73 2820 99 2851
b56 186 342 232 373
b57 95 2354 142 2402
b58 105 2032 130 2057
b59 127 849 174 887
b60 105 1664 144 1680
b61 127 1375 158 1420
b62 0 2082 46 2118
b63 75 1165 111 1211
b64 142 2233 175 2248
b65 192 684 205 707
b66 156 0 198 45
b67 105 2057 119 2090
b68 70 3348 98 3393
b69 168 753 204 780
b70 232 227 248 272
b71 156 238 190 270
b72 130 1241 162 1256
b73 84 2711 96 2757
b74 111 1207 154 1241
b75 158 631 178 668
b76 37 3393 76 3429
b77 78 2456 118 2474
b78 19 3204 61 3220
b79 74 3072 114 3097
b80 234 130 270 145
b81 160 529 175 561
b82 91 1251 130 1275
b83 169 169 206 210
b84 234 43 268 81
b85 234 0 268 43
b86 52 1251 91 1295
b87 139 928 184 976
b88 174 842 203 886
b89 174 886 194 928
b90 85 2529 131 2553
b91 160 1293 203 1314
b92 80 1603 125 1650
b93 65 2474 85 2498
b94 19 3051 50 3070
b95 144 1546 188 1583
b96 122 1498 168 1531
b97 35 0 75 15
b98 80 1963 93 1998
b99 268 26 308 43
b100 128 2484 172 2529
b101 71 2784 101 2820
b102 0 3477 40 3513
b103 73 1523 107 1557
b104 127 976 169 990
b105 0 0 35 33
b106 203 842 215 875
b107 144 1531 176 1546
b108 118 1860 155 1898
b109 80 1557 122 1603
b110 84 2669 123 2711
b111 65 2350 78 2371
b112 71 3259 101 3284
b113 118 1836 154 1860
b114 37 3250 71 3294
b115 69 2965 103 2987
b116 156 342 184 361
b117 68 1759 107 1780
b118 74 1849 118 1887
b119 103 2553 131 2598
b120 97 748 133 784
b121 42 3453 76 3491
b122 168 780 211 800
b123 105 1680 128 1716
b124 92 3313 123 3348
b125 151 589 197 631
b126 70 3313 92 3325
b127 46 2653 71 2696
b128 149 1946 193 1974
b129 206 169 240 191
b130 128 1680 158 1706
b131 50 3097 98 3142
b132 71 3220 89 3259
b133 190 253 205 296
b134 158 684 192 731
b135 68 2302 113 2317
b136 68 1664 105 1676
b137 52 1295 73 1323
b138 113 2302 155 2330
b139 74 3142 110 3179
b140 118 2244 130 2287
b141 73 1409 92 1454
b142 165 1133 192 1170
b143 234 105 258 130
b144 193 114 208 154
b145 156 45 169 90
b146 89 2880 137 2913
b147 97 784 127 826
b148 115 1445 133 1465
b149 40 3545 87 3567
b150 103 2598 126 2629
b151 52 1590 70 1632
b152 64 1963 80 1982
b153 19 3220 60 3250
b154 278 67 300 84
b155 133 748 158 762
b156 160 2013 188 2029
b157 92 1498 112 1523
b158 69 2952 92 2965
b159 132 1057 176 1089
b160 68 2317 95 2333
b161 74 1898 120 1945
b162 87 3478 118 3496
b163 133 791 166 813
b164 120 1166 156 1207
b165 34 3187 55 3204
b166 0 3513 34 3549
b167 130 1256 166 1293
b168 114 990 138 1031
b169 130 631 154 670
b170 130 1293 159 1338
b171 46 2082 68 2122
b172 97 1031 124 1044
b173 39 3019 64 3051
b174 46 2851 89 2867
b175 89 3220 104 3236
b176 91 1316 124 1354
b177 76 3393 117 3430
b178 97 826 114 845
b179 215 435 261 469
b180 75 1211 94 1251
b181 160 561 190 589
b182 120 1142 165 1166
b183 37 3294 70 3333
b184 124 1420 170 1445
b185 201 296 228 330
b186 94 1465 125 1498
b187 198 39 234 77
b188 0 3250 37 3290
b189 234 93 278 105
b190 71 2757 108 2784
b191 107 1802 123 1836
b192 68 2089 97 2137
b193 35 1632 68 1649
b194 52 1557 80 1570
b195 148 2749 181 2762
b196 101 3251 142 3292
b197 169 210 206 238
b198 103 1089 151 1108
b199 133 813 164 849
b200 142 2196 185 2233
b201 71 3284 97 3313
b202 149 1974 183 2013
b203 19 3070 34 3098
b204 61 3187 102 3220
b205 89 3236 110 3251
b206 186 400 228 435
b207 94 3006 127 3034
b208 52 1570 79 1590
b209 103 2784 148 2820
b210 268 43 281 67
b211 152 430 168 442
b212 40 3567 61 3609
b213 268 0 300 14
b214 35 2055 52 2082
b215 76 3430 105 3451
b216 75 0 117 19
b217 19 2118 39 2166
b218 130 2050 173 2065
b219 74 1945 102 1963
b220 130 2013 160 2050
b221 65 2498 78 2543
b222 119 2105 153 2130
b223 144 1002 166 1021
b224 68 1738 113 1759
b225 108 2711 155 2749
b226 35 1849 74 1865
b227 117 583 130 615
b228 94 1369 115 1389
b229 169 45 193 93
b230 65 2589 95 2622
b231 152 400 168 430
b232 35 2032 77 2055
b233 139 442 155 455
b234 152 2065 185 2083
b235 39 2973 61 3019
b236 77 2032 104 2071
b237 73 1369 94 1409
b238 193 1740 220 1779
b239 105 1716 145 1738
b240 155 2248 178 2267
b241 113 2330 126 2354
b242 75 19 97 59
b243 113 1738 150 1772
b244 66 2867 103 2880
b245 198 77 234 101
b246 66 2880 89 2924
b247 198 0 234 39
b248 117 510 160 541
b249 186 373 221 400
b250 162 1213 193 1247
b251 64 1998 107 2032
b252 130 1946 149 1974
b253 221 373 236 386
b254 50 3072 74 3085
b255 139 361 186 400
b256 97 2244 118 2257
b257 35 15 52 48
b258 150 1706 194 1740
b259 234 81 260 93
b260 94 2987 113 2999
b261 127 887 139 932
b262 92 2913 119 2961
b263 166 1247 213 1293
b264 75 1142 120 1165
b265 193 154 238 169
b266 97 2196 142 2244
b267 119 2420 153 2459
b268 117 21 139 46
b269 138 2402 175 2420
b270 97 2287 120 2302
b271 0 3453 42 3477
b272 56 3491 80 3526
b273 130 541 151 571
b274 206 495 239 516
b275 66 2924 88 2952
b276 79 1650 110 1664
b277 104 3179 116 3226
b278 117 541 130 583
b279 123 2629 162 2672
b280 158 731 189 753
b281 185 2029 215 2047
b282 113 1772 157 1802
b283 91 1354 104 1369
b284 39 2952 69 2973
b285 204 707 217 740
b286 91 1275 127 1316
b287 248 227 290 248
b288 75 1044 103 1080
b289 127 1338 160 1375
b290 76 3451 92 3478
b291 177 1170 205 1213
b292 208 114 232 153
b293 160 510 203 529
b294 300 0 317 26
b295 68 1836 111 1849
b296 61 2987 77 3014
b297 46 2622 84 2653
b298 119 2065 152 2105
b299 139 400 152 413
