227985.046875
230364.5
206570
455 454
3.600643
b0 398 210 441 243
b1 299 92 336 157
b2 202 152 236 205
b3 0 67 67 104
b4 0 404 19 433
b5 359 206 398 255
b6 273 348 291 388
b7 350 330 390 352
b8 139 285 201 335
b9 351 352 392 368
b10 370 368 388 420
b11 19 405 78 444
b12 80 195 108 256
b13 392 345 449 393
b14 185 0 248 43
b15 279 33 331 92
b16 350 294 407 330
b17 131 397 197 441
b18 130 40 181 88
b19 146 200 196 231
b20 403 263 440 282
b21 249 92 299 156
b22 18 295 52 344
b23 403 243 452 263
b24 236 156 264 201
b25 336 114 390 153
b26 130 0 185 40
b27 303 181 368 206
b28 407 306 453 345
b29 212 245 236 307
b30 407 282 433 306
b31 303 266 337 292
b32 78 393 131 436
b33 398 188 433 210
b34 396 161 450 188
b35 108 200 146 231
b36 264 157 303 224
b37 336 161 396 181
b38 246 224 303 247
b39 0 0 52 55
b40 0 378 29 404
b41 111 231 166 258
b42 0 169 53 231
b43 29 344 75 405
b44 390 114 455 161
b45 248 0 292 23
b46 237 388 259 427
b47 73 130 106 195
b48 53 195 80 252
b49 355 0 420 47
b50 170 124 202 191
b51 259 388 297 445
b52 297 365 351 410
b53 236 43 257 86
b54 0 254 18 315
b55 351 420 407 454
b56 0 315 17 378
b57 337 243 355 290
b58 166 245 212 279
b59 297 410 347 447
b60 0 231 40 254
b61 303 243 336 266
b62 52 295 112 314
b63 67 67 112 103
b64 202 102 249 152
b65 75 336 131 393
b66 52 0 113 67
b67 202 205 246 245
b68 236 247 299 299
b69 111 258 165 285
b70 336 61 378 103
b71 75 314 139 336
b72 131 336 192 397
b73 378 47 439 114
b74 0 104 38 146
b75 336 33 355 61
b76 130 88 163 110
b77 113 134 170 200
b78 163 88 195 124
b79 18 254 78 295
b80 291 349 349 365
b81 223 348 273 388
b82 303 292 350 349
b83 201 307 223 323
b84 257 23 279 90
b85 368 181 393 201
b86 303 206 359 243
b87 359 255 403 294
b88 113 110 150 134
b89 73 103 111 130
b90 78 256 111 295
b91 292 0 348 33
b92 113 67 129 93
b93 38 104 73 169
b94 195 43 236 102
b95 351 368 370 419
b96 197 388 237 454
b97 113 0 130 67
b98 201 323 223 385
b99 236 299 302 348
