1187816.25
1763680.5
611952
244 2508
180.299473
b0 119 1890 155 1906
b1 18 0 37 39
b2 43 912 84 947
b3 51 745 69 792
b4 119 1552 145 1584
b5 45 2400 80 2431
b6 45 2387 74 2400
b7 89 635 117 656
b8 92 1216 124 1231
b9 39 1907 85 1941
b10 157 204 202 236
b11 79 493 93 529
b12 99 0 135 42
b13 119 1648 167 1693
b14 135 834 150 859
b15 199 236 244 282
b16 127 966 145 988
b17 69 745 102 771
b18 84 1038 118 1057
b19 119 1693 149 1705
b20 188 57 216 90
b21 55 2168 99 2207
b22 145 954 171 993
b23 56 2063 96 2088
b24 61 1272 86 1287
b25 50 1456 86 1492
b26 124 123 167 148
b27 111 1853 145 1868
b28 76 399 122 437
b29 111 1816 123 1853
b30 97 1907 114 1934
b31 39 1654 76 1670
b32 0 1657 23 1689
b33 0 0 18 36
b34 18 922 37 960
b35 76 1796 91 1829
b36 43 1121 71 1133
b37 55 2147 71 2168
b38 84 1057 117 1083
b39 81 1829 111 1871
b40 123 476 151 517
b41 167 103 183 119
b42 206 282 225 326
b43 18 1540 58 1574
b44 0 2387 27 2403
b45 50 1380 64 1417
b46 151 476 199 491
b47 51 792 74 806
b48 67 562 91 588
b49 122 399 162 430
b50 58 1540 91 1582
b51 91 562 118 610
b52 108 834 135 871
b53 13 2252 30 2270
b54 81 1871 124 1887
b55 100 1733 113 1779
b56 90 2109 112 2134
b57 40 1606 59 1654
b58 145 1172 164 1213
b59 135 57 181 103
b60 84 771 114 806
b61 37 1346 70 1380
b62 52 635 89 680
b63 114 194 129 229
b64 37 806 84 854
b65 37 19 67 52
b66 35 2331 66 2362
b67 76 1346 120 1383
b68 58 1582 93 1606
b69 174 333 193 371
b70 147 859 183 873
b71 76 2207 118 2241
b72 52 680 86 713
b73 27 2400 45 2438
b74 136 458 165 476
b75 76 0 99 27
b76 37 94 51 106
b77 158 1128 182 1144
b78 123 1745 149 1788
b79 104 1779 123 1816
b80 39 1993 53 2008
b81 159 0 191 20
b82 18 1380 50 1413
b83 89 656 108 693
b84 84 1001 127 1038
b85 181 20 229 57
b86 68 1097 92 1121
b87 99 229 144 248
b88 169 1054 197 1097
b89 89 966 101 1001
b90 0 2438 45 2462
b91 43 1166 87 1194
b92 52 1969 94 1993
b93 76 1606 119 1627
b94 37 1194 52 1210
b95 115 248 151 273
b96 117 610 142 655
b97 100 1705 125 1733
b98 37 1308 53 1334
b99 169 1034 206 1054
b100 53 1321 80 1346
b101 151 491 191 539
b102 18 884 43 922
b103 23 2020 55 2052
b104 13 2362 49 2387
b105 77 1993 119 2024
b106 77 2024 111 2063
b107 147 1705 192 1721
b108 23 2008 56 2020
b109 124 1868 136 1890
b110 115 1083 159 1106
b111 27 2387 45 2400
b112 0 2462 18 2508
b113 108 806 151 834
b114 37 0 76 19
b115 37 854 74 884
b116 119 345 156 387
b117 135 0 159 37
b118 76 248 115 283
b119 76 1627 100 1663
b120 99 62 114 107
b121 71 1121 103 1166
b122 76 345 119 375
b123 85 1934 98 1969
b124 39 1941 52 1980
b125 115 317 133 345
b126 136 430 174 458
b127 145 1106 169 1128
b128 67 468 103 493
b129 96 2063 140 2109
b130 23 2207 67 2252
b131 81 1887 117 1907
b132 79 546 117 562
b133 167 1648 181 1660
b134 156 317 185 333
b135 159 20 174 57
b136 108 871 132 890
b137 52 1254 74 1272
b138 151 182 181 204
b139 139 1617 172 1648
b140 85 1907 97 1923
b141 61 1287 86 1321
b142 124 148 151 194
b143 30 2252 76 2296
b144 43 947 68 976
b145 118 1038 163 1072
b146 103 437 136 471
b147 103 490 115 521
b148 56 2088 73 2113
b149 18 1619 40 1641
b150 0 1689 13 1719
b151 131 890 147 917
b152 139 1584 172 1617
b153 52 1242 92 1254
b154 115 273 157 317
b155 67 493 79 506
b156 89 806 108 848
b157 172 1144 214 1156
b158 76 1779 104 1796
b159 37 1272 61 1308
b160 64 1380 76 1416
b161 76 437 95 468
b162 91 1540 121 1552
b163 50 1493 96 1540
b164 23 2052 55 2079
b165 89 933 130 966
b166 52 733 88 745
b167 68 1083 115 1097
b168 67 610 104 635
b169 43 884 89 912
b170 18 1574 40 1619
b171 55 2113 90 2147
b172 93 521 124 546
b173 65 1194 107 1216
b174 99 42 124 62
b175 119 387 153 399
b176 130 938 150 954
b177 56 1993 77 2024
b178 119 1584 139 1600
b179 127 993 172 1034
b180 131 917 150 938
b181 37 52 52 94
b182 191 0 224 12
b183 86 1254 123 1270
b184 103 471 123 490
b185 145 1128 158 1172
b186 52 1194 65 1242
b187 65 1216 87 1240
b188 86 693 110 733
b189 135 103 166 123
b190 151 148 188 182
b191 86 1456 128 1493
b192 13 2331 35 2359
b193 39 1829 81 1872
b194 89 890 131 933
b195 107 1106 132 1142
b196 0 1641 39 1657
b197 30 2296 77 2331
b198 125 1705 147 1745
b199 64 1416 98 1456
