447583.5
581007
314160
560 561
539.691913
b0 288 130 303 157
b1 0 0 16 27
b2 318 146 340 172
b3 393 362 438 383
b4 144 368 184 413
b5 0 233 26 249
b6 184 397 222 424
b7 479 464 514 493
b8 363 438 384 474
b9 321 533 365 558
b10 382 170 397 201
b11 216 0 240 41
b12 380 344 399 361
b13 221 450 269 483
b14 374 235 395 279
b15 441 245 475 260
b16 90 474 135 516
b17 341 304 382 341
b18 404 199 448 242
b19 302 315 325 351
b20 127 420 144 433
b21 240 30 284 58
b22 486 238 521 267
b23 298 29 338 46
b24 421 476 445 494
b25 298 0 341 29
b26 402 262 429 280
b27 520 190 558 230
b28 85 118 109 130
b29 145 179 175 208
b30 226 320 254 340
b31 251 120 287 152
b32 403 47 425 66
b33 140 472 185 518
b34 393 426 405 455
b35 479 452 505 464
b36 428 36 455 66
b37 318 79 347 91
b38 182 278 203 297
b39 113 399 125 412
b40 28 508 47 555
b41 222 431 258 450
b42 144 343 190 368
b43 281 213 302 252
b44 33 212 57 239
b45 430 130 455 154
b46 409 449 428 462
b47 365 512 407 552
b48 445 475 479 503
b49 535 230 559 278
b50 119 18 138 32
b51 409 462 425 476
b52 233 111 251 148
b53 254 381 290 393
b54 111 198 145 228
b55 0 530 26 561
b56 295 351 341 382
b57 500 143 548 190
b58 384 468 409 493
b59 0 174 47 212
b60 325 304 341 343
b61 289 270 320 315
b62 176 152 222 188
b63 448 199 484 245
b64 275 252 308 267
b65 178 428 191 451
b66 321 455 363 500
b67 492 0 506 33
b68 308 225 336 270
b69 425 0 452 36
b70 39 0 55 45
b71 341 0 373 34
b72 53 264 85 279
b73 358 74 370 120
b74 0 249 43 283
b75 404 242 441 262
b76 500 104 536 143
b77 315 421 355 439
b78 33 100 49 142
b79 262 518 287 558
b80 226 416 262 431
b81 189 320 221 335
b82 318 122 357 146
b83 236 58 273 99
b84 0 470 34 508
b85 340 221 374 264
b86 145 304 189 343
b87 438 294 486 339
b88 289 86 318 130
b89 518 425 560 445
b90 404 66 428 112
b91 75 279 96 322
b92 492 33 537 80
b93 194 188 218 208
b94 363 493 394 512
b95 277 481 321 518
b96 347 359 380 405
b97 318 107 358 122
b98 441 66 454 101
b99 382 304 399 344
b100 514 452 559 496
b101 96 265 132 295
b102 0 314 40 350
b103 451 260 485 294
b104 284 0 298 42
b105 254 315 289 348
b106 55 0 88 12
b107 33 142 48 174
b108 488 330 526 367
b109 103 130 145 176
b110 305 382 347 421
b111 43 239 64 252
b112 190 372 220 397
b113 171 518 195 554
b114 370 80 404 124
b115 53 279 75 313
b116 262 415 290 434
b117 456 178 495 199
b118 474 368 518 406
b119 407 509 435 554
b120 101 516 137 552
b121 277 434 315 468
b122 0 450 43 470
b123 78 62 114 85
b124 195 513 226 548
b125 222 152 264 198
b126 89 516 101 538
b127 0 350 43 375
b128 16 72 60 100
b129 479 493 513 515
b130 404 112 430 142
b131 114 37 162 82
b132 341 341 380 359
b133 536 80 551 123
b134 93 412 127 459
b135 190 221 205 266
b136 132 265 144 302
b137 24 393 45 421
b138 113 357 141 399
b139 306 175 342 212
b140 488 80 500 123
b141 320 55 365 74
b142 77 25 104 62
b143 342 196 366 221
b144 144 413 184 428
b145 40 283 53 328
b146 256 267 289 315
b147 191 424 221 466
b148 216 62 236 80
b149 393 404 440 426
b150 409 426 440 449
b151 88 0 130 18
b152 92 198 111 214
b153 185 483 226 513
b154 78 538 100 555
b155 64 72 78 97
b156 440 405 456 433
b157 232 263 252 288
b158 64 49 77 72
b159 456 38 488 82
b160 394 493 421 509
b161 373 0 419 47
b162 24 375 55 393
b163 298 46 320 79
b164 163 84 204 120
b165 127 399 144 420
b166 287 518 321 554
b167 190 335 226 372
b168 486 267 527 291
b169 226 377 250 416
b170 163 55 208 84
b171 435 539 475 561
b172 190 208 217 221
b173 0 145 32 170
b174 49 128 65 171
b175 359 264 374 280
b176 355 405 393 438
b177 145 263 182 304
b178 175 188 194 205
b179 67 373 113 407
b180 495 406 535 425
b181 0 117 30 145
b182 145 239 190 263
b183 399 280 432 319
b184 218 198 264 223
b185 374 201 401 235
b186 47 518 78 551
b187 456 0 492 38
b188 342 159 382 196
b189 284 42 296 86
b190 227 223 264 250
b191 315 439 349 455
b192 440 339 488 368
b193 0 100 33 117
b194 289 315 302 343
b195 244 483 277 496
b196 122 82 163 123
b197 226 340 254 377
b198 208 80 227 128
b199 435 503 466 539
b200 102 228 145 265
b201 430 101 456 130
b202 440 441 479 475
b203 93 459 121 474
b204 254 348 295 381
b205 262 496 277 517
b206 34 473 76 508
b207 96 295 129 323
b208 145 208 165 235
b209 168 0 213 36
b210 380 361 393 385
b211 200 36 216 48
b212 205 223 226 265
b213 131 302 145 334
b214 385 143 402 170
b215 203 278 232 299
b216 264 194 306 213
b217 45 407 93 427
b218 290 382 305 425
b219 57 199 85 217
b220 138 0 168 37
b221 76 473 89 518
b222 106 323 131 357
b223 152 518 171 540
b224 189 299 234 320
b225 64 217 102 264
b226 456 406 495 422
b227 308 212 340 225
b228 216 41 236 62
b229 185 128 233 152
b230 373 47 403 80
b231 318 91 348 107
b232 56 323 98 346
b233 393 455 409 468
b234 513 496 531 529
b235 92 176 138 198
b236 67 346 106 373
b237 82 130 103 170
b238 479 425 518 452
b239 145 123 185 145
b240 456 422 479 441
b241 0 410 24 423
b242 250 393 290 415
b243 440 368 474 405
b244 288 157 301 194
b245 500 80 536 104
b246 475 515 498 559
b247 484 199 520 238
b248 456 82 487 125
b249 0 423 35 450
b250 145 145 176 179
b251 399 319 433 362
b252 432 262 451 290
b253 104 18 119 31
b254 64 25 77 49
b255 486 291 533 330
b256 127 433 140 454
b257 264 213 281 246
b258 144 428 178 472
b259 233 99 259 111
b260 404 142 423 154
b261 182 266 227 278
b262 16 45 64 72
b263 43 427 90 473
b264 16 0 39 45
b265 303 130 318 175
b266 404 154 452 199
b267 320 270 359 304
b268 234 288 256 313
b269 163 37 200 55
b270 137 518 152 541
b271 264 152 288 194
b272 0 375 24 410
b273 259 99 289 120
b274 0 212 33 233
b275 0 508 28 530
b276 456 164 487 178
b277 55 346 67 393
b278 277 468 319 481
b279 456 125 499 164
b280 165 208 187 239
b281 226 483 244 513
b282 240 0 284 30
b283 428 66 441 81
b284 338 34 368 55
b285 55 12 88 25
b286 226 513 262 554
b287 393 383 435 404
b288 49 100 85 128
b289 85 85 122 118
b290 358 143 385 159
b291 49 171 92 199
b292 359 280 398 304
b293 358 124 401 143
b294 65 128 82 154
b295 232 250 275 263
b296 191 466 218 482
b297 0 283 38 314
b298 321 500 361 533
b299 43 328 56 341
