565492.1894531
593418
314160
561 560
68.063883
b0 214 430 241 445
b1 78 0 105 16
b2 97 137 119 163
b3 469 483 490 528
b4 45 515 85 560
b5 277 245 293 271
b6 204 226 231 264
b7 312 468 347 497
b8 124 76 145 112
b9 64 327 108 352
b10 164 70 179 101
b11 218 502 242 543
b12 36 34 55 51
b13 312 363 360 396
b14 441 251 485 272
b15 360 406 394 421
b16 0 493 45 535
b17 360 210 401 247
b18 266 452 310 495
b19 229 347 265 370
b20 182 0 195 17
b21 40 372 84 400
b22 503 440 538 469
b23 36 51 53 91
b24 478 311 502 329
b25 0 124 43 153
b26 271 369 298 387
b27 429 491 469 529
b28 132 234 144 258
b29 151 226 181 255
b30 360 166 380 194
b31 177 149 213 181
b32 401 228 420 250
b33 371 505 416 551
b34 213 490 242 502
b35 509 57 535 69
b36 429 529 459 556
b37 386 0 398 29
b38 363 132 382 153
b39 231 226 243 239
b40 172 511 191 558
b41 102 101 121 137
b42 149 289 195 314
b43 293 245 314 284
b44 191 511 218 535
b45 347 501 371 526
b46 511 427 530 440
b47 325 65 367 105
b48 225 77 253 111
b49 490 483 514 531
b50 64 308 78 327
b51 360 194 374 210
b52 410 42 447 60
b53 242 498 254 534
b54 214 400 248 430
b55 79 295 105 326
b56 263 421 309 452
b57 462 57 509 105
b58 485 410 510 435
b59 124 399 171 437
b60 381 73 420 89
b61 428 172 459 217
b62 254 301 290 347
b63 51 122 97 158
b64 496 374 511 407
b65 357 153 380 166
b66 18 269 60 314
b67 125 0 158 14
b68 400 89 445 117
b69 405 394 441 421
b70 400 117 445 133
b71 354 0 386 34
b72 118 384 150 399
b73 417 473 429 519
b74 428 217 471 251
b75 172 491 209 511
b76 474 0 510 39
b77 447 374 465 414
b78 213 348 229 390
b79 317 243 357 268
b80 0 330 15 366
b81 151 192 166 224
b82 312 429 336 468
b83 437 0 474 41
b84 254 522 292 556
b85 460 449 503 483
b86 371 318 410 362
b87 232 0 277 48
b88 317 284 361 313
b89 405 374 447 394
b90 462 143 508 167
b91 231 280 274 301
b92 485 239 532 284
b93 181 265 201 289
b94 145 76 164 107
b95 357 247 401 284
b96 179 70 225 103
b97 315 313 355 328
b98 445 88 458 123
b99 346 105 363 145
b100 360 362 405 406
b101 511 397 547 427
b102 0 457 40 493
b103 225 111 259 145
b104 532 206 546 248
b105 0 372 35 405
b106 158 0 170 33
b107 105 476 137 491
b108 319 145 357 182
b109 277 92 319 138
b110 398 0 437 42
b111 290 321 311 334
b112 89 163 114 193
b113 172 467 208 491
b114 434 304 478 338
b115 150 520 172 554
b116 0 218 19 246
b117 181 226 202 265
b118 509 69 547 113
b119 214 445 242 490
b120 28 314 64 350
b121 304 0 338 38
b122 106 456 149 476
b123 45 492 81 515
b124 216 145 247 180
b125 171 348 213 394
b126 210 48 222 70
b127 292 524 335 549
b128 137 476 165 520
b129 253 77 275 111
b130 247 145 273 175
b131 0 153 48 198
b132 410 172 428 211
b133 480 167 495 210
b134 0 0 47 34
b135 277 16 292 61
b136 354 34 391 46
b137 0 405 28 426
b138 420 60 462 88
b139 101 193 138 229
b140 426 421 469 433
b141 542 248 561 293
b142 510 0 537 37
b143 125 14 149 39
b144 317 268 357 283
b145 191 181 204 226
b146 312 396 360 429
b147 229 370 271 400
b148 429 473 449 491
b149 102 21 124 68
b150 465 374 496 397
b151 0 273 18 315
b152 391 54 407 73
b153 75 451 105 492
b154 59 201 81 218
b155 248 400 273 414
b156 478 330 506 346
b157 290 301 315 321
b158 290 334 313 347
b159 441 272 485 304
b160 277 0 304 16
b161 55 32 102 78
b162 19 218 50 236
b163 102 68 124 101
b164 0 34 36 75
b165 0 535 21 552
b166 84 365 118 401
b167 434 338 471 374
b168 242 457 266 498
b169 108 317 147 341
b170 195 303 224 348
b171 84 414 124 436
b172 84 401 111 414
b173 114 163 146 188
b174 355 318 371 361
b175 35 91 51 106
b176 379 436 417 469
b177 64 254 101 295
b178 22 107 41 124
b179 361 284 407 318
b180 502 311 542 330
b181 471 346 501 374
b182 410 318 434 363
b183 277 138 316 171
b184 459 531 505 556
b185 319 105 346 139
b186 0 426 33 457
b187 506 330 544 366
b188 231 243 271 280
b189 277 80 321 92
b190 195 0 232 27
b191 47 16 81 32
b192 509 141 557 170
b193 276 284 309 301
b194 447 41 475 54
b195 347 206 360 239
b196 85 505 126 546
b197 319 206 347 243
b198 106 437 154 456
b199 101 263 137 294
b200 417 436 460 473
b201 248 48 274 77
b202 273 387 312 421
b203 0 315 28 330
b204 172 434 213 467
b205 405 421 426 436
b206 40 400 82 435
b207 382 133 410 166
b208 55 352 82 372
b209 495 170 531 215
b210 465 397 489 410
b211 338 0 354 12
b212 459 167 480 209
b213 471 210 485 242
b214 401 211 428 228
b215 55 101 84 122
b216 277 171 319 190
b217 0 198 48 218
b218 248 414 263 457
b219 509 113 527 141
b220 380 166 410 203
b221 81 492 126 505
b222 166 192 191 226
b223 315 344 337 363
b224 121 112 142 157
b225 462 105 509 143
b226 469 410 485 449
b227 22 75 35 107
b228 105 0 125 21
b229 252 175 276 223
b230 367 89 400 119
b231 315 328 345 344
b232 172 394 214 417
b233 347 488 363 501
b234 259 111 277 144
b235 265 347 311 369
b236 202 264 229 303
b237 277 190 317 211
b238 266 495 305 522
b239 15 350 55 372
b240 347 526 370 545
b241 416 519 429 543
b242 170 48 210 70
b243 144 255 181 289
b244 363 119 400 132
b245 495 215 531 239
b246 105 294 149 317
b247 377 469 416 505
b248 146 149 177 192
b249 312 497 347 524
b250 101 229 132 263
b251 336 433 379 467
b252 407 290 426 318
b253 64 295 79 308
b254 82 352 106 365
b255 410 133 457 172
b256 40 435 61 448
b257 243 226 276 243
b258 149 314 193 348
b259 182 17 194 43
b260 391 42 410 54
b261 360 421 405 433
b262 485 284 533 311
b263 169 103 216 149
b264 55 78 100 101
b265 61 436 106 451
b266 204 181 252 226
b267 407 251 441 290
b268 146 348 171 370
b269 475 39 512 57
b270 40 475 63 490
b271 145 107 169 149
b272 40 451 75 475
b273 347 467 377 488
b274 277 224 310 245
b275 128 520 150 548
b276 47 0 78 14
b277 170 0 182 47
b278 138 192 151 234
b279 50 158 89 201
b280 0 75 22 106
b281 154 437 172 467
b282 224 303 254 347
b283 276 271 291 284
b284 195 27 225 48
b285 277 211 310 224
b286 60 218 101 254
b287 304 38 325 80
b288 531 170 559 206
b289 125 39 158 76
b290 232 48 248 75
b291 118 341 146 384
b292 319 182 358 206
b293 338 46 381 65
b294 172 417 198 434
b295 85 546 128 559
b296 0 246 16 273
b297 511 366 549 397
b298 19 236 59 269
b299 15 330 28 343
