299515.25
398326.5
200704
448 448
138.520401
b0 245 360 281 376
b1 198 79 217 118
b2 401 229 442 264
b3 268 0 315 18
b4 356 112 388 138
b5 353 300 384 335
b6 275 243 304 256
b7 31 77 59 98
b8 44 365 76 380
b9 184 240 230 274
b10 213 291 245 336
b11 268 144 282 180
b12 81 158 123 194
b13 399 184 447 229
b14 62 311 87 326
b15 133 129 178 175
b16 133 44 155 62
b17 170 0 203 26
b18 328 130 347 164
b19 321 196 333 226
b20 297 163 325 196
b21 300 81 344 120
b22 82 194 121 220
b23 0 44 40 69
b24 384 296 399 321
b25 286 18 322 54
b26 0 373 43 398
b27 0 292 34 307
b28 214 138 252 184
b29 0 182 37 194
b30 170 79 197 96
b31 152 211 168 248
b32 92 294 115 326
b33 62 275 98 293
b34 259 106 278 144
b35 388 112 403 145
b36 203 0 231 12
b37 310 300 331 316
b38 296 379 322 412
b39 217 108 259 138
b40 34 0 75 28
b41 34 28 50 44
b42 25 138 44 182
b43 203 351 243 385
b44 150 175 166 202
b45 0 235 14 272
b46 315 0 363 15
b47 217 31 240 45
b48 60 220 86 244
b49 14 241 54 272
b50 367 340 400 382
b51 165 324 213 351
b52 333 191 370 218
b53 232 196 250 213
b54 252 144 268 187
b55 286 74 299 120
b56 303 412 325 437
b57 98 275 146 294
b58 172 305 213 324
b59 275 197 321 243
b60 129 344 164 374
b61 40 44 74 77
b62 325 401 362 446
b63 178 112 193 147
b64 170 31 217 79
b65 54 244 87 274
b66 172 274 203 305
b67 133 0 170 44
b68 362 406 397 430
b69 360 93 398 112
b70 75 48 89 84
b71 0 0 34 42
b72 398 44 432 77
b73 165 363 203 381
b74 310 270 328 299
b75 217 45 240 72
b76 310 316 324 328
b77 79 410 95 434
b78 383 145 426 171
b79 289 270 308 307
b80 282 379 296 394
b81 42 296 62 328
b82 403 112 436 144
b83 333 218 352 255
b84 245 376 282 419
b85 44 328 92 365
b86 367 382 391 406
b87 356 235 401 254
b88 246 301 274 344
b89 95 419 130 431
b90 148 275 172 320
b91 89 32 133 60
b92 130 251 172 275
b93 87 220 130 241
b94 117 397 133 412
b95 274 307 310 332
b96 322 376 367 401
b97 130 416 158 441
b98 168 211 184 237
b99 0 272 37 292
b100 371 171 396 198
b101 0 98 48 138
b102 282 354 320 379
b103 194 416 226 448
b104 217 72 242 108
b105 202 385 244 416
b106 397 384 436 418
b107 79 365 95 410
b108 165 351 198 363
b109 344 108 356 130
b110 0 350 44 373
b111 350 335 363 353
b112 87 96 133 114
b113 300 120 328 163
b114 48 98 87 117
b115 44 138 81 168
b116 400 342 437 384
b117 0 398 37 422
b118 398 77 437 112
b119 89 60 125 84
b120 37 201 82 216
b121 88 0 133 32
b122 12 307 42 350
b123 115 294 128 329
b124 284 158 297 197
b125 62 293 90 311
b126 328 262 356 300
b127 37 274 61 296
b128 158 416 194 441
b129 240 25 286 69
b130 398 0 443 44
b131 166 175 186 211
b132 284 120 300 158
b133 155 44 167 58
b134 370 198 399 214
b135 274 270 289 307
b136 384 321 408 340
b137 133 374 155 392
b138 331 300 353 330
b139 95 366 128 397
b140 75 84 91 96
b141 322 37 356 62
b142 325 164 371 191
b143 186 196 232 240
b144 31 216 60 241
b145 364 0 398 45
b146 44 168 78 201
b147 126 175 138 206
b148 250 187 275 204
b149 95 397 117 419
b150 198 118 211 148
b151 344 81 360 108
b152 133 62 166 95
b153 0 307 12 347
b154 37 398 79 442
b155 138 175 150 188
b156 322 62 364 81
b157 202 148 214 190
b158 352 218 380 235
b159 129 320 165 344
b160 321 226 333 262
b161 0 69 31 88
b162 360 81 390 93
b163 399 264 446 310
b164 408 310 435 342
b165 133 96 174 129
b166 172 237 184 273
b167 274 256 321 270
b168 231 0 268 25
b169 322 330 350 376
b170 130 206 152 251
b171 364 45 398 80
b172 0 138 25 169
b173 322 15 364 37
b174 286 54 311 74
b175 214 184 248 196
b176 245 419 261 439
b177 0 194 31 215
b178 178 96 198 112
b179 81 117 126 158
b180 203 12 224 31
b181 261 419 303 434
b182 213 279 246 291
b183 245 344 282 360
b184 128 294 148 313
b185 396 171 440 184
b186 75 0 88 48
b187 426 144 448 168
b188 230 255 270 279
b189 0 215 31 235
b190 95 329 129 366
b191 242 69 284 106
b192 246 279 274 301
b193 232 213 275 255
b194 356 254 399 296
b195 347 138 383 163
b196 186 148 202 187
b197 155 381 202 416
b198 282 332 322 354
b199 87 241 127 275
