429035
543349
314721
561 561
417.669253
b0 327 156 354 171
b1 391 244 407 271
b2 229 149 255 171
b3 208 123 229 168
b4 91 66 136 106
b5 146 230 172 246
b6 265 502 303 529
b7 513 248 542 283
b8 351 479 372 515
b9 0 299 44 324
b10 289 245 304 276
b11 127 131 151 172
b12 344 338 361 357
b13 304 248 352 281
b14 75 42 119 63
b15 381 229 415 244
b16 156 432 201 474
b17 423 157 460 198
b18 460 171 504 214
b19 391 376 414 412
b20 62 473 79 486
b21 208 471 252 499
b22 425 0 460 29
b23 304 0 344 17
b24 495 286 513 310
b25 264 34 293 77
b26 396 157 423 175
b27 377 24 415 64
b28 138 287 150 311
b29 296 529 326 558
b30 266 246 286 274
b31 337 394 369 430
b32 491 333 513 352
b33 208 390 253 436
b34 75 30 104 42
b35 463 159 489 171
b36 346 125 373 155
b37 180 300 209 312
b38 253 345 272 366
b39 253 471 265 484
b40 60 542 107 561
b41 79 342 98 378
b42 15 37 40 83
b43 488 217 509 256
b44 123 173 150 197
b45 337 430 362 454
b46 377 94 396 107
b47 434 264 476 304
b48 146 259 180 287
b49 377 0 425 24
b50 356 375 370 394
b51 369 421 385 435
b52 350 59 368 96
b53 339 515 375 527
b54 214 273 248 303
b55 15 146 46 172
b56 404 513 435 559
b57 420 64 468 111
b58 451 316 476 341
b59 191 517 238 555
b60 373 107 412 123
b61 291 214 336 245
b62 168 94 204 140
b63 372 477 418 513
b64 542 271 557 304
b65 189 271 212 284
b66 435 509 477 554
b67 381 215 414 229
b68 136 0 181 28
b69 150 287 177 323
b70 208 359 253 375
b71 202 211 236 243
b72 221 375 253 390
b73 471 40 483 86
b74 30 193 73 227
b75 363 338 383 375
b76 259 77 298 113
b77 451 354 491 372
b78 0 408 16 450
b79 35 508 60 548
b80 15 193 30 229
b81 105 350 137 365
b82 352 248 391 272
b83 340 18 377 59
b84 0 481 34 519
b85 294 171 328 214
b86 88 197 127 241
b87 386 292 434 337
b88 375 513 404 557
b89 342 296 384 316
b90 425 40 471 64
b91 59 275 102 296
b92 513 304 558 351
b93 244 47 264 71
b94 388 452 419 471
b95 107 500 151 537
b96 208 438 254 471
b97 244 71 259 111
b98 504 204 539 217
b99 420 111 460 128
b100 336 204 381 248
b101 477 256 513 286
b102 116 464 156 500
b103 308 310 342 344
b104 189 257 231 271
b105 36 373 71 406
b106 294 156 327 168
b107 0 0 15 32
b108 477 411 514 449
b109 300 114 346 156
b110 381 176 423 215
b111 105 365 126 378
b112 254 440 284 465
b113 253 366 289 390
b114 260 0 304 34
b115 70 423 92 457
b116 277 412 296 440
b117 514 397 553 418
b118 504 166 548 204
b119 328 176 373 204
b120 0 359 36 395
b121 251 307 285 345
b122 118 277 138 320
b123 92 423 115 459
b124 269 276 304 307
b125 198 47 244 89
b126 137 365 149 387
b127 15 274 58 299
b128 34 440 62 484
b129 398 64 420 98
b130 514 418 544 444
b131 71 378 119 423
b132 322 17 340 56
b133 277 397 320 412
b134 60 508 107 542
b135 73 193 88 238
b136 31 0 43 37
b137 15 172 43 193
b138 146 323 174 365
b139 252 210 289 246
b140 434 304 477 316
b141 289 352 308 397
b142 496 129 523 166
b143 298 34 322 59
b144 151 500 191 515
b145 306 454 351 467
b146 414 376 462 409
b147 151 515 181 557
b148 71 173 89 193
b149 468 107 515 129
b150 392 123 415 154
b151 16 408 34 450
b152 43 130 62 146
b153 105 320 146 350
b154 363 316 380 338
b155 351 454 365 479
b156 322 59 350 75
b157 423 198 448 218
b158 244 113 267 126
b159 152 28 196 60
b160 483 39 510 55
b161 214 0 260 47
b162 208 499 239 517
b163 181 0 214 22
b164 515 89 556 125
b165 106 173 123 194
b166 34 406 70 440
b167 451 214 488 250
b168 510 0 534 41
b169 296 412 320 451
b170 326 529 371 558
b171 34 486 74 508
b172 233 243 246 270
b173 43 0 75 25
b174 172 185 215 201
b175 15 0 31 15
b176 119 28 152 66
b177 265 465 306 502
b178 476 316 495 333
b179 59 241 105 275
b180 449 467 468 507
b181 75 0 103 30
b182 127 206 172 230
b183 418 337 451 376
b184 407 246 432 292
b185 496 55 523 89
b186 0 450 33 481
b187 523 125 559 163
b188 515 444 552 484
b189 189 245 233 257
b190 215 184 252 211
b191 180 284 214 300
b192 415 128 463 157
b193 214 303 247 320
b194 483 55 496 83
b195 267 113 300 126
b196 115 423 156 464
b197 158 395 186 432
b198 308 375 356 394
b199 308 344 344 375
b200 62 130 99 173
b201 347 96 373 125
b202 384 337 418 376
b203 43 173 71 188
b204 306 488 339 529
b205 204 89 219 110
b206 0 324 42 359
b207 103 0 136 28
b208 246 246 266 273
b209 172 140 208 185
b210 467 341 491 354
b211 448 198 460 214
b212 106 131 127 173
b213 434 250 466 264
b214 534 0 551 27
b215 320 281 341 310
b216 458 411 477 453
b217 186 380 206 428
b218 238 517 253 560
b219 468 491 496 509
b220 149 365 186 395
b221 42 324 55 369
b222 219 89 244 123
b223 344 316 363 338
b224 370 376 391 421
b225 468 453 515 491
b226 402 412 418 451
b227 334 75 347 107
b228 152 140 172 161
b229 253 390 277 438
b230 463 129 496 159
b231 236 211 252 241
b232 365 435 388 477
b233 451 341 467 354
b234 344 0 377 18
b235 106 109 152 131
b236 119 395 158 422
b237 43 90 64 130
b238 483 0 510 39
b239 156 474 196 496
b240 542 248 561 271
b241 105 277 118 301
b242 460 0 482 40
b243 418 409 455 443
b244 155 94 168 131
b245 255 186 291 210
b246 285 308 308 352
b247 255 150 294 186
b248 177 312 208 355
b249 0 519 35 546
b250 418 471 449 505
b251 155 60 198 94
b252 373 123 392 151
b253 272 345 285 360
b254 0 395 24 408
b255 462 372 509 411
b256 44 299 57 320
b257 320 394 337 427
b258 15 240 59 274
b259 274 126 300 138
b260 274 138 293 150
b261 341 284 386 296
b262 43 63 91 90
b263 58 296 105 342
b264 229 126 274 149
b265 152 161 167 206
b266 509 352 557 397
b267 300 75 334 114
b268 186 355 208 380
b269 471 89 508 107
b270 89 173 104 196
b271 64 106 106 130
b272 92 464 116 499
b273 306 467 336 488
b274 248 274 269 307
b275 107 537 135 559
b276 388 421 402 452
b277 352 272 399 284
b278 30 227 72 240
b279 208 320 251 359
b280 57 342 79 373
b281 477 286 495 316
b282 172 201 202 245
b283 495 310 510 323
b284 377 64 398 94
b285 208 171 241 184
b286 105 241 146 277
b287 354 155 396 176
b288 415 218 451 246
b289 523 41 556 78
b290 304 281 320 308
b291 253 529 296 557
b292 419 443 458 467
b293 136 66 155 109
b294 320 427 337 453
b295 146 246 189 259
b296 62 457 89 473
b297 513 217 551 248
b298 477 509 510 549
b299 208 375 221 388
