2189473
3183010
1195936
304 3934
932.785462
b0 122 925 149 940
b1 184 156 211 172
b2 122 832 144 858
b3 150 1543 171 1588
b4 180 865 220 910
b5 126 1241 142 1267
b6 79 2152 117 2179
b7 122 0 157 29
b8 122 44 143 80
b9 104 2441 148 2466
b10 15 3760 30 3791
b11 73 1785 114 1809
b12 35 3470 52 3489
b13 100 1722 133 1770
b14 96 1267 140 1288
b15 147 2033 181 2048
b16 92 1306 137 1348
b17 104 2383 145 2420
b18 101 2339 144 2383
b19 136 1672 172 1695
b20 193 946 206 963
b21 46 2252 74 2296
b22 73 1599 108 1628
b23 99 2642 139 2659
b24 155 589 173 613
b25 73 3508 102 3551
b26 92 1288 119 1306
b27 189 589 227 629
b28 153 2121 177 2133
b29 36 3838 65 3868
b30 183 1139 203 1167
b31 107 974 139 1010
b32 0 3865 19 3887
b33 211 183 256 229
b34 155 441 184 453
b35 184 172 196 198
b36 73 1628 100 1658
b37 94 1983 106 2012
b38 78 2179 99 2198
b39 107 1177 119 1190
b40 54 3280 73 3327
b41 39 3674 75 3693
b42 189 564 235 589
b43 0 3529 39 3550
b44 224 138 251 162
b45 73 3551 97 3576
b46 35 3126 54 3139
b47 47 2850 89 2890
b48 79 34 107 68
b49 112 1809 136 1857
b50 46 57 65 71
b51 184 0 198 16
b52 162 1121 199 1139
b53 0 3838 36 3850
b54 87 2709 117 2743
b55 129 2948 155 2979
b56 0 0 46 31
b57 139 2575 186 2623
b58 52 3483 77 3508
b59 157 198 204 236
b60 220 839 259 855
b61 217 629 248 674
b62 54 3395 100 3431
b63 89 2909 125 2955
b64 122 29 155 44
b65 198 0 211 23
b66 169 2048 211 2093
b67 85 3302 99 3335
b68 112 1857 140 1902
b69 147 1152 183 1179
b70 147 2076 163 2121
b71 87 2818 121 2850
b72 150 2931 182 2946
b73 193 963 205 1009
b74 103 1528 146 1562
b75 72 3620 92 3657
b76 180 910 219 946
b77 184 138 224 156
b78 151 973 193 989
b79 107 1152 147 1177
b80 0 3850 36 3865
b81 0 3550 15 3582
b82 92 1959 131 1983
b83 102 3483 139 3524
b84 172 1064 206 1102
b85 39 3529 73 3572
b86 179 698 218 742
b87 104 2484 149 2532
b88 65 1983 94 2027
b89 117 2709 137 2751
b90 181 1774 227 1798
b91 224 162 267 183
b92 99 2104 144 2151
b93 47 2296 67 2320
b94 122 813 153 832
b95 151 1027 195 1064
b96 67 2609 113 2642
b97 117 1190 157 1205
b98 79 87 92 122
b99 238 307 278 324
b100 86 3154 130 3199
b101 202 803 232 839
b102 47 2642 87 2678
b103 206 946 240 980
b104 140 1760 182 1774
b105 0 2334 35 2367
b106 97 3551 109 3584
b107 151 1384 183 1399
b108 67 2383 104 2421
b109 97 3686 139 3732
b110 184 481 223 523
b111 188 1167 201 1188
b112 121 1371 151 1396
b113 143 1504 179 1528
b114 104 3215 138 3259
b115 67 2296 101 2318
b116 89 2850 117 2869
b117 186 2093 225 2114
b118 54 3357 98 3395
b119 138 1627 166 1672
b120 61 3693 97 3729
b121 143 775 177 813
b122 213 79 256 99
b123 204 292 227 328
b124 194 390 225 425
b125 101 2179 147 2221
b126 137 2672 159 2684
b127 101 2221 126 2264
b128 221 425 265 453
b129 120 1983 154 2005
b130 108 1627 138 1653
b131 173 345 221 390
b132 143 1465 161 1504
b133 145 2532 160 2575
b134 15 3791 49 3838
b135 146 1528 191 1543
b136 156 742 193 754
b137 223 477 244 505
b138 108 1599 150 1627
b139 103 1562 139 1599
b140 87 2642 99 2685
b141 46 2095 65 2140
b142 211 42 238 79
b143 229 0 253 25
b144 198 79 213 119
b145 143 730 156 775
b146 56 3199 104 3232
b147 73 1412 103 1454
b148 103 1382 121 1402
b149 73 3335 120 3357
b150 139 1077 162 1108
b151 211 0 229 42
b152 157 236 173 255
b153 184 754 225 784
b154 72 3657 94 3674
b155 99 2659 124 2673
b156 104 3199 132 3215
b157 155 667 175 692
b158 65 2198 88 2211
b159 36 3868 80 3900
b160 89 2955 116 2971
b161 47 3049 93 3096
b162 164 1009 195 1027
b163 125 2909 158 2931
b164 206 980 242 1021
b165 129 2931 150 2948
b166 99 2673 133 2709
b167 100 1685 136 1722
b168 184 523 208 564
b169 158 2363 182 2402
b170 79 2971 108 3016
b171 65 2027 87 2067
b172 139 1139 166 1152
b173 117 2751 142 2783
b174 86 3096 129 3112
b175 116 3357 131 3373
b176 173 629 206 667
b177 79 2067 120 2104
b178 79 68 96 87
b179 15 3726 61 3760
b180 153 846 172 886
b181 56 3096 86 3124
b182 101 2315 146 2339
b183 145 2402 178 2441
b184 136 1735 182 1760
b185 157 0 184 34
b186 153 813 184 846
b187 143 692 179 730
b188 184 441 221 481
b189 92 3620 136 3632
b190 157 390 194 417
b191 154 1774 170 1808
b192 151 925 180 973
b193 194 328 227 345
b194 119 1288 147 1301
b195 139 1064 172 1077
b196 46 2211 87 2252
b197 120 2005 157 2033
b198 198 119 246 138
b199 117 1205 148 1241
b200 130 2797 173 2834
b201 67 2580 93 2609
b202 204 253 238 292
b203 235 505 250 533
b204 139 3154 180 3187
b205 173 236 194 251
b206 87 2783 129 2818
b207 46 2067 79 2095
b208 66 3016 93 3036
b209 121 1429 166 1465
b210 151 989 164 1013
b211 73 1658 89 1670
b212 86 3112 107 3154
b213 117 2895 149 2909
b214 47 2902 64 2929
b215 93 2580 122 2601
b216 132 3135 174 3154
b217 79 2104 99 2152
b218 150 1588 193 1603
b219 276 138 304 156
b220 246 229 276 266
b221 117 2850 130 2895
b222 155 564 189 589
b223 180 846 202 865
b224 71 3431 116 3452
b225 0 2296 47 2334
b226 157 425 196 441
b227 108 1653 121 1685
b228 227 1021 248 1041
b229 146 2315 170 2363
b230 157 1179 187 1212
b231 79 1382 95 1412
b232 116 1348 158 1371
b233 158 1695 174 1708
b234 46 0 79 18
b235 126 2269 148 2315
b236 65 1855 92 1894
b237 96 1190 117 1230
b238 46 18 73 57
b239 103 1465 143 1487
b240 172 1102 195 1121
b241 87 2211 100 2235
b242 136 1695 158 1735
b243 79 1348 116 1382
b244 151 1371 188 1384
b245 221 453 257 477
b246 73 3576 96 3620
b247 35 3431 71 3470
b248 71 3452 114 3483
b249 121 1399 156 1426
b250 36 3900 67 3934
b251 79 0 122 34
b252 245 674 264 702
b253 112 2553 127 2566
b254 61 3729 85 3742
b255 251 99 298 138
b256 64 3036 85 3049
b257 39 3693 56 3726
b258 107 940 151 974
b259 75 3674 101 3686
b260 47 2890 66 2902
b261 65 3742 77 3787
b262 126 2221 153 2269
b263 65 1809 112 1855
b264 107 3112 152 3135
b265 89 1770 134 1785
b266 67 2532 112 2580
b267 144 886 178 925
b268 161 1465 183 1490
b269 105 1941 142 1959
b270 139 2623 162 2638
b271 204 229 246 253
b272 171 1543 195 1578
b273 35 3096 56 3126
b274 112 2532 145 2553
b275 147 2048 169 2076
b276 129 2783 160 2797
b277 73 3253 85 3300
b278 92 1855 105 1897
b279 98 3259 137 3302
b280 102 3524 133 3546
b281 96 1241 126 1259
b282 156 1399 200 1429
b283 145 2363 158 2378
b284 35 3508 65 3529
b285 65 2095 78 2128
b286 246 266 282 307
b287 56 3232 98 3253
b288 265 324 293 360
b289 39 3572 72 3609
b290 30 3760 46 3787
b291 148 2441 176 2484
b292 112 1902 136 1941
b293 202 784 245 803
b294 98 3357 115 3383
b295 124 2659 167 2672
b296 56 3253 72 3280
b297 179 667 217 698
b298 181 1798 214 1838
b299 66 2890 79 2903
