232971.890625
235956
206115
453 455
3.774838
b0 148 172 191 205
b1 61 132 98 197
b2 144 256 197 290
b3 120 101 187 138
b4 37 106 66 125
b5 268 215 307 264
b6 411 62 429 102
b7 120 225 142 265
b8 391 0 441 62
b9 76 374 92 415
b10 120 83 172 101
b11 120 44 179 83
b12 120 138 148 199
b13 92 374 149 422
b14 131 331 194 374
b15 394 214 453 266
b16 268 265 325 301
b17 54 0 120 44
b18 0 282 51 330
b19 285 123 335 154
b20 365 312 402 331
b21 197 151 261 201
b22 148 138 197 172
b23 391 62 411 111
b24 149 374 194 402
b25 285 154 339 193
b26 191 201 231 256
b27 373 113 438 138
b28 365 266 404 312
b29 38 197 100 221
b30 120 199 144 225
b31 339 129 373 155
b32 0 410 53 453
b33 285 193 320 215
b34 385 187 439 214
b35 120 0 151 38
b36 190 0 257 39
b37 335 69 355 129
b38 102 422 159 445
b39 76 322 131 374
b40 159 402 188 428
b41 262 74 317 101
b42 0 357 62 410
b43 0 45 46 106
b44 201 257 248 322
b45 355 69 378 113
b46 379 411 418 433
b47 329 232 394 265
b48 114 265 141 322
b49 404 266 451 331
b50 325 349 392 381
b51 286 301 324 358
b52 0 0 54 45
b53 197 104 218 147
b54 325 331 386 349
b55 228 40 262 96
b56 51 282 114 299
b57 361 381 379 428
b58 285 40 331 74
b59 324 381 361 431
b60 62 422 102 445
b61 262 40 285 73
b62 194 421 254 440
b63 340 0 385 36
b64 144 205 191 255
b65 54 44 111 100
b66 0 130 61 197
b67 257 0 301 40
b68 194 369 257 421
b69 0 330 54 357
b70 339 155 381 197
b71 264 301 286 365
b72 392 331 453 392
b73 38 221 105 282
b74 0 213 38 255
b75 321 0 340 28
b76 307 232 329 265
b77 258 365 324 422
b78 66 100 102 132
b79 187 44 228 104
b80 248 257 264 315
b81 228 101 268 151
b82 201 322 258 369
b83 54 299 76 315
b84 268 101 335 123
b85 301 0 321 25
b86 231 201 268 257
b87 151 0 190 44
b88 0 106 37 130
b89 0 255 38 282
b90 254 422 293 455
b91 335 36 391 69
b92 0 197 26 213
b93 320 197 385 232
b94 142 290 201 331
b95 379 392 430 411
b96 325 265 365 331
b97 268 123 285 190
b98 98 132 120 194
b99 381 138 447 187
