227909.4375
230280.5
206570
454 455
3.195269
b0 120 95 163 128
b1 0 0 65 37
b2 269 306 322 340
b3 0 325 37 392
b4 37 381 66 400
b5 370 119 419 158
b6 362 0 402 18
b7 173 82 213 104
b8 322 326 372 388
b9 156 305 172 346
b10 109 128 127 180
b11 104 194 143 253
b12 310 248 371 276
b13 208 240 265 288
b14 65 0 128 43
b15 370 67 429 119
b16 359 165 416 201
b17 127 128 171 194
b18 390 324 441 372
b19 273 201 304 251
b20 95 253 114 290
b21 202 390 252 454
b22 61 246 95 295
b23 322 306 371 326
b24 304 201 332 246
b25 389 201 443 240
b26 65 84 120 124
b27 429 67 454 132
b28 390 372 429 418
b29 294 282 356 306
b30 143 194 169 218
b31 336 139 370 165
b32 336 205 389 248
b33 241 0 276 22
b34 47 169 101 196
b35 272 251 310 282
b36 276 0 315 67
b37 213 37 233 97
b38 47 196 104 219
b39 153 253 208 305
b40 37 400 66 426
b41 47 219 102 246
b42 94 316 156 369
b43 0 252 61 298
b44 0 169 47 234
b45 389 240 433 263
b46 169 194 208 216
b47 207 104 272 137
b48 0 392 27 449
b49 315 0 362 65
b50 94 369 161 401
b51 128 0 185 38
b52 214 288 268 333
b53 128 74 171 95
b54 372 324 390 385
b55 171 137 227 171
b56 114 253 131 316
b57 0 234 47 252
b58 269 340 315 374
b59 105 418 155 455
b60 336 165 359 205
b61 332 65 365 88
b62 276 182 336 201
b63 128 38 173 74
b64 252 383 299 433
b65 37 325 94 381
b66 387 263 454 324
b67 173 38 213 82
b68 276 119 328 182
b69 38 298 92 325
b70 227 137 269 179
b71 180 390 202 454
b72 208 179 269 240
b73 0 37 61 104
b74 172 305 214 343
b75 276 100 304 119
b76 171 171 204 193
b77 322 388 388 445
b78 171 104 207 136
b79 0 128 60 169
b80 371 248 387 306
b81 229 333 269 383
b82 172 343 229 390
b83 272 282 294 298
b84 299 374 321 441
b85 332 88 352 113
b86 185 0 241 37
b87 65 124 109 163
b88 0 104 37 128
b89 0 298 38 325
b90 66 418 105 451
b91 276 67 332 100
b92 332 113 348 139
b93 143 218 208 253
b94 65 43 124 84
b95 161 390 180 441
b96 233 37 273 103
b97 66 401 133 418
b98 131 253 153 315
b99 365 18 431 67
