439795.5
566553
313038
561 558
146.147622
b0 397 203 424 218
b1 282 437 309 453
b2 21 177 47 199
b3 353 121 374 166
b4 21 221 66 261
b5 21 161 47 177
b6 176 400 203 438
b7 346 354 381 383
b8 0 342 21 378
b9 251 528 295 553
b10 56 287 71 318
b11 197 229 238 253
b12 71 287 90 304
b13 231 123 264 171
b14 203 400 224 444
b15 438 449 453 483
b16 117 323 159 368
b17 203 0 240 41
b18 408 387 452 430
b19 274 128 310 151
b20 175 535 188 552
b21 40 108 84 136
b22 509 122 538 157
b23 139 0 156 40
b24 424 148 448 166
b25 424 0 467 29
b26 200 444 218 471
b27 481 206 519 246
b28 88 344 112 356
b29 170 438 200 467
b30 250 244 270 272
b31 367 477 399 513
b32 397 218 419 237
b33 82 444 128 489
b34 175 523 204 535
b35 408 361 434 373
b36 466 361 493 391
b37 478 443 490 472
b38 161 316 180 337
b39 76 430 89 442
b40 128 409 175 428
b41 335 0 371 19
b42 362 408 408 433
b43 482 185 521 206
b44 146 428 170 455
b45 453 443 478 467
b46 421 294 434 313
b47 424 29 464 71
b48 182 86 216 114
b49 482 161 530 185
b50 0 270 19 284
b51 177 144 193 158
b52 178 46 196 83
b53 161 337 173 373
b54 197 199 231 229
b55 52 161 78 192
b56 131 116 177 147
b57 436 248 484 295
b58 453 467 478 492
b59 21 520 68 558
b60 419 218 435 257
b61 321 463 352 508
b62 206 280 252 316
b63 117 277 153 323
b64 375 393 408 408
b65 131 147 144 170
b66 502 30 544 75
b67 452 361 466 394
b68 310 396 338 441
b69 385 294 421 321
b70 466 161 482 206
b71 310 364 344 396
b72 161 373 176 405
b73 509 110 555 122
b74 68 520 111 554
b75 309 194 346 214
b76 484 247 523 283
b77 231 185 271 203
b78 0 378 16 420
b79 43 136 83 161
b80 0 420 15 456
b81 56 344 88 359
b82 274 70 313 94
b83 98 0 139 37
b84 21 294 55 332
b85 309 214 352 248
b86 493 464 537 503
b87 508 344 556 389
b88 180 336 224 365
b89 289 259 309 301
b90 274 46 320 70
b91 0 456 21 499
b92 350 166 395 213
b93 66 219 86 243
b94 435 185 466 204
b95 149 166 193 203
b96 227 358 273 391
b97 466 134 506 149
b98 309 248 344 261
b99 313 134 353 151
b100 320 41 364 86
b101 452 394 488 424
b102 218 480 258 516
b103 493 389 527 423
b104 231 171 273 185
b105 21 261 56 294
b106 274 304 307 316
b107 274 316 306 331
b108 54 39 92 76
b109 435 206 481 248
b110 227 391 269 430
b111 19 78 40 91
b112 103 368 128 398
b113 310 340 346 364
b114 449 327 493 361
b115 224 430 258 452
b116 108 416 127 444
b117 314 0 335 39
b118 493 306 537 344
b119 421 316 449 361
b120 19 0 55 36
b121 159 248 197 282
b122 289 508 332 528
b123 493 283 529 306
b124 274 331 309 362
b125 86 150 128 196
b126 71 304 93 316
b127 0 136 43 161
b128 530 157 558 201
b129 193 177 227 199
b130 398 102 424 132
b131 149 203 197 248
b132 332 151 350 190
b133 493 344 508 387
b134 128 509 175 543
b135 274 259 289 304
b136 273 209 285 246
b137 0 161 21 189
b138 117 249 159 277
b139 309 261 346 297
b140 466 149 509 161
b141 447 492 466 537
b142 240 48 267 85
b143 169 282 194 306
b144 258 468 273 508
b145 352 437 365 482
b146 399 498 447 531
b147 295 528 337 558
b148 108 398 128 416
b149 252 272 274 319
b150 537 427 560 458
b151 40 78 82 96
b152 274 193 293 209
b153 337 508 367 549
b154 131 99 153 116
b155 52 205 77 219
b156 238 203 266 219
b157 206 316 231 336
b158 270 246 293 259
b159 449 295 493 327
b160 255 452 282 468
b161 156 0 203 46
b162 128 428 146 459
b163 335 19 368 41
b164 424 71 460 112
b165 21 408 42 425
b166 274 362 310 396
b167 424 112 461 148
b168 338 396 362 437
b169 21 430 60 454
b170 128 480 173 509
b171 310 441 350 463
b172 52 192 79 205
b173 196 54 221 86
b174 293 194 309 237
b175 293 237 309 252
b176 193 144 231 177
b177 66 359 103 400
b178 0 0 19 17
b179 21 484 67 518
b180 453 424 493 443
b181 36 380 66 408
b182 491 503 536 527
b183 399 465 438 498
b184 376 132 422 157
b185 342 94 376 121
b186 67 489 100 520
b187 523 247 561 283
b188 395 166 435 203
b189 410 58 422 102
b190 213 253 250 280
b191 153 282 169 316
b192 313 86 342 134
b193 111 511 128 544
b194 282 424 310 437
b195 408 321 421 354
b196 519 206 560 247
b197 218 452 255 480
b198 0 499 19 547
b199 86 196 122 227
b200 309 297 346 340
b201 131 73 160 99
b202 282 463 321 497
b203 21 380 36 408
b204 128 368 161 409
b205 434 295 449 316
b206 19 36 54 78
b207 274 396 307 424
b208 90 258 117 278
b209 352 213 397 249
b210 461 110 474 134
b211 364 41 376 57
b212 128 459 170 480
b213 408 373 440 387
b214 493 423 520 440
b215 71 323 100 344
b216 408 430 450 449
b217 0 222 20 270
b218 182 129 225 144
b219 467 0 485 28
b220 370 321 407 351
b221 0 297 13 342
b222 238 219 272 244
b223 160 83 182 102
b224 21 359 66 380
b225 464 30 502 77
b226 399 449 438 465
b227 371 0 403 13
b228 253 85 274 105
b229 240 0 264 48
b230 346 249 379 279
b231 273 497 289 527
b232 180 365 222 388
b233 466 492 479 508
b234 392 58 410 91
b235 103 227 149 249
b236 139 46 178 73
b237 128 170 149 210
b238 367 513 394 552
b239 42 408 82 430
b240 397 237 416 260
b241 82 400 95 424
b242 231 319 271 341
b243 274 94 311 128
b244 216 97 253 110
b245 493 440 529 464
b246 66 243 89 287
b247 346 279 385 315
b248 0 91 31 134
b249 21 332 56 359
b250 92 86 123 120
b251 298 151 332 194
b252 149 147 177 166
b253 257 341 272 354
b254 180 323 204 336
b255 92 39 131 86
b256 69 457 82 478
b257 224 341 257 358
b258 365 433 399 477
b259 479 472 491 498
b260 352 482 364 501
b261 40 96 85 108
b262 21 457 69 484
b263 267 0 314 46
b264 93 278 116 323
b265 182 114 227 129
b266 376 13 424 58
b267 397 260 436 294
b268 376 94 398 119
b269 448 148 466 185
b270 56 318 71 341
b271 274 151 298 193
b272 175 499 210 523
b273 474 110 504 131
b274 0 189 21 222
b275 100 489 128 511
b276 89 227 103 258
b277 180 388 227 400
b278 95 400 108 442
b279 55 0 98 39
b280 21 199 52 221
b281 379 249 397 279
b282 84 120 128 150
b283 362 383 375 398
b284 485 0 506 30
b285 203 41 236 54
b286 210 516 251 552
b287 381 351 402 393
b288 364 58 392 94
b289 460 77 497 110
b290 197 253 213 280
b291 175 471 218 499
b292 346 315 370 354
b293 221 54 240 97
b294 180 306 206 323
b295 231 110 274 123
b296 60 430 76 457
b297 529 389 560 427
b298 497 77 537 110
b299 0 284 13 297
