313406
424312
202500
450 450
46.268225
b0 25 159 61 175
b1 211 216 250 235
b2 142 186 183 221
b3 328 0 346 47
b4 28 266 54 298
b5 350 217 381 252
b6 403 421 432 434
b7 304 303 325 331
b8 202 282 217 314
b9 72 407 118 441
b10 25 61 70 93
b11 162 44 198 58
b12 188 162 230 198
b13 127 138 172 186
b14 0 228 25 243
b15 229 341 275 386
b16 281 53 303 71
b17 365 288 398 314
b18 25 175 59 194
b19 312 169 342 181
b20 352 316 380 349
b21 162 58 206 97
b22 346 87 372 126
b23 325 316 350 356
b24 277 90 292 115
b25 250 0 286 36
b26 0 185 25 228
b27 0 243 15 277
b28 404 131 442 177
b29 188 150 225 162
b30 263 167 280 194
b31 246 418 283 434
b32 181 418 204 450
b33 250 231 286 249
b34 292 81 330 100
b35 400 63 415 96
b36 161 386 189 398
b37 288 361 309 377
b38 383 37 416 63
b39 208 0 250 30
b40 0 277 28 318
b41 0 0 16 16
b42 217 282 236 326
b43 325 282 365 316
b44 234 95 250 122
b45 304 0 318 37
b46 77 98 125 113
b47 380 331 403 345
b48 250 206 276 230
b49 32 298 63 338
b50 25 93 67 126
b51 186 336 213 384
b52 361 412 398 439
b53 380 314 398 331
b54 172 138 188 181
b55 0 16 13 62
b56 250 102 275 124
b57 91 336 139 355
b58 91 42 132 61
b59 0 338 46 384
b60 250 249 285 279
b61 0 384 34 417
b62 16 0 61 37
b63 147 123 182 138
b64 77 113 124 161
b65 285 255 315 288
b66 319 413 350 444
b67 103 61 147 98
b68 16 37 51 61
b69 278 377 316 396
b70 54 283 90 297
b71 114 300 156 334
b72 365 254 398 288
b73 183 198 221 216
b74 286 0 304 29
b75 325 356 352 379
b76 250 90 264 102
b77 403 405 427 421
b78 378 135 404 178
b79 352 349 389 368
b80 76 38 91 52
b81 0 318 32 338
b82 346 126 378 159
b83 118 405 137 442
b84 365 0 408 37
b85 91 355 139 392
b86 337 379 361 403
b87 346 0 365 45
b88 397 226 440 254
b89 36 407 48 442
b90 61 186 85 231
b91 46 379 90 407
b92 204 418 246 442
b93 90 249 111 292
b94 159 233 175 248
b95 25 219 61 244
b96 209 55 234 100
b97 292 100 320 125
b98 147 97 163 123
b99 0 148 20 185
b100 322 230 349 255
b101 397 178 437 226
b102 61 0 86 38
b103 229 386 261 418
b104 209 100 234 136
b105 139 404 181 435
b106 86 0 125 34
b107 97 208 142 224
b108 159 221 192 233
b109 205 236 227 248
b110 91 292 114 336
b111 310 37 328 50
b112 163 97 209 115
b113 303 53 346 81
b114 398 298 437 317
b115 335 183 372 213
b116 125 0 162 42
b117 48 407 72 444
b118 246 36 281 75
b119 342 159 378 183
b120 139 336 184 351
b121 156 304 201 336
b122 126 257 156 300
b123 275 341 288 376
b124 250 167 263 206
b125 61 231 89 249
b126 63 297 91 335
b127 156 281 180 303
b128 89 224 125 249
b129 162 0 208 44
b130 280 125 325 169
b131 0 128 36 148
b132 325 124 341 162
b133 330 81 342 95
b134 281 37 310 53
b135 288 288 325 303
b136 320 100 339 124
b137 139 386 161 404
b138 97 161 127 183
b139 159 248 190 281
b140 263 194 279 206
b141 372 183 397 217
b142 315 255 361 282
b143 398 254 444 298
b144 25 194 54 219
b145 236 279 281 313
b146 55 249 88 283
b147 85 186 97 217
b148 261 386 278 411
b149 180 282 202 304
b150 235 167 248 197
b151 76 61 103 77
b152 126 224 159 257
b153 114 249 126 289
b154 361 368 403 412
b155 192 236 205 248
b156 227 235 246 277
b157 437 177 449 219
b158 322 213 350 230
b159 286 231 322 255
b160 13 61 25 97
b161 288 342 319 361
b162 383 63 395 93
b163 403 359 450 405
b164 280 169 312 196
b165 36 126 77 159
b166 0 417 36 429
b167 188 136 235 150
b168 209 30 246 55
b169 236 313 282 341
b170 97 186 142 208
b171 280 196 314 231
b172 0 97 25 128
b173 378 93 400 135
b174 51 38 76 58
b175 325 379 337 413
b176 201 314 217 334
b177 314 181 335 212
b178 234 75 250 95
b179 46 338 91 379
b180 188 115 209 134
b181 250 75 292 90
b182 283 396 295 429
b183 381 217 397 254
b184 192 216 211 236
b185 404 118 448 131
b186 91 392 139 405
b187 400 96 424 118
b188 295 396 319 436
b189 70 77 101 97
b190 190 248 227 282
b191 346 45 383 87
b192 125 98 147 126
b193 235 124 277 167
b194 403 317 446 359
b195 61 161 97 186
b196 288 303 304 342
b197 139 351 186 386
b198 15 244 55 266
b199 189 384 229 418
