548569.7382812
575235.5
308578
554 557
166.363142
b0 504 118 531 133
b1 278 161 294 188
b2 235 394 261 416
b3 420 228 465 249
b4 498 62 543 102
b5 62 223 88 239
b6 291 393 329 420
b7 428 156 463 185
b8 109 382 145 403
b9 430 503 474 528
b10 465 215 480 246
b11 403 462 427 503
b12 235 377 254 394
b13 347 402 395 435
b14 452 40 496 61
b15 483 284 498 318
b16 40 497 85 539
b17 139 317 180 354
b18 463 172 507 215
b19 393 334 416 370
b20 223 304 236 321
b21 109 354 153 382
b22 395 511 430 540
b23 452 0 469 40
b24 319 508 343 526
b25 171 0 214 29
b26 455 249 482 267
b27 201 504 241 542
b28 155 452 167 476
b29 261 390 291 419
b30 232 67 252 95
b31 164 398 200 430
b32 430 47 452 66
b33 398 417 444 462
b34 65 188 94 200
b35 336 240 348 266
b36 150 239 177 269
b37 91 60 120 72
b38 326 526 347 545
b39 249 161 262 173
b40 249 204 296 223
b41 79 83 98 119
b42 155 513 201 538
b43 252 66 273 105
b44 19 300 46 324
b45 405 309 430 333
b46 428 185 441 204
b47 511 199 553 239
b48 94 179 122 213
b49 241 519 289 543
b50 248 419 262 438
b51 382 207 396 223
b52 153 354 171 391
b53 196 94 208 130
b54 472 366 506 396
b55 0 324 31 350
b56 517 323 548 369
b57 435 268 483 315
b58 517 298 542 323
b59 215 444 253 491
b60 93 213 109 252
b61 180 198 225 229
b62 347 337 393 373
b63 395 370 431 416
b64 472 430 505 445
b65 200 352 223 365
b66 94 310 139 352
b67 342 108 375 122
b68 258 0 286 45
b69 435 315 471 342
b70 164 63 180 108
b71 394 175 428 207
b72 210 137 225 169
b73 336 266 348 312
b74 24 433 67 467
b75 249 223 286 243
b76 435 342 471 381
b77 126 45 166 63
b78 46 397 88 413
b79 0 202 25 242
b80 0 497 15 533
b81 94 397 109 429
b82 336 153 375 177
b83 109 228 150 265
b84 253 485 291 519
b85 291 261 334 295
b86 214 0 258 39
b87 291 295 336 343
b88 171 354 200 398
b89 327 343 347 385
b90 348 177 394 201
b91 46 376 89 397
b92 414 80 461 125
b93 94 268 118 288
b94 109 403 140 422
b95 0 242 44 279
b96 471 318 517 351
b97 294 98 309 138
b98 401 87 414 122
b99 258 47 298 64
b100 348 269 393 313
b101 362 435 398 465
b102 39 84 79 120
b103 273 64 307 98
b104 347 457 361 499
b105 98 72 133 105
b106 106 27 118 60
b107 0 187 32 202
b108 69 0 106 38
b109 46 321 92 363
b110 343 0 385 39
b111 23 352 44 365
b112 210 173 240 198
b113 208 67 232 103
b114 507 165 551 199
b115 0 147 22 181
b116 0 279 19 307
b117 0 84 39 105
b118 394 249 432 293
b119 291 485 319 530
b120 128 105 164 141
b121 171 142 209 176
b122 46 413 89 433
b123 471 464 494 500
b124 260 339 291 374
b125 52 275 94 321
b126 0 485 22 497
b127 0 59 43 84
b128 444 417 472 461
b129 506 369 540 391
b130 375 104 401 134
b131 347 511 395 556
b132 138 269 177 287
b133 263 161 278 204
b134 183 305 217 352
b135 123 265 138 310
b136 200 365 237 377
b137 22 166 50 187
b138 67 433 95 475
b139 461 85 498 121
b140 414 125 457 137
b141 249 142 294 161
b142 180 57 207 94
b143 469 61 494 85
b144 177 242 192 282
b145 385 47 430 60
b146 342 60 375 108
b147 150 197 180 239
b148 494 445 514 463
b149 496 40 543 62
b150 474 500 497 531
b151 361 493 403 511
b152 472 445 488 464
b153 95 429 136 459
b154 98 105 120 122
b155 249 173 263 198
b156 254 374 282 390
b157 183 285 208 305
b158 237 361 260 374
b159 507 133 551 165
b160 502 102 529 118
b161 406 0 452 47
b162 62 205 93 223
b163 126 23 159 45
b164 44 239 85 275
b165 531 102 548 123
b166 85 507 121 541
b167 291 343 327 380
b168 463 148 504 172
b169 124 189 148 228
b170 347 373 392 402
b171 200 377 222 417
b172 188 444 215 457
b173 291 460 323 485
b174 483 241 499 284
b175 94 252 109 268
b176 90 146 128 179
b177 157 476 198 513
b178 452 61 469 80
b179 0 365 46 399
b180 415 137 455 156
b181 136 422 164 452
b182 298 0 343 24
b183 309 73 342 112
b184 294 145 319 191
b185 348 201 382 228
b186 0 399 33 430
b187 296 191 334 227
b188 375 138 415 175
b189 336 196 348 240
b190 499 241 536 268
b191 257 323 291 339
b192 499 269 547 298
b193 32 188 65 205
b194 469 0 482 28
b195 291 380 324 393
b196 430 462 471 503
b197 361 465 398 493
b198 167 457 215 476
b199 339 122 375 153
b200 220 244 257 287
b201 482 215 511 241
b202 291 227 330 261
b203 31 324 46 352
b204 257 243 290 284
b205 348 247 369 262
b206 0 105 35 147
b207 207 39 240 67
b208 106 0 126 27
b209 298 24 343 60
b210 336 313 349 337
b211 401 122 413 138
b212 24 467 66 488
b213 150 183 182 197
b214 240 39 257 66
b215 94 288 123 309
b216 348 228 390 247
b217 128 141 148 189
b218 471 351 514 366
b219 262 419 290 437
b220 133 63 163 100
b221 201 491 246 504
b222 171 108 196 142
b223 343 435 362 457
b224 97 459 142 480
b225 253 438 291 485
b226 393 293 432 309
b227 180 229 212 242
b228 420 207 441 227
b229 323 460 347 508
b230 309 112 339 145
b231 241 287 257 317
b232 148 141 171 183
b233 142 465 155 481
b234 506 391 539 409
b235 225 198 247 244
b236 97 480 136 507
b237 291 420 312 460
b238 463 121 502 148
b239 50 166 90 188
b240 432 249 455 268
b241 0 472 24 485
b242 482 0 504 40
b243 252 105 286 142
b244 222 377 235 414
b245 225 137 249 173
b246 375 60 398 104
b247 505 409 544 445
b248 497 502 540 533
b249 291 530 326 557
b250 472 396 503 430
b251 209 103 252 137
b252 416 333 435 361
b253 142 481 157 494
b254 164 430 188 443
b255 0 12 39 59
b256 167 443 188 456
b257 208 287 241 304
b258 121 507 155 551
b259 414 66 440 78
b260 336 177 348 196
b261 0 0 45 12
b262 200 417 248 444
b263 39 120 86 166
b264 126 0 171 23
b265 94 352 109 397
b266 43 38 91 83
b267 257 284 291 323
b268 369 247 394 269
b269 329 385 347 422
b270 0 350 23 365
b271 86 122 128 146
b272 45 0 69 35
b273 375 313 405 334
b274 19 279 52 300
b275 182 176 210 198
b276 145 391 159 422
b277 286 0 298 47
b278 0 430 13 472
b279 497 463 540 502
b280 66 475 97 497
b281 536 239 554 269
b282 139 287 183 317
b283 109 213 124 226
b284 385 0 406 30
b285 309 60 342 73
b286 431 381 472 417
b287 343 39 385 60
b288 166 29 202 57
b289 25 205 62 238
b290 398 60 414 87
b291 192 242 220 285
b292 396 207 420 246
b293 441 185 460 228
b294 349 313 375 330
b295 46 363 89 376
b296 24 488 40 515
b297 312 422 343 460
b298 223 321 256 361
b299 142 452 155 465
