232955.34375
235836.5
207025
455 455
3.243452
b0 183 358 226 391
b1 384 301 449 338
b2 395 176 448 210
b3 55 225 92 292
b4 55 325 84 344
b5 315 305 364 344
b6 297 224 315 264
b7 80 96 120 118
b8 235 210 297 260
b9 328 220 344 261
b10 253 39 271 91
b11 127 294 166 353
b12 129 353 157 414
b13 344 220 401 268
b14 0 0 43 63
b15 403 117 455 176
b16 402 338 438 395
b17 0 182 44 248
b18 44 174 92 225
b19 144 424 194 455
b20 357 382 394 401
b21 154 66 218 116
b22 166 284 215 318
b23 364 305 384 354
b24 357 354 402 382
b25 252 396 291 450
b26 87 321 127 376
b27 303 159 328 224
b28 357 401 396 447
b29 227 309 251 371
b30 271 146 297 170
b31 401 210 435 236
b32 100 125 153 168
b33 271 84 293 119
b34 271 119 325 146
b35 100 0 131 38
b36 253 0 320 39
b37 293 264 313 324
b38 296 405 353 428
b39 0 287 55 339
b40 291 428 320 454
b41 166 257 221 284
b42 92 241 154 294
b43 154 116 215 162
b44 401 236 448 301
b45 252 373 296 396
b46 274 324 296 363
b47 154 162 219 195
b48 43 120 100 147
b49 400 52 447 117
b50 221 0 253 67
b51 87 414 144 452
b52 0 339 45 393
b53 43 75 86 96
b54 363 57 381 118
b55 307 57 363 91
b56 253 91 270 154
b57 37 393 84 411
b58 325 113 359 159
b59 0 393 37 443
b60 363 118 403 141
b61 121 66 154 89
b62 381 52 400 112
b63 271 39 307 84
b64 196 391 246 438
b65 43 0 100 56
b66 92 174 153 241
b67 183 318 227 358
b68 367 0 430 52
b69 41 147 95 174
b70 45 344 87 386
b71 252 309 274 373
b72 296 344 357 405
b73 328 159 395 220
b74 87 376 129 414
b75 43 56 71 75
b76 55 292 77 325
b77 131 0 188 66
b78 121 89 153 125
b79 0 122 41 182
b80 194 438 252 454
b81 253 170 303 210
b82 320 0 367 57
b83 226 371 248 387
b84 293 91 360 113
b85 215 132 235 157
b86 315 268 371 305
b87 0 248 44 287
b88 43 96 80 120
b89 84 294 122 321
b90 157 391 196 424
b91 188 0 221 56
b92 86 56 102 82
b93 218 67 253 132
b94 0 63 41 122
b95 102 38 121 89
b96 166 217 232 257
b97 166 318 183 385
b98 154 195 216 217
b99 227 260 293 309
