236181.390625
239421
207025
455 455
3.199432
b0 363 175 396 218
b1 107 0 172 37
b2 209 129 243 182
b3 0 0 67 37
b4 0 186 29 205
b5 394 270 443 309
b6 308 415 326 455
b7 232 429 272 451
b8 404 185 454 247
b9 0 379 16 420
b10 243 24 261 76
b11 157 362 196 421
b12 0 205 28 266
b13 0 267 57 315
b14 134 319 197 362
b15 393 309 452 361
b16 337 218 394 254
b17 22 347 88 391
b18 278 246 326 297
b19 159 71 190 121
b20 300 226 337 245
b21 159 121 209 185
b22 159 240 208 274
b23 404 124 424 173
b24 22 319 67 347
b25 295 99 349 138
b26 114 70 154 125
b27 300 138 365 163
b28 375 361 414 407
b29 28 205 52 267
b30 135 37 159 63
b31 261 79 295 105
b32 57 276 110 319
b33 334 180 356 215
b34 261 0 288 54
b35 0 37 31 75
b36 365 108 404 175
b37 295 79 355 99
b38 370 254 393 311
b39 159 185 211 240
b40 88 402 117 428
b41 0 75 27 130
b42 211 192 273 245
b43 88 341 134 402
b44 172 24 237 71
b45 404 247 448 270
b46 349 0 371 39
b47 337 254 370 319
b48 57 249 114 276
b49 371 0 436 47
b50 211 307 278 339
b51 232 372 270 429
b52 0 141 54 186
b53 172 0 215 21
b54 426 124 444 185
b55 270 381 326 415
b56 300 163 363 180
b57 261 61 308 79
b58 300 180 334 226
b59 190 71 227 121
b60 134 362 157 402
b61 112 37 135 70
b62 117 167 136 227
b63 414 361 450 406
b64 243 145 293 192
b65 54 193 111 249
b66 211 246 278 307
b67 67 0 107 44
b68 54 141 117 193
b69 273 192 300 246
b70 117 125 159 167
b71 0 315 22 379
b72 288 0 349 61
b73 388 47 455 108
b74 173 274 211 316
b75 349 39 368 67
b76 136 234 158 267
b77 16 391 82 448
b78 272 415 308 447
b79 27 100 87 141
b80 227 71 243 129
b81 243 105 293 145
b82 278 297 325 354
b83 404 108 426 124
b84 67 319 134 341
b85 368 47 388 72
b86 75 44 112 100
b87 31 44 75 83
b88 215 0 252 24
b89 87 100 114 138
b90 117 402 156 435
b91 211 339 267 372
b92 426 108 452 124
b93 197 372 232 437
b94 114 278 173 319
b95 117 227 136 278
b96 326 319 392 359
b97 136 167 153 234
b98 278 359 340 381
b99 326 381 375 447
