2044980.5
3086353
1003608
263 3816
935.940105
b0 33 3349 60 3364
b1 202 779 229 795
b2 62 1620 84 1646
b3 22 0 43 45
b4 67 486 107 531
b5 62 1390 78 1416
b6 34 2700 72 2727
b7 68 2114 103 2143
b8 0 12 21 48
b9 43 847 87 872
b10 74 3358 89 3389
b11 33 3325 74 3349
b12 67 2160 84 2179
b13 0 3082 33 3130
b14 148 209 192 230
b15 173 92 207 107
b16 34 2727 79 2769
b17 67 449 108 486
b18 62 1535 105 1579
b19 82 1101 118 1124
b20 148 258 161 275
b21 101 2320 129 2364
b22 65 2179 100 2208
b23 112 1173 152 1190
b24 62 1860 80 1884
b25 112 2521 141 2564
b26 87 1083 114 1101
b27 104 3102 142 3142
b28 47 3134 71 3146
b29 22 1451 51 1481
b30 27 3666 47 3694
b31 60 3490 92 3526
b32 173 107 192 129
b33 124 3024 169 3070
b34 136 2941 165 2953
b35 100 2545 112 2571
b36 0 3585 27 3615
b37 92 1860 104 1889
b38 82 2279 103 2298
b39 142 3070 154 3083
b40 108 642 127 689
b41 173 1826 209 1845
b42 148 848 194 873
b43 131 1134 170 1155
b44 133 0 160 24
b45 107 738 131 763
b46 62 1915 81 1928
b47 34 2545 76 2585
b48 87 847 115 881
b49 109 3326 133 3374
b50 100 2571 119 2585
b51 67 531 81 547
b52 136 325 173 343
b53 138 1421 174 1433
b54 82 1124 112 1158
b55 160 61 186 92
b56 22 2114 68 2145
b57 145 343 192 391
b58 92 1755 117 1780
b59 21 3006 68 3044
b60 108 722 147 738
b61 110 2613 141 2658
b62 67 413 113 449
b63 93 3262 129 3308
b64 67 832 100 847
b65 103 2297 116 2320
b66 62 1933 104 1978
b67 55 2769 69 2802
b68 140 2231 168 2276
b69 21 2969 57 2996
b70 119 1441 135 1486
b71 79 1780 113 1812
b72 65 2479 97 2494
b73 21 2803 33 2849
b74 131 738 174 772
b75 192 142 212 179
b76 56 1276 95 1312
b77 47 3666 87 3684
b78 103 343 145 359
b79 22 1390 62 1415
b80 67 0 103 15
b81 76 2586 91 2618
b82 148 1755 187 1779
b83 78 1494 115 1535
b84 166 1225 200 1263
b85 133 166 167 209
b86 43 1346 82 1390
b87 69 2811 114 2859
b88 82 2364 111 2408
b89 137 898 157 940
b90 47 3262 93 3286
b91 70 3615 113 3636
b92 136 278 181 325
b93 91 1359 111 1383
b94 90 3083 121 3102
b95 111 2904 155 2941
b96 207 61 253 94
b97 100 2219 140 2234
b98 33 2934 46 2969
b99 133 92 173 109
b100 160 0 204 45
b101 37 3572 67 3608
b102 22 1415 62 1451
b103 21 2769 55 2803
b104 72 2700 114 2714
b105 74 3325 109 3358
b106 151 622 163 655
b107 185 46 217 61
b108 74 3412 111 3450
b109 82 1190 124 1236
b110 107 1257 146 1299
b111 78 1432 91 1453
b112 62 1708 92 1733
b113 189 461 225 485
b114 187 1263 221 1307
b115 113 578 147 600
b116 138 1402 166 1421
b117 89 1236 128 1257
b118 0 3733 44 3771
b119 139 1433 167 1478
b120 98 1633 134 1669
b121 90 3010 124 3048
b122 108 622 151 642
b123 82 3450 105 3486
b124 146 1190 177 1225
b125 198 312 244 354
b126 0 0 22 12
b127 66 2917 91 2960
b128 158 993 202 1021
b129 98 1611 132 1633
b130 108 3230 138 3256
b131 85 2859 133 2904
b132 76 2618 94 2657
b133 144 1060 159 1103
b134 34 2585 68 2632
b135 136 2204 181 2219
b136 71 3230 108 3242
b137 148 230 169 258
b138 127 694 169 722
b139 154 129 190 166
b140 80 1860 92 1903
b141 100 2234 119 2279
b142 74 2018 101 2055
b143 112 1402 136 1427
b144 89 1978 104 2018
b145 44 3733 57 3778
b146 100 2143 148 2176
b147 103 0 133 42
b148 157 873 175 893
b149 103 391 150 413
b150 130 1103 153 1134
b151 69 2769 87 2811
b152 192 107 208 126
b153 105 1581 146 1611
b154 68 2143 90 2160
b155 160 45 185 59
b156 22 2166 50 2182
b157 137 873 157 898
b158 159 893 182 906
b159 47 3102 91 3134
b160 87 881 114 897
b161 108 1708 154 1755
b162 109 3308 140 3326
b163 115 793 148 815
b164 88 3565 124 3606
b165 67 3565 88 3582
b166 87 2714 121 2750
b167 100 2176 136 2213
b168 76 2545 100 2586
b169 27 3694 51 3733
b170 0 3771 29 3816
b171 60 3450 82 3490
b172 91 3217 118 3230
b173 111 2941 136 2973
b174 204 30 247 46
b175 153 1103 168 1119
b176 37 3615 70 3653
b177 141 413 182 450
b178 62 1733 79 1752
b179 51 2055 97 2089
b180 82 2298 101 2338
b181 114 1005 144 1033
b182 86 2408 131 2432
b183 113 527 146 566
b184 51 2089 97 2114
b185 141 450 168 484
b186 33 3526 64 3559
b187 89 3374 125 3412
b188 131 2297 168 2337
b189 114 993 158 1005
b190 91 2586 128 2613
b191 182 391 198 425
b192 79 1812 108 1860
b193 33 2917 66 2934
b194 113 413 141 426
b195 148 1813 181 1826
b196 78 1453 119 1494
b197 136 2176 173 2204
b198 91 1383 139 1402
b199 97 2055 128 2091
b200 87 1046 130 1083
b201 43 1312 69 1341
b202 158 1021 192 1060
b203 74 1978 89 2006
b204 187 746 228 779
b205 91 1402 112 1417
b206 91 3182 133 3217
b207 113 1780 146 1808
b208 71 3242 98 3262
b209 182 425 227 461
b210 118 1134 131 1158
b211 80 1903 96 1915
b212 97 2479 118 2521
b213 91 1427 123 1441
b214 191 1353 208 1380
b215 107 772 136 793
b216 155 2953 197 2972
b217 208 94 228 142
b218 118 1158 161 1173
b219 81 1915 109 1933
b220 55 2880 85 2917
b221 91 3102 104 3147
b222 105 1556 139 1581
b223 178 2219 200 2238
b224 22 2145 67 2166
b225 0 3044 47 3082
b226 43 872 82 888
b227 43 888 56 920
b228 146 558 167 578
b229 43 0 67 48
b230 148 772 178 805
b231 226 0 242 30
b232 221 795 263 818
b233 91 1346 107 1359
b234 103 224 136 242
b235 57 2960 79 3006
b236 84 1669 111 1708
b237 65 2408 86 2448
b238 81 793 108 832
b239 132 1611 172 1633
b240 51 1978 74 1997
b241 79 1733 92 1757
b242 104 3142 126 3182
b243 69 1312 106 1346
b244 0 3572 37 3585
b245 65 2521 101 2545
b246 147 578 170 622
b247 141 488 177 527
b248 146 527 189 558
b249 103 2091 138 2118
b250 181 278 212 312
b251 148 1779 191 1813
b252 178 653 197 681
b253 33 3559 48 3572
b254 114 1033 138 1046
b255 64 3526 111 3565
b256 90 2960 111 2973
b257 65 2208 82 2241
b258 21 2182 65 2216
b259 140 2219 166 2231
b260 114 3070 133 3082
b261 197 653 209 698
b262 178 698 205 746
b263 187 1307 234 1353
b264 115 970 160 993
b265 103 209 148 224
b266 169 230 214 278
b267 47 3286 81 3325
b268 115 815 137 840
b269 103 2279 140 2297
b270 155 2337 178 2352
b271 107 1299 149 1323
b272 90 3048 114 3083
b273 133 109 154 139
b274 105 1535 138 1556
b275 204 0 226 28
b276 124 3010 155 3024
b277 86 2432 98 2479
b278 78 1390 91 1432
b279 148 805 187 848
b280 68 2678 99 2700
b281 113 600 143 618
b282 115 940 159 970
b283 111 1323 124 1338
b284 55 2859 85 2880
b285 67 3582 80 3615
b286 62 1579 98 1620
b287 68 2657 110 2678
b288 133 3142 161 3178
b289 111 2973 144 3010
b290 168 461 184 488
b291 155 2352 183 2395
b292 151 655 175 694
b293 47 3044 90 3063
b294 140 3178 157 3204
b295 37 3653 80 3666
b296 92 1708 108 1735
b297 163 622 201 653
b298 56 1236 89 1276
b299 21 2216 34 2229
