1941670.25
3007625.5
875715
237 3695
949.879062
b0 104 2297 131 2312
b1 112 3127 139 3143
b2 61 492 83 518
b3 114 515 135 560
b4 116 2440 156 2485
b5 86 3216 102 3242
b6 101 1223 139 1250
b7 85 1694 120 1723
b8 111 1586 132 1622
b9 82 3191 126 3216
b10 22 1420 37 1451
b11 41 3267 82 3291
b12 189 919 206 938
b13 95 287 128 335
b14 22 3493 66 3514
b15 73 1139 107 1154
b16 131 2297 176 2339
b17 142 1047 183 1084
b18 67 2888 110 2932
b19 132 21 168 44
b20 88 1607 101 1624
b21 125 335 153 379
b22 82 3311 117 3340
b23 107 1146 147 1163
b24 43 3469 61 3493
b25 78 2192 107 2235
b26 134 1250 161 1268
b27 69 1501 107 1541
b28 22 1981 46 1993
b29 167 1369 196 1399
b30 107 1558 127 1586
b31 101 639 133 675
b32 118 2076 137 2098
b33 41 3353 86 3399
b34 177 2517 206 2529
b35 141 1268 153 1294
b36 110 1743 137 1773
b37 47 2014 59 2043
b38 59 2427 80 2446
b39 112 861 124 874
b40 99 2037 118 2084
b41 153 1268 189 1287
b42 72 3014 118 3039
b43 132 0 171 21
b44 74 1223 101 1247
b45 67 2968 91 2993
b46 166 874 185 887
b47 166 1444 208 1484
b48 116 151 144 185
b49 22 0 46 48
b50 69 1607 88 1621
b51 142 1084 156 1100
b52 74 1250 111 1268
b53 106 1047 142 1059
b54 95 222 125 256
b55 43 3438 69 3469
b56 85 1663 131 1694
b57 22 1372 69 1420
b58 86 1334 111 1359
b59 93 1947 140 1985
b60 47 2786 86 2802
b61 129 225 160 270
b62 61 824 107 860
b63 140 1100 176 1146
b64 73 881 106 896
b65 22 1993 35 2016
b66 72 3082 114 3127
b67 61 0 75 33
b68 99 37 127 82
b69 112 1020 148 1047
b70 152 1399 168 1444
b71 152 2485 186 2517
b72 131 1663 163 1678
b73 115 3216 127 3262
b74 124 950 167 984
b75 75 13 95 50
b76 65 1985 104 2021
b77 47 2833 87 2851
b78 127 135 169 151
b79 47 2446 87 2471
b80 111 2902 147 2917
b81 147 2358 162 2390
b82 55 1923 94 1947
b83 0 2054 37 2095
b84 101 477 135 515
b85 147 1146 181 1189
b86 100 2558 139 2602
b87 59 2379 104 2427
b88 87 2427 116 2471
b89 200 573 220 615
b90 168 77 214 101
b91 90 1313 133 1334
b92 86 2786 131 2833
b93 124 923 144 947
b94 116 2421 147 2440
b95 67 2851 111 2888
b96 132 1517 178 1550
b97 61 477 101 492
b98 87 3039 100 3074
b99 147 2702 187 2719
b100 90 1268 134 1313
b101 106 1103 136 1139
b102 46 1302 86 1338
b103 0 3661 34 3695
b104 80 2365 122 2379
b105 131 874 166 907
b106 46 1981 58 2014
b107 150 2076 182 2091
b108 80 2721 117 2759
b109 13 3547 55 3593
b110 104 2379 143 2421
b111 102 3216 115 3237
b112 138 1492 168 1517
b113 117 3297 153 3321
b114 106 1059 140 1103
b115 141 718 175 740
b116 73 1154 101 1173
b117 73 860 112 881
b118 176 342 220 380
b119 153 297 181 342
b120 112 984 148 1020
b121 195 1603 229 1641
b122 85 1723 128 1743
b123 117 2669 140 2705
b124 110 2940 141 2975
b125 71 2615 117 2657
b126 99 185 121 197
b127 107 1515 132 1558
b128 129 690 173 718
b129 120 1699 154 1721
b130 127 80 157 106
b131 37 1663 85 1708
b132 122 2339 140 2378
b133 72 3039 87 3082
b134 135 459 169 506
b135 41 3252 86 3267
b136 61 765 98 777
b137 110 722 131 750
b138 80 2337 122 2365
b139 105 1359 141 1396
b140 55 3547 67 3590
b141 59 2021 78 2066
b142 98 1186 125 1223
b143 182 1578 206 1603
b144 129 3143 144 3183
b145 101 515 114 560
b146 22 3514 70 3547
b147 75 435 105 477
b148 135 396 153 416
b149 61 802 108 824
b150 81 3160 104 3191
b151 71 2657 89 2699
b152 121 2128 137 2147
b153 135 416 176 446
b154 125 270 147 287
b155 86 3297 111 3311
b156 138 1476 166 1492
b157 104 2312 124 2337
b158 148 984 171 997
b159 183 887 227 919
b160 99 2021 126 2037
b161 83 675 129 722
b162 117 2651 148 2669
b163 47 2721 80 2743
b164 107 2192 143 2233
b165 78 2061 99 2078
b166 67 2932 101 2968
b167 78 2235 114 2272
b168 75 363 99 404
b169 171 0 195 39
b170 0 3616 29 3661
b171 99 2128 121 2168
b172 83 722 110 735
b173 131 1444 156 1476
b174 86 3281 129 3297
b175 155 2731 170 2747
b176 171 39 204 77
b177 0 3252 41 3289
b178 99 82 116 101
b179 143 506 189 540
b180 37 3212 56 3252
b181 75 335 105 363
b182 59 2272 104 2296
b183 167 740 200 779
b184 104 2272 150 2297
b185 157 101 184 135
b186 81 3127 112 3160
b187 69 1372 105 1410
b188 70 1765 107 1805
b189 37 3127 81 3139
b190 80 2759 117 2786
b191 66 3469 82 3503
b192 86 1853 115 1901
b193 168 1313 201 1330
b194 65 1947 93 1960
b195 87 2602 120 2615
b196 111 1622 152 1663
b197 118 3014 155 3042
b198 147 2339 195 2358
b199 117 2615 148 2651
b200 86 3353 129 3390
b201 105 1442 131 1471
b202 99 396 133 435
b203 46 0 61 28
b204 174 540 215 573
b205 59 2296 80 2311
b206 101 604 143 639
b207 114 2530 147 2558
b208 141 1313 168 1333
b209 141 1333 186 1369
b210 72 1708 85 1732
b211 165 1578 181 1590
b212 148 2530 169 2572
b213 116 2485 148 2499
b214 144 923 161 950
b215 131 1678 160 1699
b216 195 0 237 19
b217 105 335 125 383
b218 167 779 210 794
b219 98 784 126 802
b220 37 2851 67 2888
b221 87 2510 100 2555
b222 95 197 129 222
b223 0 3289 22 3308
b224 37 3191 82 3212
b225 0 2016 47 2054
b226 131 907 170 923
b227 0 3308 13 3340
b228 22 3438 43 3458
b229 86 1805 110 1853
b230 147 2669 177 2702
b231 83 735 99 765
b232 13 3593 55 3616
b233 135 446 151 459
b234 22 1823 55 1841
b235 89 2657 111 2703
b236 46 860 73 899
b237 78 2021 99 2061
b238 87 2471 114 2510
b239 49 1743 89 1765
b240 102 3262 125 3281
b241 99 2168 112 2192
b242 129 185 151 225
b243 46 1338 83 1372
b244 98 1173 135 1186
b245 111 2833 147 2857
b246 114 560 137 604
b247 41 3399 77 3438
b248 108 802 151 833
b249 37 2993 72 3020
b250 55 1823 86 1857
b251 22 1947 65 1981
b252 112 833 131 861
b253 152 1369 167 1382
b254 75 0 99 13
b255 101 2975 148 3014
b256 156 2390 177 2403
b257 135 1189 152 1222
b258 46 1268 90 1302
b259 111 2857 137 2869
b260 155 2719 174 2731
b261 137 2857 149 2902
b262 118 3042 145 3090
b263 105 1396 152 1442
b264 110 2917 155 2940
b265 129 675 174 690
b266 126 2028 171 2076
b267 29 3616 63 3655
b268 0 0 22 25
b269 71 2703 108 2721
b270 49 1708 72 1723
b271 151 151 193 175
b272 74 1173 98 1208
b273 105 1471 126 1501
b274 69 3438 102 3459
b275 163 1550 185 1578
b276 107 1501 138 1515
b277 37 1708 49 1755
b278 69 1621 82 1663
b279 126 1985 165 2028
b280 71 1901 102 1923
b281 37 1805 67 1823
b282 99 2098 143 2128
b283 150 2091 163 2106
b284 169 175 199 196
b285 132 1550 145 1583
b286 131 833 167 874
b287 69 1586 111 1607
b288 132 44 160 80
b289 99 0 132 37
b290 153 270 169 297
b291 46 1173 74 1216
b292 47 2471 71 2510
b293 98 765 141 784
b294 153 1287 170 1313
b295 105 383 148 396
b296 55 1857 71 1884
b297 114 2499 152 2530
b298 37 1765 70 1805
b299 82 3340 95 3353
