1087245.25
1599474.5
575016
247 2328
206.686359
b0 79 813 115 829
b1 49 2133 68 2172
b2 112 1230 153 1265
b3 37 2281 55 2328
b4 22 2249 48 2281
b5 63 385 98 416
b6 106 22 135 35
b7 67 1575 95 1596
b8 88 1726 120 1741
b9 86 1056 132 1090
b10 98 662 143 694
b11 58 1455 72 1491
b12 126 699 162 741
b13 49 2088 97 2133
b14 72 1455 87 1480
b15 54 1867 99 1913
b16 0 2301 18 2323
b17 46 2027 79 2053
b18 136 0 170 19
b19 85 1135 115 1147
b20 106 35 134 68
b21 83 1303 127 1342
b22 105 985 131 1024
b23 182 699 222 724
b24 150 741 175 756
b25 144 1527 180 1563
b26 61 1814 104 1839
b27 145 1215 179 1230
b28 25 920 71 958
b29 37 2088 49 2125
b30 79 2044 96 2071
b31 39 1639 76 1655
b32 105 1024 128 1056
b33 44 2213 62 2249
b34 87 0 106 38
b35 173 1563 188 1596
b36 25 1627 53 1639
b37 107 1850 123 1871
b38 136 61 169 87
b39 120 1710 150 1752
b40 142 411 170 452
b41 83 1992 99 2008
b42 86 985 105 1029
b43 179 311 219 345
b44 141 216 168 232
b45 71 952 85 989
b46 117 1871 165 1886
b47 86 1385 109 1399
b48 87 80 111 106
b49 140 926 180 957
b50 136 19 169 61
b51 61 1726 88 1774
b52 169 68 196 105
b53 141 232 158 250
b54 71 1182 114 1198
b55 76 1661 89 1707
b56 22 2213 44 2238
b57 44 1523 63 1571
b58 98 694 117 735
b59 0 1959 46 2005
b60 46 2053 76 2088
b61 67 1541 100 1575
b62 145 452 182 497
b63 152 556 167 591
b64 134 144 181 192
b65 111 204 141 237
b66 71 876 102 907
b67 196 724 240 761
b68 141 192 176 216
b69 90 1776 109 1814
b70 37 2172 73 2186
b71 98 593 140 627
b72 97 2044 131 2077
b73 140 624 158 662
b74 61 1776 90 1794
b75 37 2186 60 2213
b76 106 68 120 80
b77 120 1483 144 1499
b78 120 1563 146 1606
b79 25 958 44 995
b80 91 2008 105 2023
b81 126 778 158 798
b82 142 287 174 320
b83 154 1563 173 1600
b84 108 556 151 593
b85 143 662 191 699
b86 83 1929 107 1953
b87 46 2008 91 2027
b88 102 942 130 985
b89 88 1741 100 1776
b90 120 1427 165 1451
b91 76 1608 120 1636
b92 131 957 173 981
b93 188 237 231 258
b94 39 1677 54 1693
b95 76 1636 112 1661
b96 120 486 145 531
b97 107 1399 132 1427
b98 175 285 191 311
b99 0 2281 37 2301
b100 133 531 160 556
b101 207 761 247 809
b102 114 1265 139 1303
b103 120 1451 152 1483
b104 144 826 180 851
b105 102 895 144 926
b106 83 1953 117 1992
b107 132 981 177 997
b108 157 105 190 117
b109 39 1937 51 1959
b110 127 329 171 352
b111 165 1230 183 1243
b112 123 352 141 398
b113 71 1427 114 1455
b114 91 2025 130 2044
b115 0 2005 37 2035
b116 46 1959 83 2001
b117 126 741 150 778
b118 0 1639 39 1674
b119 63 0 87 36
b120 71 907 86 952
b121 86 1090 118 1135
b122 85 1152 128 1182
b123 183 798 196 833
b124 135 105 148 144
b125 54 1839 72 1867
b126 25 0 63 28
b127 170 46 194 68
b128 71 1198 107 1223
b129 170 0 214 46
b130 176 192 220 237
b131 71 1399 107 1419
b132 102 926 140 942
b133 44 958 58 970
b134 83 1223 112 1239
b135 71 1342 86 1379
b136 102 876 126 895
b137 135 87 157 105
b138 106 0 136 22
b139 214 0 247 31
b140 100 735 112 751
b141 120 452 145 486
b142 199 1314 226 1360
b143 25 876 71 920
b144 0 0 25 29
b145 63 351 108 385
b146 142 352 175 386
b147 140 593 152 624
b148 72 1839 89 1864
b149 39 1655 61 1677
b150 78 1511 91 1541
b151 63 456 79 483
b152 105 1992 138 2025
b153 87 287 127 299
b154 112 1636 154 1680
b155 71 1223 83 1236
b156 166 756 185 798
b157 60 1596 102 1608
b158 115 1135 143 1152
b159 128 1303 152 1339
b160 108 438 120 474
b161 183 833 202 864
b162 111 192 141 204
b163 63 829 109 876
b164 132 1752 164 1779
b165 114 1182 155 1215
b166 87 299 123 311
b167 89 1696 136 1710
b168 142 386 179 411
b169 165 1286 211 1314
b170 0 2035 22 2080
b171 25 1593 60 1627
b172 83 1265 114 1290
b173 25 1571 67 1593
b174 108 531 133 551
b175 44 1511 78 1523
b176 112 1680 132 1696
b177 73 2133 94 2164
b178 162 699 182 715
b179 152 1486 197 1527
b180 100 1455 119 1476
b181 127 287 142 329
b182 112 1215 145 1227
b183 76 1710 113 1726
b184 162 715 182 734
b185 87 735 100 779
b186 175 237 188 285
b187 39 1913 61 1937
b188 63 416 87 456
b189 58 1491 89 1511
b190 87 779 124 813
b191 111 250 153 287
b192 144 798 166 826
b193 165 1243 207 1286
b194 86 1342 128 1385
b195 107 1814 132 1850
b196 61 1913 100 1929
b197 152 1451 199 1486
b198 87 311 109 351
b199 108 398 142 438
