747009.5625
770974
531330
267 1990
11.288911
b0 126 1436 169 1469
b1 144 465 209 502
b2 84 1335 137 1369
b3 230 1344 267 1411
b4 58 425 87 444
b5 140 416 179 465
b6 77 1669 117 1687
b7 58 444 80 484
b8 0 1862 50 1924
b9 140 375 156 416
b10 40 0 58 52
b11 0 1791 39 1850
b12 131 1469 192 1497
b13 106 152 154 209
b14 139 1228 202 1271
b15 106 323 165 375
b16 114 964 150 1021
b17 0 1924 44 1990
b18 58 0 106 51
b19 208 521 239 571
b20 67 1369 104 1388
b21 58 375 122 425
b22 124 742 173 776
b23 188 105 208 154
b24 50 1862 95 1890
b25 137 656 191 695
b26 87 616 142 656
b27 67 1567 92 1632
b28 67 1521 106 1567
b29 106 0 130 62
b30 38 1665 62 1691
b31 98 742 124 776
b32 161 969 204 1022
b33 122 465 144 500
b34 131 1497 158 1551
b35 169 1395 200 1433
b36 127 837 166 904
b37 127 904 147 964
b38 106 1521 129 1578
b39 138 561 190 616
b40 152 0 178 29
b41 192 1433 219 1488
b42 176 52 238 105
b43 182 1298 243 1344
b44 39 1791 104 1838
b45 220 571 243 615
b46 98 720 137 742
b47 62 837 127 870
b48 137 695 194 722
b49 161 904 208 969
b50 0 1337 67 1369
b51 38 1734 76 1791
b52 40 1077 94 1122
b53 150 1138 193 1159
b54 122 375 140 436
b55 154 152 188 208
b56 100 1272 117 1335
b57 104 1452 122 1499
b58 130 52 176 86
b59 77 1632 127 1669
b60 166 776 206 799
b61 152 29 185 52
b62 191 502 251 521
b63 62 720 98 765
b64 62 1687 112 1734
b65 62 1021 119 1077
b66 94 1077 161 1138
b67 40 1269 84 1309
b68 62 870 114 933
b69 58 693 112 720
b70 106 209 148 251
b71 67 1499 131 1521
b72 98 776 159 837
b73 104 1369 165 1436
b74 0 1369 38 1411
b75 40 1309 59 1337
b76 130 0 152 33
b77 94 1171 160 1228
b78 104 1734 140 1766
b79 40 1228 100 1269
b80 148 265 164 323
b81 0 0 40 50
b82 154 208 201 265
b83 104 1436 126 1452
b84 156 375 223 397
b85 178 0 198 25
b86 80 656 136 693
b87 100 1228 139 1272
b88 39 1838 76 1862
b89 182 1271 220 1298
b90 38 1632 77 1665
b91 94 1138 150 1171
b92 165 1379 191 1395
b93 165 1344 230 1379
b94 122 502 163 561
b95 87 561 138 580
b96 130 86 170 152
b97 165 1271 182 1338
b98 40 720 62 782
b99 127 1578 176 1644
