440849.5
566978
314721
561 561
224.075143
b0 360 309 387 324
b1 363 92 390 108
b2 203 0 225 26
b3 246 183 291 204
b4 75 296 120 336
b5 0 350 26 366
b6 163 133 201 160
b7 432 224 467 253
b8 319 453 355 474
b9 0 517 44 542
b10 295 148 326 163
b11 193 88 234 112
b12 186 312 205 329
b13 0 211 33 259
b14 422 398 443 442
b15 502 271 517 305
b16 107 396 152 438
b17 193 386 230 427
b18 428 120 472 163
b19 242 0 265 36
b20 13 337 30 350
b21 75 252 103 296
b22 260 406 289 441
b23 294 163 311 203
b24 209 241 233 259
b25 279 0 308 43
b26 490 235 508 262
b27 260 441 300 479
b28 147 483 171 495
b29 179 227 209 256
b30 193 60 213 88
b31 178 280 214 312
b32 503 36 522 58
b33 171 503 217 548
b34 307 453 319 482
b35 519 0 531 26
b36 517 271 544 301
b37 406 424 418 453
b38 99 132 118 153
b39 165 303 178 315
b40 156 256 175 303
b41 221 120 257 139
b42 360 412 406 437
b43 220 338 259 359
b44 0 150 27 174
b45 408 228 432 253
b46 387 309 406 322
b47 510 305 552 345
b48 363 253 397 281
b49 231 451 255 499
b50 75 127 94 141
b51 406 410 422 424
b52 363 45 381 82
b53 150 364 186 376
b54 186 329 220 359
b55 38 441 69 467
b56 162 41 193 87
b57 406 282 454 329
b58 378 228 403 253
b59 69 388 107 435
b60 143 31 159 70
b61 471 264 502 309
b62 112 86 148 132
b63 217 503 253 549
b64 109 0 124 33
b65 350 513 363 536
b66 489 466 534 508
b67 213 60 246 74
b68 314 216 342 261
b69 489 345 525 372
b70 448 452 464 497
b71 428 0 460 34
b72 161 161 193 176
b73 360 297 406 309
b74 307 525 350 559
b75 209 167 246 187
b76 471 309 510 345
b77 220 259 238 299
b78 107 519 123 561
b79 246 58 286 83
b80 44 516 59 552
b81 0 196 32 211
b82 389 0 428 24
b83 308 0 345 41
b84 12 69 46 107
b85 308 83 342 126
b86 406 359 450 398
b87 443 404 488 452
b88 307 424 351 453
b89 489 416 531 436
b90 464 452 488 498
b91 255 479 276 522
b92 425 37 470 84
b93 214 299 238 319
b94 406 514 425 545
b95 262 86 306 123
b96 141 177 174 223
b97 546 204 561 244
b98 464 498 477 533
b99 351 28 391 45
b100 489 372 534 416
b101 39 0 75 30
b102 107 483 147 519
b103 372 378 406 412
b104 308 54 350 68
b105 31 126 66 159
b106 360 378 372 411
b107 135 364 150 396
b108 363 513 401 550
b109 314 331 360 373
b110 0 30 42 69
b111 0 542 21 555
b112 150 455 180 480
b113 123 519 147 555
b114 455 163 489 207
b115 152 376 186 398
b116 196 461 215 489
b117 120 316 141 355
b118 522 26 560 70
b119 201 139 246 167
b120 0 432 36 468
b121 75 153 113 187
b122 107 438 150 458
b123 75 43 98 79
b124 0 259 35 290
b125 314 289 360 331
b126 169 548 191 560
b127 107 458 150 483
b128 345 0 389 28
b129 467 207 489 241
b130 360 324 390 350
b131 266 277 314 322
b132 0 0 39 18
b133 381 49 396 92
b134 13 303 60 337
b135 55 183 70 228
b136 195 190 207 227
b137 46 47 74 68
b138 406 486 448 514
b139 472 97 508 134
b140 489 196 532 208
b141 295 322 314 367
b142 329 126 356 163
b143 391 24 415 49
b144 120 355 135 395
b145 99 86 112 131
b146 72 336 120 369
b147 30 337 72 367
b148 289 412 307 432
b149 356 161 378 208
b150 432 193 455 224
b151 220 320 262 338
b152 275 360 294 376
b153 38 400 68 441
b154 231 434 253 451
b155 186 359 211 373
b156 231 379 247 407
b157 226 359 251 379
b158 193 167 206 190
b159 489 164 533 196
b160 524 208 540 235
b161 378 161 425 207
b162 41 467 72 485
b163 246 36 279 58
b164 478 0 519 36
b165 86 529 107 546
b166 120 264 156 298
b167 508 101 545 137
b168 472 137 513 161
b169 31 159 70 183
b170 118 132 163 161
b171 209 200 231 240
b172 231 407 244 434
b173 257 123 289 148
b174 118 161 161 177
b175 397 253 413 268
b176 262 322 295 360
b177 152 398 193 435
b178 31 107 48 126
b179 253 522 299 556
b180 540 164 559 204
b181 314 261 344 289
b182 360 354 405 378
b183 450 371 489 404
b184 238 241 263 287
b185 490 208 524 235
b186 38 367 69 400
b187 508 235 546 271
b188 75 215 115 252
b189 459 301 471 345
b190 231 204 258 241
b191 215 448 231 482
b192 423 253 471 282
b193 314 373 347 390
b194 267 148 295 161
b195 193 373 226 386
b196 162 0 203 41
b197 234 83 262 120
b198 72 369 120 388
b199 514 70 550 101
b200 37 257 74 300
b201 323 163 349 192
b202 314 390 353 424
b203 86 501 101 529
b204 138 223 179 256
b205 246 148 267 163
b206 72 435 107 477
b207 238 287 266 320
b208 152 435 179 455
b209 425 84 470 120
b210 399 268 423 281
b211 406 398 422 410
b212 425 533 467 554
b213 390 322 404 354
b214 395 144 422 161
b215 174 190 195 219
b216 124 31 143 73
b217 246 163 294 183
b218 308 68 351 83
b219 0 414 28 432
b220 489 436 526 466
b221 120 303 165 316
b222 159 87 193 112
b223 48 103 67 125
b224 175 259 220 280
b225 0 367 38 414
b226 360 281 399 297
b227 308 41 340 54
b228 408 207 428 228
b229 75 79 99 127
b230 406 453 436 486
b231 428 163 444 193
b232 118 177 141 219
b233 262 360 275 376
b234 426 329 459 347
b235 33 183 55 229
b236 59 516 86 555
b237 181 112 221 133
b238 513 137 552 164
b239 147 495 169 535
b240 471 241 490 264
b241 0 468 24 481
b242 289 126 329 148
b243 344 216 378 253
b244 209 187 246 200
b245 396 49 420 85
b246 470 74 514 97
b247 356 125 395 161
b248 276 479 307 522
b249 46 68 73 103
b250 0 116 31 150
b251 75 0 109 43
b252 344 253 363 281
b253 193 448 208 461
b254 13 290 37 303
b255 346 474 393 513
b256 247 406 260 427
b257 148 112 181 129
b258 355 437 399 471
b259 311 163 323 189
b260 459 282 471 301
b261 295 367 307 412
b262 266 250 314 277
b263 263 204 310 250
b264 115 219 138 264
b265 41 501 86 516
b266 141 316 186 364
b267 203 26 242 60
b268 171 480 196 502
b269 460 0 478 37
b270 103 264 118 287
b271 314 192 356 216
b272 72 477 107 501
b273 405 329 426 359
b274 193 427 226 448
b275 33 229 55 257
b276 196 489 227 503
b277 0 69 12 116
b278 0 290 13 332
b279 307 482 346 525
b280 0 174 31 196
b281 526 436 556 454
b282 251 376 295 406
b283 347 373 360 388
b284 378 207 408 228
b285 109 73 142 86
b286 0 481 41 517
b287 342 83 363 125
b288 395 108 423 144
b289 470 37 503 74
b290 395 92 422 108
b291 75 187 118 215
b292 450 347 489 371
b293 286 43 305 86
b294 42 30 68 47
b295 180 435 193 478
b296 41 485 68 501
b297 124 0 162 31
b298 488 508 528 541
b299 24 468 37 481
