445499.75
577399.5
313600
560 560
532.532664
b0 288 114 315 129
b1 334 364 350 391
b2 59 0 81 26
b3 404 197 449 218
b4 194 0 239 40
b5 34 224 50 250
b6 307 58 345 85
b7 133 161 168 190
b8 213 524 234 560
b9 401 532 445 557
b10 358 188 389 203
b11 228 137 252 178
b12 483 81 500 100
b13 179 305 212 353
b14 495 340 539 361
b15 341 426 375 441
b16 0 328 45 370
b17 359 0 400 37
b18 254 384 297 428
b19 104 466 140 489
b20 125 424 138 441
b21 181 230 225 258
b22 522 300 551 335
b23 515 172 555 189
b24 446 449 470 467
b25 350 364 393 393
b26 265 456 292 474
b27 495 385 535 423
b28 120 0 132 24
b29 132 95 161 125
b30 135 246 163 266
b31 331 282 363 318
b32 118 349 137 371
b33 86 47 132 92
b34 57 77 86 89
b35 511 244 537 256
b36 416 431 446 458
b37 355 76 384 88
b38 191 193 212 212
b39 165 249 178 261
b40 179 489 226 508
b41 74 153 93 189
b42 313 0 359 25
b43 249 95 270 134
b44 0 196 27 220
b45 115 128 139 153
b46 511 58 524 77
b47 431 263 473 303
b48 423 467 451 501
b49 495 361 543 385
b50 16 0 30 19
b51 347 88 361 104
b52 135 266 172 284
b53 13 43 25 79
b54 51 47 85 77
b55 73 466 104 492
b56 370 117 401 163
b57 282 219 330 266
b58 379 254 404 279
b59 188 40 235 78
b60 451 200 467 239
b61 297 407 328 452
b62 459 124 495 170
b63 343 318 379 364
b64 516 122 531 155
b65 189 476 212 489
b66 475 423 520 465
b67 282 177 315 191
b68 447 388 492 416
b69 331 216 367 243
b70 132 21 148 66
b71 404 125 438 157
b72 48 131 80 146
b73 494 465 540 477
b74 92 510 126 553
b75 334 393 371 413
b76 331 243 367 282
b77 252 134 270 174
b78 0 416 42 432
b79 48 445 73 485
b80 77 519 92 555
b81 33 445 48 477
b82 466 38 505 62
b83 150 193 191 230
b84 73 345 111 379
b85 432 74 466 117
b86 248 287 292 326
b87 25 371 73 416
b88 370 88 414 117
b89 505 38 547 58
b90 346 114 370 160
b91 34 529 77 550
b92 90 379 137 424
b93 447 318 467 342
b94 418 501 437 532
b95 36 485 73 529
b96 389 40 422 86
b97 421 303 461 318
b98 481 517 494 552
b99 466 62 483 102
b100 516 77 560 122
b101 139 125 169 161
b102 86 92 126 128
b103 212 315 246 349
b104 365 482 379 524
b105 24 282 59 315
b106 239 37 272 49
b107 120 246 135 278
b108 34 187 72 224
b109 235 49 277 95
b110 379 279 421 318
b111 31 432 52 445
b112 85 128 115 153
b113 212 291 248 315
b114 226 480 260 524
b115 73 268 95 302
b116 265 428 284 456
b117 393 364 414 403
b118 511 256 549 300
b119 467 170 512 198
b120 229 428 265 464
b121 165 355 203 389
b122 50 224 70 267
b123 0 485 36 508
b124 189 445 224 476
b125 401 318 447 360
b126 52 416 64 438
b127 0 370 25 413
b128 379 458 423 486
b129 466 102 500 124
b130 90 235 120 261
b131 126 510 171 558
b132 414 86 432 125
b133 315 179 358 194
b134 207 390 254 424
b135 150 355 165 400
b136 148 21 160 58
b137 45 315 73 336
b138 165 389 207 417
b139 292 308 329 344
b140 331 318 343 361
b141 371 403 416 422
b142 367 203 404 230
b143 300 194 325 218
b144 191 212 231 227
b145 250 371 295 384
b146 179 258 227 291
b147 228 178 270 208
b148 301 129 319 149
b149 404 218 451 240
b150 416 360 447 383
b151 89 492 131 510
b152 165 230 181 249
b153 120 190 150 231
b154 304 487 326 504
b155 0 182 25 196
b156 466 0 482 28
b157 161 95 186 115
b158 0 43 13 66
b159 260 487 304 519
b160 286 344 302 371
b161 511 198 558 244
b162 270 132 301 150
b163 325 194 358 216
b164 188 78 229 114
b165 177 0 194 21
b166 327 516 363 550
b167 297 371 334 407
b168 234 524 275 548
b169 0 276 24 315
b170 302 85 347 114
b171 379 510 401 550
b172 0 79 27 92
b173 168 168 200 193
b174 0 0 16 43
b175 227 245 243 260
b176 482 0 515 38
b177 0 145 41 182
b178 29 128 48 145
b179 0 508 34 554
b180 467 303 486 343
b181 318 149 346 179
b182 155 284 179 329
b183 140 472 179 505
b184 358 163 404 188
b185 319 114 346 148
b186 0 454 33 485
b187 473 265 511 301
b188 115 284 155 321
b189 243 274 287 286
b190 404 240 431 277
b191 226 464 260 480
b192 416 383 445 431
b193 73 379 90 412
b194 200 168 228 181
b195 495 136 508 169
b196 338 441 379 482
b197 118 321 155 349
b198 169 115 188 163
b199 475 234 511 265
b200 207 353 250 390
b201 302 344 331 370
b202 326 482 365 516
b203 34 267 62 282
b204 41 146 74 187
b205 442 147 457 168
b206 90 424 125 466
b207 447 416 475 449
b208 30 80 57 100
b209 250 326 286 371
b210 470 465 494 478
b211 500 81 516 93
b212 171 523 213 544
b213 288 78 302 110
b214 515 155 542 172
b215 30 0 59 21
b216 230 95 249 137
b217 95 261 115 309
b218 500 93 515 136
b219 282 191 300 219
b220 239 0 269 37
b221 260 474 305 487
b222 0 251 34 276
b223 73 302 95 321
b224 132 0 177 21
b225 244 208 282 255
b226 404 157 420 196
b227 334 413 366 426
b228 400 0 420 21
b229 307 34 355 58
b230 305 452 338 482
b231 227 260 243 290
b232 188 114 230 137
b233 212 181 228 194
b234 515 0 533 33
b235 379 318 401 364
b236 138 400 165 439
b237 189 424 229 445
b238 275 519 302 558
b239 93 153 133 175
b240 132 66 155 85
b241 153 459 177 472
b242 420 157 442 197
b243 379 422 416 456
b244 231 208 244 245
b245 367 230 403 254
b246 431 240 475 263
b247 486 301 522 340
b248 494 477 525 520
b249 45 336 72 371
b250 0 220 34 251
b251 422 40 465 74
b252 483 62 511 81
b253 155 329 170 342
b254 155 342 179 355
b255 81 0 120 47
b256 16 19 29 40
b257 73 235 90 268
b258 269 0 313 34
b259 284 428 296 454
b260 270 255 282 274
b261 138 349 150 394
b262 270 150 318 177
b263 73 189 120 235
b264 73 322 118 345
b265 120 231 165 246
b266 447 343 495 388
b267 355 37 389 76
b268 302 519 327 541
b269 270 95 288 132
b270 179 508 202 523
b271 165 417 189 459
b272 0 92 24 127
b273 292 287 322 308
b274 30 21 51 54
b275 125 441 153 463
b276 179 291 210 305
b277 367 254 379 301
b278 72 89 85 131
b279 451 478 494 517
b280 0 432 31 454
b281 449 170 467 200
b282 277 34 307 78
b283 328 426 341 441
b284 438 117 459 147
b285 160 21 173 54
b286 445 517 481 558
b287 287 266 329 287
b288 467 198 495 234
b289 155 58 188 95
b290 243 255 270 271
b291 29 100 72 128
b292 379 486 418 510
b293 400 21 443 40
b294 30 54 47 80
b295 0 315 43 328
b296 73 492 89 519
b297 188 137 226 168
b298 520 423 553 463
b299 95 309 108 322
