234683.7480469
238109.5
203852
452 451
2.287902
b0 137 291 180 324
b1 393 19 430 84
b2 175 416 228 450
b3 186 89 223 156
b4 61 391 90 410
b5 365 305 414 344
b6 148 33 188 51
b7 95 146 135 168
b8 228 348 278 410
b9 286 283 302 324
b10 160 51 178 103
b11 306 317 365 356
b12 80 330 108 391
b13 306 260 354 317
b14 377 221 440 264
b15 393 84 452 136
b16 112 0 148 57
b17 227 189 293 233
b18 138 103 186 154
b19 173 156 223 187
b20 365 264 384 301
b21 155 227 205 291
b22 414 305 448 354
b23 365 344 414 364
b24 180 348 225 376
b25 173 188 227 227
b26 80 248 120 303
b27 0 133 65 158
b28 346 61 392 100
b29 207 286 231 348
b30 134 324 160 348
b31 33 0 67 26
b32 0 269 53 312
b33 304 124 326 159
b34 80 303 134 330
b35 37 158 68 196
b36 326 0 393 39
b37 358 136 378 196
b38 322 198 379 221
b39 231 286 286 338
b40 46 326 75 352
b41 180 291 207 346
b42 207 233 269 286
b43 0 312 46 373
b44 399 386 446 451
b45 33 26 56 70
b46 0 91 22 130
b47 0 0 33 65
b48 53 269 80 326
b49 257 124 304 189
b50 257 92 324 124
b51 228 410 285 448
b52 67 0 112 54
b53 223 145 244 188
b54 379 197 440 215
b55 223 89 257 145
b56 138 219 155 282
b57 326 86 344 133
b58 306 356 352 390
b59 269 233 306 283
b60 354 221 377 261
b61 127 57 160 80
b62 67 57 127 76
b63 348 100 393 136
b64 38 200 88 247
b65 33 76 89 133
b66 108 348 175 409
b67 267 0 307 44
b68 204 0 267 52
b69 68 146 95 200
b70 95 168 137 210
b71 16 247 80 269
b72 0 373 61 434
b73 378 136 445 197
b74 0 196 38 238
b75 393 0 421 19
b76 326 133 348 166
b77 285 390 351 447
b78 322 166 358 198
b79 61 410 121 451
b80 306 159 322 217
b81 175 376 225 416
b82 352 386 399 443
b83 0 238 16 260
b84 326 39 393 61
b85 326 61 346 86
b86 204 52 260 89
b87 306 221 350 260
b88 0 158 37 182
b89 88 210 115 248
b90 121 409 160 442
b91 148 0 204 33
b92 0 65 16 91
b93 138 154 173 219
b94 384 264 443 305
b95 278 338 297 389
b96 260 52 326 92
b97 120 210 137 277
b98 352 364 414 386
b99 89 80 138 146
