2145513
3141938
1149088
298 3856
932.419237
b0 43 3293 70 3308
b1 84 3238 111 3254
b2 130 25 152 51
b3 95 2296 116 2341
b4 12 3774 52 3819
b5 33 2780 49 2806
b6 75 2526 113 2553
b7 96 2084 131 2113
b8 59 1673 80 1709
b9 191 646 235 671
b10 33 2938 48 2969
b11 112 1781 153 1805
b12 59 1369 76 1388
b13 94 2764 127 2812
b14 79 2505 123 2526
b15 189 828 223 843
b16 67 2659 112 2701
b17 0 3819 41 3856
b18 131 2926 174 2970
b19 152 1110 188 1133
b20 95 88 108 105
b21 193 1540 221 1584
b22 132 2324 167 2353
b23 109 2484 149 2501
b24 165 1016 183 1040
b25 158 2224 187 2267
b26 146 970 173 988
b27 183 1009 221 1049
b28 132 1852 156 1864
b29 160 89 189 119
b30 89 1817 109 1845
b31 130 425 162 461
b32 69 1171 88 1193
b33 132 2278 177 2324
b34 122 461 151 473
b35 0 3684 12 3710
b36 80 2945 107 2975
b37 122 629 134 658
b38 96 2830 117 2849
b39 68 2701 80 2714
b40 67 3584 86 3631
b41 113 2548 149 2567
b42 33 2213 79 2238
b43 113 1110 152 1131
b44 152 295 179 319
b45 107 2888 131 2913
b46 225 97 244 110
b47 79 2044 121 2084
b48 93 3341 121 3375
b49 168 598 192 646
b50 176 1491 195 1505
b51 71 3560 85 3576
b52 130 407 167 425
b53 79 2171 115 2183
b54 142 2129 172 2163
b55 134 629 160 660
b56 80 1497 126 1528
b57 82 2611 129 2659
b58 55 2945 80 2970
b59 49 2830 96 2868
b60 168 582 207 598
b61 51 1908 82 1953
b62 16 3738 62 3774
b63 160 158 196 204
b64 36 0 69 15
b65 152 251 165 274
b66 116 2353 158 2398
b67 33 2238 47 2271
b68 111 785 139 830
b69 152 224 188 251
b70 95 43 111 88
b71 165 263 199 295
b72 139 847 171 862
b73 108 830 120 876
b74 113 1076 156 1110
b75 75 2553 95 2590
b76 73 1781 112 1817
b77 92 1875 132 1893
b78 173 393 215 409
b79 112 2694 152 2719
b80 0 0 36 15
b81 98 1605 113 1637
b82 129 1344 168 1368
b83 103 2398 140 2439
b84 95 1984 129 2022
b85 142 2044 176 2087
b86 133 1864 172 1908
b87 111 737 156 785
b88 0 2985 29 3029
b89 159 2087 179 2129
b90 66 2740 112 2764
b91 75 2590 118 2611
b92 154 2541 199 2588
b93 57 3536 77 3560
b94 178 809 209 828
b95 115 1186 159 1223
b96 69 1296 115 1329
b97 79 2022 119 2037
b98 80 1673 93 1708
b99 115 2261 155 2278
b100 86 3507 130 3552
b101 29 3584 59 3620
b102 197 409 237 445
b103 33 3620 67 3654
b104 140 1172 182 1186
b105 115 2163 150 2196
b106 177 877 189 910
b107 146 862 178 877
b108 119 1431 156 1469
b109 88 1250 130 1296
b110 80 1400 119 1442
b111 182 946 195 967
b112 130 0 160 25
b113 189 97 225 121
b114 55 3099 89 3143
b115 113 2526 147 2548
b116 96 3198 124 3217
b117 125 1323 164 1344
b118 95 895 139 933
b119 29 3488 57 3533
b120 177 910 213 946
b121 205 59 239 97
b122 82 1933 125 1953
b123 76 1637 99 1673
b124 176 1505 207 1540
b125 151 507 197 549
b126 201 1049 223 1061
b127 80 1442 105 1485
b128 147 693 191 721
b129 95 933 129 955
b130 33 2912 63 2938
b131 83 3011 131 3056
b132 152 1133 170 1172
b133 83 3056 98 3099
b134 112 1805 146 1852
b135 69 1156 114 1171
b136 115 1131 152 1143
b137 78 2126 99 2154
b138 36 1996 78 2024
b139 111 693 147 730
b140 84 3195 96 3238
b141 97 3153 116 3198
b142 29 3320 56 3357
b143 79 2374 103 2399
b144 93 3375 108 3415
b145 215 263 228 308
b146 151 549 199 582
b147 36 2171 66 2213
b148 160 0 178 20
b149 16 3716 63 3738
b150 36 15 59 46
b151 78 2084 96 2126
b152 143 319 159 338
b153 150 2194 191 2224
b154 120 830 142 847
b155 115 1143 140 1157
b156 147 721 175 737
b157 47 2274 67 2299
b158 59 1749 82 1762
b159 82 1749 126 1781
b160 95 27 122 43
b161 122 582 168 629
b162 146 877 177 895
b163 153 1469 186 1491
b164 93 1344 129 1385
b165 63 2154 84 2171
b166 115 1528 149 1564
b167 178 0 214 37
b168 93 1564 117 1605
b169 79 3415 103 3454
b170 177 2267 206 2312
b171 51 1777 73 1817
b172 115 2113 142 2126
b173 146 1044 171 1076
b174 0 2969 43 2985
b175 67 2611 82 2627
b176 121 3267 154 3305
b177 43 3171 84 3208
b178 86 3488 103 3507
b179 56 3454 102 3488
b180 159 319 178 359
b181 55 3143 85 3171
b182 67 3631 112 3655
b183 113 955 146 994
b184 69 1131 115 1156
b185 131 2719 158 2753
b186 122 660 153 693
b187 166 1368 202 1406
b188 147 2501 184 2541
b189 114 1223 158 1235
b190 56 3341 93 3368
b191 79 1953 95 1987
b192 57 3488 86 3536
b193 80 2994 113 3011
b194 55 3011 83 3024
b195 0 15 33 28
b196 158 1223 199 1264
b197 146 988 183 1016
b198 80 2975 128 2994
b199 207 445 238 481
b200 115 2224 158 2261
b201 80 1720 106 1749
b202 89 3099 123 3138
b203 36 46 51 74
b204 51 1875 92 1908
b205 59 1762 80 1777
b206 112 2659 154 2694
b207 105 1469 138 1497
b208 160 204 187 224
b209 253 0 298 36
b210 84 3171 97 3195
b211 79 2183 95 2195
b212 173 409 194 451
b213 93 1329 125 1343
b214 76 1528 93 1555
b215 90 3267 119 3288
b216 47 2721 89 2740
b217 143 359 163 407
b218 97 3138 140 3153
b219 66 2764 94 2782
b220 189 121 219 158
b221 103 2439 116 2484
b222 188 238 222 263
b223 108 876 130 895
b224 140 2970 185 2991
b225 208 719 255 757
b226 214 0 253 16
b227 63 3703 76 3735
b228 47 2701 68 2721
b229 70 3293 94 3341
b230 63 2912 93 2945
b231 51 1953 67 1983
b232 214 36 256 59
b233 73 1817 89 1830
b234 66 2812 99 2830
b235 151 461 173 507
b236 36 2024 63 2063
b237 59 1329 80 1369
b238 178 37 205 76
b239 119 2022 159 2044
b240 56 3368 79 3387
b241 80 1329 93 1353
b242 92 1893 114 1933
b243 195 1406 232 1440
b244 90 3254 127 3267
b245 146 946 182 970
b246 49 2868 72 2912
b247 140 2398 176 2437
b248 150 2163 193 2194
b249 95 0 130 27
b250 188 204 219 238
b251 167 359 210 393
b252 146 1016 165 1044
b253 33 3703 48 3716
b254 128 2913 152 2926
b255 43 3254 90 3293
b256 178 76 199 89
b257 95 2341 112 2374
b258 196 158 240 192
b259 69 0 95 12
b260 43 3308 62 3320
b261 43 2969 55 3014
b262 208 671 235 719
b263 119 1385 166 1431
b264 73 1852 118 1875
b265 156 1076 201 1091
b266 33 3655 78 3703
b267 141 1264 175 1303
b268 76 1605 98 1630
b269 95 2278 132 2296
b270 93 1385 116 1400
b271 29 3560 71 3584
b272 178 774 202 809
b273 78 3655 99 3685
b274 113 994 146 1015
b275 93 1528 115 1556
b276 219 192 250 206
b277 93 1673 105 1720
b278 183 967 196 1009
b279 196 946 235 989
b280 202 774 233 796
b281 178 756 208 774
b282 69 955 113 985
b283 114 1235 127 1250
b284 79 2484 109 2505
b285 235 481 248 514
b286 127 3153 163 3194
b287 95 2567 137 2588
b288 47 2238 75 2274
b289 0 3620 33 3657
b290 0 3657 16 3684
b291 188 1091 216 1134
b292 107 2849 131 2888
b293 156 737 199 756
b294 142 2087 159 2113
b295 36 1983 79 1996
b296 125 1296 141 1323
b297 95 1953 133 1984
b298 33 2740 66 2780
b299 130 51 143 64
