561038.8515625
588407.5
314721
561 561
563.326379
b0 421 85 436 112
b1 308 217 335 233
b2 353 238 379 260
b3 339 490 384 511
b4 379 301 424 341
b5 42 450 68 466
b6 0 318 38 345
b7 372 76 401 111
b8 174 366 210 387
b9 343 392 387 417
b10 187 164 218 179
b11 264 371 288 412
b12 122 295 141 312
b13 346 304 379 352
b14 60 42 104 63
b15 270 468 285 502
b16 0 480 45 522
b17 279 155 316 196
b18 58 122 102 165
b19 192 227 215 263
b20 121 461 134 478
b21 156 273 200 301
b22 304 436 339 465
b23 313 115 353 132
b24 353 112 371 136
b25 160 135 203 164
b26 236 102 254 129
b27 264 430 304 468
b28 45 279 69 291
b29 202 335 232 364
b30 401 85 421 113
b31 173 67 209 99
b32 354 219 376 238
b33 47 291 92 337
b34 123 312 135 341
b35 354 177 380 189
b36 232 331 259 361
b37 472 117 484 146
b38 307 356 326 377
b39 459 277 472 289
b40 472 242 491 289
b41 173 99 192 135
b42 513 73 559 98
b43 308 233 347 254
b44 101 381 128 405
b45 270 502 294 527
b46 0 360 19 373
b47 425 307 467 347
b48 307 408 341 436
b49 216 432 264 456
b50 34 373 53 387
b51 384 482 400 496
b52 84 459 121 477
b53 442 520 454 556
b54 62 337 92 371
b55 62 218 88 249
b56 88 219 134 250
b57 404 0 451 48
b58 486 461 511 486
b59 45 508 83 555
b60 263 155 279 194
b61 292 46 323 91
b62 217 236 263 272
b63 156 227 192 273
b64 379 341 412 356
b65 121 478 134 501
b66 504 317 549 359
b67 339 0 372 14
b68 175 0 220 28
b69 425 158 461 185
b70 543 359 559 404
b71 372 0 404 34
b72 174 409 206 424
b73 497 257 509 303
b74 0 419 34 462
b75 382 446 419 466
b76 487 0 523 39
b77 200 293 240 311
b78 34 387 50 429
b79 511 433 536 473
b80 47 337 62 373
b81 45 493 77 508
b82 400 482 424 521
b83 341 453 382 490
b84 105 100 139 138
b85 430 378 464 421
b86 262 279 306 318
b87 513 98 561 143
b88 262 342 306 371
b89 399 521 441 541
b90 448 103 472 149
b91 152 45 173 88
b92 380 212 425 259
b93 0 40 20 64
b94 231 312 262 331
b95 506 389 543 433
b96 383 356 429 389
b97 410 127 425 167
b98 494 157 507 192
b99 467 381 484 421
b100 355 511 399 556
b101 467 307 497 343
b102 84 522 124 558
b103 503 39 537 73
b104 401 113 443 127
b105 210 364 245 397
b106 0 0 33 12
b107 0 345 32 360
b108 424 482 461 520
b109 379 259 425 301
b110 332 70 371 112
b111 0 373 21 386
b112 84 477 114 502
b113 195 311 231 335
b114 139 89 173 133
b115 174 387 208 409
b116 174 347 202 366
b117 137 434 158 473
b118 509 157 553 195
b119 0 187 28 232
b120 135 380 171 416
b121 467 343 501 381
b122 41 236 61 279
b123 0 236 36 259
b124 307 377 342 408
b125 60 0 106 42
b126 23 522 45 534
b127 28 177 53 220
b128 308 276 336 320
b129 308 254 342 276
b130 106 0 136 26
b131 213 456 261 501
b132 264 412 303 430
b133 175 28 218 43
b134 304 465 338 512
b135 220 58 235 103
b136 459 240 471 277
b137 77 100 105 121
b138 206 501 248 529
b139 404 48 440 85
b140 353 136 396 148
b141 380 181 425 200
b142 472 202 509 229
b143 175 43 200 67
b144 198 455 213 495
b145 461 448 506 461
b146 259 0 292 48
b147 174 425 216 455
b148 439 240 459 258
b149 248 501 270 548
b150 425 127 448 158
b151 0 462 42 480
b152 339 511 355 530
b153 0 259 41 289
b154 200 43 217 65
b155 28 148 42 173
b156 288 371 304 399
b157 250 216 275 236
b158 192 99 215 112
b159 33 90 77 122
b160 136 0 152 27
b161 292 0 339 46
b162 128 416 159 434
b163 275 216 308 238
b164 509 195 550 231
b165 326 356 343 377
b166 258 121 294 155
b167 346 356 383 392
b168 323 46 364 70
b169 62 381 101 405
b170 0 289 45 318
b171 313 132 353 154
b172 34 345 47 372
b173 461 501 486 533
b174 201 179 217 222
b175 42 148 58 163
b176 135 347 173 380
b177 159 468 196 509
b178 92 293 109 312
b179 106 27 152 61
b180 494 117 513 157
b181 0 12 30 40
b182 262 318 307 342
b183 259 48 292 87
b184 424 423 470 448
b185 470 421 504 448
b186 0 102 31 135
b187 316 154 354 190
b188 115 151 155 188
b189 380 200 424 212
b190 316 190 353 217
b191 28 220 62 236
b192 509 255 557 284
b193 0 386 17 419
b194 496 229 509 257
b195 135 312 148 345
b196 263 238 304 279
b197 208 397 245 425
b198 53 405 101 424
b199 220 27 256 58
b200 220 133 257 176
b201 354 148 380 177
b202 425 258 459 297
b203 0 159 15 187
b204 53 177 86 218
b205 159 416 174 437
b206 76 424 118 459
b207 119 61 152 89
b208 84 502 111 522
b209 451 24 487 69
b210 472 229 496 242
b211 487 39 503 51
b212 34 429 76 450
b213 425 185 439 217
b214 306 534 333 551
b215 200 272 229 293
b216 294 103 313 145
b217 263 196 311 216
b218 104 250 119 293
b219 124 532 152 550
b220 506 359 543 389
b221 115 138 160 151
b222 259 87 284 121
b223 92 334 114 353
b224 119 250 140 295
b225 159 509 206 547
b226 382 466 421 482
b227 155 164 187 177
b228 333 534 354 554
b229 68 63 116 87
b230 380 148 410 181
b231 220 103 236 133
b232 382 423 424 446
b233 21 360 34 376
b234 245 399 263 432
b235 88 171 110 217
b236 45 466 84 493
b237 461 461 482 501
b238 220 0 259 27
b239 240 272 262 312
b240 285 468 304 491
b241 0 135 13 159
b242 294 512 334 534
b243 424 448 461 482
b244 425 217 438 254
b245 451 0 487 24
b246 235 58 258 102
b247 307 320 346 356
b248 110 188 153 219
b249 33 63 68 90
b250 124 501 158 532
b251 387 389 430 423
b252 245 371 264 399
b253 203 112 218 125
b254 174 455 198 468
b255 486 486 525 533
b256 0 64 13 85
b257 0 85 33 102
b258 479 73 513 117
b259 294 534 306 560
b260 313 103 332 115
b261 42 165 87 177
b262 33 0 60 48
b263 148 301 195 347
b264 152 0 175 45
b265 141 247 156 292
b266 156 179 201 227
b267 440 69 479 103
b268 137 473 159 498
b269 459 289 496 307
b270 0 522 23 537
b271 62 250 104 274
b272 0 537 35 561
b273 354 189 375 219
b274 217 215 250 236
b275 134 219 156 247
b276 69 274 100 288
b277 284 91 331 103
b278 77 87 119 100
b279 220 176 263 215
b280 92 312 123 334
b281 439 222 469 240
b282 342 260 372 304
b283 335 217 350 230
b284 371 111 401 132
b285 102 138 115 171
b286 341 417 382 453
b287 372 34 393 76
b288 439 186 467 222
b289 461 149 494 186
b290 467 186 494 202
b291 92 353 135 381
b292 509 231 548 255
b293 399 541 442 560
b294 17 386 34 412
b295 13 135 56 148
b296 121 434 137 461
b297 429 347 467 378
b298 509 284 549 317
b299 109 295 122 308
