445758
577917
313599
561 559
217.683717
b0 425 138 452 153
b1 421 224 437 251
b2 453 120 479 142
b3 84 185 129 206
b4 39 350 79 395
b5 0 24 16 50
b6 352 373 390 400
b7 478 270 513 299
b8 281 523 317 544
b9 27 0 52 44
b10 394 346 425 361
b11 186 240 210 281
b12 403 278 420 297
b13 417 297 465 330
b14 352 329 373 373
b15 546 357 561 391
b16 264 432 306 477
b17 334 80 375 117
b18 421 153 465 196
b19 263 180 286 216
b20 63 238 76 255
b21 434 269 478 297
b22 246 523 281 552
b23 403 395 443 412
b24 503 168 521 192
b25 276 218 305 261
b26 539 451 557 478
b27 293 394 333 432
b28 204 397 216 421
b29 240 256 270 285
b30 240 285 268 305
b31 145 299 181 331
b32 425 372 447 391
b33 98 140 144 185
b34 41 196 53 225
b35 521 186 547 198
b36 152 82 179 112
b37 435 45 464 57
b38 373 342 394 361
b39 334 45 346 58
b40 161 482 208 501
b41 33 100 69 119
b42 261 59 286 105
b43 221 137 242 176
b44 0 0 27 24
b45 108 99 132 124
b46 129 185 148 198
b47 498 37 538 79
b48 230 339 264 367
b49 194 525 242 549
b50 91 206 105 225
b51 465 142 481 156
b52 353 266 390 284
b53 288 166 324 178
b54 305 117 339 147
b55 67 424 98 450
b56 216 435 247 481
b57 471 320 519 367
b58 58 284 83 309
b59 0 446 38 493
b60 333 394 349 433
b61 351 474 382 519
b62 367 400 403 446
b63 270 340 306 386
b64 501 451 516 484
b65 158 501 181 514
b66 403 412 448 454
b67 346 45 379 59
b68 366 0 394 45
b69 398 84 425 120
b70 330 0 346 45
b71 403 45 435 79
b72 131 365 146 397
b73 420 212 466 224
b74 150 0 184 43
b75 375 305 395 342
b76 519 321 558 357
b77 288 178 306 218
b78 56 408 98 424
b79 79 367 104 407
b80 106 465 121 501
b81 131 397 146 429
b82 379 45 403 84
b83 270 261 307 302
b84 0 352 38 386
b85 144 205 178 248
b86 230 0 269 44
b87 501 370 546 418
b88 353 212 397 241
b89 346 0 366 42
b90 484 79 530 103
b91 129 0 150 43
b92 306 347 351 394
b93 465 299 489 319
b94 181 501 212 520
b95 220 367 264 404
b96 388 152 421 198
b97 538 66 553 106
b98 521 173 556 186
b99 79 350 119 367
b100 403 0 447 45
b101 423 454 459 484
b102 87 501 127 537
b103 390 361 424 395
b104 421 196 463 210
b105 185 364 220 397
b106 547 106 559 139
b107 80 335 112 350
b108 178 203 216 240
b109 288 59 334 101
b110 382 509 424 548
b111 398 120 419 133
b112 210 252 240 277
b113 178 425 214 449
b114 212 481 246 525
b115 42 78 76 100
b116 185 397 204 425
b117 124 300 145 339
b118 465 168 503 212
b119 39 424 67 469
b120 52 0 88 36
b121 270 302 304 340
b122 64 176 84 219
b123 84 249 107 285
b124 127 484 158 519
b125 425 330 471 372
b126 149 462 161 484
b127 87 43 130 68
b128 14 268 58 296
b129 525 106 547 140
b130 164 520 194 546
b131 247 478 295 523
b132 333 308 351 347
b133 352 400 367 443
b134 0 233 47 267
b135 185 349 230 364
b136 112 300 124 337
b137 83 314 111 335
b138 306 452 348 480
b139 307 178 343 215
b140 506 192 518 235
b141 288 147 333 166
b142 486 0 513 37
b143 437 224 462 248
b144 0 118 15 158
b145 421 251 434 296
b146 161 449 209 482
b147 0 57 42 87
b148 230 44 248 64
b149 464 0 486 47
b150 516 451 539 482
b151 295 480 313 522
b152 179 82 198 98
b153 0 203 41 233
b154 130 82 152 99
b155 0 267 14 292
b156 425 122 453 138
b157 460 95 480 120
b158 146 417 159 440
b159 317 480 349 524
b160 541 418 557 445
b161 448 399 495 445
b162 46 165 64 196
b163 438 57 460 90
b164 180 100 221 136
b165 39 395 56 416
b166 64 140 98 176
b167 459 445 496 481
b168 528 482 552 523
b169 104 367 128 406
b170 264 386 293 431
b171 69 100 91 140
b172 167 112 180 139
b173 178 178 210 203
b174 47 225 63 268
b175 335 265 351 280
b176 0 165 33 203
b177 107 242 144 283
b178 76 78 95 95
b179 184 0 230 34
b180 424 509 464 528
b181 148 177 178 205
b182 198 55 222 100
b183 0 386 39 419
b184 148 152 194 177
b185 464 47 498 74
b186 0 87 33 118
b187 519 285 557 321
b188 127 519 164 559
b189 465 156 509 168
b190 144 272 181 299
b191 351 519 367 553
b192 518 198 547 246
b193 288 113 305 146
b194 447 372 475 385
b195 307 252 340 265
b196 39 309 80 350
b197 248 219 276 256
b198 39 496 87 515
b199 390 242 421 278
b200 148 331 185 374
b201 119 339 148 365
b202 0 493 39 527
b203 67 450 95 465
b204 98 407 131 448
b205 375 284 390 305
b206 52 36 87 78
b207 352 446 385 474
b208 216 232 243 252
b209 343 155 388 191
b210 519 357 543 370
b211 382 121 398 133
b212 334 59 376 80
b213 525 140 557 154
b214 447 0 464 27
b215 63 255 84 284
b216 306 433 348 452
b217 185 281 233 301
b218 247 435 262 478
b219 269 0 297 18
b220 224 64 261 94
b221 0 296 45 309
b222 353 241 387 266
b223 395 297 417 316
b224 39 469 84 490
b225 269 21 316 59
b226 91 124 130 140
b227 216 219 248 232
b228 464 74 484 95
b229 382 485 430 509
b230 479 240 512 270
b231 395 330 425 346
b232 194 136 217 178
b233 56 395 72 408
b234 521 155 554 173
b235 307 215 353 237
b236 306 308 333 347
b237 184 34 224 55
b238 501 484 528 523
b239 145 112 167 152
b240 542 246 561 269
b241 91 225 104 249
b242 480 103 520 125
b243 233 305 270 339
b244 448 386 485 399
b245 477 481 501 517
b246 397 198 420 242
b247 105 206 144 242
b248 220 404 263 435
b249 0 419 35 446
b250 254 149 288 180
b251 0 309 34 352
b252 63 219 91 238
b253 390 278 403 293
b254 83 301 107 314
b255 216 180 263 219
b256 33 165 46 186
b257 110 283 143 300
b258 254 105 288 149
b259 477 212 503 224
b260 475 367 487 386
b261 288 101 333 113
b262 150 55 198 82
b263 15 119 62 165
b264 352 284 375 329
b265 307 237 352 252
b266 185 301 230 349
b267 343 121 382 155
b268 131 440 156 462
b269 376 84 394 121
b270 95 450 118 465
b271 144 248 186 272
b272 39 515 74 539
b273 343 191 373 212
b274 297 0 330 21
b275 121 462 149 484
b276 487 367 501 398
b277 430 484 477 496
b278 95 68 108 110
b279 146 374 185 417
b280 84 465 106 496
b281 538 36 556 66
b282 481 125 525 155
b283 462 224 477 237
b284 489 299 519 320
b285 132 99 145 132
b286 88 0 129 36
b287 437 248 479 269
b288 513 0 541 36
b289 221 100 254 137
b290 479 224 506 240
b291 307 265 335 308
b292 518 246 542 285
b293 382 133 425 152
b294 161 417 178 443
b295 425 79 438 122
b296 83 285 110 301
b297 385 454 423 485
b298 501 418 541 451
b299 16 44 29 57
