228934.75
231672.5
204295
449 455
1.361266
b0 197 209 230 252
b1 276 0 341 37
b2 91 243 144 277
b3 0 229 67 266
b4 63 187 82 216
b5 396 205 445 244
b6 266 94 306 112
b7 122 344 144 384
b8 297 320 347 382
b9 159 57 175 98
b10 178 191 230 209
b11 38 109 77 168
b12 144 319 205 347
b13 130 0 178 57
b14 0 168 63 211
b15 385 67 444 119
b16 391 362 427 419
b17 64 0 130 44
b18 0 380 51 428
b19 251 399 301 430
b20 63 168 100 187
b21 95 68 159 118
b22 0 117 34 166
b23 347 323 367 372
b24 307 292 352 320
b25 367 323 421 362
b26 252 270 307 310
b27 320 65 385 90
b28 347 395 386 441
b29 67 216 91 278
b30 121 118 147 142
b31 266 37 300 63
b32 209 252 252 305
b33 374 205 396 240
b34 178 57 232 84
b35 266 63 304 94
b36 374 244 441 283
b37 385 138 445 158
b38 306 90 363 113
b39 54 401 109 453
b40 100 157 126 186
b41 0 266 55 293
b42 109 401 171 454
b43 178 145 239 191
b44 378 158 443 205
b45 347 372 391 395
b46 126 142 148 181
b47 89 319 122 384
b48 38 82 95 109
b49 341 0 388 65
b50 346 113 378 180
b51 0 60 38 117
b52 252 310 297 364
b53 162 298 205 319
b54 0 211 61 229
b55 340 214 374 270
b56 89 384 152 401
b57 148 194 166 241
b58 301 382 347 416
b59 152 347 189 397
b60 41 0 64 40
b61 343 180 376 203
b62 148 134 167 194
b63 244 112 280 157
b64 205 305 252 355
b65 91 187 148 243
b66 0 319 67 380
b67 239 157 279 201
b68 280 162 343 214
b69 0 428 54 455
b70 189 355 231 397
b71 0 293 64 315
b72 178 84 239 145
b73 388 0 449 67
b74 167 260 209 298
b75 385 119 413 138
b76 307 270 340 292
b77 178 0 244 57
b78 244 0 276 36
b79 0 0 41 60
b80 144 243 160 301
b81 230 201 270 251
b82 171 397 218 454
b83 140 301 162 317
b84 67 319 89 386
b85 300 37 320 62
b86 270 214 307 270
b87 77 118 121 157
b88 91 44 128 68
b89 64 44 91 82
b90 218 399 251 438
b91 307 214 340 270
b92 147 118 173 134
b93 231 364 296 399
b94 64 278 123 319
b95 178 209 197 260
b96 352 283 418 323
b97 123 277 140 344
b98 244 36 266 98
b99 280 113 346 162
