228020.0996094
230605
204756
453 452
2.338898
b0 150 368 193 401
b1 363 67 428 104
b2 156 206 209 240
b3 177 167 244 204
b4 0 276 29 295
b5 386 212 425 261
b6 99 255 139 273
b7 99 174 139 196
b8 0 370 50 432
b9 200 109 216 150
b10 286 267 304 319
b11 99 196 138 255
b12 99 0 127 61
b13 209 271 257 328
b14 103 340 146 403
b15 378 314 437 366
b16 67 336 103 393
b17 298 223 364 267
b18 404 0 452 51
b19 313 127 363 158
b20 431 277 450 314
b21 248 194 298 258
b22 127 0 161 49
b23 364 223 384 272
b24 386 277 431 305
b25 57 181 96 235
b26 216 109 271 149
b27 425 212 450 277
b28 401 389 440 435
b29 27 54 89 78
b30 260 258 286 282
b31 360 272 386 306
b32 156 240 209 283
b33 90 314 125 336
b34 248 167 302 194
b35 139 175 177 206
b36 209 204 248 271
b37 343 67 363 127
b38 27 78 84 101
b39 194 0 246 55
b40 125 314 154 340
b41 304 267 359 294
b42 99 121 161 174
b43 29 277 90 323
b44 386 165 451 212
b45 398 366 442 389
b46 194 55 233 77
b47 161 0 194 65
b48 19 0 76 27
b49 339 158 386 223
b50 161 77 228 109
b51 286 84 343 122
b52 155 283 209 328
b53 140 49 161 92
b54 360 306 378 367
b55 304 294 360 328
b56 0 295 17 358
b57 138 206 156 253
b58 50 393 84 439
b59 204 347 254 384
b60 305 328 328 368
b61 76 0 99 33
b62 0 0 19 60
b63 362 367 398 412
b64 17 323 67 370
b65 0 220 57 276
b66 343 0 404 67
b67 246 61 286 105
b68 0 157 52 220
b69 19 27 73 54
b70 271 122 313 164
b71 260 344 282 408
b72 246 0 307 61
b73 386 104 453 165
b74 57 235 95 277
b75 307 0 326 28
b76 0 101 33 123
b77 305 368 362 434
b78 328 328 360 364
b79 99 61 140 121
b80 0 141 58 157
b81 154 328 204 368
b82 193 384 240 441
b83 161 153 177 175
b84 282 319 304 386
b85 363 104 383 129
b86 302 164 339 220
b87 161 109 200 153
b88 52 157 89 181
b89 0 60 27 98
b90 362 412 401 445
b91 307 28 340 84
b92 73 33 99 49
b93 240 408 305 443
b94 96 273 155 314
b95 209 328 260 347
b96 33 101 99 141
b97 200 150 267 167
b98 260 282 282 344
b99 84 403 150 452
