234960.5
238115
206570
454 455
3.103833
b0 133 234 176 267
b1 333 93 370 158
b2 202 207 236 260
b3 0 362 37 429
b4 125 153 144 182
b5 304 344 343 393
b6 428 369 446 409
b7 77 0 99 40
b8 304 228 354 290
b9 0 57 41 73
b10 133 267 185 285
b11 150 325 189 384
b12 99 19 127 80
b13 0 73 57 121
b14 382 246 445 289
b15 220 391 272 450
b16 372 156 408 213
b17 233 265 299 309
b18 127 57 175 108
b19 382 289 432 320
b20 94 291 131 310
b21 254 309 304 373
b22 199 260 233 309
b23 199 309 248 329
b24 125 108 153 153
b25 304 290 343 344
b26 289 393 344 433
b27 372 131 437 156
b28 382 369 428 408
b29 333 69 395 93
b30 144 154 168 180
b31 99 80 125 114
b32 127 0 170 53
b33 357 47 392 69
b34 189 329 243 356
b35 0 0 38 31
b36 290 0 357 39
b37 394 215 454 235
b38 38 0 61 57
b39 111 182 166 234
b40 0 429 29 455
b41 175 89 230 116
b42 60 315 122 368
b43 0 177 46 238
b44 379 0 444 47
b45 110 235 133 279
b46 357 0 379 39
b47 46 202 111 235
b48 61 40 88 97
b49 395 47 442 112
b50 175 57 242 89
b51 344 290 382 347
b52 168 156 222 201
b53 37 407 80 428
b54 309 39 327 100
b55 131 421 187 455
b56 0 238 63 255
b57 63 235 110 253
b58 277 157 311 203
b59 81 368 131 405
b60 281 203 304 243
b61 217 0 250 23
b62 370 112 430 131
b63 236 207 281 243
b64 230 157 277 207
b65 0 121 57 177
b66 57 114 124 175
b67 250 0 290 44
b68 242 105 305 157
b69 57 175 111 202
b70 80 407 122 449
b71 344 347 366 411
b72 311 167 372 228
b73 242 44 309 105
b74 63 253 105 291
b75 99 0 127 19
b76 372 213 394 246
b77 0 255 57 321
b78 166 201 202 233
b79 0 321 60 362
b80 354 228 370 286
b81 180 116 230 156
b82 170 0 217 57
b83 370 93 392 109
b84 311 100 333 167
b85 333 39 353 64
b86 131 384 187 421
b87 37 368 81 407
b88 57 291 94 315
b89 153 116 180 154
b90 366 408 399 447
b91 187 391 220 447
b92 61 0 77 26
b93 189 356 254 391
b94 408 156 449 215
b95 131 325 150 376
b96 133 285 199 325
b97 272 373 289 440
b98 236 243 298 265
b99 382 320 448 369
