421905.5
529651
314160
560 561
382.714052
b0 419 399 434 426
b1 184 36 211 52
b2 225 0 247 26
b3 349 356 370 401
b4 164 130 204 175
b5 72 146 98 162
b6 126 97 164 124
b7 461 55 490 90
b8 90 97 126 118
b9 99 513 124 557
b10 335 217 366 232
b11 200 74 224 115
b12 249 191 266 210
b13 211 37 259 70
b14 434 407 478 428
b15 328 312 362 327
b16 43 383 85 428
b17 370 356 407 397
b18 358 435 402 478
b19 279 481 315 504
b20 55 146 72 159
b21 270 46 298 90
b22 434 378 469 407
b23 421 92 461 109
b24 410 182 428 206
b25 346 61 375 104
b26 468 242 495 260
b27 507 244 547 282
b28 158 241 182 253
b29 311 250 340 280
b30 142 75 170 95
b31 222 367 258 399
b32 468 260 490 279
b33 49 192 95 237
b34 141 377 153 406
b35 490 78 516 90
b36 478 350 505 380
b37 407 387 419 416
b38 270 90 289 111
b39 33 78 46 90
b40 175 363 222 382
b41 242 509 261 545
b42 196 528 242 553
b43 468 284 507 305
b44 0 496 27 520
b45 379 397 404 421
b46 349 422 368 435
b47 449 185 489 227
b48 244 442 278 470
b49 402 268 450 292
b50 198 203 212 222
b51 379 421 395 435
b52 247 0 265 37
b53 0 275 36 287
b54 170 75 200 109
b55 28 339 54 370
b56 209 420 240 466
b57 280 280 328 327
b58 448 494 473 519
b59 124 513 162 560
b60 301 21 340 37
b61 280 235 311 280
b62 265 0 301 46
b63 396 292 442 328
b64 459 40 492 55
b65 153 426 166 449
b66 507 315 552 357
b67 508 0 522 33
b68 381 328 426 356
b69 478 380 505 416
b70 403 462 448 478
b71 396 0 428 34
b72 101 189 133 204
b73 495 238 507 284
b74 45 271 88 305
b75 340 232 377 252
b76 226 268 265 304
b77 450 242 468 282
b78 54 339 70 381
b79 60 488 100 513
b80 43 451 58 487
b81 70 333 102 348
b82 324 327 348 366
b83 340 0 377 41
b84 29 523 63 561
b85 402 428 445 462
b86 502 421 546 460
b87 307 512 352 560
b88 335 173 364 217
b89 505 401 547 421
b90 325 366 349 412
b91 145 175 188 196
b92 459 305 506 350
b93 212 203 236 223
b94 290 191 309 222
b95 58 451 102 488
b96 300 103 333 149
b97 449 227 489 242
b98 389 226 402 261
b99 328 295 368 312
b100 505 357 550 401
b101 112 24 148 54
b102 198 466 234 506
b103 265 327 299 361
b104 364 173 406 187
b105 33 43 66 78
b106 91 0 103 33
b107 153 394 168 426
b108 103 377 141 414
b109 224 70 270 112
b110 266 149 305 191
b111 79 428 100 441
b112 116 254 146 279
b113 114 353 150 377
b114 315 478 359 512
b115 197 506 231 528
b116 101 170 129 189
b117 428 182 449 221
b118 492 40 536 78
b119 433 350 478 378
b120 13 186 49 222
b121 249 112 287 146
b122 13 143 33 186
b123 43 428 79 451
b124 70 348 101 383
b125 202 226 248 268
b126 102 353 114 375
b127 0 370 43 395
b128 153 481 197 509
b129 204 268 226 302
b130 196 333 222 363
b131 103 414 151 459
b132 346 43 385 61
b133 522 78 537 121
b134 44 237 91 271
b135 265 263 280 308
b136 237 189 249 226
b137 95 254 116 282
b138 64 305 106 333
b139 382 101 419 137
b140 421 356 433 399
b141 448 445 467 490
b142 458 132 485 169
b143 311 181 335 206
b144 13 48 28 88
b145 253 146 266 191
b146 298 70 346 103
b147 33 0 63 42
b148 473 494 493 512
b149 335 104 382 126
b150 489 185 520 208
b151 85 383 103 425
b152 386 261 402 280
b153 55 162 96 192
b154 168 253 185 275
b155 181 115 206 129
b156 400 206 428 222
b157 311 206 331 231
b158 224 146 237 169
b159 359 478 403 510
b160 467 24 494 40
b161 402 222 449 268
b162 13 222 44 240
b163 374 280 396 313
b164 184 0 225 36
b165 164 109 181 130
b166 28 305 64 339
b167 485 90 522 126
b168 467 0 508 24
b169 66 43 90 82
b170 135 124 164 169
b171 91 282 131 304
b172 145 196 158 223
b173 172 277 204 302
b174 237 146 253 189
b175 182 229 198 244
b176 264 361 297 399
b177 46 82 87 119
b178 91 66 108 85
b179 101 124 135 170
b180 520 189 560 208
b181 440 519 470 547
b182 502 460 547 484
b183 301 37 340 70
b184 299 327 324 373
b185 352 512 386 539
b186 0 465 33 496
b187 507 208 545 244
b188 175 382 215 419
b189 278 191 290 235
b190 64 119 101 146
b191 153 360 169 394
b192 217 304 265 333
b193 125 234 158 251
b194 287 111 300 139
b195 442 292 455 325
b196 168 419 209 460
b197 249 210 277 247
b198 100 494 148 513
b199 485 154 521 185
b200 281 405 324 442
b201 419 109 448 135
b202 467 455 501 494
b203 0 342 28 357
b204 131 281 172 314
b205 362 313 383 328
b206 0 240 42 275
b207 348 328 381 356
b208 98 234 125 254
b209 385 43 421 88
b210 446 325 459 349
b211 377 226 389 242
b212 175 302 217 323
b213 321 149 335 181
b214 445 428 472 445
b215 215 399 244 420
b216 222 348 264 367
b217 13 0 33 48
b218 222 333 265 348
b219 428 27 456 45
b220 403 478 440 508
b221 0 287 45 300
b222 224 112 249 146
b223 184 52 203 74
b224 153 460 198 481
b225 421 45 459 92
b226 386 510 402 549
b227 375 88 407 101
b228 426 328 446 349
b229 103 0 151 24
b230 380 137 410 170
b231 248 247 278 263
b232 0 300 23 342
b233 297 392 313 405
b234 261 470 279 503
b235 153 314 175 360
b236 234 470 261 509
b237 175 323 196 363
b238 428 0 467 27
b239 33 141 55 181
b240 311 231 334 250
b241 0 357 24 370
b242 335 126 375 148
b243 324 435 358 472
b244 335 160 372 173
b245 522 121 558 145
b246 521 145 544 189
b247 279 442 315 481
b248 0 434 43 465
b249 33 488 60 523
b250 108 66 142 97
b251 340 252 374 295
b252 297 373 325 392
b253 265 308 278 323
b254 204 152 217 176
b255 106 314 153 353
b256 0 520 13 541
b257 185 244 202 277
b258 162 509 196 553
b259 374 252 386 278
b260 290 222 309 234
b261 335 148 380 160
b262 403 508 430 556
b263 261 504 307 551
b264 158 196 181 241
b265 188 188 233 203
b266 410 137 458 182
b267 366 187 400 226
b268 324 412 349 434
b269 206 115 224 152
b270 102 459 125 474
b271 244 399 268 441
b272 125 459 149 494
b273 349 401 379 422
b274 91 33 112 66
b275 146 253 168 281
b276 407 356 421 387
b277 188 176 235 188
b278 13 88 26 130
b279 0 395 43 434
b280 33 119 64 141
b281 489 208 507 238
b282 101 204 145 234
b283 458 169 473 182
b284 301 0 331 21
b285 0 0 13 33
b286 63 513 99 554
b287 461 90 482 132
b288 485 126 521 154
b289 151 0 184 37
b290 305 149 321 176
b291 63 0 91 43
b292 478 416 502 455
b293 377 0 396 43
b294 181 203 198 229
b295 268 399 281 442
b296 13 520 29 547
b297 148 37 179 75
b298 507 282 547 315
b299 13 130 26 143
