313340.75
424181.5
202500
450 450
65.767851
b0 47 215 63 251
b1 283 143 322 162
b2 0 0 35 41
b3 343 104 361 151
b4 12 370 38 402
b5 347 250 382 281
b6 322 138 335 167
b7 47 174 75 195
b8 208 371 240 386
b9 157 340 203 374
b10 208 294 240 339
b11 281 34 295 70
b12 230 0 266 42
b13 0 112 45 160
b14 248 435 273 450
b15 176 249 222 294
b16 347 213 365 235
b17 395 218 428 244
b18 0 160 19 194
b19 132 115 144 145
b20 313 294 346 322
b21 157 129 201 168
b22 312 0 338 39
b23 361 109 401 134
b24 281 86 306 101
b25 245 97 281 133
b26 208 386 233 429
b27 47 279 81 294
b28 245 133 283 179
b29 120 0 132 37
b30 47 157 74 174
b31 157 202 194 218
b32 134 252 157 284
b33 255 201 273 237
b34 112 129 131 167
b35 215 0 230 33
b36 428 263 440 291
b37 75 139 96 155
b38 132 89 165 115
b39 283 252 313 294
b40 338 0 379 28
b41 0 194 16 210
b42 373 34 392 78
b43 98 299 138 333
b44 222 215 238 242
b45 215 33 229 70
b46 306 89 354 104
b47 347 316 361 339
b48 426 188 450 214
b49 45 108 85 139
b50 295 44 328 86
b51 20 160 47 208
b52 171 294 208 321
b53 310 398 327 416
b54 109 195 125 238
b55 85 70 131 83
b56 131 203 153 228
b57 235 182 283 201
b58 157 252 176 293
b59 63 195 109 241
b60 135 411 165 446
b61 165 96 199 129
b62 328 52 373 89
b63 273 201 288 236
b64 110 336 157 384
b65 393 188 426 218
b66 335 169 366 200
b67 392 34 429 78
b68 338 28 373 52
b69 288 198 307 236
b70 20 208 34 244
b71 401 309 443 343
b72 266 0 299 34
b73 38 370 56 408
b74 335 151 364 169
b75 166 218 189 245
b76 388 134 400 148
b77 110 384 126 408
b78 392 78 435 104
b79 347 297 384 316
b80 354 89 369 103
b81 312 378 344 398
b82 88 0 120 33
b83 138 284 157 321
b84 178 0 215 43
b85 233 387 270 435
b86 344 379 368 403
b87 395 244 440 263
b88 85 83 128 111
b89 12 270 47 282
b90 0 246 45 270
b91 52 294 96 322
b92 240 320 264 362
b93 0 66 43 87
b94 138 321 154 336
b95 98 250 134 275
b96 268 316 313 341
b97 307 167 335 192
b98 240 362 266 378
b99 103 408 123 445
b100 368 379 395 404
b101 270 387 310 435
b102 47 254 85 279
b103 208 339 240 371
b104 254 58 279 94
b105 56 363 87 405
b106 352 404 386 443
b107 222 242 238 287
b108 360 340 393 352
b109 199 102 211 124
b110 87 363 110 407
b111 229 42 242 60
b112 85 111 131 129
b113 240 254 283 282
b114 374 183 393 222
b115 366 153 403 183
b116 386 404 423 446
b117 12 313 49 337
b118 35 0 70 39
b119 283 162 307 198
b120 157 374 202 389
b121 401 343 446 375
b122 165 411 208 441
b123 63 241 98 254
b124 335 200 374 213
b125 47 139 75 157
b126 240 282 268 320
b127 125 228 149 250
b128 327 403 352 439
b129 384 263 428 309
b130 201 137 245 182
b131 0 210 20 246
b132 302 104 318 142
b133 47 39 61 51
b134 70 33 99 49
b135 313 351 350 366
b136 364 134 388 153
b137 70 0 88 22
b138 283 294 313 316
b139 313 263 346 294
b140 31 41 47 53
b141 318 104 343 138
b142 355 352 401 379
b143 268 341 312 387
b144 313 322 338 351
b145 379 0 424 34
b146 201 182 235 215
b147 123 408 135 439
b148 238 201 255 226
b149 135 384 157 406
b150 365 222 395 235
b151 254 42 281 58
b152 99 37 132 70
b153 208 435 248 447
b154 12 408 56 450
b155 347 339 360 351
b156 283 101 302 143
b157 313 366 355 378
b158 238 226 255 254
b159 98 275 134 299
b160 36 96 72 108
b161 373 78 392 109
b162 307 214 337 226
b163 132 0 178 47
b164 202 70 229 102
b165 12 337 53 370
b166 0 270 12 306
b167 157 293 171 340
b168 229 60 254 97
b169 75 167 121 195
b170 157 389 202 411
b171 211 102 245 137
b172 0 41 31 66
b173 423 146 445 188
b174 403 146 423 171
b175 154 218 166 252
b176 347 281 367 297
b177 178 43 199 74
b178 47 195 63 215
b179 53 322 98 363
b180 189 230 210 249
b181 347 235 389 250
b182 189 218 222 230
b183 96 129 112 166
b184 32 294 52 313
b185 299 0 312 44
b186 144 115 157 163
b187 178 74 202 96
b188 361 316 401 340
b189 12 282 32 313
b190 313 226 347 263
b191 401 104 438 146
b192 307 192 335 214
b193 43 53 85 96
b194 132 47 175 89
b195 0 87 36 112
b196 273 236 312 252
b197 56 407 103 442
b198 132 163 154 203
b199 157 168 197 202
