450145.25
587252.5
313038
558 561
163.371945
b0 282 276 297 303
b1 335 227 362 243
b2 406 288 432 310
b3 0 59 21 104
b4 369 423 414 463
b5 0 104 16 130
b6 423 403 461 430
b7 354 198 389 227
b8 135 291 171 312
b9 63 94 107 119
b10 317 366 348 381
b11 442 430 466 471
b12 317 293 336 310
b13 176 291 209 339
b14 328 28 372 49
b15 221 327 236 361
b16 0 474 45 516
b17 317 325 354 366
b18 62 131 106 174
b19 21 134 57 157
b20 256 471 269 488
b21 83 184 127 212
b22 467 66 502 95
b23 299 514 316 554
b24 117 284 135 308
b25 459 37 502 66
b26 252 198 270 225
b27 517 122 557 160
b28 76 314 100 326
b29 511 429 540 459
b30 151 263 171 291
b31 129 206 161 242
b32 456 165 478 184
b33 466 412 511 458
b34 396 33 425 45
b35 276 245 288 271
b36 248 241 275 271
b37 170 158 199 170
b38 189 209 210 228
b39 317 429 329 442
b40 170 362 217 381
b41 372 25 391 61
b42 123 444 169 469
b43 62 174 83 213
b44 21 110 48 134
b45 276 25 300 50
b46 0 40 13 59
b47 432 307 472 349
b48 425 45 459 73
b49 469 129 517 153
b50 356 514 375 528
b51 194 277 210 291
b52 78 484 115 502
b53 329 437 365 449
b54 256 441 290 471
b55 0 181 26 212
b56 423 134 469 165
b57 349 150 396 198
b58 278 0 303 25
b59 123 513 170 551
b60 107 97 146 113
b61 424 349 469 380
b62 255 334 301 370
b63 210 203 246 249
b64 408 390 423 423
b65 215 381 228 404
b66 78 394 123 436
b67 270 50 303 64
b68 429 0 457 45
b69 209 131 245 158
b70 76 502 121 518
b71 270 64 302 98
b72 205 72 237 87
b73 117 212 129 258
b74 70 0 113 34
b75 336 256 373 276
b76 517 160 556 196
b77 354 313 372 353
b78 0 414 42 430
b79 303 0 328 40
b80 0 516 36 531
b81 169 438 184 470
b82 107 113 146 137
b83 172 470 213 507
b84 63 518 97 556
b85 34 249 77 283
b86 78 355 122 394
b87 204 158 252 203
b88 205 87 234 131
b89 21 90 63 110
b90 309 171 333 217
b91 141 47 162 90
b92 508 196 555 241
b93 287 370 307 394
b94 113 0 132 31
b95 457 0 501 37
b96 355 377 388 423
b97 301 316 316 356
b98 472 363 507 376
b99 208 55 248 72
b100 21 45 65 90
b101 370 277 406 307
b102 213 516 253 552
b103 201 404 235 438
b104 335 160 349 202
b105 170 101 205 134
b106 328 16 361 28
b107 62 213 94 228
b108 472 290 510 327
b109 252 152 294 198
b110 208 0 250 39
b111 0 240 21 253
b112 256 488 286 513
b113 355 353 391 377
b114 461 95 505 129
b115 248 48 270 82
b116 76 326 95 354
b117 508 363 547 384
b118 510 241 554 279
b119 21 0 49 45
b120 472 376 508 412
b121 210 249 248 283
b122 399 473 442 493
b123 0 339 36 362
b124 184 438 219 469
b125 271 396 317 438
b126 54 325 76 337
b127 0 389 43 414
b128 34 199 62 243
b129 421 207 455 229
b130 502 59 532 85
b131 78 436 123 484
b132 39 354 78 372
b133 286 109 329 124
b134 219 469 253 516
b135 294 171 309 216
b136 317 313 354 325
b137 0 212 21 240
b138 34 157 62 199
b139 372 310 408 347
b140 409 195 452 207
b141 377 61 396 106
b142 396 153 423 190
b143 367 0 391 25
b144 466 458 481 498
b145 170 381 215 394
b146 373 229 406 277
b147 445 501 487 531
b148 189 228 209 246
b149 425 229 472 251
b150 455 195 478 226
b151 45 425 63 467
b152 208 39 227 55
b153 404 526 445 556
b154 406 271 428 288
b155 137 348 162 362
b156 270 98 286 126
b157 388 390 408 415
b158 171 277 194 290
b159 417 88 461 120
b160 152 157 168 184
b161 253 514 299 561
b162 277 303 295 334
b163 129 184 162 206
b164 234 87 270 128
b165 445 471 466 488
b166 0 257 34 293
b167 463 254 500 290
b168 294 217 335 241
b169 408 310 432 349
b170 511 384 540 429
b171 77 249 117 271
b172 375 546 402 559
b173 145 0 170 32
b174 239 310 255 353
b175 94 212 109 228
b176 391 0 429 33
b177 100 314 137 355
b178 146 101 163 120
b179 162 33 208 67
b180 297 276 316 316
b181 286 486 316 514
b182 122 362 167 386
b183 399 493 438 526
b184 106 159 152 184
b185 294 144 328 171
b186 0 443 33 474
b187 472 327 510 363
b188 505 85 545 122
b189 63 119 107 131
b190 210 283 247 310
b191 136 386 170 402
b192 478 153 507 201
b193 170 0 187 33
b194 288 263 316 276
b195 112 34 145 47
b196 13 298 54 339
b197 219 441 256 469
b198 317 381 336 429
b199 353 119 389 150
b200 77 271 114 314
b201 250 19 276 48
b202 107 58 141 97
b203 157 470 172 498
b204 391 349 424 390
b205 34 283 55 298
b206 481 459 516 501
b207 396 45 424 78
b208 356 494 383 514
b209 235 396 271 441
b210 21 157 34 181
b211 396 78 408 94
b212 49 0 70 42
b213 417 120 449 134
b214 396 136 423 153
b215 55 283 76 312
b216 406 229 425 271
b217 287 124 335 144
b218 424 73 467 88
b219 335 119 353 147
b220 170 507 207 537
b221 123 386 136 431
b222 117 259 151 284
b223 217 362 239 381
b224 62 228 107 249
b225 339 72 377 119
b226 328 0 367 16
b227 502 0 534 13
b228 383 526 404 546
b229 239 372 287 396
b230 423 165 456 195
b231 246 225 276 241
b232 424 380 466 403
b233 333 147 349 160
b234 425 251 458 269
b235 255 287 277 333
b236 0 362 39 389
b237 0 0 21 40
b238 162 209 189 248
b239 107 137 147 159
b240 335 202 354 225
b241 0 306 13 330
b242 294 241 334 263
b243 336 276 370 313
b244 335 243 372 256
b245 303 40 327 76
b246 328 49 372 72
b247 137 312 176 348
b248 316 528 359 559
b249 36 516 63 551
b250 365 463 399 494
b251 162 67 205 101
b252 250 0 278 19
b253 55 312 70 325
b254 39 372 63 385
b255 510 279 557 318
b256 45 467 66 480
b257 129 242 162 259
b258 123 469 157 513
b259 275 126 287 152
b260 239 353 251 372
b261 21 212 33 257
b262 290 438 317 486
b263 502 13 549 59
b264 176 339 221 362
b265 162 248 207 263
b266 510 318 558 363
b267 170 170 204 209
b268 396 207 421 229
b269 152 120 170 157
b270 36 339 59 354
b271 70 34 112 58
b272 97 518 121 553
b273 245 128 275 149
b274 0 130 21 163
b275 170 416 198 438
b276 171 263 202 277
b277 276 198 288 245
b278 136 402 149 444
b279 317 479 356 522
b280 170 394 201 416
b281 317 263 335 293
b282 317 449 361 479
b283 396 190 409 205
b284 478 201 508 222
b285 336 424 369 437
b286 65 58 106 94
b287 396 94 417 136
b288 472 226 508 254
b289 302 76 339 109
b290 255 271 282 287
b291 414 430 442 473
b292 170 134 209 158
b293 336 381 355 424
b294 210 310 236 327
b295 0 430 43 443
b296 0 531 27 547
b297 432 269 463 307
b298 43 385 76 425
b299 0 293 13 306
