2014091.75
3078223.5
949960
254 3740
935.226136
b0 142 270 169 285
b1 147 438 174 454
b2 130 2185 152 2211
b3 74 3090 95 3135
b4 101 3321 141 3366
b5 84 0 100 26
b6 46 0 84 27
b7 58 2541 93 2570
b8 84 803 105 839
b9 171 454 215 479
b10 126 2572 141 2603
b11 212 735 253 759
b12 58 2668 75 2687
b13 93 2572 126 2620
b14 110 2309 154 2330
b15 205 203 239 218
b16 186 978 231 1020
b17 136 1117 177 1154
b18 108 2410 151 2454
b19 145 750 181 773
b20 150 1447 163 1464
b21 46 3090 74 3134
b22 54 2214 89 2243
b23 181 1187 221 1204
b24 100 0 118 24
b25 143 1734 172 1777
b26 157 625 184 643
b27 105 2639 143 2679
b28 36 3580 60 3592
b29 54 2469 83 2499
b30 0 3439 20 3467
b31 96 2273 128 2309
b32 157 1513 176 1535
b33 70 3366 115 3412
b34 171 479 200 491
b35 58 2687 70 2713
b36 152 129 179 159
b37 94 1357 106 1386
b38 105 2620 126 2639
b39 96 2450 108 2463
b40 152 82 171 129
b41 46 2067 82 2086
b42 170 1020 216 1045
b43 54 2520 93 2541
b44 127 1825 154 1849
b45 94 1661 118 1686
b46 150 2454 169 2467
b47 54 2174 96 2214
b48 88 2946 116 2980
b49 118 270 142 318
b50 144 1362 163 1376
b51 84 1016 98 1032
b52 82 2111 119 2129
b53 137 159 173 171
b54 94 3412 124 3446
b55 35 3632 61 3663
b56 127 1794 173 1825
b57 58 2620 105 2668
b58 115 3366 140 3391
b59 207 18 254 56
b60 154 2233 193 2249
b61 70 3314 101 3359
b62 52 2721 98 2757
b63 171 82 207 128
b64 61 2052 94 2067
b65 143 876 156 899
b66 46 2129 88 2174
b67 127 1889 141 1922
b68 111 1178 139 1223
b69 33 3553 69 3580
b70 0 3491 16 3536
b71 173 159 207 191
b72 22 2174 54 2189
b73 82 1912 94 1958
b74 152 1643 195 1677
b75 82 1875 102 1912
b76 124 553 163 589
b77 132 1495 172 1513
b78 163 572 205 588
b79 142 347 182 372
b80 46 1357 82 1372
b81 152 0 167 32
b82 118 491 157 515
b83 177 889 214 930
b84 100 765 134 803
b85 124 1279 158 1322
b86 82 2067 121 2111
b87 82 1806 127 1854
b88 118 404 147 448
b89 150 983 170 1025
b90 111 1154 157 1178
b91 0 3719 43 3740
b92 104 2854 149 2901
b93 0 3467 20 3491
b94 22 2884 53 2903
b95 100 707 144 744
b96 123 2371 169 2404
b97 20 3663 60 3678
b98 137 1447 150 1482
b99 84 1279 124 1296
b100 171 1045 215 1090
b101 179 840 209 876
b102 95 3024 135 3060
b103 147 404 181 438
b104 67 3531 109 3545
b105 157 1154 192 1187
b106 118 448 130 481
b107 106 1558 138 1573
b108 33 3411 70 3449
b109 52 2804 94 2850
b110 121 2040 160 2082
b111 109 2129 122 2150
b112 22 2565 52 2590
b113 22 2541 58 2565
b114 96 2185 130 2229
b115 33 3531 67 3553
b116 143 857 171 876
b117 106 1604 145 1625
b118 31 3263 75 3301
b119 111 1513 139 1558
b120 165 665 201 701
b121 118 1661 152 1699
b122 105 1922 148 1942
b123 106 1625 129 1661
b124 118 1699 149 1734
b125 75 2679 121 2721
b126 46 2086 68 2098
b127 167 39 192 82
b128 171 513 215 541
b129 138 2499 172 2521
b130 82 1989 112 2015
b131 46 3218 94 3263
b132 101 3282 119 3321
b133 137 0 152 43
b134 143 810 177 857
b135 93 2520 138 2535
b136 173 191 210 203
b137 61 1372 82 1400
b138 137 242 179 270
b139 93 2535 129 2572
b140 60 3580 72 3623
b141 137 171 156 216
b142 144 1410 171 1447
b143 133 638 157 663
b144 89 2410 104 2450
b145 73 3024 86 3069
b146 173 1693 221 1726
b147 84 1296 114 1338
b148 16 3699 34 3719
b149 53 2850 100 2872
b150 82 1958 105 1989
b151 0 80 18 122
b152 127 1767 143 1786
b153 22 2925 63 2955
b154 143 1777 165 1794
b155 201 800 226 814
b156 33 3449 61 3465
b157 53 2872 73 2897
b158 127 1223 150 1236
b159 142 372 186 404
b160 84 1000 111 1016
b161 52 2757 98 2804
b162 194 0 225 18
b163 157 2082 190 2104
b164 149 1849 185 1890
b165 229 854 250 871
b166 124 589 158 625
b167 143 773 179 810
b168 199 759 223 800
b169 100 515 124 554
b170 88 2901 117 2946
b171 220 814 242 854
b172 46 2991 73 3004
b173 111 1000 136 1032
b174 182 347 225 363
b175 46 1372 61 1388
b176 105 2980 138 3018
b177 89 3181 130 3218
b178 94 1338 111 1357
b179 0 0 46 34
b180 18 3371 37 3411
b181 53 2897 83 2925
b182 104 2830 149 2854
b183 61 3449 94 3488
b184 149 2757 195 2782
b185 221 1020 248 1054
b186 119 3218 150 3251
b187 169 270 205 308
b188 144 1322 181 1362
b189 136 2136 180 2148
b190 122 2109 159 2136
b191 200 479 216 513
b192 163 1362 192 1410
b193 138 1052 171 1069
b194 18 2998 46 3011
b195 46 2978 79 2991
b196 152 2148 193 2189
b197 184 588 221 616
b198 46 1338 94 1357
b199 181 404 212 440
b200 61 2015 104 2052
b201 79 2980 105 3009
b202 89 2371 123 2410
b203 20 3605 35 3633
b204 83 2487 124 2520
b205 79 3009 100 3024
b206 98 1244 140 1279
b207 0 3411 33 3439
b208 109 2150 136 2170
b209 119 2721 164 2757
b210 94 1686 107 1710
b211 20 3580 36 3592
b212 111 1387 132 1429
b213 133 665 165 679
b214 163 1090 180 1117
b215 98 1223 127 1244
b216 54 2450 96 2469
b217 179 773 199 821
b218 46 3181 89 3196
b219 98 2757 126 2775
b220 130 454 160 491
b221 102 1875 115 1920
b222 144 725 178 750
b223 179 821 201 840
b224 82 1854 127 1875
b225 124 515 171 553
b226 172 1677 211 1693
b227 18 3011 31 3043
b228 215 378 236 398
b229 228 218 252 266
b230 107 1734 137 1767
b231 70 3412 86 3442
b232 46 2955 88 2978
b233 129 2535 145 2548
b234 105 947 138 965
b235 0 34 22 80
b236 167 0 194 39
b237 36 3592 57 3632
b238 94 1767 121 1806
b239 130 2211 170 2233
b240 163 553 186 572
b241 199 735 212 759
b242 127 1849 149 1889
b243 138 1570 175 1604
b244 63 3301 100 3314
b245 100 2806 136 2830
b246 96 2229 119 2273
b247 150 944 186 983
b248 98 2775 141 2806
b249 122 2082 157 2109
b250 22 2850 53 2884
b251 186 944 229 978
b252 118 0 137 28
b253 20 3592 35 3605
b254 137 1482 161 1495
b255 145 1604 192 1643
b256 89 2309 110 2322
b257 119 2233 136 2266
b258 181 701 225 735
b259 111 1375 137 1387
b260 138 1558 157 1570
b261 138 2454 150 2499
b262 136 1069 163 1117
b263 74 3135 121 3181
b264 18 3348 63 3371
b265 100 750 145 765
b266 105 899 150 947
b267 169 308 203 347
b268 104 2015 126 2040
b269 144 707 181 725
b270 109 2170 132 2185
b271 96 2463 138 2487
b272 105 965 129 1000
b273 98 2721 119 2751
b274 20 3678 53 3699
b275 133 679 155 707
b276 171 930 202 944
b277 31 3301 43 3348
b278 96 2129 109 2171
b279 61 3488 100 3531
b280 157 643 188 665
b281 60 3663 90 3681
b282 117 2901 161 2931
b283 215 363 228 378
b284 186 541 216 562
b285 68 2086 81 2119
b286 110 2330 146 2371
b287 46 3069 88 3090
b288 181 1204 209 1240
b289 111 1338 144 1375
b290 88 2872 104 2899
b291 18 2955 46 2998
b292 156 203 180 242
b293 75 3263 118 3282
b294 158 589 175 615
b295 177 876 220 889
b296 150 1025 166 1052
b297 105 803 143 834
b298 100 638 133 678
b299 124 625 137 638
