547898.8378906
574180.5
311364
558 558
606.339833
b0 355 74 370 101
b1 219 398 246 414
b2 435 134 457 160
b3 422 287 467 308
b4 398 0 438 45
b5 72 270 98 286
b6 343 290 381 317
b7 233 433 262 468
b8 329 194 365 215
b9 43 437 68 481
b10 152 154 167 185
b11 481 237 505 278
b12 462 194 479 213
b13 427 196 460 244
b14 299 508 320 552
b15 262 180 277 214
b16 0 286 42 331
b17 460 71 501 108
b18 175 388 219 431
b19 146 351 182 374
b20 262 260 275 277
b21 454 43 498 71
b22 330 0 365 29
b23 49 65 66 105
b24 420 406 444 424
b25 219 369 262 398
b26 262 365 280 392
b27 167 107 207 145
b28 226 183 238 207
b29 343 317 373 346
b30 280 365 300 393
b31 353 412 389 444
b32 42 286 64 305
b33 420 308 465 354
b34 432 478 444 507
b35 491 420 517 432
b36 85 37 112 67
b37 275 260 287 289
b38 254 129 273 150
b39 214 183 226 196
b40 149 459 196 478
b41 149 492 185 511
b42 0 344 46 369
b43 508 116 547 137
b44 0 460 27 484
b45 127 0 152 24
b46 460 213 479 226
b47 517 292 557 334
b48 262 499 296 527
b49 300 42 324 90
b50 254 110 268 129
b51 103 166 117 182
b52 376 54 413 72
b53 335 464 347 500
b54 377 209 411 239
b55 0 182 31 208
b56 355 135 401 166
b57 292 402 340 449
b58 492 312 517 337
b59 114 113 152 160
b60 0 0 16 39
b61 301 251 332 296
b62 416 160 462 196
b63 462 158 508 194
b64 525 420 558 435
b65 340 412 353 435
b66 510 200 555 242
b67 164 66 197 80
b68 391 434 419 479
b69 254 0 290 27
b70 152 35 197 51
b71 183 356 217 388
b72 152 51 184 66
b73 545 334 557 380
b74 43 369 86 403
b75 301 326 321 363
b76 296 472 335 508
b77 112 24 152 42
b78 27 447 43 489
b79 28 261 68 286
b80 0 535 36 550
b81 105 396 137 411
b82 330 68 354 107
b83 413 45 454 82
b84 81 491 119 525
b85 377 352 420 386
b86 508 137 552 176
b87 277 124 322 172
b88 262 393 291 437
b89 234 72 254 114
b90 457 134 503 158
b91 106 224 127 267
b92 99 304 146 349
b93 234 48 254 72
b94 290 0 309 31
b95 28 224 72 261
b96 262 214 295 260
b97 254 73 294 88
b98 420 354 455 367
b99 517 275 557 292
b100 207 115 252 159
b101 489 432 525 462
b102 31 182 67 222
b103 295 172 329 206
b104 149 478 191 492
b105 152 0 185 35
b106 16 104 49 116
b107 0 250 15 282
b108 72 0 110 37
b109 106 182 152 224
b110 262 289 301 331
b111 15 250 28 271
b112 262 437 292 462
b113 233 468 257 504
b114 16 0 50 44
b115 191 504 213 538
b116 228 334 256 353
b117 455 359 494 380
b118 497 382 541 420
b119 444 486 472 531
b120 472 502 508 538
b121 152 185 186 223
b122 377 319 420 339
b123 0 499 23 535
b124 64 286 99 317
b125 254 31 300 73
b126 0 110 12 132
b127 0 400 43 425
b128 68 447 96 491
b129 391 479 413 513
b130 96 447 122 477
b131 183 308 228 356
b132 277 172 295 211
b133 0 39 15 82
b134 99 270 146 304
b135 150 414 165 459
b136 268 110 305 122
b137 186 183 214 204
b138 16 116 44 158
b139 197 19 234 55
b140 152 66 164 109
b141 86 360 105 405
b142 167 145 194 182
b143 197 82 221 107
b144 246 292 261 332
b145 217 356 262 369
b146 152 260 185 308
b147 301 296 343 326
b148 300 90 320 108
b149 426 112 473 134
b150 296 449 327 472
b151 228 292 246 334
b152 164 80 180 99
b153 381 253 422 283
b154 277 527 299 544
b155 69 67 94 81
b156 411 209 427 237
b157 237 231 262 251
b158 72 37 85 60
b159 16 44 48 88
b160 192 204 219 220
b161 67 120 114 166
b162 234 504 252 535
b163 105 349 138 371
b164 457 0 493 41
b165 376 37 397 54
b166 43 403 79 437
b167 340 346 377 382
b168 237 251 261 292
b169 377 166 416 190
b170 300 206 329 251
b171 0 425 40 447
b172 395 513 422 526
b173 105 371 137 396
b174 370 74 413 90
b175 185 290 200 306
b176 472 462 505 500
b177 114 72 151 113
b178 110 0 127 19
b179 72 224 106 270
b180 505 462 524 502
b181 120 414 150 442
b182 508 176 553 200
b183 330 29 363 68
b184 332 253 378 278
b185 465 312 492 346
b186 0 369 33 400
b187 381 283 419 319
b188 138 374 175 414
b189 365 166 377 210
b190 197 55 234 82
b191 152 223 186 239
b192 389 386 418 434
b193 127 224 144 257
b194 419 478 432 506
b195 420 424 453 437
b196 23 489 64 530
b197 196 455 233 483
b198 185 0 233 19
b199 67 166 103 197
b200 146 308 183 351
b201 481 211 510 237
b202 262 331 301 365
b203 0 82 15 110
b204 322 124 355 165
b205 327 449 348 464
b206 360 514 395 556
b207 420 437 453 465
b208 320 508 347 528
b209 201 220 237 265
b210 453 462 466 486
b211 465 226 481 238
b212 0 208 21 250
b213 378 239 410 253
b214 481 194 508 211
b215 196 483 225 504
b216 321 326 340 368
b217 234 0 254 48
b218 422 244 465 259
b219 498 51 526 69
b220 112 42 149 72
b221 68 491 81 536
b222 401 134 435 159
b223 392 190 414 209
b224 213 504 234 549
b225 501 69 539 116
b226 465 238 481 277
b227 465 346 497 359
b228 49 44 69 65
b229 175 431 223 455
b230 340 382 373 412
b231 185 260 201 290
b232 238 189 261 231
b233 420 465 436 478
b234 422 507 440 540
b235 254 88 300 110
b236 67 197 106 224
b237 152 239 192 260
b238 201 265 228 304
b239 50 0 72 40
b240 223 414 246 433
b241 0 447 24 460
b242 386 112 426 134
b243 262 462 296 499
b244 363 37 376 74
b245 453 419 489 443
b246 44 116 67 160
b247 455 380 491 419
b248 348 483 391 514
b249 81 525 116 552
b250 355 101 386 135
b251 467 278 510 312
b252 453 443 481 462
b253 377 190 392 203
b254 287 260 300 284
b255 67 81 114 120
b256 46 305 59 326
b257 320 107 353 124
b258 46 326 90 360
b259 373 386 385 412
b260 219 207 238 219
b261 152 109 164 154
b262 122 442 149 490
b263 132 512 179 558
b264 329 215 374 238
b265 332 238 377 253
b266 497 337 545 382
b267 301 368 340 402
b268 252 527 277 549
b269 493 0 511 37
b270 0 484 23 499
b271 194 159 236 183
b272 0 158 35 182
b273 238 159 259 189
b274 117 160 150 181
b275 119 490 147 512
b276 498 37 529 51
b277 332 278 379 290
b278 0 331 42 344
b279 348 444 391 483
b280 35 160 66 182
b281 259 150 277 180
b282 416 82 460 112
b283 246 398 261 411
b284 386 90 416 111
b285 221 82 234 115
b286 79 411 120 447
b287 309 0 330 42
b288 329 166 365 194
b289 365 0 398 37
b290 16 88 43 104
b291 422 259 465 287
b292 420 367 444 406
b293 438 0 457 43
b294 180 80 197 106
b295 377 339 420 352
b296 116 525 132 552
b297 525 435 556 473
b298 510 242 550 275
b299 347 514 360 527
