2263986.25
3255004.5
1272968
328 3881
910.884162
b0 87 3208 114 3223
b1 32 2164 59 2180
b2 106 626 128 652
b3 136 2125 157 2170
b4 102 1549 142 1594
b5 38 3819 54 3845
b6 130 985 168 1012
b7 16 3588 51 3617
b8 77 2164 98 2200
b9 43 3711 87 3736
b10 93 1115 108 1146
b11 146 1793 187 1817
b12 106 652 123 671
b13 106 42 139 90
b14 175 1591 219 1612
b15 59 85 93 100
b16 142 1549 187 1591
b17 63 3566 104 3603
b18 16 3426 59 3470
b19 117 1280 153 1303
b20 148 1063 161 1080
b21 87 3603 115 3647
b22 123 1923 158 1952
b23 33 3026 73 3043
b24 91 2434 109 2458
b25 148 2479 177 2522
b26 83 1658 110 1676
b27 93 796 131 836
b28 55 3156 79 3168
b29 80 1761 109 1791
b30 173 422 193 450
b31 0 0 32 36
b32 161 362 180 384
b33 198 1612 243 1658
b34 177 724 206 736
b35 46 1434 58 1460
b36 130 1033 157 1063
b37 75 3127 87 3156
b38 134 3150 155 3169
b39 150 1952 162 1965
b40 76 1244 95 1291
b41 125 1904 161 1923
b42 64 1736 110 1761
b43 135 1322 174 1343
b44 33 2217 60 2241
b45 153 1116 177 1141
b46 205 435 224 448
b47 148 1343 190 1383
b48 239 31 267 65
b49 183 510 207 558
b50 73 1998 92 2012
b51 32 48 46 64
b52 145 0 182 18
b53 106 784 142 796
b54 81 3736 111 3770
b55 89 3050 115 3081
b56 102 2600 148 2631
b57 42 3344 89 3392
b58 111 2204 136 2229
b59 39 3781 86 3819
b60 106 610 145 626
b61 89 3005 120 3050
b62 186 736 232 772
b63 33 2980 69 3026
b64 194 267 227 282
b65 211 660 224 683
b66 39 3736 81 3781
b67 77 2340 91 2373
b68 59 1375 87 1420
b69 237 222 273 249
b70 110 2022 126 2067
b71 141 1084 175 1116
b72 77 2515 109 2530
b73 58 1616 70 1662
b74 164 816 207 850
b75 55 3081 75 3118
b76 102 2663 141 2699
b77 60 2782 100 2800
b78 168 942 210 958
b79 131 2328 171 2353
b80 78 1513 114 1528
b81 145 2801 160 2833
b82 80 2918 119 2942
b83 92 2699 129 2740
b84 55 3043 89 3081
b85 78 3439 112 3482
b86 109 2515 148 2559
b87 42 3202 87 3250
b88 76 1291 105 1335
b89 92 2740 112 2782
b90 102 1470 148 1494
b91 194 246 237 267
b92 217 772 262 819
b93 182 660 202 684
b94 102 1494 133 1513
b95 33 2180 77 2217
b96 282 0 328 33
b97 63 2814 103 2829
b98 58 1581 71 1616
b99 131 850 171 867
b100 109 2434 153 2479
b101 159 1012 189 1048
b102 0 3845 40 3881
b103 108 2400 142 2434
b104 0 3043 42 3057
b105 120 2904 155 2937
b106 173 450 185 483
b107 60 2623 92 2638
b108 93 836 130 874
b109 87 3298 129 3344
b110 106 0 145 42
b111 93 2860 106 2881
b112 128 739 158 764
b113 89 3344 125 3368
b114 147 2860 181 2904
b115 171 897 205 919
b116 78 1528 106 1547
b117 111 2229 150 2250
b118 182 0 226 38
b119 98 2159 126 2204
b120 137 1820 173 1856
b121 167 384 201 422
b122 0 3617 43 3637
b123 183 558 206 594
b124 210 897 241 932
b125 102 1594 148 1636
b126 145 384 167 396
b127 98 2279 123 2322
b128 139 510 183 538
b129 71 1636 105 1658
b130 33 2814 63 2840
b131 32 2119 80 2164
b132 46 1736 64 1775
b133 115 3050 130 3093
b134 108 2353 142 2400
b135 162 1897 207 1912
b136 182 342 219 354
b137 139 438 160 466
b138 226 93 268 121
b139 126 2063 162 2100
b140 162 700 174 743
b141 59 3426 78 3471
b142 167 246 194 283
b143 126 2100 150 2125
b144 102 1377 117 1417
b145 42 3043 55 3088
b146 32 1792 80 1825
b147 63 2829 93 2871
b148 123 764 141 784
b149 16 3536 63 3558
b150 93 1084 116 1115
b151 80 1944 98 1986
b152 145 43 161 62
b153 117 1992 158 2022
b154 153 1591 175 1608
b155 60 2800 85 2814
b156 249 121 277 137
b157 95 3482 115 3507
b158 108 2322 131 2335
b159 109 1761 153 1793
b160 145 422 172 438
b161 171 850 217 897
b162 77 2322 108 2340
b163 131 796 164 818
b164 126 2022 162 2063
b165 46 1775 67 1792
b166 114 1513 148 1549
b167 155 2170 191 2207
b168 225 121 249 162
b169 131 2289 155 2328
b170 84 3521 113 3566
b171 164 776 186 816
b172 193 422 220 435
b173 115 2631 140 2663
b174 89 3093 132 3109
b175 46 1662 61 1678
b176 184 283 217 321
b177 32 1825 73 1862
b178 167 283 184 302
b179 61 2946 107 2980
b180 102 1430 121 1470
b181 115 3368 145 3396
b182 103 2836 148 2860
b183 108 1115 141 1154
b184 69 2980 115 3005
b185 42 3392 69 3426
b186 175 594 206 627
b187 65 2081 101 2119
b188 59 1335 96 1375
b189 73 1986 117 1998
b190 109 1793 146 1820
b191 0 3057 16 3091
b192 108 3225 137 3273
b193 114 3208 147 3225
b194 33 2840 61 2853
b195 102 1417 135 1430
b196 77 2559 118 2600
b197 61 1708 98 1736
b198 100 2782 148 2801
b199 95 1244 126 1280
b200 80 1907 123 1944
b201 98 2250 124 2279
b202 59 46 93 85
b203 265 65 280 93
b204 177 2207 218 2240
b205 59 3521 80 3536
b206 103 2801 145 2836
b207 32 1862 65 1890
b208 73 2025 100 2045
b209 65 2045 110 2081
b210 93 874 106 898
b211 148 2522 164 2534
b212 96 1335 117 1377
b213 46 1420 78 1434
b214 92 1998 109 2025
b215 130 1012 159 1033
b216 165 2904 207 2923
b217 139 562 159 610
b218 168 958 211 973
b219 16 3558 44 3576
b220 80 3674 110 3711
b221 87 3223 100 3268
b222 177 699 211 724
b223 93 1173 115 1192
b224 42 3181 87 3202
b225 213 184 260 222
b226 226 65 265 81
b227 182 627 195 659
b228 161 342 182 362
b229 78 1455 102 1503
b230 195 627 225 660
b231 44 3558 60 3588
b232 60 2600 102 2623
b233 55 3168 71 3181
b234 0 2180 33 2198
b235 61 1662 83 1708
b236 109 1820 136 1859
b237 80 2119 101 2159
b238 120 2860 147 2899
b239 225 162 265 184
b240 117 1303 140 1322
b241 102 2631 115 2655
b242 162 1912 184 1952
b243 145 627 182 661
b244 43 3647 80 3660
b245 139 538 175 562
b246 93 1200 116 1244
b247 59 3482 95 3521
b248 239 0 282 31
b249 112 3109 147 3136
b250 182 72 213 106
b251 182 38 225 72
b252 61 2918 80 2946
b253 79 3156 94 3169
b254 153 1612 177 1625
b255 87 3169 134 3208
b256 63 3536 84 3549
b257 59 100 76 133
b258 58 1547 102 1581
b259 160 498 186 510
b260 142 2353 161 2365
b261 125 1859 137 1904
b262 32 0 59 48
b263 59 0 106 46
b264 131 919 176 942
b265 160 483 205 498
b266 80 1859 125 1907
b267 128 700 162 739
b268 145 18 167 43
b269 75 3109 112 3127
b270 175 684 198 699
b271 182 222 224 246
b272 78 1420 102 1455
b273 87 3268 108 3298
b274 167 321 200 342
b275 90 3368 112 3396
b276 134 3136 165 3150
b277 78 3392 90 3439
b278 226 0 239 42
b279 0 3637 39 3680
b280 176 919 207 941
b281 145 682 175 700
b282 43 3617 87 3647
b283 160 438 173 453
b284 145 661 175 682
b285 164 743 177 776
b286 162 1856 198 1897
b287 106 1063 148 1084
b288 91 2479 119 2515
b289 63 2881 96 2918
b290 115 1173 131 1200
b291 131 942 159 985
b292 124 2250 148 2289
b293 108 1154 151 1173
b294 129 2699 146 2725
b295 207 448 250 461
b296 87 3647 103 3674
b297 0 3680 38 3711
b298 117 1952 150 1992
b299 98 2204 111 2217
