548453.2265625
574423.5
314721
561 561
113.121651
b0 242 237 257 264
b1 191 183 207 210
b2 194 87 220 109
b3 481 203 526 224
b4 359 402 399 447
b5 134 103 160 119
b6 222 77 260 104
b7 257 224 286 259
b8 213 186 234 222
b9 130 512 155 556
b10 459 73 490 88
b11 0 327 41 351
b12 172 113 191 130
b13 264 259 312 292
b14 403 0 424 44
b15 168 463 202 478
b16 0 175 45 217
b17 440 179 481 216
b18 253 451 297 494
b19 230 477 253 513
b20 243 340 260 353
b21 145 54 189 82
b22 463 257 498 286
b23 376 338 416 355
b24 337 216 361 234
b25 18 217 47 260
b26 447 286 474 304
b27 480 317 518 357
b28 48 165 72 177
b29 144 152 174 181
b30 187 237 207 265
b31 239 0 275 32
b32 332 118 351 140
b33 265 325 311 370
b34 331 0 343 29
b35 387 103 399 129
b36 310 488 340 515
b37 468 341 480 370
b38 41 329 62 348
b39 151 242 164 254
b40 146 457 165 504
b41 92 459 111 495
b42 202 419 227 465
b43 337 234 358 273
b44 38 434 65 458
b45 243 296 267 321
b46 405 235 418 254
b47 335 140 377 180
b48 193 478 227 506
b49 477 293 525 317
b50 47 93 66 107
b51 338 309 354 323
b52 287 41 324 59
b53 230 296 242 332
b54 230 266 264 296
b55 41 303 72 329
b56 193 0 239 31
b57 481 156 529 203
b58 510 373 535 398
b59 0 438 38 485
b60 358 279 374 318
b61 265 494 310 525
b62 265 370 311 406
b63 287 183 333 219
b64 408 455 423 488
b65 230 375 243 398
b66 464 394 509 436
b67 321 140 335 173
b68 403 44 448 72
b69 498 257 525 293
b70 401 254 417 299
b71 367 69 399 103
b72 140 310 155 342
b73 144 183 190 195
b74 45 527 88 561
b75 354 355 391 375
b76 439 143 478 179
b77 416 338 434 378
b78 60 224 102 240
b79 126 388 166 413
b80 91 297 106 333
b81 60 280 92 295
b82 343 46 367 85
b83 304 59 341 100
b84 191 515 229 549
b85 420 249 463 283
b86 511 114 555 153
b87 264 406 312 451
b88 324 325 353 369
b89 460 436 480 478
b90 343 0 367 46
b91 106 0 149 21
b92 260 104 307 149
b93 400 100 420 124
b94 210 266 229 297
b95 89 366 126 410
b96 312 276 358 309
b97 0 351 40 366
b98 286 219 299 254
b99 377 163 417 180
b100 480 438 525 482
b101 448 491 478 527
b102 61 188 101 224
b103 287 149 321 183
b104 13 0 55 14
b105 102 225 137 258
b106 275 0 287 33
b107 0 423 32 438
b108 439 304 477 341
b109 103 54 145 100
b110 102 186 144 225
b111 145 82 158 103
b112 121 258 151 283
b113 194 308 230 332
b114 168 419 202 463
b115 111 490 145 512
b116 194 109 222 128
b117 48 144 87 165
b118 466 88 510 126
b119 172 344 217 372
b120 151 274 187 310
b121 311 369 349 403
b122 106 21 149 41
b123 0 400 36 423
b124 111 459 146 490
b125 420 101 466 143
b126 253 494 265 516
b127 41 483 66 526
b128 168 372 196 416
b129 448 38 470 72
b130 30 260 60 286
b131 372 488 417 536
b132 287 23 326 41
b133 365 447 408 462
b134 196 372 230 419
b135 55 27 100 42
b136 160 113 172 150
b137 40 351 61 379
b138 296 527 338 555
b139 234 188 271 224
b140 230 332 242 375
b141 358 234 377 279
b142 529 198 556 235
b143 362 103 387 127
b144 74 367 89 407
b145 127 283 140 328
b146 420 216 468 249
b147 126 358 168 388
b148 0 245 18 265
b149 446 0 493 22
b150 340 486 371 509
b151 357 536 399 554
b152 0 33 16 52
b153 0 145 41 175
b154 172 327 194 344
b155 55 42 80 56
b156 419 283 447 299
b157 307 100 332 120
b158 89 165 102 188
b159 136 413 168 457
b160 448 22 475 38
b161 312 403 359 449
b162 151 256 182 274
b163 354 318 376 351
b164 377 199 418 235
b165 355 509 372 530
b166 0 366 36 400
b167 423 455 460 491
b168 475 22 516 46
b169 97 258 121 297
b170 239 32 268 77
b171 36 379 58 419
b172 164 195 191 208
b173 38 458 70 483
b174 376 293 392 336
b175 155 327 171 342
b176 367 31 400 69
b177 48 107 89 144
b178 13 14 32 31
b179 69 56 103 102
b180 480 482 520 501
b181 0 278 30 306
b182 529 153 553 198
b183 468 224 507 257
b184 391 355 416 401
b185 470 46 504 73
b186 16 31 49 62
b187 519 317 555 355
b188 60 240 97 280
b189 80 42 124 54
b190 354 375 391 402
b191 230 443 246 477
b192 416 378 464 407
b193 134 119 151 152
b194 326 29 339 57
b195 311 325 324 358
b196 0 485 41 526
b197 165 478 193 515
b198 72 295 91 343
b199 367 0 403 31
b200 297 451 340 488
b201 433 72 459 101
b202 174 149 213 183
b203 0 217 15 245
b204 267 292 308 325
b205 151 342 172 357
b206 207 224 242 266
b207 400 72 433 100
b208 184 210 204 237
b209 268 59 304 104
b210 324 252 337 276
b211 312 252 324 268
b212 0 539 42 560
b213 333 180 365 194
b214 493 0 520 17
b215 0 306 29 327
b216 377 180 419 199
b217 164 208 184 256
b218 213 143 228 186
b219 16 62 44 80
b220 416 407 453 437
b221 0 526 45 539
b222 228 104 253 138
b223 243 321 265 340
b224 106 297 127 342
b225 0 80 47 118
b226 480 357 519 373
b227 47 220 60 252
b228 420 186 440 207
b229 65 409 89 457
b230 478 126 511 156
b231 308 309 338 325
b232 187 266 210 308
b233 361 216 377 229
b234 507 224 525 257
b235 243 353 265 399
b236 257 525 296 552
b237 66 487 87 527
b238 516 17 555 44
b239 337 194 377 216
b240 75 343 94 366
b241 62 343 75 367
b242 424 0 446 40
b243 434 341 468 378
b244 124 41 161 54
b245 365 462 401 486
b246 287 0 331 23
b247 525 235 561 274
b248 511 83 554 114
b249 230 516 257 551
b250 160 82 194 113
b251 377 129 420 163
b252 377 235 405 254
b253 204 128 217 143
b254 0 265 24 278
b255 392 299 439 338
b256 191 128 204 149
b257 155 310 188 327
b258 230 399 264 443
b259 275 33 287 59
b260 338 530 357 542
b261 310 515 355 527
b262 0 118 48 145
b263 89 413 136 459
b264 228 138 251 183
b265 89 150 134 165
b266 89 102 134 150
b267 253 149 287 188
b268 340 449 365 471
b269 416 437 453 455
b270 36 419 59 434
b271 88 512 130 536
b272 55 0 90 24
b273 94 342 124 363
b274 161 31 194 52
b275 70 459 92 487
b276 271 188 285 219
b277 144 195 156 242
b278 61 367 74 409
b279 516 44 559 83
b280 47 62 69 93
b281 332 100 362 118
b282 149 0 193 30
b283 242 224 257 237
b284 480 373 510 394
b285 0 0 13 33
b286 155 515 191 556
b287 102 165 144 186
b288 525 274 561 302
b289 299 219 336 252
b290 124 342 151 358
b291 194 44 222 87
b292 377 254 401 293
b293 420 143 439 186
b294 30 286 56 303
b295 48 177 61 220
b296 90 0 106 27
b297 417 491 448 529
b298 510 398 543 438
b299 194 31 207 44
