226630.1992188
228960
205662
453 454
2.713548
b0 124 163 157 206
b1 336 0 373 65
b2 269 385 303 438
b3 378 200 445 237
b4 17 27 36 56
b5 169 274 218 313
b6 55 0 73 40
b7 202 60 242 82
b8 219 307 269 369
b9 336 65 377 81
b10 321 237 339 289
b11 129 245 168 304
b12 236 129 297 157
b13 379 237 427 294
b14 122 57 165 120
b15 372 101 431 153
b16 396 294 453 330
b17 312 193 378 237
b18 169 226 220 274
b19 169 194 219 225
b20 269 348 288 385
b21 169 360 219 424
b22 0 220 49 254
b23 396 330 445 350
b24 245 61 273 106
b25 321 291 375 330
b26 67 363 122 403
b27 169 82 234 107
b28 123 206 169 245
b29 275 61 299 123
b30 288 348 312 374
b31 202 168 236 194
b32 116 120 169 163
b33 427 237 449 272
b34 27 403 81 430
b35 339 260 377 291
b36 202 0 269 39
b37 336 81 396 101
b38 289 194 312 251
b39 63 232 118 284
b40 37 191 63 220
b41 262 194 289 249
b42 57 107 110 169
b43 0 281 61 327
b44 378 153 443 200
b45 169 424 213 447
b46 379 395 401 434
b47 299 61 332 126
b48 0 254 57 281
b49 395 0 442 65
b50 297 126 329 193
b51 0 119 57 157
b52 396 350 450 395
b53 202 39 245 60
b54 431 90 449 151
b55 264 251 320 285
b56 0 0 17 63
b57 0 382 47 400
b58 219 369 265 403
b59 219 403 269 440
b60 339 237 379 260
b61 242 106 275 129
b62 377 294 396 354
b63 336 101 372 146
b64 169 313 219 360
b65 0 63 57 119
b66 169 107 236 168
b67 332 146 372 190
b68 269 285 321 348
b69 0 400 27 454
b70 220 226 262 268
b71 63 341 127 363
b72 303 386 364 447
b73 269 0 336 61
b74 0 327 42 365
b75 396 65 415 93
b76 169 168 202 190
b77 63 284 129 341
b78 219 194 255 226
b79 63 191 123 232
b80 321 370 379 386
b81 321 330 371 370
b82 122 0 169 57
b83 269 438 291 454
b84 57 169 124 191
b85 431 65 451 90
b86 236 157 292 194
b87 220 268 264 307
b88 0 173 37 197
b89 17 0 55 27
b90 81 403 120 436
b91 169 0 202 56
b92 0 157 26 173
b93 127 370 162 435
b94 57 66 116 107
b95 27 430 78 449
b96 129 304 169 370
b97 0 365 67 382
b98 373 0 395 62
b99 73 0 122 66
