231541.84375
234316.5
206570
455 454
2.58046
b0 0 299 43 332
b1 411 0 448 65
b2 128 372 162 425
b3 179 47 216 114
b4 0 168 19 197
b5 332 273 381 312
b6 368 386 386 426
b7 154 262 176 302
b8 216 56 266 118
b9 44 32 60 73
b10 105 354 157 372
b11 140 47 179 106
b12 39 89 67 150
b13 83 0 140 48
b14 346 0 409 43
b15 327 112 379 171
b16 177 133 213 190
b17 336 171 380 237
b18 288 181 336 232
b19 177 322 227 353
b20 140 156 177 175
b21 78 372 128 436
b22 43 257 92 291
b23 120 167 140 216
b24 231 357 276 385
b25 0 55 39 109
b26 190 0 245 40
b27 245 185 270 250
b28 393 321 439 360
b29 42 195 66 257
b30 177 190 201 216
b31 44 365 78 391
b32 0 371 43 424
b33 399 131 434 153
b34 177 295 231 322
b35 231 385 269 416
b36 270 254 309 321
b37 250 250 270 310
b38 393 298 450 321
b39 300 57 352 112
b40 216 151 242 180
b41 44 338 99 365
b42 67 58 129 111
b43 44 292 105 338
b44 381 190 446 237
b45 0 32 44 55
b46 227 416 266 438
b47 177 230 210 295
b48 0 424 57 451
b49 379 84 444 131
b50 0 0 67 32
b51 282 321 320 378
b52 66 167 120 212
b53 278 0 299 43
b54 332 312 393 330
b55 320 352 376 386
b56 0 151 63 168
b57 270 181 288 228
b58 266 68 300 114
b59 140 106 177 156
b60 309 254 332 294
b61 154 229 177 262
b62 231 295 250 355
b63 336 237 381 273
b64 140 0 190 47
b65 67 111 124 167
b66 266 114 327 181
b67 201 190 245 230
b68 114 302 177 354
b69 140 175 167 229
b70 0 197 42 239
b71 92 228 114 292
b72 162 393 223 454
b73 381 237 448 298
b74 0 109 38 151
b75 177 114 205 133
b76 216 118 238 151
b77 269 386 335 443
b78 250 321 282 357
b79 0 239 41 299
b80 67 0 83 58
b81 177 353 227 393
b82 299 0 346 57
b83 92 212 114 228
b84 320 330 387 352
b85 278 43 298 68
b86 399 153 455 190
b87 0 332 44 371
b88 66 212 90 249
b89 19 168 57 195
b90 335 386 368 425
b91 245 0 278 56
b92 39 73 65 89
b93 210 230 245 295
b94 352 43 411 84
b95 380 131 399 182
b96 114 229 154 295
b97 245 118 262 185
b98 270 232 332 254
b99 387 360 453 409
