316136.25
430672.5
201600
450 448
17.739131
b0 76 382 112 398
b1 0 209 19 248
b2 409 342 450 377
b3 135 427 182 445
b4 42 81 68 113
b5 283 369 314 404
b6 409 329 438 342
b7 0 188 28 209
b8 22 318 54 333
b9 166 393 212 427
b10 125 289 170 321
b11 337 16 373 30
b12 167 339 209 375
b13 397 377 445 422
b14 81 367 106 382
b15 72 244 118 289
b16 357 287 379 305
b17 170 313 203 339
b18 405 250 439 269
b19 250 89 280 101
b20 322 271 355 299
b21 313 168 357 207
b22 159 107 198 133
b23 95 163 120 203
b24 357 305 382 320
b25 204 0 240 36
b26 211 350 236 393
b27 72 289 106 304
b28 218 230 264 268
b29 215 393 227 430
b30 191 228 218 245
b31 198 107 235 123
b32 68 304 100 327
b33 0 104 36 122
b34 282 179 301 217
b35 125 32 140 65
b36 316 389 344 401
b37 388 352 409 368
b38 402 144 435 170
b39 338 54 380 84
b40 164 158 205 186
b41 109 0 125 16
b42 65 0 109 19
b43 301 237 341 271
b44 106 289 122 316
b45 264 229 301 243
b46 235 61 250 109
b47 227 431 250 445
b48 356 30 382 54
b49 81 327 112 367
b50 246 303 279 345
b51 382 304 409 352
b52 209 323 246 350
b53 217 90 235 107
b54 393 269 436 285
b55 364 0 410 13
b56 330 329 355 351
b57 0 248 19 296
b58 30 333 71 352
b59 22 272 68 318
b60 322 299 357 329
b61 125 104 159 137
b62 280 68 317 113
b63 75 45 110 60
b64 357 216 405 263
b65 384 50 414 83
b66 357 352 388 383
b67 125 67 169 104
b68 277 44 312 68
b69 319 149 357 168
b70 70 205 106 219
b71 170 0 204 42
b72 414 50 447 84
b73 44 119 82 137
b74 217 61 235 90
b75 42 0 65 27
b76 372 84 384 98
b77 45 157 61 181
b78 301 211 344 237
b79 263 192 282 229
b80 357 84 372 98
b81 263 283 295 303
b82 384 84 417 116
b83 264 372 283 409
b84 357 145 400 182
b85 170 248 218 285
b86 210 170 234 194
b87 319 54 338 99
b88 288 404 316 447
b89 86 60 98 95
b90 0 164 45 188
b91 170 285 214 313
b92 125 205 149 247
b93 65 19 108 40
b94 0 318 16 333
b95 330 351 355 387
b96 252 44 277 89
b97 210 123 235 151
b98 227 393 243 419
b99 37 404 57 441
b100 167 186 194 211
b101 281 329 329 369
b102 36 379 74 404
b103 57 404 89 436
b104 216 36 252 61
b105 355 383 397 414
b106 303 0 337 39
b107 166 375 211 391
b108 39 235 72 247
b109 227 419 249 431
b110 123 340 167 363
b111 94 119 112 132
b112 170 42 216 60
b113 400 116 443 144
b114 125 321 164 340
b115 112 363 142 400
b116 382 13 424 50
b117 142 385 166 422
b118 405 215 444 250
b119 357 263 393 287
b120 36 352 81 367
b121 125 0 170 32
b122 0 333 30 376
b123 140 32 153 67
b124 259 409 272 448
b125 0 43 28 61
b126 235 192 263 230
b127 142 363 166 385
b128 357 120 393 145
b129 257 0 303 44
b130 402 170 446 215
b131 19 235 39 271
b132 319 133 357 149
b133 301 197 313 211
b134 109 16 125 45
b135 319 39 356 54
b136 282 155 301 179
b137 68 81 86 103
b138 214 301 244 323
b139 61 137 94 168
b140 243 403 259 415
b141 164 133 198 158
b142 98 60 125 106
b143 235 148 281 192
b144 39 247 68 272
b145 357 182 402 216
b146 125 137 159 170
b147 45 181 57 212
b148 379 287 404 304
b149 0 296 22 318
b150 281 303 311 316
b151 337 0 364 16
b152 218 268 251 301
b153 36 367 76 379
b154 0 122 44 164
b155 82 119 94 132
b156 125 186 167 205
b157 301 155 313 197
b158 240 0 257 28
b159 0 376 36 400
b160 316 401 328 437
b161 94 132 113 163
b162 251 268 263 298
b163 170 61 217 107
b164 295 271 322 303
b165 42 40 75 81
b166 281 316 317 328
b167 28 188 42 235
b168 0 420 37 445
b169 89 400 135 428
b170 236 350 281 372
b171 319 99 354 133
b172 72 219 103 244
b173 297 113 319 155
b174 357 320 382 340
b175 198 123 210 157
b176 314 369 330 389
b177 243 372 264 403
b178 45 137 61 157
b179 125 248 170 289
b180 210 151 231 170
b181 282 113 297 155
b182 182 427 215 439
b183 272 409 288 446
b184 103 219 123 238
b185 409 285 422 329
b186 68 106 116 119
b187 357 98 381 120
b188 264 243 288 283
b189 0 400 31 420
b190 61 168 95 205
b191 149 211 191 248
b192 42 212 70 234
b193 0 0 42 43
b194 0 61 42 104
b195 422 285 447 321
b196 125 170 164 186
b197 235 113 282 148
b198 328 401 350 441
b199 194 194 234 228
