302619.75
404539.5
200700
450 446
35.891016
b0 386 285 402 321
b1 16 69 55 88
b2 396 0 437 35
b3 313 196 360 214
b4 114 311 146 337
b5 376 78 411 109
b6 321 306 334 335
b7 146 319 167 347
b8 48 259 80 274
b9 20 88 54 134
b10 55 50 100 82
b11 232 257 246 293
b12 48 223 90 259
b13 351 0 396 48
b14 113 337 138 352
b15 250 0 295 46
b16 382 153 404 171
b17 343 72 376 98
b18 385 251 404 285
b19 313 214 343 226
b20 315 168 348 196
b21 210 130 249 174
b22 249 132 288 158
b23 182 222 222 247
b24 313 248 338 263
b25 289 132 325 168
b26 0 384 43 409
b27 137 0 171 15
b28 289 335 335 373
b29 50 211 87 223
b30 153 101 180 118
b31 150 191 166 228
b32 88 110 111 142
b33 90 226 126 244
b34 431 230 450 268
b35 188 330 221 345
b36 411 78 423 106
b37 170 37 191 53
b38 255 228 288 254
b39 376 48 418 78
b40 191 263 232 291
b41 210 45 226 61
b42 326 149 370 168
b43 255 188 289 228
b44 301 46 328 62
b45 48 286 85 300
b46 235 0 250 48
b47 289 294 312 308
b48 289 168 315 192
b49 0 341 40 372
b50 335 335 377 368
b51 250 46 298 73
b52 55 110 82 147
b53 270 307 288 324
b54 228 48 244 91
b55 396 35 442 48
b56 230 235 255 257
b57 191 37 210 85
b58 0 50 41 69
b59 117 125 163 171
b60 180 85 210 120
b61 81 301 114 335
b62 171 0 216 37
b63 328 46 343 81
b64 0 254 48 301
b65 166 192 199 222
b66 188 345 219 376
b67 406 154 450 191
b68 98 0 122 35
b69 406 211 444 230
b70 0 183 14 219
b71 182 404 216 446
b72 236 308 270 341
b73 50 193 88 211
b74 210 61 228 90
b75 164 247 191 270
b76 321 294 335 306
b77 89 430 113 446
b78 289 268 332 294
b79 167 334 186 371
b80 98 35 112 50
b81 81 335 113 355
b82 373 121 406 153
b83 24 13 43 50
b84 246 257 289 294
b85 143 53 180 101
b86 199 193 223 217
b87 216 0 235 45
b88 139 371 182 399
b89 0 219 12 254
b90 12 159 57 183
b91 243 359 287 387
b92 111 101 153 125
b93 121 257 164 278
b94 150 228 166 243
b95 351 407 387 432
b96 335 310 380 335
b97 186 376 211 404
b98 0 69 16 95
b99 0 95 20 132
b100 90 142 117 167
b101 0 301 48 341
b102 348 285 386 310
b103 319 412 351 444
b104 163 155 188 191
b105 89 399 131 430
b106 352 368 386 407
b107 0 409 45 425
b108 90 214 123 226
b109 373 109 395 121
b110 101 355 124 399
b111 270 294 288 307
b112 360 168 378 214
b113 378 171 406 214
b114 250 113 289 132
b115 252 158 289 188
b116 399 373 436 415
b117 43 379 80 403
b118 210 91 245 130
b119 289 192 313 228
b120 122 0 137 45
b121 241 409 286 441
b122 100 50 143 80
b123 273 324 286 359
b124 323 373 336 412
b125 132 190 150 218
b126 48 341 76 379
b127 0 0 24 22
b128 155 278 191 303
b129 295 0 339 46
b130 406 109 450 154
b131 14 183 50 203
b132 238 193 254 231
b133 370 153 382 167
b134 191 291 220 307
b135 124 352 139 389
b136 406 230 430 249
b137 188 174 210 192
b138 221 357 243 387
b139 288 410 319 443
b140 155 303 167 319
b141 301 62 326 96
b142 57 147 84 193
b143 54 0 98 46
b144 14 225 43 250
b145 328 115 373 149
b146 121 278 155 311
b147 0 372 31 384
b148 284 73 301 98
b149 126 218 148 240
b150 24 0 54 13
b151 336 368 352 395
b152 137 15 170 48
b153 0 132 12 172
b154 45 403 89 445
b155 102 257 114 270
b156 210 174 252 193
b157 101 80 143 92
b158 340 98 368 115
b159 85 277 121 301
b160 339 0 351 36
b161 132 171 163 190
b162 328 81 340 111
b163 402 285 449 331
b164 289 308 321 335
b165 48 300 81 341
b166 48 274 84 286
b167 220 294 267 308
b168 348 251 385 276
b169 55 82 101 110
b170 191 308 236 330
b171 289 98 324 132
b172 20 134 51 159
b173 313 226 355 248
b174 406 191 431 211
b175 387 373 399 407
b176 216 406 232 426
b177 167 303 188 334
b178 166 222 182 242
b179 131 399 176 440
b180 188 155 209 174
b181 223 193 238 235
b182 90 244 102 277
b183 236 341 273 357
b184 221 387 241 406
b185 335 263 348 307
b186 102 244 150 257
b187 351 48 373 72
b188 289 228 313 268
b189 81 355 101 386
b190 289 373 323 410
b191 355 214 397 251
b192 14 203 42 225
b193 90 171 132 214
b194 386 331 429 373
b195 406 249 431 285
b196 191 247 230 263
b197 163 120 210 155
b198 241 387 281 409
b199 250 73 284 113
