306462.25
410424.5
202500
450 450
31.360222
b0 140 135 156 171
b1 59 301 98 320
b2 0 33 35 74
b3 431 268 449 315
b4 85 99 111 131
b5 359 246 394 277
b6 402 341 431 354
b7 318 324 346 345
b8 57 320 89 335
b9 59 380 105 414
b10 42 42 74 87
b11 254 116 290 130
b12 93 183 129 225
b13 0 107 45 155
b14 57 335 82 350
b15 0 197 45 243
b16 321 53 343 71
b17 309 84 335 117
b18 346 34 380 53
b19 81 138 93 168
b20 251 242 279 275
b21 293 166 337 205
b22 193 150 232 176
b23 244 335 269 375
b24 249 69 274 84
b25 309 0 345 36
b26 0 305 43 330
b27 0 383 34 398
b28 233 177 271 223
b29 76 227 88 264
b30 154 176 181 193
b31 113 256 129 293
b32 81 420 113 443
b33 270 344 306 362
b34 274 130 293 168
b35 274 48 289 81
b36 356 197 384 209
b37 389 140 405 161
b38 79 66 105 99
b39 56 0 86 42
b40 128 0 169 28
b41 111 119 127 135
b42 233 223 277 242
b43 340 397 374 437
b44 127 119 154 135
b45 156 162 193 176
b46 416 0 431 48
b47 381 277 404 291
b48 0 0 26 24
b49 45 107 85 138
b50 86 0 128 33
b51 359 170 407 197
b52 322 219 359 246
b53 214 328 232 345
b54 277 168 293 211
b55 309 71 355 84
b56 189 290 214 312
b57 270 325 318 344
b58 128 28 147 69
b59 105 374 151 420
b60 214 345 244 380
b61 212 0 245 34
b62 233 290 270 335
b63 206 50 241 65
b64 93 135 140 183
b65 26 0 56 33
b66 284 378 315 409
b67 359 209 403 246
b68 346 311 381 335
b69 214 290 233 328
b70 43 320 57 356
b71 181 111 223 145
b72 390 69 424 102
b73 44 356 82 374
b74 205 71 223 100
b75 232 150 255 177
b76 135 247 149 259
b77 113 420 137 436
b78 407 154 450 180
b79 306 345 343 364
b80 174 302 189 316
b81 151 399 171 431
b82 245 0 277 33
b83 337 182 356 219
b84 169 28 206 71
b85 116 337 164 374
b86 378 394 402 418
b87 290 38 309 83
b88 169 0 212 28
b89 104 337 116 372
b90 0 243 45 267
b91 158 258 186 302
b92 214 380 256 404
b93 279 246 322 267
b94 43 305 59 320
b95 111 94 147 119
b96 315 378 340 423
b97 151 374 179 399
b98 0 86 26 102
b99 42 87 79 107
b100 135 220 160 247
b101 193 209 233 257
b102 156 112 181 150
b103 402 382 434 414
b104 105 69 141 94
b105 93 225 135 256
b106 214 404 248 443
b107 0 289 45 305
b108 98 284 110 317
b109 337 170 359 182
b110 0 360 44 383
b111 400 328 418 341
b112 147 28 165 74
b113 279 218 322 246
b114 290 83 309 122
b115 352 140 389 170
b116 171 400 213 437
b117 64 264 88 301
b118 390 102 429 137
b119 309 117 345 141
b120 44 374 59 419
b121 245 84 290 116
b122 0 330 43 360
b123 164 338 177 373
b124 346 335 385 348
b125 233 242 251 270
b126 340 369 378 397
b127 40 267 64 289
b128 45 158 81 183
b129 299 280 345 324
b130 345 96 390 140
b131 45 138 81 158
b132 290 0 306 38
b133 241 116 253 130
b134 141 74 170 90
b135 177 338 214 353
b136 333 141 352 165
b137 223 107 241 129
b138 378 364 400 394
b139 345 280 378 311
b140 377 348 389 364
b141 391 0 416 34
b142 160 212 187 258
b143 45 183 91 227
b144 129 271 158 296
b145 346 0 391 34
b146 199 257 233 290
b147 44 419 56 450
b148 321 36 346 53
b149 59 414 81 436
b150 186 258 199 288
b151 346 53 373 69
b152 193 176 226 209
b153 0 267 40 279
b154 0 398 44 440
b155 135 259 148 271
b156 255 130 274 172
b157 0 74 42 86
b158 405 137 433 154
b159 260 395 284 431
b160 181 176 193 212
b161 155 302 174 333
b162 309 36 321 66
b163 403 222 450 268
b164 355 69 387 96
b165 86 33 127 66
b166 156 150 192 162
b167 284 364 331 378
b168 129 183 154 220
b169 402 354 448 382
b170 82 335 104 380
b171 380 34 414 69
b172 45 227 76 252
b173 223 65 245 107
b174 404 268 429 288
b175 248 404 260 438
b176 256 375 272 395
b177 346 348 377 369
b178 293 122 309 142
b179 110 296 155 337
b180 160 193 181 212
b181 233 275 275 290
b182 272 362 284 395
b183 212 34 249 50
b184 279 306 299 325
b185 293 205 337 218
b186 277 0 290 48
b187 147 90 171 112
b188 293 142 333 166
b189 223 130 254 150
b190 322 246 359 280
b191 381 291 423 328
b192 91 256 113 284
b193 0 155 43 197
b194 407 180 450 222
b195 249 33 274 69
b196 279 267 295 306
b197 179 353 214 400
b198 174 316 214 338
b199 171 71 205 111
