290575.5
380447
200704
448 448
132.176897
b0 279 207 315 223
b1 54 130 93 149
b2 396 302 437 337
b3 337 120 384 138
b4 12 36 44 62
b5 358 260 393 291
b6 210 147 223 176
b7 12 62 33 90
b8 0 280 15 312
b9 258 401 292 447
b10 57 414 102 446
b11 396 266 410 302
b12 12 0 54 36
b13 400 337 448 382
b14 90 348 115 363
b15 54 71 100 116
b16 323 297 341 319
b17 73 0 106 26
b18 420 232 439 266
b19 206 264 218 294
b20 190 176 223 204
b21 228 116 272 155
b22 223 169 262 195
b23 106 0 131 40
b24 365 180 390 195
b25 298 0 334 36
b26 90 305 115 348
b27 54 330 88 345
b28 239 264 285 302
b29 0 0 12 37
b30 306 321 323 348
b31 205 62 221 99
b32 99 185 131 208
b33 188 264 206 300
b34 279 188 317 207
b35 261 0 276 33
b36 383 230 395 258
b37 293 172 314 188
b38 357 316 390 342
b39 357 138 387 180
b40 138 95 179 123
b41 263 194 279 210
b42 54 149 98 168
b43 412 130 446 170
b44 131 185 147 212
b45 161 265 175 302
b46 310 68 358 83
b47 106 40 120 63
b48 297 297 323 321
b49 12 167 52 198
b50 256 83 298 116
b51 317 182 365 209
b52 190 227 217 264
b53 323 319 341 336
b54 261 361 304 377
b55 261 36 307 49
b56 279 236 301 261
b57 292 390 311 438
b58 0 429 41 448
b59 99 139 145 185
b60 40 274 75 304
b61 163 313 196 347
b62 173 123 210 168
b63 261 326 276 361
b64 139 218 187 265
b65 276 326 306 359
b66 159 168 190 199
b67 313 83 357 120
b68 221 90 256 114
b69 422 194 441 232
b70 54 116 90 130
b71 357 401 391 443
b72 334 0 367 34
b73 223 339 261 357
b74 210 118 228 147
b75 190 204 217 227
b76 263 210 277 222
b77 0 405 16 429
b78 340 234 383 260
b79 147 199 184 218
b80 241 61 256 75
b81 42 382 62 414
b82 173 62 205 95
b83 217 219 236 256
b84 357 364 400 401
b85 42 345 90 382
b86 261 377 285 401
b87 390 150 409 195
b88 236 236 279 264
b89 0 393 35 405
b90 54 168 99 192
b91 172 34 216 62
b92 75 281 117 305
b93 36 241 79 262
b94 41 414 57 429
b95 410 266 435 302
b96 73 26 98 71
b97 208 369 236 394
b98 145 347 171 363
b99 0 312 20 349
b100 330 336 357 361
b101 128 400 168 448
b102 358 291 396 316
b103 325 150 357 182
b104 340 209 376 234
b105 54 192 96 223
b106 367 0 401 39
b107 90 363 106 408
b108 126 312 159 324
b109 302 223 314 245
b110 119 324 163 347
b111 409 170 422 188
b112 218 256 236 302
b113 145 123 173 166
b114 179 99 218 118
b115 136 62 173 92
b116 401 0 438 42
b117 12 198 36 235
b118 360 39 395 78
b119 301 246 337 270
b120 81 254 126 269
b121 391 401 423 446
b122 196 302 239 332
b123 221 77 256 90
b124 263 223 302 236
b125 53 223 81 241
b126 100 92 138 120
b127 62 382 86 404
b128 236 357 261 393
b129 311 390 357 434
b130 217 0 261 45
b131 0 260 36 280
b132 275 128 313 144
b133 279 172 293 184
b134 217 45 246 61
b135 208 332 223 369
b136 422 170 441 194
b137 239 302 261 320
b138 106 63 136 85
b139 115 369 148 400
b140 171 347 187 359
b141 335 34 360 68
b142 285 270 331 297
b143 168 402 212 448
b144 54 305 83 330
b145 172 0 217 34
b146 20 311 54 344
b147 36 262 67 274
b148 262 169 279 194
b149 16 405 38 427
b150 285 377 315 390
b151 331 279 358 295
b152 12 134 45 167
b153 79 269 119 281
b154 0 349 42 393
b155 182 359 195 371
b156 93 120 135 139
b157 212 394 224 436
b158 291 49 308 77
b159 261 302 297 326
b160 298 77 310 113
b161 54 0 73 31
b162 325 120 337 150
b163 401 42 448 88
b164 308 36 335 68
b165 12 101 53 134
b166 196 332 208 368
b167 228 155 275 169
b168 315 209 340 246
b169 279 144 325 172
b170 106 400 128 445
b171 256 49 291 83
b172 0 235 31 260
b173 376 195 418 217
b174 387 130 412 150
b175 272 116 306 128
b176 236 219 256 235
b177 182 371 203 402
b178 221 61 241 77
b179 131 0 172 45
b180 337 260 358 279
b181 315 348 330 390
b182 147 166 159 199
b183 341 295 357 332
b184 239 320 259 339
b185 376 217 420 230
b186 175 265 188 313
b187 276 0 298 24
b188 223 195 263 219
b189 20 280 40 311
b190 148 363 182 400
b191 357 83 399 120
b192 117 347 145 369
b193 96 212 139 254
b194 399 88 442 130
b195 395 230 420 266
b196 33 62 49 101
b197 126 265 161 312
b198 357 342 397 364
b199 224 394 258 434
