569730.125
598438.5
311355
555 561
73.391403
b0 472 364 487 391
b1 238 532 265 548
b2 90 65 112 91
b3 270 354 315 375
b4 125 242 170 282
b5 0 287 26 303
b6 315 174 353 201
b7 414 483 449 512
b8 346 288 382 309
b9 0 216 25 260
b10 393 342 424 357
b11 197 488 238 512
b12 83 177 100 196
b13 203 389 236 437
b14 424 115 468 136
b15 442 315 457 349
b16 13 480 58 522
b17 457 241 498 278
b18 469 157 513 200
b19 398 158 421 194
b20 455 384 472 397
b21 66 303 94 347
b22 267 118 302 147
b23 512 409 552 426
b24 109 360 127 384
b25 234 0 263 43
b26 393 296 411 323
b27 287 423 327 461
b28 167 304 191 316
b29 202 113 232 142
b30 155 469 183 489
b31 283 49 315 85
b32 469 138 491 157
b33 177 512 223 557
b34 191 336 203 365
b35 176 179 188 205
b36 346 433 376 460
b37 270 440 282 469
b38 160 450 181 469
b39 0 447 13 459
b40 38 0 85 19
b41 385 92 421 111
b42 38 19 84 44
b43 385 71 424 92
b44 127 91 151 118
b45 130 445 155 469
b46 263 27 282 40
b47 457 312 499 352
b48 513 135 547 163
b49 283 375 307 423
b50 238 488 257 502
b51 52 522 66 538
b52 365 0 383 37
b53 176 205 188 241
b54 130 396 160 430
b55 0 261 31 287
b56 346 324 377 370
b57 365 477 413 524
b58 520 426 545 451
b59 58 464 96 511
b60 377 324 393 363
b61 424 136 469 167
b62 460 397 496 443
b63 270 318 316 354
b64 346 309 379 324
b65 160 437 183 450
b66 83 135 128 177
b67 314 0 328 33
b68 13 452 58 480
b69 346 261 382 288
b70 283 33 328 49
b71 383 0 417 32
b72 105 269 120 301
b73 478 45 524 57
b74 160 403 203 437
b75 346 241 383 261
b76 364 524 403 560
b77 455 443 495 461
b78 155 489 197 505
b79 485 57 510 97
b80 0 525 15 561
b81 80 427 95 459
b82 346 83 385 107
b83 328 0 365 41
b84 0 47 34 85
b85 191 0 234 34
b86 128 135 172 174
b87 128 179 176 224
b88 188 146 232 175
b89 214 71 234 113
b90 411 240 457 264
b91 119 46 162 67
b92 456 0 503 45
b93 340 509 364 529
b94 393 323 424 342
b95 469 101 513 138
b96 414 409 460 442
b97 487 352 502 392
b98 455 461 468 496
b99 111 118 151 135
b100 302 85 346 130
b101 316 290 346 326
b102 25 225 65 261
b103 315 49 349 83
b104 188 104 202 146
b105 76 360 109 395
b106 349 71 382 83
b107 0 143 32 158
b108 498 242 536 279
b109 31 261 77 303
b110 513 163 555 202
b111 0 504 13 525
b112 234 88 264 113
b113 276 181 312 205
b114 0 303 34 347
b115 234 220 268 242
b116 162 45 190 64
b117 72 104 111 125
b118 189 223 233 261
b119 383 251 411 296
b120 484 505 520 541
b121 457 278 495 312
b122 36 432 79 452
b123 0 424 36 447
b124 160 319 191 354
b125 323 463 365 509
b126 58 452 80 464
b127 236 389 261 432
b128 484 461 512 505
b129 234 309 268 331
b130 264 88 290 118
b131 189 175 234 223
b132 258 148 276 187
b133 223 512 238 555
b134 424 68 458 115
b135 153 0 168 45
b136 202 71 214 108
b137 36 404 57 432
b138 196 437 238 465
b139 410 200 446 237
b140 442 352 485 364
b141 38 44 57 89
b142 469 214 506 241
b143 298 461 323 485
b144 127 304 167 319
b145 365 464 410 477
b146 421 167 469 200
b147 83 196 125 226
b148 424 319 442 339
b149 431 45 478 67
b150 315 143 338 174
b151 170 241 188 283
b152 273 228 292 244
b153 66 511 96 552
b154 340 529 362 546
b155 130 469 155 483
b156 273 254 301 270
b157 442 364 467 384
b158 116 426 129 449
b159 34 303 66 347
b160 411 303 438 319
b161 502 363 549 409
b162 128 224 159 242
b163 234 126 267 148
b164 191 300 232 336
b165 127 282 144 303
b166 0 347 36 381
b167 273 270 310 306
b168 414 385 455 409
b169 41 201 80 225
b170 353 158 398 187
b171 36 347 76 369
b172 183 437 196 464
b173 238 440 270 465
b174 108 226 124 269
b175 57 72 73 87
b176 234 276 272 309
b177 96 522 137 559
b178 377 187 396 204
b179 119 0 153 46
b180 327 423 346 463
b181 513 105 541 135
b182 119 67 164 91
b183 234 187 273 220
b184 352 107 377 153
b185 458 67 485 101
b186 0 112 33 143
b187 376 428 414 464
b188 191 34 231 71
b189 272 306 316 318
b190 502 326 529 363
b191 346 399 380 415
b192 203 336 232 384
b193 185 71 202 104
b194 339 130 352 158
b195 393 357 426 370
b196 414 442 455 483
b197 265 512 293 549
b198 96 474 115 522
b199 160 354 191 390
b200 40 140 83 177
b201 346 370 372 399
b202 234 242 273 276
b203 0 409 28 424
b204 315 201 356 234
b205 414 370 435 385
b206 449 500 484 542
b207 0 381 33 409
b208 263 0 283 27
b209 386 32 431 68
b210 315 130 339 143
b211 353 187 369 199
b212 262 375 283 417
b213 469 200 501 214
b214 383 204 410 221
b215 57 406 86 427
b216 372 370 414 389
b217 96 426 116 474
b218 331 363 346 406
b219 57 44 75 72
b220 349 41 386 71
b221 0 459 13 504
b222 310 265 344 290
b223 155 505 177 524
b224 144 283 189 304
b225 0 0 38 47
b226 468 461 484 500
b227 283 0 296 32
b228 417 0 437 21
b229 307 375 331 423
b230 310 509 340 542
b231 426 339 442 369
b232 273 205 315 228
b233 60 369 76 382
b234 296 0 314 33
b235 411 281 457 303
b236 33 113 72 140
b237 183 465 223 486
b238 380 389 407 428
b239 0 158 40 180
b240 449 542 472 561
b241 60 382 73 406
b242 446 200 468 240
b243 115 483 152 517
b244 90 91 127 104
b245 259 488 295 512
b246 223 465 267 488
b247 234 331 270 370
b248 65 226 108 257
b249 0 85 35 112
b250 403 524 437 555
b251 151 91 185 134
b252 234 370 262 389
b253 234 113 249 126
b254 35 100 59 113
b255 502 279 541 326
b256 85 44 98 65
b257 411 264 444 281
b258 85 0 119 44
b259 292 228 304 254
b260 438 303 457 315
b261 316 326 328 371
b262 513 57 540 105
b263 377 111 423 158
b264 168 0 191 45
b265 172 134 187 179
b266 234 43 282 88
b267 276 147 315 181
b268 152 524 177 546
b269 328 326 346 363
b270 130 430 153 445
b271 41 177 83 201
b272 36 369 60 404
b273 238 502 259 532
b274 31 522 52 555
b275 94 323 122 345
b276 116 449 130 480
b277 501 202 548 214
b278 76 347 118 360
b279 191 261 234 300
b280 94 301 125 323
b281 346 415 376 433
b282 86 396 130 426
b283 295 488 310 501
b284 383 221 404 251
b285 57 87 90 100
b286 0 180 41 216
b287 356 199 377 241
b288 506 214 542 242
b289 127 319 160 356
b290 282 461 298 488
b291 77 257 105 300
b292 234 148 258 187
b293 437 0 456 43
b294 261 423 287 440
b295 160 390 203 403
b296 15 522 31 549
b297 304 234 342 265
b298 127 356 160 396
b299 137 517 150 530
