412451.5
412451.5
201600
450 448
143.114604
b0 378 176 414 192
b1 178 118 197 157
b2 111 97 152 132
b3 312 382 359 400
b4 61 232 93 258
b5 243 184 278 215
b6 295 46 308 75
b7 37 245 58 273
b8 171 281 186 313
b9 122 376 156 422
b10 0 336 45 368
b11 369 230 405 244
b12 110 132 152 168
b13 111 52 159 97
b14 108 207 123 232
b15 274 280 320 325
b16 356 154 378 172
b17 415 0 448 26
b18 88 47 107 81
b19 182 70 194 100
b20 284 362 312 395
b21 325 230 369 269
b22 152 97 178 136
b23 278 194 318 219
b24 331 191 356 206
b25 414 269 450 305
b26 67 132 110 157
b27 65 157 80 191
b28 411 99 449 145
b29 72 95 84 132
b30 369 304 386 331
b31 177 411 193 448
b32 48 365 80 388
b33 84 95 102 131
b34 328 346 366 365
b35 368 121 383 154
b36 224 352 252 364
b37 249 43 270 59
b38 223 43 249 76
b39 405 239 447 269
b40 314 163 355 191
b41 120 279 136 295
b42 152 157 196 176
b43 369 196 409 230
b44 182 43 198 70
b45 0 0 14 37
b46 240 169 288 184
b47 139 328 162 342
b48 224 291 250 315
b49 0 115 31 155
b50 198 117 231 159
b51 231 117 258 165
b52 0 209 27 246
b53 14 0 31 18
b54 429 305 445 348
b55 249 87 295 100
b56 328 288 350 313
b57 224 221 243 269
b58 0 37 19 78
b59 177 365 223 411
b60 192 221 222 256
b61 27 212 61 245
b62 223 406 268 443
b63 301 114 336 129
b64 93 232 141 279
b65 141 295 171 328
b66 296 83 327 114
b67 284 325 328 362
b68 268 407 292 442
b69 370 333 408 352
b70 75 33 111 47
b71 400 358 442 392
b72 365 60 399 93
b73 52 291 90 309
b74 90 304 119 322
b75 256 344 283 367
b76 90 322 104 334
b77 80 383 104 399
b78 424 56 450 99
b79 198 202 235 221
b80 256 391 270 406
b81 119 304 139 336
b82 333 56 365 89
b83 0 246 37 265
b84 261 0 298 43
b85 0 368 48 405
b86 256 367 280 391
b87 369 269 414 288
b88 258 125 301 153
b89 0 265 12 300
b90 22 405 67 429
b91 349 93 393 121
b92 45 341 87 365
b93 142 252 163 295
b94 0 405 16 420
b95 409 214 445 239
b96 163 256 208 281
b97 92 279 120 304
b98 31 132 47 158
b99 52 309 89 329
b100 308 56 333 83
b101 152 204 192 252
b102 258 100 296 125
b103 224 364 256 396
b104 369 244 405 269
b105 407 145 449 176
b106 108 168 142 207
b107 63 193 108 209
b108 40 273 52 306
b109 280 395 302 407
b110 63 209 107 232
b111 182 100 195 118
b112 393 93 411 139
b113 386 305 429 333
b114 230 0 249 39
b115 151 0 188 30
b116 198 165 240 202
b117 383 139 407 176
b118 359 365 398 400
b119 331 206 367 230
b120 106 0 151 15
b121 400 392 445 424
b122 175 335 218 365
b123 249 331 284 344
b124 162 335 175 374
b125 47 132 65 160
b126 12 273 40 311
b127 0 187 24 209
b128 27 187 63 212
b129 281 234 325 280
b130 370 0 415 44
b131 31 112 67 132
b132 243 219 281 235
b133 151 422 165 434
b134 370 44 399 60
b135 145 30 182 45
b136 356 172 375 196
b137 123 207 141 229
b138 12 311 42 333
b139 75 0 106 33
b140 207 295 223 307
b141 399 56 424 90
b142 298 0 325 46
b143 31 0 75 46
b144 198 43 223 72
b145 325 0 370 34
b146 58 258 92 291
b147 0 175 31 187
b148 328 365 353 382
b149 0 420 22 442
b150 318 191 331 221
b151 414 176 441 192
b152 31 46 64 79
b153 111 422 151 434
b154 67 404 111 446
b155 0 78 13 90
b156 325 269 367 288
b157 19 18 31 60
b158 249 59 266 87
b159 80 157 104 193
b160 249 0 261 36
b161 295 163 314 194
b162 415 26 427 56
b163 312 400 358 447
b164 336 121 368 148
b165 31 79 72 112
b166 0 300 12 336
b167 224 277 271 291
b168 224 315 249 352
b169 152 176 198 204
b170 171 313 216 335
b171 301 129 336 163
b172 0 90 31 115
b173 325 34 367 56
b174 408 333 428 358
b175 165 374 177 408
b176 48 388 68 404
b177 186 281 207 312
b178 369 288 389 304
b179 198 76 243 117
b180 350 288 369 309
b181 328 331 370 346
b182 52 329 85 341
b183 258 153 295 169
b184 152 136 171 156
b185 281 221 325 234
b186 75 47 88 95
b187 327 89 349 113
b188 250 291 274 331
b189 0 155 31 175
b190 111 15 145 52
b191 243 235 280 277
b192 31 160 59 182
b193 188 0 230 43
b194 358 400 400 443
b195 270 43 295 79
b196 208 256 224 295
b197 87 336 122 383
b198 409 192 449 214
b199 122 342 162 376
