304344.5
408435
200254
449 446
20.508993
b0 406 274 422 310
b1 142 86 181 105
b2 325 45 360 86
b3 363 242 381 289
b4 316 86 348 112
b5 331 211 366 242
b6 313 287 342 300
b7 0 308 28 329
b8 64 216 79 248
b9 177 287 211 333
b10 43 79 75 124
b11 316 112 352 126
b12 72 15 114 51
b13 361 52 409 97
b14 0 44 15 69
b15 166 400 211 446
b16 313 265 331 287
b17 224 307 257 333
b18 422 274 441 308
b19 318 145 330 175
b20 381 398 414 426
b21 218 179 257 223
b22 105 162 131 201
b23 146 302 171 342
b24 356 378 381 393
b25 233 37 269 73
b26 23 0 66 25
b27 0 222 15 256
b28 211 333 257 371
b29 41 51 78 63
b30 214 223 231 250
b31 157 186 173 223
b32 91 51 114 83
b33 110 294 146 312
b34 290 202 328 221
b35 218 94 233 127
b36 300 392 312 420
b37 105 232 126 248
b38 312 394 338 427
b39 286 104 316 146
b40 406 97 434 138
b41 75 63 91 79
b42 76 110 95 154
b43 381 314 421 348
b44 177 356 204 372
b45 80 238 94 275
b46 66 0 114 15
b47 28 308 51 322
b48 262 108 286 134
b49 36 124 76 155
b50 409 37 442 79
b51 94 248 142 275
b52 291 146 318 183
b53 363 289 381 306
b54 313 378 356 394
b55 361 39 407 52
b56 176 265 201 287
b57 242 124 261 172
b58 24 79 43 120
b59 403 228 449 274
b60 72 275 107 305
b61 110 312 144 345
b62 52 155 97 192
b63 211 371 226 406
b64 136 105 183 153
b65 261 146 291 179
b66 307 300 338 331
b67 257 332 301 369
b68 45 192 80 216
b69 344 266 363 304
b70 131 175 145 211
b71 301 332 335 374
b72 367 191 400 225
b73 23 25 41 63
b74 97 144 126 162
b75 177 333 204 356
b76 114 132 128 144
b77 297 265 313 289
b78 380 97 406 140
b79 267 313 304 332
b80 0 208 15 222
b81 51 304 71 336
b82 257 179 290 211
b83 290 183 327 202
b84 338 394 381 431
b85 233 0 281 37
b86 330 145 354 169
b87 325 0 344 45
b88 34 373 77 401
b89 22 369 34 404
b90 0 163 24 208
b91 224 416 268 444
b92 114 0 138 42
b93 24 181 45 224
b94 0 69 16 84
b95 381 348 417 373
b96 208 49 233 94
b97 80 192 105 220
b98 97 83 113 109
b99 0 84 20 121
b100 414 399 441 424
b101 34 401 82 441
b102 338 321 376 346
b103 268 409 300 441
b104 183 49 208 85
b105 146 342 177 384
b106 361 0 395 39
b107 24 63 69 79
b108 164 153 176 186
b109 285 265 297 287
b110 0 0 23 44
b111 354 191 367 209
b112 267 374 313 392
b113 421 310 449 353
b114 107 275 146 294
b115 146 265 176 302
b116 395 0 437 37
b117 49 336 73 373
b118 233 73 272 108
b119 233 238 269 262
b120 138 0 153 45
b121 335 346 380 378
b122 176 175 206 218
b123 211 406 224 441
b124 331 242 344 281
b125 24 163 52 181
b126 0 256 38 284
b127 0 121 24 143
b128 71 305 107 330
b129 272 45 316 91
b130 281 0 325 45
b131 0 143 36 163
b132 195 0 233 16
b133 348 86 360 100
b134 233 108 262 124
b135 344 306 381 321
b136 344 242 363 266
b137 80 220 102 238
b138 38 282 68 304
b139 77 367 110 398
b140 22 353 34 369
b141 173 218 198 252
b142 417 353 444 399
b143 98 398 142 444
b144 35 224 64 249
b145 233 262 267 307
b146 38 249 72 282
b147 76 79 88 110
b148 267 392 292 409
b149 114 91 136 113
b150 165 252 195 265
b151 360 122 376 149
b152 195 16 228 49
b153 145 175 157 215
b154 289 221 331 265
b155 154 400 166 413
b156 316 126 358 145
b157 142 400 154 442
b158 344 0 361 28
b159 0 284 36 308
b160 206 175 218 211
b161 146 223 165 254
b162 218 149 230 179
b163 397 140 444 186
b164 201 257 233 284
b165 142 45 175 86
b166 110 385 146 397
b167 275 211 289 258
b168 381 277 406 314
b169 114 45 142 91
b170 0 329 22 374
b171 183 94 218 128
b172 41 25 72 50
b173 330 169 352 211
b174 360 97 380 122
b175 366 225 400 237
b176 82 398 98 418
b177 28 322 49 353
b178 269 258 285 278
b179 226 371 267 416
b180 105 201 126 220
b181 233 223 275 238
b182 105 220 138 232
b183 146 384 183 400
b184 114 113 134 132
b185 272 91 316 104
b186 211 284 224 332
b187 218 127 242 149
b188 267 289 307 313
b189 15 224 35 255
b190 73 330 107 367
b191 360 149 397 191
b192 136 153 164 175
b193 153 0 195 43
b194 400 186 443 228
b195 381 373 417 398
b196 198 218 214 257
b197 183 128 218 175
b198 381 237 403 277
b199 110 345 144 385
