234606.796875
237722
206570
454 455
3.719283
b0 188 98 231 131
b1 360 0 397 65
b2 0 150 34 203
b3 149 0 186 67
b4 34 190 53 219
b5 351 65 400 104
b6 351 104 391 122
b7 34 150 56 190
b8 212 206 274 256
b9 292 34 333 50
b10 121 44 139 96
b11 292 50 351 89
b12 56 238 117 266
b13 292 89 340 146
b14 401 383 444 446
b15 393 281 452 333
b16 357 289 393 346
b17 400 65 444 131
b18 53 407 104 455
b19 274 277 324 308
b20 117 260 136 297
b21 228 0 292 50
b22 292 0 341 34
b23 212 297 261 317
b24 329 300 357 345
b25 274 238 328 277
b26 231 117 271 172
b27 348 195 413 220
b28 351 243 390 289
b29 53 266 115 290
b30 102 18 126 44
b31 0 203 26 237
b32 292 146 335 199
b33 415 221 450 243
b34 228 50 282 77
b35 159 260 197 291
b36 413 154 452 221
b37 340 122 400 142
b38 328 243 351 300
b39 0 95 52 150
b40 267 347 296 373
b41 26 219 53 274
b42 56 88 118 141
b43 56 0 102 61
b44 56 141 121 188
b45 136 260 159 304
b46 274 308 296 347
b47 56 188 121 221
b48 56 61 113 88
b49 397 0 444 65
b50 289 413 356 445
b51 390 243 447 281
b52 104 407 158 452
b53 188 77 231 98
b54 393 333 454 351
b55 154 111 188 167
b56 56 221 119 238
b57 102 0 149 18
b58 228 172 274 206
b59 133 354 170 404
b60 413 131 453 154
b61 179 225 212 248
b62 119 225 179 244
b63 356 351 401 387
b64 159 175 206 225
b65 0 0 56 57
b66 0 330 61 397
b67 188 131 228 175
b68 159 291 211 354
b69 26 397 53 451
b70 117 304 159 346
b71 281 216 345 238
b72 177 389 238 450
b73 66 346 133 407
b74 121 167 159 209
b75 341 0 360 28
b76 242 430 275 452
b77 296 347 353 413
b78 401 351 437 383
b79 212 256 272 297
b80 119 244 177 260
b81 231 77 281 117
b82 242 373 289 430
b83 121 209 143 225
b84 348 221 415 243
b85 186 0 206 25
b86 211 317 267 354
b87 149 67 188 111
b88 0 57 24 94
b89 24 57 51 95
b90 296 308 329 347
b91 121 111 154 167
b92 0 397 26 413
b93 177 354 242 389
b94 356 387 397 446
b95 158 404 177 455
b96 0 290 66 330
b97 281 199 348 216
b98 206 0 228 62
b99 335 146 401 195
