296830
391160
202500
450 450
116.59478
b0 326 379 362 395
b1 69 391 108 410
b2 402 0 437 41
b3 398 314 445 332
b4 249 0 275 32
b5 259 158 294 189
b6 282 66 295 95
b7 62 130 83 158
b8 69 410 101 425
b9 217 228 263 262
b10 40 284 72 329
b11 373 224 409 238
b12 39 19 81 55
b13 354 0 402 45
b14 0 372 25 387
b15 203 13 248 59
b16 316 148 338 166
b17 155 94 188 120
b18 400 280 419 314
b19 109 33 121 63
b20 243 200 276 228
b21 276 189 315 233
b22 116 94 155 120
b23 39 55 79 80
b24 333 291 358 306
b25 409 41 445 77
b26 15 284 40 327
b27 0 284 15 318
b28 278 112 316 158
b29 0 0 12 37
b30 129 148 156 165
b31 40 181 56 218
b32 91 270 123 293
b33 122 177 158 195
b34 373 205 411 224
b35 121 53 154 68
b36 313 52 341 64
b37 158 178 179 194
b38 419 280 445 313
b39 202 69 244 99
b40 215 126 243 167
b41 243 145 259 161
b42 70 111 114 130
b43 326 339 360 379
b44 251 129 278 145
b45 135 236 172 250
b46 306 0 354 15
b47 148 195 171 209
b48 121 68 145 94
b49 81 71 112 111
b50 201 191 243 224
b51 130 328 178 355
b52 338 146 365 183
b53 162 250 179 268
b54 217 262 260 278
b55 203 0 249 13
b56 337 306 359 331
b57 87 208 135 227
b58 72 252 91 293
b59 287 233 333 279
b60 254 369 284 404
b61 24 234 58 267
b62 363 380 400 425
b63 129 120 164 135
b64 74 160 122 207
b65 83 130 116 160
b66 275 0 306 31
b67 306 15 350 52
b68 291 395 326 419
b69 362 361 400 380
b70 27 99 63 113
b71 406 79 448 113
b72 372 80 406 113
b73 25 398 63 416
b74 225 315 254 333
b75 135 250 162 273
b76 134 195 148 207
b77 157 312 181 328
b78 360 335 403 361
b79 181 301 218 320
b80 291 419 306 433
b81 69 425 101 445
b82 317 64 350 96
b83 336 183 373 202
b84 409 237 446 280
b85 130 355 178 392
b86 157 288 181 312
b87 315 188 334 233
b88 225 333 253 376
b89 27 113 62 125
b90 263 270 287 315
b91 219 404 247 448
b92 105 349 129 391
b93 123 427 166 448
b94 105 333 120 349
b95 364 260 400 285
b96 157 69 202 94
b97 132 295 157 323
b98 40 329 66 345
b99 0 387 20 424
b100 181 236 208 261
b101 72 293 120 333
b102 360 310 398 335
b103 285 348 317 380
b104 215 101 251 126
b105 333 249 364 291
b106 252 404 291 438
b107 0 268 45 284
b108 91 258 124 270
b109 336 202 348 224
b110 25 345 69 368
b111 295 52 313 65
b112 164 120 182 166
b113 373 162 401 205
b114 316 109 335 148
b115 335 109 365 146
b116 326 395 363 437
b117 263 233 287 270
b118 411 202 450 237
b119 188 131 212 167
b120 12 0 27 45
b121 407 113 439 158
b122 25 368 68 398
b123 129 135 164 148
b124 243 161 256 200
b125 224 376 252 394
b126 81 33 109 71
b127 0 246 24 268
b128 69 333 105 358
b129 401 158 447 202
b130 287 279 332 323
b131 121 33 157 53
b132 244 66 282 82
b133 164 166 178 178
b134 139 0 168 16
b135 108 413 123 450
b136 334 224 353 248
b137 179 186 201 204
b138 295 65 317 95
b139 102 227 135 258
b140 40 218 52 234
b141 384 45 409 79
b142 135 209 181 236
b143 12 137 58 181
b144 58 207 87 232
b145 249 32 294 66
b146 69 358 103 391
b147 27 125 58 137
b148 260 352 285 369
b149 108 391 130 413
b150 116 120 129 150
b151 353 222 369 249
b152 106 0 139 33
b153 25 416 65 428
b154 181 320 225 362
b155 122 195 134 208
b156 39 0 81 19
b157 27 0 39 42
b158 278 95 306 112
b159 179 261 215 285
b160 181 224 217 236
b161 39 80 70 99
b162 365 150 395 162
b163 403 332 450 378
b164 188 99 215 131
b165 168 0 201 41
b166 62 158 74 194
b167 264 82 278 129
b168 279 323 316 348
b169 157 41 203 69
b170 0 327 22 372
b171 350 45 384 80
b172 81 0 106 31
b173 294 166 336 188
b174 348 202 373 222
b175 129 165 163 177
b176 162 268 178 288
b177 0 215 21 246
b178 317 323 337 339
b179 178 404 219 449
b180 182 167 203 186
b181 284 380 326 395
b182 120 295 132 328
b183 263 315 279 352
b184 244 82 264 101
b185 306 96 350 109
b186 58 232 71 280
b187 350 80 372 104
b188 203 167 243 191
b189 71 232 102 252
b190 220 278 254 315
b191 365 113 407 150
b192 124 273 152 295
b193 181 362 224 404
b194 400 378 443 420
b195 364 285 400 310
b196 181 285 220 301
b197 130 392 177 427
b198 369 238 409 260
b199 0 181 40 215
