3056638.5
3267065
1162800
300 3876
924.782131
b0 59 1567 86 1582
b1 76 2776 103 2792
b2 59 1885 81 1911
b3 65 2003 86 2048
b4 77 879 117 924
b5 228 295 244 321
b6 148 728 186 755
b7 0 0 35 29
b8 91 2319 112 2355
b9 131 1684 175 1709
b10 141 1963 156 1994
b11 185 347 226 371
b12 146 0 163 19
b13 117 954 150 1002
b14 147 755 191 776
b15 59 2912 93 2927
b16 59 1726 104 1768
b17 157 439 198 476
b18 77 1377 120 1421
b19 102 2049 138 2072
b20 59 24 72 41
b21 148 684 176 728
b22 67 2112 102 2141
b23 82 2492 122 2509
b24 61 3575 79 3599
b25 35 2222 64 2265
b26 68 3378 95 3396
b27 37 3822 75 3862
b28 203 586 227 598
b29 134 1460 163 1490
b30 37 2843 57 2871
b31 65 2048 97 2084
b32 112 2776 131 2798
b33 16 3575 61 3621
b34 225 283 254 295
b35 217 39 229 65
b36 55 2602 82 2632
b37 57 3494 69 3523
b38 104 1090 125 1109
b39 98 1811 110 1824
b40 104 1726 123 1773
b41 213 774 249 793
b42 70 2632 116 2657
b43 116 858 155 879
b44 55 2302 82 2326
b45 59 1801 83 1826
b46 57 2899 76 2912
b47 35 2182 77 2222
b48 71 3324 99 3358
b49 41 3423 65 3471
b50 115 1460 134 1474
b51 197 771 211 787
b52 0 3822 37 3840
b53 201 574 237 586
b54 116 0 146 34
b55 195 65 221 96
b56 70 2702 116 2733
b57 197 830 244 878
b58 141 1938 166 1963
b59 59 1965 106 2003
b60 100 2416 139 2432
b61 116 491 147 536
b62 157 491 203 527
b63 166 371 202 417
b64 128 3352 161 3367
b65 12 3715 25 3738
b66 110 2447 152 2492
b67 115 1474 129 1507
b68 139 2373 167 2418
b69 63 3396 99 3423
b70 126 2892 142 2937
b71 117 1906 151 1938
b72 116 476 148 491
b73 0 3715 12 3761
b74 37 3523 80 3557
b75 228 328 248 365
b76 150 1159 189 1195
b77 83 2856 123 2874
b78 37 2927 79 2943
b79 57 2874 97 2899
b80 147 1312 183 1327
b81 163 905 178 937
b82 70 2657 109 2681
b83 104 1034 141 1075
b84 183 140 217 178
b85 146 216 180 259
b86 79 3557 118 3601
b87 12 3774 57 3822
b88 160 640 189 684
b89 37 3471 57 3513
b90 37 2819 83 2843
b91 160 619 203 640
b92 111 3305 156 3352
b93 146 351 166 375
b94 120 2837 151 2856
b95 188 1063 232 1100
b96 157 586 203 619
b97 125 1358 165 1373
b98 226 77 239 112
b99 185 330 225 347
b100 62 3177 106 3222
b101 0 3840 30 3876
b102 100 1591 140 1627
b103 263 39 297 73
b104 78 3707 120 3721
b105 117 921 152 954
b106 244 295 256 328
b107 163 0 195 15
b108 92 1868 129 1906
b109 163 973 205 1019
b110 77 0 116 42
b111 163 1019 176 1040
b112 178 905 208 930
b113 103 1660 139 1684
b114 188 1019 222 1063
b115 217 240 251 262
b116 116 536 144 555
b117 146 330 185 351
b118 112 2335 156 2373
b119 82 2447 110 2492
b120 71 3288 107 3324
b121 154 2797 188 2835
b122 68 3358 111 3378
b123 91 2283 114 2319
b124 160 1490 191 1525
b125 117 879 163 921
b126 37 2912 59 2924
b127 131 2754 156 2797
b128 180 262 224 290
b129 107 2209 141 2231
b130 35 2003 65 2029
b131 109 2657 157 2702
b132 85 3045 103 3084
b133 147 776 162 819
b134 163 858 197 905
b135 100 2432 145 2447
b136 83 2837 120 2849
b137 41 2943 62 2971
b138 208 878 250 906
b139 211 793 247 830
b140 178 930 190 973
b141 234 586 253 631
b142 54 2733 81 2770
b143 102 1333 126 1358
b144 107 2243 122 2283
b145 85 3084 98 3129
b146 0 3682 48 3715
b147 41 3222 71 3264
b148 82 2416 100 2436
b149 146 417 193 439
b150 127 1281 150 1312
b151 37 2265 55 2307
b152 91 2209 107 2228
b153 109 1518 150 1548
b154 107 3288 129 3305
b155 77 944 102 958
b156 83 1852 111 1868
b157 81 1940 101 1965
b158 72 1421 95 1434
b159 87 1549 131 1581
b160 55 2326 82 2342
b161 217 193 263 240
b162 72 1531 103 1549
b163 131 1569 164 1591
b164 67 2141 103 2182
b165 16 2976 37 2993
b166 101 2973 135 3009
b167 55 2265 91 2302
b168 203 491 227 532
b169 103 3045 127 3084
b170 83 2792 112 2837
b171 80 3494 102 3534
b172 120 1811 147 1824
b173 82 2509 107 2541
b174 72 1502 115 1518
b175 198 475 213 491
b176 98 1773 131 1811
b177 116 439 157 476
b178 37 2307 54 2326
b179 133 2231 179 2265
b180 114 2295 133 2335
b181 48 3707 78 3735
b182 205 930 250 954
b183 95 3249 128 3288
b184 48 3682 94 3707
b185 134 1408 161 1442
b186 87 1627 118 1660
b187 16 3621 52 3659
b188 180 216 217 256
b189 114 2283 158 2295
b190 0 2265 37 2292
b191 92 1906 108 1940
b192 62 3129 91 3177
b193 59 1868 92 1885
b194 195 96 223 109
b195 97 2036 130 2049
b196 91 3129 132 3170
b197 83 1824 120 1852
b198 77 1358 125 1377
b199 158 2265 189 2301
b200 198 438 241 475
b201 52 3621 78 3650
b202 189 1100 223 1139
b203 116 2543 131 2571
b204 0 2943 41 2976
b205 213 759 234 774
b206 134 1373 176 1408
b207 65 2084 98 2112
b208 77 924 104 944
b209 79 3009 124 3045
b210 131 2543 144 2567
b211 197 759 213 771
b212 203 532 224 574
b213 35 2112 67 2126
b214 129 1824 146 1851
b215 131 1548 160 1569
b216 86 2017 128 2036
b217 163 15 183 63
b218 176 1327 219 1342
b219 59 1549 87 1567
b220 55 2565 85 2602
b221 152 1081 165 1126
b222 163 191 197 216
b223 54 2770 76 2789
b224 102 1312 147 1333
b225 141 1195 188 1233
b226 95 1421 134 1437
b227 117 1002 130 1034
b228 95 1437 116 1457
b229 35 63 59 111
b230 152 1126 182 1159
b231 54 2632 70 2662
b232 57 3471 99 3494
b233 25 3715 41 3728
b234 37 3557 70 3575
b235 41 3312 63 3358
b236 112 2798 139 2837
b237 86 1686 107 1726
b238 144 819 171 858
b239 81 2754 121 2776
b240 165 1081 188 1100
b241 87 1581 100 1605
b242 176 684 198 724
b243 107 2509 144 2543
b244 72 1518 109 1531
b245 264 0 300 24
b246 62 3045 85 3089
b247 48 3735 84 3774
b248 183 109 226 140
b249 77 2182 112 2209
b250 85 2565 116 2599
b251 227 475 270 509
b252 99 3378 118 3406
b253 83 1768 98 1781
b254 71 3222 95 3235
b255 217 0 264 39
b256 111 3170 132 3183
b257 62 2943 79 2976
b258 166 1709 210 1743
b259 107 2231 133 2243
b260 221 65 240 77
b261 95 1457 107 1502
b262 41 3264 68 3312
b263 79 2927 126 2973
b264 16 3659 61 3682
b265 206 178 251 193
b266 141 1233 186 1281
b267 94 3620 128 3659
b268 79 2973 101 2998
b269 222 954 259 972
b270 104 1075 127 1090
b271 35 0 77 24
b272 191 724 215 759
b273 54 2789 75 2819
b274 224 262 257 283
b275 195 0 217 28
b276 86 2003 117 2017
b277 148 619 160 666
b278 97 2874 110 2916
b279 91 2373 130 2416
b280 82 2543 113 2565
b281 116 1442 146 1460
b282 157 527 201 557
b283 81 2733 94 2748
b284 198 417 228 438
b285 59 1768 72 1801
b286 152 1040 188 1081
b287 94 2733 136 2754
b288 126 2856 154 2892
b289 188 1195 221 1232
b290 0 2976 16 3003
b291 94 3659 122 3702
b292 35 24 59 63
b293 61 3601 104 3620
b294 86 1660 103 1686
b295 163 178 206 191
b296 95 3222 111 3249
b297 116 2571 154 2602
b298 180 290 213 330
b299 241 365 254 378
