226432.140625
228588.5
207025
455 455
1.348875
b0 0 232 33 275
b1 385 33 422 98
b2 0 0 53 34
b3 93 126 160 163
b4 39 311 58 340
b5 201 215 240 264
b6 422 61 440 101
b7 299 87 339 109
b8 170 0 220 62
b9 284 220 325 236
b10 70 236 122 254
b11 94 163 153 202
b12 112 291 140 352
b13 153 185 201 242
b14 114 395 177 438
b15 367 252 419 311
b16 140 318 197 354
b17 301 236 367 280
b18 200 394 248 445
b19 325 161 375 192
b20 240 215 259 252
b21 254 0 304 64
b22 41 79 90 113
b23 339 109 359 158
b24 281 192 326 220
b25 160 146 214 185
b26 53 0 93 55
b27 430 101 455 166
b28 397 395 436 441
b29 70 174 94 236
b30 120 40 146 64
b31 220 46 246 80
b32 27 174 70 227
b33 299 65 334 87
b34 93 0 120 54
b35 0 342 38 373
b36 0 275 39 342
b37 419 252 439 312
b38 177 394 200 451
b39 62 395 114 450
b40 171 354 197 383
b41 140 291 195 318
b42 0 380 62 433
b43 42 113 88 174
b44 353 348 418 395
b45 147 40 170 84
b46 309 395 331 434
b47 268 278 301 343
b48 0 175 27 232
b49 325 0 372 65
b50 134 242 201 274
b51 326 192 383 230
b52 93 64 147 109
b53 304 0 325 43
b54 383 234 444 252
b55 94 202 150 236
b56 134 274 197 291
b57 220 80 267 98
b58 220 0 254 46
b59 170 62 220 99
b60 383 194 406 234
b61 383 161 406 194
b62 411 101 430 161
b63 389 312 434 348
b64 170 99 220 146
b65 39 254 95 311
b66 197 333 264 394
b67 299 109 339 153
b68 359 98 411 161
b69 58 311 112 338
b70 257 98 299 140
b71 309 331 331 395
b72 248 394 309 455
b73 214 154 281 215
b74 0 121 42 159
b75 422 33 441 61
b76 112 254 134 287
b77 331 395 397 452
b78 353 315 389 347
b79 0 34 41 94
b80 268 220 284 278
b81 120 0 170 40
b82 201 286 258 333
b83 309 315 331 331
b84 201 264 268 286
b85 339 84 359 109
b86 220 98 257 154
b87 281 153 325 192
b88 53 55 90 79
b89 0 94 38 121
b90 268 343 301 382
b91 372 0 428 33
b92 0 159 26 175
b93 301 280 366 315
b94 112 354 171 395
b95 334 65 385 84
b96 39 340 105 380
b97 93 109 160 126
b98 331 315 353 377
b99 406 166 455 232
