1771616
1771616
645888
256 2523
181.163805
b0 83 1730 119 1746
b1 40 2159 59 2198
b2 69 2068 110 2103
b3 120 947 138 994
b4 100 255 126 287
b5 146 1517 181 1548
b6 39 1746 68 1759
b7 12 2131 40 2152
b8 55 803 87 818
b9 82 769 128 803
b10 87 223 132 255
b11 39 1759 53 1795
b12 110 1568 146 1610
b13 64 1992 112 2037
b14 72 1391 87 1416
b15 161 1471 206 1517
b16 67 1598 85 1620
b17 86 896 119 922
b18 62 2381 96 2400
b19 39 2068 69 2080
b20 56 2298 84 2331
b21 135 478 179 517
b22 132 397 158 436
b23 83 1760 123 1785
b24 25 1568 50 1583
b25 177 234 213 270
b26 165 345 208 370
b27 101 462 135 477
b28 88 2286 134 2324
b29 56 2261 68 2298
b30 112 1949 129 1976
b31 87 0 124 16
b32 109 845 132 877
b33 165 309 183 345
b34 101 947 120 985
b35 166 1548 181 1581
b36 74 1464 102 1476
b37 25 1583 41 1604
b38 48 2331 81 2357
b39 25 0 55 42
b40 103 705 131 746
b41 96 1158 112 1174
b42 180 370 199 414
b43 83 2174 123 2208
b44 55 769 82 785
b45 86 832 100 869
b46 43 2423 91 2438
b47 86 818 109 832
b48 31 2470 55 2496
b49 101 517 141 548
b50 109 803 142 845
b51 47 1416 74 1464
b52 74 922 101 959
b53 74 1032 91 1050
b54 146 174 189 190
b55 119 397 132 443
b56 72 1314 94 1339
b57 101 548 120 596
b58 156 1714 175 1755
b59 119 351 165 397
b60 53 1957 83 1992
b61 136 554 169 588
b62 25 818 62 863
b63 227 0 242 35
b64 86 1085 133 1133
b65 40 2228 70 2261
b66 142 657 173 688
b67 141 517 185 554
b68 124 0 159 24
b69 136 1247 155 1285
b70 67 705 103 719
b71 25 1534 67 1568
b72 62 1158 96 1191
b73 101 382 119 420
b74 149 156 178 174
b75 50 1620 73 1647
b76 146 1421 160 1433
b77 62 1050 86 1066
b78 159 0 185 43
b79 132 264 151 301
b80 110 1715 124 1730
b81 104 1247 136 1267
b82 124 190 156 223
b83 87 309 106 346
b84 0 2313 43 2350
b85 114 1351 162 1388
b86 99 1785 123 1809
b87 100 877 145 896
b88 83 2131 111 2174
b89 55 442 67 477
b90 43 2357 88 2381
b91 12 2261 56 2289
b92 62 1290 104 1314
b93 185 35 228 56
b94 41 1696 56 1712
b95 86 1133 122 1158
b96 151 264 176 309
b97 111 2037 136 2065
b98 183 56 199 82
b99 59 2208 96 2228
b100 94 1924 121 1949
b101 74 1416 114 1464
b102 124 24 149 62
b103 159 82 191 114
b104 81 1476 117 1501
b105 68 1696 110 1727
b106 47 1476 81 1515
b107 135 462 180 478
b108 12 2301 45 2313
b109 172 924 184 946
b110 67 746 111 769
b111 56 2438 74 2451
b112 77 1844 95 1890
b113 40 2131 83 2159
b114 47 1515 86 1534
b115 119 1730 156 1760
b116 100 1526 137 1568
b117 159 43 183 80
b118 86 1050 125 1085
b119 50 1660 74 1696
b120 146 1471 161 1516
b121 110 1610 142 1655
b122 143 1684 186 1714
b123 169 554 182 589
b124 68 1805 81 1844
b125 94 1351 112 1379
b126 137 896 175 924
b127 100 287 124 309
b128 101 922 137 947
b129 112 1158 156 1204
b130 92 596 136 641
b131 20 2438 56 2458
b132 134 2065 172 2081
b133 20 2458 34 2470
b134 136 588 165 604
b135 68 1727 83 1764
b136 119 443 143 462
b137 25 863 47 881
b138 183 270 213 292
b139 110 1684 143 1715
b140 0 1762 12 1778
b141 142 1650 167 1684
b142 117 1421 144 1467
b143 55 382 101 426
b144 39 1992 64 2021
b145 77 1890 122 1924
b146 67 1534 100 1568
b147 64 2037 76 2068
b148 100 1501 117 1526
b149 80 1568 102 1590
b150 67 1568 80 1598
b151 133 1020 149 1047
b152 114 1388 147 1421
b153 125 1008 165 1020
b154 177 190 219 234
b155 62 818 74 831
b156 43 2381 62 2423
b157 72 1379 114 1391
b158 106 334 134 351
b159 53 1844 77 1880
b160 74 818 86 854
b161 207 370 226 401
b162 95 1809 125 1821
b163 74 985 120 1032
b164 55 0 87 27
b165 53 1924 94 1957
b166 12 2289 48 2301
b167 125 994 172 1008
b168 68 2261 105 2286
b169 39 2103 85 2131
b170 124 62 146 107
b171 25 1712 60 1746
b172 0 2470 31 2495
b173 185 0 227 22
b174 47 1314 72 1334
b175 88 2324 122 2336
b176 126 641 146 657
b177 87 351 108 382
b178 0 2350 20 2366
b179 132 223 177 264
b180 132 301 151 322
b181 169 114 184 156
b182 126 322 159 334
b183 55 426 92 442
b184 149 114 169 133
b185 87 255 100 299
b186 160 1423 173 1471
b187 92 681 114 705
b188 142 1610 166 1650
b189 68 1785 99 1805
b190 219 56 256 90
b191 94 1314 136 1351
b192 0 2495 22 2523
b193 96 1204 138 1247
b194 62 1247 104 1290
b195 0 0 25 36
b196 0 1746 39 1762
b197 160 1388 207 1423
b198 73 1620 95 1660
b199 92 641 126 681
