316559.25
430618.5
202500
450 450
31.602025
b0 315 131 331 167
b1 166 74 205 93
b2 386 0 427 35
b3 371 134 389 181
b4 90 74 122 100
b5 333 81 368 112
b6 221 341 234 370
b7 0 0 21 28
b8 82 422 114 437
b9 0 78 34 124
b10 330 355 362 400
b11 90 60 126 74
b12 48 59 90 95
b13 387 35 435 80
b14 20 237 45 252
b15 362 308 407 354
b16 315 109 333 131
b17 247 123 280 149
b18 247 56 266 90
b19 166 93 196 105
b20 394 228 427 256
b21 37 143 81 182
b22 268 274 294 313
b23 126 58 166 83
b24 90 100 115 115
b25 350 0 386 36
b26 64 334 107 359
b27 34 385 68 400
b28 266 36 304 82
b29 126 46 163 58
b30 238 311 265 328
b31 20 205 57 221
b32 238 348 270 371
b33 316 224 352 242
b34 316 192 354 211
b35 31 303 64 318
b36 280 123 308 135
b37 20 221 41 237
b38 37 33 70 59
b39 389 80 431 110
b40 82 138 110 179
b41 15 189 31 205
b42 411 256 430 300
b43 247 149 287 183
b44 354 209 381 225
b45 107 297 121 334
b46 304 44 319 92
b47 81 124 104 138
b48 126 374 150 400
b49 64 303 104 334
b50 31 318 64 360
b51 33 276 81 303
b52 55 239 82 276
b53 166 213 184 230
b54 184 213 200 256
b55 61 95 74 141
b56 57 217 82 239
b57 129 129 148 177
b58 346 400 365 441
b59 82 179 128 225
b60 293 325 323 360
b61 0 360 34 393
b62 0 144 37 189
b63 71 22 86 57
b64 126 327 174 374
b65 141 404 174 434
b66 186 341 217 372
b67 166 37 210 74
b68 57 182 81 217
b69 381 209 419 228
b70 210 158 246 172
b71 323 313 357 355
b72 37 0 71 33
b73 270 398 288 436
b74 148 129 166 158
b75 223 172 246 199
b76 174 320 186 334
b77 288 419 304 443
b78 203 204 246 230
b79 128 222 165 241
b80 0 224 15 238
b81 203 172 223 204
b82 210 59 243 91
b83 0 125 37 144
b84 166 0 209 37
b85 200 245 237 293
b86 291 173 315 197
b87 228 13 247 58
b88 82 269 125 297
b89 0 189 12 224
b90 126 303 171 327
b91 405 399 449 427
b92 269 232 293 274
b93 128 282 171 303
b94 165 244 180 260
b95 270 362 295 398
b96 266 98 311 123
b97 193 372 221 397
b98 365 396 381 422
b99 273 325 293 362
b100 419 182 444 209
b101 194 293 234 341
b102 287 135 312 173
b103 128 178 160 210
b104 278 0 303 36
b105 24 400 66 431
b106 258 198 297 232
b107 66 400 82 445
b108 246 198 258 231
b109 253 34 265 56
b110 82 399 126 422
b111 115 129 128 147
b112 210 13 228 59
b113 389 110 432 138
b114 297 197 316 236
b115 238 252 268 289
b116 166 132 203 174
b117 0 393 24 430
b118 166 174 201 213
b119 234 371 270 395
b120 246 183 291 198
b121 294 281 339 313
b122 150 374 193 404
b123 126 33 161 46
b124 150 83 163 122
b125 180 256 198 284
b126 95 22 123 60
b127 33 252 55 276
b128 34 360 70 385
b129 304 0 350 44
b130 389 138 434 182
b131 174 284 194 320
b132 266 82 304 98
b133 166 230 178 244
b134 74 95 90 124
b135 201 230 238 245
b136 331 134 350 158
b137 107 334 125 356
b138 95 0 125 22
b139 378 277 411 308
b140 288 407 304 419
b141 253 0 278 34
b142 366 182 412 209
b143 82 225 128 269
b144 128 257 157 282
b145 353 36 387 81
b146 340 252 374 285
b147 0 327 31 339
b148 247 90 264 115
b149 157 260 179 282
b150 316 211 346 224
b151 21 0 37 27
b152 0 269 33 302
b153 174 334 186 374
b154 221 395 265 437
b155 257 232 269 245
b156 0 59 42 78
b157 266 313 308 325
b158 354 134 371 162
b159 316 242 340 278
b160 198 93 210 129
b161 110 147 129 178
b162 319 79 331 109
b163 174 404 221 450
b164 166 105 198 132
b165 125 0 166 33
b166 407 342 443 354
b167 34 78 48 125
b168 315 167 352 192
b169 122 83 150 129
b170 294 236 316 281
b171 319 44 353 79
b172 0 302 31 327
b173 333 112 375 134
b174 430 209 450 234
b175 128 210 162 222
b176 238 328 254 348
b177 374 256 405 277
b178 37 182 57 198
b179 407 354 448 399
b180 238 231 257 252
b181 126 400 141 442
b182 354 162 366 195
b183 128 241 165 257
b184 254 328 273 348
b185 209 0 253 13
b186 48 95 61 143
b187 71 0 95 22
b188 354 228 394 252
b189 0 238 20 269
b190 407 308 444 342
b191 210 91 247 133
b192 238 289 266 311
b193 362 354 405 396
b194 304 407 346 450
b195 210 133 246 158
b196 339 285 378 301
b197 295 360 330 407
b198 104 359 126 399
b199 70 359 104 399
