305091
410832
199350
443 450
28.585626
b0 99 79 135 95
b1 134 270 173 289
b2 357 336 398 371
b3 395 191 442 209
b4 68 382 100 408
b5 322 345 357 376
b6 42 189 55 218
b7 142 152 170 173
b8 34 355 66 370
b9 221 411 267 445
b10 176 412 221 444
b11 373 0 387 36
b12 0 204 42 240
b13 350 291 398 336
b14 92 297 107 322
b15 394 209 439 255
b16 225 25 247 43
b17 217 267 250 293
b18 143 42 177 61
b19 225 143 255 155
b20 408 163 441 191
b21 307 175 351 214
b22 189 230 215 269
b23 208 155 248 180
b24 387 106 412 121
b25 0 0 36 36
b26 93 165 136 190
b27 0 301 15 335
b28 187 103 225 149
b29 0 240 37 252
b30 177 44 204 61
b31 225 103 241 140
b32 33 301 65 324
b33 15 301 33 337
b34 266 190 304 209
b35 408 148 441 163
b36 336 376 364 388
b37 21 82 37 103
b38 351 265 384 291
b39 307 145 349 175
b40 225 190 266 218
b41 143 61 159 77
b42 189 149 208 193
b43 202 340 242 374
b44 248 174 275 190
b45 120 234 134 271
b46 323 47 371 62
b47 37 89 60 103
b48 159 103 185 127
b49 57 58 97 89
b50 0 171 42 204
b51 93 138 141 165
b52 0 252 37 279
b53 307 382 324 400
b54 307 214 350 230
b55 389 58 435 71
b56 351 160 373 185
b57 155 319 174 367
b58 196 321 237 340
b59 280 62 326 108
b60 250 255 280 290
b61 99 46 133 79
b62 278 24 323 61
b63 60 89 95 104
b64 142 222 189 270
b65 134 289 167 319
b66 34 324 65 355
b67 307 108 351 145
b68 292 0 327 24
b69 351 106 370 144
b70 0 370 36 384
b71 407 348 441 390
b72 394 255 428 288
b73 116 377 134 415
b74 285 349 314 367
b75 107 297 134 320
b76 331 333 345 345
b77 121 417 145 433
b78 174 270 217 296
b79 280 254 299 291
b80 278 0 292 15
b81 36 402 68 422
b82 275 157 307 190
b83 42 260 79 279
b84 351 228 394 265
b85 202 374 250 411
b86 307 313 331 337
b87 331 288 350 333
b88 208 60 236 103
b89 174 351 186 386
b90 55 150 79 195
b91 365 386 393 430
b92 92 273 134 297
b93 256 24 277 67
b94 186 397 202 412
b95 220 0 256 25
b96 196 296 241 321
b97 149 367 174 395
b98 186 351 202 377
b99 156 395 176 432
b100 49 0 74 27
b101 42 220 90 260
b102 95 95 133 120
b103 36 370 68 402
b104 74 0 99 36
b105 159 61 190 103
b106 241 109 280 143
b107 45 279 90 295
b108 215 255 248 267
b109 49 27 71 39
b110 36 422 80 445
b111 280 144 298 157
b112 93 120 139 138
b113 351 200 394 228
b114 0 101 19 140
b115 0 141 37 171
b116 241 67 278 109
b117 135 77 159 114
b118 399 71 438 106
b119 189 193 225 217
b120 104 362 149 377
b121 398 316 443 348
b122 68 327 111 357
b123 189 217 224 230
b124 42 150 55 189
b125 190 61 208 89
b126 21 103 49 141
b127 174 296 196 320
b128 68 357 104 382
b129 99 0 143 46
b130 326 62 371 106
b131 143 22 179 42
b132 373 42 389 80
b133 385 80 399 92
b134 371 110 387 139
b135 285 367 322 382
b136 331 264 350 288
b137 285 313 307 331
b138 27 48 57 70
b139 300 264 331 297
b140 124 190 136 206
b141 55 195 89 220
b142 0 36 27 82
b143 49 104 93 150
b144 90 202 119 227
b145 266 209 300 254
b146 0 337 34 370
b147 93 190 124 202
b148 170 152 187 177
b149 134 395 156 417
b150 195 31 225 44
b151 389 42 416 58
b152 156 177 189 210
b153 104 377 116 417
b154 111 320 155 362
b155 324 376 336 389
b156 57 39 99 58
b157 183 0 195 42
b158 398 288 415 316
b159 0 384 36 408
b160 79 150 91 186
b161 255 143 274 174
b162 373 80 385 110
b163 327 0 373 47
b164 65 295 92 327
b165 80 417 121 450
b166 285 337 321 349
b167 142 173 156 220
b168 141 127 178 152
b169 92 227 120 273
b170 0 279 45 301
b171 373 153 408 187
b172 195 0 220 31
b173 412 106 434 148
b174 387 121 412 141
b175 371 141 405 153
b176 186 377 202 397
b177 174 320 195 351
b178 351 144 371 160
b179 324 389 365 434
b180 0 82 21 101
b181 365 371 407 386
b182 156 210 189 222
b183 204 44 241 60
b184 37 70 57 89
b185 351 187 395 200
b186 36 0 49 48
b187 256 0 278 24
b188 241 293 281 317
b189 0 408 31 428
b190 307 230 344 264
b191 224 218 266 255
b192 120 206 142 234
b193 242 317 285 359
b194 387 0 430 42
b195 280 108 305 144
b196 281 297 320 313
b197 250 359 285 406
b198 143 0 183 22
b199 267 406 307 440
