229917.0507812
232662.5
205208
452 454
3.315842
b0 291 288 334 321
b1 374 0 439 37
b2 0 0 53 34
b3 0 360 37 427
b4 63 132 82 161
b5 287 147 326 196
b6 367 317 385 357
b7 37 377 59 417
b8 237 81 287 143
b9 118 286 159 302
b10 326 147 344 199
b11 159 119 218 158
b12 326 199 387 227
b13 161 338 209 395
b14 277 332 320 395
b15 385 350 444 402
b16 385 402 442 438
b17 177 158 221 224
b18 177 224 228 272
b19 193 404 224 454
b20 397 243 434 262
b21 123 222 173 286
b22 0 311 34 360
b23 430 37 450 86
b24 385 287 413 332
b25 391 37 430 91
b26 56 322 96 377
b27 384 262 449 287
b28 318 413 364 452
b29 335 227 397 251
b30 251 334 277 358
b31 97 222 123 256
b32 54 203 97 256
b33 344 140 366 175
b34 105 118 159 145
b35 275 196 313 227
b36 391 158 430 225
b37 430 158 450 218
b38 0 109 57 132
b39 0 202 52 257
b40 251 358 277 387
b41 96 335 151 362
b42 0 149 62 202
b43 113 0 174 46
b44 253 0 318 47
b45 268 288 291 332
b46 34 311 56 350
b47 96 302 161 335
b48 0 82 57 109
b49 344 75 391 140
b50 163 87 230 119
b51 287 109 344 147
b52 221 147 275 192
b53 97 256 118 299
b54 385 332 446 350
b55 295 53 329 109
b56 0 132 63 149
b57 397 225 444 243
b58 249 47 295 81
b59 105 185 155 222
b60 344 175 384 198
b61 82 132 105 165
b62 53 0 113 19
b63 413 287 449 332
b64 57 82 104 132
b65 105 62 162 118
b66 268 227 335 288
b67 213 0 253 44
b68 53 19 105 82
b69 27 257 54 311
b70 209 338 251 380
b71 155 158 177 222
b72 96 362 157 423
b73 391 91 452 158
b74 62 165 104 203
b75 218 119 237 147
b76 157 431 190 453
b77 189 272 246 338
b78 161 395 193 431
b79 163 46 223 87
b80 105 46 163 62
b81 105 145 155 185
b82 320 321 367 378
b83 173 272 189 294
b84 246 267 268 334
b85 318 33 343 53
b86 228 211 265 267
b87 174 0 213 44
b88 0 34 37 58
b89 0 257 27 295
b90 224 404 263 437
b91 318 0 374 33
b92 223 44 249 60
b93 320 378 385 413
b94 277 395 318 454
b95 221 192 272 211
b96 56 256 96 322
b97 209 387 276 404
b98 329 53 391 75
b99 335 251 384 317
