1186015
1718234
653796
254 2574
215.158549
b0 18 1474 54 1490
b1 92 592 111 631
b2 70 871 111 906
b3 111 592 129 639
b4 169 67 195 99
b5 92 1666 127 1697
b6 117 1537 146 1550
b7 117 1593 145 1614
b8 18 34 50 49
b9 105 1477 151 1511
b10 144 99 189 131
b11 117 366 131 402
b12 144 0 180 42
b13 79 1090 127 1135
b14 94 930 109 955
b15 95 534 140 580
b16 134 918 152 940
b17 111 0 144 26
b18 155 260 189 279
b19 90 1308 120 1320
b20 87 309 115 342
b21 131 380 175 419
b22 63 1455 89 1494
b23 85 1930 125 1955
b24 175 400 200 415
b25 50 1241 86 1277
b26 69 1204 112 1229
b27 118 276 152 291
b28 80 1892 126 1930
b29 210 0 222 37
b30 36 1848 53 1875
b31 118 260 155 276
b32 54 1336 77 1368
b33 112 946 130 982
b34 122 1743 141 1781
b35 118 291 133 324
b36 95 580 123 592
b37 111 1023 127 1044
b38 89 1413 122 1439
b39 54 1413 84 1455
b40 44 2122 72 2163
b41 63 1525 79 1541
b42 73 1608 92 1652
b43 149 721 189 755
b44 95 1955 122 1971
b45 0 2321 14 2358
b46 150 365 198 380
b47 131 419 154 433
b48 70 930 94 956
b49 136 793 176 824
b50 117 324 150 366
b51 102 1844 129 1892
b52 12 2284 39 2321
b53 70 956 87 974
b54 152 349 195 365
b55 189 260 202 306
b56 92 678 114 703
b57 73 2270 92 2318
b58 122 1397 141 1438
b59 79 1044 125 1090
b60 30 2163 60 2198
b61 99 1363 132 1397
b62 36 2031 73 2076
b63 36 1875 51 1910
b64 144 212 191 260
b65 0 2498 30 2531
b66 117 1562 148 1593
b67 51 1994 95 2031
b68 136 769 171 793
b69 89 1439 108 1477
b70 95 402 131 416
b71 18 0 60 34
b72 37 2421 71 2454
b73 114 466 132 504
b74 50 974 79 992
b75 18 1490 41 1517
b76 30 2122 44 2134
b77 140 482 164 498
b78 114 1320 140 1363
b79 50 1204 69 1241
b80 141 1743 155 1758
b81 115 1274 147 1294
b82 53 1930 85 1963
b83 93 1743 112 1780
b84 60 790 103 827
b85 14 2356 62 2393
b86 66 1180 90 1204
b87 18 1455 63 1474
b88 0 2531 28 2574
b89 152 1581 164 1616
b90 55 2246 100 2270
b91 36 1820 80 1848
b92 80 1820 122 1844
b93 117 1697 160 1718
b94 99 1320 114 1336
b95 54 1541 90 1566
b96 92 1537 117 1582
b97 81 1135 106 1163
b98 57 2076 73 2102
b99 175 380 212 400
b100 60 0 87 25
b101 55 2198 95 2246
b102 111 826 136 864
b103 79 974 111 1006
b104 117 1718 153 1743
b105 63 1494 105 1525
b106 111 639 145 678
b107 54 1320 99 1336
b108 30 2498 63 2510
b109 134 1111 146 1133
b110 41 1585 85 1608
b111 154 419 172 432
b112 12 1669 30 1715
b113 12 2198 55 2226
b114 148 1562 187 1581
b115 180 37 217 67
b116 36 1644 73 1686
b117 13 2461 37 2498
b118 146 1511 185 1546
b119 18 1608 42 1644
b120 66 1135 81 1180
b121 60 376 92 421
b122 92 1614 135 1644
b123 0 2358 13 2393
b124 134 1072 147 1111
b125 0 0 18 28
b126 14 2393 52 2421
b127 104 1644 128 1666
b128 0 1644 36 1669
b129 73 1697 117 1743
b130 90 1229 134 1274
b131 54 1277 90 1297
b132 146 1546 184 1562
b133 114 678 128 690
b134 60 421 89 437
b135 100 265 115 302
b136 54 1566 78 1585
b137 57 2102 79 2120
b138 180 0 210 22
b139 111 202 144 233
b140 59 2270 71 2286
b141 90 1274 115 1308
b142 30 2076 57 2122
b143 60 827 106 871
b144 111 864 136 893
b145 89 725 134 759
b146 111 168 144 202
b147 61 2286 73 2317
b148 135 1614 152 1639
b149 92 703 114 725
b150 114 504 127 534
b151 50 992 66 1019
b152 131 433 164 466
b153 160 1651 200 1663
b154 190 99 232 143
b155 92 1644 104 1657
b156 147 1072 166 1114
b157 70 918 112 930
b158 61 2318 89 2335
b159 87 0 111 36
b160 0 1669 12 1705
b161 89 759 108 790
b162 87 253 117 265
b163 153 165 199 212
b164 62 2335 94 2362
b165 185 849 226 882
b166 18 1277 54 1289
b167 12 2270 59 2284
b168 111 893 148 918
b169 125 1044 171 1072
b170 200 882 222 927
b171 60 342 95 376
b172 156 824 187 849
b173 212 143 254 165
b174 144 42 169 62
b175 90 1525 124 1537
b176 50 871 70 887
b177 53 1963 74 1994
b178 73 1743 93 1759
b179 111 982 156 1023
b180 95 416 114 437
b181 73 2031 88 2073
b182 135 1639 168 1651
b183 132 466 169 482
b184 122 1781 142 1800
b185 87 265 100 309
b186 136 721 149 769
b187 80 1844 102 1868
b188 13 2421 37 2461
b189 87 233 118 253
b190 153 131 190 165
b191 111 131 153 168
b192 112 918 134 946
b193 134 678 176 721
b194 155 306 197 349
b195 103 790 128 826
b196 77 1397 116 1413
b197 14 2321 61 2356
b198 129 580 151 620
b199 73 1780 107 1820
