307906.25
413762.5
202050
449 450
46.110778
b0 366 116 402 132
b1 186 68 225 87
b2 396 387 431 428
b3 383 236 430 254
b4 169 120 195 152
b5 404 323 439 354
b6 404 144 433 157
b7 0 121 28 142
b8 54 0 69 32
b9 224 296 258 342
b10 169 409 214 441
b11 216 395 252 409
b12 12 0 54 36
b13 351 388 396 436
b14 68 434 93 449
b15 0 249 46 294
b16 242 186 260 208
b17 263 186 296 212
b18 317 64 351 83
b19 291 409 303 439
b20 396 354 424 387
b21 341 197 385 236
b22 258 302 284 341
b23 112 188 137 228
b24 370 83 385 108
b25 131 61 167 97
b26 67 168 110 193
b27 37 347 71 362
b28 137 190 175 236
b29 0 0 12 37
b30 324 367 351 384
b31 170 304 186 341
b32 37 362 69 385
b33 225 77 261 95
b34 355 336 374 374
b35 308 169 341 184
b36 374 347 386 375
b37 175 99 191 120
b38 386 62 419 88
b39 251 342 293 372
b40 195 122 236 150
b41 69 0 85 16
b42 200 0 219 44
b43 352 43 386 83
b44 224 342 251 358
b45 71 378 108 392
b46 394 47 442 62
b47 261 288 284 302
b48 110 0 136 24
b49 85 36 125 67
b50 312 0 345 42
b51 85 113 112 161
b52 186 314 223 341
b53 41 433 59 450
b54 341 274 384 290
b55 366 157 412 170
b56 303 289 325 314
b57 242 167 290 186
b58 0 431 41 450
b59 85 67 131 113
b60 135 236 170 266
b61 70 193 104 226
b62 70 228 115 265
b63 50 36 85 51
b64 37 51 85 98
b65 136 0 169 30
b66 242 136 273 167
b67 385 197 429 234
b68 46 237 70 272
b69 330 384 349 422
b70 147 35 183 49
b71 175 217 217 251
b72 332 99 366 132
b73 186 296 224 314
b74 212 196 241 214
b75 235 372 262 395
b76 263 124 277 136
b77 119 259 135 283
b78 220 96 263 122
b79 284 289 303 326
b80 170 290 185 304
b81 42 401 62 433
b82 280 0 312 33
b83 0 347 37 366
b84 402 88 445 125
b85 0 73 37 121
b86 195 44 219 68
b87 404 125 449 144
b88 219 0 247 43
b89 0 386 12 421
b90 218 214 263 238
b91 0 294 44 322
b92 71 354 113 378
b93 145 147 166 190
b94 93 434 109 449
b95 287 33 312 69
b96 295 249 340 274
b97 214 409 242 434
b98 42 385 68 401
b99 0 366 37 386
b100 303 409 330 434
b101 42 120 82 168
b102 366 132 404 157
b103 377 291 409 323
b104 293 330 318 366
b105 293 367 324 409
b106 338 290 377 324
b107 169 152 214 168
b108 135 313 168 325
b109 306 93 318 115
b110 46 272 69 316
b111 182 0 200 13
b112 219 43 265 61
b113 263 96 306 124
b114 169 168 208 187
b115 175 187 212 217
b116 341 236 383 273
b117 170 385 207 409
b118 409 254 448 289
b119 281 69 317 93
b120 12 386 27 431
b121 186 251 218 296
b122 68 392 111 422
b123 169 0 182 35
b124 325 289 338 328
b125 167 49 195 67
b126 141 405 169 443
b127 42 168 66 190
b128 0 322 36 347
b129 170 341 216 385
b130 296 205 341 249
b131 0 37 20 73
b132 332 83 370 99
b133 355 374 367 388
b134 308 184 337 200
b135 27 386 42 423
b136 385 323 404 347
b137 42 219 64 237
b138 111 405 141 427
b139 263 212 296 243
b140 110 24 126 36
b141 37 322 71 347
b142 264 385 291 431
b143 113 347 157 393
b144 42 190 67 219
b145 261 243 295 288
b146 112 154 145 188
b147 113 393 144 405
b148 384 274 409 291
b149 111 427 133 449
b150 262 372 292 385
b151 339 324 355 351
b152 247 0 280 33
b153 68 422 108 434
b154 71 265 115 307
b155 37 36 50 48
b156 0 185 42 204
b157 157 325 169 367
b158 385 88 402 116
b159 145 111 169 147
b160 296 169 308 205
b161 167 67 186 98
b162 355 324 385 336
b163 394 0 440 47
b164 377 170 409 197
b165 112 113 145 154
b166 252 395 264 431
b167 318 83 332 130
b168 341 132 366 169
b169 214 150 242 196
b170 111 325 156 347
b171 412 157 446 192
b172 85 0 110 31
b173 277 124 299 166
b174 383 254 408 274
b175 186 87 220 99
b176 323 328 339 348
b177 126 30 147 61
b178 303 314 323 330
b179 0 204 41 249
b180 318 348 339 367
b181 295 274 337 289
b182 223 358 235 391
b183 225 61 262 77
b184 261 77 281 96
b185 131 98 175 111
b186 71 307 119 320
b187 265 33 287 57
b188 218 238 258 262
b189 115 228 135 259
b190 224 262 261 296
b191 299 132 341 169
b192 37 98 65 120
b193 0 142 42 185
b194 352 0 394 43
b195 341 170 377 195
b196 170 251 186 290
b197 135 266 170 313
b198 312 42 352 64
b199 71 320 111 354
