295669
389738
201600
448 450
161.521874
b0 176 43 212 59
b1 184 346 223 365
b2 392 45 433 80
b3 430 203 448 250
b4 184 365 216 391
b5 393 129 428 160
b6 65 156 94 169
b7 326 319 347 347
b8 82 356 97 388
b9 332 270 378 304
b10 106 417 151 449
b11 236 164 272 178
b12 52 215 94 251
b13 383 0 431 45
b14 0 365 15 390
b15 132 151 177 197
b16 166 304 188 322
b17 299 293 332 319
b18 98 130 132 149
b19 249 152 279 164
b20 371 171 404 199
b21 287 72 326 116
b22 287 320 326 346
b23 135 221 175 246
b24 168 201 193 216
b25 236 178 272 214
b26 0 322 25 365
b27 0 390 15 424
b28 260 254 306 292
b29 56 251 93 263
b30 334 151 351 178
b31 271 320 287 357
b32 61 300 93 323
b33 0 215 36 233
b34 287 132 325 151
b35 148 117 181 132
b36 403 116 431 128
b37 132 130 148 151
b38 201 101 227 134
b39 134 0 176 30
b40 220 40 261 68
b41 177 185 193 201
b42 37 260 56 304
b43 97 149 131 189
b44 148 132 175 148
b45 306 247 320 284
b46 220 68 268 83
b47 145 246 168 260
b48 226 246 250 272
b49 0 130 31 170
b50 98 42 131 84
b51 65 108 92 156
b52 243 0 280 27
b53 114 244 132 261
b54 351 196 367 239
b55 280 0 326 13
b56 227 107 249 132
b57 387 276 406 324
b58 151 402 170 443
b59 98 84 144 130
b60 106 276 141 306
b61 61 323 95 356
b62 249 107 286 152
b63 390 241 405 276
b64 95 306 143 353
b65 151 331 184 361
b66 65 169 96 200
b67 326 114 370 151
b68 248 83 283 107
b69 406 240 425 278
b70 96 214 132 228
b71 316 386 358 420
b72 160 84 194 117
b73 15 365 33 403
b74 175 216 193 245
b75 143 304 166 331
b76 175 245 189 257
b77 184 391 208 407
b78 325 208 351 251
b79 181 136 218 155
b80 280 37 294 52
b81 37 407 69 427
b82 65 33 97 66
b83 302 13 339 32
b84 193 185 236 222
b85 214 401 262 438
b86 226 222 250 246
b87 351 151 370 196
b88 287 358 315 401
b89 287 346 322 358
b90 58 276 103 300
b91 316 358 360 386
b92 97 353 139 377
b93 37 154 58 197
b94 223 385 238 401
b95 411 80 436 116
b96 156 59 201 84
b97 189 287 217 312
b98 238 385 264 401
b99 82 388 102 425
b100 37 83 64 108
b101 102 377 150 417
b102 131 30 156 68
b103 360 351 392 383
b104 218 0 243 36
b105 65 66 96 108
b106 0 42 34 81
b107 37 357 82 373
b108 228 302 261 314
b109 356 241 368 263
b110 0 427 44 450
b111 243 27 261 40
b112 288 208 306 254
b113 404 160 432 203
b114 306 208 325 247
b115 181 155 218 185
b116 0 0 37 42
b117 0 81 37 105
b118 353 45 392 80
b119 132 197 168 221
b120 37 215 52 260
b121 358 386 403 418
b122 228 320 271 350
b123 218 150 231 185
b124 347 338 386 351
b125 37 197 65 215
b126 261 292 299 320
b127 37 335 61 357
b128 70 425 106 450
b129 288 151 334 195
b130 339 0 383 45
b131 98 0 134 20
b132 287 116 325 132
b133 332 195 346 207
b134 144 84 160 113
b135 106 261 143 276
b136 332 251 356 270
b137 210 312 228 334
b138 238 272 260 302
b139 0 291 33 322
b140 139 353 151 369
b141 328 45 353 79
b142 37 108 64 154
b143 143 260 189 304
b144 0 190 29 215
b145 326 80 371 114
b146 193 222 226 256
b147 65 200 96 212
b148 405 223 430 240
b149 188 312 210 334
b150 208 272 238 285
b151 218 134 245 150
b152 65 0 98 33
b153 184 334 224 346
b154 170 407 214 449
b155 132 246 145 258
b156 201 59 220 101
b157 320 251 332 293
b158 261 27 278 55
b159 0 233 36 257
b160 432 116 444 152
b161 189 256 208 287
b162 261 55 291 67
b163 392 324 439 370
b164 371 102 403 129
b165 151 361 184 402
b166 25 322 37 358
b167 274 206 288 253
b168 37 46 62 83
b169 37 0 65 46
b170 37 373 82 395
b171 294 37 328 72
b172 0 105 31 130
b173 371 129 393 171
b174 405 203 430 223
b175 378 241 390 275
b176 94 244 114 260
b177 37 304 58 335
b178 131 68 151 84
b179 271 401 316 442
b180 227 83 248 102
b181 272 164 287 206
b182 37 395 70 407
b183 271 357 287 394
b184 181 117 201 136
b185 288 195 332 208
b186 58 263 106 276
b187 280 13 302 37
b188 250 214 274 254
b189 0 170 31 190
b190 0 257 37 291
b191 367 199 404 241
b192 98 20 126 42
b193 176 0 218 43
b194 406 278 448 321
b195 96 189 132 214
b196 96 228 135 244
b197 224 350 271 385
b198 371 80 411 102
b199 347 304 387 338
