439246.5
439246.5
202050
450 449
115.233975
b0 423 148 439 184
b1 92 59 111 98
b2 46 103 87 138
b3 432 304 450 351
b4 20 79 46 111
b5 169 369 200 404
b6 403 304 432 317
b7 194 197 215 225
b8 297 301 312 333
b9 0 310 46 344
b10 46 233 78 278
b11 289 47 303 83
b12 158 298 200 334
b13 92 120 137 168
b14 121 359 146 374
b15 46 161 92 206
b16 423 130 445 148
b17 385 190 411 223
b18 92 205 126 224
b19 269 0 299 12
b20 312 307 345 335
b21 82 322 121 366
b22 260 214 299 240
b23 92 180 132 205
b24 267 140 292 155
b25 345 0 381 36
b26 169 174 194 217
b27 46 0 61 34
b28 245 296 291 334
b29 242 334 254 371
b30 137 172 164 189
b31 262 259 278 296
b32 46 389 78 412
b33 46 347 82 365
b34 262 240 300 259
b35 82 366 115 381
b36 200 377 228 389
b37 92 269 113 285
b38 82 381 115 407
b39 345 138 387 168
b40 409 57 437 98
b41 0 116 16 132
b42 223 135 267 154
b43 407 251 447 285
b44 123 332 139 359
b45 209 81 223 118
b46 146 0 161 48
b47 387 104 401 127
b48 381 44 407 68
b49 192 0 232 31
b50 216 154 258 187
b51 123 271 171 298
b52 302 213 339 240
b53 371 270 388 288
b54 250 373 293 389
b55 391 337 404 383
b56 236 274 261 296
b57 315 259 334 307
b58 0 245 41 264
b59 0 264 46 310
b60 168 334 198 369
b61 46 281 80 314
b62 244 70 289 107
b63 309 390 344 405
b64 339 223 387 270
b65 381 0 414 30
b66 279 334 310 365
b67 310 335 354 372
b68 161 35 185 70
b69 326 173 345 211
b70 0 389 36 403
b71 345 104 387 138
b72 46 314 80 347
b73 0 207 38 225
b74 174 0 192 29
b75 155 243 178 270
b76 381 30 393 44
b77 293 380 309 404
b78 298 147 341 173
b79 278 259 297 296
b80 183 99 197 114
b81 162 217 194 237
b82 267 107 299 140
b83 302 240 339 259
b84 80 285 123 322
b85 354 324 391 372
b86 345 300 369 324
b87 403 285 448 304
b88 46 75 89 103
b89 31 111 43 146
b90 0 344 24 389
b91 118 0 146 44
b92 48 412 90 436
b93 92 16 113 59
b94 293 365 309 380
b95 387 154 412 190
b96 200 299 245 324
b97 171 271 199 296
b98 92 0 118 16
b99 0 79 20 116
b100 92 244 119 269
b101 202 33 242 81
b102 412 226 450 251
b103 127 60 159 92
b104 345 36 381 61
b105 200 346 242 377
b106 223 240 262 274
b107 198 152 214 197
b108 232 0 244 33
b109 161 99 183 111
b110 46 138 90 161
b111 393 30 411 43
b112 309 372 355 390
b113 404 337 432 380
b114 388 223 407 262
b115 334 270 371 300
b116 260 177 302 214
b117 200 389 237 413
b118 130 396 169 431
b119 387 130 423 154
b120 116 92 161 107
b121 401 98 446 130
b122 345 61 375 104
b123 161 0 174 35
b124 345 205 384 218
b125 0 28 28 46
b126 169 404 197 442
b127 92 98 116 120
b128 345 168 370 204
b129 299 103 345 147
b130 215 187 260 231
b131 92 224 128 244
b132 186 31 202 69
b133 116 107 130 119
b134 139 334 168 350
b135 370 168 385 205
b136 371 288 390 312
b137 146 366 168 384
b138 209 413 231 443
b139 389 383 420 416
b140 146 384 162 396
b141 128 218 162 243
b142 46 206 92 233
b143 0 163 46 207
b144 161 70 186 99
b145 178 237 223 271
b146 183 118 216 152
b147 197 81 209 112
b148 254 334 279 351
b149 254 351 276 373
b150 132 205 162 218
b151 411 30 427 57
b152 244 37 277 70
b153 92 168 132 180
b154 293 405 337 447
b155 237 377 250 389
b156 137 153 179 172
b157 0 151 42 163
b158 381 68 409 85
b159 46 365 82 389
b160 391 262 403 298
b161 0 132 31 151
b162 391 298 403 328
b163 299 0 345 47
b164 123 244 155 271
b165 0 46 41 79
b166 197 413 209 449
b167 113 44 127 91
b168 244 0 269 37
b169 0 0 46 28
b170 24 344 46 389
b171 123 298 158 332
b172 61 0 92 25
b173 200 324 242 346
b174 403 317 428 337
b175 127 48 161 60
b176 231 413 251 429
b177 115 374 146 395
b178 146 350 166 366
b179 46 34 91 75
b180 179 153 198 174
b181 300 259 315 301
b182 36 412 48 445
b183 132 189 169 205
b184 381 85 401 104
b185 289 90 333 103
b186 78 233 91 281
b187 269 12 291 36
b188 302 173 326 213
b189 0 225 31 245
b190 355 372 389 409
b191 412 184 449 226
b192 242 107 264 135
b193 137 111 180 153
b194 303 47 345 90
b195 200 274 236 299
b196 223 81 239 120
b197 251 389 286 436
b198 258 155 298 177
b199 90 407 130 441
