1965040.25
2988100.5
941980
260 3623
899.758165
b0 54 2027 81 2042
b1 113 1339 140 1355
b2 157 1432 179 1458
b3 113 1391 134 1436
b4 46 1311 86 1356
b5 86 1155 102 1181
b6 152 204 190 231
b7 91 301 126 330
b8 62 932 83 968
b9 107 276 151 301
b10 64 495 79 526
b11 65 3226 106 3250
b12 162 1977 179 1996
b13 79 3169 112 3217
b14 100 546 144 567
b15 80 2097 114 2112
b16 156 853 201 895
b17 113 1436 154 1473
b18 165 231 208 275
b19 64 424 100 447
b20 140 1245 153 1262
b21 64 2330 92 2374
b22 65 2939 100 2968
b23 92 975 132 992
b24 164 104 182 128
b25 161 466 190 509
b26 65 2880 92 2898
b27 144 544 182 584
b28 100 2939 124 2951
b29 165 2086 194 2116
b30 13 3575 33 3603
b31 62 1275 94 1311
b32 96 1556 115 1578
b33 147 2188 192 2234
b34 91 655 120 667
b35 140 84 152 110
b36 91 0 118 30
b37 91 580 103 609
b38 187 509 208 528
b39 115 1556 127 1569
b40 121 1618 140 1665
b41 43 3383 79 3402
b42 56 3455 102 3480
b43 132 1012 171 1033
b44 76 3480 103 3504
b45 163 362 187 387
b46 64 2411 83 2424
b47 0 3535 42 3575
b48 84 3383 112 3417
b49 68 1668 92 1716
b50 156 895 175 909
b51 112 530 126 546
b52 165 2068 202 2086
b53 104 2845 140 2857
b54 132 1033 162 1067
b55 0 0 26 31
b56 34 2042 80 2073
b57 125 1929 172 1977
b58 92 1085 117 1110
b59 103 617 150 655
b60 116 2242 155 2258
b61 82 2608 113 2653
b62 118 110 164 146
b63 80 2242 116 2288
b64 114 2188 147 2203
b65 212 1347 225 1370
b66 122 231 164 276
b67 64 838 78 871
b68 72 1830 100 1875
b69 68 1641 104 1668
b70 208 312 224 357
b71 111 1497 145 1529
b72 188 1121 220 1136
b73 92 2880 104 2926
b74 68 1410 111 1444
b75 64 2374 84 2411
b76 105 1149 144 1185
b77 112 512 152 530
b78 106 3217 148 3233
b79 69 3067 109 3092
b80 92 1713 128 1728
b81 152 512 167 544
b82 126 301 165 325
b83 182 72 219 113
b84 42 3492 76 3530
b85 153 770 187 813
b86 91 380 130 424
b87 202 1491 247 1539
b88 112 1789 141 1833
b89 80 2288 100 2330
b90 111 1473 157 1497
b91 93 2824 136 2845
b92 112 2325 157 2372
b93 92 2330 112 2354
b94 153 834 184 853
b95 132 975 176 1012
b96 79 727 125 760
b97 126 325 166 340
b98 0 3575 13 3610
b99 172 1474 212 1491
b100 68 1743 112 1788
b101 200 1257 230 1293
b102 46 896 86 932
b103 64 2504 98 2538
b104 127 2411 169 2425
b105 160 2116 195 2149
b106 172 1491 184 1524
b107 125 2005 157 2020
b108 200 0 237 38
b109 34 2789 76 2835
b110 73 2653 112 2695
b111 129 866 142 887
b112 76 3358 106 3383
b113 118 146 154 170
b114 72 1929 106 1973
b115 80 3012 114 3034
b116 200 1328 228 1347
b117 34 2557 73 2578
b118 42 3530 86 3568
b119 65 2835 93 2880
b120 113 1355 149 1391
b121 0 1950 34 1988
b122 87 3303 130 3323
b123 46 3051 69 3087
b124 87 3323 118 3358
b125 117 424 163 466
b126 180 1245 202 1257
b127 140 1618 165 1661
b128 86 1311 130 1339
b129 31 2835 65 2857
b130 34 2073 64 2099
b131 140 1200 188 1245
b132 46 0 64 39
b133 23 3492 38 3535
b134 73 2695 107 2742
b135 115 1603 160 1618
b136 92 836 129 848
b137 201 825 222 853
b138 82 2538 124 2566
b139 103 580 139 617
b140 187 528 199 571
b141 86 1110 105 1155
b142 84 1788 111 1825
b143 92 2372 116 2397
b144 31 2857 46 2897
b145 162 1996 175 2041
b146 31 3193 79 3226
b147 53 3127 83 3169
b148 53 3435 71 3455
b149 134 1391 181 1413
b150 0 3282 23 3313
b151 93 2742 111 2784
b152 91 30 107 49
b153 46 1356 87 1386
b154 43 3248 65 3265
b155 139 584 164 598
b156 172 1458 200 1474
b157 96 1578 116 1603
b158 65 3250 88 3263
b159 183 1047 227 1079
b160 142 1067 169 1083
b161 46 2742 92 2789
b162 149 1262 180 1280
b163 124 2463 157 2485
b164 106 3233 142 3274
b165 83 2487 104 2504
b166 92 2411 126 2447
b167 88 799 124 836
b168 100 1833 124 1874
b169 129 936 153 975
b170 92 1668 121 1713
b171 93 2784 115 2824
b172 129 853 156 866
b173 121 1665 146 1697
b174 84 2447 127 2463
b175 107 231 122 247
b176 86 1212 119 1250
b177 203 275 244 312
b178 100 424 117 443
b179 26 1830 72 1864
b180 46 3087 65 3127
b181 26 1864 56 1892
b182 68 1386 113 1410
b183 197 895 230 934
b184 46 871 92 896
b185 64 0 91 34
b186 53 3402 84 3435
b187 120 655 156 693
b188 65 3263 102 3303
b189 117 466 161 478
b190 102 1185 139 1212
b191 145 1497 161 1531
b192 122 2140 151 2188
b193 157 2425 190 2442
b194 176 951 204 964
b195 92 2926 125 2939
b196 56 1986 97 2027
b197 125 1977 162 2005
b198 34 2538 82 2557
b199 0 1988 31 2024
b200 112 2288 155 2325
b201 91 330 117 359
b202 116 2372 150 2411
b203 140 0 155 28
b204 124 2485 165 2518
b205 176 936 197 951
b206 171 1012 213 1047
b207 43 3333 76 3361
b208 183 184 210 204
b209 80 2042 125 2078
b210 53 3169 66 3193
b211 68 1788 84 1800
b212 183 1079 204 1121
b213 100 1874 132 1888
b214 157 2041 174 2068
b215 153 813 182 834
b216 80 2078 122 2097
b217 26 0 46 48
b218 140 1185 183 1200
b219 128 1697 156 1715
b220 23 3402 53 3439
b221 125 2020 138 2065
b222 83 1250 117 1275
b223 179 1524 201 1543
b224 107 210 152 231
b225 68 1603 115 1641
b226 130 3274 169 3290
b227 159 72 172 104
b228 83 3092 104 3112
b229 129 770 153 818
b230 164 128 194 161
b231 68 1800 84 1830
b232 26 1386 68 1409
b233 46 932 62 945
b234 109 1067 142 1085
b235 129 1743 151 1789
b236 111 2710 138 2749
b237 117 340 138 380
b238 114 2203 141 2242
b239 163 340 203 362
b240 112 2653 135 2672
b241 84 2463 97 2487
b242 152 1083 174 1123
b243 91 693 128 727
b244 100 567 137 580
b245 155 48 191 72
b246 65 2968 88 3012
b247 79 760 115 799
b248 122 2078 165 2109
b249 142 909 177 936
b250 115 2749 146 2783
b251 0 3248 43 3282
b252 99 1973 118 2001
b253 88 3250 103 3263
b254 124 1833 148 1846
b255 105 1110 152 1149
b256 0 3610 21 3623
b257 112 1743 129 1776
b258 117 478 161 512
b259 182 813 208 825
b260 140 72 159 84
b261 100 443 112 488
b262 64 447 91 495
b263 149 1280 196 1326
b264 154 161 199 184
b265 92 1728 137 1743
b266 155 0 200 48
b267 46 3012 80 3051
b268 118 0 140 25
b269 124 2672 161 2690
b270 26 1935 49 1950
b271 26 1409 68 1433
b272 221 1293 245 1328
b273 200 1293 221 1323
b274 227 934 260 955
b275 31 3127 53 3155
b276 152 184 183 198
b277 34 2578 46 2625
b278 82 2566 95 2608
b279 125 727 164 770
b280 31 3226 62 3248
b281 72 1888 102 1906
b282 43 3303 87 3333
b283 111 2695 124 2710
b284 114 2951 144 2972
b285 80 3034 93 3067
b286 102 1888 138 1929
b287 148 2690 190 2711
b288 68 1444 96 1480
b289 23 3455 56 3492
b290 95 2566 111 2593
b291 26 1892 54 1935
b292 64 799 88 838
b293 157 1413 200 1432
b294 92 992 109 1018
b295 56 1973 99 1986
b296 111 1529 127 1556
b297 122 2109 160 2140
b298 118 170 151 210
b299 155 2234 168 2247
