230895.9453125
233901.5
203846
454 449
3.088429
b0 247 83 290 116
b1 353 218 418 255
b2 0 111 34 164
b3 34 0 71 67
b4 84 339 103 368
b5 337 40 386 79
b6 395 354 435 372
b7 77 407 99 447
b8 22 357 84 407
b9 247 44 288 60
b10 58 143 110 161
b11 127 153 166 212
b12 220 263 248 324
b13 312 79 369 127
b14 133 0 196 43
b15 395 302 454 354
b16 166 156 202 213
b17 235 341 301 385
b18 241 215 292 263
b19 71 112 121 143
b20 293 322 330 341
b21 241 118 305 168
b22 288 26 337 60
b23 82 290 102 339
b24 37 329 82 357
b25 166 286 220 325
b26 337 0 392 40
b27 386 101 451 126
b28 369 146 415 185
b29 248 298 310 322
b30 286 0 310 26
b31 133 119 159 153
b32 0 164 43 217
b33 290 83 312 118
b34 166 259 220 286
b35 0 407 31 445
b36 196 0 263 39
b37 187 95 247 115
b38 247 60 304 83
b39 190 43 245 95
b40 166 409 195 435
b41 0 56 27 111
b42 71 59 133 112
b43 103 272 164 318
b44 330 322 395 369
b45 263 0 286 44
b46 133 97 172 119
b47 313 257 346 322
b48 133 43 190 70
b49 387 255 452 302
b50 418 188 450 255
b51 277 385 315 442
b52 0 218 45 272
b53 71 0 92 43
b54 435 354 453 415
b55 0 0 34 56
b56 110 143 127 206
b57 51 272 98 290
b58 31 407 77 441
b59 0 291 37 341
b60 235 385 275 408
b61 415 145 448 168
b62 346 257 365 317
b63 315 369 360 405
b64 166 325 213 375
b65 43 161 99 218
b66 292 190 353 257
b67 392 0 436 40
b68 305 127 357 190
b69 133 70 187 97
b70 51 218 93 260
b71 166 387 230 409
b72 103 318 164 379
b73 386 40 453 101
b74 37 291 79 329
b75 415 126 443 145
b76 159 119 181 152
b77 99 379 165 436
b78 245 408 277 444
b79 181 115 241 156
b80 235 324 293 340
b81 195 409 245 449
b82 202 168 259 215
b83 0 341 22 357
b84 365 255 387 322
b85 415 168 440 188
b86 34 67 71 123
b87 202 215 241 259
b88 34 123 58 160
b89 166 213 193 251
b90 259 168 292 207
b91 357 185 413 218
b92 99 206 115 232
b93 248 263 313 298
b94 92 0 133 59
b95 0 272 51 291
b96 93 232 159 272
b97 369 79 386 146
b98 213 325 235 387
b99 360 372 426 421
