2013864.75
2975874.5
1051855
287 3665
941.462762
b0 46 3251 73 3266
b1 102 1498 129 1514
b2 117 615 139 641
b3 178 223 199 268
b4 98 1938 138 1983
b5 62 2501 78 2527
b6 106 2741 144 2768
b7 155 496 190 525
b8 86 3077 107 3113
b9 98 310 142 335
b10 66 1950 81 1981
b11 174 2237 215 2261
b12 140 1595 157 1614
b13 190 2261 223 2309
b14 67 1260 111 1281
b15 56 2975 90 2990
b16 112 746 157 788
b17 136 830 177 867
b18 79 3134 122 3178
b19 176 115 212 138
b20 65 1606 78 1623
b21 78 1606 106 1650
b22 155 467 190 496
b23 166 70 206 87
b24 102 1386 120 1410
b25 45 3486 74 3529
b26 41 2120 68 2138
b27 108 1020 146 1060
b28 181 1250 205 1262
b29 36 3050 65 3080
b30 0 3637 20 3665
b31 124 1106 156 1142
b32 57 2030 76 2052
b33 96 1142 141 1188
b34 112 2177 141 2189
b35 120 1386 132 1412
b36 190 391 217 421
b37 104 2293 116 2322
b38 15 3584 36 3603
b39 56 3037 68 3050
b40 169 1133 188 1180
b41 105 2430 141 2449
b42 54 2681 100 2706
b43 190 1262 229 1283
b44 176 352 203 376
b45 124 2916 148 2941
b46 102 1514 121 1527
b47 112 2023 154 2063
b48 110 1724 138 1758
b49 80 1717 104 1765
b50 97 2575 116 2589
b51 159 1296 173 1312
b52 90 689 127 707
b53 126 641 162 653
b54 12 3603 42 3637
b55 80 1861 106 1892
b56 67 3443 113 3474
b57 36 3178 83 3226
b58 74 3486 99 3511
b59 33 2082 80 2120
b60 127 689 166 705
b61 132 886 163 931
b62 126 653 172 689
b63 120 1758 156 1804
b64 176 376 209 391
b65 83 876 96 899
b66 98 0 140 45
b67 54 2633 68 2666
b68 108 829 136 874
b69 182 1913 218 1940
b70 65 1515 81 1560
b71 106 2768 140 2800
b72 177 780 209 795
b73 98 1892 110 1938
b74 130 580 173 614
b75 120 1428 140 1465
b76 135 2104 174 2140
b77 138 224 178 242
b78 68 2132 110 2148
b79 133 1465 173 1490
b80 90 641 126 656
b81 157 1534 172 1566
b82 193 558 232 582
b83 65 1474 102 1515
b84 110 2255 144 2293
b85 90 1343 124 1386
b86 111 1227 150 1271
b87 90 3013 135 3061
b88 66 1906 95 1950
b89 36 2807 56 2849
b90 144 2528 190 2552
b91 244 0 287 21
b92 118 400 163 447
b93 98 335 118 359
b94 87 3392 118 3411
b95 62 2795 106 2832
b96 113 3411 159 3444
b97 98 45 138 60
b98 117 580 130 615
b99 104 1804 144 1821
b100 206 70 250 115
b101 68 2213 98 2249
b102 46 1423 86 1459
b103 62 2467 96 2501
b104 65 1592 107 1606
b105 113 1821 148 1854
b106 138 242 150 275
b107 33 1474 65 1489
b108 96 2509 133 2547
b109 124 1060 166 1106
b110 176 139 215 181
b111 121 1534 134 1555
b112 46 3226 76 3251
b113 81 1549 117 1573
b114 130 976 164 1020
b115 166 87 200 109
b116 81 1573 109 1592
b117 73 725 112 746
b118 113 3258 157 3296
b119 62 1343 90 1388
b120 154 1817 190 1853
b121 90 2975 124 3013
b122 45 3529 88 3549
b123 73 3356 96 3392
b124 15 3549 46 3584
b125 142 310 188 352
b126 67 3474 89 3486
b127 83 833 108 876
b128 78 2547 122 2575
b129 121 1555 155 1577
b130 140 150 170 176
b131 104 3296 152 3341
b132 126 2828 144 2867
b133 86 1388 101 1431
b134 138 2481 172 2528
b135 62 2832 107 2847
b136 132 1284 169 1296
b137 46 873 67 901
b138 96 2481 138 2509
b139 157 743 193 780
b140 117 517 129 560
b141 132 931 151 976
b142 155 2184 182 2221
b143 133 1490 157 1515
b144 220 139 235 179
b145 73 746 86 791
b146 150 525 198 558
b147 80 1675 110 1717
b148 98 2706 116 2726
b149 129 558 176 580
b150 112 2063 135 2094
b151 150 242 168 284
b152 110 1629 126 1648
b153 67 1281 108 1311
b154 78 2741 100 2758
b155 73 0 98 14
b156 69 2620 97 2636
b157 188 268 208 293
b158 120 3216 143 3229
b159 76 3226 120 3258
b160 155 2221 182 2237
b161 0 3226 46 3273
b162 117 1577 148 1595
b163 107 1595 140 1617
b164 135 2063 171 2104
b165 41 2138 62 2155
b166 41 2759 75 2795
b167 68 2148 104 2185
b168 33 1742 57 1783
b169 166 916 190 955
b170 62 2575 91 2620
b171 110 2210 132 2250
b172 154 1804 181 1817
b173 67 1311 92 1343
b174 68 3061 111 3077
b175 0 3321 15 3337
b176 141 2380 174 2418
b177 46 3392 87 3429
b178 73 520 90 539
b179 57 1996 103 2030
b180 107 2828 126 2868
b181 68 2185 98 2213
b182 68 2657 113 2681
b183 141 2341 174 2380
b184 62 2950 108 2975
b185 95 2916 122 2950
b186 102 1465 133 1498
b187 120 3178 156 3216
b188 46 833 83 873
b189 68 2120 112 2132
b190 154 1853 191 1880
b191 76 3286 92 3320
b192 116 2293 145 2341
b193 166 0 199 17
b194 95 1983 123 1996
b195 62 2847 95 2860
b196 86 788 127 829
b197 76 3258 113 3286
b198 105 2462 153 2481
b199 73 3320 104 3356
b200 62 2430 105 2467
b201 140 0 166 29
b202 83 1188 117 1227
b203 150 1211 165 1239
b204 0 2120 41 2153
b205 129 517 150 532
b206 110 1861 152 1896
b207 33 1714 66 1742
b208 71 2706 98 2726
b209 199 0 244 36
b210 212 115 225 139
b211 104 1758 120 1770
b212 136 788 157 830
b213 66 1892 98 1906
b214 162 1106 179 1133
b215 112 725 141 746
b216 136 867 178 886
b217 142 352 162 400
b218 46 1459 89 1474
b219 90 707 118 725
b220 112 2140 142 2177
b221 77 2030 90 2075
b222 140 199 174 224
b223 108 922 130 941
b224 110 2189 155 2210
b225 141 705 188 743
b226 120 1412 159 1428
b227 33 0 46 32
b228 155 447 176 467
b229 108 874 132 922
b230 171 1880 201 1913
b231 163 886 179 916
b232 203 293 245 316
b233 46 901 62 914
b234 132 2237 165 2255
b235 104 2341 126 2387
b236 46 0 73 39
b237 144 2552 165 2592
b238 181 1211 208 1250
b239 81 1527 121 1549
b240 132 1296 155 1315
b241 96 1096 109 1120
b242 45 3443 67 3483
b243 199 36 236 70
b244 111 1271 148 1284
b245 0 2153 36 2177
b246 142 2140 165 2184
b247 148 2418 184 2457
b248 173 1180 216 1211
b249 103 1996 138 2023
b250 208 1211 239 1245
b251 36 3134 79 3168
b252 110 1685 129 1713
b253 54 2620 69 2633
b254 140 2768 164 2781
b255 33 1675 80 1714
b256 108 1284 129 1297
b257 83 1227 100 1260
b258 73 486 117 520
b259 36 2795 62 2807
b260 107 1617 126 1629
b261 0 3337 12 3382
b262 107 2868 134 2916
b263 126 1639 173 1685
b264 117 1188 162 1211
b265 71 2726 116 2741
b266 0 3273 45 3321
b267 129 1685 163 1724
b268 65 1650 87 1675
b269 41 2741 78 2759
b270 134 1534 157 1549
b271 178 199 220 223
b272 62 1388 86 1423
b273 65 3077 86 3107
b274 69 2636 102 2657
b275 106 2800 128 2828
b276 46 3429 77 3443
b277 56 2990 68 3037
b278 73 791 86 833
b279 98 2387 137 2430
b280 126 1617 157 1639
b281 170 181 200 199
b282 33 2052 77 2082
b283 41 2155 54 2170
b284 41 2706 71 2727
b285 109 1096 122 1129
b286 140 109 176 150
b287 46 3549 88 3570
b288 96 1060 124 1096
b289 0 0 33 37
b290 162 614 178 641
b291 156 2781 184 2824
b292 98 447 122 486
b293 129 1515 172 1534
b294 138 284 155 310
b295 105 2449 148 2462
b296 65 3107 81 3134
b297 117 486 155 517
b298 80 1821 113 1861
b299 157 780 170 793
