442544
570367
314721
561 561
174.841494
b0 340 103 355 130
b1 47 55 74 71
b2 148 27 174 49
b3 383 166 404 211
b4 222 52 267 92
b5 0 446 26 462
b6 256 394 294 421
b7 463 188 498 217
b8 327 208 348 244
b9 0 266 25 310
b10 516 189 547 204
b11 205 210 229 251
b12 206 417 225 434
b13 244 421 277 469
b14 231 192 252 236
b15 157 128 191 143
b16 82 405 127 447
b17 455 0 492 41
b18 283 45 327 88
b19 42 19 78 42
b20 192 503 209 516
b21 349 497 393 525
b22 390 250 425 279
b23 327 295 367 312
b24 382 232 406 250
b25 374 36 417 65
b26 406 232 433 250
b27 437 373 477 411
b28 205 164 217 188
b29 190 446 220 475
b30 203 251 231 271
b31 232 280 264 316
b32 47 71 69 90
b33 176 70 222 115
b34 355 103 367 132
b35 362 434 388 446
b36 148 0 178 27
b37 362 422 391 434
b38 232 261 253 280
b39 206 434 219 446
b40 69 267 88 314
b41 78 42 114 61
b42 63 90 88 136
b43 262 153 301 174
b44 60 451 87 475
b45 463 217 488 241
b46 342 428 361 441
b47 516 88 558 128
b48 228 127 262 155
b49 411 364 435 412
b50 69 314 88 328
b51 253 260 267 276
b52 498 188 516 225
b53 268 469 280 505
b54 100 247 130 281
b55 69 226 100 252
b56 124 332 170 363
b57 391 449 438 497
b58 488 315 513 340
b59 302 476 349 514
b60 267 45 283 84
b61 101 96 146 127
b62 277 428 323 464
b63 374 84 420 120
b64 529 450 544 483
b65 222 92 245 105
b66 0 0 42 45
b67 190 38 223 52
b68 115 452 160 480
b69 419 0 455 27
b70 501 281 546 297
b71 340 0 374 32
b72 224 525 239 557
b73 496 76 542 88
b74 33 517 67 560
b75 364 446 384 483
b76 405 517 441 556
b77 246 316 264 356
b78 25 179 41 221
b79 322 403 362 428
b80 33 446 48 482
b81 22 401 37 433
b82 436 152 460 191
b83 496 39 537 76
b84 44 350 82 384
b85 327 340 370 374
b86 291 0 330 44
b87 327 247 372 295
b88 326 374 370 403
b89 432 27 452 69
b90 450 86 496 110
b91 252 539 295 560
b92 0 59 47 104
b93 274 174 298 194
b94 117 0 148 19
b95 370 378 407 422
b96 274 231 320 264
b97 256 174 271 214
b98 488 280 501 315
b99 436 110 453 150
b100 452 41 496 86
b101 479 412 515 442
b102 125 509 161 549
b103 340 69 374 103
b104 0 45 42 59
b105 341 525 374 560
b106 84 0 117 12
b107 88 281 120 296
b108 218 155 256 192
b109 157 221 203 263
b110 492 0 534 39
b111 12 483 33 496
b112 99 380 129 405
b113 220 439 244 475
b114 25 226 69 260
b115 172 417 206 439
b116 224 506 252 525
b117 459 297 480 336
b118 441 411 479 455
b119 327 312 372 340
b120 220 381 256 417
b121 267 264 301 302
b122 0 104 20 147
b123 0 230 23 266
b124 211 326 246 357
b125 453 110 499 152
b126 160 452 172 474
b127 0 187 25 230
b128 0 373 44 401
b129 228 105 262 127
b130 411 334 437 364
b131 161 516 209 561
b132 424 191 463 209
b133 349 446 364 489
b134 91 509 125 556
b135 192 475 237 490
b136 0 483 12 520
b137 41 296 69 317
b138 288 335 316 377
b139 463 152 500 188
b140 327 165 339 208
b141 404 166 423 211
b142 130 235 157 272
b143 500 164 525 188
b144 88 296 128 311
b145 327 44 340 89
b146 157 188 205 221
b147 82 350 124 380
b148 205 192 225 210
b149 479 442 526 464
b150 374 525 405 548
b151 172 439 190 481
b152 157 169 176 185
b153 33 104 63 145
b154 129 363 151 380
b155 211 271 225 296
b156 420 99 436 127
b157 232 236 252 261
b158 128 222 151 235
b159 41 194 85 226
b160 420 127 436 154
b161 372 283 419 329
b162 237 475 268 493
b163 477 464 499 497
b164 262 117 303 153
b165 262 92 279 113
b166 48 384 82 420
b167 477 340 513 377
b168 464 241 488 282
b169 294 377 318 416
b170 91 480 136 509
b171 44 328 84 350
b172 88 93 101 120
b173 89 61 114 93
b174 174 27 190 70
b175 69 252 85 267
b176 327 132 365 165
b177 129 415 170 452
b178 82 380 99 399
b179 252 505 298 539
b180 441 501 481 520
b181 172 263 202 291
b182 267 0 291 45
b183 172 291 211 324
b184 301 264 326 310
b185 348 181 382 208
b186 48 420 81 451
b187 518 243 554 281
b188 437 336 477 373
b189 367 120 411 132
b190 340 32 367 69
b191 85 187 101 221
b192 279 88 327 117
b193 295 542 328 559
b194 529 483 557 496
b195 423 154 436 187
b196 0 332 41 373
b197 259 357 287 394
b198 323 428 342 476
b199 500 128 531 164
b200 274 194 317 231
b201 157 143 186 169
b202 425 263 464 297
b203 74 61 89 89
b204 178 341 211 382
b205 424 209 445 224
b206 178 382 220 417
b207 87 447 115 480
b208 129 380 149 407
b209 374 0 419 36
b210 264 302 288 315
b211 178 0 190 16
b212 130 296 172 317
b213 160 49 174 81
b214 531 172 558 189
b215 0 462 29 483
b216 42 0 84 19
b217 393 497 441 517
b218 122 317 165 332
b219 148 96 176 114
b220 488 243 518 280
b221 0 433 45 446
b222 288 310 322 335
b223 225 417 244 439
b224 12 496 33 541
b225 190 0 237 38
b226 443 297 459 336
b227 419 27 432 59
b228 496 88 516 109
b229 211 357 259 381
b230 479 377 509 410
b231 84 12 100 42
b232 264 315 287 357
b233 339 165 352 181
b234 372 250 390 283
b235 252 214 274 260
b236 151 363 178 402
b237 0 147 21 187
b238 433 224 460 263
b239 280 464 302 504
b240 176 169 199 188
b241 65 170 78 194
b242 507 464 529 504
b243 407 412 441 449
b244 370 365 407 378
b245 441 477 477 501
b246 531 128 554 172
b247 372 329 411 365
b248 509 381 552 412
b249 33 482 60 517
b250 88 311 122 342
b251 365 132 408 166
b252 298 174 326 193
b253 176 115 191 128
b254 149 402 173 415
b255 109 127 148 174
b256 104 186 125 199
b257 170 324 203 341
b258 65 136 109 170
b259 481 497 507 509
b260 374 65 386 84
b261 109 174 154 186
b262 101 199 128 247
b263 114 49 160 96
b264 303 117 326 162
b265 209 506 224 551
b266 513 297 561 342
b267 518 204 552 243
b268 438 455 463 477
b269 425 297 443 334
b270 136 480 159 495
b271 130 272 172 296
b272 67 491 91 526
b273 211 296 232 326
b274 159 481 192 502
b275 0 310 28 332
b276 352 166 383 180
b277 537 0 549 47
b278 20 104 33 146
b279 513 342 556 381
b280 0 401 22 432
b281 488 225 518 243
b282 237 0 267 44
b283 464 282 479 295
b284 429 69 450 99
b285 42 42 75 55
b286 28 260 69 296
b287 382 211 424 232
b288 128 186 156 222
b289 191 115 228 148
b290 191 148 218 164
b291 298 514 341 542
b292 348 208 372 247
b293 386 65 429 84
b294 78 170 104 187
b295 209 493 252 506
b296 60 475 87 491
b297 529 412 560 450
b298 25 146 65 179
b299 192 490 205 503
