407155.5
407155.5
202050
449 450
45.857681
b0 386 0 402 36
b1 102 311 141 330
b2 91 0 126 41
b3 427 185 445 232
b4 126 0 152 32
b5 304 280 339 311
b6 250 36 279 49
b7 238 354 266 375
b8 80 434 112 449
b9 135 384 169 430
b10 391 377 436 409
b11 386 194 422 208
b12 235 111 277 147
b13 77 53 125 98
b14 0 219 15 244
b15 77 198 123 243
b16 183 236 205 254
b17 209 115 235 148
b18 402 0 421 34
b19 123 232 153 244
b20 343 127 376 155
b21 286 0 330 39
b22 114 272 140 311
b23 74 283 114 308
b24 306 359 331 374
b25 250 0 286 36
b26 0 272 43 297
b27 0 371 15 405
b28 240 193 278 239
b29 329 102 366 114
b30 58 61 75 88
b31 64 243 101 259
b32 167 33 199 56
b33 134 341 170 359
b34 343 155 362 193
b35 201 0 216 33
b36 273 281 301 293
b37 372 313 393 329
b38 294 403 320 436
b39 329 72 371 102
b40 238 313 266 354
b41 156 115 172 131
b42 288 155 307 199
b43 412 264 446 304
b44 125 138 152 154
b45 40 328 54 365
b46 376 125 424 140
b47 259 281 273 304
b48 205 243 231 267
b49 0 340 40 371
b50 217 280 259 313
b51 393 305 441 332
b52 46 97 73 134
b53 139 154 156 172
b54 321 219 364 235
b55 330 0 343 46
b56 316 374 338 399
b57 232 406 280 425
b58 391 358 432 377
b59 242 147 288 193
b60 141 306 171 341
b61 0 0 33 34
b62 306 314 343 359
b63 231 76 246 111
b64 170 358 217 406
b65 205 316 238 346
b66 215 45 246 76
b67 172 83 209 127
b68 343 329 378 353
b69 386 208 424 227
b70 77 0 91 36
b71 259 239 293 281
b72 325 235 358 269
b73 56 331 94 349
b74 56 302 74 331
b75 125 115 152 138
b76 280 403 294 415
b77 56 434 80 450
b78 402 332 445 358
b79 77 98 114 117
b80 358 313 372 328
b81 169 418 201 438
b82 280 39 312 72
b83 33 42 70 61
b84 320 401 357 444
b85 16 207 64 244
b86 378 332 402 356
b87 339 269 358 314
b88 140 278 183 306
b89 170 406 205 418
b90 46 259 91 283
b91 357 409 401 437
b92 126 66 168 90
b93 18 297 39 340
b94 0 204 16 219
b95 368 36 393 72
b96 126 90 171 115
b97 121 244 146 272
b98 40 302 56 328
b99 35 371 55 408
b100 385 280 412 305
b101 29 167 77 207
b102 343 28 368 66
b103 274 356 306 388
b104 278 199 303 235
b105 232 375 274 406
b106 307 161 341 200
b107 0 256 45 272
b108 205 346 238 358
b109 338 359 350 381
b110 112 394 135 438
b111 303 218 321 231
b112 303 200 349 218
b113 343 0 386 28
b114 77 147 96 186
b115 170 175 207 205
b116 362 157 404 194
b117 31 408 55 445
b118 277 108 316 143
b119 235 243 259 279
b120 217 358 232 403
b121 293 235 325 280
b122 77 117 120 147
b123 205 230 240 243
b124 266 343 305 356
b125 0 297 18 325
b126 266 315 304 343
b127 183 296 205 320
b128 134 359 170 384
b129 156 131 202 175
b130 404 140 448 185
b131 246 84 282 104
b132 171 67 209 83
b133 199 53 211 67
b134 185 0 201 29
b135 217 403 232 440
b136 209 206 228 230
b137 91 262 113 280
b138 273 293 303 315
b139 170 205 203 236
b140 0 167 16 179
b141 318 127 343 161
b142 358 267 385 313
b143 0 73 46 117
b144 0 179 29 204
b145 216 0 250 45
b146 13 117 46 151
b147 15 244 46 256
b148 376 140 401 157
b149 0 425 22 447
b150 205 267 235 280
b151 385 264 412 280
b152 152 0 185 33
b153 13 155 53 167
b154 56 392 100 434
b155 77 186 90 198
b156 58 0 77 42
b157 0 61 42 73
b158 312 39 329 67
b159 98 330 134 354
b160 205 280 217 316
b161 43 283 74 302
b162 288 143 318 155
b163 402 34 449 80
b164 358 235 385 267
b165 126 33 167 66
b166 46 61 58 97
b167 282 94 329 108
b168 349 194 386 219
b169 209 160 237 206
b170 123 175 168 197
b171 246 49 280 84
b172 33 0 58 31
b173 183 254 205 296
b174 366 105 391 125
b175 91 41 125 53
b176 15 371 35 387
b177 46 134 77 155
b178 199 33 215 53
b179 350 356 391 401
b180 120 154 139 175
b181 274 388 316 403
b182 209 148 242 160
b183 171 320 187 357
b184 101 243 121 262
b185 316 114 360 127
b186 0 117 13 165
b187 421 0 443 24
b188 96 147 120 187
b189 0 405 31 425
b190 146 244 183 278
b191 385 227 427 264
b192 74 308 102 330
b193 56 349 98 392
b194 407 80 449 123
b195 371 80 407 105
b196 215 76 231 115
b197 123 197 170 232
b198 282 72 322 94
b199 100 354 134 394
