305737.5
410325
201150
447 450
141.819947
b0 355 214 391 230
b1 96 192 135 211
b2 256 316 297 351
b3 395 328 442 346
b4 59 251 91 277
b5 221 321 256 352
b6 394 15 423 28
b7 272 64 293 92
b8 0 257 15 289
b9 138 155 172 201
b10 123 360 155 405
b11 401 145 415 181
b12 96 132 138 168
b13 257 351 305 396
b14 155 401 170 426
b15 174 356 219 402
b16 268 46 290 64
b17 326 97 359 123
b18 319 209 353 228
b19 15 276 45 288
b20 390 374 418 407
b21 268 131 312 170
b22 70 125 96 164
b23 165 275 190 315
b24 372 140 387 165
b25 319 173 355 209
b26 33 128 58 171
b27 57 382 72 416
b28 294 275 340 313
b29 31 116 68 128
b30 291 413 308 440
b31 74 299 111 315
b32 91 229 123 252
b33 14 36 50 54
b34 281 205 319 224
b35 355 199 388 214
b36 245 352 257 380
b37 162 94 183 110
b38 219 354 245 387
b39 364 44 394 86
b40 159 315 187 356
b41 0 161 16 177
b42 15 257 59 276
b43 241 220 281 254
b44 150 430 177 446
b45 0 0 14 37
b46 400 75 415 123
b47 415 145 429 168
b48 415 75 441 99
b49 0 54 40 85
b50 359 166 401 199
b51 220 117 268 144
b52 256 0 293 27
b53 200 211 218 228
b54 342 388 385 404
b55 207 94 220 140
b56 236 291 258 316
b57 342 274 390 293
b58 155 360 174 401
b59 190 275 236 321
b60 0 319 35 349
b61 96 0 130 33
b62 162 117 207 154
b63 394 0 429 15
b64 218 173 266 220
b65 296 76 326 109
b66 195 63 226 94
b67 305 345 342 389
b68 138 120 162 155
b69 376 293 395 331
b70 38 0 52 36
b71 342 293 376 335
b72 187 321 221 354
b73 24 364 62 382
b74 243 144 261 173
b75 138 277 165 300
b76 359 152 371 166
b77 31 217 47 241
b78 420 168 446 211
b79 231 46 268 65
b80 372 125 386 140
b81 151 201 171 233
b82 415 99 447 132
b83 256 27 293 46
b84 250 254 293 291
b85 74 315 111 363
b86 217 228 241 252
b87 340 255 385 274
b88 174 402 217 430
b89 0 394 35 406
b90 0 349 24 394
b91 40 54 84 82
b92 96 168 138 192
b93 73 82 94 125
b94 193 255 208 271
b95 395 286 420 322
b96 231 0 256 45
b97 45 277 73 302
b98 107 363 123 389
b99 138 240 158 277
b100 308 413 333 440
b101 0 177 48 217
b102 348 230 386 255
b103 333 413 365 445
b104 162 39 187 75
b105 342 357 384 388
b106 155 0 189 39
b107 0 241 45 257
b108 24 382 57 394
b109 388 86 400 108
b110 107 405 151 428
b111 58 164 76 177
b112 391 224 409 270
b113 395 346 438 374
b114 96 33 115 72
b115 115 62 152 92
b116 189 0 231 37
b117 305 389 342 413
b118 158 236 193 275
b119 232 93 268 117
b120 24 349 69 364
b121 297 313 342 345
b122 0 289 43 319
b123 172 154 207 167
b124 401 132 440 145
b125 0 110 28 128
b126 268 93 296 131
b127 43 321 65 345
b128 111 300 147 325
b129 338 0 384 44
b130 52 0 96 45
b131 207 144 243 164
b132 326 81 364 97
b133 257 396 271 408
b134 391 208 420 224
b135 281 224 318 239
b136 193 236 217 255
b137 93 211 115 229
b138 296 109 326 131
b139 72 410 103 443
b140 107 428 119 444
b141 266 170 291 204
b142 245 423 291 450
b143 172 167 218 211
b144 171 211 200 236
b145 293 0 338 34
b146 40 82 73 116
b147 58 128 70 159
b148 365 404 390 421
b149 74 277 96 299
b150 111 325 141 338
b151 401 181 417 208
b152 0 128 33 161
b153 0 406 12 446
b154 96 252 138 296
b155 220 94 232 107
b156 208 255 250 274
b157 183 75 195 117
b158 372 108 400 125
b159 14 0 38 36
b160 294 239 306 275
b161 43 302 74 321
b162 318 228 348 240
b163 394 28 440 75
b164 291 173 318 205
b165 48 218 89 251
b166 147 300 159 336
b167 115 48 162 62
b168 338 44 363 81
b169 226 65 272 93
b170 111 338 156 360
b171 306 240 340 275
b172 0 85 31 110
b173 420 286 442 328
b174 411 266 436 286
b175 143 0 155 34
b176 177 430 197 446
b177 119 428 150 449
b178 391 270 411 286
b179 48 177 93 218
b180 162 75 183 94
b181 245 408 287 423
b182 123 211 135 244
b183 217 406 233 443
b184 219 387 239 406
b185 359 108 372 152
b186 130 0 143 48
b187 364 86 388 108
b188 187 39 227 63
b189 0 217 31 237
b190 35 416 72 450
b191 409 224 446 266
b192 130 92 152 120
b193 312 131 355 173
b194 293 34 336 76
b195 258 291 294 316
b196 135 201 151 240
b197 72 363 107 410
b198 342 335 382 357
b199 96 92 130 132
