425719.5
537279
314160
561 560
585.73823
b0 338 159 353 186
b1 177 53 204 69
b2 231 361 257 383
b3 293 59 338 80
b4 329 492 369 537
b5 170 319 186 345
b6 205 513 243 540
b7 481 293 516 322
b8 266 321 287 357
b9 88 493 132 518
b10 367 211 398 226
b11 321 315 345 356
b12 329 469 348 486
b13 182 113 230 146
b14 197 165 218 209
b15 338 186 372 201
b16 0 366 45 408
b17 324 201 365 238
b18 449 167 493 210
b19 99 267 135 290
b20 188 513 205 526
b21 229 287 273 315
b22 392 37 421 72
b23 29 0 46 40
b24 446 404 470 422
b25 262 0 291 43
b26 320 174 338 201
b27 508 19 548 57
b28 209 334 233 346
b29 301 440 331 469
b30 256 121 284 141
b31 348 346 384 378
b32 508 0 530 19
b33 162 360 208 405
b34 113 197 142 209
b35 420 384 446 396
b36 529 210 556 240
b37 435 85 464 97
b38 193 209 214 228
b39 108 348 121 360
b40 88 474 135 493
b41 126 348 162 367
b42 293 34 339 59
b43 170 275 209 296
b44 52 114 76 141
b45 343 93 367 118
b46 254 204 273 217
b47 339 51 379 93
b48 422 426 456 454
b49 505 57 553 81
b50 273 265 287 284
b51 380 86 396 100
b52 219 95 256 113
b53 266 422 302 434
b54 287 315 321 345
b55 52 88 83 114
b56 477 494 508 540
b57 481 210 529 257
b58 446 379 471 404
b59 75 518 122 556
b60 245 390 284 406
b61 148 198 193 229
b62 384 383 420 429
b63 257 43 293 89
b64 505 322 520 355
b65 409 429 422 452
b66 471 404 516 446
b67 380 72 413 86
b68 113 169 158 197
b69 385 100 412 136
b70 284 121 300 166
b71 257 89 291 121
b72 331 438 363 453
b73 493 152 505 198
b74 369 473 412 507
b75 412 176 449 196
b76 481 257 520 293
b77 307 80 325 120
b78 48 416 90 432
b79 90 449 130 474
b80 48 467 84 482
b81 209 410 224 442
b82 230 113 254 152
b83 219 54 256 95
b84 12 252 50 286
b85 186 300 229 334
b86 370 429 409 473
b87 471 356 516 404
b88 355 378 384 422
b89 412 454 432 496
b90 412 137 458 161
b91 90 405 111 448
b92 463 0 508 47
b93 412 196 436 216
b94 282 434 301 465
b95 135 430 179 467
b96 233 315 266 361
b97 409 161 449 176
b98 500 83 513 118
b99 12 0 29 40
b100 384 338 428 383
b101 435 315 471 345
b102 35 516 75 552
b103 471 322 505 356
b104 379 280 393 322
b105 12 333 47 366
b106 324 135 336 168
b107 99 252 131 267
b108 426 0 463 38
b109 170 229 212 275
b110 210 0 249 42
b111 60 328 73 349
b112 257 471 287 496
b113 209 386 245 410
b114 500 118 544 152
b115 204 442 226 476
b116 226 494 254 513
b117 348 453 369 492
b118 393 280 431 324
b119 101 224 146 252
b120 47 380 83 416
b121 326 281 364 315
b122 56 203 99 223
b123 29 88 52 124
b124 212 256 247 287
b125 412 235 458 277
b126 254 496 276 508
b127 56 253 99 278
b128 12 224 56 252
b129 413 85 435 119
b130 144 0 170 30
b131 0 432 48 477
b132 126 0 144 39
b133 300 120 343 135
b134 151 467 185 514
b135 164 345 209 360
b136 287 278 299 315
b137 46 162 74 183
b138 369 528 411 556
b139 372 155 409 191
b140 493 198 536 210
b141 412 216 457 235
b142 287 213 324 240
b143 146 229 170 254
b144 152 514 167 554
b145 325 425 370 438
b146 144 102 177 150
b147 122 518 152 560
b148 338 139 356 159
b149 92 44 114 91
b150 411 513 434 544
b151 0 477 42 495
b152 188 146 207 162
b153 56 223 97 253
b154 114 60 136 77
b155 254 217 279 231
b156 356 155 372 183
b157 372 191 397 211
b158 247 265 270 278
b159 505 152 537 196
b160 325 93 341 120
b161 46 0 92 47
b162 226 476 257 494
b163 291 0 313 33
b164 520 344 561 380
b165 412 496 433 513
b166 90 371 126 405
b167 513 81 549 118
b168 339 27 380 51
b169 0 408 39 432
b170 300 489 329 534
b171 126 367 148 407
b172 287 465 300 492
b173 323 356 348 388
b174 266 406 309 422
b175 309 425 325 440
b176 144 69 182 102
b177 314 388 355 425
b178 435 97 452 116
b179 42 482 88 516
b180 462 252 481 292
b181 83 91 113 119
b182 164 405 209 429
b183 287 174 320 213
b184 60 290 106 315
b185 444 345 471 379
b186 47 349 80 380
b187 520 257 558 293
b188 170 0 210 37
b189 144 150 188 162
b190 229 152 256 189
b191 287 345 321 361
b192 135 254 164 302
b193 188 526 205 559
b194 364 281 377 309
b195 144 53 177 66
b196 12 183 53 224
b197 254 434 282 471
b198 185 429 204 477
b199 368 249 404 280
b200 182 69 219 112
b201 256 141 282 170
b202 248 231 287 265
b203 12 167 40 182
b204 243 513 276 554
b205 126 39 141 60
b206 48 432 90 467
b207 74 158 102 191
b208 301 469 328 489
b209 460 47 505 83
b210 379 324 403 337
b211 412 119 424 135
b212 369 507 411 528
b213 403 324 435 338
b214 529 240 556 257
b215 135 409 164 430
b216 326 262 368 281
b217 12 286 60 306
b218 456 422 471 465
b219 516 427 544 445
b220 454 107 491 137
b221 60 315 105 328
b222 287 240 321 265
b223 207 146 229 165
b224 167 514 188 559
b225 516 380 554 427
b226 428 345 444 384
b227 249 0 262 32
b228 343 118 363 139
b229 276 496 300 544
b230 458 137 491 167
b231 284 382 314 398
b232 224 410 266 433
b233 287 265 303 278
b234 367 100 385 133
b235 321 240 367 262
b236 76 119 103 158
b237 283 361 323 382
b238 353 0 392 27
b239 209 346 231 386
b240 462 292 481 315
b241 47 306 60 330
b242 313 0 353 22
b243 392 0 426 37
b244 273 284 286 321
b245 464 83 500 107
b246 368 226 412 249
b247 158 162 197 198
b248 434 508 477 539
b249 12 306 47 333
b250 345 315 379 346
b251 12 124 46 167
b252 46 47 65 75
b253 209 287 224 300
b254 135 467 148 491
b255 421 38 460 85
b256 52 141 65 162
b257 266 357 283 390
b258 92 0 126 44
b259 313 22 339 34
b260 0 0 12 19
b261 56 191 101 203
b262 114 77 141 125
b263 106 302 153 348
b264 303 265 326 310
b265 103 209 148 224
b266 473 446 518 494
b267 214 217 248 256
b268 144 30 169 52
b269 520 326 557 344
b270 170 296 185 319
b271 111 407 135 449
b272 0 517 35 541
b273 256 170 286 191
b274 73 328 106 349
b275 80 349 108 371
b276 293 80 307 111
b277 210 42 257 54
b278 148 367 161 409
b279 434 465 473 508
b280 0 495 31 517
b281 424 119 454 137
b282 114 125 144 169
b283 397 191 412 204
b284 420 396 441 426
b285 254 191 287 204
b286 185 477 226 513
b287 458 210 479 252
b288 218 189 254 217
b289 520 293 557 326
b290 170 37 197 53
b291 226 433 254 476
b292 300 135 324 174
b293 363 136 406 155
b294 300 534 326 551
b295 46 75 89 88
b296 135 491 151 518
b297 431 277 462 315
b298 518 445 558 478
b299 47 330 60 343
