421007
527293
314721
561 561
494.925225
b0 421 381 448 396
b1 369 188 396 204
b2 261 140 287 162
b3 485 326 506 371
b4 320 90 360 135
b5 15 170 41 186
b6 64 31 102 58
b7 367 281 402 310
b8 84 204 120 225
b9 88 532 132 557
b10 369 36 400 51
b11 189 260 230 284
b12 216 241 233 260
b13 195 174 228 222
b14 286 398 307 442
b15 417 215 432 249
b16 43 450 85 495
b17 217 302 258 339
b18 323 291 366 335
b19 181 297 217 320
b20 110 396 127 409
b21 121 181 165 209
b22 522 42 557 71
b23 203 0 243 17
b24 307 419 325 443
b25 439 138 482 167
b26 408 143 426 170
b27 482 42 522 80
b28 217 339 241 351
b29 55 150 84 180
b30 156 52 176 80
b31 244 162 280 194
b32 496 438 518 457
b33 270 262 315 308
b34 275 503 287 532
b35 415 324 427 350
b36 402 267 432 294
b37 523 415 552 427
b38 224 42 243 63
b39 50 180 63 192
b40 147 366 194 385
b41 258 532 294 551
b42 166 514 212 539
b43 457 426 496 447
b44 307 443 334 467
b45 457 447 482 471
b46 465 326 484 339
b47 375 204 417 244
b48 330 367 364 395
b49 482 18 530 42
b50 55 106 69 125
b51 409 466 425 480
b52 482 0 519 18
b53 315 254 327 290
b54 287 133 317 167
b55 79 398 110 424
b56 64 0 110 31
b57 362 66 410 113
b58 435 471 460 496
b59 0 412 47 450
b60 222 143 261 159
b61 275 458 306 503
b62 274 194 310 240
b63 234 393 270 439
b64 504 212 519 245
b65 496 371 509 394
b66 504 248 549 290
b67 367 310 400 324
b68 209 365 254 393
b69 496 402 523 438
b70 409 480 425 525
b71 330 335 364 367
b72 110 0 142 15
b73 487 196 499 242
b74 0 450 43 484
b75 425 496 462 516
b76 369 0 408 36
b77 254 373 294 391
b78 0 343 42 359
b79 48 534 88 559
b80 0 504 15 540
b81 69 135 101 150
b82 408 27 432 66
b83 445 0 482 41
b84 132 498 166 536
b85 176 112 219 146
b86 465 244 504 288
b87 509 357 557 402
b88 147 23 191 52
b89 519 147 561 167
b90 258 308 304 332
b91 48 405 69 448
b92 492 457 539 502
b93 224 63 248 83
b94 195 222 226 241
b95 56 495 100 532
b96 191 17 224 63
b97 327 254 367 269
b98 523 402 558 415
b99 294 506 334 523
b100 511 168 556 212
b101 432 59 468 89
b102 15 258 55 294
b103 509 323 543 357
b104 350 395 364 437
b105 15 115 50 148
b106 549 248 561 281
b107 110 413 142 428
b108 425 516 462 554
b109 228 199 274 241
b110 281 91 320 133
b111 73 310 86 331
b112 155 85 185 110
b113 148 155 184 179
b114 364 434 398 478
b115 112 428 146 450
b116 188 241 216 260
b117 464 342 485 381
b118 427 298 465 342
b119 364 478 409 506
b120 153 260 189 296
b121 248 23 286 57
b122 0 484 43 504
b123 50 295 73 331
b124 147 385 178 420
b125 519 80 561 126
b126 48 393 70 405
b127 0 318 43 343
b128 119 283 147 327
b129 327 269 361 291
b130 354 525 380 555
b131 186 400 234 445
b132 400 249 439 267
b133 257 443 300 458
b134 98 225 145 259
b135 15 0 30 45
b136 110 23 147 35
b137 147 332 168 360
b138 92 368 134 396
b139 309 47 346 83
b140 409 351 421 394
b141 380 525 425 544
b142 185 85 222 112
b143 224 17 248 42
b144 54 192 69 232
b145 163 110 176 155
b146 360 155 408 188
b147 15 216 45 258
b148 310 371 330 389
b149 467 110 514 132
b150 408 120 439 143
b151 127 480 169 498
b152 270 391 286 410
b153 15 504 56 534
b154 195 320 212 342
b155 142 56 156 81
b156 258 332 286 348
b157 349 188 369 213
b158 255 241 268 264
b159 364 390 396 434
b160 228 172 244 199
b161 323 0 369 47
b162 73 338 104 356
b163 432 276 465 298
b164 465 290 506 326
b165 317 135 338 152
b166 147 296 181 332
b167 482 132 519 168
b168 280 167 321 191
b169 15 192 54 216
b170 69 106 114 135
b171 233 241 255 281
b172 277 78 304 91
b173 257 348 289 373
b174 346 47 362 90
b175 73 295 89 310
b176 198 445 236 478
b177 84 58 125 95
b178 184 0 203 17
b179 33 359 79 393
b180 501 502 541 521
b181 334 441 364 469
b182 439 231 463 276
b183 159 447 198 480
b184 439 206 485 231
b185 168 332 195 366
b186 0 359 33 390
b187 519 212 557 248
b188 324 469 364 506
b189 269 95 281 139
b190 408 0 445 27
b191 101 148 135 164
b192 310 225 358 254
b193 15 534 48 551
b194 498 168 511 196
b195 270 410 283 443
b196 105 327 146 368
b197 184 146 221 174
b198 0 393 48 412
b199 292 0 323 36
b200 145 223 188 260
b201 248 57 277 83
b202 294 523 333 557
b203 43 331 71 346
b204 114 95 155 128
b205 236 439 257 454
b206 55 260 97 295
b207 126 450 159 478
b208 114 128 141 148
b209 396 396 441 432
b210 463 231 487 244
b211 392 113 408 125
b212 70 428 112 449
b213 360 113 392 127
b214 358 213 375 240
b215 30 31 51 60
b216 367 506 409 525
b217 64 58 84 106
b218 0 0 15 43
b219 439 120 467 138
b220 462 471 492 508
b221 134 368 147 413
b222 30 81 55 115
b223 141 128 163 147
b224 102 35 147 56
b225 439 168 486 206
b226 441 426 457 465
b227 426 143 439 175
b228 334 506 354 527
b229 222 95 246 143
b230 486 80 519 110
b231 277 62 307 78
b232 142 0 184 23
b233 354 506 367 522
b234 306 467 324 500
b235 176 63 222 85
b236 147 420 186 447
b237 230 281 270 302
b238 322 186 349 225
b239 99 164 121 204
b240 304 308 323 331
b241 42 346 66 359
b242 417 175 439 215
b243 398 432 435 466
b244 120 209 157 222
b245 523 427 559 451
b246 248 0 292 23
b247 289 335 328 371
b248 421 350 464 381
b249 100 486 127 521
b250 30 0 64 31
b251 213 478 256 512
b252 256 458 275 486
b253 221 159 236 172
b254 189 284 213 297
b255 462 508 501 555
b256 195 365 208 386
b257 125 56 142 89
b258 169 480 213 514
b259 486 168 498 194
b260 310 191 322 210
b261 212 351 257 363
b262 367 324 415 351
b263 212 514 258 561
b264 246 95 269 140
b265 84 150 99 195
b266 448 381 496 426
b267 321 152 360 186
b268 325 419 350 441
b269 445 41 482 59
b270 195 342 210 365
b271 98 259 140 283
b272 15 294 50 318
b273 402 294 423 324
b274 30 60 63 81
b275 97 283 119 311
b276 178 386 209 400
b277 224 83 271 95
b278 79 356 92 398
b279 366 351 409 390
b280 15 148 46 170
b281 468 80 486 110
b282 165 179 195 223
b283 396 188 409 203
b284 519 126 549 147
b285 135 148 148 181
b286 85 450 126 486
b287 268 241 310 262
b288 360 127 396 155
b289 367 244 400 281
b290 294 371 310 398
b291 55 232 98 260
b292 310 395 349 419
b293 410 66 429 109
b294 292 36 309 62
b295 69 180 82 223
b296 89 311 105 338
b297 429 89 467 120
b298 506 290 546 323
b299 140 260 153 273
