443627
573094
314160
561 560
624.291861
b0 423 264 450 279
b1 429 98 445 125
b2 367 158 393 180
b3 408 39 429 84
b4 267 468 312 508
b5 27 291 53 307
b6 360 262 387 300
b7 352 233 387 262
b8 249 394 270 430
b9 164 76 189 120
b10 497 268 528 283
b11 418 343 459 367
b12 314 453 333 470
b13 306 306 354 339
b14 488 87 509 131
b15 513 297 547 312
b16 110 231 155 273
b17 253 12 290 53
b18 458 502 502 545
b19 293 524 329 547
b20 250 501 267 514
b21 270 440 314 468
b22 372 18 407 47
b23 506 490 546 507
b24 506 507 530 525
b25 174 170 217 199
b26 468 142 486 169
b27 509 87 547 127
b28 281 319 305 331
b29 251 258 280 288
b30 403 303 431 323
b31 266 226 302 258
b32 0 530 19 552
b33 273 102 319 147
b34 180 366 192 395
b35 305 339 331 351
b36 523 339 550 369
b37 497 283 526 295
b38 280 258 299 279
b39 403 280 415 293
b40 234 312 281 331
b41 46 272 82 291
b42 146 441 192 466
b43 164 120 203 141
b44 0 291 27 315
b45 528 272 552 297
b46 488 0 501 19
b47 471 295 513 335
b48 84 144 112 178
b49 532 27 556 75
b50 295 351 314 365
b51 507 358 523 372
b52 63 0 81 37
b53 482 241 518 253
b54 437 204 467 238
b55 32 0 63 26
b56 196 325 227 371
b57 372 86 419 134
b58 306 242 331 267
b59 72 439 110 486
b60 158 185 174 224
b61 476 372 521 403
b62 217 155 253 201
b63 110 185 146 231
b64 486 131 501 164
b65 308 181 321 204
b66 395 204 437 249
b67 381 180 395 213
b68 319 71 347 116
b69 445 100 481 127
b70 352 93 368 138
b71 429 142 463 174
b72 266 379 298 394
b73 146 185 158 231
b74 19 513 53 556
b75 418 323 455 343
b76 372 47 408 86
b77 344 0 384 18
b78 0 488 16 530
b79 236 461 261 501
b80 0 242 36 257
b81 121 154 153 169
b82 157 0 181 39
b83 84 24 121 65
b84 63 318 97 356
b85 164 42 207 76
b86 407 0 451 39
b87 458 457 506 502
b88 164 141 208 170
b89 501 0 521 42
b90 238 288 284 312
b91 0 409 21 452
b92 138 503 185 548
b93 138 476 158 500
b94 88 486 119 505
b95 192 436 236 473
b96 394 439 440 472
b97 482 253 497 293
b98 455 303 468 338
b99 233 501 250 541
b100 488 42 532 87
b101 432 174 468 204
b102 0 26 40 62
b103 440 422 474 456
b104 397 472 411 514
b105 97 360 132 393
b106 331 46 364 58
b107 0 0 32 15
b108 0 62 38 99
b109 348 415 394 457
b110 181 0 220 42
b111 71 191 84 212
b112 184 269 209 299
b113 196 371 232 395
b114 0 151 44 185
b115 0 315 34 337
b116 119 476 138 504
b117 332 523 371 544
b118 308 204 352 242
b119 208 127 253 155
b120 84 108 120 144
b121 200 232 238 266
b122 121 134 164 154
b123 52 490 88 513
b124 208 81 243 112
b125 146 399 192 441
b126 82 272 104 284
b127 82 393 107 436
b128 517 409 561 437
b129 322 284 356 306
b130 84 178 110 208
b131 21 422 69 467
b132 290 181 308 220
b133 441 127 484 142
b134 53 513 87 560
b135 121 170 166 185
b136 298 365 310 402
b137 44 188 65 216
b138 142 273 184 301
b139 253 190 290 226
b140 468 207 511 219
b141 0 337 45 356
b142 513 312 550 339
b143 368 134 393 158
b144 155 254 195 269
b145 394 426 439 439
b146 132 366 180 399
b147 158 224 200 254
b148 541 200 559 220
b149 467 219 514 241
b150 502 525 525 556
b151 0 356 42 374
b152 507 339 523 358
b153 33 119 74 149
b154 189 76 206 98
b155 209 311 234 325
b156 306 267 322 295
b157 429 78 454 98
b158 335 413 348 436
b159 0 185 44 217
b160 300 0 316 27
b161 506 444 553 490
b162 45 320 63 351
b163 454 78 487 100
b164 143 325 179 366
b165 314 470 331 491
b166 24 375 60 409
b167 471 335 507 372
b168 290 27 331 51
b169 170 301 209 325
b170 209 266 238 311
b171 60 375 82 415
b172 366 180 379 207
b173 335 339 360 371
b174 332 478 348 521
b175 180 351 196 366
b176 220 0 253 38
b177 196 395 233 436
b178 253 98 270 117
b179 0 257 46 291
b180 436 403 476 422
b181 360 348 390 376
b182 464 0 488 45
b183 107 399 146 432
b184 0 217 46 242
b185 281 147 308 181
b186 0 99 33 130
b187 522 164 560 200
b188 99 505 136 545
b189 518 218 530 262
b190 394 399 431 426
b191 360 399 394 415
b192 266 331 295 379
b193 19 488 52 505
b194 474 444 502 457
b195 354 138 367 171
b196 476 403 517 444
b197 390 342 418 379
b198 45 356 93 375
b199 387 249 423 280
b200 84 65 121 108
b201 352 207 381 233
b202 232 355 266 394
b203 0 452 15 480
b204 192 473 233 506
b205 429 39 444 60
b206 38 84 80 119
b207 319 116 352 144
b208 253 117 273 144
b209 361 478 397 523
b210 253 226 266 250
b211 429 125 441 141
b212 15 467 57 488
b213 450 264 482 278
b214 521 0 538 27
b215 314 424 335 453
b216 123 273 142 315
b217 360 379 408 399
b218 207 217 250 232
b219 408 379 436 397
b220 395 174 432 204
b221 97 315 110 360
b222 308 147 333 181
b223 387 323 409 342
b224 333 457 378 478
b225 411 472 458 510
b226 387 280 403 319
b227 238 232 251 264
b228 444 39 464 60
b229 423 279 471 303
b230 333 174 366 204
b231 217 201 247 217
b232 335 371 358 413
b233 233 394 249 407
b234 314 491 332 524
b235 270 394 292 440
b236 44 149 71 188
b237 314 351 335 391
b238 331 19 370 46
b239 284 279 306 319
b240 431 303 454 322
b241 69 415 82 439
b242 530 220 552 260
b243 158 466 192 503
b244 331 58 368 71
b245 436 367 460 403
b246 437 241 481 264
b247 208 42 244 81
b248 126 0 157 43
b249 53 291 88 318
b250 236 430 270 461
b251 250 514 293 548
b252 316 0 344 19
b253 238 264 251 279
b254 24 409 48 422
b255 40 37 79 84
b256 0 130 13 151
b257 314 391 331 424
b258 110 432 144 476
b259 530 260 556 272
b260 523 397 542 409
b261 87 513 99 558
b262 360 300 387 348
b263 46 226 93 272
b264 244 53 267 98
b265 208 112 253 127
b266 397 514 445 559
b267 395 134 429 173
b268 347 71 372 93
b269 429 60 466 78
b270 57 467 72 490
b271 84 0 126 24
b272 0 374 24 409
b273 501 164 522 194
b274 174 199 207 220
b275 142 301 170 323
b276 71 212 102 226
b277 253 0 300 12
b278 71 149 84 191
b279 121 43 164 82
b280 88 284 110 315
b281 511 200 541 218
b282 270 72 314 102
b283 497 253 510 268
b284 333 144 354 174
b285 348 478 361 511
b286 121 82 162 118
b287 331 242 352 284
b288 523 369 559 397
b289 110 323 143 360
b290 460 372 476 399
b291 253 147 281 190
b292 227 331 266 355
b293 267 53 310 72
b294 179 325 196 351
b295 110 273 123 316
b296 121 118 148 134
b297 468 169 499 207
b298 501 131 541 164
b299 34 307 47 320
