1243809.25
1807679.5
679939
271 2509
214.055263
b0 156 1668 192 1684
b1 134 1668 153 1707
b2 154 602 195 637
b3 67 2293 85 2340
b4 84 2101 110 2133
b5 104 2070 139 2101
b6 88 519 117 532
b7 80 1067 108 1088
b8 128 1098 160 1113
b9 112 825 158 859
b10 60 2261 105 2293
b11 57 1802 71 1838
b12 62 2016 98 2058
b13 45 780 93 825
b14 94 1642 109 1667
b15 15 2357 60 2403
b16 110 326 128 348
b17 238 0 271 26
b18 179 1074 213 1093
b19 120 429 150 441
b20 151 88 179 121
b21 80 2158 124 2197
b22 115 36 141 75
b23 86 1306 126 1331
b24 127 185 152 200
b25 115 0 151 36
b26 0 2125 43 2150
b27 117 1275 151 1290
b28 45 0 91 38
b29 115 75 127 112
b30 55 1870 72 1897
b31 108 1067 145 1083
b32 176 56 199 88
b33 29 948 47 984
b34 60 2341 79 2379
b35 80 845 95 878
b36 19 2019 47 2031
b37 45 81 61 102
b38 94 1741 127 1767
b39 97 889 127 931
b40 124 2101 152 2142
b41 27 2341 43 2357
b42 91 85 110 129
b43 83 1128 123 1162
b44 87 1502 114 1518
b45 47 1587 61 1624
b46 61 1331 109 1346
b47 132 504 155 518
b48 150 429 174 455
b49 15 2403 55 2434
b50 29 1545 62 1587
b51 0 2150 27 2198
b52 71 1465 98 1502
b53 85 1948 102 1966
b54 57 1854 100 1870
b55 45 825 58 871
b56 43 2202 65 2227
b57 91 37 110 85
b58 115 200 134 241
b59 96 1808 142 1854
b60 72 1870 102 1905
b61 128 1113 161 1147
b62 61 1208 98 1253
b63 61 694 76 729
b64 95 1019 142 1067
b65 29 1625 59 1658
b66 86 1275 117 1306
b67 88 482 132 519
b68 175 121 210 145
b69 0 2471 19 2509
b70 123 260 159 274
b71 62 1982 104 2016
b72 202 145 236 178
b73 29 1587 47 1625
b74 124 871 153 889
b75 104 1948 127 1975
b76 55 1970 69 1982
b77 63 560 87 576
b78 160 997 186 1040
b79 61 845 80 882
b80 123 1083 137 1098
b81 93 734 125 754
b82 88 411 120 444
b83 47 2058 66 2095
b84 19 1982 62 2019
b85 110 348 158 385
b86 105 592 129 616
b87 110 241 155 260
b88 47 1502 75 1545
b89 140 1381 152 1416
b90 93 2222 138 2246
b91 151 0 195 28
b92 112 754 154 778
b93 137 976 180 997
b94 141 1741 156 1757
b95 61 1346 97 1371
b96 62 1545 87 1590
b97 157 859 182 887
b98 103 385 119 411
b99 43 2158 80 2178
b100 97 859 124 884
b101 27 2293 67 2341
b102 134 1630 159 1668
b103 29 871 61 903
b104 162 254 198 279
b105 110 295 152 326
b106 141 121 175 160
b107 124 550 169 566
b108 84 2058 117 2070
b109 97 1346 109 1368
b110 117 1975 161 1998
b111 45 68 63 81
b112 83 1162 101 1208
b113 195 0 238 28
b114 140 1362 179 1381
b115 19 2095 56 2125
b116 57 1658 94 1700
b117 91 0 115 37
b118 57 1767 96 1802
b119 109 1362 133 1398
b120 161 1684 176 1729
b121 29 903 61 948
b122 45 38 88 68
b123 110 260 123 295
b124 98 1208 111 1247
b125 195 28 213 56
b126 178 297 216 325
b127 71 1802 95 1824
b128 19 1674 55 1699
b129 64 1419 108 1465
b130 97 931 141 976
b131 61 825 97 845
b132 19 1658 57 1674
b133 61 1371 75 1383
b134 0 0 29 16
b135 97 754 112 791
b136 47 1465 71 1484
b137 162 279 184 297
b138 55 1948 85 1970
b139 109 1331 142 1362
b140 91 129 103 145
b141 87 616 112 650
b142 61 734 88 780
b143 63 650 109 694
b144 151 28 176 57
b145 179 1040 224 1074
b146 60 2227 93 2261
b147 91 145 103 176
b148 47 1383 64 1408
b149 132 482 154 504
b150 198 220 211 250
b151 29 0 45 27
b152 27 2227 60 2260
b153 94 1630 134 1642
b154 120 385 162 429
b155 64 1383 76 1396
b156 105 550 124 592
b157 63 548 105 560
b158 127 889 155 906
b159 154 566 178 602
b160 159 1432 171 1468
b161 117 519 136 550
b162 152 1381 182 1393
b163 151 778 197 825
b164 120 455 152 482
b165 43 2125 84 2158
b166 117 1998 153 2010
b167 102 1854 149 1868
b168 141 160 178 185
b169 94 1602 140 1630
b170 61 1128 83 1173
b171 109 1707 144 1741
b172 80 2197 111 2222
b173 86 1253 128 1275
b174 142 1290 167 1310
b175 62 1590 96 1602
b176 84 2070 104 2086
b177 154 455 175 486
b178 88 532 108 548
b179 96 1767 141 1808
b180 0 16 19 37
b181 0 2198 15 2240
b182 124 859 157 871
b183 140 1416 177 1432
b184 128 326 148 345
b185 65 2178 78 2222
b186 76 1371 89 1419
b187 43 2178 65 2202
b188 80 1088 104 1128
b189 224 178 255 198
b190 155 220 192 254
b191 0 2434 42 2471
b192 61 1253 83 1281
b193 72 1905 114 1948
b194 95 976 137 1019
b195 61 1281 86 1317
b196 112 778 151 794
b197 155 185 202 220
b198 42 2434 64 2474
b199 76 694 110 734
