295837.25
390522.5
201152
449 448
150.930326
b0 173 15 209 31
b1 148 204 167 243
b2 408 227 449 262
b3 351 349 369 396
b4 167 279 193 311
b5 303 302 338 333
b6 284 45 297 74
b7 82 323 103 351
b8 34 191 66 206
b9 220 275 254 321
b10 128 0 173 32
b11 351 127 387 141
b12 228 22 270 58
b13 363 220 408 268
b14 0 144 25 159
b15 202 360 247 406
b16 284 96 306 114
b17 337 141 370 167
b18 332 72 351 106
b19 288 114 300 144
b20 375 268 408 296
b21 283 188 327 227
b22 196 164 235 190
b23 58 366 98 391
b24 336 106 351 131
b25 327 194 363 230
b26 0 307 25 350
b27 0 350 15 384
b28 409 117 447 163
b29 208 0 245 12
b30 280 376 307 393
b31 34 277 71 293
b32 50 343 82 366
b33 34 85 52 121
b34 319 258 338 296
b35 291 340 306 373
b36 306 346 334 358
b37 375 296 391 317
b38 254 316 287 342
b39 399 87 441 117
b40 92 193 133 221
b41 82 221 98 237
b42 290 144 309 188
b43 369 342 409 376
b44 167 222 194 238
b45 20 107 34 144
b46 351 79 366 127
b47 92 398 115 412
b48 103 304 129 328
b49 0 67 31 107
b50 196 190 238 223
b51 337 167 385 194
b52 422 190 449 227
b53 125 112 142 130
b54 276 286 319 302
b55 340 32 386 45
b56 363 194 385 219
b57 201 275 220 323
b58 70 44 111 63
b59 121 258 167 304
b60 82 246 117 276
b61 0 204 34 237
b62 238 202 283 239
b63 173 0 208 15
b64 162 32 210 79
b65 70 293 103 323
b66 128 32 159 63
b67 307 404 344 448
b68 240 239 264 274
b69 341 311 360 349
b70 20 0 34 36
b71 381 403 415 445
b72 391 299 425 332
b73 70 105 108 123
b74 167 204 196 222
b75 148 140 175 163
b76 194 223 208 235
b77 34 206 58 222
b78 385 164 428 190
b79 264 239 283 276
b80 208 223 223 237
b81 50 323 82 343
b82 340 0 373 32
b83 408 262 427 299
b84 211 323 254 360
b85 210 58 258 95
b86 266 159 290 183
b87 238 183 283 202
b88 103 370 146 398
b89 27 407 62 419
b90 0 159 24 204
b91 156 400 200 428
b92 103 328 127 370
b93 34 42 55 85
b94 116 96 131 112
b95 283 261 319 286
b96 263 114 288 159
b97 98 221 126 246
b98 164 101 190 117
b99 0 107 20 144
b100 362 317 389 342
b101 148 164 196 204
b102 201 237 226 275
b103 200 406 232 438
b104 300 114 336 139
b105 72 412 114 443
b106 351 45 390 79
b107 27 391 72 407
b108 29 305 62 317
b109 142 128 164 140
b110 27 317 50 361
b111 131 96 149 109
b112 210 12 228 58
b113 318 230 361 258
b114 370 145 409 164
b115 385 190 422 220
b116 391 45 428 87
b117 24 419 61 443
b118 409 332 444 371
b119 308 77 332 113
b120 12 262 27 307
b121 415 371 447 416
b122 70 123 113 153
b123 306 333 341 346
b124 156 428 195 441
b125 34 24 62 42
b126 127 328 155 366
b127 0 384 24 406
b128 34 155 59 191
b129 307 358 351 404
b130 404 0 448 45
b131 0 0 20 36
b132 287 302 303 340
b133 226 257 240 269
b134 278 407 307 423
b135 133 192 148 229
b136 284 77 308 96
b137 193 323 211 345
b138 129 304 159 326
b139 247 376 280 407
b140 207 95 223 107
b141 338 258 363 292
b142 369 376 415 403
b143 70 0 116 44
b144 0 237 29 262
b145 294 0 328 45
b146 34 121 67 155
b147 0 262 12 293
b148 263 89 280 114
b149 70 196 92 218
b150 232 407 262 420
b151 324 45 340 72
b152 129 63 162 96
b153 70 153 110 165
b154 34 235 78 277
b155 116 63 129 75
b156 155 365 197 384
b157 116 0 128 42
b158 238 163 266 180
b159 34 0 70 24
b160 363 268 375 304
b161 27 366 58 385
b162 387 115 399 145
b163 175 117 221 164
b164 297 45 324 77
b165 168 238 201 279
b166 34 293 70 305
b167 155 351 202 365
b168 223 95 260 120
b169 309 139 337 185
b170 162 79 207 101
b171 283 227 318 261
b172 0 36 25 67
b173 427 287 449 329
b174 427 262 447 287
b175 226 223 238 257
b176 72 391 92 407
b177 263 58 284 89
b178 262 407 278 427
b179 115 400 156 445
b180 341 292 362 311
b181 126 243 168 258
b182 113 112 125 145
b183 146 384 183 400
b184 142 109 162 128
b185 391 0 404 44
b186 34 222 82 235
b187 245 0 269 22
b188 270 0 294 40
b189 70 165 90 196
b190 254 342 291 376
b191 344 404 381 446
b192 90 165 112 193
b193 70 63 113 105
b194 221 120 263 163
b195 366 79 391 115
b196 82 276 121 292
b197 113 145 148 192
b198 254 276 276 316
b199 159 311 193 351
