295892.25
389284.5
202500
450 450
100.835576
b0 215 128 231 164
b1 134 326 153 365
b2 312 0 353 35
b3 332 60 350 107
b4 45 0 77 26
b5 311 333 342 368
b6 276 252 305 265
b7 96 421 117 449
b8 38 425 70 440
b9 268 305 302 351
b10 123 414 168 446
b11 229 89 265 103
b12 231 128 273 164
b13 267 0 312 48
b14 41 162 56 187
b15 338 281 384 326
b16 132 43 154 61
b17 251 179 277 212
b18 248 47 267 81
b19 212 328 224 358
b20 401 237 434 265
b21 352 197 396 236
b22 224 357 250 396
b23 158 244 183 284
b24 300 164 325 179
b25 353 0 389 36
b26 69 341 94 384
b27 0 364 34 379
b28 267 73 313 111
b29 273 124 310 136
b30 186 123 213 140
b31 196 325 212 362
b32 12 187 44 210
b33 186 250 222 268
b34 313 60 332 98
b35 384 262 399 295
b36 434 237 446 265
b37 213 107 229 128
b38 353 80 386 106
b39 96 61 138 91
b40 158 203 186 244
b41 138 102 154 118
b42 222 396 266 415
b43 56 151 96 185
b44 212 301 228 328
b45 60 137 97 151
b46 390 37 405 85
b47 121 192 144 206
b48 276 281 302 305
b49 12 66 43 106
b50 225 212 258 254
b51 138 75 186 102
b52 273 136 300 173
b53 245 415 263 432
b54 311 111 354 127
b55 378 122 424 135
b56 229 179 251 204
b57 157 284 176 332
b58 104 380 123 421
b59 91 91 137 137
b60 168 413 198 448
b61 24 210 57 244
b62 137 118 182 155
b63 191 88 206 123
b64 109 279 157 326
b65 186 268 216 301
b66 160 44 191 75
b67 389 0 433 37
b68 143 155 178 179
b69 191 69 229 88
b70 12 148 48 162
b71 311 392 345 434
b72 305 274 338 308
b73 0 431 38 449
b74 94 362 123 380
b75 186 195 213 218
b76 212 218 224 232
b77 45 341 69 357
b78 342 326 385 352
b79 203 362 222 399
b80 154 102 168 117
b81 123 365 143 397
b82 296 179 328 212
b83 310 127 329 164
b84 353 37 390 80
b85 155 362 203 399
b86 311 368 335 392
b87 384 299 429 318
b88 132 0 160 43
b89 0 419 35 431
b90 12 259 57 283
b91 57 250 101 278
b92 144 179 186 203
b93 186 174 229 195
b94 44 306 60 321
b95 229 22 265 47
b96 251 254 276 299
b97 225 254 250 282
b98 186 218 212 234
b99 0 379 20 416
b100 306 232 333 257
b101 12 108 60 148
b102 229 103 267 128
b103 266 409 298 441
b104 191 44 227 69
b105 109 206 151 237
b106 364 355 403 389
b107 0 348 45 364
b108 143 365 155 398
b109 378 149 400 161
b110 12 283 56 306
b111 121 179 139 192
b112 45 70 91 88
b113 401 135 444 163
b114 277 173 296 212
b115 401 163 438 193
b116 385 318 427 355
b117 109 255 146 279
b118 386 85 425 120
b119 97 137 121 173
b120 12 244 57 259
b121 345 389 377 434
b122 153 332 196 362
b123 216 282 251 295
b124 298 409 311 448
b125 129 237 157 255
b126 35 385 73 413
b127 121 155 143 179
b128 109 326 134 362
b129 176 0 222 44
b130 396 193 441 237
b131 96 0 132 20
b132 268 393 306 409
b133 378 135 390 149
b134 276 265 305 281
b135 123 399 160 414
b136 345 352 364 376
b137 250 357 268 379
b138 79 278 109 300
b139 57 219 90 250
b140 146 255 158 271
b141 302 308 336 333
b142 258 225 304 252
b143 45 26 91 70
b144 12 162 41 187
b145 338 236 372 281
b146 182 140 215 174
b147 12 210 24 241
b148 384 237 401 262
b149 57 278 79 300
b150 96 173 109 203
b151 354 106 381 122
b152 96 20 129 53
b153 20 379 32 419
b154 0 306 44 348
b155 44 321 57 333
b156 229 47 248 89
b157 0 0 12 42
b158 306 257 334 274
b159 176 301 212 325
b160 366 122 378 158
b161 90 219 109 250
b162 322 219 352 231
b163 403 355 450 401
b164 374 161 401 193
b165 12 0 45 41
b166 38 413 74 425
b167 160 399 207 413
b168 312 35 349 60
b169 328 169 374 197
b170 74 405 96 450
b171 399 265 434 299
b172 12 41 43 66
b173 377 389 399 431
b174 405 37 425 62
b175 372 236 384 270
b176 109 237 129 253
b177 73 384 104 405
b178 306 212 322 232
b179 60 300 105 341
b180 206 88 227 107
b181 231 164 273 179
b182 109 173 121 206
b183 160 0 176 37
b184 77 0 96 20
b185 267 111 311 124
b186 258 212 306 225
b187 328 197 352 219
b188 228 299 268 323
b189 43 88 74 108
b190 57 185 94 219
b191 329 127 366 169
b192 45 357 67 385
b193 268 351 311 393
b194 403 401 446 443
b195 267 48 303 73
b196 186 234 225 250
b197 198 415 245 450
b198 222 0 262 22
b199 228 323 268 357
