533219.625
557808.5
311920
560 557
605.775935
b0 440 255 467 270
b1 406 290 422 317
b2 351 73 373 99
b3 373 175 418 196
b4 260 442 300 487
b5 31 225 47 251
b6 79 143 106 181
b7 366 360 401 389
b8 181 205 202 241
b9 0 376 44 401
b10 283 233 298 264
b11 115 405 156 429
b12 66 126 85 143
b13 93 290 126 338
b14 373 154 417 175
b15 401 320 416 354
b16 44 352 89 394
b17 359 389 400 426
b18 268 353 312 396
b19 228 379 264 402
b20 114 505 131 518
b21 330 151 358 195
b22 223 450 258 479
b23 380 273 420 290
b24 416 252 440 270
b25 417 55 446 98
b26 441 220 468 238
b27 394 450 434 488
b28 254 318 278 330
b29 126 308 156 337
b30 134 350 154 378
b31 175 91 211 123
b32 518 476 540 495
b33 167 304 213 349
b34 254 194 283 206
b35 546 253 558 279
b36 366 333 396 360
b37 324 431 336 460
b38 85 101 106 120
b39 47 232 60 244
b40 60 245 79 292
b41 47 77 66 113
b42 191 494 216 540
b43 474 127 513 148
b44 132 505 159 529
b45 441 350 466 374
b46 428 233 441 252
b47 401 356 441 398
b48 188 171 216 205
b49 300 437 324 485
b50 28 251 47 265
b51 336 471 352 485
b52 312 45 349 63
b53 113 338 149 350
b54 90 15 120 49
b55 89 357 115 388
b56 202 205 248 236
b57 188 123 235 171
b58 441 325 466 350
b59 41 401 79 448
b60 296 43 312 82
b61 367 196 412 227
b62 124 13 170 49
b63 440 289 486 325
b64 358 151 373 184
b65 184 0 207 13
b66 254 0 296 45
b67 500 46 514 79
b68 530 139 558 184
b69 400 398 436 425
b70 335 0 351 45
b71 440 0 472 34
b72 202 271 217 303
b73 506 0 518 46
b74 216 497 259 531
b75 223 402 260 422
b76 139 88 175 127
b77 336 431 354 471
b78 42 0 84 16
b79 198 449 223 489
b80 114 473 150 488
b81 80 86 112 101
b82 450 127 474 166
b83 254 45 295 82
b84 55 495 93 529
b85 418 186 461 220
b86 351 0 395 39
b87 42 16 90 61
b88 254 206 283 250
b89 379 532 421 552
b90 393 426 439 450
b91 124 204 145 247
b92 496 327 543 372
b93 510 148 530 172
b94 184 13 203 44
b95 179 378 223 415
b96 0 179 33 225
b97 365 273 380 313
b98 366 320 401 333
b99 466 444 506 461
b100 394 488 439 532
b101 381 55 417 85
b102 254 115 294 151
b103 211 44 245 78
b104 512 427 554 441
b105 167 271 202 304
b106 151 0 184 12
b107 42 174 74 189
b108 332 231 369 269
b109 0 0 42 46
b110 139 49 181 88
b111 166 377 179 398
b112 0 154 30 179
b113 254 170 290 194
b114 374 107 418 141
b115 156 398 178 432
b116 115 350 134 378
b117 272 487 293 526
b118 500 253 544 291
b119 466 325 494 370
b120 278 317 314 353
b121 216 171 254 205
b122 0 307 20 350
b123 28 530 64 553
b124 79 436 114 467
b125 513 211 559 253
b126 202 365 224 377
b127 0 351 43 376
b128 0 472 28 516
b129 298 233 332 255
b130 380 290 406 320
b131 150 449 198 494
b132 433 34 472 52
b133 478 461 521 476
b134 41 448 75 495
b135 193 44 208 89
b136 169 203 181 240
b137 64 529 92 550
b138 275 289 317 317
b139 330 195 367 231
b140 317 287 329 330
b141 420 270 465 289
b142 459 374 496 401
b143 274 264 298 289
b144 84 0 124 15
b145 314 388 359 401
b146 297 146 330 194
b147 79 181 121 211
b148 441 531 461 549
b149 207 0 254 22
b150 348 510 379 533
b151 132 529 174 547
b152 159 494 178 510
b153 0 401 41 431
b154 254 330 276 347
b155 0 46 25 60
b156 422 289 438 317
b157 228 359 253 379
b158 27 107 40 130
b159 418 116 450 160
b160 447 166 474 182
b161 369 227 416 273
b162 0 225 31 243
b163 381 85 414 107
b164 441 495 482 531
b165 178 540 199 557
b166 282 401 316 437
b167 441 404 478 440
b168 509 187 550 211
b169 145 204 169 243
b170 106 141 151 170
b171 260 402 282 442
b172 124 0 151 13
b173 107 520 132 552
b174 47 61 90 77
b175 167 243 183 258
b176 155 165 188 203
b177 90 49 131 86
b178 106 122 123 141
b179 76 211 122 245
b180 482 500 522 519
b181 272 526 300 556
b182 395 0 440 24
b183 0 274 39 307
b184 514 86 560 111
b185 512 400 546 427
b186 115 429 148 460
b187 500 291 538 327
b188 329 347 366 387
b189 242 236 254 280
b190 217 280 244 317
b191 151 127 185 143
b192 461 187 509 216
b193 114 488 147 505
b194 351 39 379 52
b195 467 270 500 283
b196 0 431 41 472
b197 223 422 260 450
b198 92 388 111 436
b199 446 52 477 88
b200 211 78 254 115
b201 418 160 447 186
b202 472 0 506 39
b203 0 259 28 274
b204 126 275 167 308
b205 467 255 488 270
b206 56 310 91 352
b207 514 111 547 139
b208 0 107 27 127
b209 468 216 513 252
b210 514 46 527 70
b211 514 70 526 86
b212 216 531 258 552
b213 254 347 268 379
b214 441 238 468 255
b215 47 211 76 232
b216 235 115 254 157
b217 254 250 274 298
b218 227 236 242 279
b219 223 479 251 497
b220 329 317 366 347
b221 259 487 272 532
b222 296 121 330 146
b223 91 338 113 357
b224 39 265 60 310
b225 356 463 394 510
b226 189 349 228 365
b227 482 83 514 96
b228 254 298 275 318
b229 42 126 66 174
b230 332 287 365 317
b231 298 255 328 271
b232 228 317 251 359
b233 418 220 434 233
b234 332 269 365 287
b235 33 189 79 211
b236 115 378 154 405
b237 93 480 114 520
b238 455 88 482 127
b239 79 268 119 290
b240 337 401 356 424
b241 0 516 24 529
b242 208 22 248 44
b243 359 426 393 463
b244 373 141 410 154
b245 482 476 518 500
b246 477 39 500 83
b247 474 148 510 187
b248 331 99 374 130
b249 28 495 55 530
b250 124 170 155 204
b251 478 401 512 444
b252 494 96 513 124
b253 235 157 250 170
b254 114 460 138 473
b255 283 194 330 233
b256 93 467 114 480
b257 60 292 93 309
b258 179 415 223 449
b259 482 96 494 122
b260 416 233 428 252
b261 154 337 166 382
b262 300 530 348 557
b263 0 61 47 107
b264 79 245 124 268
b265 314 343 329 388
b266 300 485 348 530
b267 312 63 351 97
b268 441 440 466 462
b269 418 98 455 116
b270 92 529 107 552
b271 0 130 42 154
b272 296 97 331 121
b273 316 401 337 431
b274 106 101 139 122
b275 167 349 189 377
b276 486 283 500 314
b277 181 44 193 91
b278 79 394 92 436
b279 296 0 335 43
b280 151 143 182 165
b281 441 374 459 404
b282 183 241 227 271
b283 314 330 329 343
b284 351 52 381 73
b285 47 113 80 126
b286 20 310 56 351
b287 331 130 373 151
b288 496 372 532 400
b289 441 462 478 495
b290 298 271 325 287
b291 124 247 167 275
b292 416 317 440 356
b293 254 151 297 170
b294 148 432 174 449
b295 178 494 191 537
b296 0 243 27 259
b297 395 24 433 55
b298 254 82 294 115
b299 189 365 202 378
