230563.546875
233229.5
206570
455 454
8.02174
b0 372 0 405 43
b1 387 226 424 291
b2 115 336 149 389
b3 328 26 365 93
b4 279 317 308 336
b5 234 104 273 153
b6 321 106 339 146
b7 159 389 199 411
b8 65 336 115 398
b9 62 0 103 16
b10 160 20 178 72
b11 62 170 121 209
b12 0 211 61 239
b13 219 56 276 104
b14 0 349 43 412
b15 293 258 345 317
b16 405 100 441 157
b17 282 0 326 66
b18 224 200 272 251
b19 161 144 192 194
b20 116 90 153 109
b21 274 160 338 210
b22 210 22 259 56
b23 339 142 388 162
b24 114 308 159 336
b25 153 90 192 144
b26 239 316 279 371
b27 371 201 436 226
b28 316 415 362 454
b29 0 239 24 301
b30 328 0 352 26
b31 192 163 218 197
b32 62 117 105 170
b33 405 65 427 100
b34 192 67 219 121
b35 266 371 297 409
b36 339 162 406 201
b37 160 0 220 20
b38 79 236 102 293
b39 103 0 158 52
b40 279 336 305 365
b41 24 239 79 266
b42 0 0 62 53
b43 0 53 46 114
b44 246 251 293 316
b45 364 408 387 452
b46 345 324 384 346
b47 0 316 65 349
b48 62 209 119 236
b49 405 0 452 65
b50 320 226 387 258
b51 103 52 160 90
b52 276 106 321 160
b53 105 117 148 138
b54 424 226 442 287
b55 364 352 398 408
b56 161 267 224 284
b57 192 20 210 67
b58 159 355 205 389
b59 266 415 316 452
b60 121 144 161 167
b61 338 201 371 224
b62 161 284 221 303
b63 406 157 451 193
b64 24 266 71 316
b65 0 155 57 211
b66 161 200 222 267
b67 365 43 405 87
b68 159 303 222 355
b69 62 90 116 117
b70 192 121 234 163
b71 224 251 246 315
b72 205 382 266 443
b73 387 291 454 352
b74 119 223 161 261
b75 259 22 278 50
b76 43 349 65 382
b77 398 352 455 418
b78 288 210 320 246
b79 0 114 60 155
b80 46 53 62 111
b81 278 66 328 106
b82 102 261 159 308
b83 98 308 114 330
b84 59 398 126 420
b85 352 0 372 25
b86 218 163 274 200
b87 62 16 101 60
b88 62 60 99 84
b89 71 293 98 331
b90 297 382 336 415
b91 121 167 154 223
b92 272 210 288 236
b93 308 317 343 382
b94 0 412 59 453
b95 345 346 364 397
b96 345 258 385 324
b97 222 315 239 382
b98 220 0 282 22
b99 339 93 405 142
