424210.5
533700
314721
561 561
419.627784
b0 327 289 342 316
b1 340 379 356 406
b2 191 0 213 26
b3 431 344 452 389
b4 421 54 466 94
b5 55 150 81 166
b6 55 81 82 119
b7 487 483 516 518
b8 342 131 378 152
b9 101 485 126 529
b10 217 294 248 309
b11 213 0 254 24
b12 220 142 237 161
b13 373 93 421 126
b14 347 446 391 467
b15 430 470 445 504
b16 12 251 54 296
b17 295 65 336 102
b18 403 190 446 234
b19 259 405 295 428
b20 167 139 184 152
b21 345 87 373 131
b22 100 230 135 259
b23 147 144 164 184
b24 354 424 378 442
b25 259 248 288 291
b26 411 301 438 319
b27 124 306 162 346
b28 329 316 341 340
b29 219 65 249 94
b30 270 14 290 42
b31 124 368 160 400
b32 464 99 486 118
b33 88 67 133 113
b34 292 349 304 378
b35 520 130 546 142
b36 231 485 261 512
b37 268 477 297 489
b38 256 106 277 125
b39 12 39 24 52
b40 42 320 61 367
b41 181 253 200 289
b42 225 375 250 421
b43 342 291 381 312
b44 162 421 186 448
b45 406 491 430 516
b46 337 366 356 379
b47 250 349 292 389
b48 375 202 403 236
b49 146 212 170 260
b50 237 106 256 120
b51 340 406 354 422
b52 466 47 503 65
b53 184 142 220 154
b54 345 57 379 87
b55 97 305 123 336
b56 55 35 86 81
b57 482 339 530 386
b58 413 319 438 344
b59 12 83 50 130
b60 378 126 417 142
b61 268 432 299 477
b62 291 221 327 267
b63 327 240 373 276
b64 530 346 545 379
b65 457 266 470 289
b66 445 475 487 520
b67 270 0 303 14
b68 221 330 249 375
b69 344 486 380 513
b70 284 136 300 181
b71 303 167 335 201
b72 82 113 114 128
b73 511 196 523 242
b74 88 442 122 485
b75 290 201 327 221
b76 469 386 508 422
b77 289 331 329 349
b78 12 296 54 312
b79 37 367 77 392
b80 86 485 101 521
b81 68 207 100 222
b82 387 307 411 346
b83 506 0 543 41
b84 0 479 38 513
b85 183 291 217 334
b86 192 470 231 514
b87 506 41 554 86
b88 187 26 216 70
b89 122 436 142 478
b90 411 277 457 301
b91 54 263 97 284
b92 461 0 506 47
b93 303 0 327 20
b94 300 136 319 167
b95 0 354 37 398
b96 249 43 295 76
b97 249 332 289 347
b98 479 326 514 339
b99 510 242 527 282
b100 299 480 344 524
b101 452 347 482 383
b102 54 284 94 320
b103 466 65 500 99
b104 248 202 290 216
b105 55 0 88 35
b106 0 0 12 33
b107 170 238 202 253
b108 378 409 416 446
b109 242 125 284 171
b110 379 54 421 93
b111 76 429 97 442
b112 151 67 176 97
b113 167 175 203 199
b114 506 449 550 483
b115 124 346 158 368
b116 81 150 100 178
b117 469 422 508 443
b118 520 86 558 130
b119 342 325 387 353
b120 12 130 48 166
b121 345 19 379 57
b122 12 201 55 221
b123 81 529 117 552
b124 228 244 259 279
b125 415 0 461 42
b126 162 448 184 460
b127 0 454 43 479
b128 126 491 170 519
b129 470 269 504 291
b130 430 520 456 550
b131 212 514 260 559
b132 473 291 512 309
b133 299 465 342 480
b134 100 128 147 162
b135 203 195 218 240
b136 237 94 274 106
b137 55 235 76 263
b138 375 236 417 264
b139 379 0 415 37
b140 419 344 431 387
b141 295 413 340 432
b142 348 152 385 179
b143 440 94 464 119
b144 162 335 202 350
b145 342 312 387 325
b146 299 432 347 465
b147 12 312 42 354
b148 388 491 406 511
b149 417 126 439 173
b150 438 301 461 332
b151 170 514 212 532
b152 277 389 296 405
b153 12 221 53 251
b154 203 260 225 277
b155 203 277 228 291
b156 379 37 407 53
b157 278 181 303 201
b158 55 222 78 235
b159 462 443 506 475
b160 520 142 536 169
b161 100 162 147 208
b162 133 67 151 98
b163 451 233 473 266
b164 352 513 388 554
b165 503 86 520 107
b166 0 420 36 454
b167 473 233 510 269
b168 484 148 508 189
b169 12 0 36 39
b170 55 178 100 207
b171 0 398 40 420
b172 315 102 342 115
b173 257 307 289 332
b174 254 0 270 43
b175 272 233 288 248
b176 188 350 221 388
b177 181 98 218 139
b178 36 0 55 17
b179 100 259 134 305
b180 422 451 462 470
b181 291 524 319 554
b182 147 460 192 484
b183 170 199 203 238
b184 78 336 103 382
b185 375 264 409 291
b186 43 420 76 451
b187 523 196 561 232
b188 456 520 493 560
b189 218 98 230 142
b190 318 20 345 57
b191 248 291 282 307
b192 530 260 559 308
b193 103 378 120 411
b194 530 232 543 260
b195 327 276 360 289
b196 126 519 167 560
b197 162 393 199 421
b198 133 98 181 117
b199 242 171 278 202
b200 231 442 268 485
b201 199 388 225 417
b202 288 267 327 301
b203 147 184 162 212
b204 133 34 174 67
b205 356 409 377 424
b206 12 166 54 201
b207 43 392 76 420
b208 147 117 167 144
b209 439 119 484 155
b210 400 346 413 370
b211 415 42 431 54
b212 103 336 124 378
b213 439 155 453 187
b214 479 309 506 326
b215 162 306 183 335
b216 344 467 386 486
b217 143 0 191 20
b218 12 52 55 67
b219 493 196 511 224
b220 289 301 326 331
b221 43 451 88 464
b222 118 0 143 34
b223 421 94 440 116
b224 214 421 259 442
b225 446 195 493 233
b226 453 383 469 422
b227 259 216 272 248
b228 203 240 224 260
b229 327 216 375 240
b230 304 349 337 379
b231 381 291 411 307
b232 88 44 130 67
b233 387 346 400 362
b234 512 282 530 315
b235 100 208 146 230
b236 192 443 231 470
b237 217 309 257 330
b238 508 169 547 196
b239 55 128 95 150
b240 493 518 516 537
b241 97 429 121 442
b242 453 155 475 195
b243 419 414 453 451
b244 335 157 348 194
b245 386 467 422 491
b246 348 179 392 202
b247 388 516 424 555
b248 43 464 86 495
b249 0 513 35 540
b250 284 102 315 136
b251 417 234 451 277
b252 391 446 419 465
b253 228 279 241 294
b254 219 41 232 65
b255 356 362 395 409
b256 126 478 147 491
b257 216 24 249 41
b258 296 379 340 413
b259 461 291 473 317
b260 272 221 291 233
b261 76 417 121 429
b262 261 510 288 558
b263 134 260 181 306
b264 295 20 318 65
b265 249 76 294 91
b266 508 404 556 449
b267 203 161 242 195
b268 431 389 453 414
b269 508 386 545 404
b270 142 436 157 459
b271 224 202 248 244
b272 78 382 102 417
b273 261 489 291 510
b274 167 154 200 175
b275 186 421 214 443
b276 335 202 366 216
b277 392 178 439 190
b278 162 350 175 392
b279 38 495 81 534
b280 78 222 100 253
b281 461 317 479 347
b282 88 0 118 44
b283 341 353 356 366
b284 484 118 505 148
b285 174 20 187 53
b286 121 400 162 436
b287 319 115 340 157
b288 385 142 413 178
b289 319 524 352 561
b290 250 389 277 405
b291 176 70 219 98
b292 395 370 419 409
b293 327 0 370 19
b294 61 320 78 346
b295 175 350 188 393
b296 12 67 39 83
b297 530 308 561 346
b298 516 483 556 516
b299 55 207 68 220
