242318.25
246542.5
204300
450 454
2.672959
b0 384 152 427 185
b1 121 57 186 94
b2 185 243 219 296
b3 219 225 256 292
b4 107 253 126 282
b5 174 415 223 454
b6 384 49 424 67
b7 99 114 121 154
b8 313 247 375 297
b9 26 352 67 368
b10 384 134 436 152
b11 126 253 185 292
b12 67 375 128 403
b13 130 348 178 405
b14 186 70 229 133
b15 99 154 151 213
b16 384 286 441 322
b17 0 157 66 201
b18 384 341 435 389
b19 58 0 89 50
b20 262 0 299 19
b21 257 161 307 225
b22 27 233 61 282
b23 384 266 433 286
b24 320 111 348 156
b25 384 227 438 266
b26 314 71 369 111
b27 424 49 449 114
b28 389 389 428 435
b29 223 422 285 446
b30 165 322 191 346
b31 229 18 255 52
b32 267 118 320 161
b33 151 152 186 174
b34 0 238 27 292
b35 226 145 257 183
b36 151 177 218 216
b37 121 94 181 114
b38 107 230 164 253
b39 240 370 295 422
b40 165 296 194 322
b41 164 216 219 243
b42 178 362 240 415
b43 0 111 61 157
b44 65 403 130 450
b45 427 152 450 196
b46 229 77 251 116
b47 66 114 99 179
b48 0 368 57 395
b49 89 0 154 47
b50 89 47 121 114
b51 121 114 178 152
b52 61 230 106 284
b53 307 161 328 204
b54 201 0 262 18
b55 348 111 382 167
b56 66 213 129 230
b57 40 0 58 47
b58 313 297 359 331
b59 257 320 294 370
b60 0 0 40 23
b61 201 37 224 70
b62 299 0 359 19
b63 262 41 307 77
b64 328 200 378 247
b65 108 292 165 348
b66 295 331 362 392
b67 186 133 226 177
b68 307 19 370 71
b69 67 348 121 375
b70 384 185 426 227
b71 362 341 384 405
b72 295 392 356 453
b73 0 50 67 111
b74 219 183 257 225
b75 201 18 229 37
b76 262 19 295 41
b77 194 296 251 362
b78 24 201 60 233
b79 0 292 41 352
b80 297 225 313 283
b81 257 225 297 275
b82 154 0 201 57
b83 362 297 384 313
b84 41 324 108 346
b85 229 52 249 77
b86 257 283 313 320
b87 130 405 174 444
b88 0 201 24 238
b89 229 118 267 145
b90 356 405 389 444
b91 328 167 384 200
b92 0 352 26 368
b93 0 395 65 430
b94 255 77 314 118
b95 362 322 413 341
b96 41 284 107 324
b97 384 67 401 134
b98 67 50 89 112
b99 370 0 436 49
