3110822.40625
3338533.5
1061424
273 3888
924.891377
b0 70 2210 97 2225
b1 183 186 210 202
b2 126 2926 148 2952
b3 117 2714 138 2759
b4 75 2336 115 2381
b5 173 1819 189 1845
b6 97 1358 135 1385
b7 106 3514 141 3543
b8 54 2463 75 2499
b9 76 2143 120 2168
b10 56 2843 71 2874
b11 100 2464 141 2488
b12 144 2443 161 2462
b13 93 3466 126 3514
b14 34 2293 78 2314
b15 130 1324 164 1339
b16 221 683 266 725
b17 115 681 156 718
b18 216 37 259 81
b19 0 3470 36 3493
b20 59 3562 72 3579
b21 34 2971 62 3015
b22 21 3379 56 3408
b23 61 1528 101 1545
b24 68 1582 86 1606
b25 146 1482 175 1525
b26 78 2888 105 2906
b27 133 1628 171 1668
b28 249 0 273 12
b29 89 2786 118 2816
b30 58 2874 78 2902
b31 45 3234 77 3270
b32 61 3720 80 3742
b33 83 3269 128 3315
b34 36 3470 65 3482
b35 161 1819 173 1845
b36 143 969 170 999
b37 86 1797 98 1826
b38 86 1582 107 1601
b39 115 2369 127 2382
b40 21 3423 40 3470
b41 61 959 97 978
b42 141 2464 187 2489
b43 98 2168 137 2189
b44 34 0 61 24
b45 65 3479 89 3504
b46 130 449 149 462
b47 13 3805 55 3845
b48 175 1482 203 1516
b49 21 3094 45 3142
b50 42 3748 61 3762
b51 120 755 134 771
b52 115 39 152 57
b53 105 2889 141 2901
b54 134 1256 164 1290
b55 94 755 120 786
b56 54 2432 100 2463
b57 59 3514 106 3562
b58 75 3040 100 3065
b59 78 2850 125 2888
b60 73 3175 112 3191
b61 111 3089 142 3134
b62 125 1408 171 1444
b63 34 1949 70 1995
b64 156 1046 189 1061
b65 0 3783 13 3806
b66 115 636 157 681
b67 111 1936 125 1969
b68 89 2741 117 2786
b69 56 2816 92 2843
b70 98 1245 114 1290
b71 0 0 34 32
b72 75 2417 107 2432
b73 161 1845 173 1891
b74 17 3675 60 3709
b75 147 1161 167 1198
b76 122 2189 161 2225
b77 221 81 261 99
b78 86 3315 128 3331
b79 162 248 202 273
b80 120 1046 156 1061
b81 82 1970 97 2002
b82 122 2270 161 2294
b83 109 1511 146 1552
b84 0 32 34 70
b85 82 2006 116 2049
b86 113 2569 152 2613
b87 194 101 239 149
b88 170 969 199 1013
b89 34 2343 54 2385
b90 120 1137 166 1161
b91 189 1570 232 1591
b92 176 316 221 363
b93 145 425 165 449
b94 100 2488 131 2507
b95 70 2049 114 2086
b96 114 2049 160 2082
b97 160 1804 200 1819
b98 56 3379 69 3414
b99 144 2426 184 2443
b100 146 1525 190 1570
b101 190 425 220 461
b102 75 2381 115 2417
b103 148 2889 182 2923
b104 94 893 136 907
b105 143 1013 178 1046
b106 115 2336 127 2369
b107 21 3408 53 3423
b108 63 3645 100 3683
b109 193 202 235 248
b110 107 3543 146 3585
b111 137 718 150 739
b112 109 1668 139 1693
b113 135 2225 171 2249
b114 115 2382 149 2426
b115 95 2095 129 2117
b116 147 1198 175 1217
b117 115 462 154 483
b118 86 1759 130 1797
b119 91 1447 119 1492
b120 61 1492 97 1528
b121 34 1545 68 1583
b122 210 461 253 481
b123 120 941 143 977
b124 83 3234 114 3269
b125 17 3633 63 3675
b126 78 2293 100 2305
b127 42 3762 67 3805
b128 17 3720 61 3748
b129 54 2624 88 2646
b130 61 978 91 1004
b131 130 1759 178 1804
b132 62 3001 80 3040
b133 0 3845 15 3888
b134 79 2646 113 2693
b135 152 410 197 425
b136 56 3414 93 3426
b137 162 14 183 42
b138 56 2225 98 2253
b139 183 149 219 186
b140 192 273 204 316
b141 98 1200 117 1245
b142 60 3683 87 3720
b143 34 2874 58 2899
b144 130 57 145 97
b145 122 2225 135 2270
b146 142 1104 190 1137
b147 152 363 182 405
b148 188 558 206 578
b149 75 2314 122 2336
b150 154 449 177 480
b151 76 2168 94 2210
b152 68 1606 84 1625
b153 34 3040 75 3070
b154 98 941 120 958
b155 111 1922 136 1936
b156 45 3109 73 3125
b157 90 3102 110 3127
b158 56 2646 79 2659
b159 100 2432 144 2464
b160 36 3579 63 3595
b161 182 363 228 410
b162 162 202 193 220
b163 36 3611 69 3633
b164 109 3134 145 3175
b165 220 410 241 427
b166 52 3315 86 3351
b167 73 3127 109 3164
b168 158 757 182 798
b169 120 2117 144 2156
b170 84 1865 113 1910
b171 34 2221 56 2261
b172 115 568 142 581
b173 70 2086 95 2118
b174 157 636 200 652
b175 115 57 130 73
b176 146 1444 179 1482
b177 68 1545 109 1582
b178 53 3426 70 3445
b179 142 568 188 602
b180 127 2294 146 2334
b181 120 865 150 893
b182 34 3070 79 3094
b183 134 1217 167 1256
b184 70 2118 116 2143
b185 111 1804 138 1838
b186 21 3270 52 3303
b187 75 2538 111 2576
b188 56 2253 93 2293
b189 63 3633 107 3645
b190 79 2714 116 2741
b191 142 602 158 636
b192 47 2143 76 2191
b193 68 1932 101 1949
b194 65 3466 93 3479
b195 56 2741 89 2754
b196 162 517 203 558
b197 152 1570 189 1598
b198 162 498 210 517
b199 52 3270 83 3306
b200 94 718 137 755
b201 34 2314 60 2343
b202 91 1408 125 1447
b203 196 683 211 711
b204 156 936 197 969
b205 94 40 115 55
b206 0 3748 42 3783
b207 167 1137 200 1165
b208 194 81 221 101
b209 137 3216 182 3252
b210 190 461 203 485
b211 117 1200 133 1212
b212 54 2343 75 2385
b213 162 0 194 14
b214 136 1838 153 1865
b215 82 1949 111 1970
b216 130 1339 172 1358
b217 184 1845 204 1893
b218 150 718 193 733
b219 162 480 190 498
b220 113 2507 143 2544
b221 34 1995 47 2040
b222 113 2544 147 2569
b223 34 2646 56 2665
b224 136 893 181 914
b225 58 2906 105 2944
b226 135 1358 174 1374
b227 63 3579 76 3611
b228 137 757 158 777
b229 76 2576 100 2624
b230 219 149 249 182
b231 62 2971 78 3001
b232 179 1336 221 1359
b233 176 273 192 286
b234 97 1290 130 1308
b235 54 2576 76 2622
b236 84 1826 111 1865
b237 94 0 115 40
b238 179 1359 206 1398
b239 156 914 196 936
b240 97 1492 120 1511
b241 134 1161 147 1185
b242 194 0 216 40
b243 94 907 131 941
b244 114 2082 151 2095
b245 90 3065 126 3089
b246 36 3482 59 3526
b247 98 1161 134 1200
b248 193 652 236 683
b249 167 1217 202 1244
b250 137 798 168 832
b251 92 2816 135 2850
b252 52 3351 71 3379
b253 79 2693 94 2706
b254 109 1583 133 1596
b255 115 0 162 39
b256 90 3089 111 3102
b257 189 1013 206 1046
b258 133 1290 177 1324
b259 99 1910 125 1922
b260 164 1324 183 1336
b261 70 1949 82 1994
b262 119 1693 146 1741
b263 115 522 162 568
b264 97 1385 142 1408
b265 45 3094 90 3109
b266 147 2489 192 2537
b267 125 2850 159 2889
b268 126 2901 148 2926
b269 61 941 98 959
b270 47 2191 70 2206
b271 150 733 192 757
b272 152 273 176 308
b273 0 70 21 100
b274 94 2693 127 2714
b275 120 1061 142 1089
b276 69 3379 100 3393
b277 107 1693 119 1740
b278 143 914 156 956
b279 45 3191 84 3234
b280 68 1910 99 1932
b281 107 1741 137 1759
b282 152 1598 196 1628
b283 47 2206 60 2221
b284 107 3331 137 3352
b285 134 832 147 865
b286 114 3175 150 3216
b287 65 3445 107 3466
b288 97 1970 125 2006
b289 216 0 249 37
b290 84 3191 100 3218
b291 156 1061 184 1104
b292 115 483 139 522
b293 107 3352 150 3371
b294 0 3493 17 3519
b295 109 1570 152 1583
b296 58 2944 74 2971
b297 75 2507 113 2538
b298 61 0 94 40
b299 78 2944 91 2957
