549653.8515625
575757.5
314721
561 561
266.611703
b0 369 294 396 309
b1 251 26 278 42
b2 333 197 359 219
b3 369 44 414 65
b4 390 492 435 532
b5 0 331 26 347
b6 490 401 528 428
b7 497 464 532 493
b8 335 263 356 299
b9 152 82 196 107
b10 212 0 243 15
b11 359 187 400 211
b12 313 240 330 259
b13 436 371 469 419
b14 55 101 99 122
b15 210 153 244 168
b16 61 254 106 296
b17 419 60 460 97
b18 235 225 279 268
b19 90 187 113 223
b20 0 481 17 494
b21 352 129 396 157
b22 460 104 495 133
b23 184 378 224 395
b24 255 391 279 409
b25 462 24 491 67
b26 155 195 182 213
b27 517 191 557 229
b28 524 118 536 142
b29 277 347 306 377
b30 471 313 491 341
b31 279 377 311 413
b32 182 195 204 214
b33 390 328 436 373
b34 197 82 209 111
b35 496 118 522 130
b36 325 124 352 154
b37 469 341 498 353
b38 469 401 490 420
b39 172 378 184 391
b40 108 390 127 437
b41 109 332 128 368
b42 157 474 203 499
b43 210 91 249 112
b44 0 457 27 481
b45 409 273 433 298
b46 496 80 509 99
b47 497 40 539 80
b48 109 278 137 312
b49 511 167 559 191
b50 299 240 313 259
b51 497 493 511 509
b52 175 0 212 18
b53 275 413 311 425
b54 396 298 430 328
b55 0 209 26 240
b56 390 373 436 404
b57 450 442 497 490
b58 493 373 518 398
b59 227 268 274 306
b60 396 85 412 124
b61 0 157 45 188
b62 364 211 400 257
b63 400 173 446 209
b64 538 415 553 448
b65 114 265 137 278
b66 135 37 177 82
b67 400 239 433 253
b68 34 391 62 436
b69 436 490 472 517
b70 353 0 369 45
b71 356 342 390 374
b72 275 425 307 440
b73 497 28 543 40
b74 208 521 251 555
b75 517 229 554 249
b76 397 452 436 488
b77 279 224 297 264
b78 0 441 42 457
b79 63 374 103 399
b80 42 464 57 500
b81 63 343 95 358
b82 311 64 350 88
b83 134 0 175 37
b84 0 347 38 381
b85 163 107 197 150
b86 108 82 152 121
b87 163 499 208 547
b88 310 168 354 197
b89 311 431 353 451
b90 439 0 485 24
b91 89 469 110 512
b92 163 150 210 195
b93 36 40 56 64
b94 232 26 251 57
b95 128 367 172 404
b96 390 419 436 452
b97 382 452 397 492
b98 436 313 471 326
b99 477 215 517 232
b100 318 451 363 495
b101 528 360 558 396
b102 35 0 71 40
b103 146 333 180 367
b104 436 419 450 461
b105 111 437 146 470
b106 278 30 311 42
b107 45 122 60 154
b108 477 232 515 269
b109 352 83 394 129
b110 254 457 293 499
b111 38 378 59 391
b112 128 404 158 429
b113 300 521 324 557
b114 56 512 90 556
b115 62 427 84 461
b116 272 542 300 561
b117 158 270 179 309
b118 509 80 553 118
b119 436 326 464 371
b120 0 40 36 76
b121 353 413 387 451
b122 40 254 60 297
b123 60 122 96 145
b124 210 190 241 225
b125 0 76 42 122
b126 103 368 115 390
b127 293 457 318 500
b128 297 124 325 168
b129 419 135 453 157
b130 434 271 464 297
b131 45 154 90 202
b132 353 65 392 83
b133 430 298 473 313
b134 0 394 34 441
b135 180 317 225 332
b136 517 249 529 286
b137 0 240 28 261
b138 307 300 335 342
b139 311 88 348 124
b140 434 212 477 224
b141 492 146 511 191
b142 184 395 221 422
b143 210 225 235 249
b144 0 261 40 276
b145 507 286 520 331
b146 340 509 373 557
b147 0 276 30 318
b148 293 500 311 520
b149 289 42 311 89
b150 333 240 364 263
b151 90 145 108 187
b152 177 56 193 75
b153 73 223 114 253
b154 170 442 192 459
b155 141 186 155 211
b156 419 157 447 173
b157 409 253 434 273
b158 356 263 369 286
b159 57 461 89 505
b160 114 208 141 224
b161 180 332 227 378
b162 128 332 146 363
b163 272 0 305 22
b164 497 428 538 464
b165 311 500 328 521
b166 99 43 135 77
b167 460 67 496 104
b168 114 224 138 265
b169 311 378 335 417
b170 335 313 380 342
b171 210 18 232 58
b172 356 286 369 313
b173 38 346 63 378
b174 227 347 243 390
b175 170 459 186 474
b176 177 18 210 56
b177 227 306 264 347
b178 73 202 90 221
b179 111 470 157 504
b180 521 310 561 329
b181 208 454 238 482
b182 55 77 100 101
b183 90 512 129 545
b184 251 165 297 190
b185 369 0 403 27
b186 40 202 73 233
b187 419 97 455 135
b188 369 257 409 294
b189 151 121 163 165
b190 529 249 556 286
b191 241 190 257 224
b192 447 164 476 212
b193 208 504 241 521
b194 536 118 549 146
b195 311 51 344 64
b196 210 112 251 153
b197 108 158 145 186
b198 179 298 227 317
b199 459 520 495 551
b200 108 121 151 158
b201 243 0 272 26
b202 257 190 296 224
b203 42 436 57 464
b204 299 259 332 300
b205 417 39 432 60
b206 0 122 42 157
b207 62 399 95 427
b208 109 312 136 332
b209 311 342 356 378
b210 251 129 275 142
b211 485 0 497 16
b212 251 504 272 546
b213 311 417 343 431
b214 369 27 396 44
b215 138 249 167 270
b216 363 451 382 493
b217 172 422 220 442
b218 390 404 433 419
b219 275 89 293 117
b220 305 0 342 30
b221 42 64 55 109
b222 274 268 299 302
b223 469 420 488 442
b224 137 270 158 315
b225 251 42 289 89
b226 374 374 390 413
b227 474 133 506 146
b228 396 65 417 85
b229 469 353 493 401
b230 400 209 433 239
b231 192 442 208 472
b232 498 331 521 373
b233 255 409 271 422
b234 146 315 179 333
b235 208 482 254 504
b236 17 500 56 527
b237 0 188 40 209
b238 182 214 209 253
b239 210 168 250 190
b240 538 396 561 415
b241 0 381 24 394
b242 251 89 273 129
b243 473 269 507 306
b244 511 130 524 167
b245 520 286 556 310
b246 436 517 459 561
b247 403 0 439 39
b248 56 43 99 74
b249 26 319 61 346
b250 243 347 277 378
b251 299 197 333 240
b252 497 0 516 28
b253 197 111 210 126
b254 0 318 24 331
b255 434 224 473 271
b256 26 209 39 230
b257 274 302 307 319
b258 129 504 163 548
b259 197 56 209 82
b260 208 442 227 454
b261 328 495 340 540
b262 227 427 275 454
b263 63 296 109 343
b264 251 142 296 165
b265 477 146 492 191
b266 179 253 227 298
b267 335 378 374 412
b268 113 186 138 208
b269 538 448 556 485
b270 27 457 42 480
b271 110 0 134 42
b272 0 0 35 24
b273 333 219 363 240
b274 40 233 73 254
b275 89 441 111 469
b276 460 133 474 164
b277 158 404 170 451
b278 95 399 108 441
b279 71 0 110 43
b280 30 297 61 319
b281 472 490 490 520
b282 354 157 398 187
b283 297 168 310 183
b284 432 39 462 60
b285 243 378 276 391
b286 141 213 182 249
b287 311 30 353 51
b288 227 391 255 427
b289 511 493 548 526
b290 363 493 390 509
b291 264 319 307 347
b292 477 191 516 215
b293 400 124 419 167
b294 275 440 301 457
b295 272 499 285 542
b296 63 358 90 374
b297 521 329 559 360
b298 210 58 250 91
b299 90 358 103 371
