236634.796875
240127
205205
455 451
3.877002
b0 130 175 163 218
b1 247 106 284 171
b2 221 367 255 420
b3 220 171 287 208
b4 0 300 19 329
b5 220 208 269 247
b6 346 52 364 92
b7 90 164 130 186
b8 278 279 340 329
b9 0 108 41 124
b10 71 301 123 319
b11 0 261 59 300
b12 311 181 339 242
b13 60 253 117 301
b14 376 105 439 148
b15 248 54 307 106
b16 398 189 455 225
b17 123 271 189 315
b18 321 398 372 446
b19 220 274 270 305
b20 415 291 452 310
b21 79 319 143 369
b22 73 43 122 77
b23 313 32 362 52
b24 376 353 421 381
b25 194 65 248 104
b26 95 124 150 164
b27 425 39 450 104
b28 380 0 426 39
b29 313 92 375 116
b30 0 329 26 353
b31 126 63 152 97
b32 73 77 126 120
b33 339 222 374 244
b34 189 264 216 318
b35 89 369 120 407
b36 170 197 209 264
b37 187 121 247 141
b38 0 124 57 147
b39 27 340 79 395
b40 342 369 368 398
b41 220 247 275 274
b42 27 395 89 448
b43 0 47 46 108
b44 198 0 245 65
b45 245 0 268 44
b46 104 0 126 39
b47 278 208 311 273
b48 46 47 73 104
b49 287 116 334 181
b50 313 0 380 32
b51 156 349 213 387
b52 268 0 313 54
b53 124 218 167 239
b54 260 386 321 404
b55 398 310 454 344
b56 0 203 63 220
b57 123 253 170 271
b58 143 315 189 349
b59 339 172 376 222
b60 120 401 160 424
b61 313 52 346 75
b62 126 105 186 124
b63 340 279 376 324
b64 0 0 50 47
b65 0 147 57 203
b66 376 381 437 448
b67 216 327 260 367
b68 126 0 178 63
b69 0 391 27 445
b70 152 63 194 105
b71 376 289 398 353
b72 160 387 221 448
b73 63 186 124 253
b74 57 120 95 162
b75 76 0 104 19
b76 57 162 90 184
b77 260 329 326 386
b78 120 369 156 401
b79 0 220 60 261
b80 187 105 245 121
b81 326 329 376 369
b82 255 404 312 451
b83 326 369 342 391
b84 376 189 398 256
b85 178 0 198 25
b86 334 116 371 172
b87 27 301 71 340
b88 50 19 87 43
b89 0 353 27 391
b90 376 256 415 289
b91 187 141 220 197
b92 50 0 76 16
b93 311 244 376 279
b94 376 148 435 189
b95 150 124 169 175
b96 415 225 455 291
b97 170 124 187 191
b98 216 305 278 327
b99 376 39 425 105
