438215
562270
314160
561 560
234.96603
b0 418 370 445 385
b1 237 39 253 66
b2 200 158 226 180
b3 538 294 559 339
b4 238 432 283 472
b5 33 391 59 407
b6 15 210 42 248
b7 281 195 310 230
b8 273 83 294 119
b9 0 0 44 25
b10 356 400 371 431
b11 117 226 141 267
b12 231 361 250 378
b13 55 464 88 512
b14 254 301 298 322
b15 371 412 405 427
b16 45 257 90 299
b17 179 0 220 37
b18 460 350 504 393
b19 116 357 139 393
b20 30 533 47 546
b21 82 63 126 91
b22 208 116 243 145
b23 357 522 397 539
b24 357 493 375 517
b25 399 0 442 29
b26 392 30 419 48
b27 413 450 453 488
b28 253 83 265 107
b29 117 314 147 343
b30 119 175 147 195
b31 283 432 319 464
b32 532 438 554 457
b33 141 241 187 286
b34 416 266 428 295
b35 418 358 444 370
b36 470 518 500 545
b37 389 493 401 522
b38 95 397 116 416
b39 148 148 160 161
b40 90 248 109 295
b41 499 0 518 36
b42 502 36 548 61
b43 322 349 361 370
b44 47 79 71 106
b45 461 326 486 350
b46 451 190 470 203
b47 502 107 544 147
b48 469 155 497 189
b49 271 408 319 432
b50 145 475 164 489
b51 375 493 389 509
b52 307 89 344 107
b53 188 105 200 141
b54 107 465 137 499
b55 0 61 26 92
b56 136 195 182 226
b57 300 0 347 48
b58 416 333 441 358
b59 107 499 145 546
b60 43 299 82 315
b61 179 511 210 556
b62 164 475 210 511
b63 322 313 368 349
b64 523 294 538 327
b65 208 145 231 158
b66 376 153 421 195
b67 344 48 358 81
b68 254 273 299 301
b69 208 89 244 116
b70 355 448 371 493
b71 273 119 307 151
b72 117 116 149 131
b73 502 95 548 107
b74 268 472 311 506
b75 391 246 428 266
b76 347 0 383 39
b77 418 432 458 450
b78 0 167 16 209
b79 193 327 233 352
b80 0 131 15 167
b81 13 248 45 263
b82 310 197 349 221
b83 300 48 337 89
b84 44 0 82 34
b85 16 167 50 210
b86 227 234 271 273
b87 277 360 322 408
b88 119 131 148 175
b89 244 151 264 193
b90 392 48 438 72
b91 50 189 93 210
b92 495 393 542 438
b93 155 0 179 20
b94 45 428 76 447
b95 187 352 231 389
b96 147 314 193 347
b97 371 427 411 442
b98 456 155 469 190
b99 453 250 470 290
b100 264 151 309 195
b101 493 469 529 499
b102 384 195 424 231
b103 322 414 356 448
b104 428 236 470 250
b105 15 134 50 167
b106 518 0 530 33
b107 391 231 423 246
b108 458 393 495 431
b109 76 418 118 464
b110 239 195 281 234
b111 13 359 34 372
b112 117 91 147 116
b113 71 382 95 418
b114 468 36 502 80
b115 67 360 101 382
b116 117 195 136 223
b117 245 493 266 532
b118 504 347 548 385
b119 371 268 416 296
b120 13 323 49 359
b121 233 327 271 361
b122 0 445 43 465
b123 0 465 36 488
b124 82 91 117 122
b125 254 0 300 42
b126 43 447 65 459
b127 0 298 43 323
b128 442 516 470 560
b129 470 227 504 249
b130 462 490 492 516
b131 328 114 373 162
b132 371 296 389 335
b133 445 338 460 381
b134 51 512 98 546
b135 232 381 277 396
b136 240 286 252 323
b137 26 79 47 107
b138 145 417 187 445
b139 319 448 355 485
b140 456 143 499 155
b141 371 371 416 390
b142 310 221 337 258
b143 310 258 335 282
b144 101 357 116 397
b145 232 514 245 559
b146 0 372 33 420
b147 145 445 187 475
b148 220 429 238 449
b149 253 61 300 83
b150 461 295 484 326
b151 310 179 352 197
b152 389 296 408 312
b153 0 488 30 529
b154 147 59 164 81
b155 82 0 96 25
b156 344 98 372 114
b157 250 361 275 381
b158 82 41 105 54
b159 455 0 499 32
b160 198 62 214 89
b161 311 502 357 549
b162 44 61 75 79
b163 371 390 404 412
b164 524 147 560 188
b165 247 472 268 489
b166 145 511 179 547
b167 486 295 523 331
b168 427 77 451 118
b169 0 92 24 131
b170 49 315 78 360
b171 210 514 232 554
b172 227 273 254 286
b173 424 139 456 164
b174 165 89 208 105
b175 456 127 471 143
b176 503 261 541 294
b177 96 0 133 41
b178 95 122 112 141
b179 45 210 91 244
b180 492 499 532 518
b181 322 386 352 414
b182 182 195 227 219
b183 232 396 271 429
b184 428 250 453 296
b185 193 262 227 289
b186 34 360 67 391
b187 470 189 506 227
b188 453 453 493 490
b189 244 107 256 151
b190 271 234 298 271
b191 149 114 165 148
b192 379 78 427 107
b193 319 485 352 502
b194 413 488 426 516
b195 358 276 371 309
b196 401 516 442 557
b197 123 286 160 314
b198 88 464 107 512
b199 322 282 358 313
b200 187 219 224 262
b201 365 239 391 268
b202 220 0 254 39
b203 0 209 15 237
b204 187 425 220 466
b205 389 312 404 333
b206 0 263 42 298
b207 160 286 193 314
b208 126 63 146 90
b209 187 389 232 425
b210 471 127 495 140
b211 502 147 518 159
b212 371 442 413 463
b213 305 326 319 358
b214 256 107 273 134
b215 42 407 71 428
b216 442 296 461 338
b217 99 141 119 189
b218 141 226 184 241
b219 91 220 109 248
b220 371 463 408 493
b221 147 46 192 59
b222 164 62 198 87
b223 36 465 55 487
b224 30 488 51 533
b225 193 289 240 327
b226 486 331 525 347
b227 442 0 455 32
b228 358 78 379 98
b229 210 466 234 514
b230 438 44 468 77
b231 383 0 399 30
b232 165 105 188 147
b233 405 390 418 406
b234 470 277 503 295
b235 133 0 155 46
b236 78 330 117 357
b237 413 118 453 139
b238 424 164 451 203
b239 40 107 80 129
b240 337 221 360 240
b241 0 323 13 347
b242 373 107 413 129
b243 408 296 442 333
b244 231 145 244 182
b245 426 490 462 514
b246 299 282 322 326
b247 371 335 410 371
b248 139 347 182 378
b249 44 34 79 61
b250 82 299 116 330
b251 504 227 547 261
b252 470 249 489 277
b253 275 347 290 360
b254 0 237 13 261
b255 418 385 457 432
b256 234 472 247 493
b257 105 46 138 63
b258 502 61 546 95
b259 442 32 468 44
b260 357 539 376 551
b261 0 433 45 445
b262 118 417 145 465
b263 456 80 502 127
b264 192 39 237 62
b265 50 174 95 189
b266 266 506 311 554
b267 358 39 392 78
b268 458 431 483 453
b269 506 189 524 226
b270 200 180 223 195
b271 352 162 376 204
b272 360 204 384 239
b273 275 326 305 347
b274 78 141 99 174
b275 116 393 144 415
b276 109 267 123 298
b277 227 182 239 229
b278 0 420 42 433
b279 144 378 187 417
b280 95 189 117 220
b281 352 370 370 400
b282 148 161 192 191
b283 294 89 307 104
b284 499 159 520 189
b285 147 81 160 114
b286 0 25 41 61
b287 307 107 328 149
b288 337 240 365 276
b289 524 188 561 221
b290 322 370 349 386
b291 50 129 78 172
b292 373 129 412 153
b293 254 42 297 61
b294 309 162 335 179
b295 45 244 88 257
b296 24 107 40 134
b297 493 438 531 469
b298 424 203 464 236
b299 82 122 95 135
