226173.34375
228351.5
206570
454 455
6.634152
b0 162 251 195 294
b1 254 0 319 37
b2 116 312 169 346
b3 41 351 108 388
b4 268 91 287 120
b5 187 67 226 116
b6 385 145 403 185
b7 363 145 385 185
b8 122 165 172 227
b9 0 360 41 376
b10 119 294 171 312
b11 55 312 114 351
b12 263 259 291 320
b13 108 351 165 399
b14 108 399 171 442
b15 382 337 441 389
b16 295 150 331 207
b17 331 230 397 274
b18 398 270 449 318
b19 154 32 185 82
b20 398 318 435 337
b21 55 218 119 268
b22 0 388 49 422
b23 331 176 351 225
b24 237 325 265 370
b25 268 37 307 91
b26 65 0 120 40
b27 317 335 382 360
b28 415 389 454 435
b29 198 220 222 282
b30 162 227 188 251
b31 317 360 343 394
b32 65 40 118 83
b33 188 198 223 220
b34 171 294 198 348
b35 222 259 260 290
b36 215 0 254 67
b37 307 37 327 97
b38 171 358 228 381
b39 0 224 55 276
b40 228 370 257 396
b41 0 197 55 224
b42 0 117 62 170
b43 0 71 61 117
b44 0 0 65 47
b45 351 207 395 230
b46 343 360 382 382
b47 295 207 328 272
b48 0 276 27 333
b49 327 0 374 65
b50 120 0 187 32
b51 285 416 342 454
b52 223 177 277 222
b53 187 19 208 62
b54 403 61 421 122
b55 295 272 329 328
b56 278 150 295 213
b57 169 381 216 399
b58 120 32 154 78
b59 171 418 221 455
b60 310 117 350 140
b61 287 117 310 150
b62 363 188 423 207
b63 327 65 372 101
b64 125 115 172 165
b65 65 162 122 218
b66 331 274 398 335
b67 363 101 403 145
b68 398 207 450 270
b69 0 170 54 197
b70 226 67 268 109
b71 265 320 287 384
b72 354 389 415 450
b73 374 0 441 61
b74 65 83 107 121
b75 187 0 215 19
b76 94 268 116 301
b77 212 120 278 177
b78 331 140 363 176
b79 65 121 125 162
b80 287 101 345 117
b81 122 227 162 277
b82 228 396 285 443
b83 222 222 238 244
b84 287 394 354 416
b85 421 61 441 86
b86 238 222 294 259
b87 55 268 94 312
b88 0 47 37 71
b89 0 333 38 360
b90 198 325 237 358
b91 120 82 176 115
b92 185 116 211 132
b93 198 290 263 325
b94 49 388 108 429
b95 171 399 222 418
b96 172 132 212 198
b97 38 276 55 343
b98 295 328 317 390
b99 403 122 452 188
