421459.75
528759.5
314160
560 561
532.317266
b0 426 287 453 302
b1 352 209 368 236
b2 328 0 350 26
b3 199 99 244 120
b4 205 0 250 40
b5 67 179 93 195
b6 34 0 61 38
b7 369 509 404 538
b8 309 289 330 325
b9 107 517 151 542
b10 432 425 447 456
b11 163 225 187 266
b12 233 71 252 88
b13 145 80 178 128
b14 368 193 389 237
b15 417 370 451 385
b16 188 200 233 242
b17 408 303 449 340
b18 309 245 352 289
b19 269 186 292 222
b20 188 290 205 303
b21 250 0 294 28
b22 522 79 557 108
b23 220 375 260 392
b24 536 370 554 394
b25 264 479 307 508
b26 427 240 445 267
b27 491 283 531 321
b28 183 162 195 186
b29 131 0 160 30
b30 230 264 258 284
b31 233 184 269 216
b32 365 448 387 467
b33 160 0 205 46
b34 316 123 328 152
b35 524 370 536 396
b36 400 236 427 266
b37 124 323 136 352
b38 297 124 316 145
b39 33 417 46 429
b40 84 542 131 561
b41 55 195 91 214
b42 257 508 303 533
b43 292 186 331 207
b44 69 152 93 179
b45 406 497 431 521
b46 370 57 383 76
b47 477 452 519 492
b48 233 216 261 250
b49 504 109 552 133
b50 106 207 125 221
b51 119 393 135 407
b52 472 67 509 85
b53 113 237 125 273
b54 199 69 233 99
b55 0 314 31 340
b56 100 292 146 323
b57 352 237 400 284
b58 406 472 431 497
b59 107 69 145 116
b60 172 186 188 225
b61 310 325 341 370
b62 304 209 350 245
b63 402 105 448 141
b64 427 225 460 240
b65 258 259 271 282
b66 504 208 549 250
b67 348 139 381 153
b68 463 0 508 28
b69 390 348 417 384
b70 340 500 356 545
b71 355 395 387 429
b72 91 207 106 239
b73 489 85 501 131
b74 0 525 43 559
b75 271 259 308 279
b76 389 197 425 236
b77 368 330 408 348
b78 0 340 42 356
b79 82 110 107 150
b80 54 341 90 356
b81 151 162 183 177
b82 370 33 409 57
b83 509 0 550 37
b84 19 263 53 301
b85 316 80 350 123
b86 460 186 504 225
b87 477 407 525 452
b88 250 28 294 57
b89 452 28 472 70
b90 431 494 477 518
b91 19 356 40 399
b92 387 425 432 472
b93 502 85 522 109
b94 268 380 287 411
b95 107 129 151 166
b96 34 133 67 179
b97 460 225 500 240
b98 521 488 534 523
b99 331 123 348 163
b100 402 61 447 105
b101 417 340 453 370
b102 136 332 172 372
b103 468 131 502 165
b104 257 465 299 479
b105 34 100 69 133
b106 383 0 395 33
b107 55 326 87 341
b108 215 482 252 520
b109 222 305 268 347
b110 312 409 354 448
b111 100 270 113 291
b112 61 0 91 25
b113 188 266 224 290
b114 473 524 517 558
b115 55 304 89 326
b116 77 369 96 397
b117 531 331 552 370
b118 480 369 524 407
b119 418 141 446 186
b120 136 372 172 408
b121 151 46 189 80
b122 0 430 43 450
b123 0 502 36 525
b124 307 517 338 552
b125 509 37 555 79
b126 252 482 264 504
b127 0 477 43 502
b128 109 489 153 517
b129 294 63 316 97
b130 340 470 366 500
b131 118 426 166 471
b132 327 62 366 80
b133 341 325 356 368
b134 151 128 198 162
b135 125 237 140 282
b136 167 279 179 316
b137 34 208 55 236
b138 215 454 257 482
b139 330 289 367 325
b140 453 240 496 252
b141 432 475 477 494
b142 409 0 436 37
b143 402 278 426 303
b144 40 402 80 417
b145 140 266 185 279
b146 187 312 220 360
b147 45 459 87 489
b148 335 370 355 388
b149 504 150 551 172
b150 491 252 514 283
b151 118 471 160 489
b152 230 142 249 158
b153 46 417 76 458
b154 205 290 222 312
b155 233 250 258 264
b156 402 169 418 197
b157 426 267 451 287
b158 140 279 163 292
b159 477 492 521 524
b160 436 0 463 16
b161 172 360 219 406
b162 95 239 113 270
b163 356 361 378 394
b164 437 518 473 559
b165 178 95 199 112
b166 55 214 91 248
b167 453 252 490 288
b168 409 37 450 61
b169 107 0 131 39
b170 34 71 79 100
b171 55 248 95 270
b172 113 224 140 237
b173 198 158 230 183
b174 91 0 107 43
b175 258 282 273 298
b176 294 25 327 63
b177 249 145 290 182
b178 0 356 19 373
b179 43 356 77 402
b180 432 456 472 475
b181 387 395 417 423
b182 357 169 402 193
b183 307 478 340 517
b184 350 114 396 139
b185 525 396 552 430
b186 0 399 33 430
b187 517 172 555 208
b188 366 472 406 509
b189 271 112 315 124
b190 244 88 271 125
b191 368 314 402 330
b192 531 283 560 331
b193 189 510 206 543
b194 388 284 401 312
b195 344 163 357 196
b196 43 502 84 543
b197 222 347 259 375
b198 0 0 19 48
b199 267 434 303 465
b200 261 222 304 259
b201 447 430 476 456
b202 425 186 459 225
b203 0 462 28 477
b204 93 166 126 207
b205 293 97 314 112
b206 76 424 118 459
b207 350 0 383 28
b208 79 71 106 91
b209 273 279 309 324
b210 504 172 517 196
b211 436 16 452 28
b212 86 489 107 531
b213 370 100 402 114
b214 504 133 531 150
b215 34 179 55 208
b216 268 361 310 380
b217 249 125 297 145
b218 90 354 133 369
b219 144 408 172 426
b220 303 448 340 478
b221 55 291 100 304
b222 294 0 328 25
b223 79 91 101 110
b224 55 270 100 291
b225 219 416 266 454
b226 417 385 456 401
b227 356 509 369 541
b228 335 388 355 409
b229 219 392 267 416
b230 456 319 486 352
b231 199 142 229 158
b232 140 224 163 266
b233 344 196 360 209
b234 350 80 368 113
b235 271 57 293 103
b236 257 533 296 560
b237 146 292 167 332
b238 472 28 499 67
b239 199 120 239 142
b240 354 429 377 448
b241 19 301 43 314
b242 446 141 468 181
b243 273 324 307 361
b244 331 163 344 200
b245 456 352 480 388
b246 268 411 312 434
b247 450 85 489 121
b248 172 406 215 437
b249 19 236 54 263
b250 90 323 124 354
b251 327 28 370 62
b252 252 57 271 85
b253 178 80 191 95
b254 107 116 131 129
b255 210 520 257 559
b256 96 408 117 421
b257 195 183 228 200
b258 166 476 210 510
b259 400 266 426 278
b260 356 325 368 344
b261 0 450 45 462
b262 287 380 335 407
b263 126 177 172 224
b264 191 46 236 69
b265 19 0 34 45
b266 486 321 531 369
b267 290 152 329 186
b268 340 448 365 470
b269 519 470 556 488
b270 96 393 119 408
b271 188 242 230 266
b272 96 369 131 393
b273 367 284 388 314
b274 224 284 257 305
b275 87 459 109 487
b276 236 40 250 71
b277 378 348 390 395
b278 69 110 82 152
b279 172 437 215 476
b280 34 38 56 69
b281 519 452 549 470
b282 107 39 151 69
b283 356 348 371 361
b284 468 165 498 186
b285 0 48 13 81
b286 153 510 189 551
b287 456 388 477 430
b288 381 141 417 169
b289 404 521 437 558
b290 117 408 144 424
b291 61 43 104 71
b292 417 401 456 425
b293 383 57 402 100
b294 230 158 247 184
b295 43 489 86 502
b296 80 397 96 424
b297 453 288 491 319
b298 514 250 554 283
b299 77 356 90 369
