296500.5
390501
202500
450 450
194.550563
b0 267 252 303 268
b1 64 189 103 208
b2 393 392 434 427
b3 403 90 450 108
b4 45 28 77 54
b5 337 322 368 357
b6 303 234 316 263
b7 91 99 119 120
b8 44 330 76 345
b9 198 277 244 311
b10 0 398 45 430
b11 201 0 215 36
b12 267 210 303 252
b13 393 347 441 392
b14 144 308 159 333
b15 262 404 307 450
b16 337 150 355 172
b17 403 64 436 90
b18 355 410 389 429
b19 248 287 260 317
b20 416 191 449 219
b21 298 123 337 167
b22 122 265 148 304
b23 12 94 52 119
b24 307 420 332 435
b25 219 161 255 197
b26 76 318 101 361
b27 0 306 15 340
b28 356 71 402 109
b29 207 209 219 246
b30 215 53 242 70
b31 251 271 288 287
b32 219 228 251 251
b33 148 276 184 294
b34 348 209 386 228
b35 231 0 264 15
b36 288 268 316 280
b37 152 158 168 179
b38 379 285 412 311
b39 355 151 397 181
b40 125 70 166 98
b41 152 142 168 158
b42 106 216 150 235
b43 416 219 450 259
b44 119 123 146 139
b45 148 294 185 308
b46 77 37 125 52
b47 91 120 114 134
b48 71 134 97 158
b49 45 54 76 94
b50 125 37 167 70
b51 152 182 179 230
b52 179 182 216 209
b53 244 364 262 381
b54 251 228 267 271
b55 365 0 411 13
b56 179 209 204 231
b57 163 385 211 404
b58 0 430 41 449
b59 106 170 152 216
b60 106 235 141 265
b61 0 251 34 284
b62 288 280 333 317
b63 88 0 123 15
b64 77 52 125 99
b65 262 353 295 383
b66 168 151 199 182
b67 403 20 440 64
b68 355 285 379 320
b69 243 381 262 419
b70 168 115 182 151
b71 314 192 348 234
b72 335 37 368 71
b73 34 264 72 282
b74 181 247 199 276
b75 260 287 287 310
b76 184 276 198 288
b77 0 340 24 356
b78 182 117 225 143
b79 258 334 295 353
b80 287 317 301 332
b81 211 385 243 405
b82 166 83 199 115
b83 199 143 218 180
b84 373 228 416 265
b85 195 311 243 348
b86 260 310 284 334
b87 219 209 264 228
b88 45 0 88 28
b89 158 370 193 382
b90 0 227 45 251
b91 236 92 280 120
b92 307 378 331 420
b93 334 279 355 322
b94 117 338 132 354
b95 391 191 416 227
b96 298 78 323 123
b97 211 360 239 385
b98 45 357 71 373
b99 158 333 178 370
b100 368 347 393 374
b101 81 405 129 445
b102 348 228 373 266
b103 412 286 444 318
b104 125 98 161 123
b105 64 158 106 189
b106 167 0 201 39
b107 101 338 117 383
b108 211 348 244 360
b109 314 180 336 192
b110 120 354 143 398
b111 348 266 366 279
b112 280 78 298 124
b113 348 181 391 209
b114 337 71 356 110
b115 277 180 314 210
b116 123 0 165 37
b117 12 150 36 187
b118 368 29 403 68
b119 212 251 248 275
b120 143 338 158 383
b121 316 234 348 279
b122 45 373 75 416
b123 178 333 191 368
b124 298 167 337 180
b125 36 189 64 207
b126 270 141 298 179
b127 0 284 24 306
b128 159 308 195 333
b129 167 39 213 83
b130 264 0 309 44
b131 0 187 20 223
b132 231 15 247 53
b133 242 53 254 67
b134 215 0 231 29
b135 195 348 210 385
b136 366 266 390 285
b137 72 264 94 282
b138 255 179 277 209
b139 163 404 194 437
b140 307 366 323 378
b141 331 0 365 25
b142 368 320 414 347
b143 24 284 68 330
b144 152 250 181 275
b145 255 44 300 78
b146 301 317 334 351
b147 45 345 76 357
b148 390 265 415 282
b149 76 361 98 383
b150 199 247 212 277
b151 365 13 392 29
b152 12 0 45 33
b153 41 430 81 442
b154 0 356 44 398
b155 0 0 12 13
b156 52 94 71 136
b157 51 207 63 249
b158 270 124 298 141
b159 68 282 92 318
b160 323 78 335 114
b161 37 136 56 167
b162 335 25 365 37
b163 402 108 449 154
b164 416 259 448 286
b165 12 33 45 74
b166 92 282 104 318
b167 244 317 258 364
b168 199 92 236 117
b169 106 142 152 170
b170 75 383 120 405
b171 300 44 335 78
b172 12 119 37 150
b173 309 0 331 42
b174 411 0 436 20
b175 219 197 253 209
b176 152 230 168 250
b177 262 383 293 404
b178 215 70 231 90
b179 225 120 270 161
b180 146 123 167 142
b181 295 351 337 366
b182 295 366 307 399
b183 106 265 122 302
b184 71 99 91 118
b185 355 357 368 401
b186 51 251 99 264
b187 231 70 255 92
b188 331 366 355 406
b189 20 207 51 227
b190 129 398 163 435
b191 402 154 444 191
b192 36 167 64 189
b193 63 208 105 251
b194 359 109 402 151
b195 368 374 393 410
b196 168 231 207 247
b197 194 405 241 440
b198 337 110 359 150
b199 104 304 144 338
