232894.5
235870
206115
455 453
1.691642
b0 164 89 207 122
b1 306 129 343 194
b2 207 89 260 123
b3 320 355 387 392
b4 67 276 96 295
b5 343 131 382 180
b6 288 66 306 106
b7 118 85 158 107
b8 57 310 119 360
b9 209 347 250 363
b10 0 57 18 109
b11 61 144 100 203
b12 83 57 144 85
b13 228 0 285 48
b14 170 396 233 439
b15 388 302 447 354
b16 128 0 164 57
b17 216 183 260 249
b18 0 337 51 385
b19 322 234 353 284
b20 418 193 455 212
b21 164 0 228 50
b22 158 177 207 211
b23 322 306 342 355
b24 260 89 288 134
b25 169 331 208 385
b26 37 401 92 441
b27 426 102 451 167
b28 342 313 388 352
b29 56 85 118 109
b30 56 54 82 78
b31 418 167 452 193
b32 114 157 157 210
b33 92 109 114 144
b34 259 374 313 401
b35 400 64 431 102
b36 208 50 275 89
b37 380 64 400 124
b38 260 194 317 217
b39 157 227 209 282
b40 355 287 384 313
b41 214 123 241 178
b42 0 187 53 249
b43 0 141 61 187
b44 387 354 452 401
b45 134 210 157 254
b46 260 257 282 296
b47 18 57 51 122
b48 0 310 57 337
b49 342 0 407 47
b50 421 235 453 302
b51 260 134 298 191
b52 83 0 128 54
b53 164 122 207 143
b54 400 164 418 225
b55 158 143 214 177
b56 342 47 405 64
b57 260 239 307 257
b58 67 230 101 276
b59 209 268 259 305
b60 322 194 345 234
b61 421 212 454 235
b62 241 123 260 183
b63 345 180 381 225
b64 119 331 169 378
b65 0 0 56 57
b66 0 249 67 310
b67 382 124 426 164
b68 306 66 358 129
b69 56 0 83 54
b70 209 305 251 347
b71 355 265 419 287
b72 259 313 320 374
b73 320 392 387 453
b74 101 266 143 304
b75 381 186 400 214
b76 322 284 355 306
b77 285 0 342 66
b78 56 109 92 141
b79 51 360 111 401
b80 158 211 216 227
b81 118 107 158 157
b82 387 401 444 448
b83 382 164 398 186
b84 358 64 380 131
b85 400 102 425 122
b86 282 257 319 313
b87 164 50 208 89
b88 0 385 37 409
b89 53 203 91 230
b90 209 363 248 396
b91 101 210 134 266
b92 0 122 26 138
b93 248 418 313 453
b94 111 385 170 426
b95 209 249 260 268
b96 355 225 421 265
b97 251 401 318 418
b98 260 217 322 239
b99 143 282 209 331
