2253533.25
3226534.5
1280532
327 3916
931.581829
b0 151 981 178 996
b1 98 3361 125 3377
b2 104 3377 126 3403
b3 83 2731 104 2776
b4 85 1473 125 1518
b5 85 2290 101 2316
b6 201 120 239 147
b7 183 1632 218 1661
b8 18 3642 39 3678
b9 24 3131 68 3156
b10 207 419 222 450
b11 105 1770 146 1794
b12 201 38 218 57
b13 131 2976 164 3024
b14 214 652 258 673
b15 131 825 165 840
b16 88 3441 133 3483
b17 84 2883 125 2920
b18 162 766 205 810
b19 44 3761 80 3784
b20 94 3277 107 3294
b21 65 3619 93 3663
b22 46 2075 81 2104
b23 85 2273 125 2290
b24 46 2104 64 2128
b25 102 2688 131 2731
b26 85 31 112 49
b27 137 1096 175 1136
b28 0 42 24 54
b29 187 990 216 1020
b30 138 1516 158 1544
b31 101 2395 133 2431
b32 178 1020 197 1042
b33 57 3294 102 3340
b34 76 1908 105 1920
b35 87 3495 99 3521
b36 209 147 236 177
b37 112 874 124 903
b38 97 3574 118 3593
b39 140 1292 152 1305
b40 222 419 241 466
b41 158 1554 194 1573
b42 221 835 267 860
b43 112 853 151 874
b44 28 3784 55 3808
b45 190 652 214 677
b46 125 2363 144 2376
b47 210 950 252 990
b48 146 1894 174 1928
b49 134 1652 158 1700
b50 88 1846 107 1860
b51 51 2356 65 2372
b52 149 1793 186 1811
b53 52 3441 88 3453
b54 175 905 205 939
b55 222 202 248 233
b56 85 0 131 31
b57 118 1337 165 1385
b58 168 539 193 564
b59 65 2545 112 2583
b60 81 2151 120 2167
b61 124 1136 155 1181
b62 175 869 221 905
b63 145 2064 181 2110
b64 46 3482 79 3497
b65 236 147 249 170
b66 243 789 285 834
b67 192 1931 206 1964
b68 177 1169 205 1214
b69 151 954 187 981
b70 125 2318 141 2363
b71 65 2473 99 2505
b72 0 3808 32 3823
b73 76 1920 88 1966
b74 87 2236 130 2270
b75 105 1977 125 2014
b76 69 2993 108 3029
b77 57 3423 97 3441
b78 71 3745 113 3761
b79 57 3197 97 3222
b80 76 1893 112 1908
b81 229 536 244 568
b82 93 2123 132 2147
b83 131 459 168 500
b84 88 3159 122 3197
b85 39 3663 73 3706
b86 85 1265 124 1309
b87 189 604 234 652
b88 165 825 194 869
b89 151 996 171 1038
b90 102 2664 148 2688
b91 98 3340 141 3361
b92 238 0 283 47
b93 64 2167 84 2191
b94 94 2583 125 2602
b95 181 1894 225 1931
b96 174 1136 220 1169
b97 179 236 219 251
b98 18 3678 31 3713
b99 131 611 171 628
b100 148 2445 192 2490
b101 179 147 209 183
b102 21 3497 61 3533
b103 188 251 222 285
b104 24 2919 66 2933
b105 105 1737 140 1770
b106 205 704 217 737
b107 65 3604 97 3619
b108 201 0 238 38
b109 88 3113 130 3159
b110 138 1573 177 1615
b111 173 365 186 386
b112 112 1952 142 1977
b113 21 3156 57 3180
b114 171 704 205 748
b115 0 3857 34 3879
b116 59 3533 87 3552
b117 46 0 85 21
b118 214 498 258 536
b119 64 2191 92 2236
b120 32 3808 68 3844
b121 188 285 222 323
b122 51 2583 94 2603
b123 46 2273 69 2309
b124 131 628 162 663
b125 0 0 46 42
b126 152 447 174 459
b127 138 1473 163 1516
b128 85 2445 129 2473
b129 66 3068 100 3090
b130 193 578 223 604
b131 118 1428 166 1473
b132 238 47 256 86
b133 192 447 207 490
b134 51 2309 85 2356
b135 125 1977 170 1992
b136 87 3483 124 3495
b137 34 3857 55 3885
b138 165 419 207 447
b139 21 3180 57 3217
b140 118 1385 130 1428
b141 171 652 190 697
b142 24 2309 51 2346
b143 168 459 192 484
b144 116 2473 131 2513
b145 191 323 204 368
b146 151 1042 199 1075
b147 46 1539 76 1581
b148 0 69 18 89
b149 222 233 269 255
b150 81 2075 104 2106
b151 173 323 191 365
b152 230 255 246 274
b153 18 3533 59 3563
b154 140 1615 162 1632
b155 21 3253 46 3267
b156 119 2048 147 2064
b157 209 177 229 202
b158 131 840 154 853
b159 207 466 251 498
b160 97 2529 124 2545
b161 167 2490 213 2537
b162 68 3784 99 3802
b163 125 2853 158 2875
b164 54 2842 90 2883
b165 168 594 189 611
b166 97 3197 131 3233
b167 104 1615 140 1652
b168 51 2603 75 2644
b169 81 2954 105 2993
b170 112 1181 141 1226
b171 146 1753 168 1793
b172 124 1305 151 1318
b173 59 3552 84 3584
b174 94 2602 137 2618
b175 104 2075 119 2091
b176 197 368 230 406
b177 46 2236 87 2273
b178 99 2473 116 2492
b179 218 86 264 120
b180 130 1794 149 1834
b181 104 1652 134 1680
b182 54 2818 99 2842
b183 141 1181 174 1220
b184 102 2639 148 2664
b185 124 874 151 908
b186 88 1860 119 1893
b187 163 1516 199 1554
b188 57 3222 94 3262
b189 202 1214 246 1226
b190 140 1265 177 1292
b191 125 1918 141 1952
b192 54 2703 83 2751
b193 162 1615 195 1632
b194 197 406 225 419
b195 85 2431 118 2444
b196 145 2110 186 2151
b197 130 2875 167 2903
b198 54 2684 102 2703
b199 21 3217 52 3253
b200 191 1661 234 1698
b201 52 3453 78 3482
b202 130 2903 164 2942
b203 69 2883 84 2911
b204 57 3340 98 3373
b205 0 54 21 69
b206 99 2818 141 2853
b207 85 1309 118 1337
b208 59 3584 86 3604
b209 24 2883 69 2919
b210 112 1918 125 1942
b211 88 1518 104 1530
b212 165 1329 186 1371
b213 65 2505 97 2519
b214 88 1737 105 1764
b215 151 1075 180 1096
b216 101 2376 143 2395
b217 125 2270 145 2318
b218 162 810 205 825
b219 0 3713 28 3731
b220 0 3879 30 3916
b221 205 905 218 950
b222 112 1893 146 1918
b223 124 1318 146 1337
b224 152 386 197 407
b225 18 3604 65 3642
b226 99 2513 138 2529
b227 104 2091 117 2123
b228 152 48 173 68
b229 104 2731 128 2779
b230 66 3029 96 3062
b231 141 3024 157 3054
b232 88 3090 130 3113
b233 28 3726 44 3739
b234 140 1632 173 1650
b235 221 789 243 835
b236 71 3706 98 3745
b237 131 0 152 40
b238 96 3029 123 3068
b239 84 3552 124 3574
b240 187 954 210 973
b241 148 2516 161 2540
b242 179 0 201 40
b243 84 2920 121 2954
b244 98 3593 135 3606
b245 151 1305 187 1329
b246 97 3233 120 3277
b247 193 539 229 578
b248 140 1700 183 1731
b249 76 2048 111 2075
b250 57 3156 88 3190
b251 179 202 222 236
b252 105 1794 124 1822
b253 173 251 188 264
b254 32 3844 56 3857
b255 112 1226 159 1265
b256 192 526 213 539
b257 141 2318 158 2351
b258 130 2942 174 2976
b259 107 1846 133 1858
b260 130 1834 149 1846
b261 81 2106 93 2151
b262 152 0 179 48
b263 57 3377 104 3423
b264 205 766 250 789
b265 88 2033 133 2048
b266 146 1846 191 1894
b267 104 1518 138 1557
b268 24 2933 46 2958
b269 171 748 208 766
b270 175 939 198 954
b271 88 1822 130 1846
b272 151 869 175 904
b273 168 564 189 594
b274 85 1337 118 1358
b275 192 498 214 526
b276 118 2431 149 2445
b277 69 2911 81 2958
b278 125 2529 138 2571
b279 163 1473 202 1516
b280 140 1731 171 1753
b281 24 2684 54 2702
b282 283 0 327 30
b283 84 2167 97 2182
b284 75 2618 105 2639
b285 152 407 165 440
b286 46 3090 82 3131
b287 46 1518 88 1539
b288 124 3483 152 3519
b289 104 1700 137 1737
b290 190 677 206 704
b291 199 1020 227 1063
b292 83 2779 107 2818
b293 105 2014 148 2033
b294 148 2490 165 2516
b295 28 3713 71 3726
b296 124 1265 140 1292
b297 143 2376 181 2407
b298 51 2644 84 2684
b299 124 908 137 921
