228733.640625
231498.5
203850
453 450
2.90771
b0 152 83 185 126
b1 152 18 189 83
b2 124 231 177 265
b3 256 254 323 291
b4 0 64 29 83
b5 185 104 234 143
b6 179 246 197 286
b7 0 148 22 188
b8 244 386 294 448
b9 297 57 338 73
b10 152 0 204 18
b11 65 123 124 162
b12 124 0 152 61
b13 230 165 278 222
b14 64 381 127 424
b15 397 65 449 124
b16 282 177 339 213
b17 384 213 450 257
b18 67 217 115 268
b19 199 163 230 213
b20 323 272 360 291
b21 321 310 385 360
b22 22 162 71 196
b23 342 193 391 213
b24 153 353 198 381
b25 186 406 240 445
b26 297 0 337 55
b27 124 61 149 126
b28 106 287 152 326
b29 0 0 24 62
b30 238 139 262 165
b31 292 133 326 159
b32 203 222 256 265
b33 374 135 396 170
b34 124 142 178 169
b35 168 169 199 207
b36 204 0 271 39
b37 178 143 238 163
b38 124 208 181 231
b39 71 162 123 217
b40 64 424 93 450
b41 126 326 153 381
b42 64 328 126 381
b43 0 284 61 330
b44 189 39 236 104
b45 93 424 137 447
b46 321 360 343 399
b47 0 83 33 148
b48 33 64 90 91
b49 384 0 431 65
b50 33 91 65 158
b51 384 257 441 295
b52 244 341 298 386
b53 137 422 180 443
b54 323 254 384 272
b55 90 0 124 56
b56 90 56 107 119
b57 282 159 329 177
b58 198 372 244 406
b59 244 291 281 341
b60 406 352 429 392
b61 297 73 330 96
b62 391 193 451 212
b63 329 135 374 171
b64 298 399 345 449
b65 0 330 57 386
b66 0 196 67 257
b67 353 95 397 135
b68 401 124 453 187
b69 0 257 54 284
b70 202 330 244 372
b71 115 265 179 287
b72 345 360 406 421
b73 236 39 297 106
b74 22 402 64 440
b75 61 40 89 59
b76 181 213 203 246
b77 385 295 451 352
b78 342 213 374 249
b79 282 213 342 254
b80 0 386 58 402
b81 281 291 321 341
b82 337 0 384 57
b83 0 402 22 418
b84 330 73 397 95
b85 262 139 282 164
b86 297 96 353 133
b87 124 169 168 208
b88 24 40 61 64
b89 67 268 105 295
b90 67 295 106 328
b91 236 106 292 139
b92 124 126 150 142
b93 203 265 238 330
b94 127 381 186 422
b95 323 291 374 310
b96 24 0 90 40
b97 107 56 124 123
b98 339 171 401 193
b99 153 287 202 353
