2893540.75
3093177.5
1096810
295 3718
929.63753
b0 126 3160 153 3175
b1 51 2774 78 2790
b2 112 1449 134 1475
b3 110 440 131 485
b4 22 2790 62 2835
b5 56 2221 72 2247
b6 105 1834 143 1861
b7 85 1634 120 1663
b8 72 1440 93 1476
b9 133 2043 177 2068
b10 105 2941 120 2972
b11 131 720 172 744
b12 60 2150 77 2169
b13 129 202 162 250
b14 61 3160 105 3181
b15 22 2221 56 2236
b16 129 160 174 202
b17 205 858 246 895
b18 56 2441 99 2485
b19 37 3445 73 3468
b20 169 956 182 973
b21 50 3200 78 3244
b22 85 1718 120 1747
b23 207 247 247 264
b24 46 3542 64 3566
b25 72 2294 101 2337
b26 78 2596 105 2614
b27 146 973 184 1013
b28 116 1191 140 1203
b29 172 720 201 750
b30 72 1747 92 1775
b31 169 899 201 935
b32 110 0 129 22
b33 36 2104 81 2150
b34 92 1747 121 1759
b35 81 2091 93 2117
b36 165 117 192 147
b37 172 369 184 398
b38 146 1319 167 1338
b39 188 1061 200 1074
b40 185 540 204 587
b41 76 1369 112 1388
b42 110 415 156 440
b43 22 3058 61 3079
b44 193 789 220 813
b45 195 74 219 99
b46 165 147 184 160
b47 98 1282 140 1322
b48 150 1106 178 1140
b49 156 415 180 463
b50 207 309 226 323
b51 143 1881 157 1897
b52 162 351 199 369
b53 99 2820 135 2832
b54 165 0 195 34
b55 120 1671 146 1702
b56 0 3499 46 3530
b57 93 1562 140 1610
b58 78 2353 103 2378
b59 172 634 219 672
b60 62 2851 101 2867
b61 64 2691 95 2736
b62 184 457 230 493
b63 156 588 192 634
b64 105 2596 138 2611
b65 81 2117 94 2140
b66 193 813 235 858
b67 22 3280 36 3313
b68 22 3079 50 3124
b69 142 2369 178 2396
b70 78 2614 94 2659
b71 103 2354 137 2386
b72 101 2386 133 2401
b73 202 124 214 170
b74 49 2867 92 2901
b75 96 3053 116 3090
b76 36 2185 75 2221
b77 216 35 256 53
b78 67 3181 109 3197
b79 110 830 150 855
b80 110 855 146 870
b81 64 2659 79 2691
b82 180 433 219 457
b83 96 2107 133 2148
b84 51 2736 85 2774
b85 60 3015 94 3058
b86 36 1839 75 1883
b87 146 1013 191 1061
b88 90 3561 119 3605
b89 162 309 182 351
b90 93 1610 139 1634
b91 136 1540 179 1561
b92 143 1834 188 1881
b93 216 0 236 24
b94 146 2967 177 2986
b95 0 3530 44 3567
b96 144 797 190 830
b97 36 0 76 15
b98 58 3244 71 3279
b99 110 1061 150 1078
b100 207 202 251 247
b101 122 2512 152 2548
b102 190 2120 230 2156
b103 76 39 110 73
b104 105 2927 147 2941
b105 110 757 145 790
b106 121 1718 133 1751
b107 34 2914 66 2929
b108 0 3313 37 3351
b109 140 1193 182 1239
b110 99 2422 138 2464
b111 103 1390 116 1411
b112 202 99 232 124
b113 208 348 244 372
b114 94 3116 128 3160
b115 140 1561 174 1583
b116 180 414 208 433
b117 87 3197 126 3218
b118 105 2889 149 2927
b119 52 3333 80 3378
b120 22 3244 58 3280
b121 85 1663 119 1701
b122 103 2972 146 2992
b123 146 868 169 904
b124 236 0 267 35
b125 105 1792 151 1834
b126 0 24 22 36
b127 99 2777 124 2820
b128 78 2568 122 2596
b129 112 1322 146 1344
b130 52 3307 82 3333
b131 96 2182 144 2227
b132 110 1078 128 1117
b133 66 2061 81 2104
b134 184 493 218 540
b135 150 1140 195 1155
b136 110 2832 147 2844
b137 195 0 216 28
b138 52 3417 94 3445
b139 140 1282 176 1319
b140 99 2464 111 2507
b141 174 240 193 285
b142 134 1449 161 1486
b143 56 2485 80 2510
b144 110 1117 125 1157
b145 87 2046 100 2091
b146 101 3020 149 3053
b147 75 1839 105 1881
b148 98 1157 116 1177
b149 149 2830 196 2852
b150 37 3468 60 3499
b151 226 287 244 329
b152 78 2422 94 2441
b153 149 2800 190 2830
b154 0 36 22 53
b155 163 1061 188 1075
b156 72 2337 100 2353
b157 112 1411 132 1436
b158 146 855 169 868
b159 192 170 236 202
b160 180 398 207 414
b161 150 1897 196 1944
b162 76 1422 107 1440
b163 199 935 232 957
b164 169 858 205 899
b165 132 1432 153 1449
b166 110 790 144 826
b167 66 2009 102 2046
b168 131 440 155 481
b169 72 2221 96 2260
b170 22 2236 51 2281
b171 147 2927 169 2967
b172 74 3508 101 3521
b173 232 83 257 115
b174 119 1702 162 1718
b175 37 3280 52 3296
b176 174 202 207 240
b177 60 2978 101 3015
b178 50 3181 67 3200
b179 96 2148 142 2182
b180 149 1486 168 1526
b181 157 1973 187 2001
b182 105 1897 150 1921
b183 52 3378 85 3417
b184 44 3593 90 3618
b185 76 1388 103 1422
b186 102 2021 133 2054
b187 36 15 72 53
b188 62 2790 99 2830
b189 74 3104 118 3116
b190 87 3218 124 3245
b191 72 1805 88 1839
b192 156 540 185 588
b193 103 2266 136 2283
b194 131 744 159 757
b195 72 1792 105 1805
b196 85 2736 126 2777
b197 79 2659 116 2687
b198 62 2832 110 2851
b199 128 1155 159 1191
b200 93 1525 136 1562
b201 138 1944 164 1973
b202 166 750 200 789
b203 103 2992 118 3020
b204 92 1759 133 1792
b205 66 2046 87 2061
b206 103 2319 145 2354
b207 61 3116 94 3144
b208 22 2835 49 2855
b209 188 1193 233 1229
b210 96 1957 109 1981
b211 102 2009 118 2021
b212 73 3445 94 3487
b213 107 3363 139 3377
b214 118 1977 135 2004
b215 195 53 224 74
b216 64 3542 106 3561
b217 122 2464 142 2512
b218 75 1994 118 2009
b219 156 463 184 481
b220 137 1634 167 1671
b221 150 1061 163 1106
b222 101 2294 135 2319
b223 76 73 98 92
b224 150 2099 195 2120
b225 159 1155 206 1193
b226 93 2091 132 2107
b227 51 2616 64 2648
b228 112 1957 133 1977
b229 44 3618 68 3666
b230 129 382 159 415
b231 163 1075 179 1105
b232 124 2777 166 2800
b233 230 372 246 385
b234 0 3700 33 3718
b235 74 3058 96 3104
b236 145 1390 172 1429
b237 75 1881 96 1921
b238 22 2929 49 2968
b239 174 287 214 309
b240 82 3307 105 3326
b241 72 1476 85 1500
b242 184 957 206 997
b243 19 3666 56 3700
b244 75 1981 112 1994
b245 0 0 36 24
b246 78 2378 101 2422
b247 112 1486 148 1525
b248 142 2068 185 2099
b249 52 3280 87 3307
b250 72 2260 103 2294
b251 60 2944 103 2978
b252 0 3567 19 3595
b253 37 3296 52 3309
b254 169 830 193 843
b255 103 2227 150 2266
b256 145 757 166 770
b257 120 1634 137 1667
b258 251 115 295 149
b259 105 1921 131 1933
b260 93 1440 112 1452
b261 22 2855 34 2900
b262 51 2568 78 2616
b263 112 1344 159 1390
b264 193 264 238 287
b265 60 2929 105 2944
b266 155 672 200 720
b267 76 0 110 39
b268 182 309 204 334
b269 165 99 202 117
b270 138 2354 161 2369
b271 96 1933 138 1957
b272 36 2150 60 2185
b273 224 53 245 83
b274 74 3487 107 3508
b275 56 2353 78 2381
b276 220 493 251 507
b277 98 1322 110 1369
b278 132 1390 145 1432
b279 116 1239 155 1282
b280 92 2867 123 2889
b281 36 1883 66 1901
b282 178 1105 222 1135
b283 136 1525 149 1540
b284 169 935 199 956
b285 61 3058 74 3091
b286 129 0 165 41
b287 80 2507 122 2528
b288 145 2266 173 2302
b289 85 3326 118 3363
b290 145 770 161 797
b291 46 3499 74 3542
b292 133 2004 157 2043
b293 207 329 250 348
b294 155 634 172 660
b295 129 369 172 382
b296 46 3566 62 3593
b297 22 2968 60 2999
b298 56 2528 89 2568
b299 49 2901 62 2914
