2964268.851562
3166492.5
1144256
304 3764
786.197714
b0 148 970 175 985
b1 98 3316 125 3332
b2 282 0 304 26
b3 74 1501 95 1546
b4 114 1817 154 1862
b5 32 3511 48 3537
b6 114 1790 152 1817
b7 129 889 164 918
b8 145 744 166 780
b9 128 1349 172 1374
b10 13 3431 28 3462
b11 112 2142 153 2166
b12 0 3591 17 3610
b13 97 970 130 1018
b14 17 3619 61 3640
b15 130 40 164 55
b16 130 405 175 447
b17 86 1893 127 1930
b18 144 1513 187 1557
b19 130 675 166 698
b20 78 1954 91 1971
b21 176 413 204 457
b22 73 3160 108 3189
b23 24 3106 64 3123
b24 94 1245 112 1269
b25 119 1130 148 1173
b26 51 2964 78 2982
b27 126 1557 164 1597
b28 109 1100 133 1112
b29 162 503 191 533
b30 139 1610 159 1638
b31 42 2291 74 2327
b32 38 2346 57 2368
b33 176 669 221 715
b34 0 3123 29 3135
b35 57 3157 69 3183
b36 87 2975 114 3005
b37 24 52 36 81
b38 38 2327 59 2346
b39 166 715 178 728
b40 55 1378 74 1425
b41 36 2933 72 2952
b42 129 1862 175 1887
b43 81 2669 120 2690
b44 117 2882 144 2906
b45 176 644 200 669
b46 42 3372 61 3385
b47 108 3201 150 3241
b48 167 33 195 67
b49 158 1402 182 1450
b50 60 3358 79 3372
b51 110 1595 124 1611
b52 109 1082 146 1100
b53 51 2952 87 2964
b54 0 3730 30 3764
b55 24 3695 50 3726
b56 130 644 176 675
b57 57 2605 104 2653
b58 94 1112 119 1137
b59 160 1887 207 1925
b60 81 2653 120 2669
b61 113 3143 144 3188
b62 130 369 176 405
b63 130 698 166 744
b64 97 37 130 52
b65 42 0 55 23
b66 67 1018 109 1063
b67 24 19 38 52
b68 76 3487 104 3532
b69 42 1615 78 1642
b70 195 195 211 240
b71 149 813 183 845
b72 126 1465 158 1480
b73 90 2400 102 2446
b74 59 2446 102 2480
b75 51 2878 71 2915
b76 106 2214 145 2250
b77 178 991 218 1009
b78 78 2839 120 2855
b79 86 1570 126 1595
b80 69 2915 105 2930
b81 36 2763 51 2795
b82 55 1546 94 1570
b83 24 3060 61 3101
b84 123 1197 157 1235
b85 32 3468 66 3511
b86 55 1319 94 1363
b87 110 1742 155 1790
b88 98 3345 127 3389
b89 165 2405 185 2447
b90 78 1930 124 1954
b91 59 2327 102 2348
b92 129 1235 174 1282
b93 51 3595 71 3619
b94 113 918 144 937
b95 73 3106 117 3143
b96 167 0 213 33
b97 13 3404 53 3419
b98 51 2982 64 3017
b99 73 3143 113 3160
b100 42 1570 86 1615
b101 78 1465 108 1501
b102 119 2690 159 2726
b103 162 610 196 644
b104 135 1305 177 1319
b105 102 2304 137 2337
b106 145 780 157 813
b107 130 484 162 499
b108 191 541 228 579
b109 200 621 242 667
b110 124 1653 163 1695
b111 182 1402 195 1423
b112 151 1093 181 1118
b113 119 1173 155 1197
b114 193 369 227 413
b115 79 2263 113 2285
b116 17 3676 45 3695
b117 102 2337 141 2358
b118 191 503 235 541
b119 87 2930 115 2975
b120 200 1199 236 1235
b121 144 2981 178 3019
b122 54 3646 97 3666
b123 73 2227 96 2263
b124 29 3319 60 3354
b125 90 2358 136 2400
b126 57 2757 79 2769
b127 51 3552 76 3595
b128 44 3291 88 3319
b129 17 3591 51 3613
b130 89 2715 119 2741
b131 166 728 214 773
b132 126 1480 144 1519
b133 124 1610 139 1653
b134 136 2358 170 2405
b135 53 3385 98 3400
b136 17 3664 54 3676
b137 121 2003 142 2031
b138 59 2480 101 2508
b139 57 3230 93 3267
b140 55 23 67 66
b141 102 2400 121 2445
b142 130 447 157 484
b143 213 0 237 25
b144 237 48 252 88
b145 207 1487 220 1532
b146 97 937 145 970
b147 57 2563 87 2605
b148 235 295 253 315
b149 195 173 242 195
b150 164 281 187 312
b151 57 2508 75 2550
b152 164 1557 180 1576
b153 94 1319 135 1349
b154 117 2981 139 2998
b155 213 281 238 295
b156 86 1790 114 1806
b157 81 2690 101 2715
b158 73 3189 96 3202
b159 148 1130 192 1162
b160 42 1642 69 1658
b161 110 1695 156 1742
b162 102 2285 133 2303
b163 175 1465 208 1487
b164 97 744 133 785
b165 123 2031 144 2048
b166 94 1388 128 1424
b167 148 1022 184 1059
b168 86 1595 110 1636
b169 0 19 24 58
b170 213 88 242 133
b171 38 2703 60 2743
b172 67 1063 94 1076
b173 75 2508 100 2540
b174 38 2653 81 2669
b175 89 2741 104 2757
b176 187 295 220 333
b177 88 1269 129 1306
b178 0 3610 17 3629
b179 145 918 191 952
b180 24 3000 43 3040
b181 158 1374 188 1402
b182 44 3267 89 3291
b183 60 3319 93 3358
b184 152 1790 198 1815
b185 100 2508 127 2542
b186 144 1480 175 1513
b187 160 1925 196 1963
b188 130 0 167 40
b189 146 1118 190 1130
b190 115 2855 152 2882
b191 133 813 149 847
b192 94 1197 123 1245
b193 186 333 219 350
b194 126 1597 154 1610
b195 73 2214 106 2227
b196 53 3400 94 3441
b197 42 2263 79 2291
b198 167 262 215 281
b199 242 88 273 124
b200 69 2142 112 2179
b201 125 3316 151 3345
b202 162 1996 196 2035
b203 242 124 257 152
b204 120 2579 161 2612
b205 67 1076 88 1091
b206 69 2179 111 2214
b207 69 3202 102 3230
b208 43 3017 70 3037
b209 78 2031 123 2067
b210 44 3157 57 3181
b211 70 3030 86 3042
b212 200 579 221 621
b213 57 2743 89 2757
b214 61 3619 78 3646
b215 133 2250 162 2271
b216 0 0 42 19
b217 117 2906 137 2954
b218 28 3537 71 3552
b219 43 3042 71 3060
b220 180 1162 210 1199
b221 0 3135 13 3180
b222 78 3005 112 3030
b223 29 3385 51 3404
b224 93 3295 138 3316
b225 85 2104 132 2142
b226 87 2563 126 2579
b227 137 2304 150 2336
b228 36 2743 57 2763
b229 91 1975 115 2023
b230 152 1963 182 1996
b231 97 785 113 815
b232 55 0 97 23
b233 188 1246 204 1259
b234 36 2915 69 2933
b235 61 3060 83 3106
b236 51 2839 78 2878
b237 213 133 234 173
b238 137 2942 164 2981
b239 189 240 229 262
b240 66 3468 89 3487
b241 17 3640 30 3664
b242 167 67 189 107
b243 151 1059 188 1093
b244 78 2067 115 2080
b245 124 1930 160 1954
b246 188 1009 211 1053
b247 13 3552 49 3591
b248 86 1862 129 1893
b249 53 3441 88 3468
b250 42 2214 73 2248
b251 38 2669 81 2703
b252 89 3267 108 3295
b253 29 3157 44 3170
b254 113 3188 137 3201
b255 57 2800 104 2839
b256 124 1990 145 2003
b257 176 369 193 402
b258 29 3123 73 3157
b259 187 281 213 293
b260 13 3419 32 3431
b261 133 744 145 789
b262 24 2952 51 3000
b263 175 457 222 503
b264 135 1282 180 1305
b265 158 1450 203 1465
b266 237 0 282 48
b267 94 1349 128 1388
b268 78 1424 100 1449
b269 94 3400 131 3418
b270 55 1363 78 1378
b271 85 2080 127 2104
b272 0 3695 24 3730
b273 144 2882 165 2912
b274 75 2542 108 2563
b275 164 312 186 340
b276 156 1695 187 1709
b277 188 1199 200 1246
b278 133 847 146 889
b279 109 1018 148 1061
b280 59 2348 90 2370
b281 148 952 178 970
b282 144 2912 188 2942
b283 29 3354 42 3369
b284 91 1954 121 1975
b285 133 2271 146 2304
b286 100 1424 136 1465
b287 109 1061 151 1082
b288 124 1954 152 1990
b289 97 0 130 37
b290 69 2080 85 2107
b291 79 2757 107 2800
b292 178 952 202 991
b293 164 350 207 369
b294 127 2048 144 2074
b295 67 1306 110 1319
b296 113 785 129 812
b297 162 579 200 610
b298 202 773 235 813
b299 175 1009 188 1022
