2881432.5
3100515.5
909685
245 3713
922.252017
b0 108 324 135 339
b1 100 1011 127 1027
b2 148 406 170 432
b3 140 2473 161 2518
b4 43 3364 83 3409
b5 65 3303 81 3329
b6 76 1255 114 1282
b7 140 996 175 1025
b8 41 2038 62 2074
b9 96 1882 140 1907
b10 63 1442 78 1473
b11 96 2117 137 2141
b12 36 2452 53 2471
b13 56 3431 89 3479
b14 19 1324 63 1345
b15 21 3249 55 3264
b16 121 257 166 299
b17 63 1324 104 1361
b18 21 3266 64 3310
b19 62 2933 98 2956
b20 19 1422 32 1439
b21 72 2209 100 2253
b22 83 3402 118 3431
b23 164 619 204 636
b24 124 2034 142 2058
b25 71 944 100 987
b26 65 3346 92 3364
b27 36 2253 74 2293
b28 34 3237 58 3249
b29 44 3492 73 3522
b30 52 1084 72 1112
b31 23 2898 55 2934
b32 0 0 19 22
b33 78 1926 123 1972
b34 78 1605 107 1617
b35 57 1926 69 1952
b36 39 2828 66 2858
b37 72 1140 84 1169
b38 40 2974 61 2993
b39 123 2642 135 2655
b40 132 1684 151 1731
b41 37 3081 73 3100
b42 121 299 167 324
b43 171 843 210 864
b44 107 548 134 572
b45 72 2056 96 2081
b46 71 2595 90 2608
b47 23 2858 65 2898
b48 71 2540 99 2574
b49 96 2056 120 2104
b50 195 195 214 209
b51 73 3526 87 3542
b52 0 3661 37 3679
b53 118 1546 154 1558
b54 95 3081 125 3115
b55 152 588 178 619
b56 86 2893 132 2924
b57 34 3189 81 3237
b58 87 2317 112 2342
b59 52 1169 99 1207
b60 104 1389 143 1405
b61 212 0 243 45
b62 71 908 117 944
b63 72 2141 108 2187
b64 117 891 150 906
b65 90 1662 103 1685
b66 63 1617 105 1662
b67 107 572 121 605
b68 32 1237 60 1282
b69 177 45 213 72
b70 48 876 64 921
b71 74 2342 108 2374
b72 71 1056 103 1071
b73 191 976 203 1022
b74 132 2406 175 2440
b75 149 1345 169 1382
b76 90 1744 129 1780
b77 52 1207 92 1225
b78 108 1141 150 1157
b79 146 1382 186 1407
b80 48 1990 84 2005
b81 147 179 162 211
b82 154 110 193 134
b83 130 2317 167 2358
b84 106 2193 140 2231
b85 135 324 169 367
b86 57 1882 96 1926
b87 61 3542 106 3590
b88 117 1239 146 1283
b89 53 2452 73 2494
b90 37 3132 83 3156
b91 111 0 154 21
b92 104 1314 149 1361
b93 111 96 131 120
b94 167 2065 198 2084
b95 39 2791 83 2828
b96 99 2440 145 2473
b97 100 996 140 1011
b98 81 2683 94 2718
b99 55 3249 95 3266
b100 147 134 191 179
b101 50 2755 80 2791
b102 87 757 127 793
b103 87 120 121 154
b104 146 1207 188 1221
b105 177 0 212 33
b106 48 2005 60 2038
b107 48 43 80 58
b108 115 678 152 716
b109 36 2494 78 2540
b110 32 938 71 980
b111 19 0 32 21
b112 44 3590 74 3615
b113 36 2132 72 2156
b114 127 1061 161 1105
b115 63 1420 97 1442
b116 120 1972 148 1991
b117 151 223 190 244
b118 141 1157 185 1195
b119 97 2253 125 2298
b120 48 2374 84 2410
b121 184 72 218 110
b122 72 678 115 698
b123 154 0 177 36
b124 48 841 79 876
b125 139 801 185 843
b126 73 3081 95 3093
b127 120 1991 145 2034
b128 81 3189 125 3217
b129 72 2187 106 2209
b130 150 864 180 890
b131 108 1461 156 1506
b132 73 3093 91 3132
b133 119 793 134 836
b134 117 949 151 996
b135 63 1405 108 1420
b136 134 476 171 488
b137 175 929 196 957
b138 104 1361 146 1389
b139 111 21 147 58
b140 103 1662 115 1705
b141 21 2934 40 2979
b142 65 3266 92 3303
b143 87 0 111 25
b144 72 698 87 738
b145 21 2998 34 3043
b146 37 3156 85 3189
b147 60 1282 90 1324
b148 122 3217 140 3237
b149 29 3639 76 3661
b150 0 2132 23 2163
b151 97 1207 115 1249
b152 21 2979 37 2998
b153 204 209 245 239
b154 48 921 70 938
b155 139 757 164 771
b156 190 179 218 195
b157 166 257 186 282
b158 108 2180 131 2193
b159 61 2989 105 3021
b160 32 1282 59 1298
b161 90 2595 136 2642
b162 99 2402 130 2420
b163 65 2858 98 2880
b164 105 2936 141 2977
b165 150 843 171 860
b166 108 367 142 403
b167 80 641 116 678
b168 116 2473 140 2514
b169 97 1566 121 1605
b170 0 3522 29 3567
b171 40 2934 62 2974
b172 23 2559 50 2572
b173 84 1990 109 2022
b174 89 3431 132 3447
b175 125 2231 140 2247
b176 123 1907 156 1945
b177 91 1801 132 1838
b178 41 2074 58 2093
b179 92 3287 138 3321
b180 129 1644 148 1684
b181 108 1405 138 1433
b182 93 2718 138 2742
b183 155 1407 188 1446
b184 191 134 237 159
b185 164 636 191 670
b186 62 2956 93 2989
b187 111 58 147 96
b188 116 2518 153 2558
b189 32 1225 76 1237
b190 121 521 158 548
b191 73 3492 89 3526
b192 130 2358 159 2406
b193 79 863 112 880
b194 96 2104 124 2117
b195 43 3479 76 3492
b196 59 3040 100 3081
b197 64 880 101 908
b198 23 2540 71 2559
b199 115 1105 146 1141
b200 50 2718 93 2755
b201 100 1027 126 1056
b202 108 2141 142 2180
b203 155 771 170 799
b204 80 450 121 483
b205 87 154 108 169
b206 149 1310 191 1345
b207 84 2374 117 2402
b208 71 2642 98 2662
b209 140 1025 185 1061
b210 40 3021 53 3045
b211 141 1195 157 1207
b212 48 2410 69 2452
b213 156 1446 188 1460
b214 138 1407 155 1434
b215 19 1376 48 1397
b216 185 957 227 976
b217 32 980 52 1028
b218 0 3310 43 3325
b219 78 1972 106 1990
b220 48 1952 78 1989
b221 121 476 134 521
b222 81 3321 115 3346
b223 80 531 102 550
b224 71 2574 116 2595
b225 83 3364 130 3402
b226 32 2093 71 2109
b227 104 1282 117 1314
b228 97 1546 118 1566
b229 117 1191 141 1239
b230 121 223 151 256
b231 139 771 155 801
b232 19 2109 61 2132
b233 23 2572 39 2585
b234 99 2420 132 2438
b235 43 3310 65 3356
b236 121 437 148 476
b237 0 2163 21 2203
b238 115 1605 142 1644
b239 79 841 119 863
b240 61 3021 84 3040
b241 43 3409 56 3433
b242 108 1506 130 1546
b243 0 3679 37 3713
b244 29 3615 66 3628
b245 66 3615 102 3639
b246 91 1838 114 1882
b247 72 1101 108 1140
b248 142 2034 185 2065
b249 117 1283 152 1310
b250 99 1157 130 1191
b251 87 403 130 437
b252 40 2993 59 3021
b253 87 437 102 450
b254 48 58 72 71
b255 148 367 195 406
b256 151 244 172 257
b257 44 3522 61 3555
b258 62 2022 106 2056
b259 147 211 173 223
b260 98 2924 117 2936
b261 103 1056 115 1101
b262 80 483 107 531
b263 37 3661 84 3707
b264 145 906 190 929
b265 130 3321 175 3336
b266 72 793 117 841
b267 57 1801 91 1840
b268 19 1397 41 1422
b269 148 1945 185 1963
b270 74 2253 97 2268
b271 129 2742 171 2766
b272 62 2898 86 2933
b273 76 1225 97 1255
b274 90 1780 123 1801
b275 117 863 139 891
b276 83 3132 114 3146
b277 36 2293 48 2340
b278 74 2268 87 2310
b279 48 0 87 43
b280 50 2662 81 2684
b281 154 72 184 90
b282 0 3492 44 3522
b283 23 2132 36 2147
b284 92 3266 122 3287
b285 83 2755 96 2788
b286 115 716 151 757
b287 81 2662 123 2683
b288 102 605 130 641
b289 57 1662 90 1699
b290 32 0 48 27
b291 117 906 145 949
b292 103 1705 127 1744
b293 97 2298 140 2317
b294 130 403 147 429
b295 86 2880 129 2893
b296 138 1434 154 1461
b297 19 1345 57 1376
b298 134 548 167 588
b299 71 1071 84 1084
