226341.8007812
228690
205208
454 452
2.9667
b0 68 116 101 159
b1 351 196 388 261
b2 42 217 76 270
b3 270 302 337 339
b4 0 242 29 261
b5 308 68 357 107
b6 410 0 428 40
b7 218 205 240 245
b8 273 142 335 192
b9 229 395 245 436
b10 50 119 68 171
b11 103 162 162 201
b12 308 0 369 28
b13 282 396 339 444
b14 205 127 268 170
b15 388 205 447 257
b16 388 169 445 205
b17 173 205 217 271
b18 0 0 48 51
b19 142 262 173 312
b20 17 261 36 298
b21 132 0 196 50
b22 87 67 121 116
b23 0 324 49 344
b24 393 304 421 349
b25 380 56 434 95
b26 102 318 142 373
b27 382 95 447 120
b28 339 410 385 449
b29 318 107 380 131
b30 162 99 186 125
b31 186 81 212 115
b32 162 125 205 178
b33 296 107 318 142
b34 18 344 45 398
b35 76 217 107 255
b36 273 234 312 301
b37 421 304 441 364
b38 218 245 241 302
b39 218 302 270 357
b40 36 270 65 296
b41 168 178 223 205
b42 49 320 102 382
b43 42 171 103 217
b44 388 257 453 304
b45 48 0 71 44
b46 0 220 39 242
b47 240 170 273 235
b48 0 92 57 119
b49 335 131 382 196
b50 241 235 273 302
b51 165 414 222 452
b52 111 400 165 445
b53 265 85 308 106
b54 312 241 330 302
b55 337 304 393 338
b56 0 261 17 324
b57 0 344 18 391
b58 212 81 246 127
b59 245 379 282 429
b60 178 271 218 294
b61 273 106 296 139
b62 196 0 256 19
b63 315 196 351 241
b64 0 119 50 166
b65 76 262 133 318
b66 71 0 132 67
b67 308 28 352 68
b68 256 0 308 63
b69 132 50 186 77
b70 273 192 315 234
b71 243 357 307 379
b72 107 201 168 262
b73 354 349 421 410
b74 0 166 42 204
b75 246 85 265 113
b76 196 59 229 81
b77 45 382 111 439
b78 142 312 178 344
b79 0 51 60 92
b80 357 48 373 106
b81 196 19 246 59
b82 307 339 354 396
b83 160 77 176 99
b84 421 364 443 431
b85 352 28 377 48
b86 330 261 386 298
b87 121 77 160 121
b88 36 296 73 320
b89 60 67 87 105
b90 142 344 175 383
b91 377 0 410 56
b92 0 204 26 220
b93 178 360 243 395
b94 101 121 160 162
b95 178 395 229 414
b96 178 294 218 360
b97 111 383 178 400
b98 246 63 308 85
b99 388 120 454 169
