428236.5
428236.5
202050
449 450
126.921739
b0 224 46 260 62
b1 93 87 112 126
b2 397 78 438 113
b3 362 0 380 47
b4 188 131 214 163
b5 288 57 323 88
b6 84 417 97 446
b7 74 179 95 207
b8 116 293 148 308
b9 283 346 317 392
b10 166 41 211 73
b11 224 62 260 76
b12 224 277 266 313
b13 373 116 421 161
b14 147 103 162 128
b15 345 396 390 442
b16 116 344 134 366
b17 298 206 331 232
b18 172 352 206 371
b19 131 207 161 219
b20 391 387 424 415
b21 337 310 381 349
b22 92 208 131 234
b23 206 402 246 427
b24 260 71 275 96
b25 380 0 416 36
b26 0 61 43 86
b27 74 337 89 371
b28 214 120 260 158
b29 221 265 258 277
b30 333 349 350 376
b31 206 374 243 390
b32 95 0 127 23
b33 136 352 172 370
b34 373 161 411 180
b35 246 398 261 431
b36 271 357 283 385
b37 208 277 224 298
b38 93 61 126 87
b39 288 107 330 137
b40 243 357 271 398
b41 48 0 64 16
b42 178 304 222 323
b43 301 154 335 194
b44 89 347 116 363
b45 47 136 84 150
b46 346 47 394 62
b47 252 0 266 23
b48 264 127 288 153
b49 43 181 74 221
b50 323 62 356 104
b51 289 319 337 346
b52 221 206 258 233
b53 116 327 134 344
b54 385 351 428 367
b55 345 383 391 396
b56 264 316 289 338
b57 31 364 50 412
b58 0 20 19 61
b59 0 318 46 364
b60 139 231 169 266
b61 168 416 202 449
b62 48 79 85 124
b63 163 170 178 205
b64 0 86 48 133
b65 178 271 208 304
b66 150 371 181 402
b67 339 227 376 271
b68 85 148 120 172
b69 311 276 349 295
b70 188 95 202 131
b71 43 281 85 315
b72 206 341 240 374
b73 97 402 115 440
b74 67 150 85 179
b75 139 266 162 293
b76 36 0 48 14
b77 90 331 114 347
b78 90 288 116 331
b79 264 153 301 172
b80 74 207 89 221
b81 115 428 147 448
b82 356 62 389 94
b83 202 193 221 230
b84 266 0 303 43
b85 335 154 372 202
b86 311 295 335 319
b87 382 297 427 316
b88 0 256 43 284
b89 206 390 241 402
b90 50 393 95 417
b91 311 232 339 276
b92 116 23 158 47
b93 48 42 91 63
b94 64 25 80 40
b95 331 202 367 227
b96 181 371 206 416
b97 71 253 96 281
b98 48 16 64 42
b99 0 412 37 432
b100 391 415 418 440
b101 224 158 264 206
b102 126 47 164 72
b103 221 233 253 265
b104 91 25 116 61
b105 157 128 188 170
b106 373 180 407 219
b107 48 63 93 79
b108 96 276 129 288
b109 260 96 282 108
b110 40 417 84 440
b111 288 88 301 106
b112 178 175 224 193
b113 330 126 373 154
b114 202 230 221 269
b115 258 206 295 236
b116 407 180 449 217
b117 120 145 157 169
b118 385 316 424 351
b119 50 357 74 393
b120 187 193 202 238
b121 47 221 92 253
b122 120 370 150 413
b123 211 37 224 72
b124 303 0 316 39
b125 112 105 140 123
b126 120 169 148 207
b127 93 126 117 148
b128 95 172 120 208
b129 316 0 362 44
b130 376 219 421 263
b131 0 0 36 20
b132 317 346 333 384
b133 301 194 315 206
b134 237 431 266 447
b135 148 170 163 207
b136 264 108 288 127
b137 206 323 228 341
b138 117 123 147 145
b139 0 364 31 397
b140 252 23 264 39
b141 349 271 383 296
b142 318 384 345 430
b143 214 76 260 120
b144 162 95 187 124
b145 383 263 428 297
b146 264 172 298 205
b147 139 219 170 231
b148 261 398 278 423
b149 68 315 90 337
b150 150 402 180 415
b151 260 55 287 71
b152 169 238 202 271
b153 0 432 40 444
b154 136 308 178 352
b155 48 124 61 136
b156 240 338 282 357
b157 260 43 302 55
b158 170 205 187 233
b159 228 313 264 337
b160 188 163 224 175
b161 206 427 237 446
b162 295 232 307 262
b163 0 133 47 179
b164 258 248 290 275
b165 166 0 199 41
b166 202 95 214 131
b167 335 296 382 310
b168 199 0 224 37
b169 224 0 252 46
b170 159 73 204 95
b171 350 349 385 383
b172 64 0 95 25
b173 46 315 68 357
b174 391 367 416 387
b175 258 236 292 248
b176 74 371 94 387
b177 138 72 159 103
b178 178 323 194 343
b179 266 275 311 316
b180 301 88 322 107
b181 288 137 330 152
b182 126 72 138 105
b183 162 271 178 308
b184 116 308 136 327
b185 302 44 346 57
b186 120 415 168 428
b187 373 94 397 116
b188 278 392 318 416
b189 47 150 67 181
b190 0 284 37 318
b191 394 36 431 78
b192 43 256 71 278
b193 96 234 139 276
b194 0 179 43 221
b195 95 366 120 402
b196 127 0 166 16
b197 0 221 47 256
b198 330 104 370 126
b199 278 416 318 450
