417429.5
520138
314721
561 561
507.939449
b0 484 364 499 391
b1 247 292 263 319
b2 199 100 221 126
b3 439 316 484 337
b4 255 62 295 107
b5 74 80 90 106
b6 74 132 112 159
b7 523 256 558 285
b8 211 265 247 286
b9 55 336 99 361
b10 335 162 366 177
b11 108 279 149 303
b12 209 248 228 265
b13 145 230 193 263
b14 403 286 447 307
b15 455 400 470 434
b16 52 377 97 419
b17 365 357 406 394
b18 440 337 484 380
b19 177 315 213 338
b20 91 289 108 302
b21 224 130 268 158
b22 520 466 555 495
b23 496 137 513 177
b24 313 223 337 241
b25 421 115 464 144
b26 495 283 513 310
b27 518 404 558 442
b28 121 266 145 278
b29 164 201 194 230
b30 273 434 301 454
b31 55 289 91 321
b32 334 268 356 287
b33 162 368 208 413
b34 447 286 459 315
b35 334 256 360 268
b36 493 467 520 497
b37 453 473 465 502
b38 218 320 239 339
b39 32 124 44 137
b40 121 460 140 507
b41 263 454 282 490
b42 283 388 308 434
b43 283 367 322 388
b44 103 526 130 550
b45 493 391 518 415
b46 402 256 421 269
b47 410 473 452 513
b48 283 325 311 359
b49 510 442 558 466
b50 237 158 256 172
b51 403 269 419 283
b52 388 70 406 107
b53 235 241 271 253
b54 178 126 208 160
b55 0 307 31 333
b56 240 174 286 205
b57 374 128 421 176
b58 493 415 518 440
b59 121 422 168 460
b60 115 175 154 191
b61 213 339 258 370
b62 240 205 286 241
b63 153 62 199 98
b64 306 38 321 71
b65 136 354 159 367
b66 320 464 365 506
b67 363 19 377 52
b68 204 0 249 28
b69 410 437 437 473
b70 319 506 364 522
b71 365 177 399 209
b72 74 195 89 227
b73 393 24 405 70
b74 74 0 117 34
b75 440 380 477 400
b76 421 144 460 180
b77 470 449 510 467
b78 55 361 97 377
b79 190 518 215 558
b80 0 333 15 369
b81 74 235 106 250
b82 363 272 402 296
b83 317 0 358 37
b84 43 466 81 500
b85 322 367 365 401
b86 320 425 364 464
b87 338 211 386 256
b88 335 80 364 124
b89 384 394 404 436
b90 401 0 447 24
b91 117 0 138 43
b92 318 287 363 334
b93 286 38 306 62
b94 187 291 218 310
b95 145 523 189 560
b96 114 110 147 156
b97 474 177 514 192
b98 536 285 549 320
b99 406 98 446 115
b100 365 437 410 481
b101 321 37 351 73
b102 0 441 40 477
b103 295 100 329 134
b104 460 144 474 186
b105 32 21 65 56
b106 0 0 12 33
b107 55 321 87 336
b108 149 278 187 315
b109 227 411 273 453
b110 299 181 338 223
b111 106 235 119 256
b112 44 124 74 149
b113 119 230 143 266
b114 492 50 536 84
b115 190 484 212 518
b116 115 156 143 175
b117 247 253 268 292
b118 517 330 561 368
b119 213 370 258 398
b120 81 471 117 507
b121 199 62 233 100
b122 0 391 43 411
b123 0 504 36 527
b124 228 453 263 484
b125 446 57 492 99
b126 168 426 180 448
b127 36 500 61 543
b128 405 513 433 557
b129 218 286 240 320
b130 136 324 162 354
b131 140 463 188 508
b132 399 176 417 215
b133 437 430 452 473
b134 0 273 47 307
b135 145 508 190 523
b136 225 158 237 195
b137 31 307 52 335
b138 123 380 151 422
b139 249 0 286 36
b140 487 192 499 235
b141 517 285 536 330
b142 511 84 548 111
b143 364 80 388 105
b144 66 250 106 265
b145 286 179 299 224
b146 311 334 359 367
b147 12 243 54 273
b148 470 431 490 449
b149 511 111 558 133
b150 470 400 493 431
b151 103 508 145 526
b152 301 434 320 450
b153 0 411 41 441
b154 104 422 121 444
b155 153 98 167 123
b156 377 19 393 47
b157 387 236 412 256
b158 208 398 231 411
b159 495 0 539 32
b160 286 224 313 240
b161 514 146 561 192
b162 167 98 198 116
b163 499 204 521 237
b164 405 24 441 65
b165 266 107 287 124
b166 15 335 51 369
b167 518 368 555 404
b168 482 241 523 265
b169 60 265 99 289
b170 108 81 153 110
b171 0 369 40 391
b172 178 160 205 173
b173 256 536 288 561
b174 208 126 224 169
b175 194 248 209 264
b176 421 253 459 286
b177 32 87 73 124
b178 90 80 107 99
b179 74 34 108 80
b180 492 503 511 543
b181 465 473 493 503
b182 320 401 365 425
b183 131 191 164 230
b184 258 337 283 383
b185 338 177 365 211
b186 147 123 178 156
b187 523 220 561 256
b188 363 296 403 333
b189 231 398 275 410
b190 351 53 388 80
b191 120 324 136 358
b192 447 0 495 29
b193 138 0 171 17
b194 460 29 473 57
b195 207 202 240 215
b196 364 514 405 555
b197 215 518 252 546
b198 56 419 104 438
b199 459 285 495 316
b200 184 413 227 450
b201 295 71 321 100
b202 406 346 440 385
b203 56 438 71 466
b204 194 215 235 248
b205 240 319 261 334
b206 61 507 103 542
b207 171 0 204 28
b208 171 28 198 48
b209 287 134 323 179
b210 258 383 282 396
b211 351 37 363 53
b212 32 0 74 21
b213 473 209 487 241
b214 460 192 487 209
b215 99 326 120 355
b216 365 394 384 436
b217 12 0 32 48
b218 271 241 286 284
b219 482 265 510 283
b220 319 522 356 552
b221 43 419 56 464
b222 204 28 229 62
b223 44 149 66 168
b224 104 303 149 324
b225 464 99 511 137
b226 452 434 468 473
b227 460 209 473 241
b228 433 513 453 534
b229 12 180 60 204
b230 484 334 517 364
b231 256 158 286 174
b232 224 107 266 130
b233 168 413 184 426
b234 484 316 517 334
b235 233 59 255 105
b236 81 444 120 471
b237 188 463 228 484
b238 429 214 456 253
b239 74 110 114 132
b240 499 368 518 391
b241 61 542 85 555
b242 474 137 496 177
b243 282 454 319 488
b244 513 133 550 146
b245 520 495 556 519
b246 459 241 482 285
b247 403 307 439 346
b248 12 137 43 180
b249 0 477 35 504
b250 117 50 151 81
b251 417 180 460 214
b252 441 29 460 57
b253 106 266 121 279
b254 91 302 104 326
b255 271 286 318 325
b256 136 367 157 380
b257 208 169 225 202
b258 212 484 256 518
b259 499 192 525 204
b260 261 325 280 337
b261 308 388 320 433
b262 465 503 492 551
b263 256 490 303 536
b264 229 36 274 59
b265 145 263 190 278
b266 286 241 334 286
b267 335 128 374 162
b268 406 415 431 437
b269 495 32 532 50
b270 162 315 177 338
b271 89 195 131 219
b272 0 527 35 551
b273 406 385 427 415
b274 138 17 159 50
b275 99 358 127 380
b276 171 48 202 62
b277 323 134 335 181
b278 110 380 123 422
b279 12 204 55 243
b280 32 56 54 87
b281 437 400 455 430
b282 162 338 206 368
b283 510 265 523 280
b284 364 107 394 128
b285 143 156 176 169
b286 74 159 115 195
b287 387 215 429 236
b288 525 192 561 220
b289 406 65 443 98
b290 360 256 387 272
b291 164 173 207 201
b292 363 333 402 357
b293 358 0 401 19
b294 194 265 211 291
b295 180 450 223 463
b296 89 219 116 235
b297 286 0 317 38
b298 365 481 405 514
b299 97 380 110 393
