565762.0390625
593655.5
314721
561 561
549.098145
b0 498 34 525 49
b1 485 457 501 484
b2 417 185 439 211
b3 320 298 341 343
b4 127 488 172 528
b5 27 134 53 150
b6 274 46 312 73
b7 468 422 497 457
b8 247 505 268 541
b9 21 407 65 432
b10 501 193 516 224
b11 312 86 353 110
b12 211 230 230 247
b13 83 38 116 86
b14 151 355 195 376
b15 190 165 224 180
b16 64 473 109 515
b17 139 153 176 194
b18 346 152 390 195
b19 69 86 105 109
b20 93 410 110 423
b21 202 62 230 106
b22 528 80 557 115
b23 516 115 556 132
b24 223 446 247 464
b25 303 185 346 214
b26 306 152 324 179
b27 519 415 557 455
b28 64 316 76 340
b29 355 120 385 149
b30 28 37 48 65
b31 97 350 133 382
b32 401 362 423 381
b33 451 273 496 319
b34 288 278 317 290
b35 275 230 287 256
b36 268 514 298 541
b37 501 141 530 153
b38 153 468 174 487
b39 224 362 237 374
b40 0 416 19 463
b41 454 212 490 231
b42 392 185 417 231
b43 401 99 440 120
b44 172 226 199 250
b45 365 405 390 429
b46 340 240 353 259
b47 501 153 543 193
b48 247 453 281 481
b49 532 470 556 518
b50 230 97 249 111
b51 436 236 450 252
b52 226 0 244 37
b53 199 226 211 262
b54 105 86 139 116
b55 144 41 170 72
b56 510 49 556 80
b57 383 490 430 538
b58 392 290 417 315
b59 21 369 68 407
b60 64 287 103 303
b61 0 169 45 200
b62 164 304 210 340
b63 298 501 334 547
b64 335 496 368 511
b65 275 256 288 279
b66 54 515 99 557
b67 176 153 190 186
b68 501 364 546 392
b69 423 326 459 353
b70 440 63 485 79
b71 219 198 253 230
b72 139 194 171 209
b73 401 49 413 95
b74 0 100 43 134
b75 392 270 429 290
b76 430 521 466 560
b77 501 415 519 455
b78 55 350 97 366
b79 247 395 287 420
b80 45 271 81 286
b81 133 345 148 377
b82 190 141 229 165
b83 185 0 226 37
b84 53 0 87 38
b85 229 111 263 154
b86 53 149 92 193
b87 196 486 244 531
b88 319 354 348 398
b89 24 200 44 242
b90 313 20 337 66
b91 0 299 21 342
b92 454 167 501 212
b93 313 0 337 20
b94 168 422 187 453
b95 200 375 244 412
b96 280 0 313 46
b97 439 161 454 201
b98 436 252 449 287
b99 263 179 303 196
b100 53 193 98 237
b101 334 511 370 541
b102 187 446 223 486
b103 194 412 228 446
b104 463 479 477 521
b105 92 160 127 193
b106 187 106 220 118
b107 156 230 171 262
b108 355 39 393 76
b109 117 398 163 440
b110 390 405 432 444
b111 0 286 21 299
b112 172 75 202 100
b113 247 481 283 505
b114 501 330 545 364
b115 200 340 234 362
b116 0 463 19 491
b117 102 230 141 251
b118 282 305 320 349
b119 0 258 45 286
b120 432 435 468 471
b121 384 0 422 34
b122 21 473 64 493
b123 108 0 144 23
b124 117 440 152 471
b125 309 110 355 152
b126 0 491 12 513
b127 92 429 117 472
b128 111 116 139 160
b129 246 18 280 40
b130 53 38 83 64
b131 103 253 151 298
b132 53 131 92 149
b133 501 455 544 470
b134 79 303 113 350
b135 151 340 196 355
b136 262 40 274 77
b137 0 45 28 66
b138 325 421 353 463
b139 401 120 438 156
b140 501 268 544 280
b141 355 76 400 95
b142 353 354 380 391
b143 485 56 510 80
b144 279 290 319 305
b145 174 453 187 498
b146 430 471 463 519
b147 287 349 317 391
b148 84 237 102 257
b149 288 256 335 278
b150 322 398 353 421
b151 109 472 127 514
b152 81 271 100 287
b153 62 432 92 473
b154 468 457 485 479
b155 27 150 52 164
b156 247 541 275 557
b157 320 278 345 298
b158 151 304 164 327
b159 501 298 545 330
b160 413 49 440 65
b161 469 95 516 141
b162 163 404 194 422
b163 324 152 346 185
b164 284 447 325 483
b165 139 528 160 545
b166 0 66 36 100
b167 432 355 469 391
b168 440 39 481 63
b169 211 278 235 317
b170 440 79 469 124
b171 53 109 93 131
b172 246 70 259 97
b173 417 211 449 236
b174 288 240 331 256
b175 235 300 251 315
b176 178 265 211 303
b177 98 193 139 230
b178 481 37 498 56
b179 21 323 55 369
b180 466 522 506 541
b181 532 193 560 223
b182 0 200 24 245
b183 244 362 283 395
b184 355 95 401 120
b185 413 65 440 99
b186 21 493 54 524
b187 459 319 497 355
b188 13 0 53 37
b189 501 224 513 268
b190 467 0 494 37
b191 228 412 244 446
b192 391 156 439 185
b193 36 65 53 98
b194 370 490 383 518
b195 253 196 266 229
b196 144 0 185 41
b197 163 376 200 404
b198 234 343 282 362
b199 465 391 501 422
b200 21 286 64 323
b201 469 141 498 167
b202 45 237 84 271
b203 153 440 168 468
b204 139 120 180 153
b205 171 250 192 265
b206 287 405 322 447
b207 469 355 497 388
b208 274 73 301 93
b209 365 454 410 490
b210 385 120 398 144
b211 453 391 465 407
b212 170 41 212 62
b213 287 391 319 405
b214 513 251 540 268
b215 0 342 21 371
b216 410 444 429 486
b217 139 100 187 120
b218 485 80 528 95
b219 99 382 117 410
b220 439 124 469 161
b221 0 0 13 45
b222 212 37 246 62
b223 92 131 111 153
b224 0 371 21 416
b225 113 298 151 345
b226 380 346 419 362
b227 303 227 335 240
b228 313 66 334 86
b229 172 498 196 546
b230 335 463 365 496
b231 246 40 262 70
b232 187 118 229 141
b233 117 382 133 395
b234 244 0 277 18
b235 263 93 309 115
b236 151 265 178 304
b237 263 158 303 179
b238 440 0 467 39
b239 211 317 251 339
b240 401 381 424 400
b241 170 62 194 75
b242 235 278 275 300
b243 266 196 303 230
b244 303 214 340 227
b245 508 470 532 506
b246 501 392 545 415
b247 353 229 392 265
b248 380 315 423 346
b249 0 134 27 169
b250 494 0 525 34
b251 176 192 219 226
b252 211 247 230 275
b253 64 303 79 316
b254 200 362 224 375
b255 337 0 384 39
b256 87 0 108 13
b257 139 75 172 92
b258 392 236 436 270
b259 340 214 352 240
b260 190 180 209 192
b261 450 261 495 273
b262 513 224 561 251
b263 345 265 392 311
b264 116 23 139 68
b265 393 34 438 49
b266 230 230 275 278
b267 352 195 391 229
b268 365 429 387 454
b269 298 483 335 501
b270 141 230 156 253
b271 237 154 261 196
b272 19 524 54 548
b273 133 377 163 398
b274 139 209 172 230
b275 65 407 93 429
b276 283 483 297 514
b277 353 405 365 452
b278 0 245 42 258
b279 341 311 380 354
b280 68 382 99 404
b281 501 280 531 298
b282 450 231 494 261
b283 453 422 468 435
b284 380 362 401 392
b285 224 165 237 198
b286 21 432 62 468
b287 432 391 453 433
b288 423 290 451 326
b289 247 420 284 453
b290 516 193 532 220
b291 251 300 279 343
b292 282 115 306 154
b293 263 115 282 158
b294 127 471 153 488
b295 353 392 396 405
b296 53 64 69 91
b297 477 484 508 522
b298 99 528 139 561
b299 151 327 164 340
