230747.7382812
233585.5
205208
454 452
2.658229
b0 314 45 347 88
b1 382 0 419 65
b2 62 277 115 311
b3 212 133 249 200
b4 62 367 81 396
b5 190 57 229 106
b6 75 82 115 100
b7 193 200 215 240
b8 390 332 452 382
b9 62 396 78 437
b10 229 0 247 52
b11 136 363 175 422
b12 340 179 368 240
b13 198 376 246 433
b14 129 129 172 192
b15 395 90 454 142
b16 249 139 285 196
b17 204 279 248 345
b18 389 382 437 433
b19 303 262 334 312
b20 173 173 210 192
b21 63 227 127 277
b22 154 327 203 361
b23 434 249 454 298
b24 395 165 440 193
b25 229 79 268 133
b26 75 0 115 55
b27 348 65 413 90
b28 215 200 261 239
b29 307 155 369 179
b30 166 57 190 83
b31 37 129 71 155
b32 0 155 53 198
b33 285 155 307 190
b34 75 100 129 127
b35 204 345 242 376
b36 115 0 182 39
b37 395 193 415 253
b38 175 361 198 418
b39 81 367 136 419
b40 0 399 29 425
b41 127 232 154 287
b42 0 258 62 311
b43 0 311 46 372
b44 247 0 312 47
b45 395 142 439 165
b46 395 253 434 275
b47 307 179 340 244
b48 0 372 57 399
b49 348 90 395 155
b50 247 47 314 79
b51 264 238 302 295
b52 248 297 293 351
b53 53 180 74 223
b54 307 244 368 262
b55 348 0 382 56
b56 173 83 190 146
b57 75 190 122 208
b58 390 298 436 332
b59 129 39 166 89
b60 305 386 328 426
b61 368 217 391 250
b62 268 79 287 139
b63 312 0 348 45
b64 154 240 204 287
b65 46 311 103 367
b66 328 373 389 440
b67 129 89 173 129
b68 75 127 127 190
b69 75 55 129 82
b70 261 196 303 238
b71 0 107 64 129
b72 329 312 390 373
b73 287 88 348 155
b74 103 325 145 363
b75 419 0 438 28
b76 41 223 63 256
b77 248 386 305 452
b78 293 312 329 344
b79 0 198 41 258
b80 248 239 264 297
b81 154 287 204 327
b82 182 0 229 57
b83 395 275 411 297
b84 190 106 212 173
b85 53 155 73 180
b86 334 262 390 299
b87 204 240 248 279
b88 0 129 37 153
b89 127 287 154 325
b90 29 399 62 438
b91 415 193 448 249
b92 0 0 16 26
b93 248 351 313 386
b94 16 0 75 41
b95 75 208 126 227
b96 127 192 193 232
b97 0 41 67 58
b98 369 155 391 217
b99 0 58 66 107
