416305.25
519010.5
313600
560 560
860.644081
b0 388 160 403 187
b1 357 492 384 508
b2 272 55 294 81
b3 324 163 369 184
b4 110 88 155 128
b5 77 397 103 413
b6 113 258 140 296
b7 355 301 390 330
b8 34 72 55 108
b9 74 478 99 522
b10 310 414 341 429
b11 175 249 199 290
b12 244 150 263 167
b13 0 96 33 144
b14 277 314 321 335
b15 411 343 426 377
b16 34 231 79 273
b17 199 229 240 266
b18 280 193 324 236
b19 285 278 308 314
b20 0 168 17 181
b21 200 53 228 97
b22 523 111 558 140
b23 320 475 360 492
b24 355 269 373 293
b25 285 335 314 378
b26 469 309 487 336
b27 498 261 538 299
b28 244 138 268 150
b29 165 176 194 206
b30 268 138 288 166
b31 59 164 95 196
b32 305 253 327 272
b33 240 253 285 299
b34 246 0 258 29
b35 528 412 540 438
b36 493 338 520 368
b37 478 196 490 225
b38 278 174 299 193
b39 113 233 126 245
b40 103 397 150 416
b41 175 22 211 41
b42 359 508 384 554
b43 428 266 449 305
b44 0 144 27 168
b45 469 338 493 363
b46 464 61 483 74
b47 384 494 426 534
b48 124 60 158 88
b49 536 140 560 188
b50 155 236 174 250
b51 262 432 278 446
b52 483 0 501 37
b53 142 416 154 452
b54 165 206 199 236
b55 0 420 31 446
b56 118 311 149 357
b57 395 0 443 47
b58 435 168 460 193
b59 107 521 154 559
b60 345 146 384 162
b61 366 346 411 377
b62 244 207 280 253
b63 129 174 165 220
b64 443 193 458 226
b65 87 115 110 128
b66 515 370 560 412
b67 371 129 404 143
b68 408 238 453 266
b69 335 119 371 146
b70 325 184 370 200
b71 403 165 435 199
b72 129 220 161 235
b73 376 47 422 59
b74 0 53 34 96
b75 370 208 407 228
b76 443 0 479 39
b77 373 283 413 301
b78 56 297 72 339
b79 102 460 142 485
b80 0 489 15 525
b81 110 296 142 311
b82 415 61 454 85
b83 335 0 376 37
b84 27 520 65 554
b85 464 111 498 154
b86 412 379 456 418
b87 249 81 297 126
b88 155 104 199 133
b89 478 154 498 196
b90 288 128 312 174
b91 0 293 21 336
b92 453 226 498 273
b93 175 41 195 65
b94 297 84 316 115
b95 105 416 142 460
b96 142 250 175 296
b97 373 268 413 283
b98 456 379 469 414
b99 285 236 325 253
b100 419 85 464 129
b101 498 188 528 224
b102 214 521 254 557
b103 0 0 34 34
b104 360 475 402 489
b105 77 282 110 317
b106 195 41 228 53
b107 0 374 32 389
b108 223 437 261 474
b109 182 134 228 176
b110 158 65 200 104
b111 77 360 98 373
b112 107 128 137 153
b113 253 299 277 335
b114 448 474 492 508
b115 59 196 93 218
b116 0 274 28 293
b117 275 378 314 399
b118 511 299 555 337
b119 362 228 407 256
b120 99 485 135 521
b121 95 174 129 212
b122 0 446 20 489
b123 167 489 203 512
b124 154 407 189 438
b125 129 0 171 46
b126 128 235 140 257
b127 34 175 59 218
b128 195 410 223 454
b129 327 248 349 282
b130 245 372 275 398
b131 197 365 245 410
b132 369 59 387 98
b133 500 392 515 435
b134 0 181 34 228
b135 413 266 428 311
b136 95 128 107 165
b137 77 413 98 441
b138 59 122 87 164
b139 325 212 362 248
b140 365 256 408 268
b141 393 377 412 422
b142 464 74 491 111
b143 314 368 339 392
b144 34 439 74 454
b145 137 161 182 174
b146 262 399 310 432
b147 34 409 76 439
b148 370 162 388 182
b149 483 37 530 59
b150 469 390 500 413
b151 98 379 140 397
b152 228 167 244 186
b153 33 454 74 484
b154 193 472 215 489
b155 103 46 128 60
b156 387 59 403 87
b157 285 253 305 278
b158 199 323 222 336
b159 448 442 492 474
b160 272 39 299 55
b161 319 429 366 475
b162 79 264 110 282
b163 469 368 502 390
b164 283 432 319 473
b165 82 46 103 63
b166 0 338 34 374
b167 411 129 448 165
b168 491 59 532 83
b169 199 299 238 323
b170 150 341 195 370
b171 34 297 56 337
b172 194 176 207 203
b173 34 0 59 32
b174 199 213 242 229
b175 366 330 381 346
b176 258 0 296 33
b177 150 370 191 407
b178 0 34 17 53
b179 0 228 34 274
b180 457 414 497 433
b181 420 442 448 472
b182 412 418 457 442
b183 314 335 353 368
b184 498 111 523 157
b185 244 167 278 194
b186 0 389 33 420
b187 449 273 487 309
b188 245 335 285 372
b189 243 126 287 138
b190 207 186 244 213
b191 59 84 93 100
b192 371 100 419 129
b193 291 508 324 525
b194 387 87 415 100
b195 308 272 321 305
b196 173 512 214 553
b197 200 97 228 134
b198 154 512 173 560
b199 260 518 291 554
b200 426 342 469 379
b201 413 311 439 340
b202 335 80 369 119
b203 77 441 105 456
b204 199 266 240 299
b205 299 174 320 189
b206 65 522 107 557
b207 528 227 556 260
b208 34 148 54 175
b209 299 39 335 84
b210 502 368 515 392
b211 403 59 415 75
b212 82 63 124 84
b213 464 154 478 186
b214 384 143 411 160
b215 107 153 136 174
b216 393 422 412 464
b217 98 317 118 365
b218 77 317 92 360
b219 193 454 221 472
b220 498 224 528 261
b221 21 293 34 338
b222 221 0 246 34
b223 59 100 78 122
b224 149 320 194 341
b225 155 438 193 485
b226 448 129 464 168
b227 353 330 366 362
b228 426 472 446 493
b229 149 296 197 320
b230 439 309 469 342
b231 321 319 351 335
b232 199 342 241 365
b233 349 256 365 269
b234 324 492 357 510
b235 175 0 221 22
b236 223 410 262 437
b237 34 32 55 72
b238 528 188 555 227
b239 34 108 56 148
b240 222 323 245 342
b241 154 485 167 509
b242 443 39 483 61
b243 321 282 355 319
b244 297 115 334 128
b245 492 435 528 459
b246 260 474 283 518
b247 407 199 443 238
b248 34 378 77 409
b249 0 525 27 560
b250 79 233 113 264
b251 335 37 369 80
b252 316 84 335 112
b253 140 235 155 248
b254 174 236 198 249
b255 221 474 260 521
b256 142 452 155 473
b257 312 146 345 163
b258 315 525 359 559
b259 339 368 365 380
b260 394 331 413 343
b261 325 200 370 212
b262 366 425 393 473
b263 82 0 129 46
b264 59 0 82 45
b265 228 122 243 167
b266 341 380 389 425
b267 296 0 330 39
b268 314 392 339 414
b269 460 186 478 223
b270 238 299 253 322
b271 34 273 76 297
b272 291 525 315 560
b273 390 301 411 331
b274 95 212 128 233
b275 74 456 102 478
b276 93 84 107 115
b277 128 46 175 58
b278 20 446 33 488
b279 34 339 77 378
b280 118 357 149 379
b281 402 464 420 494
b282 228 50 272 80
b283 381 331 394 346
b284 370 187 400 208
b285 244 194 277 207
b286 33 484 74 520
b287 228 80 249 122
b288 498 83 534 111
b289 283 475 320 508
b290 261 446 277 473
b291 137 133 180 161
b292 487 299 511 338
b293 376 0 395 43
b294 246 33 272 50
b295 34 218 77 231
b296 135 485 151 512
b297 498 157 536 188
b298 520 337 560 370
b299 113 245 126 258
