234804.796875
237942
206570
455 454
1.779763
b0 152 113 185 156
b1 385 47 450 84
b2 199 0 252 34
b3 149 264 186 331
b4 0 311 29 330
b5 160 0 199 49
b6 152 377 170 417
b7 252 0 292 22
b8 0 189 50 251
b9 105 311 121 352
b10 334 0 352 52
b11 0 103 59 142
b12 50 189 78 250
b13 104 393 152 450
b14 208 224 271 267
b15 403 325 455 384
b16 306 206 363 242
b17 329 86 373 152
b18 216 66 264 117
b19 185 113 216 163
b20 56 334 93 353
b21 306 156 370 206
b22 56 0 90 49
b23 16 389 65 409
b24 303 336 331 381
b25 65 393 104 447
b26 152 73 207 113
b27 211 267 236 332
b28 331 403 370 449
b29 41 310 103 334
b30 90 150 114 176
b31 269 193 303 219
b32 90 0 133 53
b33 370 153 392 188
b34 133 0 160 54
b35 0 142 38 173
b36 373 86 412 153
b37 392 159 452 179
b38 147 331 204 354
b39 114 161 169 213
b40 121 311 147 340
b41 29 334 56 389
b42 90 54 152 107
b43 0 57 61 103
b44 306 242 371 289
b45 126 354 170 377
b46 252 22 291 44
b47 264 123 329 156
b48 61 49 88 106
b49 352 0 417 47
b50 371 322 403 389
b51 236 328 293 366
b52 0 409 54 454
b53 291 22 334 43
b54 65 375 126 393
b55 329 52 385 86
b56 41 293 104 310
b57 264 105 311 123
b58 216 117 250 163
b59 211 415 261 452
b60 331 380 371 403
b61 271 219 304 242
b62 434 179 453 239
b63 413 280 449 325
b64 38 142 88 189
b65 0 0 56 57
b66 169 163 236 224
b67 331 336 371 380
b68 371 188 434 240
b69 90 107 144 134
b70 371 280 413 322
b71 56 353 120 375
b72 264 44 325 105
b73 236 267 303 328
b74 41 251 79 293
b75 412 84 440 103
b76 236 193 269 215
b77 371 389 437 446
b78 216 34 252 66
b79 0 251 41 311
b80 0 330 16 388
b81 146 224 196 264
b82 304 289 361 336
b83 90 134 112 150
b84 189 354 211 421
b85 292 0 317 20
b86 250 156 306 193
b87 105 272 149 311
b88 160 49 197 73
b89 114 134 152 161
b90 170 421 209 454
b91 412 103 445 159
b92 79 243 105 259
b93 277 381 312 446
b94 105 213 146 272
b95 170 354 189 405
b96 371 240 437 280
b97 88 176 105 243
b98 186 264 208 326
b99 211 366 277 415
