239076.2949219
242789
205662
454 453
7.116803
b0 258 83 291 126
b1 74 0 139 37
b2 104 308 138 361
b3 280 131 347 168
b4 37 253 66 272
b5 403 70 452 109
b6 374 131 392 171
b7 258 126 280 166
b8 179 0 241 50
b9 258 67 299 83
b10 0 0 18 52
b11 0 214 59 253
b12 375 70 403 131
b13 299 60 356 108
b14 70 71 133 114
b15 381 294 440 346
b16 397 131 454 167
b17 139 319 205 363
b18 214 325 265 373
b19 60 277 110 308
b20 185 363 204 400
b21 0 390 64 440
b22 105 171 139 220
b23 403 109 452 129
b24 104 363 149 391
b25 315 0 354 54
b26 275 0 315 55
b27 282 168 347 193
b28 410 0 449 46
b29 374 46 436 70
b30 139 143 163 169
b31 261 216 295 242
b32 0 345 53 388
b33 381 272 416 294
b34 38 318 92 345
b35 139 50 170 88
b36 314 265 381 304
b37 354 0 374 60
b38 116 114 139 171
b39 397 167 452 219
b40 53 364 82 390
b41 139 88 166 143
b42 392 219 454 272
b43 0 168 61 214
b44 179 66 244 113
b45 299 108 343 131
b46 265 395 304 417
b47 281 264 314 329
b48 105 220 132 277
b49 327 218 392 265
b50 295 193 327 260
b51 114 395 171 433
b52 16 67 70 112
b53 61 155 104 176
b54 356 98 374 159
b55 18 0 74 34
b56 241 0 258 63
b57 139 231 157 278
b58 74 37 120 71
b59 64 391 114 428
b60 139 278 162 318
b61 228 196 261 219
b62 205 373 265 392
b63 374 0 410 45
b64 347 171 397 218
b65 0 112 57 168
b66 214 264 281 325
b67 166 155 210 195
b68 162 256 214 319
b69 228 169 282 196
b70 179 113 221 155
b71 371 386 393 450
b72 204 392 265 453
b73 161 195 228 256
b74 61 215 103 253
b75 356 70 375 98
b76 228 219 261 241
b77 314 386 371 452
b78 149 363 185 395
b79 0 277 60 318
b80 179 50 237 66
b81 139 0 179 50
b82 314 339 371 386
b83 64 428 86 444
b84 228 242 295 264
b85 261 196 286 216
b86 221 113 258 169
b87 61 176 105 215
b88 0 253 37 277
b89 0 318 38 345
b90 265 417 304 450
b91 18 34 74 67
b92 0 52 16 78
b93 314 304 379 339
b94 57 114 116 155
b95 53 345 104 364
b96 379 346 445 386
b97 258 0 275 67
b98 139 169 161 231
b99 265 329 314 395
