1278042.25
1863342.5
692742
263 2634
177.8446
b0 102 239 138 255
b1 69 1774 88 1813
b2 22 2336 63 2371
b3 70 27 88 74
b4 94 1089 120 1121
b5 25 1647 60 1678
b6 82 1933 111 1946
b7 94 940 122 961
b8 138 321 170 336
b9 124 1801 170 1835
b10 168 998 213 1030
b11 61 2215 75 2251
b12 142 205 178 247
b13 122 1835 170 1880
b14 149 20 164 45
b15 25 0 70 46
b16 88 749 106 771
b17 76 2001 109 2027
b18 94 1015 128 1034
b19 162 1583 192 1595
b20 40 1774 68 1807
b21 42 2144 86 2183
b22 102 255 128 294
b23 88 1737 128 1762
b24 76 1584 101 1599
b25 128 381 164 417
b26 60 1647 103 1672
b27 49 1632 83 1647
b28 112 1319 158 1357
b29 92 1121 104 1158
b30 100 1434 117 1461
b31 101 871 138 887
b32 175 159 198 191
b33 33 2516 51 2552
b34 25 1807 44 1845
b35 89 1968 104 2001
b36 102 0 130 12
b37 42 1870 58 1891
b38 106 763 139 789
b39 92 1195 122 1237
b40 107 543 135 584
b41 99 2293 115 2309
b42 88 360 107 404
b43 102 205 142 239
b44 49 1389 76 1405
b45 110 1263 124 1300
b46 161 417 209 432
b47 119 1434 142 1448
b48 92 1237 116 1263
b49 106 1902 146 1933
b50 68 1347 101 1389
b51 49 1584 76 1632
b52 130 1933 157 1970
b53 132 1073 149 1091
b54 25 46 68 62
b55 102 294 115 340
b56 142 247 164 272
b57 88 701 107 749
b58 128 1658 147 1699
b59 119 449 165 495
b60 69 2369 99 2404
b61 51 2516 84 2550
b62 93 2144 130 2189
b63 25 1715 40 1750
b64 119 495 166 543
b65 149 126 179 159
b66 70 834 101 865
b67 122 1195 166 1232
b68 162 1559 197 1583
b69 130 0 149 38
b70 70 2279 106 2293
b71 0 2600 42 2634
b72 60 1688 94 1721
b73 70 74 88 112
b74 103 1559 132 1577
b75 130 178 153 205
b76 70 2104 84 2116
b77 137 417 161 433
b78 68 940 94 983
b79 117 834 136 871
b80 49 1405 63 1420
b81 106 1880 138 1900
b82 63 2336 95 2369
b83 130 38 149 75
b84 180 1673 223 1710
b85 70 903 118 940
b86 68 983 92 1007
b87 130 159 175 178
b88 42 2062 70 2105
b89 93 2189 105 2224
b90 149 102 194 126
b91 68 1319 112 1347
b92 221 95 263 119
b93 72 2027 115 2048
b94 137 433 152 449
b95 164 252 200 277
b96 138 336 163 381
b97 61 2251 86 2279
b98 149 763 165 789
b99 69 2404 106 2424
b100 42 1845 69 1870
b101 141 1091 181 1139
b102 0 0 25 38
b103 61 2183 93 2215
b104 40 1749 76 1774
b105 27 2417 69 2448
b106 124 1762 158 1801
b107 174 0 219 16
b108 0 2516 33 2528
b109 89 2062 101 2084
b110 35 2313 79 2336
b111 119 417 137 430
b112 128 1027 146 1073
b113 76 1461 119 1489
b114 75 2224 114 2243
b115 69 1839 106 1869
b116 149 60 186 102
b117 76 1389 100 1426
b118 22 2183 61 2218
b119 33 2552 57 2588
b120 158 1673 173 1718
b121 100 1389 132 1434
b122 178 191 221 221
b123 124 1232 137 1267
b124 22 2218 35 2257
b125 58 1968 76 1996
b126 63 2116 101 2144
b127 88 617 112 639
b128 105 1522 141 1547
b129 22 2371 66 2417
b130 88 789 132 834
b131 88 1762 124 1782
b132 94 1073 132 1089
b133 58 1996 72 2008
b134 62 1721 91 1737
b135 25 1678 40 1715
b136 25 62 49 81
b137 0 1888 22 1906
b138 69 1946 99 1968
b139 148 1642 181 1673
b140 94 887 106 903
b141 27 2482 52 2516
b142 0 2417 27 2463
b143 142 277 188 321
b144 122 951 147 980
b145 135 543 180 577
b146 27 2448 60 2482
b147 122 887 134 918
b148 219 0 236 25
b149 134 929 156 951
b150 76 1968 89 1998
b151 101 834 117 861
b152 76 1489 109 1522
b153 128 1015 168 1027
b154 88 657 130 701
b155 60 2448 72 2461
b156 70 2062 89 2104
b157 12 2588 54 2600
b158 122 998 150 1015
b159 70 865 94 901
b160 0 2528 12 2564
b161 178 221 197 252
b162 170 321 200 333
b163 147 951 193 998
b164 70 0 102 27
b165 107 584 148 617
b166 132 1547 168 1559
b167 58 2048 105 2062
b168 63 1559 100 1584
b169 164 32 210 60
b170 88 1794 110 1839
b171 35 2279 70 2313
b172 103 1577 134 1602
b173 138 1880 180 1902
b174 149 0 174 20
b175 88 1782 122 1794
b176 128 1642 148 1658
b177 42 2105 63 2136
b178 107 701 127 717
b179 107 722 152 763
b180 127 701 146 722
b181 134 887 149 929
b182 132 1357 165 1369
b183 174 16 211 32
b184 110 1300 130 1319
b185 69 1869 82 1913
b186 197 1030 210 1078
b187 165 432 187 456
b188 112 617 136 657
b189 88 340 119 360
b190 104 1121 141 1155
b191 63 1522 105 1559
b192 40 1721 62 1749
b193 68 1263 110 1306
b194 0 1845 42 1888
b195 99 1672 124 1708
b196 60 1672 99 1688
b197 194 60 241 95
b198 104 1155 126 1195
b199 128 1602 162 1642
