2075670.5
3225151
926190
246 3765
929.69725
b0 46 2113 73 2128
b1 67 3328 94 3344
b2 133 505 155 531
b3 225 807 246 852
b4 129 1432 169 1477
b5 163 1545 179 1571
b6 169 1366 207 1393
b7 122 3082 157 3111
b8 79 2442 100 2478
b9 145 109 189 134
b10 115 2214 130 2245
b11 157 334 198 358
b12 168 1196 185 1215
b13 33 3002 66 3050
b14 115 2193 159 2214
b15 93 3464 127 3479
b16 48 2912 93 2954
b17 179 694 220 731
b18 120 1563 163 1607
b19 119 1718 155 1741
b20 117 2897 130 2914
b21 75 2567 103 2611
b22 145 0 180 29
b23 99 2478 139 2495
b24 139 2387 157 2411
b25 109 2362 138 2405
b26 75 1367 102 1385
b27 169 1128 207 1168
b28 115 2124 139 2136
b29 153 2950 182 2980
b30 169 1168 189 1196
b31 140 2411 172 2447
b32 79 3359 98 3381
b33 97 1776 142 1822
b34 34 61 63 73
b35 34 2111 46 2137
b36 88 1693 115 1723
b37 195 0 207 29
b38 192 625 213 644
b39 181 1048 193 1061
b40 223 62 242 109
b41 188 1753 224 1772
b42 136 2280 182 2305
b43 101 3224 140 3245
b44 122 1223 149 1247
b45 157 1048 181 1073
b46 130 1366 149 1379
b47 28 3571 70 3611
b48 201 773 229 807
b49 0 3702 24 3750
b50 75 1723 94 1737
b51 88 1968 102 1984
b52 122 725 159 743
b53 147 2938 183 2950
b54 79 2326 109 2360
b55 115 2093 141 2124
b56 34 0 80 31
b57 122 1128 169 1176
b58 94 1723 119 1748
b59 122 2548 169 2586
b60 78 2954 117 2970
b61 97 829 128 874
b62 157 380 203 416
b63 79 2113 115 2159
b64 170 1714 203 1729
b65 75 1584 88 1607
b66 139 2124 181 2169
b67 28 3611 42 3644
b68 145 134 173 179
b69 97 505 133 532
b70 75 1737 91 1782
b71 102 2281 136 2313
b72 0 3750 32 3765
b73 97 567 109 613
b74 180 62 223 96
b75 109 3282 129 3319
b76 149 1678 188 1714
b77 185 991 225 1009
b78 106 2586 148 2602
b79 130 2872 170 2897
b80 103 1678 139 1693
b81 157 1073 172 1105
b82 78 2970 117 2994
b83 86 3571 123 3612
b84 205 454 239 492
b85 45 3385 79 3428
b86 125 416 164 460
b87 33 2954 78 3002
b88 163 1571 192 1615
b89 106 2696 126 2738
b90 139 2169 185 2193
b91 170 2610 213 2631
b92 112 1029 157 1076
b93 170 1729 190 1753
b94 75 2548 106 2567
b95 66 3245 110 3282
b96 80 1294 126 1327
b97 156 312 196 327
b98 97 532 110 567
b99 156 295 196 312
b100 78 3082 122 3127
b101 102 2245 132 2281
b102 128 2326 168 2362
b103 181 261 215 295
b104 195 48 237 62
b105 66 3203 101 3236
b106 110 693 122 726
b107 125 327 157 342
b108 133 991 170 1029
b109 67 3282 109 3328
b110 48 2686 87 2728
b111 145 179 158 200
b112 119 1693 149 1718
b113 149 2586 185 2610
b114 78 3127 112 3171
b115 0 0 34 22
b116 157 1029 185 1048
b117 157 604 196 625
b118 130 1328 174 1366
b119 125 460 153 505
b120 87 2861 123 2897
b121 120 1640 154 1678
b122 64 2078 107 2098
b123 34 73 57 109
b124 179 659 210 694
b125 117 3040 163 3082
b126 214 240 236 252
b127 181 2095 206 2138
b128 149 849 193 877
b129 117 2980 151 3002
b130 121 1268 151 1294
b131 173 195 221 240
b132 189 109 207 148
b133 177 454 192 497
b134 63 1782 97 1829
b135 160 561 205 576
b136 42 3633 79 3645
b137 98 3396 119 3424
b138 45 3543 87 3571
b139 98 3359 134 3396
b140 153 2237 165 2280
b141 124 2827 143 2872
b142 152 688 179 725
b143 139 2362 163 2387
b144 129 1379 144 1419
b145 113 2738 126 2783
b146 45 3454 93 3487
b147 117 2938 147 2980
b148 177 434 195 454
b149 108 1895 155 1917
b150 63 1901 86 1932
b151 124 1853 142 1895
b152 114 802 130 821
b153 34 31 75 61
b154 210 644 232 661
b155 156 240 181 254
b156 21 3686 49 3702
b157 125 0 145 25
b158 79 2159 102 2172
b159 66 3171 110 3203
b160 133 561 160 577
b161 122 1176 168 1223
b162 57 1968 88 1986
b163 76 2032 109 2054
b164 75 2621 111 2662
b165 79 3424 100 3441
b166 102 1511 136 1547
b167 79 2405 115 2442
b168 133 577 157 618
b169 75 2478 99 2517
b170 141 1992 170 2037
b171 88 1992 110 2032
b172 203 1411 230 1424
b173 142 1741 167 1773
b174 102 1547 145 1563
b175 102 1327 117 1343
b176 0 2193 33 2231
b177 99 2495 140 2532
b178 132 2256 149 2275
b179 126 1294 172 1328
b180 155 485 174 525
b181 149 802 179 830
b182 48 2662 93 2686
b183 157 952 190 991
b184 93 3479 139 3504
b185 102 1432 129 1466
b186 48 2174 79 2207
b187 117 3002 153 3040
b188 151 1223 188 1263
b189 133 877 177 889
b190 177 925 214 952
b191 108 1853 124 1887
b192 207 0 236 48
b193 163 2362 196 2379
b194 63 1955 91 1968
b195 102 2313 135 2326
b196 93 2786 134 2827
b197 33 3344 70 3372
b198 0 2174 48 2193
b199 155 525 186 561
b200 102 1955 145 1992
b201 152 659 178 688
b202 33 3282 67 3321
b203 180 0 195 28
b204 80 1134 121 1167
b205 75 2897 96 2912
b206 110 637 152 672
b207 160 576 193 604
b208 195 434 222 454
b209 0 3385 45 3421
b210 117 1328 130 1352
b211 133 802 149 814
b212 132 2214 153 2256
b213 80 874 112 888
b214 97 802 114 829
b215 70 3612 99 3633
b216 141 2076 183 2095
b217 93 2738 113 2786
b218 70 3344 113 3359
b219 0 3421 28 3439
b220 34 2137 64 2174
b221 109 726 122 771
b222 133 1615 167 1640
b223 103 2602 125 2621
b224 75 1563 120 1584
b225 86 1917 133 1955
b226 99 2532 138 2548
b227 185 1009 198 1041
b228 112 874 133 894
b229 177 877 201 925
b230 34 2078 64 2111
b231 106 2548 122 2578
b232 151 1105 193 1128
b233 70 3571 86 3584
b234 179 1393 212 1411
b235 198 334 220 380
b236 48 2207 75 2246
b237 100 3424 121 3464
b238 48 2728 75 2767
b239 152 637 192 659
b240 112 1091 135 1110
b241 115 2405 128 2429
b242 80 1327 102 1367
b243 87 2827 124 2861
b244 117 1419 154 1432
b245 57 2054 93 2078
b246 159 2193 182 2237
b247 196 295 232 334
b248 109 771 152 802
b249 24 3702 59 3729
b250 136 1511 167 1545
b251 106 2662 149 2696
b252 109 2326 128 2354
b253 88 1584 103 1597
b254 180 96 204 109
b255 141 2037 188 2076
b256 33 3372 54 3385
b257 80 0 97 33
b258 129 1477 173 1511
b259 133 625 159 637
b260 57 1986 76 1998
b261 117 1352 129 1397
b262 134 3245 161 3293
b263 153 3111 200 3157
b264 174 1263 219 1286
b265 64 2098 109 2113
b266 63 1853 108 1901
b267 62 3504 96 3543
b268 155 460 177 485
b269 164 416 201 434
b270 112 1076 135 1091
b271 80 1110 122 1134
b272 133 889 157 924
b273 0 3439 21 3469
b274 181 240 214 261
b275 97 1748 119 1776
b276 21 3672 52 3686
b277 207 1009 219 1056
b278 192 731 205 773
b279 207 109 246 152
b280 125 200 156 222
b281 174 497 204 515
b282 127 3396 171 3426
b283 93 2662 106 2677
b284 121 1247 151 1268
b285 120 1607 133 1640
b286 130 2897 166 2938
b287 110 672 152 693
b288 97 0 125 36
b289 52 3645 85 3682
b290 135 1076 151 1103
b291 189 152 217 195
b292 107 2054 131 2093
b293 149 830 192 849
b294 45 3487 62 3513
b295 110 3171 153 3184
b296 28 3645 44 3672
b297 97 1822 135 1853
b298 110 3184 143 3224
b299 79 3441 92 3454
