445283.25
576967.5
313599
559 561
235.728185
b0 320 429 335 456
b1 483 340 510 356
b2 310 144 336 166
b3 306 515 327 560
b4 332 521 377 561
b5 100 242 126 258
b6 183 255 221 282
b7 264 42 293 77
b8 312 308 333 344
b9 62 82 106 107
b10 358 232 373 263
b11 231 429 272 453
b12 369 211 388 228
b13 223 248 271 281
b14 412 70 433 114
b15 410 114 425 148
b16 153 389 195 434
b17 221 152 258 193
b18 314 265 358 308
b19 221 281 244 317
b20 0 290 17 303
b21 380 293 408 337
b22 0 151 35 180
b23 126 242 166 259
b24 500 197 518 221
b25 281 144 310 187
b26 246 48 264 75
b27 87 277 127 315
b28 252 193 264 217
b29 62 206 92 235
b30 261 116 281 144
b31 431 206 463 242
b32 280 187 302 206
b33 123 344 169 389
b34 109 417 138 429
b35 537 38 549 64
b36 435 301 465 328
b37 432 470 444 499
b38 271 240 292 259
b39 231 360 243 373
b40 20 430 67 449
b41 62 0 81 36
b42 534 449 559 495
b43 329 66 368 87
b44 0 108 24 135
b45 437 328 461 353
b46 259 453 272 472
b47 510 350 552 390
b48 438 436 466 470
b49 0 232 48 256
b50 244 331 263 345
b51 293 27 309 41
b52 500 79 537 97
b53 96 150 132 162
b54 128 466 158 500
b55 0 334 31 360
b56 215 48 246 94
b57 183 342 231 389
b58 444 477 469 502
b59 105 204 152 242
b60 152 201 168 240
b61 350 426 395 457
b62 438 390 474 436
b63 195 428 231 474
b64 511 142 544 157
b65 396 392 409 415
b66 464 150 509 192
b67 355 0 388 14
b68 526 97 554 142
b69 373 244 409 271
b70 465 324 510 340
b71 412 38 446 70
b72 70 248 85 280
b73 465 138 511 150
b74 0 467 43 501
b75 360 303 380 340
b76 195 389 231 428
b77 205 215 223 255
b78 0 423 16 465
b79 444 502 469 542
b80 0 360 36 375
b81 33 328 48 360
b82 372 83 411 107
b83 500 38 537 79
b84 27 514 65 548
b85 62 172 105 206
b86 373 148 417 187
b87 510 305 558 350
b88 306 100 335 144
b89 366 18 408 38
b90 144 155 168 201
b91 0 46 43 67
b92 189 105 234 152
b93 466 436 490 456
b94 417 282 448 301
b95 407 503 444 547
b96 243 345 276 391
b97 358 263 373 303
b98 176 125 189 160
b99 425 114 442 154
b100 368 38 412 83
b101 465 102 495 138
b102 493 482 529 522
b103 510 271 544 305
b104 544 263 558 305
b105 88 315 123 348
b106 357 199 369 232
b107 106 123 138 138
b108 169 0 206 38
b109 396 415 438 461
b110 105 162 144 204
b111 154 331 175 344
b112 60 288 85 318
b113 81 0 105 36
b114 124 500 158 544
b115 62 107 84 141
b116 85 258 113 277
b117 475 0 496 39
b118 496 0 540 38
b119 351 457 396 485
b120 360 390 396 426
b121 347 356 385 390
b122 138 105 181 125
b123 158 515 194 538
b124 15 180 46 215
b125 510 390 556 432
b126 461 340 483 352
b127 65 516 90 559
b128 109 389 153 417
b129 218 193 252 215
b130 325 0 355 26
b131 67 429 115 474
b132 425 154 464 172
b133 335 426 350 469
b134 0 256 47 290
b135 176 160 221 175
b136 437 353 449 390
b137 0 375 28 396
b138 409 368 437 410
b139 336 139 373 175
b140 231 317 243 360
b141 292 240 337 259
b142 183 282 220 309
b143 344 175 369 199
b144 159 434 174 474
b145 276 375 289 420
b146 230 0 263 48
b147 67 474 97 516
b148 396 461 416 479
b149 41 364 88 386
b150 289 429 320 452
b151 16 449 58 467
b152 309 0 325 19
b153 106 82 136 123
b154 534 432 556 449
b155 306 344 331 358
b156 360 340 388 356
b157 319 211 344 231
b158 335 413 358 426
b159 115 434 159 466
b160 284 0 300 27
b161 136 259 183 305
b162 84 107 102 138
b163 380 271 413 293
b164 109 39 145 80
b165 377 521 394 542
b166 28 396 64 430
b167 463 192 500 228
b168 206 0 230 41
b169 48 318 87 342
b170 64 388 109 417
b171 88 348 110 388
b172 92 206 105 233
b173 285 490 317 515
b174 289 413 332 429
b175 33 312 48 328
b176 243 391 276 429
b177 168 214 205 255
b178 145 81 162 100
b179 0 0 34 46
b180 469 477 488 517
b181 284 259 314 287
b182 373 187 418 211
b183 246 77 279 116
b184 168 80 214 105
b185 234 116 261 150
b186 0 303 33 334
b187 521 225 557 263
b188 329 26 366 66
b189 373 232 417 244
b190 408 331 435 368
b191 272 455 288 489
b192 220 520 268 549
b193 15 215 48 232
b194 394 503 407 531
b195 207 502 220 535
b196 159 474 200 515
b197 200 474 237 502
b198 223 217 271 236
b199 293 46 329 77
b200 24 108 61 151
b201 154 305 183 331
b202 289 456 328 490
b203 34 0 62 15
b204 306 358 347 391
b205 317 490 332 511
b206 474 390 509 432
b207 518 197 551 225
b208 0 396 20 423
b209 465 288 510 324
b210 452 102 465 126
b211 412 18 428 30
b212 45 467 66 509
b213 264 181 278 213
b214 463 228 490 245
b215 103 488 124 517
b216 388 337 407 379
b217 183 322 231 342
b218 176 175 219 190
b219 388 0 416 18
b220 449 353 479 390
b221 0 501 45 514
b222 281 100 306 134
b223 261 144 280 166
b224 285 515 306 560
b225 428 0 475 38
b226 335 469 351 508
b227 344 199 357 231
b228 466 456 486 477
b229 237 472 261 520
b230 143 125 176 155
b231 268 522 284 552
b232 145 39 168 81
b233 509 432 522 448
b234 335 87 368 105
b235 289 391 335 413
b236 333 308 360 347
b237 174 434 195 474
b238 142 0 169 39
b239 244 281 284 303
b240 442 126 465 145
b241 90 516 103 540
b242 48 248 70 288
b243 335 105 372 139
b244 418 206 431 243
b245 396 479 432 503
b246 279 77 323 100
b247 351 485 390 521
b248 490 228 521 271
b249 0 514 27 549
b250 62 141 96 172
b251 418 172 461 206
b252 231 453 259 472
b253 261 166 274 181
b254 47 288 60 312
b255 168 41 215 80
b256 28 375 41 396
b257 268 489 285 522
b258 490 448 534 482
b259 46 151 58 177
b260 231 373 243 392
b261 223 236 268 248
b262 271 213 319 240
b263 62 36 109 82
b264 310 166 333 211
b265 0 180 15 225
b266 452 39 500 84
b267 417 243 451 282
b268 335 391 360 413
b269 452 84 489 102
b270 113 259 136 274
b271 176 190 218 214
b272 469 517 493 552
b273 413 301 434 331
b274 337 232 358 265
b275 48 342 76 364
b276 97 474 128 488
b277 96 138 143 150
b278 58 235 100 248
b279 451 245 490 288
b280 123 321 154 343
b281 483 356 501 386
b282 276 331 306 375
b283 397 107 410 122
b284 388 211 418 232
b285 183 309 216 322
b286 0 67 36 108
b287 263 0 284 42
b288 244 303 280 331
b289 105 0 142 33
b290 309 19 325 46
b291 284 287 312 330
b292 373 107 397 146
b293 433 70 452 113
b294 272 429 289 455
b295 194 515 207 558
b296 127 305 154 321
b297 495 97 526 135
b298 509 157 542 197
b299 396 379 409 392
