2895968.25
3102782.5
1034640
270 3832
928.430445
b0 117 2544 144 2559
b1 199 2237 226 2253
b2 96 2016 118 2042
b3 65 3682 86 3727
b4 149 2953 189 2998
b5 94 69 110 95
b6 119 228 157 255
b7 100 2308 135 2337
b8 89 2685 110 2721
b9 27 1464 71 1489
b10 66 0 81 31
b11 65 3658 106 3682
b12 110 3103 127 3122
b13 66 1342 99 1390
b14 79 2257 123 2278
b15 132 1324 166 1339
b16 41 2985 86 3027
b17 220 81 261 118
b18 96 1280 139 1324
b19 81 542 117 565
b20 177 574 190 591
b21 66 2464 94 2508
b22 145 1097 180 1126
b23 100 1191 140 1208
b24 117 702 135 726
b25 43 3068 72 3111
b26 79 2139 106 2157
b27 161 2396 199 2436
b28 158 811 182 823
b29 111 309 140 339
b30 41 2774 61 2802
b31 167 2470 199 2506
b32 125 890 144 912
b33 76 1875 121 1921
b34 140 1191 169 1203
b35 169 1173 181 1199
b36 82 1962 109 1992
b37 100 992 112 1021
b38 109 1921 130 1940
b39 41 2217 53 2230
b40 115 2210 134 2257
b41 91 3561 127 3580
b42 104 3528 150 3553
b43 158 69 197 90
b44 133 787 160 811
b45 0 3566 24 3591
b46 90 3349 109 3362
b47 116 920 158 960
b48 124 652 152 686
b49 174 899 198 947
b50 125 1540 144 1554
b51 149 1203 163 1219
b52 112 1173 149 1191
b53 106 1655 142 1667
b54 166 2436 196 2470
b55 106 2161 132 2192
b56 41 2954 87 2985
b57 151 1658 198 1706
b58 41 2192 66 2217
b59 43 3354 90 3392
b60 135 2312 174 2328
b61 113 1554 144 1599
b62 83 2508 129 2544
b63 76 2042 112 2088
b64 145 472 178 487
b65 63 3549 76 3572
b66 161 2192 203 2237
b67 96 1842 110 1875
b68 81 920 109 965
b69 129 2441 165 2468
b70 47 3440 63 3485
b71 83 2544 117 2576
b72 167 2506 199 2521
b73 0 3591 12 3637
b74 106 2127 149 2161
b75 61 2917 81 2954
b76 132 1137 171 1173
b77 175 265 215 283
b78 124 686 166 702
b79 79 3122 119 3147
b80 53 2685 89 2700
b81 162 733 177 765
b82 119 0 158 24
b83 143 1020 180 1061
b84 94 3362 128 3400
b85 66 2308 100 2351
b86 61 2873 100 2917
b87 188 0 233 48
b88 27 2148 56 2192
b89 110 3061 130 3103
b90 132 3136 178 3160
b91 87 3328 130 3349
b92 97 1493 142 1540
b93 66 2434 86 2458
b94 154 302 185 321
b95 157 228 201 265
b96 130 3013 176 3046
b97 149 1364 189 1379
b98 117 787 130 822
b99 121 1476 161 1493
b100 66 2389 110 2434
b101 111 355 141 391
b102 46 2088 86 2124
b103 145 1061 179 1095
b104 132 960 174 974
b105 152 652 187 685
b106 135 733 147 766
b107 129 2426 161 2441
b108 74 2647 111 2685
b109 178 321 220 367
b110 83 2755 122 2797
b111 107 3280 120 3301
b112 27 1962 57 1987
b113 82 3504 118 3528
b114 71 1655 105 1699
b115 133 450 167 472
b116 130 1844 158 1863
b117 57 2016 96 2037
b118 122 2559 166 2597
b119 121 1410 149 1455
b120 179 1061 215 1097
b121 34 3781 68 3819
b122 111 289 154 309
b123 47 3604 70 3640
b124 79 3061 110 3096
b125 72 3238 118 3280
b126 110 2414 132 2426
b127 94 0 119 43
b128 133 391 177 419
b129 115 1208 149 1230
b130 106 3643 136 3669
b131 48 1738 96 1783
b132 94 466 112 505
b133 123 2257 138 2300
b134 0 3478 34 3525
b135 47 3643 92 3658
b136 100 2873 137 2885
b137 83 2576 104 2604
b138 71 1600 113 1628
b139 83 2797 119 2834
b140 91 2604 103 2647
b141 63 3504 82 3549
b142 116 1020 143 1057
b143 106 1667 130 1692
b144 72 3280 87 3320
b145 146 607 159 652
b146 166 1419 214 1452
b147 158 0 188 42
b148 96 1822 114 1842
b149 71 1716 118 1738
b150 110 391 133 422
b151 63 3440 81 3482
b152 113 1636 129 1655
b153 79 2278 120 2308
b154 197 722 219 739
b155 57 1962 82 1976
b156 139 1230 167 1246
b157 112 1137 132 1162
b158 24 3819 47 3832
b159 47 3572 91 3604
b160 0 0 27 16
b161 142 181 188 228
b162 34 3763 65 3781
b163 109 1773 142 1795
b164 43 3027 79 3068
b165 27 1489 48 1506
b166 191 777 225 813
b167 161 1706 197 1743
b168 119 2797 143 2838
b169 106 2088 130 2127
b170 158 90 187 135
b171 111 822 133 862
b172 112 1795 139 1808
b173 100 2357 125 2389
b174 0 3027 43 3043
b175 0 3525 15 3541
b176 146 1590 179 1628
b177 158 862 199 899
b178 115 1230 132 1249
b179 53 2721 99 2755
b180 96 1240 115 1280
b181 81 565 111 593
b182 82 1992 127 2016
b183 158 823 191 862
b184 149 1339 195 1364
b185 122 2953 149 2987
b186 146 574 177 607
b187 182 739 218 777
b188 233 0 270 40
b189 197 69 241 81
b190 95 3166 132 3193
b191 66 1430 82 1464
b192 116 1061 145 1109
b193 99 1342 132 1359
b194 97 1540 125 1553
b195 142 1506 175 1519
b196 48 1921 89 1962
b197 110 422 147 450
b198 81 3485 129 3504
b199 130 1808 161 1844
b200 81 505 124 542
b201 71 1464 97 1493
b202 132 2357 166 2396
b203 48 1783 63 1811
b204 0 2192 41 2225
b205 69 2124 90 2139
b206 109 1738 151 1773
b207 112 1109 145 1137
b208 122 2597 149 2617
b209 61 3727 106 3763
b210 57 2037 70 2061
b211 116 960 132 972
b212 53 2529 74 2571
b213 195 1097 227 1111
b214 74 2604 91 2631
b215 121 1455 150 1476
b216 41 2755 83 2774
b217 87 3280 107 3328
b218 122 2998 165 3013
b219 115 2192 143 2210
b220 173 685 203 722
b221 81 3440 94 3485
b222 66 965 100 990
b223 124 574 146 593
b224 117 766 162 787
b225 0 3440 47 3478
b226 94 450 133 466
b227 100 1208 113 1240
b228 116 2337 137 2357
b229 144 1542 168 1590
b230 66 990 96 1023
b231 86 2434 102 2464
b232 167 1519 209 1542
b233 100 2337 116 2350
b234 96 1324 129 1342
b235 132 974 154 1020
b236 83 2834 110 2873
b237 150 1379 171 1419
b238 34 3680 61 3719
b239 142 1636 182 1658
b240 119 24 142 43
b241 81 0 94 24
b242 189 90 211 130
b243 119 255 156 289
b244 118 3193 155 3206
b245 105 1692 141 1716
b246 72 3166 95 3210
b247 79 2192 115 2231
b248 143 2161 186 2192
b249 71 1628 106 1655
b250 140 321 171 355
b251 79 3027 122 3061
b252 15 3525 34 3553
b253 182 722 197 735
b254 142 1493 166 1506
b255 70 3604 117 3643
b256 154 289 175 302
b257 99 1359 116 1392
b258 43 3320 87 3354
b259 135 2300 161 2312
b260 27 1987 46 1999
b261 95 3193 107 3238
b262 145 487 172 535
b263 142 135 189 181
b264 122 2930 167 2953
b265 149 1863 194 1878
b266 43 3392 88 3440
b267 145 535 179 574
b268 110 2389 132 2414
b269 99 1392 136 1410
b270 144 1519 167 1534
b271 27 2124 69 2148
b272 63 1804 87 1839
b273 124 472 145 502
b274 63 1783 96 1804
b275 111 862 133 890
b276 119 3122 150 3136
b277 97 1553 109 1600
b278 96 1738 109 1780
b279 27 0 66 43
b280 34 3658 65 3680
b281 46 2061 76 2079
b282 81 890 125 920
b283 66 2148 79 2163
b284 53 2508 83 2529
b285 91 3528 104 3561
b286 172 487 208 528
b287 188 48 230 69
b288 178 367 206 403
b289 113 1599 146 1636
b290 100 965 116 992
b291 48 1839 76 1882
b292 97 1430 121 1469
b293 79 3147 122 3166
b294 94 43 111 69
b295 87 2917 130 2930
b296 96 1795 112 1822
b297 135 702 173 733
b298 66 1390 99 1430
b299 15 3553 28 3566
