421276.5
421276.5
200700
450 446
48.136212
b0 406 289 422 325
b1 117 150 136 189
b2 295 231 336 266
b3 141 66 188 84
b4 46 87 78 113
b5 247 140 282 171
b6 402 222 415 251
b7 141 33 169 54
b8 58 326 90 341
b9 58 341 92 387
b10 263 230 295 275
b11 362 144 376 180
b12 139 146 181 182
b13 328 186 376 231
b14 333 302 358 317
b15 0 92 46 137
b16 402 200 420 222
b17 420 78 446 111
b18 408 0 442 19
b19 350 144 362 174
b20 241 415 274 443
b21 27 223 71 262
b22 0 137 39 163
b23 141 84 181 109
b24 402 175 417 200
b25 173 0 209 36
b26 0 240 25 283
b27 12 334 46 349
b28 69 0 107 46
b29 141 54 178 66
b30 203 311 230 328
b31 134 201 171 217
b32 257 198 280 230
b33 123 305 159 323
b34 228 57 247 95
b35 299 358 332 373
b36 249 65 277 77
b37 330 410 346 431
b38 0 0 26 33
b39 171 234 213 264
b40 174 328 215 356
b41 120 72 136 88
b42 420 184 439 228
b43 416 345 450 385
b44 209 0 236 16
b45 0 78 37 92
b46 188 155 236 170
b47 249 93 263 116
b48 376 199 402 223
b49 92 365 123 405
b50 238 334 280 367
b51 346 410 394 437
b52 355 0 392 27
b53 105 303 123 320
b54 336 286 379 302
b55 336 231 349 277
b56 277 420 299 445
b57 280 372 299 420
b58 262 315 303 334
b59 370 363 416 409
b60 96 228 131 258
b61 230 367 264 400
b62 401 252 446 289
b63 249 78 284 93
b64 162 264 210 311
b65 181 204 214 234
b66 299 373 330 404
b67 284 78 328 115
b68 415 228 450 252
b69 280 334 299 372
b70 46 113 82 127
b71 347 27 389 61
b72 332 342 366 375
b73 71 258 109 276
b74 76 276 105 294
b75 257 171 280 198
b76 76 294 90 306
b77 27 306 51 322
b78 303 315 329 358
b79 82 104 119 123
b80 379 286 394 300
b81 54 306 86 326
b82 141 0 173 33
b83 392 27 429 46
b84 26 0 69 37
b85 280 193 328 230
b86 376 175 400 199
b87 379 241 398 286
b88 110 405 153 433
b89 0 283 12 318
b90 0 195 24 240
b91 27 195 71 223
b92 214 199 238 241
b93 282 172 325 193
b94 226 139 241 155
b95 370 316 406 341
b96 168 357 213 382
b97 213 241 238 269
b98 379 300 405 316
b99 71 184 91 221
b100 349 231 376 256
b101 266 275 314 315
b102 332 317 370 342
b103 169 382 201 414
b104 238 230 263 266
b105 299 404 330 446
b106 135 323 174 357
b107 109 258 125 303
b108 134 217 167 229
b109 328 160 350 172
b110 27 262 50 306
b111 234 39 247 57
b112 119 104 137 150
b113 214 171 257 199
b114 376 78 415 97
b115 289 115 326 145
b116 125 263 162 305
b117 86 405 110 442
b118 330 375 369 410
b119 422 289 446 325
b120 123 365 168 380
b121 392 46 437 78
b122 56 393 86 436
b123 188 95 201 130
b124 236 0 249 39
b125 238 199 256 227
b126 82 76 120 104
b127 314 266 336 290
b128 213 269 238 305
b129 282 34 328 78
b130 201 95 246 139
b131 46 127 82 147
b132 188 139 226 155
b133 159 311 173 323
b134 174 311 203 327
b135 12 283 27 320
b136 328 25 347 49
b137 379 223 401 241
b138 82 46 104 76
b139 249 34 282 65
b140 328 144 340 160
b141 178 36 212 61
b142 282 145 328 172
b143 12 349 58 393
b144 71 226 96 255
b145 107 0 141 45
b146 181 170 214 204
b147 0 183 31 195
b148 349 269 374 286
b149 54 276 76 298
b150 349 256 379 269
b151 392 0 408 27
b152 286 0 319 33
b153 44 393 56 433
b154 0 393 44 435
b155 46 334 58 347
b156 136 182 178 201
b157 12 322 54 334
b158 213 356 230 384
b159 238 296 262 332
b160 122 189 134 225
b161 141 109 160 140
b162 238 266 250 296
b163 328 98 375 144
b164 107 45 139 72
b165 0 37 33 78
b166 229 400 241 436
b167 70 170 117 184
b168 160 109 185 146
b169 201 384 229 430
b170 376 153 421 175
b171 131 229 166 263
b172 39 147 70 172
b173 376 110 398 152
b174 416 325 441 345
b175 123 380 157 392
b176 201 430 221 446
b177 421 153 442 184
b178 250 275 266 295
b179 37 46 82 87
b180 263 93 284 112
b181 91 184 106 226
b182 328 174 361 186
b183 153 392 169 429
b184 314 290 333 310
b185 376 97 420 110
b186 264 367 277 415
b187 212 16 234 40
b188 249 116 289 140
b189 0 163 31 183
b190 249 0 286 34
b191 328 61 370 98
b192 39 172 67 194
b193 92 323 135 365
b194 398 111 441 153
b195 319 0 355 25
b196 106 189 122 228
b197 82 123 117 170
b198 370 341 410 363
b199 188 61 228 95
