455365.5
597132
313599
559 561
59.253571
b0 336 48 363 63
b1 138 370 154 397
b2 368 48 390 74
b3 180 0 201 45
b4 505 282 550 322
b5 40 256 66 272
b6 382 494 420 521
b7 314 266 349 295
b8 138 401 174 422
b9 69 511 94 555
b10 259 358 274 389
b11 341 454 365 495
b12 301 335 320 352
b13 449 248 497 281
b14 225 193 269 214
b15 146 309 180 324
b16 130 513 172 558
b17 180 239 221 276
b18 349 121 392 165
b19 376 202 399 238
b20 121 422 138 435
b21 269 175 297 219
b22 127 52 162 81
b23 27 423 44 463
b24 336 533 360 551
b25 85 0 128 29
b26 370 165 397 183
b27 0 45 40 83
b28 122 307 146 319
b29 383 465 413 494
b30 122 266 150 286
b31 225 214 257 250
b32 305 150 327 169
b33 420 441 466 486
b34 162 52 174 81
b35 0 380 26 392
b36 54 35 84 62
b37 80 214 92 243
b38 286 534 307 553
b39 337 425 350 437
b40 267 505 286 552
b41 455 0 474 36
b42 498 42 544 67
b43 102 95 123 134
b44 0 195 27 219
b45 180 138 205 162
b46 180 125 199 138
b47 510 154 552 194
b48 450 495 478 529
b49 102 47 126 95
b50 180 276 199 290
b51 0 350 16 364
b52 121 437 139 474
b53 122 358 158 370
b54 420 486 450 520
b55 154 370 180 401
b56 435 281 481 312
b57 212 276 259 324
b58 317 400 342 425
b59 94 214 132 261
b60 180 342 196 381
b61 180 208 225 239
b62 442 346 488 382
b63 271 415 317 451
b64 495 154 510 187
b65 349 509 362 532
b66 475 0 520 42
b67 128 0 142 33
b68 466 467 511 495
b69 244 131 280 158
b70 22 161 67 177
b71 358 0 392 32
b72 509 238 541 253
b73 266 93 312 105
b74 27 177 61 220
b75 291 73 328 93
b76 220 324 259 360
b77 180 324 220 342
b78 0 394 42 410
b79 515 445 555 470
b80 40 241 76 256
b81 21 509 53 524
b82 467 222 506 246
b83 139 437 180 474
b84 62 365 100 399
b85 319 357 353 400
b86 88 175 132 214
b87 180 409 225 457
b88 353 365 382 409
b89 467 202 509 222
b90 201 0 225 46
b91 180 162 201 205
b92 291 0 336 47
b93 316 242 336 266
b94 180 106 211 125
b95 515 408 559 445
b96 295 463 341 496
b97 349 266 364 306
b98 424 27 437 62
b99 478 154 495 194
b100 509 194 554 238
b101 442 154 478 184
b102 132 211 172 247
b103 204 527 238 561
b104 342 409 384 423
b105 476 119 509 154
b106 364 266 376 299
b107 40 272 72 287
b108 205 135 242 173
b109 225 406 271 448
b110 252 0 291 42
b111 27 410 48 423
b112 180 457 210 482
b113 221 250 257 274
b114 259 301 303 335
b115 0 161 22 195
b116 180 381 199 409
b117 328 121 349 160
b118 49 410 93 448
b119 180 61 208 106
b120 0 125 36 161
b121 362 521 396 559
b122 75 448 118 468
b123 88 326 111 362
b124 54 0 85 35
b125 259 255 301 301
b126 267 493 289 505
b127 150 266 175 309
b128 0 241 28 285
b129 336 0 358 34
b130 291 47 321 73
b131 280 105 328 150
b132 403 366 442 384
b133 341 439 384 454
b134 111 324 158 358
b135 43 309 88 324
b136 226 478 263 490
b137 122 286 150 307
b138 267 451 295 493
b139 336 229 372 266
b140 399 235 442 247
b141 244 86 263 131
b142 466 440 503 467
b143 233 381 258 405
b144 138 422 178 437
b145 199 276 212 321
b146 208 48 241 96
b147 180 495 222 525
b148 76 243 94 263
b149 40 287 87 309
b150 475 42 498 73
b151 225 175 267 193
b152 61 194 80 210
b153 226 448 267 478
b154 27 377 49 394
b155 241 72 266 86
b156 350 423 378 439
b157 317 425 337 450
b158 317 450 340 463
b159 303 295 347 327
b160 358 32 385 48
b161 0 463 47 509
b162 61 210 79 241
b163 21 0 54 22
b164 515 372 556 408
b165 488 301 505 322
b166 33 524 69 558
b167 399 199 436 235
b168 392 0 416 41
b169 428 397 467 421
b170 392 337 437 366
b171 53 463 75 503
b172 369 486 382 513
b173 413 80 438 112
b174 384 425 427 441
b175 0 219 16 234
b176 142 0 180 33
b177 43 324 80 365
b178 36 141 53 160
b179 132 177 178 211
b180 428 421 468 440
b181 252 42 280 72
b182 82 151 127 175
b183 211 96 244 135
b184 442 202 467 248
b185 336 202 370 229
b186 0 524 33 555
b187 437 36 475 72
b188 376 80 413 120
b189 509 122 553 134
b190 488 372 515 409
b191 210 457 226 491
b192 497 253 545 282
b193 242 158 275 175
b194 428 384 456 397
b195 157 81 170 114
b196 0 309 41 350
b197 396 521 433 549
b198 132 247 180 266
b199 173 525 204 561
b200 57 92 100 129
b201 384 396 410 425
b202 297 208 336 242
b203 47 448 75 463
b204 376 247 409 288
b205 36 84 57 99
b206 0 83 35 125
b207 478 495 506 528
b208 93 422 120 442
b209 397 120 433 165
b210 392 288 416 301
b211 180 45 192 61
b212 36 99 57 141
b213 369 454 383 486
b214 61 177 88 194
b215 21 22 50 43
b216 440 327 482 346
b217 509 134 557 154
b218 440 312 483 327
b219 307 534 335 552
b220 65 62 102 92
b221 49 365 62 410
b222 199 381 233 406
b223 483 282 505 301
b224 0 0 21 45
b225 289 496 336 534
b226 196 342 212 381
b227 336 63 368 76
b228 88 306 109 326
b229 392 313 440 337
b230 127 81 157 114
b231 275 158 305 174
b232 259 335 301 358
b233 376 288 392 301
b234 442 184 475 202
b235 158 324 180 370
b236 364 326 391 365
b237 409 248 449 269
b238 416 0 455 27
b239 57 129 97 151
b240 372 183 395 202
b241 180 482 204 495
b242 0 285 40 307
b243 329 165 363 202
b244 301 254 314 291
b245 384 441 420 465
b246 222 504 266 527
b247 257 219 296 255
b248 90 468 121 511
b249 0 410 27 445
b250 88 275 122 306
b251 399 165 442 199
b252 142 33 170 52
b253 258 389 271 404
b254 336 509 349 533
b255 132 138 179 177
b256 0 509 21 522
b257 180 290 197 323
b258 498 67 542 101
b259 87 263 113 275
b260 297 242 316 254
b261 364 301 409 313
b262 225 0 252 48
b263 438 73 485 119
b264 93 399 138 422
b265 274 358 319 373
b266 328 76 376 121
b267 390 41 424 80
b268 40 62 65 84
b269 488 322 506 359
b270 75 468 90 491
b271 127 114 169 138
b272 201 173 225 208
b273 382 366 403 396
b274 16 220 49 241
b275 238 527 266 549
b276 274 373 305 387
b277 84 35 131 47
b278 222 491 264 504
b279 130 474 173 513
b280 100 362 122 393
b281 410 384 428 414
b282 320 327 364 357
b283 67 151 82 164
b284 509 101 539 122
b285 336 496 369 509
b286 94 511 130 552
b287 212 360 254 381
b288 468 409 504 437
b289 506 339 543 372
b290 0 364 27 380
b291 274 387 317 415
b292 305 169 329 208
b293 416 269 435 312
b294 506 322 532 339
b295 349 313 392 326
b296 27 350 43 377
b297 438 119 476 150
b298 520 0 553 40
b299 109 306 122 319
