2838714.453125
3029346
1123032
292 3846
932.11066
b0 67 2751 94 2766
b1 142 1387 169 1403
b2 55 1200 77 1226
b3 52 3438 73 3483
b4 97 1612 137 1657
b5 79 3577 95 3603
b6 0 3019 38 3046
b7 42 1396 77 1425
b8 15 1596 36 1632
b9 52 3524 96 3549
b10 71 3283 86 3314
b11 145 1841 186 1865
b12 111 2630 128 2649
b13 46 3602 79 3650
b14 248 19 292 40
b15 24 2213 58 2228
b16 126 959 171 1001
b17 116 2353 157 2390
b18 67 3104 110 3148
b19 0 3741 36 3764
b20 42 39 55 56
b21 91 2426 119 2470
b22 112 237 147 266
b23 146 2426 186 2443
b24 112 2557 130 2581
b25 77 1200 106 1243
b26 144 145 171 163
b27 88 428 126 468
b28 88 37 112 49
b29 77 2261 106 2291
b30 157 745 177 773
b31 42 1245 74 1281
b32 58 2194 77 2216
b33 114 1503 159 1549
b34 19 3666 48 3678
b35 77 1396 89 1422
b36 160 1403 187 1433
b37 100 2557 112 2586
b38 60 1848 81 1867
b39 77 2170 89 2183
b40 58 2415 77 2462
b41 15 2194 51 2213
b42 101 1320 147 1345
b43 77 2353 116 2374
b44 166 341 193 365
b45 92 3436 116 3461
b46 100 1798 119 1811
b47 160 447 202 487
b48 149 87 177 121
b49 72 1611 96 1659
b50 202 311 221 325
b51 146 1582 160 1598
b52 89 2221 126 2239
b53 0 3046 36 3058
b54 69 1122 99 1156
b55 91 2470 117 2501
b56 149 0 195 31
b57 60 2110 107 2158
b58 111 608 136 633
b59 147 678 194 716
b60 195 34 234 50
b61 97 3018 128 3063
b62 135 2742 181 2778
b63 42 1471 78 1517
b64 38 3276 71 3291
b65 79 3409 92 3432
b66 160 402 202 447
b67 55 876 69 909
b68 80 2795 108 2840
b69 24 2955 60 2982
b70 118 484 134 529
b71 112 1657 146 1689
b72 94 959 126 974
b73 118 562 130 608
b74 195 0 238 34
b75 24 2982 44 3019
b76 71 3314 110 3350
b77 67 3000 107 3018
b78 118 468 160 484
b79 119 1771 159 1796
b80 105 3197 141 3212
b81 88 396 103 428
b82 69 1098 108 1122
b83 146 2147 183 2188
b84 54 3183 88 3221
b85 67 2840 101 2883
b86 100 2586 139 2630
b87 87 2883 132 2931
b88 69 1156 98 1200
b89 42 1425 62 1467
b90 100 2533 146 2557
b91 75 468 118 489
b92 170 558 215 605
b93 146 2443 166 2467
b94 238 0 269 19
b95 88 359 132 396
b96 110 3063 156 3096
b97 176 204 216 219
b98 15 1632 28 1667
b99 60 1798 100 1815
b100 202 266 246 311
b101 118 201 148 237
b102 91 757 131 793
b103 160 307 194 341
b104 77 2519 119 2533
b105 77 1659 112 1692
b106 77 2533 89 2566
b107 36 3549 68 3564
b108 97 1243 134 1281
b109 72 1517 114 1563
b110 38 3234 77 3276
b111 54 3024 67 3045
b112 38 3382 68 3407
b113 28 2170 64 2194
b114 94 2711 128 2755
b115 132 359 166 381
b116 59 1882 87 1901
b117 142 1028 181 1049
b118 91 793 135 831
b119 145 1796 173 1841
b120 116 2390 152 2426
b121 92 2016 126 2054
b122 160 487 203 507
b123 36 2108 59 2144
b124 67 3148 98 3183
b125 24 2606 70 2648
b126 77 3271 99 3283
b127 48 3666 73 3709
b128 94 2683 138 2711
b129 118 901 152 923
b130 40 2929 70 2955
b131 94 1028 142 1073
b132 39 2069 57 2108
b133 142 745 157 788
b134 136 588 170 635
b135 59 1867 104 1882
b136 59 2158 96 2170
b137 43 3763 64 3791
b138 131 717 173 745
b139 173 50 209 87
b140 60 1517 72 1560
b141 0 3058 19 3103
b142 89 1396 116 1433
b143 15 1571 39 1596
b144 111 717 126 757
b145 60 2955 73 3000
b146 112 307 160 340
b147 142 1345 172 1387
b148 38 3291 56 3311
b149 77 2239 124 2261
b150 89 2190 112 2221
b151 119 3230 137 3272
b152 24 2667 40 2686
b153 106 2323 147 2353
b154 62 1454 84 1471
b155 72 1597 97 1611
b156 107 2931 135 2947
b157 94 1073 114 1098
b158 95 3382 118 3395
b159 56 3350 100 3382
b160 107 2947 134 2963
b161 202 219 248 266
b162 105 3212 136 3230
b163 110 2054 143 2076
b164 151 163 187 204
b165 39 2052 60 2069
b166 109 1563 143 1599
b167 152 1865 188 1902
b168 118 860 142 901
b169 70 2667 94 2706
b170 147 237 176 282
b171 93 1941 115 1981
b172 77 1833 104 1846
b173 91 2374 116 2406
b174 46 3650 89 3666
b175 0 0 15 16
b176 118 163 151 201
b177 70 2630 111 2667
b178 55 1226 72 1245
b179 114 1469 160 1503
b180 99 1148 118 1188
b181 172 1049 202 1077
b182 15 1517 60 1541
b183 42 0 75 39
b184 87 1903 133 1928
b185 19 3602 46 3636
b186 143 1549 174 1582
b187 75 489 111 527
b188 58 2566 95 2606
b189 134 546 178 558
b190 77 1771 114 1798
b191 36 3438 52 3472
b192 110 2076 139 2124
b193 19 3709 52 3726
b194 77 3234 105 3247
b195 58 2374 91 2387
b196 67 3063 108 3104
b197 74 1368 111 1396
b198 104 1866 152 1885
b199 39 2016 70 2052
b200 142 788 185 825
b201 118 22 144 51
b202 59 1941 93 1980
b203 68 3549 83 3577
b204 104 1833 145 1866
b205 141 3096 162 3111
b206 59 1981 101 2016
b207 143 1932 176 1960
b208 118 3302 145 3322
b209 118 923 163 959
b210 67 2766 80 2790
b211 75 527 91 539
b212 152 825 173 867
b213 88 3183 120 3197
b214 126 1001 143 1028
b215 77 1433 106 1454
b216 86 3283 128 3302
b217 70 2062 90 2110
b218 0 3726 43 3741
b219 104 1885 132 1903
b220 88 0 118 37
b221 75 0 88 45
b222 36 3577 70 3602
b223 36 2144 58 2163
b224 132 381 177 402
b225 108 1110 155 1148
b226 55 860 94 876
b227 36 3791 49 3823
b228 89 2170 110 2190
b229 149 31 173 79
b230 127 1073 157 1106
b231 131 558 147 588
b232 112 2124 154 2147
b233 173 1582 189 1595
b234 134 1228 167 1246
b235 70 2016 92 2062
b236 156 507 183 546
b237 94 2755 115 2795
b238 15 0 42 39
b239 100 1811 140 1833
b240 112 340 135 359
b241 54 3000 67 3024
b242 124 2239 146 2279
b243 72 1563 109 1597
b244 109 1599 146 1612
b245 144 121 180 145
b246 124 2279 147 2323
b247 111 678 147 717
b248 36 3407 79 3438
b249 157 2188 192 2215
b250 111 1737 142 1771
b251 171 867 214 901
b252 58 2387 77 2415
b253 77 2501 92 2514
b254 54 3221 78 3234
b255 97 1281 144 1320
b256 128 2630 149 2643
b257 60 1815 77 1848
b258 111 2649 155 2683
b259 119 2426 145 2438
b260 108 1098 127 1110
b261 70 2706 82 2751
b262 74 1320 101 1368
b263 40 2883 87 2929
b264 0 3823 45 3846
b265 75 845 120 860
b266 112 1689 157 1737
b267 77 1692 111 1731
b268 147 282 169 307
b269 92 2501 129 2519
b270 74 1243 97 1258
b271 77 3247 119 3271
b272 94 860 118 895
b273 133 1902 154 1932
b274 79 3461 112 3482
b275 134 484 156 512
b276 75 831 106 845
b277 180 87 192 134
b278 73 3482 86 3524
b279 76 3666 115 3709
b280 118 0 149 22
b281 67 3018 97 3036
b282 15 1541 59 1571
b283 103 396 116 411
b284 70 2606 100 2627
b285 118 529 131 562
b286 95 3395 131 3436
b287 186 2215 228 2236
b288 114 1433 142 1469
b289 43 3726 76 3763
b290 79 3382 95 3409
b291 136 635 164 678
b292 0 2213 24 2252
b293 24 2648 67 2667
b294 60 1659 77 1685
b295 87 1928 130 1941
b296 38 3019 54 3046
b297 128 2711 166 2742
b298 106 1188 139 1228
b299 106 831 119 844
