235006.9511719
238267.5
205662
454 453
1.386527
b0 332 51 365 94
b1 308 238 345 303
b2 0 260 34 313
b3 57 289 94 356
b4 0 355 29 374
b5 403 0 452 39
b6 225 320 243 360
b7 158 100 180 140
b8 158 168 220 218
b9 225 360 241 401
b10 433 135 451 187
b11 267 162 326 201
b12 158 140 219 168
b13 148 355 205 403
b14 145 271 208 314
b15 395 253 454 305
b16 225 125 261 182
b17 408 305 452 371
b18 322 0 370 51
b19 40 372 71 422
b20 241 360 278 379
b21 282 51 332 115
b22 306 204 355 238
b23 401 407 450 427
b24 336 303 364 348
b25 225 0 264 54
b26 118 0 158 55
b27 27 0 52 65
b28 220 401 266 440
b29 326 148 388 172
b30 225 101 251 125
b31 118 120 152 146
b32 94 314 147 357
b33 118 146 153 168
b34 332 94 359 148
b35 180 100 211 138
b36 158 61 225 100
b37 247 182 267 242
b38 279 306 336 329
b39 40 237 95 289
b40 243 329 272 355
b41 0 374 27 429
b42 52 184 114 237
b43 0 149 46 210
b44 345 238 392 303
b45 71 356 94 400
b46 27 422 66 444
b47 118 55 151 120
b48 95 237 152 264
b49 261 115 326 162
b50 326 172 393 204
b51 278 412 335 450
b52 94 357 148 402
b53 225 277 246 320
b54 387 117 448 135
b55 420 187 454 243
b56 40 289 57 352
b57 118 168 136 215
b58 152 237 198 271
b59 71 402 121 439
b60 355 204 395 227
b61 246 306 279 329
b62 52 57 112 76
b63 388 135 433 171
b64 95 264 145 311
b65 52 128 109 184
b66 158 0 225 61
b67 364 305 408 345
b68 52 76 115 128
b69 264 16 318 43
b70 278 366 320 408
b71 334 348 356 412
b72 247 245 308 306
b73 387 56 454 117
b74 0 313 38 355
b75 225 182 244 210
b76 136 168 158 201
b77 52 0 118 57
b78 391 371 423 407
b79 0 89 41 149
b80 264 0 322 16
b81 0 210 40 260
b82 225 54 282 101
b83 40 356 62 372
b84 225 210 247 277
b85 395 171 420 191
b86 278 329 334 366
b87 267 201 306 245
b88 0 65 37 89
b89 0 0 27 38
b90 121 403 154 442
b91 370 0 403 56
b92 0 38 16 64
b93 356 348 391 413
b94 147 314 206 355
b95 118 218 169 237
b96 335 413 401 453
b97 370 56 387 123
b98 395 191 417 253
b99 154 403 220 452
