233150.890625
236256
205205
455 451
3.843011
b0 250 274 283 317
b1 415 33 452 98
b2 57 344 91 397
b3 284 254 321 321
b4 27 0 56 19
b5 357 218 406 257
b6 280 163 320 181
b7 91 344 113 384
b8 250 321 300 383
b9 197 206 213 247
b10 397 346 415 398
b11 187 333 246 372
b12 127 261 155 322
b13 156 266 204 323
b14 333 345 396 388
b15 393 144 452 196
b16 406 216 442 273
b17 204 267 248 333
b18 56 0 107 48
b19 38 133 88 164
b20 231 220 250 257
b21 250 184 300 248
b22 63 264 112 298
b23 343 131 392 151
b24 300 384 328 429
b25 343 77 382 131
b26 107 0 162 40
b27 300 189 325 254
b28 397 273 443 312
b29 57 320 119 344
b30 415 98 441 122
b31 250 248 284 274
b32 0 398 53 441
b33 415 122 450 144
b34 129 207 156 261
b35 204 410 242 441
b36 325 257 392 296
b37 393 196 453 216
b38 219 67 276 90
b39 163 66 215 121
b40 328 388 354 417
b41 0 281 55 308
b42 0 211 62 264
b43 57 397 118 443
b44 215 137 280 184
b45 320 145 343 189
b46 182 410 204 449
b47 62 231 127 264
b48 0 0 27 57
b49 215 90 280 137
b50 325 189 357 256
b51 187 372 244 410
b52 160 121 214 166
b53 314 102 335 145
b54 296 102 314 163
b55 397 312 453 346
b56 0 264 63 281
b57 213 220 231 267
b58 0 364 46 398
b59 56 48 93 98
b60 248 422 288 445
b61 296 79 329 102
b62 107 47 167 66
b63 357 151 393 196
b64 42 164 92 211
b65 0 308 57 364
b66 93 94 160 155
b67 360 33 400 77
b68 93 155 156 207
b69 0 57 27 111
b70 280 0 322 42
b71 57 298 121 320
b72 121 380 182 441
b73 219 0 280 67
b74 0 164 42 202
b75 144 66 163 94
b76 357 196 390 218
b77 121 323 187 380
b78 215 184 247 220
b79 156 206 197 266
b80 280 79 296 137
b81 160 166 210 206
b82 162 0 219 47
b83 280 137 296 159
b84 393 77 415 144
b85 416 0 436 25
b86 280 42 336 79
b87 250 383 294 422
b88 92 207 129 231
b89 0 133 38 160
b90 300 345 333 384
b91 360 0 416 33
b92 27 19 43 45
b93 27 98 92 133
b94 356 388 397 447
b95 93 66 144 85
b96 415 346 455 412
b97 343 0 360 67
b98 294 429 356 451
b99 325 296 391 345
