439826.75
567731.5
311922
558 559
272.182924
b0 286 72 313 87
b1 303 286 330 302
b2 286 46 308 72
b3 142 296 163 341
b4 507 41 547 86
b5 40 176 56 202
b6 250 0 288 27
b7 424 451 453 486
b8 202 244 238 265
b9 40 132 65 176
b10 340 457 371 472
b11 294 87 335 111
b12 450 144 467 163
b13 267 314 300 362
b14 238 225 259 269
b15 194 416 228 431
b16 83 270 128 312
b17 191 45 228 86
b18 332 472 376 515
b19 342 408 378 431
b20 85 198 102 211
b21 264 123 292 167
b22 333 296 368 325
b23 435 0 475 17
b24 314 467 332 491
b25 425 506 454 549
b26 324 381 342 408
b27 423 343 463 381
b28 361 84 385 96
b29 121 30 150 60
b30 164 302 192 322
b31 199 462 231 498
b32 520 316 539 338
b33 315 33 361 78
b34 255 364 267 393
b35 396 487 408 513
b36 228 364 255 394
b37 409 386 421 415
b38 292 129 313 148
b39 80 215 93 227
b40 0 405 19 452
b41 394 260 413 296
b42 31 414 56 460
b43 88 312 127 333
b44 0 467 27 491
b45 267 362 291 387
b46 164 322 183 335
b47 415 279 457 319
b48 228 336 262 364
b49 415 319 463 343
b50 43 46 62 60
b51 409 370 423 386
b52 470 41 507 59
b53 144 103 156 139
b54 315 0 349 30
b55 0 357 31 383
b56 20 0 51 46
b57 453 417 500 465
b58 384 370 409 395
b59 31 360 78 398
b60 209 111 225 150
b61 190 431 235 462
b62 231 269 267 315
b63 182 150 228 186
b64 255 27 270 60
b65 185 462 198 485
b66 191 0 233 45
b67 241 33 255 66
b68 171 489 199 534
b69 349 188 376 224
b70 487 471 532 487
b71 360 226 392 260
b72 65 132 80 164
b73 541 316 553 362
b74 87 525 130 559
b75 263 201 300 221
b76 500 432 536 471
b77 182 186 222 204
b78 31 398 73 414
b79 0 210 40 235
b80 112 466 127 502
b81 170 457 185 489
b82 303 220 327 259
b83 475 0 512 41
b84 40 231 78 265
b85 303 325 346 359
b86 0 166 39 210
b87 463 220 511 265
b88 334 143 378 172
b89 467 182 509 202
b90 240 124 264 170
b91 151 371 194 392
b92 511 271 558 316
b93 452 83 472 107
b94 146 73 177 92
b95 162 204 206 241
b96 472 59 505 105
b97 287 221 302 261
b98 463 265 498 278
b99 450 163 467 203
b100 511 173 556 217
b101 264 87 294 123
b102 0 270 40 306
b103 360 260 394 294
b104 319 515 333 557
b105 176 111 209 146
b106 349 0 361 33
b107 0 342 32 357
b108 471 380 509 417
b109 414 203 456 249
b110 386 61 425 103
b111 59 215 80 228
b112 96 29 121 59
b113 228 170 264 194
b114 391 513 425 557
b115 65 164 87 198
b116 194 361 222 380
b117 78 360 99 399
b118 380 449 424 487
b119 274 408 302 453
b120 414 167 450 203
b121 467 144 501 182
b122 0 46 43 66
b123 23 516 46 552
b124 228 194 263 225
b125 516 86 558 132
b126 127 466 149 478
b127 40 288 83 313
b128 146 429 190 457
b129 392 226 414 260
b130 340 431 370 457
b131 215 508 260 556
b132 294 111 333 129
b133 388 46 431 61
b134 100 211 134 258
b135 164 287 209 302
b136 365 124 402 136
b137 0 306 28 327
b138 261 453 303 481
b139 343 372 380 408
b140 536 419 548 462
b141 408 487 453 506
b142 76 333 113 360
b143 361 48 386 72
b144 127 312 142 352
b145 164 274 209 287
b146 378 136 411 184
b147 134 254 164 296
b148 141 204 161 222
b149 346 325 368 372
b150 424 420 447 451
b151 171 534 213 552
b152 40 215 59 231
b153 0 66 30 107
b154 456 203 478 220
b155 313 129 338 143
b156 346 172 374 188
b157 156 140 176 165
b158 270 27 293 40
b159 359 515 391 559
b160 463 320 479 347
b161 388 0 435 46
b162 82 227 100 258
b163 454 502 487 524
b164 500 344 541 380
b165 512 0 529 21
b166 194 380 228 416
b167 511 217 548 253
b168 479 320 520 344
b169 102 186 141 210
b170 85 0 130 29
b171 228 394 268 416
b172 338 124 365 137
b173 31 460 56 492
b174 270 40 286 83
b175 0 452 16 467
b176 164 241 202 274
b177 77 59 118 96
b178 30 102 49 119
b179 194 315 228 361
b180 487 487 506 527
b181 130 0 158 30
b182 111 144 156 168
b183 403 103 442 136
b184 87 416 112 462
b185 333 262 360 296
b186 80 109 111 142
b187 501 135 537 173
b188 303 427 340 467
b189 228 124 240 168
b190 450 107 477 144
b191 199 498 215 532
b192 463 291 511 320
b193 73 399 106 416
b194 463 278 491 291
b195 209 265 222 298
b196 130 517 171 558
b197 231 464 259 501
b198 40 313 88 332
b199 414 136 450 167
b200 151 392 194 429
b201 333 515 359 544
b202 384 415 423 449
b203 0 327 28 342
b204 111 103 144 144
b205 151 341 172 356
b206 376 184 411 226
b207 46 523 79 551
b208 0 0 20 27
b209 267 269 303 314
b210 509 419 533 432
b211 361 72 377 84
b212 66 481 87 523
b213 112 408 144 422
b214 303 259 320 286
b215 274 387 303 408
b216 330 220 349 262
b217 156 92 176 140
b218 62 46 77 89
b219 80 142 108 160
b220 453 465 483 502
b221 40 202 85 215
b222 191 86 225 111
b223 172 335 194 354
b224 303 381 324 426
b225 0 119 38 166
b226 298 481 314 520
b227 454 524 467 556
b228 376 487 396 508
b229 263 221 287 269
b230 430 249 463 279
b231 414 249 430 279
b232 40 265 82 288
b233 368 357 384 370
b234 511 253 544 271
b235 293 0 315 46
b236 259 481 298 508
b237 87 504 127 525
b238 384 343 423 370
b239 206 204 228 244
b240 384 395 407 414
b241 27 235 40 259
b242 303 359 343 381
b243 260 508 297 542
b244 194 302 231 315
b245 447 381 471 417
b246 447 17 470 61
b247 235 416 274 452
b248 56 438 87 481
b249 0 235 27 270
b250 51 0 85 31
b251 303 186 346 220
b252 134 222 162 241
b253 151 356 164 371
b254 134 241 158 254
b255 509 380 556 419
b256 49 102 62 123
b257 233 0 250 33
b258 112 422 146 466
b259 235 452 261 464
b260 324 408 336 427
b261 82 258 127 270
b262 361 0 388 48
b263 368 296 415 342
b264 335 78 358 123
b265 51 31 96 46
b266 106 360 151 408
b267 264 167 303 201
b268 297 520 319 545
b269 477 105 495 142
b270 0 491 23 506
b271 87 462 111 504
b272 31 492 66 516
b273 228 315 258 336
b274 158 40 179 73
b275 0 383 28 405
b276 228 110 259 124
b277 435 17 447 64
b278 43 60 56 102
b279 127 478 170 517
b280 56 416 87 438
b281 303 302 333 320
b282 228 66 258 110
b283 368 342 381 357
b284 495 105 516 135
b285 75 96 108 109
b286 141 168 182 204
b287 361 103 403 124
b288 40 332 76 360
b289 463 347 500 380
b290 425 83 452 99
b291 118 60 146 103
b292 423 381 447 420
b293 425 64 468 83
b294 87 160 104 186
b295 62 89 75 132
b296 104 168 131 184
b297 303 148 334 186
b298 158 0 191 40
b299 228 45 241 58
