452540.25
592042.5
313038
558 561
267.25904
b0 361 67 388 82
b1 347 0 374 16
b2 210 63 232 89
b3 467 382 512 403
b4 335 195 375 240
b5 19 322 45 338
b6 77 152 104 190
b7 463 124 492 159
b8 83 369 104 405
b9 423 430 467 455
b10 216 0 231 31
b11 261 130 285 171
b12 200 139 217 158
b13 0 395 48 428
b14 238 116 259 160
b15 440 179 455 213
b16 13 463 55 508
b17 439 67 480 104
b18 288 42 332 85
b19 188 354 211 390
b20 48 337 65 350
b21 137 211 165 255
b22 27 125 62 154
b23 337 482 354 522
b24 132 331 156 349
b25 404 0 433 43
b26 231 89 249 116
b27 295 190 335 228
b28 159 269 171 293
b29 261 100 290 130
b30 316 316 336 344
b31 156 76 192 108
b32 497 168 519 187
b33 0 208 45 254
b34 101 433 130 445
b35 389 404 401 430
b36 312 394 342 421
b37 295 228 324 240
b38 56 492 77 511
b39 152 199 165 211
b40 153 156 200 175
b41 71 254 90 290
b42 498 64 544 89
b43 379 189 418 210
b44 316 240 343 264
b45 442 497 467 521
b46 399 210 418 223
b47 498 22 538 64
b48 211 490 245 518
b49 36 154 60 202
b50 147 391 166 405
b51 416 371 430 387
b52 83 405 101 442
b53 166 439 178 475
b54 201 89 231 123
b55 0 80 31 106
b56 28 523 74 554
b57 389 512 436 560
b58 508 462 533 487
b59 416 392 463 430
b60 391 109 407 148
b61 171 262 216 293
b62 290 476 336 512
b63 83 333 129 369
b64 401 404 416 437
b65 207 518 220 541
b66 513 348 558 390
b67 232 46 246 79
b68 216 186 261 214
b69 501 187 528 223
b70 407 437 423 482
b71 232 12 264 46
b72 159 293 191 308
b73 379 82 391 128
b74 295 421 338 455
b75 337 462 374 482
b76 436 521 472 560
b77 418 125 458 143
b78 55 450 71 492
b79 430 289 470 314
b80 165 480 180 516
b81 147 405 162 437
b82 517 274 556 298
b83 71 450 112 487
b84 216 214 250 252
b85 250 215 284 258
b86 463 249 507 288
b87 107 38 152 86
b88 335 99 379 128
b89 435 104 477 124
b90 404 43 450 67
b91 470 327 513 348
b92 456 195 501 242
b93 47 254 71 274
b94 219 123 238 154
b95 430 314 467 358
b96 283 303 316 349
b97 316 264 331 304
b98 343 240 378 253
b99 418 143 458 160
b100 492 123 536 168
b101 254 453 290 483
b102 95 256 135 292
b103 95 0 129 34
b104 433 0 447 42
b105 331 283 366 316
b106 231 0 264 12
b107 62 152 77 184
b108 517 298 555 335
b109 211 409 257 451
b110 159 22 198 64
b111 82 290 95 311
b112 136 123 161 153
b113 195 293 231 317
b114 74 524 118 558
b115 83 311 117 333
b116 0 322 19 350
b117 216 252 237 291
b118 378 227 416 271
b119 276 512 304 557
b120 299 0 335 36
b121 282 265 316 303
b122 87 47 107 90
b123 442 474 478 497
b124 130 437 165 468
b125 62 110 108 152
b126 118 524 140 536
b127 0 55 43 80
b128 478 455 506 499
b129 418 179 440 213
b130 501 223 531 249
b131 166 391 211 439
b132 329 130 347 169
b133 508 423 551 438
b134 48 290 82 337
b135 156 108 201 123
b136 268 282 280 319
b137 31 104 59 125
b138 165 522 207 550
b139 335 352 372 388
b140 212 321 255 333
b141 418 160 463 179
b142 0 0 37 27
b143 233 160 257 185
b144 132 362 147 402
b145 0 494 13 539
b146 168 229 216 262
b147 212 333 242 375
b148 329 169 349 187
b149 73 0 95 47
b150 285 130 316 153
b151 104 387 122 429
b152 200 123 219 139
b153 290 85 320 126
b154 492 0 509 22
b155 13 449 38 463
b156 407 109 435 125
b157 249 80 274 100
b158 257 440 280 453
b159 77 492 121 524
b160 0 145 27 161
b161 342 416 389 462
b162 122 402 140 433
b163 363 21 385 54
b164 304 522 345 558
b165 378 210 399 227
b166 0 174 36 208
b167 336 316 373 352
b168 31 80 72 104
b169 156 330 195 354
b170 45 212 90 241
b171 60 190 100 212
b172 72 70 85 97
b173 284 240 316 265
b174 200 186 216 229
b175 136 182 152 197
b176 242 340 280 373
b177 147 354 188 391
b178 48 350 67 367
b179 467 348 513 382
b180 513 487 553 506
b181 342 388 372 416
b182 237 258 282 282
b183 161 123 200 156
b184 507 249 553 274
b185 463 168 497 195
b186 48 398 81 429
b187 418 213 456 249
b188 426 249 463 289
b189 90 212 102 256
b190 231 294 268 321
b191 169 0 203 16
b192 391 67 439 96
b193 399 371 416 404
b194 450 36 478 49
b195 374 462 387 495
b196 472 499 513 540
b197 211 375 248 403
b198 423 455 471 474
b199 37 0 73 31
b200 285 153 328 190
b201 335 28 361 57
b202 347 128 386 162
b203 0 546 28 561
b204 178 439 211 480
b205 374 391 389 412
b206 264 0 299 42
b207 200 158 233 186
b208 85 90 112 110
b209 447 0 492 36
b210 513 335 537 348
b211 347 16 363 28
b212 295 455 337 476
b213 216 31 230 63
b214 386 148 413 165
b215 0 428 29 449
b216 378 352 420 371
b217 378 305 426 325
b218 13 508 56 523
b219 104 369 132 387
b220 405 482 442 512
b221 0 449 13 494
b222 261 190 295 215
b223 19 338 41 357
b224 38 429 83 450
b225 0 357 47 395
b226 467 403 506 419
b227 450 49 482 62
b228 378 371 399 391
b229 112 468 160 492
b230 349 162 379 195
b231 129 22 159 38
b232 180 480 203 522
b233 354 482 370 495
b234 389 437 407 470
b235 0 300 46 322
b236 121 492 160 519
b237 148 309 188 330
b238 0 106 27 145
b239 137 269 159 309
b240 528 168 547 191
b241 47 274 71 287
b242 129 0 169 22
b243 430 358 467 392
b244 363 54 400 67
b245 508 438 544 462
b246 43 47 87 70
b247 248 373 287 409
b248 245 490 276 533
b249 165 199 200 226
b250 48 367 82 398
b251 378 271 421 305
b252 255 321 283 340
b253 132 349 147 362
b254 0 161 24 174
b255 470 288 517 327
b256 95 292 116 305
b257 195 317 212 350
b258 502 89 546 123
b259 335 0 347 26
b260 237 282 256 294
b261 152 64 197 76
b262 378 325 426 352
b263 0 254 47 300
b264 108 159 153 182
b265 320 85 335 130
b266 287 349 335 394
b267 249 46 288 80
b268 480 92 502 117
b269 220 518 238 555
b270 13 523 28 546
b271 153 175 195 199
b272 102 225 137 249
b273 354 495 384 516
b274 104 204 137 225
b275 108 182 136 204
b276 137 255 168 269
b277 198 33 210 80
b278 45 241 87 254
b279 211 451 254 490
b280 117 309 148 331
b281 480 62 498 92
b282 112 86 156 116
b283 316 130 329 145
b284 374 0 404 21
b285 203 0 216 33
b286 467 419 508 455
b287 335 57 356 99
b288 0 27 36 55
b289 345 522 378 559
b290 389 470 405 497
b291 108 116 136 159
b292 379 165 418 189
b293 331 264 374 283
b294 295 394 312 420
b295 391 96 434 109
b296 67 337 83 364
b297 257 409 295 440
b298 512 390 552 423
b299 116 292 129 305
