230726.9375
233360.5
207025
455 455
1.996991
b0 108 172 151 205
b1 385 0 422 65
b2 192 291 226 344
b3 24 0 91 37
b4 24 131 43 160
b5 274 66 313 115
b6 383 85 401 125
b7 76 362 116 384
b8 158 98 220 148
b9 289 312 330 328
b10 208 223 260 241
b11 43 131 82 190
b12 82 205 143 233
b13 232 293 289 341
b14 353 369 396 432
b15 401 83 453 142
b16 295 256 352 292
b17 274 0 318 66
b18 126 403 177 451
b19 415 191 446 241
b20 413 241 450 260
b21 108 108 158 172
b22 118 27 152 76
b23 396 329 445 349
b24 387 191 415 236
b25 266 124 305 178
b26 133 363 188 403
b27 318 109 383 134
b28 341 134 387 173
b29 0 143 24 205
b30 353 229 379 253
b31 379 236 413 262
b32 80 300 133 343
b33 250 50 272 85
b34 82 233 136 260
b35 158 56 189 94
b36 262 201 329 240
b37 365 0 385 60
b38 353 253 376 310
b39 24 247 79 299
b40 82 167 108 196
b41 235 168 262 223
b42 24 37 86 90
b43 0 400 61 446
b44 396 349 443 414
b45 0 99 23 143
b46 17 317 39 356
b47 0 367 65 400
b48 118 0 175 27
b49 318 0 365 65
b50 91 76 158 108
b51 232 341 289 379
b52 158 148 203 202
b53 84 108 105 151
b54 385 65 446 83
b55 353 173 387 229
b56 0 221 17 284
b57 22 299 69 317
b58 227 90 273 124
b59 39 317 76 367
b60 227 50 250 90
b61 91 38 114 71
b62 289 293 349 312
b63 305 134 341 179
b64 227 0 274 50
b65 24 190 80 247
b66 65 384 126 451
b67 318 65 358 109
b68 232 241 295 293
b69 165 240 192 294
b70 192 379 234 421
b71 170 294 192 358
b72 289 394 350 455
b73 394 262 455 329
b74 189 56 227 98
b75 208 0 227 28
b76 329 201 351 234
b77 289 328 346 394
b78 203 168 235 204
b79 24 90 84 131
b80 295 240 353 256
b81 192 241 232 291
b82 234 379 281 436
b83 0 205 22 221
b84 266 179 333 201
b85 365 60 385 85
b86 133 307 170 363
b87 227 124 266 168
b88 0 0 24 37
b89 91 0 118 38
b90 192 344 231 377
b91 175 0 208 56
b92 82 151 108 167
b93 143 205 208 240
b94 353 310 394 369
b95 79 343 130 362
b96 82 260 148 300
b97 148 240 165 307
b98 0 37 22 99
b99 387 142 453 191
