444634
574547
314721
561 561
532.398388
b0 345 455 372 470
b1 427 141 454 157
b2 203 132 225 158
b3 106 288 151 309
b4 90 482 135 522
b5 0 31 16 57
b6 296 290 323 328
b7 414 399 449 428
b8 414 319 450 340
b9 74 311 118 336
b10 500 183 515 214
b11 130 366 171 390
b12 492 329 509 348
b13 0 141 33 189
b14 158 0 202 21
b15 364 193 398 208
b16 38 379 80 424
b17 364 55 405 92
b18 372 476 415 520
b19 345 470 368 506
b20 21 254 34 271
b21 114 116 158 144
b22 422 173 451 208
b23 281 335 321 352
b24 347 92 371 110
b25 129 0 158 43
b26 414 381 441 399
b27 399 343 439 381
b28 500 246 524 258
b29 118 309 147 339
b30 191 212 219 232
b31 362 313 398 345
b32 477 69 499 88
b33 191 295 237 340
b34 78 0 90 29
b35 481 157 507 169
b36 415 467 445 494
b37 267 196 279 225
b38 397 220 418 239
b39 197 119 209 132
b40 191 276 238 295
b41 28 360 64 379
b42 0 499 46 524
b43 509 357 530 396
b44 59 336 86 360
b45 435 503 460 527
b46 215 158 234 171
b47 516 0 556 42
b48 453 412 481 446
b49 374 169 422 193
b50 117 399 136 413
b51 493 169 509 183
b52 316 85 334 122
b53 217 171 229 207
b54 152 452 186 482
b55 0 295 26 326
b56 74 265 105 311
b57 221 357 269 404
b58 464 507 489 532
b59 34 254 72 301
b60 323 347 362 363
b61 370 272 415 303
b62 186 471 222 517
b63 515 200 551 246
b64 397 239 412 272
b65 344 394 367 407
b66 372 410 414 455
b67 526 246 559 260
b68 482 88 510 133
b69 482 432 509 468
b70 324 510 340 555
b71 443 57 477 89
b72 74 250 106 265
b73 304 65 316 111
b74 325 0 359 43
b75 415 494 435 531
b76 281 352 320 388
b77 509 452 549 470
b78 0 524 42 540
b79 238 295 278 320
b80 114 339 129 375
b81 64 360 96 375
b82 264 65 303 89
b83 271 111 312 148
b84 0 379 38 413
b85 186 428 220 471
b86 176 389 220 428
b87 489 470 537 515
b88 370 381 414 410
b89 453 361 495 381
b90 477 45 523 69
b91 112 43 133 86
b92 469 0 516 45
b93 57 104 81 124
b94 296 478 315 509
b95 237 320 281 357
b96 454 205 500 238
b97 399 303 414 343
b98 334 85 347 120
b99 363 113 403 130
b100 454 238 499 282
b101 234 164 264 200
b102 136 390 176 426
b103 526 260 560 294
b104 312 134 354 148
b105 180 158 215 191
b106 470 89 482 122
b107 0 484 32 499
b108 232 89 270 126
b109 281 244 323 290
b110 325 43 364 85
b111 34 223 55 236
b112 176 340 206 365
b113 221 404 245 440
b114 359 0 403 34
b115 80 418 102 452
b116 86 336 114 355
b117 210 69 231 108
b118 523 42 561 86
b119 74 452 119 480
b120 418 208 454 244
b121 323 313 361 347
b122 0 57 20 100
b123 0 448 23 484
b124 0 0 35 31
b125 35 154 81 196
b126 157 192 169 214
b127 123 426 148 469
b128 340 510 368 554
b129 270 89 304 111
b130 234 61 264 87
b131 248 511 296 556
b132 335 171 374 189
b133 509 397 552 412
b134 0 189 34 236
b135 281 290 296 335
b136 441 340 453 377
b137 0 264 21 292
b138 281 388 309 430
b139 372 130 408 167
b140 323 382 366 394
b141 158 133 203 152
b142 202 526 239 553
b143 482 133 507 157
b144 117 144 157 159
b145 106 275 151 288
b146 337 407 370 455
b147 57 124 99 154
b148 321 455 341 473
b149 271 148 318 170
b150 364 208 395 231
b151 150 541 192 559
b152 202 25 221 41
b153 0 100 30 141
b154 465 446 482 468
b155 72 236 97 250
b156 454 89 470 117
b157 482 412 507 432
b158 321 394 344 407
b159 403 0 447 32
b160 35 43 51 70
b161 323 267 370 313
b162 24 236 55 254
b163 274 0 296 33
b164 453 282 494 318
b165 102 418 123 435
b166 35 70 71 104
b167 360 231 397 267
b168 35 19 76 43
b169 191 232 215 271
b170 147 319 176 364
b171 136 43 158 83
b172 225 126 238 153
b173 202 0 234 25
b174 222 483 238 526
b175 0 249 16 264
b176 238 126 271 164
b177 76 196 117 233
b178 347 189 364 208
b179 78 29 112 75
b180 530 357 549 397
b181 248 445 278 473
b182 176 365 221 389
b183 454 172 493 205
b184 28 301 74 326
b185 494 295 521 329
b186 28 326 59 359
b187 521 295 557 333
b188 234 21 271 61
b189 158 21 202 33
b190 499 258 526 295
b191 449 446 465 480
b192 406 89 454 118
b193 136 83 153 116
b194 235 440 248 468
b195 119 469 152 482
b196 368 520 409 561
b197 248 473 276 510
b198 129 224 148 272
b199 510 86 546 117
b200 80 375 117 418
b201 296 0 325 26
b202 414 428 448 467
b203 0 326 15 354
b204 248 404 281 445
b205 135 482 150 503
b206 418 244 453 286
b207 454 122 482 155
b208 398 193 418 220
b209 515 164 560 200
b210 21 271 34 295
b211 461 45 477 57
b212 364 34 406 55
b213 152 482 184 496
b214 454 155 481 172
b215 173 517 202 538
b216 323 363 365 382
b217 169 192 217 212
b218 176 273 191 316
b219 117 206 145 224
b220 315 473 345 510
b221 15 326 28 371
b222 245 231 279 256
b223 35 135 57 154
b224 152 496 173 541
b225 117 159 155 206
b226 465 468 481 507
b227 448 25 461 57
b228 296 26 316 47
b229 323 209 347 257
b230 366 345 399 375
b231 321 407 337 437
b232 106 233 129 275
b233 96 355 112 368
b234 274 47 307 65
b235 151 273 173 319
b236 35 196 74 223
b237 234 0 274 21
b238 90 0 129 27
b239 158 152 180 192
b240 445 480 464 503
b241 117 375 130 399
b242 279 170 301 210
b243 406 53 443 87
b244 347 227 360 264
b245 521 333 557 357
b246 510 117 554 140
b247 245 256 281 295
b248 466 381 509 412
b249 0 413 27 448
b250 155 214 189 245
b251 279 210 322 244
b252 408 141 427 169
b253 542 412 555 427
b254 0 236 24 249
b255 158 86 197 133
b256 55 223 76 236
b257 276 478 293 511
b258 46 494 90 528
b259 267 170 279 196
b260 347 208 359 227
b261 309 388 321 433
b262 281 430 308 478
b263 27 424 74 470
b264 408 118 453 141
b265 99 109 114 154
b266 158 41 206 86
b267 301 170 335 209
b268 447 0 469 25
b269 354 134 372 171
b270 135 503 150 526
b271 32 470 74 494
b272 148 428 183 452
b273 372 455 402 476
b274 78 75 111 96
b275 210 41 232 69
b276 500 214 514 245
b277 316 122 363 134
b278 81 96 123 109
b279 453 318 492 361
b280 35 104 57 135
b281 537 470 555 500
b282 215 232 245 276
b283 453 381 466 396
b284 371 92 401 113
b285 197 86 210 119
b286 81 154 117 195
b287 406 32 448 53
b288 296 510 324 546
b289 415 286 452 319
b290 427 157 454 173
b291 148 245 191 273
b292 510 140 549 164
b293 35 0 78 19
b294 206 340 232 357
b295 222 440 235 483
b296 130 339 146 366
b297 229 200 267 231
b298 509 412 542 452
b299 123 86 136 99
