1930972
1930972
637182
234 2723
185.090921
b0 107 1937 143 1953
b1 68 2241 87 2280
b2 113 0 154 35
b3 76 2458 94 2505
b4 18 2438 44 2470
b5 46 1783 81 1814
b6 126 1022 155 1035
b7 85 0 113 21
b8 66 2536 98 2551
b9 154 1272 200 1306
b10 85 383 130 415
b11 85 626 99 662
b12 90 1022 126 1064
b13 100 676 148 721
b14 136 383 151 408
b15 83 1783 128 1829
b16 0 55 18 77
b17 28 2145 61 2171
b18 28 1618 62 1637
b19 117 371 147 383
b20 83 1263 111 1296
b21 128 1736 172 1775
b22 62 1706 88 1745
b23 132 1196 172 1221
b24 28 1877 53 1892
b25 87 1636 123 1672
b26 129 239 172 264
b27 18 2470 52 2485
b28 85 298 131 336
b29 131 298 143 335
b30 0 77 17 104
b31 28 2234 65 2250
b32 113 182 136 214
b33 28 1793 46 1829
b34 154 0 173 38
b35 145 1517 160 1550
b36 0 43 28 55
b37 41 1381 57 1402
b38 136 194 169 220
b39 40 2396 70 2438
b40 131 1109 159 1150
b41 128 1874 144 1890
b42 68 2197 87 2241
b43 85 784 125 818
b44 85 415 112 431
b45 17 2485 31 2522
b46 172 231 220 246
b47 100 638 123 652
b48 83 1937 107 1963
b49 44 2646 84 2677
b50 91 1402 124 1444
b51 109 590 136 638
b52 40 2197 67 2234
b53 129 280 146 298
b54 136 413 179 429
b55 131 1150 144 1196
b56 173 0 195 25
b57 48 41 67 89
b58 160 1306 179 1347
b59 0 2677 46 2723
b60 159 135 189 170
b61 0 2591 33 2625
b62 43 2284 80 2329
b63 68 1814 83 1849
b64 85 818 132 866
b65 132 948 162 981
b66 154 58 185 89
b67 172 194 216 231
b68 97 1196 132 1220
b69 123 638 142 676
b70 83 1249 119 1263
b71 17 2557 59 2591
b72 97 1109 131 1142
b73 61 1162 79 1200
b74 87 1618 116 1636
b75 61 2145 84 2172
b76 77 1402 91 1414
b77 129 264 153 280
b78 56 1561 82 1604
b79 61 1324 80 1361
b80 90 866 104 881
b81 85 336 117 356
b82 86 721 118 754
b83 62 826 81 863
b84 104 866 147 903
b85 57 1524 105 1561
b86 147 790 171 814
b87 113 220 158 239
b88 0 0 28 43
b89 64 2501 76 2536
b90 83 1913 128 1937
b91 0 2646 44 2674
b92 159 170 201 194
b93 146 1806 189 1827
b94 41 1402 56 1418
b95 61 1109 97 1134
b96 117 903 142 948
b97 102 1982 127 2010
b98 75 2066 91 2092
b99 44 2438 81 2458
b100 122 1304 149 1329
b101 28 1829 68 1877
b102 62 1618 87 1656
b103 122 1272 154 1304
b104 195 0 231 25
b105 128 1775 170 1806
b106 132 981 166 1020
b107 31 2485 76 2501
b108 67 662 100 674
b109 28 2171 40 2193
b110 119 1249 163 1272
b111 28 1780 46 1793
b112 154 89 172 135
b113 79 1296 122 1324
b114 68 1963 107 1982
b115 67 754 104 784
b116 48 784 85 826
b117 112 415 136 452
b118 28 1745 67 1780
b119 57 1487 81 1523
b120 131 530 146 575
b121 114 1829 146 1874
b122 116 1487 159 1517
b123 104 903 117 938
b124 114 1874 127 1913
b125 216 86 234 114
b126 185 58 223 86
b127 67 1761 91 1783
b128 153 264 189 289
b129 85 239 129 285
b130 90 1064 134 1109
b131 41 1361 77 1381
b132 53 2129 91 2145
b133 48 826 62 838
b134 61 866 90 882
b135 81 1487 96 1524
b136 87 2197 111 2216
b137 53 2044 75 2062
b138 107 1953 137 1975
b139 33 2591 66 2622
b140 80 2280 92 2296
b141 43 2250 68 2284
b142 172 1562 199 1608
b143 147 429 193 473
b144 18 2250 43 2279
b145 64 2329 109 2363
b146 62 1672 95 1706
b147 85 431 97 462
b148 128 1711 145 1736
b149 18 2279 40 2301
b150 53 2062 66 2092
b151 43 2329 59 2356
b152 125 721 158 754
b153 61 2185 101 2197
b154 112 486 154 530
b155 162 1827 174 1840
b156 143 1890 162 1932
b157 145 1550 187 1562
b158 143 298 171 315
b159 85 590 109 626
b160 147 754 159 790
b161 67 674 86 705
b162 106 1699 136 1711
b163 113 135 159 182
b164 95 1672 127 1699
b165 173 25 214 58
b166 117 2010 153 2022
b167 41 1604 88 1618
b168 48 16 85 41
b169 97 1221 143 1249
b170 189 86 211 131
b171 112 452 147 486
b172 83 1829 114 1854
b173 75 2044 117 2066
b174 97 570 122 590
b175 68 1982 102 1994
b176 28 0 48 16
b177 104 948 125 979
b178 159 473 179 489
b179 77 1361 122 1402
b180 162 814 181 835
b181 151 371 166 413
b182 28 886 61 898
b183 48 0 85 16
b184 31 2501 51 2520
b185 28 898 41 942
b186 48 838 61 886
b187 33 2622 55 2646
b188 40 2356 64 2396
b189 159 1020 190 1040
b190 68 2010 105 2044
b191 66 2092 108 2129
b192 61 1134 83 1162
b193 90 979 132 1022
b194 77 1444 119 1487
b195 131 335 156 371
b196 67 1745 106 1761
b197 17 2522 64 2557
b198 84 2145 106 2185
b199 97 530 131 570
