410831.5
410831.5
202050
450 449
21.109832
b0 356 75 392 91
b1 290 282 329 301
b2 348 361 389 396
b3 392 74 439 92
b4 218 198 250 224
b5 354 292 389 323
b6 289 183 318 196
b7 0 14 21 42
b8 0 133 15 165
b9 271 318 317 352
b10 60 225 92 270
b11 418 245 432 281
b12 231 0 273 36
b13 265 352 310 400
b14 86 424 111 439
b15 138 178 184 223
b16 389 92 407 114
b17 159 16 185 49
b18 393 199 427 218
b19 271 301 301 313
b20 341 118 369 151
b21 81 0 120 44
b22 259 256 285 295
b23 19 371 44 411
b24 392 245 417 260
b25 356 0 392 36
b26 0 108 43 133
b27 19 411 53 426
b28 326 323 372 361
b29 185 104 197 141
b30 336 233 363 250
b31 236 433 273 449
b32 58 357 90 380
b33 197 77 215 113
b34 319 142 338 180
b35 188 0 203 33
b36 418 281 446 293
b37 427 199 448 215
b38 0 51 33 77
b39 391 44 433 74
b40 197 113 225 154
b41 84 44 100 60
b42 255 80 299 99
b43 290 196 330 230
b44 258 132 285 148
b45 0 215 14 252
b46 258 148 273 196
b47 100 44 114 67
b48 369 154 393 180
b49 0 77 40 108
b50 225 107 258 149
b51 393 218 441 245
b52 33 215 60 252
b53 110 216 128 233
b54 310 352 326 395
b55 273 0 319 13
b56 289 161 314 183
b57 224 322 243 370
b58 63 137 82 178
b59 129 357 175 403
b60 14 252 49 282
b61 191 411 224 445
b62 391 293 436 330
b63 273 148 288 183
b64 15 144 63 191
b65 338 151 368 184
b66 259 225 290 256
b67 319 0 356 44
b68 425 330 449 365
b69 372 323 391 361
b70 44 342 58 378
b71 393 400 435 434
b72 197 43 230 77
b73 102 137 120 175
b74 164 86 193 104
b75 190 388 217 411
b76 84 60 98 72
b77 0 371 16 395
b78 290 99 316 142
b79 208 257 245 276
b80 367 276 382 290
b81 159 425 191 445
b82 258 99 290 132
b83 14 215 33 252
b84 47 44 84 87
b85 310 401 347 449
b86 250 198 274 222
b87 166 104 185 149
b88 185 154 213 197
b89 49 318 84 330
b90 13 191 58 215
b91 86 380 114 424
b92 44 380 86 404
b93 154 311 197 332
b94 111 292 126 308
b95 389 375 425 400
b96 261 55 306 80
b97 243 322 271 347
b98 126 294 142 320
b99 119 320 139 357
b100 329 292 354 319
b101 49 270 89 318
b102 369 129 407 154
b103 391 330 423 362
b104 215 82 251 107
b105 121 49 163 80
b106 290 248 329 282
b107 47 87 92 103
b108 60 213 93 225
b109 368 252 390 264
b110 53 404 76 448
b111 319 44 332 62
b112 290 230 336 248
b113 203 0 231 43
b114 120 0 159 19
b115 164 49 194 86
b116 329 250 366 292
b117 21 14 45 51
b118 356 36 391 75
b119 368 216 392 252
b120 114 357 129 402
b121 348 400 393 432
b122 89 314 119 357
b123 0 165 13 200
b124 306 55 319 94
b125 82 175 110 193
b126 110 178 138 216
b127 236 410 260 432
b128 139 332 175 357
b129 392 0 438 44
b130 213 154 258 198
b131 82 137 102 173
b132 330 196 368 212
b133 121 19 133 33
b134 159 0 188 16
b135 175 388 190 425
b136 332 44 356 63
b137 243 347 265 365
b138 120 156 150 178
b139 413 134 446 165
b140 368 264 384 276
b141 230 48 255 82
b142 175 332 221 359
b143 141 223 185 269
b144 185 231 214 256
b145 121 122 166 156
b146 260 400 294 433
b147 58 342 89 354
b148 301 301 326 318
b149 89 292 111 314
b150 391 362 421 375
b151 391 260 418 276
b152 185 198 218 231
b153 49 330 89 342
b154 0 329 44 371
b155 150 156 162 169
b156 100 67 119 109
b157 319 184 361 196
b158 319 88 336 116
b159 93 233 117 269
b160 117 233 129 269
b161 0 395 19 426
b162 231 36 261 48
b163 208 276 255 322
b164 336 91 368 118
b165 218 224 259 257
b166 224 410 236 446
b167 0 0 47 14
b168 319 63 356 88
b169 75 109 121 137
b170 89 270 134 292
b171 47 0 81 35
b172 134 269 165 294
b173 297 13 319 55
b174 369 91 389 116
b175 129 223 141 257
b176 162 156 178 176
b177 336 212 367 233
b178 133 19 149 39
b179 114 403 159 444
b180 290 142 311 161
b181 274 183 289 225
b182 142 294 154 327
b183 175 359 212 375
b184 43 125 63 144
b185 369 116 413 129
b186 175 375 223 388
b187 319 118 341 142
b188 273 13 297 53
b189 63 193 94 213
b190 407 165 444 199
b191 413 92 450 134
b192 47 103 75 125
b193 121 80 164 122
b194 165 269 208 311
b195 368 180 393 216
b196 94 193 110 232
b197 14 282 49 329
b198 326 361 348 401
b199 224 370 258 410
