306620.5
411641
201600
450 448
44.731066
b0 361 59 397 75
b1 119 186 158 205
b2 41 46 82 81
b3 425 273 443 320
b4 0 334 32 360
b5 119 224 154 255
b6 299 227 312 256
b7 82 286 110 307
b8 126 299 141 331
b9 111 370 157 404
b10 111 255 156 287
b11 400 131 414 167
b12 198 81 234 123
b13 41 125 86 173
b14 186 155 201 180
b15 254 217 299 263
b16 261 401 283 419
b17 210 335 236 368
b18 406 88 440 107
b19 110 287 140 299
b20 376 348 409 376
b21 301 168 340 212
b22 234 91 260 130
b23 185 228 210 268
b24 385 154 400 179
b25 287 0 323 36
b26 86 211 111 254
b27 33 349 67 364
b28 215 130 261 168
b29 238 79 275 91
b30 157 370 184 387
b31 186 361 202 398
b32 264 0 287 32
b33 104 130 140 148
b34 385 179 404 217
b35 332 358 347 391
b36 348 302 360 330
b37 360 277 381 293
b38 411 46 444 72
b39 323 0 353 42
b40 156 268 197 296
b41 86 254 102 270
b42 261 124 280 168
b43 385 239 425 273
b44 205 396 221 423
b45 222 24 259 38
b46 361 119 376 167
b47 126 333 149 347
b48 210 255 236 279
b49 0 81 31 121
b50 244 264 286 297
b51 312 275 360 302
b52 141 296 168 333
b53 165 351 183 368
b54 318 135 361 151
b55 173 125 186 171
b56 425 231 450 253
b57 186 180 205 228
b58 70 381 111 400
b59 80 307 126 353
b60 104 80 139 110
b61 134 0 167 34
b62 340 167 385 204
b63 124 148 139 183
b64 151 40 198 88
b65 220 198 253 228
b66 0 261 31 292
b67 257 168 301 205
b68 376 119 400 154
b69 360 293 379 331
b70 87 93 101 129
b71 131 404 173 438
b72 409 355 443 388
b73 0 146 38 164
b74 186 125 215 143
b75 183 338 210 361
b76 186 143 200 155
b77 409 400 425 424
b78 379 305 405 348
b79 311 336 330 373
b80 353 43 367 58
b81 104 148 124 180
b82 236 334 268 367
b83 128 351 165 370
b84 274 36 311 79
b85 139 88 187 125
b86 406 107 430 131
b87 404 167 423 212
b88 38 278 66 321
b89 33 321 68 333
b90 41 231 86 255
b91 84 0 112 44
b92 222 0 264 24
b93 41 0 84 21
b94 205 198 220 214
b95 360 241 385 277
b96 286 263 311 308
b97 205 368 230 396
b98 82 270 108 286
b99 101 110 138 130
b100 158 186 185 211
b101 167 0 215 40
b102 318 73 356 98
b103 301 411 333 443
b104 423 131 448 167
b105 0 292 31 334
b106 187 301 226 335
b107 41 215 86 231
b108 140 159 173 171
b109 339 58 361 70
b110 38 255 82 278
b111 84 44 102 57
b112 86 130 104 176
b113 381 277 424 305
b114 268 358 307 377
b115 230 368 267 398
b116 226 297 268 334
b117 0 397 37 421
b118 409 320 448 355
b119 268 377 304 401
b120 140 171 185 186
b121 173 403 205 448
b122 214 168 257 198
b123 201 143 214 178
b124 268 345 307 358
b125 20 164 38 192
b126 70 353 108 381
b127 82 57 104 81
b128 238 51 274 76
b129 360 75 406 119
b130 312 231 357 275
b131 0 45 20 81
b132 351 360 367 398
b133 409 388 423 400
b134 157 387 186 403
b135 301 212 338 227
b136 198 40 222 59
b137 330 336 348 358
b138 67 400 97 422
b139 86 180 119 211
b140 226 51 238 67
b141 333 411 358 445
b142 158 211 185 257
b143 41 81 87 125
b144 0 121 29 146
b145 280 123 314 168
b146 140 125 173 159
b147 0 216 31 228
b148 219 279 244 296
b149 197 279 219 301
b150 149 338 179 351
b151 411 72 438 88
b152 0 228 33 261
b153 253 205 293 217
b154 367 376 409 420
b155 87 81 100 93
b156 168 296 187 338
b157 68 278 80 320
b158 425 203 442 231
b159 0 192 36 216
b160 242 228 254 264
b161 119 205 150 224
b162 348 330 360 360
b163 395 0 442 46
b164 210 228 242 255
b165 20 364 61 397
b166 318 151 354 163
b167 304 397 351 411
b168 360 204 385 241
b169 272 95 318 123
b170 112 0 134 45
b171 312 302 347 336
b172 41 21 72 46
b173 318 113 360 135
b174 425 253 450 273
b175 205 432 239 444
b176 108 353 128 369
b177 318 42 339 73
b178 360 331 376 351
b179 0 0 41 45
b180 338 212 359 231
b181 318 98 360 113
b182 260 91 272 124
b183 33 333 70 349
b184 0 164 20 183
b185 367 46 411 59
b186 222 38 270 51
b187 310 373 332 397
b188 261 419 301 443
b189 0 360 20 391
b190 97 404 131 441
b191 268 308 310 345
b192 198 59 226 81
b193 41 173 84 215
b194 353 0 395 43
b195 423 167 448 203
b196 275 79 314 95
b197 104 45 151 80
b198 385 217 425 239
b199 221 398 261 432
