235802.8496094
239252.5
204756
453 452
3.72115
b0 125 143 168 176
b1 407 60 444 125
b2 301 246 354 280
b3 69 332 106 399
b4 0 363 19 392
b5 354 246 403 285
b6 261 361 301 379
b7 127 275 149 315
b8 403 221 453 283
b9 39 0 55 41
b10 0 201 52 219
b11 55 57 94 116
b12 154 218 215 246
b13 94 61 151 109
b14 0 138 43 201
b15 341 307 400 359
b16 220 261 277 297
b17 0 300 66 344
b18 251 313 302 361
b19 398 190 448 221
b20 255 239 292 258
b21 287 0 351 50
b22 290 105 339 139
b23 351 105 400 125
b24 220 121 265 149
b25 302 280 341 334
b26 0 44 55 84
b27 265 88 290 153
b28 377 406 416 452
b29 220 215 282 239
b30 151 61 177 85
b31 290 50 316 84
b32 66 289 119 332
b33 220 239 255 261
b34 220 67 247 121
b35 244 0 275 38
b36 302 334 341 401
b37 339 162 399 182
b38 210 428 267 451
b39 168 130 220 185
b40 154 279 180 308
b41 316 50 343 105
b42 220 153 273 215
b43 66 243 127 289
b44 399 125 446 190
b45 290 139 334 162
b46 100 0 122 39
b47 154 246 219 279
b48 55 0 82 57
b49 341 359 406 406
b50 194 361 261 393
b51 194 323 251 361
b52 0 84 45 138
b53 177 67 220 88
b54 358 182 376 243
b55 324 190 358 246
b56 154 201 217 218
b57 82 0 100 47
b58 406 283 452 317
b59 19 363 69 400
b60 278 258 301 298
b61 301 212 324 245
b62 414 0 433 60
b63 341 406 377 451
b64 273 162 320 212
b65 45 116 101 173
b66 127 323 194 384
b67 180 279 220 323
b68 351 0 414 52
b69 127 221 154 275
b70 178 88 220 130
b71 376 182 398 246
b72 122 0 183 61
b73 183 0 244 67
b74 52 173 94 211
b75 320 162 339 190
b76 94 221 127 243
b77 106 384 163 450
b78 69 399 105 431
b79 94 180 154 221
b80 220 297 278 313
b81 247 38 287 88
b82 163 393 210 450
b83 351 85 373 101
b84 406 317 428 384
b85 373 85 398 105
b86 343 125 399 162
b87 0 0 39 44
b88 101 143 125 180
b89 151 88 178 126
b90 0 400 39 433
b91 351 52 407 85
b92 154 185 180 201
b93 210 393 275 428
b94 0 219 59 260
b95 0 344 51 363
b96 0 260 66 300
b97 101 126 168 143
b98 341 285 403 307
b99 275 401 341 450
