302558.25
403516.5
201600
448 450
156.541516
b0 403 80 439 96
b1 223 207 262 226
b2 383 0 424 35
b3 401 263 448 281
b4 197 61 223 93
b5 358 316 393 347
b6 254 288 283 301
b7 290 228 318 249
b8 0 388 32 403
b9 145 117 191 151
b10 89 109 134 141
b11 44 37 80 51
b12 44 51 86 87
b13 383 35 431 80
b14 88 338 103 363
b15 396 300 442 345
b16 256 61 278 79
b17 305 122 331 155
b18 404 121 438 140
b19 182 49 212 61
b20 317 417 350 445
b21 166 288 205 332
b22 166 332 205 358
b23 183 215 223 240
b24 331 156 356 171
b25 237 0 273 36
b26 0 306 43 331
b27 0 425 34 440
b28 151 79 197 117
b29 89 0 101 37
b30 264 153 281 180
b31 167 218 183 255
b32 117 389 149 412
b33 205 381 241 399
b34 254 269 292 288
b35 331 46 346 79
b36 394 184 406 212
b37 223 153 239 174
b38 406 200 439 226
b39 151 0 193 30
b40 262 228 290 269
b41 0 139 16 155
b42 135 253 154 297
b43 364 122 404 156
b44 358 266 374 293
b45 183 274 220 288
b46 304 107 352 122
b47 358 293 372 316
b48 290 369 316 393
b49 0 233 40 264
b50 370 80 403 122
b51 58 132 85 180
b52 345 203 382 230
b53 229 257 247 274
b54 281 316 324 332
b55 362 0 375 46
b56 239 153 264 175
b57 248 315 267 363
b58 0 120 41 139
b59 274 182 320 228
b60 89 229 119 264
b61 84 411 117 445
b62 44 0 89 37
b63 136 0 151 35
b64 35 375 83 422
b65 241 363 271 396
b66 217 321 248 352
b67 193 0 237 37
b68 101 0 136 24
b69 271 369 290 407
b70 44 132 58 168
b71 126 184 168 218
b72 331 122 364 156
b73 98 371 116 409
b74 154 268 183 286
b75 191 148 218 171
b76 220 274 234 286
b77 0 331 16 355
b78 236 399 262 442
b79 401 281 438 300
b80 151 30 166 44
b81 44 284 64 316
b82 298 75 331 107
b83 345 184 382 203
b84 401 226 444 263
b85 35 338 83 375
b86 281 332 305 356
b87 305 334 350 353
b88 117 35 145 78
b89 0 376 35 388
b90 0 188 24 233
b91 89 265 133 293
b92 212 399 236 441
b93 44 180 65 223
b94 115 339 131 354
b95 354 230 379 266
b96 116 364 161 389
b97 131 339 159 364
b98 157 151 183 167
b99 64 278 84 315
b100 320 183 345 210
b101 317 353 357 401
b102 404 96 442 121
b103 357 405 389 437
b104 197 93 222 129
b105 89 78 131 109
b106 398 399 437 433
b107 16 331 32 376
b108 103 338 115 371
b109 331 171 353 183
b110 35 422 79 445
b111 237 103 255 116
b112 151 61 197 79
b113 262 407 305 435
b114 331 79 370 98
b115 278 43 315 73
b116 398 362 440 399
b117 89 186 126 210
b118 404 140 443 175
b119 237 117 261 153
b120 89 141 104 186
b121 214 175 259 207
b122 44 223 87 253
b123 281 356 316 369
b124 249 226 262 265
b125 16 170 44 188
b126 283 288 321 316
b127 43 316 67 338
b128 117 412 142 448
b129 0 0 44 46
b130 44 87 88 132
b131 24 188 44 224
b132 276 101 292 139
b133 254 301 266 315
b134 315 46 331 75
b135 239 274 254 311
b136 292 249 316 268
b137 65 180 87 198
b138 374 280 396 310
b139 181 400 212 433
b140 119 253 135 265
b141 237 36 271 61
b142 281 155 327 182
b143 168 171 214 215
b144 56 253 85 278
b145 184 240 229 274
b146 205 288 239 321
b147 44 253 56 284
b148 292 268 317 285
b149 65 198 87 220
b150 154 255 184 268
b151 166 30 182 57
b152 0 87 33 120
b153 126 172 166 184
b154 0 264 44 306
b155 149 389 161 402
b156 237 61 256 103
b157 262 180 274 222
b158 398 345 426 362
b159 205 357 241 381
b160 382 184 394 220
b161 89 210 120 229
b162 193 37 223 49
b163 315 0 362 46
b164 320 230 352 257
b165 0 46 33 87
b166 205 321 217 357
b167 267 301 281 348
b168 346 46 383 71
b169 356 156 402 184
b170 104 141 126 186
b171 324 299 358 334
b172 16 139 41 170
b173 256 79 298 101
b174 320 210 345 230
b175 305 393 317 427
b176 161 400 181 416
b177 126 151 157 172
b178 256 101 276 117
b179 88 293 129 338
b180 197 129 218 148
b181 339 257 354 299
b182 292 107 304 140
b183 101 24 117 61
b184 382 220 401 240
b185 261 140 305 153
b186 85 363 98 411
b187 317 257 339 281
b188 358 347 398 371
b189 229 226 249 257
b190 142 416 179 450
b191 129 297 166 339
b192 0 403 28 425
b193 161 358 204 400
b194 273 0 315 43
b195 406 175 442 200
b196 317 401 356 417
b197 120 218 167 253
b198 379 240 401 280
b199 358 371 398 405
