229086.6953125
231639
206116
454 454
8.073914
b0 166 166 209 199
b1 309 0 346 65
b2 201 281 235 334
b3 310 177 377 214
b4 0 32 29 51
b5 172 88 221 127
b6 180 333 198 373
b7 116 251 138 291
b8 46 403 108 453
b9 201 265 242 281
b10 396 177 448 195
b11 141 294 200 333
b12 0 323 61 351
b13 245 197 302 245
b14 262 410 325 453
b15 389 94 441 153
b16 242 290 299 326
b17 188 0 232 66
b18 80 0 128 51
b19 118 81 168 112
b20 329 362 348 399
b21 0 119 64 169
b22 128 20 177 54
b23 375 303 424 323
b24 301 362 329 407
b25 166 127 220 166
b26 325 407 380 447
b27 388 204 453 229
b28 393 323 432 369
b29 118 335 180 359
b30 396 153 422 177
b31 0 169 34 195
b32 141 199 194 242
b33 349 279 384 301
b34 220 143 247 197
b35 64 101 102 132
b36 310 138 377 177
b37 128 0 188 20
b38 17 211 74 234
b39 141 242 196 294
b40 413 406 439 435
b41 221 88 248 143
b42 65 291 118 353
b43 0 351 61 397
b44 354 47 419 94
b45 118 291 141 335
b46 262 388 301 410
b47 0 290 65 323
b48 0 51 57 78
b49 354 0 419 47
b50 299 308 366 340
b51 250 61 288 118
b52 245 245 299 290
b53 104 112 147 133
b54 375 323 393 384
b55 388 229 444 263
b56 0 195 17 258
b57 147 112 165 159
b58 0 397 46 431
b59 303 214 353 251
b60 64 78 104 101
b61 310 105 333 138
b62 108 359 168 378
b63 241 326 286 362
b64 61 353 108 403
b65 17 234 74 290
b66 75 133 142 194
b67 310 65 354 105
b68 108 378 160 441
b69 118 54 172 81
b70 248 118 290 160
b71 294 340 358 362
b72 201 384 262 445
b73 232 0 299 61
b74 74 251 116 289
b75 290 61 309 89
b76 168 373 201 395
b77 75 194 141 251
b78 0 0 36 32
b79 0 78 60 119
b80 17 195 75 211
b81 201 334 241 384
b82 302 251 349 308
b83 278 362 294 384
b84 375 384 442 406
b85 290 89 310 114
b86 247 160 303 197
b87 36 0 80 39
b88 142 159 166 196
b89 80 51 118 78
b90 380 406 413 445
b91 333 105 389 138
b92 262 362 278 388
b93 353 214 388 279
b94 160 395 201 454
b95 377 153 396 204
b96 388 263 454 303
b97 358 340 375 407
b98 188 66 250 88
b99 196 199 245 265
