233726.3007812
236895
205208
452 454
2.491038
b0 305 361 348 394
b1 232 40 297 77
b2 130 170 183 204
b3 165 53 232 90
b4 58 57 87 76
b5 286 78 335 117
b6 280 117 298 157
b7 348 361 388 383
b8 271 253 333 303
b9 92 401 108 442
b10 112 188 130 240
b11 0 141 59 180
b12 298 0 326 61
b13 108 401 165 449
b14 202 407 265 450
b15 326 0 378 59
b16 373 183 430 219
b17 60 242 104 308
b18 232 104 280 155
b19 169 331 200 381
b20 267 334 286 371
b21 271 203 335 253
b22 93 34 127 83
b23 280 183 329 203
b24 127 34 155 79
b25 387 275 441 314
b26 0 238 55 278
b27 221 309 286 334
b28 130 204 169 250
b29 378 65 440 89
b30 59 156 85 180
b31 127 144 161 170
b32 0 408 53 451
b33 338 145 373 167
b34 61 102 88 156
b35 27 57 58 95
b36 338 78 377 145
b37 145 293 165 353
b38 122 250 145 307
b39 169 229 221 284
b40 42 382 71 408
b41 42 308 97 335
b42 165 0 227 53
b43 0 95 61 141
b44 222 221 269 286
b45 222 286 266 309
b46 183 151 222 173
b47 377 150 442 183
b48 0 24 27 81
b49 378 0 425 65
b50 320 329 387 361
b51 200 334 257 372
b52 67 188 112 242
b53 145 250 166 293
b54 104 242 122 303
b55 109 0 165 34
b56 297 61 360 78
b57 42 335 60 382
b58 286 303 320 349
b59 165 403 202 453
b60 0 278 40 301
b61 338 223 371 246
b62 286 349 305 409
b63 97 308 142 344
b64 169 284 219 331
b65 37 0 93 57
b66 165 90 232 151
b67 254 0 298 40
b68 388 314 451 366
b69 232 77 286 104
b70 335 265 377 307
b71 388 366 452 388
b72 93 83 154 144
b73 378 89 445 150
b74 0 301 42 339
b75 338 246 366 265
b76 169 381 202 403
b77 71 344 137 401
b78 137 353 169 389
b79 0 197 60 238
b80 382 259 440 275
b81 373 219 423 259
b82 388 388 445 435
b83 93 0 109 22
b84 348 383 370 450
b85 425 0 445 25
b86 183 173 220 229
b87 88 144 127 188
b88 0 0 37 24
b89 227 0 254 38
b90 53 408 92 441
b91 338 167 371 223
b92 61 76 77 102
b93 202 372 267 407
b94 286 409 345 450
b95 388 435 439 454
b96 298 117 338 183
b97 0 180 67 197
b98 320 307 382 329
b99 222 155 271 221
