429320.5
543920
314721
561 561
761.539296
b0 531 140 546 167
b1 261 0 277 27
b2 346 265 372 287
b3 433 429 454 474
b4 237 140 282 180
b5 76 299 102 315
b6 193 89 220 127
b7 433 350 462 385
b8 246 331 282 352
b9 155 456 180 500
b10 222 132 237 163
b11 123 176 164 200
b12 276 279 295 296
b13 197 377 230 425
b14 102 298 146 319
b15 364 165 379 199
b16 48 357 93 399
b17 259 103 300 140
b18 442 64 485 108
b19 233 295 256 331
b20 197 444 214 457
b21 209 504 237 548
b22 405 45 434 80
b23 277 0 294 40
b24 12 0 36 18
b25 432 307 461 350
b26 451 162 469 189
b27 324 199 362 239
b28 340 420 352 444
b29 117 200 146 230
b30 264 225 292 245
b31 335 458 371 490
b32 531 72 550 94
b33 119 86 165 131
b34 385 476 414 488
b35 418 323 430 349
b36 486 227 516 254
b37 513 164 525 193
b38 230 380 251 399
b39 117 272 129 285
b40 12 197 59 216
b41 284 530 320 549
b42 161 36 207 61
b43 498 382 537 403
b44 259 489 286 513
b45 486 0 510 25
b46 414 476 427 495
b47 315 46 357 86
b48 427 476 461 504
b49 256 53 280 101
b50 250 225 264 244
b51 531 124 545 140
b52 280 66 298 103
b53 527 270 539 306
b54 248 180 282 210
b55 12 249 43 275
b56 151 425 197 456
b57 385 429 433 476
b58 464 478 489 503
b59 121 503 159 550
b60 324 349 340 388
b61 293 198 324 243
b62 187 271 233 307
b63 385 383 421 429
b64 520 431 535 464
b65 259 439 282 452
b66 503 499 545 544
b67 371 453 385 486
b68 279 353 324 381
b69 411 237 447 264
b70 405 0 421 45
b71 384 323 418 355
b72 121 422 136 454
b73 421 383 433 429
b74 12 394 46 437
b75 516 250 553 270
b76 385 495 424 531
b77 204 127 222 167
b78 12 318 28 360
b79 80 482 105 522
b80 0 496 36 511
b81 78 342 110 357
b82 338 324 377 348
b83 300 86 341 123
b84 43 520 77 558
b85 432 264 466 307
b86 464 516 503 560
b87 301 243 346 291
b88 433 385 462 429
b89 411 541 453 561
b90 485 85 531 109
b91 0 520 43 541
b92 510 27 557 72
b93 252 419 276 439
b94 190 519 209 550
b95 36 440 80 477
b96 93 357 139 390
b97 485 273 525 288
b98 438 162 451 197
b99 537 383 554 423
b100 341 490 385 535
b101 220 44 256 74
b102 79 0 119 36
b103 377 238 411 272
b104 162 131 204 145
b105 78 238 113 271
b106 403 123 415 156
b107 106 482 121 514
b108 36 121 74 158
b109 140 244 186 286
b110 119 0 161 39
b111 78 217 91 238
b112 220 210 250 235
b113 367 141 403 165
b114 469 164 513 198
b115 121 465 155 487
b116 78 189 97 217
b117 362 199 383 238
b118 340 382 384 420
b119 384 355 429 383
b120 36 50 72 86
b121 252 381 286 419
b122 36 0 79 20
b123 93 405 116 441
b124 186 235 217 270
b125 298 388 340 434
b126 178 519 190 541
b127 12 275 37 318
b128 46 412 90 440
b129 341 114 363 148
b130 456 0 486 26
b131 139 322 187 367
b132 379 272 418 290
b133 250 210 293 225
b134 180 457 214 504
b135 93 390 138 405
b136 204 167 216 204
b137 48 299 76 320
b138 293 458 335 486
b139 327 163 364 199
b140 546 124 558 167
b141 466 262 485 307
b142 437 504 464 541
b143 341 0 366 24
b144 106 514 121 554
b145 207 44 220 89
b146 384 290 432 323
b147 36 490 78 520
b148 323 490 341 510
b149 416 150 438 197
b150 525 167 556 190
b151 28 318 46 360
b152 141 157 157 176
b153 36 20 77 50
b154 79 104 101 121
b155 324 324 338 349
b156 462 373 490 389
b157 289 46 314 66
b158 117 285 140 298
b159 479 132 523 164
b160 510 0 526 27
b161 294 0 341 46
b162 202 204 220 235
b163 420 80 442 113
b164 438 126 479 162
b165 282 143 303 160
b166 12 360 48 394
b167 438 198 474 235
b168 498 307 522 348
b169 78 271 117 295
b170 164 178 193 223
b171 65 320 105 342
b172 327 148 354 161
b173 164 145 189 177
b174 230 331 246 374
b175 217 256 233 271
b176 482 432 520 465
b177 286 489 323 530
b178 298 66 315 85
b179 0 450 34 496
b180 539 270 558 310
b181 220 180 248 210
b182 366 535 411 559
b183 383 198 416 237
b184 320 535 366 560
b185 367 114 401 141
b186 12 216 43 249
b187 522 214 560 250
b188 464 26 504 63
b189 315 143 327 187
b190 341 87 378 114
b191 139 367 173 383
b192 474 198 522 227
b193 48 320 65 353
b194 261 40 289 53
b195 464 503 497 516
b196 80 441 121 482
b197 110 319 138 356
b198 159 500 178 548
b199 161 0 192 36
b200 214 466 257 503
b201 346 239 375 265
b202 498 348 537 382
b203 116 407 144 422
b204 233 262 274 295
b205 489 478 504 499
b206 36 86 78 121
b207 246 352 279 380
b208 300 123 327 143
b209 220 74 256 119
b210 424 504 437 528
b211 316 291 332 303
b212 152 383 173 425
b213 466 307 498 321
b214 415 123 432 150
b215 299 324 320 353
b216 485 288 527 307
b217 97 189 117 237
b218 136 422 151 465
b219 123 144 141 172
b220 434 27 464 64
b221 34 477 79 490
b222 276 245 301 279
b223 197 425 219 444
b224 214 445 259 466
b225 119 39 157 86
b226 535 423 551 462
b227 461 321 493 334
b228 378 87 398 108
b229 173 377 197 425
b230 355 420 385 453
b231 346 287 376 303
b232 117 230 140 272
b233 489 465 505 478
b234 464 445 482 478
b235 230 399 252 445
b236 43 238 70 277
b237 146 223 186 244
b238 447 235 486 262
b239 37 277 77 299
b240 437 0 456 23
b241 139 383 152 407
b242 416 197 438 237
b243 522 310 559 344
b244 222 119 259 132
b245 282 162 306 198
b246 207 0 230 44
b247 462 334 498 373
b248 187 307 230 338
b249 79 522 106 557
b250 259 458 293 489
b251 464 389 498 432
b252 486 254 514 273
b253 464 432 479 445
b254 12 437 36 450
b255 12 158 59 197
b256 141 144 162 157
b257 299 291 316 324
b258 79 60 113 104
b259 418 264 430 290
b260 303 143 315 162
b261 286 381 298 426
b262 165 83 192 131
b263 237 513 284 559
b264 485 109 530 132
b265 78 174 123 189
b266 357 24 405 69
b267 340 348 379 382
b268 485 63 510 85
b269 442 108 479 126
b270 180 504 203 519
b271 282 434 324 458
b272 79 36 114 60
b273 522 193 552 214
b274 217 235 250 256
b275 165 61 193 83
b276 324 444 355 458
b277 0 0 12 47
b278 113 131 155 144
b279 187 338 230 377
b280 43 216 74 238
b281 357 69 387 87
b282 79 144 123 174
b283 354 148 367 163
b284 531 94 552 124
b285 189 145 202 178
b286 146 286 187 322
b287 316 303 358 324
b288 498 403 534 431
b289 379 165 416 198
b290 421 0 437 27
b291 256 296 299 324
b292 537 344 561 383
b293 401 80 420 123
b294 250 245 276 262
b295 46 399 89 412
b296 121 487 148 503
b297 230 0 261 38
b298 505 465 545 498
b299 65 342 78 355
