418385.25
522049.5
314721
561 561
459.768648
b0 373 326 400 341
b1 366 95 382 122
b2 301 82 323 108
b3 364 370 409 391
b4 139 168 184 208
b5 63 175 89 191
b6 116 15 154 42
b7 266 384 301 413
b8 209 179 245 200
b9 34 481 59 525
b10 337 228 352 259
b11 70 75 111 99
b12 367 122 384 141
b13 326 58 359 106
b14 244 416 288 437
b15 339 259 354 293
b16 108 335 153 377
b17 220 471 261 508
b18 412 340 456 383
b19 203 323 239 346
b20 112 300 129 313
b21 267 152 311 180
b22 532 259 561 294
b23 96 223 136 240
b24 424 308 442 332
b25 420 85 463 114
b26 405 232 423 259
b27 483 295 523 333
b28 255 156 267 180
b29 63 146 93 175
b30 182 283 202 311
b31 203 291 239 323
b32 528 455 550 474
b33 25 0 70 46
b34 412 311 424 340
b35 423 257 449 269
b36 449 257 476 287
b37 435 195 447 224
b38 271 109 290 130
b39 61 122 74 134
b40 93 146 112 193
b41 271 73 290 109
b42 25 96 50 142
b43 424 269 445 308
b44 119 489 146 513
b45 528 474 553 498
b46 321 382 334 401
b47 457 356 499 396
b48 186 471 220 499
b49 527 295 551 343
b50 224 121 243 135
b51 396 311 412 325
b52 417 195 435 232
b53 405 195 417 231
b54 258 39 288 73
b55 70 284 101 310
b56 85 0 116 46
b57 291 180 338 228
b58 528 498 553 523
b59 25 142 63 189
b60 247 0 263 39
b61 260 353 305 384
b62 263 0 309 36
b63 190 435 236 471
b64 540 114 555 147
b65 243 403 266 416
b66 305 472 347 517
b67 503 0 517 33
b68 236 437 281 465
b69 447 198 474 234
b70 451 40 467 85
b71 469 0 503 32
b72 128 208 160 223
b73 384 277 396 323
b74 135 513 169 556
b75 490 333 527 353
b76 340 188 379 224
b77 204 417 244 435
b78 74 452 116 468
b79 206 508 231 548
b80 74 503 110 518
b81 96 206 128 221
b82 334 427 373 451
b83 408 158 449 195
b84 0 481 34 519
b85 414 383 457 417
b86 255 511 294 555
b87 495 134 540 182
b88 159 254 203 283
b89 294 517 314 559
b90 386 484 432 508
b91 114 513 135 556
b92 469 430 516 475
b93 301 58 321 82
b94 167 315 198 334
b95 169 499 206 543
b96 245 180 291 213
b97 333 326 373 341
b98 527 523 540 558
b99 499 372 539 389
b100 261 466 305 511
b101 507 57 543 87
b102 100 377 140 413
b103 461 145 495 179
b104 419 144 461 158
b105 146 132 179 167
b106 0 0 12 33
b107 167 283 182 315
b108 392 508 429 546
b109 345 0 391 42
b110 405 0 447 39
b111 129 300 150 313
b112 167 365 197 390
b113 185 163 209 199
b114 516 421 560 455
b115 121 313 155 335
b116 133 416 161 435
b117 313 402 334 441
b118 505 182 549 220
b119 374 421 419 449
b120 25 46 61 82
b121 242 250 280 284
b122 59 310 79 353
b123 59 353 95 376
b124 167 334 202 365
b125 405 40 451 82
b126 79 331 91 353
b127 12 357 37 400
b128 12 329 56 357
b129 456 334 490 356
b130 468 511 494 541
b131 239 284 287 329
b132 354 258 393 276
b133 505 244 548 259
b134 12 295 59 329
b135 243 213 288 228
b136 383 103 420 115
b137 12 233 40 254
b138 70 256 112 284
b139 309 0 345 37
b140 539 343 551 386
b141 449 179 494 198
b142 293 125 330 152
b143 359 70 383 95
b144 59 447 74 487
b145 288 228 301 273
b146 336 293 384 326
b147 54 417 96 447
b148 301 384 321 402
b149 512 87 534 134
b150 474 198 505 221
b151 79 313 121 331
b152 239 353 258 369
b153 12 254 42 295
b154 226 200 243 222
b155 25 82 50 96
b156 281 437 309 453
b157 301 256 326 276
b158 61 99 74 122
b159 516 389 560 421
b160 534 87 550 114
b161 112 254 159 300
b162 160 57 178 88
b163 384 115 406 148
b164 487 475 528 511
b165 117 168 138 185
b166 12 414 46 450
b167 475 88 512 124
b168 469 33 510 57
b169 122 129 146 168
b170 70 46 115 75
b171 74 468 114 490
b172 178 53 191 80
b173 185 131 210 163
b174 157 88 173 131
b175 184 223 200 238
b176 419 417 457 450
b177 59 193 96 234
b178 159 0 178 17
b179 68 518 114 552
b180 499 353 539 372
b181 305 354 335 382
b182 231 508 255 553
b183 204 384 243 417
b184 339 341 364 387
b185 396 277 423 311
b186 12 450 45 481
b187 494 259 532 295
b188 432 466 469 506
b189 173 88 185 132
b190 340 151 367 188
b191 281 336 315 352
b192 364 341 412 370
b193 37 357 54 390
b194 373 42 386 70
b195 120 413 133 446
b196 59 376 100 417
b197 202 346 239 374
b198 74 99 122 118
b199 474 221 505 257
b200 167 390 204 433
b201 311 152 340 178
b202 347 475 386 509
b203 42 278 70 293
b204 367 148 408 181
b205 239 369 260 384
b206 122 87 157 129
b207 158 449 186 482
b208 191 66 218 86
b209 330 106 366 151
b210 315 341 339 354
b211 449 158 461 174
b212 116 452 158 473
b213 391 224 405 256
b214 354 276 381 293
b215 386 82 415 103
b216 305 453 347 472
b217 176 33 224 53
b218 116 0 159 15
b219 393 259 421 277
b220 420 114 457 144
b221 74 490 119 503
b222 203 266 237 291
b223 386 47 405 69
b224 191 86 212 131
b225 445 287 483 334
b226 423 450 462 466
b227 406 115 419 147
b228 224 24 245 44
b229 199 0 247 24
b230 303 303 333 336
b231 343 42 373 58
b232 184 200 226 223
b233 281 453 297 466
b234 469 475 487 508
b235 242 228 288 250
b236 140 377 167 416
b237 224 135 264 156
b238 517 0 544 39
b239 154 17 176 57
b240 243 384 266 403
b241 37 390 50 414
b242 447 0 469 40
b243 386 450 423 484
b244 288 36 301 73
b245 505 220 541 244
b246 423 234 467 257
b247 335 391 374 427
b248 136 223 179 254
b249 0 519 27 554
b250 224 44 258 75
b251 457 396 500 430
b252 395 391 414 419
b253 184 238 199 251
b254 40 234 64 247
b255 429 508 468 555
b256 46 447 59 468
b257 293 108 326 125
b258 25 189 59 233
b259 463 88 475 114
b260 386 69 405 81
b261 155 300 167 345
b262 288 276 336 303
b263 224 75 271 121
b264 210 156 255 179
b265 70 0 85 45
b266 347 509 392 557
b267 352 224 391 258
b268 288 413 313 435
b269 510 39 547 57
b270 167 433 190 448
b271 239 329 281 353
b272 96 417 120 452
b273 374 391 395 421
b274 178 0 199 33
b275 42 256 70 278
b276 133 435 164 449
b277 391 0 403 47
b278 95 331 108 373
b279 203 223 242 266
b280 64 234 95 256
b281 476 257 494 287
b282 116 57 160 87
b283 326 259 339 274
b284 461 124 491 145
b285 191 53 224 66
b286 27 525 68 561
b287 301 37 343 58
b288 301 228 337 256
b289 494 511 527 548
b290 287 303 303 330
b291 74 118 117 146
b292 347 451 386 475
b293 379 181 398 224
b294 267 130 293 147
b295 96 193 139 206
b296 119 473 146 489
b297 469 57 507 88
b298 314 517 347 557
b299 12 0 25 13
