2989859.75
3194991.5
1143675
299 3825
929.806119
b0 62 1423 89 1438
b1 72 3085 99 3101
b2 0 0 22 26
b3 128 1320 149 1365
b4 147 2204 187 2249
b5 53 3280 69 3306
b6 163 2307 201 2334
b7 180 921 215 950
b8 151 2602 172 2638
b9 35 1837 79 1862
b10 156 0 171 31
b11 124 2578 165 2602
b12 35 2129 52 2148
b13 95 3426 128 3474
b14 156 259 200 280
b15 154 974 188 989
b16 184 0 229 42
b17 184 42 225 79
b18 215 336 258 380
b19 161 2009 197 2032
b20 22 17 35 34
b21 13 3747 41 3791
b22 146 1276 181 1305
b23 55 3426 95 3443
b24 119 3037 137 3061
b25 75 1457 104 1500
b26 50 2274 77 2292
b27 81 1921 119 1961
b28 77 2675 101 2687
b29 62 3494 91 3524
b30 87 1173 107 1201
b31 105 1586 137 1622
b32 168 1121 187 1143
b33 76 2939 121 2985
b34 39 3158 68 3170
b35 87 15 99 41
b36 104 1532 131 1562
b37 113 1014 125 1043
b38 63 2474 84 2493
b39 77 2548 89 2561
b40 135 974 154 1021
b41 169 755 205 774
b42 63 2335 109 2360
b43 76 2985 115 3006
b44 80 3664 107 3688
b45 156 301 180 326
b46 30 2945 49 2958
b47 88 3688 130 3728
b48 89 1423 117 1457
b49 62 97 86 145
b50 168 1143 187 1157
b51 59 3117 73 3133
b52 68 2087 105 2105
b53 85 3414 121 3426
b54 124 2526 154 2560
b55 200 267 226 298
b56 22 1906 68 1937
b57 171 79 218 127
b58 96 1647 121 1672
b59 63 2436 110 2474
b60 52 3006 91 3022
b61 131 1508 162 1553
b62 175 656 221 692
b63 134 1157 170 1203
b64 30 2350 63 2365
b65 55 3443 68 3466
b66 109 2353 151 2398
b67 99 1014 113 1047
b68 78 1755 106 1800
b69 52 2186 88 2213
b70 140 0 156 45
b71 134 1121 168 1153
b72 75 2791 107 2806
b73 156 213 168 259
b74 172 495 215 529
b75 149 1328 169 1365
b76 76 2903 115 2939
b77 124 2560 164 2578
b78 86 1320 128 1336
b79 86 1336 126 1361
b80 133 1106 169 1121
b81 88 2015 103 2047
b82 35 2105 74 2129
b83 86 1201 123 1242
b84 74 2105 108 2143
b85 124 1233 158 1276
b86 23 3466 62 3510
b87 122 1693 167 1741
b88 156 169 185 213
b89 68 1977 88 2019
b90 107 2791 153 2815
b91 156 280 199 301
b92 30 2539 75 2586
b93 39 3085 59 3109
b94 109 2398 140 2417
b95 0 3710 44 3747
b96 101 2602 147 2635
b97 229 0 269 15
b98 0 3747 13 3782
b99 22 0 62 17
b100 164 374 208 419
b101 106 2299 136 2335
b102 35 1462 75 1498
b103 0 3791 34 3825
b104 156 155 198 169
b105 22 2317 57 2350
b106 104 1499 116 1532
b107 23 3379 55 3394
b108 155 822 192 860
b109 77 2688 119 2734
b110 140 453 179 495
b111 171 0 184 21
b112 0 2350 30 2375
b113 119 1921 155 1945
b114 35 1862 69 1906
b115 86 1401 120 1423
b116 99 1047 127 1066
b117 63 3133 102 3154
b118 101 1977 145 2015
b119 124 1776 152 1821
b120 105 495 141 531
b121 238 95 272 133
b122 141 720 184 740
b123 141 633 164 669
b124 124 1741 155 1776
b125 30 2903 76 2945
b126 106 2227 128 2239
b127 62 15 87 58
b128 164 692 208 720
b129 141 611 175 633
b130 75 1586 105 1612
b131 103 2734 151 2779
b132 133 1067 151 1106
b133 74 2143 89 2186
b134 85 3367 119 3414
b135 35 2234 80 2249
b136 121 2875 158 2887
b137 142 2307 163 2335
b138 171 127 213 155
b139 110 2489 146 2526
b140 89 2548 101 2591
b141 194 529 213 574
b142 172 574 199 611
b143 39 3133 63 3158
b144 89 2635 104 2675
b145 191 611 204 656
b146 51 3334 99 3367
b147 44 3225 74 3267
b148 191 336 209 356
b149 77 2526 124 2548
b150 123 1276 146 1307
b151 121 1622 139 1664
b152 175 611 191 630
b153 258 133 299 163
b154 17 2958 39 2975
b155 106 2239 131 2253
b156 65 3209 93 3225
b157 214 692 234 717
b158 101 2675 124 2688
b159 44 3710 88 3742
b160 51 1681 78 1697
b161 23 3524 69 3571
b162 142 2335 173 2353
b163 106 2277 139 2299
b164 187 989 223 1030
b165 138 805 159 822
b166 17 3321 51 3357
b167 51 1800 87 1837
b168 140 326 164 367
b169 62 58 86 97
b170 75 1500 104 1545
b171 108 2075 130 2115
b172 44 3267 71 3280
b173 63 2871 88 2903
b174 218 79 261 95
b175 23 3571 38 3587
b176 199 298 232 336
b177 158 1203 199 1240
b178 170 1157 187 1176
b179 216 717 262 751
b180 128 2115 147 2155
b181 62 3466 92 3494
b182 104 1457 149 1481
b183 147 1970 180 2009
b184 147 1945 193 1970
b185 176 774 203 808
b186 138 740 169 773
b187 180 883 216 921
b188 91 2835 128 2875
b189 17 3367 61 3379
b190 37 3683 74 3710
b191 155 419 171 453
b192 126 822 155 870
b193 109 2335 142 2352
b194 74 3225 102 3238
b195 150 870 183 883
b196 105 910 146 951
b197 44 3742 81 3770
b198 63 2417 111 2436
b199 141 495 172 531
b200 81 1884 124 1921
b201 75 2806 101 2835
b202 198 177 232 216
b203 79 1727 94 1755
b204 185 216 226 249
b205 154 2441 175 2456
b206 151 2353 193 2388
b207 105 531 138 559
b208 17 3170 44 3190
b209 78 3561 123 3597
b210 88 1977 101 2001
b211 140 45 156 57
b212 105 559 126 601
b213 80 2213 112 2227
b214 0 2375 17 2402
b215 37 3587 66 3608
b216 215 380 257 399
b217 66 3616 86 3664
b218 62 0 105 15
b219 75 2734 103 2752
b220 69 3524 99 3561
b221 22 1937 35 1982
b222 154 2456 188 2481
b223 172 529 194 548
b224 105 889 150 910
b225 164 2481 211 2519
b226 81 1961 120 1977
b227 59 3085 72 3117
b228 44 3170 65 3190
b229 92 3154 116 3202
b230 111 2456 141 2489
b231 131 2204 147 2234
b232 149 1305 191 1328
b233 123 1307 139 1320
b234 104 1481 137 1499
b235 135 1021 157 1067
b236 65 3170 92 3209
b237 237 177 258 217
b238 69 3280 96 3319
b239 198 155 238 177
b240 126 870 149 889
b241 62 1438 75 1462
b242 86 1361 108 1401
b243 0 3587 37 3621
b244 87 1160 124 1173
b245 99 951 135 975
b246 0 3379 23 3423
b247 111 2417 147 2456
b248 91 3006 134 3037
b249 105 0 140 27
b250 191 1240 222 1274
b251 79 1693 122 1727
b252 131 2249 150 2277
b253 140 367 155 380
b254 155 1741 179 1754
b255 87 1121 134 1160
b256 193 1274 214 1287
b257 108 1361 125 1394
b258 35 1647 79 1681
b259 128 2192 154 2204
b260 103 2779 122 2791
b261 66 3571 78 3616
b262 164 326 191 374
b263 30 2493 77 2539
b264 135 951 180 974
b265 169 740 214 755
b266 52 3037 97 3085
b267 99 975 133 1014
b268 35 2249 57 2274
b269 200 249 237 267
b270 53 3319 76 3334
b271 104 1562 146 1586
b272 75 1612 99 1647
b273 134 1203 155 1233
b274 30 2586 63 2607
b275 101 2047 123 2075
b276 175 2441 206 2455
b277 79 1837 91 1884
b278 39 2958 52 3000
b279 147 2398 186 2441
b280 92 3474 123 3496
b281 55 3379 85 3397
b282 139 2277 183 2307
b283 68 1906 81 1921
b284 35 2213 65 2234
b285 22 1982 35 2015
b286 17 3280 53 3321
b287 96 1672 138 1693
b288 63 2835 91 2871
b289 128 2155 161 2192
b290 35 1681 51 1708
b291 22 2274 50 2317
b292 52 2945 76 2984
b293 37 3664 80 3683
b294 79 1647 96 1673
b295 63 2292 106 2305
b296 137 1481 153 1508
b297 138 774 176 805
b298 68 2047 101 2087
b299 151 1067 164 1080
