229103.75
231607.5
206570
455 454
1.152437
b0 175 175 218 208
b1 272 0 337 37
b2 76 297 129 331
b3 136 209 203 246
b4 57 297 76 326
b5 337 67 386 106
b6 415 341 455 359
b7 206 347 246 369
b8 117 370 179 420
b9 326 228 367 244
b10 85 191 137 209
b11 58 331 117 370
b12 57 236 85 297
b13 326 180 383 228
b14 303 341 346 404
b15 393 67 452 119
b16 326 244 383 280
b17 0 64 66 108
b18 85 248 136 296
b19 253 323 303 354
b20 415 322 452 341
b21 67 98 131 148
b22 87 0 136 34
b23 391 263 440 283
b24 57 191 85 236
b25 391 283 445 322
b26 160 0 200 55
b27 272 57 337 82
b28 391 371 430 417
b29 57 167 119 191
b30 227 323 253 347
b31 360 143 386 177
b32 236 280 289 323
b33 393 158 428 180
b34 190 121 217 175
b35 137 173 175 204
b36 218 159 285 198
b37 272 37 332 57
b38 129 307 186 330
b39 0 234 55 286
b40 253 413 279 442
b41 0 286 55 313
b42 0 369 53 431
b43 303 280 349 341
b44 261 198 326 245
b45 238 198 261 242
b46 393 119 415 158
b47 203 223 236 288
b48 0 207 57 234
b49 398 0 445 65
b50 240 0 272 67
b51 133 95 190 133
b52 346 371 391 425
b53 96 370 117 413
b54 200 0 218 61
b55 218 103 252 159
b56 0 124 63 141
b57 285 162 332 180
b58 117 420 163 454
b59 58 413 108 450
b60 27 41 67 64
b61 337 143 360 176
b62 199 61 218 121
b63 218 67 263 103
b64 206 369 253 419
b65 0 313 57 369
b66 136 246 203 307
b67 131 133 175 173
b68 285 99 337 162
b69 179 356 206 410
b70 349 280 391 322
b71 179 419 243 441
b72 383 202 444 263
b73 337 0 398 67
b74 58 370 96 412
b75 67 41 86 69
b76 203 288 236 310
b77 0 141 57 207
b78 195 310 227 346
b79 27 0 87 41
b80 0 431 58 447
b81 129 330 179 370
b82 86 41 133 98
b83 0 108 22 124
b84 383 180 450 202
b85 218 198 238 223
b86 337 106 393 143
b87 85 209 129 248
b88 136 0 160 37
b89 0 0 27 38
b90 279 413 318 446
b91 252 103 285 159
b92 179 330 195 356
b93 261 245 326 280
b94 253 354 294 413
b95 66 148 117 167
b96 133 55 199 95
b97 263 82 330 99
b98 218 0 240 62
b99 349 322 415 371
