444280.5
574401
314160
561 560
96.188881
b0 368 230 395 245
b1 411 226 427 253
b2 39 0 65 22
b3 464 41 485 86
b4 0 233 45 273
b5 16 411 42 427
b6 45 234 72 272
b7 417 170 452 199
b8 182 214 218 235
b9 39 527 83 552
b10 293 269 324 284
b11 96 205 137 229
b12 99 324 118 341
b13 118 129 151 177
b14 312 36 333 80
b15 451 260 485 275
b16 0 336 45 378
b17 293 193 330 234
b18 408 56 452 99
b19 422 282 445 318
b20 250 307 263 324
b21 15 159 43 203
b22 330 376 359 411
b23 152 291 169 331
b24 293 542 317 560
b25 365 70 408 99
b26 408 199 426 226
b27 390 349 428 389
b28 69 397 81 421
b29 0 204 30 233
b30 131 0 159 20
b31 250 367 286 399
b32 488 482 510 501
b33 159 508 205 553
b34 218 495 230 524
b35 460 366 486 378
b36 368 245 395 275
b37 367 121 396 133
b38 99 303 118 324
b39 107 28 120 40
b40 81 397 128 416
b41 410 511 429 547
b42 134 83 159 129
b43 272 232 293 271
b44 45 210 72 234
b45 359 377 384 401
b46 376 44 395 57
b47 504 132 546 172
b48 265 518 293 552
b49 326 352 374 376
b50 151 181 170 195
b51 332 234 348 248
b52 482 0 500 37
b53 245 433 257 469
b54 118 303 152 333
b55 182 183 208 214
b56 293 284 324 330
b57 485 39 532 87
b58 420 257 445 282
b59 438 483 476 530
b60 293 234 332 250
b61 345 0 376 45
b62 242 271 288 307
b63 182 235 218 281
b64 473 460 506 475
b65 205 537 228 550
b66 484 87 526 132
b67 255 179 288 193
b68 273 0 318 28
b69 318 0 345 36
b70 118 67 134 112
b71 273 92 307 124
b72 128 387 160 402
b73 414 44 460 56
b74 293 435 327 478
b75 235 167 255 204
b76 500 0 536 39
b77 308 352 326 392
b78 0 378 16 420
b79 521 294 546 334
b80 55 450 70 486
b81 45 508 77 523
b82 421 0 445 39
b83 445 0 482 41
b84 293 504 327 542
b85 203 133 246 167
b86 0 0 39 44
b87 428 380 476 425
b88 133 229 177 258
b89 159 24 201 44
b90 371 173 417 197
b91 0 302 43 323
b92 476 396 523 441
b93 166 424 190 444
b94 167 44 198 63
b95 482 322 519 366
b96 136 258 182 291
b97 476 209 516 224
b98 441 425 476 438
b99 333 45 373 62
b100 376 0 421 44
b101 348 452 378 488
b102 327 503 363 543
b103 250 399 284 433
b104 218 204 260 218
b105 169 312 204 345
b106 119 436 152 448
b107 204 82 219 114
b108 0 106 38 143
b109 43 135 89 177
b110 208 351 250 390
b111 13 427 26 448
b112 118 357 143 387
b113 118 333 154 357
b114 396 99 440 133
b115 293 330 327 352
b116 119 448 138 476
b117 272 466 293 505
b118 444 322 482 366
b119 89 131 117 176
b120 523 369 559 405
b121 255 145 293 179
b122 218 235 238 278
b123 348 411 384 434
b124 124 513 159 544
b125 198 431 244 473
b126 49 486 71 498
b127 0 490 43 515
b128 384 411 428 439
b129 354 99 388 121
b130 293 478 323 504
b131 293 145 338 193
b132 273 193 291 232
b133 323 488 366 503
b134 204 303 238 350
b135 196 394 241 409
b136 38 123 75 135
b137 324 274 352 295
b138 71 421 99 463
b139 416 133 452 170
b140 452 56 464 99
b141 371 154 416 173
b142 504 172 531 209
b143 395 260 420 284
b144 521 262 561 277
b145 0 323 45 336
b146 88 270 136 303
b147 491 262 521 304
b148 147 44 167 62
b149 506 460 553 482
b150 238 39 269 62
b151 81 313 99 355
b152 61 22 77 41
b153 242 230 272 271
b154 521 277 543 294
b155 138 448 152 473
b156 135 177 151 205
b157 225 409 250 429
b158 205 524 228 537
b159 440 99 484 131
b160 476 178 492 205
b161 445 275 491 322
b162 99 416 130 434
b163 390 389 423 411
b164 332 193 368 234
b165 28 473 49 490
b166 130 402 166 436
b167 451 224 488 260
b168 452 170 476 211
b169 179 144 203 183
b170 0 273 45 302
b171 205 473 245 495
b172 45 300 72 313
b173 238 101 270 126
b174 0 143 43 159
b175 312 80 328 95
b176 204 0 237 38
b177 75 94 116 131
b178 218 218 237 235
b179 47 313 81 359
b180 476 441 516 460
b181 166 394 194 424
b182 159 0 204 24
b183 352 275 385 314
b184 479 132 504 178
b185 208 167 235 201
b186 16 378 47 411
b187 488 224 524 262
b188 293 395 330 435
b189 238 307 250 351
b190 64 177 101 204
b191 122 497 156 513
b192 338 122 367 170
b193 272 433 289 466
b194 438 530 466 543
b195 65 0 98 13
b196 384 439 425 480
b197 151 144 179 181
b198 425 464 473 483
b199 352 314 383 350
b200 39 53 82 90
b201 335 248 364 274
b202 238 62 272 101
b203 0 473 28 488
b204 100 229 133 270
b205 0 44 21 59
b206 519 334 561 369
b207 98 0 131 28
b208 47 372 67 399
b209 82 49 118 94
b210 452 211 476 224
b211 237 218 253 230
b212 327 435 348 477
b213 428 366 460 380
b214 120 28 147 45
b215 119 476 148 497
b216 293 250 335 269
b217 147 63 195 83
b218 293 352 308 395
b219 72 252 100 270
b220 273 62 310 92
b221 77 508 122 521
b222 101 177 135 202
b223 120 45 139 67
b224 152 474 197 495
b225 71 359 118 397
b226 428 318 444 357
b227 376 57 408 70
b228 310 122 330 143
b229 72 204 96 252
b230 486 366 519 396
b231 395 230 411 260
b232 13 450 55 473
b233 269 505 285 518
b234 338 170 371 188
b235 196 281 242 303
b236 0 527 39 554
b237 270 124 310 145
b238 452 131 479 170
b239 154 345 194 367
b240 426 199 449 218
b241 205 495 218 519
b242 510 482 550 504
b243 385 284 422 318
b244 260 193 273 230
b245 428 440 464 464
b246 327 295 350 339
b247 237 0 273 39
b248 385 318 428 349
b249 230 503 265 530
b250 151 195 182 229
b251 204 39 238 82
b252 219 82 238 110
b253 72 300 87 313
b254 47 359 71 372
b255 0 59 39 106
b256 169 291 182 312
b257 159 127 192 144
b258 159 83 193 127
b259 476 475 488 501
b260 395 44 414 56
b261 0 515 45 527
b262 160 367 208 394
b263 363 511 410 557
b264 26 427 71 450
b265 0 159 15 204
b266 71 463 119 508
b267 273 28 312 62
b268 416 483 438 508
b269 328 80 365 98
b270 257 433 272 456
b271 312 98 354 122
b272 228 530 263 554
b273 263 307 293 328
b274 43 177 64 210
b275 197 409 225 431
b276 182 281 196 312
b277 257 456 269 503
b278 156 495 198 508
b279 250 328 293 367
b280 39 22 61 53
b281 348 434 378 452
b282 152 444 196 474
b283 428 425 441 440
b284 77 28 107 49
b285 39 90 52 123
b286 83 521 124 557
b287 371 133 413 154
b288 524 209 552 245
b289 371 197 408 230
b290 374 350 390 377
b291 45 272 88 300
b292 427 218 451 257
b293 195 114 238 133
b294 52 90 69 116
b295 0 420 13 463
b296 42 411 69 427
b297 378 480 416 511
b298 526 87 559 127
b299 143 367 156 380
