437023.5
560448
313599
561 559
526.592041
b0 287 205 314 220
b1 274 163 301 179
b2 129 60 155 82
b3 467 476 512 497
b4 429 362 474 402
b5 28 36 44 62
b6 95 171 133 198
b7 411 113 446 142
b8 408 360 429 396
b9 0 113 44 138
b10 143 95 174 110
b11 260 414 301 438
b12 36 276 55 293
b13 182 433 215 481
b14 354 135 375 179
b15 474 288 508 303
b16 0 187 45 229
b17 409 0 446 41
b18 277 279 321 322
b19 82 493 105 529
b20 37 263 54 276
b21 152 449 180 493
b22 468 47 503 76
b23 391 483 431 500
b24 273 111 291 135
b25 113 0 142 43
b26 514 136 532 163
b27 369 0 407 40
b28 287 179 299 203
b29 145 334 175 363
b30 282 135 302 163
b31 162 110 198 142
b32 524 0 546 19
b33 44 298 90 343
b34 216 440 245 452
b35 483 136 509 148
b36 227 270 257 297
b37 470 120 482 149
b38 357 229 378 248
b39 37 396 49 409
b40 179 366 226 385
b41 121 378 140 414
b42 240 53 286 78
b43 199 49 238 70
b44 348 345 372 372
b45 378 265 403 289
b46 378 289 397 302
b47 429 272 469 314
b48 93 338 121 372
b49 321 0 369 24
b50 240 0 259 14
b51 260 315 276 329
b52 276 371 294 408
b53 314 135 326 171
b54 226 356 260 386
b55 0 308 31 334
b56 62 105 93 151
b57 423 142 470 190
b58 448 420 473 445
b59 228 511 266 558
b60 95 87 111 126
b61 375 161 420 192
b62 378 229 424 265
b63 409 502 455 538
b64 513 351 528 384
b65 147 275 170 288
b66 192 195 237 237
b67 365 79 398 93
b68 316 107 361 135
b69 321 337 348 373
b70 528 351 544 396
b71 333 69 365 103
b72 123 303 138 335
b73 544 351 556 397
b74 105 510 139 553
b75 357 192 377 229
b76 474 208 513 244
b77 446 21 464 61
b78 43 431 85 447
b79 0 371 40 396
b80 0 257 36 272
b81 148 493 180 508
b82 408 413 447 437
b83 281 438 322 475
b84 0 498 38 532
b85 515 397 558 431
b86 365 40 409 79
b87 513 218 561 263
b88 66 0 95 44
b89 259 0 301 20
b90 403 265 427 311
b91 240 204 283 225
b92 503 41 550 86
b93 515 473 539 493
b94 121 347 140 378
b95 0 334 44 371
b96 395 314 428 360
b97 123 288 163 303
b98 132 82 167 95
b99 429 345 469 362
b100 288 63 333 107
b101 469 330 505 360
b102 95 198 131 238
b103 503 86 537 120
b104 315 210 357 224
b105 55 194 90 227
b106 411 71 423 104
b107 90 281 122 296
b108 43 447 81 484
b109 279 322 321 368
b110 143 142 185 181
b111 41 138 62 151
b112 138 303 163 333
b113 216 0 240 36
b114 474 244 508 288
b115 96 372 118 406
b116 143 110 162 138
b117 111 87 132 126
b118 470 149 514 187
b119 216 452 244 497
b120 245 440 281 476
b121 321 303 359 337
b122 128 467 148 510
b123 266 520 289 556
b124 147 244 182 275
b125 515 431 561 473
b126 123 335 145 347
b127 0 473 43 498
b128 326 506 354 550
b129 294 368 316 402
b130 174 80 200 110
b131 44 44 89 92
b132 113 449 152 467
b133 506 308 521 351
b134 55 251 89 298
b135 257 270 272 315
b136 248 319 260 356
b137 0 229 21 257
b138 90 296 118 338
b139 377 192 413 229
b140 359 302 402 314
b141 296 234 315 279
b142 315 248 352 275
b143 291 107 316 131
b144 473 412 513 427
b145 283 234 296 279
b146 240 78 288 111
b147 473 427 515 457
b148 447 402 467 420
b149 476 0 498 47
b150 532 136 555 167
b151 0 62 42 80
b152 361 115 377 134
b153 281 475 322 505
b154 199 0 216 22
b155 216 497 241 511
b156 468 76 496 92
b157 301 0 321 25
b158 187 270 200 293
b159 442 228 474 272
b160 508 263 535 279
b161 401 437 448 483
b162 95 0 113 31
b163 365 93 398 115
b164 355 463 391 504
b165 408 396 429 413
b166 180 481 216 515
b167 413 192 450 228
b168 514 194 555 218
b169 55 227 94 251
b170 147 181 192 210
b171 180 385 202 425
b172 174 210 187 237
b173 175 334 207 359
b174 260 371 276 414
b175 131 198 147 213
b176 322 430 355 468
b177 139 510 180 547
b178 129 43 148 60
b179 240 158 274 204
b180 521 332 561 351
b181 316 373 344 403
b182 341 24 365 69
b183 192 237 231 270
b184 355 404 401 429
b185 467 497 501 524
b186 0 80 31 113
b187 28 0 66 36
b188 200 70 240 107
b189 0 296 44 308
b190 469 303 506 330
b191 37 229 53 263
b192 508 279 556 308
b193 245 476 278 493
b194 468 92 496 105
b195 396 500 409 533
b196 355 504 396 545
b197 226 403 254 440
b198 180 536 228 555
b199 359 314 395 345
b200 200 107 237 150
b201 173 0 199 29
b202 318 171 352 210
b203 113 467 128 495
b204 253 20 294 53
b205 281 505 302 520
b206 0 438 42 473
b207 326 135 354 168
b208 200 270 227 290
b209 423 77 468 113
b210 372 345 385 369
b211 442 61 454 77
b212 140 428 182 449
b213 283 220 315 234
b214 483 105 500 132
b215 0 396 21 425
b216 260 329 279 371
b217 163 314 211 334
b218 74 151 89 194
b219 0 0 28 18
b220 348 372 385 402
b221 35 532 80 545
b222 161 55 195 80
b223 118 414 140 433
b224 180 515 225 536
b225 294 25 341 63
b226 474 360 513 376
b227 199 36 231 49
b228 322 486 343 506
b229 202 385 226 433
b230 409 41 442 71
b231 503 120 533 136
b232 240 135 282 158
b233 207 353 223 366
b234 322 468 355 486
b235 231 248 277 270
b236 85 454 112 493
b237 182 293 222 314
b238 514 167 553 194
b239 140 406 180 428
b240 359 278 378 301
b241 0 425 24 438
b242 503 19 543 41
b243 211 319 248 353
b244 398 79 411 116
b245 521 308 557 332
b246 385 360 408 404
b247 474 376 513 412
b248 131 213 174 244
b249 0 532 35 559
b250 142 0 173 34
b251 355 429 398 463
b252 473 457 501 476
b253 274 179 287 194
b254 85 441 109 454
b255 43 484 82 531
b256 44 92 65 105
b257 240 111 273 128
b258 95 43 129 87
b259 498 0 524 12
b260 411 142 423 161
b261 37 419 82 431
b262 301 403 349 430
b263 49 373 96 419
b264 237 225 282 248
b265 192 150 207 195
b266 95 126 143 171
b267 377 116 411 155
b268 227 297 252 319
b269 450 190 468 227
b270 163 288 178 311
b271 123 244 147 286
b272 0 272 35 296
b273 357 248 378 278
b274 161 34 194 55
b275 85 419 113 441
b276 431 488 462 502
b277 302 131 314 178
b278 24 396 37 438
b279 140 363 179 406
b280 43 151 74 173
b281 424 228 442 258
b282 49 343 93 373
b283 470 105 483 120
b284 446 0 476 21
b285 240 14 253 47
b286 0 138 41 174
b287 470 187 512 208
b288 321 275 357 303
b289 289 520 326 553
b290 302 178 318 205
b291 95 238 123 281
b292 315 224 354 248
b293 448 445 467 488
b294 226 386 252 403
b295 0 174 43 187
b296 21 229 37 256
b297 429 314 467 345
b298 207 150 240 190
b299 148 34 161 47
