549863.6894531
576053
314160
561 560
82.302937
b0 396 257 423 272
b1 348 443 364 470
b2 254 0 276 26
b3 285 346 330 367
b4 201 104 246 144
b5 90 67 106 93
b6 201 77 239 104
b7 177 464 206 499
b8 120 136 156 157
b9 49 31 93 56
b10 276 0 307 15
b11 247 236 271 277
b12 360 83 377 102
b13 312 298 345 346
b14 338 184 359 228
b15 330 428 364 443
b16 72 200 117 242
b17 198 325 239 362
b18 407 389 451 432
b19 402 456 438 479
b20 396 194 409 211
b21 296 116 340 144
b22 0 263 29 298
b23 360 0 400 17
b24 330 443 348 467
b25 127 88 170 117
b26 477 467 504 485
b27 290 411 330 449
b28 247 277 271 289
b29 69 119 98 149
b30 271 241 291 269
b31 239 397 271 433
b32 505 194 524 216
b33 156 124 201 170
b34 201 190 213 219
b35 423 260 449 272
b36 458 485 488 512
b37 360 208 389 220
b38 226 236 247 255
b39 108 172 120 185
b40 29 276 76 295
b41 448 145 467 181
b42 80 369 126 394
b43 396 272 435 293
b44 0 435 27 459
b45 453 379 477 404
b46 126 369 145 382
b47 501 321 543 361
b48 475 106 509 134
b49 138 428 186 452
b50 127 117 141 136
b51 448 449 464 463
b52 521 0 558 18
b53 29 295 65 307
b54 120 157 154 187
b55 0 404 26 435
b56 246 116 292 147
b57 206 454 254 501
b58 508 458 533 483
b59 126 452 164 499
b60 276 100 315 116
b61 296 205 327 250
b62 330 382 366 428
b63 201 255 247 291
b64 501 361 534 376
b65 201 219 224 232
b66 516 416 561 458
b67 392 130 425 144
b68 453 289 481 334
b69 375 354 411 381
b70 446 31 462 76
b71 468 134 500 168
b72 201 45 216 77
b73 539 261 551 307
b74 195 501 229 544
b75 366 412 386 449
b76 254 485 293 521
b77 354 260 394 278
b78 29 411 71 427
b79 488 520 528 545
b80 29 535 65 550
b81 187 386 202 418
b82 271 269 310 293
b83 480 0 521 37
b84 29 501 67 535
b85 151 275 194 309
b86 477 400 516 444
b87 151 230 199 275
b88 0 182 29 226
b89 60 369 80 411
b90 402 432 448 456
b91 313 516 334 559
b92 505 216 552 261
b93 390 60 410 84
b94 271 411 290 442
b95 508 483 552 520
b96 201 144 234 190
b97 435 109 475 124
b98 464 449 477 484
b99 441 463 458 503
b100 285 367 330 411
b101 345 312 375 348
b102 86 433 126 469
b103 117 230 151 264
b104 142 37 184 51
b105 216 37 249 72
b106 435 76 447 109
b107 80 394 95 426
b108 216 0 254 37
b109 296 159 338 205
b110 239 336 281 375
b111 0 352 21 365
b112 69 344 99 369
b113 93 43 129 67
b114 462 37 506 71
b115 99 347 133 369
b116 67 0 95 19
b117 477 379 516 400
b118 413 321 451 365
b119 206 408 234 453
b120 0 78 36 114
b121 201 291 239 325
b122 0 0 20 43
b123 363 524 399 547
b124 72 242 107 273
b125 377 84 419 130
b126 0 340 22 352
b127 29 476 72 501
b128 440 513 468 557
b129 234 178 268 200
b130 437 217 463 247
b131 151 322 196 370
b132 435 272 453 311
b133 467 168 510 183
b134 349 278 396 312
b135 239 291 254 336
b136 113 310 150 322
b137 0 459 28 480
b138 0 298 28 340
b139 360 171 396 208
b140 516 100 528 143
b141 484 81 529 100
b142 39 161 66 198
b143 436 181 460 206
b144 145 370 185 385
b145 460 204 505 217
b146 0 45 48 78
b147 109 280 151 310
b148 372 130 392 148
b149 67 538 114 560
b150 477 444 508 467
b151 145 386 187 404
b152 291 250 310 266
b153 95 0 125 41
b154 29 454 51 471
b155 201 232 226 246
b156 123 264 151 280
b157 340 116 360 141
b158 377 60 390 83
b159 506 37 538 81
b160 500 134 516 161
b161 400 0 446 47
b162 49 0 67 31
b163 64 427 86 460
b164 254 449 295 485
b165 184 37 201 58
b166 29 307 65 341
b167 364 451 401 487
b168 510 170 551 194
b169 129 64 168 88
b170 20 0 49 45
b171 29 341 69 363
b172 323 13 336 40
b173 410 47 435 79
b174 125 0 141 43
b175 107 264 123 279
b176 158 197 196 230
b177 160 0 201 37
b178 141 0 160 17
b179 254 521 300 555
b180 468 512 487 552
b181 323 40 353 68
b182 453 404 477 449
b183 0 149 39 182
b184 271 195 296 241
b185 327 228 354 262
b186 76 279 109 310
b187 501 285 539 321
b188 463 217 503 254
b189 360 102 372 146
b190 156 170 193 197
b191 106 67 122 101
b192 453 260 501 289
b193 162 529 195 546
b194 164 499 192 512
b195 206 395 239 408
b196 399 513 440 554
b197 334 513 362 550
b198 143 511 162 559
b199 234 147 270 178
b200 29 226 72 263
b201 254 307 283 333
b202 402 479 441 513
b203 0 248 28 263
b204 117 197 158 230
b205 239 433 254 454
b206 0 114 42 149
b207 396 293 429 321
b208 49 92 69 119
b209 226 200 271 236
b210 437 247 461 260
b211 360 45 376 57
b212 229 501 250 543
b213 315 68 329 100
b214 396 321 413 348
b215 114 532 143 553
b216 48 119 67 161
b217 254 26 274 74
b218 296 144 339 159
b219 360 17 378 45
b220 447 76 484 106
b221 164 452 177 497
b222 113 322 147 347
b223 405 144 424 166
b224 96 511 141 532
b225 276 15 323 53
b226 386 412 402 451
b227 307 0 339 13
b228 448 124 468 145
b229 271 147 295 195
b230 293 486 326 516
b231 295 449 311 479
b232 67 149 109 172
b233 185 370 198 386
b234 481 289 499 322
b235 239 375 285 397
b236 0 365 27 404
b237 339 144 360 184
b238 516 143 555 170
b239 254 74 276 114
b240 187 418 206 441
b241 162 546 186 559
b242 86 469 126 491
b243 364 487 398 524
b244 69 93 106 106
b245 501 261 537 285
b246 425 124 448 168
b247 310 262 349 298
b248 29 363 60 406
b249 29 427 64 454
b250 446 0 480 31
b251 329 470 363 513
b252 405 166 424 194
b253 285 293 300 306
b254 213 190 226 214
b255 276 53 315 100
b256 129 43 142 64
b257 162 512 195 529
b258 69 310 113 344
b259 126 499 152 511
b260 424 168 436 187
b261 78 491 123 503
b262 329 68 356 116
b263 390 211 437 257
b264 360 148 405 171
b265 201 0 216 45
b266 453 334 501 379
b267 330 348 369 382
b268 360 220 385 242
b269 311 449 329 486
b270 187 441 202 464
b271 145 404 187 428
b272 72 503 96 538
b273 467 183 497 204
b274 106 101 127 134
b275 0 226 28 248
b276 254 293 285 307
b277 300 298 312 345
b278 29 263 71 276
b279 95 394 138 433
b280 170 58 201 80
b281 360 242 390 260
b282 170 80 200 124
b283 300 516 313 531
b284 339 0 360 30
b285 69 106 102 119
b286 49 56 90 92
b287 375 312 396 354
b288 72 172 108 200
b289 202 362 239 395
b290 409 194 436 210
b291 29 198 72 226
b292 411 365 450 389
b293 378 17 397 60
b294 360 57 377 83
b295 151 309 194 322
b296 51 460 78 476
b297 369 381 407 412
b298 516 376 549 416
b299 106 134 119 147
