3111709.898438
3333973
1111344
274 4056
914.278976
b0 151 241 178 256
b1 73 1921 100 1937
b2 34 3048 56 3074
b3 71 2568 92 2613
b4 0 3811 40 3856
b5 148 719 164 745
b6 61 2019 99 2046
b7 81 2201 116 2230
b8 34 3000 55 3036
b9 194 473 238 498
b10 61 1482 76 1513
b11 92 2553 133 2577
b12 46 2848 63 2867
b13 57 3090 90 3138
b14 15 4000 59 4021
b15 181 47 215 62
b16 132 3328 177 3370
b17 49 1400 90 1437
b18 16 2002 59 2046
b19 29 1859 65 1882
b20 16 22 29 39
b21 42 3525 70 3569
b22 120 2942 155 2971
b23 117 1778 157 1795
b24 111 1330 129 1354
b25 87 3783 116 3826
b26 86 671 113 689
b27 13 3960 51 4000
b28 68 887 92 899
b29 90 1364 119 1394
b30 154 135 174 163
b31 120 2906 152 2942
b32 168 922 187 944
b33 153 315 198 361
b34 196 260 225 272
b35 61 1955 73 1981
b36 148 2035 175 2065
b37 136 2130 148 2159
b38 119 437 140 456
b39 157 808 169 821
b40 52 3138 71 3185
b41 98 1208 134 1227
b42 25 2725 71 2750
b43 107 2678 146 2699
b44 135 1076 162 1100
b45 122 374 146 399
b46 76 1552 95 1565
b47 54 3293 96 3333
b48 105 2725 133 2759
b49 108 2613 132 2661
b50 190 33 209 47
b51 64 3016 78 3032
b52 25 2615 62 2633
b53 99 2508 135 2520
b54 135 0 165 34
b55 54 3253 80 3284
b56 162 1076 208 1107
b57 76 1482 123 1530
b58 135 1100 160 1125
b59 33 3922 80 3960
b60 81 3138 120 3154
b61 107 1272 138 1317
b62 87 2870 133 2906
b63 100 2342 136 2388
b64 55 2553 88 2568
b65 63 2912 76 2935
b66 114 946 156 991
b67 59 2258 73 2291
b68 65 1820 93 1865
b69 22 3569 58 3596
b70 165 43 181 88
b71 154 103 188 135
b72 29 1482 61 1497
b73 13 2366 25 2412
b74 169 808 212 842
b75 71 2725 91 2762
b76 140 528 179 564
b77 176 135 216 153
b78 86 871 128 887
b79 62 1747 102 1772
b80 147 1243 183 1258
b81 136 2159 151 2191
b82 49 1247 88 1271
b83 49 0 86 41
b84 84 1611 118 1649
b85 206 291 240 334
b86 25 2750 64 2794
b87 55 2354 100 2402
b88 158 878 187 922
b89 46 2806 66 2848
b90 131 3304 177 3328
b91 114 887 157 908
b92 16 1955 61 2002
b93 61 2046 81 2070
b94 206 272 237 291
b95 13 3074 57 3111
b96 178 153 224 186
b97 165 88 205 103
b98 0 3856 13 3891
b99 126 1059 166 1076
b100 55 2508 99 2553
b101 92 2577 122 2613
b102 54 3217 94 3253
b103 160 473 194 507
b104 61 1688 103 1702
b105 86 2455 121 2488
b106 112 1135 124 1168
b107 116 1530 148 1545
b108 71 2613 108 2651
b109 193 214 235 260
b110 13 3111 52 3153
b111 171 507 184 528
b112 55 2291 85 2316
b113 92 2230 128 2254
b114 42 3481 76 3525
b115 117 788 151 810
b116 81 3193 109 3212
b117 16 2046 55 2067
b118 114 908 158 946
b119 49 1437 77 1482
b120 157 842 193 878
b121 99 2059 133 2097
b122 68 1227 111 1247
b123 67 1364 90 1400
b124 132 3245 163 3280
b125 62 1778 108 1820
b126 46 2794 68 2806
b127 165 0 190 43
b128 100 2388 144 2416
b129 92 1059 126 1081
b130 25 2366 55 2392
b131 102 2789 150 2834
b132 82 1649 100 1688
b133 0 4000 15 4043
b134 58 3617 92 3664
b135 102 2774 147 2789
b136 68 2762 105 2774
b137 119 1591 140 1619
b138 151 256 193 284
b139 64 3428 100 3465
b140 85 2258 97 2301
b141 93 1820 112 1865
b142 58 3664 85 3701
b143 133 2699 157 2724
b144 76 3481 91 3521
b145 147 674 160 719
b146 94 3212 142 3245
b147 57 3048 87 3090
b148 114 3245 132 3265
b149 118 1974 165 1996
b150 96 1702 119 1733
b151 49 1271 67 1313
b152 68 2813 84 2832
b153 135 163 176 193
b154 92 887 114 904
b155 96 1733 121 1747
b156 131 1227 159 1243
b157 13 3856 33 3881
b158 46 3701 69 3714
b159 40 3890 84 3922
b160 55 3032 82 3048
b161 25 2568 71 2615
b162 55 2402 86 2420
b163 16 0 49 22
b164 71 3849 107 3890
b165 156 564 177 581
b166 119 592 153 628
b167 86 0 122 37
b168 22 3596 46 3637
b169 106 1552 130 1591
b170 68 1104 97 1149
b171 99 2019 121 2059
b172 54 3204 81 3217
b173 134 1135 159 1167
b174 231 0 274 16
b175 64 3465 79 3481
b176 29 1702 62 1740
b177 119 400 160 437
b178 85 3546 102 3565
b179 160 400 206 434
b180 88 1265 107 1305
b181 34 2972 64 3000
b182 62 2678 107 2702
b183 121 1996 154 2035
b184 85 3521 131 3546
b185 69 3701 96 3735
b186 122 296 153 329
b187 66 2832 102 2870
b188 38 3738 75 3778
b189 58 2330 102 2342
b190 71 2651 108 2678
b191 131 628 147 662
b192 81 2097 110 2145
b193 152 2724 185 2741
b194 0 4043 28 4056
b195 86 37 119 50
b196 65 1865 106 1906
b197 119 564 156 592
b198 13 3185 61 3204
b199 92 991 123 1027
b200 81 2164 124 2201
b201 116 1243 142 1272
b202 100 2416 134 2455
b203 97 1135 112 1163
b204 190 0 231 33
b205 61 1580 82 1595
b206 0 3204 42 3239
b207 59 2230 92 2258
b208 151 788 178 808
b209 123 991 168 1027
b210 46 3714 59 3738
b211 151 284 167 296
b212 66 2870 87 2912
b213 55 2316 87 2330
b214 100 1906 117 1933
b215 122 241 151 262
b216 61 2145 103 2164
b217 135 193 155 241
b218 105 2759 148 2774
b219 88 1247 116 1265
b220 46 2935 76 2972
b221 0 30 13 75
b222 62 1702 96 1727
b223 59 2164 81 2183
b224 86 628 131 649
b225 40 3811 87 3849
b226 42 3333 81 3349
b227 123 1027 136 1059
b228 86 2488 107 2508
b229 117 810 141 858
b230 22 3778 52 3811
b231 0 0 16 30
b232 92 1081 134 1104
b233 188 103 204 116
b234 160 434 193 452
b235 84 1565 106 1611
b236 81 3154 108 3193
b237 97 1168 118 1208
b238 193 434 220 473
b239 76 1530 116 1552
b240 237 51 260 70
b241 122 0 135 24
b242 0 3239 22 3279
b243 108 3154 145 3188
b244 122 361 159 374
b245 114 3280 150 3304
b246 64 2972 87 3016
b247 29 1820 65 1859
b248 102 1747 145 1778
b249 144 2191 179 2218
b250 40 3849 71 3883
b251 29 1921 72 1955
b252 135 34 154 62
b253 116 1227 131 1240
b254 88 1317 112 1330
b255 159 361 206 400
b256 113 858 134 871
b257 123 1389 140 1422
b258 67 1330 111 1364
b259 16 2354 42 2366
b260 49 41 68 53
b261 42 3204 54 3249
b262 58 3569 85 3617
b263 147 628 194 674
b264 62 2702 107 2725
b265 73 1974 118 1989
b266 87 3735 132 3783
b267 68 2774 102 2813
b268 42 3349 64 3374
b269 224 33 261 51
b270 61 1565 84 1580
b271 16 2330 58 2354
b272 123 1354 147 1389
b273 13 2831 34 2861
b274 80 3272 113 3293
b275 178 186 200 214
b276 140 507 171 521
b277 142 3188 154 3235
b278 81 3373 94 3415
b279 131 745 170 788
b280 86 649 117 671
b281 68 1208 98 1226
b282 73 1989 117 2019
b283 65 1906 78 1921
b284 100 3428 130 3449
b285 124 2097 137 2130
b286 100 1933 136 1974
b287 121 2455 163 2476
b288 94 3373 122 3409
b289 13 2794 46 2831
b290 22 3637 38 3664
b291 133 2520 161 2563
b292 87 2906 111 2945
b293 153 296 196 315
b294 131 719 148 745
b295 81 3415 124 3428
b296 94 3245 110 3272
b297 97 1104 135 1135
b298 81 3333 114 3373
b299 92 3565 105 3578
