227819.390625
230231
206115
455 453
9.500665
b0 194 54 237 87
b1 336 318 373 383
b2 126 364 179 398
b3 276 0 343 37
b4 110 100 139 119
b5 252 155 301 194
b6 194 125 212 165
b7 40 424 80 446
b8 118 192 180 242
b9 323 61 339 102
b10 349 28 367 80
b11 0 0 59 39
b12 0 148 61 176
b13 291 102 348 150
b14 0 263 63 306
b15 375 291 434 343
b16 201 260 237 317
b17 380 207 446 251
b18 0 39 51 87
b19 373 413 423 444
b20 212 155 249 174
b21 99 289 149 353
b22 83 0 132 34
b23 328 212 348 261
b24 276 239 304 284
b25 237 52 276 106
b26 0 333 40 388
b27 349 81 414 106
b28 349 106 388 152
b29 190 174 252 198
b30 323 37 349 61
b31 308 150 334 184
b32 63 227 106 280
b33 276 217 311 239
b34 38 306 92 333
b35 194 87 225 125
b36 162 403 229 442
b37 334 152 354 212
b38 290 359 313 416
b39 221 0 276 52
b40 354 219 380 248
b41 237 320 292 347
b42 189 198 242 260
b43 0 217 61 263
b44 276 37 323 102
b45 146 148 190 171
b46 292 320 314 359
b47 40 391 105 424
b48 83 61 110 118
b49 367 0 432 47
b50 242 288 309 320
b51 314 415 371 453
b52 156 260 201 314
b53 146 171 189 192
b54 375 273 436 291
b55 367 47 423 81
b56 311 184 328 247
b57 59 37 77 84
b58 242 242 276 288
b59 179 366 229 403
b60 421 167 444 207
b61 275 194 308 217
b62 83 42 143 61
b63 376 167 421 203
b64 106 242 156 289
b65 61 171 118 227
b66 0 87 67 148
b67 146 108 190 148
b68 83 119 146 171
b69 194 0 221 54
b70 247 347 289 389
b71 314 318 336 382
b72 229 389 290 450
b73 388 106 455 167
b74 132 0 170 42
b75 343 0 362 28
b76 242 198 275 220
b77 309 261 375 318
b78 336 383 372 415
b79 0 176 60 217
b80 189 350 247 366
b81 149 314 189 364
b82 105 404 162 451
b83 242 220 258 242
b84 354 152 376 219
b85 414 81 434 106
b86 375 343 431 380
b87 110 61 154 100
b88 59 0 83 37
b89 0 306 38 333
b90 189 317 228 350
b91 375 380 431 413
b92 170 0 186 26
b93 0 388 35 453
b94 40 333 99 374
b95 107 353 126 404
b96 154 42 194 108
b97 40 374 107 391
b98 375 251 437 273
b99 225 106 291 155
