238294.796875
242022
204750
450 455
2.702572
b0 313 192 356 225
b1 123 64 188 101
b2 0 231 34 284
b3 0 0 37 67
b4 158 138 187 157
b5 351 47 390 96
b6 430 98 448 138
b7 102 141 124 181
b8 37 185 99 235
b9 368 343 409 359
b10 238 0 256 52
b11 391 203 450 242
b12 62 75 123 103
b13 391 242 439 299
b14 107 391 170 434
b15 390 19 442 78
b16 256 183 313 219
b17 378 299 444 343
b18 284 320 332 371
b19 185 219 235 250
b20 227 378 246 415
b21 43 278 107 328
b22 397 147 431 196
b23 235 201 255 250
b24 310 225 355 253
b25 184 0 238 39
b26 61 367 101 422
b27 37 42 62 107
b28 61 328 107 367
b29 122 0 184 24
b30 162 40 188 64
b31 124 138 158 164
b32 0 315 43 368
b33 356 259 391 281
b34 191 250 218 304
b35 0 284 38 315
b36 246 250 285 317
b37 390 78 450 98
b38 37 123 60 180
b39 309 101 364 153
b40 99 212 128 238
b41 0 130 27 185
b42 256 121 309 183
b43 0 368 61 414
b44 256 37 303 102
b45 118 40 162 63
b46 107 369 146 391
b47 126 268 191 301
b48 126 301 183 328
b49 306 0 371 47
b50 0 422 67 454
b51 246 317 284 374
b52 306 47 351 101
b53 79 0 122 21
b54 366 387 427 405
b55 357 203 391 259
b56 109 238 126 301
b57 187 201 234 219
b58 0 185 34 231
b59 256 0 306 37
b60 394 359 434 382
b61 0 83 33 106
b62 246 374 306 393
b63 332 320 368 365
b64 137 164 187 211
b65 128 212 185 268
b66 285 253 346 320
b67 62 141 102 185
b68 246 393 309 445
b69 256 219 310 246
b70 37 0 79 42
b71 170 391 192 455
b72 185 317 246 378
b73 188 52 255 113
b74 62 103 104 141
b75 371 0 399 19
b76 146 369 179 391
b77 309 387 366 453
b78 346 281 378 317
b79 188 113 248 154
b80 122 24 180 40
b81 357 153 397 203
b82 188 154 245 201
b83 37 107 59 123
b84 218 250 240 317
b85 79 21 104 41
b86 124 101 180 138
b87 313 153 357 192
b88 0 106 37 130
b89 99 185 137 212
b90 67 422 106 455
b91 62 42 118 75
b92 0 67 26 83
b93 192 378 227 443
b94 126 328 185 369
b95 256 102 307 121
b96 43 238 109 278
b97 109 301 126 368
b98 332 365 394 387
b99 364 98 430 147
