718336.8125
737377
546975
275 1989
13.802171
b0 20 1055 63 1088
b1 130 75 195 112
b2 20 736 73 770
b3 84 1006 121 1073
b4 134 642 163 661
b5 107 1283 146 1332
b6 107 1265 147 1283
b7 189 789 211 829
b8 118 194 168 256
b9 83 543 99 584
b10 125 349 143 401
b11 102 443 141 502
b12 125 415 186 443
b13 149 948 197 1005
b14 91 256 154 299
b15 73 878 132 930
b16 23 1652 59 1709
b17 143 349 187 415
b18 63 1214 111 1265
b19 39 1265 70 1315
b20 70 1265 107 1284
b21 20 959 84 1009
b22 23 1510 72 1544
b23 38 1789 58 1838
b24 81 1186 126 1214
b25 130 0 184 39
b26 83 602 138 642
b27 132 817 157 882
b28 96 1332 135 1378
b29 73 736 97 798
b30 78 414 102 440
b31 78 1411 104 1445
b32 57 1895 100 1948
b33 163 443 185 478
b34 91 22 118 76
b35 113 779 144 817
b36 39 1411 78 1478
b37 100 1698 120 1758
b38 110 1466 133 1523
b39 66 1839 118 1894
b40 73 930 99 959
b41 104 1411 131 1466
b42 38 1736 100 1789
b43 20 1009 81 1055
b44 84 959 149 1006
b45 0 1133 23 1177
b46 91 0 130 22
b47 178 122 243 155
b48 0 1895 57 1922
b49 78 349 125 414
b50 91 317 158 349
b51 82 642 120 699
b52 164 722 218 767
b53 39 583 82 604
b54 113 817 131 878
b55 241 0 275 56
b56 130 112 147 175
b57 195 75 213 122
b58 97 745 143 779
b59 39 699 89 736
b60 73 798 113 821
b61 84 1585 117 1608
b62 118 175 178 194
b63 20 1088 56 1133
b64 81 1139 131 1186
b65 184 0 241 56
b66 134 661 201 722
b67 39 543 83 583
b68 39 0 91 63
b69 38 1709 92 1736
b70 147 1201 189 1243
b71 144 767 208 789
b72 154 256 215 317
b73 23 1585 84 1652
b74 72 1510 110 1552
b75 20 0 39 28
b76 72 1552 94 1585
b77 0 1838 66 1895
b78 39 1478 75 1510
b79 78 502 138 543
b80 23 1133 39 1191
b81 66 1789 106 1839
b82 92 1641 139 1698
b83 92 1608 114 1624
b84 97 723 164 745
b85 0 0 20 25
b86 106 1758 162 1795
b87 39 63 78 107
b88 97 699 134 723
b89 0 1709 38 1736
b90 114 1608 153 1641
b91 70 1378 126 1411
b92 70 1284 96 1300
b93 121 1006 186 1041
b94 99 543 140 602
b95 184 56 235 75
b96 149 882 189 948
b97 0 1922 17 1989
b98 131 1139 153 1201
b99 84 1073 133 1139
