239867.3867188
243668
205662
453 454
7.394406
b0 309 251 352 284
b1 0 61 65 98
b2 279 360 313 413
b3 85 43 122 110
b4 0 167 19 196
b5 140 313 189 352
b6 66 241 84 281
b7 152 253 192 275
b8 197 287 247 349
b9 85 27 126 43
b10 299 156 317 208
b11 186 40 245 79
b12 85 170 113 231
b13 126 39 183 87
b14 362 61 425 104
b15 270 284 322 343
b16 16 290 73 326
b17 197 349 263 393
b18 402 104 453 152
b19 180 190 230 221
b20 388 252 425 271
b21 125 352 175 416
b22 297 0 346 34
b23 353 319 373 368
b24 360 274 388 319
b25 32 326 71 380
b26 253 0 293 55
b27 38 98 63 163
b28 84 287 130 326
b29 19 167 81 191
b30 425 178 449 204
b31 118 226 152 252
b32 317 142 360 195
b33 118 252 140 287
b34 425 224 452 278
b35 322 284 360 315
b36 113 170 180 209
b37 63 98 83 158
b38 247 282 270 339
b39 245 55 297 110
b40 312 425 338 454
b41 152 226 207 253
b42 237 156 299 209
b43 239 110 300 156
b44 297 34 362 81
b45 0 384 44 407
b46 126 87 165 109
b47 388 187 421 252
b48 85 0 142 27
b49 379 319 444 366
b50 250 209 317 241
b51 140 275 197 313
b52 71 326 125 371
b53 207 221 250 242
b54 388 300 449 318
b55 317 195 373 229
b56 113 209 176 226
b57 67 0 85 47
b58 197 253 243 287
b59 44 380 94 417
b60 330 315 353 355
b61 186 0 209 33
b62 260 393 279 453
b63 352 229 388 274
b64 183 143 233 190
b65 126 109 183 165
b66 374 0 441 61
b67 209 0 253 40
b68 197 393 260 445
b69 183 116 237 143
b70 0 196 42 238
b71 175 352 197 416
b72 300 81 361 142
b73 0 0 67 61
b74 0 125 38 167
b75 346 0 374 19
b76 317 229 350 251
b77 313 368 379 425
b78 0 348 32 384
b79 85 110 126 170
b80 0 290 16 348
b81 42 191 82 241
b82 379 366 436 413
b83 0 407 22 423
b84 338 425 405 447
b85 425 204 450 224
b86 183 79 239 116
b87 142 0 186 39
b88 388 163 425 187
b89 0 98 38 125
b90 279 413 312 452
b91 85 231 118 287
b92 425 152 441 178
b93 125 416 190 451
b94 361 104 402 163
b95 94 371 113 422
b96 243 242 309 282
b97 263 343 330 360
b98 388 278 450 300
b99 0 241 66 290
