1766891.5
1766891.5
620259
249 2491
213.844386
b0 172 1562 208 1578
b1 27 899 46 938
b2 84 1509 125 1544
b3 44 1789 62 1836
b4 44 1757 70 1789
b5 26 0 61 31
b6 94 541 123 554
b7 132 1390 160 1411
b8 88 835 120 850
b9 14 1673 60 1707
b10 29 1608 74 1640
b11 53 2276 67 2312
b12 91 1467 127 1509
b13 107 398 155 443
b14 62 2133 77 2158
b15 14 1317 59 1363
b16 103 2083 121 2105
b17 59 1295 92 1321
b18 132 1411 166 1430
b19 62 1980 92 1992
b20 80 184 108 217
b21 138 168 182 207
b22 74 1608 100 1647
b23 132 1763 172 1788
b24 105 169 130 184
b25 128 1836 164 1872
b26 92 1990 135 2015
b27 29 2416 63 2431
b28 86 1798 132 1836
b29 0 2432 12 2469
b30 78 1390 95 1417
b31 125 1001 162 1017
b32 174 1101 197 1133
b33 71 964 89 1000
b34 46 1153 65 1191
b35 160 1033 175 1066
b36 89 1007 117 1019
b37 163 106 179 127
b38 67 740 100 766
b39 108 184 138 226
b40 73 780 101 821
b41 44 2051 60 2067
b42 93 1647 112 1691
b43 33 2158 73 2192
b44 14 1707 41 1723
b45 19 2379 33 2416
b46 125 1900 173 1915
b47 67 766 90 780
b48 86 1703 110 1729
b49 110 1716 150 1747
b50 145 64 178 106
b51 14 1723 41 1771
b52 27 1280 54 1317
b53 112 443 129 461
b54 26 431 69 447
b55 14 806 27 852
b56 110 1691 132 1716
b57 27 851 46 899
b58 69 431 88 472
b59 79 694 125 740
b60 53 1573 83 1608
b61 89 973 122 1007
b62 46 1191 83 1236
b63 14 1363 29 1398
b64 120 835 167 883
b65 70 1925 100 1958
b66 53 1542 84 1573
b67 171 929 215 966
b68 13 2227 48 2251
b69 101 1919 120 1957
b70 88 821 124 835
b71 145 30 187 64
b72 132 1788 166 1821
b73 80 241 98 279
b74 33 2089 62 2107
b75 85 328 108 355
b76 26 794 40 806
b77 124 777 148 793
b78 48 2233 74 2276
b79 88 397 107 434
b80 25 2212 39 2227
b81 108 226 140 246
b82 29 1640 61 1673
b83 59 1321 78 1358
b84 102 246 145 283
b85 100 740 148 777
b86 88 443 112 467
b87 27 1261 72 1280
b88 88 467 116 510
b89 110 1763 122 1798
b90 62 2015 107 2039
b91 99 599 143 627
b92 92 1366 134 1390
b93 86 1879 129 1900
b94 26 447 41 463
b95 213 0 249 25
b96 41 447 66 492
b97 188 0 213 28
b98 105 48 121 74
b99 148 459 185 479
b100 150 1502 177 1527
b101 105 0 145 48
b102 69 599 94 637
b103 13 2251 45 2283
b104 67 2276 103 2301
b105 94 510 136 541
b106 83 1153 117 1192
b107 110 1747 155 1763
b108 66 637 99 649
b109 70 1958 82 1980
b110 61 0 105 23
b111 188 28 206 41
b112 71 1000 89 1046
b113 63 2105 106 2133
b114 208 966 247 985
b115 124 793 161 823
b116 53 2312 90 2354
b117 29 1363 53 1400
b118 155 1527 194 1562
b119 150 1466 174 1502
b120 66 649 81 694
b121 90 554 122 599
b122 145 0 188 30
b123 166 1066 179 1101
b124 0 1817 13 1856
b125 46 851 64 879
b126 41 1707 79 1735
b127 63 2372 87 2394
b128 19 2354 55 2379
b129 0 1771 44 1817
b130 27 806 71 851
b131 25 2192 61 2212
b132 41 694 79 710
b133 0 0 14 12
b134 0 2416 29 2432
b135 85 279 100 316
b136 101 1900 125 1919
b137 55 2354 77 2372
b138 33 2067 63 2089
b139 92 1295 125 1326
b140 13 1836 25 1852
b141 61 397 86 431
b142 147 883 174 929
b143 78 2039 124 2083
b144 64 1046 89 1075
b145 72 1261 117 1295
b146 88 883 121 917
b147 14 0 26 31
b148 71 821 88 846
b149 0 2469 22 2491
b150 46 879 59 909
b151 116 1326 132 1353
b152 100 1957 133 1990
b153 63 2083 103 2095
b154 59 1109 101 1153
b155 12 2432 24 2445
b156 95 1390 114 1432
b157 121 106 163 118
b158 105 152 133 169
b159 61 279 85 315
b160 149 207 161 243
b161 61 23 80 54
b162 117 917 147 929
b163 71 917 117 964
b164 59 1467 91 1494
b165 26 730 67 763
b166 60 1691 96 1703
b167 26 780 73 794
b168 46 1236 83 1261
b169 125 973 171 1001
b170 100 283 122 328
b171 121 118 156 152
b172 70 1900 101 1925
b173 44 1735 86 1757
b174 69 510 94 530
b175 44 2039 78 2051
b176 160 1017 180 1033
b177 69 530 90 561
b178 133 152 153 168
b179 61 2192 106 2233
b180 0 2283 19 2304
b181 83 355 98 397
b182 60 1673 93 1685
b183 136 443 173 459
b184 13 1817 33 1836
b185 117 929 130 973
b186 59 1494 72 1542
b187 80 217 102 241
b188 92 1326 116 1366
b189 41 710 72 730
b190 64 1075 101 1109
b191 187 41 229 78
b192 61 315 83 343
b193 107 355 149 398
b194 86 1836 128 1879
b195 132 1430 157 1466
b196 29 2431 68 2447
b197 78 1432 125 1467
b198 180 966 202 1006
b199 19 2283 53 2323
