311038.5
421821
200256
447 448
48.38159
b0 61 33 97 49
b1 61 77 80 116
b2 403 276 444 311
b3 388 94 435 112
b4 107 42 133 74
b5 356 157 387 192
b6 164 169 177 198
b7 148 71 176 92
b8 109 349 124 381
b9 178 400 212 446
b10 358 276 403 308
b11 114 335 150 349
b12 96 295 138 331
b13 399 311 447 356
b14 57 227 82 242
b15 260 197 306 242
b16 334 375 356 393
b17 148 45 181 71
b18 381 367 415 386
b19 80 120 110 132
b20 260 395 288 428
b21 182 48 221 92
b22 212 412 251 438
b23 167 204 207 229
b24 358 352 383 367
b25 274 113 310 149
b26 36 247 79 272
b27 0 227 15 261
b28 310 157 356 195
b29 126 237 163 249
b30 313 346 340 363
b31 127 139 164 155
b32 80 132 112 155
b33 78 301 96 337
b34 322 88 341 126
b35 300 38 333 53
b36 334 126 346 154
b37 125 249 146 265
b38 356 34 389 60
b39 280 149 310 191
b40 126 209 167 237
b41 19 22 35 38
b42 195 129 214 173
b43 352 242 392 276
b44 0 73 27 89
b45 207 333 221 370
b46 133 42 148 90
b47 244 254 258 277
b48 103 174 127 200
b49 164 129 195 169
b50 297 313 339 346
b51 124 353 151 401
b52 260 368 297 395
b53 61 116 79 133
b54 150 337 193 353
b55 374 111 387 157
b56 259 309 284 331
b57 288 395 307 443
b58 339 285 358 326
b59 171 263 217 309
b60 138 300 168 335
b61 36 272 70 305
b62 36 349 73 394
b63 12 38 27 73
b64 182 0 229 48
b65 127 179 160 209
b66 151 353 182 384
b67 266 76 310 113
b68 46 418 81 442
b69 392 257 430 276
b70 217 271 231 307
b71 27 60 61 102
b72 347 0 380 34
b73 18 102 36 140
b74 346 128 364 157
b75 103 200 126 227
b76 344 38 356 52
b77 0 306 24 322
b78 274 33 300 76
b79 0 0 19 37
b80 100 331 114 346
b81 0 346 32 366
b82 274 0 306 33
b83 297 372 334 391
b84 389 22 432 59
b85 157 92 205 129
b86 310 126 334 150
b87 388 112 407 157
b88 57 199 100 227
b89 0 37 12 72
b90 193 309 238 333
b91 384 402 412 446
b92 61 155 103 179
b93 238 277 259 320
b94 79 264 95 279
b95 352 195 388 220
b96 221 64 266 89
b97 182 353 207 381
b98 297 346 313 372
b99 0 140 37 160
b100 81 423 108 448
b101 212 372 260 412
b102 35 22 60 60
b103 214 143 246 175
b104 32 211 57 247
b105 136 401 178 432
b106 221 333 255 372
b107 244 209 260 254
b108 28 168 61 180
b109 334 363 356 375
b110 0 261 23 305
b111 37 155 55 168
b112 0 89 18 135
b113 371 308 399 351
b114 171 229 210 248
b115 278 242 308 279
b116 255 331 297 368
b117 36 394 73 418
b118 389 59 428 94
b119 319 393 343 429
b120 121 401 136 446
b121 0 182 32 227
b122 73 381 116 411
b123 238 108 251 143
b124 259 270 272 309
b125 260 242 278 270
b126 294 285 332 313
b127 37 133 61 155
b128 73 355 109 380
b129 308 239 352 285
b130 229 20 274 64
b131 61 179 97 199
b132 331 0 347 38
b133 246 197 260 209
b134 245 0 274 16
b135 251 428 288 443
b136 103 155 127 174
b137 78 337 100 355
b138 272 279 294 309
b139 177 173 210 204
b140 381 386 393 402
b141 306 0 331 34
b142 0 418 46 445
b143 306 195 352 239
b144 95 264 124 289
b145 148 0 182 45
b146 138 266 171 300
b147 15 227 27 258
b148 146 249 171 266
b149 70 279 92 301
b150 124 265 137 295
b151 340 326 356 353
b152 205 92 238 125
b153 81 411 121 423
b154 36 305 78 349
b155 171 309 184 321
b156 129 0 148 42
b157 388 203 430 215
b158 346 111 374 128
b159 0 322 36 346
b160 307 391 319 427
b161 213 212 244 231
b162 310 88 322 118
b163 388 157 435 203
b164 102 0 129 32
b165 61 0 102 33
b166 0 406 36 418
b167 341 97 388 111
b168 100 227 125 264
b169 61 49 107 77
b170 258 152 280 197
b171 310 53 344 88
b172 32 180 57 211
b173 19 0 61 22
b174 407 112 432 132
b175 127 155 161 167
b176 168 321 188 337
b177 407 132 438 153
b178 229 0 245 20
b179 343 403 384 448
b180 182 381 203 400
b181 171 248 213 263
b182 127 167 160 179
b183 82 227 98 264
b184 238 89 258 108
b185 358 308 371 352
b186 23 258 36 306
b187 389 0 413 22
b188 217 231 241 271
b189 36 102 56 133
b190 210 175 244 212
b191 344 60 386 97
b192 0 160 28 182
b193 80 77 122 120
b194 392 215 435 257
b195 356 367 381 403
b196 258 113 274 152
b197 122 92 157 139
b198 352 220 392 242
b199 0 366 34 406
