1195056.5
1757866
632247
253 2499
178.529945
b0 50 1507 86 1523
b1 90 370 109 409
b2 79 470 120 505
b3 50 1523 68 1570
b4 43 1717 69 1749
b5 58 1220 93 1251
b6 104 1837 133 1850
b7 88 1414 116 1435
b8 43 1946 75 1961
b9 74 1015 120 1049
b10 111 1789 156 1821
b11 105 145 119 181
b12 91 1139 127 1181
b13 107 1669 155 1714
b14 95 855 110 880
b15 46 1174 91 1220
b16 41 988 59 1010
b17 83 771 116 797
b18 14 1459 48 1478
b19 152 76 182 88
b20 156 477 184 510
b21 120 534 164 573
b22 120 470 146 509
b23 74 989 114 1014
b24 90 0 115 15
b25 87 1714 123 1750
b26 71 2076 114 2101
b27 119 251 153 266
b28 119 213 165 251
b29 131 1553 143 1590
b30 69 2182 86 2209
b31 111 1821 148 1837
b32 127 350 150 382
b33 95 819 113 855
b34 98 1850 117 1888
b35 121 1218 136 1251
b36 71 1832 99 1844
b37 71 1641 87 1662
b38 114 989 147 1015
b39 83 1063 113 1105
b40 48 914 76 955
b41 87 1750 103 1766
b42 48 867 67 911
b43 41 1140 81 1174
b44 80 1961 107 1977
b45 0 0 14 37
b46 165 28 213 43
b47 81 1049 104 1063
b48 69 1862 93 1888
b49 71 1789 111 1820
b50 119 866 152 908
b51 79 650 106 698
b52 28 1321 55 1358
b53 138 1714 155 1732
b54 71 2060 114 2076
b55 79 698 92 744
b56 86 1553 108 1578
b57 146 429 165 477
b58 48 1598 67 1639
b59 86 1507 132 1553
b60 162 88 192 123
b61 24 2438 57 2472
b62 43 2015 80 2060
b63 123 1714 138 1749
b64 48 819 95 867
b65 125 684 155 717
b66 116 573 147 604
b67 121 1181 165 1218
b68 48 744 83 768
b69 98 1888 117 1926
b70 124 1015 160 1029
b71 106 650 148 684
b72 152 43 186 76
b73 28 1174 46 1212
b74 69 1844 98 1862
b75 83 744 106 771
b76 14 39 28 51
b77 107 1578 131 1594
b78 131 1590 157 1633
b79 106 684 125 721
b80 95 1435 109 1450
b81 150 266 182 286
b82 62 1276 94 1309
b83 116 2097 135 2134
b84 56 1470 99 1507
b85 34 2331 82 2368
b86 165 553 189 577
b87 114 2078 159 2097
b88 67 1598 95 1641
b89 93 1926 105 1961
b90 90 446 135 470
b91 27 2060 71 2088
b92 27 2118 69 2142
b93 0 1700 43 1721
b94 90 15 105 31
b95 46 1251 82 1276
b96 123 1251 148 1296
b97 0 2220 25 2248
b98 143 1352 159 1378
b99 90 350 127 370
b100 0 1721 27 1746
b101 34 2283 74 2331
b102 27 2142 52 2180
b103 56 1380 88 1412
b104 14 1434 50 1459
b105 41 1109 83 1140
b106 14 0 48 39
b107 208 0 253 16
b108 146 417 179 429
b109 117 1850 129 1872
b110 123 1749 167 1772
b111 79 505 97 518
b112 192 59 210 105
b113 165 0 208 28
b114 68 1578 107 1597
b115 25 2408 62 2438
b116 107 1926 144 1968
b117 0 2248 24 2285
b118 56 1435 95 1470
b119 150 286 174 322
b120 155 168 170 213
b121 162 123 194 168
b122 27 2088 70 2118
b123 94 1267 107 1302
b124 28 1358 41 1397
b125 50 1570 68 1598
b126 56 1352 94 1380
b127 83 797 107 819
b128 120 509 156 534
b129 97 604 141 650
b130 114 2015 158 2060
b131 186 577 222 597
b132 80 1977 118 1993
b133 132 1340 146 1352
b134 94 1251 123 1267
b135 39 1663 54 1700
b136 54 2209 78 2228
b137 114 2060 136 2078
b138 113 797 143 819
b139 116 763 149 794
b140 50 1276 62 1292
b141 88 1380 113 1414
b142 94 1181 121 1227
b143 113 1296 159 1340
b144 109 417 134 446
b145 74 955 119 989
b146 91 1105 124 1139
b147 55 1321 67 1352
b148 71 2101 88 2126
b149 48 1641 70 1663
b150 152 0 165 30
b151 103 1750 119 1777
b152 41 955 74 988
b153 115 102 155 114
b154 48 0 90 44
b155 46 1220 58 1233
b156 106 721 125 763
b157 87 1777 129 1789
b158 43 1700 71 1717
b159 74 2283 98 2319
b160 59 1073 71 1109
b161 14 1498 33 1529
b162 156 1772 186 1784
b163 119 819 165 866
b164 0 2472 32 2499
b165 165 213 206 246
b166 50 1309 86 1321
b167 115 88 162 102
b168 115 0 152 25
b169 70 2126 116 2154
b170 28 1276 50 1321
b171 54 2249 89 2283
b172 48 44 79 69
b173 75 1993 117 2015
b174 14 1478 39 1498
b175 158 1784 192 1796
b176 132 1633 152 1649
b177 115 114 136 145
b178 87 1641 107 1657
b179 105 266 150 307
b180 97 505 116 526
b181 69 1888 84 1930
b182 71 1820 104 1832
b183 43 1930 80 1946
b184 34 2180 54 2199
b185 179 286 192 330
b186 28 39 41 87
b187 59 1049 81 1073
b188 78 2209 102 2249
b189 25 2368 56 2388
b190 67 880 104 914
b191 14 1397 56 1434
b192 70 2154 92 2182
b193 105 307 147 350
b194 165 510 207 553
b195 107 1633 132 1669
b196 186 43 225 59
b197 127 382 174 417
b198 56 2368 78 2408
b199 0 2180 34 2220
