233224.1972656
236337
205209
453 453
6.26097
b0 186 307 229 340
b1 377 102 442 139
b2 374 335 408 388
b3 236 247 303 284
b4 109 105 128 134
b5 128 105 177 144
b6 188 0 206 40
b7 216 122 238 162
b8 0 202 62 252
b9 177 114 193 155
b10 347 317 399 335
b11 122 281 181 320
b12 24 0 52 61
b13 166 162 214 219
b14 258 401 321 444
b15 307 142 366 194
b16 52 100 109 136
b17 303 216 369 260
b18 74 174 125 222
b19 91 299 122 349
b20 370 244 389 281
b21 186 219 236 283
b22 125 229 159 278
b23 399 229 419 278
b24 402 285 447 313
b25 78 0 132 39
b26 324 386 364 441
b27 377 139 442 164
b28 275 0 314 46
b29 0 0 24 62
b30 160 320 186 344
b31 52 0 78 34
b32 62 256 115 299
b33 0 99 22 134
b34 374 164 401 218
b35 74 136 105 174
b36 125 162 164 229
b37 52 80 112 100
b38 181 284 238 307
b39 166 391 221 443
b40 370 218 399 244
b41 0 298 27 353
b42 0 391 53 453
b43 0 252 61 298
b44 401 164 448 229
b45 280 378 324 401
b46 408 370 447 392
b47 255 56 288 121
b48 179 57 206 114
b49 238 139 303 186
b50 112 73 179 105
b51 408 313 446 370
b52 100 389 154 434
b53 229 319 272 340
b54 105 144 166 162
b55 419 229 453 285
b56 24 61 41 124
b57 255 121 302 139
b58 63 222 109 256
b59 221 399 258 449
b60 193 122 216 162
b61 314 0 337 33
b62 288 46 307 106
b63 206 0 242 45
b64 53 389 100 439
b65 132 0 188 57
b66 236 186 303 247
b67 337 0 377 44
b68 377 39 429 102
b69 27 321 81 348
b70 280 336 322 378
b71 27 299 91 321
b72 364 392 425 453
b73 307 81 374 142
b74 0 353 42 391
b75 377 20 405 39
b76 41 136 74 158
b77 303 260 369 317
b78 370 281 402 317
b79 52 39 112 80
b80 112 57 170 73
b81 42 349 92 389
b82 166 344 223 391
b83 223 340 239 362
b84 303 194 370 216
b85 377 0 402 20
b86 314 44 370 81
b87 24 158 63 202
b88 0 62 24 99
b89 122 320 160 347
b90 322 336 355 375
b91 242 0 275 56
b92 109 222 125 248
b93 238 284 303 319
b94 239 340 280 399
b95 355 335 374 386
b96 100 349 166 389
b97 280 319 347 336
b98 164 219 186 281
b99 206 56 255 122
