312004.25
421508.5
202500
450 450
50.19805
b0 401 332 417 368
b1 244 288 283 307
b2 391 388 426 429
b3 381 202 399 249
b4 46 268 78 294
b5 318 230 353 261
b6 221 0 250 13
b7 300 339 321 367
b8 124 258 139 290
b9 240 152 286 186
b10 79 243 124 275
b11 262 138 298 152
b12 66 71 108 107
b13 346 388 391 436
b14 0 271 25 286
b15 171 260 216 306
b16 321 35 339 57
b17 162 159 195 185
b18 278 119 312 138
b19 278 75 290 105
b20 417 332 450 360
b21 234 57 278 96
b22 177 126 216 152
b23 0 338 40 363
b24 286 156 301 181
b25 135 222 171 258
b26 213 320 238 363
b27 73 393 88 427
b28 216 114 262 152
b29 28 84 65 96
b30 374 147 401 164
b31 171 31 187 68
b32 80 24 112 47
b33 315 119 333 155
b34 320 278 358 297
b35 162 126 177 159
b36 401 245 413 273
b37 275 0 296 16
b38 267 375 300 401
b39 398 48 440 78
b40 104 327 132 368
b41 108 62 124 78
b42 202 0 221 44
b43 384 78 424 112
b44 108 78 124 105
b45 129 62 166 76
b46 339 19 354 67
b47 221 13 235 36
b48 290 81 314 107
b49 0 363 31 403
b50 64 107 106 140
b51 408 0 435 48
b52 401 147 438 174
b53 298 138 315 156
b54 358 116 374 159
b55 308 35 321 81
b56 321 67 346 89
b57 253 198 272 246
b58 64 140 105 159
b59 0 194 46 240
b60 283 233 318 263
b61 0 161 34 194
b62 399 193 444 230
b63 129 31 164 46
b64 69 163 117 210
b65 278 42 308 75
b66 171 0 202 31
b67 321 314 358 358
b68 413 250 437 285
b69 379 164 398 202
b70 28 116 64 130
b71 100 416 142 450
b72 272 186 305 220
b73 117 163 135 201
b74 234 96 263 114
b75 46 159 69 186
b76 267 361 279 375
b77 330 395 346 419
b78 171 68 197 111
b79 216 228 253 247
b80 401 230 415 245
b81 117 290 137 322
b82 102 210 135 242
b83 401 174 438 193
b84 358 351 401 388
b85 283 263 320 311
b86 333 113 357 137
b87 330 164 375 183
b88 224 376 267 404
b89 253 404 288 416
b90 216 247 261 271
b91 45 394 73 438
b92 66 47 108 71
b93 25 240 46 283
b94 136 401 152 416
b95 354 183 379 219
b96 137 117 162 162
b97 39 130 64 158
b98 135 196 151 222
b99 46 231 66 268
b100 333 137 358 164
b101 0 0 48 40
b102 358 326 396 351
b103 139 298 171 330
b104 260 17 296 42
b105 129 0 171 31
b106 137 367 176 401
b107 238 331 254 376
b108 88 393 100 426
b109 305 192 317 214
b110 152 404 196 427
b111 129 76 147 89
b112 48 31 66 77
b113 353 219 381 262
b114 0 130 39 149
b115 40 327 77 357
b116 171 320 213 357
b117 80 0 117 24
b118 393 112 432 147
b119 372 0 408 24
b120 171 111 216 126
b121 104 368 136 413
b122 170 186 213 216
b123 211 363 224 398
b124 254 331 267 370
b125 216 287 244 305
b126 278 311 316 339
b127 300 367 322 391
b128 129 92 165 117
b129 354 24 398 70
b130 171 216 216 260
b131 28 96 64 116
b132 320 262 358 278
b133 302 220 316 232
b134 129 46 158 62
b135 216 213 253 228
b136 151 196 170 220
b137 149 330 171 348
b138 267 339 297 361
b139 31 363 64 394
b140 0 149 16 161
b141 137 162 162 196
b142 357 70 384 116
b143 0 40 46 84
b144 108 117 137 142
b145 195 152 240 186
b146 68 210 102 243
b147 139 286 170 298
b148 250 0 275 17
b149 253 416 275 438
b150 272 220 302 233
b151 216 186 232 213
b152 46 294 79 327
b153 232 186 272 198
b154 288 401 330 445
b155 104 315 117 327
b156 330 0 372 19
b157 117 0 129 42
b158 320 297 348 314
b159 321 89 357 113
b160 305 156 317 192
b161 0 319 31 338
b162 290 107 320 119
b163 401 285 447 332
b164 77 327 104 359
b165 0 286 41 319
b166 34 158 46 194
b167 171 306 218 320
b168 235 17 260 54
b169 0 84 28 130
b170 46 186 68 231
b171 296 0 330 35
b172 0 240 25 271
b173 261 246 283 288
b174 415 230 440 250
b175 137 330 149 364
b176 112 42 128 62
b177 106 142 137 163
b178 147 76 167 92
b179 0 403 45 444
b180 374 116 393 137
b181 263 96 278 138
b182 68 0 80 33
b183 322 358 338 395
b184 149 348 169 367
b185 317 155 330 199
b186 187 44 235 57
b187 330 183 354 205
b188 238 307 278 331
b189 48 0 68 31
b190 64 359 101 393
b191 197 57 234 99
b192 139 258 161 286
b193 211 404 253 447
b194 358 284 401 326
b195 317 205 353 230
b196 216 271 255 287
b197 176 357 211 404
b198 358 262 398 284
b199 79 275 113 315
