297913
394225
201601
449 449
108.230353
b0 382 279 418 295
b1 55 249 74 288
b2 60 0 101 35
b3 425 125 443 172
b4 256 420 288 446
b5 317 105 348 140
b6 198 178 211 207
b7 123 310 144 338
b8 66 376 98 391
b9 317 305 351 351
b10 55 300 87 345
b11 220 152 256 166
b12 152 143 194 179
b13 12 0 60 45
b14 121 338 146 353
b15 215 346 261 391
b16 350 176 372 194
b17 211 305 237 338
b18 314 286 348 305
b19 144 0 156 30
b20 386 336 419 364
b21 237 280 276 324
b22 306 155 345 181
b23 276 269 301 309
b24 317 140 342 155
b25 348 84 384 120
b26 74 211 99 254
b27 0 406 15 440
b28 123 256 169 294
b29 97 154 134 166
b30 382 219 409 236
b31 175 394 212 410
b32 100 253 123 285
b33 179 338 215 356
b34 312 181 350 200
b35 243 250 276 265
b36 348 72 376 84
b37 356 194 372 215
b38 105 178 131 211
b39 236 190 278 220
b40 220 0 248 41
b41 123 294 139 310
b42 312 200 356 219
b43 372 185 412 219
b44 148 390 175 406
b45 157 35 171 72
b46 293 32 341 47
b47 355 302 378 316
b48 74 254 100 278
b49 12 92 52 123
b50 187 0 220 42
b51 334 219 382 246
b52 321 0 358 27
b53 100 285 118 302
b54 372 169 415 185
b55 248 0 294 13
b56 312 219 334 244
b57 104 135 152 154
b58 0 311 19 352
b59 182 259 228 305
b60 157 0 187 35
b61 114 378 148 411
b62 293 47 330 92
b63 157 76 192 91
b64 12 45 60 92
b65 43 216 73 249
b66 189 110 220 141
b67 388 125 425 169
b68 341 37 365 72
b69 276 250 314 269
b70 31 328 45 364
b71 341 408 383 442
b72 164 179 198 212
b73 157 352 175 390
b74 183 92 212 110
b75 211 197 234 224
b76 97 166 111 178
b77 98 370 114 394
b78 140 93 183 119
b79 276 109 295 146
b80 330 72 344 87
b81 66 391 98 411
b82 256 76 288 109
b83 358 0 377 37
b84 60 80 97 123
b85 80 411 128 448
b86 194 141 218 165
b87 244 57 289 76
b88 12 142 55 170
b89 144 306 179 318
b90 12 192 57 216
b91 256 392 300 420
b92 99 211 123 253
b93 101 0 144 21
b94 53 360 69 375
b95 345 140 370 176
b96 292 309 317 354
b97 215 391 243 416
b98 69 360 95 376
b99 0 291 37 311
b100 385 311 412 336
b101 109 53 157 93
b102 376 37 401 75
b103 179 306 211 338
b104 251 110 276 146
b105 220 110 251 152
b106 383 401 422 435
b107 60 183 105 199
b108 97 53 109 86
b109 370 120 382 142
b110 98 326 121 370
b111 194 165 212 178
b112 96 35 142 53
b113 382 236 410 279
b114 333 246 352 285
b115 352 246 382 283
b116 386 364 428 401
b117 152 119 189 143
b118 410 243 449 278
b119 410 219 446 243
b120 53 345 98 360
b121 341 363 373 408
b122 12 261 55 291
b123 285 379 320 392
b124 373 336 386 375
b125 32 123 60 141
b126 187 356 215 394
b127 74 278 98 300
b128 121 353 157 378
b129 260 146 306 190
b130 248 13 293 57
b131 60 60 96 80
b132 243 234 281 250
b133 373 316 385 330
b134 281 234 310 250
b135 60 168 97 183
b136 212 178 236 197
b137 134 154 152 176
b138 237 324 267 346
b139 15 406 46 439
b140 88 135 104 147
b141 278 190 312 215
b142 418 278 445 324
b143 123 212 169 256
b144 12 236 41 261
b145 171 42 216 76
b146 146 318 179 352
b147 0 352 31 364
b148 412 192 429 217
b149 44 375 66 397
b150 301 269 314 299
b151 372 142 388 169
b152 131 179 164 212
b153 0 0 12 40
b154 0 364 44 406
b155 144 294 157 306
b156 314 244 333 286
b157 218 166 260 178
b158 348 285 376 302
b159 87 302 123 326
b160 220 76 256 88
b161 281 215 312 234
b162 231 234 243 264
b163 402 0 449 46
b164 294 0 321 32
b165 215 416 256 449
b166 175 356 187 392
b167 234 220 281 234
b168 377 0 402 37
b169 169 212 197 258
b170 12 170 57 192
b171 197 224 231 259
b172 60 35 91 60
b173 212 88 254 110
b174 415 172 440 192
b175 321 351 355 363
b176 192 76 212 92
b177 60 147 91 168
b178 378 295 398 311
b179 300 392 341 437
b180 429 192 448 213
b181 231 265 273 280
b182 60 199 93 211
b183 37 291 53 328
b184 12 123 32 142
b185 293 92 337 105
b186 169 258 182 306
b187 220 41 244 63
b188 261 348 285 388
b189 12 216 43 236
b190 46 411 80 448
b191 384 88 426 125
b192 60 123 88 145
b193 97 93 140 135
b194 402 46 445 88
b195 285 354 321 379
b196 276 309 292 348
b197 128 411 175 446
b198 295 105 317 145
b199 175 410 215 444
