542554.1757812
568056
313038
561 558
146.874289
b0 395 103 410 130
b1 395 130 422 146
b2 349 33 375 55
b3 265 447 286 492
b4 241 44 281 89
b5 46 333 62 359
b6 241 196 268 234
b7 354 323 389 352
b8 60 102 96 123
b9 0 405 44 430
b10 206 307 237 322
b11 129 83 170 107
b12 56 236 75 253
b13 101 347 149 380
b14 290 409 334 430
b15 404 400 438 415
b16 45 0 87 45
b17 318 184 359 221
b18 500 115 543 159
b19 359 229 382 265
b20 240 325 253 342
b21 61 174 105 202
b22 241 528 276 557
b23 123 455 163 472
b24 451 337 469 361
b25 413 504 442 547
b26 365 55 383 82
b27 337 473 377 511
b28 90 75 102 99
b29 60 73 90 102
b30 196 230 216 258
b31 324 139 360 171
b32 532 71 551 93
b33 171 55 216 101
b34 156 472 168 501
b35 513 311 525 337
b36 413 432 443 459
b37 483 369 512 381
b38 136 294 157 313
b39 136 313 148 326
b40 22 308 41 355
b41 265 492 284 528
b42 216 44 241 90
b43 104 140 143 161
b44 101 515 128 539
b45 383 54 407 79
b46 168 377 187 390
b47 389 300 429 342
b48 195 480 229 508
b49 310 510 334 558
b50 205 258 219 277
b51 339 323 353 339
b52 82 370 100 407
b53 312 145 324 181
b54 206 277 240 307
b55 82 479 113 505
b56 240 279 271 325
b57 88 284 136 331
b58 383 246 408 271
b59 488 449 526 496
b60 43 457 82 473
b61 337 511 382 542
b62 239 90 275 136
b63 170 152 216 188
b64 517 416 532 449
b65 168 449 191 462
b66 481 168 523 213
b67 349 0 363 33
b68 415 459 443 504
b69 523 189 559 216
b70 438 369 483 385
b71 379 0 413 32
b72 146 193 178 208
b73 271 239 317 251
b74 0 494 34 537
b75 324 105 361 125
b76 95 248 134 284
b77 216 209 234 249
b78 84 331 126 347
b79 168 462 193 502
b80 113 479 128 515
b81 157 300 172 332
b82 315 376 354 400
b83 82 442 123 479
b84 120 0 158 34
b85 271 251 314 285
b86 271 285 315 324
b87 447 273 495 318
b88 320 0 349 44
b89 495 266 515 308
b90 403 79 449 103
b91 80 505 101 548
b92 496 24 541 71
b93 0 339 20 363
b94 46 302 65 333
b95 156 502 193 546
b96 253 325 286 371
b97 425 196 440 236
b98 324 171 359 184
b99 359 172 399 189
b100 515 266 559 311
b101 481 416 517 446
b102 106 161 146 197
b103 361 101 395 135
b104 383 232 425 246
b105 219 363 252 398
b106 129 107 162 119
b107 63 253 95 268
b108 22 123 60 160
b109 125 41 171 83
b110 219 415 261 454
b111 136 326 149 347
b112 60 48 90 73
b113 106 197 130 233
b114 449 69 493 103
b115 276 528 310 550
b116 176 421 195 449
b117 408 246 447 267
b118 517 378 561 416
b119 128 472 156 517
b120 179 116 215 152
b121 315 342 353 376
b122 0 268 20 311
b123 65 347 101 370
b124 100 380 135 411
b125 0 363 46 405
b126 44 445 66 457
b127 20 268 63 293
b128 469 341 513 369
b129 393 342 427 364
b130 281 67 311 93
b131 0 0 45 48
b132 290 370 308 409
b133 538 216 553 259
b134 290 476 337 510
b135 136 245 181 260
b136 184 230 196 267
b137 195 0 216 28
b138 145 393 187 421
b139 400 364 437 400
b140 495 216 538 228
b141 443 446 488 465
b142 425 131 452 168
b143 315 317 339 342
b144 46 359 61 399
b145 320 55 365 68
b146 87 0 120 48
b147 0 451 30 493
b148 360 82 380 100
b149 399 185 421 232
b150 424 267 447 298
b151 0 48 42 66
b152 0 66 16 85
b153 0 238 41 268
b154 162 116 179 138
b155 0 185 14 210
b156 425 168 441 196
b157 143 138 168 158
b158 0 85 13 108
b159 500 71 532 115
b160 479 24 495 51
b161 290 430 337 476
b162 145 421 176 439
b163 337 420 370 442
b164 443 465 484 501
b165 254 136 271 157
b166 229 476 265 510
b167 459 103 496 139
b168 461 0 502 24
b169 195 410 219 449
b170 240 234 269 279
b171 219 454 259 476
b172 214 196 241 209
b173 229 136 254 168
b174 382 189 398 232
b175 28 223 44 238
b176 252 371 290 404
b177 158 0 195 41
b178 136 260 155 277
b179 34 500 80 534
b180 429 318 469 337
b181 407 48 437 76
b182 315 272 339 317
b183 278 0 317 33
b184 290 324 315 370
b185 370 407 404 434
b186 82 411 115 442
b187 495 228 531 266
b188 320 68 360 105
b189 339 265 383 277
b190 441 201 478 228
b191 65 370 81 404
b192 452 139 500 168
b193 219 398 252 415
b194 411 267 424 295
b195 135 380 168 393
b196 513 337 554 378
b197 128 517 156 554
b198 484 496 532 515
b199 481 385 517 416
b200 136 208 179 245
b201 385 271 411 300
b202 354 352 393 386
b203 0 223 28 238
b204 207 322 240 363
b205 147 439 168 454
b206 179 188 214 230
b207 382 473 415 501
b208 96 99 123 119
b209 275 93 320 129
b210 372 277 385 301
b211 449 57 465 69
b212 0 430 42 451
b213 324 125 356 139
b214 404 415 431 432
b215 100 119 129 140
b216 65 302 84 344
b217 187 345 207 393
b218 216 181 259 196
b219 42 48 60 76
b220 438 385 475 415
b221 149 332 162 377
b222 63 268 88 302
b223 162 345 184 364
b224 61 202 106 223
b225 22 76 60 123
b226 275 129 314 145
b227 438 337 451 369
b228 337 400 358 420
b229 294 191 318 239
b230 339 277 372 307
b231 363 0 379 30
b232 271 191 294 233
b233 123 429 139 442
b234 337 454 370 472
b235 0 108 22 154
b236 43 473 82 500
b237 60 123 100 144
b238 440 30 479 57
b239 162 260 184 300
b240 380 82 403 101
b241 123 442 147 455
b242 359 189 381 229
b243 361 135 395 172
b244 216 168 253 181
b245 525 311 561 335
b246 469 318 513 341
b247 318 221 357 257
b248 382 501 413 544
b249 90 48 125 75
b250 172 300 206 331
b251 269 157 312 191
b252 219 249 238 277
b253 170 101 183 116
b254 56 223 80 236
b255 14 184 61 223
b256 102 75 123 88
b257 129 119 162 136
b258 216 0 250 44
b259 275 145 301 157
b260 337 442 356 454
b261 44 223 56 268
b262 413 0 440 48
b263 195 510 241 557
b264 216 90 239 135
b265 80 233 125 248
b266 447 228 495 273
b267 281 33 320 67
b268 379 32 404 54
b269 532 416 550 453
b270 20 293 43 308
b271 14 160 56 184
b272 146 158 170 193
b273 523 159 544 189
b274 184 267 205 300
b275 0 311 22 339
b276 0 154 14 185
b277 207 363 219 410
b278 162 332 204 345
b279 370 434 413 473
b280 195 449 217 480
b281 115 411 145 429
b282 60 144 104 174
b283 315 257 328 272
b284 440 0 461 30
b285 216 135 229 168
b286 46 404 82 445
b287 358 386 400 407
b288 423 103 459 131
b289 443 501 480 534
b290 339 307 366 323
b291 250 0 278 43
b292 399 146 423 185
b293 261 404 280 447
b294 136 277 162 294
b295 30 451 43 494
b296 195 28 211 55
b297 443 415 481 446
b298 441 168 481 201
b299 168 364 181 377
