237283.84375
240696.5
206570
455 454
1.488568
b0 293 274 326 317
b1 388 0 453 37
b2 0 419 53 453
b3 251 234 318 271
b4 50 151 69 180
b5 288 109 327 158
b6 211 131 251 149
b7 67 279 107 301
b8 67 399 129 449
b9 0 97 41 113
b10 187 0 205 52
b11 57 55 116 94
b12 118 349 179 377
b13 390 228 447 276
b14 0 219 63 262
b15 390 151 449 203
b16 324 238 381 274
b17 410 318 454 384
b18 63 231 114 279
b19 156 0 187 50
b20 400 299 437 318
b21 179 377 229 441
b22 238 81 272 130
b23 275 158 324 178
b24 241 311 286 339
b25 205 0 244 54
b26 60 0 100 55
b27 390 203 455 228
b28 326 274 372 313
b29 386 321 410 383
b30 251 130 275 156
b31 347 412 381 438
b32 0 308 53 351
b33 324 198 346 233
b34 139 160 166 214
b35 67 301 105 332
b36 156 54 223 93
b37 364 70 384 130
b38 372 276 429 299
b39 293 317 348 369
b40 241 381 270 407
b41 63 204 118 231
b42 304 47 357 109
b43 0 262 61 308
b44 390 104 455 151
b45 241 358 285 381
b46 347 390 386 412
b47 123 0 156 65
b48 78 94 105 151
b49 304 0 369 47
b50 0 387 67 419
b51 386 406 443 444
b52 166 160 211 214
b53 190 214 211 257
b54 123 93 184 111
b55 251 178 307 212
b56 0 351 63 368
b57 105 94 123 141
b58 67 365 113 399
b59 190 264 227 314
b60 100 0 123 40
b61 357 47 390 70
b62 0 368 60 387
b63 348 345 384 390
b64 0 113 50 160
b65 0 41 57 97
b66 123 231 190 292
b67 346 198 390 238
b68 189 314 241 377
b69 50 97 77 151
b70 244 39 286 81
b71 113 377 177 399
b72 286 369 347 430
b73 390 37 451 104
b74 78 151 116 193
b75 369 0 388 28
b76 123 111 145 144
b77 123 292 189 349
b78 348 313 384 345
b79 0 0 60 41
b80 288 0 304 58
b81 211 214 251 264
b82 229 407 286 454
b83 384 299 400 321
b84 251 212 318 234
b85 364 130 389 150
b86 327 109 364 165
b87 244 0 288 39
b88 41 180 78 204
b89 211 93 238 131
b90 67 332 106 365
b91 324 165 380 198
b92 123 144 139 170
b93 211 149 246 214
b94 0 160 41 219
b95 241 339 292 358
b96 227 271 293 311
b97 123 214 190 231
b98 386 384 448 406
b99 145 111 211 160
