223564.7949219
225554
205662
454 453
9.102266
b0 216 186 259 219
b1 282 0 347 37
b2 247 239 281 292
b3 385 216 452 253
b4 0 195 29 214
b5 294 37 343 76
b6 433 0 451 40
b7 57 247 97 269
b8 59 390 109 452
b9 312 220 328 261
b10 220 168 272 186
b11 135 58 174 117
b12 294 380 322 441
b13 384 253 441 301
b14 170 403 233 446
b15 393 72 452 124
b16 348 262 384 319
b17 59 0 125 44
b18 213 333 264 381
b19 164 293 214 324
b20 247 220 284 239
b21 165 195 215 259
b22 181 0 215 49
b23 336 216 385 236
b24 303 287 348 315
b25 0 122 54 161
b26 110 176 165 216
b27 304 155 329 220
b28 393 380 432 426
b29 322 380 346 442
b30 312 261 336 287
b31 259 186 285 220
b32 0 270 53 313
b33 393 142 428 164
b34 285 228 312 282
b35 209 262 247 293
b36 27 44 94 83
b37 234 108 294 128
b38 97 118 120 175
b39 363 164 418 216
b40 336 236 365 262
b41 170 324 197 379
b42 57 185 110 247
b43 0 351 46 412
b44 206 61 271 108
b45 165 259 209 282
b46 264 292 303 314
b47 131 298 164 363
b48 0 0 27 57
b49 343 49 390 114
b50 174 49 206 116
b51 53 270 110 308
b52 110 253 164 298
b53 216 219 237 262
b54 393 124 454 142
b55 329 155 363 211
b56 0 83 63 100
b57 0 177 47 195
b58 131 396 165 442
b59 110 216 160 253
b60 393 49 433 72
b61 187 153 220 176
b62 285 168 304 228
b63 348 114 393 150
b64 46 313 93 363
b65 0 214 57 270
b66 233 381 294 448
b67 304 115 348 155
b68 264 315 316 378
b69 93 308 120 362
b70 136 117 178 159
b71 109 362 131 426
b72 316 319 377 380
b73 215 0 282 61
b74 0 313 42 351
b75 145 33 173 52
b76 197 381 230 403
b77 384 301 450 358
b78 27 0 59 36
b79 94 58 135 118
b80 0 161 58 177
b81 214 293 264 333
b82 346 380 393 437
b83 197 324 213 346
b84 384 358 451 380
b85 125 33 145 58
b86 178 116 234 153
b87 294 76 338 115
b88 63 83 87 120
b89 46 363 84 390
b90 131 363 170 396
b91 125 0 181 33
b92 120 118 136 144
b93 62 120 97 185
b94 0 412 59 453
b95 165 176 216 195
b96 234 128 300 168
b97 120 159 187 176
b98 0 100 62 122
b99 347 0 413 49
