235240.34375
238476.5
206115
453 455
3.993212
b0 296 306 329 349
b1 44 0 81 65
b2 253 242 306 276
b3 81 0 148 37
b4 0 127 29 146
b5 392 152 441 191
b6 365 275 405 293
b7 112 241 152 263
b8 0 320 62 370
b9 163 208 179 249
b10 253 224 305 242
b11 0 370 59 409
b12 81 37 142 65
b13 148 0 196 57
b14 306 176 369 219
b15 362 67 421 119
b16 239 303 296 339
b17 0 0 44 66
b18 112 171 163 219
b19 144 286 194 317
b20 220 315 239 352
b21 249 89 313 139
b22 57 244 106 278
b23 369 255 418 275
b24 194 287 239 315
b25 265 349 319 388
b26 205 368 260 408
b27 369 191 434 216
b28 339 349 378 395
b29 196 54 258 78
b30 164 57 188 83
b31 185 204 219 230
b32 110 329 163 372
b33 362 119 397 141
b34 243 276 297 303
b35 57 278 95 309
b36 369 216 436 255
b37 110 263 170 283
b38 306 260 363 283
b39 285 0 340 52
b40 239 339 265 368
b41 194 230 221 285
b42 223 0 285 53
b43 0 409 61 455
b44 206 139 253 204
b45 369 141 392 185
b46 0 203 39 225
b47 157 408 222 441
b48 0 146 27 203
b49 313 62 360 127
b50 221 204 253 271
b51 61 408 118 446
b52 62 309 107 363
b53 121 65 164 86
b54 188 139 206 200
b55 339 293 373 349
b56 125 127 188 144
b57 110 372 157 390
b58 110 283 144 329
b59 222 408 272 445
b60 81 65 121 88
b61 306 283 339 306
b62 378 293 438 312
b63 253 139 289 184
b64 44 194 91 244
b65 0 264 57 320
b66 0 66 67 127
b67 81 88 125 128
b68 378 312 441 364
b69 196 0 223 54
b70 163 364 205 406
b71 163 144 185 208
b72 188 78 249 139
b73 384 0 445 67
b74 59 370 101 408
b75 91 194 110 222
b76 112 219 145 241
b77 55 128 112 194
b78 258 53 290 89
b79 125 86 185 127
b80 329 434 387 450
b81 253 184 303 224
b82 163 317 220 364
b83 221 271 243 287
b84 362 0 384 67
b85 290 52 310 77
b86 306 139 362 176
b87 0 225 44 264
b88 170 249 194 286
b89 125 144 163 171
b90 339 395 372 434
b91 397 119 453 152
b92 39 127 55 153
b93 118 390 153 455
b94 306 219 365 260
b95 372 413 423 432
b96 272 388 312 454
b97 312 388 329 455
b98 340 0 362 62
b99 378 364 444 413
