408955
408955
201600
450 448
38.126583
b0 278 325 314 341
b1 196 312 215 351
b2 196 401 237 436
b3 431 25 449 72
b4 296 0 322 32
b5 314 325 345 360
b6 60 194 73 223
b7 204 252 232 273
b8 0 357 32 372
b9 244 400 278 446
b10 159 193 204 225
b11 214 273 228 309
b12 124 248 166 284
b13 196 356 244 401
b14 75 265 100 280
b15 278 280 324 325
b16 243 48 261 70
b17 368 195 401 221
b18 257 276 276 310
b19 137 329 149 359
b20 324 28 352 61
b21 159 154 203 193
b22 188 273 214 312
b23 232 252 257 292
b24 248 232 273 247
b25 133 36 169 72
b26 215 0 240 43
b27 0 342 34 357
b28 169 25 215 63
b29 123 141 160 153
b30 267 190 294 207
b31 78 400 94 437
b32 52 313 75 345
b33 55 65 73 101
b34 365 0 384 38
b35 349 332 382 347
b36 250 310 278 322
b37 417 325 433 346
b38 385 295 418 321
b39 261 46 291 88
b40 303 239 331 280
b41 0 78 16 94
b42 56 0 75 44
b43 401 223 441 257
b44 143 389 170 405
b45 75 280 112 294
b46 240 0 255 48
b47 213 222 236 236
b48 75 71 99 97
b49 102 25 133 65
b50 291 46 324 88
b51 401 196 449 223
b52 282 125 319 152
b53 48 360 66 377
b54 406 72 449 88
b55 255 33 301 46
b56 418 257 443 279
b57 56 101 75 149
b58 153 314 194 333
b59 303 360 349 406
b60 153 284 188 314
b61 0 210 33 244
b62 282 88 327 125
b63 169 63 184 98
b64 75 97 123 144
b65 0 180 33 210
b66 102 65 133 96
b67 362 44 406 81
b68 327 95 362 119
b69 326 201 345 239
b70 75 157 111 171
b71 377 386 419 420
b72 383 321 417 354
b73 34 313 52 351
b74 75 236 93 265
b75 33 204 60 227
b76 33 192 47 204
b77 75 384 99 400
b78 234 128 277 154
b79 273 207 292 244
b80 190 84 204 99
b81 0 322 32 342
b82 133 72 166 104
b83 282 152 319 171
b84 369 258 412 295
b85 111 195 159 232
b86 401 172 425 196
b87 387 81 406 126
b88 275 357 303 400
b89 184 389 196 424
b90 0 277 24 322
b91 360 420 404 448
b92 75 312 99 354
b93 149 368 192 389
b94 52 345 68 360
b95 349 295 385 320
b96 362 81 387 126
b97 112 284 137 312
b98 140 232 166 248
b99 123 359 143 396
b100 75 46 102 71
b101 234 88 282 128
b102 324 287 349 325
b103 294 206 326 238
b104 204 173 240 198
b105 190 99 232 130
b106 16 78 55 112
b107 133 0 178 16
b108 99 312 111 345
b109 278 400 290 422
b110 33 0 56 44
b111 137 311 150 329
b112 215 70 261 88
b113 322 0 365 28
b114 314 182 353 201
b115 319 152 356 182
b116 148 104 190 141
b117 190 130 227 154
b118 411 125 450 160
b119 240 166 276 190
b120 60 149 75 194
b121 377 354 422 386
b122 75 354 118 384
b123 331 274 366 287
b124 75 144 114 157
b125 75 294 103 312
b126 166 239 204 267
b127 0 33 24 55
b128 34 227 70 252
b129 384 0 430 44
b130 356 151 401 195
b131 133 16 169 36
b132 331 258 369 274
b133 356 195 368 209
b134 257 247 273 276
b135 24 298 61 313
b136 277 171 301 190
b137 290 406 312 424
b138 228 292 250 322
b139 244 357 275 390
b140 44 176 56 192
b141 351 126 385 151
b142 75 0 102 46
b143 0 134 44 180
b144 123 104 148 133
b145 75 191 109 236
b146 0 244 34 277
b147 109 232 140 244
b148 431 0 448 25
b149 44 377 66 399
b150 160 141 190 154
b151 137 284 153 311
b152 0 0 33 33
b153 66 400 78 440
b154 0 377 44 419
b155 47 192 60 204
b156 248 190 267 232
b157 44 134 56 176
b158 360 387 377 415
b159 100 244 124 280
b160 240 154 276 166
b161 203 154 234 173
b162 401 160 431 172
b163 94 400 141 446
b164 319 125 351 152
b165 255 0 296 33
b166 34 252 70 264
b167 166 225 213 239
b168 178 0 215 25
b169 418 279 446 325
b170 0 112 45 134
b171 327 61 362 95
b172 102 0 133 25
b173 353 221 395 243
b174 406 44 431 64
b175 349 320 383 332
b176 32 357 48 377
b177 33 44 64 65
b178 294 190 314 206
b179 315 406 360 447
b180 190 63 209 84
b181 353 243 395 258
b182 111 312 123 345
b183 278 424 315 440
b184 215 322 235 341
b185 204 239 248 252
b186 0 65 48 78
b187 387 126 411 148
b188 204 198 244 222
b189 75 171 106 191
b190 235 322 272 356
b191 406 88 448 125
b192 215 48 243 70
b193 114 153 157 195
b194 141 405 184 447
b195 278 244 303 280
b196 272 341 311 357
b197 149 333 196 368
b198 349 347 371 387
b199 34 264 74 298
