233845.4375
236825.5
207025
455 455
3.71697
b0 318 294 361 327
b1 248 43 313 80
b2 284 222 318 275
b3 133 0 170 67
b4 0 346 29 365
b5 353 114 392 163
b6 351 96 391 114
b7 353 167 393 189
b8 210 319 272 369
b9 318 245 359 261
b10 364 245 382 297
b11 93 357 152 396
b12 41 100 102 128
b13 344 350 401 398
b14 210 369 273 412
b15 392 96 451 148
b16 398 269 455 305
b17 166 307 210 373
b18 295 80 346 128
b19 231 269 262 319
b20 361 327 398 346
b21 156 373 206 437
b22 234 178 283 212
b23 235 80 255 129
b24 299 350 344 378
b25 401 305 455 344
b26 70 396 125 436
b27 69 211 94 276
b28 67 278 106 324
b29 0 410 62 434
b30 340 261 364 287
b31 0 123 34 149
b32 264 0 317 43
b33 318 222 353 244
b34 255 124 282 178
b35 128 269 166 300
b36 385 230 452 269
b37 239 412 299 432
b38 227 212 284 235
b39 106 67 161 119
b40 0 365 29 391
b41 129 396 156 451
b42 17 0 79 53
b43 41 54 102 100
b44 170 85 235 132
b45 70 342 93 386
b46 170 132 192 171
b47 284 189 349 222
b48 37 128 94 155
b49 378 0 443 47
b50 0 314 67 346
b51 128 300 166 357
b52 94 166 148 211
b53 227 0 248 43
b54 67 324 128 342
b55 406 344 440 400
b56 0 0 17 63
b57 116 251 163 269
b58 227 235 273 269
b59 19 211 69 248
b60 318 327 358 350
b61 212 47 235 80
b62 392 148 452 167
b63 272 308 317 344
b64 102 119 152 166
b65 37 155 94 211
b66 284 128 351 189
b67 255 80 295 124
b68 393 167 445 230
b69 79 0 106 54
b70 192 169 234 211
b71 48 346 70 410
b72 166 211 227 272
b73 317 0 378 67
b74 170 47 212 85
b75 0 173 19 201
b76 318 261 340 294
b77 340 398 406 455
b78 353 189 385 225
b79 0 63 41 123
b80 382 269 398 327
b81 116 211 166 251
b82 170 0 227 47
b83 106 278 128 294
b84 94 211 116 278
b85 353 225 378 245
b86 192 132 248 169
b87 148 171 192 210
b88 0 149 37 173
b89 106 0 133 38
b90 206 412 239 451
b91 262 275 318 308
b92 248 0 264 26
b93 166 272 231 307
b94 299 378 340 437
b95 29 346 48 397
b96 19 248 59 314
b97 62 436 129 453
b98 273 344 295 406
b99 378 47 444 96
