311336
421520
201152
448 449
127.851893
b0 31 194 67 210
b1 215 0 234 39
b2 318 0 353 41
b3 278 427 325 445
b4 119 106 151 132
b5 393 145 424 180
b6 356 416 369 445
b7 210 190 238 211
b8 44 409 76 424
b9 85 95 119 141
b10 98 265 143 297
b11 148 398 184 412
b12 113 0 155 36
b13 246 0 294 45
b14 0 137 25 152
b15 108 190 154 235
b16 250 134 272 152
b17 279 279 312 305
b18 239 189 273 208
b19 57 0 87 12
b20 319 307 347 340
b21 355 233 399 272
b22 356 28 382 67
b23 182 253 222 278
b24 324 191 349 206
b25 208 39 244 75
b26 0 240 43 265
b27 44 294 59 328
b28 202 213 248 251
b29 155 46 192 58
b30 259 305 286 322
b31 44 257 60 294
b32 192 90 215 122
b33 418 109 436 145
b34 174 323 193 361
b35 273 134 288 167
b36 399 181 427 193
b37 369 416 385 437
b38 188 399 214 432
b39 243 104 285 134
b40 353 0 394 28
b41 356 67 372 83
b42 418 65 437 109
b43 399 218 439 252
b44 192 46 208 73
b45 155 0 169 37
b46 192 75 240 90
b47 184 432 207 446
b48 288 123 312 149
b49 13 51 53 82
b50 246 45 288 78
b51 242 398 290 425
b52 199 309 236 336
b53 76 393 94 410
b54 382 28 398 71
b55 372 71 418 84
b56 290 405 315 427
b57 79 225 98 273
b58 60 257 79 298
b59 99 297 145 343
b60 313 154 343 189
b61 0 104 34 137
b62 371 367 408 412
b63 72 55 87 90
b64 37 94 85 141
b65 313 121 343 154
b66 325 416 356 447
b67 399 252 443 289
b68 364 306 399 330
b69 193 336 231 355
b70 99 0 113 36
b71 399 289 441 323
b72 366 272 399 306
b73 26 336 44 374
b74 39 0 57 29
b75 155 253 182 276
b76 25 0 39 12
b77 44 393 68 409
b78 244 78 287 104
b79 148 412 167 449
b80 408 368 422 383
b81 0 374 32 394
b82 105 343 138 375
b83 242 367 279 386
b84 145 361 188 398
b85 71 141 119 178
b86 288 214 312 238
b87 315 64 334 109
b88 398 0 441 28
b89 13 0 25 35
b90 75 298 99 343
b91 214 399 242 443
b92 294 0 318 42
b93 57 12 78 55
b94 13 35 28 51
b95 399 193 435 218
b96 250 322 275 367
b97 288 95 313 123
b98 0 356 26 372
b99 0 152 37 172
b100 398 28 423 55
b101 170 123 210 171
b102 312 214 350 239
b103 286 307 318 339
b104 119 165 155 190
b105 81 410 123 441
b106 0 302 39 336
b107 98 249 143 265
b108 155 168 167 201
b109 273 183 285 205
b110 275 339 319 362
b111 237 136 250 154
b112 87 77 133 95
b113 291 362 319 405
b114 199 290 238 309
b115 329 272 366 302
b116 0 265 42 302
b117 44 424 81 448
b118 364 330 403 365
b119 242 425 278 449
b120 155 123 170 168
b121 416 323 448 368
b122 0 197 30 240
b123 155 213 168 248
b124 282 238 295 277
b125 28 29 56 47
b126 295 239 333 267
b127 215 136 237 160
b128 123 398 148 434
b129 193 355 239 399
b130 155 278 199 323
b131 31 174 67 194
b132 288 149 304 187
b133 242 386 256 398
b134 223 160 239 189
b135 90 343 105 380
b136 343 121 362 145
b137 385 412 407 430
b138 333 239 355 269
b139 155 92 188 123
b140 273 167 285 183
b141 248 232 282 257
b142 169 0 196 46
b143 44 349 90 393
b144 44 210 73 235
b145 319 340 364 374
b146 37 141 71 174
b147 59 298 71 329
b148 334 86 359 103
b149 0 82 22 104
b150 210 160 223 190
b151 347 302 363 329
b152 119 132 152 165
b153 22 82 62 94
b154 0 394 44 436
b155 87 0 99 13
b156 133 36 152 78
b157 94 380 136 392
b158 312 279 329 307
b159 424 145 448 181
b160 313 109 349 121
b161 196 0 215 31
b162 295 267 325 279
b163 343 145 390 191
b164 387 106 414 138
b165 99 36 132 77
b166 279 362 291 398
b167 98 235 145 249
b168 362 106 387 143
b169 215 90 243 136
b170 334 41 356 86
b171 239 154 273 189
b172 0 172 31 197
b173 359 84 401 106
b174 422 368 447 388
b175 238 321 250 355
b176 0 336 16 356
b177 294 64 315 95
b178 154 323 174 339
b179 238 257 279 302
b180 238 302 259 321
b181 356 374 371 416
b182 234 0 246 33
b183 423 28 439 65
b184 53 55 72 75
b185 403 323 416 367
b186 0 0 13 48
b187 44 235 68 257
b188 248 208 288 232
b189 44 329 75 349
b190 155 58 192 92
b191 319 374 356 416
b192 133 78 155 106
b193 167 171 210 213
b194 350 191 393 233
b195 288 189 324 214
b196 222 251 238 290
b197 73 178 108 225
b198 294 42 334 64
b199 168 213 202 253
