1917912.75
2839516.5
996309
279 3571
930.736585
b0 24 3470 51 3485
b1 79 25 106 41
b2 180 1759 202 1785
b3 68 1840 89 1885
b4 179 336 219 381
b5 89 3271 105 3297
b6 189 205 227 232
b7 13 2027 48 2056
b8 187 959 208 995
b9 69 3430 113 3455
b10 34 3335 49 3366
b11 105 753 146 777
b12 148 2079 165 2098
b13 150 1669 183 1717
b14 162 2139 206 2160
b15 152 282 186 297
b16 93 1341 138 1383
b17 74 3024 115 3061
b18 103 2683 146 2727
b19 146 2635 182 2658
b20 147 0 160 17
b21 108 1577 136 1621
b22 193 1785 228 1814
b23 61 1939 101 1956
b24 119 2424 137 2448
b25 34 3229 63 3272
b26 143 777 170 795
b27 88 821 126 861
b28 136 2356 160 2368
b29 88 2099 117 2129
b30 102 1855 122 1883
b31 76 1536 108 1572
b32 119 2270 138 2292
b33 234 31 279 77
b34 142 584 171 596
b35 107 2495 119 2521
b36 190 171 217 201
b37 49 1904 61 1933
b38 49 1885 70 1904
b39 109 609 121 622
b40 166 843 185 890
b41 120 1180 156 1199
b42 170 761 216 786
b43 154 2019 193 2040
b44 61 821 88 845
b45 187 146 211 171
b46 145 1244 164 1257
b47 181 67 223 107
b48 83 3061 111 3095
b49 92 2051 116 2099
b50 49 1795 68 1809
b51 95 1621 109 1637
b52 117 2061 154 2079
b53 159 2098 195 2110
b54 61 1280 91 1314
b55 106 1739 132 1770
b56 194 0 240 31
b57 109 1621 156 1669
b58 48 2725 73 2750
b59 128 1028 175 1066
b60 136 2340 175 2356
b61 117 2079 148 2124
b62 88 2850 134 2886
b63 53 3335 89 3381
b64 163 1257 196 1272
b65 81 1690 94 1713
b66 145 1199 187 1244
b67 170 728 184 761
b68 120 1135 148 1180
b69 126 929 162 956
b70 91 1280 107 1325
b71 189 232 223 264
b72 96 2933 128 2948
b73 36 2725 48 2771
b74 70 2461 113 2495
b75 73 2774 93 2811
b76 118 1426 157 1462
b77 122 2195 162 2213
b78 152 320 194 336
b79 79 0 119 25
b80 91 1770 127 1785
b81 68 1808 83 1840
b82 81 1462 120 1486
b83 108 1536 145 1577
b84 186 282 220 320
b85 83 2948 117 2991
b86 0 3485 39 3529
b87 76 1232 121 1280
b88 47 1389 76 1433
b89 36 3107 56 3149
b90 49 1956 95 1980
b91 106 471 149 492
b92 13 1980 58 2027
b93 63 3229 83 3253
b94 88 2206 119 2225
b95 163 596 207 633
b96 113 2602 159 2635
b97 48 2811 88 2826
b98 29 3379 42 3414
b99 118 2379 158 2396
b100 76 1135 120 1180
b101 73 2725 103 2761
b102 13 2155 53 2191
b103 13 45 47 79
b104 77 3140 119 3154
b105 53 3381 88 3414
b106 148 995 160 1028
b107 79 2558 111 2573
b108 152 244 189 282
b109 138 1973 180 2019
b110 129 2886 168 2928
b111 39 3485 52 3506
b112 88 2225 118 2250
b113 43 2512 79 2536
b114 149 512 183 556
b115 91 777 125 799
b116 81 1671 109 1690
b117 58 2030 97 2051
b118 48 2051 92 2089
b119 79 2512 107 2557
b120 168 908 204 944
b121 160 0 194 38
b122 43 2619 86 2639
b123 194 31 217 67
b124 56 3194 87 3229
b125 150 1717 196 1759
b126 119 373 141 385
b127 103 1004 128 1047
b128 168 2658 212 2686
b129 47 1367 81 1389
b130 83 1713 113 1739
b131 13 0 61 45
b132 118 2340 136 2379
b133 63 3253 78 3296
b134 43 2678 77 2725
b135 24 3455 69 3470
b136 104 1524 141 1536
b137 56 3107 77 3135
b138 129 700 171 728
b139 13 1795 49 1832
b140 79 658 91 701
b141 70 2314 89 2359
b142 158 2368 185 2405
b143 105 728 129 753
b144 88 861 103 901
b145 0 0 13 45
b146 96 2991 144 3024
b147 83 3229 113 3271
b148 143 795 161 815
b149 120 1502 167 1524
b150 81 1486 104 1517
b151 61 0 79 42
b152 150 843 166 862
b153 89 2653 130 2683
b154 70 2495 92 2512
b155 103 2727 128 2741
b156 119 0 147 16
b157 161 795 181 820
b158 68 1795 91 1808
b159 102 1894 146 1926
b160 86 2619 113 2635
b161 83 2886 129 2933
b162 94 2761 125 2779
b163 79 799 112 821
b164 47 1713 83 1754
b165 160 38 181 55
b166 47 1671 81 1707
b167 119 336 155 373
b168 47 1754 71 1795
b169 155 336 179 375
b170 0 2271 29 2316
b171 70 1885 92 1925
b172 149 471 176 484
b173 91 1992 116 2024
b174 42 3414 85 3430
b175 61 845 76 861
b176 58 1992 91 2030
b177 109 663 150 700
b178 48 2826 65 2845
b179 88 1101 134 1135
b180 76 1572 95 1612
b181 149 484 179 512
b182 150 663 195 687
b183 147 205 180 244
b184 43 2653 89 2678
b185 76 1637 103 1671
b186 77 3107 108 3140
b187 93 3154 129 3192
b188 56 3154 93 3194
b189 58 1980 102 1992
b190 106 492 143 519
b191 148 1090 164 1124
b192 118 2292 147 2340
b193 176 442 209 459
b194 240 0 268 13
b195 89 2448 122 2461
b196 175 2160 216 2201
b197 122 2167 159 2195
b198 70 2295 118 2314
b199 44 2119 75 2155
b200 107 2521 150 2558
b201 159 2110 185 2139
b202 148 956 182 995
b203 91 1739 106 1767
b204 97 1199 138 1232
b205 76 1180 97 1195
b206 121 609 163 644
b207 118 2396 151 2424
b208 118 1383 145 1403
b209 184 687 229 723
b210 103 1047 116 1071
b211 61 1355 77 1367
b212 0 3529 21 3571
b213 61 1341 93 1355
b214 126 777 143 804
b215 119 2249 148 2270
b216 121 644 163 663
b217 227 146 247 194
b218 182 944 225 959
b219 150 890 178 908
b220 79 609 109 646
b221 88 2250 101 2295
b222 0 2246 34 2271
b223 74 2991 96 3010
b224 43 2191 88 2212
b225 36 2869 83 2907
b226 91 1325 130 1341
b227 119 2479 132 2511
b228 188 472 209 492
b229 126 843 150 891
b230 108 3095 138 3128
b231 48 2089 64 2119
b232 143 820 185 843
b233 81 1517 97 1530
b234 86 2635 119 2653
b235 79 2573 101 2619
b236 122 1855 149 1894
b237 117 1926 138 1966
b238 46 3296 73 3335
b239 147 107 187 129
b240 48 2850 71 2869
b241 65 2826 78 2850
b242 139 1462 161 1502
b243 81 1383 118 1417
b244 143 571 180 584
b245 0 2222 36 2246
b246 111 2558 134 2602
b247 88 2811 124 2850
b248 0 2191 43 2222
b249 176 415 211 442
b250 155 381 186 415
b251 147 171 190 205
b252 109 700 128 728
b253 179 459 194 472
b254 29 3366 53 3379
b255 187 107 234 146
b256 73 2761 94 2774
b257 145 1524 162 1557
b258 92 1821 136 1855
b259 79 646 105 658
b260 120 1462 139 1474
b261 34 3272 46 3317
b262 43 2212 70 2260
b263 36 3061 83 3107
b264 118 1403 163 1426
b265 143 556 188 571
b266 103 956 148 1004
b267 88 2167 122 2206
b268 29 3430 51 3455
b269 113 2461 150 2479
b270 109 1071 132 1086
b271 132 1066 174 1090
b272 0 2316 24 2351
b273 88 1071 109 1101
b274 107 1280 140 1301
b275 34 3149 56 3177
b276 70 1925 101 1939
b277 138 1926 150 1973
b278 138 2019 151 2061
b279 117 2124 156 2167
b280 13 2056 44 2078
b281 211 381 241 399
b282 183 1272 227 1302
b283 83 2933 96 2948
b284 89 2424 119 2445
b285 124 2779 137 2812
b286 106 519 142 560
b287 126 908 168 929
b288 122 2213 150 2249
b289 141 415 174 452
b290 154 2040 170 2067
b291 195 1814 223 1857
b292 148 2249 172 2288
b293 119 452 162 471
b294 160 55 177 81
b295 106 596 149 609
b296 129 2928 145 2955
b297 36 2907 74 2938
b298 119 244 152 284
b299 83 1808 96 1821
