314753.5
427457
202050
449 450
128.255474
b0 0 304 36 320
b1 114 168 133 207
b2 400 12 435 53
b3 339 303 386 321
b4 197 28 229 54
b5 151 0 182 35
b6 258 339 287 352
b7 333 46 354 74
b8 59 430 91 445
b9 249 118 295 152
b10 181 305 226 337
b11 233 52 269 66
b12 138 351 180 387
b13 402 53 447 101
b14 0 266 15 291
b15 100 67 145 113
b16 181 230 203 248
b17 411 144 437 177
b18 0 69 19 103
b19 100 35 130 47
b20 339 275 372 303
b21 172 191 216 230
b22 112 0 151 26
b23 69 66 94 106
b24 247 0 272 15
b25 303 274 339 310
b26 182 0 225 25
b27 0 345 15 379
b28 282 153 328 191
b29 186 385 198 422
b30 66 125 93 142
b31 233 264 270 280
b32 358 177 381 209
b33 91 419 127 437
b34 56 204 94 223
b35 332 74 347 107
b36 57 66 69 94
b37 354 42 375 58
b38 47 159 73 192
b39 345 0 375 42
b40 366 97 394 138
b41 25 33 41 49
b42 95 168 114 212
b43 0 202 34 242
b44 56 223 83 239
b45 136 26 150 63
b46 186 370 234 385
b47 319 248 333 271
b48 324 224 350 248
b49 43 378 74 418
b50 180 337 222 370
b51 269 37 317 64
b52 375 60 402 97
b53 246 280 264 297
b54 413 101 429 144
b55 319 140 365 153
b56 279 64 301 89
b57 118 298 137 346
b58 137 332 178 351
b59 233 66 279 112
b60 15 269 45 304
b61 249 152 282 186
b62 272 0 317 37
b63 233 112 248 147
b64 233 216 280 264
b65 270 276 303 306
b66 116 388 147 419
b67 135 171 172 215
b68 229 28 264 52
b69 137 313 175 332
b70 36 233 50 269
b71 397 343 439 377
b72 332 107 366 140
b73 282 353 300 391
b74 41 28 59 57
b75 198 418 225 441
b76 19 69 33 81
b77 225 433 249 449
b78 303 310 329 353
b79 300 353 319 390
b80 182 25 197 39
b81 163 422 195 442
b82 370 243 403 275
b83 354 58 373 95
b84 0 103 37 146
b85 234 352 282 389
b86 295 118 319 142
b87 214 54 233 99
b88 280 191 308 234
b89 100 0 112 35
b90 33 57 57 102
b91 137 251 181 279
b92 328 153 370 177
b93 282 391 303 434
b94 216 219 232 234
b95 0 320 36 345
b96 332 359 357 404
b97 41 0 66 28
b98 37 324 53 350
b99 118 351 138 388
b100 151 100 178 125
b101 172 151 220 191
b102 43 353 81 378
b103 356 404 388 436
b104 375 0 400 36
b105 74 378 116 409
b106 147 387 186 421
b107 172 135 217 151
b108 270 306 282 339
b109 400 0 422 12
b110 128 228 172 251
b111 228 280 246 293
b112 233 198 279 216
b113 381 177 424 205
b114 394 101 413 140
b115 381 140 411 177
b116 319 404 356 446
b117 0 385 37 409
b118 178 100 217 135
b119 0 242 36 266
b120 46 144 91 159
b121 397 377 442 409
b122 0 409 43 439
b123 100 155 135 168
b124 319 353 332 392
b125 228 293 246 321
b126 332 321 360 359
b127 42 122 66 144
b128 203 234 228 270
b129 170 54 214 100
b130 402 294 447 338
b131 100 47 136 67
b132 217 99 233 137
b133 37 102 51 114
b134 279 90 308 106
b135 303 390 318 427
b136 118 274 137 298
b137 372 275 390 297
b138 328 177 358 199
b139 50 239 83 270
b140 125 215 141 227
b141 324 199 358 224
b142 145 125 172 171
b143 0 158 46 202
b144 53 324 78 353
b145 358 209 403 243
b146 198 385 232 418
b147 81 344 112 356
b148 333 248 350 273
b149 181 248 203 270
b150 141 215 171 228
b151 317 46 333 73
b152 82 274 115 307
b153 43 418 83 430
b154 234 389 276 433
b155 34 202 47 214
b156 151 56 170 98
b157 0 146 42 158
b158 301 73 329 90
b159 127 421 163 445
b160 78 307 114 319
b161 69 106 100 125
b162 279 106 309 118
b163 403 247 449 294
b164 226 321 258 348
b165 0 0 41 33
b166 258 297 270 333
b167 287 306 301 353
b168 81 319 118 344
b169 317 0 345 46
b170 73 159 95 204
b171 66 0 100 35
b172 66 35 91 66
b173 360 321 402 343
b174 350 243 370 268
b175 220 185 232 219
b176 43 430 59 450
b177 94 212 125 233
b178 51 102 67 122
b179 83 233 128 274
b180 151 35 170 56
b181 280 234 295 276
b182 233 186 266 198
b183 308 191 324 228
b184 36 214 56 233
b185 319 90 332 134
b186 220 137 233 185
b187 375 36 397 60
b188 295 234 319 274
b189 36 304 67 324
b190 45 270 82 304
b191 360 343 397 385
b192 225 0 247 28
b193 100 113 143 155
b194 403 205 446 247
b195 0 33 25 69
b196 233 147 249 186
b197 181 270 228 305
b198 15 345 37 385
b199 137 279 177 313
