423874.5
533589
314160
561 560
575.278758
b0 441 132 456 159
b1 380 133 407 149
b2 332 254 354 280
b3 461 393 506 414
b4 395 473 440 513
b5 59 304 75 330
b6 239 302 266 340
b7 469 194 504 223
b8 145 455 181 476
b9 0 534 44 559
b10 161 88 176 119
b11 324 309 365 333
b12 331 456 348 475
b13 45 380 78 428
b14 286 203 330 224
b15 403 347 418 381
b16 59 185 101 230
b17 400 76 437 117
b18 302 115 346 158
b19 140 185 176 208
b20 100 386 117 399
b21 181 509 225 537
b22 471 0 506 29
b23 403 307 420 347
b24 228 280 252 298
b25 243 27 272 70
b26 380 149 407 167
b27 493 29 531 69
b28 243 211 267 223
b29 331 280 361 309
b30 334 436 362 456
b31 348 148 380 184
b32 278 352 300 371
b33 184 412 230 457
b34 440 415 452 444
b35 469 182 495 194
b36 438 226 465 256
b37 268 70 280 99
b38 183 253 204 272
b39 225 333 237 346
b40 239 340 258 387
b41 156 287 175 323
b42 174 387 220 412
b43 540 111 561 150
b44 106 153 130 180
b45 243 70 268 94
b46 490 414 503 433
b47 511 69 551 111
b48 253 387 287 415
b49 444 34 492 58
b50 348 456 362 475
b51 310 309 324 325
b52 441 447 459 484
b53 419 384 431 420
b54 334 406 368 436
b55 34 266 65 292
b56 240 508 271 554
b57 492 111 540 158
b58 478 349 503 374
b59 98 467 145 505
b60 262 463 301 479
b61 368 408 413 439
b62 316 509 352 555
b63 420 307 456 353
b64 437 104 470 119
b65 156 323 169 346
b66 506 373 551 415
b67 332 0 346 33
b68 524 196 552 241
b69 302 88 338 115
b70 380 117 425 133
b71 300 0 332 34
b72 230 463 262 478
b73 456 307 468 353
b74 81 399 124 433
b75 432 183 469 203
b76 456 119 492 158
b77 169 26 209 44
b78 59 230 101 246
b79 0 427 40 452
b80 62 507 98 522
b81 156 351 188 366
b82 380 384 419 408
b83 441 513 482 550
b84 44 522 78 560
b85 516 306 559 340
b86 516 440 555 484
b87 230 415 275 463
b88 370 308 399 352
b89 258 340 278 382
b90 413 30 437 76
b91 136 509 157 552
b92 287 371 334 416
b93 379 514 399 538
b94 360 514 379 545
b95 0 390 44 427
b96 324 333 370 366
b97 417 184 432 224
b98 458 58 493 71
b99 380 167 420 184
b100 258 100 302 145
b101 408 0 444 30
b102 62 467 98 507
b103 362 439 396 473
b104 174 122 188 164
b105 145 476 180 509
b106 0 0 12 33
b107 12 251 44 266
b108 125 0 162 38
b109 289 263 331 309
b110 243 172 285 211
b111 185 232 198 253
b112 203 280 228 310
b113 235 228 259 264
b114 116 119 160 153
b115 108 364 142 386
b116 128 426 147 454
b117 101 185 140 206
b118 507 158 551 196
b119 459 485 504 513
b120 24 96 60 132
b121 361 274 399 308
b122 0 452 20 495
b123 42 0 78 23
b124 24 174 55 209
b125 399 513 441 559
b126 108 336 120 358
b127 34 292 59 335
b128 125 38 169 66
b129 479 298 513 320
b130 162 0 192 26
b131 24 48 69 96
b132 364 366 403 384
b133 333 158 348 201
b134 81 433 128 467
b135 158 272 203 287
b136 399 221 411 258
b137 0 369 28 390
b138 78 308 120 336
b139 381 184 417 221
b140 369 184 381 227
b141 213 94 258 113
b142 241 145 278 172
b143 219 113 243 138
b144 31 335 71 350
b145 311 325 324 370
b146 446 259 479 307
b147 45 350 87 380
b148 324 70 344 88
b149 125 66 172 88
b150 438 203 469 226
b151 24 0 42 42
b152 267 211 286 227
b153 40 428 81 458
b154 302 70 324 87
b155 275 416 289 441
b156 445 386 461 414
b157 188 96 213 116
b158 225 310 238 333
b159 130 153 174 185
b160 344 76 371 92
b161 399 261 446 307
b162 181 491 212 509
b163 280 67 302 100
b164 309 34 350 70
b165 441 484 458 505
b166 120 314 156 348
b167 377 38 413 75
b168 376 76 400 117
b169 157 509 181 548
b170 241 479 286 508
b171 203 310 225 350
b172 259 261 286 274
b173 158 231 183 263
b174 204 264 247 280
b175 176 164 192 179
b176 452 414 490 447
b177 147 414 184 455
b178 59 140 78 157
b179 102 505 136 551
b180 492 71 511 111
b181 213 56 243 84
b182 492 440 516 485
b183 204 172 243 205
b184 503 415 549 440
b185 444 0 471 34
b186 125 249 158 280
b187 469 223 507 259
b188 176 56 213 96
b189 192 136 204 180
b190 411 224 438 261
b191 120 348 154 364
b192 468 320 516 349
b193 220 387 253 404
b194 346 0 359 28
b195 459 447 492 460
b196 78 39 119 80
b197 252 274 289 302
b198 295 490 343 509
b199 204 228 235 264
b200 518 269 561 306
b201 369 248 398 274
b202 298 224 332 263
b203 146 386 174 401
b204 362 473 395 514
b205 459 460 480 475
b206 24 132 59 174
b207 524 241 557 269
b208 192 116 219 136
b209 194 351 239 387
b210 503 349 516 373
b211 437 88 449 104
b212 87 336 108 378
b213 243 113 257 145
b214 507 235 524 262
b215 275 441 304 462
b216 418 353 460 372
b217 146 366 194 386
b218 225 505 240 548
b219 78 140 106 158
b220 346 92 376 129
b221 0 356 45 369
b222 304 439 329 473
b223 78 380 100 399
b224 295 509 316 554
b225 69 102 116 140
b226 507 196 523 235
b227 370 352 402 365
b228 223 27 243 48
b229 271 508 295 556
b230 458 71 488 104
b231 407 133 423 163
b232 289 416 331 439
b233 413 420 429 433
b234 460 353 478 386
b235 334 384 380 406
b236 59 158 98 185
b237 12 266 33 306
b238 350 37 377 76
b239 124 386 146 426
b240 346 129 369 148
b241 35 507 59 520
b242 78 80 118 102
b243 204 138 241 172
b244 185 195 198 232
b245 462 158 498 182
b246 199 205 243 228
b247 479 262 518 298
b248 118 88 161 119
b249 0 507 35 534
b250 125 280 156 314
b251 396 439 439 473
b252 478 374 506 393
b253 354 254 369 267
b254 100 249 124 262
b255 78 0 125 39
b256 146 401 167 414
b257 343 475 360 508
b258 181 457 225 491
b259 176 96 188 122
b260 418 372 437 384
b261 12 0 24 45
b262 209 0 257 27
b263 78 262 125 308
b264 140 208 185 231
b265 55 246 100 261
b266 285 158 333 203
b267 259 227 298 261
b268 42 23 64 48
b269 359 0 377 37
b270 176 180 199 195
b271 24 209 48 251
b272 78 522 102 557
b273 369 227 399 248
b274 169 330 202 351
b275 12 306 34 334
b276 431 384 445 415
b277 176 44 223 56
b278 20 458 62 471
b279 101 206 140 249
b280 0 334 31 356
b281 334 366 364 384
b282 266 309 310 339
b283 437 119 452 132
b284 437 58 458 88
b285 278 339 311 352
b286 20 471 61 507
b287 348 184 369 226
b288 333 226 369 254
b289 272 34 309 67
b290 425 132 441 159
b291 175 287 203 330
b292 423 159 462 183
b293 257 0 300 19
b294 301 473 327 490
b295 65 261 78 304
b296 225 478 241 505
b297 377 0 408 38
b298 516 340 556 373
b299 128 454 141 467
