237513.09375
241204
204295
455 449
9.796369
b0 324 165 367 198
b1 324 198 389 235
b2 291 289 325 342
b3 161 54 198 121
b4 73 244 102 263
b5 248 154 297 193
b6 351 147 391 165
b7 0 0 22 40
b8 392 34 454 84
b9 250 276 291 292
b10 76 0 94 52
b11 102 61 161 100
b12 317 24 345 85
b13 260 56 317 104
b14 396 311 439 374
b15 161 223 213 282
b16 391 145 448 181
b17 94 263 160 307
b18 206 27 254 78
b19 325 289 356 339
b20 436 181 455 218
b21 233 104 297 154
b22 0 224 34 273
b23 294 0 314 49
b24 352 387 380 432
b25 297 125 351 164
b26 39 288 94 328
b27 425 246 450 311
b28 381 394 420 440
b29 314 0 376 24
b30 297 164 323 188
b31 177 196 211 222
b32 102 218 155 261
b33 351 125 386 147
b34 206 0 260 27
b35 161 163 199 194
b36 213 237 280 276
b37 34 268 94 288
b38 16 288 39 345
b39 104 100 159 152
b40 161 349 187 378
b41 211 196 266 223
b42 0 171 62 224
b43 0 125 61 171
b44 297 242 362 289
b45 266 193 289 237
b46 73 159 112 181
b47 94 307 159 340
b48 206 78 233 135
b49 389 181 436 246
b50 280 382 312 449
b51 0 379 57 417
b52 161 0 206 54
b53 291 342 334 363
b54 203 135 221 196
b55 260 0 294 56
b56 73 181 90 244
b57 58 0 76 47
b58 376 0 422 34
b59 58 340 95 390
b60 251 292 291 315
b61 213 332 246 355
b62 161 378 221 397
b63 22 0 58 45
b64 345 34 392 84
b65 0 69 57 125
b66 94 0 161 61
b67 356 305 396 349
b68 160 397 223 449
b69 297 188 324 242
b70 161 121 203 163
b71 187 355 251 377
b72 96 340 157 401
b73 386 84 453 145
b74 62 121 104 159
b75 291 363 319 382
b76 367 165 389 198
b77 223 381 280 447
b78 0 345 36 377
b79 61 61 102 121
b80 334 349 392 365
b81 317 85 367 125
b82 96 401 153 448
b83 0 273 16 295
b84 362 235 384 302
b85 392 374 417 394
b86 213 276 250 332
b87 34 224 73 268
b88 0 45 37 69
b89 221 154 248 192
b90 57 390 96 423
b91 319 387 352 443
b92 161 194 177 220
b93 178 282 213 347
b94 384 246 425 305
b95 39 328 58 379
b96 251 315 291 381
b97 161 282 178 349
b98 319 365 381 387
b99 112 152 161 218
