228789.2949219
231359
205662
454 453
7.407111
b0 227 159 270 192
b1 413 199 450 264
b2 151 268 204 302
b3 151 333 188 400
b4 0 57 29 76
b5 290 313 329 362
b6 365 377 405 395
b7 269 65 309 87
b8 34 231 96 281
b9 188 333 229 349
b10 275 110 327 128
b11 103 0 142 59
b12 309 0 370 28
b13 227 102 275 159
b14 106 378 149 441
b15 365 303 424 355
b16 290 210 347 246
b17 408 133 452 199
b18 394 85 445 133
b19 130 59 161 109
b20 129 302 166 321
b21 163 63 227 113
b22 0 298 34 347
b23 188 349 237 369
b24 334 259 362 304
b25 251 209 290 263
b26 234 0 274 55
b27 429 264 454 329
b28 347 395 393 434
b29 370 0 432 24
b30 278 185 304 209
b31 0 226 34 252
b32 208 223 251 276
b33 330 304 365 326
b34 101 287 128 341
b35 166 302 204 333
b36 362 264 429 303
b37 347 239 407 259
b38 128 321 151 378
b39 238 346 290 401
b40 0 427 29 453
b41 96 238 151 265
b42 34 320 96 373
b43 0 180 61 226
b44 343 152 408 199
b45 290 246 334 269
b46 251 263 290 285
b47 274 0 307 65
b48 24 137 81 164
b49 309 28 374 75
b50 122 171 154 238
b51 163 185 220 223
b52 154 223 208 268
b53 142 0 163 43
b54 315 75 376 93
b55 343 93 377 149
b56 0 76 17 139
b57 81 115 99 162
b58 0 252 34 298
b59 188 369 238 406
b60 275 87 315 110
b61 99 115 122 148
b62 215 0 234 60
b63 329 326 365 371
b64 56 0 103 50
b65 0 0 56 57
b66 376 24 443 85
b67 290 269 330 313
b68 163 0 215 63
b69 17 110 71 137
b70 227 60 269 102
b71 42 414 106 436
b72 229 285 290 346
b73 61 164 122 231
b74 0 373 42 411
b75 163 153 191 172
b76 96 265 129 287
b77 290 371 347 437
b78 191 153 227 185
b79 56 50 97 110
b80 220 192 278 208
b81 163 113 213 153
b82 188 406 245 453
b83 0 411 22 427
b84 365 355 432 377
b85 304 185 324 210
b86 122 115 159 171
b87 34 281 78 320
b88 0 139 24 176
b89 29 57 56 95
b90 149 400 188 433
b91 97 59 130 115
b92 24 164 50 180
b93 278 128 343 163
b94 42 373 101 414
b95 208 276 227 327
b96 347 199 413 239
b97 377 85 394 152
b98 278 163 340 185
b99 405 377 454 443
