309780.25
417060.5
202500
450 450
34.300035
b0 33 165 69 181
b1 286 36 305 75
b2 20 186 61 221
b3 390 283 437 301
b4 267 280 299 306
b5 324 399 355 434
b6 271 325 300 338
b7 202 146 223 174
b8 132 329 164 344
b9 388 336 434 370
b10 95 275 140 307
b11 222 28 258 42
b12 88 50 130 86
b13 16 221 61 269
b14 108 351 123 376
b15 301 233 347 278
b16 125 120 143 142
b17 383 87 409 120
b18 27 306 61 325
b19 123 108 153 120
b20 354 335 387 363
b21 241 86 285 125
b22 301 207 340 233
b23 273 221 298 261
b24 355 97 370 122
b25 285 0 321 36
b26 0 281 43 306
b27 0 412 15 446
b28 187 108 233 146
b29 133 28 145 65
b30 0 351 27 368
b31 255 322 271 359
b32 61 293 93 316
b33 195 238 231 256
b34 374 135 393 173
b35 305 36 320 69
b36 331 164 359 176
b37 250 306 271 322
b38 186 318 219 344
b39 180 34 222 64
b40 409 45 437 86
b41 88 0 104 16
b42 222 42 241 86
b43 395 370 429 410
b44 61 266 77 293
b45 183 199 220 213
b46 359 135 374 183
b47 393 183 407 206
b48 188 425 214 449
b49 0 381 40 412
b50 408 220 450 253
b51 162 291 210 318
b52 381 227 408 264
b53 90 351 108 368
b54 347 280 363 323
b55 359 122 405 135
b56 267 378 292 400
b57 200 344 219 392
b58 27 325 46 366
b59 301 278 347 324
b60 88 86 123 116
b61 240 204 273 238
b62 150 219 195 256
b63 130 65 145 100
b64 219 364 267 411
b65 188 392 218 425
b66 219 308 250 339
b67 405 120 449 157
b68 150 256 174 291
b69 355 42 374 80
b70 43 269 57 305
b71 349 0 383 42
b72 321 46 355 79
b73 144 291 162 329
b74 45 61 74 79
b75 223 146 250 169
b76 132 307 144 321
b77 208 256 232 272
b78 393 157 436 183
b79 301 324 338 343
b80 166 34 180 49
b81 61 328 93 348
b82 153 108 186 140
b83 374 173 393 210
b84 163 346 200 389
b85 219 411 267 448
b86 240 238 264 262
b87 286 75 305 120
b88 142 142 185 170
b89 95 259 130 271
b90 0 306 24 351
b91 121 0 165 28
b92 61 217 103 241
b93 33 144 76 165
b94 27 366 43 381
b95 363 363 388 399
b96 195 213 240 238
b97 271 338 296 366
b98 93 335 119 351
b99 66 394 86 431
b100 343 183 370 208
b101 98 177 146 217
b102 146 170 184 195
b103 331 367 363 399
b104 248 0 284 25
b105 301 176 343 207
b106 0 78 39 112
b107 0 217 16 262
b108 105 400 138 412
b109 374 42 386 64
b110 43 394 66 438
b111 267 400 285 413
b112 42 126 88 144
b113 315 123 358 151
b114 379 264 418 283
b115 409 86 446 116
b116 0 41 42 78
b117 186 175 223 199
b118 390 301 429 336
b119 147 195 183 219
b120 90 368 105 413
b121 386 0 418 45
b122 301 355 331 398
b123 129 142 142 177
b124 315 151 354 164
b125 0 168 28 186
b126 210 0 248 28
b127 15 412 39 434
b128 219 339 255 364
b129 305 79 351 123
b130 241 42 286 86
b131 76 144 96 180
b132 277 125 315 141
b133 267 366 281 378
b134 186 146 202 175
b135 95 307 132 322
b136 335 343 354 367
b137 77 266 95 288
b138 211 86 241 108
b139 0 137 33 168
b140 104 0 120 12
b141 347 228 381 253
b142 273 175 300 221
b143 46 348 90 394
b144 61 241 90 266
b145 165 0 210 34
b146 174 256 208 289
b147 0 269 31 281
b148 374 210 399 227
b149 108 378 130 400
b150 93 322 123 335
b151 258 25 285 41
b152 96 142 129 175
b153 312 398 324 438
b154 103 217 147 259
b155 61 316 74 328
b156 45 42 87 61
b157 39 438 81 450
b158 355 80 383 97
b159 210 272 234 308
b160 354 323 390 335
b161 267 261 298 280
b162 301 164 331 176
b163 42 79 88 126
b164 347 253 379 280
b165 234 262 267 303
b166 300 398 312 434
b167 223 177 270 191
b168 418 0 443 37
b169 321 0 349 46
b170 88 28 133 50
b171 266 141 301 175
b172 0 112 31 137
b173 386 45 408 87
b174 343 208 368 228
b175 301 343 335 355
b176 81 431 101 447
b177 145 34 166 65
b178 130 259 150 275
b179 0 0 45 41
b180 271 306 292 325
b181 267 434 309 449
b182 88 16 121 28
b183 88 120 125 136
b184 163 389 183 408
b185 233 125 277 138
b186 223 191 271 204
b187 187 64 211 86
b188 148 408 188 432
b189 0 186 20 217
b190 61 181 98 215
b191 408 183 450 220
b192 164 318 186 346
b193 145 65 187 108
b194 45 0 88 42
b195 363 283 388 319
b196 250 138 266 177
b197 101 413 148 448
b198 355 399 395 421
b199 123 344 163 378
