407509
407509
202050
449 450
54.89905
b0 117 45 133 81
b1 83 0 102 39
b2 174 305 215 340
b3 376 137 394 184
b4 398 0 430 26
b5 218 143 253 174
b6 337 160 366 173
b7 173 67 201 88
b8 66 360 81 392
b9 37 0 83 34
b10 19 389 64 421
b11 213 41 227 77
b12 340 201 382 237
b13 215 310 260 358
b14 174 401 199 416
b15 173 88 218 134
b16 333 89 355 107
b17 370 238 396 271
b18 0 223 19 257
b19 114 318 144 330
b20 370 373 403 401
b21 259 160 298 204
b22 133 61 172 87
b23 173 42 213 67
b24 154 202 169 227
b25 321 25 357 61
b26 37 91 80 116
b27 0 435 34 450
b28 260 290 306 328
b29 382 201 394 238
b30 126 192 153 209
b31 174 385 211 401
b32 12 132 35 164
b33 128 330 146 366
b34 301 180 339 199
b35 40 161 55 194
b36 142 164 154 192
b37 126 128 147 144
b38 211 373 244 399
b39 357 33 399 63
b40 210 0 238 41
b41 98 134 114 150
b42 122 87 166 106
b43 306 304 346 338
b44 126 162 142 189
b45 66 330 103 344
b46 394 137 442 152
b47 235 257 258 271
b48 235 271 259 297
b49 0 167 40 198
b50 288 0 321 42
b51 146 318 173 366
b52 173 134 210 161
b53 196 340 214 357
b54 290 247 306 290
b55 263 22 276 68
b56 263 0 288 22
b57 66 311 114 330
b58 0 382 19 423
b59 174 259 220 305
b60 260 247 290 282
b61 259 395 293 428
b62 189 222 234 259
b63 288 42 303 77
b64 34 257 81 305
b65 260 328 293 358
b66 56 169 87 200
b67 402 97 446 134
b68 235 222 259 257
b69 397 317 435 336
b70 81 78 117 92
b71 87 162 121 204
b72 189 189 223 222
b73 64 413 102 431
b74 81 248 110 266
b75 150 106 173 133
b76 86 134 98 148
b77 40 421 64 437
b78 422 272 448 315
b79 155 273 174 310
b80 127 31 142 45
b81 28 327 60 347
b82 284 113 317 145
b83 170 189 189 226
b84 244 358 287 395
b85 109 366 146 414
b86 346 394 370 418
b87 394 209 439 228
b88 126 209 154 252
b89 0 132 12 167
b90 0 69 24 114
b91 102 414 146 442
b92 98 92 122 134
b93 66 392 109 413
b94 66 344 81 360
b95 259 124 284 160
b96 397 272 422 317
b97 56 229 81 257
b98 110 252 136 268
b99 0 345 20 382
b100 146 366 173 391
b101 293 338 333 386
b102 102 0 127 38
b103 346 271 378 303
b104 321 0 357 25
b105 127 0 169 31
b106 401 63 440 97
b107 0 116 45 132
b108 173 416 185 449
b109 150 152 172 164
b110 81 344 104 388
b111 301 199 319 212
b112 303 42 321 88
b113 354 303 397 331
b114 337 141 376 160
b115 365 107 402 137
b116 399 26 441 63
b117 0 0 37 24
b118 298 145 337 180
b119 306 265 330 301
b120 51 116 66 161
b121 81 216 126 248
b122 81 268 111 311
b123 220 297 255 310
b124 330 265 343 304
b125 0 327 28 345
b126 173 161 211 189
b127 126 106 150 128
b128 234 399 259 435
b129 355 63 401 107
b130 396 228 441 272
b131 0 49 36 69
b132 154 164 170 202
b133 321 89 333 103
b134 35 132 51 161
b135 220 259 235 296
b136 296 88 320 107
b137 126 144 148 162
b138 167 227 189 257
b139 0 294 31 327
b140 319 199 335 211
b141 306 240 340 265
b142 146 391 173 437
b143 37 34 83 78
b144 56 200 81 229
b145 320 107 365 141
b146 293 386 327 419
b147 81 204 112 216
b148 333 369 350 394
b149 31 305 53 327
b150 154 227 167 257
b151 321 61 348 77
b152 83 39 116 72
b153 0 423 40 435
b154 20 347 64 389
b155 53 305 66 317
b156 169 0 188 42
b157 80 92 92 134
b158 366 184 394 201
b159 104 330 128 366
b160 301 228 337 240
b161 142 42 173 61
b162 378 271 390 301
b163 403 336 449 383
b164 343 237 370 269
b165 357 0 398 33
b166 284 77 296 113
b167 211 174 258 188
b168 238 0 263 37
b169 227 41 255 87
b170 174 340 196 385
b171 223 188 258 222
b172 0 24 31 49
b173 188 0 210 42
b174 394 152 419 172
b175 321 77 355 89
b176 66 153 86 169
b177 333 338 354 369
b178 258 108 278 124
b179 114 273 155 318
b180 150 133 171 152
b181 196 358 238 373
b182 87 150 120 162
b183 136 257 173 273
b184 66 134 86 153
b185 37 78 81 91
b186 333 394 346 442
b187 339 173 361 197
b188 258 68 282 108
b189 36 198 56 229
b190 0 257 34 294
b191 394 172 436 209
b192 19 229 47 251
b193 259 204 301 247
b194 354 331 397 373
b195 0 198 36 223
b196 301 212 340 228
b197 199 401 234 448
b198 218 121 258 143
b199 218 87 258 121
