568558.3515625
596762.5
314721
561 561
81.92339
b0 441 418 468 433
b1 440 354 456 381
b2 396 400 422 422
b3 351 456 396 477
b4 234 218 274 263
b5 140 441 156 467
b6 103 135 141 162
b7 124 36 159 65
b8 220 362 256 383
b9 16 501 60 526
b10 304 57 335 72
b11 196 99 220 140
b12 440 337 459 354
b13 105 65 153 98
b14 156 342 177 386
b15 367 93 382 127
b16 60 464 102 509
b17 31 285 72 322
b18 502 301 546 344
b19 360 196 396 219
b20 21 101 34 118
b21 223 383 267 411
b22 175 229 204 264
b23 170 264 210 281
b24 510 82 528 106
b25 440 37 483 66
b26 371 0 389 27
b27 69 242 109 280
b28 91 322 103 346
b29 102 0 132 29
b30 257 263 277 291
b31 382 78 414 114
b32 530 0 552 19
b33 259 330 305 375
b34 150 386 179 398
b35 272 432 284 458
b36 352 417 382 444
b37 421 316 433 345
b38 132 0 151 21
b39 157 453 170 465
b40 72 280 91 327
b41 263 153 299 172
b42 21 118 46 164
b43 259 291 280 330
b44 105 111 132 135
b45 398 255 423 279
b46 351 229 364 248
b47 460 372 500 414
b48 231 449 259 483
b49 127 231 151 279
b50 36 73 55 87
b51 421 300 435 316
b52 483 45 501 82
b53 163 186 175 222
b54 166 107 196 141
b55 31 322 57 353
b56 175 141 221 172
b57 129 497 177 544
b58 474 467 499 492
b59 175 174 222 212
b60 156 326 195 342
b61 314 256 359 287
b62 360 160 406 196
b63 211 263 257 299
b64 177 365 210 380
b65 259 449 272 472
b66 502 344 547 386
b67 367 127 381 160
b68 396 425 441 453
b69 396 228 432 255
b70 371 40 416 56
b71 364 219 396 253
b72 0 268 32 283
b73 500 289 546 301
b74 141 143 175 186
b75 440 381 460 418
b76 192 525 231 561
b77 51 245 69 285
b78 0 456 16 498
b79 0 431 40 456
b80 0 498 15 534
b81 15 388 30 420
b82 416 42 440 81
b83 501 45 542 82
b84 435 498 469 536
b85 305 330 348 364
b86 37 34 81 73
b87 435 246 480 294
b88 307 96 336 140
b89 406 188 448 208
b90 382 114 406 160
b91 177 344 220 365
b92 483 0 530 45
b93 120 441 140 465
b94 339 533 370 552
b95 16 464 60 501
b96 212 31 245 77
b97 352 366 392 381
b98 406 175 441 188
b99 373 349 413 366
b100 480 217 525 261
b101 0 283 30 319
b102 384 477 424 513
b103 406 114 440 148
b104 426 0 440 42
b105 57 327 90 362
b106 249 44 282 56
b107 0 357 15 389
b108 40 427 78 464
b109 314 187 360 229
b110 450 294 489 336
b111 179 525 192 546
b112 69 217 99 242
b113 151 228 175 264
b114 435 212 479 246
b115 0 246 34 268
b116 34 217 53 245
b117 467 159 506 180
b118 223 411 267 449
b119 480 261 525 289
b120 372 513 408 549
b121 159 36 197 70
b122 231 541 274 561
b123 285 449 308 485
b124 102 465 137 496
b125 78 417 120 463
b126 179 422 201 434
b127 48 362 91 387
b128 308 364 352 392
b129 285 485 319 507
b130 345 0 371 30
b131 211 299 259 344
b132 220 344 259 362
b133 435 294 450 337
b134 0 199 34 246
b135 197 26 212 71
b136 277 255 314 267
b137 91 355 112 383
b138 179 380 207 422
b139 0 0 37 36
b140 547 273 559 316
b141 348 30 367 75
b142 287 218 314 255
b143 309 0 333 25
b144 139 398 179 413
b145 105 98 150 111
b146 280 280 313 328
b147 137 467 179 497
b148 401 300 419 320
b149 81 135 103 182
b150 451 467 474 498
b151 91 280 109 322
b152 32 268 51 284
b153 231 500 261 541
b154 274 522 291 544
b155 312 459 326 484
b156 195 281 211 309
b157 220 114 245 134
b158 277 267 300 280
b159 460 180 504 212
b160 249 0 265 27
b161 311 141 358 187
b162 34 186 52 217
b163 269 131 302 153
b164 99 195 140 231
b165 231 483 252 500
b166 0 36 36 70
b167 459 336 496 372
b168 307 72 348 96
b169 179 434 203 473
b170 52 188 97 217
b171 116 316 156 338
b172 207 380 220 407
b173 141 111 166 143
b174 153 70 196 86
b175 34 245 50 260
b176 339 495 372 533
b177 179 488 220 525
b178 0 101 19 118
b179 116 338 150 384
b180 432 458 451 498
b181 510 106 540 134
b182 81 42 105 87
b183 312 426 351 459
b184 245 56 291 81
b185 406 148 440 175
b186 15 357 48 388
b187 502 419 540 455
b188 389 0 426 40
b189 252 174 264 218
b190 314 229 351 256
b191 195 309 211 343
b192 373 320 421 349
b193 175 212 208 229
b194 77 387 90 415
b195 103 322 116 355
b196 267 375 308 416
b197 120 413 157 441
b198 221 134 269 153
b199 213 0 249 31
b200 127 279 170 316
b201 414 81 440 110
b202 367 279 401 318
b203 179 473 207 488
b204 236 81 277 114
b205 392 366 413 381
b206 291 507 326 549
b207 284 416 312 449
b208 203 422 223 449
b209 151 0 196 36
b210 274 218 287 242
b211 245 114 261 126
b212 221 153 263 174
b213 525 245 539 277
b214 483 82 500 109
b215 81 0 102 29
b216 348 287 367 329
b217 91 384 139 404
b218 336 98 351 141
b219 539 245 557 273
b220 440 0 470 37
b221 49 100 62 145
b222 326 459 351 493
b223 105 42 124 64
b224 0 131 21 176
b225 510 179 557 217
b226 463 451 502 467
b227 470 0 483 32
b228 396 208 417 228
b229 81 87 105 135
b230 277 81 307 114
b231 351 98 367 128
b232 140 186 163 228
b233 267 416 280 432
b234 351 477 384 495
b235 367 56 413 78
b236 102 496 129 535
b237 153 86 193 107
b238 307 30 346 57
b239 157 413 179 453
b240 348 75 367 98
b241 91 404 115 417
b242 196 77 236 99
b243 468 414 502 451
b244 291 44 304 81
b245 396 453 432 477
b246 265 0 309 23
b247 352 381 391 417
b248 467 109 510 140
b249 408 513 435 548
b250 0 70 34 101
b251 314 287 348 330
b252 391 381 419 400
b253 34 100 49 113
b254 0 186 24 199
b255 30 388 77 427
b256 0 118 21 131
b257 269 114 302 131
b258 37 0 81 34
b259 333 0 345 26
b260 423 255 435 274
b261 351 444 396 456
b262 440 105 467 153
b263 264 172 311 218
b264 170 281 193 326
b265 62 100 77 145
b266 510 134 558 179
b267 312 392 351 426
b268 441 433 463 458
b269 109 231 127 268
b270 259 472 282 487
b271 210 218 234 260
b272 261 487 285 522
b273 401 279 431 300
b274 352 329 373 362
b275 207 449 229 477
b276 109 268 123 299
b277 448 153 460 200
b278 0 389 13 431
b279 440 66 483 105
b280 21 164 52 186
b281 422 395 440 425
b282 222 174 252 218
b283 367 78 380 93
b284 419 365 440 395
b285 81 29 114 42
b286 60 509 101 545
b287 265 23 307 44
b288 525 217 561 245
b289 103 162 140 195
b290 413 349 440 365
b291 52 145 80 188
b292 359 255 398 279
b293 467 140 510 159
b294 196 0 213 26
b295 34 87 77 100
b296 60 545 87 561
b297 0 319 31 357
b298 502 386 542 419
b299 326 493 339 506
