420947.5
420947.5
202050
450 449
27.513959
b0 304 170 340 186
b1 115 339 154 358
b2 388 227 429 262
b3 369 131 416 149
b4 0 174 32 200
b5 247 264 282 295
b6 87 72 116 85
b7 79 115 107 136
b8 0 329 32 344
b9 248 230 294 264
b10 264 0 309 32
b11 264 32 300 46
b12 0 138 42 174
b13 340 233 388 278
b14 46 218 61 243
b15 157 282 202 328
b16 313 132 331 154
b17 238 0 264 33
b18 185 0 219 19
b19 289 366 319 378
b20 317 408 345 441
b21 164 89 208 128
b22 250 317 289 343
b23 235 361 260 401
b24 313 98 328 123
b25 275 132 311 168
b26 34 361 77 386
b27 0 408 34 423
b28 68 173 106 219
b29 0 0 37 12
b30 311 303 328 330
b31 334 371 350 408
b32 66 219 98 242
b33 78 316 114 334
b34 369 112 407 131
b35 340 218 373 233
b36 386 278 398 306
b37 390 87 406 108
b38 249 115 275 148
b39 342 82 384 112
b40 114 137 155 165
b41 31 45 47 61
b42 201 130 245 149
b43 416 184 450 224
b44 131 238 158 254
b45 201 178 215 215
b46 342 67 390 82
b47 219 41 233 64
b48 124 0 150 24
b49 0 45 31 85
b50 171 215 204 257
b51 390 39 417 87
b52 137 165 164 202
b53 345 200 362 218
b54 154 368 197 384
b55 328 86 341 132
b56 361 162 383 187
b57 115 291 134 339
b58 219 0 238 41
b59 41 69 87 115
b60 112 419 147 449
b61 98 229 131 263
b62 345 25 390 62
b63 150 0 185 15
b64 116 71 164 118
b65 181 56 211 89
b66 150 40 181 71
b67 212 86 249 130
b68 390 15 425 39
b69 379 370 417 389
b70 250 343 286 357
b71 400 294 442 328
b72 337 278 370 312
b73 41 115 79 133
b74 286 348 315 366
b75 134 392 157 419
b76 282 264 296 276
b77 37 280 61 296
b78 294 277 337 303
b79 182 168 201 205
b80 381 0 395 15
b81 0 423 32 443
b82 269 46 302 78
b83 305 67 342 86
b84 231 149 274 186
b85 40 386 88 423
b86 328 347 352 371
b87 292 303 311 348
b88 98 263 141 291
b89 37 244 49 279
b90 88 380 112 425
b91 289 403 317 447
b92 70 149 112 173
b93 34 340 77 361
b94 61 280 77 295
b95 79 291 115 316
b96 300 186 345 211
b97 289 378 317 403
b98 185 19 211 35
b99 0 244 37 264
b100 350 371 377 396
b101 154 328 202 368
b102 275 180 300 218
b103 216 230 248 262
b104 32 174 68 199
b105 302 36 344 67
b106 345 408 379 447
b107 0 344 16 389
b108 128 202 161 214
b109 305 86 327 98
b110 40 423 84 446
b111 33 20 51 33
b112 164 168 182 214
b113 373 199 416 227
b114 116 118 155 137
b115 49 243 79 280
b116 379 389 416 431
b117 254 78 278 115
b118 408 149 447 184
b119 321 0 345 36
b120 260 357 275 402
b121 400 262 445 294
b122 204 262 247 292
b123 296 264 331 277
b124 362 149 401 162
b125 16 344 34 372
b126 42 133 70 171
b127 16 386 40 408
b128 157 384 182 420
b129 296 218 340 264
b130 230 186 275 230
b131 37 0 73 20
b132 345 162 361 200
b133 388 262 400 276
b134 313 154 342 170
b135 319 371 334 408
b136 105 0 124 24
b137 112 392 134 410
b138 87 85 109 115
b139 0 298 33 329
b140 282 276 294 292
b141 170 257 204 282
b142 147 420 193 447
b143 0 200 46 244
b144 206 149 231 178
b145 116 24 150 69
b146 202 361 235 395
b147 106 173 137 185
b148 202 395 227 412
b149 77 358 99 380
b150 315 330 328 360
b151 278 78 305 94
b152 0 12 33 45
b153 204 215 216 255
b154 34 298 78 340
b155 16 372 29 384
b156 212 67 254 86
b157 164 156 206 168
b158 345 134 362 162
b159 78 334 114 358
b160 309 0 321 36
b161 182 384 201 415
b162 274 168 304 180
b163 204 314 250 361
b164 73 0 105 27
b165 0 105 41 138
b166 158 238 170 274
b167 216 178 230 225
b168 383 162 408 199
b169 155 128 201 156
b170 94 27 116 72
b171 278 98 313 132
b172 150 15 181 40
b173 250 295 292 317
b174 328 327 353 347
b175 353 327 365 361
b176 84 425 104 441
b177 181 35 212 56
b178 106 185 126 201
b179 248 402 289 447
b180 250 46 269 67
b181 328 312 370 327
b182 238 33 250 66
b183 141 254 157 291
b184 46 199 66 218
b185 70 136 114 149
b186 141 291 154 339
b187 345 112 369 134
b188 131 214 171 238
b189 0 85 31 105
b190 0 264 37 298
b191 407 87 444 129
b192 106 201 128 229
b193 51 27 94 69
b194 377 328 420 370
b195 345 0 381 25
b196 370 278 386 317
b197 201 412 248 447
b198 204 292 244 314
b199 114 358 154 392
