239276
242910
206570
455 454
8.590663
b0 399 47 442 80
b1 0 43 37 108
b2 197 254 250 288
b3 98 39 165 76
b4 353 313 372 342
b5 342 0 381 49
b6 196 433 236 451
b7 197 288 237 310
b8 102 129 164 179
b9 154 358 195 374
b10 376 72 394 124
b11 165 150 224 189
b12 372 189 400 250
b13 141 310 198 358
b14 249 59 312 102
b15 395 269 454 321
b16 377 321 413 378
b17 75 249 141 293
b18 252 332 300 383
b19 199 64 249 95
b20 413 356 432 393
b21 199 0 249 64
b22 165 0 199 49
b23 304 313 353 333
b24 344 133 372 178
b25 312 400 351 454
b26 205 95 245 150
b27 372 124 397 189
b28 361 378 400 424
b29 371 250 395 312
b30 352 72 376 98
b31 400 179 434 205
b32 75 339 128 382
b33 413 321 435 356
b34 199 189 226 243
b35 37 100 68 138
b36 36 265 75 332
b37 82 187 102 247
b38 342 49 399 72
b39 249 0 301 55
b40 324 333 353 359
b41 249 166 304 193
b42 102 76 164 129
b43 75 293 136 339
b44 397 114 444 179
b45 400 205 423 249
b46 305 133 344 155
b47 237 299 302 332
b48 0 372 57 399
b49 381 0 446 47
b50 0 232 32 299
b51 195 360 252 398
b52 250 254 304 299
b53 16 0 37 43
b54 136 358 154 419
b55 394 80 450 114
b56 226 170 243 233
b57 303 382 350 400
b58 68 100 102 146
b59 198 310 235 360
b60 102 226 142 249
b61 165 49 188 82
b62 395 250 455 269
b63 37 187 82 223
b64 102 179 152 226
b65 141 249 197 306
b66 304 252 371 313
b67 312 72 352 116
b68 305 178 368 230
b69 249 102 303 129
b70 261 383 303 425
b71 132 419 196 441
b72 243 193 304 254
b73 37 33 98 100
b74 37 223 75 265
b75 37 0 65 19
b76 302 333 324 366
b77 66 382 132 439
b78 0 299 36 331
b79 37 146 97 187
b80 303 366 361 382
b81 165 95 205 145
b82 152 189 199 246
b83 361 342 377 364
b84 304 230 371 252
b85 224 150 249 170
b86 249 129 305 166
b87 121 0 165 39
b88 0 208 37 232
b89 0 108 27 146
b90 154 374 187 413
b91 65 0 121 33
b92 0 0 16 26
b93 196 398 261 433
b94 301 0 342 59
b95 261 425 312 444
b96 0 332 66 372
b97 305 116 372 133
b98 0 146 22 208
b99 0 399 66 448
