420962.75
527765.5
314160
560 561
504.625131
b0 479 252 494 279
b1 392 257 408 284
b2 226 0 248 26
b3 308 280 353 301
b4 366 136 411 176
b5 38 275 64 291
b6 98 196 136 223
b7 458 373 493 402
b8 256 193 292 214
b9 100 503 125 547
b10 335 416 350 447
b11 13 129 37 170
b12 217 298 234 317
b13 213 88 261 121
b14 291 423 335 444
b15 422 406 456 421
b16 38 233 83 275
b17 261 72 298 113
b18 480 209 524 252
b19 135 288 171 311
b20 134 341 151 354
b21 198 0 226 44
b22 392 204 427 233
b23 316 384 356 401
b24 458 402 476 426
b25 307 27 336 70
b26 464 92 482 119
b27 386 298 426 336
b28 254 134 278 146
b29 146 98 176 127
b30 324 181 352 201
b31 274 248 310 280
b32 276 496 298 515
b33 38 110 84 155
b34 253 154 282 166
b35 360 298 386 310
b36 431 468 458 498
b37 269 484 298 496
b38 261 113 280 134
b39 118 338 130 351
b40 190 383 209 430
b41 13 249 32 285
b42 240 218 265 264
b43 450 352 489 373
b44 124 453 148 480
b45 396 396 421 420
b46 389 284 408 297
b47 448 169 490 209
b48 149 185 177 219
b49 392 233 440 257
b50 144 240 163 254
b51 335 465 349 481
b52 444 0 481 18
b53 201 267 213 303
b54 112 79 146 109
b55 99 378 130 404
b56 176 44 222 75
b57 410 421 458 468
b58 360 310 385 335
b59 125 495 163 542
b60 13 47 29 86
b61 304 444 335 489
b62 261 36 307 72
b63 261 0 307 36
b64 482 125 515 140
b65 136 185 149 208
b66 494 483 536 528
b67 496 140 510 173
b68 426 301 454 346
b69 422 379 458 406
b70 275 405 291 450
b71 412 125 444 159
b72 191 470 206 502
b73 498 282 510 328
b74 261 450 304 484
b75 454 282 474 319
b76 458 426 494 465
b77 234 292 252 332
b78 13 343 29 385
b79 130 388 170 413
b80 0 482 36 497
b81 83 268 98 300
b82 356 384 380 423
b83 494 0 535 37
b84 0 497 38 531
b85 310 246 353 280
b86 454 498 493 542
b87 510 157 555 205
b88 136 156 180 185
b89 368 446 410 466
b90 366 112 412 136
b91 38 509 59 552
b92 301 501 348 546
b93 424 0 444 24
b94 238 487 269 506
b95 98 254 135 298
b96 180 109 213 155
b97 386 336 426 351
b98 494 391 507 426
b99 356 71 373 111
b100 386 515 430 560
b101 502 61 538 91
b102 38 155 78 191
b103 524 205 558 239
b104 291 409 333 423
b105 64 371 99 404
b106 444 125 477 137
b107 209 438 241 453
b108 238 506 276 543
b109 324 114 366 160
b110 38 0 77 42
b111 38 291 59 304
b112 291 379 316 409
b113 174 0 198 36
b114 512 385 556 419
b115 208 453 242 475
b116 64 275 83 303
b117 217 332 256 353
b118 512 252 556 290
b119 229 264 274 292
b120 77 0 113 36
b121 222 54 260 88
b122 13 300 33 343
b123 98 298 134 321
b124 177 203 208 238
b125 448 18 494 60
b126 98 223 110 245
b127 148 470 191 495
b128 106 152 134 196
b129 290 159 324 181
b130 349 466 375 496
b131 78 404 126 449
b132 282 113 300 152
b133 510 290 553 305
b134 133 354 180 388
b135 83 223 98 268
b136 304 234 341 246
b137 62 483 83 511
b138 38 82 80 110
b139 444 209 480 246
b140 512 305 555 317
b141 242 442 261 487
b142 307 0 344 27
b143 402 351 426 376
b144 130 413 145 453
b145 216 253 229 298
b146 344 0 377 48
b147 134 311 176 341
b148 476 402 494 422
b149 300 112 322 159
b150 494 452 517 483
b151 78 449 120 467
b152 242 426 261 442
b153 0 402 30 443
b154 111 321 133 338
b155 211 218 236 232
b156 412 79 428 107
b157 391 176 411 201
b158 252 292 275 305
b159 512 353 556 385
b160 397 36 424 52
b161 326 338 373 384
b162 79 192 97 223
b163 324 201 346 234
b164 519 91 560 127
b165 366 176 387 193
b166 0 448 36 482
b167 428 88 464 125
b168 494 37 535 61
b169 79 338 118 362
b170 134 127 179 156
b171 36 448 76 470
b172 143 14 170 27
b173 148 442 180 467
b174 13 86 29 129
b175 171 288 187 303
b176 275 280 308 318
b177 176 303 217 340
b178 292 194 309 213
b179 30 402 64 448
b180 493 328 512 368
b181 226 26 256 54
b182 430 515 454 560
b183 512 419 551 452
b184 301 333 326 379
b185 364 193 391 227
b186 29 371 62 402
b187 512 317 550 353
b188 349 496 386 536
b189 352 181 364 225
b190 253 166 290 193
b191 177 238 211 254
b192 448 140 496 169
b193 238 543 271 560
b194 448 60 461 88
b195 309 194 322 227
b196 38 192 79 233
b197 78 155 106 192
b198 163 495 182 543
b199 353 267 389 298
b200 180 340 217 383
b201 373 351 402 377
b202 265 214 304 248
b203 0 385 28 400
b204 213 121 254 154
b205 333 401 354 416
b206 99 44 141 79
b207 454 319 482 352
b208 170 388 190 415
b209 412 159 448 204
b210 426 366 450 379
b211 436 24 448 40
b212 233 405 275 426
b213 496 173 510 205
b214 427 204 444 231
b215 211 232 240 253
b216 380 377 422 396
b217 37 304 85 324
b218 161 53 176 96
b219 375 466 393 494
b220 208 475 238 512
b221 59 511 72 556
b222 179 75 204 109
b223 112 109 134 128
b224 211 197 256 218
b225 393 468 431 515
b226 353 251 392 267
b227 292 181 324 194
b228 426 346 447 366
b229 84 128 132 152
b230 458 465 488 498
b231 381 43 397 73
b232 208 155 231 197
b233 308 301 324 314
b234 335 447 368 465
b235 77 36 99 82
b236 148 415 187 442
b237 187 430 208 470
b238 407 52 446 79
b239 231 154 253 194
b240 493 368 512 391
b241 38 483 62 496
b242 298 72 320 112
b243 326 301 360 338
b244 13 0 26 37
b245 474 282 498 318
b246 350 423 394 446
b247 440 246 479 282
b248 217 353 248 396
b249 0 531 35 558
b250 110 223 144 254
b251 322 71 356 114
b252 426 282 454 301
b253 201 254 216 267
b254 13 205 37 218
b255 199 512 238 559
b256 38 496 59 509
b257 143 36 176 53
b258 144 254 188 288
b259 424 24 436 50
b260 308 314 320 333
b261 301 489 346 501
b262 180 155 207 203
b263 33 324 79 371
b264 336 48 381 71
b265 146 53 161 98
b266 256 318 301 366
b267 373 73 407 112
b268 276 515 301 537
b269 535 0 553 37
b270 13 285 36 300
b271 209 396 233 438
b272 13 170 37 205
b273 408 257 438 278
b274 144 219 177 240
b275 72 511 100 533
b276 143 0 174 14
b277 26 0 38 47
b278 36 470 78 483
b279 248 366 291 405
b280 13 218 35 249
b281 494 252 512 282
b282 113 0 143 44
b283 408 278 421 293
b284 515 127 536 157
b285 0 0 13 33
b286 83 467 124 503
b287 324 160 366 181
b288 396 0 424 36
b289 482 92 519 125
b290 380 396 396 423
b291 84 82 112 125
b292 353 227 392 251
b293 377 0 396 43
b294 182 502 199 528
b295 188 254 201 297
b296 99 362 126 378
b297 464 61 502 92
b298 493 528 533 561
b299 98 321 111 334
