231536.75
234462.5
205205
455 451
2.839515
b0 50 298 93 331
b1 390 146 455 183
b2 138 199 172 252
b3 200 219 237 286
b4 259 225 278 254
b5 200 331 249 370
b6 372 138 390 178
b7 190 65 230 87
b8 109 369 159 431
b9 238 179 254 220
b10 259 264 311 282
b11 159 369 198 428
b12 138 33 166 94
b13 249 338 297 395
b14 0 383 63 426
b15 400 230 452 289
b16 27 150 63 207
b17 311 291 377 335
b18 256 158 307 206
b19 54 267 104 298
b20 401 405 438 424
b21 198 396 262 446
b22 102 303 136 352
b23 348 0 368 49
b24 172 219 200 264
b25 54 211 93 265
b26 0 85 40 140
b27 311 206 376 231
b28 362 405 401 451
b29 166 33 190 95
b30 311 231 337 255
b31 138 173 172 199
b32 0 207 53 250
b33 303 54 325 89
b34 313 0 340 54
b35 200 286 231 324
b36 0 0 67 39
b37 194 159 254 179
b38 63 154 86 211
b39 86 154 138 209
b40 200 370 229 396
b41 109 209 136 264
b42 194 87 256 140
b43 0 39 61 85
b44 390 183 455 230
b45 79 331 102 375
b46 109 264 131 303
b47 194 0 227 65
b48 0 140 27 197
b49 378 291 443 338
b50 227 0 294 32
b51 343 253 400 291
b52 243 32 297 77
b53 138 95 181 116
b54 355 387 416 405
b55 275 282 309 338
b56 75 137 138 154
b57 256 77 303 95
b58 63 375 109 409
b59 311 89 348 139
b60 355 335 378 375
b61 325 54 348 87
b62 194 140 254 159
b63 262 395 298 440
b64 0 277 50 324
b65 138 116 194 173
b66 311 139 372 206
b67 348 98 392 138
b68 256 95 308 158
b69 0 250 54 277
b70 91 57 133 99
b71 298 405 362 427
b72 138 268 199 329
b73 368 0 435 61
b74 41 331 79 373
b75 294 0 313 28
b76 67 37 89 70
b77 298 338 355 404
b78 311 255 343 291
b79 404 86 445 146
b80 93 209 109 267
b81 138 329 188 369
b82 91 0 138 57
b83 138 252 160 268
b84 237 225 259 292
b85 404 61 424 86
b86 348 61 404 98
b87 231 292 275 331
b88 67 0 91 37
b89 91 99 118 137
b90 278 225 311 264
b91 138 0 194 33
b92 227 32 243 58
b93 40 85 75 150
b94 0 324 41 383
b95 254 206 305 225
b96 172 179 238 219
b97 0 426 67 443
b98 337 231 399 253
b99 378 338 444 387
