233266.25
236232.5
206570
454 455
2.523084
b0 217 226 260 259
b1 307 0 372 37
b2 223 303 257 356
b3 123 0 160 67
b4 282 303 301 332
b5 293 209 332 258
b6 42 212 60 252
b7 293 258 333 280
b8 160 0 222 50
b9 385 306 401 347
b10 406 0 424 52
b11 222 103 281 142
b12 278 142 339 170
b13 355 249 403 306
b14 173 364 216 427
b15 399 129 451 188
b16 301 299 337 356
b17 193 259 259 303
b18 0 307 51 355
b19 173 333 223 364
b20 301 280 338 299
b21 169 156 219 220
b22 173 122 222 156
b23 372 0 392 49
b24 403 317 448 345
b25 278 170 332 209
b26 0 415 55 455
b27 429 188 454 253
b28 339 307 385 346
b29 341 187 365 249
b30 403 188 429 212
b31 187 96 221 122
b32 16 254 59 307
b33 364 369 386 404
b34 160 50 187 104
b35 281 100 312 138
b36 150 220 217 259
b37 421 256 441 316
b38 96 184 119 241
b39 67 67 122 119
b40 312 100 341 126
b41 123 212 150 267
b42 0 0 62 53
b43 123 151 169 212
b44 386 369 451 416
b45 403 212 426 256
b46 301 356 340 378
b47 260 209 293 274
b48 61 157 118 184
b49 341 82 406 129
b50 0 113 67 145
b51 260 336 298 393
b52 406 72 451 126
b53 341 166 384 187
b54 403 256 421 317
b55 365 187 399 243
b56 119 267 136 330
b57 61 249 79 296
b58 187 50 221 96
b59 67 395 117 432
b60 260 280 300 303
b61 372 49 395 82
b62 313 37 332 97
b63 79 249 115 294
b64 123 104 173 151
b65 222 142 278 199
b66 0 145 61 212
b67 332 37 372 81
b68 222 40 274 103
b69 119 333 173 360
b70 0 212 42 254
b71 320 378 342 442
b72 259 393 320 454
b73 62 0 123 67
b74 67 119 109 157
b75 424 0 443 28
b76 260 303 282 336
b77 136 267 193 333
b78 123 67 155 103
b79 0 53 41 113
b80 339 249 355 307
b81 222 0 272 40
b82 117 362 164 419
b83 342 346 364 362
b84 342 362 364 429
b85 406 52 431 72
b86 341 129 397 166
b87 274 56 313 100
b88 41 67 65 104
b89 222 199 260 226
b90 66 362 105 395
b91 274 0 307 56
b92 0 254 16 280
b93 61 184 96 249
b94 216 364 257 423
b95 51 307 70 358
b96 0 358 66 398
b97 0 398 67 415
b98 364 347 426 369
b99 70 296 119 362
