228322.796875
231142
202950
450 451
2.557049
b0 158 365 191 408
b1 80 44 145 81
b2 158 278 192 331
b3 91 252 158 289
b4 62 270 91 289
b5 244 18 293 57
b6 222 317 240 357
b7 184 422 224 444
b8 239 176 301 226
b9 101 433 142 449
b10 208 0 260 18
b11 0 295 59 334
b12 170 161 231 189
b13 0 377 48 434
b14 334 0 377 63
b15 377 65 429 124
b16 246 280 303 316
b17 80 0 146 44
b18 0 130 51 178
b19 238 420 288 451
b20 64 403 101 422
b21 252 102 316 152
b22 53 354 87 403
b23 333 421 382 441
b24 158 250 203 278
b25 192 278 246 317
b26 105 142 145 197
b27 409 144 434 209
b28 344 375 383 421
b29 252 152 314 176
b30 146 109 170 135
b31 316 145 342 179
b32 0 334 53 377
b33 303 267 338 289
b34 225 98 252 152
b35 99 221 137 252
b36 338 270 405 309
b37 377 124 437 144
b38 101 327 158 350
b39 170 109 225 161
b40 192 317 221 343
b41 101 350 156 377
b42 27 0 80 62
b43 0 234 46 295
b44 320 80 367 145
b45 376 206 399 250
b46 146 175 168 214
b47 62 289 95 354
b48 0 0 27 57
b49 377 0 424 65
b50 240 317 272 384
b51 101 289 158 327
b52 246 226 291 280
b53 203 250 246 271
b54 341 252 402 270
b55 303 289 337 345
b56 62 207 79 270
b57 127 81 145 128
b58 342 206 376 252
b59 291 230 341 267
b60 146 135 169 175
b61 145 214 178 237
b62 387 363 447 382
b63 399 209 444 245
b64 146 59 193 109
b65 0 178 57 234
b66 60 81 127 142
b67 294 345 338 385
b68 387 311 450 363
b69 51 142 105 169
b70 142 408 184 450
b71 158 343 222 365
b72 178 189 239 250
b73 342 145 409 206
b74 57 169 99 207
b75 305 418 333 437
b76 287 80 320 102
b77 387 382 444 448
b78 208 18 244 50
b79 0 89 60 130
b80 46 234 62 292
b81 237 57 287 97
b82 191 365 238 422
b83 79 207 95 229
b84 272 316 294 383
b85 320 179 340 204
b86 146 22 202 59
b87 193 59 237 98
b88 99 197 136 221
b89 0 62 38 89
b90 305 385 344 418
b91 101 377 134 433
b92 48 403 64 429
b93 240 385 305 420
b94 293 0 334 59
b95 301 179 320 230
b96 405 245 445 311
b97 293 63 360 80
b98 146 0 208 22
b99 338 309 387 375
