452123
590086
314160
561 560
600.096974
b0 546 263 561 290
b1 242 488 269 504
b2 328 0 350 26
b3 313 342 334 387
b4 283 66 328 106
b5 0 414 26 430
b6 254 39 292 66
b7 149 445 178 480
b8 161 109 197 130
b9 53 103 78 147
b10 384 126 399 157
b11 0 86 41 110
b12 384 109 403 126
b13 436 80 484 113
b14 36 362 80 383
b15 420 389 454 404
b16 102 130 144 175
b17 0 0 37 41
b18 502 328 546 371
b19 102 267 138 290
b20 180 130 197 143
b21 350 0 394 28
b22 525 77 554 112
b23 333 314 373 331
b24 223 465 241 489
b25 187 0 216 43
b26 329 494 347 521
b27 504 180 544 218
b28 66 157 90 169
b29 0 41 30 70
b30 347 426 375 446
b31 284 440 320 472
b32 68 257 90 276
b33 328 59 373 105
b34 329 465 341 494
b35 48 192 60 218
b36 511 441 538 471
b37 280 342 309 354
b38 384 157 405 176
b39 403 112 415 125
b40 178 495 197 542
b41 516 41 535 77
b42 129 354 154 400
b43 90 310 129 331
b44 258 382 285 406
b45 392 456 417 480
b46 318 293 337 306
b47 456 404 498 444
b48 497 80 525 114
b49 504 156 552 180
b50 102 48 121 62
b51 354 489 370 503
b52 206 43 224 80
b53 417 0 429 36
b54 436 48 470 78
b55 68 231 99 257
b56 285 252 316 298
b57 60 474 108 521
b58 347 503 372 528
b59 13 110 51 157
b60 242 382 258 421
b61 347 446 392 477
b62 451 113 497 149
b63 144 130 180 176
b64 403 97 436 112
b65 102 175 125 188
b66 180 163 225 205
b67 393 228 407 261
b68 108 472 136 517
b69 320 429 347 465
b70 457 273 502 289
b71 417 443 449 477
b72 420 350 435 382
b73 301 354 313 400
b74 43 440 86 474
b75 412 228 449 248
b76 51 521 90 557
b77 393 210 433 228
b78 0 461 42 477
b79 217 425 242 465
b80 145 267 160 303
b81 102 113 134 128
b82 225 247 264 271
b83 165 43 206 80
b84 0 512 38 546
b85 200 271 234 314
b86 102 212 146 251
b87 512 218 560 263
b88 225 218 269 247
b89 99 290 141 310
b90 360 142 384 188
b91 412 329 455 350
b92 37 317 84 362
b93 193 205 217 225
b94 146 248 177 267
b95 178 411 215 455
b96 405 141 451 174
b97 412 248 452 263
b98 249 504 262 539
b99 341 378 381 395
b100 163 314 208 358
b101 385 42 421 72
b102 132 517 172 553
b103 468 289 502 323
b104 242 474 284 488
b105 360 188 393 223
b106 53 44 86 56
b107 40 383 55 415
b108 499 513 536 551
b109 451 149 497 191
b110 241 0 283 39
b111 208 336 221 357
b112 68 185 98 210
b113 247 194 283 218
b114 468 323 502 367
b115 154 358 176 392
b116 197 132 225 151
b117 178 455 217 476
b118 0 216 38 260
b119 412 267 457 295
b120 424 477 460 513
b121 247 160 285 194
b122 38 276 81 296
b123 508 472 531 508
b124 53 72 88 103
b125 147 206 193 248
b126 80 362 102 374
b127 26 415 69 440
b128 467 444 511 472
b129 208 314 242 336
b130 219 504 249 530
b131 0 157 48 202
b132 178 393 217 411
b133 344 225 359 268
b134 178 359 225 393
b135 51 147 66 192
b136 180 151 217 163
b137 15 440 43 461
b138 90 398 118 440
b139 337 105 373 142
b140 452 224 464 267
b141 178 476 223 495
b142 373 72 400 109
b143 323 29 347 54
b144 269 488 284 528
b145 423 48 436 93
b146 360 223 393 271
b147 86 442 128 472
b148 424 513 444 531
b149 315 106 337 153
b150 269 528 292 559
b151 54 0 72 42
b152 242 421 258 440
b153 38 218 68 259
b154 197 495 219 512
b155 0 202 25 216
b156 86 44 102 72
b157 403 72 423 97
b158 177 248 200 261
b159 380 321 412 365
b160 317 306 333 333
b161 334 331 380 378
b162 224 39 242 70
b163 225 179 247 212
b164 516 0 552 41
b165 224 70 241 91
b166 0 358 36 392
b167 375 271 412 307
b168 301 405 342 429
b169 177 80 216 104
b170 283 0 328 29
b171 0 392 40 414
b172 216 91 243 104
b173 217 393 242 425
b174 102 251 145 267
b175 37 19 53 34
b176 242 349 280 382
b177 318 169 359 206
b178 37 0 54 19
b179 412 295 458 329
b180 502 309 542 328
b181 424 531 454 559
b182 102 188 147 212
b183 435 350 468 389
b184 200 225 225 271
b185 285 127 312 161
b186 0 325 31 358
b187 502 273 540 309
b188 254 304 294 341
b189 384 176 428 188
b190 247 133 284 160
b191 68 169 102 185
b192 464 244 512 273
b193 27 477 60 494
b194 337 301 365 314
b195 342 268 355 301
b196 467 472 508 513
b197 285 161 313 198
b198 102 0 121 48
b199 347 395 383 426
b200 0 260 37 303
b201 254 66 283 92
b202 160 276 199 310
b203 0 430 15 458
b204 285 198 318 239
b205 318 278 339 293
b206 389 480 424 522
b207 136 480 164 513
b208 150 89 177 109
b209 142 400 178 445
b210 285 239 309 252
b211 121 44 137 56
b212 69 396 90 438
b213 380 307 412 321
b214 134 113 161 130
b215 68 210 97 231
b216 318 206 360 225
b217 454 191 502 211
b218 242 289 285 304
b219 313 387 341 405
b220 468 367 498 404
b221 38 515 51 560
b222 216 0 241 34
b223 453 0 472 22
b224 38 296 83 317
b225 292 521 339 559
b226 373 477 389 516
b227 174 0 187 32
b228 375 426 396 446
b229 429 0 453 48
b230 147 176 180 206
b231 359 271 375 301
b232 394 0 417 42
b233 285 382 301 395
b234 234 271 267 289
b235 225 133 247 179
b236 90 331 129 358
b237 102 358 123 398
b238 381 365 420 392
b239 393 188 433 210
b240 221 336 240 359
b241 136 445 149 469
b242 243 92 283 114
b243 383 392 420 426
b244 121 31 158 44
b245 318 242 342 278
b246 294 298 317 342
b247 420 404 456 443
b248 502 371 545 402
b249 0 477 27 512
b250 292 29 323 63
b251 258 406 301 440
b252 280 354 299 382
b253 318 153 333 166
b254 0 110 13 134
b255 460 513 499 560
b256 38 494 51 515
b257 225 359 242 392
b258 129 310 163 354
b259 267 247 279 273
b260 354 477 373 489
b261 242 304 254 349
b262 372 522 420 549
b263 470 33 516 80
b264 30 41 53 86
b265 150 44 165 89
b266 284 472 329 520
b267 242 440 281 474
b268 339 528 364 550
b269 497 114 534 132
b270 177 261 200 276
b271 118 400 142 442
b272 108 517 132 552
b273 396 426 417 456
b274 433 191 454 224
b275 0 303 28 325
b276 143 0 174 14
b277 242 39 254 86
b278 55 383 97 396
b279 498 402 541 441
b280 121 0 143 31
b281 449 444 467 474
b282 72 0 102 44
b283 341 477 354 492
b284 285 106 315 127
b285 137 44 150 77
b286 102 77 143 113
b287 78 115 99 157
b288 415 113 451 141
b289 472 0 509 33
b290 333 153 360 169
b291 197 104 240 132
b292 497 132 536 156
b293 240 114 283 133
b294 318 225 344 242
b295 88 72 101 115
b296 38 259 65 275
b297 347 28 385 59
b298 464 211 504 244
b299 455 329 468 342
