2130115.5
3187143
1073088
276 3888
936.517879
b0 38 2774 65 2789
b1 61 3337 88 3353
b2 105 1320 127 1346
b3 40 3215 61 3260
b4 133 1109 173 1154
b5 81 1518 97 1544
b6 81 2184 119 2211
b7 98 1518 133 1547
b8 78 3737 99 3773
b9 166 226 210 251
b10 30 1582 45 1613
b11 73 2617 114 2641
b12 67 2493 84 2512
b13 45 1582 78 1630
b14 132 2574 176 2595
b15 16 1999 50 2014
b16 70 736 115 778
b17 12 2881 53 2918
b18 173 120 216 164
b19 78 1455 114 1478
b20 109 2117 122 2134
b21 63 1838 91 1882
b22 50 1999 85 2028
b23 60 2300 100 2317
b24 107 3364 125 3388
b25 16 3612 45 3655
b26 173 84 200 102
b27 119 348 157 388
b28 108 1777 132 1789
b29 45 1709 74 1739
b30 68 956 88 984
b31 114 675 146 711
b32 16 3432 35 3454
b33 193 38 238 84
b34 80 2465 109 2477
b35 181 534 193 560
b36 37 2388 64 2418
b37 107 3002 119 3031
b38 129 1876 150 1895
b39 93 2529 105 2542
b40 107 1949 126 1996
b41 129 2453 165 2472
b42 16 3386 62 3411
b43 16 3411 55 3432
b44 46 2597 73 2621
b45 133 1491 157 1516
b46 34 1500 53 1513
b47 56 3076 98 3116
b48 149 2396 177 2430
b49 67 2388 91 2436
b50 114 613 133 627
b51 16 42 30 58
b52 68 1320 105 1338
b53 67 2436 103 2448
b54 68 3232 98 3266
b55 12 2440 38 2471
b56 67 3282 113 3313
b57 86 480 133 528
b58 88 956 113 981
b59 95 1417 142 1455
b60 30 1752 69 1768
b61 86 3031 117 3076
b62 12 2845 58 2881
b63 146 675 182 721
b64 91 2359 124 2374
b65 141 736 154 759
b66 99 2858 141 2903
b67 68 3177 82 3210
b68 80 3434 108 3479
b69 175 164 211 191
b70 125 1230 141 1275
b71 82 3524 116 3556
b72 98 3108 130 3123
b73 78 1581 90 1627
b74 70 909 113 943
b75 78 1544 98 1581
b76 69 1779 108 1815
b77 98 3232 138 3250
b78 68 3266 110 3282
b79 129 2472 169 2497
b80 34 0 70 15
b81 46 2621 61 2653
b82 50 2117 89 2141
b83 81 2211 118 2252
b84 133 637 167 675
b85 34 1539 68 1582
b86 119 281 158 325
b87 130 164 175 212
b88 68 1192 97 1236
b89 89 2117 109 2159
b90 133 613 179 637
b91 49 3716 92 3737
b92 102 433 147 480
b93 101 1055 121 1079
b94 104 869 135 888
b95 85 2036 129 2073
b96 66 1916 112 1949
b97 114 721 154 736
b98 88 981 101 1016
b99 89 2159 129 2176
b100 62 3479 106 3524
b101 55 3556 85 3592
b102 80 2739 120 2775
b103 70 778 104 812
b104 123 3002 165 3016
b105 98 1547 133 1580
b106 133 1076 145 1109
b107 212 276 244 291
b108 135 869 172 907
b109 82 3186 124 3232
b110 30 1957 69 1999
b111 121 1055 134 1076
b112 56 3051 86 3076
b113 130 212 166 236
b114 85 2073 119 2117
b115 34 15 68 37
b116 97 1230 125 1249
b117 29 3803 68 3824
b118 120 2722 164 2760
b119 130 236 158 281
b120 193 0 229 36
b121 102 388 136 426
b122 35 3592 78 3612
b123 50 2352 73 2388
b124 50 2317 81 2352
b125 158 251 204 293
b126 85 1949 107 1961
b127 113 993 138 1036
b128 137 534 181 562
b129 12 2418 46 2440
b130 182 332 212 358
b131 97 1275 145 1320
b132 62 3434 80 3473
b133 65 1666 80 1709
b134 134 907 168 954
b135 33 3765 78 3780
b136 91 1765 128 1777
b137 16 2280 37 2308
b138 82 3158 124 3186
b139 119 2176 155 2213
b140 74 2141 86 2184
b141 56 3116 75 3161
b142 128 2903 155 2940
b143 78 1627 102 1652
b144 90 1581 105 1621
b145 67 2448 80 2493
b146 119 2541 167 2574
b147 128 2244 158 2286
b148 68 1338 86 1358
b149 34 1478 81 1500
b150 98 2677 121 2708
b151 16 0 34 42
b152 91 1728 107 1747
b153 58 2860 99 2890
b154 164 315 186 332
b155 108 2708 133 2722
b156 21 3716 49 3732
b157 45 1630 65 1655
b158 168 907 191 920
b159 16 2223 60 2255
b160 55 3524 82 3540
b161 103 2406 149 2453
b162 65 2788 96 2806
b163 117 1355 150 1377
b164 30 1916 66 1957
b165 46 2418 67 2435
b166 98 2641 132 2677
b167 107 1728 143 1765
b168 88 1151 112 1192
b169 53 1500 77 1539
b170 136 388 165 433
b171 69 1739 91 1779
b172 81 2806 108 2819
b173 98 3076 123 3108
b174 33 3780 76 3796
b175 56 3161 71 3177
b176 0 3765 33 3803
b177 0 3851 41 3888
b178 21 3655 38 3674
b179 73 2558 119 2592
b180 107 1996 126 2036
b181 21 3737 51 3765
b182 67 3313 112 3337
b183 70 2942 103 2981
b184 73 2592 119 2617
b185 50 2189 77 2223
b186 40 3353 71 3386
b187 97 1192 133 1230
b188 117 1377 154 1417
b189 70 569 114 581
b190 91 2332 128 2359
b191 0 0 16 34
b192 0 3803 29 3851
b193 86 34 119 51
b194 70 943 98 956
b195 75 2708 108 2721
b196 86 528 127 569
b197 60 2263 97 2291
b198 175 207 223 226
b199 114 1455 145 1491
b200 124 2359 167 2396
b201 12 3051 38 3080
b202 38 2806 72 2845
b203 93 2501 108 2529
b204 165 2430 206 2463
b205 0 3655 21 3670
b206 38 2739 80 2774
b207 38 3655 71 3683
b208 40 3195 67 3215
b209 31 3015 76 3051
b210 115 736 128 760
b211 108 2788 124 2800
b212 75 3116 96 3158
b213 126 1862 158 1876
b214 107 3337 124 3364
b215 104 888 133 909
b216 74 1709 116 1728
b217 173 0 193 48
b218 130 0 173 15
b219 40 3177 68 3195
b220 124 3278 154 3315
b221 112 1112 125 1157
b222 16 2255 50 2280
b223 71 3612 93 3631
b224 150 1355 195 1376
b225 229 0 276 38
b226 78 1358 117 1374
b227 91 2374 104 2406
b228 16 2308 37 2328
b229 50 2141 74 2189
b230 38 3683 68 3716
b231 86 51 102 81
b232 69 1815 111 1838
b233 70 0 86 13
b234 30 1768 63 1786
b235 128 2940 150 2986
b236 133 480 160 519
b237 60 2223 81 2263
b238 46 2558 73 2597
b239 0 3080 40 3102
b240 75 2641 98 2660
b241 113 909 126 933
b242 108 2501 130 2541
b243 38 2653 75 2687
b244 80 2775 117 2788
b245 93 2477 129 2501
b246 114 569 137 613
b247 134 954 170 993
b248 128 2213 171 2244
b249 115 842 150 869
b250 53 2981 84 3015
b251 63 1882 106 1916
b252 12 2918 31 2946
b253 45 1739 60 1752
b254 155 2760 179 2773
b255 58 2903 105 2942
b256 86 3002 107 3015
b257 78 1374 95 1407
b258 86 0 130 34
b259 103 2453 129 2465
b260 145 1055 164 1067
b261 115 760 127 805
b262 97 2252 124 2300
b263 46 2512 93 2558
b264 119 325 164 348
b265 137 519 182 534
b266 62 3386 107 3434
b267 81 2819 115 2858
b268 204 251 226 276
b269 182 358 219 376
b270 58 2845 81 2860
b271 91 1838 133 1862
b272 127 1320 151 1355
b273 113 933 134 963
b274 127 821 160 842
b275 113 3250 135 3278
b276 78 1652 109 1666
b277 0 34 12 81
b278 128 736 141 778
b279 128 778 167 821
b280 158 293 189 315
b281 75 2721 105 2739
b282 34 1358 78 1388
b283 81 2317 94 2332
b284 124 3123 154 3144
b285 101 1079 114 1112
b286 179 575 215 616
b287 86 2981 128 3002
b288 200 84 228 120
b289 138 993 171 1030
b290 0 3102 16 3129
b291 211 164 239 207
b292 88 1112 112 1151
b293 113 1036 156 1055
b294 53 2942 70 2968
b295 137 562 180 575
b296 40 3051 56 3078
b297 171 1376 209 1407
b298 81 1478 114 1518
b299 65 1630 78 1643
