1762847
1762847
674946
261 2586
208.847985
b0 58 782 94 798
b1 90 567 109 606
b2 88 1417 129 1452
b3 0 24 18 71
b4 120 297 146 329
b5 35 1581 70 1612
b6 103 852 132 865
b7 194 0 222 21
b8 58 416 90 431
b9 119 1330 165 1364
b10 70 1868 115 1900
b11 158 42 172 78
b12 158 0 194 42
b13 0 2467 48 2512
b14 85 968 100 993
b15 73 606 118 652
b16 88 1367 106 1389
b17 111 652 144 678
b18 70 1723 104 1742
b19 163 265 193 277
b20 82 1774 110 1807
b21 142 964 186 1003
b22 109 1479 135 1518
b23 18 2063 58 2088
b24 112 1692 137 1707
b25 74 344 110 380
b26 90 416 133 441
b27 45 1974 79 1989
b28 93 1642 139 1680
b29 34 2358 46 2395
b30 18 24 35 51
b31 58 798 95 814
b32 70 1629 93 1661
b33 132 786 150 822
b34 51 1868 70 1906
b35 166 148 181 181
b36 0 2088 28 2100
b37 139 1459 155 1480
b38 166 293 199 319
b39 141 223 171 265
b40 90 526 118 567
b41 120 329 136 345
b42 51 1906 70 1950
b43 102 989 142 1023
b44 86 692 113 708
b45 121 55 135 92
b46 34 2415 82 2430
b47 71 2358 94 2372
b48 129 1417 153 1443
b49 115 266 155 297
b50 133 148 166 190
b51 70 1581 97 1629
b52 115 1719 142 1756
b53 94 708 111 726
b54 194 35 237 51
b55 45 0 58 46
b56 193 148 215 173
b57 71 734 90 782
b58 52 2022 71 2063
b59 90 480 136 526
b60 132 1119 162 1154
b61 133 401 166 435
b62 95 1190 132 1235
b63 63 2063 78 2098
b64 74 0 121 48
b65 102 956 132 989
b66 136 526 167 557
b67 35 1831 79 1868
b68 69 1479 104 1503
b69 85 1087 104 1125
b70 59 1170 95 1184
b71 28 2283 70 2317
b72 133 190 167 223
b73 46 2245 64 2283
b74 95 1255 124 1273
b75 88 1452 111 1479
b76 46 2403 60 2415
b77 84 895 108 911
b78 115 223 141 266
b79 84 852 103 889
b80 124 1518 138 1533
b81 46 2225 78 2245
b82 45 1989 77 2022
b83 154 480 173 517
b84 59 1330 102 1367
b85 34 2430 82 2467
b86 66 1807 90 1831
b87 45 1562 90 1581
b88 96 809 124 852
b89 135 55 147 90
b90 0 0 45 24
b91 176 573 220 601
b92 51 1950 93 1974
b93 70 1900 113 1921
b94 146 297 161 313
b95 121 30 157 55
b96 46 2358 71 2403
b97 132 920 157 948
b98 28 2088 44 2114
b99 157 100 194 120
b100 18 1902 45 1927
b101 63 2098 103 2146
b102 0 2512 25 2550
b103 82 1742 114 1774
b104 59 1184 95 1209
b105 70 1692 112 1723
b106 0 2358 34 2397
b107 163 277 208 293
b108 59 1209 92 1221
b109 97 1503 109 1525
b110 118 582 162 605
b111 115 123 133 136
b112 136 480 154 526
b113 157 120 200 148
b114 70 2467 109 2486
b115 121 0 158 30
b116 25 2512 62 2554
b117 64 1525 88 1562
b118 222 0 261 35
b119 74 380 98 416
b120 45 814 60 859
b121 102 1023 134 1068
b122 45 1367 88 1397
b123 109 1518 122 1553
b124 96 770 109 809
b125 28 2225 46 2253
b126 138 678 176 706
b127 57 1503 81 1525
b128 118 557 154 582
b129 82 2372 126 2418
b130 133 435 177 480
b131 95 1235 131 1255
b132 73 652 111 668
b133 45 859 59 871
b134 162 557 191 573
b135 58 431 73 468
b136 78 1999 102 2018
b137 60 1152 82 1170
b138 133 379 163 401
b139 95 1159 128 1190
b140 57 1397 69 1413
b141 44 2191 69 2225
b142 97 1553 124 1599
b143 92 1286 138 1330
b144 60 968 85 997
b145 110 345 155 379
b146 18 1868 51 1902
b147 45 1397 57 1428
b148 79 1974 96 1999
b149 149 1003 171 1025
b150 103 865 116 895
b151 58 0 74 27
b152 157 746 190 779
b153 114 1707 154 1719
b154 96 726 138 770
b155 95 1273 107 1286
b156 44 2088 63 2130
b157 60 956 102 968
b158 194 100 222 117
b159 0 2550 24 2586
b160 84 814 96 850
b161 121 92 140 123
b162 172 51 202 63
b163 74 297 120 344
b164 60 1125 92 1152
b165 74 48 115 81
b166 154 1480 190 1492
b167 70 2245 117 2259
b168 108 895 145 920
b169 70 1921 116 1949
b170 44 2146 66 2191
b171 92 1125 127 1159
b172 35 1777 66 1802
b173 158 78 200 100
b174 128 1099 153 1119
b175 93 1680 127 1692
b176 132 948 152 964
b177 128 1068 149 1099
b178 135 1443 155 1459
b179 28 2317 73 2358
b180 45 1525 64 1546
b181 71 692 86 734
b182 48 2495 81 2507
b183 109 770 146 786
b184 100 1068 120 1087
b185 106 1330 119 1374
b186 58 468 71 516
b187 73 668 95 692
b188 60 814 84 854
b189 78 2183 109 2203
b190 118 605 155 639
b191 66 2146 108 2183
b192 48 2467 70 2495
b193 106 1374 148 1417
b194 97 1599 139 1642
b195 84 920 109 956
b196 124 1255 163 1271
b197 35 1742 82 1777
b198 138 706 160 746
b199 18 2022 52 2062
