2983323.40625
3194678.5
1081129
287 3767
924.6258
b0 125 1325 152 1340
b1 103 1154 130 1170
b2 114 2196 136 2222
b3 128 1546 149 1591
b4 168 390 208 435
b5 222 238 238 264
b6 152 1356 190 1383
b7 108 1056 143 1085
b8 56 2481 77 2517
b9 124 1859 168 1884
b10 143 2933 158 2964
b11 76 2857 117 2881
b12 116 1636 133 1655
b13 97 2708 130 2756
b14 129 1085 173 1106
b15 117 2255 151 2270
b16 34 3698 79 3740
b17 35 2854 76 2891
b18 120 2623 163 2667
b19 44 3396 80 3419
b20 39 1410 52 1427
b21 190 1121 218 1165
b22 0 36 35 65
b23 68 2142 108 2159
b24 107 3192 125 3216
b25 130 1139 159 1182
b26 39 3199 66 3217
b27 185 1497 223 1537
b28 115 1825 139 1837
b29 141 1216 170 1246
b30 24 3641 44 3669
b31 102 3079 134 3115
b32 69 0 88 22
b33 111 2106 156 2152
b34 153 1033 182 1045
b35 128 2563 140 2589
b36 135 2499 162 2529
b37 86 3220 98 3249
b38 39 2111 60 2130
b39 149 794 161 807
b40 130 761 149 808
b41 80 3364 116 3383
b42 120 539 166 564
b43 88 3058 127 3079
b44 160 272 187 296
b45 136 2196 160 2221
b46 130 890 149 903
b47 68 2407 110 2447
b48 113 1261 141 1295
b49 0 3470 24 3518
b50 121 218 140 232
b51 110 1859 124 1875
b52 60 2111 97 2129
b53 80 3332 116 3344
b54 103 2589 133 2623
b55 105 1899 131 1930
b56 180 726 226 757
b57 96 2900 143 2948
b58 103 2557 128 2582
b59 39 3161 86 3199
b60 121 202 160 218
b61 116 688 147 733
b62 59 2623 105 2659
b63 0 3424 36 3470
b64 86 1727 119 1742
b65 44 3467 57 3490
b66 51 2897 93 2942
b67 177 56 191 89
b68 56 2210 84 2255
b69 162 2291 198 2318
b70 128 2407 144 2452
b71 85 2038 119 2070
b72 88 18 120 33
b73 56 2255 68 2301
b74 86 1693 129 1727
b75 84 2659 104 2696
b76 0 0 39 36
b77 180 708 220 726
b78 56 2447 98 2463
b79 83 2832 123 2857
b80 138 1402 174 1417
b81 93 856 108 888
b82 0 2980 39 3004
b83 131 963 168 1004
b84 76 1859 110 1897
b85 130 920 164 963
b86 93 2499 132 2543
b87 52 1972 97 2020
b88 58 3521 87 3565
b89 192 794 212 836
b90 84 2283 130 2307
b91 155 89 198 110
b92 100 2324 145 2371
b93 204 59 224 83
b94 232 59 263 78
b95 88 603 132 640
b96 128 1591 174 1624
b97 149 779 189 794
b98 168 435 181 470
b99 100 2307 140 2324
b100 66 3263 110 3308
b101 175 571 205 607
b102 97 2002 137 2038
b103 129 3115 163 3149
b104 124 747 166 761
b105 143 1106 178 1139
b106 174 1583 186 1616
b107 68 2307 100 2322
b108 96 2948 133 2986
b109 86 1546 128 1592
b110 69 1301 108 1343
b111 140 311 153 332
b112 86 1592 116 1617
b113 131 2152 167 2176
b114 155 158 189 202
b115 68 2371 102 2393
b116 175 552 203 571
b117 86 1343 125 1364
b118 203 498 247 536
b119 39 3351 67 3396
b120 93 1085 129 1121
b121 44 3641 78 3679
b122 147 688 190 708
b123 108 963 131 999
b124 146 855 177 890
b125 76 1930 122 1972
b126 198 130 220 142
b127 59 2659 84 2702
b128 0 3396 44 3424
b129 0 3698 34 3720
b130 39 0 69 26
b131 120 369 168 414
b132 138 1899 156 1938
b133 138 1417 153 1460
b134 198 83 232 130
b135 110 1884 155 1899
b136 128 1624 165 1636
b137 86 3192 107 3220
b138 175 470 217 498
b139 208 390 244 427
b140 168 330 180 373
b141 123 1780 142 1825
b142 177 19 204 56
b143 72 2980 96 3005
b144 105 2623 120 2663
b145 84 2747 97 2792
b146 132 655 180 688
b147 72 3079 102 3121
b148 159 3173 177 3193
b149 160 250 207 272
b150 219 0 242 31
b151 66 3199 84 3241
b152 168 920 184 939
b153 97 1972 138 2002
b154 155 0 177 17
b155 84 3249 109 3263
b156 76 2881 104 2897
b157 111 2152 131 2177
b158 100 1742 123 1755
b159 59 2543 103 2575
b160 147 1741 174 1757
b161 146 808 192 855
b162 149 761 180 779
b163 39 2980 72 3002
b164 52 2070 88 2111
b165 58 3565 79 3582
b166 97 2070 131 2106
b167 189 757 225 794
b168 151 470 175 511
b169 123 1741 147 1780
b170 59 2702 88 2747
b171 36 3521 58 3561
b172 80 3344 107 3357
b173 56 2822 81 2854
b174 116 3216 159 3232
b175 121 353 136 369
b176 190 1083 223 1121
b177 148 1460 189 1497
b178 223 794 240 813
b179 103 1182 149 1216
b180 207 198 226 238
b181 219 31 249 59
b182 242 0 287 24
b183 120 564 153 603
b184 36 3616 82 3641
b185 84 2159 111 2193
b186 143 2900 174 2933
b187 173 1045 209 1083
b188 199 158 236 198
b189 69 1261 113 1273
b190 93 829 130 856
b191 72 3005 88 3039
b192 39 2142 68 2190
b193 116 3232 149 3249
b194 88 640 116 653
b195 60 2129 93 2142
b196 88 788 129 829
b197 39 1382 76 1410
b198 152 1383 200 1402
b199 102 2371 133 2407
b200 180 353 223 390
b201 131 1004 157 1033
b202 96 2986 130 3025
b203 100 1755 115 1783
b204 88 3025 129 3058
b205 35 2565 56 2580
b206 190 1165 232 1200
b207 84 2255 117 2283
b208 39 2190 66 2210
b209 129 3025 174 3061
b210 78 3308 91 3332
b211 169 1757 185 1769
b212 125 1504 146 1546
b213 103 2543 135 2557
b214 44 3494 61 3521
b215 76 1897 105 1918
b216 177 0 219 19
b217 160 202 180 250
b218 98 2484 141 2499
b219 156 1916 184 1934
b220 98 2447 128 2484
b221 105 2663 118 2708
b222 121 0 155 25
b223 24 3679 46 3698
b224 121 332 166 353
b225 35 2942 82 2980
b226 172 142 211 158
b227 156 1884 169 1916
b228 107 3344 128 3364
b229 35 2517 59 2565
b230 93 1121 123 1154
b231 111 3383 127 3413
b232 180 330 222 353
b233 130 808 146 821
b234 88 0 121 18
b235 89 3383 111 3429
b236 56 2783 83 2822
b237 84 2792 105 2832
b238 162 616 189 655
b239 100 1837 140 1859
b240 73 3582 96 3601
b241 130 1106 143 1130
b242 72 3121 94 3161
b243 36 3582 73 3616
b244 166 539 203 552
b245 174 2563 210 2587
b246 125 1460 148 1504
b247 149 1497 185 1536
b248 86 3161 129 3192
b249 57 3467 92 3494
b250 120 414 151 448
b251 220 536 263 570
b252 151 511 170 539
b253 69 1273 84 1286
b254 76 1742 100 1755
b255 39 1343 86 1382
b256 35 2210 56 2223
b257 114 2222 131 2255
b258 135 2529 179 2563
b259 166 318 192 330
b260 180 202 199 214
b261 103 1216 115 1261
b262 129 1693 156 1741
b263 149 1537 196 1583
b264 108 1033 153 1056
b265 140 296 185 311
b266 44 3419 89 3467
b267 69 1154 103 1193
b268 149 1182 171 1207
b269 56 2463 93 2481
b270 116 1678 139 1693
b271 129 3149 171 3173
b272 133 2964 157 2999
b273 149 890 170 920
b274 52 2020 85 2041
b275 84 1273 106 1301
b276 116 733 147 747
b277 0 3720 12 3767
b278 133 1636 146 1678
b279 39 3308 78 3351
b280 185 296 216 318
b281 84 2196 114 2214
b282 113 1295 157 1325
b283 163 3061 176 3076
b284 132 616 162 637
b285 125 1340 138 1373
b286 88 747 124 788
b287 140 2270 182 2291
b288 56 2747 84 2783
b289 87 3494 120 3531
b290 35 2891 51 2918
b291 117 2857 145 2900
b292 69 829 93 868
b293 111 2177 154 2196
b294 155 110 172 136
b295 132 603 175 616
b296 180 214 196 241
b297 152 1325 190 1356
b298 174 1402 207 1442
b299 89 3429 102 3442
