414058.5
414058.5
202500
450 450
129.184024
b0 309 403 325 439
b1 131 275 150 314
b2 0 0 41 35
b3 403 73 450 91
b4 183 358 215 384
b5 188 112 223 143
b6 217 46 246 59
b7 180 425 208 446
b8 45 272 60 304
b9 128 401 162 447
b10 62 303 94 348
b11 298 328 334 342
b12 67 241 109 277
b13 0 37 45 85
b14 105 0 120 25
b15 316 256 362 301
b16 246 46 268 64
b17 399 126 432 152
b18 365 160 399 179
b19 278 64 308 76
b20 408 341 441 369
b21 365 179 409 218
b22 60 277 99 303
b23 152 313 177 353
b24 407 254 422 279
b25 308 36 344 72
b26 12 391 37 434
b27 201 253 216 287
b28 365 240 403 286
b29 0 257 37 269
b30 403 91 420 118
b31 328 197 365 213
b32 0 328 23 360
b33 67 223 103 241
b34 288 223 326 242
b35 409 292 442 307
b36 420 103 448 115
b37 278 48 299 64
b38 241 382 274 408
b39 334 301 364 343
b40 188 59 229 87
b41 200 287 216 303
b42 144 107 188 126
b43 180 19 214 59
b44 240 101 256 128
b45 99 382 136 396
b46 0 224 48 239
b47 217 88 240 102
b48 120 90 144 116
b49 0 126 40 157
b50 259 152 292 194
b51 278 0 305 48
b52 241 0 278 27
b53 380 363 398 380
b54 247 213 263 256
b55 403 60 449 73
b56 279 76 301 101
b57 48 224 67 272
b58 0 309 41 328
b59 216 256 262 302
b60 170 260 200 295
b61 65 348 99 381
b62 177 313 214 358
b63 120 0 135 35
b64 67 176 115 223
b65 87 143 120 173
b66 135 15 166 46
b67 365 298 409 335
b68 298 304 333 328
b69 279 258 298 296
b70 120 188 156 202
b71 109 241 151 275
b72 409 307 442 341
b73 0 239 38 257
b74 170 295 199 313
b75 263 231 286 258
b76 187 241 201 253
b77 0 157 24 173
b78 339 213 365 256
b79 180 0 217 19
b80 308 242 323 256
b81 118 347 138 379
b82 259 120 292 152
b83 241 27 278 46
b84 241 408 284 445
b85 151 59 188 107
b86 225 144 249 168
b87 256 101 301 120
b88 263 297 291 340
b89 213 415 225 450
b90 0 269 45 293
b91 45 115 89 143
b92 41 352 65 394
b93 41 309 62 352
b94 23 356 39 371
b95 292 176 328 201
b96 42 179 67 224
b97 213 390 241 415
b98 214 341 240 357
b99 0 371 37 391
b100 227 357 254 382
b101 80 403 128 443
b102 284 403 309 441
b103 254 341 286 373
b104 305 0 330 36
b105 120 48 151 90
b106 120 202 154 241
b107 0 293 45 309
b108 201 209 213 242
b109 420 91 442 103
b110 157 162 180 206
b111 212 144 225 162
b112 298 258 316 304
b113 365 335 408 363
b114 392 0 411 39
b115 411 0 441 37
b116 120 146 157 188
b117 88 73 112 110
b118 409 177 448 212
b119 217 0 241 36
b120 135 0 180 15
b121 156 209 201 241
b122 37 403 80 433
b123 347 62 382 75
b124 240 88 279 101
b125 23 328 41 356
b126 45 37 83 65
b127 120 116 144 138
b128 163 126 188 162
b129 291 343 337 387
b130 215 168 259 213
b131 83 28 119 48
b132 340 144 356 182
b133 409 212 423 224
b134 421 232 450 248
b135 328 182 365 197
b136 188 143 212 162
b137 151 280 169 302
b138 24 157 54 179
b139 292 120 325 151
b140 274 373 286 389
b141 399 152 433 177
b142 216 314 262 341
b143 301 76 347 120
b144 188 87 217 112
b145 347 28 392 62
b146 118 314 152 347
b147 0 391 12 422
b148 422 248 447 265
b149 65 381 87 403
b150 326 223 339 253
b151 364 363 380 390
b152 54 143 87 176
b153 0 434 40 446
b154 0 179 42 223
b155 120 35 132 48
b156 99 340 118 382
b157 382 62 394 104
b158 433 115 450 143
b159 94 304 118 340
b160 328 144 340 180
b161 156 241 187 260
b162 409 224 421 254
b163 380 380 426 427
b164 99 277 131 304
b165 180 384 213 425
b166 216 302 252 314
b167 356 112 403 126
b168 263 194 288 231
b169 330 0 376 28
b170 138 358 183 380
b171 356 126 391 160
b172 83 48 114 73
b173 365 218 407 240
b174 423 212 448 232
b175 365 286 399 298
b176 154 260 170 280
b177 136 380 167 401
b178 288 242 308 258
b179 0 85 45 126
b180 394 39 413 60
b181 223 102 238 144
b182 215 357 227 390
b183 291 387 328 403
b184 144 126 163 146
b185 403 279 447 292
b186 167 380 180 428
b187 325 120 347 144
b188 229 64 269 88
b189 89 110 109 141
b190 347 75 381 112
b191 41 0 83 37
b192 83 0 105 28
b193 45 73 88 115
b194 328 390 371 432
b195 292 151 328 176
b196 263 258 279 297
b197 180 162 215 209
b198 288 201 328 223
b199 213 213 247 253
