1971501.75
2938087.5
1004916
276 3641
934.788861
b0 60 1746 87 1761
b1 85 0 112 16
b2 180 0 202 26
b3 68 1397 89 1442
b4 65 2328 105 2373
b5 100 841 116 867
b6 81 2881 119 2908
b7 85 872 120 901
b8 179 271 200 307
b9 75 1567 119 1592
b10 85 841 100 872
b11 75 1543 116 1567
b12 32 2231 49 2250
b13 112 403 145 451
b14 87 1771 131 1792
b15 0 3590 34 3605
b16 39 36 84 78
b17 125 1792 166 1829
b18 117 1179 160 1223
b19 39 1543 75 1566
b20 179 234 192 251
b21 39 3128 67 3172
b22 163 980 198 1009
b23 60 3541 100 3558
b24 17 2722 35 2746
b25 133 135 162 178
b26 102 1962 129 1980
b27 152 928 190 968
b28 173 516 197 528
b29 39 3007 68 3037
b30 52 3197 72 3225
b31 68 1507 100 1543
b32 165 1509 184 1531
b33 110 3251 155 3297
b34 47 2627 76 2639
b35 53 2216 65 2242
b36 68 1340 95 1370
b37 128 787 140 816
b38 123 2204 144 2223
b39 17 2746 29 2759
b40 92 3171 111 3218
b41 199 684 235 703
b42 108 1908 154 1933
b43 31 3451 70 3472
b44 87 2075 114 2099
b45 76 2634 100 2659
b46 116 1507 135 1520
b47 167 618 209 658
b48 25 3404 53 3438
b49 61 3311 85 3359
b50 67 3171 86 3185
b51 53 3404 67 3420
b52 53 2373 90 2391
b53 39 1658 75 1670
b54 146 284 176 318
b55 69 2018 95 2049
b56 23 2018 69 2049
b57 152 87 199 135
b58 84 1089 109 1114
b59 89 2596 136 2634
b60 152 71 191 87
b61 100 702 131 747
b62 39 0 85 36
b63 176 307 212 353
b64 39 78 72 93
b65 72 3209 85 3232
b66 121 1585 163 1630
b67 68 3007 82 3040
b68 180 26 208 71
b69 84 1833 120 1860
b70 23 27 39 72
b71 86 2186 120 2218
b72 202 0 234 15
b73 32 2094 44 2140
b74 85 807 128 841
b75 98 1255 118 1292
b76 95 2018 134 2054
b77 87 1740 127 1758
b78 44 2107 86 2123
b79 70 3404 110 3429
b80 82 2989 118 3004
b81 118 2989 133 3021
b82 47 2659 86 2683
b83 168 1051 205 1092
b84 112 271 146 309
b85 140 787 174 830
b86 128 618 167 662
b87 102 1860 147 1908
b88 39 1342 68 1386
b89 95 1340 115 1382
b90 39 1722 85 1746
b91 81 2813 124 2834
b92 231 376 276 423
b93 72 3185 92 3209
b94 163 888 194 907
b95 127 1734 171 1771
b96 195 135 241 168
b97 112 388 152 403
b98 83 1659 96 1694
b99 128 1057 168 1074
b100 42 3359 86 3404
b101 75 1592 105 1628
b102 31 3472 71 3508
b103 128 572 162 606
b104 117 1163 159 1177
b105 48 2725 83 2758
b106 162 173 174 206
b107 112 2553 144 2568
b108 157 1108 194 1146
b109 47 2581 89 2627
b110 48 2683 87 2725
b111 148 2229 161 2250
b112 17 2474 47 2499
b113 114 2073 150 2097
b114 84 901 118 945
b115 52 1302 86 1324
b116 114 2054 142 2073
b117 0 2859 39 2880
b118 32 2436 76 2474
b119 52 3232 80 3277
b120 51 2777 87 2813
b121 44 2163 78 2201
b122 85 551 128 571
b123 0 3605 23 3641
b124 89 1472 120 1507
b125 168 1009 214 1051
b126 173 504 195 516
b127 197 442 222 485
b128 72 1215 116 1243
b129 95 1318 129 1340
b130 199 658 229 684
b131 109 1118 157 1163
b132 214 967 232 1006
b133 129 2634 144 2677
b134 112 504 146 551
b135 72 1200 117 1215
b136 72 1243 109 1255
b137 39 2859 60 2887
b138 155 206 197 234
b139 133 234 169 271
b140 39 2777 51 2820
b141 42 3311 61 3356
b142 192 234 219 271
b143 39 2820 63 2845
b144 59 2123 74 2163
b145 134 1236 147 1281
b146 75 2257 123 2290
b147 70 3429 100 3471
b148 67 2514 85 2534
b149 13 3541 60 3563
b150 128 1087 151 1118
b151 124 2748 142 2790
b152 23 2049 39 2068
b153 83 2725 124 2755
b154 17 2705 39 2722
b155 0 2880 25 2894
b156 67 1324 95 1340
b157 195 417 215 442
b158 25 3438 48 3451
b159 84 1057 128 1089
b160 25 3197 52 3213
b161 52 1255 98 1302
b162 0 3451 31 3469
b163 81 3040 114 3062
b164 71 3471 107 3512
b165 147 1223 168 1240
b166 131 702 165 738
b167 119 1548 155 1585
b168 103 2948 127 2989
b169 134 1281 158 1320
b170 49 2391 78 2436
b171 133 178 155 218
b172 128 1074 155 1087
b173 127 755 152 787
b174 155 1092 198 1108
b175 17 2083 32 2099
b176 162 135 195 173
b177 72 3088 113 3125
b178 25 3213 42 3232
b179 145 470 191 504
b180 128 662 147 702
b181 116 1520 146 1548
b182 118 901 163 925
b183 85 2514 118 2553
b184 60 2908 106 2933
b185 142 1933 169 1967
b186 120 2143 151 2176
b187 65 1980 101 2018
b188 67 2474 104 2514
b189 152 968 196 980
b190 106 2921 143 2948
b191 52 3277 68 3311
b192 39 1386 68 1434
b193 131 738 164 755
b194 194 888 222 901
b195 146 271 179 284
b196 84 1792 125 1833
b197 75 1694 112 1722
b198 80 3232 128 3251
b199 82 3004 113 3040
b200 152 388 195 425
b201 118 1028 144 1057
b202 197 566 231 605
b203 85 571 100 599
b204 87 2680 128 2713
b205 32 2216 53 2231
b206 146 353 188 388
b207 67 2553 100 2581
b208 100 747 127 767
b209 120 1659 165 1695
b210 68 3040 81 3064
b211 191 71 207 83
b212 113 1382 134 1424
b213 145 2176 177 2190
b214 0 19 17 46
b215 108 1933 137 1954
b216 48 2758 90 2777
b217 47 2474 67 2522
b218 32 2201 75 2216
b219 39 1324 67 1342
b220 84 1163 114 1200
b221 152 425 165 470
b222 118 925 152 950
b223 94 2290 116 2309
b224 128 551 173 572
b225 173 528 220 566
b226 95 1302 134 1318
b227 39 93 52 125
b228 112 0 133 20
b229 113 1424 137 1472
b230 31 3508 61 3541
b231 119 2834 135 2864
b232 60 1860 102 1883
b233 87 2099 103 2112
b234 87 1722 120 1740
b235 72 3125 94 3171
b236 190 928 217 967
b237 100 767 121 807
b238 86 2218 113 2257
b239 34 3563 74 3585
b240 0 0 23 19
b241 68 3064 81 3088
b242 60 2967 82 3007
b243 23 1746 60 1780
b244 162 605 199 618
b245 163 864 199 888
b246 103 2099 126 2143
b247 147 2190 183 2229
b248 65 1931 108 1962
b249 162 572 197 599
b250 134 1363 165 1397
b251 60 2933 103 2967
b252 133 0 152 28
b253 44 2123 59 2136
b254 60 1761 84 1774
b255 113 3062 160 3101
b256 116 1223 137 1236
b257 159 1146 176 1179
b258 128 830 172 864
b259 93 2834 119 2846
b260 75 2290 94 2302
b261 39 2049 51 2094
b262 60 1883 87 1931
b263 154 1829 201 1875
b264 195 353 240 376
b265 68 1382 113 1397
b266 118 980 163 1028
b267 104 2392 138 2431
b268 39 3172 61 3197
b269 65 1962 102 1980
b270 89 2581 112 2596
b271 23 1931 65 1955
b272 124 2713 148 2748
b273 60 2859 81 2889
b274 69 2054 102 2075
b275 123 2176 145 2204
b276 35 2845 66 2859
b277 81 2834 93 2881
b278 0 3469 13 3511
b279 129 1320 168 1363
b280 17 2683 48 2705
b281 165 662 195 680
b282 39 1628 83 1658
b283 23 2068 36 2083
b284 163 907 193 928
b285 229 605 242 638
b286 195 376 231 417
b287 87 2659 129 2680
b288 152 0 180 36
b289 135 1472 168 1509
b290 23 0 39 27
b291 87 2143 115 2186
b292 120 1695 144 1734
b293 104 2373 147 2392
b294 75 2302 92 2328
b295 44 2094 87 2107
b296 13 3563 29 3590
b297 83 1628 121 1659
b298 39 3088 72 3128
b299 106 2908 119 2921
