446487.25
578814.5
314160
561 560
49.291569
b0 393 346 420 361
b1 487 246 514 262
b2 397 0 419 26
b3 368 107 389 152
b4 328 519 373 559
b5 0 295 26 311
b6 36 151 63 189
b7 342 255 377 284
b8 130 334 166 355
b9 0 498 44 523
b10 466 186 481 217
b11 220 76 261 100
b12 247 405 266 422
b13 344 198 392 231
b14 291 82 335 103
b15 115 181 149 196
b16 42 227 84 272
b17 483 27 524 64
b18 44 339 88 382
b19 150 513 186 536
b20 115 196 132 209
b21 169 166 213 194
b22 517 122 552 151
b23 287 184 304 224
b24 344 144 362 168
b25 429 263 458 306
b26 304 232 331 250
b27 429 107 469 145
b28 62 48 74 72
b29 248 33 277 63
b30 304 212 332 232
b31 133 45 165 81
b32 115 254 137 273
b33 195 197 240 243
b34 493 64 505 93
b35 484 369 510 381
b36 115 273 145 300
b37 271 405 283 434
b38 331 232 350 253
b39 115 300 127 313
b40 41 410 88 429
b41 293 469 312 505
b42 184 467 209 513
b43 226 176 265 197
b44 145 536 172 560
b45 148 381 173 405
b46 349 0 362 19
b47 474 265 516 305
b48 300 510 328 544
b49 469 106 493 154
b50 466 172 485 186
b51 245 472 261 486
b52 429 230 466 248
b53 327 453 363 465
b54 261 72 291 106
b55 0 326 31 352
b56 374 61 405 107
b57 171 119 219 166
b58 364 466 389 491
b59 390 466 428 513
b60 477 66 493 105
b61 289 365 334 396
b62 393 300 429 346
b63 241 106 287 142
b64 274 356 289 389
b65 186 513 209 526
b66 352 19 397 61
b67 223 0 237 33
b68 265 0 310 28
b69 222 340 249 376
b70 458 263 474 308
b71 179 0 211 34
b72 217 310 249 325
b73 208 34 220 80
b74 220 142 263 176
b75 429 340 466 360
b76 179 80 215 119
b77 444 375 484 393
b78 85 480 101 522
b79 209 516 249 541
b80 115 313 130 349
b81 88 386 120 401
b82 390 145 429 169
b83 429 145 466 186
b84 383 428 417 466
b85 395 224 429 267
b86 324 105 368 144
b87 88 405 133 453
b88 277 28 321 57
b89 325 61 367 81
b90 133 21 179 45
b91 277 280 298 323
b92 145 254 192 299
b93 484 466 504 490
b94 31 0 62 19
b95 283 432 327 469
b96 291 103 324 149
b97 429 360 469 375
b98 429 308 464 321
b99 485 172 502 212
b100 517 77 561 122
b101 334 417 364 453
b102 115 218 155 254
b103 133 405 167 439
b104 484 381 498 423
b105 63 160 98 193
b106 211 0 223 33
b107 0 311 32 326
b108 504 466 542 503
b109 176 341 222 383
b110 305 149 344 191
b111 31 339 44 360
b112 84 227 114 252
b113 42 272 78 296
b114 116 467 150 511
b115 245 438 267 472
b116 120 386 148 405
b117 107 0 146 21
b118 506 329 550 367
b119 400 513 428 558
b120 0 259 36 295
b121 304 253 342 287
b122 55 459 75 502
b123 0 444 36 467
b124 175 432 206 467
b125 449 490 495 532
b126 88 453 110 465
b127 63 296 88 339
b128 44 382 88 410
b129 493 93 515 127
b130 130 355 160 381
b131 112 96 157 144
b132 432 0 471 18
b133 484 451 527 466
b134 46 193 93 227
b135 429 248 474 263
b136 248 490 285 502
b137 0 352 28 373
b138 133 439 175 467
b139 392 188 429 224
b140 0 373 43 385
b141 429 321 474 340
b142 469 342 506 369
b143 493 127 517 152
b144 155 237 195 252
b145 431 375 444 420
b146 379 267 427 300
b147 84 252 114 294
b148 228 486 248 504
b149 368 358 390 405
b150 383 405 414 428
b151 0 132 42 150
b152 209 483 228 499
b153 41 429 82 459
b154 132 196 149 218
b155 176 327 201 341
b156 362 0 390 16
b157 466 217 486 242
b158 474 242 487 265
b159 101 511 145 543
b160 195 243 222 259
b161 240 197 287 243
b162 0 385 31 403
b163 323 329 356 351
b164 289 396 330 432
b165 186 526 207 543
b166 0 150 36 184
b167 448 393 484 430
b168 176 303 217 327
b169 64 136 103 160
b170 179 34 208 79
b171 0 184 22 224
b172 62 93 75 120
b173 393 361 425 386
b174 261 243 277 286
b175 375 152 390 168
b176 445 33 483 66
b177 103 144 144 181
b178 0 34 17 53
b179 130 300 176 334
b180 428 467 468 486
b181 360 491 390 519
b182 350 231 395 255
b183 222 243 261 276
b184 249 328 274 374
b185 325 22 352 56
b186 0 467 33 498
b187 522 257 558 295
b188 88 349 128 386
b189 208 259 220 303
b190 277 243 304 280
b191 213 422 247 438
b192 502 152 550 181
b193 276 323 293 356
b194 448 430 476 443
b195 419 0 432 33
b196 0 403 41 444
b197 176 404 213 432
b198 364 405 383 453
b199 516 367 552 398
b200 75 93 112 136
b201 429 81 458 107
b202 213 383 247 422
b203 75 465 103 480
b204 346 284 379 325
b205 432 18 453 33
b206 0 224 42 259
b207 237 0 265 33
b208 31 19 51 46
b209 209 438 245 483
b210 247 422 271 435
b211 458 94 474 106
b212 220 100 241 142
b213 323 351 355 365
b214 471 0 488 27
b215 428 486 449 515
b216 257 286 276 328
b217 149 144 169 192
b218 405 66 448 81
b219 38 85 56 113
b220 293 328 323 365
b221 267 435 280 480
b222 291 57 325 82
b223 330 0 349 22
b224 428 515 449 560
b225 0 85 38 132
b226 390 386 429 402
b227 474 329 506 342
b228 310 0 330 21
b229 474 305 522 329
b230 344 168 377 198
b231 289 149 305 179
b232 323 287 346 329
b233 364 453 380 466
b234 469 154 502 172
b235 487 224 533 246
b236 0 523 39 550
b237 304 191 344 212
b238 88 294 115 333
b239 155 215 195 237
b240 298 309 321 328
b241 55 502 79 515
b242 334 365 356 405
b243 220 276 257 310
b244 505 64 542 77
b245 448 443 484 467
b246 516 398 560 421
b247 97 54 133 93
b248 32 296 63 339
b249 373 519 400 554
b250 0 0 31 34
b251 502 181 536 224
b252 458 66 477 94
b253 277 57 290 72
b254 98 181 111 205
b255 495 503 542 542
b256 280 469 293 490
b257 533 224 550 257
b258 150 467 184 511
b259 334 405 360 417
b260 249 374 261 393
b261 209 504 254 516
b262 312 483 360 510
b263 254 505 300 552
b264 74 48 97 93
b265 133 81 178 96
b266 62 0 107 48
b267 390 111 429 145
b268 298 287 323 309
b269 327 465 364 483
b270 160 355 175 378
b271 265 142 289 184
b272 22 189 46 224
b273 176 383 206 404
b274 107 21 128 54
b275 33 467 55 495
b276 157 96 171 127
b277 356 358 368 405
b278 103 465 116 507
b279 17 46 60 85
b280 42 120 64 151
b281 498 381 516 411
b282 429 186 459 230
b283 362 152 375 167
b284 405 81 426 111
b285 201 327 234 340
b286 44 515 85 551
b287 149 194 191 215
b288 484 423 520 451
b289 356 325 393 358
b290 261 389 288 405
b291 220 33 248 76
b292 335 81 374 105
b293 377 169 420 188
b294 414 402 431 428
b295 195 259 208 302
b296 88 333 115 349
b297 417 428 448 466
b298 405 33 445 66
b299 213 176 226 189
