1164163.75
1721799.5
606528
234 2592
220.605721
b0 93 1795 129 1811
b1 135 586 154 625
b2 59 1980 100 2015
b3 19 2215 37 2262
b4 162 254 188 286
b5 151 1005 186 1036
b6 91 1195 120 1208
b7 19 2412 47 2433
b8 120 1167 152 1182
b9 78 678 124 712
b10 68 1390 113 1422
b11 139 186 153 222
b12 83 850 119 892
b13 63 2166 111 2211
b14 87 743 102 768
b15 36 1590 81 1636
b16 80 2516 98 2538
b17 93 1141 126 1167
b18 22 925 56 944
b19 179 723 209 735
b20 96 41 124 74
b21 190 1205 234 1244
b22 73 1756 99 1795
b23 95 586 135 611
b24 124 134 149 149
b25 58 1499 94 1535
b26 56 925 99 950
b27 131 1036 165 1051
b28 120 1446 166 1484
b29 51 2166 63 2203
b30 130 868 147 895
b31 0 2574 37 2590
b32 149 109 172 141
b33 78 508 96 544
b34 56 1102 75 1140
b35 99 949 114 982
b36 106 1996 134 2008
b37 124 113 140 134
b38 133 418 166 444
b39 76 2046 106 2088
b40 96 0 124 41
b41 100 1980 116 1996
b42 68 43 87 87
b43 87 778 127 812
b44 127 222 154 238
b45 54 1535 68 1572
b46 68 493 116 508
b47 125 1896 148 1910
b48 129 650 153 676
b49 137 47 177 78
b50 91 1242 124 1284
b51 99 1005 126 1053
b52 124 149 151 186
b53 78 544 95 562
b54 96 186 139 202
b55 124 0 137 46
b56 0 0 22 25
b57 0 1706 19 1754
b58 114 1723 133 1764
b59 41 2312 87 2358
b60 101 1053 131 1088
b61 34 2080 67 2114
b62 54 1170 91 1215
b63 124 78 139 113
b64 87 340 134 388
b65 54 1422 84 1455
b66 43 2452 74 2483
b67 125 1276 169 1313
b68 63 2211 98 2235
b69 83 812 102 850
b70 62 892 98 906
b71 34 2046 76 2080
b72 0 1673 34 1706
b73 44 749 62 787
b74 133 388 162 406
b75 54 1215 77 1242
b76 54 1242 68 1254
b77 42 2532 66 2548
b78 73 1650 99 1693
b79 18 2503 37 2540
b80 22 1513 36 1528
b81 18 2483 50 2503
b82 22 1480 54 1513
b83 130 831 149 868
b84 99 912 142 949
b85 77 1309 125 1346
b86 87 388 111 412
b87 58 1455 103 1474
b88 68 0 96 43
b89 149 676 161 711
b90 56 1053 101 1077
b91 71 1840 115 1868
b92 103 1422 145 1446
b93 44 712 87 733
b94 101 1088 116 1104
b95 111 2008 147 2033
b96 18 2433 43 2478
b97 34 1673 59 1701
b98 67 2128 83 2154
b99 96 508 133 528
b100 91 1284 118 1309
b101 87 250 127 298
b102 51 2274 76 2312
b103 101 1918 133 1950
b104 58 1474 94 1499
b105 87 712 129 743
b106 44 508 78 547
b107 127 238 172 254
b108 149 711 182 723
b109 59 1648 71 1670
b110 78 655 122 678
b111 75 1102 93 1115
b112 0 1754 18 1800
b113 96 558 139 586
b114 102 812 141 831
b115 96 528 133 558
b116 115 298 152 340
b117 166 1325 190 1362
b118 102 743 141 778
b119 44 0 68 36
b120 99 1650 114 1695
b121 22 944 54 989
b122 40 2562 83 2592
b123 111 388 124 423
b124 51 2235 64 2274
b125 99 1695 117 1723
b126 88 1868 126 1896
b127 101 1896 125 1918
b128 22 1455 58 1480
b129 126 1116 170 1162
b130 157 1484 201 1529
b131 166 1362 202 1382
b132 42 2516 80 2532
b133 59 1636 73 1648
b134 59 1868 88 1884
b135 22 1636 37 1673
b136 44 906 68 925
b137 54 1572 76 1590
b138 147 868 177 890
b139 139 78 172 109
b140 43 2433 55 2449
b141 114 1650 139 1684
b142 153 625 180 671
b143 77 1346 123 1390
b144 142 941 167 970
b145 124 1242 169 1276
b146 92 457 125 491
b147 129 676 141 707
b148 101 1116 118 1141
b149 19 2193 41 2215
b150 56 1140 69 1170
b151 64 2235 80 2262
b152 50 2483 83 2516
b153 0 2562 40 2574
b154 59 1936 101 1980
b155 103 1446 115 1459
b156 68 87 87 129
b157 133 406 175 418
b158 87 298 115 315
b159 68 457 92 493
b160 94 1474 106 1510
b161 59 2015 78 2046
b162 130 895 160 907
b163 137 0 183 47
b164 19 2166 51 2193
b165 73 1723 114 1756
b166 145 1313 181 1325
b167 73 1636 120 1650
b168 56 1077 93 1102
b169 116 1088 162 1116
b170 71 1795 93 1840
b171 87 423 122 457
b172 122 625 153 650
b173 0 2540 42 2562
b174 34 1701 59 1721
b175 34 2154 68 2166
b176 131 1005 151 1021
b177 129 1764 150 1795
b178 161 671 181 687
b179 120 1529 165 1570
b180 68 1535 87 1556
b181 41 2358 56 2400
b182 37 2400 70 2412
b183 120 1484 157 1500
b184 183 0 203 19
b185 95 611 108 655
b186 96 202 109 250
b187 22 0 44 24
b188 55 2412 79 2452
b189 99 892 130 912
b190 142 907 179 941
b191 120 1205 162 1242
b192 93 1167 115 1195
b193 152 1162 194 1205
b194 154 141 196 184
b195 87 2235 112 2271
b196 44 733 83 749
b197 114 970 161 1005
b198 76 2088 98 2128
b199 59 1896 93 1936
