423668.75
533177.5
314160
560 561
453.555335
b0 0 105 15 132
b1 256 171 283 187
b2 407 327 433 349
b3 136 195 181 216
b4 367 217 407 262
b5 111 412 137 428
b6 460 485 498 512
b7 305 97 340 126
b8 440 261 461 297
b9 34 401 78 426
b10 268 212 299 227
b11 384 512 408 553
b12 362 390 379 409
b13 327 456 360 504
b14 92 203 136 224
b15 424 378 439 412
b16 38 336 83 378
b17 219 150 256 191
b18 468 123 511 167
b19 316 187 339 223
b20 61 477 78 490
b21 392 350 436 378
b22 524 0 553 35
b23 533 238 550 278
b24 292 187 316 205
b25 420 63 449 106
b26 435 188 462 206
b27 454 0 494 38
b28 236 296 260 308
b29 379 451 408 481
b30 298 365 326 385
b31 379 390 411 426
b32 243 0 262 22
b33 408 512 453 558
b34 181 251 210 263
b35 453 122 465 148
b36 96 57 126 84
b37 320 38 332 67
b38 360 409 379 430
b39 267 381 280 393
b40 131 329 150 376
b41 300 346 336 365
b42 40 223 86 248
b43 135 101 156 140
b44 83 334 107 361
b45 202 37 227 61
b46 308 160 327 173
b47 325 225 367 265
b48 305 312 333 346
b49 494 0 518 48
b50 305 501 324 515
b51 327 168 341 184
b52 292 0 310 37
b53 325 444 361 456
b54 235 482 269 512
b55 40 310 71 336
b56 453 512 499 543
b57 232 103 280 150
b58 300 223 325 248
b59 0 520 47 558
b60 136 234 175 250
b61 439 357 470 402
b62 232 513 268 559
b63 461 298 507 334
b64 507 305 522 338
b65 411 378 424 401
b66 96 0 138 45
b67 96 101 129 115
b68 189 358 234 386
b69 246 67 273 103
b70 449 63 494 79
b71 308 126 340 160
b72 189 386 221 401
b73 423 151 435 197
b74 150 276 184 319
b75 55 187 92 207
b76 193 104 232 140
b77 135 140 175 158
b78 0 395 16 437
b79 52 108 92 133
b80 41 462 77 477
b81 160 452 192 467
b82 178 39 202 78
b83 202 0 243 37
b84 0 303 38 337
b85 257 318 300 352
b86 40 148 84 187
b87 474 394 522 439
b88 285 408 329 437
b89 0 63 20 105
b90 340 122 364 168
b91 119 431 162 452
b92 243 22 290 67
b93 236 251 260 271
b94 150 319 181 338
b95 52 0 96 37
b96 476 439 522 472
b97 52 133 92 148
b98 392 0 427 13
b99 135 178 175 195
b100 132 57 177 101
b101 522 336 558 366
b102 123 489 159 529
b103 522 366 556 400
b104 283 173 325 187
b105 225 419 260 452
b106 524 35 557 47
b107 86 302 101 334
b108 156 101 193 139
b109 260 248 306 290
b110 364 296 406 335
b111 139 418 160 431
b112 379 426 409 451
b113 411 442 447 466
b114 500 84 544 118
b115 305 467 327 501
b116 522 439 541 467
b117 269 150 308 171
b118 511 118 555 156
b119 260 290 305 318
b120 52 37 88 73
b121 440 402 474 440
b122 41 477 61 520
b123 33 378 69 401
b124 184 319 219 350
b125 181 209 227 251
b126 257 352 279 364
b127 40 285 83 310
b128 92 258 120 302
b129 336 355 370 377
b130 0 37 30 63
b131 159 513 204 561
b132 139 39 178 57
b133 449 79 464 122
b134 0 437 34 484
b135 185 401 230 416
b136 436 345 473 357
b137 0 132 28 153
b138 419 297 461 325
b139 475 185 512 221
b140 96 45 139 57
b141 341 168 360 213
b142 392 13 419 50
b143 268 187 292 212
b144 108 489 123 529
b145 305 523 350 536
b146 485 238 533 271
b147 78 463 108 505
b148 135 158 153 178
b149 320 67 367 89
b150 280 97 303 128
b151 104 529 146 547
b152 55 207 74 223
b153 0 484 41 514
b154 96 84 118 101
b155 236 271 250 296
b156 419 197 435 225
b157 280 128 305 148
b158 411 401 424 424
b159 468 79 500 123
b160 376 0 392 27
b161 512 192 559 238
b162 329 426 360 444
b163 340 89 362 122
b164 512 156 553 192
b165 407 225 428 242
b166 0 220 36 254
b167 524 47 560 84
b168 427 39 468 63
b169 281 467 305 506
b170 447 440 476 485
b171 0 198 40 220
b172 447 485 460 512
b173 211 251 236 283
b174 361 430 377 473
b175 0 153 16 168
b176 181 156 219 189
b177 119 452 160 489
b178 498 376 517 393
b179 162 418 208 452
b180 435 206 475 225
b181 120 271 150 299
b182 16 153 40 198
b183 522 400 555 439
b184 139 393 185 418
b185 475 271 509 298
b186 0 364 33 395
b187 310 0 346 38
b188 0 0 40 37
b189 364 136 376 180
b190 509 278 546 305
b191 333 312 349 346
b192 407 242 436 290
b193 208 416 225 449
b194 440 122 453 150
b195 178 263 211 276
b196 83 371 124 412
b197 204 513 232 550
b198 61 505 80 553
b199 329 390 360 426
b200 40 248 83 285
b201 229 225 258 251
b202 367 262 406 296
b203 0 275 15 303
b204 192 480 233 513
b205 40 187 55 208
b206 52 73 94 108
b207 150 338 183 366
b208 433 325 460 345
b209 440 225 485 261
b210 153 158 177 171
b211 428 225 440 241
b212 136 250 178 271
b213 362 89 376 121
b214 485 221 512 238
b215 269 506 298 527
b216 377 174 419 193
b217 234 345 254 393
b218 453 543 496 558
b219 470 376 498 394
b220 290 38 320 75
b221 15 254 28 299
b222 230 394 264 419
b223 324 504 346 523
b224 268 536 313 557
b225 473 338 520 376
b226 177 140 216 156
b227 346 54 378 67
b228 181 189 202 209
b229 313 536 361 560
b230 346 0 376 33
b231 424 412 440 442
b232 361 512 384 554
b233 256 150 269 166
b234 280 352 298 385
b235 235 460 281 482
b236 150 366 189 393
b237 260 227 300 248
b238 427 0 454 39
b239 370 350 392 390
b240 392 86 415 105
b241 16 395 29 419
b242 280 75 320 97
b243 223 308 257 345
b244 406 290 419 327
b245 500 48 524 84
b246 285 385 329 408
b247 184 283 223 319
b248 361 481 404 512
b249 0 337 35 364
b250 499 472 530 506
b251 92 169 135 203
b252 227 67 246 95
b253 219 345 234 358
b254 160 489 184 502
b255 138 0 185 39
b256 0 254 13 275
b257 264 427 281 460
b258 92 224 136 258
b259 332 38 344 64
b260 339 213 358 225
b261 40 0 52 45
b262 101 302 149 329
b263 306 265 352 312
b264 378 151 423 174
b265 362 335 407 350
b266 392 106 440 151
b267 229 191 268 225
b268 177 78 202 100
b269 475 167 512 185
b270 124 376 139 399
b271 107 329 131 371
b272 80 505 104 540
b273 94 115 124 136
b274 264 394 285 427
b275 83 412 111 434
b276 461 261 475 292
b277 352 265 364 312
b278 77 450 119 463
b279 408 466 447 509
b280 160 467 191 489
b281 136 216 166 234
b282 281 437 325 467
b283 364 121 377 136
b284 262 0 292 21
b285 329 377 362 390
b286 34 426 75 462
b287 346 33 388 54
b288 392 50 420 86
b289 435 151 468 188
b290 202 191 229 207
b291 192 452 235 480
b292 364 193 403 217
b293 202 61 221 104
b294 254 364 280 381
b295 349 312 362 355
b296 78 434 105 450
b297 522 305 560 336
b298 92 136 132 169
b299 254 381 267 394
