535712.5332031
560329.5
314160
561 560
202.507293
b0 174 101 201 116
b1 473 229 489 256
b2 210 47 232 73
b3 350 447 395 468
b4 319 46 364 86
b5 33 500 49 526
b6 183 47 210 85
b7 445 418 480 447
b8 211 73 232 109
b9 202 455 227 499
b10 242 352 273 367
b11 319 86 343 127
b12 231 193 248 212
b13 132 215 165 263
b14 464 346 508 367
b15 476 395 510 410
b16 0 283 45 325
b17 350 0 387 41
b18 421 344 464 388
b19 348 537 384 560
b20 55 151 68 168
b21 105 40 149 68
b22 516 158 551 187
b23 428 418 445 458
b24 211 244 235 262
b25 492 284 535 313
b26 492 266 519 284
b27 443 191 483 229
b28 83 279 107 291
b29 152 14 182 43
b30 108 299 136 319
b31 141 263 177 295
b32 311 452 333 471
b33 156 120 201 166
b34 227 506 256 518
b35 489 448 515 460
b36 426 388 453 418
b37 395 486 424 498
b38 83 260 104 279
b39 115 142 127 155
b40 69 71 116 90
b41 431 94 467 113
b42 421 298 467 323
b43 431 113 452 152
b44 0 70 27 94
b45 395 368 420 392
b46 464 367 477 386
b47 385 183 427 223
b48 83 338 111 372
b49 483 181 507 229
b50 227 455 246 469
b51 315 279 331 293
b52 281 81 318 99
b53 269 58 281 94
b54 201 154 231 188
b55 115 433 146 459
b56 319 0 350 46
b57 424 46 471 94
b58 365 468 390 493
b59 49 469 87 516
b60 427 185 443 224
b61 350 392 395 423
b62 335 205 381 241
b63 196 314 242 350
b64 510 313 543 328
b65 86 372 109 385
b66 510 328 555 370
b67 141 0 174 14
b68 510 370 555 398
b69 388 86 424 113
b70 286 195 331 211
b71 388 13 420 47
b72 47 168 62 200
b73 353 241 399 253
b74 52 516 86 559
b75 156 166 193 186
b76 388 47 424 86
b77 345 187 385 205
b78 44 372 86 388
b79 0 362 40 387
b80 0 531 36 546
b81 72 388 87 420
b82 232 33 271 57
b83 278 0 319 37
b84 69 0 107 34
b85 276 135 310 178
b86 516 97 560 136
b87 188 350 236 395
b88 150 186 194 215
b89 519 260 561 280
b90 364 41 388 87
b91 108 487 129 530
b92 264 425 311 470
b93 0 50 24 70
b94 283 239 314 258
b95 0 325 44 362
b96 282 258 315 304
b97 334 452 349 492
b98 452 113 465 148
b99 388 132 428 149
b100 507 216 552 260
b101 459 262 489 298
b102 110 155 150 191
b103 149 43 183 77
b104 395 441 409 483
b105 0 247 35 280
b106 77 151 110 163
b107 184 499 216 514
b108 232 57 269 95
b109 234 113 276 159
b110 242 310 281 352
b111 87 487 108 500
b112 0 20 25 50
b113 69 47 105 71
b114 231 159 275 193
b115 107 263 141 285
b116 83 319 111 338
b117 116 68 137 107
b118 480 410 524 448
b119 373 498 418 526
b120 194 188 230 224
b121 146 447 184 481
b122 0 400 20 443
b123 349 369 385 392
b124 395 392 426 427
b125 27 45 69 91
b126 86 516 98 538
b127 87 402 112 445
b128 353 253 397 281
b129 395 334 417 368
b130 245 533 275 559
b131 164 515 212 560
b132 232 95 271 113
b133 282 304 325 319
b134 0 168 47 202
b135 54 0 69 45
b136 181 280 193 317
b137 27 114 55 135
b138 87 445 115 487
b139 152 371 188 408
b140 138 295 181 307
b141 409 441 428 486
b142 428 458 455 495
b143 159 347 184 371
b144 0 232 40 247
b145 262 470 307 483
b146 0 135 48 168
b147 0 202 42 232
b148 496 97 516 115
b149 465 128 512 150
b150 460 487 491 510
b151 184 449 202 491
b152 461 172 477 191
b153 20 403 50 444
b154 461 150 478 172
b155 83 299 108 313
b156 183 85 211 101
b157 310 175 335 195
b158 230 212 253 225
b159 77 163 109 207
b160 522 0 538 27
b161 349 322 395 369
b162 161 429 192 447
b163 397 260 419 293
b164 305 353 346 389
b165 271 37 288 58
b166 0 466 36 500
b167 399 224 436 260
b168 471 0 495 41
b169 0 94 24 133
b170 83 215 112 260
b171 0 444 40 466
b172 69 34 96 47
b173 467 298 492 330
b174 239 225 282 241
b175 464 330 479 346
b176 226 422 264 455
b177 111 365 152 402
b178 94 118 111 137
b179 129 481 175 515
b180 491 484 531 503
b181 286 211 316 239
b182 496 52 520 97
b183 55 118 94 151
b184 471 41 496 87
b185 239 241 273 268
b186 0 500 33 531
b187 421 262 459 298
b188 266 483 303 523
b189 222 21 266 33
b190 159 320 196 347
b191 199 298 233 314
b192 507 187 555 216
b193 98 530 131 547
b194 484 115 512 128
b195 212 518 245 531
b196 353 281 394 322
b197 303 531 340 559
b198 68 420 87 468
b199 112 402 148 433
b200 137 77 174 120
b201 395 305 421 334
b202 455 448 489 487
b203 50 419 65 447
b204 201 113 234 154
b205 245 518 266 533
b206 42 215 77 257
b207 477 367 510 395
b208 0 0 27 20
b209 343 87 388 123
b210 496 39 520 52
b211 427 173 443 185
b212 131 515 152 557
b213 395 427 427 441
b214 467 94 484 121
b215 275 523 296 552
b216 316 211 335 253
b217 112 215 132 263
b218 235 0 278 15
b219 236 404 264 422
b220 345 157 382 187
b221 35 270 80 283
b222 107 0 141 25
b223 177 261 199 280
b224 303 510 348 531
b225 311 389 349 436
b226 311 436 350 452
b227 492 313 505 345
b228 332 253 353 273
b229 281 319 305 367
b230 443 229 473 262
b231 275 178 305 194
b232 276 112 318 135
b233 246 455 262 468
b234 212 531 245 549
b235 165 215 187 261
b236 307 471 334 510
b237 332 273 353 313
b238 495 0 522 39
b239 116 120 156 142
b240 453 388 476 407
b241 0 387 24 400
b242 516 136 556 158
b243 236 367 270 404
b244 387 0 424 13
b245 491 460 527 484
b246 192 395 236 418
b247 199 262 238 298
b248 45 283 76 326
b249 27 0 54 35
b250 192 418 226 449
b251 345 123 388 157
b252 211 225 239 244
b253 42 202 57 215
b254 281 99 305 112
b255 183 0 222 47
b256 222 0 235 21
b257 194 224 211 257
b258 305 319 349 353
b259 394 293 420 305
b260 281 367 300 379
b261 152 515 164 560
b262 318 127 345 175
b263 424 0 471 46
b264 27 91 72 114
b265 107 25 152 40
b266 111 320 159 365
b267 388 149 427 183
b268 259 268 281 293
b269 489 229 507 266
b270 24 388 47 403
b271 349 495 373 537
b272 109 191 144 215
b273 238 268 259 298
b274 152 408 185 429
b275 40 447 68 469
b276 107 285 138 299
b277 233 298 280 310
b278 35 257 77 270
b279 44 326 83 369
b280 50 388 72 419
b281 253 207 283 225
b282 288 37 318 81
b283 479 330 492 345
b284 431 152 461 173
b285 253 194 286 207
b286 270 389 311 425
b287 421 323 463 344
b288 424 495 460 523
b289 227 469 260 506
b290 349 468 365 495
b291 72 90 115 118
b292 350 423 389 447
b293 388 113 431 132
b294 315 253 332 279
b295 138 307 181 320
b296 36 526 52 553
b297 478 150 516 181
b298 527 398 560 438
b299 148 429 161 442
