450383.5
589407
311360
556 560
139.577492
b0 218 73 233 100
b1 396 76 412 103
b2 427 507 449 533
b3 447 149 492 170
b4 350 327 390 372
b5 0 227 16 253
b6 0 313 38 340
b7 390 323 425 352
b8 200 318 221 354
b9 183 390 227 415
b10 274 235 289 266
b11 260 435 301 459
b12 416 415 435 432
b13 47 437 95 470
b14 377 0 421 21
b15 414 179 448 194
b16 34 470 79 512
b17 274 362 315 399
b18 377 21 421 64
b19 184 146 220 169
b20 43 417 56 434
b21 117 433 145 477
b22 169 445 204 474
b23 246 111 286 128
b24 420 123 444 141
b25 349 98 392 127
b26 439 267 457 294
b27 333 448 373 486
b28 429 451 453 463
b29 261 486 291 515
b30 43 316 71 336
b31 75 278 111 310
b32 448 170 467 192
b33 166 515 212 560
b34 238 0 250 29
b35 462 288 488 300
b36 420 149 447 179
b37 348 294 360 323
b38 95 456 116 475
b39 27 103 40 115
b40 125 113 144 160
b41 40 76 76 95
b42 331 0 377 25
b43 457 267 496 288
b44 43 336 67 363
b45 425 315 449 340
b46 331 25 344 44
b47 516 125 556 167
b48 220 146 248 180
b49 145 433 169 481
b50 29 279 48 293
b51 404 266 420 280
b52 298 199 316 236
b53 42 162 78 174
b54 132 529 166 559
b55 137 313 163 344
b56 113 282 159 313
b57 212 510 260 557
b58 323 255 348 280
b59 209 428 247 475
b60 316 396 355 412
b61 122 41 167 72
b62 224 321 270 357
b63 137 344 183 380
b64 537 365 552 398
b65 289 236 302 259
b66 331 518 376 560
b67 166 108 199 122
b68 155 0 200 28
b69 404 239 440 266
b70 499 304 544 320
b71 46 44 80 76
b72 113 210 128 242
b73 373 64 419 76
b74 248 128 282 171
b75 164 133 184 170
b76 291 509 330 545
b77 366 287 384 327
b78 36 220 78 236
b79 411 533 451 558
b80 0 212 36 227
b81 43 301 75 316
b82 324 280 348 319
b83 286 111 327 148
b84 376 491 414 525
b85 166 481 209 515
b86 421 0 460 44
b87 499 320 547 365
b88 261 515 290 559
b89 253 27 273 69
b90 492 125 516 171
b91 0 515 21 558
b92 483 171 530 216
b93 48 281 72 301
b94 164 380 183 411
b95 415 463 452 507
b96 71 341 104 387
b97 203 33 218 73
b98 437 416 450 451
b99 387 242 404 282
b100 273 66 317 111
b101 499 435 535 465
b102 0 67 40 103
b103 499 365 533 399
b104 456 63 498 77
b105 42 129 77 162
b106 191 33 203 66
b107 165 265 197 280
b108 373 427 411 464
b109 36 174 78 220
b110 487 0 529 39
b111 90 508 111 521
b112 183 415 208 445
b113 167 28 191 64
b114 455 362 499 396
b115 109 330 131 364
b116 67 387 95 406
b117 164 211 203 232
b118 499 266 543 304
b119 286 148 314 193
b120 333 412 369 448
b121 274 324 308 362
b122 0 47 43 67
b123 0 189 36 212
b124 230 475 261 510
b125 67 236 113 278
b126 415 507 427 529
b127 29 236 54 279
b128 46 0 74 44
b129 240 214 274 236
b130 354 162 380 192
b131 78 165 126 210
b132 380 178 398 217
b133 333 486 376 501
b134 0 435 47 469
b135 274 309 319 324
b136 31 392 43 429
b137 209 475 230 503
b138 303 467 331 509
b139 316 199 352 236
b140 444 60 456 103
b141 444 103 489 122
b142 250 0 287 27
b143 191 73 216 97
b144 15 149 30 189
b145 54 236 67 281
b146 74 0 122 33
b147 0 119 42 149
b148 327 139 345 159
b149 349 76 396 98
b150 453 452 476 483
b151 126 160 144 202
b152 78 87 97 103
b153 159 280 200 310
b154 331 501 353 518
b155 215 222 240 236
b156 237 60 253 88
b157 254 410 274 435
b158 16 227 29 250
b159 455 330 499 362
b160 433 44 460 60
b161 199 100 246 146
b162 104 364 122 395
b163 327 66 349 99
b164 128 202 164 243
b165 111 506 132 523
b166 42 95 78 129
b167 455 396 492 432
b168 460 39 501 63
b169 43 363 67 402
b170 0 253 29 298
b171 327 99 349 139
b172 290 459 303 486
b173 412 98 444 123
b174 122 417 165 433
b175 184 122 199 138
b176 200 0 238 33
b177 49 512 90 549
b178 113 243 132 260
b179 0 469 34 515
b180 480 432 499 472
b181 440 239 470 267
b182 349 25 373 70
b183 390 352 429 385
b184 324 323 349 369
b185 316 369 350 396
b186 90 523 121 556
b187 499 399 537 435
b188 314 162 354 199
b189 354 217 398 229
b190 137 380 164 417
b191 355 372 389 388
b192 483 216 531 245
b193 104 395 121 428
b194 419 70 432 98
b195 366 229 399 242
b196 164 170 205 211
b197 163 310 200 338
b198 147 481 166 529
b199 97 73 133 104
b200 274 266 311 309
b201 261 459 290 485
b202 240 236 274 275
b203 0 149 15 177
b204 133 72 166 113
b205 399 173 414 194
b206 274 399 316 434
b207 122 0 155 28
b208 453 432 480 452
b209 492 89 537 125
b210 452 517 465 541
b211 203 222 215 238
b212 349 141 391 162
b213 349 127 381 141
b214 456 77 483 94
b215 302 236 323 265
b216 279 193 298 235
b217 144 133 164 181
b218 0 298 43 313
b219 93 55 121 73
b220 462 300 499 330
b221 209 415 254 428
b222 113 481 147 506
b223 95 437 117 456
b224 366 242 387 287
b225 78 104 125 142
b226 348 255 364 294
b227 453 504 485 517
b228 144 113 165 133
b229 215 236 239 284
b230 303 434 333 467
b231 308 324 324 354
b232 78 142 120 165
b233 380 162 393 178
b234 253 69 271 102
b235 243 275 265 321
b236 376 464 415 491
b237 399 133 420 173
b238 460 0 487 39
b239 113 260 153 282
b240 420 266 439 289
b241 169 411 182 435
b242 309 44 349 66
b243 384 289 421 323
b244 425 302 462 315
b245 485 472 509 508
b246 167 64 190 108
b247 447 194 483 233
b248 0 392 31 435
b249 376 525 411 552
b250 75 310 109 341
b251 200 284 243 318
b252 218 45 237 73
b253 416 432 429 447
b254 247 435 260 459
b255 369 388 416 427
b256 80 66 93 87
b257 132 243 165 260
b258 287 0 331 34
b259 421 44 433 70
b260 218 33 237 45
b261 202 238 214 283
b262 444 122 492 149
b263 0 0 46 47
b264 227 357 272 380
b265 122 364 137 409
b266 399 194 447 239
b267 240 180 279 214
b268 354 192 376 217
b269 437 379 455 416
b270 43 402 66 417
b271 205 180 229 222
b272 78 210 113 234
b273 453 483 483 504
b274 79 475 100 508
b275 93 33 121 55
b276 89 406 103 437
b277 492 77 539 89
b278 122 28 164 41
b279 0 340 43 379
b280 67 406 89 437
b281 392 103 410 133
b282 227 380 271 410
b283 421 289 436 302
b284 416 385 437 415
b285 80 33 93 66
b286 183 354 224 390
b287 483 245 525 266
b288 273 34 309 62
b289 165 232 202 265
b290 237 33 253 60
b291 21 515 49 558
b292 429 340 453 379
b293 323 236 366 255
b294 111 313 137 330
b295 0 379 43 392
b296 0 103 27 119
b297 518 465 549 503
b298 485 508 518 548
b299 100 475 113 488
