2758535.859375
2928322.5
1230456
334 3684
930.943969
b0 49 3347 76 3362
b1 159 2422 186 2438
b2 63 19 85 45
b3 245 25 266 70
b4 142 496 182 541
b5 211 38 227 64
b6 90 2653 128 2680
b7 227 70 262 99
b8 60 2027 81 2063
b9 245 0 289 25
b10 86 2451 101 2482
b11 189 491 230 515
b12 18 15 35 34
b13 86 2403 119 2451
b14 92 1316 136 1337
b15 87 3060 121 3075
b16 121 2314 166 2356
b17 0 2292 41 2329
b18 108 1622 151 1666
b19 118 2380 154 2403
b20 114 1031 127 1048
b21 36 3586 64 3630
b22 142 541 177 570
b23 127 1031 167 1048
b24 0 0 18 24
b25 85 1175 114 1218
b26 132 1403 159 1421
b27 168 944 206 984
b28 63 1218 87 1230
b29 85 879 114 909
b30 157 1048 177 1076
b31 86 2602 118 2638
b32 140 41 159 63
b33 82 1460 127 1506
b34 158 1601 187 1613
b35 79 2114 91 2140
b36 180 372 207 402
b37 162 849 174 878
b38 190 153 211 172
b39 169 1613 181 1626
b40 41 3159 60 3206
b41 119 2477 155 2496
b42 41 3206 87 3231
b43 47 2348 86 2369
b44 65 3259 92 3283
b45 55 2151 79 2176
b46 139 607 158 620
b47 18 1890 60 1930
b48 68 1794 96 1828
b49 106 806 130 854
b50 128 1764 147 1778
b51 127 2199 141 2215
b52 60 2916 97 2934
b53 0 3449 36 3461
b54 117 1192 147 1226
b55 103 2981 129 3012
b56 92 2772 138 2803
b57 126 713 173 761
b58 47 2658 72 2683
b59 119 2439 166 2477
b60 189 2298 228 2314
b61 106 761 137 806
b62 206 889 252 925
b63 126 667 162 713
b64 101 1936 134 1951
b65 201 552 214 575
b66 137 761 179 806
b67 68 1405 82 1438
b68 127 1048 155 1093
b69 125 2080 161 2107
b70 68 1525 84 1570
b71 177 0 211 32
b72 35 1445 67 1460
b73 0 3461 12 3507
b74 114 1093 157 1127
b75 139 570 159 607
b76 212 156 251 192
b77 72 2728 112 2746
b78 75 2063 117 2079
b79 85 854 125 879
b80 162 647 198 662
b81 84 1525 99 1557
b82 127 1577 166 1601
b83 140 0 177 41
b84 211 0 245 38
b85 87 3204 121 3247
b86 112 2728 151 2772
b87 37 3283 82 3331
b88 107 1337 136 1381
b89 84 2140 104 2182
b90 159 246 205 270
b91 92 1295 135 1316
b92 289 0 334 47
b93 130 2620 150 2644
b94 33 2215 64 2234
b95 182 515 226 552
b96 189 458 235 491
b97 90 2638 130 2653
b98 60 1936 73 1971
b99 169 998 209 1015
b100 125 2107 169 2152
b101 128 1728 158 1764
b102 119 2403 159 2439
b103 113 1141 147 1175
b104 114 1714 156 1728
b105 177 120 212 153
b106 18 1930 30 1963
b107 24 3392 56 3407
b108 47 2234 84 2272
b109 67 1666 109 1712
b110 220 237 259 279
b111 87 2895 100 2916
b112 87 1218 117 1243
b113 35 1866 71 1890
b114 106 0 140 44
b115 82 3283 116 3305
b116 164 1889 192 1908
b117 125 1010 164 1031
b118 63 1340 107 1378
b119 73 1936 101 1981
b120 103 1243 139 1279
b121 84 2283 118 2321
b122 47 2638 90 2658
b123 138 1889 161 1925
b124 36 3492 67 3527
b125 68 1752 114 1794
b126 228 353 250 365
b127 207 310 232 353
b128 60 1999 104 2027
b129 140 363 174 385
b130 159 593 189 619
b131 60 3159 108 3204
b132 86 2563 104 2602
b133 36 3449 51 3492
b134 104 2152 138 2199
b135 66 2099 111 2114
b136 47 2816 84 2828
b137 158 619 179 647
b138 101 2535 143 2563
b139 0 3616 36 3653
b140 162 806 174 849
b141 108 1577 127 1622
b142 127 2803 154 2840
b143 127 2289 151 2314
b144 30 1930 45 1970
b145 54 2968 67 3013
b146 130 2587 178 2620
b147 159 2380 189 2422
b148 159 270 177 290
b149 104 1381 151 1403
b150 0 3653 23 3684
b151 104 2199 122 2241
b152 84 3425 100 3444
b153 49 3362 90 3392
b154 82 1378 104 1395
b155 220 552 245 566
b156 161 2062 189 2078
b157 106 463 126 488
b158 104 1403 127 1416
b159 135 1279 179 1311
b160 60 2895 87 2911
b161 174 806 220 853
b162 73 1981 104 1999
b163 35 1752 68 1774
b164 106 385 142 426
b165 235 365 256 382
b166 104 1951 138 1987
b167 180 421 216 458
b168 120 1814 144 1855
b169 116 2862 140 2901
b170 63 1295 92 1340
b171 105 1416 127 1456
b172 114 3033 141 3046
b173 24 3347 49 3379
b174 125 944 168 960
b175 37 3331 52 3347
b176 159 208 192 246
b177 67 1605 108 1642
b178 18 2234 35 2253
b179 41 2934 87 2968
b180 41 2828 60 2868
b181 221 192 251 220
b182 121 2356 166 2380
b183 128 2496 161 2535
b184 110 1552 156 1577
b185 35 1774 62 1808
b186 56 3392 87 3425
b187 62 1828 98 1866
b188 183 270 220 310
b189 125 998 169 1010
b190 84 2256 121 2283
b191 67 3468 83 3502
b192 109 1666 138 1714
b193 117 1175 150 1192
b194 85 909 113 922
b195 183 2078 216 2091
b196 150 1160 191 1201
b197 18 2151 55 2179
b198 180 402 228 421
b199 212 120 243 156
b200 60 2858 103 2895
b201 147 2241 173 2270
b202 12 3547 46 3586
b203 18 2179 33 2207
b204 147 1127 188 1160
b205 104 2127 125 2142
b206 141 2185 183 2220
b207 166 2270 199 2298
b208 36 3527 63 3547
b209 174 853 219 889
b210 107 1814 120 1838
b211 207 353 223 365
b212 24 3407 45 3449
b213 114 1127 146 1141
b214 107 1855 124 1882
b215 192 192 221 213
b216 68 1506 110 1525
b217 127 2241 147 2289
b218 84 2241 127 2256
b219 125 2062 153 2080
b220 174 335 204 372
b221 178 2472 191 2517
b222 121 3046 155 3071
b223 174 889 196 908
b224 211 99 256 120
b225 142 458 189 496
b226 87 1279 126 1295
b227 125 1987 138 2019
b228 107 1794 128 1814
b229 90 2680 114 2728
b230 138 2152 168 2185
b231 12 3586 28 3616
b232 159 570 201 593
b233 87 1243 103 1256
b234 51 3425 84 3443
b235 110 1506 132 1552
b236 101 2496 128 2535
b237 87 3075 108 3115
b238 55 2176 82 2215
b239 72 2746 112 2768
b240 156 2922 179 2941
b241 41 2968 54 2992
b242 67 1712 89 1752
b243 125 854 162 888
b244 30 2138 67 2151
b245 104 2563 140 2587
b246 82 1416 105 1460
b247 30 2099 66 2138
b248 67 3115 110 3146
b249 243 120 278 147
b250 138 1855 169 1889
b251 140 290 183 324
b252 167 1015 186 1043
b253 177 195 192 208
b254 0 2329 24 2342
b255 0 2253 47 2292
b256 104 2114 125 2127
b257 128 2653 145 2686
b258 166 2438 210 2472
b259 192 213 218 225
b260 205 225 224 237
b261 104 2818 116 2863
b262 87 3012 114 3060
b263 60 1890 107 1936
b264 46 3547 91 3570
b265 18 0 63 15
b266 47 2768 92 2816
b267 140 324 174 363
b268 183 310 205 335
b269 45 2081 82 2099
b270 104 2803 127 2818
b271 51 3444 93 3468
b272 68 1570 92 1605
b273 232 279 253 309
b274 139 2901 172 2922
b275 65 3231 87 3259
b276 168 984 199 998
b277 139 620 151 667
b278 177 153 190 195
b279 125 2019 164 2062
b280 127 2840 158 2862
b281 45 2063 75 2081
b282 60 2828 104 2858
b283 24 2329 37 2344
b284 141 2220 171 2241
b285 151 1311 164 1344
b286 103 2940 139 2981
b287 114 3012 156 3033
b288 162 908 190 944
b289 106 426 139 463
b290 84 2321 100 2348
b291 37 3231 65 3274
b292 104 2901 128 2940
b293 63 0 106 19
b294 154 2620 171 2646
b295 54 3146 97 3159
b296 63 1378 79 1405
b297 142 385 180 416
b298 35 1405 68 1445
b299 76 3331 89 3344
