302942.5
403835
202050
449 450
200.370268
b0 282 68 298 104
b1 46 34 85 53
b2 169 398 204 439
b3 331 239 378 257
b4 349 257 381 283
b5 179 129 210 164
b6 235 134 248 163
b7 192 281 220 302
b8 60 302 92 317
b9 245 170 279 216
b10 77 355 109 400
b11 193 36 207 72
b12 203 164 245 200
b13 121 396 169 441
b14 60 243 75 268
b15 194 353 240 398
b16 331 257 349 279
b17 416 239 449 265
b18 348 169 367 203
b19 46 53 58 83
b20 381 273 414 301
b21 285 211 329 250
b22 113 141 152 167
b23 216 304 241 344
b24 313 351 328 376
b25 309 175 345 211
b26 0 311 43 336
b27 60 268 75 302
b28 197 200 243 238
b29 294 123 306 160
b30 224 0 241 27
b31 264 324 301 340
b32 112 301 144 324
b33 151 43 169 79
b34 408 166 427 204
b35 357 221 390 236
b36 329 211 341 239
b37 255 44 276 60
b38 113 107 139 140
b39 340 44 370 86
b40 126 79 167 107
b41 66 0 82 16
b42 222 260 241 304
b43 298 57 338 91
b44 107 182 134 198
b45 12 68 26 105
b46 294 160 342 175
b47 299 351 313 374
b48 191 238 217 262
b49 86 28 126 59
b50 370 112 403 154
b51 207 44 255 71
b52 255 79 282 116
b53 105 231 122 249
b54 370 52 386 95
b55 285 269 331 282
b56 217 238 242 260
b57 348 121 367 169
b58 92 302 111 343
b59 12 169 58 215
b60 173 164 203 199
b61 0 361 34 394
b62 330 367 375 404
b63 338 86 353 121
b64 12 215 60 262
b65 243 216 273 249
b66 179 98 210 129
b67 330 330 374 367
b68 287 380 322 404
b69 256 126 294 145
b70 62 101 76 137
b71 328 404 362 446
b72 403 89 437 122
b73 60 139 78 177
b74 46 83 75 101
b75 241 313 264 340
b76 91 105 103 119
b77 99 249 123 265
b78 169 72 212 98
b79 185 262 222 281
b80 272 380 287 394
b81 91 141 111 173
b82 298 91 331 123
b83 241 25 278 44
b84 212 71 249 114
b85 84 400 121 448
b86 156 322 180 346
b87 285 250 330 269
b88 128 0 156 43
b89 144 310 179 322
b90 60 197 105 221
b91 388 331 432 359
b92 161 247 185 289
b93 156 0 199 21
b94 91 173 107 188
b95 199 0 224 36
b96 418 0 443 45
b97 210 134 235 162
b98 37 388 63 404
b99 0 406 37 426
b100 126 43 151 70
b101 37 340 77 388
b102 117 198 155 223
b103 240 373 272 405
b104 241 0 277 25
b105 119 270 161 301
b106 296 282 330 321
b107 12 262 57 278
b108 273 216 285 249
b109 282 104 294 126
b110 43 317 87 340
b111 386 52 399 70
b112 210 116 256 134
b113 331 283 374 311
b114 331 311 370 330
b115 388 301 425 331
b116 306 123 348 160
b117 75 278 112 302
b118 408 204 447 239
b119 285 175 309 211
b120 76 94 91 139
b121 362 404 394 449
b122 109 366 152 396
b123 78 139 91 174
b124 283 282 296 321
b125 46 16 74 34
b126 156 368 194 396
b127 75 243 99 265
b128 180 310 216 335
b129 338 0 384 44
b130 403 122 448 166
b131 12 291 48 311
b132 348 203 386 219
b133 390 221 404 233
b134 314 321 330 350
b135 111 167 148 182
b136 367 179 386 203
b137 186 335 208 353
b138 156 346 186 368
b139 12 37 45 68
b140 48 291 60 307
b141 384 0 418 25
b142 95 59 122 105
b143 12 125 58 169
b144 152 129 177 158
b145 304 0 338 45
b146 241 340 275 373
b147 0 394 31 406
b148 386 70 403 95
b149 91 119 113 141
b150 301 321 314 351
b151 277 0 304 16
b152 158 214 191 247
b153 0 426 40 438
b154 40 404 84 446
b155 139 129 152 141
b156 264 282 283 324
b157 0 0 12 42
b158 370 95 398 112
b159 26 101 62 125
b160 304 45 340 57
b161 242 282 261 313
b162 427 166 439 196
b163 280 404 327 450
b164 384 25 416 52
b165 243 249 284 282
b166 77 343 113 355
b167 374 301 388 348
b168 248 145 285 170
b169 82 0 128 28
b170 60 221 105 243
b171 381 239 416 273
b172 0 336 31 361
b173 386 179 408 221
b174 428 265 448 290
b175 416 265 428 299
b176 46 0 66 16
b177 161 289 192 310
b178 341 219 357 239
b179 375 359 420 400
b180 255 60 276 79
b181 155 199 197 214
b182 105 198 117 231
b183 156 21 193 37
b184 75 75 95 94
b185 75 265 119 278
b186 12 278 60 291
b187 276 44 298 68
b188 275 340 299 380
b189 60 177 91 197
b190 12 0 46 37
b191 403 52 445 89
b192 58 53 86 75
b193 113 324 156 366
b194 238 405 280 448
b195 367 154 403 179
b196 134 182 173 198
b197 123 223 158 270
b198 139 107 179 129
b199 204 398 238 438
