579771.1875
609408
313040
559 560
187.575222
b0 455 94 482 109
b1 246 402 273 418
b2 203 16 229 38
b3 499 167 520 212
b4 242 0 287 40
b5 0 438 26 454
b6 109 185 136 223
b7 368 171 403 200
b8 171 336 207 357
b9 146 355 171 399
b10 390 380 405 411
b11 146 455 170 496
b12 236 244 253 263
b13 287 142 335 175
b14 431 356 452 400
b15 390 320 424 335
b16 0 237 45 279
b17 155 246 192 287
b18 462 220 506 263
b19 462 184 485 220
b20 335 171 352 184
b21 287 98 331 126
b22 196 38 225 73
b23 33 438 50 478
b24 33 480 57 498
b25 160 0 203 29
b26 480 155 498 182
b27 74 0 112 40
b28 345 0 369 12
b29 21 158 51 187
b30 324 184 352 204
b31 72 326 108 358
b32 443 184 462 206
b33 87 241 133 286
b34 472 505 501 517
b35 181 324 207 336
b36 428 0 455 30
b37 419 354 431 383
b38 253 244 274 263
b39 241 85 253 98
b40 73 107 92 154
b41 195 513 214 549
b42 0 534 46 559
b43 132 45 153 84
b44 70 491 94 518
b45 304 284 329 308
b46 392 39 411 52
b47 519 359 559 401
b48 295 478 329 506
b49 287 0 311 48
b50 441 106 455 125
b51 415 452 429 468
b52 106 396 143 414
b53 390 246 402 282
b54 274 248 304 282
b55 0 0 26 31
b56 510 281 556 312
b57 361 55 409 102
b58 509 467 534 492
b59 0 75 47 113
b60 353 39 392 55
b61 366 415 411 446
b62 306 204 342 250
b63 435 320 481 356
b64 474 378 489 411
b65 329 478 352 491
b66 348 129 393 171
b67 0 31 33 45
b68 444 476 472 521
b69 409 79 445 106
b70 352 171 368 216
b71 0 308 34 340
b72 330 318 345 350
b73 510 119 556 131
b74 466 521 509 555
b75 447 74 484 94
b76 411 40 447 79
b77 225 45 243 85
b78 0 292 42 308
b79 223 142 248 182
b80 31 519 67 534
b81 69 256 84 288
b82 192 235 231 259
b83 109 355 146 396
b84 70 183 108 217
b85 149 212 192 246
b86 369 0 413 39
b87 509 419 554 467
b88 171 385 215 414
b89 311 39 353 59
b90 462 263 508 287
b91 252 458 295 479
b92 415 229 462 274
b93 482 94 506 114
b94 358 302 389 321
b95 192 198 236 235
b96 170 437 216 470
b97 413 0 428 40
b98 402 246 415 281
b99 313 308 330 348
b100 243 40 287 85
b101 274 282 304 318
b102 292 506 332 542
b103 474 429 508 463
b104 345 370 387 384
b105 148 110 183 143
b106 429 106 441 139
b107 0 376 32 391
b108 354 502 391 540
b109 67 42 109 88
b110 45 217 87 256
b111 58 417 71 438
b112 72 301 102 326
b113 45 256 69 292
b114 304 250 348 284
b115 246 368 268 402
b116 167 535 195 554
b117 31 498 70 519
b118 274 390 318 428
b119 215 350 243 395
b120 149 143 185 179
b121 34 308 72 342
b122 47 42 67 85
b123 426 206 462 229
b124 207 319 242 350
b125 510 73 552 119
b126 419 402 431 424
b127 0 113 25 156
b128 506 212 550 240
b129 452 356 486 378
b130 313 363 343 389
b131 112 0 160 45
b132 109 223 148 241
b133 152 399 167 442
b134 237 186 284 220
b135 97 286 142 301
b136 109 99 146 111
b137 0 156 21 184
b138 431 400 473 428
b139 443 148 480 184
b140 498 155 541 167
b141 390 335 435 354
b142 493 0 520 37
b143 415 428 440 452
b144 170 483 210 498
b145 345 357 390 370
b146 39 342 72 390
b147 262 479 292 521
b148 489 387 509 405
b149 366 446 388 493
b150 253 85 284 108
b151 56 0 74 42
b152 42 292 61 308
b153 0 45 41 75
b154 87 217 109 234
b155 130 301 155 315
b156 330 302 358 318
b157 368 200 388 225
b158 142 277 155 300
b159 358 225 390 269
b160 203 0 230 16
b161 0 391 46 438
b162 297 428 315 459
b163 318 389 340 422
b164 195 259 236 295
b165 225 115 242 136
b166 50 446 86 480
b167 72 358 109 394
b168 486 114 510 155
b169 196 73 220 112
b170 97 138 126 183
b171 252 418 274 458
b172 112 72 125 99
b173 46 534 78 559
b174 287 126 330 142
b175 222 182 237 198
b176 447 36 480 74
b177 143 498 184 535
b178 484 65 501 84
b179 216 479 262 513
b180 388 462 407 502
b181 489 359 519 387
b182 390 201 414 246
b183 94 514 127 553
b184 51 158 97 183
b185 315 428 342 462
b186 0 471 31 504
b187 455 0 493 36
b188 155 287 195 324
b189 248 142 260 186
b190 236 263 273 290
b191 297 462 331 478
b192 462 287 510 316
b193 0 454 33 471
b194 313 350 341 363
b195 170 470 203 483
b196 508 240 549 281
b197 171 357 208 385
b198 47 88 95 107
b199 215 395 246 431
b200 153 73 196 110
b201 390 354 419 380
b202 287 59 321 98
b203 102 301 130 316
b204 396 106 429 147
b205 195 498 216 513
b206 0 187 42 222
b207 438 521 466 554
b208 112 45 132 72
b209 345 321 390 357
b210 510 131 523 155
b211 414 201 426 217
b212 474 463 495 505
b213 485 182 499 214
b214 442 459 469 476
b215 127 156 148 185
b216 294 318 313 360
b217 348 109 396 129
b218 534 312 549 355
b219 330 284 358 302
b220 331 72 361 109
b221 86 446 99 491
b222 112 455 146 480
b223 260 142 282 161
b224 127 111 148 156
b225 390 282 437 320
b226 489 343 528 359
b227 311 0 324 32
b228 324 0 345 20
b229 236 220 284 244
b230 358 269 388 302
b231 225 85 241 115
b232 343 426 366 468
b233 429 459 442 475
b234 474 411 507 429
b235 284 202 306 248
b236 274 363 313 390
b237 127 535 167 556
b238 285 175 324 202
b239 183 112 223 134
b240 274 428 297 447
b241 136 185 149 209
b242 332 491 354 531
b243 407 476 444 510
b244 335 109 348 146
b245 116 414 152 438
b246 171 414 215 437
b247 520 167 556 206
b248 73 415 116 446
b249 92 111 127 138
b250 440 428 474 459
b251 242 108 285 142
b252 484 37 503 65
b253 455 109 468 124
b254 99 446 112 470
b255 391 510 438 549
b256 78 518 91 539
b257 185 134 218 151
b258 99 480 143 514
b259 155 324 181 336
b260 419 383 431 402
b261 230 0 242 45
b262 486 316 534 343
b263 216 513 262 560
b264 441 125 486 148
b265 0 222 45 237
b266 25 113 73 158
b267 0 342 39 376
b268 243 346 268 368
b269 237 290 274 308
b270 58 394 73 417
b271 195 295 237 319
b272 262 521 286 556
b273 409 147 439 168
b274 73 394 106 415
b275 42 187 70 209
b276 366 384 380 415
b277 46 390 58 437
b278 0 279 42 292
b279 108 316 151 355
b280 133 246 155 277
b281 509 401 539 419
b282 160 29 190 73
b283 396 147 409 162
b284 26 0 56 21
b285 321 59 354 72
b286 216 431 252 472
b287 345 384 366 426
b288 503 37 531 73
b289 185 151 222 184
b290 388 446 415 462
b291 149 184 192 212
b292 437 274 461 313
b293 324 20 367 39
b294 268 346 294 363
b295 116 442 159 455
b296 0 504 27 520
b297 242 308 273 346
b298 403 168 443 201
b299 84 286 97 299
