1258677.25
1917714.5
599640
228 2630
162.900927
b0 95 377 131 393
b1 16 2540 35 2579
b2 25 0 66 35
b3 94 1849 112 1896
b4 25 2098 51 2130
b5 51 2117 86 2148
b6 66 661 95 674
b7 101 260 129 281
b8 37 2083 69 2098
b9 132 723 178 757
b10 137 1646 182 1678
b11 25 35 39 71
b12 121 1822 157 1864
b13 84 1130 132 1175
b14 100 1671 115 1696
b15 39 1308 84 1354
b16 63 2148 81 2170
b17 110 891 143 917
b18 143 871 177 890
b19 94 1896 124 1908
b20 0 2217 28 2250
b21 117 2176 161 2215
b22 179 676 205 715
b23 116 0 156 25
b24 39 954 64 969
b25 150 640 186 676
b26 28 2338 71 2363
b27 44 1474 78 1489
b28 116 127 162 165
b29 72 1062 84 1099
b30 84 1308 101 1335
b31 66 800 103 816
b32 156 95 179 127
b33 37 1557 55 1593
b34 125 1887 144 1925
b35 78 1560 93 1593
b36 82 439 110 451
b37 66 0 82 21
b38 101 1368 134 1394
b39 95 661 125 703
b40 74 1630 102 1671
b41 196 0 212 16
b42 50 2261 69 2305
b43 144 1887 184 1921
b44 25 1628 52 1644
b45 55 1557 69 1594
b46 170 233 218 248
b47 64 1191 87 1205
b48 71 2366 95 2392
b49 162 127 202 158
b50 25 2175 58 2217
b51 94 1801 121 1849
b52 129 261 156 298
b53 51 2098 68 2116
b54 0 2442 43 2458
b55 83 1498 96 1544
b56 37 1839 59 1864
b57 25 1412 44 1460
b58 202 96 221 137
b59 97 393 143 439
b60 198 61 228 96
b61 170 199 203 233
b62 117 595 154 640
b63 82 393 97 428
b64 95 329 142 377
b65 50 2305 80 2338
b66 39 1354 70 1385
b67 83 2447 127 2484
b68 130 954 165 978
b69 116 165 135 203
b70 96 1498 132 1512
b71 156 61 198 95
b72 0 2579 34 2612
b73 110 1422 128 1460
b74 150 1285 179 1303
b75 124 547 147 574
b76 72 921 86 933
b77 83 1544 107 1560
b78 37 2040 63 2083
b79 150 1303 169 1340
b80 116 203 130 218
b81 138 199 170 219
b82 84 1335 116 1368
b83 82 40 101 77
b84 110 917 153 954
b85 61 1908 109 1945
b86 134 1261 158 1285
b87 39 1393 84 1412
b88 92 1087 120 1130
b89 109 1935 121 1970
b90 64 1284 109 1308
b91 81 2148 125 2176
b92 179 715 221 739
b93 94 1780 137 1801
b94 145 354 160 370
b95 28 2417 64 2442
b96 171 0 196 45
b97 145 326 170 354
b98 0 2458 16 2484
b99 81 2392 118 2412
b100 153 370 180 395
b101 43 2458 83 2506
b102 0 0 25 38
b103 108 515 140 547
b104 25 1814 61 1839
b105 65 1705 107 1736
b106 64 1245 98 1284
b107 98 1245 143 1261
b108 63 2040 96 2052
b109 43 2506 55 2528
b110 112 1864 156 1887
b111 90 451 108 464
b112 16 2458 34 2504
b113 59 2012 102 2040
b114 59 1993 98 2012
b115 108 451 145 481
b116 101 218 138 260
b117 74 1593 98 1630
b118 81 2412 120 2447
b119 88 1462 112 1498
b120 25 2130 40 2175
b121 69 2201 101 2246
b122 66 891 109 921
b123 137 1574 150 1609
b124 82 77 95 116
b125 101 1394 119 1422
b126 135 800 173 828
b127 101 1308 125 1330
b128 63 2176 99 2201
b129 44 1412 88 1458
b130 86 961 130 1006
b131 90 641 126 661
b132 43 2442 81 2458
b133 89 1945 103 1957
b134 171 45 200 61
b135 86 1006 101 1043
b136 68 2098 92 2117
b137 0 2612 22 2630
b138 37 1594 67 1616
b139 101 298 134 329
b140 40 2148 52 2164
b141 44 1489 69 1523
b142 90 595 117 641
b143 52 1736 98 1780
b144 125 661 150 690
b145 108 481 153 515
b146 25 1780 58 1814
b147 25 1839 37 1870
b148 70 1368 87 1393
b149 28 2217 50 2239
b150 87 1215 100 1245
b151 109 1908 125 1935
b152 39 921 72 954
b153 25 1616 65 1628
b154 92 1043 134 1087
b155 25 1460 37 1473
b156 138 219 157 261
b157 112 583 154 595
b158 61 1945 89 1962
b159 66 451 90 487
b160 112 547 124 583
b161 135 165 154 196
b162 34 2528 64 2540
b163 34 2579 80 2626
b164 103 800 135 827
b165 125 690 166 723
b166 66 816 102 828
b167 98 1560 145 1574
b168 95 723 132 748
b169 71 2338 117 2366
b170 90 547 112 592
b171 65 1671 100 1705
b172 48 2392 79 2417
b173 134 978 176 1000
b174 0 38 25 58
b175 118 2215 152 2227
b176 28 2363 48 2379
b177 61 1962 82 1993
b178 72 1175 92 1191
b179 162 158 207 199
b180 121 1801 140 1822
b181 156 0 171 42
b182 61 1780 94 1792
b183 109 1175 146 1191
b184 72 1043 92 1062
b185 50 2217 63 2261
b186 88 1368 101 1416
b187 87 1191 109 1215
b188 86 921 110 961
b189 102 871 133 891
b190 37 1523 74 1557
b191 137 1609 179 1646
b192 142 298 164 326
b193 103 828 145 871
b194 95 757 137 800
b195 140 1678 165 1714
b196 44 1458 83 1474
b197 98 1970 145 2005
b198 88 1422 110 1462
b199 82 0 116 40
