306587.5
411574
201601
449 449
46.698752
b0 313 200 329 236
b1 257 142 296 161
b2 362 388 397 429
b3 385 227 403 274
b4 16 134 48 160
b5 275 218 310 249
b6 366 338 395 351
b7 54 152 75 180
b8 58 371 90 386
b9 145 0 191 34
b10 321 84 366 116
b11 353 203 367 239
b12 72 0 114 36
b13 397 383 442 431
b14 44 322 59 347
b15 185 258 231 303
b16 385 114 407 132
b17 157 125 190 151
b18 351 245 385 264
b19 231 258 243 288
b20 28 380 56 413
b21 191 45 235 84
b22 221 327 260 353
b23 66 250 91 290
b24 382 202 397 227
b25 247 35 283 71
b26 52 424 95 449
b27 0 405 15 439
b28 211 112 257 150
b29 133 0 145 37
b30 130 180 157 197
b31 107 357 123 394
b32 41 227 73 250
b33 76 207 94 243
b34 300 282 338 301
b35 97 150 112 183
b36 362 376 390 388
b37 116 244 137 260
b38 283 59 316 85
b39 340 41 382 71
b40 137 281 178 309
b41 38 160 54 176
b42 256 201 275 245
b43 403 291 437 331
b44 107 341 134 357
b45 56 386 93 400
b46 386 74 434 89
b47 44 101 67 115
b48 329 203 353 229
b49 65 61 105 92
b50 114 71 156 104
b51 273 268 300 316
b52 264 316 291 353
b53 191 172 209 189
b54 300 266 343 282
b55 316 71 362 84
b56 355 264 377 289
b57 312 302 360 321
b58 340 0 359 41
b59 91 262 137 308
b60 122 150 157 180
b61 24 347 58 380
b62 397 338 434 383
b63 268 0 283 35
b64 95 197 143 244
b65 318 236 351 266
b66 335 321 366 352
b67 221 353 265 390
b68 362 352 397 376
b69 324 392 362 411
b70 0 184 14 220
b71 386 0 420 42
b72 235 0 268 34
b73 37 41 55 79
b74 43 0 72 18
b75 149 349 176 372
b76 257 161 271 173
b77 66 290 90 306
b78 176 355 202 398
b79 202 355 221 392
b80 310 394 324 409
b81 37 21 69 41
b82 157 93 190 125
b83 278 367 297 404
b84 283 0 320 43
b85 137 244 185 281
b86 221 303 245 327
b87 366 71 385 116
b88 373 132 416 160
b89 16 122 51 134
b90 67 92 112 116
b91 310 411 354 439
b92 42 250 66 292
b93 0 0 43 21
b94 76 192 92 207
b95 416 114 441 150
b96 69 36 114 61
b97 0 380 28 405
b98 335 352 361 368
b99 0 82 37 102
b100 297 367 322 394
b101 137 309 185 349
b102 283 85 321 110
b103 336 155 368 187
b104 191 84 227 109
b105 134 385 176 416
b106 297 153 336 187
b107 95 428 140 444
b108 0 122 12 155
b109 296 249 318 261
b110 0 322 44 345
b111 300 200 313 218
b112 321 25 339 71
b113 227 84 270 112
b114 245 282 264 321
b115 243 245 273 282
b116 296 116 338 153
b117 56 400 93 424
b118 338 116 373 155
b119 366 314 402 338
b120 219 419 264 434
b121 386 42 431 74
b122 176 398 219 428
b123 95 183 130 196
b124 257 112 296 125
b125 0 21 18 49
b126 228 173 266 201
b127 0 345 24 367
b128 140 416 176 441
b129 291 321 335 367
b130 191 0 235 45
b131 16 160 36 196
b132 283 43 321 59
b133 93 371 107 383
b134 0 155 16 184
b135 191 189 228 204
b136 271 161 295 180
b137 94 244 116 262
b138 227 150 257 172
b139 60 306 91 339
b140 300 301 312 317
b141 97 116 122 150
b142 219 392 265 419
b143 143 197 189 241
b144 31 297 60 322
b145 157 151 191 196
b146 0 49 34 82
b147 91 308 103 339
b148 275 201 300 218
b149 16 196 38 218
b150 265 353 278 383
b151 341 187 368 203
b152 103 308 136 341
b153 176 428 216 440
b154 0 253 42 297
b155 31 102 44 114
b156 114 0 133 42
b157 191 246 233 258
b158 257 125 285 142
b159 51 116 75 152
b160 343 266 355 302
b161 76 161 95 192
b162 235 34 247 64
b163 403 244 449 291
b164 359 0 386 32
b165 0 220 41 253
b166 137 349 149 385
b167 191 109 205 156
b168 386 89 423 114
b169 122 104 150 150
b170 75 116 97 161
b171 133 37 168 71
b172 0 297 31 322
b173 234 201 256 243
b174 320 0 340 25
b175 107 394 119 428
b176 60 339 80 355
b177 266 180 297 201
b178 191 156 211 172
b179 265 404 310 445
b180 275 249 296 268
b181 367 203 382 245
b182 185 303 218 315
b183 405 160 421 197
b184 80 339 100 358
b185 297 187 341 200
b186 59 358 107 371
b187 157 71 181 93
b188 322 368 362 392
b189 0 102 31 122
b190 15 413 52 447
b191 368 160 405 202
b192 37 79 65 101
b193 191 204 234 246
b194 403 202 446 244
b195 360 289 396 314
b196 211 150 227 189
b197 41 180 76 227
b198 421 150 443 190
b199 185 315 219 355
