3240631.054688
3472061.5
1157758
287 4034
928.826012
b0 114 2552 141 2567
b1 109 2776 136 2792
b2 74 1478 96 1504
b3 185 394 206 439
b4 133 814 173 859
b5 27 2825 43 2851
b6 119 3076 157 3103
b7 0 3978 35 4007
b8 27 2789 48 2825
b9 125 2851 169 2876
b10 166 340 181 371
b11 61 3936 102 3960
b12 149 28 166 47
b13 45 2397 78 2445
b14 140 1094 184 1115
b15 150 963 184 978
b16 73 2625 118 2667
b17 63 2969 104 3006
b18 106 1298 149 1342
b19 103 3340 139 3363
b20 112 2454 125 2471
b21 85 1342 113 1386
b22 53 3485 88 3514
b23 13 3358 53 3375
b24 74 3167 92 3191
b25 30 3833 59 3876
b26 87 3036 114 3054
b27 197 1003 235 1043
b28 52 3226 76 3238
b29 45 3514 74 3544
b30 166 312 186 340
b31 122 1917 154 1953
b32 149 463 168 485
b33 93 2805 138 2851
b34 152 1003 181 1015
b35 104 1440 116 1466
b36 46 2127 73 2157
b37 113 2380 125 2409
b38 13 3390 34 3409
b39 46 32 58 45
b40 204 0 223 47
b41 223 0 259 19
b42 122 1953 168 1978
b43 152 1291 191 1312
b44 13 3409 40 3433
b45 106 15 130 40
b46 85 1440 104 1453
b47 116 1440 158 1480
b48 101 2567 129 2601
b49 111 1108 135 1156
b50 231 620 250 634
b51 128 2746 142 2762
b52 85 1938 122 1956
b53 140 1062 176 1074
b54 133 859 163 893
b55 67 2805 93 2836
b56 145 1749 191 1780
b57 52 3576 99 3624
b58 106 1273 131 1298
b59 158 1513 205 1551
b60 46 0 85 16
b61 223 19 254 64
b62 81 2471 127 2507
b63 149 371 185 417
b64 112 2731 145 2746
b65 0 68 13 91
b66 83 2889 125 2934
b67 156 1480 170 1513
b68 204 562 232 607
b69 128 2282 164 2309
b70 135 1115 151 1160
b71 142 2336 176 2368
b72 13 3375 45 3390
b73 145 1555 157 1601
b74 35 3763 78 3797
b75 213 189 233 226
b76 79 2695 118 2731
b77 110 945 150 963
b78 140 1046 182 1062
b79 150 905 190 930
b80 219 372 255 387
b81 182 1003 197 1035
b82 204 1079 243 1103
b83 43 3070 80 3111
b84 157 485 191 523
b85 213 146 247 189
b86 78 2248 117 2292
b87 13 3310 58 3358
b88 145 655 174 699
b89 32 3179 52 3221
b90 149 439 195 463
b91 107 2151 150 2172
b92 32 3238 77 3285
b93 67 2746 87 2770
b94 119 1730 150 1749
b95 55 3726 99 3763
b96 150 930 196 963
b97 116 1480 156 1495
b98 83 2934 96 2969
b99 130 699 170 716
b100 204 101 248 146
b101 13 3797 43 3833
b102 27 2753 67 2789
b103 73 2151 107 2185
b104 13 3678 55 3692
b105 158 1354 193 1387
b106 40 3544 52 3577
b107 81 2380 113 2395
b108 67 2851 104 2889
b109 110 978 152 1024
b110 102 1398 141 1440
b111 0 47 13 68
b112 74 1453 104 1478
b113 78 2601 114 2625
b114 191 518 225 562
b115 185 372 219 394
b116 165 1115 193 1134
b117 161 2107 200 2128
b118 44 3111 88 3149
b119 114 2507 142 2552
b120 186 336 222 372
b121 96 1879 130 1917
b122 118 2601 161 2621
b123 96 1730 119 1766
b124 160 772 191 807
b125 158 1312 204 1354
b126 32 3298 54 3310
b127 179 0 204 43
b128 106 2188 150 2216
b129 104 3054 138 3076
b130 0 3833 30 3859
b131 65 3295 113 3340
b132 27 34 45 73
b133 130 537 145 580
b134 139 3103 173 3150
b135 58 3434 103 3449
b136 116 1495 153 1507
b137 73 2667 94 2695
b138 104 1645 146 1673
b139 132 2012 168 2049
b140 96 1673 108 1716
b141 64 3842 83 3887
b142 190 859 217 896
b143 46 2334 70 2359
b144 103 3363 118 3403
b145 150 2049 163 2094
b146 209 266 257 299
b147 157 584 187 626
b148 137 1673 155 1693
b149 157 562 204 584
b150 179 182 202 213
b151 247 146 265 188
b152 59 3797 75 3816
b153 48 3006 89 3036
b154 106 1199 128 1216
b155 112 2762 137 2776
b156 46 16 74 32
b157 46 2262 66 2287
b158 87 2792 110 2805
b159 52 3544 96 3576
b160 155 639 182 655
b161 96 3465 142 3512
b162 58 2109 89 2127
b163 106 716 139 738
b164 99 2077 135 2118
b165 85 1199 106 1216
b166 179 146 213 182
b167 196 299 232 336
b168 58 3364 82 3405
b169 196 896 220 935
b170 108 1673 137 1718
b171 74 1831 96 1871
b172 0 34 27 47
b173 130 505 155 537
b174 81 3449 124 3465
b175 107 2172 122 2188
b176 160 2621 193 2659
b177 104 1507 145 1544
b178 27 3111 44 3130
b179 0 0 46 34
b180 202 226 221 266
b181 149 0 179 28
b182 58 3340 103 3364
b183 128 2243 161 2282
b184 152 978 198 1003
b185 128 1239 155 1273
b186 40 3645 71 3678
b187 45 2359 81 2397
b188 128 1199 165 1239
b189 108 1718 152 1730
b190 128 2309 165 2336
b191 125 2380 141 2414
b192 145 2659 174 2707
b193 74 1814 107 1831
b194 161 2094 189 2107
b195 32 3285 65 3298
b196 58 2040 99 2081
b197 58 2081 95 2109
b198 173 807 221 826
b199 81 2395 112 2431
b200 106 893 149 930
b201 154 1780 180 1809
b202 30 3876 64 3915
b203 145 2621 160 2649
b204 190 826 231 859
b205 66 2319 87 2334
b206 98 1073 140 1108
b207 73 2185 106 2213
b208 130 485 157 505
b209 182 1043 227 1079
b210 110 1049 123 1073
b211 112 2746 128 2758
b212 85 0 106 42
b213 46 2248 78 2262
b214 117 2216 134 2243
b215 204 64 233 85
b216 16 3959 58 3978
b217 189 1780 209 1828
b218 106 0 149 15
b219 45 2445 73 2463
b220 233 64 263 101
b221 98 1108 111 1153
b222 45 2695 79 2720
b223 13 3692 35 3711
b224 40 3624 85 3645
b225 161 734 208 772
b226 104 1544 143 1560
b227 198 935 211 967
b228 198 620 219 640
b229 55 3678 79 3726
b230 166 279 196 312
b231 0 3859 16 3889
b232 75 3797 117 3820
b233 35 3978 51 3991
b234 131 1273 164 1291
b235 87 2746 109 2792
b236 106 738 133 777
b237 113 2414 134 2454
b238 58 1938 85 1977
b239 59 3820 99 3842
b240 78 2546 101 2565
b241 85 42 98 66
b242 139 716 161 756
b243 85 3624 122 3658
b244 198 607 235 620
b245 164 2128 200 2152
b246 143 1601 166 1645
b247 78 2507 114 2546
b248 82 3403 125 3434
b249 48 2889 83 2916
b250 107 1845 138 1879
b251 130 1978 173 2012
b252 139 786 158 814
b253 48 2916 63 2929
b254 179 266 203 279
b255 98 1160 145 1199
b256 113 1385 134 1398
b257 45 2720 62 2753
b258 43 3036 87 3070
b259 149 893 175 905
b260 13 3179 32 3191
b261 77 3250 89 3295
b262 96 1766 123 1814
b263 81 2334 128 2380
b264 16 3936 61 3959
b265 67 2731 112 2746
b266 85 1978 130 2026
b267 191 479 225 518
b268 110 1024 132 1049
b269 161 716 198 734
b270 106 930 129 945
b271 77 3226 119 3250
b272 73 2213 97 2248
b273 139 756 160 786
b274 30 3915 63 3936
b275 52 3179 74 3207
b276 85 2026 116 2040
b277 98 945 110 992
b278 145 1513 158 1555
b279 113 1342 152 1385
b280 132 1024 163 1046
b281 74 3149 104 3167
b282 27 3149 71 3179
b283 176 1079 189 1094
b284 74 1917 104 1938
b285 95 2118 108 2151
b286 225 479 261 520
b287 79 3658 121 3679
b288 53 3449 81 3485
b289 99 2040 132 2077
b290 78 2292 94 2319
b291 259 0 287 43
b292 95 3167 119 3206
b293 52 3207 95 3226
b294 85 1386 102 1412
b295 155 626 198 639
b296 0 4007 16 4034
b297 107 1814 145 1845
b298 195 439 228 479
b299 196 279 209 292
