565223.8515625
593057.5
314721
561 561
582.17012
b0 315 365 330 392
b1 354 310 370 337
b2 176 343 202 365
b3 407 293 452 314
b4 0 40 45 80
b5 25 245 41 271
b6 468 335 506 362
b7 468 306 503 335
b8 232 482 268 503
b9 45 33 70 77
b10 407 276 438 291
b11 157 62 181 103
b12 171 410 190 427
b13 313 512 346 560
b14 313 491 357 512
b15 506 313 521 347
b16 67 201 109 246
b17 109 132 150 169
b18 396 405 440 448
b19 116 463 152 486
b20 252 89 265 106
b21 116 486 160 514
b22 522 227 557 256
b23 491 416 531 433
b24 76 434 94 458
b25 339 214 382 243
b26 531 385 558 403
b27 504 256 544 294
b28 0 254 12 278
b29 275 152 304 182
b30 178 302 198 330
b31 318 312 354 344
b32 480 13 499 35
b33 130 306 176 351
b34 129 415 158 427
b35 480 294 506 306
b36 446 169 473 199
b37 234 52 246 81
b38 78 458 97 479
b39 205 40 217 53
b40 97 436 116 483
b41 128 270 147 306
b42 508 0 554 25
b43 438 272 477 293
b44 45 537 72 561
b45 480 253 504 278
b46 256 172 275 185
b47 276 312 318 352
b48 298 258 332 286
b49 529 294 553 342
b50 48 232 67 246
b51 311 413 327 427
b52 374 121 411 139
b53 166 254 178 290
b54 0 340 34 370
b55 368 243 394 274
b56 85 483 116 529
b57 178 255 226 302
b58 455 515 480 540
b59 45 163 92 201
b60 337 412 376 428
b61 365 339 396 384
b62 116 427 162 463
b63 0 425 36 471
b64 522 212 555 227
b65 178 427 191 450
b66 226 253 268 298
b67 430 338 444 371
b68 516 481 561 509
b69 332 243 368 270
b70 390 160 406 205
b71 468 219 500 253
b72 34 352 66 367
b73 524 69 536 115
b74 48 400 91 434
b75 223 213 260 233
b76 127 234 166 270
b77 394 258 434 276
b78 0 382 16 424
b79 406 59 446 84
b80 0 139 36 154
b81 171 395 203 410
b82 200 152 239 176
b83 375 84 416 121
b84 200 118 238 152
b85 396 338 430 381
b86 97 0 136 44
b87 268 501 313 549
b88 311 428 340 472
b89 129 395 171 415
b90 396 381 442 405
b91 256 34 299 55
b92 473 174 520 219
b93 354 119 374 143
b94 311 472 342 491
b95 406 0 450 37
b96 243 339 276 385
b97 337 397 377 412
b98 394 245 429 258
b99 299 224 339 241
b100 130 351 175 395
b101 522 182 558 212
b102 90 339 130 375
b103 412 189 446 223
b104 86 292 128 306
b105 239 139 274 172
b106 0 202 33 214
b107 202 325 234 340
b108 218 176 256 213
b109 109 192 155 234
b110 340 0 379 42
b111 12 254 25 275
b112 307 194 332 224
b113 444 323 468 359
b114 480 35 524 69
b115 67 332 89 366
b116 337 365 365 384
b117 416 101 455 122
b118 506 347 550 385
b119 396 484 424 529
b120 370 42 406 78
b121 223 526 261 560
b122 136 62 156 105
b123 198 302 234 325
b124 72 128 107 159
b125 335 168 377 214
b126 232 451 254 463
b127 42 309 67 352
b128 263 388 307 416
b129 234 317 268 339
b130 293 92 323 118
b131 0 154 45 202
b132 357 465 396 483
b133 532 430 547 473
b134 246 55 293 89
b135 178 539 223 554
b136 202 340 239 352
b137 265 89 293 110
b138 203 387 245 415
b139 332 270 368 307
b140 473 162 516 174
b141 377 384 396 429
b142 178 484 215 511
b143 354 143 378 168
b144 431 42 471 57
b145 0 288 45 301
b146 444 362 477 410
b147 450 0 480 42
b148 89 105 109 123
b149 443 122 465 169
b150 506 385 529 416
b151 25 214 67 232
b152 335 89 354 105
b153 194 88 235 118
b154 379 0 396 22
b155 0 214 14 239
b156 178 451 194 479
b157 411 122 436 142
b158 25 232 48 245
b159 446 57 478 101
b160 531 403 547 430
b161 444 410 491 456
b162 200 176 218 207
b163 446 199 468 232
b164 191 415 232 451
b165 45 0 66 17
b166 136 13 170 49
b167 396 448 433 484
b168 491 457 532 481
b169 170 130 194 169
b170 238 110 283 139
b171 234 12 256 52
b172 71 305 84 332
b173 45 77 70 109
b174 162 427 178 470
b175 0 239 16 254
b176 91 375 129 408
b177 0 102 41 139
b178 235 89 252 108
b179 256 0 302 34
b180 504 509 523 549
b181 271 224 299 254
b182 181 13 205 58
b183 293 118 332 151
b184 276 287 322 312
b185 367 429 394 463
b186 66 0 97 33
b187 523 115 561 151
b188 293 55 333 92
b189 36 425 48 469
b190 340 428 367 465
b191 162 470 178 504
b192 477 362 506 410
b193 299 241 332 258
b194 480 0 508 13
b195 72 503 85 536
b196 270 416 311 457
b197 48 434 76 471
b198 41 109 89 128
b199 232 415 263 451
b200 268 464 311 501
b201 370 310 396 339
b202 357 483 396 517
b203 0 301 28 316
b204 89 306 130 339
b205 342 465 357 486
b206 335 47 370 89
b207 523 509 556 537
b208 170 103 190 130
b209 465 117 501 162
b210 245 385 258 409
b211 382 223 394 239
b212 48 379 90 400
b213 424 484 438 516
b214 411 142 438 159
b215 0 506 29 527
b216 234 298 276 317
b217 223 233 271 253
b218 116 514 159 529
b219 205 12 223 40
b220 406 159 443 189
b221 136 49 181 62
b222 45 503 70 537
b223 357 517 376 539
b224 0 485 45 506
b225 302 0 340 47
b226 452 456 491 472
b227 377 168 390 200
b228 378 139 398 160
b229 396 314 444 338
b230 268 254 298 287
b231 452 293 468 323
b232 200 213 223 255
b233 254 451 270 464
b234 232 464 265 482
b235 26 379 48 425
b236 70 66 97 105
b237 0 0 21 40
b238 477 481 516 508
b239 0 80 40 102
b240 506 294 529 313
b241 178 330 202 343
b242 394 223 434 245
b243 206 352 243 386
b244 337 384 374 397
b245 491 433 527 457
b246 223 503 267 526
b247 276 352 315 388
b248 424 516 455 559
b249 45 128 72 163
b250 166 177 197 211
b251 166 211 200 254
b252 147 270 166 298
b253 71 292 86 305
b254 157 103 170 127
b255 260 185 307 224
b256 136 0 157 13
b257 45 486 78 503
b258 524 25 558 69
b259 0 370 26 382
b260 433 456 452 468
b261 34 367 79 379
b262 109 105 157 132
b263 67 246 114 292
b264 109 169 154 192
b265 155 132 170 177
b266 478 69 523 117
b267 368 276 407 310
b268 406 37 431 59
b269 504 219 522 256
b270 48 471 71 486
b271 0 316 42 340
b272 85 529 120 553
b273 307 392 337 413
b274 70 33 91 66
b275 94 408 116 436
b276 0 471 31 485
b277 190 0 237 12
b278 114 234 127 276
b279 438 472 477 515
b280 175 365 206 387
b281 382 205 412 223
b282 190 58 234 88
b283 467 253 480 268
b284 354 89 375 119
b285 157 0 190 13
b286 97 44 133 85
b287 318 344 360 365
b288 178 511 214 539
b289 194 451 231 484
b290 376 529 403 545
b291 307 151 335 194
b292 480 508 504 547
b293 335 105 354 148
b294 45 292 71 309
b295 12 275 55 288
b296 92 159 108 186
b297 522 151 560 182
b298 434 232 467 272
b299 274 139 287 152
