407999.5
407999.5
200250
450 445
130.465489
b0 345 425 381 441
b1 84 189 123 208
b2 400 327 441 362
b3 275 0 293 47
b4 88 163 120 189
b5 272 289 307 320
b6 161 227 190 240
b7 234 176 255 204
b8 113 348 145 363
b9 272 255 318 289
b10 95 0 127 45
b11 344 134 380 148
b12 118 105 160 141
b13 400 282 448 327
b14 73 406 98 421
b15 282 209 327 255
b16 390 132 412 150
b17 311 122 344 148
b18 307 401 341 420
b19 257 201 269 231
b20 377 13 410 41
b21 185 0 229 39
b22 228 399 254 438
b23 190 172 215 212
b24 342 354 357 379
b25 342 41 378 77
b26 63 86 88 129
b27 0 160 34 175
b28 197 237 235 283
b29 120 141 132 178
b30 88 121 115 138
b31 319 255 335 292
b32 25 229 48 261
b33 0 45 18 81
b34 380 113 418 132
b35 164 16 179 49
b36 162 192 190 204
b37 164 0 185 16
b38 254 401 280 434
b39 281 130 311 172
b40 162 151 190 192
b41 22 0 38 16
b42 146 376 190 395
b43 56 299 96 333
b44 359 212 386 228
b45 190 364 204 401
b46 327 0 342 48
b47 174 259 197 273
b48 177 283 201 309
b49 0 399 31 439
b50 0 127 42 160
b51 211 283 238 331
b52 56 193 83 230
b53 146 356 164 373
b54 400 239 416 282
b55 377 0 423 13
b56 235 204 257 229
b57 0 179 48 198
b58 38 0 79 19
b59 235 130 281 176
b60 165 401 200 431
b61 319 292 353 325
b62 116 214 161 251
b63 53 71 88 86
b64 0 352 48 399
b65 209 331 242 361
b66 25 198 56 229
b67 164 74 201 118
b68 132 141 156 176
b69 339 148 377 167
b70 48 179 84 193
b71 386 175 428 209
b72 322 167 356 200
b73 0 81 18 119
b74 167 346 196 364
b75 162 204 189 227
b76 167 364 181 376
b77 101 400 117 424
b78 357 306 400 332
b79 235 246 272 265
b80 159 273 174 287
b81 81 249 113 269
b82 201 55 233 88
b83 143 176 162 213
b84 254 364 297 401
b85 204 362 252 399
b86 335 267 359 291
b87 359 167 378 212
b88 73 363 101 406
b89 96 302 131 314
b90 18 88 63 112
b91 246 85 274 129
b92 167 322 209 346
b93 146 313 167 356
b94 25 295 41 310
b95 0 291 25 327
b96 190 212 235 237
b97 200 401 228 426
b98 79 0 95 26
b99 88 68 108 105
b100 255 176 282 201
b101 117 399 165 439
b102 307 420 345 445
b103 327 216 359 248
b104 22 19 58 44
b105 25 310 56 352
b106 392 399 431 433
b107 72 26 88 71
b108 100 269 112 302
b109 378 148 390 170
b110 42 156 86 179
b111 400 226 418 239
b112 113 251 131 297
b113 374 85 417 113
b114 215 172 234 211
b115 129 68 159 105
b116 400 362 442 399
b117 25 271 62 295
b118 342 0 377 39
b119 127 25 163 49
b120 18 112 63 127
b121 418 209 450 254
b122 56 333 99 363
b123 282 172 317 185
b124 359 228 398 241
b125 131 295 159 313
b126 62 271 100 299
b127 0 229 24 251
b128 117 363 142 399
b129 378 41 424 85
b130 308 77 352 122
b131 123 178 143 214
b132 233 28 271 44
b133 58 19 72 31
b134 185 39 214 55
b135 235 265 272 280
b136 335 248 359 267
b137 159 287 177 309
b138 131 251 161 273
b139 359 241 392 272
b140 88 105 100 121
b141 293 35 327 60
b142 42 129 88 156
b143 254 320 300 364
b144 48 246 77 271
b145 274 85 308 130
b146 113 314 146 348
b147 88 151 119 163
b148 386 209 411 226
b149 48 363 70 385
b150 88 138 118 151
b151 327 200 354 216
b152 160 118 193 151
b153 73 424 113 436
b154 31 399 73 443
b155 68 230 81 242
b156 88 49 130 68
b157 242 320 254 362
b158 311 148 339 165
b159 22 44 58 68
b160 58 31 70 67
b161 161 240 192 259
b162 344 122 374 134
b163 345 379 392 425
b164 233 44 260 76
b165 83 208 116 249
b166 101 314 113 350
b167 293 60 340 74
b168 127 0 164 25
b169 229 0 275 28
b170 0 0 22 45
b171 293 0 327 35
b172 0 198 25 229
b173 352 77 374 119
b174 390 150 410 175
b175 307 289 319 323
b176 48 230 68 246
b177 108 68 129 99
b178 260 47 280 63
b179 201 88 246 129
b180 179 55 200 74
b181 235 231 277 246
b182 130 49 163 61
b183 101 363 117 400
b184 0 327 20 346
b185 167 309 211 322
b186 307 325 355 338
b187 260 63 284 85
b188 282 185 322 209
b189 22 68 53 88
b190 359 272 396 306
b191 412 132 449 174
b192 131 273 159 295
b193 193 129 235 172
b194 357 332 400 374
b195 280 401 305 437
b196 307 338 346 354
b197 307 354 342 401
b198 0 251 22 291
b199 238 280 272 320
