546438.75
572247.5
314160
560 561
208.758691
b0 263 286 290 301
b1 343 280 370 296
b2 281 142 303 168
b3 218 222 263 243
b4 72 0 117 40
b5 24 476 50 492
b6 329 461 367 488
b7 154 0 189 29
b8 286 168 322 189
b9 439 506 464 550
b10 322 223 337 254
b11 48 0 72 41
b12 301 228 320 245
b13 298 489 346 522
b14 322 179 343 223
b15 154 319 169 353
b16 0 340 45 382
b17 437 70 478 107
b18 259 336 303 379
b19 216 403 239 439
b20 148 485 165 498
b21 398 164 442 192
b22 48 182 83 211
b23 410 359 427 399
b24 368 156 392 174
b25 510 233 553 262
b26 136 280 154 307
b27 0 149 40 187
b28 297 78 321 90
b29 272 113 302 142
b30 320 312 348 332
b31 169 319 201 355
b32 77 450 99 469
b33 197 478 243 523
b34 343 193 355 222
b35 468 44 480 70
b36 128 152 158 179
b37 329 24 341 53
b38 301 209 322 228
b39 40 169 52 182
b40 0 457 47 476
b41 0 275 36 294
b42 512 64 558 89
b43 107 152 128 191
b44 36 237 63 261
b45 343 169 368 193
b46 301 245 314 264
b47 514 275 554 317
b48 181 226 215 254
b49 0 187 48 211
b50 90 321 109 335
b51 341 70 355 86
b52 95 40 113 77
b53 258 301 294 313
b54 123 307 153 341
b55 21 211 52 237
b56 267 515 298 561
b57 0 0 48 47
b58 410 399 435 424
b59 154 281 201 319
b60 371 210 410 226
b61 213 327 258 358
b62 410 204 456 240
b63 343 340 389 376
b64 481 327 514 342
b65 259 313 272 336
b66 439 442 481 487
b67 392 62 425 76
b68 374 0 419 28
b69 189 0 216 36
b70 67 120 112 136
b71 391 28 423 62
b72 252 515 267 547
b73 95 136 107 182
b74 318 404 361 438
b75 117 224 137 261
b76 0 47 36 86
b77 86 80 104 120
b78 28 382 44 424
b79 77 224 117 249
b80 109 375 145 390
b81 263 271 295 286
b82 296 0 335 24
b83 216 0 257 37
b84 27 500 65 534
b85 342 98 385 132
b86 410 240 449 284
b87 486 366 534 411
b88 158 111 202 140
b89 480 44 522 64
b90 481 342 527 366
b91 158 168 201 189
b92 101 434 148 479
b93 321 53 341 77
b94 439 409 458 440
b95 137 219 181 256
b96 70 370 103 416
b97 303 332 343 347
b98 228 189 263 202
b99 304 38 321 78
b100 473 0 518 44
b101 482 291 512 327
b102 65 500 105 536
b103 494 175 528 209
b104 442 122 484 136
b105 96 191 131 224
b106 423 16 435 49
b107 89 286 104 318
b108 48 80 86 117
b109 117 30 159 76
b110 302 90 341 132
b111 44 404 65 417
b112 286 459 311 489
b113 262 491 298 515
b114 395 499 439 533
b115 148 451 170 485
b116 243 478 262 506
b117 247 168 286 189
b118 435 0 473 44
b119 458 397 486 442
b120 0 239 36 275
b121 109 341 147 375
b122 0 116 43 136
b123 109 390 145 413
b124 367 461 402 492
b125 341 28 387 70
b126 375 509 387 531
b127 47 321 90 346
b128 318 376 362 404
b129 297 264 319 298
b130 182 523 212 549
b131 211 358 259 403
b132 398 99 437 117
b133 355 195 398 210
b134 135 514 182 548
b135 236 143 281 158
b136 201 314 213 351
b137 0 211 21 239
b138 343 222 371 264
b139 371 226 408 262
b140 348 296 360 339
b141 528 162 547 207
b142 303 347 340 374
b143 425 327 450 351
b144 101 479 141 494
b145 362 407 407 420
b146 298 522 346 555
b147 105 494 135 536
b148 189 355 209 373
b149 420 117 442 164
b150 370 264 401 287
b151 147 355 189 373
b152 201 58 217 77
b153 117 106 158 136
b154 0 99 22 116
b155 304 24 329 38
b156 494 233 510 261
b157 295 189 320 209
b158 202 93 215 116
b159 391 424 435 456
b160 343 264 370 280
b161 427 351 474 397
b162 318 438 349 456
b163 435 44 468 66
b164 519 411 560 447
b165 161 52 182 69
b166 202 126 236 162
b167 456 223 493 259
b168 383 287 407 328
b169 70 346 109 370
b170 346 509 375 554
b171 250 78 272 118
b172 259 459 286 472
b173 217 58 249 83
b174 112 136 155 152
b175 202 77 217 93
b176 263 222 301 255
b177 67 249 108 286
b178 48 117 67 134
b179 61 136 95 182
b180 481 481 521 500
b181 145 375 175 403
b182 319 254 343 299
b183 259 426 298 459
b184 272 67 297 113
b185 376 376 410 403
b186 0 424 31 457
b187 456 187 494 223
b188 212 523 252 560
b189 398 192 442 204
b190 181 254 218 281
b191 263 255 297 271
b192 487 133 535 162
b193 346 492 379 509
b194 487 162 515 175
b195 481 463 514 476
b196 175 403 216 444
b197 108 261 136 298
b198 272 313 320 332
b199 389 328 425 359
b200 402 456 439 499
b201 486 262 512 291
b202 478 70 512 109
b203 0 382 28 397
b204 175 444 216 477
b205 486 448 507 463
b206 47 286 89 321
b207 341 0 374 28
b208 170 477 197 497
b209 442 151 487 187
b210 343 156 367 169
b211 419 0 431 16
b212 297 379 318 421
b213 298 421 312 453
b214 487 109 514 126
b215 158 189 179 218
b216 439 487 481 506
b217 228 202 276 222
b218 387 533 430 548
b219 239 403 257 431
b220 117 0 154 30
b221 45 346 58 391
b222 236 118 270 143
b223 262 472 284 491
b224 103 413 148 434
b225 259 379 297 426
b226 257 0 296 16
b227 514 262 546 275
b228 249 58 270 78
b229 343 132 391 156
b230 217 83 250 113
b231 410 284 440 300
b232 349 438 391 461
b233 379 492 395 505
b234 311 456 329 489
b235 201 162 247 184
b236 31 424 70 451
b237 216 37 256 58
b238 407 300 446 327
b239 131 179 153 219
b240 161 29 180 52
b241 45 391 69 404
b242 398 117 420 157
b243 181 189 215 226
b244 442 109 479 122
b245 494 209 530 233
b246 360 296 383 340
b247 218 291 257 327
b248 50 469 93 500
b249 0 511 27 546
b250 70 416 101 450
b251 270 24 304 67
b252 276 189 295 217
b253 322 166 337 179
b254 0 136 24 149
b255 48 41 95 80
b256 215 113 236 126
b257 201 281 218 314
b258 514 89 548 133
b259 456 280 482 292
b260 435 397 454 409
b261 58 346 70 391
b262 148 403 175 451
b263 0 294 47 340
b264 392 76 437 99
b265 442 136 487 151
b266 218 243 263 291
b267 303 132 342 166
b268 52 211 77 233
b269 534 356 552 393
b270 108 298 123 321
b271 137 256 179 280
b272 0 476 24 511
b273 368 174 398 195
b274 40 136 61 169
b275 0 397 28 419
b276 362 376 376 407
b277 342 86 389 98
b278 83 182 96 224
b279 216 439 259 478
b280 36 261 67 283
b281 449 292 479 310
b282 117 76 161 106
b283 215 184 228 199
b284 456 259 486 280
b285 0 86 33 99
b286 464 506 500 547
b287 161 69 182 111
b288 175 373 211 401
b289 486 411 519 448
b290 362 420 389 436
b291 158 140 201 168
b292 534 317 558 356
b293 182 36 201 79
b294 170 497 196 514
b295 297 299 340 312
b296 50 451 77 467
b297 450 310 481 348
b298 514 448 554 481
b299 63 233 76 246
