232652.296875
235702
205205
455 451
3.673204
b0 338 111 371 154
b1 278 340 315 405
b2 90 0 143 34
b3 0 266 37 333
b4 320 328 349 347
b5 297 0 346 39
b6 415 332 455 350
b7 221 303 243 343
b8 109 121 171 171
b9 156 33 172 74
b10 199 39 251 57
b11 41 322 100 361
b12 251 39 312 67
b13 233 191 290 239
b14 199 107 262 150
b15 395 280 454 332
b16 262 150 319 186
b17 94 255 160 299
b18 72 171 120 222
b19 0 393 50 424
b20 72 151 109 170
b21 124 358 188 408
b22 0 197 34 246
b23 371 111 391 160
b24 299 278 327 323
b25 243 0 297 39
b26 50 361 105 401
b27 312 39 377 64
b28 320 381 366 420
b29 263 67 325 91
b30 239 67 263 93
b31 72 87 106 113
b32 295 186 338 239
b33 120 194 155 216
b34 24 52 51 106
b35 72 56 110 87
b36 263 111 330 150
b37 394 144 454 164
b38 238 239 295 262
b39 0 0 55 52
b40 320 347 349 373
b41 0 424 55 451
b42 0 106 62 159
b43 160 280 221 326
b44 366 381 431 428
b45 238 262 282 285
b46 346 0 368 39
b47 93 222 158 255
b48 42 159 69 216
b49 325 64 390 111
b50 189 326 221 393
b51 263 409 320 447
b52 100 299 145 353
b53 51 63 72 106
b54 238 285 299 303
b55 338 160 394 194
b56 55 0 72 63
b57 72 0 90 47
b58 110 34 156 68
b59 55 401 105 438
b60 120 171 160 194
b61 327 295 350 328
b62 172 33 191 93
b63 350 295 395 331
b64 110 74 160 121
b65 37 266 94 322
b66 172 191 233 258
b67 405 164 449 204
b68 391 20 443 83
b69 34 222 88 249
b70 221 409 263 451
b71 320 428 384 450
b72 391 83 452 144
b73 338 194 405 255
b74 0 159 42 197
b75 405 204 433 223
b76 172 155 194 188
b77 221 343 278 409
b78 145 326 181 358
b79 0 333 41 393
b80 263 91 321 107
b81 199 57 239 107
b82 405 223 452 280
b83 90 34 106 56
b84 171 258 238 280
b85 390 0 415 20
b86 243 303 299 340
b87 199 0 243 39
b88 0 52 24 89
b89 72 113 99 151
b90 295 239 328 278
b91 143 0 199 33
b92 0 246 26 262
b93 124 408 189 443
b94 199 150 258 191
b95 105 353 124 404
b96 328 255 394 295
b97 26 249 93 266
b98 172 93 194 155
b99 349 332 415 381
