235199.9453125
238431.5
206116
454 454
7.562641
b0 312 287 355 320
b1 319 124 384 161
b2 254 255 307 289
b3 151 54 188 121
b4 0 198 29 217
b5 409 66 448 115
b6 196 102 236 120
b7 83 341 123 363
b8 101 0 151 62
b9 319 183 360 199
b10 379 257 431 275
b11 245 66 284 125
b12 22 338 83 366
b13 312 230 360 287
b14 151 202 194 265
b15 389 171 448 223
b16 147 324 204 360
b17 379 383 445 427
b18 151 154 202 202
b19 315 199 365 230
b20 370 47 389 84
b21 0 0 64 50
b22 285 46 319 95
b23 295 95 315 144
b24 202 164 247 192
b25 241 125 295 164
b26 162 399 202 454
b27 247 164 312 189
b28 312 387 358 426
b29 250 341 312 365
b30 64 91 90 115
b31 188 120 214 154
b32 211 192 254 245
b33 319 161 354 183
b34 0 171 54 198
b35 87 363 125 394
b36 136 360 203 399
b37 389 72 409 132
b38 90 318 147 341
b39 96 62 151 114
b40 205 337 234 363
b41 178 269 205 324
b42 54 140 107 202
b43 0 399 61 445
b44 379 336 444 383
b45 214 120 237 164
b46 97 394 136 416
b47 22 366 87 399
b48 151 265 178 322
b49 389 0 454 47
b50 64 24 96 91
b51 334 320 372 377
b52 151 0 196 54
b53 42 115 85 136
b54 319 0 337 61
b55 365 223 421 257
b56 0 271 63 288
b57 370 0 388 47
b58 285 0 319 46
b59 211 287 248 337
b60 372 427 412 450
b61 151 121 174 154
b62 250 365 310 384
b63 196 66 241 102
b64 0 288 50 335
b65 0 50 57 106
b66 29 202 90 269
b67 337 84 381 124
b68 248 289 311 341
b69 0 217 27 271
b70 211 245 253 287
b71 129 153 151 217
b72 250 384 311 445
b73 379 275 446 336
b74 0 106 42 144
b75 409 47 437 66
b76 107 153 129 186
b77 254 189 311 255
b78 61 399 97 431
b79 90 217 131 277
b80 131 217 147 275
b81 50 288 90 338
b82 203 363 250 420
b83 0 335 22 351
b84 312 320 334 387
b85 389 47 409 72
b86 409 115 446 171
b87 107 114 151 153
b88 64 0 101 24
b89 0 144 38 171
b90 203 420 242 453
b91 337 0 370 56
b92 90 114 106 140
b93 97 416 162 451
b94 90 277 149 318
b95 360 257 379 308
b96 245 0 285 66
b97 194 202 211 269
b98 365 161 387 223
b99 196 0 245 66
