450988.25
588938.5
313038
558 561
461.372137
b0 455 211 470 238
b1 347 69 363 96
b2 280 256 302 282
b3 263 128 284 173
b4 225 397 270 437
b5 0 524 26 540
b6 200 216 227 254
b7 145 357 180 386
b8 186 357 222 378
b9 455 507 499 532
b10 280 282 311 297
b11 195 463 219 504
b12 161 269 180 286
b13 227 240 275 273
b14 304 88 325 132
b15 256 321 271 355
b16 48 519 93 561
b17 402 0 443 37
b18 334 285 378 328
b19 352 372 375 408
b20 195 525 208 542
b21 302 254 346 282
b22 149 110 184 139
b23 185 27 225 44
b24 428 40 452 58
b25 84 0 113 43
b26 272 52 299 70
b27 111 104 149 144
b28 116 245 128 269
b29 152 214 182 243
b30 518 188 538 216
b31 159 141 195 173
b32 518 216 540 235
b33 395 393 441 438
b34 227 340 256 352
b35 392 455 418 467
b36 226 105 256 132
b37 263 207 275 236
b38 116 159 137 178
b39 34 133 46 146
b40 93 388 112 435
b41 316 372 352 391
b42 0 400 25 446
b43 230 201 251 240
b44 0 124 27 148
b45 152 286 177 310
b46 325 231 344 244
b47 511 130 553 170
b48 320 466 354 494
b49 52 277 76 325
b50 256 105 270 124
b51 268 0 282 16
b52 227 303 264 321
b53 378 317 414 329
b54 227 273 261 303
b55 115 386 146 412
b56 459 390 505 421
b57 64 341 112 388
b58 185 0 210 25
b59 225 132 263 179
b60 113 88 152 104
b61 452 118 483 163
b62 441 333 487 369
b63 288 165 324 211
b64 535 282 550 315
b65 172 470 195 483
b66 0 0 45 42
b67 345 207 378 221
b68 483 106 511 151
b69 272 16 299 52
b70 275 211 291 256
b71 418 202 452 234
b72 316 391 348 406
b73 361 500 407 512
b74 138 481 172 524
b75 418 277 455 297
b76 76 305 115 341
b77 182 214 200 254
b78 0 446 16 488
b79 160 0 185 40
b80 108 519 123 555
b81 138 449 153 481
b82 407 178 446 202
b83 226 68 267 105
b84 36 243 74 277
b85 291 211 325 254
b86 45 0 84 44
b87 0 42 45 90
b88 325 178 369 207
b89 367 27 387 69
b90 362 144 408 168
b91 418 486 461 507
b92 511 237 558 282
b93 325 207 345 231
b94 64 68 95 87
b95 113 12 157 49
b96 0 148 46 181
b97 452 40 492 55
b98 367 69 380 104
b99 380 104 397 144
b100 299 24 343 69
b101 455 297 485 333
b102 363 512 399 552
b103 0 90 34 124
b104 71 87 113 101
b105 481 184 516 217
b106 397 104 409 137
b107 93 519 108 551
b108 77 268 115 305
b109 316 408 358 454
b110 113 49 155 88
b111 123 524 144 537
b112 177 286 207 311
b113 318 494 354 518
b114 93 485 137 519
b115 265 535 299 557
b116 222 523 241 551
b117 492 71 531 92
b118 485 282 529 320
b119 178 44 223 72
b120 509 35 545 71
b121 73 101 111 135
b122 81 176 101 219
b123 172 483 195 519
b124 361 457 392 492
b125 325 96 367 142
b126 116 296 128 318
b127 0 296 25 339
b128 290 491 318 535
b129 455 263 477 297
b130 290 433 316 463
b131 240 437 288 482
b132 389 37 428 55
b133 471 421 514 436
b134 144 524 191 558
b135 101 176 116 221
b136 251 201 263 238
b137 15 181 36 209
b138 0 339 42 367
b139 325 142 362 178
b140 442 234 454 277
b141 36 181 81 200
b142 271 297 308 324
b143 343 27 367 52
b144 42 325 57 365
b145 419 333 432 378
b146 407 507 455 540
b147 0 254 30 296
b148 207 282 225 302
b149 176 335 223 357
b150 341 349 372 372
b151 222 437 240 479
b152 45 44 64 60
b153 36 213 77 243
b154 343 52 365 69
b155 306 466 320 491
b156 387 55 403 83
b157 455 238 475 263
b158 361 434 374 457
b159 16 446 48 490
b160 210 0 226 27
b161 226 21 272 68
b162 116 278 147 296
b163 230 179 263 201
b164 271 350 312 386
b165 195 504 212 525
b166 116 197 152 231
b167 418 297 455 333
b168 309 0 350 24
b169 161 190 200 214
b170 93 456 138 485
b171 137 144 159 184
b172 263 482 290 495
b173 265 495 290 527
b174 240 352 256 395
b175 64 388 80 403
b176 284 132 322 165
b177 146 408 183 449
b178 45 60 64 77
b179 461 461 495 507
b180 495 436 514 476
b181 73 135 103 163
b182 64 44 109 68
b183 31 367 64 406
b184 382 168 407 214
b185 345 221 379 248
b186 0 367 31 400
b187 511 92 547 130
b188 418 449 458 486
b189 375 348 419 360
b190 346 248 373 285
b191 112 412 146 428
b192 452 163 481 211
b193 346 518 363 551
b194 458 421 471 449
b195 207 87 220 120
b196 222 482 263 523
b197 318 518 346 555
b198 299 69 347 88
b199 410 81 446 112
b200 34 90 71 133
b201 409 152 438 178
b202 270 89 304 128
b203 0 181 15 209
b204 375 360 416 393
b205 207 120 222 141
b206 476 0 518 35
b207 483 151 511 184
b208 193 436 213 463
b209 0 209 36 254
b210 367 104 380 128
b211 492 92 508 104
b212 48 498 90 519
b213 116 231 148 245
b214 492 35 509 62
b215 116 363 145 384
b216 375 393 394 435
b217 470 217 518 237
b218 441 406 456 449
b219 160 40 178 68
b220 200 179 230 216
b221 116 184 161 197
b222 263 173 288 207
b223 261 273 280 295
b224 93 435 138 456
b225 160 72 207 110
b226 161 174 200 190
b227 389 0 402 32
b228 374 435 395 455
b229 177 311 225 335
b230 195 141 225 174
b231 128 245 144 275
b232 271 327 313 350
b233 256 355 269 371
b234 459 369 492 387
b235 131 310 177 332
b236 183 409 222 436
b237 153 449 193 470
b238 350 0 389 27
b239 30 277 52 317
b240 227 321 250 340
b241 131 332 144 356
b242 146 386 186 408
b243 477 237 511 274
b244 369 168 382 205
b245 514 421 538 457
b246 403 58 447 81
b247 382 214 418 253
b248 514 390 557 421
b249 25 419 60 446
b250 186 378 220 409
b251 409 118 452 152
b252 267 70 295 89
b253 116 144 129 159
b254 128 296 152 309
b255 77 221 116 268
b256 31 406 52 419
b257 144 245 161 278
b258 0 490 44 524
b259 256 371 268 397
b260 446 106 465 118
b261 316 454 361 466
b262 46 133 73 181
b263 270 386 316 433
b264 311 282 334 327
b265 116 318 131 363
b266 447 58 492 106
b267 378 283 417 317
b268 471 436 493 461
b269 441 369 459 406
b270 161 254 184 269
b271 48 446 90 470
b272 241 523 265 558
b273 341 328 371 349
b274 392 467 413 500
b275 48 470 70 498
b276 184 110 198 141
b277 113 0 160 12
b278 73 163 115 176
b279 492 351 535 390
b280 145 332 176 354
b281 518 170 548 188
b282 373 253 417 283
b283 207 72 220 87
b284 380 83 410 104
b285 36 200 69 213
b286 499 476 535 517
b287 226 0 268 21
b288 313 328 341 364
b289 60 406 93 443
b290 282 0 309 16
b291 184 254 227 282
b292 418 234 442 273
b293 375 329 418 348
b294 358 408 375 434
b295 227 352 240 395
b296 290 463 306 490
b297 487 320 525 351
b298 443 0 476 40
b299 395 438 408 451
