317574.75
433099.5
202050
450 449
56.454073
b0 170 122 186 158
b1 80 74 119 93
b2 251 198 292 233
b3 390 296 437 314
b4 373 0 399 32
b5 219 267 250 302
b6 186 116 215 129
b7 116 112 137 140
b8 21 349 36 381
b9 119 222 165 256
b10 83 209 115 254
b11 344 303 380 317
b12 12 0 54 36
b13 251 153 299 198
b14 144 19 159 44
b15 0 261 45 307
b16 138 182 160 200
b17 356 41 389 67
b18 389 68 423 87
b19 14 198 44 210
b20 321 351 349 384
b21 250 373 294 412
b22 34 157 60 196
b23 182 301 207 341
b24 401 167 426 182
b25 141 298 177 334
b26 76 391 119 416
b27 36 388 70 403
b28 324 92 370 130
b29 34 109 71 121
b30 165 222 182 249
b31 219 221 235 258
b32 159 19 182 51
b33 60 157 78 193
b34 328 384 347 422
b35 186 286 219 301
b36 172 406 200 418
b37 0 352 21 368
b38 186 260 219 286
b39 138 256 180 286
b40 96 46 137 74
b41 85 314 101 330
b42 71 118 115 137
b43 370 112 410 146
b44 0 307 27 323
b45 0 166 14 203
b46 330 219 345 267
b47 322 130 345 144
b48 78 137 102 163
b49 40 43 80 74
b50 291 48 324 90
b51 294 341 321 389
b52 85 287 122 314
b53 115 140 133 157
b54 76 375 119 391
b55 235 221 248 267
b56 36 349 58 374
b57 232 105 251 153
b58 64 212 83 253
b59 186 70 232 116
b60 142 334 172 369
b61 96 13 130 46
b62 377 375 422 412
b63 232 70 247 105
b64 251 106 299 153
b65 186 162 219 192
b66 139 122 170 153
b67 200 412 244 449
b68 377 412 412 436
b69 215 374 234 412
b70 299 144 335 158
b71 337 317 379 351
b72 85 254 119 287
b73 46 234 64 272
b74 186 217 215 235
b75 153 418 180 441
b76 141 286 155 298
b77 0 381 24 397
b78 410 87 436 130
b79 119 200 156 219
b80 180 418 195 432
b81 14 166 34 198
b82 120 413 153 445
b83 122 287 141 324
b84 172 369 215 406
b85 258 0 295 48
b86 297 238 321 262
b87 292 428 337 447
b88 172 341 215 369
b89 0 0 12 35
b90 76 330 100 375
b91 345 209 389 237
b92 186 0 228 24
b93 319 0 340 43
b94 228 43 244 58
b95 374 87 410 112
b96 345 278 390 303
b97 186 192 214 217
b98 44 196 70 212
b99 34 137 71 157
b100 186 235 213 260
b101 0 61 40 109
b102 137 51 175 76
b103 219 153 251 185
b104 80 93 116 118
b105 100 335 142 366
b106 294 389 328 428
b107 58 343 74 388
b108 248 245 281 257
b109 164 186 186 198
b110 76 416 120 439
b111 410 130 423 148
b112 83 163 101 209
b113 349 397 377 440
b114 389 37 428 56
b115 399 0 429 37
b116 250 412 292 449
b117 52 306 76 343
b118 412 314 447 353
b119 102 172 138 196
b120 307 90 322 135
b121 380 314 412 359
b122 228 0 258 43
b123 319 267 332 302
b124 250 257 289 270
b125 299 183 327 201
b126 390 209 428 237
b127 30 307 52 331
b128 219 185 244 221
b129 119 369 165 413
b130 404 249 449 293
b131 119 76 139 112
b132 292 222 330 238
b133 281 238 295 250
b134 219 302 248 318
b135 102 157 139 172
b136 401 148 425 167
b137 30 331 52 349
b138 428 209 450 239
b139 40 74 71 107
b140 291 90 307 102
b141 425 130 450 164
b142 0 234 46 261
b143 247 48 291 94
b144 139 153 164 182
b145 292 307 337 341
b146 367 146 401 179
b147 219 116 231 147
b148 378 179 395 204
b149 36 212 58 234
b150 0 323 30 336
b151 377 359 404 375
b152 186 129 219 162
b153 251 94 291 106
b154 0 403 44 445
b155 228 58 241 70
b156 144 0 186 19
b157 389 56 431 68
b158 361 179 378 207
b159 0 210 36 234
b160 330 183 342 219
b161 119 256 138 287
b162 390 237 420 249
b163 139 76 186 122
b164 401 182 433 209
b165 340 0 373 41
b166 234 374 246 410
b167 390 249 404 296
b168 337 67 374 92
b169 349 351 377 397
b170 297 262 319 307
b171 215 340 250 374
b172 0 36 31 61
b173 207 318 249 340
b174 422 353 447 373
b175 332 267 344 301
b176 34 121 54 137
b177 292 201 323 222
b178 0 336 20 352
b179 345 237 390 278
b180 101 314 120 335
b181 250 342 292 357
b182 248 233 281 245
b183 250 357 287 373
b184 337 43 356 63
b185 324 43 337 87
b186 96 0 144 13
b187 160 198 182 222
b188 295 0 319 40
b189 0 146 31 166
b190 0 109 34 146
b191 250 305 292 342
b192 164 158 186 186
b193 54 0 96 43
b194 186 24 228 67
b195 299 158 335 183
b196 345 170 361 209
b197 250 270 297 305
b198 345 130 367 170
b199 45 272 85 306
