2327591.25
3441142.5
1214040
302 4020
921.637714
b0 46 3151 73 3166
b1 54 3628 81 3644
b2 126 731 148 757
b3 85 1621 106 1666
b4 156 788 196 833
b5 114 1533 130 1559
b6 138 891 176 918
b7 84 2173 119 2202
b8 68 35 89 71
b9 85 1915 129 1940
b10 167 936 182 967
b11 146 2883 187 2907
b12 89 1811 106 1830
b13 24 2812 57 2860
b14 85 1600 129 1621
b15 145 462 179 477
b16 40 1600 85 1642
b17 72 3227 113 3264
b18 29 3855 72 3899
b19 85 1746 121 1769
b20 75 2823 88 2840
b21 158 1175 186 1219
b22 75 2794 110 2823
b23 121 1746 161 1763
b24 40 2021 58 2045
b25 178 636 207 679
b26 40 3985 67 4003
b27 29 3899 67 3939
b28 0 3279 24 3291
b29 89 1014 118 1044
b30 54 2326 74 2354
b31 29 3819 61 3855
b32 120 983 139 1005
b33 138 845 183 891
b34 27 2148 56 2160
b35 64 2073 76 2099
b36 143 2023 170 2053
b37 60 3227 72 3256
b38 51 2570 72 2589
b39 51 3747 63 3760
b40 137 2679 156 2726
b41 96 2761 132 2780
b42 92 845 138 870
b43 158 1219 197 1240
b44 24 3212 51 3236
b45 178 298 202 323
b46 146 1240 165 1253
b47 107 2439 149 2479
b48 120 932 148 966
b49 92 932 116 980
b50 93 2780 112 2794
b51 117 12 131 28
b52 40 2130 77 2148
b53 117 0 153 12
b54 61 3785 91 3819
b55 124 1940 150 1971
b56 201 52 247 83
b57 151 2907 198 2955
b58 54 3684 79 3709
b59 98 2401 145 2439
b60 179 323 218 339
b61 29 3258 60 3303
b62 105 3300 151 3336
b63 86 1408 122 1454
b64 51 3212 84 3227
b65 82 1956 95 1979
b66 56 2241 98 2286
b67 117 28 131 61
b68 117 462 145 507
b69 179 679 215 706
b70 91 2286 107 2331
b71 29 3596 63 3628
b72 99 1346 131 1361
b73 131 2023 143 2069
b74 197 195 240 229
b75 90 3406 110 3443
b76 92 3264 131 3300
b77 94 2479 134 2497
b78 82 1940 124 1956
b79 107 2858 147 2883
b80 126 1285 162 1300
b81 92 870 107 902
b82 86 1384 125 1408
b83 131 2069 168 2110
b84 178 598 212 636
b85 185 530 219 573
b86 106 1678 145 1722
b87 156 1481 201 1529
b88 89 2570 118 2614
b89 85 1769 105 1811
b90 91 3713 137 3737
b91 110 3369 153 3390
b92 153 395 198 442
b93 157 477 177 501
b94 47 3960 78 3979
b95 60 3369 104 3406
b96 68 1533 114 1566
b97 117 507 157 522
b98 94 2439 107 2474
b99 0 3985 40 4002
b100 192 442 236 487
b101 145 1678 175 1714
b102 67 3030 107 3066
b103 29 3490 63 3524
b104 107 918 149 932
b105 139 1109 174 1142
b106 192 936 204 969
b107 123 2008 155 2023
b108 51 3709 88 3747
b109 40 1927 82 1973
b110 129 1636 168 1678
b111 98 2008 111 2029
b112 24 3628 54 3653
b113 135 707 171 731
b114 142 1018 176 1062
b115 64 2051 98 2073
b116 89 1327 117 1346
b117 150 1763 189 1784
b118 148 967 192 1005
b119 73 3151 101 3196
b120 49 2354 85 2390
b121 129 1598 163 1636
b122 131 442 174 462
b123 70 2534 93 2570
b124 233 83 264 118
b125 163 1529 209 1571
b126 135 522 157 534
b127 59 3420 84 3463
b128 135 679 179 707
b129 72 2654 106 2676
b130 201 83 231 109
b131 254 0 302 45
b132 77 3850 95 3889
b133 82 2008 97 2051
b134 101 3066 135 3113
b135 40 1897 85 1912
b136 72 3838 109 3850
b137 51 2784 72 2812
b138 51 2756 93 2784
b139 178 261 214 298
b140 125 1384 137 1427
b141 24 3774 43 3819
b142 83 2497 110 2534
b143 56 3760 80 3785
b144 177 477 192 517
b145 27 43 40 88
b146 131 323 179 356
b147 126 788 156 830
b148 57 2812 75 2832
b149 40 1875 87 1897
b150 94 3583 117 3614
b151 68 71 86 113
b152 89 1044 105 1063
b153 27 0 68 30
b154 120 966 142 983
b155 72 3312 97 3326
b156 200 863 228 879
b157 57 2968 77 2993
b158 106 1769 129 1782
b159 153 195 197 227
b160 27 2160 54 2176
b161 107 3480 153 3527
b162 0 4002 31 4020
b163 24 3236 57 3258
b164 72 2679 108 2720
b165 69 2901 90 2918
b166 67 3066 101 3102
b167 57 2993 93 3030
b168 101 1492 125 1533
b169 0 39 24 78
b170 29 3524 58 3569
b171 69 2928 91 2968
b172 148 1005 175 1018
b173 92 0 117 32
b174 46 3196 89 3212
b175 186 1032 201 1048
b176 101 1454 134 1492
b177 212 573 253 610
b178 83 3350 100 3369
b179 68 1566 114 1600
b180 51 2429 70 2469
b181 113 1843 143 1871
b182 60 3326 105 3350
b183 27 2390 60 2429
b184 157 573 203 598
b185 24 2429 51 2463
b186 201 0 232 33
b187 67 3113 103 3151
b188 54 2286 91 2326
b189 214 229 258 241
b190 119 2371 156 2398
b191 88 2823 104 2857
b192 0 3819 29 3867
b193 113 3113 146 3130
b194 56 2148 84 2161
b195 40 1642 73 1655
b196 96 2720 137 2761
b197 87 1887 124 1915
b198 153 0 201 19
b199 161 731 192 767
b200 24 3030 67 3067
b201 56 2161 82 2190
b202 63 3544 97 3583
b203 84 3651 99 3679
b204 120 1142 161 1175
b205 126 830 147 845
b206 81 3616 123 3651
b207 68 1454 101 1482
b208 24 3653 51 3673
b209 51 2720 96 2756
b210 148 731 161 755
b211 73 1811 89 1823
b212 105 1285 126 1327
b213 24 3760 56 3774
b214 72 2570 89 2597
b215 0 3258 29 3279
b216 61 3819 103 3838
b217 72 3264 92 3312
b218 110 2794 153 2809
b219 157 530 185 548
b220 90 3443 120 3480
b221 118 1240 131 1285
b222 106 2654 140 2679
b223 73 1843 95 1862
b224 95 1987 140 2008
b225 186 109 233 147
b226 124 1971 163 1987
b227 86 1346 99 1378
b228 77 2968 98 2988
b229 40 1973 64 2021
b230 54 3651 84 3684
b231 84 3480 100 3510
b232 118 2497 160 2520
b233 73 1862 89 1875
b234 167 918 200 936
b235 27 2176 49 2222
b236 0 0 27 39
b237 89 2614 110 2654
b238 129 1559 156 1598
b239 118 1175 158 1197
b240 60 3350 83 3369
b241 232 28 245 52
b242 131 395 153 435
b243 88 3679 125 3713
b244 89 1830 126 1843
b245 106 1722 142 1746
b246 75 2857 98 2901
b247 131 356 167 395
b248 135 598 178 629
b249 176 1005 211 1032
b250 89 980 120 1014
b251 153 227 196 261
b252 144 2830 163 2858
b253 58 3583 73 3596
b254 70 2426 94 2439
b255 131 261 178 300
b256 177 517 198 530
b257 105 3336 122 3369
b258 63 3510 107 3544
b259 87 1875 113 1887
b260 148 932 167 944
b261 57 2832 69 2877
b262 113 3130 140 3178
b263 0 3939 47 3985
b264 99 1361 144 1384
b265 40 1912 85 1927
b266 186 147 231 195
b267 92 541 126 580
b268 24 3067 46 3092
b269 107 2830 144 2848
b270 153 2726 176 2741
b271 247 45 289 69
b272 68 0 92 35
b273 98 2371 119 2401
b274 148 767 181 788
b275 232 0 254 28
b276 59 3406 90 3420
b277 142 1062 154 1109
b278 70 2439 83 2481
b279 84 2130 123 2173
b280 131 1300 162 1322
b281 29 3303 59 3321
b282 183 833 227 863
b283 95 1843 108 1858
b284 47 3939 77 3960
b285 81 3583 94 3616
b286 173 1440 209 1481
b287 110 2809 152 2830
b288 70 2390 98 2426
b289 153 19 186 56
b290 90 2901 106 2928
b291 118 1197 146 1240
b292 82 2202 106 2241
b293 92 522 135 541
b294 156 1440 173 1466
b295 134 1427 177 1440
b296 59 3463 75 3490
b297 58 2099 96 2130
b298 98 2331 131 2371
b299 27 30 40 43
