699440.1171875
709092
612573
339 1807
11.845038
b0 157 454 200 487
b1 190 372 255 409
b2 126 756 179 790
b3 0 22 37 89
b4 172 409 201 428
b5 87 621 126 670
b6 209 344 249 362
b7 0 1548 22 1588
b8 87 812 137 874
b9 162 877 178 918
b10 172 344 190 396
b11 48 1524 87 1583
b12 70 1436 131 1464
b13 0 1491 48 1548
b14 130 568 193 611
b15 193 205 252 257
b16 303 0 339 57
b17 118 874 162 940
b18 168 1212 216 1263
b19 71 1346 102 1396
b20 209 783 246 802
b21 176 0 240 50
b22 0 1706 49 1740
b23 240 0 260 49
b24 233 177 278 205
b25 64 874 118 913
b26 126 716 181 756
b27 22 1548 47 1613
b28 149 1033 188 1079
b29 144 1212 168 1274
b30 172 428 196 454
b31 111 126 137 160
b32 87 568 130 621
b33 47 1605 69 1640
b34 49 1706 76 1760
b35 193 514 224 552
b36 64 1121 103 1188
b37 260 21 280 81
b38 64 57 87 114
b39 176 289 228 344
b40 176 257 202 286
b41 37 1436 64 1491
b42 188 979 250 1032
b43 86 1033 147 1079
b44 87 1497 152 1544
b45 137 487 160 531
b46 125 790 164 812
b47 111 0 176 33
b48 231 428 288 455
b49 162 812 209 877
b50 258 81 325 113
b51 87 670 125 727
b52 131 1354 185 1399
b53 260 0 303 21
b54 240 49 258 110
b55 37 1245 71 1301
b56 176 50 193 113
b57 37 1301 55 1348
b58 103 1121 149 1155
b59 111 531 161 568
b60 86 992 126 1015
b61 130 611 163 634
b62 201 409 261 428
b63 127 1309 163 1354
b64 0 1760 50 1807
b65 149 1090 206 1146
b66 169 918 236 979
b67 55 1396 99 1436
b68 130 653 182 716
b69 250 455 304 482
b70 64 1079 106 1121
b71 0 0 64 22
b72 111 33 172 94
b73 181 716 242 783
b74 163 611 201 653
b75 190 344 209 372
b76 48 1491 70 1524
b77 37 1188 103 1245
b78 202 257 238 289
b79 126 992 186 1033
b80 188 1032 204 1090
b81 193 50 233 100
b82 64 0 111 57
b83 131 110 153 126
b84 48 1583 115 1605
b85 111 94 131 119
b86 71 1309 127 1346
b87 206 1032 245 1076
b88 106 1079 143 1103
b89 193 487 231 514
b90 118 959 157 992
b91 70 1464 126 1497
b92 131 94 157 110
b93 103 1274 168 1309
b94 103 1155 144 1214
b95 118 940 169 959
b96 149 1146 189 1212
b97 240 110 257 177
b98 64 913 86 975
b99 22 1640 71 1706
