1230804
1765374
696234
274 2541
203.457423
b0 124 253 160 269
b1 53 1832 72 1871
b2 65 1418 106 1453
b3 0 2469 18 2516
b4 15 1869 41 1901
b5 69 1099 104 1130
b6 73 1004 102 1017
b7 37 1532 65 1553
b8 37 778 69 793
b9 161 132 207 166
b10 59 2137 104 2169
b11 104 2095 118 2131
b12 93 1532 129 1574
b13 41 2092 89 2137
b14 0 2516 15 2541
b15 135 0 180 46
b16 104 1158 122 1180
b17 105 736 138 762
b18 75 1662 109 1681
b19 149 66 179 78
b20 15 2022 43 2055
b21 114 474 158 513
b22 15 2385 41 2424
b23 69 1316 109 1341
b24 37 2255 62 2270
b25 65 1453 101 1489
b26 61 1590 104 1615
b27 137 269 171 284
b28 91 269 137 307
b29 126 619 138 656
b30 73 1017 90 1044
b31 0 0 37 16
b32 116 893 139 925
b33 124 1158 142 1194
b34 116 825 135 863
b35 0 16 15 49
b36 102 1035 130 1047
b37 80 1718 96 1739
b38 85 619 118 645
b39 95 1739 125 1781
b40 59 645 87 686
b41 79 1399 95 1415
b42 129 1449 148 1493
b43 142 961 182 995
b44 222 0 249 16
b45 41 1911 55 1948
b46 41 1973 89 1988
b47 144 342 167 356
b48 114 1963 138 1989
b49 102 1004 142 1035
b50 111 1228 144 1270
b51 118 426 145 474
b52 135 856 162 893
b53 89 2231 106 2249
b54 170 342 213 358
b55 29 1553 42 1599
b56 128 690 150 715
b57 104 661 123 709
b58 29 1762 48 1803
b59 63 2185 109 2231
b60 105 762 135 797
b61 50 2018 83 2052
b62 138 782 175 827
b63 145 1158 160 1193
b64 138 734 185 782
b65 106 126 136 159
b66 79 1341 110 1372
b67 91 0 135 37
b68 110 1316 145 1340
b69 99 341 118 379
b70 97 925 133 939
b71 128 656 170 690
b72 73 1066 107 1099
b73 213 227 231 265
b74 135 78 164 96
b75 105 709 128 736
b76 107 1781 121 1793
b77 73 785 97 801
b78 59 341 85 384
b79 222 16 241 53
b80 15 16 29 31
b81 171 166 203 186
b82 59 0 91 33
b83 73 2318 92 2355
b84 89 2046 132 2083
b85 75 1681 123 1718
b86 29 1832 53 1856
b87 170 358 215 377
b88 37 1378 65 1421
b89 138 1686 150 1721
b90 41 2231 86 2255
b91 106 541 150 569
b92 69 1180 111 1204
b93 180 95 223 116
b94 91 37 106 53
b95 37 753 73 778
b96 55 1928 80 1973
b97 89 2018 114 2046
b98 118 400 134 426
b99 104 1099 141 1119
b100 62 2255 89 2280
b101 125 1638 165 1686
b102 62 2280 87 2318
b103 73 753 105 785
b104 185 377 221 402
b105 106 1418 148 1449
b106 136 166 170 205
b107 59 686 104 702
b108 42 1662 75 1674
b109 204 22 216 44
b110 110 1340 154 1363
b111 29 1856 47 1869
b112 106 1270 124 1316
b113 106 569 149 597
b114 128 715 167 734
b115 37 2355 74 2385
b116 69 1204 106 1246
b117 180 58 204 95
b118 93 1928 132 1963
b119 109 1602 133 1638
b120 114 1989 129 2034
b121 141 1079 173 1124
b122 50 1988 93 2018
b123 48 1797 61 1832
b124 150 513 163 552
b125 41 2137 59 2165
b126 42 1718 80 1746
b127 105 597 129 619
b128 37 2318 73 2343
b129 95 1372 139 1418
b130 63 1871 107 1916
b131 134 400 170 420
b132 93 1574 131 1590
b133 135 46 149 58
b134 42 1746 71 1762
b135 99 379 114 416
b136 90 1047 114 1066
b137 41 2185 63 2203
b138 91 307 121 329
b139 132 307 165 338
b140 132 1989 144 2005
b141 136 126 161 160
b142 37 1421 64 1467
b143 59 709 105 753
b144 135 827 160 856
b145 104 1124 149 1158
b146 131 205 164 239
b147 132 338 144 369
b148 87 661 104 686
b149 37 0 59 22
b150 135 96 148 126
b151 79 1372 95 1399
b152 91 235 124 268
b153 59 329 99 341
b154 141 1035 183 1079
b155 183 782 195 795
b156 42 1553 61 1595
b157 89 2083 131 2095
b158 15 2055 43 2072
b159 180 22 204 58
b160 133 925 145 961
b161 132 369 151 400
b162 104 1590 134 1602
b163 61 1615 107 1662
b164 61 1553 93 1580
b165 0 2072 41 2105
b166 63 1916 99 1928
b167 124 239 171 253
b168 0 2105 37 2130
b169 99 513 145 541
b170 15 2424 37 2469
b171 15 1988 50 2022
b172 150 690 181 715
b173 180 0 222 22
b174 249 0 274 20
b175 41 2385 75 2397
b176 149 1124 169 1140
b177 85 541 106 572
b178 59 2169 79 2185
b179 202 186 247 227
b180 97 825 116 846
b181 0 2130 15 2172
b182 99 329 132 341
b183 164 116 201 132
b184 85 572 105 591
b185 18 2469 31 2513
b186 111 1180 124 1228
b187 165 318 187 342
b188 106 195 130 235
b189 149 46 180 66
b190 165 284 202 318
b191 37 1341 79 1378
b192 105 797 127 825
b193 64 1489 106 1532
b194 97 961 139 1004
b195 106 159 131 195
b196 87 645 126 661
b197 48 1762 95 1797
b198 41 1871 63 1911
b199 43 2052 77 2092
