543563.5390625
568990.5
314721
561 561
147.637914
b0 181 150 208 165
b1 415 435 442 451
b2 240 353 262 379
b3 388 175 433 196
b4 33 0 78 40
b5 0 118 16 144
b6 80 473 118 500
b7 505 382 540 411
b8 0 220 21 256
b9 469 212 513 237
b10 447 293 478 308
b11 265 175 306 199
b12 297 423 316 440
b13 103 296 151 329
b14 262 402 306 423
b15 447 278 481 293
b16 126 510 171 552
b17 379 104 420 141
b18 420 87 464 130
b19 85 437 108 473
b20 36 102 53 115
b21 74 182 118 210
b22 506 502 541 531
b23 218 513 235 553
b24 395 86 419 104
b25 345 449 388 478
b26 478 376 505 394
b27 418 523 458 561
b28 471 145 483 169
b29 194 199 224 228
b30 79 312 99 340
b31 343 131 379 163
b32 478 354 497 376
b33 118 171 164 216
b34 235 533 264 545
b35 478 297 504 309
b36 410 273 440 300
b37 435 334 447 363
b38 222 303 241 324
b39 101 167 113 180
b40 33 476 80 495
b41 199 494 235 513
b42 388 449 413 495
b43 147 0 168 39
b44 36 452 63 476
b45 180 330 204 355
b46 254 262 273 275
b47 301 465 341 507
b48 518 411 546 445
b49 459 531 507 555
b50 167 138 181 157
b51 518 367 534 381
b52 432 42 469 60
b53 21 242 57 254
b54 160 220 194 250
b55 62 262 93 288
b56 78 0 109 46
b57 388 385 435 433
b58 409 334 434 359
b59 109 0 147 47
b60 106 329 145 345
b61 67 231 112 262
b62 152 294 198 330
b63 55 131 101 167
b64 280 450 313 465
b65 497 354 520 367
b66 277 0 322 42
b67 78 47 111 61
b68 154 463 199 491
b69 352 235 388 262
b70 483 166 528 182
b71 386 141 418 175
b72 72 102 104 117
b73 287 87 333 99
b74 238 207 272 250
b75 314 278 334 315
b76 413 451 452 487
b77 198 244 238 262
b78 0 361 16 403
b79 136 110 176 135
b80 0 449 36 464
b81 144 349 159 381
b82 420 130 459 154
b83 395 0 432 41
b84 28 510 66 544
b85 410 230 444 273
b86 168 0 207 44
b87 466 60 511 108
b88 257 107 301 136
b89 231 44 273 64
b90 367 36 391 82
b91 73 210 116 231
b92 478 309 525 354
b93 470 0 490 24
b94 93 262 112 293
b95 136 66 173 110
b96 241 275 287 308
b97 306 219 346 234
b98 505 411 518 446
b99 387 338 404 378
b100 232 0 277 44
b101 349 512 385 542
b102 24 374 60 414
b103 511 46 545 80
b104 432 0 446 42
b105 0 416 35 449
b106 532 0 544 33
b107 42 182 74 197
b108 470 446 508 483
b109 340 165 386 207
b110 266 360 305 402
b111 241 340 262 353
b112 101 142 131 167
b113 118 458 154 482
b114 159 357 203 391
b115 104 510 126 544
b116 39 291 58 319
b117 301 99 340 120
b118 504 268 548 306
b119 316 402 344 447
b120 131 135 167 171
b121 306 165 340 203
b122 0 13 20 56
b123 0 316 36 339
b124 518 234 553 265
b125 490 0 532 46
b126 231 445 243 467
b127 154 251 179 294
b128 237 149 265 193
b129 204 433 226 467
b130 435 363 461 393
b131 61 340 106 388
b132 301 120 340 138
b133 204 323 219 366
b134 33 55 67 102
b135 208 150 223 195
b136 176 126 213 138
b137 34 254 62 275
b138 274 507 302 549
b139 492 129 528 166
b140 306 207 349 219
b141 447 237 492 256
b142 260 423 297 450
b143 207 0 232 24
b144 55 167 95 182
b145 151 391 164 436
b146 164 391 197 439
b147 0 145 42 175
b148 204 303 222 323
b149 388 230 410 277
b150 492 237 515 268
b151 67 430 85 472
b152 222 324 241 340
b153 0 56 30 97
b154 388 495 410 512
b155 237 193 262 207
b156 464 129 492 145
b157 241 320 266 340
b158 241 250 254 273
b159 204 373 236 417
b160 204 417 231 433
b161 302 512 349 558
b162 42 197 73 215
b163 438 154 471 176
b164 418 487 459 523
b165 55 102 72 123
b166 0 256 34 292
b167 468 407 504 444
b168 236 404 260 445
b169 0 292 39 316
b170 13 175 42 220
b171 112 274 152 296
b172 167 330 180 357
b173 444 205 469 237
b174 36 324 79 340
b175 461 378 477 393
b176 106 345 144 378
b177 265 138 306 175
b178 268 87 287 104
b179 272 199 306 245
b180 506 483 546 502
b181 203 69 231 99
b182 207 24 231 69
b183 340 98 379 131
b184 384 292 409 338
b185 432 60 466 87
b186 0 464 33 495
b187 525 306 561 344
b188 266 320 303 360
b189 181 138 225 150
b190 306 138 343 165
b191 381 433 415 449
b192 433 176 481 205
b193 58 291 75 324
b194 477 394 505 407
b195 301 274 314 307
b196 198 262 239 303
b197 350 207 387 235
b198 111 47 159 66
b199 352 262 383 298
b200 231 64 268 107
b201 404 359 433 385
b202 333 59 367 98
b203 0 543 28 558
b204 72 61 105 102
b205 388 277 409 292
b206 118 216 160 251
b207 118 482 151 510
b208 16 118 36 145
b209 395 41 431 86
b210 273 262 297 275
b211 518 182 530 198
b212 236 107 257 149
b213 352 298 384 312
b214 534 80 551 107
b215 243 450 264 479
b216 179 250 198 292
b217 85 388 105 436
b218 33 40 76 55
b219 305 337 333 355
b220 481 182 518 212
b221 16 361 61 374
b222 181 165 206 199
b223 145 330 167 349
b224 108 437 153 458
b225 306 355 344 402
b226 198 228 237 244
b227 313 447 345 460
b228 418 154 438 175
b229 154 439 202 463
b230 435 405 468 435
b231 243 479 273 495
b232 112 251 154 274
b233 264 450 280 463
b234 222 340 240 373
b235 21 220 67 242
b236 204 467 243 494
b237 306 234 327 274
b238 274 465 301 504
b239 104 102 126 142
b240 481 278 504 297
b241 0 403 24 416
b242 447 256 487 278
b243 410 300 447 334
b244 223 150 236 187
b245 518 445 542 481
b246 327 234 350 278
b247 334 312 373 348
b248 447 308 478 351
b249 0 508 27 543
b250 105 66 136 100
b251 344 348 387 382
b252 75 293 103 312
b253 365 21 378 36
b254 236 391 260 404
b255 459 483 506 522
b256 0 495 21 508
b257 28 340 61 357
b258 341 478 385 512
b259 435 393 461 405
b260 240 379 259 391
b261 241 308 286 320
b262 176 99 224 126
b263 171 513 218 559
b264 511 80 534 125
b265 106 409 151 424
b266 277 42 325 87
b267 388 196 427 230
b268 303 315 328 337
b269 452 444 470 481
b270 28 495 51 510
b271 61 388 85 430
b272 80 500 104 535
b273 164 199 194 220
b274 0 97 33 118
b275 0 339 28 361
b276 72 117 103 131
b277 254 250 301 262
b278 0 175 13 217
b279 345 382 388 421
b280 36 430 67 452
b281 334 278 352 308
b282 173 44 203 88
b283 505 367 518 382
b284 365 0 395 21
b285 0 0 33 13
b286 518 198 559 234
b287 466 108 508 129
b288 345 421 381 449
b289 385 512 418 549
b290 461 351 477 378
b291 106 381 149 409
b292 446 0 470 39
b293 322 0 365 19
b294 164 171 181 197
b295 105 424 148 437
b296 34 275 61 291
b297 243 495 274 533
b298 325 19 358 59
b299 42 115 55 128
