428778.75
543397.5
314160
560 561
433.443336
b0 410 321 425 348
b1 295 373 322 389
b2 88 106 114 128
b3 365 324 410 345
b4 88 0 128 45
b5 13 304 39 320
b6 137 159 164 197
b7 436 524 471 553
b8 112 180 133 216
b9 124 493 149 537
b10 295 358 326 373
b11 13 320 37 361
b12 179 254 196 273
b13 176 138 224 171
b14 278 208 299 252
b15 431 385 446 419
b16 173 477 218 519
b17 435 61 476 98
b18 365 345 408 389
b19 259 409 295 432
b20 161 423 174 440
b21 271 115 299 159
b22 411 439 446 468
b23 510 339 550 356
b24 417 53 435 77
b25 389 19 432 48
b26 390 272 417 290
b27 364 408 404 446
b28 299 230 323 242
b29 141 87 171 116
b30 332 259 360 279
b31 299 116 331 152
b32 510 401 532 420
b33 134 197 179 243
b34 274 46 286 75
b35 332 279 358 291
b36 411 492 441 519
b37 446 417 475 429
b38 244 208 265 227
b39 134 262 147 274
b40 124 537 171 556
b41 417 272 436 308
b42 13 34 38 80
b43 392 209 413 248
b44 13 361 37 388
b45 411 468 436 492
b46 377 238 390 257
b47 515 166 557 206
b48 307 489 341 517
b49 211 425 259 449
b50 171 124 190 138
b51 446 385 460 401
b52 323 177 341 214
b53 225 188 261 200
b54 179 207 209 241
b55 13 121 44 147
b56 109 45 140 91
b57 364 446 411 494
b58 411 519 436 544
b59 114 446 152 493
b60 449 304 465 343
b61 429 135 474 166
b62 225 115 271 151
b63 179 171 225 207
b64 475 417 508 432
b65 283 432 296 455
b66 515 206 560 248
b67 495 0 509 33
b68 296 423 341 451
b69 446 429 473 465
b70 341 493 357 538
b71 458 27 490 61
b72 134 279 166 294
b73 383 135 429 147
b74 90 515 124 558
b75 326 369 363 389
b76 307 453 346 489
b77 346 453 364 493
b78 37 335 79 351
b79 37 442 77 467
b80 13 168 49 183
b81 198 316 230 331
b82 250 76 274 115
b83 298 0 335 41
b84 13 270 51 304
b85 231 288 274 322
b86 429 166 473 205
b87 511 248 559 293
b88 354 122 383 166
b89 364 533 406 553
b90 331 53 377 77
b91 80 494 123 515
b92 510 356 557 401
b93 225 76 249 96
b94 378 389 409 408
b95 0 433 37 477
b96 231 255 277 288
b97 261 193 301 208
b98 460 353 473 388
b99 377 91 417 108
b100 294 517 339 561
b101 475 432 505 468
b102 173 519 213 555
b103 508 98 542 132
b104 335 39 377 53
b105 99 216 134 249
b106 509 0 542 12
b107 109 91 141 106
b108 256 519 294 556
b109 140 45 186 87
b110 335 0 377 39
b111 79 251 92 272
b112 172 0 197 30
b113 342 202 366 238
b114 80 450 114 494
b115 164 305 198 327
b116 134 243 162 262
b117 377 48 416 69
b118 465 315 509 353
b119 337 324 365 369
b120 259 357 295 393
b121 187 90 225 124
b122 57 175 77 218
b123 0 410 36 433
b124 77 180 112 211
b125 256 0 298 46
b126 249 449 261 471
b127 37 417 80 442
b128 46 515 90 543
b129 261 432 283 466
b130 404 409 430 439
b131 86 360 134 405
b132 186 72 225 90
b133 383 147 426 162
b134 134 370 181 404
b135 277 321 322 336
b136 164 159 176 196
b137 13 147 41 168
b138 211 397 253 425
b139 436 98 472 135
b140 465 225 477 268
b141 355 77 374 122
b142 232 357 259 394
b143 293 159 318 183
b144 134 355 174 370
b145 294 472 307 517
b146 325 291 373 324
b147 79 330 121 360
b148 466 205 484 225
b149 301 183 323 230
b150 341 422 364 453
b151 68 360 86 402
b152 323 161 342 177
b153 134 294 164 335
b154 283 455 305 472
b155 225 96 250 110
b156 420 104 436 132
b157 305 291 325 316
b158 114 106 137 119
b159 57 143 101 175
b160 417 77 433 104
b161 511 293 558 339
b162 37 351 68 369
b163 408 362 441 384
b164 512 469 553 505
b165 88 45 109 62
b166 13 183 49 217
b167 472 98 508 135
b168 432 0 456 41
b169 35 218 74 242
b170 182 355 211 400
b171 13 230 35 270
b172 179 241 206 254
b173 179 273 204 305
b174 209 207 225 250
b175 277 336 293 351
b176 274 82 312 115
b177 92 251 133 288
b178 88 62 105 81
b179 46 467 80 513
b180 441 505 481 524
b181 277 291 305 321
b182 383 162 428 186
b183 217 0 256 33
b184 474 135 499 181
b185 508 132 535 166
b186 39 304 72 335
b187 429 218 465 256
b188 473 377 510 417
b189 417 186 429 230
b190 383 108 420 135
b191 277 255 293 289
b192 436 256 465 304
b193 128 423 161 440
b194 460 388 473 416
b195 299 242 332 255
b196 0 477 41 518
b197 174 423 211 451
b198 134 404 182 423
b199 342 166 373 202
b200 225 151 268 188
b201 366 209 392 238
b202 295 389 334 423
b203 51 287 79 302
b204 13 80 46 121
b205 342 238 357 259
b206 230 322 272 357
b207 216 449 249 477
b208 197 0 217 27
b209 286 46 331 82
b210 502 185 515 209
b211 413 230 429 242
b212 174 451 216 472
b213 408 348 440 362
b214 473 181 500 198
b215 182 400 211 421
b216 441 343 460 385
b217 134 335 182 355
b218 128 30 171 45
b219 535 50 553 78
b220 364 494 394 531
b221 51 242 64 287
b222 268 159 293 193
b223 225 200 244 222
b224 152 440 173 485
b225 509 12 556 50
b226 394 494 410 533
b227 417 308 449 321
b228 357 238 377 259
b229 182 331 230 355
b230 334 389 364 422
b231 259 393 289 409
b232 111 288 134 330
b233 365 389 378 405
b234 446 468 479 486
b235 225 54 271 76
b236 72 303 111 330
b237 211 357 232 397
b238 456 0 495 27
b239 77 211 99 251
b240 441 486 464 505
b241 36 404 60 417
b242 377 69 417 91
b243 373 290 410 324
b244 429 205 466 218
b245 473 353 509 377
b246 373 186 417 209
b247 293 255 332 291
b248 218 477 249 520
b249 37 369 64 404
b250 102 128 136 159
b251 312 82 355 116
b252 323 214 342 242
b253 322 324 337 337
b254 166 279 179 303
b255 249 472 288 519
b256 13 217 34 230
b257 225 222 242 255
b258 13 0 57 34
b259 432 41 458 53
b260 502 166 514 185
b261 80 405 92 450
b262 204 268 231 316
b263 465 268 511 315
b264 331 116 354 161
b265 57 128 102 143
b266 490 50 535 98
b267 186 33 220 72
b268 409 384 431 409
b269 512 451 549 469
b270 79 288 102 303
b271 149 493 173 535
b272 0 518 24 553
b273 360 259 390 280
b274 101 159 134 180
b275 24 518 46 546
b276 57 0 88 14
b277 377 0 389 47
b278 64 242 77 284
b279 213 520 256 559
b280 0 388 31 410
b281 484 198 502 228
b282 128 0 172 30
b283 446 401 459 416
b284 220 33 250 54
b285 196 255 229 268
b286 92 405 128 446
b287 295 337 337 358
b288 242 227 278 255
b289 479 468 512 505
b290 425 321 441 348
b291 141 116 169 159
b292 390 248 429 272
b293 389 0 432 19
b294 147 262 173 279
b295 0 0 13 43
b296 171 90 187 117
b297 512 420 550 451
b298 477 228 510 268
b299 64 402 77 415
