2190741.5
3277720
1103763
291 3793
932.549578
b0 136 691 163 706
b1 83 2967 110 2983
b2 93 1745 115 1771
b3 22 3219 43 3264
b4 221 275 261 320
b5 91 2075 107 2101
b6 115 1202 153 1229
b7 66 1318 101 1347
b8 150 2249 171 2285
b9 134 1548 178 1573
b10 153 1437 168 1468
b11 165 1154 206 1178
b12 175 251 192 270
b13 61 1797 94 1845
b14 90 1506 134 1527
b15 122 2139 156 2154
b16 176 678 221 720
b17 133 2285 174 2322
b18 96 1607 139 1651
b19 79 3591 115 3614
b20 192 275 205 292
b21 134 2095 162 2139
b22 134 2022 169 2051
b23 47 3049 87 3066
b24 201 1837 219 1861
b25 30 2184 59 2227
b26 0 3739 27 3757
b27 34 3110 72 3150
b28 43 3308 67 3320
b29 86 1202 115 1232
b30 86 1232 106 1260
b31 83 3000 115 3036
b32 55 3088 74 3110
b33 57 2396 102 2442
b34 177 365 206 377
b35 131 2476 143 2502
b36 101 1291 128 1321
b37 22 2246 34 2275
b38 30 80 51 99
b39 85 2195 97 2208
b40 138 0 157 47
b41 194 239 230 258
b42 150 2488 196 2513
b43 166 1016 205 1037
b44 62 3509 89 3533
b45 130 1040 154 1065
b46 51 2074 70 2087
b47 42 2740 84 2780
b48 97 2261 125 2295
b49 146 872 170 920
b50 138 386 157 400
b51 138 1682 152 1698
b52 138 239 175 257
b53 97 2249 133 2261
b54 63 1606 93 1640
b55 95 1890 121 1921
b56 79 3614 125 3645
b57 61 1959 108 2007
b58 188 1703 213 1728
b59 51 2036 98 2074
b60 136 675 175 691
b61 89 3382 120 3427
b62 122 2213 168 2249
b63 66 24 102 70
b64 96 1696 129 1711
b65 101 1321 114 1344
b66 96 1651 138 1696
b67 169 64 183 97
b68 117 1461 145 1506
b69 30 0 66 27
b70 42 2945 58 2990
b71 144 414 178 446
b72 144 570 176 585
b73 122 2075 134 2121
b74 42 2227 85 2261
b75 66 70 86 107
b76 160 1195 199 1231
b77 169 1780 209 1798
b78 42 2929 84 2945
b79 106 1241 146 1266
b80 95 3645 131 3660
b81 156 2162 171 2194
b82 102 1154 141 1178
b83 43 3326 80 3367
b84 95 1921 129 1959
b85 144 610 178 653
b86 134 2051 173 2095
b87 66 3223 111 3271
b88 102 2476 131 2520
b89 134 1506 154 1548
b90 206 66 252 90
b91 115 1019 158 1040
b92 184 109 229 156
b93 159 2513 179 2537
b94 185 90 216 109
b95 164 377 208 414
b96 154 1073 200 1106
b97 51 2020 91 2035
b98 120 3226 133 3261
b99 194 258 234 275
b100 185 0 229 45
b101 229 30 259 66
b102 115 983 155 1019
b103 123 1573 157 1607
b104 68 3452 110 3466
b105 110 2967 145 3000
b106 154 1040 166 1073
b107 47 3617 79 3632
b108 31 3396 68 3434
b109 80 2883 122 2929
b110 139 1640 178 1682
b111 194 860 207 881
b112 176 653 206 678
b113 102 1178 138 1202
b114 151 939 185 983
b115 84 2788 118 2810
b116 30 3734 58 3753
b117 136 1416 175 1437
b118 84 2929 128 2967
b119 108 441 136 486
b120 115 940 151 976
b121 122 1819 156 1857
b122 47 3678 90 3698
b123 178 493 201 529
b124 30 45 61 80
b125 157 197 203 239
b126 172 529 194 541
b127 57 2442 82 2485
b128 175 720 219 748
b129 61 1890 95 1912
b130 92 1771 122 1797
b131 102 2545 150 2590
b132 63 1661 81 1700
b133 131 2502 146 2545
b134 114 2429 148 2476
b135 104 2007 149 2022
b136 130 1142 167 1154
b137 85 2368 106 2396
b138 121 1862 163 1890
b139 62 3533 98 3570
b140 68 3466 80 3509
b141 117 1381 136 1426
b142 90 1411 117 1448
b143 141 1154 165 1179
b144 27 3753 42 3793
b145 229 90 242 135
b146 47 3645 95 3678
b147 0 3697 30 3739
b148 133 920 151 940
b149 94 1797 141 1819
b150 57 2709 80 2740
b151 115 841 133 883
b152 138 2347 154 2366
b153 66 1381 107 1411
b154 200 786 222 803
b155 97 2295 122 2309
b156 157 0 185 16
b157 200 459 220 484
b158 141 1698 164 1711
b159 202 414 246 446
b160 80 2844 107 2860
b161 31 3570 77 3617
b162 0 3396 31 3414
b163 63 1584 96 1606
b164 108 400 144 441
b165 152 1607 173 1624
b166 30 3698 64 3734
b167 47 2990 83 3027
b168 184 156 208 197
b169 178 414 202 453
b170 85 2323 114 2368
b171 176 570 198 610
b172 61 2007 88 2020
b173 115 2628 140 2660
b174 22 3367 65 3383
b175 153 1179 168 1195
b176 154 1468 187 1506
b177 101 1344 142 1381
b178 176 860 193 879
b179 84 2810 130 2844
b180 86 3078 105 3118
b181 108 0 138 28
b182 246 320 291 344
b183 175 1106 208 1145
b184 125 2322 171 2347
b185 66 3189 93 3223
b186 128 1266 159 1299
b187 102 2590 138 2628
b188 93 3118 130 3158
b189 143 2476 187 2488
b190 85 2168 122 2195
b191 31 3617 47 3651
b192 93 3158 122 3206
b193 90 1567 123 1584
b194 202 446 230 459
b195 22 3383 55 3396
b196 141 1711 182 1752
b197 230 135 267 163
b198 118 2788 166 2807
b199 31 3434 62 3470
b200 66 3271 109 3308
b201 50 2120 76 2149
b202 107 2844 141 2883
b203 94 1862 109 1890
b204 50 2087 91 2120
b205 68 3382 89 3397
b206 30 2149 72 2184
b207 172 542 205 570
b208 111 3206 138 3226
b209 130 1106 175 1142
b210 133 872 146 896
b211 115 1229 131 1241
b212 90 3036 111 3078
b213 85 2309 117 2323
b214 133 2249 150 2276
b215 63 1640 92 1661
b216 0 2227 42 2246
b217 30 99 50 147
b218 245 0 288 15
b219 102 1040 130 1058
b220 0 0 30 37
b221 34 2990 47 3035
b222 86 1266 120 1291
b223 72 2149 94 2168
b224 164 1682 209 1703
b225 180 748 227 786
b226 108 825 147 841
b227 102 841 115 873
b228 185 45 206 65
b229 176 812 200 860
b230 84 2709 114 2742
b231 229 0 245 30
b232 144 789 186 812
b233 124 1711 140 1724
b234 30 27 63 45
b235 0 2246 22 2292
b236 63 1411 90 1450
b237 117 2347 138 2387
b238 98 2036 125 2075
b239 136 653 176 675
b240 145 2194 168 2213
b241 0 3757 13 3781
b242 178 453 200 493
b243 64 3698 101 3732
b244 130 3000 167 3013
b245 117 1437 153 1461
b246 122 2154 145 2198
b247 108 706 144 745
b248 133 841 176 872
b249 66 1291 101 1318
b250 93 1711 124 1745
b251 114 2754 157 2788
b252 169 1752 188 1780
b253 42 2261 57 2274
b254 124 812 148 825
b255 173 1798 220 1837
b256 194 529 215 542
b257 155 983 172 1016
b258 177 331 221 365
b259 138 374 164 386
b260 175 239 194 251
b261 206 542 218 587
b262 157 16 184 64
b263 0 3651 47 3697
b264 156 2139 201 2162
b265 65 3367 110 3382
b266 114 2706 159 2754
b267 34 3150 68 3189
b268 89 3427 111 3452
b269 57 2691 94 2709
b270 94 2691 117 2706
b271 66 0 108 24
b272 136 1381 160 1416
b273 34 3066 55 3096
b274 77 3570 110 3591
b275 110 3452 132 3480
b276 91 2022 122 2036
b277 157 64 169 111
b278 117 2387 130 2429
b279 138 331 177 374
b280 55 3066 86 3088
b281 67 3308 97 3326
b282 22 3189 66 3219
b283 91 2007 104 2022
b284 108 1959 138 1980
b285 139 1607 152 1640
b286 144 748 180 789
b287 115 3480 157 3501
b288 144 446 172 482
b289 82 2628 115 2665
b290 108 745 124 772
b291 94 1819 122 1862
b292 175 292 199 331
b293 151 920 194 939
b294 82 2665 99 2691
b295 47 3036 90 3049
b296 72 3118 88 3145
b297 42 2780 80 2811
b298 90 1527 123 1567
b299 89 3466 102 3479
