420941.25
528283.5
313599
559 561
912.689839
b0 349 282 376 297
b1 469 215 496 231
b2 336 47 362 69
b3 422 214 467 235
b4 234 0 279 40
b5 12 156 28 182
b6 182 76 209 114
b7 353 468 382 503
b8 210 110 246 131
b9 111 468 155 493
b10 223 192 254 207
b11 124 0 165 24
b12 202 222 221 239
b13 79 60 112 108
b14 385 198 406 242
b15 397 348 412 382
b16 33 238 78 280
b17 282 361 319 402
b18 418 320 462 363
b19 260 304 296 327
b20 53 438 70 451
b21 120 153 164 181
b22 514 184 549 213
b23 413 36 430 76
b24 416 260 434 284
b25 418 291 461 320
b26 472 278 499 296
b27 494 296 534 334
b28 221 228 245 240
b29 139 74 169 103
b30 280 242 300 270
b31 164 165 200 197
b32 313 421 335 440
b33 184 30 229 76
b34 78 262 107 274
b35 469 231 495 243
b36 390 382 417 412
b37 385 348 397 377
b38 118 75 139 94
b39 176 114 189 126
b40 34 385 53 432
b41 54 385 90 404
b42 207 505 232 551
b43 350 397 389 418
b44 171 342 195 369
b45 445 514 470 538
b46 450 235 469 248
b47 434 0 476 40
b48 114 440 148 468
b49 534 296 558 344
b50 190 308 209 322
b51 378 282 392 298
b52 429 459 466 477
b53 362 42 374 78
b54 131 44 165 74
b55 33 166 64 192
b56 229 40 275 71
b57 306 447 353 495
b58 395 439 420 464
b59 155 420 193 467
b60 274 148 313 164
b61 333 297 378 328
b62 274 112 320 148
b63 313 155 359 191
b64 496 215 511 248
b65 171 369 194 382
b66 503 382 548 424
b67 302 191 316 224
b68 514 156 559 184
b69 349 370 385 397
b70 147 181 163 226
b71 423 169 457 201
b72 208 190 223 222
b73 479 354 491 400
b74 176 131 219 165
b75 296 295 333 315
b76 314 495 353 531
b77 378 306 418 324
b78 0 457 42 473
b79 155 467 195 492
b80 64 166 79 202
b81 100 280 115 312
b82 406 119 430 158
b83 428 477 469 514
b84 48 479 86 513
b85 349 248 392 282
b86 498 466 537 510
b87 508 251 556 296
b88 295 22 324 66
b89 514 136 556 156
b90 392 260 416 306
b91 12 0 33 43
b92 266 402 313 447
b93 171 322 195 342
b94 115 298 146 317
b95 129 511 173 548
b96 289 66 322 112
b97 354 137 394 152
b98 347 531 382 544
b99 332 211 349 251
b100 514 91 558 136
b101 472 248 508 278
b102 12 325 52 361
b103 245 248 279 282
b104 392 0 434 14
b105 79 169 114 202
b106 0 0 12 33
b107 12 250 27 282
b108 156 382 193 420
b109 434 71 476 117
b110 353 0 392 42
b111 33 225 54 238
b112 165 0 190 30
b113 100 317 124 353
b114 506 510 540 554
b115 70 351 92 385
b116 165 30 184 58
b117 474 413 495 452
b118 514 213 558 251
b119 462 309 490 354
b120 33 95 69 131
b121 209 76 247 110
b122 33 75 76 95
b123 0 473 36 496
b124 251 367 282 402
b125 333 328 379 370
b126 202 239 214 261
b127 0 432 43 457
b128 195 400 223 444
b129 320 133 354 155
b130 382 530 408 560
b131 0 496 48 541
b132 359 152 377 191
b133 490 334 533 349
b134 0 385 34 432
b135 111 265 156 280
b136 394 119 406 156
b137 12 182 33 210
b138 214 240 242 282
b139 349 211 385 248
b140 436 363 479 375
b141 417 363 436 408
b142 322 96 349 133
b143 407 76 432 100
b144 12 210 27 250
b145 300 242 313 287
b146 123 356 156 404
b147 12 282 54 312
b148 285 489 305 507
b149 294 0 341 22
b150 319 398 350 421
b151 0 541 42 559
b152 261 447 280 463
b153 33 34 63 75
b154 239 442 261 459
b155 200 165 214 190
b156 378 182 406 198
b157 280 270 300 295
b158 214 165 237 178
b159 474 511 506 555
b160 476 91 503 107
b161 476 44 522 91
b162 113 44 131 75
b163 247 282 280 304
b164 273 510 314 546
b165 189 114 210 131
b166 54 404 90 438
b167 469 179 506 215
b168 432 117 473 141
b169 79 108 118 132
b170 79 0 124 29
b171 92 396 114 436
b172 169 58 182 85
b173 209 320 234 352
b174 159 226 202 242
b175 54 351 70 366
b176 78 224 111 262
b177 79 132 120 169
b178 12 43 31 60
b179 33 0 79 34
b180 532 424 551 464
b181 319 370 349 398
b182 474 466 498 511
b183 126 226 159 265
b184 382 483 428 508
b185 395 412 429 439
b186 33 192 64 225
b187 211 282 247 320
b188 408 514 445 554
b189 324 22 336 66
b190 324 69 361 96
b191 156 265 190 281
b192 254 164 302 193
b193 114 181 147 198
b194 422 235 450 248
b195 422 201 455 214
b196 70 438 111 479
b197 223 368 251 405
b198 155 492 203 511
b199 434 40 470 71
b200 223 405 266 442
b201 377 156 406 182
b202 272 327 311 361
b203 12 128 27 156
b204 354 96 387 137
b205 406 221 421 242
b206 33 131 75 166
b207 469 146 497 179
b208 124 24 151 44
b209 254 193 299 229
b210 479 400 503 413
b211 237 165 253 177
b212 148 281 190 302
b213 316 191 330 223
b214 497 146 514 173
b215 223 207 252 228
b216 203 486 245 505
b217 330 191 378 211
b218 279 0 294 43
b219 245 510 273 528
b220 235 337 272 367
b221 86 493 131 506
b222 219 131 244 165
b223 12 60 31 82
b224 190 263 211 308
b225 247 463 285 510
b226 353 452 392 468
b227 462 296 494 309
b228 275 43 295 64
b229 247 94 271 142
b230 314 531 347 561
b231 406 191 422 221
b232 247 71 289 94
b233 222 352 235 368
b234 115 280 148 298
b235 311 315 333 361
b236 208 459 247 486
b237 159 242 199 263
b238 476 107 503 146
b239 133 131 173 153
b240 395 464 418 483
b241 131 493 155 506
b242 392 14 432 36
b243 353 418 390 452
b244 295 229 332 242
b245 495 424 531 448
b246 476 0 499 44
b247 436 375 475 411
b248 92 353 123 396
b249 48 513 83 540
b250 79 29 113 60
b251 313 251 347 294
b252 252 229 280 248
b253 280 229 295 242
b254 54 225 78 238
b255 124 317 171 356
b256 195 456 208 477
b257 406 158 423 191
b258 173 511 207 555
b259 457 169 469 195
b260 434 279 453 291
b261 194 444 239 456
b262 195 352 222 400
b263 54 304 100 351
b264 163 197 208 220
b265 111 214 126 259
b266 429 411 474 459
b267 374 42 413 76
b268 382 508 407 530
b269 495 448 532 466
b270 156 356 171 379
b271 54 280 96 304
b272 12 361 47 385
b273 491 349 512 379
b274 12 82 33 115
b275 42 457 70 479
b276 223 178 254 192
b277 341 0 353 47
b278 12 312 54 325
b279 86 506 129 545
b280 79 202 110 224
b281 392 242 422 260
b282 190 0 234 30
b283 382 468 395 483
b284 244 142 274 163
b285 120 94 133 127
b286 114 404 155 440
b287 285 447 306 489
b288 430 141 466 169
b289 232 528 269 561
b290 361 78 388 94
b291 133 103 176 131
b292 379 324 418 348
b293 388 76 407 119
b294 234 320 260 337
b295 146 302 189 315
b296 114 198 141 214
b297 434 248 472 279
b298 512 349 552 382
b299 12 115 25 128
