233185.75
236092.5
207025
455 455
7.505233
b0 422 183 455 226
b1 275 0 340 37
b2 66 56 100 109
b3 0 0 67 37
b4 0 331 29 350
b5 268 229 317 268
b6 257 0 275 40
b7 369 183 409 205
b8 166 99 216 161
b9 212 234 228 275
b10 312 151 330 203
b11 209 349 248 408
b12 311 360 339 421
b13 164 220 212 277
b14 57 251 100 314
b15 313 97 372 149
b16 405 364 441 421
b17 0 64 66 108
b18 248 399 299 447
b19 104 0 135 50
b20 381 205 400 242
b21 317 221 381 271
b22 221 185 255 234
b23 340 0 389 20
b24 37 393 82 421
b25 330 149 369 203
b26 381 242 421 297
b27 135 0 160 65
b28 268 268 314 307
b29 248 375 310 399
b30 248 349 272 375
b31 132 99 166 125
b32 0 160 43 213
b33 400 205 422 240
b34 302 70 356 97
b35 104 50 135 88
b36 272 307 311 374
b37 237 0 257 60
b38 104 258 161 281
b39 0 108 55 160
b40 222 408 248 437
b41 129 164 156 219
b42 0 213 53 275
b43 29 331 75 392
b44 344 321 391 386
b45 214 0 237 44
b46 0 421 39 443
b47 314 288 379 321
b48 0 37 57 64
b49 389 0 436 65
b50 160 45 227 77
b51 107 220 164 258
b52 160 0 214 45
b53 265 169 308 190
b54 227 83 288 101
b55 369 149 425 183
b56 75 319 138 336
b57 265 151 312 169
b58 227 101 273 135
b59 142 322 192 359
b60 104 88 127 128
b61 227 60 260 83
b62 377 65 437 84
b63 55 109 100 145
b64 218 135 265 185
b65 0 275 57 331
b66 344 386 405 453
b67 228 234 268 278
b68 377 84 429 147
b69 53 205 107 232
b70 260 40 302 82
b71 192 327 256 349
b72 82 393 143 454
b73 391 297 452 364
b74 100 281 142 319
b75 358 20 377 48
b76 160 77 193 99
b77 75 336 141 393
b78 100 128 132 164
b79 43 164 103 205
b80 312 205 370 221
b81 273 101 313 151
b82 165 408 222 455
b83 143 399 165 415
b84 422 226 444 293
b85 193 77 218 97
b86 67 0 104 56
b87 265 190 309 229
b88 0 392 37 416
b89 132 125 159 163
b90 311 321 344 360
b91 302 37 358 70
b92 103 164 129 180
b93 156 185 221 220
b94 142 281 201 322
b95 53 232 104 251
b96 143 359 209 399
b97 314 271 381 288
b98 156 163 218 185
b99 201 278 267 327
