2852381.296875
3057169.5
1009288
269 3752
923.918533
b0 167 330 194 345
b1 74 1176 101 1192
b2 72 2051 94 2077
b3 59 1425 80 1470
b4 98 1743 138 1788
b5 164 732 180 758
b6 53 2162 91 2189
b7 98 0 133 29
b8 80 1566 101 1602
b9 115 2267 159 2292
b10 94 2559 109 2590
b11 71 3464 112 3488
b12 55 3224 72 3243
b13 119 1208 152 1256
b14 115 2116 159 2137
b15 120 3286 154 3301
b16 138 1019 183 1061
b17 106 1616 147 1653
b18 55 3180 98 3224
b19 27 3579 63 3602
b20 140 2137 153 2154
b21 192 1667 220 1711
b22 101 1295 136 1324
b23 43 3664 83 3681
b24 63 3579 81 3603
b25 151 170 180 213
b26 118 537 145 555
b27 115 2292 153 2332
b28 74 0 98 12
b29 200 819 229 849
b30 140 2239 160 2267
b31 158 1422 190 1458
b32 192 1711 211 1733
b33 75 2825 120 2871
b34 30 34 59 46
b35 59 1685 71 1711
b36 171 90 198 120
b37 134 1788 146 1817
b38 74 1946 95 1965
b39 133 2517 145 2530
b40 177 631 196 678
b41 213 0 249 19
b42 154 1642 200 1667
b43 151 213 190 234
b44 48 2862 75 2886
b45 75 3259 99 3284
b46 12 3631 31 3644
b47 106 1703 148 1743
b48 75 2871 103 2905
b49 39 3474 63 3522
b50 98 700 117 714
b51 75 3284 89 3300
b52 69 3488 106 3506
b53 80 1515 116 1527
b54 0 0 30 34
b55 98 1788 124 1819
b56 115 2085 161 2116
b57 109 2598 156 2646
b58 115 2137 140 2162
b59 152 431 199 469
b60 120 2765 159 2781
b61 72 3081 103 3126
b62 23 2255 69 2291
b63 141 2813 177 2859
b64 137 2375 170 2390
b65 134 1061 147 1084
b66 159 2137 201 2182
b67 41 3103 55 3136
b68 154 1597 182 1642
b69 93 1358 129 1385
b70 94 2051 110 2096
b71 157 3112 191 3144
b72 39 3423 71 3438
b73 134 1817 146 1863
b74 89 1888 132 1922
b75 59 1648 79 1685
b76 212 554 251 590
b77 162 678 202 696
b78 173 290 215 306
b79 133 234 173 259
b80 143 2430 179 2445
b81 206 161 221 193
b82 59 1624 98 1648
b83 93 2702 130 2743
b84 98 3187 132 3225
b85 137 2332 171 2375
b86 95 1946 134 1990
b87 113 1422 158 1470
b88 65 2559 94 2603
b89 107 2978 127 3020
b90 154 840 200 864
b91 152 1163 195 1184
b92 74 1129 119 1176
b93 151 0 171 24
b94 229 590 260 609
b95 165 1184 209 1221
b96 69 2221 115 2254
b97 174 950 214 965
b98 127 2978 140 3013
b99 53 2189 93 2206
b100 93 2332 137 2377
b101 39 3438 69 3474
b102 147 1667 187 1703
b103 98 3225 132 3259
b104 23 2291 65 2305
b105 72 3048 107 3081
b106 0 3181 12 3214
b107 118 631 150 646
b108 167 758 204 796
b109 107 3377 149 3423
b110 204 485 243 527
b111 167 819 180 840
b112 213 19 243 44
b113 45 2016 81 2040
b114 41 3259 75 3303
b115 118 412 152 434
b116 133 393 161 412
b117 54 3522 93 3543
b118 45 1867 89 1905
b119 110 1084 138 1129
b120 194 364 230 400
b121 133 259 167 297
b122 201 1733 244 1753
b123 171 2308 194 2344
b124 152 469 183 504
b125 69 2517 115 2559
b126 98 646 120 658
b127 187 873 212 916
b128 114 1569 158 1597
b129 99 2931 133 2953
b130 75 2905 105 2931
b131 39 3378 87 3423
b132 133 0 151 39
b133 93 2391 108 2434
b134 59 3001 93 3048
b135 116 1515 161 1530
b136 180 306 217 318
b137 154 2781 175 2809
b138 173 262 215 290
b139 23 2963 59 3000
b140 122 967 134 1010
b141 113 1470 132 1515
b142 48 2825 75 2862
b143 87 3352 111 3377
b144 30 46 45 86
b145 249 0 262 45
b146 118 504 166 537
b147 88 2765 118 2807
b148 206 141 224 161
b149 59 1602 106 1624
b150 0 34 23 65
b151 119 1129 137 1171
b152 69 2456 85 2475
b153 87 3322 128 3352
b154 171 35 193 52
b155 23 2305 48 2319
b156 48 2931 76 2947
b157 98 29 118 54
b158 115 2646 138 2659
b159 120 696 164 728
b160 93 3506 120 3522
b161 89 2004 135 2051
b162 41 3085 72 3103
b163 87 3300 120 3322
b164 71 3423 107 3464
b165 182 1458 203 1475
b166 94 2666 128 2702
b167 138 954 174 991
b168 72 3139 96 3180
b169 99 3148 123 3187
b170 41 3303 70 3348
b171 74 1385 96 1425
b172 72 3126 99 3139
b173 180 170 205 202
b174 23 2947 66 2963
b175 55 3243 70 3259
b176 209 90 242 128
b177 23 3048 64 3085
b178 194 400 211 419
b179 101 1324 147 1358
b180 161 1458 180 1498
b181 130 3045 160 3073
b182 200 849 245 873
b183 119 1256 152 1295
b184 107 3020 153 3045
b185 174 916 201 950
b186 119 806 150 839
b187 74 924 110 962
b188 124 2390 161 2430
b189 45 2004 89 2016
b190 120 3259 157 3286
b191 94 2096 110 2130
b192 109 2469 138 2517
b193 80 1425 113 1442
b194 110 954 138 967
b195 66 2947 99 2960
b196 159 2267 200 2308
b197 27 3603 64 3631
b198 106 1597 154 1616
b199 54 3543 85 3579
b200 220 947 263 984
b201 179 141 205 170
b202 109 2430 143 2469
b203 171 991 186 1019
b204 0 3085 41 3118
b205 91 2162 112 2177
b206 171 0 213 35
b207 173 234 206 262
b208 0 3161 27 3181
b209 119 770 164 806
b210 167 306 180 330
b211 72 3224 88 3236
b212 98 658 119 700
b213 74 1990 106 2004
b214 128 3301 145 3328
b215 45 1905 74 1926
b216 152 412 194 431
b217 79 1819 99 1867
b218 0 3712 43 3727
b219 65 2603 93 2621
b220 117 839 147 876
b221 137 1163 150 1208
b222 107 2953 141 2978
b223 178 345 200 364
b224 89 1867 134 1888
b225 199 419 246 457
b226 188 469 227 485
b227 141 2781 154 2813
b228 94 2646 115 2666
b229 12 3664 36 3712
b230 113 1385 143 1418
b231 41 3348 57 3378
b232 30 2040 72 2063
b233 85 2456 101 2469
b234 138 991 171 1009
b235 143 1358 165 1404
b236 27 3522 54 3561
b237 138 1743 159 1783
b238 103 3081 130 3120
b239 69 2434 109 2456
b240 30 2063 53 2082
b241 89 1922 102 1946
b242 166 504 188 544
b243 30 2221 67 2255
b244 168 1061 205 1074
b245 130 2659 166 2683
b246 65 2621 88 2665
b247 132 3073 168 3112
b248 159 2182 202 2213
b249 204 527 239 554
b250 137 1129 168 1163
b251 110 2051 153 2085
b252 74 1192 93 1220
b253 162 631 177 644
b254 69 2254 93 2267
b255 116 1530 163 1569
b256 72 2149 93 2162
b257 31 3631 48 3664
b258 30 0 74 34
b259 136 1295 162 1307
b260 230 206 249 218
b261 110 967 122 1012
b262 98 876 125 924
b263 193 44 240 90
b264 167 796 212 819
b265 224 128 269 143
b266 133 345 178 393
b267 80 1527 114 1566
b268 0 3727 22 3752
b269 143 1404 180 1422
b270 51 2206 74 2221
b271 146 1783 188 1807
b272 243 457 267 492
b273 30 2082 51 2112
b274 159 2116 192 2137
b275 103 3120 125 3148
b276 93 2377 124 2391
b277 166 544 178 591
b278 120 728 133 770
b279 0 3118 39 3161
b280 93 2743 124 2765
b281 65 2807 95 2825
b282 110 924 154 954
b283 70 3303 83 3318
b284 179 120 209 141
b285 99 3259 112 3292
b286 66 2960 102 3001
b287 120 646 162 667
b288 164 696 192 732
b289 154 864 187 901
b290 154 901 170 928
b291 151 120 179 163
b292 109 2559 133 2598
b293 72 2130 115 2149
b294 153 2213 170 2239
b295 215 193 258 206
b296 132 1888 148 1915
b297 201 916 239 947
b298 145 591 178 631
b299 154 806 167 819
