239589.6875
243208
207025
455 455
4.016247
b0 220 372 253 415
b1 0 61 65 98
b2 236 0 289 34
b3 27 336 64 403
b4 0 145 29 164
b5 185 235 234 274
b6 218 274 236 314
b7 163 142 185 182
b8 236 254 286 316
b9 437 219 453 260
b10 302 330 354 348
b11 111 0 150 59
b12 157 182 185 243
b13 302 348 359 396
b14 359 305 402 368
b15 403 56 455 115
b16 220 336 277 372
b17 67 0 111 66
b18 302 282 353 330
b19 400 396 431 446
b20 402 283 439 302
b21 274 116 338 166
b22 67 211 116 245
b23 402 302 451 322
b24 27 266 72 294
b25 166 334 220 373
b26 67 89 107 144
b27 148 59 213 84
b28 207 415 253 454
b29 156 310 218 334
b30 402 322 428 346
b31 185 199 211 233
b32 64 361 117 404
b33 363 173 385 208
b34 306 89 360 116
b35 252 166 283 204
b36 67 144 106 211
b37 242 316 302 336
b38 306 66 363 89
b39 283 166 335 221
b40 119 400 148 426
b41 0 403 55 430
b42 0 186 62 239
b43 95 245 156 291
b44 0 98 65 145
b45 72 261 95 305
b46 163 103 185 142
b47 241 95 274 160
b48 0 239 27 296
b49 348 0 395 65
b50 274 34 306 101
b51 106 144 163 182
b52 353 251 398 305
b53 335 166 356 209
b54 95 291 156 309
b55 302 396 358 430
b56 156 243 173 306
b57 437 172 455 219
b58 402 237 436 283
b59 410 346 447 396
b60 67 66 107 89
b61 213 0 236 33
b62 107 84 167 103
b63 173 274 218 310
b64 65 309 112 359
b65 185 95 241 152
b66 286 221 353 282
b67 363 65 403 109
b68 150 0 213 52
b69 112 334 166 361
b70 353 209 395 251
b71 55 404 119 426
b72 213 34 274 95
b73 0 0 67 61
b74 27 294 65 336
b75 289 0 308 28
b76 302 430 335 452
b77 150 373 207 439
b78 211 199 243 235
b79 116 182 157 242
b80 148 439 206 455
b81 243 204 283 254
b82 403 115 450 172
b83 220 316 242 332
b84 185 177 252 199
b85 363 109 388 129
b86 107 103 163 140
b87 363 129 402 173
b88 111 59 148 83
b89 27 239 65 266
b90 117 361 150 400
b91 403 0 436 56
b92 67 245 93 261
b93 402 172 437 237
b94 359 387 400 446
b95 359 368 410 387
b96 308 0 348 66
b97 185 160 252 177
b98 0 164 62 186
b99 253 372 302 438
