1966138.75
3067017.5
865260
230 3762
932.865656
b0 139 696 166 711
b1 118 336 145 352
b2 72 1571 94 1597
b3 46 1705 67 1750
b4 104 2647 144 2692
b5 16 1867 32 1893
b6 111 2477 149 2504
b7 59 3419 94 3448
b8 36 3624 57 3660
b9 66 828 110 853
b10 166 957 181 988
b11 100 312 141 336
b12 92 2339 109 2358
b13 145 0 178 48
b14 139 3037 183 3058
b15 68 2364 102 2379
b16 128 2034 173 2076
b17 27 2456 68 2493
b18 95 2889 138 2933
b19 139 1737 175 1760
b20 103 1794 116 1811
b21 75 1821 103 1865
b22 129 2196 164 2225
b23 79 891 119 908
b24 99 804 117 828
b25 138 2774 167 2817
b26 22 3706 49 3724
b27 45 2071 83 2111
b28 126 2277 150 2289
b29 111 2447 140 2477
b30 48 3254 68 3282
b31 75 1865 107 1901
b32 112 556 131 578
b33 78 643 123 689
b34 16 1977 45 1989
b35 68 2470 80 2496
b36 25 3497 52 3527
b37 139 496 151 525
b38 27 3254 48 3273
b39 161 903 173 916
b40 53 3499 72 3546
b41 103 1775 139 1794
b42 60 1750 106 1775
b43 146 832 185 853
b44 0 2303 27 2327
b45 58 3546 82 3571
b46 81 28 100 41
b47 57 3628 99 3668
b48 25 3463 53 3497
b49 115 1003 139 1051
b50 68 2456 87 2470
b51 148 277 162 293
b52 66 689 103 707
b53 46 1597 82 1609
b54 192 586 222 620
b55 70 1390 96 1421
b56 45 2413 91 2444
b57 115 1084 162 1132
b58 81 390 106 415
b59 132 865 179 903
b60 106 1721 145 1737
b61 141 451 172 496
b62 87 2504 133 2540
b63 16 2182 52 2228
b64 66 707 99 722
b65 32 1954 45 1977
b66 72 1490 114 1535
b67 132 832 146 865
b68 114 1529 142 1574
b69 112 578 148 605
b70 167 166 183 211
b71 154 1007 188 1039
b72 45 2111 77 2126
b73 66 16 78 62
b74 32 1867 75 1901
b75 91 1293 111 1330
b76 115 967 154 1003
b77 45 1422 85 1440
b78 27 3238 69 3254
b79 125 2252 165 2277
b80 0 3624 36 3639
b81 66 1153 81 1185
b82 29 1799 68 1823
b83 27 2849 64 2890
b84 66 3590 100 3628
b85 114 1970 148 2013
b86 29 1823 68 1867
b87 108 2726 153 2774
b88 115 268 144 312
b89 42 2923 62 2965
b90 123 211 169 235
b91 162 729 205 750
b92 81 1153 126 1200
b93 60 1775 80 1799
b94 27 2493 58 2512
b95 116 2159 160 2196
b96 111 3004 157 3037
b97 25 3448 65 3463
b98 119 932 132 967
b99 67 1373 107 1390
b100 90 1248 134 1293
b101 16 2126 46 2162
b102 144 2559 184 2595
b103 133 2504 167 2538
b104 119 903 161 917
b105 65 3448 100 3481
b106 99 767 111 800
b107 167 63 199 78
b108 0 3724 37 3762
b109 106 390 148 436
b110 131 525 170 567
b111 173 903 186 924
b112 164 2098 194 2123
b113 42 3032 78 3056
b114 58 2747 92 2791
b115 27 2791 61 2813
b116 58 3571 86 3590
b117 92 3318 131 3339
b118 99 605 143 643
b119 101 511 129 556
b120 69 3282 105 3318
b121 25 3296 59 3334
b122 102 370 145 390
b123 78 458 101 494
b124 68 2610 99 2645
b125 93 3093 139 3135
b126 123 0 145 12
b127 68 3109 93 3152
b128 162 1052 206 1080
b129 178 0 212 22
b130 75 1901 105 1927
b131 98 1417 146 1462
b132 27 2264 45 2303
b133 27 2923 42 2966
b134 123 113 157 160
b135 66 876 111 891
b136 45 2444 82 2456
b137 78 595 99 623
b138 81 0 123 28
b139 79 945 115 982
b140 68 3152 80 3195
b141 142 917 161 962
b142 99 2610 126 2647
b143 68 2339 92 2364
b144 100 268 115 308
b145 162 277 175 322
b146 100 235 148 268
b147 161 235 191 277
b148 212 0 230 20
b149 81 436 128 458
b150 89 1690 112 1721
b151 95 2933 113 2975
b152 0 0 16 19
b153 45 2264 86 2294
b154 107 1811 129 1828
b155 0 2327 25 2341
b156 69 1927 97 1943
b157 59 3318 79 3343
b158 52 2182 75 2195
b159 115 1052 159 1084
b160 42 3093 69 3109
b161 58 2658 104 2705
b162 29 1750 60 1768
b163 68 1799 101 1821
b164 78 2004 114 2045
b165 45 2313 66 2330
b166 16 2228 50 2264
b167 79 908 115 945
b168 66 1248 90 1289
b169 79 3342 103 3381
b170 68 2294 97 2339
b171 0 3639 22 3679
b172 139 1039 166 1052
b173 45 1390 70 1422
b174 46 2126 89 2142
b175 66 0 81 16
b176 72 3381 105 3419
b177 111 767 152 804
b178 21 3605 38 3624
b179 91 2413 137 2447
b180 46 2142 65 2182
b181 132 804 162 832
b182 80 3160 125 3184
b183 109 2337 142 2376
b184 75 3068 121 3093
b185 157 113 184 147
b186 27 2890 58 2923
b187 36 3668 72 3706
b188 32 1901 69 1941
b189 97 2325 141 2337
b190 83 2071 120 2098
b191 102 336 118 370
b192 97 2277 126 2325
b193 62 2890 95 2907
b194 32 1941 60 1954
b195 78 3032 111 3045
b196 178 22 219 63
b197 98 1462 135 1490
b198 157 147 205 166
b199 103 731 134 767
b200 86 2196 129 2233
b201 89 2975 115 3004
b202 45 891 79 930
b203 114 1293 129 1321
b204 27 3109 68 3142
b205 141 436 162 451
b206 145 78 187 113
b207 62 3004 95 3032
b208 140 2376 167 2396
b209 100 1574 145 1610
b210 148 235 161 259
b211 58 2705 74 2717
b212 74 2705 95 2747
b213 27 3282 59 3296
b214 86 2249 103 2276
b215 16 0 45 21
b216 153 567 195 586
b217 110 828 130 876
b218 46 1690 89 1705
b219 103 689 131 707
b220 86 2142 116 2179
b221 66 1289 79 1334
b222 93 3135 127 3160
b223 123 2540 145 2559
b224 79 1132 124 1153
b225 100 3419 147 3457
b226 86 2233 125 2249
b227 59 3343 72 3375
b228 0 2341 21 2361
b229 81 1200 105 1248
b230 114 1324 144 1357
b231 60 2004 76 2034
b232 80 2587 122 2610
b233 68 2645 84 2658
b234 45 2034 78 2052
b235 126 1132 148 1178
b236 0 2264 27 2303
b237 81 336 102 376
b238 89 2098 116 2137
b239 101 458 141 480
b240 45 2294 68 2313
b241 79 3318 92 3342
b242 131 643 153 683
b243 21 3546 58 3580
b244 131 683 168 696
b245 103 707 139 731
b246 84 3238 107 3282
b247 130 1490 166 1529
b248 129 1293 172 1324
b249 129 2225 164 2252
b250 104 2692 135 2726
b251 29 1440 72 1474
b252 87 2540 106 2568
b253 69 3238 84 3251
b254 146 1324 170 1337
b255 112 1610 159 1649
b256 45 0 66 13
b257 29 1474 46 1507
b258 69 1970 113 2004
b259 72 1440 98 1452
b260 61 2837 80 2849
b261 154 962 166 1007
b262 62 2907 89 2955
b263 61 2791 108 2837
b264 78 3045 123 3068
b265 21 3590 66 3605
b266 161 1760 206 1808
b267 78 556 112 595
b268 145 48 167 73
b269 65 3481 102 3499
b270 119 917 142 932
b271 184 113 226 137
b272 87 2447 111 2482
b273 45 930 66 960
b274 128 2013 161 2034
b275 45 1334 67 1362
b276 116 2145 147 2159
b277 116 2098 128 2145
b278 82 3499 95 3541
b279 68 3195 107 3238
b280 147 2076 178 2098
b281 162 711 192 729
b282 123 166 167 196
b283 16 21 29 36
b284 82 1610 112 1631
b285 161 924 174 957
b286 82 1649 118 1690
b287 66 2392 108 2413
b288 72 1535 100 1571
b289 42 3056 75 3093
b290 98 1390 114 1417
b291 97 1927 125 1970
b292 67 1334 91 1373
b293 80 2568 123 2587
b294 78 2045 95 2071
b295 66 2379 109 2392
b296 114 1490 130 1517
b297 101 480 139 511
b298 64 2849 97 2889
b299 119 876 132 889
