299256.75
396913.5
201600
448 450
82.131451
b0 180 79 216 95
b1 221 319 260 338
b2 364 375 399 416
b3 398 196 416 243
b4 60 185 86 217
b5 282 280 317 311
b6 299 373 328 386
b7 266 0 294 21
b8 58 370 73 402
b9 156 403 190 449
b10 53 0 98 32
b11 166 79 180 115
b12 126 305 168 341
b13 399 375 447 420
b14 0 325 25 340
b15 189 145 235 190
b16 235 147 253 169
b17 364 329 390 362
b18 290 111 324 130
b19 336 373 348 403
b20 360 416 393 444
b21 332 174 371 218
b22 260 311 299 337
b23 288 67 328 92
b24 320 232 345 247
b25 351 48 387 84
b26 162 179 187 222
b27 0 404 34 419
b28 200 190 246 228
b29 105 329 117 366
b30 372 256 389 283
b31 299 386 336 402
b32 0 302 32 325
b33 246 266 282 284
b34 332 43 351 81
b35 401 243 416 276
b36 121 236 149 248
b37 328 81 349 97
b38 136 37 169 63
b39 294 0 336 30
b40 202 98 243 126
b41 161 63 177 79
b42 190 296 234 315
b43 117 341 157 375
b44 344 332 360 359
b45 87 148 124 162
b46 378 0 393 48
b47 276 111 290 134
b48 87 100 111 126
b49 12 64 52 95
b50 246 194 288 227
b51 134 63 161 111
b52 194 315 221 352
b53 235 169 252 187
b54 340 247 356 290
b55 345 147 391 160
b56 247 406 269 431
b57 168 252 187 300
b58 12 0 53 19
b59 221 338 267 384
b60 86 162 121 192
b61 56 305 90 338
b62 49 140 86 185
b63 231 0 266 15
b64 12 189 60 236
b65 12 95 45 125
b66 267 370 298 401
b67 288 30 332 67
b68 136 155 171 179
b69 341 294 360 332
b70 320 218 356 232
b71 387 48 429 82
b72 370 114 404 147
b73 98 37 136 55
b74 169 0 187 29
b75 213 384 240 407
b76 0 0 12 14
b77 34 362 58 378
b78 421 266 447 309
b79 194 369 213 406
b80 38 125 52 140
b81 58 338 90 358
b82 267 337 299 370
b83 187 259 206 296
b84 119 0 162 37
b85 12 141 49 189
b86 126 281 150 305
b87 321 247 340 292
b88 123 111 166 139
b89 115 434 150 446
b90 98 55 122 100
b91 301 403 345 431
b92 32 305 56 347
b93 75 32 96 75
b94 31 347 47 362
b95 406 136 442 161
b96 246 241 291 266
b97 260 85 288 110
b98 12 125 38 141
b99 53 77 90 97
b100 371 194 398 219
b101 65 265 113 305
b102 177 54 215 79
b103 269 402 301 434
b104 187 0 212 36
b105 73 412 115 443
b106 117 375 156 409
b107 136 139 181 155
b108 86 239 119 251
b109 180 95 202 107
b110 0 360 23 404
b111 264 296 282 309
b112 231 21 277 39
b113 416 196 444 239
b114 324 110 343 149
b115 288 162 325 192
b116 157 361 194 403
b117 34 378 58 415
b118 406 161 445 196
b119 121 212 157 236
b120 153 252 168 297
b121 387 82 432 114
b122 157 222 200 252
b123 216 85 251 98
b124 328 97 367 110
b125 169 36 197 54
b126 283 134 321 162
b127 12 280 36 302
b128 117 409 153 434
b129 216 39 260 85
b130 390 331 435 375
b131 12 44 48 64
b132 356 256 372 294
b133 372 283 386 295
b134 405 276 421 305
b135 90 305 105 342
b136 240 284 264 303
b137 171 155 189 177
b138 253 147 283 169
b139 200 228 233 259
b140 111 100 123 116
b141 253 169 287 194
b142 293 205 320 251
b143 12 236 58 280
b144 36 280 65 305
b145 360 295 405 329
b146 119 248 153 281
b147 187 190 199 221
b148 194 352 219 369
b149 168 339 190 361
b150 233 228 246 258
b151 367 84 383 111
b152 34 415 67 448
b153 124 139 136 179
b154 73 370 117 412
b155 264 284 277 296
b156 201 126 243 145
b157 58 253 100 265
b158 293 251 321 268
b159 60 217 84 253
b160 389 256 401 292
b161 288 92 319 111
b162 291 268 321 280
b163 393 0 439 47
b164 416 239 448 266
b165 121 179 162 212
b166 58 358 94 370
b167 246 227 293 241
b168 251 110 276 147
b169 260 39 288 85
b170 53 32 75 77
b171 371 160 406 194
b172 12 19 43 44
b173 405 309 447 331
b174 325 149 345 174
b175 348 379 360 413
b176 240 303 260 319
b177 98 0 119 31
b178 348 359 364 379
b179 299 332 344 373
b180 212 0 231 21
b181 190 406 205 448
b182 122 55 134 88
b183 185 107 201 144
b184 166 115 185 135
b185 288 192 332 205
b186 113 281 126 329
b187 240 384 264 406
b188 317 292 341 332
b189 0 340 31 360
b190 206 259 240 296
b191 356 219 398 256
b192 87 126 115 148
b193 205 407 247 450
b194 336 0 378 43
b195 345 111 370 147
b196 168 300 184 339
b197 86 192 121 239
b198 404 114 444 136
b199 53 97 87 137
