444491.25
574261.5
314721
561 561
575.83912
b0 291 382 318 397
b1 193 367 209 394
b2 430 436 452 462
b3 415 273 460 294
b4 491 367 531 412
b5 0 45 16 71
b6 271 278 298 316
b7 387 455 422 484
b8 245 105 266 141
b9 178 0 203 44
b10 252 232 267 263
b11 250 465 274 506
b12 431 373 448 392
b13 188 150 221 198
b14 371 267 415 288
b15 415 333 430 367
b16 18 519 63 561
b17 68 298 109 335
b18 431 392 474 436
b19 260 391 283 427
b20 173 536 190 549
b21 371 288 415 316
b22 450 47 479 82
b23 470 0 487 40
b24 394 391 412 415
b25 168 231 211 260
b26 477 317 504 335
b27 346 64 386 102
b28 81 42 93 66
b29 220 467 250 496
b30 71 240 91 268
b31 216 240 252 272
b32 84 76 103 98
b33 277 439 322 485
b34 378 484 390 513
b35 304 114 330 126
b36 298 321 325 351
b37 140 226 152 255
b38 61 92 80 113
b39 48 92 61 104
b40 0 208 47 227
b41 250 32 269 68
b42 529 412 554 458
b43 235 84 274 105
b44 0 84 27 108
b45 355 388 379 413
b46 434 79 447 98
b47 0 333 40 375
b48 342 154 370 188
b49 402 55 450 79
b50 119 383 138 397
b51 202 260 216 276
b52 472 109 509 127
b53 139 383 151 419
b54 291 352 325 382
b55 221 178 252 204
b56 52 461 98 492
b57 130 114 178 161
b58 394 430 419 455
b59 151 441 189 488
b60 415 294 431 333
b61 109 272 140 317
b62 120 78 166 114
b63 91 202 137 238
b64 413 168 446 183
b65 67 268 90 281
b66 511 104 553 149
b67 299 0 313 33
b68 178 105 206 150
b69 166 75 202 102
b70 292 51 308 96
b71 402 79 434 113
b72 136 431 151 463
b73 440 150 486 162
b74 96 517 139 551
b75 347 320 384 340
b76 206 105 245 141
b77 274 69 292 109
b78 74 358 90 400
b79 330 526 370 551
b80 98 502 134 517
b81 104 362 119 394
b82 415 113 439 152
b83 487 0 524 41
b84 40 358 74 396
b85 312 52 346 95
b86 511 41 555 80
b87 516 268 561 316
b88 170 338 214 367
b89 346 44 388 64
b90 325 296 371 320
b91 474 412 495 455
b92 85 122 130 169
b93 486 127 510 147
b94 383 188 414 207
b95 341 482 378 526
b96 431 294 477 327
b97 0 249 40 264
b98 466 492 479 527
b99 415 256 455 273
b100 340 0 385 44
b101 306 126 342 156
b102 0 172 40 208
b103 486 149 520 183
b104 341 188 383 202
b105 173 501 206 536
b106 328 16 340 49
b107 170 260 202 275
b108 47 203 85 240
b109 132 0 178 42
b110 385 0 424 42
b111 27 92 48 105
b112 198 276 228 301
b113 271 316 295 352
b114 431 339 475 373
b115 238 394 260 428
b116 228 272 247 300
b117 435 489 456 528
b118 266 114 304 158
b119 313 169 341 214
b120 318 382 354 418
b121 198 301 236 335
b122 52 400 95 420
b123 68 335 104 358
b124 93 41 124 76
b125 473 184 519 226
b126 40 396 52 418
b127 0 412 25 455
b128 151 413 195 441
b129 236 353 270 375
b130 0 307 30 333
b131 0 460 48 505
b132 363 102 402 120
b133 60 283 103 298
b134 139 506 173 553
b135 252 187 267 232
b136 48 144 85 156
b137 33 264 54 292
b138 40 315 68 357
b139 267 214 304 250
b140 455 254 498 266
b141 193 394 238 413
b142 466 455 493 492
b143 275 0 299 25
b144 0 30 40 45
b145 109 317 122 362
b146 328 248 361 296
b147 0 0 42 30
b148 292 33 312 51
b149 439 128 486 150
b150 435 528 466 551
b151 0 505 18 547
b152 312 33 328 52
b153 52 420 82 461
b154 270 352 287 374
b155 131 161 145 186
b156 152 226 168 254
b157 299 253 324 273
b158 90 358 103 381
b159 475 335 519 367
b160 472 268 499 284
b161 424 0 470 47
b162 136 488 167 506
b163 330 102 363 124
b164 211 204 252 240
b165 479 492 496 513
b166 103 397 139 431
b167 414 184 451 220
b168 498 244 539 268
b169 206 501 230 540
b170 140 281 169 326
b171 214 335 236 375
b172 322 435 349 448
b173 250 0 275 32
b174 475 367 491 410
b175 250 68 266 83
b176 355 413 393 446
b177 195 426 232 467
b178 27 105 44 124
b179 341 448 387 482
b180 91 183 131 202
b181 236 300 266 328
b182 511 80 556 104
b183 477 284 516 317
b184 447 82 472 128
b185 381 364 415 391
b186 0 264 33 295
b187 519 316 555 354
b188 0 375 40 412
b189 431 327 475 339
b190 455 227 492 254
b191 257 375 291 391
b192 384 316 413 364
b193 151 390 184 407
b194 313 156 341 169
b195 251 141 264 174
b196 122 326 163 367
b197 293 515 330 543
b198 209 375 257 394
b199 48 113 84 144
b200 145 161 188 198
b201 355 359 381 388
b202 267 158 306 192
b203 82 444 110 459
b204 63 519 96 560
b205 341 202 362 217
b206 283 397 318 439
b207 140 198 173 226
b208 170 275 197 295
b209 520 149 556 194
b210 400 42 424 55
b211 328 0 340 16
b212 113 457 134 499
b213 452 436 466 468
b214 498 227 525 244
b215 272 515 293 544
b216 322 448 341 490
b217 230 496 250 544
b218 98 459 113 502
b219 87 23 115 41
b220 221 141 251 178
b221 25 412 38 457
b222 236 328 270 353
b223 252 278 271 300
b224 232 428 277 449
b225 203 0 250 38
b226 232 449 271 465
b227 267 250 299 263
b228 441 468 461 489
b229 0 124 48 148
b230 325 345 355 378
b231 415 367 431 397
b232 151 367 193 390
b233 394 415 410 428
b234 412 397 430 430
b235 267 192 313 214
b236 42 42 81 69
b237 42 0 63 40
b238 472 82 511 109
b239 250 506 272 546
b240 422 462 441 485
b241 83 492 96 516
b242 446 162 486 184
b243 103 238 140 272
b244 402 113 415 150
b245 84 98 120 122
b246 40 69 84 92
b247 415 220 454 256
b248 328 217 371 248
b249 48 492 83 519
b250 189 467 220 501
b251 370 154 413 188
b252 355 340 383 359
b253 252 174 267 187
b254 95 431 119 444
b255 40 156 79 203
b256 54 262 67 283
b257 322 418 355 435
b258 495 412 529 456
b259 460 266 472 292
b260 91 238 103 257
b261 0 295 45 307
b262 298 273 325 321
b263 203 38 250 84
b264 87 0 132 23
b265 252 263 297 278
b266 390 485 435 533
b267 363 120 402 154
b268 325 320 347 345
b269 274 32 292 69
b270 45 292 60 315
b271 63 0 87 42
b272 0 148 35 172
b273 140 260 170 281
b274 202 84 235 105
b275 0 227 28 249
b276 85 169 116 183
b277 388 42 400 89
b278 38 418 51 460
b279 371 228 414 267
b280 40 240 71 262
b281 292 96 322 114
b282 274 485 318 515
b283 379 391 394 404
b284 342 124 363 154
b285 0 71 33 84
b286 124 42 165 78
b287 371 207 413 228
b288 495 456 523 492
b289 173 198 210 231
b290 413 152 440 168
b291 170 295 198 338
b292 304 214 328 253
b293 454 184 473 227
b294 119 431 136 457
b295 195 413 238 426
b296 119 367 146 383
b297 165 44 203 75
b298 520 194 560 227
b299 318 490 331 503
