445000.25
575279.5
314721
561 561
624.613272
b0 293 258 308 285
b1 312 121 339 137
b2 269 79 291 105
b3 394 350 415 395
b4 176 128 221 168
b5 164 453 180 479
b6 170 217 208 244
b7 455 150 490 179
b8 222 339 258 360
b9 18 45 62 70
b10 141 148 156 179
b11 267 234 308 258
b12 365 474 384 491
b13 165 169 198 217
b14 256 185 300 206
b15 350 285 384 300
b16 0 320 45 362
b17 294 0 335 37
b18 269 141 312 185
b19 100 173 136 196
b20 53 269 70 282
b21 222 213 266 241
b22 414 0 449 29
b23 499 48 516 88
b24 373 154 391 178
b25 251 0 294 29
b26 394 332 421 350
b27 417 97 455 137
b28 294 399 318 411
b29 116 196 146 225
b30 347 340 375 360
b31 58 329 90 365
b32 57 214 79 233
b33 294 304 340 349
b34 228 420 240 449
b35 90 239 116 251
b36 436 279 466 306
b37 523 424 535 453
b38 116 240 137 259
b39 294 411 307 423
b40 145 416 164 463
b41 393 455 429 474
b42 42 484 88 509
b43 198 168 219 207
b44 0 150 27 174
b45 467 399 492 423
b46 294 121 307 140
b47 466 252 506 294
b48 494 366 522 400
b49 414 73 462 97
b50 240 421 259 435
b51 544 272 558 288
b52 259 319 277 356
b53 329 467 365 479
b54 259 258 293 288
b55 98 406 129 432
b56 144 58 175 104
b57 459 0 506 48
b58 467 423 492 448
b59 0 233 38 280
b60 212 0 251 16
b61 350 240 381 285
b62 223 110 269 146
b63 384 286 420 332
b64 516 0 531 33
b65 492 424 515 437
b66 308 221 350 266
b67 208 207 222 240
b68 75 0 120 28
b69 466 294 502 321
b70 433 500 478 516
b71 384 188 418 220
b72 222 360 254 375
b73 221 241 267 253
b74 121 510 155 553
b75 384 266 421 286
b76 462 66 498 105
b77 334 416 374 434
b78 129 394 145 436
b79 442 430 467 470
b80 57 534 93 549
b81 259 421 291 436
b82 223 86 262 110
b83 221 253 258 294
b84 0 480 38 514
b85 383 106 417 149
b86 136 104 175 148
b87 180 473 225 521
b88 351 184 380 228
b89 390 41 410 83
b90 462 105 508 129
b91 225 486 268 507
b92 90 259 137 304
b93 165 327 189 347
b94 310 468 329 499
b95 470 448 507 492
b96 384 220 417 266
b97 541 216 556 256
b98 506 272 541 285
b99 312 154 329 194
b100 414 29 459 73
b101 516 33 552 63
b102 468 516 508 552
b103 121 463 155 497
b104 0 219 42 233
b105 318 515 351 550
b106 168 479 180 512
b107 0 452 32 467
b108 512 140 550 177
b109 344 39 390 81
b110 522 355 561 397
b111 121 497 142 510
b112 28 280 53 310
b113 186 449 222 473
b114 0 106 34 150
b115 164 419 186 453
b116 137 326 165 345
b117 191 0 212 39
b118 452 179 490 223
b119 475 321 503 366
b120 393 490 429 526
b121 418 176 452 214
b122 0 392 20 435
b123 19 70 42 106
b124 259 288 294 319
b125 182 377 228 419
b126 354 404 376 416
b127 98 436 141 461
b128 223 42 251 86
b129 490 183 512 217
b130 436 306 466 332
b131 0 0 48 45
b132 251 61 290 79
b133 421 346 436 389
b134 53 282 87 329
b135 228 375 243 420
b136 332 39 344 76
b137 100 490 121 518
b138 436 366 464 408
b139 346 117 382 154
b140 100 196 112 239
b141 503 321 522 366
b142 48 0 75 37
b143 63 146 88 170
b144 270 475 310 490
b145 170 244 215 257
b146 189 329 222 377
b147 186 419 228 449
b148 334 377 354 395
b149 51 406 98 428
b150 383 83 414 106
b151 0 45 18 87
b152 42 70 58 89
b153 0 362 41 392
b154 376 452 393 474
b155 190 315 215 329
b156 421 263 449 279
b157 269 121 294 141
b158 146 179 159 202
b159 63 170 95 214
b160 369 0 385 27
b161 508 94 555 140
b162 129 376 160 394
b163 490 150 512 183
b164 101 65 142 101
b165 159 148 176 169
b166 93 359 129 393
b167 346 81 383 117
b168 390 0 414 41
b169 270 436 294 475
b170 137 347 182 376
b171 160 376 182 416
b172 277 319 290 346
b173 270 490 302 515
b174 175 40 191 83
b175 42 509 58 524
b176 259 356 292 394
b177 268 515 305 556
b178 0 87 19 104
b179 225 507 259 553
b180 508 476 527 516
b181 242 436 270 466
b182 144 13 168 58
b183 171 257 204 296
b184 95 148 141 173
b185 312 94 346 121
b186 45 365 78 396
b187 506 285 544 321
b188 347 300 384 340
b189 418 137 462 149
b190 418 149 455 176
b191 384 474 418 490
b192 454 223 502 252
b193 225 449 242 482
b194 527 453 540 481
b195 421 292 434 325
b196 291 37 332 78
b197 267 206 304 234
b198 190 296 238 315
b199 27 150 63 181
b200 101 28 144 65
b201 219 16 248 42
b202 436 332 475 366
b203 78 365 93 393
b204 317 434 358 467
b205 421 325 436 346
b206 391 526 433 561
b207 137 240 170 268
b208 242 466 269 486
b209 42 233 87 269
b210 87 214 100 238
b211 449 263 465 275
b212 100 518 121 560
b213 42 89 56 121
b214 168 13 185 40
b215 100 461 121 490
b216 308 266 350 285
b217 376 404 396 452
b218 58 78 101 93
b219 0 280 28 298
b220 433 470 470 500
b221 78 393 123 406
b222 304 194 338 219
b223 146 202 165 224
b224 238 294 259 339
b225 0 181 47 219
b226 507 437 523 476
b227 272 29 285 61
b228 334 395 354 416
b229 221 146 269 170
b230 464 366 494 399
b231 310 78 340 94
b232 351 491 393 514
b233 337 360 350 376
b234 358 434 376 467
b235 57 101 103 123
b236 137 299 176 326
b237 351 514 391 535
b238 391 149 418 188
b239 294 377 334 399
b240 324 285 347 304
b241 20 439 44 452
b242 51 428 91 450
b243 522 321 559 355
b244 338 184 351 221
b245 494 400 530 424
b246 57 123 101 146
b247 354 368 393 404
b248 20 396 51 439
b249 0 514 35 541
b250 137 268 171 299
b251 222 170 256 213
b252 375 340 394 368
b253 42 219 57 232
b254 45 329 58 353
b255 512 177 559 216
b256 32 452 53 465
b257 312 137 345 154
b258 53 450 97 484
b259 88 484 100 510
b260 350 228 369 240
b261 90 304 135 316
b262 243 394 291 421
b263 396 408 442 455
b264 294 423 317 468
b265 116 225 161 240
b266 175 83 223 128
b267 335 0 369 39
b268 442 408 467 430
b269 462 48 499 66
b270 34 121 57 136
b271 58 510 100 534
b272 433 516 468 540
b273 506 241 527 271
b274 329 479 350 512
b275 0 298 28 320
b276 176 296 190 327
b277 535 397 547 444
b278 0 467 42 480
b279 90 316 129 359
b280 35 524 57 555
b281 294 285 324 303
b282 329 154 373 184
b283 421 279 436 292
b284 251 29 272 59
b285 144 0 177 13
b286 62 37 98 78
b287 462 129 504 150
b288 191 39 219 75
b289 103 101 136 138
b290 527 256 554 272
b291 294 349 337 377
b292 502 217 541 241
b293 291 78 310 121
b294 204 257 221 283
b295 155 479 168 522
b296 302 499 329 515
b297 516 63 554 94
b298 421 223 454 263
b299 305 515 318 528
