232439.9375
235415.5
205660
455 452
4.015236
b0 304 328 347 361
b1 265 260 302 325
b2 80 260 133 294
b3 189 270 256 307
b4 0 38 19 67
b5 231 71 280 110
b6 396 371 436 389
b7 170 325 210 347
b8 210 325 272 375
b9 323 171 339 212
b10 189 307 241 325
b11 280 132 339 171
b12 218 0 246 61
b13 396 323 453 371
b14 41 369 104 412
b15 396 271 455 323
b16 397 235 454 271
b17 266 194 310 260
b18 340 122 391 170
b19 0 122 31 172
b20 310 247 347 266
b21 154 0 218 50
b22 231 110 280 144
b23 347 247 396 267
b24 41 412 86 440
b25 226 205 265 259
b26 31 165 86 205
b27 86 141 151 166
b28 304 361 350 400
b29 246 47 308 71
b30 347 328 373 352
b31 154 102 180 136
b32 0 271 53 314
b33 310 212 332 247
b34 53 260 80 314
b35 0 0 31 38
b36 199 166 266 205
b37 280 112 340 132
b38 266 171 323 194
b39 154 50 209 102
b40 180 102 209 128
b41 0 172 27 227
b42 31 61 93 114
b43 31 0 77 61
b44 290 400 355 447
b45 0 227 23 271
b46 0 67 22 106
b47 170 347 203 412
b48 31 114 88 141
b49 246 0 311 47
b50 394 102 426 169
b51 252 375 290 432
b52 133 270 178 324
b53 311 0 332 43
b54 373 329 391 390
b55 355 392 389 448
b56 88 118 151 135
b57 181 128 199 175
b58 122 324 168 358
b59 104 415 154 452
b60 350 352 373 392
b61 311 43 344 66
b62 394 20 454 39
b63 344 59 389 95
b64 86 166 133 216
b65 77 0 133 57
b66 339 170 406 231
b67 332 0 376 40
b68 394 39 446 102
b69 340 95 394 122
b70 80 294 122 336
b71 209 61 231 125
b72 93 57 154 118
b73 302 267 369 328
b74 31 205 73 243
b75 344 40 372 59
b76 73 216 106 238
b77 104 358 170 415
b78 272 328 304 364
b79 280 71 340 112
b80 339 231 397 247
b81 106 216 156 256
b82 205 375 252 432
b83 0 349 22 365
b84 209 144 276 166
b85 394 0 419 20
b86 189 214 226 270
b87 151 175 195 214
b88 31 141 68 165
b89 154 136 181 174
b90 65 336 104 369
b91 156 214 189 270
b92 0 106 26 122
b93 0 314 65 349
b94 0 365 41 424
b95 154 415 205 434
b96 406 169 446 235
b97 31 243 98 260
b98 373 267 395 329
b99 389 390 455 439
