2713464.601562
2908533.5
957846
263 3642
928.549501
b0 54 3328 81 3343
b1 117 0 144 16
b2 91 2967 113 2993
b3 157 2455 178 2500
b4 132 2283 172 2328
b5 90 3065 106 3091
b6 78 2701 116 2728
b7 33 3221 68 3250
b8 46 3035 67 3071
b9 86 1534 130 1559
b10 25 3499 40 3530
b11 73 1311 114 1335
b12 125 254 142 273
b13 169 592 202 640
b14 87 782 131 803
b15 159 1826 193 1841
b16 188 1841 233 1883
b17 73 1335 114 1372
b18 145 2003 188 2047
b19 96 3091 132 3114
b20 67 3204 80 3221
b21 47 2170 75 2214
b22 117 140 152 169
b23 117 2562 157 2579
b24 109 548 127 572
b25 75 2604 104 2647
b26 145 2069 172 2087
b27 87 588 125 628
b28 129 1408 153 1420
b29 75 3131 104 3161
b30 105 194 125 222
b31 97 2023 129 2059
b32 42 3250 61 3272
b33 182 546 227 592
b34 182 759 211 771
b35 124 2764 136 2790
b36 126 591 153 621
b37 90 3035 102 3064
b38 150 1790 171 1809
b39 124 1078 136 1091
b40 185 872 204 919
b41 130 1582 166 1601
b42 156 1341 202 1366
b43 78 2647 117 2668
b44 118 2096 145 2120
b45 43 1406 67 1431
b46 202 1040 221 1053
b47 140 957 182 997
b48 125 1744 153 1778
b49 144 38 168 86
b50 70 2840 89 2854
b51 73 0 87 16
b52 33 3071 70 3089
b53 98 1657 134 1669
b54 25 3465 55 3499
b55 185 841 211 872
b56 178 0 224 31
b57 104 2514 151 2562
b58 103 1106 128 1131
b59 88 2328 135 2366
b60 87 572 126 588
b61 116 1020 147 1065
b62 92 2728 138 2764
b63 152 1116 188 1162
b64 70 2008 103 2023
b65 118 2120 131 2143
b66 131 2410 173 2455
b67 145 1970 159 2003
b68 89 2821 117 2866
b69 0 3530 36 3557
b70 117 16 133 61
b71 86 1717 120 1749
b72 133 125 165 140
b73 86 1559 98 1605
b74 43 1372 86 1406
b75 135 2328 155 2365
b76 125 687 164 723
b77 36 3530 76 3548
b78 153 640 195 656
b79 103 1884 143 1909
b80 0 3627 36 3642
b81 131 2467 146 2499
b82 198 640 237 664
b83 178 31 215 72
b84 144 0 178 38
b85 172 2069 206 2112
b86 156 1366 195 1410
b87 86 1669 131 1717
b88 91 2923 120 2967
b89 104 3114 124 3156
b90 158 997 204 1021
b91 125 279 168 300
b92 122 1164 167 1211
b93 131 2148 151 2172
b94 43 2074 74 2093
b95 88 2208 132 2245
b96 119 2618 165 2651
b97 132 456 172 471
b98 208 72 221 107
b99 159 1809 199 1826
b100 73 1266 117 1311
b101 67 1886 97 1922
b102 158 723 198 759
b103 67 1924 101 1958
b104 145 2233 187 2247
b105 114 1341 149 1374
b106 105 0 117 33
b107 61 3250 93 3265
b108 174 919 211 957
b109 0 3250 42 3296
b110 109 1211 148 1253
b111 169 546 182 567
b112 142 254 172 279
b113 103 2386 139 2410
b114 33 3155 67 3199
b115 128 496 162 518
b116 0 3557 28 3576
b117 155 2328 194 2349
b118 117 1266 161 1304
b119 173 2349 201 2394
b120 145 2112 181 2148
b121 136 1078 170 1116
b122 86 1374 129 1394
b123 166 2247 189 2283
b124 211 664 242 699
b125 46 2993 92 3035
b126 131 2455 153 2467
b127 104 2471 129 2514
b128 153 518 197 546
b129 132 2253 166 2275
b130 43 0 73 26
b131 199 1612 247 1657
b132 103 3243 121 3282
b133 88 2366 103 2409
b134 140 864 174 911
b135 97 1909 142 1924
b136 134 1778 171 1790
b137 103 1078 124 1106
b138 166 176 208 204
b139 73 1131 109 1168
b140 88 2409 100 2452
b141 54 3343 73 3388
b142 118 2059 145 2096
b143 145 2208 169 2233
b144 130 1601 145 1641
b145 132 2208 145 2253
b146 141 1697 189 1730
b147 73 803 103 845
b148 87 0 105 20
b149 103 1862 150 1884
b150 225 699 248 730
b151 140 782 158 824
b152 176 90 192 109
b153 166 1582 207 1612
b154 93 3226 115 3243
b155 91 2562 116 2576
b156 166 204 194 220
b157 70 3035 90 3060
b158 103 1924 126 1937
b159 76 3487 120 3519
b160 43 1958 70 1974
b161 91 3377 137 3424
b162 168 72 199 90
b163 145 2047 178 2069
b164 174 1483 210 1524
b165 87 1989 108 2006
b166 152 140 186 176
b167 69 3450 105 3487
b168 175 1524 199 1565
b169 46 2840 70 2879
b170 75 2452 104 2497
b171 43 1974 65 2014
b172 104 2410 131 2423
b173 0 3296 25 3328
b174 98 1641 141 1657
b175 204 957 219 973
b176 102 3027 135 3065
b177 47 2133 88 2170
b178 132 398 149 417
b179 105 300 151 334
b180 109 421 128 461
b181 131 1669 161 1697
b182 46 2923 91 2947
b183 133 181 166 220
b184 128 471 174 496
b185 129 1374 156 1408
b186 147 1041 178 1074
b187 120 2887 156 2925
b188 195 1366 232 1406
b189 190 1410 234 1422
b190 141 1641 178 1668
b191 75 2524 91 2558
b192 148 1211 177 1259
b193 70 1958 103 1975
b194 105 181 133 194
b195 109 1253 142 1266
b196 108 741 149 782
b197 103 803 140 831
b198 192 339 240 358
b199 161 339 192 375
b200 117 1304 160 1341
b201 237 358 263 387
b202 67 1749 101 1788
b203 70 3103 85 3131
b204 78 2668 119 2701
b205 129 1519 150 1534
b206 61 3265 103 3300
b207 61 3300 94 3328
b208 158 1021 185 1041
b209 129 1483 174 1519
b210 67 2749 80 2773
b211 175 1565 191 1577
b212 156 1410 177 1452
b213 65 2023 97 2037
b214 199 1524 216 1551
b215 132 377 161 398
b216 103 1970 145 1989
b217 47 2749 67 2797
b218 65 2059 108 2074
b219 125 723 153 741
b220 88 2104 118 2141
b221 103 831 116 876
b222 42 3388 76 3413
b223 69 3431 91 3450
b224 47 2728 92 2749
b225 105 339 152 377
b226 161 1259 200 1275
b227 55 3465 68 3497
b228 87 628 108 648
b229 158 759 182 807
b230 122 1131 152 1164
b231 92 2764 108 2794
b232 116 997 158 1020
b233 224 0 240 13
b234 42 3413 75 3431
b235 126 1924 148 1970
b236 70 2866 97 2905
b237 43 2093 64 2133
b238 161 375 188 414
b239 93 3204 133 3226
b240 202 1021 225 1040
b241 198 664 211 688
b242 36 3548 58 3588
b243 158 807 195 841
b244 148 220 185 233
b245 67 1862 103 1886
b246 109 377 132 421
b247 174 414 210 453
b248 0 0 43 31
b249 89 2794 124 2821
b250 92 2993 123 3027
b251 76 3343 119 3377
b252 133 3065 152 3093
b253 133 220 148 233
b254 153 1470 177 1483
b255 151 300 198 339
b256 116 1065 137 1078
b257 70 1975 87 2008
b258 25 3431 69 3465
b259 70 3091 96 3103
b260 117 169 136 181
b261 169 2148 181 2193
b262 104 2423 131 2471
b263 0 2133 47 2179
b264 140 841 185 864
b265 81 3328 126 3343
b266 130 1534 175 1582
b267 28 3588 62 3627
b268 87 377 109 402
b269 153 1452 190 1470
b270 164 656 187 671
b271 33 3131 75 3155
b272 101 1749 125 1784
b273 74 2074 95 2104
b274 133 233 166 254
b275 91 2576 113 2604
b276 138 2651 169 2665
b277 42 3272 54 3319
b278 149 414 162 456
b279 47 2797 86 2840
b280 47 2647 78 2669
b281 70 2905 100 2923
b282 109 518 153 548
b283 91 2497 104 2512
b284 135 2365 165 2386
b285 33 2179 46 2212
b286 101 1821 137 1862
b287 97 2866 139 2887
b288 118 2172 146 2208
b289 101 1784 134 1821
b290 75 2497 91 2524
b291 75 3161 103 3204
b292 117 2579 141 2618
b293 126 572 169 591
b294 144 86 161 112
b295 133 112 176 125
b296 125 1717 141 1744
b297 126 656 164 687
b298 0 2179 33 2219
b299 109 1131 122 1144
