233720.3515625
236787.5
206116
454 454
7.599561
b0 40 350 83 383
b1 297 218 362 255
b2 223 80 276 114
b3 60 133 97 200
b4 0 278 19 307
b5 276 48 325 87
b6 132 236 150 276
b7 0 371 40 393
b8 290 168 352 218
b9 181 383 197 424
b10 132 276 150 328
b11 218 221 277 260
b12 325 46 353 107
b13 124 385 181 433
b14 0 393 63 436
b15 395 278 454 330
b16 0 79 36 136
b17 295 282 339 348
b18 270 0 321 48
b19 132 332 182 363
b20 361 313 380 350
b21 207 285 271 335
b22 118 0 152 49
b23 395 192 415 241
b24 357 84 402 112
b25 102 58 141 112
b26 176 171 216 226
b27 427 148 452 213
b28 230 415 276 454
b29 362 22 386 84
b30 72 313 96 339
b31 206 46 232 80
b32 152 27 205 70
b33 0 0 35 22
b34 297 255 351 282
b35 48 282 86 313
b36 35 0 102 39
b37 277 218 297 278
b38 197 392 254 415
b39 223 114 278 166
b40 22 278 48 307
b41 223 166 250 221
b42 97 112 150 174
b43 206 0 267 46
b44 317 385 382 432
b45 97 174 141 197
b46 83 341 105 380
b47 27 39 92 72
b48 0 22 27 79
b49 386 22 451 69
b50 362 190 394 257
b51 277 392 315 449
b52 0 233 54 278
b53 105 363 148 384
b54 216 260 277 278
b55 96 285 130 341
b56 206 80 223 143
b57 277 278 295 325
b58 362 156 408 190
b59 22 313 72 350
b60 294 348 317 388
b61 415 213 448 236
b62 408 132 427 192
b63 96 240 132 285
b64 152 112 199 162
b65 0 177 57 233
b66 290 107 357 168
b67 357 112 397 156
b68 402 69 454 132
b69 152 0 206 27
b70 54 240 96 282
b71 0 307 22 371
b72 36 72 97 133
b73 382 362 449 423
b74 152 70 190 112
b75 199 143 218 171
b76 148 363 181 385
b77 201 335 267 392
b78 382 330 418 362
b79 0 136 60 177
b80 102 0 118 58
b81 250 166 290 216
b82 150 285 207 332
b83 427 132 449 148
b84 321 0 388 22
b85 418 330 443 350
b86 395 241 451 278
b87 123 197 167 236
b88 325 22 362 46
b89 232 46 270 73
b90 197 415 230 454
b91 362 257 395 313
b92 150 162 176 178
b93 317 350 382 385
b94 83 384 124 443
b95 182 332 201 383
b96 57 200 123 240
b97 277 325 294 392
b98 339 282 361 344
b99 150 236 216 285
