420936.25
528273.5
313599
559 561
656.931729
b0 295 352 310 379
b1 296 283 323 299
b2 386 40 408 66
b3 298 211 343 232
b4 142 78 187 118
b5 86 408 112 424
b6 87 39 114 77
b7 224 191 259 220
b8 232 106 268 127
b9 0 376 25 420
b10 281 268 296 299
b11 173 131 197 172
b12 281 210 298 229
b13 155 264 203 297
b14 491 309 512 353
b15 295 318 310 352
b16 0 295 42 340
b17 286 450 327 487
b18 303 379 346 423
b19 155 324 191 347
b20 84 466 97 483
b21 114 78 142 122
b22 445 0 474 35
b23 443 539 483 556
b24 277 330 295 354
b25 295 130 338 159
b26 343 238 370 256
b27 371 0 409 40
b28 236 312 260 324
b29 99 167 128 197
b30 244 263 264 291
b31 148 366 184 398
b32 446 401 468 420
b33 13 135 59 180
b34 99 293 111 322
b35 479 145 505 157
b36 446 293 476 320
b37 405 317 434 329
b38 244 291 263 312
b39 196 227 208 240
b40 139 347 186 366
b41 13 230 49 249
b42 218 515 243 561
b43 491 353 530 374
b44 95 533 122 557
b45 445 420 469 445
b46 458 280 477 293
b47 413 345 455 385
b48 114 366 148 394
b49 421 0 445 48
b50 232 421 246 440
b51 469 428 483 444
b52 432 96 469 114
b53 244 34 256 70
b54 121 242 155 272
b55 87 13 118 39
b56 13 0 44 46
b57 188 54 235 102
b58 420 425 445 450
b59 36 471 83 509
b60 281 229 297 268
b61 334 159 365 204
b62 199 385 245 421
b63 387 134 433 170
b64 431 385 446 418
b65 186 347 199 370
b66 401 510 443 555
b67 391 317 405 350
b68 275 37 303 82
b69 346 398 382 425
b70 483 458 528 474
b71 377 215 411 247
b72 96 77 111 109
b73 422 170 434 216
b74 61 518 95 561
b75 310 318 347 338
b76 185 191 224 227
b77 413 385 431 425
b78 0 481 16 523
b79 41 393 81 418
b80 0 451 36 466
b81 95 518 127 533
b82 387 110 426 134
b83 350 86 387 127
b84 27 509 61 547
b85 298 249 341 283
b86 520 414 559 458
b87 434 202 479 250
b88 347 320 391 349
b89 286 487 328 507
b90 479 173 503 219
b91 44 0 87 21
b92 473 383 520 428
b93 387 66 407 90
b94 242 156 273 175
b95 42 356 86 393
b96 366 170 412 203
b97 405 329 445 344
b98 401 475 414 510
b99 298 232 338 249
b100 288 507 332 552
b101 506 74 542 104
b102 49 283 89 319
b103 343 204 377 238
b104 418 250 432 292
b105 44 21 77 56
b106 478 133 511 145
b107 200 421 232 436
b108 483 521 520 559
b109 194 297 236 343
b110 305 0 344 42
b111 92 322 105 343
b112 78 142 108 167
b113 235 70 259 106
b114 434 136 478 170
b115 105 344 139 366
b116 111 122 139 141
b117 169 538 208 559
b118 511 133 555 171
b119 385 350 413 395
b120 127 480 163 516
b121 239 330 277 364
b122 13 210 56 230
b123 182 515 218 538
b124 163 480 198 511
b125 344 40 386 86
b126 263 462 285 474
b127 84 493 127 518
b128 242 479 286 507
b129 412 216 434 250
b130 414 466 444 492
b131 99 197 147 242
b132 263 291 281 330
b133 512 335 555 350
b134 36 437 83 471
b135 148 465 193 480
b136 310 363 347 375
b137 44 56 72 77
b138 246 409 288 437
b139 269 0 305 37
b140 446 250 458 293
b141 304 299 349 318
b142 477 282 514 309
b143 407 86 432 110
b144 148 422 163 462
b145 197 154 242 167
b146 268 82 301 130
b147 84 424 114 466
b148 402 428 420 448
b149 473 111 520 133
b150 332 481 355 512
b151 72 171 90 213
b152 277 354 293 373
b153 13 180 54 210
b154 241 462 263 479
b155 96 109 110 134
b156 338 127 366 143
b157 283 379 303 404
b158 99 270 112 293
b159 434 170 478 202
b160 479 157 506 173
b161 355 509 401 556
b162 78 111 96 142
b163 303 87 336 109
b164 474 0 515 36
b165 142 131 163 148
b166 114 394 148 430
b167 515 262 551 299
b168 503 173 527 214
b169 13 111 52 135
b170 187 102 232 131
b171 241 440 281 462
b172 114 39 127 66
b173 310 338 342 363
b174 259 37 275 80
b175 273 195 289 210
b176 147 194 185 227
b177 155 227 196 264
b178 59 111 78 128
b179 44 77 90 111
b180 530 350 549 390
b181 327 453 357 481
b182 528 458 552 503
b183 301 172 334 211
b184 445 320 491 345
b185 434 69 468 96
b186 0 420 33 451
b187 455 345 491 383
b188 444 459 481 499
b189 434 250 446 294
b190 344 0 371 37
b191 239 175 273 191
b192 518 214 547 262
b193 239 364 272 381
b194 462 36 475 64
b195 382 395 395 428
b196 200 440 241 481
b197 246 381 283 409
b198 36 418 84 437
b199 382 263 418 294
b200 163 422 200 465
b201 242 130 271 156
b202 341 256 380 290
b203 0 466 28 481
b204 203 263 244 296
b205 347 383 368 398
b206 127 516 169 551
b207 160 23 188 56
b208 111 141 138 161
b209 305 42 341 87
b210 512 309 525 333
b211 450 35 462 51
b212 92 366 113 408
b213 445 445 477 459
b214 407 69 434 86
b215 199 364 228 385
b216 469 69 488 111
b217 120 0 168 20
b218 59 128 74 171
b219 346 425 364 453
b220 483 428 520 458
b221 47 343 92 356
b222 244 0 269 34
b223 196 240 215 262
b224 126 430 147 475
b225 364 428 402 475
b226 402 450 441 466
b227 295 159 327 172
b228 347 362 367 383
b229 148 398 196 422
b230 349 290 382 320
b231 382 247 412 263
b232 168 0 210 23
b233 347 349 363 362
b234 395 395 413 428
b235 273 130 295 176
b236 155 297 194 324
b237 199 343 239 364
b238 527 171 554 210
b239 127 56 167 78
b240 281 299 304 318
b241 97 466 110 490
b242 433 114 473 136
b243 364 475 401 509
b244 259 191 272 228
b245 520 390 556 414
b246 382 294 426 317
b247 479 243 515 282
b248 49 252 92 283
b249 0 523 27 558
b250 139 148 173 179
b251 224 220 258 263
b252 273 176 301 195
b253 184 370 199 383
b254 173 172 197 185
b255 481 474 520 521
b256 169 511 182 532
b257 264 254 281 287
b258 198 481 242 515
b259 396 203 422 215
b260 377 203 396 215
b261 142 300 154 345
b262 288 423 336 450
b263 0 249 47 295
b264 197 131 242 154
b265 128 179 173 194
b266 243 507 288 555
b267 210 0 244 39
b268 520 503 542 528
b269 488 69 506 106
b270 332 512 347 535
b271 197 167 239 191
b272 49 319 84 343
b273 458 250 479 280
b274 127 20 160 41
b275 99 242 121 270
b276 336 87 350 118
b277 409 0 421 47
b278 59 171 72 213
b279 56 213 99 252
b280 188 23 210 54
b281 367 349 385 379
b282 112 300 142 344
b283 323 283 338 296
b284 301 109 331 130
b285 87 0 120 13
b286 0 340 41 376
b287 408 48 450 69
b288 525 299 553 335
b289 475 36 512 69
b290 446 385 473 401
b291 112 272 155 300
b292 479 219 518 243
b293 366 127 385 170
b294 259 228 276 254
b295 142 118 185 131
b296 110 466 126 493
b297 512 36 543 74
b298 444 499 477 539
b299 0 0 13 13
