445608
576495
314721
561 561
561.595653
b0 253 146 280 161
b1 511 225 527 252
b2 131 120 153 146
b3 411 353 456 374
b4 172 0 217 40
b5 68 0 94 16
b6 183 132 210 170
b7 527 220 556 255
b8 270 347 291 383
b9 197 404 222 448
b10 314 177 329 208
b11 168 437 192 478
b12 185 374 202 393
b13 30 460 63 508
b14 209 260 253 281
b15 280 165 314 180
b16 25 140 70 182
b17 230 438 271 475
b18 314 134 358 177
b19 230 103 253 139
b20 14 237 27 254
b21 69 396 113 424
b22 195 103 230 132
b23 251 0 268 40
b24 348 379 366 403
b25 153 54 196 83
b26 445 160 463 187
b27 260 278 300 316
b28 0 169 24 181
b29 97 432 127 461
b30 145 275 173 295
b31 275 110 311 142
b32 529 375 551 394
b33 121 387 167 432
b34 411 303 423 332
b35 529 363 555 375
b36 300 289 330 316
b37 253 266 282 278
b38 0 194 19 215
b39 66 74 79 86
b40 79 467 98 514
b41 428 454 447 490
b42 499 485 524 531
b43 274 202 313 223
b44 0 396 27 420
b45 292 506 317 530
b46 400 123 419 136
b47 456 422 498 462
b48 362 526 396 554
b49 200 170 248 194
b50 63 514 82 528
b51 445 238 459 254
b52 487 41 524 59
b53 97 527 133 539
b54 168 478 202 508
b55 40 60 66 91
b56 70 142 101 188
b57 503 137 551 184
b58 337 520 362 545
b59 0 420 47 458
b60 192 225 208 264
b61 422 374 453 419
b62 132 453 168 499
b63 337 403 383 439
b64 513 350 528 383
b65 335 379 348 402
b66 442 40 487 82
b67 166 40 199 54
b68 524 65 552 110
b69 253 161 280 197
b70 292 415 337 431
b71 196 69 228 103
b72 14 254 29 286
b73 511 255 557 267
b74 226 281 260 324
b75 175 83 195 120
b76 518 184 557 220
b77 271 425 289 465
b78 164 358 206 374
b79 22 532 62 557
b80 0 458 15 494
b81 15 458 30 490
b82 479 201 518 225
b83 496 0 533 41
b84 98 461 132 499
b85 328 228 362 271
b86 452 0 496 39
b87 469 297 514 345
b88 367 307 411 336
b89 391 0 433 20
b90 423 329 469 353
b91 124 275 145 318
b92 514 267 561 312
b93 366 375 386 399
b94 316 379 335 410
b95 208 524 252 561
b96 143 212 176 258
b97 437 0 452 40
b98 499 450 512 485
b99 68 57 108 74
b100 347 0 391 45
b101 499 383 529 419
b102 208 488 248 524
b103 217 0 251 34
b104 314 214 356 228
b105 46 284 79 319
b106 94 0 127 12
b107 75 319 107 334
b108 362 233 400 270
b109 75 354 121 396
b110 423 254 465 293
b111 68 16 81 37
b112 192 448 217 478
b113 36 225 60 261
b114 313 0 347 44
b115 47 362 69 396
b116 123 332 151 351
b117 372 79 393 118
b118 514 312 558 350
b119 292 431 337 459
b120 411 490 447 526
b121 362 163 400 197
b122 217 325 237 368
b123 248 475 271 511
b124 262 316 297 347
b125 465 225 511 267
b126 14 225 36 237
b127 0 126 25 169
b128 271 530 315 558
b129 400 382 422 416
b130 376 478 406 504
b131 95 210 143 255
b132 127 12 166 30
b133 172 343 215 358
b134 0 362 47 396
b135 358 118 373 163
b136 250 324 262 361
b137 40 91 68 112
b138 300 228 328 270
b139 400 136 437 172
b140 407 44 419 87
b141 152 321 197 340
b142 373 118 400 155
b143 524 41 549 65
b144 110 86 150 101
b145 107 319 152 332
b146 275 62 308 110
b147 153 120 183 162
b148 197 325 217 343
b149 349 473 371 520
b150 280 142 311 165
b151 93 255 135 273
b152 207 309 226 325
b153 123 355 164 385
b154 428 437 450 454
b155 0 215 14 240
b156 202 388 230 404
b157 206 368 231 388
b158 0 181 23 194
b159 308 45 352 77
b160 463 160 479 187
b161 228 57 275 103
b162 22 0 40 31
b163 280 180 313 202
b164 401 172 442 208
b165 231 40 252 57
b166 0 326 34 362
b167 400 87 437 123
b168 479 160 503 201
b169 22 286 46 325
b170 108 57 153 86
b171 0 286 22 326
b172 217 448 230 475
b173 383 416 415 441
b174 176 225 192 268
b175 297 359 313 374
b176 334 271 367 309
b177 34 325 75 362
b178 311 114 328 133
b179 173 275 207 321
b180 317 501 336 541
b181 328 106 358 134
b182 391 20 436 44
b183 313 346 352 379
b184 386 336 411 382
b185 334 309 361 343
b186 19 194 52 225
b187 423 293 461 329
b188 376 441 416 478
b189 416 437 428 481
b190 209 233 246 260
b191 252 511 268 545
b192 222 409 270 438
b193 143 258 176 275
b194 217 475 245 488
b195 176 212 209 225
b196 271 465 312 506
b197 35 112 72 140
b198 47 412 66 460
b199 468 386 499 422
b200 72 99 109 142
b201 275 36 304 62
b202 337 439 376 473
b203 40 0 68 15
b204 60 222 93 263
b205 151 340 172 355
b206 411 526 453 561
b207 485 82 518 110
b208 181 529 208 549
b209 268 0 313 36
b210 528 350 552 363
b211 199 53 211 69
b212 271 383 292 425
b213 401 229 415 261
b214 533 0 550 27
b215 120 499 149 520
b216 401 261 420 303
b217 75 334 123 354
b218 109 164 152 179
b219 135 179 153 207
b220 297 316 334 346
b221 66 467 79 512
b222 150 86 175 120
b223 0 523 22 542
b224 149 508 194 529
b225 153 174 200 212
b226 27 396 66 412
b227 199 40 231 53
b228 271 506 292 526
b229 133 529 181 553
b230 481 267 514 297
b231 352 45 368 75
b232 79 296 121 319
b233 297 346 313 359
b234 415 419 448 437
b235 109 101 131 147
b236 94 30 133 57
b237 127 432 167 453
b238 493 110 532 137
b239 0 0 22 40
b240 300 270 323 289
b241 22 87 35 111
b242 371 504 411 526
b243 367 270 401 307
b244 311 77 324 114
b245 292 379 316 415
b246 469 345 513 368
b247 362 197 401 233
b248 210 139 253 170
b249 62 528 97 555
b250 101 179 135 210
b251 52 188 95 222
b252 207 281 226 309
b253 22 111 35 126
b254 0 510 24 523
b255 253 227 300 266
b256 164 374 185 387
b257 109 147 142 164
b258 453 508 497 542
b259 337 473 349 499
b260 153 162 172 174
b261 127 0 172 12
b262 324 79 372 106
b263 447 462 494 508
b264 79 273 124 296
b265 40 15 55 60
b266 445 115 493 160
b267 368 45 407 79
b268 423 229 445 254
b269 487 59 524 77
b270 22 64 37 87
b271 312 459 336 501
b272 27 508 62 532
b273 253 197 274 227
b274 46 263 79 284
b275 98 499 120 527
b276 386 382 400 413
b277 456 353 468 400
b278 68 86 110 99
b279 209 194 252 233
b280 0 40 22 71
b281 469 368 499 386
b282 167 393 197 437
b283 445 223 458 238
b284 133 30 163 51
b285 22 31 35 64
b286 231 368 267 409
b287 401 208 443 229
b288 445 187 473 223
b289 329 177 362 214
b290 465 267 481 294
b291 69 424 97 467
b292 361 336 385 375
b293 253 103 272 146
b294 145 295 171 312
b295 0 240 13 283
b296 0 494 27 510
b297 499 419 537 450
b298 445 82 485 115
b299 237 324 250 337
