2062752
3053631
1071873
297 3609
952.103528
b0 172 622 199 637
b1 220 39 247 55
b2 198 2036 220 2062
b3 95 45 116 90
b4 139 1045 179 1090
b5 51 2633 67 2659
b6 116 524 154 551
b7 155 2246 190 2275
b8 224 55 245 91
b9 22 3429 66 3454
b10 185 198 200 229
b11 63 3164 104 3188
b12 115 2354 132 2373
b13 79 1084 112 1132
b14 123 2503 167 2524
b15 80 1733 114 1748
b16 49 2075 94 2117
b17 188 1853 229 1890
b18 49 2874 92 2918
b19 110 2259 146 2282
b20 0 2935 13 2952
b21 33 3124 61 3168
b22 226 278 261 307
b23 143 318 183 335
b24 13 2284 31 2308
b25 183 318 212 361
b26 0 2892 27 2910
b27 232 108 270 148
b28 78 3030 102 3042
b29 33 3094 62 3124
b30 102 1497 122 1525
b31 152 444 184 480
b32 95 805 114 827
b33 125 2850 170 2896
b34 101 1179 130 1191
b35 42 3229 54 3255
b36 102 1553 129 1583
b37 152 369 164 398
b38 92 2891 113 2910
b39 143 40 155 53
b40 60 2693 79 2740
b41 184 444 220 463
b42 76 1780 122 1805
b43 44 2242 83 2263
b44 96 2580 123 2604
b45 42 3204 66 3229
b46 27 3409 46 3422
b47 143 0 185 40
b48 60 2659 88 2693
b49 124 2128 148 2176
b50 105 2083 124 2097
b51 71 2455 85 2471
b52 95 850 132 868
b53 116 1275 152 1287
b54 0 2308 30 2342
b55 165 1177 191 1208
b56 27 3342 73 3373
b57 137 2404 184 2452
b58 0 3557 25 3582
b59 78 3096 125 3134
b60 62 3188 101 3204
b61 49 2985 80 3030
b62 133 2176 179 2212
b63 88 2690 124 2736
b64 125 2835 158 2850
b65 189 290 202 313
b66 124 2083 166 2128
b67 49 2117 63 2150
b68 30 2789 58 2834
b69 102 3274 138 3301
b70 182 2275 198 2320
b71 111 2803 145 2835
b72 22 3467 54 3482
b73 146 1346 158 1392
b74 155 2212 198 2246
b75 83 2957 103 2994
b76 37 2150 76 2186
b77 155 250 195 268
b78 108 868 150 884
b79 55 0 95 25
b80 123 1630 159 1645
b81 80 1748 95 1780
b82 128 2330 167 2354
b83 69 1894 106 1935
b84 71 2306 105 2344
b85 75 2608 109 2651
b86 71 2344 110 2388
b87 78 3048 123 3096
b88 76 2117 105 2161
b89 157 1135 177 1177
b90 107 3134 153 3158
b91 144 601 187 622
b92 81 1583 126 1630
b93 200 0 220 24
b94 30 2056 61 2075
b95 164 369 208 406
b96 71 2422 117 2455
b97 58 2016 98 2031
b98 44 2205 57 2240
b99 93 3414 133 3431
b100 253 24 297 69
b101 138 2623 168 2659
b102 107 769 147 805
b103 54 3274 88 3308
b104 94 2031 136 2045
b105 122 1219 157 1252
b106 200 90 212 123
b107 55 3414 87 3429
b108 164 406 201 444
b109 166 1990 208 2036
b110 141 1948 180 1990
b111 95 868 108 889
b112 117 2478 147 2503
b113 190 463 226 487
b114 152 480 186 524
b115 160 1903 194 1925
b116 30 1910 58 1929
b117 13 2263 52 2284
b118 72 1329 116 1367
b119 114 805 142 850
b120 157 653 193 689
b121 154 563 188 601
b122 49 2918 92 2938
b123 126 1583 149 1619
b124 150 689 181 724
b125 66 3232 112 3274
b126 143 1123 165 1135
b127 105 1690 130 1733
b128 102 1525 146 1553
b129 13 28 47 50
b130 30 2659 60 2685
b131 95 0 143 45
b132 89 1290 107 1329
b133 27 3168 42 3211
b134 49 2938 83 2985
b135 137 2389 182 2404
b136 189 278 226 290
b137 126 983 147 1011
b138 13 0 55 28
b139 13 3482 49 3519
b140 107 726 119 769
b141 141 1903 160 1948
b142 57 2205 84 2242
b143 51 2608 75 2633
b144 233 198 248 238
b145 112 2736 125 2781
b146 102 2994 150 3027
b147 181 689 211 731
b148 105 1670 123 1690
b149 118 1287 165 1309
b150 188 1822 211 1853
b151 105 2194 123 2236
b152 47 1540 63 1559
b153 92 2927 133 2957
b154 157 925 179 942
b155 80 1670 105 1684
b156 114 607 142 623
b157 155 268 175 293
b158 130 1179 153 1192
b159 51 2471 95 2503
b160 111 2787 138 2803
b161 58 1969 104 2016
b162 126 965 157 983
b163 47 1497 80 1519
b164 104 1947 140 1988
b165 232 91 253 108
b166 47 1461 81 1497
b167 228 161 264 198
b168 134 884 158 925
b169 55 25 79 64
b170 73 3342 102 3387
b171 95 2478 117 2518
b172 66 3429 93 3442
b173 79 2736 104 2768
b174 117 2373 160 2389
b175 185 0 200 16
b176 89 1224 122 1262
b177 77 1389 118 1426
b178 55 1263 72 1282
b179 118 1011 164 1045
b180 200 226 219 266
b181 33 3066 63 3094
b182 247 0 292 24
b183 92 2852 125 2891
b184 143 293 189 318
b185 143 335 170 369
b186 79 1191 110 1224
b187 105 2045 141 2083
b188 81 1630 118 1670
b189 195 266 239 278
b190 73 3387 110 3414
b191 60 2740 76 2774
b192 63 1846 92 1894
b193 92 2910 125 2927
b194 116 551 144 564
b195 142 640 175 653
b196 49 3482 90 3523
b197 179 746 216 774
b198 112 2604 160 2623
b199 13 2205 44 2241
b200 185 161 228 198
b201 108 884 134 913
b202 55 1224 89 1263
b203 89 1262 104 1290
b204 30 2308 71 2341
b205 81 1456 102 1471
b206 123 3048 165 3083
b207 200 198 233 226
b208 96 2560 123 2580
b209 33 3030 78 3066
b210 119 726 132 750
b211 33 2874 49 2886
b212 114 684 135 726
b213 88 3204 120 3218
b214 13 50 30 77
b215 47 1519 76 1540
b216 66 3442 108 3461
b217 110 2282 130 2330
b218 150 731 193 746
b219 105 2176 133 2194
b220 75 2787 105 2824
b221 47 1559 60 1604
b222 30 2031 64 2056
b223 58 2824 80 2843
b224 155 229 200 250
b225 185 123 232 161
b226 30 1894 69 1910
b227 64 2031 77 2063
b228 65 3461 86 3481
b229 13 2075 37 2123
b230 112 1146 142 1179
b231 211 774 227 804
b232 95 2455 137 2478
b233 79 25 95 38
b234 0 2874 33 2892
b235 55 1389 77 1435
b236 95 1045 122 1084
b237 30 2834 51 2874
b238 220 0 247 39
b239 72 1367 112 1389
b240 37 2186 60 2205
b241 115 2330 128 2354
b242 79 1132 101 1172
b243 42 3308 79 3342
b244 75 2774 112 2787
b245 116 369 152 393
b246 102 1453 125 1497
b247 154 524 190 563
b248 114 653 157 684
b249 122 1192 157 1219
b250 95 965 126 999
b251 13 3523 56 3557
b252 92 2824 111 2852
b253 69 1935 84 1948
b254 104 1262 128 1275
b255 141 1864 188 1903
b256 30 2341 51 2354
b257 139 1090 156 1123
b258 71 2388 115 2422
b259 84 1935 110 1947
b260 95 90 114 102
b261 37 2075 49 2120
b262 112 1084 139 1132
b263 143 1776 190 1822
b264 110 2236 155 2259
b265 30 2774 75 2789
b266 51 2560 96 2608
b267 208 361 242 400
b268 0 2910 22 2935
b269 106 1846 143 1864
b270 95 999 118 1014
b271 122 1752 164 1776
b272 200 55 224 90
b273 81 1426 102 1456
b274 69 1948 102 1969
b275 66 3204 88 3232
b276 112 1132 143 1146
b277 95 102 107 149
b278 95 2518 108 2560
b279 52 2263 91 2306
b280 106 1864 137 1886
b281 142 622 172 640
b282 63 3134 107 3164
b283 125 1346 138 1361
b284 102 3027 132 3048
b285 0 0 13 33
b286 76 1805 112 1846
b287 150 2896 192 2917
b288 27 3373 55 3409
b289 118 1309 151 1346
b290 102 1426 118 1453
b291 116 564 144 607
b292 88 2651 112 2690
b293 114 1733 157 1752
b294 55 1435 72 1461
b295 22 3454 65 3467
b296 0 3582 16 3609
b297 25 3557 63 3588
b298 108 925 141 965
b299 146 2275 159 2288
