294645.75
389041.5
200250
445 450
108.940074
b0 177 82 213 98
b1 77 359 96 398
b2 395 94 436 129
b3 406 258 424 305
b4 96 414 128 440
b5 260 231 291 266
b6 247 229 260 258
b7 223 341 251 362
b8 34 280 66 295
b9 190 129 236 163
b10 95 240 140 272
b11 306 114 320 150
b12 177 46 219 82
b13 391 46 436 94
b14 0 265 25 280
b15 247 266 293 311
b16 274 148 296 166
b17 231 387 264 413
b18 410 129 429 163
b19 279 57 309 69
b20 329 404 357 437
b21 307 312 351 351
b22 138 89 177 115
b23 217 362 257 387
b24 362 162 377 187
b25 309 56 345 92
b26 102 0 145 25
b27 0 230 34 245
b28 224 191 270 229
b29 112 77 149 89
b30 236 136 253 163
b31 263 37 279 74
b32 40 0 63 32
b33 53 221 89 239
b34 323 351 361 370
b35 231 413 264 428
b36 287 166 299 194
b37 253 148 274 164
b38 312 286 345 312
b39 285 0 315 42
b40 265 74 306 102
b41 287 367 303 383
b42 203 236 247 255
b43 338 234 378 268
b44 271 166 287 193
b45 0 110 37 124
b46 362 114 377 162
b47 177 424 200 438
b48 178 0 204 24
b49 0 0 40 31
b50 377 129 410 171
b51 223 164 271 191
b52 229 311 266 338
b53 133 316 150 334
b54 203 255 246 271
b55 349 151 362 197
b56 370 209 392 234
b57 97 197 145 216
b58 40 239 59 280
b59 260 102 306 148
b60 171 273 201 308
b61 0 172 34 205
b62 299 151 336 196
b63 152 140 187 155
b64 112 30 160 77
b65 145 0 178 30
b66 140 240 171 271
b67 351 307 395 344
b68 236 101 260 136
b69 377 171 415 190
b70 133 334 147 370
b71 357 404 391 446
b72 328 370 361 404
b73 40 32 58 70
b74 236 83 265 101
b75 150 193 177 216
b76 132 185 146 197
b77 59 263 83 279
b78 415 163 441 206
b79 293 271 312 308
b80 285 42 299 57
b81 37 395 69 415
b82 171 240 203 273
b83 271 194 290 231
b84 327 197 370 234
b85 30 295 78 332
b86 409 234 433 258
b87 370 190 415 209
b88 53 193 96 221
b89 0 389 12 424
b90 107 115 152 139
b91 127 272 155 316
b92 63 0 87 42
b93 53 172 96 193
b94 40 139 55 155
b95 291 196 327 221
b96 303 370 328 415
b97 150 155 178 180
b98 40 332 66 348
b99 0 357 37 377
b100 192 360 217 387
b101 0 124 40 172
b102 152 115 190 140
b103 297 417 329 449
b104 224 0 260 25
b105 181 163 223 194
b106 133 380 172 414
b107 160 30 205 46
b108 63 127 96 139
b109 133 216 145 238
b110 63 92 107 115
b111 315 43 333 56
b112 132 139 150 185
b113 378 237 406 280
b114 274 311 293 350
b115 192 311 229 341
b116 96 331 133 373
b117 96 216 133 240
b118 395 349 434 384
b119 145 216 181 240
b120 83 316 128 331
b121 391 406 436 438
b122 0 302 30 345
b123 206 399 219 434
b124 274 350 287 389
b125 78 331 96 359
b126 264 389 302 417
b127 40 115 62 139
b128 87 37 112 73
b129 345 46 391 90
b130 395 305 440 349
b131 0 31 36 51
b132 200 434 238 450
b133 217 387 231 399
b134 238 428 267 444
b135 87 0 102 37
b136 349 90 368 114
b137 213 83 235 101
b138 267 417 297 439
b139 128 414 161 445
b140 107 139 123 151
b141 361 344 395 369
b142 31 415 77 442
b143 219 37 263 83
b144 0 205 29 230
b145 293 237 338 271
b146 63 139 97 172
b147 0 377 31 389
b148 257 362 274 387
b149 0 280 22 302
b150 150 180 180 193
b151 368 94 395 110
b152 99 163 132 196
b153 0 345 40 357
b154 83 272 127 314
b155 66 279 78 292
b156 150 320 192 339
b157 205 25 247 37
b158 392 209 409 237
b159 59 239 95 263
b160 155 308 191 320
b161 192 341 223 360
b162 293 355 323 367
b163 357 0 404 46
b164 354 280 386 307
b165 96 373 129 414
b166 63 115 99 127
b167 293 308 307 355
b168 260 0 285 37
b169 190 101 236 129
b170 40 70 62 115
b171 361 369 395 404
b172 0 51 31 76
b173 395 384 437 406
b174 386 280 406 305
b175 219 399 231 433
b176 161 424 177 444
b177 107 89 138 110
b178 293 221 313 237
b179 147 339 192 380
b180 205 0 224 21
b181 312 271 354 286
b182 99 151 132 163
b183 155 271 171 308
b184 85 73 105 92
b185 336 151 349 195
b186 40 155 53 203
b187 251 338 273 362
b188 203 271 243 295
b189 0 245 31 265
b190 172 387 206 424
b191 320 114 362 151
b192 63 42 85 70
b193 181 194 224 236
b194 315 0 357 43
b195 409 209 445 234
b196 201 295 240 311
b197 40 348 75 395
b198 309 92 349 114
b199 0 76 40 110
