240032.796875
243852
205660
452 455
4.43116
b0 132 195 165 238
b1 70 150 135 187
b2 120 279 154 332
b3 83 346 150 383
b4 63 315 82 344
b5 237 101 276 150
b6 70 60 88 100
b7 89 54 129 76
b8 184 338 234 400
b9 291 373 307 414
b10 363 182 415 200
b11 135 136 174 195
b12 22 354 83 382
b13 234 376 291 424
b14 363 201 426 244
b15 359 98 418 150
b16 63 279 120 315
b17 400 278 444 344
b18 236 328 287 376
b19 235 241 285 272
b20 415 182 452 201
b21 70 100 134 150
b22 0 0 49 34
b23 225 26 245 75
b24 126 410 154 455
b25 131 0 185 39
b26 185 0 225 55
b27 338 182 363 247
b28 358 386 397 432
b29 229 424 291 448
b30 309 313 333 339
b31 126 384 160 410
b32 0 311 53 354
b33 185 55 220 77
b34 237 150 291 177
b35 82 315 120 346
b36 70 240 137 279
b37 216 272 236 332
b38 235 218 292 241
b39 165 195 217 250
b40 309 284 335 313
b41 61 416 116 443
b42 70 187 132 240
b43 0 238 61 284
b44 270 0 317 65
b45 294 195 338 218
b46 0 354 22 393
b47 61 383 126 416
b48 0 211 57 238
b49 393 0 440 65
b50 359 150 426 182
b51 397 344 435 401
b52 184 400 229 454
b53 49 0 70 43
b54 291 312 309 373
b55 368 244 424 278
b56 0 194 63 211
b57 309 339 327 386
b58 150 338 184 384
b59 307 405 344 455
b60 273 272 296 312
b61 237 78 270 101
b62 70 0 89 60
b63 318 111 354 156
b64 185 140 235 187
b65 129 39 185 96
b66 333 319 394 386
b67 276 65 316 109
b68 185 77 237 140
b69 0 284 54 311
b70 317 69 359 111
b71 160 384 182 448
b72 0 393 61 454
b73 0 43 67 104
b74 89 0 131 38
b75 374 0 393 28
b76 137 238 159 271
b77 159 250 216 316
b78 336 247 368 283
b79 0 153 60 194
b80 245 20 261 78
b81 134 96 184 136
b82 317 0 374 47
b83 89 38 111 54
b84 317 47 384 69
b85 241 0 266 20
b86 236 272 273 328
b87 294 156 338 195
b88 89 76 126 100
b89 291 111 318 149
b90 397 401 430 440
b91 393 65 449 98
b92 225 0 241 26
b93 335 284 400 319
b94 235 177 294 218
b95 307 386 358 405
b96 296 218 336 284
b97 217 187 234 254
b98 154 316 216 338
b99 0 104 66 153
