297974.5
393449
202500
450 450
106.339209
b0 57 223 73 259
b1 182 233 221 252
b2 402 214 443 249
b3 402 196 449 214
b4 307 374 339 400
b5 355 137 390 168
b6 258 56 271 85
b7 34 80 62 101
b8 34 391 66 406
b9 117 101 163 135
b10 0 346 32 391
b11 229 19 265 33
b12 34 0 70 42
b13 357 200 402 248
b14 169 407 194 422
b15 70 88 115 134
b16 210 152 232 170
b17 317 73 343 106
b18 253 153 272 187
b19 195 190 225 202
b20 401 45 429 78
b21 154 62 198 101
b22 240 321 266 360
b23 170 0 195 40
b24 195 146 210 171
b25 343 87 379 123
b26 12 204 55 229
b27 0 391 34 406
b28 273 186 319 224
b29 0 0 12 37
b30 275 224 302 241
b31 221 247 237 284
b32 70 394 93 426
b33 117 395 153 413
b34 332 0 351 38
b35 358 72 391 87
b36 379 168 391 196
b37 275 269 291 290
b38 424 283 450 316
b39 220 122 262 152
b40 154 141 195 169
b41 117 0 133 16
b42 138 207 182 226
b43 402 249 442 283
b44 117 74 133 101
b45 262 293 299 307
b46 284 0 332 15
b47 220 89 234 112
b48 149 251 175 275
b49 163 101 194 141
b50 319 181 352 223
b51 225 220 273 247
b52 266 85 293 122
b53 240 301 257 319
b54 182 217 225 233
b55 265 27 311 40
b56 311 321 336 343
b57 101 263 149 282
b58 0 327 41 346
b59 341 287 387 333
b60 197 412 232 442
b61 125 413 159 446
b62 115 148 152 193
b63 34 101 69 116
b64 193 288 240 336
b65 91 282 121 315
b66 266 122 297 153
b67 202 45 239 89
b68 121 282 156 306
b69 387 328 425 347
b70 262 307 298 321
b71 400 392 442 426
b72 416 159 449 193
b73 32 373 70 391
b74 73 238 91 267
b75 115 193 138 220
b76 424 316 438 328
b77 67 426 83 450
b78 309 155 352 181
b79 272 155 309 174
b80 261 247 275 262
b81 90 368 122 388
b82 234 89 266 122
b83 297 118 316 155
b84 387 285 424 328
b85 156 275 193 323
b86 291 269 315 293
b87 195 171 240 190
b88 345 405 373 448
b89 12 229 47 241
b90 12 241 57 265
b91 385 347 413 391
b92 83 426 125 450
b93 101 242 144 263
b94 153 395 169 410
b95 375 391 400 427
b96 195 101 220 146
b97 169 422 197 447
b98 41 357 67 373
b99 70 357 90 394
b100 194 385 219 412
b101 260 409 308 449
b102 144 226 182 251
b103 353 333 385 365
b104 196 252 221 288
b105 311 343 353 374
b106 321 248 355 287
b107 70 176 115 192
b108 90 356 123 368
b109 170 40 182 62
b110 0 406 23 450
b111 302 224 320 237
b112 83 192 101 238
b113 358 44 401 72
b114 229 0 268 19
b115 133 0 170 30
b116 357 248 399 285
b117 308 400 345 424
b118 413 78 448 117
b119 237 247 261 283
b120 195 202 240 217
b121 413 347 445 392
b122 41 327 84 357
b123 240 152 253 187
b124 115 135 154 148
b125 57 299 85 317
b126 34 42 62 80
b127 12 180 34 204
b128 235 409 260 445
b129 358 0 404 44
b130 404 0 448 45
b131 34 116 70 136
b132 317 137 355 153
b133 294 40 306 54
b134 265 40 294 56
b135 169 370 206 385
b136 317 106 336 130
b137 240 283 262 301
b138 12 0 34 30
b139 138 335 169 368
b140 132 226 144 242
b141 379 87 413 112
b142 123 368 169 395
b143 12 136 58 180
b144 154 169 183 194
b145 195 0 229 45
b146 206 336 239 370
b147 12 265 43 277
b148 391 179 416 196
b149 169 385 191 407
b150 262 262 275 292
b151 268 0 284 27
b152 240 187 273 220
b153 86 315 98 355
b154 23 406 67 448
b155 74 279 86 292
b156 239 45 258 87
b157 183 169 195 211
b158 271 56 288 84
b159 93 388 117 424
b160 272 174 308 186
b161 133 30 164 49
b162 346 38 358 68
b163 70 0 117 46
b164 352 168 379 200
b165 274 362 307 403
b166 141 323 177 335
b167 336 123 383 137
b168 117 49 154 74
b169 275 241 321 269
b170 0 277 22 322
b171 312 38 346 73
b172 58 192 83 223
b173 391 137 413 179
b174 390 112 410 137
b175 229 33 263 45
b176 121 306 141 322
b177 101 220 132 241
b178 182 45 202 61
b179 266 321 311 362
b180 175 252 196 271
b181 299 306 341 321
b182 57 267 90 279
b183 308 424 345 440
b184 321 287 341 306
b185 138 194 182 207
b186 22 277 35 325
b187 288 56 312 78
b188 293 78 317 118
b189 43 279 74 299
b190 169 336 206 370
b191 413 117 450 159
b192 35 299 57 327
b193 70 134 113 176
b194 70 46 113 88
b195 321 223 357 248
b196 219 370 235 409
b197 239 362 274 409
b198 353 365 375 405
b199 98 322 138 356
