565155.1269531
593043.5
314160
561 560
148.118763
b0 293 131 308 158
b1 356 456 383 472
b2 46 49 72 71
b3 143 138 188 159
b4 314 92 354 137
b5 0 141 26 157
b6 424 195 462 222
b7 316 366 351 395
b8 146 200 182 221
b9 43 117 68 161
b10 348 200 379 215
b11 187 111 228 135
b12 144 0 163 17
b13 274 219 322 252
b14 193 449 237 470
b15 302 311 317 345
b16 38 420 80 465
b17 199 0 240 37
b18 465 197 508 241
b19 419 130 455 153
b20 176 372 193 385
b21 275 159 303 203
b22 512 184 547 213
b23 74 378 91 418
b24 72 49 96 67
b25 462 370 491 413
b26 348 232 375 250
b27 514 366 552 406
b28 29 206 41 230
b29 381 222 411 251
b30 258 370 286 390
b31 126 273 162 305
b32 455 130 474 152
b33 390 346 435 392
b34 15 0 27 29
b35 435 300 461 312
b36 286 370 316 397
b37 239 492 268 504
b38 239 424 260 443
b39 126 402 139 414
b40 55 370 74 417
b41 163 0 199 19
b42 323 215 348 261
b43 39 28 78 49
b44 0 117 27 141
b45 308 149 333 173
b46 72 67 85 86
b47 453 447 495 487
b48 147 19 175 53
b49 537 274 561 322
b50 287 58 301 77
b51 299 274 315 288
b52 237 167 274 185
b53 367 444 403 456
b54 269 77 303 107
b55 48 344 79 370
b56 464 98 510 129
b57 0 329 48 376
b58 277 397 302 422
b59 0 420 38 467
b60 0 283 39 299
b61 325 457 356 502
b62 273 513 309 559
b63 354 323 390 369
b64 411 256 426 289
b65 71 133 94 146
b66 374 0 416 45
b67 202 185 235 199
b68 326 395 354 440
b69 221 355 257 382
b70 453 517 498 533
b71 224 323 258 355
b72 202 503 234 518
b73 241 58 287 70
b74 139 524 182 558
b75 390 290 427 310
b76 37 524 76 560
b77 182 218 200 258
b78 0 404 42 420
b79 498 479 538 504
b80 76 530 112 545
b81 114 200 146 215
b82 275 107 314 131
b83 264 17 301 58
b84 91 383 125 421
b85 193 415 236 449
b86 80 491 124 530
b87 465 244 513 289
b88 258 341 302 370
b89 401 533 443 553
b90 240 0 264 46
b91 159 503 202 524
b92 465 152 512 197
b93 303 173 327 193
b94 15 71 46 90
b95 498 442 542 479
b96 193 382 239 415
b97 0 0 15 40
b98 202 135 237 148
b99 264 0 304 17
b100 357 513 401 558
b101 513 244 549 274
b102 413 473 453 509
b103 424 222 458 256
b104 439 414 453 456
b105 141 372 176 405
b106 314 137 347 149
b107 78 295 110 310
b108 510 95 547 133
b109 44 162 86 208
b110 458 56 497 98
b111 62 244 75 265
b112 173 347 203 372
b113 237 504 273 528
b114 460 0 494 44
b115 199 295 221 329
b116 141 405 160 433
b117 39 265 78 286
b118 427 256 465 300
b119 70 0 115 28
b120 146 221 182 257
b121 239 390 277 424
b122 0 230 43 250
b123 107 133 143 156
b124 202 199 237 230
b125 419 153 465 195
b126 79 356 91 378
b127 27 0 70 25
b128 86 162 114 206
b129 126 305 160 327
b130 393 130 419 160
b131 435 312 483 357
b132 203 329 221 368
b133 333 149 348 192
b134 162 273 196 320
b135 146 258 191 273
b136 96 79 133 91
b137 126 348 154 369
b138 0 376 42 404
b139 354 369 390 406
b140 474 133 517 145
b141 390 392 435 411
b142 0 486 37 513
b143 302 397 326 422
b144 416 56 456 71
b145 302 353 347 366
b146 309 513 357 546
b147 416 71 458 101
b148 224 301 242 321
b149 332 44 354 91
b150 465 289 496 312
b151 258 323 300 341
b152 268 271 287 287
b153 0 299 41 329
b154 126 215 143 237
b155 0 190 14 215
b156 387 45 415 61
b157 182 193 202 218
b158 16 206 29 229
b159 416 0 460 32
b160 504 0 520 27
b161 79 310 126 356
b162 125 468 156 486
b163 290 252 323 274
b164 495 406 536 442
b165 348 215 369 232
b166 124 486 158 522
b167 495 330 532 366
b168 416 32 457 56
b169 80 445 119 469
b170 419 101 464 130
b171 80 469 120 491
b172 117 49 130 76
b173 237 95 269 120
b174 239 476 282 492
b175 0 215 16 230
b176 0 250 38 283
b177 284 476 325 513
b178 102 91 119 110
b179 159 453 193 499
b180 495 366 514 406
b181 72 91 102 119
b182 80 421 125 445
b183 351 290 390 323
b184 46 71 71 117
b185 284 449 318 476
b186 126 437 159 468
b187 497 57 533 95
b188 382 161 419 201
b189 0 40 12 84
b190 284 422 321 449
b191 274 203 308 219
b192 303 44 332 92
b193 193 470 210 503
b194 458 357 486 370
b195 0 157 13 190
b196 114 159 155 200
b197 196 258 224 295
b198 0 467 48 486
b199 403 430 439 461
b200 37 487 80 524
b201 387 61 416 87
b202 348 161 382 200
b203 0 102 28 117
b204 357 472 390 513
b205 26 141 41 162
b206 84 215 126 250
b207 367 411 395 444
b208 126 237 146 264
b209 390 310 435 346
b210 388 106 401 130
b211 369 215 381 231
b212 182 524 224 545
b213 72 119 104 133
b214 326 440 353 457
b215 123 0 144 29
b216 395 411 437 430
b217 173 405 193 453
b218 401 87 416 130
b219 275 131 293 159
b220 453 487 490 517
b221 160 405 173 450
b222 233 70 267 95
b223 268 252 290 271
b224 78 28 123 49
b225 237 120 275 167
b226 68 146 107 162
b227 354 421 367 453
b228 443 533 464 553
b229 260 424 284 472
b230 317 320 347 353
b231 171 64 187 94
b232 390 461 413 503
b233 27 117 43 130
b234 239 443 257 476
b235 242 301 288 323
b236 160 320 199 347
b237 104 112 144 133
b238 301 17 340 44
b239 41 286 63 326
b240 300 288 319 311
b241 38 250 62 263
b242 308 193 348 215
b243 202 148 236 185
b244 224 230 237 267
b245 513 274 537 310
b246 439 370 462 414
b247 237 185 273 224
b248 319 277 350 320
b249 91 356 126 383
b250 354 106 388 137
b251 340 0 374 43
b252 237 246 265 265
b253 63 286 78 299
b254 188 135 201 159
b255 512 145 559 184
b256 119 91 132 112
b257 130 29 147 62
b258 224 267 268 301
b259 413 461 439 473
b260 439 357 458 369
b261 0 90 45 102
b262 144 62 171 110
b263 187 64 233 111
b264 175 19 198 64
b265 63 299 78 344
b266 78 250 126 295
b267 155 159 194 193
b268 202 230 224 255
b269 491 312 528 330
b270 126 414 141 437
b271 15 29 39 71
b272 401 509 436 533
b273 96 49 117 79
b274 126 327 159 348
b275 48 465 76 487
b276 268 287 299 301
b277 457 44 504 56
b278 42 376 55 418
b279 350 251 393 290
b280 237 224 268 246
b281 393 251 411 281
b282 14 162 44 206
b283 354 406 367 421
b284 504 27 525 57
b285 126 369 139 402
b286 43 208 84 244
b287 382 201 424 222
b288 0 513 36 541
b289 453 414 490 447
b290 323 261 350 277
b291 144 110 187 138
b292 354 137 393 161
b293 354 87 397 106
b294 210 470 236 487
b295 198 46 241 59
b296 112 530 139 546
b297 508 213 546 244
b298 354 45 387 85
b299 160 347 173 360
