449757
585915
313599
559 561
635.353658
b0 180 248 195 275
b1 489 74 516 90
b2 245 0 267 26
b3 434 219 479 240
b4 208 64 253 104
b5 0 336 26 352
b6 126 248 164 275
b7 466 0 501 29
b8 186 154 222 175
b9 534 357 559 401
b10 331 203 346 234
b11 370 310 394 351
b12 297 70 314 89
b13 114 0 162 33
b14 195 265 239 286
b15 404 338 419 372
b16 205 320 247 365
b17 253 45 290 86
b18 419 338 463 381
b19 126 307 162 330
b20 57 323 74 336
b21 93 120 137 148
b22 29 95 64 124
b23 442 278 482 295
b24 359 113 383 131
b25 501 0 530 43
b26 540 291 558 318
b27 317 114 357 152
b28 278 387 302 399
b29 121 483 150 513
b30 196 286 216 314
b31 126 275 162 307
b32 363 45 382 67
b33 308 276 353 322
b34 193 318 205 347
b35 516 56 542 68
b36 247 104 277 131
b37 0 56 29 68
b38 265 298 286 317
b39 87 244 99 257
b40 142 404 161 451
b41 327 322 363 341
b42 24 124 49 170
b43 183 209 204 248
b44 0 455 27 479
b45 489 90 513 115
b46 164 215 183 228
b47 516 112 558 152
b48 370 351 404 379
b49 0 103 24 151
b50 38 351 57 365
b51 301 145 317 159
b52 118 52 136 89
b53 126 330 162 342
b54 162 288 196 318
b55 0 274 26 305
b56 95 257 126 303
b57 442 95 489 143
b58 489 115 514 140
b59 0 352 38 399
b60 36 12 75 28
b61 216 289 261 320
b62 290 510 326 556
b63 397 221 433 267
b64 506 303 539 318
b65 382 45 405 58
b66 397 98 442 140
b67 411 16 425 49
b68 489 383 534 411
b69 159 86 186 122
b70 162 0 178 45
b71 329 40 363 72
b72 98 422 113 454
b73 297 24 309 70
b74 0 511 34 554
b75 353 269 390 289
b76 451 51 487 90
b77 54 250 72 290
b78 55 383 71 425
b79 219 175 259 200
b80 0 440 36 455
b81 98 390 113 422
b82 178 0 217 24
b83 136 45 177 82
b84 18 170 56 204
b85 176 175 219 209
b86 251 200 295 239
b87 293 433 338 481
b88 285 481 329 510
b89 259 145 301 165
b90 267 0 313 24
b91 461 420 504 441
b92 364 0 411 45
b93 278 399 302 419
b94 36 28 67 47
b95 222 131 259 175
b96 290 341 323 387
b97 396 58 411 98
b98 329 27 364 40
b99 470 191 510 208
b100 301 159 346 203
b101 485 497 515 533
b102 245 477 285 513
b103 344 400 378 434
b104 442 264 484 278
b105 193 450 226 485
b106 81 0 114 12
b107 0 241 15 273
b108 174 485 212 522
b109 266 252 308 298
b110 498 318 540 357
b111 0 399 13 420
b112 187 417 212 447
b113 18 250 54 274
b114 451 475 485 519
b115 98 454 120 488
b116 174 455 193 483
b117 100 148 121 187
b118 516 68 554 112
b119 308 234 353 262
b120 419 381 455 417
b121 259 165 297 199
b122 33 295 53 338
b123 64 88 87 124
b124 463 326 498 357
b125 302 387 344 433
b126 222 119 244 131
b127 0 486 43 511
b128 49 124 93 152
b129 217 42 251 64
b130 344 434 374 460
b131 245 513 290 561
b132 0 151 18 190
b133 404 372 419 415
b134 62 336 96 383
b135 202 104 247 119
b136 251 239 288 251
b137 26 274 54 295
b138 217 0 245 42
b139 378 452 415 488
b140 353 197 396 209
b141 487 249 506 294
b142 52 514 79 551
b143 224 217 249 241
b144 121 367 161 382
b145 226 418 239 463
b146 29 47 62 95
b147 163 318 193 360
b148 118 89 138 107
b149 419 452 466 474
b150 464 295 487 326
b151 79 535 121 553
b152 121 404 140 420
b153 96 303 126 344
b154 387 379 404 401
b155 261 317 286 331
b156 359 97 387 113
b157 204 209 224 234
b158 278 419 301 432
b159 419 474 451 518
b160 540 264 556 291
b161 394 292 441 338
b162 121 451 152 469
b163 479 208 512 230
b164 0 0 36 41
b165 142 82 159 103
b166 186 120 222 154
b167 510 168 547 204
b168 512 240 553 264
b169 163 416 187 455
b170 126 186 171 215
b171 277 123 317 145
b172 211 390 224 417
b173 397 267 429 292
b174 164 228 180 271
b175 0 87 15 103
b176 126 215 164 248
b177 57 429 98 466
b178 0 68 17 87
b179 466 441 512 475
b180 226 463 245 503
b181 425 0 453 30
b182 204 241 249 265
b183 239 424 278 457
b184 71 383 96 429
b185 149 152 176 186
b186 0 305 33 336
b187 411 59 449 95
b188 378 415 418 452
b189 317 27 329 71
b190 353 232 380 269
b191 186 86 202 120
b192 476 143 505 191
b193 212 503 245 520
b194 418 518 446 531
b195 162 275 195 288
b196 62 47 103 88
b197 217 520 245 557
b198 27 467 75 486
b199 295 203 331 234
b200 18 213 61 250
b201 425 30 451 59
b202 397 140 436 174
b203 0 41 28 56
b204 54 290 95 323
b205 251 251 266 272
b206 419 417 461 452
b207 461 387 489 420
b208 247 383 274 403
b209 329 482 374 518
b210 429 267 442 291
b211 411 0 423 16
b212 36 425 57 467
b213 121 469 153 483
b214 224 200 251 217
b215 121 420 142 449
b216 317 95 359 114
b217 245 457 293 477
b218 72 244 87 287
b219 225 390 243 418
b220 149 122 186 152
b221 87 107 132 120
b222 211 365 245 390
b223 114 33 136 52
b224 148 531 193 552
b225 163 378 210 416
b226 510 152 549 168
b227 516 43 548 56
b228 121 148 142 168
b229 150 483 174 531
b230 363 67 396 97
b231 463 357 479 387
b232 121 344 163 367
b233 288 239 304 252
b234 178 24 211 42
b235 96 344 118 390
b236 99 218 126 257
b237 353 289 393 310
b238 512 264 539 303
b239 121 382 161 404
b240 487 51 506 74
b241 26 338 50 351
b242 338 460 378 482
b243 397 187 434 221
b244 397 174 434 187
b245 498 357 534 381
b246 353 209 397 232
b247 512 204 551 240
b248 326 518 357 561
b249 56 186 91 213
b250 61 213 95 244
b251 436 176 470 219
b252 484 230 512 249
b253 196 365 211 378
b254 38 365 62 378
b255 79 488 118 535
b256 0 190 13 211
b257 163 360 196 377
b258 56 152 100 186
b259 479 357 491 383
b260 308 322 327 334
b261 36 0 81 12
b262 316 0 364 27
b263 323 341 370 387
b264 317 72 362 95
b265 103 52 118 97
b266 346 152 394 197
b267 277 89 316 123
b268 442 295 464 320
b269 34 514 52 551
b270 126 168 149 183
b271 247 331 289 355
b272 193 522 217 557
b273 357 131 387 152
b274 243 403 276 424
b275 13 412 35 440
b276 308 262 339 276
b277 504 411 551 423
b278 13 399 55 412
b279 357 518 396 561
b280 95 187 117 218
b281 0 211 18 241
b282 178 42 208 86
b283 453 0 466 15
b284 267 24 297 45
b285 212 417 225 450
b286 512 423 553 459
b287 451 30 493 51
b288 43 486 79 514
b289 75 12 112 45
b290 380 232 396 259
b291 247 355 290 383
b292 433 240 472 264
b293 289 298 308 341
b294 239 272 265 289
b295 344 387 387 400
b296 121 513 148 529
b297 512 459 543 497
b298 436 143 476 176
b299 378 401 391 414
