445015.25
575870.5
314160
561 560
260.147767
b0 324 183 339 210
b1 418 121 434 148
b2 120 63 146 85
b3 475 444 496 489
b4 489 109 534 149
b5 73 280 99 296
b6 284 387 322 414
b7 460 100 489 135
b8 251 189 287 210
b9 431 446 475 471
b10 91 32 106 63
b11 276 284 300 325
b12 284 370 303 387
b13 228 239 276 272
b14 187 392 208 436
b15 519 347 553 362
b16 28 240 73 282
b17 450 324 491 361
b18 369 259 413 302
b19 339 275 362 311
b20 27 410 44 423
b21 0 183 28 227
b22 509 0 538 35
b23 135 269 175 286
b24 251 119 269 143
b25 62 0 91 43
b26 460 135 487 153
b27 465 24 503 64
b28 162 187 186 199
b29 243 370 272 400
b30 0 227 28 247
b31 73 208 109 240
b32 514 226 536 245
b33 244 325 290 370
b34 137 464 166 476
b35 540 450 552 476
b36 491 314 518 344
b37 489 149 518 161
b38 228 292 249 311
b39 207 354 219 367
b40 181 451 200 498
b41 61 453 80 489
b42 428 400 453 446
b43 207 315 228 354
b44 0 410 27 434
b45 450 286 475 310
b46 440 485 459 498
b47 519 305 559 347
b48 209 496 237 530
b49 461 0 509 24
b50 205 141 219 160
b51 450 310 466 324
b52 536 185 554 222
b53 39 146 75 158
b54 90 116 120 150
b55 0 0 31 26
b56 322 394 368 425
b57 381 148 429 195
b58 437 364 462 389
b59 15 522 62 560
b60 0 84 39 100
b61 28 209 73 240
b62 210 0 256 36
b63 210 83 256 119
b64 385 482 400 515
b65 202 302 225 315
b66 515 408 560 450
b67 284 69 317 83
b68 33 43 78 71
b69 369 302 405 329
b70 489 64 505 109
b71 332 38 364 72
b72 300 286 315 318
b73 468 229 514 241
b74 418 0 461 34
b75 376 195 413 215
b76 331 96 367 135
b77 450 246 468 286
b78 0 434 42 450
b79 400 485 440 510
b80 0 522 15 558
b81 58 322 73 354
b82 369 329 393 368
b83 495 189 536 226
b84 13 488 51 522
b85 369 412 412 446
b86 255 474 299 513
b87 513 245 561 290
b88 208 396 237 440
b89 97 487 117 529
b90 317 72 363 96
b91 117 510 160 531
b92 418 55 465 100
b93 437 195 461 215
b94 157 373 188 392
b95 369 368 406 412
b96 91 401 137 434
b97 339 170 354 210
b98 256 77 269 112
b99 75 161 115 178
b100 0 365 44 410
b101 369 446 399 482
b102 313 480 353 516
b103 461 195 495 229
b104 299 480 313 522
b105 28 453 61 488
b106 268 12 280 45
b107 120 352 152 367
b108 167 46 205 83
b109 251 147 297 189
b110 284 0 323 42
b111 146 83 167 96
b112 120 85 145 115
b113 276 223 300 259
b114 365 0 399 44
b115 80 453 102 487
b116 188 373 216 392
b117 150 209 171 248
b118 496 450 540 488
b119 322 425 367 453
b120 302 147 338 183
b121 237 400 271 438
b122 137 406 157 449
b123 313 516 336 552
b124 200 456 231 491
b125 441 153 487 195
b126 102 472 124 484
b127 0 140 25 183
b128 377 515 405 559
b129 152 351 186 373
b130 133 0 163 26
b131 116 286 161 334
b132 351 239 390 257
b133 511 290 554 305
b134 0 331 47 365
b135 157 436 202 451
b136 215 265 227 302
b137 0 450 28 471
b138 73 296 115 324
b139 413 247 450 283
b140 429 150 441 193
b141 117 168 162 187
b142 394 220 431 247
b143 413 195 437 220
b144 58 282 73 322
b145 175 252 220 265
b146 269 99 302 147
b147 0 289 30 331
b148 271 443 291 461
b149 354 170 376 217
b150 437 215 460 246
b151 117 150 159 168
b152 208 440 227 456
b153 157 392 187 433
b154 387 113 404 135
b155 220 203 245 217
b156 220 174 248 190
b157 367 96 387 121
b158 220 190 243 203
b159 365 44 409 76
b160 323 0 350 16
b161 163 0 210 46
b162 115 334 146 352
b163 332 16 365 38
b164 496 488 532 529
b165 434 133 455 150
b166 39 112 75 146
b167 475 277 511 314
b168 509 35 550 59
b169 51 489 90 513
b170 271 414 316 443
b171 0 100 22 140
b172 162 145 175 172
b173 249 292 274 324
b174 220 223 263 239
b175 369 482 385 497
b176 102 434 135 472
b177 109 209 150 246
b178 146 334 165 351
b179 135 476 181 510
b180 496 399 515 439
b181 256 47 284 77
b182 320 453 365 477
b183 120 115 159 148
b184 341 348 366 394
b185 446 526 480 553
b186 44 374 75 407
b187 523 149 561 185
b188 175 265 215 302
b189 339 210 351 254
b190 287 189 324 216
b191 228 311 244 345
b192 302 99 331 147
b193 91 367 108 400
b194 393 329 406 357
b195 250 210 283 223
b196 336 516 377 557
b197 336 311 364 348
b198 62 540 110 559
b199 406 364 437 400
b200 165 302 202 345
b201 104 0 133 26
b202 462 361 496 400
b203 58 359 86 374
b204 56 71 89 112
b205 300 318 315 339
b206 339 135 381 170
b207 0 43 33 71
b208 159 125 186 145
b209 468 241 513 277
b210 520 362 544 375
b211 268 0 284 12
b212 418 34 460 55
b213 431 471 463 485
b214 446 498 463 525
b215 231 440 260 461
b216 322 348 341 390
b217 228 272 276 292
b218 307 339 322 382
b219 237 496 255 524
b220 388 76 418 113
b221 0 471 13 516
b222 159 100 193 125
b223 116 246 135 268
b224 188 498 209 543
b225 255 513 293 560
b226 412 400 428 439
b227 91 0 104 32
b228 367 76 388 96
b229 106 26 154 50
b230 220 141 250 174
b231 284 83 314 99
b232 0 247 23 289
b233 157 451 173 464
b234 139 373 157 406
b235 205 119 251 141
b236 91 63 118 102
b237 135 248 175 269
b238 509 59 548 86
b239 117 187 157 209
b240 496 344 519 363
b241 209 530 233 543
b242 354 217 394 239
b243 413 283 450 317
b244 154 46 167 83
b245 496 363 520 399
b246 406 317 450 340
b247 300 250 339 286
b248 31 0 62 43
b249 62 513 97 540
b250 108 367 139 401
b251 73 246 116 280
b252 188 345 207 373
b253 162 172 175 187
b254 73 346 97 359
b255 210 36 249 83
b256 43 71 56 92
b257 167 83 200 100
b258 462 400 496 444
b259 434 121 460 133
b260 390 247 409 259
b261 28 158 73 170
b262 284 42 332 69
b263 44 407 91 453
b264 175 160 220 183
b265 75 116 90 161
b266 175 204 220 252
b267 300 216 339 250
b268 276 259 298 284
b269 302 443 320 480
b270 97 352 120 367
b271 219 354 243 396
b272 231 461 255 496
b273 315 286 336 316
b274 186 183 219 204
b275 160 510 188 532
b276 89 102 120 116
b277 256 0 268 47
b278 260 461 302 474
b279 28 170 71 209
b280 73 324 104 346
b281 339 257 369 275
b282 73 178 117 208
b283 269 77 282 92
b284 505 86 535 107
b285 120 50 153 63
b286 405 510 446 546
b287 418 100 460 121
b288 487 161 523 189
b289 463 489 496 526
b290 353 477 369 504
b291 30 282 58 325
b292 406 340 445 364
b293 399 0 418 43
b294 290 339 307 365
b295 0 71 43 84
b296 75 374 91 401
b297 400 446 431 484
b298 520 375 560 408
b299 271 400 284 413
