2251430.5
3273101
1229760
315 3904
661.634535
b0 102 1190 129 1205
b1 120 670 147 686
b2 41 2270 63 2296
b3 126 2673 147 2718
b4 157 413 197 458
b5 85 3245 101 3271
b6 121 1499 159 1526
b7 120 1324 155 1353
b8 0 27 21 63
b9 29 3592 73 3617
b10 72 3130 87 3161
b11 147 1405 188 1429
b12 75 1272 92 1291
b13 200 1536 233 1584
b14 143 620 187 641
b15 66 1792 100 1807
b16 76 2117 121 2159
b17 46 3555 87 3592
b18 18 3662 61 3706
b19 237 117 273 140
b20 100 1792 113 1809
b21 256 225 284 269
b22 93 3015 128 3044
b23 216 376 256 393
b24 93 2694 111 2718
b25 202 252 231 295
b26 57 2762 84 2780
b27 79 3271 117 3311
b28 84 2061 108 2073
b29 109 1707 138 1737
b30 85 3217 105 3245
b31 61 3662 93 3698
b32 105 1737 124 1759
b33 75 1205 120 1251
b34 0 3454 29 3466
b35 61 3698 73 3724
b36 184 645 211 675
b37 35 1839 47 1868
b38 120 871 141 890
b39 114 2189 126 2202
b40 120 813 139 860
b41 106 1609 142 1628
b42 89 1934 135 1959
b43 40 3269 79 3290
b44 100 1889 127 1913
b45 187 620 211 645
b46 102 890 121 903
b47 63 1675 105 1715
b48 214 807 242 841
b49 102 1113 126 1161
b50 35 1825 54 1839
b51 32 3815 46 3831
b52 62 2497 99 2515
b53 66 3003 102 3015
b54 84 2238 114 2272
b55 121 1430 147 1461
b56 99 2497 145 2528
b57 237 69 284 117
b58 189 348 214 373
b59 93 3044 140 3082
b60 84 2845 123 2861
b61 73 3592 104 3637
b62 223 159 269 195
b63 57 2716 93 2762
b64 122 2528 155 2543
b65 157 1655 170 1678
b66 29 3617 71 3662
b67 223 28 237 61
b68 100 2924 128 2969
b69 32 3788 68 3815
b70 163 1019 179 1064
b71 186 1373 220 1405
b72 120 1277 152 1292
b73 75 2624 87 2670
b74 92 1396 135 1430
b75 21 2270 41 2307
b76 133 926 172 962
b77 221 207 261 225
b78 168 604 210 620
b79 44 2845 84 2870
b80 84 2861 120 2876
b81 80 2206 95 2238
b82 147 1373 186 1397
b83 47 2165 84 2206
b84 63 1754 97 1792
b85 35 3134 69 3177
b86 203 963 242 1007
b87 75 1430 120 1478
b88 100 1845 129 1889
b89 35 3177 55 3219
b90 168 871 214 895
b91 122 1913 165 1934
b92 21 2964 66 3011
b93 145 458 165 482
b94 169 103 200 122
b95 46 3378 90 3415
b96 84 2272 130 2305
b97 35 0 75 15
b98 74 3333 87 3368
b99 250 0 290 17
b100 78 2542 122 2587
b101 69 3161 99 3197
b102 132 2214 172 2250
b103 142 1526 176 1560
b104 114 2659 156 2673
b105 133 890 168 923
b106 62 2413 74 2446
b107 0 3788 32 3803
b108 147 670 184 708
b109 41 2670 83 2716
b110 173 474 212 516
b111 0 63 13 84
b112 130 2189 160 2214
b113 148 974 184 998
b114 145 1233 179 1277
b115 157 813 191 835
b116 104 2305 132 2324
b117 75 1251 114 1272
b118 113 1792 157 1830
b119 46 3333 74 3378
b120 142 1560 178 1596
b121 41 2560 75 2598
b122 153 1353 196 1373
b123 121 1461 144 1497
b124 145 1198 176 1233
b125 250 27 296 69
b126 63 1715 85 1727
b127 120 1205 145 1248
b128 193 0 237 28
b129 46 3533 80 3555
b130 176 1198 206 1224
b131 168 559 216 604
b132 85 1715 103 1754
b133 21 3051 36 3094
b134 152 1277 186 1324
b135 35 3233 80 3248
b136 133 962 170 974
b137 93 2624 114 2652
b138 68 3737 110 3765
b139 169 1161 205 1198
b140 121 890 133 933
b141 202 207 221 252
b142 176 1499 203 1536
b143 157 1630 181 1655
b144 84 2762 99 2802
b145 74 2413 87 2458
b146 109 1628 157 1661
b147 143 482 173 524
b148 66 1851 84 1871
b149 40 3311 87 3333
b150 120 14 143 45
b151 0 3466 18 3508
b152 109 1661 125 1680
b153 114 2159 155 2189
b154 13 3094 35 3111
b155 120 0 145 14
b156 84 1959 112 1975
b157 129 1845 149 1870
b158 21 2740 44 2753
b159 63 3501 107 3533
b160 13 3248 40 3264
b161 63 1628 109 1675
b162 84 2802 115 2820
b163 63 2350 96 2372
b164 106 1526 142 1567
b165 57 2780 78 2797
b166 170 1082 204 1118
b167 18 3706 54 3743
b168 63 2372 87 2413
b169 26 3415 50 3454
b170 18 3743 47 3788
b171 35 2230 57 2270
b172 54 3724 81 3737
b173 143 524 168 556
b174 173 458 216 474
b175 55 3217 70 3233
b176 144 1461 177 1499
b177 172 926 213 963
b178 148 1152 165 1171
b179 102 1079 148 1113
b180 21 3011 40 3051
b181 214 348 244 376
b182 35 2206 80 2230
b183 73 2009 106 2048
b184 78 2820 124 2845
b185 96 2363 123 2397
b186 35 1792 66 1825
b187 63 3463 99 3501
b188 35 3094 72 3134
b189 145 348 189 360
b190 62 2515 99 2542
b191 147 751 163 785
b192 47 2117 76 2165
b193 169 86 202 103
b194 44 2870 72 2883
b195 89 1913 122 1926
b196 99 2718 140 2759
b197 120 785 157 813
b198 145 0 193 19
b199 139 835 170 871
b200 78 2587 121 2624
b201 143 641 169 670
b202 74 2458 108 2497
b203 57 2797 72 2825
b204 63 2317 104 2350
b205 41 2296 62 2311
b206 114 2624 156 2659
b207 13 3333 46 3361
b208 99 3374 126 3394
b209 75 0 120 36
b210 193 62 206 86
b211 84 2305 100 2317
b212 90 3311 111 3353
b213 93 3637 125 3651
b214 184 963 201 990
b215 90 3353 119 3374
b216 54 2098 96 2117
b217 105 3135 125 3183
b218 200 295 243 310
b219 80 3533 108 3551
b220 54 2061 84 2098
b221 184 675 197 720
b222 29 3454 63 3479
b223 155 1934 177 1953
b224 40 3248 85 3269
b225 169 310 216 348
b226 114 1353 153 1369
b227 237 0 250 32
b228 69 3197 90 3217
b229 72 3082 96 3130
b230 111 3311 141 3344
b231 216 393 232 423
b232 121 1019 163 1042
b233 136 1596 152 1609
b234 170 1064 203 1082
b235 125 1661 147 1707
b236 121 974 148 1013
b237 63 2238 84 2278
b238 75 36 102 75
b239 216 513 256 535
b240 237 140 260 159
b241 13 3361 26 3385
b242 189 373 211 413
b243 148 1118 185 1152
b244 73 2048 110 2061
b245 21 2716 57 2740
b246 66 1807 89 1851
b247 0 3831 36 3870
b248 168 895 211 926
b249 0 0 35 27
b250 0 3870 31 3904
b251 157 1596 200 1630
b252 54 2009 73 2037
b253 106 1478 121 1491
b254 145 19 169 32
b255 104 2324 151 2363
b256 72 3030 93 3043
b257 105 1759 122 1792
b258 66 1975 110 2009
b259 206 195 232 207
b260 124 1737 143 1749
b261 145 360 157 405
b262 63 3415 90 3463
b263 179 761 226 807
b264 96 3082 141 3105
b265 40 3015 85 3030
b266 72 2876 117 2924
b267 66 2964 100 3003
b268 148 1079 170 1104
b269 41 2542 78 2560
b270 113 1830 136 1845
b271 106 2009 148 2033
b272 87 2397 111 2432
b273 99 3105 120 3135
b274 93 2673 126 2694
b275 157 785 179 813
b276 284 69 315 83
b277 36 3831 48 3878
b278 123 2845 136 2887
b279 173 516 212 559
b280 211 604 242 626
b281 106 1567 136 1585
b282 156 2250 200 2280
b283 128 2887 141 2902
b284 193 28 223 49
b285 13 3385 26 3418
b286 185 720 221 761
b287 148 998 190 1019
b288 35 15 63 51
b289 121 1042 154 1079
b290 290 0 306 27
b291 185 1118 213 1161
b292 212 474 236 513
b293 126 1171 169 1190
b294 29 3479 46 3505
b295 63 1478 106 1491
b296 114 1369 130 1396
b297 147 720 185 751
b298 44 2924 77 2964
b299 193 49 206 62
