712713.890625
725183
600492
307 1956
13.743704
b0 37 1470 80 1503
b1 72 1305 137 1342
b2 103 0 156 34
b3 137 1196 174 1263
b4 43 1305 72 1324
b5 210 747 249 796
b6 44 1287 84 1305
b7 161 739 183 779
b8 44 1159 94 1221
b9 147 479 163 520
b10 0 40 18 92
b11 93 1222 132 1281
b12 103 232 164 260
b13 127 142 175 199
b14 192 288 255 331
b15 18 1807 77 1859
b16 249 108 285 165
b17 111 899 155 965
b18 161 688 209 739
b19 24 1713 55 1763
b20 59 1394 96 1413
b21 83 425 147 475
b22 44 619 93 653
b23 93 1067 113 1116
b24 174 425 219 453
b25 96 1388 150 1427
b26 55 1713 110 1753
b27 18 40 43 105
b28 41 1667 80 1713
b29 103 34 127 96
b30 0 1604 24 1630
b31 78 1504 104 1538
b32 129 779 172 832
b33 18 1859 40 1894
b34 147 425 174 479
b35 0 1894 31 1932
b36 156 0 195 67
b37 83 0 103 60
b38 145 325 168 382
b39 199 567 251 622
b40 217 0 243 29
b41 37 1503 64 1558
b42 83 322 145 375
b43 126 1342 187 1388
b44 150 520 215 567
b45 195 29 218 73
b46 175 142 214 164
b47 160 1053 225 1086
b48 18 1577 75 1604
b49 145 260 192 325
b50 83 520 150 552
b51 161 567 199 624
b52 83 552 137 597
b53 94 1159 137 1180
b54 111 634 129 695
b55 156 67 190 123
b56 24 1604 41 1667
b57 0 1630 18 1677
b58 80 1470 126 1504
b59 111 597 161 634
b60 77 1753 117 1776
b61 155 832 188 855
b62 18 1558 78 1577
b63 172 779 208 824
b64 160 1006 210 1053
b65 192 232 249 288
b66 93 1006 160 1067
b67 0 0 44 40
b68 41 1604 93 1667
b69 72 1342 126 1369
b70 93 1117 135 1159
b71 137 1117 201 1139
b72 203 1086 264 1147
b73 168 331 229 398
b74 94 1180 132 1222
b75 18 105 37 133
b76 127 199 149 232
b77 137 1139 203 1196
b78 31 1894 67 1926
b79 111 965 171 1006
b80 43 1324 59 1382
b81 113 1067 153 1117
b82 43 1413 90 1470
b83 195 0 217 16
b84 44 597 111 619
b85 72 1369 92 1394
b86 251 331 307 368
b87 24 1763 63 1807
b88 0 1932 37 1956
b89 145 398 183 425
b90 44 0 83 33
b91 164 199 220 232
b92 93 1538 119 1554
b93 190 73 255 108
b94 209 688 250 747
b95 156 123 207 142
b96 199 622 239 688
b97 129 832 146 899
b98 103 260 125 322
b99 44 1221 93 1287
