440638
566555
314721
561 561
575.983976
b0 106 358 133 373
b1 425 257 452 273
b2 243 19 265 45
b3 379 316 400 361
b4 498 60 538 105
b5 0 243 16 269
b6 171 261 198 299
b7 498 105 533 134
b8 282 288 318 309
b9 171 217 196 261
b10 294 421 309 452
b11 294 309 318 350
b12 243 0 260 19
b13 130 150 178 183
b14 185 482 229 503
b15 294 359 328 374
b16 71 513 116 555
b17 419 360 456 401
b18 328 166 372 209
b19 350 69 386 92
b20 279 402 292 419
b21 170 33 198 77
b22 469 124 498 159
b23 185 331 202 371
b24 405 439 429 457
b25 277 33 306 76
b26 432 222 459 240
b27 474 194 512 234
b28 70 369 82 393
b29 19 377 49 406
b30 175 122 203 142
b31 119 271 155 303
b32 254 45 276 64
b33 71 467 116 513
b34 112 424 141 436
b35 278 376 290 402
b36 282 261 312 288
b37 401 457 430 469
b38 175 101 194 122
b39 143 21 156 33
b40 155 183 202 202
b41 0 269 19 305
b42 325 0 350 46
b43 132 220 153 259
b44 19 169 46 193
b45 324 142 349 166
b46 419 199 432 218
b47 459 354 501 394
b48 238 200 272 228
b49 498 134 546 158
b50 155 299 174 313
b51 491 472 507 486
b52 318 279 336 316
b53 119 259 155 271
b54 185 384 219 414
b55 19 288 50 314
b56 219 388 250 434
b57 512 191 560 238
b58 328 359 353 384
b59 185 444 232 482
b60 238 109 277 125
b61 153 441 184 486
b62 304 80 340 126
b63 116 473 152 519
b64 459 279 474 312
b65 132 207 155 220
b66 459 312 504 354
b67 185 414 218 428
b68 157 396 185 441
b69 459 394 495 421
b70 155 217 171 262
b71 309 421 343 453
b72 185 299 200 331
b73 225 216 237 262
b74 152 516 195 550
b75 105 373 142 393
b76 512 238 551 274
b77 350 113 390 131
b78 0 386 16 428
b79 284 165 324 190
b80 34 336 49 372
b81 89 219 121 234
b82 373 204 412 228
b83 336 209 373 250
b84 89 0 127 34
b85 336 250 379 284
b86 419 316 458 360
b87 387 469 432 517
b88 196 217 225 261
b89 432 202 474 222
b90 495 402 541 426
b91 47 175 68 218
b92 221 64 268 109
b93 277 76 297 100
b94 89 34 108 65
b95 284 190 328 227
b96 238 228 284 261
b97 142 381 182 396
b98 504 389 539 402
b99 504 310 544 327
b100 459 235 504 279
b101 202 186 238 216
b102 40 408 76 448
b103 379 228 413 262
b104 405 358 419 400
b105 49 336 84 369
b106 155 262 167 295
b107 0 107 32 122
b108 511 474 549 511
b109 379 274 425 316
b110 456 0 498 39
b111 47 218 60 239
b112 219 358 244 388
b113 178 142 202 178
b114 453 160 497 194
b115 65 234 99 256
b116 124 188 152 207
b117 49 369 70 408
b118 318 321 362 359
b119 112 396 157 424
b120 35 479 71 515
b121 238 162 272 200
b122 0 459 43 479
b123 76 401 112 424
b124 89 188 124 219
b125 373 162 419 204
b126 76 439 98 451
b127 19 214 44 257
b128 343 462 387 490
b129 84 336 106 370
b130 207 109 237 135
b131 294 492 342 537
b132 413 218 431 257
b133 452 421 467 464
b134 294 374 328 421
b135 155 202 200 217
b136 225 290 237 327
b137 19 193 47 214
b138 250 376 278 418
b139 390 126 427 162
b140 272 162 284 205
b141 237 291 282 310
b142 498 0 535 27
b143 377 437 401 462
b144 89 65 104 105
b145 194 77 207 122
b146 284 227 332 260
b147 0 65 30 107
b148 491 486 511 504
b149 372 0 419 22
b150 82 370 105 401
b151 270 506 288 548
b152 229 490 248 506
b153 0 521 41 551
b154 50 288 72 305
b155 27 22 41 47
b156 432 467 448 495
b157 284 100 304 125
b158 185 371 208 384
b159 497 159 541 191
b160 498 27 525 43
b161 232 444 279 490
b162 27 47 58 65
b163 303 0 325 33
b164 420 37 456 78
b165 498 43 519 60
b166 0 122 36 156
b167 432 124 469 160
b168 426 100 467 124
b169 93 303 132 327
b170 140 313 185 342
b171 49 73 89 95
b172 185 503 212 516
b173 134 102 166 127
b174 198 24 214 67
b175 127 21 143 36
b176 367 385 405 418
b177 108 36 149 73
b178 30 65 49 82
b179 36 122 82 156
b180 475 511 515 530
b181 491 426 521 454
b182 353 361 398 385
b183 309 453 342 492
b184 19 263 65 288
b185 386 54 420 81
b186 0 428 33 459
b187 504 274 542 310
b188 238 125 278 162
b189 379 262 423 274
b190 350 131 387 158
b191 185 428 219 444
b192 504 360 552 389
b193 0 305 17 338
b194 456 72 484 85
b195 195 548 228 561
b196 342 505 383 546
b197 198 262 235 290
b198 0 338 19 386
b199 452 464 488 495
b200 336 284 379 321
b201 250 418 279 444
b202 343 421 377 460
b203 19 349 34 377
b204 89 119 130 152
b205 342 490 363 505
b206 0 479 35 521
b207 152 486 185 514
b208 237 310 264 330
b209 390 81 426 126
b210 119 234 132 258
b211 202 358 218 370
b212 212 506 233 548
b213 405 22 419 54
b214 432 240 459 257
b215 127 0 156 21
b216 400 316 419 358
b217 58 25 78 73
b218 279 419 294 462
b219 432 439 450 467
b220 233 506 270 536
b221 19 156 64 169
b222 200 290 225 324
b223 64 156 86 175
b224 149 33 170 78
b225 405 401 452 439
b226 362 321 378 360
b227 203 135 235 148
b228 288 537 309 557
b229 173 0 221 24
b230 474 279 504 312
b231 318 126 348 142
b232 150 78 192 101
b233 103 436 119 449
b234 407 517 440 535
b235 221 0 243 46
b236 36 95 75 122
b237 350 92 390 113
b238 471 85 498 124
b239 27 0 67 22
b240 312 260 335 279
b241 65 218 89 231
b242 350 0 372 40
b243 119 436 153 473
b244 419 162 432 199
b245 467 421 491 457
b246 452 495 475 539
b247 328 385 367 421
b248 50 305 93 336
b249 0 0 27 35
b250 106 327 140 358
b251 425 273 459 316
b252 377 418 405 437
b253 103 449 118 462
b254 47 239 60 263
b255 515 511 554 558
b256 19 406 40 419
b257 156 0 173 33
b258 306 46 350 80
b259 276 19 302 31
b260 294 452 306 471
b261 0 198 12 243
b262 521 426 548 474
b263 72 256 119 302
b264 130 127 175 150
b265 426 85 471 100
b266 245 331 293 376
b267 284 126 318 165
b268 67 0 89 25
b269 419 0 437 37
b270 76 424 99 439
b271 108 78 150 102
b272 41 515 65 550
b273 264 310 294 331
b274 68 175 89 208
b275 43 448 71 470
b276 116 519 147 533
b277 372 22 384 69
b278 0 156 13 198
b279 142 342 185 381
b280 19 314 50 336
b281 491 454 521 472
b282 238 261 282 291
b283 459 222 474 235
b284 384 22 405 52
b285 221 46 254 59
b286 89 152 130 188
b287 432 160 453 202
b288 525 27 561 55
b289 456 39 493 72
b290 248 490 275 506
b291 202 330 245 358
b292 383 517 407 556
b293 260 0 303 19
b294 108 102 134 119
b295 279 462 292 505
b296 76 451 103 467
b297 202 148 233 186
b298 504 327 544 360
b299 19 336 32 349
