318221.25
437086.5
199356
444 449
40.397367
b0 368 392 404 408
b1 250 354 289 373
b2 155 208 190 249
b3 278 258 296 305
b4 182 182 214 208
b5 325 411 356 446
b6 296 289 309 318
b7 104 289 132 310
b8 0 418 32 433
b9 0 264 46 298
b10 16 324 61 356
b11 342 0 356 36
b12 176 130 218 166
b13 62 180 107 228
b14 88 53 113 68
b15 116 398 162 443
b16 352 46 370 68
b17 223 200 249 233
b18 259 270 278 304
b19 205 311 217 341
b20 13 224 46 252
b21 61 248 100 292
b22 316 0 342 39
b23 72 360 97 400
b24 340 207 355 232
b25 123 77 159 113
b26 223 157 248 200
b27 13 195 47 210
b28 377 172 423 210
b29 0 126 12 163
b30 71 33 88 60
b31 189 364 205 401
b32 38 42 70 65
b33 120 0 156 18
b34 278 239 316 258
b35 85 292 100 325
b36 356 411 368 439
b37 268 77 289 93
b38 309 289 335 322
b39 311 77 353 107
b40 223 233 251 274
b41 71 0 87 16
b42 197 92 241 111
b43 395 113 429 153
b44 368 427 395 443
b45 181 33 218 47
b46 205 277 253 292
b47 46 273 60 296
b48 83 154 107 180
b49 83 93 123 124
b50 171 249 204 291
b51 241 75 268 123
b52 395 256 432 283
b53 86 228 104 245
b54 0 31 16 74
b55 13 211 59 224
b56 289 330 311 355
b57 144 318 163 366
b58 31 356 72 375
b59 384 210 430 256
b60 163 334 198 364
b61 13 161 46 195
b62 397 70 442 107
b63 168 0 203 15
b64 107 203 155 250
b65 50 136 83 166
b66 224 44 255 75
b67 46 72 83 116
b68 397 46 432 70
b69 406 354 444 373
b70 31 101 45 137
b71 251 200 293 234
b72 268 93 302 126
b73 20 35 38 73
b74 193 15 222 33
b75 259 330 286 353
b76 46 224 60 236
b77 90 325 114 341
b78 355 210 381 253
b79 368 408 405 427
b80 224 75 239 89
b81 52 375 72 407
b82 311 163 344 195
b83 395 153 432 172
b84 351 330 394 367
b85 304 40 352 77
b86 353 172 377 196
b87 205 292 250 311
b88 325 367 368 395
b89 100 310 135 322
b90 107 154 131 199
b91 296 261 340 289
b92 181 68 223 92
b93 181 47 224 68
b94 159 111 175 126
b95 406 373 442 398
b96 205 354 250 379
b97 153 52 181 77
b98 0 323 16 349
b99 46 116 83 136
b100 249 406 274 433
b101 268 0 316 40
b102 368 367 406 392
b103 32 407 64 439
b104 268 40 304 65
b105 131 161 162 203
b106 394 320 433 354
b107 176 166 221 182
b108 120 125 153 137
b109 355 196 377 208
b110 205 379 249 402
b111 153 126 171 139
b112 221 111 239 157
b113 248 126 291 154
b114 144 366 183 385
b115 83 124 120 154
b116 395 283 437 320
b117 13 137 50 161
b118 20 0 59 35
b119 157 15 181 51
b120 47 166 62 211
b121 293 207 338 239
b122 0 356 30 399
b123 77 325 90 360
b124 144 385 183 398
b125 205 249 223 277
b126 47 296 85 324
b127 0 74 24 96
b128 311 138 347 163
b129 356 0 400 46
b130 353 68 397 113
b131 88 33 124 53
b132 159 95 197 111
b133 70 60 84 72
b134 61 324 77 353
b135 46 236 61 273
b136 291 126 310 150
b137 159 77 181 95
b138 17 298 47 320
b139 250 373 281 406
b140 181 15 193 31
b141 135 284 160 318
b142 162 398 189 444
b143 222 0 268 44
b144 88 68 117 93
b145 277 154 311 199
b146 124 18 157 52
b147 104 277 135 289
b148 0 298 17 323
b149 114 322 136 344
b150 0 211 13 241
b151 370 46 397 62
b152 87 0 120 33
b153 0 252 40 264
b154 72 400 116 442
b155 156 0 168 13
b156 175 111 217 130
b157 59 0 71 42
b158 308 408 325 436
b159 117 53 153 77
b160 268 65 304 77
b161 0 399 31 418
b162 311 195 341 207
b163 201 402 248 448
b164 104 250 136 277
b165 190 208 223 249
b166 289 362 325 374
b167 97 344 144 358
b168 259 305 296 330
b169 249 154 277 200
b170 131 139 176 161
b171 136 250 171 284
b172 0 101 31 126
b173 353 113 395 135
b174 61 228 86 248
b175 189 401 201 435
b176 249 433 269 449
b177 311 107 332 138
b178 32 375 52 391
b179 335 289 380 330
b180 332 107 351 128
b181 380 266 395 308
b182 123 113 156 125
b183 335 330 351 367
b184 162 182 182 201
b185 340 253 384 266
b186 0 163 13 211
b187 316 239 340 261
b188 311 322 335 362
b189 0 0 20 31
b190 281 374 318 408
b191 353 135 395 172
b192 24 73 46 101
b193 163 291 205 334
b194 217 311 259 354
b195 253 234 278 270
b196 325 395 364 411
b197 97 358 144 393
b198 340 266 380 288
b199 274 408 308 448
