550171.0332031
576394.5
314160
561 560
137.739856
b0 203 323 218 350
b1 361 44 377 71
b2 224 52 246 78
b3 234 262 279 283
b4 477 275 522 315
b5 0 511 26 527
b6 210 142 237 180
b7 341 319 376 348
b8 233 424 254 460
b9 36 447 61 491
b10 302 478 333 493
b11 146 156 187 180
b12 218 335 235 354
b13 180 0 228 33
b14 203 356 247 377
b15 476 493 510 508
b16 56 151 101 193
b17 440 198 477 239
b18 276 178 320 221
b19 305 331 341 354
b20 66 18 79 35
b21 180 33 224 61
b22 314 0 349 29
b23 265 336 305 353
b24 336 478 354 502
b25 165 509 194 552
b26 458 484 476 511
b27 321 48 361 86
b28 56 193 80 205
b29 108 80 138 109
b30 417 20 445 40
b31 284 354 320 386
b32 101 494 123 513
b33 101 148 146 194
b34 0 352 12 381
b35 509 0 521 26
b36 354 519 384 546
b37 157 417 186 429
b38 224 33 245 52
b39 96 127 108 140
b40 184 323 203 370
b41 325 86 344 122
b42 417 40 463 65
b43 270 157 309 178
b44 0 325 24 352
b45 322 264 346 289
b46 108 49 127 62
b47 509 106 551 146
b48 254 424 288 452
b49 266 0 314 24
b50 174 137 188 156
b51 254 543 270 557
b52 504 407 522 444
b53 440 239 452 275
b54 146 223 180 253
b55 21 154 52 180
b56 239 138 270 184
b57 184 260 232 307
b58 479 407 504 432
b59 0 215 38 262
b60 281 91 297 130
b61 344 86 375 131
b62 246 37 282 83
b63 277 221 323 257
b64 463 97 496 112
b65 110 445 133 458
b66 440 156 485 198
b67 346 264 360 297
b68 118 210 146 255
b69 196 432 232 459
b70 101 194 146 210
b71 201 459 233 493
b72 146 180 178 195
b73 477 263 523 275
b74 53 405 96 439
b75 246 298 266 335
b76 174 61 213 97
b77 383 0 401 40
b78 0 406 42 422
b79 0 381 40 406
b80 99 458 114 494
b81 184 228 199 260
b82 463 22 487 61
b83 522 407 559 448
b84 61 470 99 504
b85 420 65 463 99
b86 237 83 281 122
b87 347 428 392 476
b88 439 337 468 381
b89 36 88 56 130
b90 430 313 476 337
b91 40 282 61 325
b92 57 360 104 405
b93 479 378 499 402
b94 314 29 345 48
b95 111 337 155 374
b96 273 390 319 423
b97 376 319 391 359
b98 279 296 314 309
b99 336 502 353 542
b100 22 0 66 45
b101 138 75 174 105
b102 174 97 210 137
b103 357 225 391 259
b104 354 546 396 560
b105 40 225 73 260
b106 341 213 374 225
b107 81 65 113 80
b108 157 429 195 466
b109 196 377 242 419
b110 391 173 433 212
b111 0 498 21 511
b112 97 19 122 49
b113 60 127 96 151
b114 510 480 554 514
b115 81 80 103 114
b116 97 0 125 19
b117 233 499 254 538
b118 509 26 547 70
b119 302 450 347 478
b120 0 79 36 115
b121 391 304 429 338
b122 42 205 85 225
b123 0 475 36 498
b124 199 215 234 246
b125 476 336 522 378
b126 153 509 165 531
b127 0 422 43 447
b128 396 516 424 560
b129 527 240 561 262
b130 0 299 30 325
b131 391 212 439 257
b132 233 460 251 499
b133 391 391 434 406
b134 0 45 47 79
b135 234 283 279 298
b136 234 298 246 335
b137 0 150 21 178
b138 114 459 156 487
b139 341 177 378 213
b140 279 309 322 321
b141 138 414 157 459
b142 411 354 438 391
b143 194 516 219 540
b144 141 374 156 414
b145 496 97 509 142
b146 378 140 426 173
b147 123 487 153 529
b148 392 456 412 474
b149 487 0 509 47
b150 479 432 502 463
b151 322 289 340 331
b152 309 157 325 176
b153 73 261 114 291
b154 0 0 22 17
b155 219 493 233 518
b156 494 315 522 331
b157 417 0 442 20
b158 196 419 219 432
b159 507 448 551 480
b160 527 186 543 213
b161 254 452 301 498
b162 66 0 97 18
b163 125 0 158 22
b164 524 280 560 321
b165 477 315 494 336
b166 34 526 70 560
b167 354 391 391 427
b168 503 186 527 227
b169 111 298 135 337
b170 73 232 118 261
b171 34 504 74 526
b172 66 80 79 107
b173 432 99 457 131
b174 184 307 227 323
b175 147 22 162 38
b176 70 327 108 360
b177 146 253 183 294
b178 213 123 230 142
b179 24 325 70 359
b180 439 417 479 436
b181 479 463 507 493
b182 213 78 237 123
b183 378 44 417 77
b184 432 131 478 156
b185 527 213 561 240
b186 61 439 94 470
b187 440 275 476 313
b188 0 262 40 299
b189 179 180 223 192
b190 157 294 184 331
b191 0 527 34 543
b192 499 378 547 407
b193 74 539 107 556
b194 401 0 414 28
b195 266 298 279 331
b196 424 516 465 557
b197 239 184 276 212
b198 108 129 156 148
b199 360 259 391 295
b200 282 48 319 91
b201 304 423 333 449
b202 302 493 336 532
b203 0 447 15 475
b204 399 99 432 140
b205 279 321 300 336
b206 0 180 42 215
b207 146 195 179 223
b208 127 22 147 49
b209 463 61 508 97
b210 391 280 404 304
b211 487 47 503 59
b212 96 405 138 426
b213 404 290 436 304
b214 509 89 536 106
b215 333 399 354 428
b216 234 212 276 231
b217 108 109 156 129
b218 230 123 273 138
b219 398 480 426 498
b220 104 374 141 404
b221 157 496 202 509
b222 452 239 477 273
b223 158 0 180 19
b224 320 354 341 399
b225 392 406 439 444
b226 391 338 430 354
b227 219 518 232 550
b228 354 499 375 519
b229 273 133 321 157
b230 410 257 440 290
b231 430 480 446 510
b232 297 91 320 133
b233 94 445 110 458
b234 527 262 560 280
b235 340 297 386 319
b236 157 331 184 370
b237 378 98 399 138
b238 529 146 556 185
b239 188 137 210 177
b240 391 257 410 280
b241 15 447 28 471
b242 445 0 485 22
b243 247 356 284 390
b244 266 24 303 37
b245 439 381 463 417
b246 354 476 398 499
b247 485 227 524 263
b248 234 231 277 262
b249 74 504 101 539
b250 242 390 273 424
b251 341 348 375 391
b252 96 426 124 445
b253 180 215 195 228
b254 24 130 37 154
b255 157 370 196 417
b256 36 491 57 504
b257 397 499 430 516
b258 349 0 383 44
b259 446 484 458 510
b260 320 207 339 219
b261 392 444 437 456
b262 451 436 478 484
b263 325 131 372 177
b264 180 192 225 215
b265 66 35 81 80
b266 254 498 302 543
b267 323 225 357 264
b268 135 298 157 323
b269 522 354 559 372
b270 202 493 217 516
b271 127 51 169 75
b272 0 115 24 150
b273 235 335 265 356
b274 24 359 57 380
b275 40 260 68 282
b276 225 180 239 211
b277 378 173 390 220
b278 66 114 108 127
b279 279 257 322 296
b280 85 210 116 232
b281 485 186 503 216
b282 157 466 201 496
b283 384 499 397 514
b284 320 177 341 207
b285 147 38 180 51
b286 70 291 111 327
b287 378 77 420 98
b288 375 359 411 387
b289 522 321 559 354
b290 288 423 304 450
b291 118 255 146 298
b292 412 456 451 480
b293 509 70 552 89
b294 457 112 483 129
b295 47 45 60 88
b296 81 49 108 65
b297 228 0 266 31
b298 496 146 529 186
b299 40 380 53 393
