222383.25
224442.5
203850
450 453
2.75588
b0 61 159 104 192
b1 294 344 359 381
b2 204 0 238 53
b3 0 245 37 312
b4 204 114 223 143
b5 290 66 329 115
b6 394 0 412 40
b7 143 232 183 254
b8 204 147 266 197
b9 274 66 290 107
b10 329 54 347 106
b11 104 159 143 218
b12 204 53 232 114
b13 285 115 342 163
b14 37 247 100 290
b15 331 223 383 282
b16 238 66 274 123
b17 45 335 111 379
b18 0 0 48 51
b19 247 364 278 414
b20 359 315 378 352
b21 183 305 247 355
b22 88 53 122 102
b23 331 282 351 331
b24 0 371 45 399
b25 308 0 347 54
b26 48 0 88 55
b27 366 125 431 150
b28 347 65 393 104
b29 223 123 285 147
b30 342 141 366 167
b31 266 163 292 197
b32 143 98 196 141
b33 342 106 364 141
b34 254 0 308 27
b35 112 294 143 332
b36 405 150 444 217
b37 294 381 354 401
b38 41 290 98 313
b39 0 399 55 451
b40 204 197 230 226
b41 247 309 274 364
b42 88 0 150 53
b43 0 157 61 203
b44 382 349 447 396
b45 249 230 293 253
b46 121 372 143 411
b47 183 272 248 305
b48 38 220 95 247
b49 347 0 394 65
b50 294 277 326 344
b51 143 320 181 377
b52 159 141 204 195
b53 122 53 143 96
b54 359 352 377 413
b55 341 167 375 223
b56 38 203 101 220
b57 294 203 341 221
b58 248 253 294 287
b59 143 195 193 232
b60 112 332 135 372
b61 359 282 382 315
b62 383 330 443 349
b63 378 396 414 441
b64 150 51 200 98
b65 87 102 143 159
b66 0 96 67 157
b67 292 163 336 203
b68 383 278 446 330
b69 150 0 204 27
b70 100 220 142 262
b71 215 414 279 436
b72 154 390 215 451
b73 383 217 450 278
b74 0 203 38 245
b75 394 106 422 125
b76 248 287 281 309
b77 55 396 121 453
b78 107 262 143 294
b79 0 55 60 96
b80 238 0 254 58
b81 183 232 233 272
b82 279 401 336 448
b83 233 230 249 252
b84 383 150 405 217
b85 366 104 391 124
b86 294 221 331 277
b87 254 27 298 66
b88 150 27 187 51
b89 60 55 87 93
b90 121 411 154 450
b91 230 197 286 230
b92 143 141 159 167
b93 181 355 246 390
b94 0 312 41 371
b95 274 309 293 360
b96 143 254 183 320
b97 45 379 112 396
b98 45 313 107 335
b99 394 40 443 106
