419517
525434
313600
560 560
382.839594
b0 361 204 376 231
b1 271 161 287 188
b2 227 83 253 105
b3 150 133 195 154
b4 280 201 325 241
b5 132 235 148 261
b6 326 417 364 444
b7 522 260 557 289
b8 247 270 268 306
b9 191 533 235 558
b10 265 188 280 219
b11 359 491 400 515
b12 326 400 345 417
b13 188 283 236 316
b14 407 171 451 192
b15 268 270 283 304
b16 260 419 302 464
b17 227 42 264 83
b18 364 147 407 191
b19 409 352 445 375
b20 363 444 376 461
b21 151 204 179 248
b22 452 38 487 67
b23 29 0 46 40
b24 197 71 221 89
b25 33 121 76 150
b26 376 191 403 209
b27 327 64 367 102
b28 281 368 305 380
b29 330 491 359 521
b30 215 210 243 230
b31 281 336 317 368
b32 487 44 509 63
b33 187 382 232 428
b34 150 117 179 129
b35 509 379 521 405
b36 288 78 315 108
b37 308 108 320 137
b38 359 285 380 304
b39 263 337 276 349
b40 214 335 233 382
b41 96 407 132 426
b42 476 460 522 485
b43 244 179 265 218
b44 108 449 135 473
b45 536 81 560 106
b46 165 171 184 184
b47 229 139 271 179
b48 135 429 169 457
b49 327 40 375 64
b50 168 371 187 385
b51 407 111 421 127
b52 190 166 227 184
b53 232 427 244 463
b54 233 337 263 371
b55 53 315 84 341
b56 87 330 133 361
b57 417 242 465 289
b58 451 114 476 139
b59 61 453 108 491
b60 112 178 128 217
b61 236 306 281 337
b62 317 322 363 358
b63 86 217 132 253
b64 522 424 555 439
b65 235 520 258 533
b66 278 0 323 42
b67 271 128 285 161
b68 417 307 445 352
b69 288 42 315 78
b70 33 105 78 121
b71 253 94 285 128
b72 170 429 185 461
b73 315 42 327 88
b74 78 516 112 559
b75 356 265 393 285
b76 427 376 466 412
b77 180 265 220 283
b78 0 316 16 358
b79 13 291 53 316
b80 27 394 42 430
b81 42 412 57 444
b82 264 42 288 81
b83 178 28 215 69
b84 0 360 38 394
b85 316 288 359 322
b86 467 292 511 331
b87 476 331 521 379
b88 280 521 324 550
b89 447 289 467 331
b90 193 0 239 24
b91 0 479 21 522
b92 452 67 497 114
b93 123 93 147 113
b94 132 204 151 235
b95 58 278 102 315
b96 283 290 316 336
b97 368 84 383 124
b98 515 147 550 160
b99 150 154 190 171
b100 407 0 452 44
b101 521 374 557 404
b102 21 479 61 515
b103 488 258 522 292
b104 288 137 330 151
b105 134 308 167 343
b106 476 379 509 391
b107 46 444 61 476
b108 515 110 553 147
b109 363 339 409 381
b110 239 0 278 42
b111 135 392 156 405
b112 300 496 330 521
b113 302 440 326 476
b114 520 0 554 44
b115 135 457 169 479
b116 235 533 263 552
b117 421 132 442 171
b118 511 292 555 330
b119 135 343 180 371
b120 42 515 78 551
b121 296 241 334 275
b122 44 362 87 382
b123 26 187 62 210
b124 364 408 399 439
b125 151 75 197 117
b126 258 520 280 532
b127 108 473 133 516
b128 16 316 44 360
b129 330 131 364 153
b130 528 160 554 190
b131 412 506 460 551
b132 132 138 150 177
b133 488 243 531 258
b134 329 444 363 491
b135 13 276 58 291
b136 259 241 296 253
b137 53 341 81 362
b138 235 492 277 520
b139 288 151 325 187
b140 407 127 419 170
b141 78 114 97 159
b142 151 38 178 75
b143 393 269 417 294
b144 263 349 278 389
b145 309 275 354 288
b146 424 431 472 464
b147 260 389 302 419
b148 13 105 33 123
b149 510 219 557 241
b150 451 139 482 162
b151 433 464 451 506
b152 13 0 29 19
b153 42 382 83 412
b154 252 464 274 481
b155 131 113 145 138
b156 179 117 207 133
b157 288 108 308 133
b158 215 230 238 243
b159 488 0 520 44
b160 364 131 391 147
b161 46 0 92 47
b162 181 492 199 523
b163 334 235 356 268
b164 92 0 128 41
b165 244 218 265 235
b166 46 47 80 83
b167 451 162 488 198
b168 383 0 407 41
b169 135 405 174 429
b170 207 463 252 492
b171 29 83 69 105
b172 233 371 260 384
b173 451 464 476 496
b174 247 254 290 270
b175 345 400 360 416
b176 113 41 151 74
b177 150 523 191 560
b178 69 84 86 103
b179 0 445 46 479
b180 509 405 549 424
b181 82 186 112 214
b182 445 331 469 376
b183 476 427 515 460
b184 86 253 132 278
b185 195 139 229 166
b186 61 420 92 453
b187 452 0 488 38
b188 488 160 528 197
b189 165 184 209 196
b190 220 243 247 280
b191 244 427 260 461
b192 320 102 368 131
b193 133 522 150 555
b194 521 330 549 343
b195 132 177 165 190
b196 13 235 54 276
b197 363 461 400 489
b198 133 503 181 522
b199 325 204 361 235
b200 13 150 56 187
b201 215 184 244 210
b202 363 304 402 338
b203 58 257 86 272
b204 187 428 228 461
b205 112 157 127 178
b206 0 522 42 557
b207 399 381 427 414
b208 302 476 329 496
b209 474 198 510 243
b210 264 81 288 94
b211 497 110 513 122
b212 112 516 133 558
b213 383 84 397 116
b214 400 242 417 269
b215 329 379 358 400
b216 427 412 469 431
b217 132 265 180 285
b218 84 315 127 330
b219 175 0 193 28
b220 86 84 123 114
b221 13 187 26 232
b222 26 210 60 235
b223 207 316 229 335
b224 317 358 362 379
b225 128 0 175 38
b226 476 122 515 138
b227 0 0 13 32
b228 197 89 218 109
b229 302 392 326 440
b230 376 209 406 242
b231 420 192 450 208
b232 92 426 134 449
b233 265 219 278 235
b234 482 138 515 156
b235 142 285 188 307
b236 360 381 399 408
b237 412 464 433 504
b238 356 0 383 39
b239 167 316 207 338
b240 531 241 554 260
b241 102 291 115 315
b242 510 197 550 219
b243 407 208 444 242
b244 339 191 376 204
b245 476 391 500 427
b246 356 242 400 265
b247 325 153 364 189
b248 330 521 373 552
b249 0 394 27 429
b250 180 338 214 369
b251 97 114 131 157
b252 123 74 151 93
b253 296 275 309 290
b254 305 379 329 392
b255 497 63 536 110
b256 102 278 123 291
b257 148 248 181 265
b258 476 485 520 519
b259 313 189 339 201
b260 247 235 259 254
b261 400 461 412 506
b262 56 159 104 186
b263 87 361 134 407
b264 401 414 424 459
b265 402 294 417 339
b266 407 63 452 111
b267 181 224 215 263
b268 376 439 401 461
b269 536 44 554 81
b270 127 285 142 308
b271 61 491 103 515
b272 135 479 170 503
b273 375 63 405 84
b274 135 371 168 392
b275 54 235 82 257
b276 132 190 163 204
b277 215 24 227 71
b278 62 186 75 228
b279 373 515 412 558
b280 185 461 207 492
b281 417 289 447 307
b282 207 109 251 139
b283 407 192 420 207
b284 421 111 451 132
b285 280 188 313 201
b286 199 492 235 533
b287 467 243 488 285
b288 179 196 215 224
b289 80 47 113 84
b290 391 116 407 143
b291 232 384 260 427
b292 450 198 474 237
b293 375 44 418 63
b294 274 464 300 481
b295 174 385 187 428
b296 0 429 27 445
b297 521 343 559 374
b298 323 0 356 40
b299 83 407 96 420
