425194.5
536229
314160
560 561
901.63759
b0 383 267 398 294
b1 160 48 187 64
b2 299 207 325 229
b3 370 184 391 229
b4 129 381 174 421
b5 0 392 26 408
b6 202 483 240 510
b7 328 473 363 502
b8 143 297 179 318
b9 0 348 25 392
b10 177 64 192 95
b11 299 353 340 377
b12 340 354 359 371
b13 137 132 170 180
b14 274 108 318 129
b15 432 316 447 350
b16 30 259 75 301
b17 405 406 446 443
b18 471 249 514 293
b19 393 489 416 525
b20 206 361 223 374
b21 299 229 327 273
b22 523 69 552 104
b23 97 122 137 139
b24 331 299 349 323
b25 512 215 555 244
b26 444 273 471 291
b27 519 177 559 215
b28 170 149 194 161
b29 241 471 270 501
b30 217 63 237 91
b31 249 36 281 72
b32 534 446 553 468
b33 85 283 130 329
b34 482 489 494 518
b35 450 0 462 26
b36 447 293 477 320
b37 410 183 439 195
b38 232 140 253 159
b39 130 315 142 328
b40 87 541 134 560
b41 268 299 287 335
b42 82 85 128 110
b43 137 180 176 201
b44 62 154 86 181
b45 488 375 512 400
b46 232 159 251 172
b47 514 289 556 329
b48 299 273 327 307
b49 507 111 555 135
b50 313 447 332 461
b51 363 489 379 503
b52 12 0 30 37
b53 313 461 349 473
b54 142 262 172 296
b55 0 466 31 492
b56 347 503 393 534
b57 180 0 227 48
b58 535 409 560 434
b59 203 510 241 557
b60 327 92 343 131
b61 329 42 374 73
b62 327 230 373 266
b63 253 129 299 165
b64 523 0 538 33
b65 176 205 189 228
b66 403 443 445 488
b67 313 74 327 107
b68 469 83 514 111
b69 394 156 430 183
b70 422 73 467 89
b71 299 131 331 165
b72 313 473 328 505
b73 192 48 204 94
b74 0 492 34 535
b75 514 244 534 281
b76 248 0 287 36
b77 391 211 431 229
b78 30 337 72 353
b79 158 536 198 561
b80 0 535 36 550
b81 149 365 181 380
b82 331 163 370 187
b83 119 0 160 37
b84 69 484 107 518
b85 256 241 299 275
b86 75 0 119 39
b87 268 412 313 460
b88 268 335 297 379
b89 223 351 265 371
b90 253 275 299 299
b91 13 423 34 466
b92 447 444 494 489
b93 420 370 444 390
b94 179 297 210 316
b95 158 486 202 523
b96 219 419 265 452
b97 371 331 411 346
b98 499 214 512 249
b99 363 439 403 456
b100 375 347 420 391
b101 411 21 447 51
b102 30 59 66 99
b103 341 371 375 405
b104 177 96 219 110
b105 34 423 69 456
b106 96 110 129 122
b107 137 247 169 262
b108 482 518 520 555
b109 279 165 325 207
b110 336 0 375 42
b111 0 408 21 421
b112 128 511 158 536
b113 137 421 173 445
b114 430 112 474 146
b115 149 343 183 365
b116 100 518 128 537
b117 411 0 450 21
b118 462 0 506 38
b119 174 242 219 270
b120 97 181 133 217
b121 219 189 253 227
b122 12 122 32 165
b123 64 518 100 541
b124 185 452 220 483
b125 447 402 493 444
b126 130 280 142 302
b127 0 305 25 348
b128 282 507 310 551
b129 371 309 405 331
b130 441 529 471 555
b131 30 181 75 229
b132 383 101 422 119
b133 447 26 462 69
b134 69 430 116 464
b135 204 48 249 63
b136 137 201 174 213
b137 36 514 64 535
b138 107 353 149 381
b139 394 119 430 156
b140 471 176 483 219
b141 534 244 553 289
b142 508 409 535 446
b143 152 87 177 111
b144 12 222 27 262
b145 158 523 203 536
b146 251 379 299 412
b147 30 229 72 259
b148 160 0 180 18
b149 424 251 471 273
b150 438 89 469 112
b151 12 180 30 222
b152 251 104 267 123
b153 32 122 62 163
b154 129 37 146 59
b155 149 318 163 343
b156 343 338 371 354
b157 420 350 445 370
b158 415 294 428 317
b159 439 183 471 227
b160 420 390 447 406
b161 82 39 129 85
b162 116 493 147 511
b163 414 51 447 73
b164 375 0 411 41
b165 116 421 137 438
b166 30 301 64 337
b167 483 177 519 214
b168 447 378 488 402
b169 174 382 198 421
b170 174 421 219 450
b171 75 261 115 283
b172 172 270 185 297
b173 249 72 274 104
b174 349 295 365 338
b175 66 39 82 54
b176 373 229 406 267
b177 73 393 114 430
b178 329 73 346 92
b179 27 389 73 423
b180 540 135 559 175
b181 299 18 329 46
b182 30 0 75 24
b183 363 456 402 489
b184 253 165 278 211
b185 377 41 411 68
b186 34 456 67 487
b187 512 329 550 365
b188 445 489 482 529
b189 371 297 415 309
b190 189 205 216 242
b191 155 213 171 247
b192 474 327 503 375
b193 198 382 215 415
b194 381 124 394 152
b195 256 228 289 241
b196 241 507 282 548
b197 313 410 341 447
b198 220 452 268 471
b199 220 104 251 140
b200 219 228 256 271
b201 185 270 214 296
b202 214 271 253 305
b203 12 165 40 180
b204 299 377 340 410
b205 279 207 294 228
b206 97 139 132 181
b207 474 111 507 139
b208 158 466 185 486
b209 215 374 251 419
b210 410 195 434 208
b211 422 89 438 101
b212 116 445 158 466
b213 494 400 508 432
b214 506 0 523 27
b215 344 266 365 295
b216 270 488 312 507
b217 67 464 115 484
b218 361 534 404 549
b219 471 219 499 237
b220 430 146 460 183
b221 0 421 13 466
b222 194 149 228 174
b223 133 213 155 232
b224 341 405 362 450
b225 493 139 540 177
b226 512 365 551 381
b227 299 307 331 320
b228 370 163 390 184
b229 313 536 361 560
b230 460 146 493 176
b231 428 273 444 303
b232 183 340 206 382
b233 359 354 372 370
b234 406 229 424 262
b235 163 318 209 340
b236 116 466 155 493
b237 75 240 115 261
b238 447 339 474 378
b239 115 240 137 280
b240 447 320 470 339
b241 63 541 87 554
b242 424 229 464 251
b243 477 293 514 327
b244 346 111 383 124
b245 523 33 547 69
b246 129 64 173 87
b247 345 124 381 163
b248 176 174 219 205
b249 34 487 69 514
b250 313 505 347 536
b251 362 405 405 439
b252 391 183 410 211
b253 219 174 232 189
b254 116 381 129 405
b255 494 479 541 518
b256 64 301 85 314
b257 327 266 344 299
b258 62 110 96 154
b259 471 237 497 249
b260 0 0 12 19
b261 209 316 221 361
b262 281 47 329 74
b263 221 305 268 351
b264 75 217 120 240
b265 137 87 152 132
b266 467 38 515 83
b267 274 74 313 108
b268 416 488 441 510
b269 299 0 336 18
b270 30 99 45 122
b271 107 329 149 353
b272 30 24 54 59
b273 398 273 428 294
b274 86 329 107 362
b275 73 371 101 393
b276 331 131 345 162
b277 287 0 299 47
b278 73 329 86 371
b279 177 110 220 149
b280 75 181 97 212
b281 365 267 383 297
b282 299 323 343 353
b283 432 303 447 316
b284 411 317 432 347
b285 204 63 217 96
b286 30 353 71 389
b287 227 0 248 42
b288 512 381 548 409
b289 377 68 414 101
b290 158 450 185 466
b291 270 460 313 488
b292 331 187 370 211
b293 327 211 370 230
b294 253 211 279 228
b295 0 262 13 305
b296 36 535 63 551
b297 346 73 377 111
b298 494 446 534 479
b299 130 302 143 315
