231559.84375
234336.5
206570
455 454
2.504869
b0 89 149 132 182
b1 244 0 281 65
b2 277 303 330 337
b3 62 73 99 140
b4 54 306 83 325
b5 195 0 244 39
b6 66 401 84 441
b7 201 123 223 163
b8 393 165 455 215
b9 54 337 95 353
b10 191 39 243 57
b11 136 0 195 39
b12 388 262 449 290
b13 66 353 123 401
b14 407 0 450 63
b15 346 41 405 93
b16 352 263 388 320
b17 193 57 237 123
b18 399 329 447 380
b19 220 167 270 198
b20 222 329 241 366
b21 133 149 197 199
b22 60 39 109 73
b23 210 279 230 328
b24 133 262 178 290
b25 399 290 453 329
b26 338 387 393 427
b27 136 124 201 149
b28 169 408 215 447
b29 393 387 455 411
b30 100 182 126 206
b31 136 91 170 117
b32 178 226 221 279
b33 310 170 332 205
b34 133 290 187 317
b35 62 195 100 226
b36 281 0 348 39
b37 109 33 129 93
b38 241 329 264 386
b39 136 39 191 91
b40 140 400 169 426
b41 62 140 89 195
b42 0 160 62 213
b43 0 213 61 259
b44 221 225 286 272
b45 187 279 210 323
b46 128 317 167 339
b47 281 74 346 107
b48 133 199 190 226
b49 346 93 411 140
b50 352 196 384 263
b51 184 328 222 385
b52 83 283 128 337
b53 281 107 324 128
b54 332 178 393 196
b55 99 93 133 149
b56 0 0 17 63
b57 42 259 60 306
b58 411 119 445 165
b59 84 401 121 451
b60 197 163 220 203
b61 170 91 193 124
b62 277 284 337 303
b63 133 226 178 262
b64 384 215 434 262
b65 0 63 57 119
b66 338 320 399 387
b67 237 101 277 145
b68 286 221 338 284
b69 0 321 54 348
b70 290 128 332 170
b71 184 386 248 408
b72 123 339 184 400
b73 264 353 331 414
b74 0 283 42 321
b75 117 0 136 28
b76 332 156 365 178
b77 62 226 128 283
b78 244 65 276 101
b79 0 119 60 160
b80 277 337 335 353
b81 270 170 310 220
b82 230 272 277 329
b83 38 353 60 369
b84 223 145 290 167
b85 332 196 352 221
b86 411 63 448 119
b87 17 0 61 39
b88 0 259 37 283
b89 0 348 38 375
b90 398 411 431 450
b91 61 0 117 33
b92 332 140 358 156
b93 281 39 346 74
b94 348 0 407 41
b95 121 401 140 452
b96 264 414 330 454
b97 331 427 398 444
b98 197 203 259 225
b99 0 375 66 424
