236440.140625
239708.5
207025
455 455
9.002146
b0 241 316 274 359
b1 403 0 440 65
b2 271 264 324 298
b3 117 352 184 389
b4 55 304 74 333
b5 310 306 349 355
b6 184 364 202 404
b7 371 280 393 320
b8 195 118 257 168
b9 101 341 117 382
b10 282 59 334 77
b11 156 155 195 214
b12 427 381 455 442
b13 184 316 241 364
b14 0 41 43 104
b15 393 305 452 357
b16 391 357 427 414
b17 0 210 44 276
b18 212 0 260 51
b19 135 72 185 103
b20 323 245 360 264
b21 142 263 206 313
b22 59 193 108 227
b23 238 98 287 118
b24 393 191 421 236
b25 240 401 279 455
b26 0 308 55 348
b27 97 0 122 65
b28 55 341 101 380
b29 329 416 391 440
b30 427 357 453 381
b31 289 191 323 217
b32 122 0 165 53
b33 371 245 393 280
b34 55 250 82 304
b35 235 243 266 281
b36 323 206 390 245
b37 383 0 403 60
b38 97 92 120 149
b39 62 382 117 434
b40 235 217 264 243
b41 59 166 114 193
b42 0 387 62 440
b43 114 214 175 260
b44 381 126 446 173
b45 57 227 101 250
b46 0 348 22 387
b47 421 173 454 238
b48 59 79 86 136
b49 334 34 381 99
b50 287 99 354 131
b51 59 0 97 57
b52 175 218 229 263
b53 195 51 238 72
b54 202 364 263 382
b55 327 0 383 34
b56 59 149 122 166
b57 374 173 421 191
b58 195 72 229 118
b59 279 416 329 453
b60 82 301 105 341
b61 257 118 280 151
b62 135 53 195 72
b63 274 298 310 343
b64 165 0 212 50
b65 0 154 57 210
b66 383 65 450 126
b67 297 131 341 171
b68 122 103 185 155
b69 235 190 289 217
b70 324 264 366 306
b71 105 313 169 335
b72 290 355 351 416
b73 393 238 454 305
b74 114 166 156 204
b75 354 99 373 127
b76 59 57 92 79
b77 117 389 174 455
b78 0 276 36 308
b79 82 260 142 301
b80 274 343 290 401
b81 195 168 235 218
b82 266 217 323 264
b83 349 306 371 322
b84 260 37 327 59
b85 297 171 322 191
b86 260 0 316 37
b87 238 59 282 98
b88 0 130 37 154
b89 97 65 135 92
b90 22 348 55 387
b91 341 131 374 187
b92 0 104 16 130
b93 206 281 271 316
b94 0 0 59 41
b95 323 187 374 206
b96 351 322 391 388
b97 117 335 184 352
b98 235 168 297 190
b99 174 404 240 453
