420674
420674
202050
450 449
113.238118
b0 387 113 423 129
b1 142 265 181 284
b2 111 179 152 214
b3 278 80 296 127
b4 296 233 328 259
b5 415 308 450 339
b6 401 307 414 336
b7 25 147 46 175
b8 0 188 15 220
b9 322 396 356 442
b10 0 64 32 109
b11 118 95 154 109
b12 0 290 42 326
b13 144 217 189 265
b14 23 132 48 147
b15 191 357 237 402
b16 282 127 300 149
b17 57 276 83 309
b18 173 82 192 116
b19 84 151 114 163
b20 394 383 422 416
b21 72 309 111 353
b22 328 162 367 188
b23 0 224 40 249
b24 199 164 224 179
b25 242 92 278 128
b26 146 338 189 363
b27 0 364 34 379
b28 282 161 328 199
b29 45 265 57 302
b30 225 104 242 131
b31 152 163 189 179
b32 0 109 32 132
b33 335 254 371 272
b34 355 361 393 380
b35 110 248 143 263
b36 422 383 434 411
b37 274 355 295 371
b38 415 282 448 308
b39 314 46 344 88
b40 199 48 240 76
b41 0 249 16 265
b42 269 199 288 243
b43 398 211 438 245
b44 89 417 105 444
b45 84 137 121 151
b46 237 282 252 330
b47 268 176 282 199
b48 199 104 225 128
b49 0 0 40 31
b50 199 131 241 164
b51 270 328 318 355
b52 318 336 355 363
b53 16 249 34 266
b54 344 109 387 125
b55 355 317 401 330
b56 333 363 355 388
b57 189 265 237 284
b58 0 45 41 64
b59 276 395 322 441
b60 84 0 114 35
b61 300 0 334 33
b62 259 245 296 290
b63 281 21 296 56
b64 199 0 246 48
b65 121 109 151 142
b66 355 330 386 361
b67 393 339 430 383
b68 296 259 331 283
b69 375 383 394 421
b70 152 127 166 163
b71 328 188 370 222
b72 62 175 96 208
b73 24 326 42 364
b74 84 35 113 53
b75 0 132 23 159
b76 15 188 29 200
b77 0 379 24 395
b78 41 45 67 88
b79 356 396 375 433
b80 295 355 310 369
b81 89 385 109 417
b82 87 53 119 86
b83 318 317 355 336
b84 398 245 441 282
b85 328 125 376 162
b86 246 68 270 92
b87 154 82 173 127
b88 199 76 242 104
b89 105 431 140 443
b90 0 266 45 290
b91 224 176 268 204
b92 32 88 56 130
b93 65 227 108 248
b94 15 209 31 224
b95 387 141 423 166
b96 199 179 224 224
b97 121 400 149 425
b98 20 395 46 411
b99 0 426 37 446
b100 381 0 408 25
b101 242 128 282 176
b102 425 113 450 151
b103 276 296 308 328
b104 172 46 197 82
b105 205 312 236 354
b106 149 400 188 434
b107 189 312 205 357
b108 111 214 144 226
b109 387 129 409 141
b110 115 344 138 388
b111 398 166 416 179
b112 126 44 172 62
b113 344 81 387 109
b114 188 402 207 441
b115 207 402 237 439
b116 149 363 191 400
b117 0 326 24 363
b118 146 303 185 338
b119 278 56 314 80
b120 96 179 111 224
b121 328 222 373 254
b122 42 309 72 352
b123 224 245 259 258
b124 296 283 335 296
b125 62 248 80 276
b126 56 89 84 127
b127 237 258 259 282
b128 152 179 188 204
b129 350 273 396 317
b130 83 263 128 307
b131 67 53 87 89
b132 237 419 275 435
b133 252 326 266 338
b134 86 353 115 369
b135 84 122 121 137
b136 356 16 375 40
b137 308 296 330 314
b138 96 86 118 116
b139 237 338 270 369
b140 224 164 240 176
b141 40 209 65 243
b142 172 0 199 46
b143 126 0 172 44
b144 0 159 25 188
b145 48 130 82 175
b146 29 175 62 209
b147 109 400 121 431
b148 398 282 415 307
b149 40 243 62 265
b150 152 204 182 217
b151 334 0 361 16
b152 119 62 152 95
b153 37 437 77 449
b154 42 353 86 395
b155 344 16 356 29
b156 142 284 184 303
b157 114 0 126 42
b158 316 363 333 391
b159 252 290 276 326
b160 166 127 178 163
b161 65 208 96 227
b162 80 248 110 260
b163 381 25 428 71
b164 398 179 425 211
b165 191 224 224 265
b166 96 167 132 179
b167 128 263 142 310
b168 344 40 381 65
b169 189 284 235 312
b170 40 0 62 45
b171 111 310 146 344
b172 121 142 152 167
b173 376 206 398 248
b174 373 248 393 273
b175 115 388 149 400
b176 355 380 375 396
b177 246 47 277 68
b178 86 369 106 385
b179 224 204 269 245
b180 281 0 300 21
b181 335 272 350 314
b182 84 89 96 122
b183 344 65 381 81
b184 152 62 172 81
b185 178 116 191 160
b186 296 33 344 46
b187 108 226 132 248
b188 276 371 316 395
b189 0 395 20 426
b190 237 369 274 403
b191 296 88 338 125
b192 62 0 84 28
b193 46 395 89 437
b194 387 71 430 113
b195 300 125 325 161
b196 237 403 276 419
b197 246 0 281 47
b198 376 166 398 206
b199 288 199 328 233
