311012.25
419524.5
202500
450 450
40.785696
b0 295 411 311 447
b1 102 176 141 195
b2 123 313 158 354
b3 402 215 449 233
b4 271 199 297 231
b5 268 367 303 398
b6 270 147 299 160
b7 95 313 123 334
b8 46 289 61 321
b9 316 352 362 386
b10 180 39 225 71
b11 146 399 160 435
b12 46 230 88 266
b13 112 354 160 399
b14 0 152 25 167
b15 111 268 157 313
b16 374 225 396 243
b17 281 0 307 33
b18 91 424 125 443
b19 325 178 355 190
b20 374 259 407 287
b21 235 281 274 325
b22 94 0 133 26
b23 194 267 219 307
b24 232 387 257 402
b25 338 202 374 238
b26 73 36 116 61
b27 43 364 58 398
b28 364 136 402 182
b29 58 364 70 401
b30 408 0 435 17
b31 95 268 111 305
b32 169 198 192 230
b33 121 54 157 72
b34 304 147 323 185
b35 216 371 231 404
b36 268 398 296 410
b37 408 65 429 81
b38 367 377 400 403
b39 274 281 316 311
b40 191 407 232 435
b41 229 0 245 16
b42 21 22 40 66
b43 402 125 442 159
b44 175 230 191 257
b45 49 22 86 36
b46 325 262 373 277
b47 350 136 364 159
b48 0 111 24 137
b49 36 67 76 98
b50 264 94 306 127
b51 408 17 435 65
b52 270 35 307 62
b53 194 353 212 370
b54 392 18 408 61
b55 325 277 371 290
b56 349 238 374 260
b57 184 108 203 156
b58 229 59 270 78
b59 0 239 46 285
b60 158 257 193 287
b61 43 197 77 230
b62 184 71 229 108
b63 266 0 281 35
b64 136 111 184 158
b65 40 132 73 162
b66 152 80 183 111
b67 274 323 311 367
b68 229 100 264 124
b69 328 327 366 346
b70 229 124 243 160
b71 70 364 112 398
b72 367 343 400 377
b73 136 198 154 236
b74 229 21 258 39
b75 157 37 180 64
b76 373 329 385 343
b77 95 334 119 350
b78 307 106 350 132
b79 172 375 191 412
b80 350 159 364 174
b81 136 236 156 268
b82 270 62 303 94
b83 243 124 262 161
b84 364 403 401 446
b85 88 207 136 244
b86 325 238 349 262
b87 350 117 395 136
b88 160 332 188 375
b89 160 375 172 410
b90 90 244 135 268
b91 400 329 444 357
b92 175 158 217 182
b93 133 0 176 21
b94 0 167 16 182
b95 191 371 216 407
b96 246 237 291 262
b97 76 143 101 171
b98 203 108 229 124
b99 229 39 266 59
b100 194 242 221 267
b101 307 66 355 106
b102 257 410 295 435
b103 316 386 348 418
b104 221 242 246 278
b105 374 287 405 329
b106 113 77 152 111
b107 76 61 121 77
b108 48 162 60 195
b109 194 331 206 353
b110 46 266 90 289
b111 389 0 402 18
b112 326 0 372 18
b113 374 182 402 225
b114 206 0 225 39
b115 176 0 206 37
b116 76 77 113 119
b117 343 290 367 327
b118 407 258 446 293
b119 356 25 392 49
b120 264 132 309 147
b121 46 401 91 433
b122 0 285 43 315
b123 194 182 229 195
b124 0 315 39 328
b125 116 26 134 54
b126 229 161 267 189
b127 76 119 100 141
b128 77 171 102 207
b129 356 73 402 117
b130 402 171 447 215
b131 0 91 36 111
b132 348 386 364 424
b133 407 293 419 307
b134 219 278 235 307
b135 154 198 169 235
b136 307 0 326 24
b137 157 235 175 257
b138 229 78 259 100
b139 40 36 73 67
b140 157 64 169 80
b141 270 160 304 185
b142 323 132 350 178
b143 402 81 448 125
b144 396 233 425 258
b145 160 287 194 332
b146 102 143 136 176
b147 60 162 72 193
b148 372 0 389 25
b149 25 162 47 184
b150 325 190 338 220
b151 172 412 188 439
b152 61 289 94 322
b153 39 321 51 361
b154 51 322 95 364
b155 392 61 405 73
b156 246 262 288 281
b157 435 0 447 42
b158 405 307 433 324
b159 100 119 136 143
b160 402 159 438 171
b161 127 399 146 430
b162 316 322 328 352
b163 0 403 46 450
b164 316 290 343 322
b165 229 189 270 222
b166 338 190 374 202
b167 270 185 317 199
b168 235 341 272 366
b169 297 199 325 245
b170 49 0 94 22
b171 291 245 325 280
b172 0 66 31 91
b173 232 402 254 444
b174 425 233 450 253
b175 274 311 308 323
b176 24 132 40 152
b177 0 0 21 31
b178 374 243 394 259
b179 400 357 445 398
b180 245 0 264 21
b181 229 222 271 237
b182 307 24 319 57
b183 231 371 268 387
b184 203 124 222 144
b185 303 367 316 411
b186 0 184 48 197
b187 356 49 378 73
b188 194 307 234 331
b189 0 328 31 348
b190 36 98 73 132
b191 319 24 356 66
b192 21 0 49 22
b193 0 197 43 239
b194 0 361 43 403
b195 91 399 127 424
b196 235 325 274 341
b197 194 195 229 242
b198 212 331 234 371
b199 141 158 175 198
