238628.9375
242140.5
207025
455 455
7.819278
b0 394 198 437 231
b1 323 227 360 292
b2 208 233 261 267
b3 0 391 67 428
b4 100 330 129 349
b5 169 224 208 273
b6 261 233 279 273
b7 169 202 209 224
b8 109 84 171 134
b9 0 239 41 255
b10 394 231 446 249
b11 149 320 208 359
b12 149 359 210 387
b13 67 405 124 453
b14 210 373 273 416
b15 342 168 394 227
b16 380 376 437 412
b17 377 0 421 66
b18 218 72 266 123
b19 385 292 435 323
b20 394 273 431 292
b21 342 104 392 168
b22 170 153 204 202
b23 100 310 149 330
b24 331 355 376 383
b25 235 334 289 373
b26 275 0 330 40
b27 210 0 275 25
b28 212 416 258 455
b29 146 387 208 411
b30 394 249 420 273
b31 109 0 143 26
b32 0 0 43 53
b33 331 405 353 440
b34 331 292 385 319
b35 297 59 328 97
b36 0 352 67 391
b37 435 249 455 309
b38 85 34 108 91
b39 108 258 163 310
b40 183 416 212 442
b41 208 294 235 349
b42 0 186 62 239
b43 0 279 61 325
b44 209 153 274 200
b45 147 134 170 178
b46 63 34 85 73
b47 209 200 274 233
b48 0 325 57 352
b49 330 0 377 65
b50 275 186 342 218
b51 336 66 393 104
b52 63 91 108 145
b53 187 273 230 294
b54 376 323 437 341
b55 360 227 394 283
b56 61 272 78 335
b57 169 273 187 320
b58 63 0 109 34
b59 63 222 100 272
b60 393 66 433 89
b61 143 61 176 84
b62 109 178 169 197
b63 331 319 376 355
b64 171 103 218 153
b65 67 349 124 405
b66 143 0 210 61
b67 0 53 44 93
b68 0 93 63 145
b69 218 123 272 150
b70 176 61 218 103
b71 124 349 146 413
b72 108 197 169 258
b73 275 102 336 169
b74 63 145 105 183
b75 297 40 325 59
b76 347 383 380 405
b77 273 389 330 455
b78 394 166 430 198
b79 0 145 60 186
b80 273 373 331 389
b81 394 126 444 166
b82 218 25 275 72
b83 331 383 347 405
b84 235 267 257 334
b85 43 0 63 25
b86 393 89 449 126
b87 63 183 107 222
b88 0 255 37 279
b89 109 134 147 161
b90 289 333 322 372
b91 109 26 142 82
b92 41 239 57 265
b93 376 341 441 376
b94 124 413 183 454
b95 44 25 63 76
b96 279 218 319 284
b97 275 169 342 186
b98 275 40 297 102
b99 257 284 323 333
