232021.7441406
235051.5
204754
451 454
2.681633
b0 351 213 384 256
b1 344 61 409 98
b2 65 131 118 165
b3 57 249 124 286
b4 0 333 29 352
b5 352 164 391 213
b6 310 262 328 302
b7 125 231 165 253
b8 159 0 209 62
b9 292 340 308 381
b10 365 0 383 52
b11 170 225 229 264
b12 192 264 220 325
b13 220 317 277 365
b14 0 130 43 193
b15 391 164 450 216
b16 125 70 161 127
b17 384 216 450 260
b18 229 220 280 268
b19 94 0 125 50
b20 404 379 441 398
b21 354 314 404 378
b22 209 136 243 185
b23 328 282 377 302
b24 125 253 170 281
b25 209 70 263 109
b26 0 293 55 333
b27 281 188 306 253
b28 308 333 354 372
b29 286 262 310 324
b30 125 46 151 70
b31 59 60 85 94
b32 93 397 136 450
b33 306 240 341 262
b34 136 400 163 454
b35 310 302 348 333
b36 57 210 124 249
b37 328 262 388 282
b38 254 109 311 132
b39 256 0 311 52
b40 46 387 75 413
b41 0 62 55 89
b42 0 0 53 62
b43 0 369 46 430
b44 404 314 451 379
b45 193 325 216 369
b46 43 130 65 169
b47 124 298 189 331
b48 0 266 57 293
b49 352 117 417 164
b50 214 188 281 220
b51 365 378 403 435
b52 65 165 119 210
b53 344 0 365 43
b54 334 117 352 178
b55 417 61 451 117
b56 0 193 63 210
b57 46 369 93 387
b58 125 0 159 46
b59 93 347 130 397
b60 417 117 440 157
b61 311 94 334 127
b62 338 98 398 117
b63 306 204 351 240
b64 209 0 256 50
b65 0 210 57 266
b66 203 369 264 436
b67 170 185 214 225
b68 243 136 306 188
b69 200 109 254 136
b70 167 136 209 178
b71 29 347 93 369
b72 57 286 118 347
b73 383 0 450 61
b74 125 127 167 165
b75 264 365 292 384
b76 85 60 107 93
b77 308 378 365 444
b78 388 282 424 314
b79 53 0 94 60
b80 311 127 327 185
b81 263 52 303 102
b82 136 331 193 378
b83 286 324 308 340
b84 136 378 203 400
b85 209 50 234 70
b86 65 94 121 131
b87 161 62 200 106
b88 0 430 37 454
b89 311 56 338 94
b90 163 400 196 439
b91 311 0 344 56
b92 334 178 350 204
b93 264 384 299 449
b94 0 89 59 130
b95 37 430 88 449
b96 125 165 165 231
b97 125 281 192 298
b98 388 260 450 282
b99 220 268 286 317
