2846312
3047569
1035000
276 3750
929.927732
b0 54 1408 81 1423
b1 150 886 177 902
b2 69 3137 91 3163
b3 192 819 213 864
b4 153 276 193 321
b5 67 2468 83 2494
b6 51 2441 89 2468
b7 148 938 183 967
b8 92 1639 113 1675
b9 232 879 276 904
b10 96 2917 111 2948
b11 169 1236 210 1260
b12 136 1332 153 1351
b13 184 956 217 1004
b14 33 2122 77 2143
b15 62 2921 96 2936
b16 55 3383 100 3425
b17 87 2134 128 2171
b18 89 1113 132 1157
b19 117 2466 153 2489
b20 64 3464 77 3481
b21 143 0 171 44
b22 0 3721 35 3750
b23 29 3064 69 3081
b24 117 2489 135 2513
b25 152 671 181 714
b26 128 2062 155 2080
b27 54 1368 92 1408
b28 87 2208 111 2220
b29 172 408 201 438
b30 118 546 138 574
b31 29 3081 61 3117
b32 111 1942 130 1964
b33 107 1067 152 1113
b34 115 1519 144 1531
b35 171 48 183 74
b36 33 0 60 30
b37 183 141 195 170
b38 171 321 192 340
b39 106 2574 118 2587
b40 0 2217 19 2264
b41 235 0 271 19
b42 19 3439 65 3464
b43 115 3185 154 3206
b44 148 1746 175 1770
b45 19 3464 43 3489
b46 132 1113 151 1126
b47 105 354 147 394
b48 74 2322 102 2356
b49 171 0 195 48
b50 70 2754 89 2768
b51 105 31 119 47
b52 100 3347 137 3365
b53 0 2184 36 2196
b54 51 2356 81 2390
b55 73 1203 99 1234
b56 122 1911 168 1942
b57 133 1188 180 1236
b58 52 3358 77 3383
b59 60 742 107 780
b60 54 1352 93 1368
b61 109 1705 140 1750
b62 67 2086 113 2122
b63 183 95 219 141
b64 0 0 33 15
b65 42 2982 55 3005
b66 210 1051 252 1096
b67 194 577 208 610
b68 179 170 207 215
b69 83 2547 119 2574
b70 209 141 225 186
b71 33 2006 67 2038
b72 87 2221 119 2236
b73 136 752 148 798
b74 140 1712 183 1746
b75 41 3550 61 3587
b76 195 25 234 61
b77 147 362 187 380
b78 90 635 132 651
b79 195 0 235 25
b80 148 923 184 938
b81 121 752 136 784
b82 76 3323 115 3347
b83 118 505 155 546
b84 132 714 166 752
b85 83 2468 117 2511
b86 107 902 146 946
b87 77 3459 122 3507
b88 82 1927 111 1971
b89 102 1369 122 1411
b90 74 2298 120 2322
b91 70 2733 113 2754
b92 183 1004 228 1051
b93 132 671 152 695
b94 48 2841 79 2860
b95 130 2080 174 2117
b96 79 2995 125 3028
b97 143 95 183 110
b98 104 1971 117 2006
b99 121 798 161 815
b100 113 1639 157 1684
b101 79 1748 109 1784
b102 155 541 195 577
b103 77 2768 111 2802
b104 127 2769 169 2783
b105 166 1397 201 1430
b106 118 2574 130 2607
b107 111 2754 143 2769
b108 143 2024 180 2062
b109 125 1865 167 1911
b110 67 2574 106 2616
b111 150 902 163 923
b112 79 2969 109 2994
b113 19 3383 55 3407
b114 93 2422 127 2466
b115 36 2681 70 2703
b116 213 697 241 716
b117 95 3028 134 3049
b118 19 3683 63 3721
b119 67 2616 95 2661
b120 36 2860 72 2896
b121 81 2384 115 2422
b122 136 1377 179 1397
b123 132 635 155 671
b124 90 651 121 686
b125 99 2658 145 2700
b126 77 2122 99 2134
b127 113 2700 138 2743
b128 81 2356 125 2384
b129 155 623 189 645
b130 60 1256 90 1282
b131 105 394 153 439
b132 118 458 136 497
b133 102 1411 117 1454
b134 128 1964 162 2011
b135 192 864 237 879
b136 156 1770 193 1782
b137 33 30 54 58
b138 73 1175 115 1203
b139 162 1987 198 2024
b140 93 1565 105 1608
b141 46 3239 65 3284
b142 177 886 204 923
b143 136 463 160 488
b144 128 2011 143 2051
b145 171 714 184 759
b146 184 923 232 956
b147 125 2341 155 2383
b148 65 3439 83 3459
b149 122 1430 169 1452
b150 93 1608 116 1639
b151 90 700 108 742
b152 105 439 121 458
b153 138 577 179 607
b154 41 3533 63 3550
b155 90 686 115 700
b156 90 458 118 474
b157 42 2896 62 2921
b158 111 2208 134 2221
b159 153 2383 197 2415
b160 174 2062 201 2078
b161 109 2948 155 2995
b162 36 2468 67 2486
b163 60 1234 93 1256
b164 33 2143 69 2184
b165 184 645 205 662
b166 102 1333 136 1369
b167 46 1927 82 1964
b168 147 321 171 362
b169 119 315 143 354
b170 85 3092 114 3137
b171 117 1452 139 1492
b172 171 82 198 95
b173 119 161 144 193
b174 146 1051 189 1067
b175 90 0 105 16
b176 90 1295 123 1333
b177 36 2768 77 2805
b178 29 3117 46 3136
b179 79 1832 125 1866
b180 61 3199 80 3239
b181 118 607 148 635
b182 96 3227 141 3251
b183 64 3507 97 3546
b184 33 1748 79 1773
b185 144 161 171 195
b186 125 1832 156 1865
b187 63 3546 99 3584
b188 96 2258 133 2298
b189 52 3311 96 3323
b190 79 1900 116 1927
b191 73 780 89 814
b192 70 2681 99 2729
b193 136 488 169 505
b194 171 215 199 228
b195 115 1175 148 1188
b196 0 3489 41 3530
b197 172 380 209 408
b198 54 1333 102 1352
b199 155 505 186 541
b200 87 2171 130 2208
b201 46 1964 72 1993
b202 109 1793 143 1832
b203 36 2184 51 2212
b204 107 869 148 902
b205 150 850 171 865
b206 115 815 157 850
b207 140 1684 173 1712
b208 67 2661 94 2681
b209 61 3163 106 3199
b210 33 1773 46 1797
b211 213 685 229 697
b212 82 1971 103 2013
b213 148 967 180 981
b214 60 1282 77 1309
b215 0 2196 29 2217
b216 51 2422 93 2441
b217 106 3137 126 3185
b218 127 2221 170 2236
b219 174 1782 202 1800
b220 60 0 90 37
b221 153 1332 166 1377
b222 62 2896 96 2921
b223 130 2117 152 2136
b224 183 61 228 82
b225 106 2607 153 2645
b226 155 607 194 623
b227 60 780 73 812
b228 127 2513 148 2533
b229 33 3635 57 3683
b230 62 2936 92 2969
b231 173 1430 189 1460
b232 184 662 226 685
b233 82 3079 98 3092
b234 219 82 252 100
b235 93 1519 115 1565
b236 72 2013 99 2052
b237 189 1051 210 1091
b238 186 486 213 525
b239 93 1234 133 1256
b240 51 2225 74 2244
b241 69 3064 82 3088
b242 74 2236 96 2276
b243 67 2052 104 2086
b244 42 2969 79 2982
b245 136 439 172 463
b246 41 3489 64 3533
b247 143 110 179 149
b248 105 1565 148 1596
b249 29 3284 64 3311
b250 96 2841 127 2875
b251 79 1866 122 1900
b252 96 3199 115 3227
b253 60 3587 75 3600
b254 46 1993 70 2006
b255 93 1256 140 1295
b256 145 2645 166 2658
b257 153 380 170 413
b258 83 2513 127 2547
b259 143 149 169 161
b260 0 3551 19 3563
b261 162 1942 174 1987
b262 33 3587 60 3635
b263 205 610 252 656
b264 160 463 205 486
b265 42 3049 87 3064
b266 144 228 189 276
b267 119 276 153 315
b268 81 1705 103 1730
b269 89 1157 126 1175
b270 169 1260 192 1275
b271 171 759 213 783
b272 52 3323 76 3358
b273 92 1675 113 1705
b274 0 3530 33 3551
b275 144 1452 166 1480
b276 55 3425 86 3439
b277 36 2805 48 2852
b278 96 2875 109 2917
b279 109 1750 148 1793
b280 96 2236 127 2258
b281 54 1730 84 1748
b282 122 1397 166 1427
b283 82 3064 95 3079
b284 55 3028 85 3049
b285 99 2700 112 2733
b286 51 2184 87 2225
b287 150 865 192 886
b288 171 783 199 819
b289 136 1295 169 1332
b290 102 1492 118 1519
b291 120 2298 148 2341
b292 77 2802 101 2841
b293 107 850 150 869
b294 115 1531 132 1557
b295 95 2645 138 2658
b296 69 3092 85 3119
b297 105 0 143 31
b298 19 3311 52 3351
b299 29 2896 42 2909
