2146254.75
3194080.5
1098429
281 3909
933.001559
b0 105 2079 132 2094
b1 180 1590 207 1606
b2 165 1143 187 1169
b3 119 1508 140 1553
b4 116 2437 156 2482
b5 72 2605 88 2631
b6 110 1743 148 1770
b7 207 479 242 508
b8 16 3229 37 3265
b9 43 2944 87 2969
b10 48 3002 63 3033
b11 82 1667 123 1691
b12 106 974 123 993
b13 176 1344 209 1392
b14 163 541 207 562
b15 16 3214 50 3229
b16 36 3521 81 3563
b17 85 1471 126 1508
b18 109 2989 152 3033
b19 137 2560 173 2583
b20 191 927 204 944
b21 82 3402 110 3446
b22 152 801 187 830
b23 147 861 187 878
b24 48 2135 66 2159
b25 115 2008 144 2051
b26 94 1770 121 1788
b27 106 912 144 952
b28 90 2008 114 2020
b29 163 562 192 592
b30 115 2051 135 2079
b31 166 1032 198 1068
b32 164 1653 183 1675
b33 167 1736 212 1782
b34 0 3820 29 3832
b35 82 1727 94 1753
b36 90 1812 117 1842
b37 106 993 118 1022
b38 137 2583 158 2602
b39 70 3428 82 3441
b40 157 1782 176 1829
b41 69 3133 105 3152
b42 109 2643 155 2668
b43 171 1011 210 1032
b44 72 2750 99 2774
b45 117 1899 141 1924
b46 144 507 163 520
b47 178 1943 220 1983
b48 85 0 113 34
b49 216 0 240 48
b50 178 1983 197 1997
b51 173 639 187 655
b52 82 1508 119 1526
b53 113 773 149 785
b54 62 3214 92 3248
b55 172 684 198 715
b56 55 3661 101 3692
b57 207 393 254 441
b58 204 267 229 292
b59 76 2515 123 2553
b60 72 2734 111 2750
b61 87 2944 118 2989
b62 36 3625 82 3661
b63 140 1465 176 1511
b64 82 3446 115 3461
b65 112 3461 125 3484
b66 123 1191 165 1236
b67 63 2969 77 3002
b68 144 684 172 729
b69 168 277 204 304
b70 90 1842 106 1887
b71 36 3489 70 3521
b72 16 3002 48 3017
b73 115 2775 127 2821
b74 0 45 43 79
b75 130 2335 150 2372
b76 171 2249 210 2285
b77 117 1812 157 1830
b78 111 2734 153 2750
b79 139 1105 179 1130
b80 125 2668 161 2683
b81 115 2335 130 2367
b82 188 120 227 144
b83 103 1236 140 1277
b84 207 441 241 479
b85 247 182 281 225
b86 113 729 152 773
b87 170 144 215 192
b88 191 883 220 927
b89 152 729 172 771
b90 99 2398 145 2422
b91 76 2876 119 2897
b92 134 2784 179 2831
b93 159 2292 179 2316
b94 99 2367 130 2386
b95 168 1675 212 1712
b96 111 3489 157 3522
b97 76 2434 116 2449
b98 92 3179 105 3214
b99 48 2118 88 2135
b100 115 2249 159 2294
b101 192 801 222 837
b102 157 2213 197 2249
b103 113 785 147 819
b104 205 562 247 576
b105 116 2482 151 2515
b106 50 3214 62 3247
b107 91 3286 123 3301
b108 209 1087 246 1125
b109 140 1511 182 1557
b110 76 2201 115 2243
b111 173 2478 186 2499
b112 165 614 195 639
b113 82 1788 118 1812
b114 151 1899 185 1943
b115 144 1986 178 2008
b116 109 2592 137 2611
b117 22 3735 61 3756
b118 62 3248 106 3286
b119 123 2515 151 2560
b120 152 0 188 36
b121 156 2316 190 2354
b122 130 2378 173 2398
b123 139 1155 162 1191
b124 90 1973 121 2008
b125 88 2821 134 2863
b126 0 3526 22 3538
b127 182 1415 207 1458
b128 115 1408 159 1436
b129 48 27 82 49
b130 174 1169 204 1195
b131 0 0 48 45
b132 152 36 170 75
b133 82 3578 97 3621
b134 140 1236 174 1283
b135 123 1675 168 1690
b136 99 2422 136 2434
b137 48 3094 69 3122
b138 70 3461 112 3489
b139 212 1653 248 1690
b140 159 2249 171 2292
b141 23 3864 42 3909
b142 144 1068 171 1105
b143 139 1130 163 1155
b144 169 943 184 983
b145 157 1829 170 1874
b146 119 1590 167 1623
b147 63 3052 93 3094
b148 85 49 103 69
b149 48 2179 95 2201
b150 150 433 173 464
b151 134 0 152 42
b152 134 348 150 367
b153 70 3489 111 3519
b154 117 1830 139 1847
b155 144 912 169 926
b156 176 1782 204 1798
b157 115 2750 135 2775
b158 0 3832 23 3845
b159 130 2611 174 2643
b160 29 3820 56 3836
b161 36 3578 82 3625
b162 48 3152 79 3170
b163 106 952 139 974
b164 156 2437 192 2478
b165 66 2135 87 2152
b166 134 277 168 313
b167 0 3489 36 3526
b168 103 1311 127 1352
b169 88 3094 112 3133
b170 144 639 173 684
b171 168 304 190 344
b172 78 2060 105 2073
b173 186 944 211 976
b174 149 830 192 846
b175 196 715 211 731
b176 215 144 248 182
b177 50 3286 91 3323
b178 179 1087 196 1106
b179 113 878 159 912
b180 158 374 177 414
b181 81 3519 111 3547
b182 78 2094 123 2118
b183 145 2398 178 2437
b184 152 252 198 277
b185 103 1277 130 1311
b186 152 204 183 237
b187 88 2696 124 2734
b188 78 2020 115 2060
b189 123 1690 167 1702
b190 48 0 85 27
b191 106 1939 122 1973
b192 183 204 212 252
b193 119 2863 152 2880
b194 47 3415 75 3428
b195 22 3661 55 3674
b196 115 2294 156 2335
b197 88 2668 125 2696
b198 179 1068 227 1087
b199 113 507 144 543
b200 220 1690 263 1727
b201 127 1436 153 1465
b202 76 2553 110 2592
b203 171 983 186 1011
b204 140 1557 181 1590
b205 85 34 106 49
b206 85 1436 127 1471
b207 227 870 260 898
b208 151 1324 178 1344
b209 43 2774 88 2810
b210 168 1712 181 1736
b211 77 3003 93 3015
b212 144 592 165 634
b213 77 2989 109 3003
b214 110 1716 127 1743
b215 43 2222 72 2243
b216 158 414 200 433
b217 0 3845 20 3893
b218 204 252 247 267
b219 188 0 216 18
b220 191 846 221 883
b221 254 225 267 270
b222 139 1874 173 1899
b223 169 924 191 943
b224 119 1623 164 1644
b225 216 48 263 86
b226 119 2118 158 2134
b227 172 715 185 747
b228 113 0 134 20
b229 188 18 212 66
b230 48 1833 78 1866
b231 168 344 184 374
b232 119 1644 161 1667
b233 88 2863 104 2876
b234 43 2810 76 2828
b235 169 878 191 924
b236 88 2774 115 2813
b237 157 2134 178 2174
b238 157 2174 184 2213
b239 165 592 205 614
b240 76 2243 99 2262
b241 167 1590 180 1614
b242 16 3449 38 3489
b243 212 86 249 120
b244 72 2592 109 2605
b245 150 2354 186 2378
b246 48 3170 71 3214
b247 115 1369 151 1408
b248 52 3371 95 3402
b249 56 3820 91 3847
b250 16 3415 47 3449
b251 135 2750 178 2784
b252 29 3836 48 3864
b253 37 3371 52 3384
b254 163 1130 187 1143
b255 167 1614 214 1653
b256 37 3402 58 3415
b257 43 2969 60 3002
b258 163 507 207 541
b259 170 192 196 204
b260 69 3094 88 3106
b261 130 1324 142 1369
b262 144 983 171 1031
b263 22 3774 69 3820
b264 176 1392 221 1415
b265 106 1924 151 1939
b266 50 3323 95 3371
b267 61 3735 95 3774
b268 101 3578 123 3603
b269 96 3033 133 3051
b270 149 846 172 861
b271 115 2140 157 2164
b272 134 313 158 348
b273 109 2611 130 2641
b274 43 2201 76 2222
b275 144 1031 166 1059
b276 123 1702 154 1716
b277 76 2897 88 2944
b278 184 1997 197 2039
b279 134 464 173 507
b280 88 2118 119 2140
b281 198 614 228 632
b282 152 771 196 801
b283 127 1716 140 1731
b284 85 1352 115 1373
b285 221 837 234 870
b286 140 1283 176 1324
b287 48 1812 90 1833
b288 82 1691 110 1727
b289 63 3015 96 3052
b290 79 3152 95 3179
b291 55 3692 83 3735
b292 88 2140 112 2179
b293 177 374 220 393
b294 110 3301 127 3327
b295 121 1973 164 1986
b296 0 79 16 106
b297 81 3547 119 3578
b298 190 304 223 344
b299 240 0 253 13
