447968.5
582897
313040
560 559
148.155006
b0 418 311 445 326
b1 410 97 437 113
b2 325 0 351 22
b3 198 395 219 440
b4 122 0 162 45
b5 125 137 151 153
b6 139 69 166 107
b7 386 170 415 205
b8 59 188 80 224
b9 48 362 92 387
b10 373 217 388 248
b11 80 152 121 176
b12 110 204 127 223
b13 487 151 535 184
b14 99 0 120 44
b15 315 230 330 264
b16 21 123 66 165
b17 457 212 498 249
b18 426 326 469 370
b19 439 429 462 465
b20 84 119 101 132
b21 80 176 124 204
b22 214 95 249 124
b23 413 484 453 501
b24 197 342 221 360
b25 291 180 334 209
b26 290 470 317 488
b27 159 342 197 382
b28 261 226 285 238
b29 92 44 122 73
b30 158 175 186 195
b31 122 451 158 483
b32 391 486 413 505
b33 221 307 267 352
b34 285 226 314 238
b35 498 134 524 146
b36 80 204 110 231
b37 146 206 158 235
b38 315 209 334 230
b39 158 195 170 208
b40 268 238 315 257
b41 413 501 449 520
b42 268 417 314 442
b43 268 312 289 351
b44 22 266 49 290
b45 419 202 444 226
b46 415 189 434 202
b47 520 260 560 302
b48 363 516 391 550
b49 182 209 206 257
b50 186 176 200 195
b51 462 440 476 456
b52 465 74 502 92
b53 110 223 146 235
b54 117 107 151 137
b55 0 203 31 229
b56 457 249 503 280
b57 213 175 261 222
b58 476 440 501 465
b59 0 403 47 441
b60 334 219 350 258
b61 79 231 110 276
b62 374 115 420 151
b63 372 296 418 332
b64 371 171 386 204
b65 134 527 157 540
b66 305 135 347 180
b67 218 260 232 293
b68 420 113 465 141
b69 347 135 374 171
b70 166 21 182 66
b71 224 31 258 63
b72 124 153 156 168
b73 315 356 327 402
b74 0 0 43 34
b75 469 329 506 349
b76 177 306 216 342
b77 222 394 262 412
b78 48 387 90 403
b79 43 496 68 536
b80 0 318 36 333
b81 119 527 134 559
b82 535 134 559 173
b83 437 37 478 74
b84 102 322 136 360
b85 327 393 370 427
b86 261 141 305 180
b87 455 280 503 325
b88 209 66 253 95
b89 502 70 544 90
b90 402 332 426 378
b91 43 0 64 43
b92 505 388 552 433
b93 198 360 222 380
b94 373 253 404 272
b95 120 483 157 527
b96 84 73 117 119
b97 314 279 329 319
b98 487 184 522 197
b99 327 319 344 359
b100 502 26 547 70
b101 258 31 288 67
b102 502 467 538 507
b103 233 260 267 294
b104 503 315 545 329
b105 64 0 99 33
b106 206 260 218 293
b107 158 452 190 467
b108 365 20 402 58
b109 268 257 314 299
b110 40 224 79 266
b111 67 105 80 126
b112 224 0 254 25
b113 122 45 158 69
b114 253 67 287 111
b115 117 73 139 107
b116 186 148 205 176
b117 48 403 87 424
b118 502 90 540 134
b119 426 370 471 398
b120 158 467 194 503
b121 334 263 372 297
b122 0 486 43 506
b123 59 327 95 350
b124 199 514 230 549
b125 222 352 268 394
b126 104 310 126 322
b127 79 454 122 479
b128 110 248 154 276
b129 239 222 261 256
b130 477 0 507 26
b131 219 412 267 457
b132 334 180 352 219
b133 426 398 469 413
b134 0 43 47 77
b135 345 474 360 519
b136 315 319 327 356
b137 31 203 59 224
b138 135 276 163 318
b139 374 58 410 95
b140 487 197 530 209
b141 352 171 371 216
b142 326 520 363 547
b143 411 73 436 97
b144 33 333 48 373
b145 110 235 155 248
b146 293 40 326 88
b147 0 373 42 403
b148 325 502 345 520
b149 268 352 315 374
b150 454 493 477 524
b151 198 440 216 482
b152 194 498 213 514
b153 0 506 41 536
b154 268 442 290 459
b155 79 276 104 290
b156 503 287 519 315
b157 289 299 314 319
b158 233 294 256 307
b159 326 87 370 119
b160 230 511 246 538
b161 370 392 417 438
b162 61 440 79 471
b163 289 319 311 352
b164 285 521 326 557
b165 162 0 179 21
b166 0 169 36 203
b167 419 226 455 263
b168 225 457 249 498
b169 205 149 244 173
b170 47 43 92 72
b171 0 251 22 291
b172 206 293 233 306
b173 249 486 281 511
b174 326 119 369 135
b175 315 264 331 279
b176 206 222 239 260
b177 121 410 158 451
b178 291 209 310 226
b179 0 77 34 123
b180 477 489 496 529
b181 363 486 391 516
b182 158 208 182 253
b183 292 0 325 39
b184 505 363 551 388
b185 427 520 454 554
b186 0 333 33 364
b187 498 209 536 245
b188 437 0 477 37
b189 371 205 415 217
b190 428 141 465 168
b191 124 168 158 184
b192 419 263 448 311
b193 67 72 84 105
b194 453 465 466 493
b195 213 498 246 511
b196 163 265 204 306
b197 290 442 327 470
b198 72 479 120 498
b199 388 217 419 253
b200 59 290 102 327
b201 344 297 370 326
b202 471 349 505 388
b203 41 536 69 551
b204 34 77 67 118
b205 198 380 219 395
b206 157 514 199 549
b207 465 105 498 133
b208 166 148 186 175
b209 182 21 218 66
b210 471 388 495 401
b211 399 0 411 16
b212 182 0 224 21
b213 394 378 426 392
b214 503 260 520 287
b215 69 511 98 532
b216 386 151 428 170
b217 351 0 399 20
b218 503 245 546 260
b219 327 474 345 502
b220 166 66 203 96
b221 67 126 80 171
b222 214 124 248 149
b223 465 151 487 170
b224 98 511 119 556
b225 327 427 365 474
b226 426 413 465 429
b227 444 191 457 223
b228 374 95 395 115
b229 166 124 214 148
b230 261 180 291 213
b231 299 374 315 404
b232 36 290 59 332
b233 404 253 417 269
b234 465 133 498 151
b235 137 363 159 409
b236 159 382 198 409
b237 158 431 198 452
b238 249 459 288 486
b239 0 229 40 251
b240 415 170 438 189
b241 48 483 72 496
b242 158 409 198 431
b243 505 433 542 467
b244 465 92 502 105
b245 466 465 502 489
b246 350 219 373 263
b247 366 332 402 371
b248 268 374 299 417
b249 0 291 35 318
b250 104 276 135 310
b251 506 329 549 363
b252 366 371 394 390
b253 268 299 283 312
b254 170 195 194 208
b255 326 40 365 87
b256 0 156 21 169
b257 36 171 69 188
b258 87 410 121 454
b259 315 402 327 428
b260 155 253 174 265
b261 92 398 137 410
b262 365 438 392 486
b263 392 438 439 484
b264 136 318 159 363
b265 80 137 125 152
b266 0 441 48 486
b267 327 359 366 393
b268 391 505 413 530
b269 325 22 362 40
b270 134 540 157 555
b271 373 272 415 296
b272 502 507 537 531
b273 457 191 487 212
b274 0 123 21 156
b275 49 266 77 288
b276 163 306 177 337
b277 48 350 95 362
b278 68 498 110 511
b279 246 511 285 554
b280 127 184 158 206
b281 344 326 362 356
b282 249 111 293 141
b283 261 213 276 226
b284 411 0 432 30
b285 200 176 213 209
b286 92 362 133 398
b287 438 170 480 191
b288 391 530 427 558
b289 288 488 325 521
b290 198 482 225 498
b291 166 96 209 124
b292 469 401 493 440
b293 411 30 430 73
b294 244 149 261 175
b295 48 440 61 483
b296 48 424 75 440
b297 254 0 292 31
b298 293 88 326 128
b299 127 206 140 219
