234792.6875
237878
207025
455 455
3.170544
b0 266 282 299 325
b1 398 218 435 283
b2 182 62 216 115
b3 127 236 164 303
b4 79 108 98 137
b5 312 115 351 164
b6 323 259 341 299
b7 224 302 264 324
b8 249 0 299 62
b9 91 236 107 277
b10 61 87 79 139
b11 22 136 61 195
b12 67 308 95 369
b13 235 407 292 455
b14 27 369 90 412
b15 396 166 455 218
b16 386 305 443 341
b17 206 169 250 235
b18 0 260 51 308
b19 27 412 77 443
b20 183 115 220 134
b21 235 357 299 407
b22 22 87 56 136
b23 378 251 398 300
b24 351 223 396 251
b25 351 108 405 147
b26 51 253 91 308
b27 65 0 130 25
b28 389 407 428 453
b29 299 259 323 321
b30 282 191 308 215
b31 249 62 283 88
b32 99 146 152 189
b33 398 283 433 305
b34 129 117 183 144
b35 98 108 129 146
b36 227 235 266 302
b37 107 236 127 296
b38 178 359 235 382
b39 130 62 182 117
b40 196 293 222 322
b41 123 361 178 388
b42 130 0 183 62
b43 98 190 159 236
b44 0 195 47 260
b45 260 88 304 111
b46 0 0 22 39
b47 154 326 219 359
b48 22 21 49 78
b49 405 83 452 148
b50 219 325 286 357
b51 351 166 389 223
b52 306 61 351 115
b53 22 0 65 21
b54 351 148 412 166
b55 206 135 262 169
b56 164 235 227 252
b57 83 53 130 71
b58 49 25 83 71
b59 79 71 129 108
b60 220 112 260 135
b61 266 259 299 282
b62 299 321 318 381
b63 312 164 348 209
b64 159 144 206 194
b65 183 0 240 56
b66 0 308 67 369
b67 262 111 306 151
b68 323 307 386 359
b69 0 385 27 439
b70 77 412 119 454
b71 123 388 187 410
b72 299 0 360 61
b73 360 0 421 67
b74 164 194 206 232
b75 83 25 102 53
b76 174 293 196 326
b77 389 341 446 407
b78 250 191 282 227
b79 164 252 224 293
b80 360 67 418 83
b81 262 151 312 191
b82 187 382 234 439
b83 49 71 71 87
b84 266 237 333 259
b85 360 83 380 108
b86 341 251 378 307
b87 47 214 91 253
b88 61 139 98 163
b89 61 163 99 190
b90 90 369 123 408
b91 216 56 249 112
b92 0 369 26 385
b93 119 410 184 445
b94 95 320 154 361
b95 47 195 98 214
b96 323 359 389 399
b97 107 303 174 320
b98 282 215 344 237
b99 323 399 389 448
