443039.75
572480.5
313599
559 561
134.498581
b0 269 51 284 78
b1 117 83 144 99
b2 404 160 430 182
b3 330 229 375 250
b4 456 220 501 260
b5 23 43 49 59
b6 314 137 352 164
b7 512 425 547 454
b8 125 425 146 461
b9 138 481 182 506
b10 231 194 262 209
b11 430 96 454 137
b12 123 513 142 530
b13 506 197 554 230
b14 266 333 287 377
b15 275 510 309 525
b16 187 511 229 556
b17 243 78 284 115
b18 457 260 501 303
b19 231 209 254 245
b20 173 165 190 178
b21 81 166 125 194
b22 501 247 536 276
b23 335 289 375 306
b24 254 256 278 274
b25 464 39 493 82
b26 481 457 499 484
b27 512 300 552 338
b28 88 118 112 130
b29 312 30 341 60
b30 23 23 51 43
b31 81 194 113 230
b32 431 401 453 420
b33 277 164 322 210
b34 494 95 506 124
b35 404 502 416 528
b36 335 351 365 378
b37 335 217 364 229
b38 213 314 234 333
b39 75 105 88 117
b40 21 237 40 284
b41 309 518 328 554
b42 18 441 64 466
b43 238 121 277 142
b44 0 493 27 517
b45 431 420 456 444
b46 262 413 281 426
b47 363 309 403 351
b48 275 525 309 553
b49 501 276 549 300
b50 23 59 37 78
b51 375 112 389 128
b52 309 500 346 518
b53 157 52 193 64
b54 125 119 159 149
b55 0 312 26 343
b56 344 0 390 31
b57 344 427 392 474
b58 431 444 456 469
b59 42 230 89 268
b60 543 142 559 181
b61 214 396 259 427
b62 220 333 266 369
b63 287 427 333 463
b64 64 382 97 397
b65 234 459 257 472
b66 359 474 404 516
b67 430 39 463 53
b68 259 426 287 471
b69 375 282 411 309
b70 456 401 472 446
b71 358 60 390 94
b72 157 37 189 52
b73 358 112 370 158
b74 147 387 181 430
b75 454 115 474 152
b76 392 427 431 463
b77 198 147 216 187
b78 48 382 64 424
b79 212 289 252 314
b80 0 392 36 407
b81 205 335 220 367
b82 291 229 330 253
b83 303 463 344 500
b84 0 407 38 441
b85 306 384 340 427
b86 147 430 186 474
b87 186 430 234 475
b88 375 194 404 238
b89 286 384 306 426
b90 411 281 457 305
b91 13 118 34 161
b92 434 342 479 389
b93 137 35 157 59
b94 77 486 108 505
b95 217 245 254 289
b96 397 67 430 113
b97 335 177 350 217
b98 408 268 443 281
b99 430 22 470 39
b100 340 381 385 425
b101 56 307 92 337
b102 70 505 110 541
b103 197 191 231 225
b104 75 74 117 88
b105 124 0 157 35
b106 279 39 312 51
b107 123 481 138 513
b108 430 165 467 203
b109 128 247 174 289
b110 175 225 217 264
b111 194 110 215 123
b112 98 282 128 307
b113 262 377 286 413
b114 434 513 468 557
b115 35 495 69 517
b116 98 341 126 360
b117 279 0 300 39
b118 385 389 429 427
b119 335 306 363 351
b120 194 41 230 77
b121 467 170 505 204
b122 105 425 125 468
b123 23 0 59 23
b124 174 335 205 370
b125 128 205 174 247
b126 359 516 371 538
b127 45 517 70 560
b128 215 77 243 121
b129 466 303 488 337
b130 404 182 430 212
b131 128 301 173 349
b132 358 94 397 112
b133 479 339 522 354
b134 126 149 173 183
b135 82 337 97 382
b136 254 244 291 256
b137 42 268 70 289
b138 328 518 356 560
b139 321 60 358 96
b140 429 389 472 401
b141 290 210 335 229
b142 506 142 543 169
b143 244 45 269 69
b144 144 64 159 104
b145 88 105 133 118
b146 287 351 335 384
b147 34 119 76 149
b148 0 441 18 461
b149 126 183 173 205
b150 463 490 494 513
b151 56 289 98 307
b152 63 337 82 353
b153 64 441 105 471
b154 69 24 91 41
b155 230 45 244 70
b156 375 128 391 156
b157 173 145 198 165
b158 454 152 477 165
b159 431 469 463 513
b160 472 441 499 457
b161 288 269 335 315
b162 51 23 69 54
b163 390 0 412 33
b164 517 371 558 407
b165 506 230 527 247
b166 254 210 290 244
b167 508 105 544 142
b168 499 454 523 495
b169 199 123 238 147
b170 344 31 389 60
b171 274 142 314 164
b172 277 115 290 142
b173 234 427 259 459
b174 231 147 274 163
b175 142 530 158 545
b176 508 67 541 105
b177 157 0 198 37
b178 59 0 76 19
b179 34 149 80 183
b180 472 390 512 409
b181 0 284 30 312
b182 142 506 187 530
b183 181 391 214 430
b184 257 471 303 496
b185 375 160 402 194
b186 0 87 33 118
b187 479 354 517 390
b188 426 305 466 342
b189 216 147 228 191
b190 407 212 444 239
b191 113 545 147 561
b192 408 239 456 268
b193 75 88 108 105
b194 322 164 350 177
b195 322 177 335 210
b196 34 78 75 119
b197 175 285 212 313
b198 0 186 19 234
b199 403 353 434 389
b200 98 388 141 425
b201 477 124 503 153
b202 254 274 288 313
b203 77 471 105 486
b204 198 0 231 41
b205 444 203 465 218
b206 159 64 194 106
b207 182 475 215 503
b208 49 54 76 74
b209 80 130 125 166
b210 346 474 359 498
b211 493 43 505 59
b212 181 370 223 391
b213 375 238 407 252
b214 477 153 504 170
b215 98 320 127 341
b216 246 314 288 333
b217 117 35 137 83
b218 493 0 508 43
b219 98 360 116 388
b220 365 351 402 381
b221 113 194 126 239
b222 0 161 34 186
b223 521 0 540 22
b224 0 234 21 279
b225 127 349 174 387
b226 359 250 375 289
b227 464 82 496 95
b228 430 137 450 158
b229 76 0 124 24
b230 375 252 408 282
b231 465 204 495 220
b232 0 0 23 42
b233 472 409 488 422
b234 463 457 481 490
b235 0 370 46 392
b236 223 369 262 396
b237 173 314 213 335
b238 404 463 431 502
b239 159 123 199 145
b240 472 422 495 441
b241 123 468 147 481
b242 175 178 197 218
b243 284 60 321 94
b244 508 0 521 37
b245 488 303 512 339
b246 403 309 426 353
b247 288 315 327 351
b248 50 183 81 226
b249 0 466 35 493
b250 390 33 421 67
b251 430 53 464 96
b252 454 96 482 115
b253 97 307 112 320
b254 144 106 168 119
b255 391 113 430 160
b256 21 224 42 237
b257 76 41 93 74
b258 64 397 98 441
b259 482 95 494 121
b260 234 314 246 333
b261 0 541 45 553
b262 0 343 48 370
b263 229 511 275 558
b264 0 42 23 87
b265 262 164 277 209
b266 231 0 279 45
b267 318 96 352 135
b268 421 0 446 22
b269 512 407 549 425
b270 48 337 63 360
b271 35 471 77 495
b272 0 517 35 541
b273 26 316 56 337
b274 194 77 215 110
b275 48 360 76 382
b276 257 496 288 510
b277 128 289 175 301
b278 110 468 123 510
b279 89 239 128 282
b280 231 163 253 194
b281 416 513 434 543
b282 300 0 344 30
b283 543 181 556 196
b284 508 37 529 67
b285 93 41 106 74
b286 215 475 256 511
b287 175 264 217 285
b288 506 169 542 197
b289 522 338 559 371
b290 291 253 318 269
b291 290 94 318 137
b292 335 250 359 289
b293 350 164 369 207
b294 91 24 117 41
b295 70 541 113 554
b296 40 289 56 316
b297 19 186 50 224
b298 371 516 404 556
b299 0 118 13 131
