745385.390625
767078
550152
283 1944
13.421664
b0 170 609 213 642
b1 0 1536 65 1573
b2 139 273 192 307
b3 102 1470 139 1537
b4 147 970 176 989
b5 133 1175 172 1224
b6 243 0 283 18
b7 165 0 187 40
b8 192 197 242 259
b9 87 860 103 901
b10 124 1326 142 1378
b11 65 1622 104 1681
b12 87 774 148 802
b13 76 1391 124 1448
b14 99 561 162 604
b15 80 0 139 52
b16 87 1088 123 1145
b17 59 901 103 967
b18 80 653 128 704
b19 139 658 170 708
b20 185 178 222 197
b21 125 1125 189 1175
b22 116 481 165 515
b23 80 604 100 653
b24 136 407 181 435
b25 103 880 157 919
b26 212 259 267 299
b27 75 1326 100 1391
b28 116 435 155 481
b29 161 178 185 240
b30 100 604 124 630
b31 207 77 233 111
b32 127 1248 170 1301
b33 65 1536 87 1571
b34 139 604 166 658
b35 102 1189 133 1227
b36 37 1391 76 1458
b37 116 52 136 112
b38 65 1681 88 1738
b39 75 1271 127 1326
b40 139 0 165 29
b41 75 1216 102 1271
b42 0 1825 62 1878
b43 99 515 160 561
b44 152 1301 217 1348
b45 102 1145 125 1189
b46 76 1448 115 1470
b47 37 1470 102 1503
b48 170 1224 227 1251
b49 57 1738 104 1803
b50 126 938 193 970
b51 37 1216 75 1273
b52 26 1171 80 1216
b53 102 1227 145 1248
b54 148 774 166 835
b55 157 880 191 936
b56 26 1108 43 1171
b57 104 1622 122 1669
b58 166 531 212 565
b59 125 1088 175 1125
b60 148 835 188 858
b61 26 771 59 794
b62 59 1028 119 1047
b63 80 52 116 97
b64 175 989 225 1036
b65 0 1573 57 1629
b66 59 967 126 1028
b67 187 37 231 77
b68 87 704 139 767
b69 26 0 80 27
b70 165 77 207 119
b71 57 1803 121 1825
b72 26 1047 87 1108
b73 26 704 87 771
b74 155 435 193 477
b75 80 97 99 125
b76 161 240 183 273
b77 104 1669 170 1726
b78 166 774 202 806
b79 87 1047 147 1088
b80 87 802 103 860
b81 87 1572 127 1622
b82 62 1825 109 1882
b83 160 515 182 531
b84 103 858 170 880
b85 175 307 195 332
b86 187 0 243 37
b87 166 565 205 609
b88 0 1216 37 1240
b89 43 1108 81 1135
b90 136 374 175 407
b91 37 1503 93 1536
b92 0 0 26 16
b93 87 1537 152 1572
b94 165 119 206 178
b95 103 919 154 938
b96 139 708 179 774
b97 139 307 156 374
b98 139 29 161 91
b99 0 1878 49 1944
