302863.75
405024.5
200703
447 449
15.722693
b0 366 369 402 385
b1 93 121 132 140
b2 82 401 123 436
b3 353 155 400 173
b4 342 85 368 117
b5 242 143 277 174
b6 304 233 317 262
b7 226 121 254 142
b8 18 387 50 402
b9 230 243 276 277
b10 181 105 226 137
b11 283 383 319 397
b12 238 37 274 79
b13 123 401 171 446
b14 0 210 25 225
b15 259 79 304 125
b16 208 252 230 270
b17 320 155 353 181
b18 212 423 246 442
b19 246 0 258 30
b20 366 341 399 369
b21 321 292 365 331
b22 157 157 183 196
b23 132 132 172 157
b24 214 327 239 342
b25 367 47 403 83
b26 81 156 124 181
b27 0 292 34 307
b28 342 117 388 155
b29 226 37 238 74
b30 132 113 159 130
b31 192 241 208 278
b32 0 307 32 330
b33 132 74 150 110
b34 323 363 342 401
b35 351 385 366 418
b36 275 191 303 203
b37 176 240 192 261
b38 399 336 432 362
b39 275 203 317 233
b40 114 0 142 41
b41 401 83 417 99
b42 274 48 318 67
b43 99 249 133 289
b44 258 0 274 27
b45 158 356 172 393
b46 334 0 349 48
b47 81 181 104 195
b48 138 46 164 70
b49 97 289 137 320
b50 226 79 259 121
b51 137 271 164 319
b52 205 142 242 169
b53 70 366 88 383
b54 133 240 176 256
b55 388 83 401 129
b56 147 319 172 341
b57 228 277 276 296
b58 183 177 224 196
b59 35 0 81 46
b60 0 160 35 190
b61 0 79 33 113
b62 242 320 287 357
b63 274 0 309 15
b64 81 74 129 121
b65 81 44 114 74
b66 212 367 243 398
b67 400 154 444 191
b68 241 296 276 320
b69 276 276 314 295
b70 157 196 193 210
b71 317 198 359 232
b72 365 296 399 329
b73 0 367 18 405
b74 169 42 187 71
b75 124 320 147 347
b76 101 237 115 249
b77 88 385 112 401
b78 403 47 446 73
b79 193 196 230 215
b80 158 341 172 356
b81 18 402 50 422
b82 323 331 356 363
b83 208 215 227 252
b84 404 362 447 399
b85 0 330 48 367
b86 188 412 212 436
b87 276 295 321 314
b88 113 373 156 401
b89 70 383 82 418
b90 113 349 158 373
b91 59 214 87 258
b92 82 325 124 349
b93 0 225 21 268
b94 55 366 70 382
b95 187 42 212 78
b96 230 174 275 199
b97 214 342 242 367
b98 192 215 208 241
b99 18 367 55 387
b100 214 302 241 327
b101 172 364 212 412
b102 366 385 404 410
b103 319 401 351 433
b104 309 0 334 36
b105 150 71 181 113
b106 248 391 282 430
b107 81 140 126 156
b108 64 74 76 107
b109 368 83 380 105
b110 59 288 82 332
b111 81 31 99 44
b112 254 125 300 143
b113 399 308 442 336
b114 401 110 440 129
b115 417 73 447 110
b116 282 397 319 439
b117 35 107 72 131
b118 363 207 402 242
b119 192 278 228 302
b120 140 225 185 240
b121 331 232 363 277
b122 56 258 99 288
b123 277 143 290 178
b124 277 178 316 191
b125 25 245 53 263
b126 304 108 342 136
b127 55 148 79 170
b128 88 349 113 385
b129 399 264 445 308
b130 230 199 275 243
b131 36 263 56 299
b132 365 258 381 296
b133 304 262 316 276
b134 381 264 397 293
b135 82 288 97 325
b136 35 131 54 155
b137 192 302 214 320
b138 290 155 320 177
b139 81 0 114 31
b140 114 41 126 57
b141 388 129 422 154
b142 142 0 169 46
b143 104 181 150 225
b144 35 79 64 104
b145 287 314 321 359
b146 25 212 59 245
b147 87 214 99 245
b148 55 131 80 148
b149 59 332 81 354
b150 212 37 225 67
b151 404 399 431 415
b152 274 15 307 48
b153 48 354 88 366
b154 172 320 214 364
b155 81 121 93 134
b156 300 136 342 155
b157 150 210 192 222
b158 316 181 344 198
b159 0 268 36 292
b160 276 233 288 269
b161 126 157 157 176
b162 400 191 430 203
b163 391 0 437 47
b164 187 78 219 105
b165 304 67 337 108
b166 104 225 140 237
b167 317 232 331 279
b168 342 48 367 85
b169 164 271 192 317
b170 0 0 22 45
b171 359 173 394 207
b172 34 299 59 330
b173 385 242 427 264
b174 422 129 442 154
b175 365 329 399 341
b176 35 155 55 171
b177 22 48 43 79
b178 365 242 385 258
b179 35 171 80 212
b180 159 113 180 132
b181 133 256 175 271
b182 126 41 138 74
b183 172 412 188 449
b184 81 195 101 214
b185 314 279 358 292
b186 22 0 35 48
b187 342 363 366 385
b188 283 359 323 383
b189 0 190 31 210
b190 212 0 246 37
b191 402 203 444 240
b192 43 46 65 74
b193 169 0 212 42
b194 349 0 391 43
b195 212 398 248 423
b196 288 233 304 272
b197 0 113 35 160
b198 183 137 205 177
b199 243 357 283 391
