447807.5
581455
314160
561 560
158.208568
b0 481 74 508 89
b1 500 325 516 352
b2 0 253 26 275
b3 365 477 410 498
b4 389 0 434 40
b5 17 188 33 214
b6 355 139 393 166
b7 312 208 347 237
b8 50 308 71 344
b9 41 493 66 537
b10 508 30 539 45
b11 115 285 139 326
b12 50 344 69 361
b13 343 313 376 361
b14 182 80 226 101
b15 389 40 423 55
b16 0 321 42 366
b17 392 269 429 310
b18 438 78 481 122
b19 231 154 254 190
b20 265 207 278 224
b21 0 225 44 253
b22 504 468 539 497
b23 516 325 556 342
b24 525 448 549 466
b25 442 197 485 226
b26 231 127 249 154
b27 464 461 504 499
b28 99 351 111 375
b29 224 343 253 373
b30 288 308 316 328
b31 135 439 167 475
b32 461 268 483 287
b33 235 244 281 289
b34 545 291 557 320
b35 498 430 510 456
b36 476 18 506 45
b37 273 423 302 435
b38 222 303 241 324
b39 102 337 114 350
b40 139 281 158 328
b41 90 117 109 153
b42 445 506 470 552
b43 494 145 515 184
b44 56 248 80 275
b45 323 183 347 208
b46 411 436 424 455
b47 508 45 550 85
b48 183 245 217 273
b49 470 499 518 523
b50 222 289 241 303
b51 319 398 333 414
b52 217 244 235 281
b53 259 461 271 497
b54 286 278 320 308
b55 48 388 79 414
b56 393 143 439 174
b57 182 127 230 174
b58 340 532 365 557
b59 156 475 203 513
b60 376 334 415 350
b61 393 112 438 143
b62 256 361 302 397
b63 158 311 204 347
b64 510 435 525 468
b65 151 517 164 540
b66 434 0 476 45
b67 423 45 437 78
b68 241 289 286 317
b69 310 237 337 273
b70 300 69 345 85
b71 372 55 406 87
b72 70 144 85 176
b73 515 163 561 175
b74 36 103 70 146
b75 461 248 498 268
b76 207 0 243 39
b77 311 478 351 496
b78 0 442 42 458
b79 123 158 148 198
b80 0 485 36 500
b81 50 373 82 388
b82 288 193 312 232
b83 243 0 280 41
b84 254 150 288 188
b85 228 427 271 461
b86 115 84 154 128
b87 0 366 48 411
b88 167 442 211 471
b89 127 239 147 281
b90 515 139 561 163
b91 70 57 113 78
b92 498 234 545 279
b93 62 0 82 24
b94 127 540 158 559
b95 148 186 192 223
b96 393 203 439 236
b97 483 268 498 308
b98 525 435 560 448
b99 516 390 556 407
b100 347 269 392 313
b101 424 436 460 466
b102 0 31 36 71
b103 72 414 106 448
b104 545 249 559 291
b105 82 0 115 35
b106 481 133 514 145
b107 87 491 102 523
b108 219 480 257 517
b109 115 0 161 42
b110 115 42 154 84
b111 24 297 37 318
b112 182 101 212 126
b113 147 245 183 269
b114 300 85 334 129
b115 111 205 133 239
b116 164 513 183 541
b117 479 343 500 382
b118 472 392 516 430
b119 373 432 401 477
b120 306 328 342 364
b121 229 41 267 75
b122 87 448 107 491
b123 226 80 262 103
b124 41 458 72 493
b125 161 0 207 42
b126 102 491 114 513
b127 107 414 150 439
b128 300 41 344 69
b129 442 339 464 373
b130 248 517 274 547
b131 152 360 197 408
b132 339 364 357 403
b133 464 343 479 386
b134 253 103 287 150
b135 72 448 87 493
b136 182 174 219 186
b137 33 197 54 225
b138 128 475 156 517
b139 353 102 389 139
b140 429 236 441 279
b141 442 226 461 271
b142 411 399 438 436
b143 393 87 417 112
b144 353 87 393 102
b145 158 347 203 360
b146 381 236 429 269
b147 109 128 151 158
b148 183 513 201 533
b149 148 223 195 245
b150 523 175 554 198
b151 150 421 192 439
b152 43 0 62 16
b153 42 414 72 455
b154 479 308 496 330
b155 56 146 70 171
b156 442 323 470 339
b157 215 398 240 418
b158 69 285 82 308
b159 481 89 513 133
b160 267 84 294 100
b161 498 279 545 325
b162 197 398 215 429
b163 461 226 494 248
b164 439 161 480 197
b165 364 20 385 37
b166 274 505 310 539
b167 442 287 479 323
b168 212 103 253 127
b169 82 375 106 414
b170 393 174 438 203
b171 271 483 311 505
b172 56 275 69 302
b173 86 158 111 190
b174 206 281 222 324
b175 240 373 256 388
b176 373 399 411 432
b177 111 356 152 393
b178 334 85 353 102
b179 36 57 70 103
b180 445 466 464 506
b181 310 532 340 560
b182 154 82 178 127
b183 43 24 82 57
b184 273 398 319 423
b185 320 273 347 307
b186 0 411 33 442
b187 523 198 561 234
b188 288 129 328 166
b189 345 41 357 85
b190 59 193 86 230
b191 203 480 219 514
b192 494 184 523 232
b193 0 188 17 221
b194 434 373 462 386
b195 302 465 335 478
b196 300 0 341 41
b197 154 145 182 182
b198 211 461 259 480
b199 515 85 551 116
b200 319 422 356 465
b201 477 45 503 74
b202 411 466 445 505
b203 107 439 135 454
b204 267 43 300 84
b205 358 442 373 463
b206 253 317 288 359
b207 82 285 115 313
b208 70 117 90 144
b209 389 363 434 399
b210 470 330 494 343
b211 442 271 454 287
b212 13 146 55 167
b213 357 361 389 375
b214 316 308 343 325
b215 107 454 128 483
b216 334 102 353 144
b217 341 0 389 20
b218 357 41 372 84
b219 154 127 182 145
b220 235 207 265 244
b221 152 408 197 421
b222 181 273 206 307
b223 265 224 287 243
b224 107 393 152 414
b225 182 42 229 80
b226 302 423 318 462
b227 429 279 442 311
b228 344 20 364 41
b229 273 435 297 483
b230 240 397 273 427
b231 40 167 56 197
b232 158 269 181 311
b233 500 379 516 392
b234 288 328 306 361
b235 288 232 310 278
b236 0 458 39 485
b237 0 167 40 188
b238 328 144 355 183
b239 154 42 176 82
b240 265 188 288 207
b241 127 517 151 530
b242 195 222 235 244
b243 302 364 339 398
b244 389 350 426 363
b245 418 311 442 347
b246 515 116 559 139
b247 192 186 231 222
b248 0 0 43 31
b249 288 166 323 193
b250 355 199 389 230
b251 438 386 472 429
b252 333 403 361 422
b253 197 429 212 442
b254 37 297 50 321
b255 201 517 248 556
b256 274 539 295 552
b257 231 190 264 207
b258 411 505 445 549
b259 241 317 253 343
b260 406 55 418 74
b261 361 397 373 442
b262 310 505 358 532
b263 80 239 127 285
b264 86 190 109 235
b265 206 324 221 369
b266 516 342 561 390
b267 347 230 381 269
b268 357 375 382 397
b269 439 122 457 159
b270 44 225 59 248
b271 71 313 113 337
b272 0 275 24 310
b273 417 78 438 108
b274 82 35 115 56
b275 71 351 99 373
b276 71 337 102 351
b277 111 158 123 205
b278 114 483 127 525
b279 70 78 113 117
b280 13 71 35 102
b281 476 0 506 18
b282 26 253 56 297
b283 545 234 558 249
b284 506 0 527 30
b285 197 385 230 398
b286 0 500 41 536
b287 376 313 418 334
b288 516 407 552 435
b289 355 166 392 199
b290 500 352 516 379
b291 115 328 158 356
b292 457 122 481 161
b293 280 0 299 43
b294 56 176 82 193
b295 215 418 228 461
b296 197 369 224 385
b297 460 430 498 461
b298 437 45 477 78
b299 0 71 13 84
