425336.5
535952
314721
561 561
929.276644
b0 296 315 323 330
b1 468 215 484 242
b2 327 124 353 146
b3 432 411 453 456
b4 215 39 260 79
b5 56 264 82 280
b6 189 270 227 297
b7 453 424 482 459
b8 320 437 356 458
b9 51 488 95 513
b10 312 140 327 171
b11 153 193 194 217
b12 215 345 234 362
b13 98 69 146 102
b14 484 232 505 276
b15 323 311 338 345
b16 21 293 63 338
b17 282 241 323 278
b18 393 229 437 272
b19 166 238 189 274
b20 73 471 86 488
b21 21 113 49 157
b22 501 520 530 555
b23 413 0 430 40
b24 374 470 398 488
b25 451 186 494 215
b26 414 418 432 445
b27 413 522 453 560
b28 361 131 373 155
b29 172 457 202 486
b30 180 87 200 115
b31 323 279 359 311
b32 192 239 214 258
b33 124 351 170 396
b34 459 492 488 504
b35 368 303 394 315
b36 374 488 404 515
b37 266 216 278 245
b38 216 193 237 212
b39 197 0 209 13
b40 189 297 236 316
b41 113 537 149 556
b42 246 141 292 166
b43 153 217 192 238
b44 347 492 374 516
b45 453 504 477 529
b46 377 361 396 374
b47 439 95 479 137
b48 172 486 206 514
b49 453 529 501 553
b50 56 73 70 92
b51 468 242 482 258
b52 357 74 394 92
b53 284 166 296 202
b54 113 33 143 67
b55 82 513 113 539
b56 194 162 240 193
b57 456 139 504 186
b58 491 464 516 489
b59 98 170 145 208
b60 145 132 184 148
b61 361 159 406 190
b62 281 92 327 128
b63 202 432 238 478
b64 516 443 549 458
b65 211 478 224 501
b66 317 516 362 558
b67 220 112 234 145
b68 392 272 437 300
b69 281 447 317 474
b70 199 416 244 432
b71 324 210 358 242
b72 76 139 108 154
b73 281 128 327 140
b74 0 422 43 456
b75 321 417 358 437
b76 504 139 543 175
b77 413 504 453 522
b78 108 351 124 393
b79 76 0 116 25
b80 0 456 15 492
b81 116 287 148 302
b82 370 92 394 131
b83 305 42 346 79
b84 42 386 80 420
b85 394 300 437 334
b86 274 474 313 518
b87 394 81 439 129
b88 236 315 280 344
b89 254 473 274 515
b90 278 217 324 241
b91 0 526 43 547
b92 147 148 194 193
b93 116 0 140 20
b94 136 396 167 415
b95 76 25 113 69
b96 140 0 186 33
b97 305 402 320 442
b98 504 430 539 443
b99 505 232 522 272
b100 226 515 271 559
b101 524 394 554 430
b102 56 154 96 190
b103 399 47 433 81
b104 437 197 451 239
b105 21 0 56 33
b106 475 0 487 33
b107 80 393 112 408
b108 492 72 529 110
b109 56 190 98 236
b110 222 0 264 39
b111 49 280 70 293
b112 185 340 215 365
b113 199 392 235 416
b114 437 317 471 361
b115 86 408 108 442
b116 42 356 61 384
b117 171 418 192 457
b118 471 317 509 361
b119 358 412 386 457
b120 98 208 134 244
b121 143 33 181 67
b122 0 33 20 76
b123 150 315 173 351
b124 86 442 121 473
b125 302 0 348 42
b126 86 473 108 485
b127 95 485 138 510
b128 236 287 280 315
b129 512 110 546 132
b130 351 344 377 374
b131 63 297 108 345
b132 393 211 432 229
b133 437 302 480 317
b134 138 463 172 510
b135 170 351 185 396
b136 324 198 361 210
b137 56 236 77 264
b138 108 323 150 351
b139 323 242 359 279
b140 338 332 381 344
b141 237 245 282 264
b142 362 47 399 74
b143 332 79 357 103
b144 0 386 40 401
b145 479 72 492 117
b146 280 354 313 402
b147 0 356 42 386
b148 108 409 126 429
b149 234 119 281 141
b150 396 361 427 384
b151 20 338 62 356
b152 77 236 96 252
b153 21 33 51 74
b154 484 215 506 232
b155 56 48 70 73
b156 509 272 525 300
b157 361 216 386 236
b158 187 115 200 138
b159 427 361 471 393
b160 265 402 281 429
b161 367 0 413 47
b162 98 244 116 275
b163 479 117 512 139
b164 509 358 550 394
b165 197 33 214 54
b166 15 456 51 490
b167 506 193 542 230
b168 280 330 321 354
b169 21 74 45 113
b170 237 200 266 245
b171 51 447 73 487
b172 305 79 332 92
b173 236 344 268 369
b174 181 33 197 76
b175 280 315 296 330
b176 453 459 491 492
b177 98 102 139 139
b178 142 102 161 119
b179 0 492 46 526
b180 516 477 556 496
b181 323 345 351 375
b182 281 402 305 447
b183 359 236 392 275
b184 509 302 555 327
b185 297 183 324 217
b186 21 245 54 276
b187 486 394 524 430
b188 342 375 382 412
b189 268 344 280 388
b190 278 47 305 84
b191 313 492 347 508
b192 525 230 554 278
b193 70 280 103 297
b194 487 0 500 28
b195 356 457 389 470
b196 148 274 189 315
b197 116 244 153 272
b198 56 92 75 140
b199 439 59 470 95
b200 280 278 323 315
b201 437 242 466 268
b202 317 458 356 492
b203 21 276 49 291
b204 215 79 256 112
b205 398 440 413 461
b206 21 203 56 245
b207 359 275 392 303
b208 200 130 220 157
b209 430 0 475 36
b210 368 315 392 328
b211 435 185 451 197
b212 0 401 42 422
b213 361 202 393 216
b214 451 215 468 242
b215 215 316 236 345
b216 323 375 342 417
b217 56 0 76 48
b218 200 87 215 130
b219 260 47 278 75
b220 224 478 254 515
b221 63 373 108 386
b222 146 67 180 92
b223 76 69 95 91
b224 216 212 237 257
b225 264 0 302 47
b226 477 504 516 520
b227 381 328 394 360
b228 244 413 264 434
b229 432 137 456 185
b230 453 394 486 424
b231 296 140 312 170
b232 237 264 279 287
b233 356 470 372 483
b234 504 175 537 193
b235 194 193 216 239
b236 113 510 152 537
b237 108 302 148 323
b238 394 334 433 361
b239 76 91 98 131
b240 491 445 514 464
b241 112 396 136 409
b242 256 79 278 119
b243 386 384 423 418
b244 324 185 361 198
b245 525 278 561 302
b246 439 36 483 59
b247 414 456 453 492
b248 274 518 317 549
b249 51 420 86 447
b250 108 139 142 170
b251 437 268 480 302
b252 516 458 544 477
b253 357 92 370 107
b254 73 447 86 471
b255 483 33 530 72
b256 134 208 147 229
b257 197 54 214 87
b258 240 166 284 200
b259 296 171 322 183
b260 361 190 380 202
b261 414 492 459 504
b262 185 365 233 392
b263 152 514 198 561
b264 409 129 432 174
b265 211 515 226 560
b266 126 415 171 463
b267 327 146 361 185
b268 389 418 414 440
b269 542 175 560 212
b270 116 272 139 287
b271 173 316 215 340
b272 21 157 56 181
b273 338 311 368 332
b274 0 0 21 33
b275 171 396 199 418
b276 266 202 297 216
b277 189 258 236 270
b278 145 119 187 132
b279 238 434 281 473
b280 21 181 52 203
b281 423 393 453 411
b282 235 369 265 413
b283 491 430 504 445
b284 327 103 357 124
b285 209 0 222 33
b286 46 513 82 554
b287 393 190 435 211
b288 373 131 409 159
b289 471 361 508 394
b290 346 43 362 70
b291 63 345 106 373
b292 480 276 504 315
b293 348 0 367 43
b294 220 145 246 162
b295 198 514 211 557
b296 82 252 98 279
b297 509 327 547 358
b298 362 516 395 556
b299 153 238 166 251
