232055.6875
234938
206115
455 453
1.99642
b0 326 250 369 283
b1 280 44 345 81
b2 173 119 207 172
b3 62 228 129 265
b4 221 315 240 344
b5 214 218 253 267
b6 130 383 148 423
b7 343 333 365 373
b8 67 325 117 387
b9 253 240 294 256
b10 341 146 393 164
b11 175 172 214 231
b12 67 129 95 190
b13 268 256 325 304
b14 383 254 446 297
b15 393 57 445 116
b16 365 338 422 374
b17 280 0 346 44
b18 0 389 51 437
b19 153 54 203 85
b20 426 403 445 440
b21 347 200 411 250
b22 153 85 202 119
b23 124 65 144 114
b24 175 382 220 410
b25 411 200 450 254
b26 262 304 317 344
b27 426 338 451 403
b28 170 410 216 449
b29 57 387 81 449
b30 247 60 271 86
b31 175 258 201 292
b32 67 282 120 325
b33 240 315 262 350
b34 207 92 261 119
b35 253 202 284 240
b36 220 382 259 449
b37 153 119 173 179
b38 397 161 454 184
b39 0 222 55 274
b40 221 289 250 315
b41 69 65 124 92
b42 0 169 62 222
b43 129 228 175 289
b44 214 137 261 202
b45 175 326 219 349
b46 387 374 426 396
b47 175 349 240 382
b48 0 362 57 389
b49 106 0 153 65
b50 0 97 67 129
b51 346 0 384 57
b52 153 0 198 54
b53 326 198 347 241
b54 283 81 344 99
b55 341 164 397 198
b56 55 265 118 282
b57 214 119 261 137
b58 175 292 221 326
b59 0 0 50 37
b60 261 148 284 188
b61 41 37 64 70
b62 261 0 280 60
b63 393 116 429 161
b64 120 289 170 336
b65 95 133 152 189
b66 0 301 67 362
b67 203 52 247 92
b68 198 0 261 52
b69 0 274 54 301
b70 284 198 326 240
b71 148 383 170 447
b72 326 374 387 435
b73 259 350 326 411
b74 66 190 108 228
b75 50 0 69 28
b76 153 179 175 212
b77 284 132 341 198
b78 393 25 429 57
b79 0 37 41 97
b80 397 184 455 200
b81 343 283 383 333
b82 117 336 174 383
b83 153 212 175 228
b84 201 267 268 289
b85 384 0 404 25
b86 69 0 106 56
b87 108 189 152 228
b88 69 92 93 129
b89 175 231 213 258
b90 387 396 420 435
b91 283 99 339 132
b92 214 202 240 218
b93 344 81 379 146
b94 383 297 442 338
b95 95 114 146 133
b96 0 129 66 169
b97 326 283 343 350
b98 261 86 283 148
b99 81 387 130 453
