232115.640625
234903.5
207025
455 455
3.427133
b0 64 375 97 418
b1 276 135 313 200
b2 140 380 193 414
b3 87 0 124 67
b4 0 44 19 73
b5 264 318 313 357
b6 352 191 370 231
b7 97 375 119 415
b8 358 47 420 97
b9 22 365 38 406
b10 119 336 137 388
b11 142 341 201 380
b12 180 88 241 116
b13 0 406 57 454
b14 241 92 304 135
b15 204 205 256 264
b16 54 272 90 329
b17 399 298 443 364
b18 0 114 51 162
b19 276 200 307 250
b20 245 309 264 346
b21 90 272 140 336
b22 106 192 140 241
b23 256 202 276 251
b24 0 162 45 190
b25 358 97 412 136
b26 75 67 130 107
b27 420 113 445 178
b28 395 259 441 298
b29 165 116 227 140
b30 38 375 64 399
b31 51 151 85 177
b32 63 192 106 245
b33 27 263 49 298
b34 254 0 281 54
b35 142 310 180 341
b36 142 157 209 196
b37 314 0 374 20
b38 188 264 245 287
b39 85 140 140 192
b40 201 370 230 396
b41 254 65 309 92
b42 142 196 204 249
b43 142 249 188 310
b44 189 0 254 47
b45 142 92 165 136
b46 371 425 410 447
b47 75 107 140 140
b48 0 263 27 320
b49 374 0 439 47
b50 244 135 276 202
b51 200 396 238 453
b52 0 320 54 365
b53 281 22 302 65
b54 313 318 331 379
b55 201 314 235 370
b56 0 190 63 207
b57 124 0 142 47
b58 420 47 454 93
b59 57 418 107 455
b60 331 423 371 446
b61 350 158 373 191
b62 140 414 200 433
b63 307 214 352 250
b64 142 0 189 50
b65 0 207 57 263
b66 26 0 87 67
b67 314 76 358 116
b68 239 379 302 431
b69 63 245 117 272
b70 314 116 356 158
b71 245 357 309 379
b72 388 364 449 425
b73 272 251 333 318
b74 142 50 180 92
b75 0 16 19 44
b76 281 0 314 22
b77 331 357 388 423
b78 355 282 391 314
b79 0 73 60 114
b80 256 251 272 309
b81 355 232 395 282
b82 373 136 420 193
b83 0 365 22 381
b84 333 250 355 317
b85 420 93 445 113
b86 313 158 350 214
b87 54 336 98 375
b88 51 114 75 151
b89 201 287 239 314
b90 373 193 406 232
b91 314 20 347 76
b92 0 0 26 16
b93 209 140 244 205
b94 189 47 248 88
b95 119 388 138 439
b96 333 317 399 357
b97 142 140 209 157
b98 302 379 324 441
b99 406 193 455 259
