233996.140625
237043.5
206570
455 454
3.308993
b0 122 362 165 395
b1 304 0 341 65
b2 157 86 191 139
b3 122 295 159 362
b4 95 293 114 322
b5 242 137 291 176
b6 360 139 400 157
b7 126 395 148 435
b8 242 0 304 50
b9 156 41 172 82
b10 335 139 353 191
b11 182 230 241 269
b12 182 345 243 373
b13 244 398 301 446
b14 32 174 95 217
b15 402 116 454 175
b16 307 340 364 376
b17 375 236 441 280
b18 0 342 51 390
b19 0 173 31 223
b20 283 206 320 225
b21 95 189 159 239
b22 148 403 182 452
b23 77 120 97 169
b24 307 225 335 270
b25 268 303 307 357
b26 182 373 222 428
b27 302 114 367 139
b28 368 337 414 376
b29 243 357 305 381
b30 335 211 361 235
b31 208 0 242 26
b32 106 21 149 74
b33 367 116 402 138
b34 95 239 122 293
b35 209 133 240 171
b36 291 139 330 206
b37 242 117 302 137
b38 159 219 182 276
b39 241 229 296 281
b40 182 428 211 454
b41 31 258 86 285
b42 221 176 283 229
b43 0 390 61 436
b44 298 67 363 114
b45 191 110 235 133
b46 268 281 307 303
b47 208 45 241 110
b48 0 116 27 173
b49 402 0 449 65
b50 0 0 32 67
b51 375 280 413 337
b52 32 120 77 174
b53 106 0 149 21
b54 437 175 455 236
b55 375 180 431 214
b56 0 223 17 286
b57 32 67 50 114
b58 242 83 288 117
b59 106 74 156 111
b60 361 157 401 180
b61 159 186 182 219
b62 97 170 157 189
b63 172 41 208 86
b64 159 139 209 186
b65 0 286 57 342
b66 201 281 268 342
b67 335 235 375 279
b68 54 0 106 63
b69 95 338 122 392
b70 159 276 201 318
b71 222 381 244 445
b72 307 279 368 340
b73 341 0 402 67
b74 57 309 95 351
b75 208 26 236 45
b76 0 67 22 100
b77 311 376 368 442
b78 368 376 404 408
b79 31 217 91 258
b80 165 345 181 403
b81 106 130 156 170
b82 54 63 101 120
b83 95 322 117 338
b84 32 0 54 67
b85 335 191 360 211
b86 122 239 159 295
b87 182 186 221 230
b88 57 285 94 309
b89 159 318 197 345
b90 368 408 407 441
b91 242 50 298 83
b92 0 100 26 116
b93 61 395 126 430
b94 149 0 208 41
b95 106 111 157 130
b96 414 280 454 346
b97 244 381 311 398
b98 375 214 437 236
b99 367 67 433 116
