235381.296875
238532
207025
455 455
8.518197
b0 306 91 349 124
b1 372 47 437 84
b2 108 412 161 446
b3 280 0 347 37
b4 135 296 164 315
b5 255 58 304 97
b6 18 94 36 134
b7 373 298 395 338
b8 135 224 197 274
b9 373 338 389 379
b10 135 0 153 52
b11 72 227 131 266
b12 82 323 143 351
b13 389 338 446 386
b14 310 126 373 169
b15 205 0 264 52
b16 260 248 296 305
b17 331 201 397 245
b18 18 276 69 324
b19 395 298 445 329
b20 97 121 134 140
b21 205 52 255 116
b22 257 97 306 131
b23 348 385 368 434
b24 80 150 125 178
b25 304 37 343 91
b26 0 410 55 450
b27 260 306 325 331
b28 82 351 128 390
b29 125 140 149 202
b30 293 192 317 218
b31 143 315 169 349
b32 55 412 108 455
b33 349 104 384 126
b34 55 357 82 411
b35 128 351 166 382
b36 221 281 260 348
b37 423 223 443 283
b38 349 47 372 104
b39 153 0 205 55
b40 0 357 29 383
b41 0 383 55 410
b42 139 55 201 108
b43 36 104 97 150
b44 368 386 433 433
b45 36 150 80 173
b46 125 202 164 224
b47 17 324 82 357
b48 18 0 45 57
b49 347 0 412 47
b50 317 169 384 201
b51 222 175 260 232
b52 166 349 220 394
b53 257 131 300 152
b54 354 324 372 385
b55 101 0 135 56
b56 72 266 135 283
b57 0 0 18 47
b58 169 177 203 223
b59 269 416 319 453
b60 331 324 354 364
b61 293 218 326 241
b62 203 177 222 237
b63 387 253 423 298
b64 42 57 92 104
b65 45 0 101 57
b66 149 116 216 177
b67 384 84 428 124
b68 169 281 221 344
b69 18 249 72 276
b70 331 282 373 324
b71 326 364 348 428
b72 161 394 222 455
b73 384 124 445 191
b74 97 83 139 121
b75 428 84 447 112
b76 135 274 168 296
b77 269 331 326 397
b78 419 191 455 223
b79 18 173 59 233
b80 264 0 280 58
b81 260 152 310 192
b82 222 348 269 405
b83 0 114 16 136
b84 82 390 149 412
b85 149 177 169 202
b86 331 245 387 282
b87 197 237 236 281
b88 18 57 42 94
b89 101 56 139 83
b90 222 405 261 438
b91 260 192 293 248
b92 18 233 44 249
b93 296 241 331 306
b94 216 116 257 175
b95 269 397 320 416
b96 69 283 135 323
b97 0 47 17 114
b98 397 191 419 253
b99 59 178 125 227
