426221.25
539402.5
313040
559 560
614.247023
b0 366 357 381 384
b1 422 199 449 215
b2 253 0 275 26
b3 401 314 422 359
b4 37 240 82 280
b5 12 72 28 98
b6 124 91 162 118
b7 402 379 431 414
b8 288 211 309 247
b9 0 498 25 542
b10 382 179 413 194
b11 167 406 191 447
b12 199 95 218 112
b13 243 134 291 167
b14 199 275 243 296
b15 321 415 336 449
b16 103 478 145 523
b17 330 60 367 101
b18 432 353 476 396
b19 257 419 293 442
b20 101 106 118 119
b21 252 106 296 134
b22 508 413 543 442
b23 288 516 328 533
b24 468 261 492 279
b25 277 259 306 302
b26 383 314 401 341
b27 379 471 419 509
b28 286 247 310 259
b29 167 79 197 108
b30 291 134 311 162
b31 199 239 231 275
b32 468 279 490 298
b33 145 515 191 560
b34 476 384 505 396
b35 524 493 550 505
b36 349 497 379 524
b37 134 267 163 279
b38 101 132 122 151
b39 37 297 50 309
b40 60 412 107 431
b41 0 438 36 457
b42 332 451 357 497
b43 480 240 519 261
b44 25 536 52 560
b45 339 396 364 420
b46 461 333 474 352
b47 505 37 545 79
b48 293 415 321 449
b49 491 466 515 514
b50 165 138 184 152
b51 183 337 199 351
b52 504 0 522 37
b53 54 163 90 175
b54 165 108 199 138
b55 0 348 31 374
b56 134 181 165 227
b57 395 60 442 108
b58 476 359 501 384
b59 25 498 72 536
b60 290 342 329 358
b61 244 292 275 337
b62 294 18 330 64
b63 508 377 554 413
b64 491 514 524 529
b65 244 419 257 442
b66 126 0 168 45
b67 255 167 288 181
b68 216 341 261 369
b69 341 101 368 137
b70 311 64 327 109
b71 386 145 418 179
b72 90 243 122 258
b73 530 79 542 125
b74 78 523 121 557
b75 395 359 432 379
b76 442 56 481 92
b77 287 302 305 342
b78 36 435 78 451
b79 134 227 159 267
b80 82 276 118 291
b81 132 446 147 478
b82 481 41 505 80
b83 467 0 504 41
b84 110 377 144 415
b85 506 306 549 340
b86 310 211 354 250
b87 338 282 383 330
b88 199 134 243 163
b89 330 0 372 20
b90 532 125 556 171
b91 90 151 111 194
b92 422 277 467 324
b93 422 215 446 235
b94 267 181 286 212
b95 90 206 134 243
b96 134 45 167 91
b97 359 342 399 357
b98 523 171 536 206
b99 418 142 435 182
b100 168 0 213 44
b101 425 481 455 517
b102 218 33 258 69
b103 243 258 277 292
b104 442 92 484 106
b105 0 243 35 276
b106 231 239 243 272
b107 145 490 177 505
b108 424 19 462 56
b109 202 193 244 239
b110 12 0 54 39
b111 110 415 131 428
b112 54 195 84 220
b113 147 290 183 314
b114 320 167 354 211
b115 110 355 144 377
b116 118 312 146 331
b117 519 240 558 261
b118 515 455 559 493
b119 321 368 366 396
b120 54 127 90 163
b121 218 69 252 107
b122 36 379 56 422
b123 0 415 36 438
b124 244 488 279 519
b125 422 235 468 277
b126 179 394 201 406
b127 78 478 103 521
b128 207 521 251 549
b129 443 106 465 140
b130 476 333 506 359
b131 196 476 244 521
b132 492 261 510 300
b133 250 404 293 419
b134 54 93 101 127
b135 216 296 231 341
b136 252 69 264 106
b137 42 309 70 330
b138 222 369 250 411
b139 258 28 294 65
b140 338 330 381 342
b141 319 250 338 295
b142 366 417 403 444
b143 230 167 255 191
b144 159 236 199 251
b145 231 296 244 341
b146 284 449 332 482
b147 0 318 42 348
b148 368 108 386 128
b149 338 260 385 282
b150 336 420 359 451
b151 36 479 78 497
b152 199 79 218 95
b153 0 374 30 415
b154 413 182 435 199
b155 12 58 37 72
b156 465 106 481 134
b157 354 167 379 187
b158 111 193 134 206
b159 288 167 320 211
b160 269 367 296 383
b161 379 509 425 556
b162 90 258 121 276
b163 244 236 277 258
b164 54 0 90 41
b165 37 280 58 297
b166 70 325 104 361
b167 485 204 522 240
b168 418 433 459 457
b169 0 276 24 315
b170 134 152 179 181
b171 70 377 110 399
b172 184 138 197 165
b173 244 463 276 488
b174 179 351 195 394
b175 177 499 192 515
b176 467 300 505 333
b177 12 98 53 135
b178 12 39 29 58
b179 70 291 116 325
b180 456 505 475 545
b181 354 137 382 167
b182 306 295 330 340
b183 163 251 196 290
b184 484 80 530 105
b185 522 206 549 240
b186 146 358 179 389
b187 449 196 485 234
b188 508 340 548 377
b189 275 302 287 346
b190 354 187 381 224
b191 144 389 178 405
b192 481 106 529 135
b193 199 324 216 357
b194 443 140 471 153
b195 508 442 541 455
b196 203 411 244 452
b197 251 519 288 547
b198 177 451 196 499
b199 90 0 126 31
b200 385 271 422 314
b201 330 342 359 368
b202 343 21 377 60
b203 36 451 51 479
b204 12 170 53 203
b205 403 414 418 435
b206 12 135 54 170
b207 183 296 216 324
b208 54 175 81 195
b209 354 224 399 260
b210 522 0 535 24
b211 399 219 415 231
b212 154 448 175 490
b213 381 357 395 389
b214 504 154 531 171
b215 261 346 290 367
b216 357 451 376 493
b217 34 220 82 240
b218 187 193 202 236
b219 275 0 293 28
b220 311 109 341 146
b221 60 399 105 412
b222 218 107 252 132
b223 199 112 218 134
b224 250 383 295 404
b225 264 65 311 103
b226 422 337 461 353
b227 306 259 319 291
b228 399 199 420 219
b229 196 452 244 476
b230 493 171 523 204
b231 381 194 397 224
b232 111 151 134 193
b233 418 414 431 430
b234 471 135 504 153
b235 165 181 187 227
b236 31 352 70 379
b237 244 442 284 463
b238 376 444 415 471
b239 12 203 34 243
b240 316 396 339 415
b241 36 422 60 435
b242 399 231 421 271
b243 431 396 465 433
b244 330 20 343 57
b245 419 457 455 481
b246 101 62 124 106
b247 455 466 491 505
b248 465 435 508 466
b249 51 451 86 478
b250 134 118 165 152
b251 435 153 469 196
b252 504 135 532 154
b253 183 324 198 337
b254 101 119 125 132
b255 377 21 424 60
b256 199 357 212 378
b257 101 45 134 62
b258 288 482 332 516
b259 468 234 480 260
b260 250 369 269 381
b261 191 406 203 451
b262 368 60 395 108
b263 86 431 132 478
b264 244 191 267 236
b265 54 78 99 93
b266 510 261 558 306
b267 404 108 443 142
b268 296 358 321 380
b269 386 108 404 145
b270 192 521 207 544
b271 104 331 146 355
b272 188 44 212 79
b273 295 383 316 413
b274 167 45 188 78
b275 42 330 70 352
b276 543 413 557 444
b277 0 0 12 47
b278 24 276 37 318
b279 465 396 508 435
b280 132 415 154 446
b281 293 0 323 18
b282 147 314 177 358
b283 422 324 437 337
b284 311 146 341 167
b285 134 279 147 312
b286 0 457 36 498
b287 372 0 414 21
b288 366 389 402 417
b289 54 41 87 78
b290 195 378 222 394
b291 187 165 230 193
b292 469 153 493 192
b293 424 0 467 19
b294 332 497 349 523
b295 154 405 167 448
b296 70 361 97 377
b297 425 517 456 555
b298 213 0 253 33
b299 97 361 110 374
