305013.25
408874.5
201152
449 448
46.384493
b0 324 299 360 315
b1 95 141 114 180
b2 48 254 83 295
b3 375 346 393 393
b4 0 74 32 100
b5 300 140 335 171
b6 229 296 242 325
b7 33 54 61 75
b8 0 388 32 403
b9 352 207 398 241
b10 0 403 32 448
b11 393 141 429 155
b12 142 104 184 140
b13 0 256 48 301
b14 254 391 279 406
b15 217 0 262 46
b16 370 328 392 346
b17 267 160 300 186
b18 324 74 358 93
b19 104 180 116 210
b20 324 212 352 245
b21 190 179 229 223
b22 69 66 95 105
b23 159 63 184 103
b24 229 325 244 350
b25 391 42 427 78
b26 0 314 43 339
b27 0 373 34 388
b28 286 303 324 349
b29 79 105 91 142
b30 343 315 370 332
b31 193 361 209 398
b32 279 391 311 414
b33 154 198 190 216
b34 259 141 297 160
b35 358 49 373 82
b36 249 129 277 141
b37 229 179 245 200
b38 405 78 438 104
b39 370 286 400 328
b40 307 171 335 212
b41 0 33 16 49
b42 48 177 92 196
b43 309 353 349 387
b44 91 220 118 236
b45 48 163 85 177
b46 347 0 395 15
b47 320 0 334 23
b48 261 274 287 298
b49 0 133 40 164
b50 244 298 286 331
b51 229 204 277 231
b52 279 414 316 441
b53 127 361 145 378
b54 212 285 228 328
b55 307 0 320 46
b56 287 361 309 386
b57 145 290 193 309
b58 32 388 51 429
b59 375 393 421 439
b60 154 216 189 246
b61 0 339 33 373
b62 400 278 445 315
b63 33 0 68 15
b64 0 164 48 211
b65 244 331 277 361
b66 118 232 149 263
b67 300 103 344 140
b68 414 315 449 339
b69 324 315 343 353
b70 65 105 79 141
b71 359 165 393 207
b72 358 15 391 49
b73 71 361 109 379
b74 71 309 100 327
b75 209 380 236 403
b76 71 295 83 309
b77 136 322 160 338
b78 324 273 367 299
b79 193 285 212 322
b80 400 315 414 330
b81 160 413 180 445
b82 229 231 261 264
b83 191 425 228 444
b84 405 104 448 141
b85 326 387 363 435
b86 335 180 359 204
b87 227 134 246 179
b88 70 38 113 66
b89 20 211 32 246
b90 118 141 142 186
b91 132 34 176 62
b92 254 406 278 448
b93 139 404 160 447
b94 311 387 326 403
b95 357 129 382 165
b96 279 46 324 71
b97 71 327 99 352
b98 51 384 67 410
b99 34 364 71 384
b100 91 236 118 261
b101 145 342 193 382
b102 33 339 71 364
b103 229 264 261 296
b104 193 248 229 273
b105 95 110 137 141
b106 184 77 218 116
b107 32 211 48 256
b108 92 180 104 213
b109 277 349 299 361
b110 51 420 95 443
b111 334 0 347 18
b112 184 116 230 134
b113 324 245 367 273
b114 113 30 132 69
b115 126 0 163 30
b116 251 92 293 129
b117 41 95 65 132
b118 393 155 432 190
b119 349 351 373 387
b120 242 376 287 391
b121 367 241 399 286
b122 48 224 91 254
b123 224 65 237 100
b124 246 141 259 180
b125 109 361 127 389
b126 68 0 96 38
b127 70 196 92 220
b128 67 384 92 420
b129 278 214 324 258
b130 262 0 307 44
b131 33 75 69 95
b132 320 23 358 39
b133 201 39 213 53
b134 261 258 290 274
b135 244 361 281 376
b136 369 109 393 128
b137 118 186 136 208
b138 96 0 126 22
b139 162 309 193 342
b140 242 391 254 407
b141 163 0 188 34
b142 118 263 145 309
b143 95 401 139 447
b144 176 34 201 63
b145 290 258 324 303
b146 193 328 227 361
b147 48 151 79 163
b148 261 231 278 256
b149 148 382 170 404
b150 229 350 242 380
b151 369 82 385 109
b152 0 0 33 33
b153 184 65 224 77
b154 149 248 193 290
b155 79 142 92 154
b156 140 62 159 104
b157 363 387 375 429
b158 373 49 390 77
b159 118 208 154 232
b160 193 273 229 285
b161 230 100 249 131
b162 277 186 307 198
b163 398 190 445 236
b164 297 71 324 103
b165 0 100 41 133
b166 92 389 128 401
b167 237 46 251 93
b168 189 223 226 248
b169 251 46 279 92
b170 191 403 236 425
b171 324 39 358 74
b172 0 49 31 74
b173 395 0 417 42
b174 385 78 405 103
b175 201 53 235 65
b176 128 382 148 398
b177 170 382 191 413
b178 277 198 297 214
b179 95 69 140 110
b180 349 332 370 351
b181 393 376 435 391
b182 236 407 248 440
b183 33 38 70 54
b184 41 132 61 151
b185 118 309 162 322
b186 0 301 48 314
b187 245 180 267 204
b188 142 174 182 198
b189 0 211 20 242
b190 99 327 136 361
b191 400 339 442 376
b192 48 196 70 224
b193 184 134 227 176
b194 399 236 442 278
b195 344 93 369 129
b196 201 0 217 39
b197 83 261 118 308
b198 335 140 357 180
b199 142 140 182 174
