444036.75
573913.5
314160
561 560
170.791063
b0 273 191 288 218
b1 338 55 365 71
b2 167 131 189 157
b3 492 234 513 279
b4 92 0 137 40
b5 0 44 16 70
b6 95 251 122 289
b7 291 355 320 390
b8 173 280 194 316
b9 431 503 456 547
b10 458 265 489 280
b11 65 102 106 126
b12 138 283 157 300
b13 77 218 125 251
b14 534 347 555 391
b15 455 250 489 265
b16 0 171 42 216
b17 181 42 222 79
b18 184 191 228 234
b19 287 307 323 330
b20 0 476 13 493
b21 125 215 153 259
b22 0 398 29 433
b23 338 0 355 40
b24 534 313 558 331
b25 461 46 490 89
b26 245 246 263 273
b27 0 216 40 254
b28 389 184 413 196
b29 125 464 154 494
b30 215 406 243 426
b31 342 355 378 387
b32 273 442 292 464
b33 81 161 126 207
b34 515 171 527 200
b35 419 502 431 528
b36 215 247 245 274
b37 155 203 184 215
b38 179 79 198 100
b39 142 203 155 215
b40 184 464 203 511
b41 323 306 342 342
b42 125 494 150 540
b43 439 218 478 239
b44 65 0 92 24
b45 489 352 513 377
b46 527 171 540 190
b47 252 0 292 42
b48 339 482 373 510
b49 0 281 24 329
b50 179 100 198 114
b51 373 456 389 470
b52 430 427 448 464
b53 322 508 334 544
b54 243 111 273 145
b55 66 355 92 386
b56 184 511 230 542
b57 119 104 167 151
b58 447 478 472 503
b59 65 64 112 102
b60 273 111 289 150
b61 263 257 308 288
b62 338 71 384 107
b63 173 234 209 280
b64 365 237 398 252
b65 373 470 386 493
b66 198 79 240 124
b67 197 177 230 191
b68 215 361 243 406
b69 288 47 315 83
b70 198 124 243 140
b71 220 0 252 34
b72 132 449 164 464
b73 373 504 419 516
b74 16 44 59 78
b75 315 199 352 219
b76 112 65 148 104
b77 389 196 429 214
b78 0 493 16 535
b79 230 497 270 522
b80 42 421 57 457
b81 154 464 169 496
b82 327 267 351 306
b83 389 425 430 462
b84 0 329 34 367
b85 288 464 322 507
b86 514 0 553 44
b87 513 234 561 279
b88 244 442 273 486
b89 45 0 65 42
b90 372 22 396 68
b91 440 46 461 89
b92 244 397 291 442
b93 378 345 402 365
b94 153 215 184 234
b95 339 516 376 560
b96 240 78 286 111
b97 325 150 365 165
b98 399 122 412 157
b99 308 248 325 288
b100 0 0 45 44
b101 498 126 534 156
b102 254 522 294 558
b103 518 279 552 313
b104 389 462 403 504
b105 132 416 167 449
b106 384 68 396 101
b107 34 355 66 370
b108 40 218 77 256
b109 142 157 184 203
b110 181 0 220 42
b111 35 256 48 277
b112 123 367 153 392
b113 122 259 158 283
b114 437 393 481 427
b115 352 321 374 355
b116 24 281 52 300
b117 534 391 555 430
b118 403 464 447 502
b119 458 173 486 218
b120 252 42 288 78
b121 291 390 329 424
b122 0 120 20 163
b123 158 0 181 36
b124 230 173 265 204
b125 442 347 484 393
b126 215 274 227 296
b127 70 312 95 355
b128 490 82 518 126
b129 119 345 153 367
b130 378 365 404 395
b131 57 415 105 460
b132 288 288 327 306
b133 494 156 537 171
b134 16 481 63 515
b135 153 346 168 391
b136 352 199 364 236
b137 24 300 52 321
b138 230 145 272 173
b139 329 388 366 424
b140 377 152 389 195
b141 439 266 458 311
b142 389 157 426 184
b143 374 321 399 345
b144 65 24 80 64
b145 291 424 336 437
b146 182 329 215 377
b147 0 78 30 120
b148 540 158 558 178
b149 355 0 402 22
b150 264 307 287 338
b151 0 445 42 463
b152 534 331 553 347
b153 20 141 61 171
b154 167 114 189 131
b155 168 346 182 371
b156 272 150 288 178
b157 364 196 389 216
b158 168 371 181 394
b159 405 381 437 425
b160 439 239 455 266
b161 292 0 338 47
b162 270 486 288 517
b163 315 47 337 80
b164 473 0 514 36
b165 137 0 158 17
b166 34 321 70 355
b167 288 150 325 186
b168 448 427 489 451
b169 108 424 132 463
b170 122 300 151 345
b171 34 386 74 408
b172 184 157 197 184
b173 287 330 319 355
b174 126 151 142 194
b175 122 283 138 298
b176 494 201 532 234
b177 52 275 93 312
b178 153 329 172 346
b179 439 0 473 46
b180 540 118 559 158
b181 457 130 485 160
b182 490 36 514 81
b183 227 274 260 313
b184 306 223 352 248
b185 448 451 482 478
b186 0 367 33 398
b187 398 238 436 274
b188 489 425 529 462
b189 365 152 377 196
b190 288 186 315 223
b191 373 422 389 456
b192 215 313 244 361
b193 355 22 372 55
b194 485 126 498 154
b195 380 107 393 140
b196 440 89 481 130
b197 294 507 322 544
b198 137 17 156 65
b199 184 428 215 464
b200 244 340 287 377
b201 492 279 518 308
b202 399 274 438 308
b203 62 126 77 154
b204 203 464 244 497
b205 513 352 534 367
b206 77 126 119 161
b207 182 377 215 405
b208 244 313 264 340
b209 289 104 325 149
b210 426 214 439 238
b211 423 71 435 87
b212 20 120 62 141
b213 478 218 492 250
b214 529 430 556 447
b215 74 386 95 415
b216 336 440 355 482
b217 243 377 291 397
b218 169 461 184 504
b219 456 503 474 531
b220 198 140 228 177
b221 95 370 108 415
b222 215 426 240 460
b223 69 256 91 275
b224 42 460 87 481
b225 474 496 521 534
b226 472 480 511 496
b227 417 528 430 560
b228 364 216 384 237
b229 325 126 373 150
b230 230 216 263 246
b231 336 424 366 440
b232 172 405 214 428
b233 540 215 553 231
b234 489 462 522 480
b235 320 342 342 388
b236 95 289 122 328
b237 194 280 215 320
b238 366 395 405 422
b239 132 394 172 416
b240 325 248 348 267
b241 33 408 57 421
b242 396 33 418 73
b243 405 347 442 381
b244 457 160 494 173
b245 537 82 561 118
b246 292 437 336 460
b247 399 308 438 344
b248 458 280 489 323
b249 0 254 35 281
b250 87 463 121 494
b251 263 223 306 257
b252 260 288 288 307
b253 352 237 365 252
b254 29 421 42 445
b255 42 171 81 218
b256 48 256 69 269
b257 167 428 184 461
b258 91 494 125 538
b259 373 140 399 152
b260 289 83 301 102
b261 228 204 273 216
b262 430 130 457 178
b263 352 275 399 321
b264 352 252 397 275
b265 158 234 173 279
b266 489 377 534 425
b267 325 165 364 199
b268 418 46 440 71
b269 540 178 558 215
b270 108 370 123 393
b271 95 328 119 370
b272 230 522 254 557
b273 494 171 515 201
b274 158 36 179 69
b275 63 494 91 516
b276 158 279 172 310
b277 80 40 127 52
b278 0 463 42 476
b279 489 313 532 352
b280 108 393 130 424
b281 412 122 430 152
b282 222 34 252 78
b283 215 234 230 247
b284 301 83 331 104
b285 156 69 169 102
b286 376 516 417 552
b287 384 216 426 237
b288 430 178 458 214
b289 402 0 439 33
b290 396 73 423 89
b291 154 504 182 547
b292 438 323 477 347
b293 337 107 380 126
b294 322 482 339 508
b295 151 316 194 329
b296 34 370 61 386
b297 514 44 545 82
b298 396 89 436 122
b299 272 178 285 191
