320056.5
439409
200704
448 448
130.136008
b0 288 251 324 267
b1 0 323 39 342
b2 345 0 380 41
b3 158 229 176 276
b4 37 213 69 239
b5 332 122 363 157
b6 178 279 207 292
b7 40 338 68 359
b8 273 146 288 178
b9 120 385 166 419
b10 401 209 446 241
b11 290 25 326 39
b12 209 174 251 210
b13 326 41 371 89
b14 0 148 25 163
b15 201 400 246 446
b16 90 0 112 18
b17 332 157 358 190
b18 288 171 307 205
b19 288 205 318 217
b20 43 120 76 148
b21 197 130 236 174
b22 282 374 321 400
b23 0 342 40 367
b24 288 146 303 171
b25 236 126 272 162
b26 43 401 68 444
b27 0 398 15 432
b28 199 0 245 38
b29 236 162 273 174
b30 0 42 27 59
b31 202 342 218 379
b32 39 315 71 338
b33 400 362 436 380
b34 89 92 127 111
b35 143 229 158 262
b36 324 266 352 278
b37 132 262 153 278
b38 339 406 372 432
b39 125 0 155 42
b40 304 126 332 167
b41 203 230 219 246
b42 101 346 120 390
b43 92 242 132 276
b44 401 163 417 190
b45 322 432 359 446
b46 181 91 196 139
b47 247 397 270 411
b48 326 308 352 332
b49 0 117 40 148
b50 326 89 368 122
b51 154 342 202 369
b52 55 160 92 187
b53 180 139 197 157
b54 203 292 246 308
b55 112 0 125 46
b56 178 257 203 279
b57 182 369 201 417
b58 401 190 442 209
b59 238 311 284 357
b60 71 323 101 358
b61 101 313 135 346
b62 135 278 172 323
b63 245 210 260 245
b64 400 263 447 311
b65 326 278 359 308
b66 172 292 203 323
b67 85 276 129 313
b68 143 205 178 229
b69 326 0 345 38
b70 45 239 59 275
b71 288 217 330 251
b72 196 97 230 130
b73 127 109 145 147
b74 218 357 247 375
b75 154 89 181 112
b76 281 357 293 371
b77 419 150 435 174
b78 371 106 397 149
b79 135 323 154 360
b80 120 346 135 360
b81 272 126 304 146
b82 43 14 75 47
b83 139 159 158 196
b84 375 404 412 447
b85 281 78 318 126
b86 402 82 426 106
b87 184 46 203 91
b88 0 280 28 323
b89 28 280 40 315
b90 0 240 45 264
b91 360 332 388 376
b92 115 159 139 201
b93 380 311 423 332
b94 380 90 395 106
b95 253 68 278 104
b96 260 203 285 248
b97 218 375 246 400
b98 417 174 443 190
b99 0 179 37 199
b100 178 230 203 257
b101 282 400 322 448
b102 219 230 244 268
b103 40 275 72 307
b104 290 0 326 25
b105 284 312 326 343
b106 360 161 399 195
b107 166 369 182 414
b108 43 160 55 193
b109 363 149 385 161
b110 20 395 43 439
b111 401 150 419 163
b112 230 108 276 126
b113 203 54 231 97
b114 425 311 444 350
b115 388 332 425 362
b116 380 0 417 42
b117 207 268 244 292
b118 76 111 115 146
b119 0 0 24 36
b120 154 323 199 338
b121 292 267 324 312
b122 154 46 184 89
b123 247 411 282 424
b124 326 381 339 420
b125 352 311 380 329
b126 19 367 57 395
b127 185 174 207 198
b128 339 381 375 406
b129 155 0 199 46
b130 245 0 290 44
b131 209 210 245 230
b132 203 38 241 54
b133 90 39 102 53
b134 114 226 143 242
b135 324 251 361 266
b136 380 66 399 90
b137 203 308 225 326
b138 120 360 150 382
b139 293 343 326 374
b140 154 369 166 385
b141 307 167 332 201
b142 158 159 185 205
b143 246 267 292 311
b144 114 201 143 226
b145 281 44 326 78
b146 364 232 398 265
b147 25 148 37 179
b148 127 92 152 109
b149 426 82 448 104
b150 89 78 119 91
b151 402 42 418 69
b152 59 242 92 275
b153 112 46 152 58
b154 397 106 439 150
b155 388 362 400 375
b156 24 0 43 42
b157 71 230 113 242
b158 332 190 360 207
b159 375 380 411 404
b160 360 195 396 207
b161 0 367 19 398
b162 115 147 145 159
b163 68 401 115 447
b164 332 207 364 234
b165 0 199 33 240
b166 246 424 282 436
b167 43 0 90 14
b168 364 207 401 232
b169 43 47 89 75
b170 43 75 65 120
b171 119 58 154 92
b172 178 205 209 230
b173 92 146 114 188
b174 90 58 115 78
b175 326 332 360 344
b176 0 432 20 448
b177 0 96 31 117
b178 203 246 219 266
b179 359 266 400 311
b180 90 18 109 39
b181 246 248 288 263
b182 43 148 76 160
b183 0 264 37 280
b184 65 75 84 95
b185 402 69 446 82
b186 72 275 85 323
b187 380 42 402 66
b188 241 44 281 68
b189 40 193 71 213
b190 326 344 360 381
b191 0 59 42 96
b192 401 241 429 263
b193 71 188 114 230
b194 57 359 100 401
b195 251 178 287 203
b196 199 326 238 342
b197 145 112 180 159
b198 231 68 253 108
b199 247 357 281 397
