3044685.601562
3269200
1024056
264 3879
651.226973
b0 137 414 164 429
b1 110 3451 137 3467
b2 74 2175 96 2201
b3 32 1647 53 1692
b4 93 1103 133 1148
b5 140 1425 156 1451
b6 59 3249 97 3276
b7 74 3490 109 3519
b8 89 1448 110 1484
b9 118 1800 162 1825
b10 147 1825 162 1856
b11 75 1927 116 1951
b12 182 0 199 19
b13 149 0 182 48
b14 81 1082 125 1103
b15 13 1876 47 1891
b16 100 2581 145 2623
b17 146 556 187 593
b18 52 1520 95 1564
b19 39 3026 75 3049
b20 99 1278 112 1295
b21 160 274 188 318
b22 48 3650 83 3679
b23 21 3748 61 3765
b24 158 474 176 498
b25 92 34 121 77
b26 81 3002 108 3020
b27 73 2962 111 3002
b28 61 2044 85 2056
b29 53 1703 82 1733
b30 85 2271 105 2299
b31 87 2367 119 2403
b32 47 1245 66 1267
b33 106 2409 151 2455
b34 138 699 167 711
b35 59 3171 71 3197
b36 115 2764 142 2794
b37 212 438 224 467
b38 0 3694 21 3713
b39 47 2033 59 2046
b40 13 22 32 69
b41 186 419 222 438
b42 37 2150 83 2175
b43 104 986 143 1007
b44 121 632 148 656
b45 78 1423 102 1448
b46 105 895 124 908
b47 52 3392 94 3432
b48 160 318 188 352
b49 81 882 105 930
b50 162 1270 181 1284
b51 123 414 137 430
b52 147 1901 184 1919
b53 109 3501 145 3513
b54 64 3616 94 3650
b55 149 1239 175 1270
b56 79 3180 125 3211
b57 85 2319 132 2367
b58 105 2294 130 2319
b59 71 3211 118 3249
b60 0 2289 39 2305
b61 147 1856 178 1901
b62 88 2504 134 2540
b63 208 163 244 209
b64 80 1377 113 1392
b65 105 908 118 931
b66 97 2914 139 2959
b67 61 3310 75 3343
b68 47 1876 75 1921
b69 119 2382 155 2409
b70 85 2201 101 2246
b71 27 3276 61 3308
b72 27 3049 59 3064
b73 47 1987 59 2033
b74 185 695 228 729
b75 199 297 219 334
b76 61 3356 100 3392
b77 70 2863 110 2881
b78 127 3101 169 3117
b79 79 2125 119 2150
b80 61 3748 97 3763
b81 140 2814 155 2846
b82 155 999 194 1023
b83 182 122 219 163
b84 101 3562 135 3600
b85 21 3765 55 3808
b86 87 1295 126 1339
b87 53 1733 98 1781
b88 85 2044 114 2088
b89 13 1916 33 1958
b90 92 699 138 723
b91 100 2623 143 2644
b92 95 1520 140 1567
b93 59 3147 79 3171
b94 47 1423 78 1442
b95 83 1951 127 1988
b96 70 2881 116 2914
b97 114 2540 154 2555
b98 88 2469 101 2504
b99 110 1408 150 1425
b100 27 3459 71 3504
b101 74 3074 104 3110
b102 158 520 198 556
b103 100 2644 134 2678
b104 116 1225 158 1239
b105 143 2623 178 2656
b106 61 3276 73 3309
b107 119 2367 151 2382
b108 155 2656 192 2694
b109 75 3310 117 3356
b110 52 1564 91 1606
b111 89 1484 102 1505
b112 95 1567 125 1592
b113 188 260 224 284
b114 32 1793 66 1837
b115 13 0 47 22
b116 119 2244 147 2263
b117 93 1148 132 1169
b118 18 3808 62 3846
b119 158 429 186 474
b120 47 1951 83 1987
b121 104 3063 138 3101
b122 13 2269 56 2289
b123 101 2208 124 2244
b124 75 1887 106 1922
b125 66 2749 112 2791
b126 148 632 170 644
b127 132 1148 157 1191
b128 48 3720 92 3748
b129 160 352 194 374
b130 63 1103 93 1129
b131 0 3649 48 3694
b132 0 3713 18 3752
b133 72 2367 87 2410
b134 39 2914 73 2961
b135 74 1688 119 1703
b136 121 477 158 489
b137 48 3679 69 3707
b138 72 2540 114 2568
b139 199 45 235 82
b140 123 302 135 345
b141 199 0 218 45
b142 0 2305 27 2342
b143 13 1891 37 1916
b144 94 3392 109 3432
b145 186 374 199 419
b146 79 3147 127 3180
b147 137 3117 167 3159
b148 66 1836 84 1856
b149 138 711 185 733
b150 145 2576 168 2607
b151 63 36 81 78
b152 64 1377 80 1396
b153 167 665 208 695
b154 102 1484 124 1501
b155 121 489 146 503
b156 172 786 200 802
b157 119 810 139 835
b158 101 2469 124 2482
b159 63 1213 107 1245
b160 93 1197 120 1213
b161 92 835 138 882
b162 83 3650 114 3668
b163 135 374 168 396
b164 52 1606 88 1647
b165 66 1284 87 1301
b166 76 1800 110 1836
b167 74 3110 110 3147
b168 54 2212 78 2253
b169 37 2046 61 2085
b170 103 1037 132 1082
b171 215 82 237 122
b172 73 3276 100 3289
b173 27 3308 52 3340
b174 31 3566 74 3582
b175 134 746 149 762
b176 133 1047 166 1085
b177 33 2175 74 2212
b178 47 1267 64 1286
b179 101 2150 147 2184
b180 87 2403 106 2443
b181 93 1169 123 1197
b182 70 2839 115 2863
b183 66 1245 99 1284
b184 126 882 172 907
b185 110 3467 137 3501
b186 0 3846 31 3879
b187 100 3249 136 3287
b188 149 746 186 786
b189 32 1781 76 1793
b190 64 1396 101 1423
b191 72 2469 88 2503
b192 149 208 178 256
b193 39 2289 72 2306
b194 188 284 216 297
b195 143 986 176 999
b196 83 1988 124 2029
b197 123 274 160 302
b198 76 1781 124 1800
b199 233 209 264 245
b200 111 2712 154 2749
b201 178 208 204 237
b202 66 2581 100 2620
b203 27 3504 42 3532
b204 13 2236 54 2269
b205 112 2749 133 2764
b206 126 907 168 942
b207 31 3582 64 3610
b208 115 2794 142 2814
b209 47 0 92 36
b210 33 2212 46 2236
b211 101 2184 117 2196
b212 53 1647 74 1689
b213 87 2455 119 2469
b214 149 48 166 75
b215 73 3289 102 3310
b216 166 163 208 182
b217 32 1478 52 1526
b218 59 2029 102 2044
b219 135 396 163 414
b220 61 2088 91 2125
b221 162 1284 175 1329
b222 85 2246 119 2271
b223 81 949 103 968
b224 167 644 212 665
b225 66 1339 113 1377
b226 110 1392 149 1408
b227 72 2253 85 2285
b228 82 1703 103 1723
b229 73 2914 97 2962
b230 63 1129 93 1162
b231 83 3668 99 3698
b232 92 723 134 746
b233 47 36 63 49
b234 149 256 182 274
b235 176 474 198 520
b236 74 3562 101 3601
b237 218 0 239 40
b238 39 2306 66 2345
b239 69 3698 109 3720
b240 81 930 104 949
b241 117 2184 130 2208
b242 133 1007 155 1047
b243 151 2294 188 2328
b244 96 3050 133 3063
b245 134 786 170 810
b246 124 942 147 986
b247 74 3451 110 3490
b248 75 1856 118 1887
b249 178 2328 213 2355
b250 92 0 123 34
b251 31 3532 74 3566
b252 187 556 206 584
b253 59 3049 74 3062
b254 138 733 162 746
b255 146 593 193 632
b256 105 882 126 895
b257 99 1245 116 1278
b258 111 2678 155 2712
b259 123 0 149 12
b260 124 1638 143 1650
b261 127 1927 139 1972
b262 92 746 119 794
b263 91 1592 138 1638
b264 188 237 233 260
b265 66 2678 111 2693
b266 66 2791 111 2839
b267 32 1837 66 1876
b268 74 3049 96 3074
b269 52 1478 89 1496
b270 74 3601 97 3616
b271 39 3002 81 3026
b272 118 1825 142 1860
b273 104 1007 125 1037
b274 145 2555 178 2576
b275 120 1197 142 1225
b276 39 2839 70 2853
b277 123 430 135 477
b278 110 1638 123 1680
b279 121 656 160 699
b280 0 3532 31 3554
b281 114 3600 144 3618
b282 96 3020 140 3050
b283 89 1505 102 1520
b284 142 2749 172 2770
b285 0 0 13 33
b286 74 1647 110 1688
b287 37 2125 79 2146
b288 47 1442 75 1478
b289 182 82 215 119
b290 52 3432 68 3459
b291 74 3519 102 3562
b292 31 3610 55 3649
b293 71 3432 114 3451
b294 166 182 183 208
b295 72 2568 115 2581
b296 168 374 184 401
b297 119 2263 157 2294
b298 106 1887 139 1927
b299 110 2863 123 2876
