428061.5
541963
314160
561 560
931.036672
b0 466 223 493 238
b1 334 316 350 343
b2 177 243 203 265
b3 129 108 174 129
b4 108 187 153 227
b5 91 255 117 271
b6 150 518 177 556
b7 398 503 427 538
b8 156 349 177 385
b9 21 518 65 543
b10 264 70 295 85
b11 273 373 314 397
b12 354 263 371 282
b13 177 308 225 341
b14 141 87 185 108
b15 438 444 472 459
b16 102 518 147 560
b17 349 0 390 37
b18 422 254 466 297
b19 195 386 231 409
b20 127 475 144 488
b21 108 227 152 255
b22 476 112 511 141
b23 389 83 429 100
b24 388 140 406 164
b25 518 360 561 389
b26 321 277 348 295
b27 511 112 551 150
b28 317 377 341 389
b29 147 320 177 349
b30 177 265 197 293
b31 300 462 336 494
b32 493 219 515 238
b33 268 397 314 442
b34 223 118 235 147
b35 383 112 395 138
b36 451 145 481 172
b37 513 45 525 74
b38 286 442 307 461
b39 213 157 225 170
b40 174 108 193 155
b41 44 40 63 76
b42 44 335 90 360
b43 401 240 422 279
b44 65 292 89 319
b45 406 140 431 164
b46 251 124 270 137
b47 66 195 108 235
b48 205 90 239 118
b49 476 88 524 112
b50 267 442 286 456
b51 416 44 432 58
b52 246 0 264 37
b53 291 506 303 542
b54 122 361 156 391
b55 0 278 31 304
b56 222 453 253 499
b57 302 70 349 118
b58 350 366 375 391
b59 44 235 91 273
b60 60 319 99 335
b61 340 433 385 464
b62 255 506 291 552
b63 274 279 320 315
b64 472 381 505 396
b65 222 409 245 422
b66 503 0 545 45
b67 321 263 354 277
b68 397 299 442 327
b69 390 0 417 36
b70 472 365 517 381
b71 274 209 308 241
b72 95 474 127 489
b73 383 100 429 112
b74 21 484 64 518
b75 418 432 438 469
b76 322 145 358 184
b77 365 96 383 136
b78 0 319 16 361
b79 44 0 69 40
b80 0 394 36 409
b81 177 428 209 443
b82 69 0 108 24
b83 162 0 199 41
b84 177 525 215 559
b85 177 184 211 227
b86 310 0 349 44
b87 424 363 472 408
b88 273 328 317 357
b89 349 37 369 79
b90 392 194 438 218
b91 0 443 21 486
b92 466 238 513 283
b93 232 70 256 90
b94 117 255 148 274
b95 0 0 44 37
b96 253 461 299 494
b97 436 145 451 185
b98 308 209 321 244
b99 112 113 129 153
b100 417 0 462 44
b101 442 408 472 444
b102 442 297 482 333
b103 327 391 361 425
b104 383 338 397 380
b105 99 328 134 361
b106 451 172 484 184
b107 28 304 43 336
b108 476 50 513 88
b109 264 0 310 42
b110 0 80 42 119
b111 44 292 65 305
b112 142 450 172 475
b113 150 494 186 518
b114 518 280 552 324
b115 46 406 80 428
b116 144 475 172 494
b117 251 103 290 124
b118 515 199 559 237
b119 211 208 239 253
b120 0 207 36 243
b121 240 290 274 328
b122 0 164 20 207
b123 472 499 508 522
b124 259 149 294 180
b125 204 24 246 70
b126 135 320 147 342
b127 31 360 74 385
b128 428 469 472 497
b129 129 129 163 151
b130 481 141 511 167
b131 177 341 225 386
b132 205 118 223 157
b133 409 363 424 406
b134 95 440 142 474
b135 225 363 270 378
b136 290 85 302 122
b137 16 336 44 357
b138 135 391 177 419
b139 204 253 240 290
b140 354 304 397 316
b141 361 393 406 412
b142 302 118 339 145
b143 270 124 294 149
b144 0 119 40 134
b145 122 391 135 436
b146 365 503 398 551
b147 0 134 42 164
b148 312 44 330 64
b149 350 316 397 338
b150 440 223 463 254
b151 177 386 195 428
b152 264 42 283 58
b153 44 154 74 195
b154 148 276 165 298
b155 279 241 304 255
b156 294 145 322 161
b157 394 279 419 299
b158 314 389 327 412
b159 482 283 514 327
b160 177 227 204 243
b161 369 37 416 83
b162 64 471 95 489
b163 514 258 547 280
b164 513 451 554 487
b165 95 154 112 175
b166 176 456 212 490
b167 518 324 555 360
b168 321 239 362 263
b169 153 224 177 263
b170 336 503 365 548
b171 215 522 255 544
b172 314 412 327 439
b173 141 41 173 66
b174 273 357 316 373
b175 44 305 60 320
b176 108 0 141 38
b177 65 489 102 530
b178 117 84 136 101
b179 0 409 46 443
b180 472 439 512 458
b181 294 161 322 191
b182 199 0 244 24
b183 385 433 418 472
b184 116 38 141 84
b185 487 167 514 201
b186 0 361 31 394
b187 482 327 518 365
b188 514 150 554 187
b189 239 90 251 134
b190 252 180 289 207
b191 240 274 274 290
b192 69 84 117 113
b193 65 530 98 547
b194 472 426 500 439
b195 246 37 259 70
b196 472 458 513 499
b197 231 378 268 406
b198 44 273 92 292
b199 99 297 135 328
b200 0 37 37 80
b201 283 44 312 70
b202 362 220 401 254
b203 0 304 28 319
b204 303 494 336 535
b205 141 0 162 15
b206 0 243 42 278
b207 350 338 383 366
b208 307 442 334 462
b209 397 327 442 363
b210 365 83 389 96
b211 515 187 531 199
b212 0 486 21 528
b213 426 218 440 250
b214 476 33 503 50
b215 46 385 75 406
b216 398 540 440 559
b217 225 343 273 363
b218 73 428 88 471
b219 487 201 515 219
b220 442 333 479 363
b221 177 443 222 456
b222 225 147 259 172
b223 135 298 154 320
b224 101 395 122 440
b225 440 185 487 223
b226 349 106 365 145
b227 517 389 549 402
b228 334 295 354 316
b229 102 494 150 518
b230 472 396 505 426
b231 320 344 350 360
b232 213 499 255 522
b233 321 295 334 311
b234 256 85 289 103
b235 245 406 267 452
b236 174 157 213 184
b237 141 66 181 87
b238 240 247 279 274
b239 155 184 177 224
b240 428 497 451 516
b241 65 547 89 560
b242 354 282 394 304
b243 358 183 392 220
b244 274 315 311 328
b245 406 408 442 432
b246 92 274 136 297
b247 213 172 252 208
b248 385 472 428 503
b249 186 490 213 525
b250 142 419 176 450
b251 112 153 155 187
b252 204 70 232 89
b253 327 425 340 440
b254 153 263 177 276
b255 429 58 476 97
b256 209 409 222 430
b257 317 360 350 377
b258 75 361 119 395
b259 397 363 409 389
b260 349 220 361 239
b261 255 494 300 506
b262 322 184 349 232
b263 69 38 116 84
b264 365 138 388 183
b265 225 328 270 343
b266 431 97 476 145
b267 240 208 274 247
b268 401 218 426 240
b269 512 433 549 451
b270 177 293 200 308
b271 20 164 44 206
b272 427 516 462 540
b273 371 254 401 275
b274 74 154 95 187
b275 44 195 66 223
b276 203 290 234 304
b277 193 89 205 136
b278 69 113 111 126
b279 340 464 383 503
b280 222 422 244 453
b281 289 191 319 209
b282 392 164 436 194
b283 375 380 390 393
b284 515 237 545 258
b285 321 311 334 344
b286 21 443 57 484
b287 361 412 403 433
b288 395 112 431 140
b289 513 487 550 520
b290 349 79 365 106
b291 69 126 112 154
b292 279 255 318 279
b293 185 41 204 84
b294 303 535 329 552
b295 88 395 101 438
b296 57 441 73 468
b297 517 402 555 433
b298 462 0 502 33
b299 46 428 59 441
