569110.6269531
597438.5
314160
561 560
172.704703
b0 441 140 456 167
b1 35 201 62 217
b2 48 34 74 56
b3 465 229 486 274
b4 185 404 230 444
b5 255 0 271 26
b6 131 64 158 102
b7 229 324 264 353
b8 151 215 187 236
b9 357 515 382 559
b10 148 33 163 64
b11 28 312 69 336
b12 131 102 150 119
b13 502 164 550 197
b14 48 0 92 21
b15 151 236 185 251
b16 43 515 85 560
b17 150 283 191 320
b18 503 107 546 151
b19 478 77 514 100
b20 277 313 294 326
b21 525 242 553 286
b22 151 251 186 280
b23 512 462 529 502
b24 280 503 304 521
b25 212 25 255 54
b26 372 98 390 125
b27 108 281 148 319
b28 437 273 461 285
b29 74 34 104 63
b30 416 137 436 165
b31 0 116 36 148
b32 514 38 533 60
b33 85 75 131 120
b34 453 434 465 463
b35 429 0 441 26
b36 436 285 463 315
b37 413 473 425 502
b38 431 438 450 459
b39 249 366 261 379
b40 86 204 133 223
b41 500 397 536 416
b42 187 34 212 80
b43 271 0 292 39
b44 62 186 86 213
b45 437 249 462 273
b46 503 151 522 164
b47 367 317 409 357
b48 466 434 500 462
b49 34 241 82 265
b50 165 34 179 53
b51 176 507 192 521
b52 268 155 305 173
b53 436 315 448 351
b54 54 156 88 186
b55 84 323 115 349
b56 390 92 436 123
b57 139 168 187 215
b58 536 369 561 394
b59 187 162 234 200
b60 315 398 354 414
b61 255 110 300 141
b62 436 352 482 388
b63 390 281 436 317
b64 234 469 267 484
b65 42 453 65 466
b66 333 414 378 456
b67 324 97 357 111
b68 324 41 369 69
b69 409 317 436 353
b70 450 463 466 508
b71 255 76 287 110
b72 182 475 197 507
b73 465 38 511 50
b74 0 507 43 541
b75 441 108 478 128
b76 100 168 139 204
b77 106 387 146 405
b78 0 453 42 469
b79 454 204 494 229
b80 69 322 84 358
b81 91 143 123 158
b82 441 69 465 108
b83 257 39 298 76
b84 31 419 69 453
b85 278 279 321 313
b86 292 0 336 39
b87 85 509 133 554
b88 25 336 69 365
b89 213 69 255 89
b90 232 266 278 290
b91 78 488 121 509
b92 514 60 559 107
b93 491 361 515 381
b94 143 320 174 339
b95 452 167 496 204
b96 328 352 361 398
b97 357 82 372 122
b98 377 279 390 314
b99 310 238 327 278
b100 396 33 441 77
b101 185 444 221 474
b102 36 110 76 146
b103 84 247 118 281
b104 390 123 432 137
b105 147 383 182 416
b106 287 76 299 109
b107 0 249 32 264
b108 197 474 234 512
b109 264 326 306 372
b110 411 399 453 438
b111 84 349 105 362
b112 0 336 25 366
b113 97 223 133 247
b114 234 141 268 185
b115 106 349 140 371
b116 115 319 143 338
b117 300 108 321 147
b118 477 0 521 38
b119 465 274 510 302
b120 0 80 36 116
b121 453 388 491 422
b122 328 197 348 240
b123 0 366 23 402
b124 383 357 414 392
b125 515 327 561 369
b126 234 442 246 464
b127 0 469 43 494
b128 140 339 168 383
b129 367 245 389 279
b130 499 237 525 267
b131 0 0 48 45
b132 133 215 151 254
b133 348 500 391 515
b134 230 290 277 324
b135 212 54 257 69
b136 463 302 500 314
b137 34 217 62 238
b138 234 484 276 512
b139 279 173 316 209
b140 441 128 484 140
b141 348 198 367 243
b142 369 0 396 37
b143 299 39 324 63
b144 357 122 372 162
b145 187 200 232 213
b146 232 233 280 266
b147 324 111 354 153
b148 230 403 250 421
b149 348 456 395 478
b150 85 120 116 143
b151 36 146 54 188
b152 230 366 249 382
b153 280 238 310 279
b154 48 56 70 73
b155 304 513 318 538
b156 361 279 377 307
b157 15 292 40 312
b158 315 368 328 391
b159 316 153 348 197
b160 369 66 396 82
b161 466 462 512 509
b162 65 457 83 488
b163 391 478 413 511
b164 69 395 105 436
b165 133 484 154 501
b166 308 479 344 513
b167 191 283 228 319
b168 441 28 465 69
b169 163 53 187 92
b170 187 92 216 137
b171 308 457 348 479
b172 123 120 136 147
b173 118 254 150 279
b174 317 414 333 457
b175 114 39 129 55
b176 475 314 513 347
b177 144 438 185 475
b178 484 100 503 117
b179 110 438 144 484
b180 431 472 450 512
b181 154 475 182 505
b182 300 63 324 108
b183 168 350 207 383
b184 187 137 233 162
b185 246 442 280 469
b186 0 419 31 452
b187 354 162 392 198
b188 496 197 533 237
b189 294 313 338 325
b190 448 315 475 352
b191 106 371 140 387
b192 280 209 328 238
b193 148 0 165 33
b194 280 490 308 503
b195 486 237 499 270
b196 25 365 66 406
b197 280 414 317 442
b198 166 92 185 140
b199 398 201 434 232
b200 42 73 85 110
b201 369 37 395 66
b202 318 515 357 549
b203 147 416 175 431
b204 336 0 369 41
b205 439 209 454 230
b206 0 45 42 80
b207 324 69 357 97
b208 104 55 131 75
b209 216 89 252 134
b210 367 232 391 245
b211 372 82 384 98
b212 133 501 154 543
b213 268 141 300 155
b214 456 140 483 157
b215 398 232 419 261
b216 391 262 433 281
b217 210 356 230 404
b218 396 77 439 92
b219 182 383 210 401
b220 427 512 464 542
b221 23 406 68 419
b222 209 0 243 25
b223 483 140 502 162
b224 230 421 275 442
b225 234 512 272 559
b226 491 381 530 397
b227 48 21 80 34
b228 276 521 297 541
b229 280 442 304 490
b230 174 320 207 350
b231 396 0 412 30
b232 338 286 361 328
b233 431 459 447 472
b234 525 286 558 304
b235 414 353 436 399
b236 15 265 54 292
b237 0 209 21 249
b238 465 50 504 77
b239 154 505 176 545
b240 513 304 532 327
b241 15 312 28 336
b242 348 478 388 500
b243 0 172 34 209
b244 510 267 523 304
b245 395 449 431 473
b246 372 137 416 160
b247 398 165 437 201
b248 186 252 229 283
b249 43 488 78 515
b250 367 198 398 232
b251 327 243 361 286
b252 437 230 465 249
b253 76 143 91 156
b254 36 188 60 201
b255 192 512 231 559
b256 69 436 82 457
b257 412 0 429 33
b258 165 0 209 34
b259 187 80 213 92
b260 484 117 496 136
b261 88 158 100 203
b262 83 436 110 484
b263 500 416 547 462
b264 533 197 556 242
b265 0 264 15 309
b266 234 185 279 233
b267 114 0 148 39
b268 361 384 383 409
b269 207 319 225 356
b270 0 309 15 332
b271 84 281 108 323
b272 0 148 35 172
b273 230 382 260 403
b274 85 362 106 395
b275 62 213 84 241
b276 482 347 513 361
b277 453 422 500 434
b278 439 167 452 209
b279 187 213 230 252
b280 92 0 114 31
b281 419 232 437 262
b282 54 265 84 309
b283 69 309 84 322
b284 136 119 166 140
b285 230 353 263 366
b286 391 511 427 552
b287 294 372 315 414
b288 441 0 477 28
b289 110 405 147 438
b290 367 357 383 384
b291 136 140 179 168
b292 328 328 367 352
b293 306 325 325 368
b294 321 286 338 312
b295 0 494 43 507
b296 69 362 85 389
b297 263 372 294 410
b298 378 409 411 449
b299 84 223 97 236
