444019.25
573317.5
314721
561 561
166.53659
b0 152 41 179 56
b1 495 289 522 305
b2 211 262 237 284
b3 410 379 431 424
b4 27 431 72 471
b5 0 63 16 89
b6 217 347 244 385
b7 291 39 326 68
b8 453 311 474 347
b9 16 509 60 534
b10 472 450 487 481
b11 198 163 222 204
b12 389 293 406 312
b13 406 461 454 494
b14 370 144 414 165
b15 451 149 485 164
b16 166 518 211 560
b17 161 154 198 195
b18 416 54 459 98
b19 345 404 368 440
b20 0 305 17 318
b21 172 291 216 319
b22 416 134 451 163
b23 216 57 233 97
b24 475 481 499 499
b25 80 226 109 269
b26 522 153 540 180
b27 296 227 336 265
b28 196 204 220 216
b29 18 142 48 171
b30 239 270 267 290
b31 251 380 283 416
b32 243 101 265 120
b33 172 371 217 417
b34 275 345 304 357
b35 453 347 479 359
b36 496 321 523 351
b37 541 259 553 288
b38 429 296 448 317
b39 66 290 78 303
b40 153 301 172 348
b41 484 191 503 227
b42 459 59 505 84
b43 268 164 307 185
b44 109 247 136 271
b45 429 317 453 342
b46 475 403 488 422
b47 453 271 495 311
b48 359 233 393 261
b49 418 164 466 188
b50 264 416 283 430
b51 533 332 549 346
b52 536 41 554 78
b53 111 33 147 45
b54 217 385 251 415
b55 72 366 103 392
b56 360 455 406 486
b57 312 68 359 116
b58 533 443 558 468
b59 0 333 38 380
b60 503 191 519 230
b61 114 45 145 90
b62 416 98 462 134
b63 355 352 401 388
b64 541 226 556 259
b65 406 293 429 306
b66 368 410 410 455
b67 256 0 270 33
b68 533 365 561 410
b69 522 117 549 153
b70 495 273 540 289
b71 270 0 302 34
b72 110 442 142 457
b73 495 261 541 273
b74 79 466 113 509
b75 179 57 216 77
b76 302 0 338 39
b77 239 305 279 323
b78 0 509 16 551
b79 454 425 494 450
b80 113 457 128 493
b81 196 259 211 291
b82 349 165 388 189
b83 516 0 553 41
b84 0 380 38 414
b85 315 150 349 193
b86 223 165 267 204
b87 342 261 387 309
b88 185 0 229 29
b89 372 44 414 64
b90 519 180 543 226
b91 34 269 77 290
b92 268 119 315 164
b93 32 207 56 227
b94 244 347 275 366
b95 431 388 475 425
b96 296 265 342 298
b97 164 77 204 92
b98 359 64 372 99
b99 479 311 496 351
b100 372 0 417 44
b101 393 232 429 262
b102 24 171 64 207
b103 315 116 349 150
b104 475 389 517 403
b105 137 368 172 401
b106 18 0 51 12
b107 0 207 32 222
b108 72 429 110 466
b109 70 109 112 155
b110 438 0 477 42
b111 0 89 13 110
b112 153 195 178 225
b113 172 255 196 291
b114 372 98 416 132
b115 217 284 239 318
b116 145 349 173 368
b117 454 498 475 537
b118 488 351 532 389
b119 317 411 345 456
b120 112 162 148 198
b121 283 408 317 446
b122 84 0 104 43
b123 301 497 337 520
b124 211 522 242 557
b125 34 227 80 269
b126 217 455 229 477
b127 0 484 43 509
b128 304 332 348 360
b129 368 388 402 410
b130 343 531 373 557
b131 217 477 265 522
b132 326 46 365 64
b133 237 209 280 224
b134 0 227 34 274
b135 239 290 284 305
b136 349 189 361 226
b137 38 290 66 311
b138 173 343 215 371
b139 254 37 291 73
b140 372 132 415 144
b141 494 403 513 448
b142 229 0 256 37
b143 459 234 484 258
b144 56 211 96 226
b145 198 116 243 129
b146 104 0 152 33
b147 78 269 108 311
b148 466 164 484 184
b149 18 39 40 86
b150 336 227 359 258
b151 172 500 214 518
b152 418 188 437 204
b153 70 43 111 73
b154 145 73 162 95
b155 38 330 63 344
b156 421 204 437 232
b157 139 95 164 115
b158 148 162 161 185
b159 361 189 393 233
b160 464 43 491 59
b161 265 73 312 119
b162 113 499 144 517
b163 164 92 197 114
b164 486 84 522 125
b165 24 414 45 431
b166 45 471 79 507
b167 72 330 109 366
b168 462 84 486 125
b169 172 319 211 343
b170 108 366 137 411
b171 144 482 166 522
b172 172 417 199 430
b173 393 184 418 216
b174 197 216 213 259
b175 451 134 467 149
b176 402 346 440 379
b177 67 392 108 429
b178 152 56 171 73
b179 38 344 72 390
b180 475 499 494 539
b181 317 381 345 411
b182 213 217 237 262
b183 112 129 151 162
b184 136 255 161 301
b185 484 164 518 191
b186 0 274 33 305
b187 76 73 114 109
b188 301 520 341 557
b189 109 235 153 247
b190 267 248 294 285
b191 372 486 406 502
b192 440 359 488 388
b193 96 509 113 542
b194 393 216 421 229
b195 345 440 358 473
b196 302 456 343 497
b197 272 481 300 518
b198 61 311 109 330
b199 393 262 429 293
b200 110 198 153 235
b201 499 474 525 503
b202 389 312 428 346
b203 0 318 28 333
b204 152 0 185 41
b205 454 483 475 498
b206 70 155 112 190
b207 533 410 561 443
b208 112 109 139 129
b209 223 129 268 165
b210 109 271 133 284
b211 467 125 479 141
b212 113 517 134 559
b213 522 41 536 73
b214 543 153 560 180
b215 239 224 260 253
b216 197 97 239 116
b217 133 301 153 349
b218 345 473 360 516
b219 178 195 196 223
b220 523 289 560 319
b221 0 471 45 484
b222 198 129 223 163
b223 283 446 302 468
b224 310 360 355 381
b225 151 116 198 154
b226 517 389 533 428
b227 269 518 301 531
b228 496 0 516 21
b229 217 323 265 347
b230 338 16 371 46
b231 338 0 368 16
b232 109 324 132 366
b233 355 388 368 404
b234 454 450 472 483
b235 48 109 70 155
b236 242 522 269 561
b237 70 190 110 211
b238 522 78 549 117
b239 109 284 131 324
b240 388 165 411 184
b241 272 468 296 481
b242 18 17 58 39
b243 296 298 333 332
b244 452 258 489 271
b245 260 224 296 248
b246 429 252 452 296
b247 410 425 449 461
b248 172 469 215 500
b249 0 431 27 466
b250 110 411 144 442
b251 355 309 389 352
b252 533 346 561 365
b253 220 204 235 217
b254 0 414 24 427
b255 217 416 264 455
b256 18 86 31 107
b257 51 0 84 17
b258 372 64 416 98
b259 0 37 12 63
b260 229 37 241 56
b261 360 486 372 531
b262 283 360 310 408
b263 437 188 484 234
b264 31 86 76 109
b265 239 56 254 101
b266 406 494 454 539
b267 309 193 348 227
b268 265 323 290 345
b269 0 0 18 37
b270 38 311 61 326
b271 267 185 309 209
b272 0 171 24 206
b273 349 132 370 162
b274 18 109 39 142
b275 144 444 172 466
b276 244 366 275 380
b277 417 42 464 54
b278 128 457 141 499
b279 172 430 215 469
b280 45 390 67 421
b281 429 234 459 252
b282 153 225 197 255
b283 533 319 548 332
b284 40 39 70 60
b285 359 99 372 132
b286 60 509 96 550
b287 417 0 438 42
b288 185 29 221 57
b289 486 125 519 162
b290 496 305 523 321
b291 144 401 172 444
b292 487 450 526 474
b293 477 0 496 43
b294 239 253 265 270
b295 229 455 272 468
b296 141 466 168 482
b297 495 230 533 261
b298 373 502 406 542
b299 132 349 145 362
