418898
418898
202050
449 450
43.083273
b0 339 205 375 221
b1 100 271 139 290
b2 208 240 249 275
b3 390 190 408 237
b4 79 208 111 234
b5 377 285 412 316
b6 154 283 183 296
b7 34 258 62 279
b8 136 388 151 420
b9 293 297 339 331
b10 320 154 365 186
b11 296 434 332 448
b12 365 148 401 190
b13 198 275 243 323
b14 114 73 129 98
b15 0 281 46 326
b16 287 173 305 195
b17 412 213 445 239
b18 320 0 339 34
b19 220 193 250 205
b20 332 399 365 427
b21 195 323 239 362
b22 0 89 39 115
b23 39 111 79 136
b24 375 205 390 230
b25 365 112 401 148
b26 57 384 100 409
b27 0 266 34 281
b28 201 155 247 193
b29 401 163 438 175
b30 239 347 266 364
b31 108 234 124 271
b32 176 19 208 42
b33 100 290 136 308
b34 253 399 291 418
b35 183 259 198 292
b36 379 341 391 369
b37 79 268 100 284
b38 384 237 410 270
b39 250 198 280 240
b40 353 84 394 112
b41 0 25 16 41
b42 55 67 74 111
b43 208 206 248 240
b44 0 387 27 403
b45 0 115 37 129
b46 339 190 387 205
b47 280 198 303 212
b48 296 361 322 385
b49 31 0 62 40
b50 412 282 445 324
b51 62 0 110 27
b52 347 47 374 84
b53 46 309 64 326
b54 250 240 293 256
b55 280 295 293 341
b56 200 85 222 110
b57 124 221 143 269
b58 182 159 201 200
b59 274 36 320 82
b60 129 73 164 103
b61 79 88 113 121
b62 365 369 402 414
b63 132 20 167 35
b64 339 0 387 47
b65 296 385 326 418
b66 143 252 174 283
b67 402 380 446 417
b68 342 329 377 353
b69 326 380 364 399
b70 0 162 36 176
b71 0 224 34 266
b72 161 296 195 329
b73 125 420 163 438
b74 79 137 97 166
b75 164 85 187 112
b76 437 175 449 189
b77 171 434 195 450
b78 404 324 447 350
b79 157 35 176 72
b80 365 353 379 368
b81 151 388 171 420
b82 293 251 325 284
b83 374 47 393 84
b84 412 239 449 282
b85 63 336 100 384
b86 296 331 320 355
b87 277 353 296 398
b88 177 362 220 390
b89 62 258 74 293
b90 0 326 24 371
b91 222 67 250 111
b92 208 0 232 42
b93 36 148 79 169
b94 139 283 154 299
b95 176 42 212 67
b96 320 129 365 154
b97 159 112 187 137
b98 0 371 26 387
b99 57 421 94 441
b100 377 316 404 341
b101 62 27 110 67
b102 412 175 437 213
b103 253 418 285 450
b104 212 42 248 67
b105 127 163 158 205
b106 401 46 440 80
b107 0 73 45 89
b108 66 293 99 305
b109 274 106 286 128
b110 0 403 23 447
b111 232 0 250 13
b112 176 67 222 85
b113 250 256 278 299
b114 326 361 365 380
b115 404 350 441 380
b116 401 80 443 117
b117 36 169 73 193
b118 235 364 274 399
b119 158 163 182 199
b120 99 121 114 166
b121 34 226 79 258
b122 27 360 57 403
b123 111 208 146 221
b124 280 256 293 295
b125 0 176 18 204
b126 146 214 174 252
b127 0 41 22 65
b128 132 35 157 71
b129 394 0 438 46
b130 292 82 336 127
b131 132 0 168 20
b132 309 211 325 249
b133 280 341 294 353
b134 79 252 108 268
b135 220 362 235 399
b136 250 111 274 130
b137 79 234 101 252
b138 320 331 342 361
b139 66 305 99 336
b140 250 42 262 58
b141 305 186 339 211
b142 339 283 366 329
b143 200 111 246 155
b144 79 166 108 191
b145 174 214 208 259
b146 0 129 34 162
b147 94 421 125 433
b148 336 84 353 109
b149 139 299 161 321
b150 250 299 280 312
b151 296 418 323 434
b152 22 40 55 73
b153 57 409 97 421
b154 171 390 213 434
b155 208 193 220 206
b156 108 166 127 208
b157 250 0 262 42
b158 336 112 364 129
b159 100 395 136 419
b160 262 33 274 69
b161 114 103 145 122
b162 293 284 323 296
b163 401 117 448 163
b164 320 47 347 79
b165 36 193 77 226
b166 36 136 72 148
b167 158 200 205 214
b168 250 173 287 198
b169 292 127 320 173
b170 110 28 132 73
b171 243 312 277 347
b172 0 0 31 25
b173 362 230 384 272
b174 337 263 362 283
b175 325 263 337 297
b176 46 293 66 309
b177 79 67 110 88
b178 79 121 99 137
b179 114 122 159 163
b180 274 0 295 19
b181 250 69 265 111
b182 262 0 274 33
b183 134 372 171 388
b184 168 0 188 19
b185 366 272 410 285
b186 187 85 200 133
b187 265 82 287 106
b188 213 399 253 423
b189 0 204 31 224
b190 26 326 63 360
b191 325 221 362 263
b192 110 0 132 28
b193 135 329 177 372
b194 250 130 292 173
b195 295 0 320 36
b196 293 212 309 251
b197 100 308 135 355
b198 159 137 199 159
b199 100 355 134 395
