449276
586636
311916
561 556
209.240411
b0 319 405 346 420
b1 519 342 535 369
b2 249 0 275 22
b3 516 78 561 99
b4 510 280 555 320
b5 220 217 236 243
b6 266 316 293 354
b7 365 162 400 191
b8 247 535 283 556
b9 0 132 25 176
b10 421 183 436 214
b11 42 295 83 319
b12 455 454 472 473
b13 218 343 266 376
b14 333 0 354 44
b15 465 171 480 205
b16 0 445 42 490
b17 123 105 164 142
b18 296 152 340 195
b19 323 369 346 405
b20 126 269 143 282
b21 272 409 316 437
b22 361 34 396 63
b23 175 238 192 278
b24 480 193 504 211
b25 396 68 439 97
b26 432 342 450 369
b27 331 331 371 369
b28 241 217 265 229
b29 266 237 296 266
b30 316 420 344 440
b31 348 295 380 331
b32 41 352 63 371
b33 220 298 266 343
b34 198 166 210 195
b35 258 50 270 76
b36 482 107 512 134
b37 235 153 264 165
b38 199 364 218 385
b39 191 385 204 397
b40 178 468 197 515
b41 87 119 123 138
b42 536 320 561 366
b43 437 110 476 131
b44 285 514 309 541
b45 439 85 463 110
b46 309 105 322 124
b47 455 414 497 454
b48 164 131 192 165
b49 275 356 323 380
b50 134 307 148 326
b51 269 476 285 490
b52 509 41 546 59
b53 235 502 247 538
b54 185 306 215 340
b55 61 119 87 150
b56 365 63 396 109
b57 168 84 216 131
b58 450 324 475 349
b59 74 150 121 188
b60 296 231 335 247
b61 313 440 344 485
b62 296 195 342 231
b63 52 463 88 509
b64 485 515 500 548
b65 218 376 241 389
b66 460 473 505 515
b67 275 0 308 14
b68 455 358 483 403
b69 213 34 249 61
b70 365 146 410 162
b71 208 0 240 34
b72 74 392 106 407
b73 452 0 464 46
b74 42 407 85 441
b75 328 287 348 324
b76 95 44 134 80
b77 421 259 439 299
b78 0 398 42 414
b79 457 131 482 171
b80 52 509 88 524
b81 42 371 74 386
b82 439 46 463 85
b83 509 0 546 41
b84 197 480 235 514
b85 354 0 397 34
b86 464 24 508 63
b87 510 235 558 280
b88 275 380 319 409
b89 313 0 333 42
b90 186 400 232 424
b91 220 196 263 217
b92 87 316 134 361
b93 263 168 283 192
b94 235 440 254 471
b95 482 156 526 193
b96 41 319 87 352
b97 328 247 343 287
b98 440 271 475 284
b99 86 234 126 251
b100 168 34 213 78
b101 455 515 485 551
b102 0 305 40 341
b103 526 156 560 190
b104 343 238 385 252
b105 109 430 142 465
b106 0 45 12 78
b107 83 301 115 316
b108 40 188 78 225
b109 173 196 219 238
b110 373 391 415 430
b111 142 430 163 443
b112 117 282 147 307
b113 170 340 206 364
b114 134 44 168 88
b115 85 407 107 441
b116 253 516 281 535
b117 483 375 504 414
b118 275 61 313 105
b119 373 347 418 375
b120 134 326 170 362
b121 197 446 235 480
b122 0 261 43 281
b123 54 44 77 80
b124 74 361 109 392
b125 507 193 553 235
b126 344 512 366 524
b127 0 517 43 542
b128 67 0 95 44
b129 294 279 328 301
b130 88 489 114 519
b131 366 505 411 553
b132 464 63 503 81
b133 346 469 361 512
b134 83 254 117 301
b135 154 364 199 379
b136 282 279 294 316
b137 49 80 77 101
b138 193 515 235 543
b139 421 131 457 168
b140 384 191 396 234
b141 421 214 440 259
b142 346 382 373 419
b143 492 81 516 106
b144 254 476 269 516
b145 279 266 324 279
b146 125 142 158 190
b147 74 524 116 554
b148 216 118 236 136
b149 484 259 506 306
b150 346 419 369 450
b151 322 524 364 542
b152 313 42 329 61
b153 43 254 73 295
b154 519 320 536 342
b155 269 490 283 515
b156 236 118 264 134
b157 396 191 421 211
b158 285 501 308 514
b159 133 0 165 44
b160 348 279 375 295
b161 126 223 173 269
b162 235 471 253 502
b163 415 97 437 130
b164 505 447 546 483
b165 483 358 504 375
b166 13 41 49 75
b167 418 369 455 405
b168 343 214 384 238
b169 139 491 178 515
b170 265 192 294 237
b171 0 192 40 214
b172 346 369 373 382
b173 185 281 217 306
b174 43 238 86 254
b175 0 176 15 192
b176 95 0 133 33
b177 156 515 193 556
b178 235 136 254 153
b179 216 84 262 118
b180 346 450 386 469
b181 283 437 313 465
b182 464 0 509 24
b183 125 190 164 223
b184 340 125 365 171
b185 294 301 328 328
b186 0 414 33 445
b187 440 205 478 241
b188 116 518 156 555
b189 421 171 465 183
b190 348 252 385 279
b191 256 401 272 435
b192 478 211 507 259
b193 134 88 167 105
b194 411 502 424 530
b195 283 132 296 165
b196 13 0 54 41
b197 294 328 331 356
b198 264 120 283 168
b199 394 466 425 502
b200 365 109 408 146
b201 463 81 492 107
b202 380 301 419 335
b203 43 524 58 552
b204 0 365 41 398
b205 400 162 415 183
b206 109 374 151 409
b207 427 449 455 482
b208 148 269 175 289
b209 385 234 421 279
b210 415 405 428 429
b211 283 120 299 132
b212 109 409 151 430
b213 329 44 361 58
b214 516 99 543 116
b215 421 321 450 342
b216 386 430 428 449
b217 88 441 108 489
b218 322 97 365 112
b219 249 22 267 50
b220 198 136 235 166
b221 0 0 13 45
b222 241 376 275 401
b223 220 276 242 295
b224 439 284 484 305
b225 275 14 313 61
b226 421 305 460 321
b227 439 0 452 32
b228 436 183 457 203
b229 242 237 266 285
b230 440 241 473 271
b231 373 375 403 391
b232 163 400 186 442
b233 373 430 386 446
b234 427 482 460 500
b235 42 441 88 463
b236 256 437 283 476
b237 151 379 191 400
b238 299 125 338 152
b239 186 424 226 446
b240 365 191 384 214
b241 56 101 80 114
b242 380 279 420 301
b243 148 289 185 323
b244 322 112 359 125
b245 285 465 309 501
b246 428 405 451 449
b247 313 61 352 97
b248 13 101 56 132
b249 0 490 35 517
b250 164 165 198 196
b251 165 0 208 34
b252 509 59 537 78
b253 266 266 279 281
b254 61 150 74 174
b255 0 214 39 261
b256 25 173 46 186
b257 394 449 427 466
b258 475 324 519 358
b259 420 342 432 368
b260 313 485 332 497
b261 109 362 154 374
b262 142 443 169 491
b263 78 188 125 234
b264 213 61 258 84
b265 264 105 309 120
b266 504 369 552 414
b267 396 34 435 68
b268 114 465 139 487
b269 460 306 497 324
b270 42 386 65 401
b271 0 281 42 305
b272 0 341 35 365
b273 482 134 512 155
b274 220 243 241 276
b275 169 446 197 468
b276 114 487 128 518
b277 373 335 420 347
b278 54 0 67 42
b279 80 80 123 119
b280 13 75 44 97
b281 472 454 502 472
b282 219 166 263 196
b283 497 306 510 321
b284 516 116 546 137
b285 39 225 72 238
b286 25 132 61 173
b287 342 171 363 213
b288 366 469 394 505
b289 497 414 534 447
b290 266 281 282 308
b291 192 238 220 281
b292 232 401 256 440
b293 512 137 555 156
b294 35 490 52 516
b295 309 497 322 540
b296 58 524 74 551
b297 424 502 455 540
b298 505 483 538 523
b299 242 285 255 298
