235317.1894531
238663
205205
451 455
7.965231
b0 192 233 235 266
b1 284 126 349 163
b2 61 268 114 302
b3 381 295 448 332
b4 0 364 19 393
b5 327 0 376 39
b6 283 39 323 57
b7 231 352 253 392
b8 319 334 381 384
b9 300 389 316 430
b10 43 72 61 124
b11 252 163 311 202
b12 64 405 125 433
b13 243 392 300 440
b14 134 381 177 444
b15 198 0 250 59
b16 252 225 288 282
b17 64 0 130 44
b18 381 332 432 380
b19 401 241 432 291
b20 85 302 122 321
b21 0 0 64 50
b22 311 163 360 197
b23 64 144 84 193
b24 301 223 329 268
b25 363 202 417 241
b26 195 59 250 99
b27 254 308 319 333
b28 178 375 224 414
b29 72 362 134 386
b30 311 197 335 223
b31 252 282 286 308
b32 64 198 117 241
b33 349 126 384 148
b34 27 165 54 219
b35 288 268 319 306
b36 217 123 284 162
b37 176 213 236 233
b38 254 333 311 356
b39 319 282 374 334
b40 144 355 173 381
b41 61 241 116 268
b42 178 266 231 328
b43 0 222 61 268
b44 316 79 381 126
b45 231 308 254 352
b46 335 197 357 236
b47 254 356 319 389
b48 0 165 27 222
b49 376 0 423 65
b50 177 181 244 213
b51 120 139 177 177
b52 117 214 171 259
b53 64 101 85 144
b54 177 36 195 97
b55 384 126 440 160
b56 0 301 17 364
b57 130 121 177 139
b58 329 236 363 282
b59 22 354 72 391
b60 130 0 153 40
b61 252 202 285 225
b62 72 386 132 405
b63 153 0 198 36
b64 178 328 228 375
b65 122 259 178 316
b66 377 384 438 451
b67 327 39 371 79
b68 22 302 85 354
b69 374 241 401 295
b70 360 160 402 202
b71 64 433 128 455
b72 316 389 377 450
b73 384 65 451 126
b74 22 391 64 429
b75 217 162 245 181
b76 0 268 22 301
b77 64 44 130 101
b78 84 166 120 198
b79 0 124 60 165
b80 236 213 252 271
b81 177 123 217 173
b82 130 40 177 97
b83 285 202 301 224
b84 130 99 197 121
b85 423 0 443 25
b86 120 177 176 214
b87 283 0 327 39
b88 0 72 24 109
b89 22 268 60 295
b90 144 316 177 355
b91 250 0 283 56
b92 176 233 192 259
b93 85 101 120 166
b94 85 321 144 362
b95 24 72 43 123
b96 177 414 243 454
b97 197 106 264 123
b98 0 50 62 72
b99 250 57 316 106
