1185875.75
1751656.5
620095
245 2531
203.600012
b0 100 566 136 582
b1 74 2218 93 2257
b2 22 2474 63 2509
b3 126 1000 144 1047
b4 73 1969 99 2001
b5 139 375 174 406
b6 109 349 138 362
b7 120 967 148 988
b8 124 1704 156 1719
b9 57 1070 103 1104
b10 57 1104 102 1136
b11 51 40 65 76
b12 125 406 161 448
b13 183 101 231 146
b14 96 1812 111 1837
b15 18 1304 63 1350
b16 95 2053 113 2075
b17 83 1019 116 1045
b18 63 1385 97 1404
b19 109 302 139 314
b20 100 1372 128 1405
b21 122 1819 166 1858
b22 139 336 165 375
b23 85 362 125 387
b24 117 682 142 697
b25 80 2017 116 2053
b26 37 2017 80 2042
b27 85 1176 119 1191
b28 125 448 171 486
b29 116 1047 128 1084
b30 96 1303 113 1330
b31 51 781 88 797
b32 110 1526 133 1558
b33 63 1304 81 1340
b34 38 1212 57 1250
b35 59 2128 74 2161
b36 97 1405 125 1417
b37 65 40 81 61
b38 18 1726 51 1752
b39 65 2053 95 2095
b40 37 2076 65 2117
b41 62 1199 78 1215
b42 18 1392 37 1436
b43 110 1572 150 1606
b44 90 682 117 698
b45 104 1638 118 1675
b46 99 1941 147 1956
b47 67 2397 90 2411
b48 85 31 109 57
b49 81 651 121 682
b50 65 723 98 765
b51 38 1256 65 1304
b52 49 1798 76 1835
b53 74 2257 91 2275
b54 83 1003 126 1019
b55 24 1768 37 1814
b56 83 1045 105 1070
b57 88 832 107 880
b58 42 2433 61 2474
b59 133 1526 179 1572
b60 109 314 139 349
b61 93 1907 126 1941
b62 139 70 176 115
b63 120 922 135 957
b64 92 1736 139 1784
b65 65 2095 95 2128
b66 96 1272 127 1303
b67 62 2317 106 2354
b68 49 1855 84 1879
b69 38 1007 57 1045
b70 37 1903 73 1917
b71 0 2318 42 2352
b72 69 1462 103 1495
b73 92 1600 110 1638
b74 76 1837 105 1855
b75 62 1172 85 1199
b76 184 277 198 289
b77 103 1462 127 1478
b78 46 2354 72 2397
b79 139 0 158 37
b80 131 1047 145 1062
b81 37 1462 69 1482
b82 127 269 159 302
b83 85 529 104 566
b84 127 232 170 269
b85 24 2237 72 2274
b86 66 2194 90 2218
b87 200 0 245 19
b88 46 2274 74 2317
b89 160 739 172 774
b90 38 983 83 1007
b91 139 160 183 188
b92 37 1879 79 1903
b93 49 1752 92 1773
b94 71 797 86 813
b95 150 1229 186 1254
b96 135 922 160 967
b97 96 1784 121 1812
b98 161 406 177 432
b99 83 983 120 1003
b100 81 1335 108 1360
b101 110 1478 150 1526
b102 150 1254 175 1292
b103 92 1704 124 1736
b104 18 1701 54 1726
b105 85 0 127 31
b106 51 924 85 963
b107 73 2001 118 2017
b108 118 1606 151 1618
b109 127 13 139 35
b110 121 1784 165 1807
b111 0 0 18 13
b112 54 1701 72 1747
b113 79 1879 122 1907
b114 142 1210 181 1229
b115 101 758 138 788
b116 100 582 137 624
b117 85 924 109 961
b118 98 723 137 758
b119 0 1768 24 1804
b120 139 115 154 160
b121 170 232 202 277
b122 155 709 198 739
b123 120 829 133 864
b124 88 765 101 804
b125 79 1941 97 1969
b126 93 2144 131 2172
b127 119 807 143 829
b128 90 698 126 723
b129 37 1529 81 1575
b130 63 1417 107 1462
b131 51 963 87 983
b132 96 1256 134 1272
b133 79 1907 93 1919
b134 85 2128 114 2144
b135 81 1256 96 1293
b136 101 788 125 807
b137 24 2166 46 2184
b138 0 2509 30 2531
b139 186 739 219 770
b140 65 765 77 781
b141 37 2042 62 2076
b142 37 1575 64 1621
b143 0 2274 46 2318
b144 104 1675 129 1704
b145 139 302 184 336
b146 18 0 51 34
b147 92 1638 104 1669
b148 78 1575 95 1600
b149 81 624 103 646
b150 165 1572 178 1602
b151 46 2317 62 2344
b152 158 37 191 70
b153 122 1807 162 1819
b154 139 188 181 232
b155 127 0 139 13
b156 18 1350 37 1392
b157 100 1360 142 1372
b158 103 1084 131 1101
b159 57 1136 81 1172
b160 37 1752 49 1788
b161 81 566 100 597
b162 46 2182 76 2194
b163 37 1654 83 1701
b164 103 624 135 651
b165 37 1621 78 1654
b166 162 1807 198 1819
b167 49 1784 96 1798
b168 63 1360 100 1385
b169 71 896 117 924
b170 133 829 155 874
b171 69 1495 104 1529
b172 88 807 119 832
b173 136 506 178 528
b174 65 682 90 702
b175 126 988 160 1000
b176 86 880 106 896
b177 176 70 197 101
b178 18 34 38 50
b179 57 1215 102 1256
b180 37 2145 56 2166
b181 81 1293 96 1335
b182 138 697 171 709
b183 0 1752 37 1768
b184 51 797 71 816
b185 81 1529 94 1573
b186 133 874 146 922
b187 0 2352 22 2376
b188 38 1172 62 1212
b189 127 486 158 506
b190 134 1176 171 1210
b191 158 0 200 37
b192 37 2117 59 2145
b193 85 486 127 529
b194 24 2194 66 2237
b195 42 2397 67 2433
b196 46 2166 85 2182
b197 102 1141 149 1176
b198 103 1101 125 1141
b199 51 0 85 40
