550898.9765625
577141
314721
561 561
562.031824
b0 410 97 425 124
b1 392 498 408 525
b2 167 36 189 62
b3 167 0 212 21
b4 389 389 434 429
b5 47 372 63 398
b6 97 227 135 254
b7 440 370 475 399
b8 309 309 345 330
b9 444 509 488 534
b10 355 314 386 329
b11 174 376 198 417
b12 308 82 325 101
b13 492 203 525 251
b14 0 31 21 75
b15 438 286 453 320
b16 0 499 45 541
b17 222 75 263 112
b18 394 226 438 269
b19 389 429 412 465
b20 105 439 122 452
b21 425 97 469 125
b22 382 46 411 81
b23 488 463 505 503
b24 174 417 198 435
b25 452 35 481 78
b26 475 370 493 397
b27 452 332 492 370
b28 202 363 226 375
b29 180 213 210 242
b30 151 191 179 211
b31 115 179 151 211
b32 462 273 484 292
b33 234 399 280 444
b34 280 379 309 391
b35 482 83 494 109
b36 213 262 243 289
b37 389 359 401 388
b38 64 372 85 391
b39 22 0 35 12
b40 0 381 47 400
b41 280 468 316 487
b42 357 329 382 375
b43 263 96 302 117
b44 180 537 207 561
b45 353 180 377 205
b46 225 0 244 13
b47 453 292 495 332
b48 355 453 383 487
b49 346 246 394 270
b50 48 341 67 355
b51 368 487 382 503
b52 413 0 431 37
b53 74 86 86 122
b54 280 391 314 421
b55 290 499 321 525
b56 47 259 78 305
b57 260 306 308 353
b58 382 127 407 152
b59 157 316 195 363
b60 545 287 561 326
b61 135 211 180 242
b62 241 353 277 399
b63 309 273 355 309
b64 495 409 528 424
b65 321 499 334 522
b66 314 375 359 417
b67 213 248 246 262
b68 35 471 80 499
b69 389 307 416 343
b70 389 343 434 359
b71 310 190 344 222
b72 35 357 67 372
b73 383 0 395 46
b74 290 525 333 559
b75 444 125 481 145
b76 198 376 234 415
b77 195 242 213 282
b78 85 391 101 433
b79 263 487 288 527
b80 0 456 36 471
b81 35 41 67 56
b82 359 0 383 39
b83 411 39 452 76
b84 85 357 123 391
b85 335 39 378 73
b86 183 75 222 119
b87 309 330 357 375
b88 353 106 382 150
b89 453 443 495 463
b90 382 81 406 127
b91 157 502 178 545
b92 495 287 542 332
b93 122 66 146 86
b94 310 137 341 156
b95 355 503 392 547
b96 40 122 86 155
b97 444 190 484 205
b98 495 332 530 345
b99 494 83 511 123
b100 440 399 485 443
b101 261 246 291 282
b102 75 191 115 227
b103 213 178 247 212
b104 444 234 486 248
b105 0 202 35 235
b106 110 24 122 57
b107 246 248 261 280
b108 37 191 75 228
b109 195 321 241 363
b110 511 60 553 99
b111 84 439 105 452
b112 110 152 140 177
b113 223 479 259 503
b114 250 212 294 246
b115 241 444 263 478
b116 180 518 208 537
b117 0 123 21 162
b118 512 133 556 171
b119 484 139 512 184
b120 198 415 234 451
b121 410 169 444 207
b122 64 391 84 434
b123 48 305 71 341
b124 255 527 290 558
b125 110 110 156 152
b126 387 486 409 498
b127 114 533 157 558
b128 123 356 151 400
b129 410 147 444 169
b130 22 89 48 119
b131 45 499 90 547
b132 395 0 413 39
b133 198 451 241 466
b134 123 400 170 434
b135 263 117 308 132
b136 440 320 452 357
b137 80 452 108 473
b138 412 456 440 498
b139 213 212 250 248
b140 341 112 353 155
b141 398 207 443 226
b142 156 110 183 147
b143 198 466 223 490
b144 167 21 207 36
b145 68 178 113 191
b146 165 435 198 483
b147 122 36 164 66
b148 263 39 283 57
b149 452 13 499 35
b150 495 424 518 455
b151 123 469 165 487
b152 146 66 165 82
b153 116 326 157 356
b154 207 543 229 560
b155 63 72 88 86
b156 482 123 510 139
b157 172 242 192 267
b158 151 376 174 389
b159 263 132 307 164
b160 529 396 545 423
b161 440 463 487 509
b162 67 41 85 72
b163 410 125 443 147
b164 135 275 171 316
b165 389 465 406 486
b166 0 422 36 456
b167 525 202 561 239
b168 495 345 536 369
b169 89 0 128 24
b170 81 254 126 283
b171 0 400 40 422
b172 200 42 213 69
b173 213 289 238 321
b174 119 283 135 326
b175 247 197 263 212
b176 222 15 255 53
b177 52 0 89 41
b178 35 0 52 19
b179 123 487 157 533
b180 505 491 545 510
b181 353 152 383 180
b182 122 86 167 110
b183 263 57 296 96
b184 438 248 484 273
b185 383 152 410 186
b186 85 324 116 357
b187 523 251 561 287
b188 0 162 37 202
b189 271 164 283 208
b190 309 246 346 273
b191 334 487 368 503
b192 444 205 492 234
b193 180 483 197 516
b194 499 0 527 13
b195 258 164 271 197
b196 78 283 119 324
b197 389 270 417 307
b198 101 391 120 439
b199 37 155 68 191
b200 226 112 263 155
b201 280 353 309 379
b202 484 251 523 285
b203 198 490 213 518
b204 22 56 63 89
b205 207 21 222 42
b206 123 434 165 469
b207 90 473 123 501
b208 140 152 160 179
b209 444 145 480 190
b210 438 273 462 286
b211 481 35 493 51
b212 334 503 355 545
b213 167 75 181 107
b214 493 35 510 62
b215 326 450 355 471
b216 241 306 260 348
b217 0 75 20 123
b218 36 441 79 456
b219 22 119 40 147
b220 401 359 438 389
b221 157 363 202 376
b222 88 74 122 99
b223 484 184 506 203
b224 366 408 387 453
b225 0 235 47 273
b226 336 73 352 112
b227 431 0 463 13
b228 409 498 430 518
b229 243 282 291 306
b230 359 375 389 408
b231 294 212 310 242
b232 68 155 110 178
b233 495 396 511 409
b234 352 73 370 106
b235 86 99 108 145
b236 213 516 252 543
b237 172 267 193 307
b238 495 369 534 396
b239 213 53 253 75
b240 417 320 440 339
b241 90 501 114 514
b242 527 0 549 40
b243 310 156 347 190
b244 469 83 482 120
b245 505 455 529 491
b246 160 147 183 191
b247 128 0 167 36
b248 297 0 340 31
b249 0 471 35 498
b250 47 228 81 259
b251 511 99 554 133
b252 340 0 359 28
b253 212 0 225 15
b254 40 400 64 413
b255 0 273 47 312
b256 67 341 80 362
b257 89 57 122 74
b258 355 270 389 314
b259 522 40 548 52
b260 244 0 263 12
b261 288 487 333 499
b262 283 164 310 212
b263 280 421 326 468
b264 213 155 258 178
b265 353 207 398 222
b266 0 312 48 357
b267 263 0 297 39
b268 183 191 208 213
b269 195 282 213 319
b270 157 487 180 502
b271 310 222 352 246
b272 0 357 35 381
b273 377 186 407 207
b274 89 24 110 57
b275 40 413 62 441
b276 294 242 308 273
b277 510 13 522 60
b278 213 503 255 516
b279 296 39 335 82
b280 0 0 22 31
b281 291 273 309 303
b282 183 147 213 191
b283 438 443 453 456
b284 481 62 511 83
b285 167 62 200 75
b286 408 518 444 559
b287 417 269 438 311
b288 308 101 336 137
b289 135 242 172 275
b290 326 471 353 487
b291 183 119 226 147
b292 352 222 391 246
b293 411 78 454 97
b294 48 89 74 106
b295 333 547 376 560
b296 81 227 97 254
b297 512 171 550 202
b298 326 417 366 450
b299 223 466 236 479
