242466.84375
246556.5
205660
452 455
3.120347
b0 147 329 190 362
b1 314 297 379 334
b2 244 104 297 138
b3 342 158 379 225
b4 0 208 19 237
b5 240 65 289 104
b6 425 0 443 40
b7 260 138 300 160
b8 71 0 133 50
b9 416 49 432 90
b10 147 311 199 329
b11 139 208 198 247
b12 314 236 342 297
b13 359 49 416 97
b14 90 385 133 448
b15 382 203 441 255
b16 302 45 359 81
b17 143 50 187 116
b18 253 323 304 371
b19 222 247 253 297
b20 342 269 379 288
b21 133 0 197 50
b22 90 204 139 238
b23 420 90 440 139
b24 297 191 325 236
b25 143 116 182 170
b26 205 165 260 205
b27 417 363 442 428
b28 378 382 417 428
b29 198 234 222 296
b30 198 208 222 234
b31 0 182 34 208
b32 304 355 357 398
b33 357 334 379 369
b34 379 158 433 185
b35 264 160 302 191
b36 211 344 250 411
b37 358 369 378 429
b38 120 128 143 185
b39 302 81 357 133
b40 61 398 90 424
b41 0 294 55 321
b42 187 65 240 127
b43 90 265 151 311
b44 379 316 444 363
b45 302 432 346 455
b46 104 50 143 72
b47 264 191 297 256
b48 0 321 27 378
b49 237 0 284 65
b50 57 204 89 271
b51 187 127 244 165
b52 297 0 351 45
b53 314 334 357 355
b54 0 398 61 416
b55 302 398 358 432
b56 0 141 63 158
b57 382 185 429 203
b58 66 129 112 163
b59 302 133 339 183
b60 34 198 57 238
b61 71 106 104 129
b62 241 434 301 453
b63 196 411 241 447
b64 199 297 249 344
b65 0 238 57 294
b66 253 256 314 323
b67 342 225 382 269
b68 250 371 302 434
b69 90 311 144 338
b70 222 205 264 247
b71 147 362 211 384
b72 359 97 420 158
b73 382 255 449 316
b74 151 264 193 302
b75 379 363 407 382
b76 57 271 90 293
b77 0 44 66 101
b78 0 0 32 36
b79 60 163 120 204
b80 143 170 201 186
b81 197 0 237 50
b82 90 338 147 385
b83 37 158 59 174
b84 174 384 196 451
b85 339 133 359 158
b86 104 72 141 128
b87 32 0 71 44
b88 0 158 37 182
b89 90 238 128 265
b90 55 359 88 398
b91 71 50 104 106
b92 34 182 60 198
b93 55 294 90 359
b94 133 385 174 444
b95 433 139 452 190
b96 0 101 66 141
b97 128 247 195 264
b98 143 186 205 208
b99 359 0 425 49
