448002.5
582405
313600
560 560
98.456226
b0 359 395 386 410
b1 50 67 77 83
b2 356 123 378 149
b3 42 263 87 284
b4 240 345 285 385
b5 38 196 54 222
b6 424 242 451 280
b7 343 318 378 347
b8 93 385 129 406
b9 59 104 84 148
b10 240 113 271 128
b11 344 516 385 540
b12 110 311 127 330
b13 470 238 518 271
b14 87 264 108 308
b15 472 316 506 331
b16 87 518 132 560
b17 273 224 310 265
b18 254 302 298 345
b19 240 152 263 188
b20 129 433 146 446
b21 338 45 366 89
b22 520 400 555 429
b23 97 46 137 63
b24 363 89 381 113
b25 240 84 283 113
b26 451 256 469 283
b27 512 453 552 491
b28 143 313 155 337
b29 434 347 463 377
b30 356 224 384 244
b31 319 365 351 401
b32 502 527 524 546
b33 412 410 457 456
b34 327 485 356 497
b35 208 52 234 64
b36 222 318 252 345
b37 446 205 458 234
b38 15 168 36 187
b39 25 200 38 212
b40 108 264 127 311
b41 194 503 230 522
b42 296 0 342 25
b43 384 86 423 107
b44 59 148 86 172
b45 292 385 317 409
b46 342 216 355 235
b47 429 57 469 99
b48 146 494 174 528
b49 512 429 560 453
b50 36 177 50 196
b51 366 208 380 224
b52 459 0 477 37
b53 520 388 556 400
b54 356 244 390 274
b55 14 0 40 31
b56 426 114 457 160
b57 366 160 413 208
b58 165 229 190 254
b59 127 208 165 255
b60 137 46 153 85
b61 298 279 343 310
b62 434 301 470 347
b63 366 410 412 446
b64 514 131 529 164
b65 144 528 167 541
b66 14 98 59 140
b67 342 31 375 45
b68 316 151 361 179
b69 397 244 424 280
b70 412 456 457 472
b71 470 205 504 237
b72 222 303 254 318
b73 449 37 495 49
b74 193 522 236 556
b75 472 379 509 399
b76 384 208 423 244
b77 319 347 359 365
b78 0 450 42 466
b79 294 527 334 552
b80 90 476 105 512
b81 30 466 45 498
b82 263 152 287 191
b83 477 0 518 37
b84 27 364 65 398
b85 387 376 430 410
b86 514 92 558 131
b87 149 384 194 432
b88 387 347 431 376
b89 472 92 514 112
b90 366 446 412 470
b91 42 284 85 305
b92 457 508 502 555
b93 163 172 187 192
b94 127 136 158 155
b95 389 503 433 540
b96 54 172 87 218
b97 384 107 424 122
b98 188 0 223 13
b99 223 0 240 40
b100 457 114 502 158
b101 429 0 459 36
b102 515 202 555 238
b103 322 241 356 275
b104 0 0 14 42
b105 93 406 128 439
b106 380 0 392 33
b107 0 140 15 172
b108 506 296 544 333
b109 117 166 163 208
b110 384 47 426 86
b111 0 275 21 288
b112 215 351 240 381
b113 259 432 283 468
b114 215 385 249 429
b115 194 481 228 503
b116 194 332 222 351
b117 494 164 515 203
b118 170 43 208 87
b119 192 215 237 243
b120 38 222 74 258
b121 163 113 197 151
b122 0 507 43 527
b123 0 323 23 359
b124 92 135 127 166
b125 192 173 238 215
b126 132 516 144 538
b127 60 454 85 497
b128 192 243 236 271
b129 423 208 445 242
b130 371 274 397 304
b131 45 409 93 454
b132 252 30 291 48
b133 414 0 429 43
b134 146 433 193 467
b135 0 398 45 413
b136 36 140 48 177
b137 15 140 36 168
b138 118 474 146 516
b139 92 99 129 135
b140 502 112 514 155
b141 287 180 332 199
b142 289 143 316 180
b143 188 13 212 38
b144 191 271 231 286
b145 344 503 389 516
b146 457 475 505 508
b147 87 166 117 208
b148 433 502 453 520
b149 392 0 414 47
b150 499 273 530 296
b151 45 518 87 536
b152 174 494 193 510
b153 0 466 30 507
b154 14 31 36 48
b155 127 337 152 351
b156 359 347 387 363
b157 322 216 342 241
b158 93 439 116 452
b159 194 449 238 481
b160 520 372 547 388
b161 107 0 154 46
b162 259 401 277 432
b163 291 96 324 118
b164 156 296 192 337
b165 110 330 127 351
b166 87 230 123 264
b167 252 48 289 84
b168 457 410 481 451
b169 327 461 366 485
b170 470 271 499 316
b171 87 208 127 230
b172 405 472 418 499
b173 294 502 326 527
b174 249 385 292 401
b175 271 113 287 128
b176 240 191 273 229
b177 0 413 41 450
b178 153 73 170 92
b179 96 351 142 385
b180 493 49 533 68
b181 116 446 146 474
b182 493 68 538 92
b183 366 470 405 503
b184 273 199 319 224
b185 397 320 431 347
b186 0 244 33 275
b187 515 164 551 202
b188 397 280 434 320
b189 240 0 252 44
b190 165 192 192 229
b191 43 536 77 552
b192 472 331 501 379
b193 214 286 247 303
b194 210 64 238 77
b195 0 42 13 75
b196 150 255 191 296
b197 257 518 294 546
b198 27 345 75 364
b199 14 67 50 98
b200 247 265 290 302
b201 210 77 239 103
b202 285 346 319 385
b203 45 454 60 482
b204 431 377 472 410
b205 76 44 97 59
b206 0 288 42 323
b207 323 123 356 151
b208 194 429 221 449
b209 298 310 343 346
b210 170 87 194 100
b211 212 40 228 52
b212 236 518 257 560
b213 290 265 322 279
b214 529 131 546 158
b215 194 396 215 425
b216 502 508 544 527
b217 129 385 149 433
b218 429 99 472 114
b219 413 190 441 208
b220 418 472 455 502
b221 74 218 87 263
b222 289 118 323 143
b223 451 234 470 256
b224 194 351 215 396
b225 378 122 425 160
b226 69 308 108 324
b227 197 113 210 145
b228 429 36 449 57
b229 457 451 505 475
b230 413 160 446 190
b231 127 300 143 330
b232 277 409 319 432
b233 221 429 237 442
b234 378 304 396 337
b235 192 286 214 332
b236 65 370 92 409
b237 238 429 259 469
b238 481 399 520 426
b239 27 323 67 345
b240 359 376 382 395
b241 156 370 180 383
b242 291 56 313 96
b243 332 179 366 216
b244 133 92 170 105
b245 469 49 493 85
b246 84 0 107 44
b247 327 425 366 461
b248 284 471 327 502
b249 0 359 27 394
b250 129 105 163 136
b251 154 0 188 43
b252 236 246 264 265
b253 231 271 244 286
b254 45 482 58 506
b255 501 333 548 372
b256 15 187 36 200
b257 240 229 273 246
b258 40 0 84 34
b259 194 87 206 113
b260 310 224 322 243
b261 45 506 90 518
b262 146 467 194 494
b263 238 471 284 518
b264 127 255 150 300
b265 77 59 92 104
b266 446 160 494 205
b267 324 89 363 123
b268 0 200 25 222
b269 366 45 384 82
b270 0 172 15 195
b271 240 128 282 152
b272 518 238 542 273
b273 163 151 193 172
b274 75 337 96 370
b275 85 454 113 476
b276 481 426 512 440
b277 291 44 338 56
b278 105 476 118 518
b279 283 432 326 471
b280 0 222 31 244
b281 434 283 464 301
b282 252 0 296 30
b283 359 363 374 376
b284 313 56 334 86
b285 142 351 155 384
b286 92 63 133 99
b287 210 103 231 145
b288 197 145 233 173
b289 156 337 193 370
b290 153 46 169 73
b291 343 275 371 318
b292 319 401 358 425
b293 296 25 339 44
b294 327 497 344 523
b295 67 324 110 337
b296 42 305 69 321
b297 342 0 380 31
b298 36 34 76 67
b299 143 300 156 313
