230351.546875
233044.5
206115
455 453
3.904384
b0 273 121 306 164
b1 313 0 350 65
b2 53 310 106 344
b3 293 215 330 282
b4 177 316 196 345
b5 308 67 357 106
b6 428 200 446 240
b7 364 100 404 122
b8 256 296 318 346
b9 387 297 428 313
b10 249 151 267 203
b11 93 0 152 39
b12 185 218 246 246
b13 330 295 387 343
b14 0 346 63 389
b15 356 187 408 246
b16 408 240 444 297
b17 0 0 44 66
b18 109 405 160 453
b19 302 417 352 448
b20 177 279 196 316
b21 185 151 249 201
b22 44 0 93 34
b23 361 167 410 187
b24 364 122 392 167
b25 269 67 308 121
b26 126 187 181 227
b27 207 126 272 151
b28 394 408 440 447
b29 392 122 454 146
b30 330 215 356 239
b31 151 117 185 143
b32 0 303 53 346
b33 404 313 439 335
b34 428 146 455 200
b35 124 282 162 313
b36 384 0 451 39
b37 273 204 293 264
b38 348 343 371 400
b39 125 227 177 282
b40 256 270 285 296
b41 306 141 361 168
b42 0 204 62 257
b43 0 257 61 303
b44 185 22 250 69
b45 371 408 394 452
b46 62 260 84 299
b47 371 343 404 408
b48 0 88 27 145
b49 404 39 451 104
b50 196 358 263 390
b51 106 313 163 351
b52 62 206 107 260
b53 109 39 152 60
b54 410 146 428 207
b55 350 0 384 56
b56 185 201 248 218
b57 107 206 125 253
b58 199 312 233 358
b59 59 389 109 426
b60 273 164 296 204
b61 152 94 185 117
b62 263 398 323 417
b63 64 39 109 75
b64 296 168 346 215
b65 27 107 84 163
b66 196 390 263 451
b67 364 56 404 100
b68 263 346 326 398
b69 63 351 117 378
b70 109 60 151 102
b71 326 343 348 407
b72 84 107 145 168
b73 252 0 313 67
b74 84 168 126 206
b75 308 106 336 125
b76 177 246 199 279
b77 199 246 256 312
b78 62 75 98 107
b79 24 163 84 204
b80 306 125 364 141
b81 84 260 124 310
b82 185 69 232 126
b83 185 126 207 142
b84 185 0 252 22
b85 44 34 64 59
b86 232 69 269 125
b87 145 143 184 187
b88 0 161 24 198
b89 152 56 179 94
b90 263 417 302 450
b91 152 0 185 56
b92 0 145 26 161
b93 117 351 182 386
b94 0 389 59 430
b95 117 386 168 405
b96 404 335 444 401
b97 256 203 273 270
b98 0 66 62 88
b99 330 246 396 295
