418289.75
525773.5
310806
558 557
593.431743
b0 391 298 418 313
b1 369 69 396 85
b2 204 214 230 236
b3 378 29 423 50
b4 260 45 305 85
b5 12 278 38 294
b6 274 407 301 445
b7 475 358 504 393
b8 312 286 348 307
b9 232 257 276 282
b10 407 145 422 176
b11 177 401 201 442
b12 144 290 163 307
b13 337 307 370 355
b14 216 62 260 83
b15 482 416 497 450
b16 46 382 88 427
b17 346 239 387 276
b18 449 315 493 358
b19 213 426 249 449
b20 76 528 93 541
b21 91 171 119 215
b22 509 270 538 305
b23 24 66 64 83
b24 286 289 310 307
b25 380 0 423 29
b26 455 220 473 247
b27 493 313 531 353
b28 91 215 115 227
b29 189 483 219 512
b30 144 229 164 257
b31 83 135 115 171
b32 524 486 546 505
b33 111 386 157 431
b34 0 0 12 29
b35 60 0 86 12
b36 455 403 482 433
b37 479 224 508 236
b38 326 226 345 247
b39 201 423 213 436
b40 150 503 169 550
b41 24 0 60 19
b42 98 292 144 317
b43 434 220 455 259
b44 24 184 51 208
b45 456 480 481 504
b46 348 276 367 289
b47 284 206 326 246
b48 282 91 310 125
b49 531 305 555 353
b50 261 360 280 374
b51 394 386 410 400
b52 317 37 354 55
b53 311 424 323 460
b54 200 350 234 380
b55 0 426 31 452
b56 213 380 244 426
b57 504 353 552 400
b58 497 416 522 441
b59 103 513 150 551
b60 119 184 158 200
b61 161 127 206 158
b62 391 262 437 298
b63 115 129 161 165
b64 479 121 494 154
b65 282 357 305 370
b66 323 515 368 557
b67 396 72 429 86
b68 134 0 179 28
b69 473 286 509 313
b70 456 433 472 478
b71 446 172 478 206
b72 164 274 179 306
b73 305 45 317 91
b74 27 208 70 242
b75 391 333 428 353
b76 522 400 558 439
b77 387 244 427 262
b78 46 427 88 443
b79 116 252 141 292
b80 78 473 93 509
b81 98 354 113 386
b82 354 13 378 52
b83 307 0 348 37
b84 189 449 227 483
b85 335 55 369 98
b86 410 470 454 509
b87 259 0 307 45
b88 365 355 394 399
b89 323 426 365 446
b90 422 145 446 191
b91 46 361 89 382
b92 509 441 556 486
b93 213 42 237 62
b94 119 165 150 184
b95 167 158 204 202
b96 259 374 305 407
b97 434 321 449 361
b98 348 289 383 302
b99 414 128 454 145
b100 365 400 410 444
b101 488 0 524 30
b102 323 446 363 482
b103 179 0 213 34
b104 24 170 66 184
b105 150 470 185 503
b106 12 0 24 33
b107 12 263 44 278
b108 448 509 485 547
b109 295 307 337 353
b110 134 28 176 67
b111 61 269 74 290
b112 249 416 274 446
b113 227 449 263 473
b114 411 412 455 446
b115 46 148 80 170
b116 131 431 150 459
b117 284 479 323 500
b118 444 0 488 38
b119 506 242 551 270
b120 42 473 78 509
b121 365 444 403 478
b122 0 452 43 472
b123 261 479 284 515
b124 199 236 230 271
b125 213 0 259 42
b126 201 401 213 423
b127 0 352 25 395
b128 206 512 234 556
b129 262 214 284 248
b130 368 515 398 541
b131 234 315 282 360
b132 317 55 335 94
b133 479 154 494 197
b134 42 509 76 556
b135 86 0 101 45
b136 286 194 323 206
b137 93 491 121 512
b138 157 370 199 398
b139 378 86 414 123
b140 391 321 434 333
b141 456 358 475 403
b142 305 140 342 167
b143 216 83 240 108
b144 89 431 104 471
b145 164 229 177 274
b146 263 446 311 479
b147 46 443 88 473
b148 449 297 469 315
b149 469 78 516 100
b150 418 298 449 321
b151 234 515 276 533
b152 326 210 345 226
b153 0 472 41 502
b154 301 407 323 424
b155 91 252 116 266
b156 378 162 394 190
b157 478 236 503 256
b158 273 289 286 312
b159 411 380 455 412
b160 446 145 462 172
b161 24 83 71 129
b162 139 320 157 351
b163 457 100 479 133
b164 481 42 522 78
b165 176 53 197 70
b166 12 316 46 352
b167 521 150 558 186
b168 393 220 434 244
b169 150 446 189 470
b170 179 274 208 319
b171 12 294 52 316
b172 234 360 261 373
b173 66 171 91 203
b174 230 206 246 249
b175 70 232 85 248
b176 101 28 134 66
b177 98 317 139 354
b178 150 165 167 184
b179 52 293 98 327
b180 491 102 531 121
b181 494 121 524 149
b182 411 446 456 470
b183 253 159 286 198
b184 310 94 335 140
b185 494 149 521 183
b186 0 395 33 426
b187 437 259 473 297
b188 363 478 403 515
b189 119 200 163 212
b190 286 167 323 194
b191 119 212 153 228
b192 345 210 393 239
b193 394 353 411 386
b194 462 133 475 161
b195 183 70 216 83
b196 282 515 323 556
b197 225 169 253 206
b198 234 533 282 552
b199 251 85 282 121
b200 71 98 114 135
b201 419 191 445 220
b202 312 247 346 286
b203 12 208 27 236
b204 232 282 273 315
b205 163 202 184 217
b206 0 502 42 537
b207 101 0 134 28
b208 305 372 325 399
b209 342 98 378 143
b210 292 125 305 149
b211 479 100 491 116
b212 12 242 54 263
b213 445 206 477 220
b214 479 197 496 224
b215 70 203 91 232
b216 323 407 365 426
b217 157 398 177 446
b218 244 373 259 416
b219 508 224 536 242
b220 472 450 509 480
b221 282 312 295 357
b222 206 144 240 169
b223 305 353 327 372
b224 204 169 225 214
b225 496 186 543 224
b226 482 400 521 416
b227 348 0 380 13
b228 370 302 391 322
b229 208 271 232 319
b230 473 256 506 286
b231 253 198 283 214
b232 157 347 199 370
b233 246 241 259 257
b234 362 190 395 208
b235 177 228 199 274
b236 234 473 261 512
b237 25 352 46 392
b238 378 123 405 162
b239 74 269 114 291
b240 433 361 456 380
b241 182 512 206 525
b242 429 72 469 94
b243 325 373 362 407
b244 46 135 83 148
b245 516 78 552 102
b246 183 83 206 127
b247 342 143 378 182
b248 101 67 144 98
b249 104 431 131 466
b250 200 319 234 350
b251 414 94 457 128
b252 179 34 207 53
b253 51 184 66 197
b254 169 503 182 527
b255 485 486 524 533
b256 199 380 212 401
b257 144 257 161 290
b258 52 327 96 361
b259 488 30 514 42
b260 153 217 172 229
b261 104 466 149 478
b262 531 102 558 150
b263 24 19 70 66
b264 206 108 251 131
b265 96 386 111 431
b266 403 509 448 557
b267 253 125 292 159
b268 411 353 433 378
b269 522 38 540 75
b270 38 278 61 293
b271 91 228 133 252
b272 169 527 204 551
b273 370 322 391 352
b274 54 248 87 269
b275 121 491 149 513
b276 114 98 128 129
b277 128 113 175 125
b278 93 478 135 491
b279 144 70 183 113
b280 24 129 46 160
b281 327 355 357 373
b282 113 354 157 384
b283 394 162 407 177
b284 423 0 444 30
b285 206 131 239 144
b286 276 248 312 289
b287 423 30 444 72
b288 326 182 362 210
b289 444 38 481 71
b290 246 214 262 241
b291 157 319 200 347
b292 395 177 419 216
b293 378 50 421 69
b294 184 202 201 228
b295 33 392 46 435
b296 76 512 103 528
b297 524 0 555 38
b298 323 482 363 515
b299 144 307 157 320
