305395.25
408290.5
202500
450 450
53.281729
b0 264 226 280 262
b1 161 385 200 404
b2 332 383 373 418
b3 372 188 419 206
b4 201 418 227 450
b5 338 250 373 281
b6 280 106 309 119
b7 0 42 28 63
b8 63 324 78 356
b9 108 404 154 438
b10 233 403 278 435
b11 222 69 258 83
b12 94 217 130 259
b13 325 338 373 383
b14 0 231 15 256
b15 135 0 181 45
b16 262 106 280 128
b17 196 140 222 173
b18 309 100 343 119
b19 264 196 276 226
b20 373 390 401 423
b21 262 67 306 106
b22 202 379 228 418
b23 233 329 273 354
b24 372 206 397 221
b25 177 261 213 297
b26 161 340 186 383
b27 0 403 15 437
b28 325 300 371 338
b29 94 259 131 271
b30 320 267 337 294
b31 301 251 338 267
b32 60 181 92 204
b33 135 82 153 118
b34 309 81 347 100
b35 375 29 390 62
b36 280 196 292 224
b37 47 38 63 59
b38 86 70 119 96
b39 102 96 132 138
b40 262 128 303 156
b41 28 42 44 58
b42 62 359 81 403
b43 373 233 407 273
b44 262 156 289 172
b45 0 325 14 362
b46 345 115 360 163
b47 177 209 200 223
b48 64 249 90 273
b49 233 264 264 304
b50 416 101 449 143
b51 48 133 75 181
b52 264 274 301 301
b53 273 326 291 343
b54 373 309 416 325
b55 333 65 379 78
b56 184 82 206 107
b57 135 164 183 183
b58 279 418 320 437
b59 218 199 264 245
b60 126 352 161 382
b61 135 118 169 151
b62 225 0 262 45
b63 94 170 109 205
b64 0 140 48 187
b65 64 216 94 249
b66 153 82 184 113
b67 178 45 222 82
b68 225 45 260 69
b69 292 193 330 212
b70 94 400 108 436
b71 395 325 437 359
b72 416 68 450 101
b73 64 306 102 324
b74 177 223 206 241
b75 177 186 204 209
b76 183 172 195 186
b77 86 116 102 140
b78 381 162 424 188
b79 301 300 320 337
b80 43 0 58 14
b81 62 403 94 423
b82 390 0 422 33
b83 280 237 299 274
b84 135 45 178 82
b85 14 346 62 383
b86 262 172 286 196
b87 424 163 443 208
b88 159 297 187 340
b89 161 404 196 416
b90 132 243 177 267
b91 131 267 175 295
b92 135 183 177 207
b93 63 38 84 81
b94 46 217 62 232
b95 373 273 398 309
b96 329 0 374 25
b97 233 304 261 329
b98 273 343 299 359
b99 14 383 51 403
b100 373 365 400 390
b101 15 232 63 272
b102 234 161 259 199
b103 279 386 311 418
b104 372 84 408 109
b105 0 109 42 140
b106 416 282 450 321
b107 132 227 177 243
b108 126 340 159 352
b109 372 221 394 233
b110 15 403 59 426
b111 292 212 310 225
b112 86 140 132 158
b113 329 222 372 250
b114 213 261 232 300
b115 206 83 236 120
b116 407 245 449 282
b117 42 109 79 133
b118 403 33 442 68
b119 222 123 246 159
b120 186 340 201 385
b121 401 359 433 404
b122 20 316 63 346
b123 183 137 196 172
b124 316 212 329 251
b125 177 241 205 259
b126 58 0 86 38
b127 126 382 150 404
b128 264 301 300 326
b129 233 359 279 403
b130 181 0 225 45
b131 132 207 168 227
b132 246 123 262 161
b133 301 288 315 300
b134 374 0 390 29
b135 227 435 264 450
b136 337 281 361 300
b137 300 337 322 355
b138 86 0 116 22
b139 296 0 329 31
b140 360 143 372 159
b141 347 188 372 222
b142 279 359 325 386
b143 0 187 46 231
b144 102 271 127 300
b145 262 0 296 45
b146 64 273 98 306
b147 127 295 158 307
b148 330 189 347 214
b149 0 272 22 294
b150 202 366 232 379
b151 306 65 333 81
b152 126 307 159 340
b153 0 362 12 402
b154 22 272 64 316
b155 94 205 107 217
b156 116 0 135 42
b157 75 158 117 170
b158 360 115 377 143
b159 169 113 205 137
b160 280 225 316 237
b161 202 347 233 366
b162 64 204 94 216
b163 0 63 47 109
b164 313 162 345 189
b165 154 416 195 449
b166 48 181 60 217
b167 204 173 218 220
b168 347 78 372 115
b169 86 42 132 70
b170 109 170 131 215
b171 341 29 375 64
b172 202 300 233 325
b173 262 45 304 67
b174 424 143 449 163
b175 320 386 332 420
b176 86 96 102 116
b177 292 162 313 193
b178 206 120 222 140
b179 81 359 126 400
b180 301 267 320 288
b181 187 297 202 339
b182 222 159 234 192
b183 320 420 357 436
b184 244 245 264 264
b185 372 149 416 162
b186 135 151 183 164
b187 379 62 403 84
b188 236 83 260 123
b189 0 294 20 325
b190 304 31 341 65
b191 407 208 449 245
b192 202 325 230 347
b193 303 119 345 162
b194 0 0 43 42
b195 345 163 381 188
b196 205 245 244 261
b197 78 324 125 359
b198 373 325 395 365
b199 377 109 411 149
