244349.640625
248648.5
205660
452 455
3.141632
b0 0 113 33 156
b1 249 95 314 132
b2 276 210 329 244
b3 0 0 37 67
b4 359 0 388 19
b5 129 179 178 218
b6 407 282 447 300
b7 94 257 116 297
b8 308 301 358 363
b9 320 0 336 41
b10 208 0 260 18
b11 75 198 114 257
b12 208 81 236 142
b13 72 0 129 48
b14 0 272 63 315
b15 329 182 381 241
b16 185 349 221 406
b17 118 329 184 373
b18 385 74 433 125
b19 275 179 325 210
b20 353 397 390 416
b21 118 279 182 329
b22 41 205 75 254
b23 358 308 407 328
b24 0 372 45 400
b25 129 140 183 179
b26 325 122 365 177
b27 320 97 385 122
b28 407 346 446 392
b29 208 18 232 80
b30 249 68 273 94
b31 308 363 334 397
b32 61 106 114 149
b33 251 413 273 448
b34 273 410 327 437
b35 63 257 94 295
b36 116 405 183 444
b37 365 122 385 182
b38 185 0 208 57
b39 382 19 434 74
b40 327 397 353 426
b41 33 113 60 168
b42 320 44 382 97
b43 0 67 61 113
b44 385 186 450 233
b45 336 0 359 44
b46 353 416 375 455
b47 185 179 218 244
b48 0 156 27 213
b49 229 220 276 285
b50 118 373 185 405
b51 326 244 364 301
b52 129 57 183 102
b53 185 57 206 100
b54 47 376 108 394
b55 334 363 390 397
b56 232 18 249 81
b57 236 337 283 355
b58 407 300 441 346
b59 185 142 235 179
b60 47 353 87 376
b61 285 337 308 370
b62 185 311 245 330
b63 221 377 266 413
b64 275 132 325 179
b65 129 0 185 57
b66 385 125 452 186
b67 235 176 275 220
b68 245 285 308 337
b69 260 41 314 68
b70 72 48 114 90
b71 221 355 285 377
b72 390 392 451 453
b73 118 218 185 279
b74 129 102 171 140
b75 433 74 452 102
b76 358 328 380 361
b77 47 394 113 451
b78 47 315 79 351
b79 260 0 320 41
b80 60 149 118 165
b81 276 244 326 284
b82 0 315 47 372
b83 0 400 22 416
b84 207 244 229 311
b85 327 426 352 446
b86 79 297 116 353
b87 236 132 275 176
b88 33 168 57 205
b89 273 68 311 95
b90 266 377 305 410
b91 60 165 116 198
b92 72 90 98 106
b93 37 0 72 65
b94 0 213 41 272
b95 185 330 236 349
b96 185 413 251 453
b97 364 241 381 308
b98 185 244 207 306
b99 381 233 447 282
