2042428.5
3092369
992488
259 3832
950.089309
b0 53 2678 80 2693
b1 85 2047 112 2063
b2 81 3528 103 3554
b3 49 1286 70 1331
b4 115 564 155 609
b5 144 3019 160 3045
b6 121 1540 159 1567
b7 84 3428 119 3457
b8 83 1661 104 1697
b9 39 3428 83 3453
b10 34 1363 49 1394
b11 82 3622 123 3646
b12 79 929 96 948
b13 37 2916 70 2964
b14 159 1540 203 1561
b15 147 241 181 256
b16 66 2534 111 2576
b17 47 1848 88 1885
b18 110 3157 153 3201
b19 70 1299 106 1322
b20 155 564 168 581
b21 99 1719 127 1763
b22 60 3213 95 3242
b23 66 2063 106 2080
b24 48 2426 66 2450
b25 137 2456 166 2499
b26 176 1004 203 1022
b27 101 1224 139 1264
b28 60 2242 84 2254
b29 110 742 139 772
b30 89 257 109 285
b31 150 104 182 140
b32 133 185 152 207
b33 25 2117 70 2163
b34 68 3381 97 3393
b35 164 71 176 97
b36 104 2791 131 2821
b37 82 2463 94 2492
b38 49 1331 70 1350
b39 64 3622 76 3635
b40 125 1449 144 1496
b41 60 2223 96 2242
b42 49 1433 95 1458
b43 125 1496 164 1517
b44 79 2576 106 2600
b45 21 3484 45 3509
b46 57 3768 76 3781
b47 95 2653 137 2693
b48 68 2619 96 2653
b49 47 1643 71 1691
b50 64 2412 83 2426
b51 67 2986 81 3002
b52 47 3453 84 3471
b53 137 2444 173 2456
b54 91 1480 121 1514
b55 21 3453 47 3484
b56 39 3397 85 3428
b57 126 1034 173 1082
b58 53 2693 78 2718
b59 20 2835 67 2873
b60 160 1641 199 1657
b61 79 1961 110 2006
b62 155 598 201 634
b63 45 3528 81 3574
b64 102 2300 135 2315
b65 142 473 155 496
b66 144 1387 186 1432
b67 150 71 164 104
b68 34 1546 62 1591
b69 163 0 199 27
b70 20 3021 36 3066
b71 91 1595 125 1627
b72 144 1372 176 1387
b73 115 636 127 682
b74 108 207 151 241
b75 58 2262 78 2299
b76 13 2277 52 2313
b77 102 2322 142 2340
b78 20 3005 62 3021
b79 50 1373 90 1398
b80 47 1628 83 1643
b81 64 1504 79 1536
b82 0 3066 39 3090
b83 67 2835 104 2876
b84 110 682 144 720
b85 83 1763 117 1806
b86 62 1184 101 1228
b87 45 3574 90 3622
b88 147 915 176 959
b89 0 2313 20 2355
b90 67 2876 113 2900
b91 21 3622 64 3643
b92 142 426 187 473
b93 48 2609 68 2633
b94 82 2444 113 2463
b95 47 1591 91 1628
b96 95 3247 141 3280
b97 150 689 190 704
b98 49 907 62 942
b99 71 830 111 847
b100 100 3079 144 3124
b101 103 2945 133 2981
b102 0 3686 40 3722
b103 131 2706 165 2740
b104 137 1627 179 1641
b105 100 3124 135 3157
b106 62 1253 74 1286
b107 121 1884 153 1899
b108 112 2981 149 3019
b109 108 0 150 46
b110 193 671 232 713
b111 48 2633 61 2654
b112 71 507 101 532
b113 104 2821 140 2845
b114 53 2791 87 2835
b115 13 1591 47 1613
b116 20 2313 48 2332
b117 71 486 110 507
b118 111 830 155 868
b119 39 3021 67 3066
b120 88 1848 124 1884
b121 96 2189 130 2227
b122 78 2771 121 2791
b123 43 2034 66 2070
b124 82 1264 113 1299
b125 90 2492 136 2534
b126 95 1333 117 1345
b127 108 84 133 127
b128 121 1567 165 1595
b129 91 1458 125 1480
b130 13 1613 43 1639
b131 155 959 203 1004
b132 71 0 89 39
b133 173 1657 188 1700
b134 81 3032 115 3079
b135 84 3457 129 3472
b136 86 1806 123 1818
b137 13 0 34 28
b138 43 2006 85 2034
b139 106 1900 142 1937
b140 175 281 187 324
b141 103 2900 122 2945
b142 115 426 142 463
b143 131 609 155 634
b144 34 40 49 80
b145 155 473 168 518
b146 64 2340 112 2373
b147 34 1504 64 1546
b148 108 1034 126 1054
b149 13 2240 60 2262
b150 92 2725 115 2756
b151 101 772 119 814
b152 79 1924 95 1943
b153 144 155 185 185
b154 122 2875 144 2892
b155 102 2227 127 2241
b156 67 2900 95 2916
b157 62 1228 82 1253
b158 27 3801 50 3814
b159 125 1595 169 1627
b160 101 814 128 830
b161 147 868 193 915
b162 81 3014 112 3032
b163 135 2300 168 2322
b164 43 1919 79 1960
b165 39 3066 60 3083
b166 70 2153 104 2189
b167 67 3176 103 3213
b168 37 2964 61 3005
b169 25 2163 49 2202
b170 127 2255 156 2300
b171 47 3471 69 3511
b172 0 3801 27 3814
b173 68 3349 93 3381
b174 95 1433 138 1449
b175 106 1884 121 1900
b176 94 3280 127 3318
b177 43 2080 84 2117
b178 144 670 161 689
b179 106 1299 152 1333
b180 128 241 147 281
b181 187 406 217 434
b182 199 0 244 24
b183 117 1333 150 1372
b184 147 256 193 281
b185 91 1627 118 1661
b186 48 2576 79 2609
b187 108 46 144 84
b188 34 0 71 40
b189 71 474 115 486
b190 71 847 108 874
b191 47 1885 63 1919
b192 39 3349 68 3397
b193 25 2223 58 2240
b194 85 3393 113 3406
b195 119 2693 152 2706
b196 79 1143 120 1184
b197 110 868 147 896
b198 26 3782 74 3801
b199 128 319 159 355
b200 172 634 215 671
b201 71 1819 97 1848
b202 111 2405 145 2444
b203 62 3721 77 3749
b204 109 355 150 388
b205 144 140 165 155
b206 40 3686 82 3721
b207 127 2227 160 2255
b208 109 388 136 408
b209 70 2117 115 2153
b210 0 0 13 24
b211 48 2313 64 2325
b212 0 3090 21 3132
b213 121 1937 153 1951
b214 20 2873 37 2900
b215 79 908 108 929
b216 79 2600 121 2619
b217 164 1432 184 1480
b218 115 2047 158 2062
b219 119 408 147 426
b220 96 1106 126 1143
b221 123 3472 136 3517
b222 119 772 153 797
b223 40 3721 62 3740
b224 181 185 226 206
b225 128 281 175 319
b226 89 241 128 257
b227 93 3349 106 3381
b228 106 2576 127 2596
b229 89 426 113 474
b230 49 874 79 907
b231 83 1697 99 1727
b232 125 1517 167 1540
b233 34 1350 50 1363
b234 0 3814 33 3832
b235 49 1458 71 1504
b236 132 3201 159 3240
b237 95 1345 116 1385
b238 79 1885 106 1924
b239 110 720 150 742
b240 95 2706 118 2725
b241 95 1937 108 1961
b242 101 1184 123 1224
b243 95 3213 132 3247
b244 47 3515 84 3528
b245 108 1082 144 1106
b246 163 27 186 71
b247 112 2366 148 2405
b248 60 3318 103 3349
b249 110 1007 145 1034
b250 79 874 110 908
b251 49 2189 92 2223
b252 40 3740 59 3768
b253 71 1806 86 1819
b254 95 2693 119 2706
b255 64 2373 111 2412
b256 82 3646 103 3659
b257 123 1143 140 1176
b258 168 564 212 598
b259 0 3722 26 3734
b260 89 0 108 12
b261 80 2678 92 2723
b262 90 1385 117 1433
b263 142 518 189 564
b264 50 1350 95 1373
b265 13 2262 58 2277
b266 110 959 155 1007
b267 60 3242 94 3281
b268 113 2444 135 2469
b269 104 1701 141 1719
b270 129 2340 152 2355
b271 53 2654 95 2678
b272 50 1398 74 1433
b273 113 2845 134 2875
b274 20 2654 53 2675
b275 81 2986 103 3014
b276 26 3768 57 3782
b277 13 1639 25 1686
b278 150 0 163 42
b279 21 3643 60 3686
b280 62 2964 93 2986
b281 89 408 119 426
b282 150 355 194 385
b283 80 2756 93 2771
b284 229 24 259 45
b285 70 2916 83 2949
b286 85 2006 121 2047
b287 187 385 229 406
b288 144 634 172 670
b289 67 3079 100 3116
b290 115 609 131 636
b291 69 3472 97 3515
b292 66 2492 90 2531
b293 67 3157 110 3176
b294 112 2340 129 2366
b295 165 140 208 153
b296 66 2426 82 2453
b297 64 2299 102 2330
b298 104 1661 137 1701
b299 119 3318 132 3331
