229150.75
231912.5
204295
449 455
4.029408
b0 126 108 159 151
b1 359 67 424 104
b2 344 266 378 319
b3 0 222 37 289
b4 0 289 29 308
b5 205 37 244 86
b6 126 0 166 18
b7 0 200 40 222
b8 144 256 206 306
b9 206 256 222 297
b10 104 155 122 207
b11 166 76 205 135
b12 92 342 153 370
b13 172 208 229 256
b14 281 252 344 295
b15 397 266 449 325
b16 149 306 206 342
b17 269 38 313 104
b18 299 137 350 185
b19 263 405 294 455
b20 244 122 281 141
b21 42 311 92 375
b22 172 174 221 208
b23 403 104 423 153
b24 263 377 308 405
b25 166 22 205 76
b26 24 57 79 97
b27 244 37 269 102
b28 79 56 125 95
b29 95 370 157 394
b30 233 337 259 361
b31 61 375 95 401
b32 37 264 90 307
b33 423 104 445 139
b34 376 104 403 158
b35 0 350 38 381
b36 359 0 398 67
b37 239 141 299 161
b38 218 361 241 418
b39 229 195 281 250
b40 210 130 239 156
b41 206 297 233 352
b42 40 202 93 264
b43 0 381 61 427
b44 344 219 409 266
b45 166 135 210 158
b46 157 413 196 435
b47 379 327 444 360
b48 92 311 149 338
b49 398 0 445 65
b50 308 388 375 420
b51 283 0 340 38
b52 90 266 144 311
b53 93 223 114 266
b54 379 266 397 327
b55 224 161 280 195
b56 66 97 83 160
b57 244 104 291 122
b58 126 174 172 208
b59 233 0 283 37
b60 353 104 376 144
b61 126 18 159 41
b62 379 412 439 431
b63 299 295 344 331
b64 122 208 172 255
b65 0 0 56 57
b66 281 185 342 252
b67 313 51 353 95
b68 379 360 442 412
b69 0 146 54 173
b70 0 308 42 350
b71 196 429 260 451
b72 157 352 218 413
b73 378 158 445 219
b74 66 160 104 202
b75 350 158 378 177
b76 241 361 263 394
b77 313 331 379 388
b78 342 185 378 217
b79 83 95 124 155
b80 166 158 224 174
b81 263 337 313 377
b82 100 394 157 441
b83 196 413 218 429
b84 166 0 233 22
b85 313 95 338 115
b86 56 0 93 56
b87 205 86 244 130
b88 0 57 24 94
b89 0 173 38 200
b90 61 401 100 434
b91 93 0 126 56
b92 93 207 119 223
b93 294 420 359 455
b94 222 256 281 297
b95 340 0 359 51
b96 233 297 299 337
b97 126 41 143 108
b98 291 115 353 137
b99 0 97 66 146
