232602.9375
235495.5
206570
454 455
7.594734
b0 246 83 289 116
b1 292 186 329 251
b2 358 392 411 426
b3 0 308 67 345
b4 57 232 76 261
b5 339 0 388 39
b6 139 18 179 36
b7 267 310 289 350
b8 389 81 451 131
b9 379 131 395 172
b10 321 0 339 52
b11 292 83 331 142
b12 263 418 324 446
b13 331 125 379 182
b14 0 386 43 449
b15 395 131 454 183
b16 406 205 442 262
b17 57 61 123 105
b18 0 260 51 308
b19 128 304 178 335
b20 388 316 425 335
b21 107 240 157 304
b22 179 28 228 62
b23 425 262 445 311
b24 237 227 282 255
b25 261 44 315 83
b26 238 255 278 310
b27 102 126 167 151
b28 121 197 167 236
b29 324 426 386 450
b30 219 0 243 26
b31 343 332 369 366
b32 57 141 100 194
b33 406 183 441 205
b34 289 310 343 337
b35 57 23 88 61
b36 179 85 246 124
b37 167 186 187 246
b38 157 246 180 303
b39 178 380 230 435
b40 332 366 358 395
b41 128 335 155 390
b42 172 124 225 186
b43 102 151 163 197
b44 278 263 343 310
b45 179 62 223 85
b46 367 86 389 125
b47 267 350 332 383
b48 0 66 57 93
b49 388 0 453 47
b50 178 348 245 380
b51 0 222 57 260
b52 0 150 54 195
b53 100 197 121 240
b54 139 0 200 18
b55 331 52 387 86
b56 187 186 250 203
b57 128 390 175 408
b58 388 47 434 81
b59 43 386 93 423
b60 57 0 97 23
b61 155 335 178 368
b62 369 332 388 392
b63 57 105 102 141
b64 187 219 237 266
b65 0 93 56 150
b66 67 306 128 373
b67 261 0 301 44
b68 388 335 451 387
b69 0 195 54 222
b70 250 185 292 227
b71 245 310 267 374
b72 345 205 406 266
b73 225 124 292 185
b74 97 0 139 38
b75 200 0 219 28
b76 180 326 213 348
b77 0 0 57 66
b78 331 86 367 118
b79 180 266 221 326
b80 329 205 345 263
b81 383 266 423 316
b82 112 408 169 455
b83 187 203 209 219
b84 331 183 398 205
b85 301 0 321 25
b86 51 269 107 306
b87 292 142 331 186
b88 76 232 100 269
b89 73 194 100 232
b90 230 380 263 419
b91 228 26 261 82
b92 57 194 73 220
b93 267 383 332 418
b94 0 345 59 386
b95 93 373 112 424
b96 343 266 383 332
b97 221 266 238 333
b98 97 38 159 60
b99 123 60 172 126
