238235.546875
241804.5
206115
455 453
3.515848
b0 285 145 328 178
b1 267 225 332 262
b2 148 78 182 131
b3 273 262 340 299
b4 24 139 43 168
b5 279 299 318 348
b6 387 235 405 275
b7 114 195 136 235
b8 67 0 129 50
b9 410 90 426 131
b10 111 50 129 102
b11 114 156 173 195
b12 24 111 85 139
b13 398 131 455 179
b14 290 41 353 84
b15 332 183 391 235
b16 393 179 450 215
b17 129 0 195 44
b18 225 265 273 316
b19 353 47 384 97
b20 57 320 94 339
b21 66 385 116 449
b22 33 0 67 49
b23 318 333 367 353
b24 353 120 398 148
b25 146 234 200 273
b26 91 235 146 275
b27 387 281 452 306
b28 374 400 420 439
b29 0 107 24 169
b30 173 172 199 196
b31 91 275 125 301
b32 384 47 437 90
b33 371 148 393 183
b34 129 351 183 378
b35 248 316 279 354
b36 182 65 221 132
b37 94 156 114 216
b38 353 97 410 120
b39 293 353 348 405
b40 254 408 283 434
b41 0 240 55 267
b42 116 396 178 449
b43 38 50 84 111
b44 267 178 332 225
b45 283 408 327 431
b46 348 353 370 392
b47 0 0 33 65
b48 0 320 57 347
b49 353 0 418 47
b50 200 172 267 204
b51 136 196 193 234
b52 248 354 293 408
b53 183 381 226 402
b54 122 378 183 396
b55 318 299 374 333
b56 66 301 129 318
b57 0 193 18 240
b58 129 44 175 78
b59 178 402 215 452
b60 225 316 248 356
b61 129 328 162 351
b62 230 36 290 55
b63 55 224 91 269
b64 0 267 47 317
b65 37 168 94 224
b66 200 204 267 265
b67 243 88 283 132
b68 85 104 148 156
b69 84 50 111 104
b70 183 339 225 381
b71 226 356 248 420
b72 374 339 435 400
b73 285 84 352 145
b74 0 65 38 107
b75 352 148 371 176
b76 243 55 265 88
b77 0 347 66 404
b78 230 0 262 36
b79 0 404 60 445
b80 125 275 183 291
b81 173 132 223 172
b82 340 235 387 292
b83 18 224 40 240
b84 221 65 243 132
b85 265 55 290 75
b86 129 291 185 328
b87 66 339 105 383
b88 0 169 37 193
b89 43 139 81 166
b90 215 420 254 453
b91 374 306 430 339
b92 129 78 145 104
b93 195 0 230 65
b94 290 0 349 41
b95 47 269 66 320
b96 185 273 225 339
b97 105 318 122 385
b98 223 132 285 154
b99 405 215 454 281
