2107893.5
3081658
1134129
303 3743
940.890367
b0 173 1042 200 1057
b1 105 2739 132 2755
b2 172 1412 194 1438
b3 232 226 253 271
b4 195 626 235 671
b5 118 1712 134 1738
b6 107 2209 145 2236
b7 80 0 115 29
b8 124 1914 145 1950
b9 198 1927 242 1952
b10 57 3123 72 3154
b11 224 698 265 722
b12 230 86 247 105
b13 112 1836 145 1884
b14 226 353 270 374
b15 196 486 230 501
b16 205 184 250 226
b17 101 2093 142 2130
b18 25 3245 68 3289
b19 132 0 168 23
b20 237 722 250 739
b21 84 2908 112 2952
b22 118 1780 153 1809
b23 15 3448 55 3465
b24 49 3154 67 3178
b25 106 3119 135 3162
b26 0 3536 27 3554
b27 194 249 232 289
b28 115 527 139 539
b29 235 480 264 510
b30 100 2691 120 2719
b31 106 2499 138 2535
b32 107 2187 126 2209
b33 188 0 233 46
b34 145 2483 174 2495
b35 76 3492 88 3518
b36 108 1884 135 1914
b37 68 2383 80 2412
b38 197 541 218 560
b39 205 736 217 749
b40 233 0 252 47
b41 87 2967 123 2986
b42 123 1079 169 1104
b43 114 1435 153 1456
b44 184 1903 211 1927
b45 44 2860 68 2885
b46 99 2307 118 2320
b47 163 841 205 881
b48 165 1213 193 1247
b49 44 2885 68 2933
b50 139 737 158 751
b51 195 671 209 687
b52 115 2578 152 2596
b53 133 2596 169 2608
b54 153 1737 183 1771
b55 72 2739 98 2770
b56 120 2547 166 2578
b57 57 3056 104 3104
b58 84 3252 109 3277
b59 80 1295 127 1333
b60 15 3411 54 3427
b61 84 2572 115 2617
b62 99 2326 145 2362
b63 80 1243 116 1289
b64 68 2104 101 2119
b65 88 3492 101 3515
b66 261 510 303 555
b67 131 1378 145 1411
b68 44 2430 72 2475
b69 116 1268 152 1295
b70 157 657 173 702
b71 46 0 80 32
b72 88 3104 120 3119
b73 67 3154 79 3200
b74 104 1634 147 1668
b75 168 0 188 37
b76 84 2617 123 2653
b77 44 2412 84 2430
b78 115 511 157 527
b79 116 1243 156 1268
b80 112 1821 148 1836
b81 0 102 15 134
b82 54 3411 93 3435
b83 114 2755 151 2796
b84 50 3289 84 3327
b85 60 2817 94 2860
b86 101 2049 140 2093
b87 127 1586 172 1634
b88 98 1565 127 1609
b89 93 1143 113 1185
b90 83 2236 129 2260
b91 140 1984 183 2005
b92 60 2770 105 2817
b93 148 1809 168 1833
b94 57 3104 88 3123
b95 179 969 223 1006
b96 132 433 178 466
b97 0 3695 40 3710
b98 216 501 229 536
b99 86 1979 126 1996
b100 163 924 207 969
b101 188 46 218 82
b102 123 836 163 872
b103 163 506 197 540
b104 0 3522 42 3536
b105 0 3710 35 3743
b106 115 539 127 572
b107 25 2971 57 2986
b108 179 340 216 378
b109 133 2392 175 2438
b110 101 2130 140 2172
b111 80 849 93 870
b112 80 1731 110 1756
b113 194 289 230 313
b114 55 3448 89 3492
b115 46 32 80 54
b116 93 3373 121 3392
b117 79 1756 118 1777
b118 25 2933 69 2971
b119 133 2438 161 2483
b120 132 397 168 433
b121 50 3373 84 3411
b122 104 3019 147 3039
b123 179 1006 202 1042
b124 68 2307 99 2342
b125 0 0 46 42
b126 46 107 68 119
b127 163 540 188 583
b128 0 42 44 70
b129 42 3522 76 3544
b130 196 429 226 455
b131 115 466 163 511
b132 68 1979 86 2018
b133 68 2119 83 2162
b134 127 1295 161 1342
b135 84 2952 129 2967
b136 120 2535 157 2547
b137 145 1525 166 1553
b138 157 709 199 737
b139 114 1456 150 1493
b140 134 1737 146 1780
b141 157 2495 176 2540
b142 129 2236 156 2273
b143 219 455 243 480
b144 69 2908 84 2948
b145 123 872 136 917
b146 205 788 253 821
b147 188 560 218 602
b148 80 1415 98 1435
b149 151 2608 198 2630
b150 196 455 219 486
b151 69 2967 87 3009
b152 178 262 194 281
b153 101 2362 142 2392
b154 202 881 224 898
b155 114 2796 139 2810
b156 183 1887 211 1903
b157 68 2860 88 2885
b158 163 1104 186 1117
b159 168 397 212 429
b160 106 2392 133 2408
b161 83 2260 129 2307
b162 132 283 163 301
b163 116 1690 149 1712
b164 80 1690 116 1731
b165 93 1928 114 1945
b166 131 1342 165 1378
b167 84 2535 120 2572
b168 44 2104 68 2145
b169 25 2986 49 3025
b170 79 1795 108 1840
b171 84 3212 106 3252
b172 79 1840 106 1853
b173 0 70 25 102
b174 136 969 179 985
b175 115 820 130 836
b176 100 2653 133 2691
b177 140 1148 181 1185
b178 163 378 180 397
b179 132 249 178 283
b180 197 501 216 541
b181 156 1185 186 1213
b182 233 47 278 71
b183 140 2130 173 2169
b184 134 1712 180 1737
b185 114 2832 141 2866
b186 40 3212 71 3245
b187 42 3597 78 3635
b188 76 3518 113 3558
b189 49 3200 93 3212
b190 224 671 261 698
b191 163 294 179 328
b192 150 1477 179 1525
b193 46 54 79 71
b194 161 1874 189 1887
b195 123 1046 156 1059
b196 161 1833 202 1874
b197 168 184 205 212
b198 252 0 300 19
b199 46 71 77 107
b200 113 1185 156 1222
b201 165 1247 191 1276
b202 158 737 192 776
b203 25 3025 40 3053
b204 189 130 230 163
b205 140 1950 161 1965
b206 57 3635 99 3670
b207 40 3695 73 3723
b208 46 2084 73 2104
b209 139 2796 184 2832
b210 136 985 149 1009
b211 77 1853 93 1865
b212 151 2630 172 2672
b213 205 722 237 736
b214 114 1342 131 1369
b215 189 163 218 184
b216 142 2005 184 2024
b217 188 82 208 130
b218 101 2172 144 2187
b219 98 1609 126 1627
b220 168 212 198 249
b221 46 119 59 164
b222 27 3670 61 3695
b223 118 2307 140 2326
b224 93 1222 138 1243
b225 98 1527 145 1565
b226 106 2483 145 2499
b227 77 1865 90 1897
b228 88 2719 109 2739
b229 80 1627 104 1675
b230 104 2986 134 3019
b231 44 2475 60 2505
b232 112 2908 154 2931
b233 178 249 194 262
b234 79 1777 112 1795
b235 134 2931 156 2977
b236 153 1438 180 1477
b237 226 313 247 353
b238 64 3558 91 3597
b239 104 1668 144 1690
b240 90 1945 113 1964
b241 131 1411 144 1435
b242 247 271 269 311
b243 202 1105 239 1139
b244 241 739 278 752
b245 163 602 199 626
b246 140 1104 163 1148
b247 205 749 241 788
b248 68 2018 111 2049
b249 15 3289 50 3316
b250 114 1493 145 1527
b251 223 898 266 932
b252 205 687 224 715
b253 178 281 193 294
b254 83 2187 107 2200
b255 93 1104 140 1143
b256 168 130 189 143
b257 156 1046 173 1079
b258 145 1378 189 1412
b259 118 1809 144 1821
b260 153 1412 172 1424
b261 139 751 151 796
b262 166 1525 193 1573
b263 50 3327 97 3373
b264 69 2885 114 2908
b265 218 71 263 86
b266 193 1057 238 1105
b267 80 1376 114 1415
b268 84 2392 106 2417
b269 126 2187 163 2205
b270 77 1964 100 1979
b271 127 796 169 820
b272 59 2049 83 2084
b273 180 1573 201 1603
b274 68 2362 101 2383
b275 42 3544 64 3572
b276 93 1914 124 1928
b277 69 3009 81 3056
b278 175 2024 188 2066
b279 163 881 202 924
b280 173 687 204 709
b281 149 985 179 1003
b282 15 3492 59 3522
b283 142 2024 155 2039
b284 27 3635 57 3656
b285 145 1553 158 1586
b286 97 3277 133 3318
b287 163 820 205 841
b288 72 2653 100 2689
b289 136 1009 169 1046
b290 194 313 210 340
b291 80 1333 108 1376
b292 147 1634 171 1673
b293 140 1965 183 1984
b294 115 0 132 26
b295 80 836 123 849
b296 72 2689 88 2716
b297 157 626 195 657
b298 163 466 196 506
b299 54 3435 67 3448
