1256784
1835774
677794
262 2587
195.740181
b0 156 352 192 368
b1 59 2360 78 2399
b2 96 1522 137 1557
b3 59 2293 77 2340
b4 56 1915 82 1947
b5 156 368 191 399
b6 157 615 186 628
b7 187 431 215 452
b8 104 1972 136 1987
b9 179 1178 225 1212
b10 149 399 194 431
b11 67 2040 81 2076
b12 84 1173 120 1215
b13 171 268 219 313
b14 83 1656 98 1681
b15 83 1610 128 1656
b16 171 512 189 534
b17 111 1773 144 1799
b18 56 1277 90 1296
b19 133 849 163 861
b20 138 1368 166 1401
b21 107 2073 151 2112
b22 147 313 173 352
b23 90 1277 130 1302
b24 89 1859 114 1874
b25 121 620 157 656
b26 89 744 132 769
b27 92 2171 126 2186
b28 103 1093 149 1131
b29 114 1015 126 1052
b30 147 246 164 273
b31 23 2142 60 2158
b32 0 46 23 78
b33 18 2519 36 2555
b34 58 1424 77 1462
b35 18 2486 33 2519
b36 86 978 114 990
b37 151 451 167 472
b38 23 1742 56 1768
b39 56 41 86 83
b40 56 83 84 124
b41 108 1052 124 1068
b42 107 2029 126 2073
b43 23 1984 63 2018
b44 120 1173 147 1189
b45 104 801 118 838
b46 59 2399 107 2414
b47 122 1189 145 1203
b48 80 2216 104 2242
b49 116 352 156 383
b50 121 807 154 849
b51 155 1639 182 1687
b52 89 0 116 37
b53 151 93 168 111
b54 23 2126 66 2142
b55 67 2216 80 2262
b56 172 132 194 157
b57 67 1992 86 2040
b58 90 1444 109 1485
b59 92 1813 138 1859
b60 186 97 216 132
b61 56 1767 89 1801
b62 67 1947 104 1992
b63 225 619 240 654
b64 104 1924 151 1972
b65 66 2126 96 2159
b66 116 417 147 448
b67 23 1947 67 1984
b68 51 2414 86 2438
b69 129 918 148 956
b70 102 1368 138 1382
b71 80 1231 122 1265
b72 25 2190 59 2223
b73 86 836 104 874
b74 0 2296 29 2314
b75 149 968 172 995
b76 44 1315 58 1327
b77 102 1302 126 1318
b78 132 744 158 787
b79 92 1728 111 1765
b80 172 97 186 112
b81 157 595 189 615
b82 58 1360 90 1393
b83 25 2259 44 2296
b84 158 690 201 727
b85 77 1485 125 1522
b86 118 894 142 918
b87 114 1859 159 1878
b88 143 512 171 555
b89 89 801 101 836
b90 189 595 234 619
b91 137 1687 181 1715
b92 161 571 203 595
b93 129 111 172 132
b94 0 2571 15 2587
b95 56 1742 92 1767
b96 67 2171 92 2216
b97 0 2158 25 2186
b98 87 2029 103 2055
b99 132 787 169 807
b100 86 1068 113 1093
b101 29 2438 69 2486
b102 126 1330 151 1368
b103 89 769 121 801
b104 96 1557 132 1582
b105 25 2159 67 2190
b106 151 54 185 93
b107 180 0 225 16
b108 83 1582 116 1594
b109 44 41 56 63
b110 33 2486 77 2509
b111 0 2314 18 2327
b112 137 1639 155 1685
b113 126 2029 169 2057
b114 44 1522 83 1541
b115 164 201 201 231
b116 103 1131 140 1173
b117 164 231 188 268
b118 44 1541 83 1576
b119 25 2223 49 2259
b120 118 849 133 894
b121 111 1728 143 1773
b122 151 1878 194 1908
b123 116 0 129 35
b124 192 313 205 352
b125 143 1715 161 1743
b126 78 2360 116 2388
b127 56 124 80 146
b128 151 487 187 512
b129 0 0 44 46
b130 58 1315 102 1360
b131 151 431 187 451
b132 0 2555 38 2571
b133 80 1265 94 1277
b134 84 1215 113 1231
b135 114 978 129 1015
b136 63 2076 87 2095
b137 129 0 151 18
b138 131 571 161 593
b139 63 2095 96 2126
b140 151 0 163 16
b141 102 1382 127 1416
b142 38 2509 65 2555
b143 142 157 188 201
b144 163 25 188 54
b145 92 1694 137 1728
b146 116 383 149 417
b147 131 464 143 495
b148 163 0 180 25
b149 29 2372 51 2394
b150 129 132 142 162
b151 131 593 147 620
b152 187 452 220 485
b153 67 2159 107 2171
b154 44 1681 86 1725
b155 86 1681 98 1694
b156 84 1093 103 1135
b157 137 1627 179 1639
b158 44 1725 72 1742
b159 147 273 171 309
b160 167 451 179 487
b161 58 1393 77 1424
b162 29 2360 59 2372
b163 148 1131 194 1178
b164 89 470 121 497
b165 128 1594 169 1627
b166 89 1878 125 1890
b167 111 1799 158 1813
b168 56 1890 93 1915
b169 90 1416 136 1444
b170 129 201 151 246
b171 93 1890 128 1924
b172 116 246 147 271
b173 89 448 131 470
b174 104 918 129 938
b175 116 1582 150 1594
b176 159 1743 179 1759
b177 59 2262 80 2293
b178 131 448 151 464
b179 44 0 89 41
b180 92 1765 111 1786
b181 136 1401 151 1443
b182 129 956 162 968
b183 143 555 180 571
b184 56 1296 76 1315
b185 83 1522 96 1566
b186 121 696 134 744
b187 86 990 108 1014
b188 137 1443 161 1483
b189 49 2340 80 2360
b190 155 656 192 690
b191 86 1992 128 2029
b192 126 1302 148 1330
b193 179 1212 221 1255
b194 185 54 227 97
b195 201 132 226 168
b196 83 1594 122 1610
b197 215 313 262 348
b198 104 938 126 978
b199 121 656 155 696
