310090.5
418581
201600
450 448
35.43827
b0 220 102 236 138
b1 22 380 61 399
b2 397 390 438 425
b3 403 194 450 212
b4 206 376 238 402
b5 357 314 392 345
b6 365 194 378 223
b7 0 287 28 308
b8 22 350 54 365
b9 259 218 305 252
b10 344 0 389 32
b11 190 126 204 162
b12 60 240 96 282
b13 397 345 445 390
b14 0 122 25 137
b15 394 284 440 329
b16 254 45 272 67
b17 205 275 231 308
b18 132 309 166 328
b19 190 162 202 192
b20 358 345 391 373
b21 231 257 275 296
b22 275 329 314 355
b23 86 327 126 352
b24 164 387 189 402
b25 61 104 97 140
b26 55 289 80 332
b27 22 365 56 380
b28 205 154 251 192
b29 45 252 57 289
b30 403 267 430 284
b31 112 163 128 200
b32 61 48 93 71
b33 131 190 167 208
b34 365 156 384 194
b35 205 242 220 275
b36 346 354 358 382
b37 300 125 321 141
b38 322 86 348 119
b39 229 0 271 30
b40 108 0 149 28
b41 204 126 220 142
b42 325 0 344 44
b43 403 72 443 106
b44 116 300 132 327
b45 319 311 333 348
b46 398 57 446 72
b47 169 217 183 240
b48 127 44 151 70
b49 275 252 306 292
b50 19 0 61 33
b51 348 94 396 121
b52 365 231 402 258
b53 238 223 256 240
b54 392 329 435 345
b55 306 218 319 264
b56 290 403 315 425
b57 300 355 319 403
b58 392 0 411 41
b59 0 33 46 79
b60 251 135 281 170
b61 61 160 94 194
b62 319 382 356 427
b63 254 30 289 45
b64 61 0 108 48
b65 73 71 103 104
b66 334 179 365 210
b67 275 292 319 329
b68 358 373 393 397
b69 363 137 401 156
b70 0 412 14 448
b71 25 93 59 135
b72 205 192 238 226
b73 94 163 112 201
b74 0 137 29 155
b75 167 190 190 217
b76 322 119 334 133
b77 103 244 127 260
b78 128 136 171 162
b79 384 156 403 193
b80 315 427 330 441
b81 54 332 86 352
b82 302 185 334 218
b83 378 194 397 231
b84 285 82 322 125
b85 171 71 219 108
b86 281 146 305 170
b87 318 160 363 179
b88 231 296 274 324
b89 0 338 35 350
b90 103 118 127 163
b91 96 260 140 288
b92 103 48 127 90
b93 14 417 57 438
b94 45 236 60 252
b95 170 402 206 427
b96 175 252 200 297
b97 142 419 170 444
b98 392 41 418 57
b99 61 140 98 160
b100 319 354 346 379
b101 126 328 166 376
b102 271 0 309 25
b103 206 402 238 434
b104 149 0 185 25
b105 325 44 356 86
b106 96 406 130 445
b107 108 28 153 44
b108 61 71 73 104
b109 334 210 356 222
b110 76 371 120 394
b111 266 67 279 85
b112 171 108 217 126
b113 103 201 131 244
b114 353 295 392 314
b115 364 258 394 295
b116 238 396 275 438
b117 279 45 303 82
b118 403 212 442 247
b119 356 32 392 56
b120 61 352 76 397
b121 29 135 61 180
b122 0 308 43 338
b123 140 249 175 262
b124 90 201 103 240
b125 14 399 42 417
b126 131 221 169 249
b127 164 168 188 190
b128 80 300 116 325
b129 185 0 229 46
b130 319 222 364 266
b131 289 25 325 45
b132 362 121 400 137
b133 368 397 380 411
b134 205 226 234 242
b135 220 242 257 257
b136 0 0 19 24
b137 142 401 164 419
b138 140 287 170 309
b139 127 71 160 102
b140 76 352 92 364
b141 140 262 174 287
b142 254 356 300 383
b143 0 180 46 224
b144 0 155 29 180
b145 319 266 353 311
b146 62 406 96 439
b147 96 288 127 300
b148 380 397 397 422
b149 0 350 22 372
b150 131 208 161 221
b151 220 138 247 154
b152 236 102 269 135
b153 0 372 12 412
b154 46 194 90 236
b155 0 110 13 122
b156 171 126 190 168
b157 43 289 55 331
b158 334 121 362 138
b159 128 162 164 186
b160 356 397 368 433
b161 92 352 123 371
b162 175 240 205 252
b163 403 148 450 194
b164 247 324 274 356
b165 206 327 247 360
b166 76 394 112 406
b167 190 192 204 239
b168 229 30 254 67
b169 153 25 181 71
b170 0 224 45 246
b171 170 297 205 331
b172 185 46 216 71
b173 321 138 363 160
b174 403 247 428 267
b175 130 401 142 435
b176 42 399 62 415
b177 238 192 259 223
b178 238 376 254 396
b179 0 246 45 287
b180 281 125 300 146
b181 275 383 290 425
b182 25 81 58 93
b183 206 360 243 376
b184 205 308 225 327
b185 305 141 318 185
b186 46 33 59 81
b187 303 45 325 69
b188 333 314 357 354
b189 0 79 20 110
b190 127 102 164 136
b191 356 57 398 94
b192 103 90 125 118
b193 259 170 302 212
b194 403 106 446 148
b195 126 376 162 401
b196 269 85 285 124
b197 219 67 266 102
b198 166 365 206 387
b199 166 331 206 365
