1801920.5
1801920.5
680420
260 2617
208.401653
b0 152 305 188 321
b1 141 1667 160 1706
b2 116 969 157 1004
b3 0 2461 18 2508
b4 122 1126 148 1158
b5 177 37 212 68
b6 189 249 218 262
b7 116 836 144 857
b8 116 1412 148 1427
b9 68 385 114 419
b10 68 836 113 868
b11 179 141 193 177
b12 161 559 197 601
b13 109 1266 157 1311
b14 212 82 227 107
b15 144 836 189 882
b16 88 1106 106 1128
b17 179 184 212 210
b18 67 1777 101 1796
b19 67 1996 97 2008
b20 65 2329 93 2362
b21 147 210 191 249
b22 116 857 142 896
b23 105 1813 145 1838
b24 128 478 153 493
b25 141 507 177 543
b26 124 1782 167 1807
b27 97 1997 131 2012
b28 109 1959 155 1997
b29 203 757 215 794
b30 18 2461 35 2488
b31 188 447 225 463
b32 0 2106 23 2138
b33 82 2012 100 2048
b34 135 408 154 446
b35 67 2008 82 2041
b36 88 868 116 880
b37 157 1176 173 1197
b38 68 419 101 445
b39 147 0 177 42
b40 36 2564 64 2605
b41 67 2048 83 2064
b42 88 1062 107 1106
b43 165 333 205 367
b44 114 493 141 509
b45 63 2447 77 2484
b46 153 1382 201 1397
b47 35 1716 58 1730
b48 79 2131 103 2157
b49 114 559 154 590
b50 190 715 223 757
b51 70 2399 97 2447
b52 46 899 73 936
b53 46 936 63 954
b54 79 1621 122 1637
b55 141 1621 154 1667
b56 110 360 132 385
b57 87 1503 106 1551
b58 101 624 120 665
b59 144 790 190 836
b60 46 2131 76 2166
b61 198 367 231 401
b62 135 1050 172 1095
b63 64 2166 79 2201
b64 101 692 148 740
b65 146 375 176 408
b66 104 2012 135 2043
b67 35 1959 79 1996
b68 151 1023 186 1047
b69 95 1838 114 1876
b70 162 408 198 422
b71 68 0 110 34
b72 79 1578 113 1611
b73 67 1739 85 1777
b74 86 1412 115 1430
b75 46 1656 69 1683
b76 155 1120 169 1132
b77 139 543 163 559
b78 59 2088 85 2131
b79 220 45 239 82
b80 114 385 128 400
b81 64 2201 96 2221
b82 35 1683 67 1716
b83 23 2106 42 2143
b84 177 0 220 37
b85 107 1158 155 1195
b86 22 2054 46 2078
b87 46 1637 91 1656
b88 193 141 221 184
b89 97 1959 109 1994
b90 59 2064 104 2088
b91 67 1683 111 1711
b92 109 1311 151 1335
b93 191 210 234 231
b94 245 0 260 16
b95 0 2564 36 2589
b96 220 0 245 45
b97 68 462 93 490
b98 63 1554 79 1580
b99 152 285 189 305
b100 143 1095 170 1120
b101 58 1876 98 1924
b102 114 509 139 547
b103 147 141 179 173
b104 162 422 198 447
b105 46 868 88 899
b106 88 1023 122 1062
b107 22 1996 67 2012
b108 35 1924 68 1936
b109 88 1128 100 1150
b110 18 2541 62 2564
b111 111 1665 129 1678
b112 189 262 207 308
b113 41 2484 84 2512
b114 116 1004 155 1023
b115 116 1382 153 1412
b116 22 2012 59 2054
b117 63 1517 87 1554
b118 42 2258 81 2293
b119 79 2293 103 2329
b120 146 590 161 635
b121 142 924 174 969
b122 73 1382 116 1412
b123 85 1739 98 1774
b124 82 1796 95 1835
b125 22 2078 40 2106
b126 67 1711 105 1739
b127 112 2043 136 2065
b128 73 1266 109 1291
b129 96 774 140 820
b130 120 647 164 692
b131 128 458 164 478
b132 157 969 195 985
b133 65 2293 79 2305
b134 41 2428 70 2444
b135 142 882 157 919
b136 58 1796 82 1815
b137 42 2166 64 2184
b138 87 1481 117 1503
b139 107 1195 140 1226
b140 151 1311 163 1327
b141 131 740 156 774
b142 218 231 245 277
b143 157 1132 203 1176
b144 35 2512 60 2541
b145 101 590 146 624
b146 23 2315 56 2349
b147 164 447 176 478
b148 56 2362 73 2387
b149 41 2444 63 2466
b150 22 28 35 58
b151 135 1023 151 1050
b152 46 1580 79 1613
b153 146 635 186 647
b154 164 671 206 715
b155 154 1621 166 1634
b156 146 333 165 375
b157 70 2387 112 2399
b158 68 445 96 462
b159 63 1481 87 1517
b160 147 249 159 285
b161 105 1782 124 1813
b162 111 1653 141 1665
b163 109 1335 155 1382
b164 87 1551 119 1578
b165 0 2428 41 2461
b166 110 328 146 340
b167 141 493 188 507
b168 110 0 147 25
b169 0 0 46 28
b170 46 0 68 45
b171 96 740 131 774
b172 73 1456 104 1481
b173 23 2293 65 2315
b174 110 340 135 360
b175 128 446 162 458
b176 144 774 164 790
b177 122 1095 143 1126
b178 188 308 208 324
b179 23 2387 68 2428
b180 117 1427 136 1448
b181 157 882 172 924
b182 152 321 185 333
b183 93 820 130 836
b184 84 2221 104 2240
b185 73 1412 86 1456
b186 122 1023 135 1071
b187 164 647 186 671
b188 111 1742 135 1782
b189 186 601 217 621
b190 177 107 214 141
b191 42 2221 84 2258
b192 0 2589 22 2617
b193 113 1578 155 1621
b194 110 285 152 328
b195 129 1706 154 1742
b196 91 1637 130 1653
b197 68 1924 115 1959
b198 0 28 22 68
b199 106 1226 140 1266
