233662.25
236672.5
206570
455 454
3.514402
b0 261 148 304 181
b1 138 40 175 105
b2 393 228 446 262
b3 207 241 244 308
b4 96 294 115 323
b5 261 109 310 148
b6 138 0 156 40
b7 246 293 286 315
b8 308 220 370 270
b9 310 160 351 176
b10 221 0 273 18
b11 57 290 96 349
b12 27 279 55 340
b13 311 359 368 407
b14 350 270 393 333
b15 313 34 365 93
b16 0 396 57 432
b17 308 176 374 220
b18 393 329 444 377
b19 116 156 147 206
b20 227 308 246 345
b21 246 388 296 452
b22 57 238 106 272
b23 370 220 390 269
b24 179 241 207 286
b25 208 35 262 74
b26 96 61 136 116
b27 246 363 311 388
b28 57 408 103 447
b29 106 270 168 294
b30 103 425 129 449
b31 0 169 34 195
b32 46 139 99 182
b33 286 243 308 278
b34 374 168 428 195
b35 246 315 277 353
b36 244 226 283 293
b37 103 405 163 425
b38 168 286 191 343
b39 182 189 237 241
b40 57 349 86 375
b41 113 341 168 368
b42 182 95 244 148
b43 0 108 46 169
b44 262 44 309 109
b45 277 319 300 363
b46 163 425 202 447
b47 390 195 455 228
b48 0 252 57 279
b49 369 0 434 47
b50 147 156 179 223
b51 296 407 353 445
b52 34 182 79 236
b53 208 74 251 95
b54 368 333 386 394
b55 313 0 369 34
b56 96 323 113 386
b57 57 272 104 290
b58 310 113 344 159
b59 113 368 163 405
b60 353 407 393 430
b61 244 181 277 204
b62 407 108 426 168
b63 49 57 94 93
b64 115 294 165 341
b65 0 340 57 396
b66 393 262 454 329
b67 273 0 313 44
b68 344 108 407 160
b69 0 279 27 333
b70 96 0 138 42
b71 116 206 138 270
b72 393 393 454 454
b73 365 47 432 108
b74 0 66 38 108
b75 96 42 124 61
b76 237 204 270 226
b77 168 359 225 425
b78 191 308 227 340
b79 182 148 242 189
b80 168 343 226 359
b81 300 319 350 359
b82 49 0 96 57
b83 393 377 415 393
b84 49 117 116 139
b85 313 93 338 113
b86 79 182 116 238
b87 138 223 177 267
b88 49 93 86 117
b89 0 195 27 233
b90 57 375 96 408
b91 175 35 208 91
b92 27 236 53 252
b93 156 0 221 35
b94 286 278 345 319
b95 227 345 246 396
b96 116 116 182 156
b97 244 95 261 162
b98 286 181 308 243
b99 0 0 49 66
