449427.25
584694.5
314160
561 560
610.000855
b0 506 68 533 83
b1 81 0 97 27
b2 84 329 110 351
b3 243 106 264 151
b4 496 345 541 385
b5 43 416 69 432
b6 259 342 297 369
b7 320 0 349 35
b8 97 432 118 468
b9 153 233 197 258
b10 130 266 145 297
b11 413 467 454 491
b12 24 425 43 442
b13 220 461 268 494
b14 429 59 473 80
b15 472 413 487 447
b16 0 142 45 184
b17 426 284 463 325
b18 429 16 473 59
b19 388 456 411 492
b20 379 286 392 303
b21 158 348 202 376
b22 0 356 35 385
b23 35 339 75 356
b24 322 81 346 99
b25 96 47 125 90
b26 480 237 507 255
b27 0 385 38 425
b28 343 232 367 244
b29 354 332 384 361
b30 294 294 322 314
b31 154 165 190 197
b32 507 83 529 102
b33 111 346 157 391
b34 33 112 62 124
b35 516 397 542 409
b36 385 148 412 178
b37 324 37 353 49
b38 158 300 179 319
b39 388 443 400 456
b40 65 469 112 488
b41 125 112 161 131
b42 203 47 249 72
b43 493 198 514 237
b44 37 463 64 487
b45 398 273 423 297
b46 379 273 398 286
b47 374 202 414 244
b48 294 404 322 438
b49 0 425 24 473
b50 236 408 255 422
b51 463 186 477 202
b52 28 445 65 463
b53 169 506 205 518
b54 339 302 373 332
b55 69 403 100 429
b56 239 230 285 261
b57 193 0 241 47
b58 384 376 409 401
b59 205 513 243 560
b60 387 132 426 148
b61 285 216 330 247
b62 297 334 343 370
b63 0 284 46 320
b64 154 150 187 165
b65 311 389 334 402
b66 33 70 78 112
b67 541 319 555 352
b68 45 157 90 185
b69 373 303 409 330
b70 429 0 474 16
b71 480 164 512 198
b72 334 403 366 418
b73 490 385 536 397
b74 0 197 34 240
b75 203 72 223 109
b76 241 0 277 39
b77 423 266 463 284
b78 37 487 53 529
b79 454 449 479 489
b80 65 488 101 503
b81 268 468 283 500
b82 346 104 385 128
b83 125 391 162 432
b84 46 278 84 312
b85 268 370 311 404
b86 330 193 374 232
b87 463 262 511 307
b88 283 467 327 496
b89 297 314 339 334
b90 514 223 560 247
b91 81 223 124 244
b92 502 102 549 147
b93 426 356 450 376
b94 201 376 220 407
b95 479 461 516 505
b96 444 380 490 413
b97 264 81 279 121
b98 480 198 493 233
b99 387 115 427 132
b100 179 300 223 345
b101 161 47 191 83
b102 64 503 100 543
b103 511 247 545 281
b104 125 158 139 200
b105 134 497 169 530
b106 463 344 496 356
b107 115 272 130 304
b108 512 147 550 184
b109 112 304 158 346
b110 387 73 426 115
b111 0 495 21 508
b112 100 402 125 432
b113 223 355 259 379
b114 290 37 324 81
b115 162 400 196 422
b116 69 450 97 469
b117 33 45 72 66
b118 515 281 559 319
b119 281 439 326 467
b120 243 518 279 554
b121 409 376 443 414
b122 279 81 322 101
b123 411 516 434 552
b124 167 91 202 122
b125 384 330 426 376
b126 84 390 106 402
b127 78 128 121 153
b128 434 511 462 555
b129 249 39 271 73
b130 511 0 537 30
b131 320 502 368 547
b132 23 124 62 142
b133 496 330 539 345
b134 260 264 294 311
b135 139 158 154 203
b136 413 427 425 464
b137 69 429 97 450
b138 125 84 167 112
b139 349 0 385 37
b140 454 92 466 135
b141 97 0 116 45
b142 124 229 151 266
b143 72 45 96 70
b144 365 425 380 465
b145 268 423 281 468
b146 348 128 381 176
b147 354 361 384 403
b148 380 425 400 443
b149 197 221 219 268
b150 399 21 422 52
b151 267 500 309 518
b152 348 176 367 192
b153 346 74 387 104
b154 243 187 265 204
b155 411 491 425 516
b156 444 413 472 429
b157 438 180 463 200
b158 426 325 449 338
b159 474 40 506 84
b160 464 159 480 186
b161 38 356 84 403
b162 236 443 267 461
b163 45 185 78 207
b164 223 297 259 338
b165 542 352 559 373
b166 90 153 124 189
b167 125 47 161 84
b168 414 225 438 266
b169 162 376 201 400
b170 223 379 268 408
b171 374 180 414 202
b172 112 468 125 495
b173 322 144 347 176
b174 220 408 236 451
b175 277 135 292 151
b176 223 73 261 106
b177 279 518 320 555
b178 362 278 379 297
b179 78 189 124 223
b180 425 427 444 467
b181 294 264 322 294
b182 414 180 438 225
b183 438 202 477 235
b184 429 92 454 138
b185 347 244 374 278
b186 0 68 31 101
b187 511 30 547 68
b188 474 0 511 40
b189 191 47 203 91
b190 463 307 490 344
b191 128 432 144 466
b192 487 413 516 461
b193 223 338 256 355
b194 400 427 413 455
b195 255 408 268 441
b196 462 511 503 552
b197 351 465 388 493
b198 219 494 267 513
b199 0 320 31 356
b200 44 235 81 278
b201 124 203 153 229
b202 368 493 407 527
b203 0 40 15 68
b204 202 109 243 142
b205 236 422 251 443
b206 169 518 204 560
b207 42 207 75 235
b208 101 495 128 515
b209 466 102 502 147
b210 490 397 514 410
b211 466 147 482 159
b212 0 240 42 261
b213 412 148 426 180
b214 482 147 509 164
b215 158 319 179 348
b216 271 39 290 81
b217 425 491 473 511
b218 221 221 236 264
b219 161 122 179 150
b220 427 138 464 168
b221 62 112 75 157
b222 322 247 347 281
b223 268 404 290 423
b224 175 461 196 506
b225 78 90 125 128
b226 374 257 413 273
b227 264 121 277 153
b228 444 429 465 449
b229 327 454 351 502
b230 292 135 322 168
b231 409 297 425 327
b232 196 461 219 503
b233 281 423 294 439
b234 474 84 507 102
b235 239 208 285 230
b236 84 351 111 390
b237 322 281 362 302
b238 438 235 477 262
b239 366 403 406 425
b240 496 307 515 330
b241 43 432 67 445
b242 181 268 221 290
b243 353 37 387 74
b244 374 244 411 257
b245 456 356 492 380
b246 0 261 44 284
b247 326 418 365 454
b248 144 432 175 475
b249 46 312 81 339
b250 259 311 293 342
b251 279 101 322 135
b252 277 0 305 19
b253 330 232 343 247
b254 38 403 62 416
b255 514 184 561 223
b256 125 131 138 152
b257 285 247 318 264
b258 243 153 287 187
b259 145 266 157 292
b260 427 168 446 180
b261 429 80 474 92
b262 295 168 322 216
b263 116 0 162 47
b264 322 99 345 144
b265 190 176 235 191
b266 33 0 81 45
b267 200 142 239 176
b268 324 49 346 74
b269 277 19 314 37
b270 0 101 23 116
b271 157 258 181 300
b272 0 508 24 543
b273 265 187 295 208
b274 101 515 134 536
b275 0 473 28 495
b276 84 272 115 286
b277 387 0 399 47
b278 0 184 42 197
b279 175 422 218 461
b280 144 475 175 497
b281 426 338 456 356
b282 195 191 239 221
b283 305 0 320 13
b284 399 0 429 21
b285 406 414 439 427
b286 154 197 195 233
b287 387 52 429 73
b288 81 244 117 272
b289 223 264 260 297
b290 138 131 154 158
b291 84 286 112 329
b292 516 409 540 448
b293 311 370 354 389
b294 322 176 348 193
b295 187 122 200 165
b296 128 466 144 493
b297 162 0 193 38
b298 0 0 33 40
b299 24 495 37 508
