300033.25
397566.5
202500
450 450
87.044018
b0 165 0 181 36
b1 218 219 257 238
b2 407 134 448 169
b3 425 264 443 311
b4 63 198 95 224
b5 320 274 355 305
b6 267 0 296 13
b7 41 0 69 21
b8 43 310 75 325
b9 141 204 175 250
b10 125 358 170 390
b11 301 314 315 350
b12 144 45 186 81
b13 402 171 450 216
b14 59 409 84 424
b15 181 0 227 45
b16 228 257 250 275
b17 296 37 329 63
b18 45 95 79 114
b19 147 105 177 117
b20 355 290 388 318
b21 358 47 397 91
b22 167 156 206 182
b23 102 0 127 40
b24 193 215 218 230
b25 320 238 356 274
b26 34 381 59 424
b27 0 430 34 445
b28 274 263 320 301
b29 144 81 181 93
b30 189 263 216 280
b31 189 394 226 410
b32 167 416 190 448
b33 107 272 143 290
b34 283 138 321 157
b35 279 176 312 191
b36 322 226 350 238
b37 263 175 279 196
b38 270 13 296 46
b39 368 221 410 251
b40 229 24 270 52
b41 25 0 41 16
b42 216 238 260 257
b43 278 360 312 400
b44 183 92 199 119
b45 41 81 78 95
b46 147 119 195 134
b47 47 224 70 238
b48 254 372 278 398
b49 70 114 110 145
b50 193 182 235 215
b51 271 400 298 448
b52 98 77 125 114
b53 250 296 268 313
b54 379 91 395 134
b55 399 0 412 46
b56 312 379 334 404
b57 86 275 105 323
b58 125 390 166 409
b59 255 314 301 360
b60 12 203 47 233
b61 0 397 34 430
b62 361 350 406 387
b63 320 305 355 320
b64 12 238 60 285
b65 241 398 271 431
b66 186 45 217 76
b67 324 138 368 175
b68 406 346 441 370
b69 368 251 406 270
b70 143 275 179 289
b71 406 312 448 346
b72 368 171 402 204
b73 25 173 63 191
b74 175 201 193 230
b75 227 372 254 395
b76 175 263 189 275
b77 0 381 24 397
b78 324 200 367 226
b79 166 137 203 156
b80 361 387 376 401
b81 182 358 202 390
b82 412 0 444 33
b83 79 77 98 114
b84 296 0 339 37
b85 56 325 104 362
b86 334 379 358 403
b87 279 157 324 176
b88 70 145 113 173
b89 0 0 12 35
b90 12 285 57 309
b91 199 109 243 137
b92 125 409 167 433
b93 104 323 125 366
b94 160 310 176 325
b95 99 173 135 198
b96 225 279 250 324
b97 110 115 135 143
b98 107 290 133 306
b99 104 366 124 403
b100 147 250 174 275
b101 243 109 283 157
b102 127 0 165 25
b103 386 387 418 419
b104 263 235 299 260
b105 59 378 101 409
b106 368 137 407 171
b107 56 362 101 378
b108 172 325 184 358
b109 216 257 228 279
b110 71 425 115 448
b111 263 157 276 175
b112 361 91 379 137
b113 330 61 358 104
b114 229 52 268 71
b115 293 63 330 93
b116 397 97 439 134
b117 34 424 71 448
b118 410 216 449 251
b119 250 260 274 296
b120 115 433 160 448
b121 361 318 406 350
b122 0 309 43 339
b123 186 79 221 92
b124 410 251 449 264
b125 95 198 123 216
b126 41 33 79 61
b127 101 403 125 425
b128 202 358 227 394
b129 315 320 361 364
b130 397 53 442 97
b131 25 95 45 131
b132 255 71 293 87
b133 243 71 255 85
b134 206 162 235 178
b135 226 395 241 432
b136 167 182 191 201
b137 237 324 255 346
b138 221 79 243 109
b139 113 40 144 73
b140 135 115 147 131
b141 324 175 358 200
b142 133 290 160 336
b143 179 280 225 324
b144 57 285 86 310
b145 365 0 399 45
b146 107 216 141 249
b147 25 191 56 203
b148 268 52 293 69
b149 167 394 189 416
b150 224 324 237 354
b151 355 274 382 290
b152 69 0 102 33
b153 44 325 56 365
b154 0 339 44 381
b155 123 198 136 210
b156 125 73 144 115
b157 356 226 368 268
b158 368 204 396 221
b159 190 410 226 434
b160 147 93 183 105
b161 135 134 166 153
b162 299 233 311 263
b163 340 403 386 450
b164 135 156 167 183
b165 175 230 216 263
b166 170 358 182 394
b167 351 0 365 47
b168 206 137 243 162
b169 235 173 263 219
b170 127 336 172 358
b171 326 104 361 138
b172 45 114 70 145
b173 243 87 285 109
b174 412 33 437 53
b175 217 45 229 79
b176 107 306 127 322
b177 136 183 167 204
b178 243 157 263 173
b179 285 93 326 138
b180 160 289 179 310
b181 315 364 357 379
b182 237 360 270 372
b183 70 224 107 240
b184 113 143 132 163
b185 268 301 312 314
b186 12 0 25 48
b187 329 37 351 61
b188 227 0 267 24
b189 41 61 72 81
b190 79 40 113 77
b191 388 270 425 312
b192 25 145 47 173
b193 279 191 322 233
b194 298 404 340 447
b195 63 173 99 198
b196 263 196 279 235
b197 60 240 107 275
b198 107 250 147 272
b199 184 324 224 358
