761466
775600
634260
310 2046
10.759234
b0 64 828 107 861
b1 57 1471 122 1508
b2 57 1508 110 1542
b3 128 733 165 800
b4 209 67 238 86
b5 127 498 166 547
b6 84 1542 124 1560
b7 115 315 137 355
b8 40 1740 90 1802
b9 204 350 220 391
b10 94 1008 112 1060
b11 234 86 273 145
b12 89 800 150 828
b13 81 1593 129 1650
b14 137 350 200 393
b15 144 954 203 1006
b16 124 1530 160 1587
b17 38 1271 82 1337
b18 129 145 177 196
b19 129 0 160 50
b20 38 1173 75 1192
b21 107 847 171 897
b22 160 0 209 34
b23 0 27 20 76
b24 163 1424 208 1452
b25 57 1337 111 1376
b26 172 277 227 317
b27 64 19 89 84
b28 89 733 128 779
b29 120 610 144 672
b30 160 119 184 145
b31 38 19 64 53
b32 172 224 215 277
b33 38 53 60 88
b34 110 897 137 951
b35 89 610 120 648
b36 209 0 248 67
b37 181 393 201 453
b38 137 1332 160 1389
b39 126 1650 178 1705
b40 89 23 115 52
b41 115 393 142 448
b42 248 0 310 53
b43 20 1631 81 1677
b44 60 1060 125 1107
b45 177 180 200 224
b46 38 1151 77 1173
b47 58 1802 123 1835
b48 177 153 234 180
b49 176 1332 223 1397
b50 75 1239 142 1271
b51 89 475 127 532
b52 143 453 197 498
b53 129 196 172 217
b54 0 1948 18 2009
b55 60 971 94 1027
b56 76 1677 93 1740
b57 0 76 18 123
b58 64 897 110 931
b59 94 971 144 1008
b60 89 0 129 23
b61 18 1868 51 1891
b62 129 828 189 847
b63 40 1677 76 1722
b64 111 1424 161 1471
b65 115 259 172 315
b66 137 1271 204 1332
b67 64 931 108 971
b68 89 547 141 610
b69 89 448 143 475
b70 129 217 171 259
b71 20 1542 84 1564
b72 120 672 181 733
b73 20 1564 81 1631
b74 143 393 181 435
b75 125 1008 144 1036
b76 84 1560 106 1593
b77 0 1891 66 1948
b78 18 1948 54 1980
b79 66 1835 126 1876
b80 66 1876 82 1934
b81 227 180 267 230
b82 144 897 191 954
b83 107 828 129 844
b84 77 1151 144 1173
b85 144 547 164 572
b86 0 2009 56 2046
b87 60 1107 99 1151
b88 20 1337 57 1361
b89 0 0 38 27
b90 172 317 211 350
b91 160 86 216 119
b92 111 1271 137 1287
b93 111 1389 176 1424
b94 122 1471 163 1530
b95 38 0 89 19
b96 18 1802 58 1868
b97 216 86 233 153
b98 18 1677 40 1739
b99 77 1173 126 1239
