446987.5
580376
313599
559 561
539.842463
b0 385 400 400 427
b1 300 202 316 229
b2 125 244 151 266
b3 287 230 308 275
b4 256 400 301 440
b5 66 146 82 172
b6 69 358 107 385
b7 464 369 493 404
b8 304 287 340 308
b9 221 328 265 353
b10 271 223 286 254
b11 70 421 94 462
b12 186 316 205 333
b13 221 280 254 328
b14 321 176 365 197
b15 340 284 374 299
b16 0 430 42 475
b17 422 312 463 349
b18 349 447 392 491
b19 219 257 255 280
b20 40 158 57 171
b21 183 231 211 275
b22 106 163 141 192
b23 425 213 442 253
b24 456 114 480 132
b25 319 485 348 528
b26 483 93 501 120
b27 199 456 239 494
b28 256 353 268 377
b29 274 290 304 319
b30 342 197 370 217
b31 255 254 287 290
b32 497 0 519 19
b33 242 440 287 486
b34 230 425 242 454
b35 40 146 66 158
b36 229 353 256 383
b37 375 110 387 139
b38 304 364 325 383
b39 40 33 53 45
b40 94 385 113 432
b41 301 429 337 448
b42 140 405 186 430
b43 441 132 480 153
b44 42 426 69 450
b45 464 404 489 428
b46 480 144 499 157
b47 395 173 437 213
b48 384 339 418 367
b49 94 502 118 550
b50 84 87 103 101
b51 361 114 375 130
b52 324 114 361 132
b53 304 275 340 287
b54 45 251 79 281
b55 155 292 186 318
b56 112 268 143 314
b57 507 293 555 340
b58 458 276 483 301
b59 40 281 78 328
b60 205 316 221 355
b61 308 229 339 274
b62 301 383 337 429
b63 184 80 230 116
b64 432 485 465 500
b65 409 369 432 382
b66 493 420 535 465
b67 365 66 398 80
b68 66 462 94 507
b69 187 0 214 36
b70 428 60 444 105
b71 379 0 411 34
b72 82 199 114 214
b73 428 105 440 151
b74 261 527 304 561
b75 287 448 307 485
b76 507 340 546 376
b77 340 330 380 348
b78 40 172 82 188
b79 340 259 380 284
b80 33 358 69 373
b81 186 358 201 390
b82 428 0 452 39
b83 338 0 379 37
b84 0 57 34 95
b85 287 141 321 184
b86 444 70 483 114
b87 118 515 166 560
b88 365 37 409 66
b89 144 56 186 76
b90 337 348 383 372
b91 203 164 246 185
b92 497 19 542 66
b93 261 57 285 77
b94 168 443 199 462
b95 383 259 427 296
b96 292 0 338 33
b97 442 157 482 172
b98 471 209 506 222
b99 230 76 247 116
b100 85 43 130 87
b101 424 518 460 548
b102 0 292 40 328
b103 227 527 261 561
b104 442 209 456 251
b105 0 22 33 57
b106 337 372 370 384
b107 132 430 164 445
b108 103 87 141 124
b109 140 363 186 405
b110 214 0 253 42
b111 170 266 183 287
b112 268 360 298 385
b113 70 385 94 421
b114 525 376 559 420
b115 0 383 22 417
b116 184 162 203 190
b117 482 157 503 196
b118 506 191 550 229
b119 201 358 229 403
b120 247 82 283 118
b121 340 221 378 255
b122 422 349 465 369
b123 0 198 36 221
b124 199 421 230 456
b125 287 33 329 79
b126 166 538 188 550
b127 85 0 110 43
b128 79 229 107 273
b129 239 185 261 219
b130 53 33 83 59
b131 0 493 45 541
b132 253 0 292 18
b133 349 432 392 447
b134 0 151 34 198
b135 256 385 301 400
b136 143 292 155 329
b137 40 0 68 21
b138 348 491 376 533
b139 329 37 365 74
b140 463 304 506 316
b141 483 259 502 304
b142 471 222 498 259
b143 317 197 342 221
b144 78 318 93 358
b145 384 387 429 400
b146 337 384 370 432
b147 35 328 77 358
b148 423 151 441 171
b149 402 498 424 545
b150 433 411 464 434
b151 0 475 42 493
b152 239 486 258 502
b153 392 427 433 457
b154 249 223 271 240
b155 247 57 261 82
b156 411 0 427 28
b157 384 367 409 387
b158 183 190 206 203
b159 493 376 525 420
b160 477 24 493 51
b161 378 213 425 259
b162 82 123 100 154
b163 400 400 433 422
b164 127 445 168 481
b165 49 409 70 426
b166 0 221 34 257
b167 271 486 307 523
b168 522 66 546 107
b169 114 192 153 216
b170 79 273 108 318
b171 36 229 76 251
b172 164 430 191 443
b173 239 502 271 527
b174 274 186 317 202
b175 155 224 170 240
b176 216 219 249 257
b177 147 113 184 154
b178 68 0 85 19
b179 184 116 218 162
b180 392 457 432 476
b181 168 462 198 490
b182 452 0 497 24
b183 304 325 337 364
b184 452 24 477 70
b185 346 533 380 560
b186 0 352 33 383
b187 506 257 544 293
b188 144 76 184 113
b189 192 36 204 80
b190 287 114 324 141
b191 143 329 159 363
b192 218 116 247 164
b193 304 308 337 325
b194 432 457 445 485
b195 183 218 216 231
b196 40 188 81 229
b197 199 515 227 552
b198 151 244 170 292
b199 427 276 458 312
b200 340 139 383 176
b201 261 157 287 186
b202 247 118 281 157
b203 370 404 385 432
b204 186 275 219 316
b205 274 202 295 217
b206 287 79 329 114
b207 94 469 122 502
b208 254 290 274 317
b209 501 107 546 143
b210 480 120 493 144
b211 444 114 456 130
b212 304 532 346 553
b213 370 372 384 404
b214 491 512 508 539
b215 0 130 29 151
b216 234 383 253 425
b217 144 36 192 56
b218 191 406 234 421
b219 432 500 460 518
b220 375 80 412 110
b221 0 257 45 270
b222 158 154 183 188
b223 113 375 132 397
b224 40 102 85 123
b225 465 465 503 512
b226 445 434 461 473
b227 380 510 393 542
b228 428 39 448 60
b229 22 385 70 409
b230 463 316 496 346
b231 324 132 340 162
b232 40 123 82 146
b233 186 390 199 406
b234 329 74 362 92
b235 329 92 375 114
b236 112 314 139 353
b237 199 494 239 515
b238 483 66 522 93
b239 0 0 40 22
b240 465 428 488 447
b241 82 163 106 176
b242 392 476 432 498
b243 442 172 476 209
b244 261 186 274 223
b245 325 448 349 484
b246 427 253 471 276
b247 387 110 423 149
b248 340 299 383 330
b249 0 95 27 130
b250 110 0 144 31
b251 204 42 247 76
b252 155 205 183 224
b253 287 275 300 290
b254 112 244 125 268
b255 100 124 147 163
b256 0 417 21 430
b257 206 185 239 202
b258 122 481 166 515
b259 376 498 402 510
b260 365 176 377 195
b261 40 21 85 33
b262 168 490 195 538
b263 45 507 92 553
b264 159 318 182 363
b265 183 203 228 218
b266 503 143 548 191
b267 253 18 287 57
b268 182 333 204 358
b269 307 448 325 485
b270 82 176 97 199
b271 42 450 66 492
b272 0 328 35 352
b273 432 369 462 390
b274 144 13 177 34
b275 112 353 140 375
b276 81 214 112 228
b277 307 485 319 532
b278 170 224 183 266
b279 383 296 422 339
b280 0 270 31 292
b281 377 176 395 206
b282 40 72 84 102
b283 482 196 497 209
b284 433 390 463 411
b285 40 59 73 72
b286 268 319 304 360
b287 465 346 507 367
b288 506 229 542 257
b289 94 432 127 469
b290 153 189 180 205
b291 112 216 155 244
b292 383 149 422 173
b293 409 34 428 77
b294 141 163 158 189
b295 144 0 187 13
b296 22 409 49 425
b297 460 512 491 550
b298 503 465 543 498
b299 287 217 300 230
