225046.890625
227201
205660
452 455
4.458989
b0 117 83 150 126
b1 384 47 449 84
b2 232 305 285 339
b3 0 103 37 170
b4 0 84 29 103
b5 231 34 280 73
b6 155 50 173 90
b7 177 382 217 404
b8 165 0 227 50
b9 161 364 177 405
b10 99 83 117 135
b11 60 197 99 256
b12 55 374 116 402
b13 171 405 228 453
b14 188 319 231 382
b15 384 84 443 136
b16 55 402 112 438
b17 280 80 346 124
b18 184 241 232 292
b19 293 372 324 422
b20 208 154 245 173
b21 281 191 345 241
b22 44 79 93 113
b23 378 301 427 321
b24 116 386 161 414
b25 44 40 98 79
b26 44 0 99 40
b27 188 66 213 131
b28 324 372 363 418
b29 122 247 184 271
b30 253 281 279 305
b31 37 136 63 170
b32 122 271 165 324
b33 363 406 385 441
b34 232 205 259 259
b35 150 90 188 121
b36 99 208 166 247
b37 280 60 340 80
b38 208 131 265 154
b39 0 356 55 408
b40 296 422 325 448
b41 0 408 55 435
b42 0 294 53 356
b43 57 294 103 355
b44 345 197 410 244
b45 37 113 81 136
b46 259 191 281 230
b47 231 422 296 455
b48 37 170 94 197
b49 368 0 433 47
b50 99 176 166 208
b51 346 61 384 118
b52 293 281 338 335
b53 232 259 253 302
b54 350 0 368 61
b55 99 49 155 83
b56 103 294 120 357
b57 102 247 120 294
b58 227 0 273 34
b59 293 335 343 372
b60 280 20 303 60
b61 425 197 448 230
b62 404 373 423 433
b63 305 0 350 36
b64 117 126 164 176
b65 0 238 57 294
b66 232 339 293 406
b67 338 263 378 307
b68 365 321 428 373
b69 165 292 219 319
b70 166 131 208 173
b71 343 307 365 371
b72 265 130 326 191
b73 385 136 452 197
b74 60 256 102 294
b75 0 39 28 58
b76 122 364 155 386
b77 213 73 279 130
b78 222 173 258 205
b79 0 197 60 238
b80 173 50 231 66
b81 269 241 319 281
b82 378 244 425 301
b83 253 259 269 281
b84 428 230 450 297
b85 280 0 305 20
b86 348 136 385 192
b87 0 0 44 39
b88 0 170 37 194
b89 63 136 101 163
b90 365 373 404 406
b91 166 173 222 206
b92 0 58 16 84
b93 166 206 231 241
b94 112 414 171 455
b95 319 244 370 263
b96 122 324 188 364
b97 55 357 122 374
b98 326 124 348 186
b99 99 0 165 49
