699505.6640625
705784.5
642996
337 1908
13.554496
b0 137 570 180 603
b1 0 0 65 37
b2 104 1140 157 1174
b3 130 928 167 995
b4 117 57 146 76
b5 129 1611 168 1660
b6 154 1052 194 1070
b7 0 1695 22 1735
b8 66 1253 116 1315
b9 0 37 16 78
b10 48 1735 66 1787
b11 128 690 167 749
b12 182 1070 243 1098
b13 116 1310 164 1367
b14 65 640 128 683
b15 71 1559 130 1611
b16 117 0 153 57
b17 167 765 211 831
b18 0 1644 48 1695
b19 166 520 197 570
b20 153 22 190 41
b21 128 640 192 690
b22 117 461 166 495
b23 153 41 173 90
b24 146 339 191 367
b25 164 1310 218 1349
b26 16 1559 71 1599
b27 244 155 269 220
b28 277 86 316 132
b29 114 1389 138 1451
b30 228 704 252 730
b31 190 887 216 921
b32 22 1787 65 1840
b33 48 1700 70 1735
b34 213 360 240 414
b35 130 995 161 1033
b36 237 0 276 67
b37 130 1033 150 1093
b38 66 1344 89 1401
b39 65 1787 117 1842
b40 66 1315 92 1344
b41 128 873 155 928
b42 239 531 301 584
b43 65 1207 126 1253
b44 52 1451 117 1498
b45 167 887 190 931
b46 238 635 277 657
b47 65 928 130 961
b48 220 86 277 113
b49 192 570 239 635
b50 146 388 213 420
b51 161 995 199 1052
b52 16 1599 70 1644
b53 191 339 234 360
b54 65 994 83 1055
b55 48 1644 82 1700
b56 167 931 184 994
b57 38 1861 56 1908
b58 192 635 238 669
b59 16 1253 66 1290
b60 70 1718 110 1741
b61 117 1451 150 1474
b62 237 67 297 86
b63 207 420 243 465
b64 104 1093 154 1140
b65 170 831 227 887
b66 52 1498 119 1559
b67 288 132 332 172
b68 65 0 117 63
b69 190 155 244 182
b70 128 831 170 873
b71 116 1367 180 1389
b72 167 704 228 765
b73 276 0 337 67
b74 220 113 258 155
b75 191 360 210 388
b76 83 1174 105 1207
b77 116 1253 182 1310
b78 16 1290 52 1322
b79 146 420 206 461
b80 190 182 206 240
b81 82 1668 122 1718
b82 82 1611 129 1668
b83 92 1315 114 1331
b84 153 0 220 22
b85 117 495 137 520
b86 117 603 173 640
b87 234 220 273 264
b88 243 730 280 754
b89 0 1861 38 1888
b90 65 961 104 994
b91 173 240 229 273
b92 0 1888 26 1904
b93 192 669 257 704
b94 166 461 207 520
b95 22 1842 73 1861
b96 153 273 193 339
b97 220 0 237 67
b98 182 1098 204 1160
b99 239 465 288 531
