230141.5
232710
207025
455 455
3.085485
b0 203 111 236 154
b1 341 0 406 37
b2 185 348 219 401
b3 236 129 303 166
b4 46 345 65 374
b5 266 73 315 112
b6 346 397 364 437
b7 161 374 183 414
b8 211 402 273 452
b9 168 63 209 79
b10 400 252 452 270
b11 122 370 161 429
b12 427 270 455 331
b13 209 63 266 111
b14 385 37 448 80
b15 219 343 271 402
b16 271 310 328 346
b17 0 248 66 292
b18 315 76 363 127
b19 172 112 203 162
b20 359 273 378 310
b21 152 227 202 291
b22 27 177 76 211
b23 378 336 398 385
b24 328 245 373 273
b25 227 166 266 220
b26 219 19 274 59
b27 417 121 442 186
b28 339 351 378 397
b29 318 221 380 245
b30 161 348 185 374
b31 117 193 143 227
b32 65 393 118 436
b33 363 76 385 111
b34 264 222 318 249
b35 328 273 359 311
b36 318 37 385 76
b37 85 43 105 103
b38 106 0 163 23
b39 27 125 82 177
b40 122 429 151 455
b41 172 162 227 189
b42 0 292 62 345
b43 0 383 46 444
b44 38 0 85 65
b45 316 351 339 395
b46 122 348 161 370
b47 303 188 368 221
b48 27 98 84 125
b49 370 121 417 186
b50 370 186 437 218
b51 0 0 38 57
b52 271 346 316 400
b53 85 0 106 43
b54 143 193 204 211
b55 380 218 436 252
b56 105 134 168 151
b57 27 211 74 229
b58 273 400 307 446
b59 161 414 211 451
b60 129 227 152 267
b61 279 0 302 33
b62 219 0 279 19
b63 85 151 130 187
b64 84 289 134 336
b65 66 336 122 393
b66 303 127 370 188
b67 274 33 318 73
b68 167 0 219 63
b69 0 98 27 152
b70 130 151 172 193
b71 106 112 170 134
b72 267 249 328 310
b73 106 23 167 90
b74 0 345 42 383
b75 302 0 321 28
b76 168 79 190 112
b77 134 291 200 348
b78 85 187 117 223
b79 204 220 264 261
b80 143 211 201 227
b81 328 311 378 351
b82 202 296 259 343
b83 378 252 400 268
b84 85 267 152 289
b85 321 0 341 25
b86 266 166 303 222
b87 85 227 129 266
b88 0 152 24 189
b89 0 189 27 227
b90 307 400 346 433
b91 26 65 82 98
b92 0 57 26 73
b93 202 261 267 296
b94 385 80 444 121
b95 27 229 78 248
b96 378 270 418 336
b97 236 112 303 129
b98 106 90 168 112
b99 378 385 427 451
