238278.84375
241751.5
207025
455 455
4.941603
b0 271 0 304 43
b1 344 0 409 37
b2 194 241 247 275
b3 55 401 122 438
b4 180 275 199 304
b5 84 76 133 115
b6 402 155 442 173
b7 100 367 140 389
b8 133 105 195 155
b9 256 279 272 320
b10 45 27 63 79
b11 141 267 180 326
b12 17 27 45 88
b13 199 275 256 323
b14 214 137 257 200
b15 389 291 448 343
b16 355 177 391 234
b17 50 202 94 268
b18 0 365 51 413
b19 399 124 449 155
b20 355 140 392 159
b21 144 203 194 267
b22 51 367 100 401
b23 300 339 320 388
b24 271 116 316 144
b25 316 124 355 178
b26 0 413 55 453
b27 328 59 353 124
b28 362 409 401 455
b29 71 52 133 76
b30 272 279 296 305
b31 415 53 441 87
b32 256 226 299 279
b33 367 291 389 326
b34 300 230 327 284
b35 57 268 95 299
b36 41 163 108 202
b37 355 59 415 79
b38 214 114 271 137
b39 300 178 355 230
b40 84 137 113 163
b41 300 284 327 339
b42 152 52 214 105
b43 95 250 141 311
b44 296 391 361 438
b45 256 203 300 226
b46 84 115 123 137
b47 17 228 50 293
b48 0 316 57 343
b49 367 244 432 291
b50 228 0 260 67
b51 271 44 328 82
b52 141 326 195 371
b53 174 155 195 198
b54 204 323 222 384
b55 271 82 327 116
b56 0 0 17 63
b57 355 159 402 177
b58 131 0 165 46
b59 188 400 225 450
b60 17 293 57 316
b61 415 20 438 53
b62 71 0 131 19
b63 244 384 289 420
b64 94 203 144 250
b65 84 311 141 367
b66 17 88 84 149
b67 304 0 344 44
b68 165 0 228 52
b69 17 0 71 27
b70 320 349 362 391
b71 140 371 204 393
b72 222 323 283 384
b73 391 177 452 244
b74 0 186 38 228
b75 133 72 152 100
b76 355 79 388 101
b77 122 393 188 450
b78 362 343 394 379
b79 195 200 255 241
b80 195 105 211 163
b81 327 234 367 284
b82 214 67 271 114
b83 222 384 244 400
b84 344 37 411 59
b85 415 0 440 20
b86 399 87 455 124
b87 355 101 399 140
b88 17 149 41 186
b89 57 299 84 337
b90 244 420 283 453
b91 71 19 127 52
b92 133 46 149 72
b93 327 284 362 349
b94 257 144 298 203
b95 225 400 244 451
b96 108 163 174 203
b97 0 228 17 295
b98 0 343 62 365
b99 394 343 443 409
