235267.25
238607.5
205205
455 451
1.592554
b0 236 300 279 333
b1 343 39 408 76
b2 32 0 85 34
b3 62 187 99 254
b4 0 225 19 254
b5 250 261 299 300
b6 117 135 135 175
b7 142 106 182 128
b8 239 61 301 111
b9 19 225 60 241
b10 240 333 292 351
b11 240 351 279 410
b12 0 115 28 176
b13 23 320 71 377
b14 405 239 448 302
b15 396 187 455 239
b16 158 395 215 431
b17 306 172 372 216
b18 61 380 112 428
b19 239 111 289 142
b20 299 279 336 298
b21 186 248 250 298
b22 134 296 183 330
b23 158 194 178 243
b24 112 384 157 412
b25 142 52 181 106
b26 411 132 451 187
b27 425 0 450 65
b28 112 412 158 451
b29 0 254 24 316
b30 0 423 26 447
b31 306 0 332 34
b32 0 182 53 225
b33 215 395 237 430
b34 332 0 386 27
b35 24 241 62 272
b36 117 257 184 296
b37 219 62 239 122
b38 0 316 23 373
b39 60 135 115 187
b40 386 408 415 434
b41 28 127 55 182
b42 186 0 239 62
b43 0 377 61 423
b44 239 142 304 189
b45 186 169 209 213
b46 386 0 408 39
b47 70 102 135 135
b48 0 58 27 115
b49 408 67 455 132
b50 279 300 346 332
b51 358 234 396 291
b52 132 330 177 384
b53 209 169 230 212
b54 99 187 117 248
b55 292 332 348 366
b56 71 296 134 313
b57 32 71 79 89
b58 301 90 347 124
b59 319 366 356 416
b60 230 189 270 212
b61 104 79 137 102
b62 85 0 104 60
b63 209 212 254 248
b64 186 122 236 169
b65 184 338 240 395
b66 71 313 132 380
b67 254 221 298 261
b68 104 0 167 52
b69 62 254 116 281
b70 304 124 346 166
b71 356 357 378 421
b72 347 76 408 137
b73 239 0 306 61
b74 28 89 70 127
b75 167 0 186 28
b76 306 216 339 238
b77 348 291 405 357
b78 270 189 306 221
b79 117 197 158 257
b80 16 0 32 58
b81 186 298 236 338
b82 405 302 452 359
b83 117 175 133 197
b84 319 421 386 443
b85 79 60 104 80
b86 306 34 343 90
b87 24 281 68 320
b88 32 34 56 71
b89 104 52 142 79
b90 405 359 438 398
b91 186 62 219 118
b92 0 0 16 26
b93 346 137 411 172
b94 299 238 358 279
b95 378 357 397 408
b96 279 366 319 432
b97 408 0 425 67
b98 372 172 394 234
b99 135 128 184 194
