231458.59375
234224
206570
455 454
3.547282
b0 0 56 33 99
b1 299 197 364 234
b2 173 347 226 381
b3 0 291 67 328
b4 116 310 145 329
b5 239 0 288 39
b6 60 149 78 189
b7 0 158 40 180
b8 177 0 239 50
b9 108 87 149 103
b10 173 381 225 399
b11 331 105 370 164
b12 271 190 299 251
b13 51 63 108 111
b14 57 0 100 63
b15 370 117 429 169
b16 116 274 173 310
b17 410 19 454 85
b18 158 89 209 137
b19 195 172 245 203
b20 288 0 325 19
b21 131 160 195 210
b22 209 102 258 136
b23 227 354 276 374
b24 323 271 368 299
b25 109 329 163 368
b26 42 398 82 453
b27 430 117 455 182
b28 381 391 420 437
b29 299 234 323 296
b30 136 428 162 452
b31 249 288 283 314
b32 206 243 249 296
b33 235 80 270 102
b34 173 210 227 237
b35 289 390 320 428
b36 168 50 235 89
b37 108 67 168 87
b38 430 182 453 239
b39 60 190 115 242
b40 290 428 319 454
b41 109 368 136 423
b42 0 328 62 381
b43 0 245 61 291
b44 379 300 444 347
b45 420 369 443 413
b46 381 369 420 391
b47 173 237 206 302
b48 131 103 158 160
b49 345 36 410 83
b50 260 158 327 190
b51 370 169 427 207
b52 173 302 227 347
b53 100 0 121 43
b54 33 56 51 117
b55 289 356 345 390
b56 61 242 124 259
b57 239 62 286 80
b58 121 33 167 67
b59 249 251 299 288
b60 239 39 279 62
b61 331 164 354 197
b62 152 368 171 428
b63 345 0 390 36
b64 62 328 109 378
b65 0 0 57 56
b66 270 91 331 158
b67 227 203 271 243
b68 226 374 289 426
b69 82 378 109 432
b70 131 232 173 274
b71 226 428 290 450
b72 320 390 381 451
b73 379 239 446 300
b74 0 398 42 436
b75 390 0 418 19
b76 131 210 164 232
b77 288 25 345 91
b78 410 85 446 117
b79 0 180 60 221
b80 136 368 152 426
b81 78 150 128 190
b82 293 299 340 356
b83 40 158 56 180
b84 379 347 446 369
b85 325 0 345 25
b86 323 234 379 271
b87 87 111 131 150
b88 0 221 37 245
b89 60 111 87 149
b90 171 399 210 432
b91 121 0 177 33
b92 145 310 171 326
b93 195 137 260 172
b94 0 117 59 158
b95 379 207 430 226
b96 227 314 293 354
b97 0 381 67 398
b98 345 83 407 105
b99 67 259 116 325
