2031174.75
3156157.5
906192
232 3906
827.394815
b0 46 3709 73 3724
b1 164 0 191 16
b2 174 2545 196 2571
b3 87 1449 108 1494
b4 143 53 183 98
b5 169 276 185 302
b6 80 3252 118 3279
b7 65 3429 100 3458
b8 112 598 133 634
b9 61 2000 105 2025
b10 111 2289 126 2320
b11 27 1515 68 1539
b12 99 2959 116 2978
b13 76 2760 109 2808
b14 107 1150 151 1171
b15 139 1784 173 1799
b16 151 1900 196 1942
b17 94 1535 135 1572
b18 88 2589 131 2633
b19 87 1684 123 1707
b20 94 874 107 891
b21 30 3806 58 3850
b22 59 2977 94 3006
b23 146 2403 186 2420
b24 177 353 195 377
b25 115 123 144 166
b26 62 3279 89 3297
b27 159 1664 197 1704
b28 22 3709 46 3721
b29 42 2413 71 2443
b30 42 3077 62 3105
b31 78 1339 110 1375
b32 122 1294 141 1316
b33 186 1955 231 2001
b34 113 1027 142 1039
b35 103 0 115 26
b36 71 2394 98 2424
b37 111 2320 123 2349
b38 187 916 208 935
b39 143 815 155 828
b40 171 510 190 557
b41 90 842 126 861
b42 124 1495 170 1520
b43 138 2696 177 2717
b44 55 2025 82 2049
b45 124 671 148 696
b46 94 861 113 874
b47 85 1409 127 1449
b48 94 3279 122 3313
b49 195 338 219 386
b50 68 1527 87 1541
b51 123 2273 137 2289
b52 96 3458 133 3476
b53 44 3219 80 3231
b54 0 3752 30 3786
b55 71 2633 97 2664
b56 0 3721 46 3752
b57 102 2149 149 2197
b58 59 2904 84 2929
b59 91 2696 138 2734
b60 68 1822 107 1838
b61 155 832 186 877
b62 73 3627 119 3663
b63 123 1664 159 1710
b64 151 652 184 667
b65 98 2333 111 2356
b66 60 2161 102 2206
b67 189 80 203 113
b68 39 2087 67 2132
b69 82 2025 118 2052
b70 39 1567 55 1612
b71 85 3006 119 3038
b72 107 3147 139 3162
b73 111 2230 123 2276
b74 125 543 168 577
b75 24 3105 44 3142
b76 98 2425 137 2461
b77 59 2959 99 2977
b78 0 2413 42 2429
b79 104 1959 144 1984
b80 129 800 165 815
b81 122 3196 137 3228
b82 93 2206 132 2230
b83 101 1852 138 1893
b84 61 3357 95 3395
b85 124 757 158 800
b86 68 3147 107 3191
b87 139 1616 184 1664
b88 124 2545 153 2589
b89 43 3628 63 3670
b90 128 2633 174 2657
b91 70 2846 113 2867
b92 94 1616 139 1663
b93 55 3503 75 3527
b94 84 2940 115 2959
b95 84 3065 128 3102
b96 125 510 171 543
b97 54 861 94 876
b98 49 2323 62 2358
b99 155 815 195 832
b100 78 1294 122 1339
b101 103 288 133 324
b102 183 302 223 338
b103 107 1039 141 1073
b104 61 1946 103 1960
b105 80 3219 115 3252
b106 27 1539 39 1572
b107 107 1822 139 1837
b108 98 2356 135 2394
b109 124 1449 166 1495
b110 90 800 129 842
b111 151 607 164 628
b112 143 98 173 123
b113 144 159 180 183
b114 90 634 124 678
b115 90 678 124 700
b116 105 2498 133 2517
b117 57 3527 96 3548
b118 94 1195 138 1233
b119 84 3102 112 3147
b120 84 2904 120 2940
b121 150 1862 184 1900
b122 118 396 161 416
b123 137 970 160 1006
b124 133 3228 164 3263
b125 123 1710 169 1752
b126 27 2174 49 2186
b127 24 3313 49 3356
b128 139 302 183 330
b129 27 2358 61 2380
b130 94 1494 124 1520
b131 164 607 212 652
b132 41 3670 59 3709
b133 55 2778 70 2821
b134 104 1912 138 1959
b135 124 1520 169 1535
b136 73 3663 110 3675
b137 143 0 164 28
b138 68 3191 110 3219
b139 186 404 222 441
b140 49 3337 61 3380
b141 141 1105 160 1150
b142 124 634 151 671
b143 44 3105 68 3130
b144 103 324 118 364
b145 169 231 182 276
b146 105 1233 153 1266
b147 128 2959 158 3001
b148 46 3724 64 3744
b149 57 3581 104 3603
b150 113 933 136 964
b151 44 3231 62 3273
b152 146 2420 162 2439
b153 24 3429 65 3459
b154 119 3581 141 3598
b155 85 3038 110 3052
b156 103 1984 131 2000
b157 43 3603 63 3628
b158 180 1942 203 1955
b159 108 1752 152 1784
b160 27 0 54 16
b161 133 2498 179 2545
b162 155 462 186 480
b163 133 347 166 369
b164 55 2697 91 2738
b165 139 330 160 347
b166 107 1073 141 1109
b167 46 3744 82 3781
b168 166 1231 190 1272
b169 136 2364 160 2403
b170 115 205 144 250
b171 0 2468 22 2508
b172 0 0 27 13
b173 190 1231 215 1263
b174 44 3297 87 3313
b175 94 1171 109 1187
b176 76 2808 109 2846
b177 105 2461 146 2498
b178 24 3473 41 3492
b179 49 3395 95 3429
b180 103 416 122 456
b181 148 671 178 699
b182 49 3313 94 3337
b183 60 2206 93 2245
b184 141 1039 187 1064
b185 78 1233 105 1267
b186 54 1375 85 1408
b187 103 250 139 288
b188 42 3037 79 3077
b189 37 3850 81 3862
b190 183 53 220 80
b191 115 3162 131 3196
b192 60 2245 89 2293
b193 96 3476 129 3493
b194 166 1272 194 1285
b195 27 2161 60 2174
b196 141 1064 182 1105
b197 195 652 232 680
b198 102 2130 150 2149
b199 61 2358 92 2394
b200 55 2867 98 2904
b201 39 2132 65 2161
b202 71 2461 105 2500
b203 126 2289 141 2317
b204 87 3548 128 3581
b205 107 1837 128 1852
b206 55 2052 97 2087
b207 105 1266 138 1294
b208 97 2633 124 2653
b209 144 123 189 159
b210 63 3603 76 3627
b211 135 1535 151 1547
b212 22 3554 43 3596
b213 164 39 196 53
b214 71 2500 88 2527
b215 94 1663 123 1684
b216 119 2940 161 2959
b217 124 709 144 757
b218 112 456 155 471
b219 162 877 190 895
b220 113 861 143 898
b221 42 2443 55 2488
b222 30 3781 64 3806
b223 143 905 165 924
b224 136 1006 181 1027
b225 87 1784 134 1822
b226 120 2773 159 2789
b227 135 2332 148 2364
b228 105 2517 126 2537
b229 155 183 179 231
b230 27 2380 57 2413
b231 154 577 170 607
b232 182 159 224 182
b233 85 1375 101 1388
b234 54 1449 87 1467
b235 155 416 177 462
b236 109 2734 136 2773
b237 55 2738 76 2778
b238 128 2657 155 2696
b239 115 183 155 205
b240 64 3724 87 3743
b241 100 3357 113 3381
b242 90 456 112 496
b243 0 3850 37 3884
b244 91 2664 128 2677
b245 88 2537 124 2561
b246 94 3313 117 3357
b247 191 0 227 39
b248 42 3006 85 3037
b249 22 3527 57 3554
b250 101 1375 132 1409
b251 61 1912 104 1946
b252 143 877 162 905
b253 124 696 139 709
b254 54 876 78 889
b255 144 699 191 738
b256 87 1707 108 1720
b257 42 2904 59 2937
b258 153 1197 197 1231
b259 68 1515 94 1527
b260 22 3596 41 3608
b261 65 3458 77 3503
b262 54 1467 81 1515
b263 137 924 184 970
b264 64 3781 109 3804
b265 135 2317 180 2332
b266 170 1285 215 1333
b267 135 1577 169 1616
b268 138 1837 160 1862
b269 177 386 214 404
b270 166 338 189 353
b271 109 1171 151 1195
b272 113 898 137 933
b273 49 2293 70 2323
b274 184 895 217 916
b275 39 1539 61 1567
b276 24 3459 55 3473
b277 151 1150 163 1197
b278 151 1535 164 1577
b279 67 2087 106 2130
b280 0 3884 31 3906
b281 139 250 169 268
b282 155 480 199 510
b283 112 471 125 486
b284 57 3548 87 3569
b285 71 2664 84 2697
b286 54 0 90 41
b287 112 577 154 598
b288 115 0 143 36
b289 68 1838 101 1875
b290 68 3077 84 3104
b291 123 2230 151 2273
b292 0 2429 24 2468
b293 68 1893 111 1912
b294 91 2734 108 2760
b295 79 3052 122 3065
b296 133 369 149 396
b297 98 2394 136 2425
b298 70 2293 103 2333
b299 90 0 103 13
