2231087.5
3298338
1163837
307 3791
638.668435
b0 71 1738 98 1753
b1 183 349 210 365
b2 42 3041 64 3067
b3 123 2076 144 2121
b4 54 2003 94 2048
b5 35 2878 51 2904
b6 269 0 307 27
b7 34 3602 69 3631
b8 34 3538 55 3574
b9 103 2827 147 2852
b10 99 1900 114 1931
b11 228 0 269 24
b12 39 2820 56 2839
b13 121 861 154 909
b14 54 1982 98 2003
b15 160 0 194 15
b16 74 1586 119 1628
b17 64 3060 105 3097
b18 58 2317 101 2361
b19 152 296 188 319
b20 22 3662 35 3679
b21 194 22 222 66
b22 74 1628 109 1657
b23 61 1279 101 1296
b24 56 1478 74 1502
b25 107 414 136 457
b26 177 481 204 499
b27 132 1301 170 1341
b28 68 2379 92 2391
b29 144 1632 173 1662
b30 140 0 160 28
b31 70 3538 102 3574
b32 93 3211 112 3233
b33 54 1936 99 1982
b34 136 504 165 516
b35 143 478 155 504
b36 228 24 255 54
b37 140 65 152 94
b38 121 1632 142 1651
b39 107 640 119 653
b40 122 1422 141 1469
b41 132 1387 168 1406
b42 154 1422 200 1447
b43 134 683 173 704
b44 35 3662 62 3686
b45 106 2876 130 2901
b46 194 141 213 154
b47 0 3751 42 3791
b48 68 2445 96 2479
b49 98 1982 122 2030
b50 125 1024 144 1038
b51 107 624 121 640
b52 157 1088 194 1106
b53 105 3060 141 3072
b54 31 0 61 34
b55 13 2607 39 2638
b56 58 2048 104 2079
b57 121 909 168 957
b58 31 34 56 59
b59 98 3133 145 3171
b60 15 3372 54 3388
b61 133 1126 164 1171
b62 86 1322 132 1358
b63 104 2030 140 2076
b64 42 3357 75 3372
b65 42 3067 55 3090
b66 58 2960 100 3005
b67 173 220 187 253
b68 170 1315 198 1360
b69 107 387 143 414
b70 170 1270 186 1315
b71 211 374 245 406
b72 193 462 225 477
b73 147 1341 159 1387
b74 31 3504 74 3538
b75 140 28 160 65
b76 64 3005 103 3041
b77 123 2121 163 2139
b78 122 1406 164 1422
b79 143 387 183 412
b80 111 2139 147 2154
b81 152 319 167 351
b82 173 723 212 747
b83 84 3360 121 3401
b84 123 1088 157 1126
b85 58 2165 92 2208
b86 71 1753 110 1797
b87 51 2878 96 2926
b88 61 42 90 86
b89 58 2208 78 2250
b90 55 3578 101 3602
b91 39 2857 82 2878
b92 97 2584 142 2631
b93 103 2852 123 2876
b94 92 2079 123 2098
b95 92 2408 136 2445
b96 13 3008 59 3041
b97 83 3196 123 3211
b98 102 2659 115 2694
b99 96 2361 136 2378
b100 155 638 199 683
b101 203 564 233 600
b102 50 1900 90 1936
b103 172 530 206 564
b104 89 2479 131 2493
b105 66 1867 101 1900
b106 130 1651 142 1684
b107 222 54 254 69
b108 93 1797 130 1835
b109 119 1586 161 1632
b110 210 477 249 519
b111 121 641 134 662
b112 136 2435 166 2460
b113 236 69 272 93
b114 58 2273 92 2317
b115 34 2361 68 2383
b116 61 86 89 105
b117 97 2563 136 2584
b118 55 2697 99 2735
b119 183 374 211 419
b120 55 3287 91 3323
b121 160 119 194 157
b122 89 1213 132 1233
b123 130 2855 153 2891
b124 152 2217 183 2252
b125 61 0 107 42
b126 99 1685 121 1697
b127 92 2273 117 2316
b128 69 3602 113 3630
b129 194 0 228 22
b130 194 69 224 95
b131 115 2659 163 2704
b132 0 3588 18 3627
b133 160 459 175 502
b134 143 412 177 459
b135 165 502 210 517
b136 154 861 191 873
b137 56 1657 77 1685
b138 34 2479 76 2507
b139 56 2820 92 2857
b140 183 419 195 462
b141 31 59 50 104
b142 54 3439 81 3476
b143 22 3686 46 3711
b144 55 3538 70 3578
b145 160 187 173 232
b146 155 605 203 638
b147 130 1171 160 1213
b148 92 2126 110 2146
b149 203 187 250 209
b150 78 2242 101 2273
b151 106 2901 124 2943
b152 177 462 193 481
b153 96 2378 137 2408
b154 56 1685 78 1702
b155 203 209 228 223
b156 114 1867 142 1883
b157 109 1561 129 1586
b158 90 1001 113 1014
b159 93 1835 137 1867
b160 96 1487 123 1503
b161 234 209 280 256
b162 90 653 121 671
b163 101 1279 134 1301
b164 55 2735 91 2776
b165 121 624 142 641
b166 145 804 179 840
b167 136 530 172 567
b168 210 309 234 350
b169 145 2891 169 2930
b170 142 2460 171 2505
b171 18 3711 40 3751
b172 98 1738 125 1751
b173 98 1247 123 1279
b174 160 253 203 269
b175 99 1697 114 1713
b176 136 567 169 605
b177 130 1233 171 1270
b178 143 459 160 478
b179 42 3323 88 3357
b180 123 1521 142 1561
b181 54 3372 84 3400
b182 160 95 205 119
b183 107 0 140 39
b184 98 3171 144 3196
b185 81 3416 108 3450
b186 205 95 236 128
b187 47 2127 83 2165
b188 121 3211 158 3251
b189 78 2776 122 2788
b190 160 269 197 296
b191 15 3409 31 3443
b192 125 957 154 1005
b193 90 984 123 1001
b194 165 517 193 530
b195 188 296 221 309
b196 150 2704 191 2745
b197 77 1657 114 1685
b198 107 605 155 624
b199 0 0 31 36
b200 68 2526 111 2563
b201 150 2745 176 2774
b202 134 765 168 804
b203 0 3076 15 3104
b204 89 1159 130 1192
b205 13 2111 34 2126
b206 0 3041 42 3076
b207 97 2631 130 2659
b208 31 2048 58 2068
b209 64 3097 109 3133
b210 0 36 13 60
b211 62 2776 78 2788
b212 186 1106 207 1148
b213 98 1233 130 1247
b214 134 704 151 731
b215 179 765 208 786
b216 64 3041 106 3060
b217 58 2079 78 2127
b218 191 1447 234 1462
b219 68 2361 96 2379
b220 88 3323 118 3360
b221 89 1014 102 1059
b222 0 3538 34 3563
b223 102 1140 124 1159
b224 61 1301 106 1322
b225 55 2659 102 2697
b226 140 351 179 367
b227 62 2788 75 2820
b228 140 367 161 387
b229 121 804 145 852
b230 173 187 203 220
b231 31 2081 47 2111
b232 55 2586 97 2609
b233 31 2068 47 2081
b234 105 1469 138 1487
b235 55 3210 77 3256
b236 115 2154 142 2193
b237 50 1702 71 1742
b238 54 3400 81 3439
b239 56 1456 96 1478
b240 125 1005 148 1024
b241 96 1545 109 1569
b242 13 2638 35 2678
b243 78 2208 115 2242
b244 61 1233 98 1246
b245 136 2193 172 2217
b246 39 2776 62 2820
b247 99 2726 135 2765
b248 34 3631 77 3662
b249 90 957 125 984
b250 123 1487 154 1521
b251 55 3133 98 3167
b252 92 2098 111 2126
b253 132 1341 147 1354
b254 201 786 225 799
b255 103 2788 150 2827
b256 205 128 226 141
b257 76 2493 93 2526
b258 35 2926 79 2960
b259 164 1406 190 1418
b260 86 1399 105 1411
b261 86 1411 98 1456
b262 148 1040 175 1088
b263 154 957 201 1003
b264 34 2563 79 2586
b265 45 3489 90 3504
b266 13 2960 58 3008
b267 34 2507 68 2546
b268 0 3563 22 3588
b269 151 747 188 765
b270 31 1936 54 1951
b271 210 350 252 374
b272 88 3450 112 3485
b273 179 319 200 349
b274 145 840 178 861
b275 147 2827 169 2855
b276 102 1126 133 1140
b277 15 3443 27 3490
b278 96 1503 109 1545
b279 99 1931 138 1974
b280 102 2704 133 2726
b281 56 1322 86 1340
b282 160 157 204 187
b283 84 3401 97 3416
b284 15 3388 45 3409
b285 42 3090 55 3123
b286 86 1358 122 1399
b287 13 2586 55 2607
b288 71 1702 99 1738
b289 154 1003 187 1040
b290 50 1816 66 1843
b291 55 3167 83 3210
b292 34 2165 58 2204
b293 50 1797 93 1816
b294 173 683 190 709
b295 45 3476 88 3489
b296 136 2408 152 2435
b297 55 3256 93 3287
b298 190 683 223 723
b299 76 2479 89 2492
