797903
808674.5
700960
337 2080
13.085095
b0 68 1474 111 1507
b1 192 173 257 210
b2 130 1264 183 1298
b3 27 1349 64 1416
b4 189 556 218 575
b5 47 1300 86 1349
b6 101 1757 141 1775
b7 42 1450 64 1490
b8 153 0 203 62
b9 91 760 107 801
b10 68 1349 86 1401
b11 113 1177 152 1236
b12 89 618 150 646
b13 89 646 137 703
b14 194 443 257 486
b15 64 1541 123 1593
b16 120 416 156 473
b17 86 1300 130 1366
b18 150 874 198 925
b19 197 315 228 365
b20 300 0 337 19
b21 27 703 91 753
b22 203 139 252 173
b23 86 1615 106 1664
b24 89 1236 134 1264
b25 153 276 207 315
b26 88 1664 143 1704
b27 239 46 264 111
b28 50 1227 89 1273
b29 128 556 152 618
b30 120 473 144 499
b31 42 1416 68 1450
b32 91 990 134 1043
b33 183 1141 205 1176
b34 0 1773 27 1827
b35 89 22 120 60
b36 153 62 192 129
b37 52 1671 72 1731
b38 120 22 143 79
b39 0 1671 52 1726
b40 203 32 229 61
b41 0 0 27 55
b42 27 0 89 53
b43 239 0 300 46
b44 101 1884 166 1931
b45 27 803 50 847
b46 27 1992 66 2014
b47 153 243 218 276
b48 156 416 213 443
b49 107 925 154 990
b50 123 1541 190 1573
b51 91 703 129 760
b52 143 315 197 360
b53 107 874 150 895
b54 218 486 236 547
b55 143 360 177 416
b56 86 1366 103 1429
b57 257 111 275 158
b58 67 1177 113 1211
b59 134 990 184 1027
b60 218 210 258 233
b61 150 618 183 641
b62 105 1158 165 1177
b63 86 1429 122 1474
b64 0 1726 50 1773
b65 91 1043 148 1099
b66 52 1823 119 1884
b67 42 1615 86 1655
b68 129 811 181 874
b69 50 1273 104 1300
b70 0 1416 42 1458
b71 89 0 153 22
b72 50 1931 111 1992
b73 176 744 237 811
b74 146 1099 184 1141
b75 229 111 248 139
b76 192 210 214 243
b77 128 499 194 556
b78 203 0 239 32
b79 129 703 189 744
b80 72 1664 88 1722
b81 27 753 67 803
b82 129 744 176 801
b83 67 1211 89 1227
b84 64 1593 131 1615
b85 27 847 47 872
b86 189 575 245 612
b87 89 499 128 543
b88 68 1507 105 1531
b89 67 1099 105 1126
b90 128 1366 167 1399
b91 130 1298 186 1331
b92 42 1655 68 1671
b93 72 1722 137 1757
b94 105 1099 146 1158
b95 50 1884 101 1903
b96 0 2014 40 2080
b97 111 1474 128 1541
b98 103 1366 125 1428
b99 52 1757 101 1823
