310544.5
419937
201152
449 448
140.418767
b0 231 387 247 423
b1 232 16 251 55
b2 278 0 319 35
b3 397 261 444 279
b4 338 257 364 289
b5 203 156 238 187
b6 309 282 322 311
b7 98 162 126 183
b8 20 243 35 275
b9 263 278 309 312
b10 404 69 449 101
b11 30 373 66 387
b12 67 395 109 431
b13 136 0 181 48
b14 52 153 77 168
b15 30 285 75 331
b16 329 80 351 98
b17 161 420 194 446
b18 181 0 215 19
b19 126 172 156 184
b20 326 356 359 384
b21 338 289 382 328
b22 349 98 388 124
b23 177 346 217 371
b24 52 197 77 212
b25 361 203 397 239
b26 16 33 59 58
b27 0 395 15 429
b28 217 260 263 298
b29 51 411 63 448
b30 328 328 355 345
b31 194 432 231 448
b32 379 0 411 23
b33 117 79 153 97
b34 330 171 349 209
b35 403 36 418 69
b36 205 299 217 327
b37 75 312 96 328
b38 247 387 273 420
b39 277 112 307 154
b40 131 257 159 298
b41 322 282 338 298
b42 112 48 156 67
b43 397 227 437 261
b44 105 347 121 374
b45 16 58 53 72
b46 364 32 379 80
b47 30 331 53 345
b48 128 233 154 257
b49 43 113 74 153
b50 198 390 231 432
b51 132 298 159 346
b52 105 310 132 347
b53 203 132 220 150
b54 382 282 398 325
b55 403 23 449 36
b56 263 358 288 380
b57 75 0 123 19
b58 388 101 429 120
b59 157 103 203 149
b60 212 102 247 132
b61 41 0 75 33
b62 68 350 105 395
b63 217 16 232 51
b64 80 233 128 280
b65 98 280 131 310
b66 183 268 214 299
b67 362 356 399 400
b68 27 411 51 446
b69 258 149 277 187
b70 244 149 258 185
b71 362 400 396 442
b72 397 193 430 227
b73 42 212 80 230
b74 330 124 359 142
b75 75 285 98 312
b76 53 331 67 343
b77 0 182 24 198
b78 54 242 80 285
b79 180 371 217 390
b80 146 420 161 434
b81 0 162 32 182
b82 203 187 235 220
b83 68 331 105 350
b84 273 398 316 435
b85 277 154 325 191
b86 220 132 244 156
b87 275 93 320 112
b88 247 93 275 136
b89 288 371 323 383
b90 80 117 104 162
b91 355 328 399 356
b92 379 23 403 65
b93 74 80 117 101
b94 364 16 379 32
b95 295 47 320 83
b96 269 191 294 236
b97 181 44 209 69
b98 74 101 100 117
b99 32 162 52 199
b100 263 331 288 358
b101 0 72 40 120
b102 288 346 326 371
b103 148 388 180 420
b104 294 191 330 216
b105 217 356 259 387
b106 117 199 156 233
b107 0 0 16 45
b108 183 256 216 268
b109 330 159 352 171
b110 0 335 23 379
b111 364 80 377 98
b112 217 298 263 316
b113 364 239 392 282
b114 109 388 148 407
b115 109 407 146 437
b116 80 190 117 232
b117 30 387 67 411
b118 398 279 433 318
b119 396 120 420 156
b120 156 179 201 194
b121 396 400 428 445
b122 157 149 200 179
b123 121 347 134 382
b124 217 316 256 329
b125 80 162 98 190
b126 30 345 68 373
b127 0 297 24 319
b128 104 101 140 126
b129 316 398 362 442
b130 159 194 203 239
b131 75 19 111 39
b132 340 0 378 16
b133 399 379 411 393
b134 388 69 404 98
b135 117 184 154 199
b136 330 98 349 122
b137 180 390 198 412
b138 0 275 30 297
b139 81 39 112 72
b140 342 16 358 28
b141 294 216 328 241
b142 217 329 263 356
b143 251 47 295 93
b144 52 168 77 197
b145 235 187 269 232
b146 104 126 137 160
b147 126 160 157 172
b148 181 239 206 256
b149 320 31 342 53
b150 231 423 261 436
b151 0 319 27 335
b152 40 80 73 113
b153 15 395 27 435
b154 0 199 42 243
b155 247 136 259 149
b156 35 243 54 285
b157 278 35 320 47
b158 330 142 358 159
b159 159 263 183 299
b160 112 67 148 79
b161 193 69 212 100
b162 263 260 293 272
b163 159 299 205 346
b164 206 220 233 252
b165 328 216 361 257
b166 42 230 78 242
b167 315 384 362 398
b168 293 241 318 278
b169 349 175 395 203
b170 256 0 278 45
b171 359 140 393 175
b172 16 0 41 31
b173 307 112 329 154
b174 318 257 338 282
b175 231 436 265 448
b176 0 379 20 395
b177 319 0 340 31
b178 399 318 419 334
b179 399 334 440 379
b180 263 312 284 331
b181 273 383 315 398
b182 320 68 353 80
b183 359 124 396 140
b184 137 141 157 160
b185 140 97 153 141
b186 123 0 136 48
b187 159 239 181 263
b188 233 236 273 260
b189 0 243 20 274
b190 156 69 193 103
b191 397 156 439 193
b192 53 58 81 80
b193 0 120 43 162
b194 134 346 177 388
b195 181 19 217 44
b196 217 0 256 16
b197 212 55 247 102
b198 342 28 364 68
b199 288 312 328 346
