422322.5
422322.5
201600
450 448
44.323433
b0 375 118 391 154
b1 0 181 39 200
b2 384 53 425 88
b3 272 352 290 399
b4 210 131 236 163
b5 408 277 443 308
b6 251 139 280 152
b7 290 355 311 383
b8 124 367 139 399
b9 391 118 437 152
b10 110 0 155 32
b11 414 345 450 359
b12 234 254 276 290
b13 287 56 332 104
b14 110 94 135 109
b15 278 278 323 324
b16 377 0 399 18
b17 334 355 367 381
b18 163 330 182 364
b19 287 126 317 138
b20 337 319 365 352
b21 153 181 192 225
b22 278 157 317 183
b23 31 417 71 442
b24 236 126 251 151
b25 241 198 277 234
b26 60 242 85 285
b27 0 237 15 271
b28 240 152 278 198
b29 0 225 37 237
b30 141 32 168 49
b31 83 420 120 436
b32 41 363 73 386
b33 158 49 176 85
b34 332 61 351 99
b35 167 296 182 329
b36 215 302 227 330
b37 135 94 156 110
b38 367 197 400 223
b39 384 88 426 118
b40 125 154 153 195
b41 45 44 61 60
b42 278 183 322 202
b43 408 243 448 277
b44 262 290 278 317
b45 192 215 206 252
b46 362 0 377 48
b47 311 355 334 369
b48 176 67 200 93
b49 28 386 68 417
b50 278 245 320 278
b51 110 67 158 94
b52 124 330 151 367
b53 193 131 210 149
b54 110 110 153 126
b55 255 62 268 108
b56 182 336 207 358
b57 69 75 88 123
b58 91 0 110 41
b59 41 317 87 363
b60 27 138 62 168
b61 156 403 190 436
b62 65 193 110 230
b63 126 32 141 67
b64 105 241 153 288
b65 176 37 209 67
b66 255 108 286 139
b67 368 245 405 289
b68 153 225 177 260
b69 334 381 372 400
b70 69 123 83 159
b71 0 32 34 74
b72 182 302 215 336
b73 27 75 65 93
b74 286 16 315 34
b75 139 367 166 390
b76 351 85 365 97
b77 271 399 287 423
b78 323 293 366 319
b79 207 0 226 37
b80 110 215 125 229
b81 241 234 273 254
b82 321 407 353 440
b83 91 99 110 136
b84 367 154 404 197
b85 238 0 286 37
b86 342 225 366 249
b87 268 62 287 107
b88 110 126 153 154
b89 151 330 163 365
b90 15 237 60 261
b91 0 373 28 417
b92 88 288 130 312
b93 86 399 129 420
b94 110 199 125 215
b95 332 25 357 61
b96 227 317 272 342
b97 234 290 262 315
b98 110 32 126 58
b99 27 93 47 130
b100 0 120 27 145
b101 192 163 240 203
b102 324 0 362 25
b103 226 413 258 445
b104 238 37 274 62
b105 295 324 337 355
b106 375 411 414 445
b107 43 285 88 301
b108 153 284 186 296
b109 384 18 396 40
b110 39 168 62 212
b111 274 37 292 50
b112 280 139 326 157
b113 365 327 408 355
b114 207 336 226 375
b115 197 272 234 302
b116 372 374 414 411
b117 290 383 327 407
b118 153 146 192 181
b119 399 0 423 36
b120 110 154 125 199
b121 0 0 45 32
b122 0 273 43 303
b123 139 390 174 403
b124 226 400 265 413
b125 37 212 65 230
b126 86 368 124 396
b127 0 145 24 167
b128 88 312 124 337
b129 329 109 375 153
b130 323 249 368 293
b131 85 242 105 278
b132 286 0 324 16
b133 192 203 206 215
b134 140 403 156 432
b135 200 67 215 104
b136 365 85 384 109
b137 91 136 109 158
b138 166 364 196 386
b139 87 337 120 368
b140 91 83 103 99
b141 342 191 367 225
b142 0 74 27 120
b143 45 0 91 44
b144 0 200 29 225
b145 322 157 367 191
b146 190 411 224 444
b147 71 411 83 442
b148 172 267 197 284
b149 278 202 300 224
b150 0 168 30 181
b151 414 359 441 375
b152 288 407 321 440
b153 15 261 55 273
b154 227 358 271 400
b155 158 85 171 97
b156 367 355 409 374
b157 91 41 103 83
b158 278 324 295 352
b159 215 62 251 86
b160 226 0 238 36
b161 0 417 31 436
b162 258 423 288 435
b163 400 197 447 243
b164 199 104 231 131
b165 158 97 199 130
b166 31 303 67 315
b167 155 0 202 14
b168 357 48 382 85
b169 125 195 153 241
b170 47 93 69 138
b171 366 293 401 327
b172 0 303 31 328
b173 287 104 329 126
b174 366 225 391 245
b175 156 436 190 448
b176 67 301 87 317
b177 61 44 82 75
b178 120 420 140 436
b179 0 328 41 373
b180 153 260 172 281
b181 177 225 192 267
b182 65 230 98 242
b183 156 130 193 146
b184 278 224 298 243
b185 384 40 428 53
b186 73 363 86 411
b187 353 411 375 435
b188 231 86 255 126
b189 176 14 207 34
b190 130 296 167 330
b191 408 308 450 345
b192 206 250 234 272
b193 300 202 342 245
b194 404 152 446 195
b195 190 386 226 411
b196 227 342 266 358
b197 206 203 241 250
b198 292 34 332 56
b199 69 159 109 193
