226096.34375
228316.5
206115
453 455
2.764055
b0 83 0 116 43
b1 348 0 413 37
b2 67 376 101 429
b3 0 413 67 450
b4 0 111 29 130
b5 116 0 155 49
b6 237 66 255 106
b7 53 194 93 216
b8 250 216 312 266
b9 355 362 396 378
b10 57 138 75 190
b11 49 216 88 275
b12 93 280 154 308
b13 396 350 453 398
b14 154 226 197 289
b15 384 145 443 197
b16 251 115 308 151
b17 317 284 383 328
b18 250 327 298 378
b19 322 185 372 216
b20 376 260 413 279
b21 145 49 195 113
b22 0 202 49 236
b23 376 240 425 260
b24 101 89 129 134
b25 197 109 251 148
b26 90 49 145 89
b27 384 197 449 222
b28 386 398 425 444
b29 154 291 216 315
b30 27 60 53 84
b31 355 328 381 362
b32 197 248 250 291
b33 322 47 344 82
b34 0 24 27 78
b35 186 389 217 427
b36 195 0 234 67
b37 37 0 57 60
b38 250 378 307 401
b39 18 275 70 330
b40 67 429 96 455
b41 186 428 241 455
b42 131 315 193 368
b43 70 308 131 354
b44 283 0 348 47
b45 29 111 52 155
b46 101 376 123 415
b47 129 113 194 146
b48 0 330 57 357
b49 384 98 449 145
b50 255 83 322 115
b51 317 328 355 385
b52 322 239 376 284
b53 155 0 176 43
b54 384 222 445 240
b55 75 138 109 194
b56 123 376 186 393
b57 0 274 18 321
b58 197 214 243 248
b59 250 401 300 438
b60 322 216 362 239
b61 322 82 345 115
b62 383 279 443 298
b63 348 118 384 163
b64 0 155 50 202
b65 0 357 57 413
b66 250 266 317 327
b67 308 115 348 159
b68 383 298 446 350
b69 193 362 247 389
b70 195 67 237 109
b71 67 354 131 376
b72 123 393 184 454
b73 348 37 415 98
b74 0 236 42 274
b75 176 0 195 28
b76 153 204 186 226
b77 307 385 364 451
b78 109 146 141 182
b79 93 198 153 239
b80 181 146 197 204
b81 141 146 181 196
b82 193 315 250 362
b83 109 182 131 198
b84 364 378 386 445
b85 348 98 373 118
b86 285 159 322 215
b87 57 99 101 138
b88 0 0 37 24
b89 0 84 38 111
b90 217 389 250 428
b91 57 43 90 99
b92 57 0 83 16
b93 250 151 285 216
b94 93 239 152 280
b95 298 327 317 378
b96 197 148 237 214
b97 255 66 322 83
b98 322 163 384 185
b99 234 0 283 66
