406637
406637
201600
450 448
126.309162
b0 239 290 275 306
b1 204 206 223 245
b2 239 255 280 290
b3 402 266 449 284
b4 214 13 246 39
b5 377 233 412 264
b6 377 185 406 198
b7 0 119 21 147
b8 15 381 47 396
b9 141 192 187 226
b10 61 343 93 388
b11 102 50 138 64
b12 55 27 97 63
b13 232 162 280 207
b14 179 258 204 273
b15 280 139 326 184
b16 179 240 201 258
b17 293 184 326 210
b18 239 306 273 325
b19 248 81 260 111
b20 367 386 395 419
b21 338 188 377 232
b22 294 359 333 385
b23 79 253 119 278
b24 232 207 257 222
b25 304 250 340 286
b26 44 148 87 173
b27 0 354 15 388
b28 198 59 244 97
b29 0 42 37 54
b30 181 79 198 106
b31 223 255 239 292
b32 44 412 76 435
b33 203 292 239 310
b34 354 297 392 316
b35 338 173 371 188
b36 374 284 402 296
b37 137 388 158 404
b38 341 398 367 431
b39 149 276 179 318
b40 244 53 285 81
b41 187 224 203 240
b42 204 245 223 289
b43 304 210 338 250
b44 258 37 285 53
b45 47 361 61 398
b46 360 134 408 149
b47 324 33 347 47
b48 93 314 119 338
b49 0 54 31 94
b50 349 22 391 55
b51 119 318 167 345
b52 391 42 428 69
b53 187 206 204 224
b54 97 92 140 108
b55 396 171 442 184
b56 280 282 302 307
b57 93 210 141 229
b58 51 324 92 343
b59 44 278 90 324
b60 119 276 149 311
b61 132 159 166 192
b62 317 311 354 356
b63 247 0 262 35
b64 45 197 93 244
b65 119 405 152 435
b66 183 310 214 341
b67 392 303 436 340
b68 354 316 389 340
b69 399 340 437 359
b70 44 90 58 126
b71 399 359 441 393
b72 340 232 374 265
b73 119 367 137 405
b74 90 296 119 314
b75 152 425 179 448
b76 280 374 294 386
b77 0 338 24 354
b78 198 97 241 123
b79 402 284 439 303
b80 280 359 294 374
b81 15 361 47 381
b82 292 51 324 84
b83 391 69 428 88
b84 304 398 341 441
b85 280 311 317 359
b86 93 229 117 253
b87 326 154 371 173
b88 125 108 153 151
b89 0 193 35 205
b90 44 173 89 197
b91 0 267 44 295
b92 61 388 103 412
b93 0 246 43 267
b94 76 412 92 427
b95 371 149 396 185
b96 332 92 357 137
b97 239 415 267 440
b98 44 246 60 272
b99 31 324 51 361
b100 70 90 97 115
b101 239 325 279 373
b102 302 286 340 311
b103 340 265 372 297
b104 156 79 181 115
b105 150 18 181 60
b106 408 125 447 159
b107 87 151 132 167
b108 154 226 187 238
b109 408 159 430 171
b110 0 295 44 318
b111 229 0 247 13
b112 148 0 194 18
b113 412 223 440 266
b114 296 0 315 39
b115 102 0 132 37
b116 408 88 450 125
b117 119 64 156 88
b118 412 184 447 223
b119 179 273 203 309
b120 29 94 44 139
b121 395 393 440 425
b122 93 167 123 210
b123 194 0 229 13
b124 280 184 293 223
b125 90 278 118 296
b126 97 108 125 146
b127 44 126 68 148
b128 154 238 179 274
b129 355 340 399 386
b130 153 115 198 159
b131 31 54 51 90
b132 232 123 248 161
b133 340 297 354 309
b134 264 133 280 162
b135 158 388 173 425
b136 280 223 304 242
b137 183 392 205 410
b138 248 111 278 133
b139 315 0 346 33
b140 280 386 292 402
b141 391 17 425 42
b142 51 63 97 90
b143 0 147 44 193
b144 0 94 29 119
b145 187 159 232 193
b146 232 222 266 255
b147 58 90 70 121
b148 391 0 416 17
b149 119 345 141 367
b150 187 193 217 206
b151 86 0 102 27
b152 198 123 231 156
b153 43 0 55 40
b154 0 396 44 438
b155 280 81 292 94
b156 156 60 198 79
b157 357 92 369 134
b158 332 137 360 154
b159 179 422 215 446
b160 326 173 338 209
b161 60 244 79 275
b162 285 39 315 51
b163 183 346 230 392
b164 300 84 332 111
b165 181 18 214 59
b166 92 412 104 448
b167 266 207 280 254
b168 324 47 349 84
b169 280 111 326 139
b170 93 338 115 383
b171 377 198 411 233
b172 55 0 86 25
b173 333 356 355 398
b174 377 264 402 284
b175 173 410 207 422
b176 280 94 300 110
b177 207 392 238 413
b178 248 133 264 153
b179 0 205 45 246
b180 68 121 89 140
b181 255 373 270 415
b182 115 435 148 447
b183 132 0 148 37
b184 260 81 280 100
b185 214 39 258 52
b186 102 37 150 50
b187 346 0 370 22
b188 280 242 304 282
b189 0 318 31 338
b190 262 0 296 37
b191 349 55 391 92
b192 97 64 119 92
b193 0 0 43 42
b194 141 345 183 388
b195 214 310 239 346
b196 239 373 255 412
b197 119 229 154 276
b198 369 92 391 132
b199 270 402 304 442
