555445.8007812
582380
313038
561 558
583.410502
b0 271 372 298 387
b1 102 268 118 295
b2 197 228 223 250
b3 258 210 279 255
b4 456 430 496 475
b5 31 245 47 271
b6 221 395 259 422
b7 259 419 288 454
b8 159 367 195 388
b9 41 170 66 214
b10 112 0 143 15
b11 303 427 327 468
b12 368 371 385 390
b13 418 363 466 396
b14 63 130 107 151
b15 288 419 303 453
b16 73 299 118 341
b17 418 260 459 297
b18 466 327 510 370
b19 235 354 271 377
b20 251 514 268 527
b21 283 79 327 107
b22 223 228 258 257
b23 336 0 376 17
b24 70 224 94 242
b25 331 42 374 71
b26 400 368 418 395
b27 274 305 314 343
b28 116 464 128 488
b29 337 377 367 406
b30 356 260 376 288
b31 243 178 279 210
b32 47 245 69 264
b33 189 322 235 367
b34 73 287 102 299
b35 516 387 542 399
b36 390 338 417 368
b37 461 243 490 255
b38 72 255 93 274
b39 138 84 150 97
b40 41 151 88 170
b41 268 142 287 178
b42 73 504 119 529
b43 287 152 326 173
b44 102 168 129 192
b45 393 467 417 492
b46 245 257 258 276
b47 181 142 223 182
b48 195 367 229 395
b49 250 302 274 350
b50 128 464 142 483
b51 500 215 514 231
b52 154 509 172 546
b53 400 396 436 408
b54 303 397 337 427
b55 40 214 66 245
b56 146 421 177 467
b57 327 429 374 477
b58 430 503 455 528
b59 73 383 120 421
b60 281 0 297 39
b61 157 51 188 96
b62 445 103 481 149
b63 443 149 479 195
b64 527 90 542 123
b65 195 434 218 447
b66 500 237 545 279
b67 489 0 522 14
b68 417 103 445 148
b69 474 370 501 406
b70 532 443 548 488
b71 249 0 281 34
b72 235 322 250 354
b73 60 361 72 407
b74 157 475 200 509
b75 317 335 337 372
b76 357 477 393 516
b77 433 475 473 493
b78 30 488 72 504
b79 172 231 197 271
b80 120 406 156 421
b81 159 388 191 403
b82 317 311 356 335
b83 172 509 209 550
b84 0 393 34 431
b85 374 433 417 467
b86 481 132 520 176
b87 461 282 509 327
b88 298 509 327 553
b89 496 406 516 448
b90 481 91 527 115
b91 489 14 510 57
b92 258 255 303 302
b93 135 310 159 330
b94 174 0 193 31
b95 201 285 245 322
b96 279 178 325 211
b97 368 179 383 219
b98 387 371 400 406
b99 510 317 550 334
b100 516 399 561 443
b101 527 54 557 90
b102 215 58 255 94
b103 435 69 469 103
b104 339 219 381 233
b105 331 71 364 106
b106 469 69 481 102
b107 116 118 148 133
b108 393 503 430 541
b109 43 84 85 130
b110 297 0 336 42
b111 73 274 94 287
b112 159 317 189 342
b113 139 207 175 231
b114 368 135 402 179
b115 116 84 138 118
b116 108 57 136 76
b117 34 407 73 428
b118 509 279 553 317
b119 327 477 355 522
b120 357 516 393 552
b121 436 396 474 430
b122 0 350 20 393
b123 66 170 102 193
b124 119 490 154 521
b125 159 271 201 317
b126 94 450 116 462
b127 73 479 116 504
b128 201 257 245 285
b129 148 97 170 131
b130 119 521 149 547
b131 27 313 72 361
b132 177 403 195 442
b133 520 123 535 166
b134 254 467 288 514
b135 143 36 188 51
b136 102 256 139 268
b137 0 233 28 254
b138 177 447 219 475
b139 326 183 363 219
b140 418 196 461 208
b141 264 39 283 84
b142 339 233 376 260
b143 287 120 311 145
b144 94 193 134 208
b145 355 106 368 151
b146 193 0 226 48
b147 73 341 115 371
b148 43 130 63 148
b149 449 22 471 69
b150 337 406 368 429
b151 42 361 60 403
b152 24 86 40 105
b153 0 450 30 491
b154 221 422 243 439
b155 226 44 251 58
b156 418 168 434 196
b157 418 148 443 168
b158 251 34 264 57
b159 311 120 355 152
b160 383 213 410 229
b161 402 0 449 46
b162 90 41 108 72
b163 535 123 557 156
b164 76 0 112 41
b165 502 485 519 506
b166 0 197 34 233
b167 319 275 356 311
b168 418 208 459 232
b169 195 395 219 434
b170 73 421 118 450
b171 0 175 40 197
b172 271 387 298 400
b173 258 84 283 116
b174 418 318 461 334
b175 0 300 16 315
b176 139 231 172 269
b177 134 170 175 207
b178 88 151 107 168
b179 481 57 527 91
b180 510 368 550 387
b181 326 152 354 182
b182 223 154 268 178
b183 225 94 258 133
b184 356 288 381 334
b185 383 229 410 263
b186 0 254 31 287
b187 381 263 417 301
b188 34 504 71 544
b189 181 96 225 108
b190 459 255 496 282
b191 243 422 259 456
b192 418 334 466 363
b193 118 310 135 343
b194 327 106 355 119
b195 383 200 416 213
b196 118 269 159 310
b197 209 530 246 558
b198 0 431 48 450
b199 143 0 174 36
b200 138 133 181 170
b201 376 0 402 29
b202 417 430 456 464
b203 43 473 71 488
b204 288 468 321 509
b205 461 195 476 216
b206 209 495 251 530
b207 384 107 417 135
b208 159 342 186 362
b209 368 71 413 107
b210 503 176 516 200
b211 522 0 534 16
b212 175 182 196 224
b213 402 135 416 167
b214 481 115 508 132
b215 73 450 94 479
b216 259 400 301 419
b217 388 46 436 66
b218 221 439 236 482
b219 0 157 28 175
b220 502 448 532 485
b221 0 287 45 300
b222 301 372 335 397
b223 417 408 436 430
b224 48 428 69 473
b225 0 39 38 86
b226 417 464 433 503
b227 344 522 357 554
b228 200 475 221 495
b229 283 55 331 79
b230 360 338 390 371
b231 303 275 319 305
b232 337 335 360 377
b233 156 406 172 419
b234 236 456 254 489
b235 271 350 317 372
b236 73 529 112 556
b237 225 133 265 154
b238 461 216 500 243
b239 181 120 221 142
b240 387 408 406 431
b241 16 300 40 313
b242 449 0 489 22
b243 381 301 415 338
b244 287 107 324 120
b245 535 156 559 192
b246 226 0 249 44
b247 303 219 339 258
b248 43 53 86 84
b249 0 315 27 350
b250 107 133 138 167
b251 510 334 553 368
b252 516 176 535 204
b253 72 242 87 255
b254 259 454 283 467
b255 455 493 502 532
b256 30 450 43 471
b257 327 522 344 555
b258 0 504 34 548
b259 376 29 388 55
b260 181 108 200 120
b261 73 371 118 383
b262 188 48 215 96
b263 196 182 243 228
b264 47 264 70 309
b265 303 260 348 275
b266 94 208 139 256
b267 120 372 159 406
b268 430 528 452 553
b269 417 66 435 103
b270 142 467 157 490
b271 112 15 136 57
b272 0 86 24 121
b273 383 179 413 200
b274 136 51 157 84
b275 20 361 42 389
b276 354 152 368 183
b277 43 41 90 53
b278 229 377 271 390
b279 0 0 43 39
b280 66 193 88 224
b281 268 514 298 532
b282 86 76 116 120
b283 118 343 133 356
b284 336 17 366 38
b285 297 42 330 55
b286 0 121 41 157
b287 418 297 460 318
b288 418 232 454 260
b289 43 0 76 37
b290 368 107 384 134
b291 118 421 146 464
b292 479 176 503 215
b293 279 211 298 254
b294 265 116 282 142
b295 374 390 387 433
b296 118 356 145 372
b297 510 16 541 54
b298 516 204 556 237
b299 374 55 387 68
