234404.59375
237649
205205
455 451
9.535356
b0 88 172 131 205
b1 302 118 339 183
b2 192 270 245 304
b3 205 43 272 80
b4 253 290 272 319
b5 345 249 394 288
b6 253 347 293 365
b7 66 179 88 219
b8 339 75 389 137
b9 181 398 197 439
b10 284 118 302 170
b11 0 200 39 259
b12 272 319 333 347
b13 81 402 138 450
b14 88 129 151 172
b15 396 180 448 239
b16 39 365 96 401
b17 293 52 337 118
b18 154 41 205 89
b19 253 185 284 235
b20 416 239 453 258
b21 66 247 130 297
b22 56 0 90 49
b23 396 239 416 288
b24 280 239 308 284
b25 334 295 373 349
b26 137 233 192 273
b27 129 0 154 65
b28 197 398 236 444
b29 272 295 334 319
b30 24 163 48 189
b31 192 234 218 268
b32 138 398 181 451
b33 377 400 399 435
b34 0 376 27 430
b35 154 0 185 38
b36 236 365 275 432
b37 420 258 440 318
b38 151 144 208 167
b39 154 89 206 144
b40 331 420 360 446
b41 253 235 280 290
b42 94 65 147 127
b43 0 84 46 145
b44 373 288 420 353
b45 253 141 276 185
b46 90 0 129 22
b47 284 206 349 239
b48 39 189 66 246
b49 349 184 396 249
b50 423 63 455 130
b51 389 142 446 180
b52 27 401 81 446
b53 246 0 267 43
b54 185 0 246 18
b55 275 413 331 447
b56 276 52 293 115
b57 0 145 47 163
b58 389 96 423 142
b59 186 361 236 398
b60 185 18 225 41
b61 389 63 412 96
b62 338 0 398 19
b63 95 297 131 342
b64 339 137 389 184
b65 0 0 56 57
b66 208 80 275 141
b67 392 19 432 63
b68 275 0 338 52
b69 0 57 54 84
b70 88 205 130 247
b71 333 349 355 413
b72 131 172 192 233
b73 192 167 253 234
b74 56 87 94 129
b75 432 0 451 28
b76 208 141 241 163
b77 0 259 66 316
b78 218 234 250 270
b79 96 342 137 402
b80 0 316 58 332
b81 48 129 88 179
b82 377 353 434 400
b83 186 304 202 326
b84 355 353 377 420
b85 372 19 392 44
b86 308 239 345 295
b87 0 332 39 376
b88 0 163 24 200
b89 56 49 83 87
b90 39 332 78 365
b91 339 19 372 75
b92 90 22 106 48
b93 186 326 251 361
b94 137 273 178 332
b95 202 304 253 323
b96 293 347 333 413
b97 78 297 95 364
b98 284 184 346 206
b99 137 332 186 398
