449789.75
584858.5
314721
561 561
173.582018
b0 429 323 456 338
b1 394 521 410 548
b2 454 0 476 26
b3 416 427 437 472
b4 373 51 418 91
b5 46 133 62 159
b6 45 159 83 186
b7 291 96 326 125
b8 317 405 353 426
b9 119 469 163 494
b10 39 483 54 514
b11 194 266 218 307
b12 184 0 201 19
b13 150 137 198 170
b14 218 257 239 301
b15 176 288 191 322
b16 311 514 353 559
b17 245 150 286 187
b18 418 37 461 81
b19 305 273 328 309
b20 264 357 281 370
b21 117 122 145 166
b22 504 263 539 292
b23 104 498 144 515
b24 240 357 264 375
b25 446 118 489 147
b26 453 216 480 234
b27 518 394 556 434
b28 342 120 366 132
b29 164 108 194 137
b30 197 206 225 226
b31 164 76 200 108
b32 0 102 22 121
b33 116 305 161 351
b34 54 483 83 495
b35 391 404 403 430
b36 82 273 112 300
b37 402 470 414 499
b38 116 209 137 228
b39 150 170 162 183
b40 97 300 116 347
b41 161 230 197 249
b42 324 171 370 196
b43 405 111 444 132
b44 132 515 156 542
b45 57 283 82 307
b46 453 272 472 285
b47 383 348 425 388
b48 461 80 489 114
b49 504 336 552 360
b50 129 351 143 370
b51 163 478 179 492
b52 476 0 494 37
b53 413 201 449 213
b54 111 0 141 34
b55 198 419 224 450
b56 243 228 289 259
b57 324 196 371 244
b58 410 501 435 526
b59 273 514 311 561
b60 326 93 342 132
b61 79 201 110 246
b62 239 259 275 305
b63 383 256 419 302
b64 453 201 486 216
b65 371 177 394 190
b66 116 230 161 272
b67 162 170 195 184
b68 224 427 269 455
b69 79 246 115 273
b70 0 221 45 237
b71 45 217 79 249
b72 225 205 240 237
b73 461 26 473 72
b74 0 47 43 81
b75 383 302 420 322
b76 329 280 365 319
b77 144 494 184 512
b78 0 392 42 408
b79 440 465 465 505
b80 0 474 36 489
b81 0 377 32 392
b82 366 109 405 133
b83 494 0 531 41
b84 94 515 132 549
b85 486 190 520 233
b86 198 122 242 161
b87 269 370 317 415
b88 201 53 245 82
b89 258 42 278 84
b90 337 322 383 346
b91 170 347 213 368
b92 0 0 45 47
b93 80 74 104 94
b94 170 386 189 417
b95 437 428 481 465
b96 65 0 111 33
b97 161 288 176 328
b98 291 43 304 78
b99 475 365 515 382
b100 245 106 290 150
b101 484 233 520 263
b102 337 346 377 382
b103 316 59 350 93
b104 313 480 355 494
b105 22 283 57 316
b106 371 224 383 257
b107 289 244 321 259
b108 0 437 38 474
b109 245 0 291 42
b110 0 237 42 276
b111 83 498 104 511
b112 77 115 107 140
b113 83 474 119 498
b114 383 0 427 34
b115 116 187 150 209
b116 161 328 189 347
b117 201 32 240 53
b118 437 384 475 428
b119 435 505 463 550
b120 357 437 393 473
b121 42 81 80 115
b122 489 127 532 147
b123 43 426 79 449
b124 184 478 219 509
b125 122 76 164 122
b126 291 484 313 496
b127 0 412 43 437
b128 85 347 113 391
b129 484 419 518 441
b130 45 48 75 74
b131 357 473 402 521
b132 446 147 485 165
b133 247 455 262 498
b134 282 320 316 367
b135 200 107 245 122
b136 304 59 316 96
b137 164 441 192 462
b138 219 470 247 512
b139 310 0 347 36
b140 371 257 383 300
b141 520 210 539 255
b142 213 339 240 376
b143 240 375 265 399
b144 107 74 122 114
b145 269 415 314 428
b146 83 426 116 474
b147 83 159 113 201
b148 170 368 190 386
b149 504 292 551 314
b150 465 505 488 536
b151 307 496 349 514
b152 219 322 238 338
b153 489 97 530 127
b154 365 300 382 322
b155 55 391 69 416
b156 397 224 413 252
b157 218 237 243 257
b158 337 382 350 405
b159 201 0 245 32
b160 486 147 513 163
b161 116 423 163 469
b162 46 115 77 133
b163 539 237 561 270
b164 405 132 446 168
b165 383 34 404 51
b166 38 449 74 483
b167 481 382 517 419
b168 520 147 561 171
b169 0 316 39 340
b170 0 155 45 184
b171 54 511 94 533
b172 278 42 291 69
b173 194 307 219 339
b174 304 43 347 59
b175 275 305 291 320
b176 437 351 475 384
b177 0 184 41 221
b178 0 134 19 151
b179 39 316 85 350
b180 465 465 484 505
b181 189 391 219 419
b182 198 161 222 206
b183 161 249 194 288
b184 383 323 429 348
b185 486 163 520 190
b186 73 395 106 426
b187 420 285 456 323
b188 75 34 112 74
b189 225 161 237 205
b190 427 0 454 37
b191 357 421 391 437
b192 456 285 504 314
b193 62 140 95 157
b194 440 256 453 284
b195 429 338 462 351
b196 32 350 73 391
b197 357 521 394 549
b198 219 512 238 560
b199 317 426 353 457
b200 413 213 450 256
b201 414 472 440 501
b202 403 388 437 427
b203 219 455 247 470
b204 242 187 275 228
b205 484 263 499 284
b206 238 512 273 554
b207 235 399 268 427
b208 342 93 362 120
b209 347 0 383 45
b210 475 333 499 346
b211 391 388 403 404
b212 0 81 42 102
b213 297 259 329 273
b214 539 210 556 237
b215 419 256 440 285
b216 269 452 311 471
b217 45 0 65 48
b218 321 244 364 259
b219 362 91 390 109
b220 0 340 30 377
b221 116 351 129 396
b222 201 82 235 107
b223 95 140 117 159
b224 316 319 337 364
b225 324 133 371 171
b226 317 364 333 403
b227 489 84 521 97
b228 219 301 239 322
b229 116 399 164 423
b230 291 142 324 172
b231 305 172 321 202
b232 292 202 315 244
b233 291 496 307 509
b234 484 441 517 459
b235 245 84 291 106
b236 192 509 219 548
b237 197 226 218 266
b238 520 171 547 210
b239 24 115 46 155
b240 456 314 479 333
b241 269 428 282 452
b242 504 314 544 336
b243 42 249 79 283
b244 448 81 461 118
b245 488 459 524 483
b246 313 457 357 480
b247 447 165 486 201
b248 516 41 547 84
b249 54 533 89 560
b250 41 186 75 217
b251 517 360 560 394
b252 475 346 503 365
b253 291 78 304 93
b254 0 121 24 134
b255 0 489 39 536
b256 42 391 55 412
b257 291 125 324 142
b258 371 133 405 177
b259 425 351 437 377
b260 192 450 211 462
b261 73 350 85 395
b262 143 351 170 399
b263 150 184 197 230
b264 350 45 373 90
b265 190 376 235 391
b266 156 28 201 76
b267 371 190 410 224
b268 275 259 297 284
b269 390 91 427 109
b270 132 542 155 557
b271 240 333 282 357
b272 282 428 317 452
b273 275 284 305 305
b274 113 166 146 187
b275 170 419 198 441
b276 383 224 397 255
b277 85 300 97 347
b278 262 471 304 484
b279 473 41 516 80
b280 0 276 22 307
b281 273 484 291 514
b282 112 34 156 64
b283 292 172 305 187
b284 427 81 448 111
b285 245 42 258 75
b286 156 512 192 553
b287 329 259 371 280
b288 239 305 275 333
b289 410 168 447 201
b290 192 462 219 478
b291 141 0 184 28
b292 353 382 377 421
b293 291 0 310 43
b294 275 187 292 213
b295 403 427 416 470
b296 163 462 190 478
b297 453 234 484 272
b298 116 272 156 305
b299 377 388 390 401
