226346.84375
228896.5
203400
452 450
3.843084
b0 234 78 277 111
b1 345 86 410 123
b2 0 254 53 288
b3 122 276 189 313
b4 112 124 131 153
b5 338 47 387 86
b6 395 123 435 141
b7 167 401 189 441
b8 112 0 174 50
b9 0 89 16 130
b10 234 152 286 170
b11 223 0 282 39
b12 189 280 250 308
b13 175 81 232 129
b14 171 129 234 172
b15 392 207 451 259
b16 131 174 188 210
b17 189 341 255 385
b18 401 389 452 437
b19 54 138 104 169
b20 262 411 299 430
b21 345 123 395 187
b22 174 0 223 34
b23 318 33 338 82
b24 43 169 88 197
b25 92 191 131 245
b26 207 385 262 425
b27 323 187 348 252
b28 348 210 387 256
b29 350 256 374 318
b30 256 170 280 196
b31 58 213 92 239
b32 0 158 43 211
b33 168 59 203 81
b34 85 341 112 395
b35 136 313 174 344
b36 410 47 449 114
b37 174 39 234 59
b38 55 334 78 391
b39 0 334 55 386
b40 324 309 350 338
b41 58 245 113 272
b42 0 27 53 89
b43 0 288 61 334
b44 189 233 254 280
b45 348 187 392 210
b46 262 389 301 411
b47 189 308 254 341
b48 0 0 57 27
b49 358 0 423 47
b50 256 232 323 264
b51 148 344 186 401
b52 58 93 112 138
b53 91 0 112 43
b54 262 331 323 349
b55 256 198 312 232
b56 112 107 175 124
b57 189 385 207 432
b58 57 0 91 46
b59 85 272 122 322
b60 262 349 285 389
b61 293 165 316 198
b62 278 83 338 102
b63 312 264 348 309
b64 53 46 103 93
b65 112 50 168 107
b66 384 328 451 389
b67 278 39 318 83
b68 293 102 345 165
b69 0 211 54 238
b70 60 395 102 437
b71 362 318 384 382
b72 301 389 362 450
b73 189 172 256 233
b74 16 93 58 131
b75 203 59 231 78
b76 88 169 121 191
b77 131 210 188 276
b78 112 344 148 376
b79 0 391 60 432
b80 0 238 58 254
b81 131 124 171 174
b82 384 281 441 328
b83 53 272 75 288
b84 374 259 441 281
b85 338 0 358 25
b86 256 264 312 301
b87 234 39 278 78
b88 61 288 85 325
b89 16 131 54 158
b90 362 389 401 422
b91 282 0 338 33
b92 54 197 80 213
b93 102 401 167 436
b94 234 111 293 152
b95 85 322 136 341
b96 285 349 351 389
b97 189 432 256 449
b98 262 309 324 331
b99 395 141 444 207
