1670710.5
1670710.5
702289
287 2447
213.52824
b0 80 2152 116 2168
b1 127 1495 146 1534
b2 43 2117 84 2152
b3 71 714 89 761
b4 111 741 137 773
b5 71 1340 106 1371
b6 82 1045 111 1058
b7 20 1992 48 2013
b8 153 398 185 413
b9 25 0 71 34
b10 203 134 248 166
b11 97 666 111 702
b12 89 1392 125 1434
b13 20 1482 68 1527
b14 20 2357 35 2382
b15 107 1064 152 1110
b16 142 1222 160 1244
b17 81 1626 114 1652
b18 137 574 171 593
b19 133 821 163 833
b20 58 775 86 808
b21 106 1289 150 1328
b22 66 1787 92 1826
b23 25 1457 65 1482
b24 0 0 25 15
b25 231 38 267 74
b26 160 107 203 132
b27 22 2302 56 2317
b28 204 0 250 38
b29 192 0 204 37
b30 189 276 206 303
b31 250 0 287 16
b32 117 494 140 526
b33 186 900 204 936
b34 104 993 123 1031
b35 155 855 170 888
b36 192 95 220 107
b37 70 1295 86 1316
b38 25 34 58 60
b39 124 855 154 897
b40 35 1906 63 1947
b41 137 1153 153 1169
b42 75 2073 94 2117
b43 158 191 198 225
b44 62 1392 89 1408
b45 160 132 174 169
b46 89 581 137 596
b47 71 761 94 775
b48 106 1328 130 1354
b49 0 2416 40 2447
b50 68 1712 101 1754
b51 117 526 144 574
b52 144 1371 171 1408
b53 22 2248 39 2266
b54 70 1200 113 1216
b55 68 1470 81 1516
b56 133 1626 155 1651
b57 68 1839 87 1887
b58 114 1626 133 1667
b59 25 1316 71 1362
b60 148 363 178 398
b61 0 2382 33 2416
b62 104 1534 141 1579
b63 86 825 101 860
b64 198 166 245 214
b65 68 1754 98 1787
b66 75 2042 106 2073
b67 70 1216 114 1253
b68 71 1316 106 1340
b69 245 166 264 204
b70 104 1031 140 1045
b71 63 1887 105 1921
b72 194 303 228 336
b73 148 321 166 359
b74 114 1197 143 1215
b75 104 1482 127 1509
b76 54 1445 68 1457
b77 58 808 82 824
b78 71 608 97 651
b79 62 1408 81 1445
b80 42 2317 56 2332
b81 43 2063 75 2083
b82 116 60 148 93
b83 101 457 120 494
b84 176 239 219 276
b85 146 741 194 778
b86 113 1153 137 1177
b87 84 2133 129 2152
b88 89 538 117 581
b89 89 16 101 51
b90 124 644 169 668
b91 39 2274 83 2302
b92 72 2220 114 2244
b93 71 1371 114 1392
b94 20 1563 35 1579
b95 198 214 234 239
b96 35 1947 60 1992
b97 22 2220 47 2248
b98 111 897 127 923
b99 70 1097 107 1117
b100 92 1787 119 1812
b101 104 1434 144 1482
b102 137 593 162 631
b103 163 821 195 853
b104 146 1651 182 1676
b105 144 1328 186 1359
b106 112 1812 146 1851
b107 71 0 116 16
b108 120 475 153 487
b109 204 38 216 60
b110 116 0 160 23
b111 127 1482 145 1495
b112 158 225 176 271
b113 0 2063 43 2091
b114 111 1045 150 1064
b115 25 1362 62 1392
b116 106 2042 143 2084
b117 140 487 164 524
b118 192 60 231 95
b119 20 1527 44 1563
b120 96 1117 111 1162
b121 160 0 192 45
b122 145 1408 188 1438
b123 133 773 146 808
b124 82 1058 95 1097
b125 71 16 89 44
b126 58 1153 96 1181
b127 160 169 184 191
b128 68 1445 104 1470
b129 20 2017 64 2063
b130 81 1667 125 1712
b131 235 74 271 94
b132 84 2117 122 2133
b133 97 654 111 666
b134 25 1392 54 1408
b135 101 923 116 960
b136 58 1181 82 1200
b137 82 993 104 1011
b138 133 833 163 855
b139 101 1712 134 1743
b140 58 824 70 840
b141 47 2240 72 2274
b142 97 608 124 654
b143 143 414 189 458
b144 170 853 195 882
b145 25 1200 70 1234
b146 43 2186 76 2220
b147 116 414 128 445
b148 143 1197 160 1222
b149 0 2091 22 2113
b150 111 789 124 819
b151 152 668 168 695
b152 86 960 119 993
b153 71 702 111 714
b154 122 2084 164 2128
b155 66 1826 78 1839
b156 166 321 185 363
b157 101 445 143 457
b158 143 458 171 475
b159 44 1839 68 1875
b160 70 1117 82 1153
b161 44 1875 63 1906
b162 89 596 119 608
b163 104 1579 150 1626
b164 203 107 235 134
b165 111 708 152 741
b166 106 1277 142 1289
b167 86 775 133 789
b168 75 2017 112 2042
b169 186 936 232 964
b170 158 276 180 321
b171 112 1851 147 1885
b172 48 1992 79 2017
b173 85 1255 127 1277
b174 47 2220 72 2240
b175 155 888 189 900
b176 174 132 194 148
b177 123 923 144 954
b178 0 2113 20 2129
b179 177 1359 222 1400
b180 33 2382 52 2403
b181 70 1253 85 1295
b182 144 1359 177 1371
b183 116 398 153 414
b184 0 15 20 34
b185 101 494 114 538
b186 124 596 137 644
b187 89 714 111 738
b188 114 1215 138 1255
b189 113 1177 144 1197
b190 43 2152 80 2186
b191 116 23 158 60
b192 44 1527 66 1555
b193 146 778 188 821
b194 113 1110 155 1153
b195 86 789 111 825
b196 204 336 243 352
b197 141 1534 188 1569
b198 20 2317 42 2357
b199 111 668 145 708
