551549.8457031
577926.5
314160
561 560
539.367508
b0 393 97 408 124
b1 416 150 432 177
b2 169 45 195 67
b3 184 0 205 45
b4 108 76 148 121
b5 0 309 16 335
b6 24 0 62 27
b7 432 265 467 294
b8 244 403 280 424
b9 472 381 516 406
b10 357 275 372 306
b11 254 218 295 242
b12 449 225 468 242
b13 512 271 560 304
b14 334 33 355 77
b15 432 359 447 393
b16 0 338 45 380
b17 347 148 384 189
b18 468 225 512 268
b19 432 242 468 265
b20 107 392 124 405
b21 452 181 480 225
b22 0 39 35 68
b23 109 151 149 168
b24 448 331 472 349
b25 360 68 403 97
b26 480 148 498 175
b27 0 127 40 165
b28 295 223 319 235
b29 166 193 195 223
b30 153 431 173 459
b31 155 369 191 401
b32 504 0 526 19
b33 73 197 119 242
b34 57 165 69 194
b35 448 319 474 331
b36 298 235 328 262
b37 232 388 244 417
b38 328 148 347 169
b39 99 319 112 331
b40 16 380 35 427
b41 196 388 232 407
b42 170 483 216 508
b43 499 184 520 223
b44 48 401 75 425
b45 227 72 252 96
b46 90 148 109 161
b47 363 0 405 40
b48 350 340 384 368
b49 0 178 24 226
b50 328 169 342 188
b51 285 361 301 375
b52 387 485 424 503
b53 229 417 241 453
b54 114 121 148 151
b55 281 417 307 448
b56 491 450 537 481
b57 313 443 361 490
b58 432 400 457 425
b59 216 486 254 533
b60 62 118 101 134
b61 253 258 298 289
b62 381 503 427 539
b63 194 118 230 164
b64 480 120 513 135
b65 173 431 196 444
b66 387 365 432 407
b67 499 158 532 172
b68 388 131 416 176
b69 298 43 334 70
b70 253 242 298 258
b71 405 0 437 34
b72 288 521 303 553
b73 468 103 480 149
b74 109 526 152 560
b75 387 275 424 295
b76 309 404 348 440
b77 254 200 294 218
b78 0 380 16 422
b79 48 438 88 463
b80 0 545 36 560
b81 92 405 124 420
b82 230 118 254 157
b83 387 431 428 468
b84 48 367 86 401
b85 119 168 162 202
b86 348 399 387 443
b87 472 333 517 381
b88 162 164 206 193
b89 254 180 296 200
b90 299 140 323 186
b91 238 339 281 360
b92 503 19 550 64
b93 0 226 24 246
b94 95 0 126 19
b95 65 484 109 521
b96 62 0 95 46
b97 353 97 393 112
b98 542 155 555 190
b99 0 110 40 127
b100 252 72 297 116
b101 437 0 467 36
b102 24 493 64 529
b103 517 304 551 338
b104 299 188 341 202
b105 135 459 170 492
b106 24 178 57 190
b107 155 401 187 416
b108 155 332 193 369
b109 341 189 387 231
b110 108 34 147 76
b111 48 425 69 438
b112 221 309 246 339
b113 252 534 288 558
b114 247 38 291 72
b115 135 492 157 526
b116 157 508 176 536
b117 467 268 506 289
b118 474 289 512 333
b119 254 116 299 144
b120 285 325 321 361
b121 264 0 298 38
b122 45 347 88 367
b123 457 406 493 429
b124 350 368 385 399
b125 27 194 73 236
b126 107 380 129 392
b127 196 292 221 335
b128 495 481 523 525
b129 298 70 332 92
b130 532 125 558 155
b131 516 397 561 445
b132 149 145 188 163
b133 317 0 332 43
b134 88 450 135 484
b135 305 310 350 325
b136 186 250 223 262
b137 124 393 152 414
b138 281 375 309 417
b139 298 262 335 298
b140 499 172 542 184
b141 348 112 393 131
b142 355 40 392 67
b143 221 269 246 293
b144 155 416 195 431
b145 441 459 454 504
b146 227 453 275 486
b147 92 420 134 450
b148 176 67 194 87
b149 195 96 242 118
b150 493 406 516 437
b151 517 379 559 397
b152 334 89 353 105
b153 24 463 65 493
b154 387 468 409 485
b155 134 312 159 326
b156 360 131 388 147
b157 432 181 452 206
b158 292 298 305 321
b159 195 45 227 89
b160 416 123 432 150
b161 62 46 108 93
b162 135 414 153 445
b163 147 38 169 71
b164 388 177 429 213
b165 110 242 131 259
b166 27 251 63 285
b167 408 68 445 104
b168 501 64 542 88
b169 0 460 24 499
b170 131 240 176 269
b171 16 316 56 338
b172 101 121 114 148
b173 432 294 464 319
b174 43 76 59 119
b175 221 293 236 309
b176 151 0 184 38
b177 186 446 227 483
b178 60 288 77 307
b179 246 289 292 323
b180 480 175 499 215
b181 193 262 221 292
b182 387 407 432 431
b183 196 407 229 446
b184 62 93 108 118
b185 387 295 414 329
b186 27 285 60 316
b187 520 190 558 226
b188 519 88 559 125
b189 341 231 353 275
b190 35 39 62 76
b191 432 425 448 459
b192 299 92 328 140
b193 75 401 92 434
b194 480 135 508 148
b195 239 178 252 211
b196 454 481 495 522
b197 321 325 349 362
b198 254 486 273 534
b199 228 0 264 31
b200 244 360 281 403
b201 387 246 413 275
b202 432 104 466 143
b203 27 236 55 251
b204 280 448 313 489
b205 239 157 254 178
b206 309 362 344 404
b207 195 194 223 227
b208 159 312 186 332
b209 467 18 503 63
b210 0 0 24 13
b211 448 349 464 361
b212 210 533 252 554
b213 432 143 446 175
b214 432 206 449 233
b215 90 168 111 197
b216 472 429 491 471
b217 0 440 48 460
b218 537 445 552 488
b219 148 71 176 89
b220 223 232 253 269
b221 35 380 48 425
b222 126 0 151 34
b223 338 275 357 297
b224 69 148 90 193
b225 119 202 166 240
b226 246 323 285 339
b227 328 135 360 148
b228 361 485 381 506
b229 303 529 351 553
b230 206 164 239 194
b231 332 105 348 135
b232 361 443 384 485
b233 493 437 509 450
b234 513 125 531 158
b235 40 119 62 165
b236 241 424 280 451
b237 427 319 448 359
b238 480 93 519 120
b239 112 293 134 333
b240 413 246 432 269
b241 173 444 186 468
b242 148 89 188 111
b243 350 306 387 340
b244 414 295 427 332
b245 445 67 469 103
b246 205 0 228 44
b247 254 144 293 180
b248 275 490 318 521
b249 0 274 27 309
b250 77 288 111 319
b251 0 76 43 110
b252 228 31 247 59
b253 196 335 211 348
b254 129 380 153 393
b255 116 333 155 380
b256 86 367 107 380
b257 99 333 116 366
b258 176 508 210 552
b259 334 77 360 89
b260 408 104 420 123
b261 305 298 350 310
b262 196 361 244 388
b263 63 242 110 288
b264 176 227 221 250
b265 457 429 472 474
b266 512 226 560 271
b267 148 111 187 145
b268 446 143 468 168
b269 467 0 504 18
b270 65 463 88 478
b271 111 269 153 293
b272 0 499 24 534
b273 223 211 253 232
b274 153 291 186 312
b275 0 246 22 274
b276 69 134 100 148
b277 0 27 47 39
b278 0 165 42 178
b279 318 490 361 529
b280 153 269 184 291
b281 345 0 363 30
b282 357 231 387 275
b283 446 168 461 181
b284 480 63 501 93
b285 332 0 345 33
b286 517 338 553 379
b287 296 202 338 223
b288 392 40 428 68
b289 388 213 425 246
b290 211 339 238 355
b291 56 319 99 347
b292 448 361 472 400
b293 298 0 317 43
b294 424 468 441 494
b295 0 427 43 440
b296 24 529 51 545
b297 428 36 466 67
b298 387 332 427 365
b299 196 348 209 361
