676349.3125
697721.5
484000
275 1760
11.263088
b0 104 1588 147 1621
b1 182 1068 247 1105
b2 47 636 100 670
b3 103 1157 140 1224
b4 111 1313 140 1332
b5 164 1171 203 1220
b6 129 130 169 148
b7 76 1501 98 1541
b8 203 1171 253 1233
b9 155 38 171 79
b10 100 862 118 914
b11 54 1232 93 1291
b12 100 914 161 942
b13 157 265 205 322
b14 109 148 172 191
b15 107 622 166 674
b16 62 961 98 1018
b17 183 380 227 446
b18 146 79 194 130
b19 67 347 98 397
b20 114 1464 151 1483
b21 132 330 196 380
b22 109 191 158 225
b23 0 1263 20 1312
b24 49 539 94 567
b25 0 1224 54 1263
b26 108 225 163 265
b27 132 265 157 330
b28 98 961 137 1007
b29 23 16 47 78
b30 88 450 112 476
b31 70 1100 96 1134
b32 67 397 110 450
b33 97 1429 119 1464
b34 248 0 275 54
b35 155 0 186 38
b36 23 919 62 986
b37 0 1642 20 1702
b38 47 862 70 919
b39 0 1705 52 1760
b40 129 0 155 29
b41 93 1374 120 1429
b42 166 487 228 540
b43 68 0 129 46
b44 54 1541 119 1588
b45 0 0 23 44
b46 103 1291 142 1313
b47 197 559 262 592
b48 140 1041 197 1068
b49 23 1063 70 1128
b50 23 1134 90 1166
b51 118 841 156 898
b52 62 1018 116 1063
b53 54 1429 97 1450
b54 93 1313 111 1374
b55 20 1507 54 1563
b56 20 1642 37 1705
b57 49 28 67 75
b58 120 1007 166 1041
b59 70 1063 120 1100
b60 68 105 108 128
b61 90 1134 123 1157
b62 47 617 107 636
b63 100 699 136 744
b64 68 265 118 312
b65 94 539 151 595
b66 140 1110 207 1171
b67 108 801 152 841
b68 88 476 140 539
b69 107 595 161 622
b70 140 1068 182 1110
b71 0 1620 64 1642
b72 47 801 108 862
b73 103 1224 164 1291
b74 62 919 100 961
b75 49 0 68 28
b76 136 674 158 707
b77 100 744 166 801
b78 20 1588 56 1620
b79 161 446 221 487
b80 23 1166 39 1224
b81 49 567 89 617
b82 112 380 159 437
b83 98 347 120 363
b84 172 130 239 152
b85 107 674 127 699
b86 186 0 242 37
b87 64 1654 103 1698
b88 54 1450 91 1474
b89 76 1474 114 1501
b90 49 450 88 483
b91 20 1474 76 1507
b92 23 0 49 16
b93 67 312 132 347
b94 68 46 109 105
b95 197 540 248 559
b96 64 1588 104 1654
b97 129 29 146 96
b98 161 380 183 442
b99 54 1166 103 1232
