2201017.5
3285628
1116407
289 3863
709.819542
b0 99 2893 126 2908
b1 76 2746 103 2762
b2 123 2625 145 2651
b3 79 3265 100 3310
b4 140 787 180 832
b5 176 422 192 448
b6 138 3105 176 3132
b7 19 2927 54 2956
b8 102 2060 123 2096
b9 172 751 216 776
b10 122 865 137 896
b11 118 2176 159 2200
b12 189 116 206 135
b13 189 0 222 48
b14 66 2949 110 2970
b15 76 2731 110 2746
b16 113 3051 158 3093
b17 0 3826 41 3863
b18 184 1380 227 1424
b19 69 2324 105 2347
b20 148 1541 161 1558
b21 170 135 198 179
b22 102 2579 137 2608
b23 67 1811 107 1828
b24 160 529 178 553
b25 116 3337 145 3380
b26 124 1992 151 2010
b27 187 670 225 710
b28 76 2762 100 2774
b29 133 1402 162 1432
b30 80 2563 100 2591
b31 140 751 172 787
b32 142 1065 161 1087
b33 67 1581 112 1627
b34 54 3684 83 3696
b35 42 2807 54 2833
b36 124 1945 151 1975
b37 54 2927 66 2956
b38 136 2333 157 2352
b39 167 2281 179 2294
b40 61 2563 80 2610
b41 81 2112 117 2131
b42 183 448 229 473
b43 187 649 226 670
b44 214 174 241 198
b45 222 0 246 25
b46 150 1662 169 1675
b47 194 854 236 894
b48 98 2986 126 3020
b49 132 1777 156 1825
b50 122 2715 141 2729
b51 152 832 166 848
b52 50 3072 87 3090
b53 121 3093 157 3105
b54 0 3761 30 3795
b55 113 3020 139 3051
b56 121 1825 167 1856
b57 137 892 184 940
b58 134 514 159 539
b59 36 0 83 38
b60 83 0 122 16
b61 134 1601 165 1646
b62 54 2857 100 2893
b63 197 1235 233 1281
b64 36 2309 69 2324
b65 179 271 192 294
b66 183 377 225 422
b67 136 2300 150 2333
b68 46 3378 74 3423
b69 66 2060 102 2087
b70 161 1065 177 1110
b71 98 1741 132 1773
b72 110 2762 142 2777
b73 184 1424 196 1470
b74 183 473 226 507
b75 83 28 103 65
b76 134 669 173 705
b77 179 253 219 271
b78 61 2715 103 2731
b79 163 624 203 649
b80 112 1581 148 1596
b81 178 529 193 561
b82 36 2285 75 2309
b83 190 576 227 617
b84 150 2200 184 2238
b85 53 2155 87 2198
b86 155 953 194 997
b87 166 1675 211 1723
b88 153 1263 182 1307
b89 99 1469 119 1511
b90 89 2152 135 2176
b91 55 3031 98 3052
b92 138 1307 183 1354
b93 93 3052 113 3076
b94 46 3426 77 3445
b95 80 1946 124 1983
b96 72 2231 118 2264
b97 196 1149 236 1164
b98 165 1601 178 1636
b99 61 2347 101 2364
b100 127 1438 171 1483
b101 103 1402 133 1438
b102 61 2527 101 2563
b103 0 3130 34 3164
b104 30 3761 72 3775
b105 42 2774 77 2807
b106 177 1035 189 1068
b107 111 2285 143 2300
b108 146 335 183 373
b109 137 2579 179 2625
b110 183 335 222 377
b111 77 2836 90 2857
b112 146 373 176 398
b113 75 2285 111 2309
b114 134 2440 168 2484
b115 19 3108 53 3130
b116 65 3126 93 3145
b117 114 1924 153 1945
b118 80 1983 124 2021
b119 222 34 250 79
b120 179 299 215 335
b121 152 854 186 892
b122 54 3011 97 3031
b123 21 3712 44 3748
b124 159 576 190 611
b125 34 3487 80 3529
b126 112 1596 134 1608
b127 157 2238 182 2281
b128 153 1235 197 1263
b129 93 3161 127 3183
b130 165 1354 195 1380
b131 140 2497 188 2542
b132 226 617 244 656
b133 102 2608 117 2651
b134 65 3183 99 3230
b135 160 561 205 576
b136 55 3052 92 3064
b137 48 3585 69 3613
b138 58 3310 100 3338
b139 146 448 182 485
b140 34 3185 46 3228
b141 100 3265 119 3310
b142 139 2777 166 2814
b143 66 2087 90 2112
b144 24 3607 39 3647
b145 53 1972 66 2017
b146 97 3585 145 3618
b147 34 3445 64 3487
b148 24 3653 42 3673
b149 67 1924 114 1946
b150 19 2376 42 2407
b151 122 705 140 747
b152 142 1166 158 1185
b153 114 2389 155 2419
b154 124 1975 146 1992
b155 109 1265 134 1279
b156 99 1453 127 1469
b157 107 1899 127 1924
b158 159 611 182 624
b159 109 1185 153 1217
b160 134 1646 161 1662
b161 83 1534 129 1581
b162 67 1627 98 1645
b163 66 2927 99 2949
b164 19 3031 55 3072
b165 36 2324 57 2341
b166 132 1741 166 1777
b167 99 3183 135 3220
b168 34 3144 58 3185
b169 148 1562 172 1601
b170 134 624 163 669
b171 114 2300 136 2340
b172 53 1959 80 1972
b173 102 2494 127 2526
b174 48 3613 91 3629
b175 68 3548 83 3564
b176 155 997 188 1035
b177 189 79 230 116
b178 151 3248 168 3267
b179 42 2893 88 2927
b180 256 127 275 167
b181 122 3220 152 3248
b182 236 656 281 680
b183 21 3673 54 3712
b184 169 1210 215 1235
b185 169 1176 196 1210
b186 36 38 67 71
b187 0 0 36 38
b188 58 3338 95 3378
b189 170 204 214 216
b190 219 198 256 225
b191 83 65 99 99
b192 109 1217 138 1265
b193 142 1149 175 1166
b194 93 3093 121 3106
b195 109 953 142 966
b196 54 2970 95 3011
b197 192 271 229 299
b198 68 3529 116 3548
b199 19 3072 50 3108
b200 114 2352 157 2389
b201 134 485 160 514
b202 42 2731 76 2770
b203 121 2802 136 2830
b204 61 2494 102 2527
b205 0 3795 21 3810
b206 19 2341 61 2376
b207 146 253 179 281
b208 65 3230 92 3250
b209 120 1354 165 1390
b210 127 2497 140 2521
b211 120 1390 136 1402
b212 0 3177 21 3219
b213 101 2459 133 2473
b214 36 71 53 98
b215 101 2473 130 2494
b216 64 3445 106 3464
b217 74 3378 94 3426
b218 79 3250 122 3265
b219 101 2697 129 2715
b220 127 2542 157 2579
b221 219 225 232 270
b222 103 2777 137 2802
b223 98 1792 120 1811
b224 89 2131 134 2152
b225 222 299 269 337
b226 95 2970 134 2986
b227 142 953 155 985
b228 58 3250 79 3270
b229 24 3559 48 3607
b230 122 832 152 865
b231 198 174 214 204
b232 146 1856 188 1879
b233 21 3748 37 3761
b234 44 3712 77 3730
b235 101 2651 123 2697
b236 198 135 225 174
b237 93 3106 114 3146
b238 80 2021 107 2060
b239 229 337 269 359
b240 98 1773 121 1792
b241 101 2347 114 2371
b242 151 1945 173 1985
b243 134 2010 171 2044
b244 227 1281 264 1294
b245 148 1517 184 1541
b246 160 485 183 529
b247 161 1110 197 1149
b248 54 3653 97 3684
b249 116 3310 151 3337
b250 128 1483 159 1517
b251 246 0 289 34
b252 0 38 19 66
b253 225 127 240 140
b254 0 3164 24 3177
b255 72 3730 119 3769
b256 133 2484 154 2497
b257 72 2198 89 2231
b258 77 2802 121 2836
b259 83 16 109 28
b260 170 0 189 12
b261 122 35 134 80
b262 230 79 257 127
b263 140 705 187 751
b264 83 1511 128 1534
b265 93 3146 138 3161
b266 112 1693 157 1741
b267 194 894 228 933
b268 188 997 210 1022
b269 21 3808 58 3826
b270 103 1438 126 1453
b271 39 3629 81 3653
b272 122 0 146 35
b273 155 1035 176 1065
b274 134 2419 167 2440
b275 69 3585 91 3613
b276 34 3130 65 3144
b277 110 2715 122 2762
b278 183 1263 196 1305
b279 107 1856 146 1899
b280 166 832 197 854
b281 83 3548 113 3566
b282 24 3529 68 3559
b283 75 2309 88 2324
b284 161 1541 191 1562
b285 30 3775 43 3808
b286 36 2198 72 2239
b287 72 2264 114 2285
b288 65 3090 93 3126
b289 170 216 203 253
b290 153 1185 169 1212
b291 53 2112 81 2155
b292 146 0 170 39
b293 68 3566 111 3585
b294 103 1279 120 1305
b295 122 940 165 953
b296 175 1149 191 1176
b297 112 1662 150 1693
b298 101 2419 134 2459
b299 67 1946 80 1959
