309790.5
417531
202050
449 450
148.285761
b0 145 354 181 370
b1 138 52 177 71
b2 414 36 449 77
b3 393 97 411 144
b4 411 118 443 144
b5 179 30 214 61
b6 388 278 417 291
b7 90 316 118 337
b8 0 214 32 229
b9 144 396 190 430
b10 25 68 70 100
b11 402 144 416 180
b12 309 328 351 364
b13 366 36 414 81
b14 25 142 40 167
b15 264 0 309 46
b16 355 186 377 204
b17 362 370 388 403
b18 356 138 390 157
b19 237 146 249 176
b20 301 421 334 449
b21 250 132 294 171
b22 152 133 191 159
b23 191 86 231 111
b24 366 81 381 106
b25 388 0 424 36
b26 23 400 66 425
b27 0 280 15 314
b28 313 49 359 87
b29 301 364 338 376
b30 123 192 150 209
b31 237 251 253 288
b32 25 0 57 23
b33 99 60 117 96
b34 290 193 309 231
b35 313 34 346 49
b36 238 220 250 248
b37 243 405 259 426
b38 25 167 51 200
b39 336 87 366 129
b40 138 24 179 52
b41 117 68 133 84
b42 191 146 210 190
b43 113 276 147 316
b44 355 204 371 231
b45 23 200 60 214
b46 249 13 264 61
b47 0 173 23 187
b48 179 61 205 85
b49 36 214 76 245
b50 268 363 301 405
b51 118 316 145 364
b52 292 231 319 268
b53 60 197 78 214
b54 356 170 399 186
b55 213 0 259 13
b56 255 269 277 294
b57 190 266 209 314
b58 0 67 19 108
b59 342 282 388 328
b60 188 314 218 349
b61 41 134 75 167
b62 338 405 375 450
b63 102 25 117 60
b64 182 349 230 396
b65 180 0 213 30
b66 277 269 308 300
b67 402 187 446 224
b68 338 370 362 405
b69 271 300 309 319
b70 138 71 174 85
b71 57 33 99 67
b72 309 183 343 216
b73 25 100 63 118
b74 123 118 152 136
b75 274 421 301 444
b76 109 134 123 146
b77 25 118 41 142
b78 343 231 386 257
b79 271 319 308 338
b80 259 433 274 447
b81 51 177 83 197
b82 334 0 366 33
b83 255 250 292 269
b84 58 277 101 314
b85 152 85 189 133
b86 266 195 290 219
b87 317 87 336 132
b88 66 412 109 440
b89 231 405 243 440
b90 231 310 255 355
b91 209 266 237 310
b92 138 0 180 24
b93 117 25 138 68
b94 67 104 83 119
b95 106 251 142 276
b96 255 338 300 363
b97 123 136 151 161
b98 41 118 67 134
b99 0 108 20 145
b100 239 195 266 220
b101 149 239 189 287
b102 144 370 182 395
b103 375 403 407 435
b104 102 0 138 25
b105 102 375 144 406
b106 190 396 229 430
b107 259 405 304 421
b108 57 0 90 12
b109 191 111 203 133
b110 0 387 23 431
b111 294 175 307 193
b112 295 46 313 92
b113 416 144 444 187
b114 319 256 338 295
b115 253 220 290 250
b116 231 363 268 405
b117 78 375 102 412
b118 317 148 356 183
b119 249 171 285 195
b120 191 251 236 266
b121 25 23 57 68
b122 28 270 58 313
b123 156 159 191 172
b124 218 310 231 349
b125 57 12 85 30
b126 90 337 118 375
b127 0 187 22 211
b128 83 104 108 140
b129 388 335 432 381
b130 388 291 433 335
b131 0 229 36 249
b132 294 137 310 175
b133 259 421 273 433
b134 264 46 293 62
b135 70 67 85 104
b136 276 93 295 117
b137 109 406 131 424
b138 147 332 177 354
b139 123 161 156 192
b140 109 118 121 134
b141 309 0 334 34
b142 210 146 237 192
b143 44 314 90 358
b144 36 245 65 270
b145 388 244 433 278
b146 156 172 190 205
b147 0 249 12 280
b148 370 257 387 282
b149 109 96 131 118
b150 76 264 106 277
b151 381 81 408 97
b152 309 295 342 328
b153 15 269 27 309
b154 0 314 44 356
b155 131 104 144 116
b156 234 97 276 116
b157 66 358 78 400
b158 342 257 370 274
b159 0 31 24 67
b160 433 224 445 260
b161 276 62 295 93
b162 343 183 355 213
b163 191 205 238 251
b164 366 106 393 138
b165 414 77 447 118
b166 101 277 113 313
b167 203 132 250 146
b168 205 61 242 86
b169 78 199 106 245
b170 295 92 317 137
b171 242 62 276 97
b172 0 0 25 31
b173 316 376 338 418
b174 402 224 427 244
b175 304 376 316 410
b176 12 249 28 269
b177 203 111 234 132
b178 317 132 337 148
b179 147 287 188 332
b180 131 85 152 104
b181 250 117 292 132
b182 90 0 102 33
b183 109 430 146 446
b184 78 245 98 264
b185 356 157 400 170
b186 191 192 239 205
b187 366 0 388 24
b188 319 216 343 256
b189 0 356 20 387
b190 75 140 109 177
b191 351 328 388 370
b192 0 145 22 173
b193 23 358 66 400
b194 106 209 149 251
b195 377 186 402 222
b196 255 294 271 333
b197 214 13 249 60
b198 83 177 123 199
b199 150 205 190 239
