441943.5
571410
312477
561 557
81.943926
b0 433 77 460 92
b1 85 83 112 99
b2 433 92 459 114
b3 443 201 464 246
b4 113 0 158 40
b5 13 303 29 329
b6 298 46 336 73
b7 60 328 89 363
b8 89 316 110 352
b9 178 359 203 403
b10 268 210 283 241
b11 167 87 208 111
b12 113 40 132 57
b13 309 131 342 179
b14 316 311 360 332
b15 324 296 358 311
b16 0 478 45 520
b17 423 164 464 201
b18 375 176 418 220
b19 337 438 373 461
b20 85 66 98 83
b21 278 103 322 131
b22 404 0 433 35
b23 387 0 404 40
b24 372 288 390 312
b25 176 316 205 359
b26 357 227 375 254
b27 460 121 500 159
b28 13 367 25 391
b29 374 101 403 131
b30 91 420 111 448
b31 110 314 142 350
b32 512 251 534 270
b33 202 133 247 179
b34 387 516 416 528
b35 207 410 233 422
b36 433 114 460 144
b37 257 475 269 504
b38 57 121 76 142
b39 150 166 162 179
b40 175 297 222 316
b41 269 475 288 511
b42 29 303 75 328
b43 290 190 311 229
b44 47 485 74 509
b45 332 240 357 264
b46 423 219 436 238
b47 506 154 548 194
b48 324 461 358 489
b49 464 41 512 65
b50 53 47 67 66
b51 468 477 484 491
b52 0 0 37 18
b53 355 89 391 101
b54 150 136 184 166
b55 62 365 93 391
b56 254 0 300 31
b57 37 0 85 47
b58 425 375 450 400
b59 13 329 60 367
b60 372 331 411 347
b61 337 407 382 438
b62 300 0 336 46
b63 139 266 175 312
b64 468 462 501 477
b65 62 391 75 414
b66 466 218 511 260
b67 13 274 46 288
b68 255 419 300 447
b69 322 103 358 130
b70 37 47 53 92
b71 189 242 223 274
b72 201 54 216 86
b73 132 40 178 52
b74 303 503 346 537
b75 422 144 459 164
b76 0 18 36 57
b77 414 311 432 351
b78 0 462 42 478
b79 468 369 508 394
b80 26 401 62 416
b81 141 399 173 414
b82 395 247 434 271
b83 433 0 470 41
b84 46 196 80 234
b85 303 404 337 447
b86 224 210 268 249
b87 94 266 139 314
b88 216 56 245 100
b89 290 229 332 249
b90 464 194 510 218
b91 47 416 68 459
b92 511 206 558 251
b93 495 65 515 89
b94 276 327 307 346
b95 468 332 512 369
b96 155 54 201 87
b97 335 179 375 194
b98 506 141 541 154
b99 468 394 508 411
b100 342 131 386 176
b101 128 466 164 496
b102 13 234 49 274
b103 93 229 127 263
b104 303 489 345 503
b105 76 121 111 154
b106 0 261 12 294
b107 13 288 45 303
b108 508 449 546 486
b109 113 57 155 103
b110 390 272 432 311
b111 91 407 112 420
b112 286 73 311 103
b113 276 346 312 370
b114 290 249 324 293
b115 158 523 192 545
b116 271 241 290 269
b117 512 315 551 336
b118 169 416 207 460
b119 382 442 427 470
b120 386 131 422 167
b121 260 31 298 65
b122 37 121 57 164
b123 68 425 91 461
b124 89 484 120 519
b125 515 63 561 105
b126 128 496 150 508
b127 47 509 72 552
b128 382 414 426 442
b129 365 0 387 34
b130 432 311 462 337
b131 207 422 255 467
b132 472 281 511 299
b133 450 359 465 402
b134 0 57 34 104
b135 262 370 307 385
b136 0 203 12 240
b137 0 182 28 203
b138 205 368 233 410
b139 248 131 285 167
b140 510 194 553 206
b141 301 385 346 404
b142 416 503 453 530
b143 355 64 379 89
b144 57 154 97 169
b145 0 309 13 354
b146 360 347 408 380
b147 53 79 83 121
b148 423 201 443 219
b149 147 414 169 461
b150 346 516 377 539
b151 93 365 111 407
b152 207 493 226 509
b153 0 119 30 160
b154 71 169 93 186
b155 179 210 204 224
b156 294 293 322 309
b157 375 247 395 272
b158 179 179 202 192
b159 324 264 368 296
b160 470 0 486 27
b161 379 40 425 87
b162 170 224 201 242
b163 142 355 175 377
b164 235 333 276 369
b165 158 0 175 21
b166 26 367 62 401
b167 512 336 549 372
b168 519 39 560 63
b169 85 27 109 66
b170 336 0 365 45
b171 138 377 178 399
b172 100 0 113 27
b173 192 523 224 548
b174 184 136 200 179
b175 85 0 100 16
b176 387 470 425 503
b177 217 0 254 41
b178 158 23 177 40
b179 13 416 47 462
b180 504 486 523 526
b181 436 246 466 274
b182 224 249 269 273
b183 335 194 374 227
b184 362 470 387 516
b185 346 380 380 407
b186 13 203 46 234
b187 506 105 544 141
b188 432 274 472 311
b189 460 77 472 121
b190 113 103 150 130
b191 75 391 91 425
b192 233 369 262 417
b193 303 537 336 554
b194 74 485 87 513
b195 290 447 303 480
b196 427 439 468 480
b197 226 514 254 551
b198 75 268 94 316
b199 433 41 464 77
b200 127 229 170 266
b201 205 342 234 368
b202 262 385 301 419
b203 0 104 28 119
b204 245 65 286 98
b205 307 370 328 385
b206 464 159 506 194
b207 257 447 290 475
b208 204 210 224 237
b209 101 193 146 229
b210 453 480 466 504
b211 375 272 387 288
b212 303 447 324 489
b213 328 365 360 379
b214 468 411 495 428
b215 112 404 141 425
b216 372 312 414 331
b217 93 173 141 193
b218 217 41 260 56
b219 450 402 468 430
b220 113 130 150 160
b221 89 352 134 365
b222 167 111 201 136
b223 287 131 309 150
b224 72 519 117 540
b225 508 372 555 410
b226 411 359 450 375
b227 173 403 205 416
b228 159 179 179 200
b229 311 179 335 227
b230 248 98 278 131
b231 358 101 374 131
b232 175 0 217 23
b233 387 503 403 516
b234 486 0 519 18
b235 202 111 248 133
b236 111 365 138 404
b237 164 502 204 523
b238 519 0 546 39
b239 287 150 309 190
b240 271 293 294 312
b241 13 391 26 415
b242 164 461 186 501
b243 468 428 505 462
b244 222 294 235 331
b245 468 491 504 515
b246 472 65 495 109
b247 235 294 271 333
b248 202 179 245 210
b249 36 169 71 196
b250 178 23 212 54
b251 382 380 425 414
b252 238 467 257 495
b253 0 294 13 309
b254 53 66 77 79
b255 508 410 555 449
b256 0 240 13 261
b257 150 103 167 136
b258 49 234 93 268
b259 207 467 219 493
b260 360 296 372 315
b261 0 396 12 441
b262 375 220 423 247
b263 254 511 301 557
b264 175 274 220 297
b265 271 312 316 327
b266 512 270 560 315
b267 142 316 176 355
b268 432 337 457 359
b269 91 466 128 484
b270 179 192 202 207
b271 47 461 89 485
b272 49 268 73 303
b273 472 260 502 281
b274 80 193 101 226
b275 146 200 168 228
b276 175 242 189 273
b277 226 467 238 514
b278 0 354 13 396
b279 248 167 287 210
b280 0 160 31 182
b281 486 18 516 36
b282 311 73 355 103
b283 335 227 350 240
b284 223 273 253 294
b285 113 160 146 173
b286 111 425 147 466
b287 186 460 207 502
b288 468 515 504 543
b289 316 332 353 365
b290 346 489 362 516
b291 403 87 431 130
b292 426 400 450 439
b293 336 45 379 64
b294 205 316 222 342
b295 72 540 115 553
b296 37 92 53 119
b297 120 508 158 539
b298 472 299 512 332
b299 146 179 159 192
