370619.25
555976.5
185262
401 462
17.69216
b0 278 372 314 388
b1 354 300 393 319
b2 122 49 163 84
b3 163 191 210 209
b4 14 216 46 242
b5 366 34 401 65
b6 44 399 57 428
b7 91 113 119 134
b8 73 155 88 187
b9 304 0 338 46
b10 164 0 196 45
b11 0 47 14 83
b12 91 134 133 170
b13 314 372 359 420
b14 379 111 394 136
b15 135 416 181 461
b16 73 87 91 109
b17 240 384 273 410
b18 103 41 122 75
b19 210 188 240 200
b20 102 383 130 416
b21 313 191 352 235
b22 68 277 107 303
b23 158 391 198 416
b24 359 422 384 437
b25 166 111 202 147
b26 358 437 401 462
b27 14 201 48 216
b28 60 338 98 384
b29 0 201 12 238
b30 202 349 219 376
b31 247 114 263 151
b32 292 309 315 341
b33 218 278 236 314
b34 202 391 240 410
b35 245 369 278 384
b36 263 114 275 142
b37 14 137 30 158
b38 208 316 234 349
b39 14 34 56 64
b40 307 68 348 96
b41 68 303 84 319
b42 246 52 265 96
b43 206 67 246 101
b44 372 319 388 346
b45 0 427 37 441
b46 243 151 258 199
b47 202 377 225 391
b48 219 353 245 377
b49 252 306 292 337
b50 181 416 214 458
b51 352 172 400 199
b52 48 208 75 245
b53 56 152 73 170
b54 44 338 60 381
b55 354 211 400 224
b56 338 16 360 41
b57 239 200 258 248
b58 103 0 122 41
b59 109 210 155 256
b60 59 57 94 87
b61 338 319 372 352
b62 14 64 51 109
b63 373 136 388 171
b64 107 256 155 303
b65 218 248 251 278
b66 304 235 335 266
b67 122 84 166 121
b68 138 174 162 209
b69 362 367 400 386
b70 0 125 14 161
b71 155 287 197 321
b72 209 142 243 175
b73 277 97 315 115
b74 197 287 215 316
b75 130 385 153 412
b76 122 121 136 133
b77 338 0 362 16
b78 155 244 181 287
b79 295 424 314 461
b80 43 170 57 185
b81 301 48 333 68
b82 43 245 76 277
b83 335 235 354 272
b84 0 313 43 350
b85 267 0 304 48
b86 370 65 394 89
b87 230 410 275 429
b88 0 285 43 313
b89 234 318 246 353
b90 57 399 102 423
b91 76 233 104 277
b92 265 73 307 97
b93 352 129 373 172
b94 372 346 388 361
b95 113 174 138 210
b96 214 200 239 245
b97 43 277 68 305
b98 214 410 230 436
b99 247 0 267 37
b100 274 275 299 302
b101 258 151 306 191
b102 94 75 119 113
b103 59 0 91 32
b104 359 386 384 422
b105 0 396 42 427
b106 362 0 401 34
b107 384 386 400 431
b108 91 0 103 33
b109 0 179 12 201
b110 306 149 350 172
b111 0 161 13 179
b112 73 109 91 155
b113 308 120 351 148
b114 311 172 350 191
b115 133 137 163 174
b116 181 245 218 287
b117 214 436 251 460
b118 319 272 354 311
b119 223 0 247 36
b120 44 384 89 399
b121 246 337 291 369
b122 163 46 206 76
b123 166 98 201 111
b124 145 346 158 385
b125 351 111 379 129
b126 236 278 274 306
b127 186 321 208 345
b128 189 209 214 245
b129 0 350 44 396
b130 158 346 202 391
b131 0 441 36 461
b132 57 170 73 208
b133 304 266 318 278
b134 136 121 165 137
b135 206 52 243 67
b136 338 352 362 371
b137 91 170 113 188
b138 351 89 381 111
b139 263 429 294 462
b140 236 306 252 318
b141 279 207 313 232
b142 196 0 223 46
b143 163 147 209 191
b144 14 158 43 183
b145 14 0 59 34
b146 275 115 308 149
b147 354 199 385 211
b148 82 443 107 460
b149 51 87 73 109
b150 209 175 239 188
b151 275 388 302 404
b152 76 200 109 233
b153 73 188 113 200
b154 314 420 358 462
b155 43 152 56 164
b156 43 319 85 338
b157 0 83 12 125
b158 14 109 31 137
b159 315 96 351 120
b160 122 37 158 49
b161 202 101 233 120
b162 251 248 263 278
b163 98 337 145 383
b164 122 303 149 335
b165 263 242 304 275
b166 302 388 314 424
b167 0 0 14 47
b168 149 321 186 346
b169 107 416 135 462
b170 202 120 247 142
b171 155 209 189 244
b172 291 341 316 372
b173 316 311 338 353
b174 82 423 107 443
b175 388 136 400 170
b176 258 191 274 211
b177 258 211 279 242
b178 381 89 397 109
b179 354 224 399 265
b180 316 353 337 372
b181 223 37 265 52
b182 251 429 263 462
b183 274 191 311 207
b184 275 404 295 423
b185 233 101 277 114
b186 388 319 401 367
b187 348 65 370 89
b188 59 33 99 57
b189 299 278 319 309
b190 85 303 122 337
b191 122 0 164 37
b192 338 41 366 63
b193 31 109 73 152
b194 0 242 42 285
b195 265 48 301 73
b196 14 185 53 201
b197 354 265 401 300
b198 166 76 206 98
b199 42 428 82 462
