245801.5
302403
189200
430 440
1.066789
b0 347 251 380 294
b1 206 277 243 342
b2 0 67 53 101
b3 37 271 74 338
b4 113 209 142 228
b5 380 275 429 314
b6 193 26 211 66
b7 219 205 241 245
b8 380 213 430 275
b9 179 351 195 392
b10 350 55 368 107
b11 274 0 333 39
b12 122 0 183 28
b13 91 316 139 373
b14 211 0 274 43
b15 159 148 211 207
b16 122 64 158 121
b17 363 169 429 213
b18 221 392 272 440
b19 69 373 100 423
b20 0 315 37 334
b21 312 390 376 440
b22 0 234 34 283
b23 375 314 424 334
b24 62 178 107 206
b25 243 273 282 327
b26 333 0 373 55
b27 140 326 205 351
b28 0 139 46 178
b29 34 206 96 230
b30 183 0 207 26
b31 167 28 193 62
b32 158 66 211 109
b33 67 338 89 373
b34 42 377 69 431
b35 373 52 411 83
b36 0 338 67 377
b37 22 377 42 437
b38 211 43 268 66
b39 61 18 113 73
b40 33 178 62 204
b41 122 121 177 148
b42 376 334 429 396
b43 113 148 159 209
b44 263 327 310 392
b45 96 228 140 251
b46 140 351 179 373
b47 310 317 375 350
b48 211 126 268 153
b49 93 251 140 316
b50 159 245 226 277
b51 312 55 350 112
b52 309 149 363 194
b53 92 73 113 116
b54 61 0 122 18
b55 324 217 380 251
b56 142 209 159 272
b57 195 351 213 398
b58 243 205 277 251
b59 310 251 347 301
b60 388 83 428 106
b61 324 194 357 217
b62 159 226 219 245
b63 122 28 167 64
b64 213 342 263 389
b65 252 66 308 123
b66 0 0 61 67
b67 272 392 312 436
b68 211 153 274 205
b69 282 273 309 327
b70 179 398 221 440
b71 243 251 307 273
b72 365 108 426 169
b73 46 117 113 178
b74 0 101 42 139
b75 373 0 392 28
b76 392 0 425 22
b77 100 373 157 439
b78 0 283 36 315
b79 211 66 252 126
b80 411 22 427 80
b81 376 396 426 436
b82 277 194 324 251
b83 310 301 332 317
b84 157 373 179 440
b85 368 83 388 108
b86 309 112 365 149
b87 53 73 92 117
b88 373 28 410 52
b89 274 39 312 66
b90 177 109 210 148
b91 0 178 33 234
b92 347 294 373 310
b93 274 123 309 188
b94 34 230 93 271
b95 159 207 210 226
b96 310 350 376 390
b97 74 271 91 338
b98 0 377 22 439
b99 140 277 206 326
