571524.25
850665.5
292383
441 663
22.265508
b0 271 133 298 148
b1 121 516 148 532
b2 391 626 413 652
b3 312 152 357 173
b4 287 616 327 661
b5 133 0 149 26
b6 0 508 27 546
b7 0 394 29 429
b8 12 121 48 142
b9 327 616 352 660
b10 364 344 395 359
b11 416 42 440 83
b12 25 61 44 78
b13 65 99 113 132
b14 99 357 120 401
b15 67 433 101 448
b16 31 377 73 422
b17 307 75 344 116
b18 95 620 139 663
b19 31 639 67 662
b20 297 200 314 213
b21 67 619 95 663
b22 355 598 390 627
b23 41 575 81 592
b24 392 64 416 82
b25 149 0 192 29
b26 291 422 309 449
b27 192 0 230 40
b28 113 84 125 108
b29 391 571 421 600
b30 364 151 392 171
b31 45 171 77 207
b32 155 154 174 176
b33 395 451 441 496
b34 0 89 12 118
b35 245 140 271 152
b36 49 0 76 30
b37 410 311 439 323
b38 356 0 377 19
b39 249 257 262 269
b40 227 605 274 624
b41 25 25 44 61
b42 174 152 220 177
b43 344 64 383 85
b44 142 638 169 662
b45 25 0 49 25
b46 387 39 400 58
b47 218 279 260 319
b48 31 207 65 235
b49 391 547 439 571
b50 262 280 281 294
b51 65 207 79 223
b52 200 112 218 149
b53 355 390 391 402
b54 147 205 177 239
b55 369 359 395 390
b56 364 171 395 217
b57 73 448 120 496
b58 223 68 248 93
b59 113 116 160 154
b60 400 25 416 64
b61 171 381 216 412
b62 310 240 356 276
b63 395 368 441 404
b64 354 49 387 64
b65 274 200 297 213
b66 246 422 291 464
b67 80 84 113 98
b68 218 112 263 140
b69 0 472 27 508
b70 125 76 170 92
b71 329 206 361 240
b72 156 388 171 420
b73 310 0 356 12
b74 253 379 287 422
b75 71 321 108 341
b76 274 0 310 39
b77 71 303 111 321
b78 151 520 167 562
b79 71 278 111 303
b80 12 325 27 361
b81 167 531 182 563
b82 72 36 96 75
b83 315 530 352 571
b84 146 276 184 310
b85 392 99 435 133
b86 177 197 221 236
b87 262 213 310 258
b88 226 176 255 220
b89 142 600 184 620
b90 120 461 166 485
b91 395 347 438 368
b92 125 29 170 76
b93 332 492 356 512
b94 0 375 31 394
b95 275 578 319 615
b96 269 514 315 547
b97 183 236 198 276
b98 287 324 322 337
b99 71 261 111 278
b100 182 531 226 576
b101 120 418 156 448
b102 230 32 270 68
b103 343 117 377 151
b104 210 517 252 531
b105 329 173 364 206
b106 344 105 377 117
b107 311 346 343 361
b108 27 325 65 362
b109 12 283 58 325
b110 322 307 364 346
b111 210 68 223 89
b112 121 532 151 557
b113 44 75 80 99
b114 32 541 76 575
b115 120 396 154 418
b116 169 644 197 663
b117 170 29 191 68
b118 311 362 355 400
b119 28 456 73 484
b120 352 627 388 663
b121 357 254 395 288
b122 344 85 387 105
b123 395 324 431 347
b124 111 261 146 292
b125 227 531 269 577
b126 262 191 274 213
b127 120 328 145 371
b128 287 280 315 324
b129 210 495 244 517
b130 391 600 421 626
b131 395 133 440 181
b132 377 0 395 39
b133 395 296 438 311
b134 270 70 304 117
b135 31 362 76 377
b136 216 383 253 395
b137 44 54 72 75
b138 367 302 395 344
b139 147 239 183 276
b140 0 118 12 161
b141 201 93 246 112
b142 216 395 253 422
b143 120 371 144 396
b144 187 609 227 624
b145 322 294 367 307
b146 360 468 393 516
b147 113 154 155 184
b148 183 80 201 100
b149 287 400 334 422
b150 78 132 109 155
b151 315 276 357 294
b152 169 365 188 381
b153 0 575 41 605
b154 391 530 413 547
b155 367 288 392 302
b156 413 530 441 546
b157 220 140 245 160
b158 58 283 71 306
b159 230 0 274 32
b160 260 294 287 310
b161 395 404 441 451
b162 94 402 112 433
b163 111 292 144 314
b164 76 0 117 36
b165 416 25 437 42
b166 31 422 67 456
b167 145 310 182 346
b168 31 235 72 259
b169 12 142 51 166
b170 366 402 395 447
b171 25 99 65 121
b172 264 464 291 477
b173 79 201 111 226
b174 65 341 108 357
b175 341 512 357 527
b176 114 205 147 243
b177 221 220 262 257
b178 169 346 186 365
b179 395 181 441 215
b180 12 207 31 247
b181 336 402 366 430
b182 142 576 187 600
b183 255 152 288 191
b184 395 0 441 25
b185 413 626 440 660
b186 274 39 307 70
b187 172 495 210 531
b188 81 571 121 608
b189 0 0 12 44
b190 309 422 336 459
b191 220 160 254 176
b192 96 36 125 84
b193 12 247 29 280
b194 0 362 28 375
b195 24 605 37 638
b196 166 447 207 488
b197 192 40 229 68
b198 121 557 140 605
b199 207 459 238 495
b200 244 477 287 514
b201 336 430 362 459
b202 357 516 391 555
b203 77 186 105 201
b204 12 166 45 207
b205 287 337 302 358
b206 72 226 114 261
b207 218 332 251 360
b208 170 624 197 644
b209 319 571 355 616
b210 287 383 311 396
b211 343 346 355 362
b212 27 484 69 505
b213 111 314 143 328
b214 260 310 287 327
b215 366 447 395 468
b216 171 412 213 431
b217 178 177 226 197
b218 314 173 329 216
b219 142 620 170 638
b220 364 217 394 254
b221 120 448 165 461
b222 251 354 285 379
b223 310 216 329 238
b224 287 492 332 513
b225 240 624 287 662
b226 156 431 195 447
b227 159 488 172 520
b228 37 619 58 639
b229 288 152 312 200
b230 330 459 360 492
b231 270 117 300 133
b232 310 12 352 35
b233 12 80 25 96
b234 114 243 147 261
b235 262 258 308 280
b236 41 592 80 619
b237 188 360 228 381
b238 51 132 78 171
b239 198 236 220 276
b240 155 177 178 196
b241 49 30 62 54
b242 248 68 270 108
b243 184 276 218 313
b244 170 68 183 105
b245 125 92 161 116
b246 310 35 354 58
b247 304 116 343 152
b248 269 547 312 578
b249 251 327 286 354
b250 78 155 112 186
b251 357 555 391 598
b252 13 546 32 574
b253 395 311 410 324
b254 12 0 25 24
b255 161 105 200 152
b256 0 546 13 567
b257 310 58 343 75
b258 395 215 439 249
b259 238 464 264 476
b260 191 68 210 80
b261 0 44 12 89
b262 227 578 275 605
b263 395 249 441 296
b264 76 357 99 402
b265 377 105 392 150
b266 73 496 121 541
b267 393 496 432 530
b268 287 358 309 383
b269 291 449 309 486
b270 228 360 243 383
b271 145 346 169 388
b272 0 605 24 640
b273 356 19 377 49
b274 309 459 330 492
b275 221 257 249 279
b276 355 359 369 390
b277 95 608 142 620
b278 140 563 182 576
b279 197 624 240 663
b280 0 640 31 662
b281 186 341 216 359
b282 76 541 120 571
b283 25 78 40 91
b284 73 402 94 432
b285 218 319 251 332
b286 27 505 68 541
b287 113 184 155 205
b288 182 313 218 341
b289 213 422 246 459
b290 117 0 133 27
b291 0 429 28 472
b292 31 259 70 283
b293 421 571 440 614
b294 315 513 341 530
b295 12 24 25 67
b296 392 83 419 99
b297 121 485 159 516
b298 187 576 227 609
b299 12 67 25 80
