1069922.25
1625606.5
514238
223 2306
124.402265
b0 98 1201 134 1217
b1 117 178 136 217
b2 91 745 132 780
b3 0 82 18 129
b4 61 2094 87 2126
b5 73 1257 108 1288
b6 98 1217 127 1230
b7 82 1588 110 1609
b8 91 844 123 859
b9 159 104 205 138
b10 124 358 169 390
b11 108 965 122 1001
b12 40 1771 76 1813
b13 175 1112 223 1157
b14 134 1342 149 1367
b15 162 824 207 870
b16 131 1217 149 1239
b17 22 2171 55 2197
b18 141 983 175 1002
b19 52 769 82 781
b20 129 235 157 268
b21 153 65 197 104
b22 131 1239 157 1278
b23 141 958 181 983
b24 107 1143 132 1158
b25 40 1419 76 1455
b26 107 1502 150 1527
b27 108 859 142 874
b28 98 95 144 133
b29 95 1452 107 1489
b30 148 761 165 788
b31 113 1087 150 1103
b32 136 440 159 472
b33 52 733 70 769
b34 124 698 143 736
b35 140 901 155 934
b36 134 824 162 836
b37 136 167 152 188
b38 161 440 194 466
b39 44 2052 74 2094
b40 22 2197 50 2238
b41 115 1416 131 1432
b42 80 353 99 397
b43 0 0 40 34
b44 76 1771 103 1787
b45 99 353 113 390
b46 40 1023 88 1038
b47 140 0 163 14
b48 109 616 133 642
b49 142 870 182 901
b50 52 451 85 493
b51 113 1634 140 1682
b52 151 1002 178 1039
b53 181 733 198 751
b54 91 810 134 826
b55 140 14 153 60
b56 132 736 154 761
b57 117 268 136 316
b58 115 1432 134 1473
b59 40 1373 86 1419
b60 136 200 166 235
b61 119 516 152 550
b62 44 2126 81 2171
b63 164 1273 179 1308
b64 122 1039 169 1087
b65 134 1309 164 1342
b66 131 1278 162 1309
b67 80 316 124 353
b68 141 934 176 958
b69 109 1230 128 1268
b70 134 1143 170 1157
b71 94 397 136 431
b72 62 1899 96 1932
b73 181 901 199 939
b74 40 1813 69 1831
b75 133 592 156 619
b76 181 313 195 325
b77 74 2052 98 2068
b78 149 1157 175 1200
b79 82 1548 101 1585
b80 94 494 108 509
b81 74 2068 106 2088
b82 72 990 104 1023
b83 88 1083 107 1120
b84 149 1200 192 1237
b85 98 1976 146 2013
b86 109 592 133 616
b87 96 934 141 953
b88 52 0 80 43
b89 140 60 152 95
b90 76 1609 121 1633
b91 85 642 129 670
b92 52 427 94 451
b93 95 1527 138 1548
b94 144 104 159 120
b95 72 965 108 990
b96 98 133 123 178
b97 163 0 188 28
b98 132 761 148 787
b99 150 1489 187 1509
b100 123 1714 150 1739
b101 0 34 40 82
b102 73 1288 98 1326
b103 108 874 140 906
b104 40 1492 76 1517
b105 113 1112 155 1143
b106 71 1732 105 1771
b107 76 1682 121 1698
b108 91 698 124 710
b109 98 178 110 200
b110 0 2038 44 2061
b111 115 1489 133 1502
b112 62 1831 80 1877
b113 24 2238 67 2266
b114 136 421 175 440
b115 76 1633 113 1663
b116 80 200 117 242
b117 0 2238 24 2275
b118 52 698 91 733
b119 157 1237 181 1273
b120 154 654 169 699
b121 18 1973 50 2018
b122 80 1787 123 1817
b123 144 120 157 155
b124 63 1978 76 2017
b125 80 0 98 28
b126 169 466 207 494
b127 62 1877 86 1899
b128 72 859 108 884
b129 18 1831 62 1877
b130 143 268 187 313
b131 73 1237 109 1257
b132 166 1509 204 1525
b133 113 826 127 838
b134 122 1002 151 1018
b135 163 28 178 65
b136 72 884 96 903
b137 91 826 113 844
b138 132 788 162 810
b139 136 390 169 421
b140 169 344 181 360
b141 94 460 119 494
b142 63 1932 90 1978
b143 90 1932 136 1976
b144 94 431 119 460
b145 121 1588 166 1622
b146 40 1038 73 1072
b147 169 313 181 344
b148 44 2094 61 2119
b149 175 360 197 382
b150 80 397 93 427
b151 80 1817 96 1844
b152 82 1419 115 1452
b153 129 642 169 654
b154 119 472 161 516
b155 117 217 129 230
b156 124 316 143 358
b157 70 733 112 745
b158 91 710 119 727
b159 152 1342 176 1378
b160 40 0 52 36
b161 122 965 141 996
b162 108 906 138 918
b163 53 1326 99 1373
b164 40 781 72 808
b165 152 167 193 200
b166 123 155 159 167
b167 134 810 181 824
b168 150 1087 187 1112
b169 85 670 131 698
b170 55 2171 77 2216
b171 154 699 189 733
b172 40 1517 71 1542
b173 98 0 140 22
b174 88 1063 113 1083
b175 96 953 130 965
b176 53 1072 73 1088
b177 0 2275 21 2306
b178 142 836 162 852
b179 18 1932 63 1973
b180 72 781 91 802
b181 119 550 134 592
b182 121 1622 154 1634
b183 115 1473 152 1489
b184 188 0 208 19
b185 40 1072 53 1116
b186 82 1452 95 1500
b187 0 2061 22 2085
b188 85 509 109 549
b189 18 2018 49 2038
b190 71 1698 108 1732
b191 40 1455 82 1492
b192 86 1844 108 1872
b193 88 1158 130 1201
b194 86 1373 128 1416
b195 73 1201 98 1237
b196 108 1698 147 1714
b197 50 2017 97 2052
b198 101 1548 123 1588
b199 88 1023 122 1063
