2252552.75
3379925.5
1125180
282 3990
483.171536
b0 103 1186 130 1201
b1 93 1998 120 2014
b2 111 3315 133 3341
b3 26 3893 47 3938
b4 101 907 141 952
b5 103 1243 119 1269
b6 101 0 139 27
b7 200 0 235 29
b8 117 3279 138 3315
b9 102 2424 146 2449
b10 173 557 188 588
b11 146 892 187 916
b12 102 3341 119 3360
b13 151 0 184 48
b14 46 3624 90 3645
b15 25 1639 59 1654
b16 44 3307 89 3349
b17 171 1701 212 1738
b18 78 1314 121 1358
b19 102 952 138 975
b20 170 354 183 371
b21 78 1269 106 1313
b22 87 2558 122 2587
b23 125 2818 165 2835
b24 59 2077 77 2101
b25 103 1391 132 1434
b26 101 733 128 751
b27 67 3645 105 3685
b28 78 952 102 964
b29 122 1878 151 1908
b30 89 3394 109 3422
b31 19 3764 51 3800
b32 59 21 78 43
b33 134 1563 179 1609
b34 88 3231 117 3243
b35 130 1199 142 1225
b36 141 862 168 892
b37 88 2803 100 2832
b38 73 2268 94 2287
b39 133 1314 145 1327
b40 47 3893 66 3940
b41 99 1778 135 1797
b42 133 1327 179 1352
b43 146 588 185 609
b44 102 1162 129 1186
b45 101 27 125 52
b46 0 3334 19 3347
b47 93 1499 135 1539
b48 182 2615 210 2649
b49 139 317 163 365
b50 61 3140 80 3154
b51 173 262 187 278
b52 181 916 218 934
b53 102 2546 138 2558
b54 136 3130 166 3164
b55 20 3511 46 3542
b56 178 697 224 728
b57 128 783 175 831
b58 99 1797 124 1822
b59 119 3341 166 3379
b60 71 3422 110 3438
b61 139 272 170 317
b62 30 3224 76 3260
b63 59 1565 95 1611
b64 151 213 184 228
b65 146 2057 159 2080
b66 25 2252 67 2297
b67 57 3721 71 3754
b68 73 2315 101 2360
b69 102 1135 138 1162
b70 93 2041 109 2086
b71 62 1938 96 1970
b72 100 2803 132 2818
b73 138 971 150 1017
b74 19 3859 62 3893
b75 219 200 239 237
b76 95 1565 134 1601
b77 88 2878 128 2896
b78 96 1938 138 1954
b79 195 175 235 200
b80 193 160 229 175
b81 30 2911 45 2943
b82 44 3487 83 3511
b83 105 3624 142 3665
b84 101 2683 135 2721
b85 59 1392 93 1435
b86 187 262 226 306
b87 173 306 218 354
b88 156 1657 185 1701
b89 0 3292 20 3334
b90 134 1539 180 1563
b91 46 3599 89 3620
b92 98 2360 143 2407
b93 86 1914 106 1938
b94 138 952 169 971
b95 132 1391 176 1428
b96 235 0 281 33
b97 179 1563 219 1578
b98 169 2044 182 2079
b99 67 2407 107 2424
b100 137 652 181 697
b101 97 2196 127 2232
b102 101 831 141 867
b103 25 0 59 34
b104 134 1247 176 1261
b105 146 524 181 557
b106 169 916 181 949
b107 89 3379 121 3394
b108 20 3667 57 3705
b109 200 33 242 79
b110 65 3083 104 3125
b111 88 2683 101 2704
b112 89 3599 119 3624
b113 138 1036 174 1060
b114 139 228 173 272
b115 71 2896 105 2918
b116 25 2297 53 2316
b117 110 1721 149 1742
b118 151 175 195 213
b119 106 1269 134 1314
b120 86 1878 122 1914
b121 145 1261 179 1299
b122 114 1701 157 1721
b123 125 697 148 733
b124 132 2721 163 2756
b125 93 2086 139 2128
b126 184 753 206 765
b127 78 1186 103 1229
b128 44 3260 88 3288
b129 136 3083 170 3105
b130 0 2510 30 2536
b131 51 3814 99 3859
b132 132 2466 150 2505
b133 163 443 178 486
b134 62 3511 96 3558
b135 57 2510 102 2525
b136 65 3011 102 3023
b137 77 2168 98 2196
b138 151 126 193 154
b139 195 1180 231 1217
b140 94 2272 106 2315
b141 53 2424 72 2469
b142 20 3705 47 3742
b143 135 1780 159 1805
b144 97 2232 112 2272
b145 88 3262 101 3307
b146 88 3198 136 3231
b147 88 2721 118 2763
b148 122 2558 140 2578
b149 20 3645 67 3667
b150 170 2557 193 2588
b151 30 3182 48 3224
b152 102 3360 118 3379
b153 193 1822 234 1852
b154 120 1954 142 1971
b155 0 0 25 14
b156 24 3953 52 3969
b157 184 101 204 126
b158 146 2044 169 2057
b159 0 3260 44 3292
b160 71 2918 98 2934
b161 173 1738 219 1785
b162 128 733 159 751
b163 19 3742 52 3764
b164 102 2505 138 2546
b165 57 2717 78 2734
b166 95 1742 129 1778
b167 173 1785 209 1822
b168 62 1812 86 1853
b169 0 3922 24 3961
b170 181 476 210 521
b171 52 3774 74 3814
b172 146 557 173 570
b173 165 2079 190 2111
b174 48 3182 91 3198
b175 95 1629 110 1645
b176 139 486 172 524
b177 130 1162 171 1199
b178 71 2851 88 2870
b179 173 228 219 262
b180 159 697 178 737
b181 45 3154 75 3182
b182 105 2939 150 2963
b183 62 1611 95 1650
b184 136 3105 182 3130
b185 193 126 220 160
b186 102 3011 133 3044
b187 135 1742 171 1780
b188 224 79 261 119
b189 219 237 263 249
b190 170 2588 207 2615
b191 71 3438 87 3472
b192 57 2803 86 2851
b193 132 2449 165 2466
b194 26 3940 54 3953
b195 73 3721 106 3734
b196 62 3558 103 3599
b197 25 1611 62 1639
b198 25 2233 73 2252
b199 67 2360 98 2396
b200 87 2646 130 2683
b201 0 3893 26 3922
b202 59 1998 93 2037
b203 180 1180 195 1208
b204 30 2851 71 2884
b205 172 637 193 652
b206 121 3379 163 3414
b207 62 1970 95 1998
b208 30 2510 57 2530
b209 124 1060 169 1096
b210 89 3307 102 3331
b211 46 3511 62 3523
b212 124 1805 145 1847
b213 169 1060 201 1074
b214 93 2014 110 2041
b215 87 3441 116 3462
b216 220 119 262 138
b217 117 3231 137 3279
b218 44 3472 87 3487
b219 103 1225 131 1243
b220 59 1435 89 1472
b221 136 1480 149 1525
b222 194 521 228 546
b223 102 975 124 994
b224 138 1135 183 1156
b225 125 609 172 647
b226 159 737 198 753
b227 143 751 156 783
b228 52 3754 73 3774
b229 169 949 193 997
b230 103 1358 133 1391
b231 45 2911 61 2941
b232 114 1657 156 1680
b233 105 2896 121 2909
b234 71 2993 104 3011
b235 183 354 205 400
b236 146 2005 173 2044
b237 59 2037 80 2077
b238 150 997 177 1036
b239 184 79 224 101
b240 88 3243 111 3262
b241 181 443 194 467
b242 80 2128 102 2168
b243 62 1778 99 1812
b244 140 2544 177 2557
b245 87 2622 123 2646
b246 122 2578 145 2622
b247 138 2505 174 2544
b248 141 831 184 862
b249 30 2884 65 2911
b250 57 2683 88 2717
b251 120 1971 163 2005
b252 95 1601 114 1629
b253 128 751 143 764
b254 219 1217 243 1230
b255 102 3044 149 3083
b256 125 524 146 537
b257 194 443 211 476
b258 59 1358 103 1392
b259 123 2622 149 2634
b260 127 2128 146 2140
b261 139 0 151 45
b262 44 3349 71 3397
b263 103 1434 150 1480
b264 96 3462 141 3485
b265 101 892 146 907
b266 134 1609 179 1657
b267 124 1096 158 1135
b268 142 1908 164 1933
b269 88 2860 125 2878
b270 137 3164 160 3179
b271 171 1156 213 1180
b272 73 2233 97 2268
b273 104 3083 125 3113
b274 0 3969 33 3990
b275 172 609 194 637
b276 133 2993 164 3007
b277 125 647 137 694
b278 100 2818 113 2860
b279 170 400 209 443
b280 131 1225 162 1247
b281 57 2525 87 2543
b282 98 2963 142 2993
b283 65 3125 78 3140
b284 102 2449 132 2470
b285 80 2037 93 2070
b286 25 2469 61 2510
b287 59 0 101 21
b288 67 3685 95 3721
b289 59 2196 92 2233
b290 184 0 200 27
b291 121 2896 149 2939
b292 110 2014 134 2053
b293 93 1480 136 1499
b294 89 1539 106 1565
b295 239 138 282 151
b296 110 3414 126 3441
b297 99 1847 137 1878
b298 78 2763 111 2803
b299 180 1208 193 1221
