451794
604379
299209
547 547
318.656587
b0 440 208 467 223
b1 276 0 303 16
b2 438 520 464 542
b3 263 226 308 247
b4 236 0 276 45
b5 41 101 57 127
b6 133 480 171 507
b7 394 0 423 35
b8 156 444 177 480
b9 0 503 25 547
b10 393 309 408 340
b11 260 45 284 86
b12 234 455 253 472
b13 293 514 341 547
b14 134 237 178 258
b15 460 0 475 34
b16 25 503 70 545
b17 336 430 377 467
b18 291 97 334 141
b19 440 223 476 246
b20 81 128 98 141
b21 0 415 44 443
b22 514 461 543 496
b23 291 141 331 158
b24 202 411 226 429
b25 170 37 213 66
b26 433 339 460 357
b27 474 499 514 537
b28 33 45 45 69
b29 234 398 264 427
b30 234 427 254 455
b31 65 395 101 427
b32 460 335 479 357
b33 377 462 423 507
b34 16 187 45 199
b35 440 196 466 208
b36 467 195 497 222
b37 341 264 370 276
b38 293 430 314 449
b39 111 128 124 140
b40 75 209 94 256
b41 334 183 370 202
b42 43 272 68 318
b43 370 264 391 303
b44 16 199 43 223
b45 408 309 433 333
b46 513 246 532 259
b47 361 224 403 264
b48 156 278 184 312
b49 514 496 538 544
b50 308 241 327 255
b51 218 456 234 470
b52 419 88 456 106
b53 393 371 429 383
b54 377 507 411 537
b55 0 37 31 63
b56 191 501 222 547
b57 478 39 525 87
b58 513 436 538 461
b59 377 105 415 152
b60 415 106 431 145
b61 125 337 156 382
b62 156 408 202 444
b63 78 356 124 392
b64 525 0 540 33
b65 58 196 71 219
b66 332 467 377 509
b67 24 173 57 187
b68 68 271 96 316
b69 438 493 474 520
b70 429 357 474 373
b71 36 463 68 497
b72 64 256 96 271
b73 499 308 545 320
b74 44 352 78 395
b75 415 196 435 233
b76 475 0 511 39
b77 314 430 332 470
b78 44 395 60 437
b79 48 39 88 64
b80 65 427 80 463
b81 0 400 32 415
b82 395 66 419 105
b83 423 0 460 41
b84 142 507 176 545
b85 429 373 472 407
b86 463 409 507 448
b87 370 164 415 212
b88 98 514 142 543
b89 443 407 463 449
b90 171 132 217 156
b91 483 87 504 130
b92 393 264 440 309
b93 154 258 178 278
b94 177 474 208 493
b95 308 0 345 44
b96 336 298 369 344
b97 466 180 506 195
b98 531 373 544 408
b99 249 86 289 103
b100 427 449 472 493
b101 170 0 200 36
b102 334 143 370 183
b103 76 175 110 209
b104 469 88 483 130
b105 94 211 129 244
b106 48 86 81 98
b107 31 69 46 101
b108 119 441 156 479
b109 134 159 180 201
b110 48 0 90 39
b111 44 437 65 450
b112 193 444 218 474
b113 110 175 134 211
b114 258 158 302 192
b115 88 72 122 94
b116 0 484 28 503
b117 302 202 341 223
b118 440 270 484 308
b119 80 328 125 356
b120 22 137 58 173
b121 261 469 295 507
b122 0 298 43 318
b123 0 63 23 99
b124 124 382 155 417
b125 184 239 226 285
b126 68 463 80 485
b127 0 340 43 365
b128 345 0 373 44
b129 282 287 316 309
b130 255 363 285 389
b131 213 172 258 220
b132 377 66 395 105
b133 226 317 269 332
b134 81 94 128 128
b135 285 403 330 418
b136 285 418 322 430
b137 57 98 78 126
b138 70 487 98 529
b139 200 0 236 37
b140 370 152 413 164
b141 527 259 546 304
b142 476 224 513 251
b143 284 16 308 41
b144 288 388 328 403
b145 295 469 308 514
b146 288 355 336 388
b147 226 287 268 317
b148 507 373 527 391
b149 525 33 547 80
b150 504 320 535 343
b151 58 126 76 168
b152 449 133 465 152
b153 99 287 129 328
b154 131 94 153 111
b155 157 126 171 151
b156 177 444 193 472
b157 316 285 336 310
b158 194 119 217 132
b159 302 158 334 202
b160 411 507 438 523
b161 432 41 478 88
b162 169 348 200 366
b163 443 160 465 193
b164 0 101 41 137
b165 217 79 234 100
b166 44 318 80 352
b167 334 44 371 80
b168 472 448 513 472
b169 114 417 153 441
b170 226 353 255 398
b171 0 318 40 340
b172 411 523 438 536
b173 509 109 541 134
b174 180 223 223 239
b175 44 241 60 256
b176 258 103 291 141
b177 252 507 293 544
b178 217 155 236 172
b179 513 170 547 216
b180 402 420 421 460
b181 474 381 504 409
b182 507 391 531 436
b183 254 434 293 467
b184 479 335 504 381
b185 341 509 368 543
b186 255 332 288 363
b187 509 134 547 170
b188 260 247 297 287
b189 370 212 414 224
b190 226 220 263 247
b191 0 186 16 220
b192 128 111 157 159
b193 258 141 291 158
b194 341 202 369 215
b195 0 257 33 270
b196 90 0 131 41
b197 157 98 194 126
b198 440 251 488 270
b199 393 340 429 371
b200 96 244 133 287
b201 180 197 209 223
b202 131 0 170 34
b203 58 168 73 196
b204 180 156 213 197
b205 43 257 64 272
b206 131 52 166 94
b207 0 270 33 298
b208 234 472 261 492
b209 134 201 179 237
b210 484 295 508 308
b211 497 195 509 211
b212 0 365 42 386
b213 415 146 447 160
b214 203 342 220 369
b215 226 332 255 353
b216 383 420 402 462
b217 341 215 361 263
b218 176 493 191 536
b219 431 118 449 146
b220 507 343 544 373
b221 269 287 282 332
b222 80 435 114 460
b223 308 470 327 492
b224 264 389 285 434
b225 465 133 503 180
b226 427 407 443 446
b227 217 100 249 113
b228 293 449 314 469
b229 156 312 204 336
b230 513 216 546 246
b231 424 233 440 263
b232 203 369 226 411
b233 44 450 60 463
b234 308 223 341 241
b235 129 291 151 337
b236 80 460 119 487
b237 194 79 215 119
b238 474 472 513 499
b239 48 64 88 86
b240 236 45 255 68
b241 0 173 24 186
b242 504 87 544 109
b243 393 383 427 420
b244 419 41 432 78
b245 369 303 393 339
b246 369 339 392 383
b247 488 259 527 295
b248 373 35 416 66
b249 98 487 133 514
b250 226 247 260 278
b251 289 63 332 97
b252 166 79 194 98
b253 60 241 75 254
b254 98 128 111 152
b255 156 369 203 408
b256 156 348 169 369
b257 204 309 221 342
b258 0 223 44 257
b259 431 106 457 118
b260 80 316 99 328
b261 457 88 469 133
b262 451 308 499 335
b263 336 384 383 430
b264 81 152 126 175
b265 33 0 48 45
b266 288 310 336 355
b267 263 192 302 226
b268 341 276 366 298
b269 131 34 168 52
b270 70 529 93 544
b271 184 285 226 309
b272 334 119 369 143
b273 403 233 424 263
b274 133 258 154 291
b275 45 219 73 241
b276 0 386 31 400
b277 156 336 203 348
b278 217 113 230 155
b279 334 80 377 119
b280 0 137 22 168
b281 433 309 451 339
b282 297 255 341 285
b283 497 211 512 224
b284 373 0 394 30
b285 170 66 203 79
b286 0 443 36 484
b287 213 37 234 79
b288 415 160 443 196
b289 0 0 33 37
b290 218 429 234 456
b291 224 492 252 535
b292 230 113 254 152
b293 289 44 332 63
b294 234 68 260 85
b295 101 392 114 435
b296 208 474 224 501
b297 90 41 128 72
b298 336 344 369 384
b299 45 187 58 200
