676734.25
742284.5
611184
321 1904
9.278927
b0 215 716 258 749
b1 74 1409 139 1446
b2 23 1446 76 1480
b3 117 0 154 67
b4 96 1358 125 1377
b5 137 461 176 510
b6 102 1488 142 1506
b7 165 709 187 749
b8 187 654 237 716
b9 232 67 248 108
b10 0 1852 18 1904
b11 193 0 232 59
b12 117 681 178 709
b13 35 1649 83 1706
b14 212 361 275 404
b15 96 1306 155 1358
b16 137 361 173 418
b17 163 1216 207 1282
b18 0 1801 48 1852
b19 194 227 225 277
b20 207 1070 244 1089
b21 107 1028 171 1078
b22 116 947 165 981
b23 194 178 214 227
b24 154 277 199 305
b25 214 178 268 217
b26 61 33 116 73
b27 199 277 224 342
b28 154 0 193 46
b29 155 1306 179 1368
b30 61 1179 85 1205
b31 84 1653 110 1687
b32 102 1687 145 1740
b33 172 982 194 1017
b34 138 1125 165 1179
b35 193 140 224 178
b36 194 982 233 1049
b37 117 67 137 127
b38 0 61 23 118
b39 117 567 169 622
b40 99 1216 125 1245
b41 23 1480 50 1535
b42 116 827 178 880
b43 260 45 321 91
b44 107 981 172 1028
b45 115 1125 138 1169
b46 74 1377 113 1399
b47 0 1768 65 1801
b48 48 1805 105 1832
b49 65 1740 112 1805
b50 193 108 260 140
b51 137 510 175 567
b52 249 0 303 45
b53 172 1049 215 1070
b54 84 1592 102 1653
b55 18 1712 52 1768
b56 18 1649 35 1712
b57 0 118 18 165
b58 61 73 107 107
b59 165 749 215 786
b60 187 631 227 654
b61 176 461 209 484
b62 154 342 214 361
b63 236 404 272 449
b64 107 1078 157 1125
b65 177 926 234 982
b66 96 1245 163 1306
b67 178 827 222 867
b68 227 589 279 652
b69 61 1125 115 1152
b70 169 589 211 631
b71 163 1282 227 1304
b72 0 0 61 61
b73 116 880 177 947
b74 76 1446 114 1488
b75 171 1070 190 1098
b76 114 1446 136 1479
b77 18 1592 84 1649
b78 113 1377 149 1409
b79 165 786 225 827
b80 117 622 133 680
b81 133 631 173 681
b82 173 404 220 461
b83 74 1205 96 1221
b84 169 567 236 589
b85 76 1488 96 1513
b86 115 1179 171 1216
b87 50 1513 89 1557
b88 65 1706 102 1730
b89 61 1152 99 1179
b90 173 361 212 394
b91 61 0 117 33
b92 149 1368 175 1384
b93 23 1557 88 1592
b94 178 867 219 926
b95 23 1205 74 1224
b96 154 178 194 244
b97 232 0 249 67
b98 222 827 244 889
b99 116 709 165 775
