306143.75
421318.5
190969
437 437
77.485462
b0 414 291 430 327
b1 79 109 118 128
b2 0 296 35 337
b3 389 336 436 354
b4 217 205 243 237
b5 261 154 296 185
b6 339 54 352 83
b7 266 241 287 269
b8 64 155 79 187
b9 184 354 230 388
b10 19 183 64 215
b11 371 165 407 179
b12 176 40 212 82
b13 0 135 45 183
b14 144 381 159 406
b15 294 0 339 46
b16 377 244 395 266
b17 223 179 256 205
b18 379 266 398 300
b19 157 232 187 244
b20 408 149 436 182
b21 291 104 335 143
b22 48 40 74 79
b23 249 303 289 328
b24 388 412 413 427
b25 247 205 283 241
b26 79 84 122 109
b27 0 209 15 243
b28 292 275 330 321
b29 164 37 176 74
b30 48 132 75 149
b31 129 247 145 284
b32 193 284 225 307
b33 158 120 176 156
b34 373 206 392 244
b35 214 69 229 102
b36 294 46 322 58
b37 248 101 264 122
b38 346 282 379 308
b39 357 392 387 434
b40 176 147 217 175
b41 79 52 95 68
b42 79 0 123 19
b43 94 298 128 338
b44 266 17 293 33
b45 229 19 266 33
b46 360 150 408 165
b47 332 324 346 347
b48 138 406 162 432
b49 48 0 79 40
b50 89 214 122 256
b51 264 90 291 138
b52 122 155 149 192
b53 261 354 278 372
b54 160 77 176 120
b55 339 0 385 13
b56 159 381 184 403
b57 0 243 19 291
b58 56 256 97 275
b59 201 238 247 284
b60 122 217 157 247
b61 16 367 50 400
b62 230 400 275 437
b63 322 392 357 407
b64 0 0 48 47
b65 108 398 138 431
b66 48 79 79 110
b67 217 142 261 179
b68 194 401 229 425
b69 369 350 388 388
b70 19 258 55 272
b71 289 321 331 355
b72 287 204 320 238
b73 122 77 160 95
b74 232 354 261 372
b75 156 358 183 381
b76 144 356 156 370
b77 35 400 51 424
b78 244 328 287 354
b79 261 185 298 204
b80 308 400 322 415
b81 276 400 308 420
b82 253 33 286 65
b83 91 155 110 192
b84 287 238 330 275
b85 96 361 144 398
b86 225 284 249 308
b87 198 193 217 238
b88 0 71 28 114
b89 96 398 108 433
b90 0 47 45 71
b91 157 244 201 272
b92 97 256 121 298
b93 155 156 176 199
b94 298 187 314 202
b95 69 295 94 331
b96 339 13 384 38
b97 156 333 184 358
b98 0 183 16 209
b99 56 275 93 295
b100 335 114 360 141
b101 116 37 164 77
b102 398 266 436 291
b103 162 403 194 435
b104 360 114 385 150
b105 43 331 85 362
b106 402 0 436 39
b107 31 90 47 135
b108 129 284 141 317
b109 388 400 410 412
b110 85 338 129 361
b111 320 196 333 214
b112 331 264 377 282
b113 249 275 292 303
b114 206 122 245 141
b115 176 110 206 147
b116 391 39 433 76
b117 19 272 56 296
b118 398 206 437 241
b119 134 95 158 131
b120 51 362 96 377
b121 287 355 332 387
b122 0 337 43 367
b123 184 388 219 401
b124 278 387 317 400
b125 45 149 63 177
b126 176 82 214 110
b127 48 110 72 132
b128 129 320 154 356
b129 291 58 335 104
b130 391 92 436 136
b131 15 400 35 436
b132 391 76 429 92
b133 378 38 390 52
b134 212 40 228 69
b135 275 420 312 435
b136 341 141 360 165
b137 298 165 316 187
b138 335 83 357 113
b139 123 0 154 33
b140 145 247 157 263
b141 253 65 287 90
b142 75 128 121 155
b143 188 308 232 354
b144 126 192 155 217
b145 337 165 371 210
b146 35 296 69 329
b147 79 155 91 186
b148 374 54 391 79
b149 104 192 126 214
b150 154 320 184 333
b151 264 138 291 154
b152 79 19 112 52
b153 51 377 91 389
b154 51 389 95 431
b155 19 215 32 227
b156 222 0 264 19
b157 331 282 343 324
b158 266 0 294 17
b159 122 131 158 155
b160 122 95 134 131
b161 247 241 266 272
b162 333 210 363 222
b163 389 354 436 400
b164 371 179 403 206
b165 157 199 198 232
b166 232 308 244 344
b167 176 179 223 193
b168 398 241 435 266
b169 230 372 276 400
b170 296 143 341 165
b171 357 79 391 114
b172 19 227 44 258
b173 312 415 354 437
b174 407 182 432 202
b175 390 0 402 34
b176 0 367 16 387
b177 316 165 337 196
b178 248 122 264 142
b179 44 215 89 256
b180 229 101 248 122
b181 0 387 15 429
b182 110 155 122 188
b183 79 68 116 84
b184 28 71 48 90
b185 385 136 429 149
b186 145 272 193 285
b187 352 54 374 78
b188 229 33 253 73
b189 0 114 31 134
b190 154 0 188 37
b191 332 350 369 392
b192 229 73 251 101
b193 330 222 373 264
b194 346 308 389 350
b195 389 300 414 336
b196 339 38 378 54
b197 141 285 188 320
b198 64 192 104 214
b199 188 0 222 40
