1137808.25
1651160.5
624456
252 2478
115.87049
b0 63 1560 99 1576
b1 76 1200 95 1239
b2 171 0 212 35
b3 139 570 157 617
b4 133 1709 159 1741
b5 114 839 149 870
b6 107 1494 136 1507
b7 46 1892 74 1913
b8 93 1777 125 1792
b9 84 1104 130 1138
b10 74 1028 119 1060
b11 212 0 226 36
b12 40 1205 76 1247
b13 89 1449 137 1494
b14 89 1412 104 1437
b15 25 1469 70 1515
b16 159 184 177 206
b17 46 2022 79 2048
b18 93 915 127 934
b19 46 2204 76 2216
b20 94 1328 122 1361
b21 50 1280 94 1319
b22 94 1282 120 1321
b23 74 808 114 833
b24 94 1251 119 1266
b25 74 989 110 1025
b26 81 1715 124 1740
b27 155 206 189 221
b28 0 1623 46 1661
b29 40 841 52 878
b30 81 2022 98 2049
b31 70 1494 107 1510
b32 156 742 179 774
b33 105 1663 123 1699
b34 74 833 93 871
b35 40 1247 55 1280
b36 14 2252 42 2264
b37 89 1647 105 1668
b38 52 1154 85 1180
b39 171 1077 201 1119
b40 114 617 142 658
b41 106 491 122 507
b42 50 1425 69 1469
b43 174 123 214 157
b44 68 2083 95 2099
b45 0 1661 14 1698
b46 119 1267 167 1282
b47 46 1623 69 1637
b48 133 1683 157 1709
b49 169 1551 209 1582
b50 179 221 212 263
b51 104 701 131 749
b52 116 1626 143 1663
b53 37 2412 54 2430
b54 116 1610 159 1626
b55 120 1282 133 1328
b56 226 0 248 25
b57 70 1425 89 1473
b58 25 2264 44 2305
b59 89 1138 135 1184
b60 13 2325 43 2360
b61 143 448 176 482
b62 69 45 106 90
b63 159 90 174 125
b64 46 2156 93 2204
b65 139 537 169 570
b66 125 1579 156 1610
b67 126 309 170 346
b68 166 346 201 370
b69 113 368 132 406
b70 82 1523 118 1537
b71 199 370 241 404
b72 40 808 74 841
b73 105 1184 123 1222
b74 131 1847 160 1865
b75 143 372 166 399
b76 53 2093 67 2105
b77 14 2096 38 2112
b78 149 839 175 882
b79 63 1523 82 1560
b80 189 203 203 218
b81 83 1392 115 1412
b82 171 35 203 68
b83 81 1740 100 1777
b84 67 2099 110 2136
b85 126 1028 174 1065
b86 126 90 150 114
b87 72 1361 117 1380
b88 80 1907 108 1950
b89 149 1626 161 1661
b90 69 507 114 531
b91 125 1551 169 1579
b92 104 677 146 701
b93 175 157 218 178
b94 117 1361 132 1377
b95 82 2204 118 2229
b96 0 0 25 45
b97 25 1280 50 1308
b98 143 346 159 372
b99 211 98 248 118
b100 189 178 216 203
b101 89 1859 129 1907
b102 74 1984 99 2022
b103 14 2064 46 2096
b104 40 1180 76 1205
b105 114 808 156 839
b106 110 989 144 1028
b107 47 2430 92 2446
b108 76 1239 109 1251
b109 128 448 140 470
b110 89 1824 133 1847
b111 70 1510 88 1523
b112 43 2325 61 2371
b113 46 1824 89 1852
b114 114 658 153 677
b115 0 2372 37 2402
b116 106 406 143 448
b117 104 1412 128 1449
b118 146 677 185 712
b119 44 2252 68 2288
b120 53 2048 68 2093
b121 119 1222 151 1267
b122 156 712 199 742
b123 68 2048 81 2083
b124 93 2136 106 2175
b125 69 565 87 593
b126 159 1582 197 1610
b127 123 515 147 537
b128 89 1576 125 1601
b129 25 0 69 46
b130 69 0 113 45
b131 25 2305 61 2325
b132 25 1515 63 1531
b133 13 2360 27 2372
b134 76 1184 105 1200
b135 151 1065 166 1102
b136 69 1777 93 1796
b137 106 448 128 466
b138 113 346 143 368
b139 25 1592 58 1623
b140 69 1611 81 1627
b141 114 537 139 571
b142 89 1601 116 1647
b143 125 1507 171 1551
b144 108 1907 133 1936
b145 157 1661 202 1695
b146 80 1950 113 1984
b147 13 2264 25 2295
b148 106 466 123 491
b149 171 68 193 90
b150 113 90 126 120
b151 159 157 175 184
b152 50 1392 83 1425
b153 171 1065 211 1077
b154 84 1060 126 1104
b155 159 0 171 13
b156 166 370 185 412
b157 89 1847 131 1859
b158 25 1531 53 1548
b159 155 221 179 257
b160 38 2216 50 2252
b161 211 404 230 435
b162 150 297 180 309
b163 113 0 159 47
b164 52 1060 84 1087
b165 142 617 183 650
b166 216 178 252 190
b167 0 2430 47 2444
b168 174 98 211 123
b169 69 1796 115 1824
b170 114 870 136 915
b171 69 531 104 565
b172 143 412 174 437
b173 203 76 245 98
b174 124 1663 149 1683
b175 140 482 174 494
b176 89 1699 109 1715
b177 127 915 148 946
b178 53 1576 73 1592
b179 37 2371 82 2412
b180 128 494 147 515
b181 25 46 40 88
b182 72 1380 105 1392
b183 52 1138 89 1154
b184 69 1592 89 1611
b185 169 494 182 538
b186 0 1698 13 1746
b187 87 749 109 773
b188 212 36 236 76
b189 53 2136 84 2156
b190 0 2444 37 2478
b191 201 263 243 300
b192 50 1319 72 1347
b193 93 946 135 989
b194 113 47 155 90
b195 174 412 199 448
b196 14 2048 53 2064
b197 69 773 116 808
b198 155 257 177 297
b199 46 1852 80 1892
