319505.75
448042.5
190969
437 437
69.200803
b0 63 14 79 50
b1 179 207 198 246
b2 85 236 126 271
b3 272 416 319 434
b4 316 245 348 271
b5 144 218 179 249
b6 188 58 217 71
b7 99 151 127 172
b8 53 356 85 371
b9 389 214 435 248
b10 322 388 354 433
b11 63 0 99 14
b12 21 46 63 82
b13 0 229 48 274
b14 205 110 230 125
b15 0 274 46 319
b16 202 0 224 18
b17 333 53 359 86
b18 63 50 97 69
b19 269 245 281 275
b20 278 358 306 391
b21 227 256 266 300
b22 389 188 428 214
b23 210 85 250 110
b24 121 18 136 43
b25 166 321 202 357
b26 175 164 200 207
b27 0 190 34 205
b28 343 190 389 228
b29 137 0 174 12
b30 396 296 413 323
b31 348 242 385 258
b32 184 18 216 41
b33 224 403 260 421
b34 194 129 232 148
b35 397 362 430 377
b36 174 0 202 12
b37 299 31 320 47
b38 53 371 86 397
b39 265 55 307 85
b40 320 0 361 28
b41 0 46 16 62
b42 343 130 387 149
b43 0 150 34 190
b44 0 399 16 426
b45 138 174 175 188
b46 383 265 431 280
b47 316 271 339 285
b48 269 321 295 345
b49 21 82 61 113
b50 227 300 269 333
b51 217 58 265 85
b52 48 233 85 260
b53 290 391 308 408
b54 298 196 341 212
b55 142 60 188 73
b56 336 351 361 373
b57 198 207 217 255
b58 53 397 94 416
b59 348 283 394 329
b60 53 321 83 356
b61 61 124 95 157
b62 190 276 227 321
b63 175 149 210 164
b64 137 12 184 60
b65 20 319 53 349
b66 289 0 320 31
b67 166 73 210 110
b68 173 357 197 392
b69 261 36 299 55
b70 126 258 162 272
b71 400 114 434 156
b72 364 363 397 397
b73 99 0 137 18
b74 144 200 173 218
b75 96 411 123 434
b76 120 379 132 393
b77 85 271 109 287
b78 387 88 430 114
b79 132 360 151 397
b80 308 356 322 371
b81 53 260 85 280
b82 264 146 297 178
b83 224 170 261 189
b84 129 317 166 360
b85 354 397 402 434
b86 243 12 267 36
b87 44 0 63 45
b88 123 409 166 437
b89 120 397 155 409
b90 0 205 45 229
b91 361 0 389 44
b92 200 164 224 206
b93 53 416 96 437
b94 208 373 224 388
b95 162 249 198 274
b96 253 358 278 403
b97 162 274 190 299
b98 94 379 120 395
b99 0 362 20 399
b100 202 321 227 348
b101 127 134 175 174
b102 53 280 78 318
b103 284 284 316 316
b104 320 28 356 53
b105 99 71 130 113
b106 99 174 138 208
b107 99 208 144 224
b108 308 371 320 404
b109 210 148 232 160
b110 217 211 261 234
b111 320 53 333 71
b112 80 157 98 203
b113 86 321 129 349
b114 166 110 205 129
b115 61 94 98 124
b116 261 178 298 220
b117 0 113 24 150
b118 281 245 316 284
b119 130 76 166 100
b120 208 388 223 433
b121 389 156 434 188
b122 86 349 129 379
b123 348 258 383 271
b124 263 345 302 358
b125 162 299 190 317
b126 99 113 127 151
b127 224 189 248 211
b128 24 113 49 149
b129 0 0 44 46
b130 341 86 386 130
b131 79 14 99 50
b132 394 280 432 296
b133 322 356 336 368
b134 197 357 226 373
b135 269 284 284 321
b136 245 146 264 170
b137 126 236 144 258
b138 74 203 96 233
b139 20 362 51 395
b140 130 60 142 76
b141 302 331 336 356
b142 226 357 253 403
b143 34 157 80 201
b144 45 201 74 226
b145 307 86 341 131
b146 130 100 163 134
b147 144 188 175 200
b148 324 131 341 156
b149 151 360 173 382
b150 260 403 290 416
b151 184 41 211 57
b152 310 163 343 196
b153 0 350 40 362
b154 118 272 162 314
b155 260 416 272 429
b156 250 127 292 146
b157 49 113 61 155
b158 388 248 416 265
b159 227 333 263 357
b160 243 0 279 12
b161 224 0 243 31
b162 388 114 400 144
b163 389 0 436 46
b164 297 131 324 163
b165 298 212 339 245
b166 98 224 134 236
b167 341 228 388 242
b168 261 220 298 245
b169 316 285 344 331
b170 216 36 261 58
b171 361 329 396 363
b172 99 46 130 71
b173 413 296 435 338
b174 336 331 361 351
b175 348 271 382 283
b176 94 395 114 411
b177 0 62 21 93
b178 413 338 429 358
b179 343 149 388 190
b180 198 255 217 276
b181 322 373 364 388
b182 298 163 310 196
b183 223 421 260 437
b184 175 129 194 149
b185 293 85 306 129
b186 232 110 245 158
b187 267 12 289 36
b188 359 44 383 84
b189 0 319 20 350
b190 16 399 53 433
b191 166 392 208 429
b192 99 18 121 46
b193 250 85 293 127
b194 386 46 429 88
b195 63 69 99 94
b196 397 323 413 362
b197 402 377 437 424
b198 217 234 257 256
b199 78 287 118 321
