1
451 455
314780
b0 266 203 299 246
b1 333 167 398 204
b2 301 0 335 53
b3 89 394 156 431
b4 377 57 396 86
b5 335 388 384 427
b6 335 44 375 62
b7 156 190 178 230
b8 337 266 387 328
b9 137 296 153 337
b10 367 328 385 380
b11 109 77 148 136
b12 126 340 187 368
b13 208 403 265 451
b14 314 62 377 105
b15 136 0 195 52
b16 342 204 378 261
b17 0 0 44 66
b18 86 290 137 338
b19 27 328 77 359
b20 396 67 433 86
b21 210 53 260 117
b22 195 277 229 326
b23 40 385 89 405
b24 385 337 430 365
b25 398 151 437 205
b26 200 117 240 172
b27 132 52 197 77
b28 44 0 90 39
b29 148 77 210 101
b30 240 203 266 227
b31 40 359 74 385
b32 299 213 342 266
b33 67 249 102 271
b34 0 177 54 204
b35 260 105 298 136
b36 301 105 368 144
b37 347 328 367 388
b38 122 193 145 250
b39 67 197 122 249
b40 187 340 216 366
b41 333 427 388 454
b42 197 0 259 53
b43 25 282 86 328
b44 390 86 437 151
b45 335 0 358 44
b46 156 168 195 190
b47 47 39 80 104
b48 375 0 402 57
b49 290 266 337 331
b50 402 0 434 67
b51 388 398 445 436
b52 260 60 314 105
b53 290 414 333 435
b54 229 277 290 295
b55 47 104 81 160
b56 388 436 451 453
b57 430 299 448 346
b58 90 0 136 34
b59 40 405 77 455
b60 0 432 40 455
b61 426 266 449 299
b62 86 271 146 290
b63 290 378 335 414
b64 0 127 47 177
b65 0 204 57 260
b66 240 136 301 203
b67 156 101 200 141
b68 156 384 208 447
b69 0 328 27 382
b70 90 34 132 76
b71 89 431 153 453
b72 378 205 439 266
b73 229 295 290 362
b74 387 299 429 337
b75 0 99 19 127
b76 0 66 22 99
b77 90 136 156 193
b78 301 161 333 197
b79 260 0 301 60
b80 126 368 184 384
b81 0 382 40 432
b82 290 331 347 378
b83 0 282 16 304
b84 0 260 67 282
b85 0 304 25 324
b86 89 338 126 394
b87 153 296 192 340
b88 54 160 78 197
b89 156 141 194 168
b90 387 266 426 299
b91 385 365 441 398
b92 301 197 327 213
b93 200 172 235 237
b94 216 362 275 403
b95 90 76 109 127
b96 200 237 266 277
b97 301 144 368 161
b98 368 105 390 167
b99 146 230 195 296
