1
438 435
571802
b0 402 0 438 16
b1 52 0 71 39
b2 0 57 35 98
b3 353 252 371 299
b4 149 112 175 144
b5 59 345 94 376
b6 247 267 276 280
b7 287 196 315 217
b8 274 111 306 126
b9 247 280 281 326
b10 176 315 221 347
b11 59 331 95 345
b12 107 81 149 117
b13 176 386 221 434
b14 146 219 161 244
b15 283 388 328 434
b16 265 388 283 410
b17 221 300 247 333
b18 255 0 274 34
b19 347 299 377 311
b20 177 30 210 58
b21 274 0 318 39
b22 281 254 320 280
b23 64 105 104 130
b24 404 334 429 349
b25 330 385 366 421
b26 44 378 87 403
b27 37 0 52 34
b28 174 277 220 315
b29 245 349 257 386
b30 396 369 413 396
b31 0 165 16 202
b32 347 311 370 343
b33 388 161 406 197
b34 373 338 392 376
b35 353 171 386 186
b36 282 360 294 388
b37 129 293 145 314
b38 187 360 220 386
b39 0 392 42 422
b40 221 406 262 434
b41 165 0 181 16
b42 221 387 265 406
b43 175 94 215 128
b44 411 82 438 98
b45 0 19 37 33
b46 392 199 407 247
b47 247 326 261 349
b48 411 98 437 122
b49 33 129 64 169
b50 253 188 286 230
b51 411 241 438 289
b52 237 40 274 67
b53 262 410 280 427
b54 158 244 174 287
b55 330 421 376 434
b56 257 360 282 382
b57 299 280 347 299
b58 86 250 105 291
b59 88 389 134 435
b60 181 0 216 30
b61 219 202 253 235
b62 253 151 298 188
b63 35 91 50 126
b64 0 253 48 300
b65 92 0 125 30
b66 287 217 318 248
b67 49 255 86 299
b68 0 33 35 57
b69 353 233 391 252
b70 50 46 64 82
b71 134 399 176 433
b72 0 131 33 165
b73 281 280 299 318
b74 353 94 371 123
b75 216 0 243 23
b76 210 30 224 42
b77 171 362 187 386
b78 220 257 246 300
b79 0 0 37 19
b80 377 252 392 266
b81 353 62 373 94
b82 320 62 353 94
b83 57 218 76 255
b84 64 68 107 105
b85 120 182 168 219
b86 413 367 437 391
b87 101 180 120 225
b88 105 248 133 291
b89 274 39 309 51
b90 411 289 435 334
b91 133 38 177 66
b92 221 333 245 375
b93 0 300 43 321
b94 395 311 411 326
b95 402 57 438 82
b96 133 248 158 293
b97 323 176 351 201
b98 0 227 16 253
b99 139 318 176 338
b100 370 311 395 338
b101 299 299 347 339
b102 149 144 174 182
b103 406 122 438 154
b104 270 126 306 151
b105 407 199 438 241
b106 296 339 330 378
b107 161 220 206 236
b108 258 114 270 147
b109 76 218 98 230
b110 102 225 146 248
b111 247 254 265 267
b112 320 0 338 46
b113 86 291 129 319
b114 396 413 435 432
b115 64 130 101 160
b116 306 95 348 132
b117 134 375 171 399
b118 24 339 59 378
b119 139 338 175 362
b120 35 46 50 91
b121 406 154 438 199
b122 215 114 258 144
b123 176 347 211 360
b124 212 144 251 157
b125 0 321 28 339
b126 19 203 57 231
b127 413 391 437 413
b128 375 97 411 122
b129 274 51 320 95
b130 95 319 139 364
b131 365 0 385 36
b132 320 46 358 62
b133 37 34 51 46
b134 274 95 303 111
b135 71 31 86 68
b136 0 203 19 227
b137 413 349 435 367
b138 19 231 49 253
b139 318 213 351 244
b140 265 254 281 266
b141 95 364 129 389
b142 338 0 365 46
b143 57 172 101 218
b144 86 31 111 60
b145 377 266 411 311
b146 320 244 353 278
b147 392 338 404 369
b148 145 293 162 318
b149 220 235 242 257
b150 139 362 169 375
b151 125 22 152 38
b152 0 98 33 131
b153 243 0 255 40
b154 306 132 348 176
b155 221 375 234 387
b156 174 258 216 277
b157 0 422 42 434
b158 385 0 402 28
b159 373 61 397 97
b160 315 201 351 213
b161 375 142 406 161
b162 162 287 174 317
b163 101 133 147 180
b164 59 299 86 331
b165 402 16 435 57
b166 64 160 100 172
b167 50 82 64 129
b168 365 36 402 61
b169 42 403 88 431
b170 174 236 219 258
b171 261 326 296 360
b172 149 81 174 112
b173 111 38 133 80
b174 298 176 323 196
b175 253 230 287 242
b176 353 151 369 171
b177 71 0 92 31
b178 86 230 102 250
b179 212 157 253 202
b180 202 58 223 77
b181 133 66 175 81
b182 253 242 286 254
b183 175 128 212 144
b184 376 407 396 426
b185 0 379 44 392
b186 224 23 237 71
b187 366 385 390 407
b188 0 339 24 379
b189 375 122 406 142
b190 175 186 212 220
b191 175 144 212 186
b192 353 123 375 151
b193 223 71 265 114
b194 330 343 373 385
b195 177 58 202 94
b196 104 117 143 133
b197 353 186 388 233
b198 125 0 165 22
b199 16 169 56 203
