1
440 447
298620
b0 259 413 302 446
b1 297 130 334 195
b2 381 413 434 447
b3 101 218 138 285
b4 0 152 19 181
b5 105 400 154 439
b6 60 362 78 402
b7 63 283 85 323
b8 138 237 200 287
b9 214 0 255 16
b10 0 100 18 152
b11 26 323 85 362
b12 147 171 208 199
b13 383 91 440 139
b14 262 329 325 372
b15 373 361 432 413
b16 373 302 430 338
b17 23 0 89 44
b18 325 325 373 376
b19 334 182 384 213
b20 297 195 334 214
b21 321 214 371 278
b22 265 271 314 305
b23 147 146 196 166
b24 23 177 68 205
b25 208 195 262 234
b26 337 64 377 119
b27 318 0 383 25
b28 251 119 297 158
b29 254 305 316 329
b30 411 214 437 238
b31 0 322 26 356
b32 0 403 53 446
b33 214 16 249 38
b34 141 119 195 146
b35 148 49 179 87
b36 298 25 365 64
b37 147 217 207 237
b38 23 88 80 111
b39 196 119 251 171
b40 76 402 105 428
b41 83 191 138 218
b42 121 287 183 340
b43 312 376 373 422
b44 19 205 66 270
b45 373 338 417 361
b46 342 422 381 444
b47 68 218 101 283
b48 120 362 177 389
b49 200 256 265 303
b50 145 87 212 119
b51 380 139 437 177
b52 200 303 254 348
b53 337 161 380 182
b54 147 199 208 217
b55 89 41 145 75
b56 183 287 200 350
b57 53 428 100 446
b58 179 49 225 83
b59 177 350 227 387
b60 302 422 342 445
b61 0 0 23 33
b62 23 158 83 177
b63 85 285 121 330
b64 383 44 433 91
b65 265 214 321 271
b66 225 58 292 119
b67 383 0 423 44
b68 0 270 63 322
b69 271 0 298 54
b70 337 119 379 161
b71 83 169 147 191
b72 80 75 141 136
b73 373 241 440 302
b74 78 362 120 400
b75 0 181 19 209
b76 207 234 240 256
b77 154 389 220 446
b78 251 158 283 194
b79 0 362 60 403
b80 255 0 271 58
b81 262 372 312 412
b82 316 278 373 325
b83 23 111 45 127
b84 85 340 152 362
b85 298 0 318 25
b86 384 177 440 214
b87 23 44 62 88
b88 208 171 245 195
b89 373 214 411 241
b90 220 413 259 446
b91 85 136 141 169
b92 60 402 76 428
b93 227 348 262 413
b94 89 0 148 41
b95 0 209 19 260
b96 297 64 337 130
b97 0 33 17 100
b98 23 136 85 158
b99 148 0 214 49
