1
434 439
564273
b0 104 185 140 201
b1 392 246 431 265
b2 287 275 322 316
b3 110 42 157 60
b4 364 174 390 206
b5 188 243 219 278
b6 33 164 62 177
b7 74 125 95 153
b8 176 278 208 293
b9 342 26 388 60
b10 333 309 378 341
b11 159 64 195 78
b12 220 403 262 439
b13 353 382 398 430
b14 176 293 201 308
b15 388 47 434 92
b16 154 277 176 295
b17 159 124 185 157
b18 332 341 351 375
b19 109 268 121 298
b20 327 143 360 171
b21 37 0 76 44
b22 306 0 345 26
b23 94 356 119 396
b24 119 405 144 420
b25 0 298 36 334
b26 37 72 80 97
b27 159 78 174 112
b28 223 135 269 173
b29 0 81 37 93
b30 310 142 327 169
b31 327 189 364 205
b32 251 62 274 94
b33 37 97 73 115
b34 226 384 264 403
b35 327 97 342 130
b36 20 266 32 294
b37 80 71 96 92
b38 121 277 154 303
b39 342 74 384 104
b40 266 358 307 386
b41 373 122 389 138
b42 204 128 223 172
b43 398 328 432 368
b44 226 355 242 382
b45 342 60 379 74
b46 337 261 352 309
b47 310 316 333 330
b48 242 358 266 384
b49 266 386 306 417
b50 390 181 432 214
b51 398 368 425 416
b52 39 366 76 393
b53 291 142 309 159
b54 44 177 60 220
b55 327 130 373 143
b56 57 239 82 261
b57 223 257 242 305
b58 356 289 397 308
b59 45 393 91 439
b60 174 78 209 108
b61 0 334 34 367
b62 0 116 37 161
b63 208 278 223 313
b64 278 51 326 98
b65 389 92 422 122
b66 188 212 219 243
b67 0 194 44 231
b68 147 376 171 411
b69 222 219 241 257
b70 282 219 318 233
b71 276 316 310 358
b72 106 214 140 247
b73 335 390 353 428
b74 327 171 356 189
b75 0 93 27 116
b76 247 103 259 117
b77 125 60 149 76
b78 345 0 388 26
b79 296 417 333 436
b80 329 375 343 390
b81 0 266 20 298
b82 99 139 132 171
b83 228 42 247 79
b84 397 285 434 328
b85 0 0 37 48
b86 249 173 273 197
b87 185 128 204 173
b88 37 44 80 72
b89 0 254 35 266
b90 368 244 392 289
b91 299 98 327 142
b92 209 79 251 103
b93 36 254 57 297
b94 34 346 50 361
b95 154 308 190 333
b96 389 122 434 147
b97 74 97 99 125
b98 326 51 342 77
b99 397 265 434 285
b100 132 146 157 173
b101 242 231 282 279
b102 132 108 157 146
b103 392 214 424 246
b104 356 219 392 244
b105 195 355 226 397
b106 188 173 222 212
b107 318 219 334 264
b108 273 157 285 190
b109 266 417 278 439
b110 0 231 44 254
b111 157 157 175 170
b112 342 104 388 122
b113 91 396 119 439
b114 378 308 397 347
b115 80 34 110 71
b116 183 397 220 439
b117 37 115 74 139
b118 0 367 39 402
b119 209 0 233 36
b120 322 264 337 309
b121 242 279 287 311
b122 99 96 129 139
b123 104 201 139 214
b124 247 122 286 135
b125 143 358 171 376
b126 234 311 262 349
b127 285 179 307 203
b128 144 411 180 436
b129 140 231 184 277
b130 109 311 154 355
b131 282 233 318 253
b132 50 350 88 366
b133 57 292 69 306
b134 125 76 154 92
b135 282 204 319 219
b136 74 153 93 177
b137 278 417 296 439
b138 282 253 312 275
b139 0 48 31 81
b140 82 261 98 273
b141 154 333 188 358
b142 222 173 249 219
b143 60 193 104 239
b144 96 71 125 96
b145 0 402 45 436
b146 249 197 282 231
b147 119 355 131 386
b148 307 179 324 204
b149 269 135 291 157
b150 398 416 428 429
b151 132 92 159 108
b152 0 161 33 194
b153 197 37 209 77
b154 190 313 234 355
b155 109 298 121 311
b156 209 36 228 78
b157 171 358 183 400
b158 119 388 147 405
b159 70 314 94 350
b160 104 173 140 185
b161 57 261 76 292
b162 356 244 368 274
b163 388 0 434 47
b164 360 147 392 174
b165 76 273 109 314
b166 159 112 195 124
b167 262 311 276 358
b168 37 139 74 164
b169 278 0 306 46
b170 310 330 332 375
b171 76 0 111 34
b172 306 26 337 51
b173 334 219 356 261
b174 285 159 310 179
b175 183 358 195 392
b176 326 77 342 97
b177 109 247 140 268
b178 195 108 211 128
b179 140 186 181 231
b180 119 420 140 439
b181 94 314 109 356
b182 131 355 143 388
b183 191 0 207 37
b184 310 375 329 395
b185 324 206 368 219
b186 140 173 188 186
b187 82 239 106 261
b188 259 98 299 122
b189 247 42 278 62
b190 392 147 429 181
b191 111 0 148 42
b192 307 395 335 417
b193 148 0 191 42
b194 233 0 276 42
b195 211 103 247 128
b196 60 177 99 193
b197 351 347 398 382
b198 157 42 197 64
b199 36 306 70 346
