1
444 442
301401
b0 298 0 341 33
b1 132 227 169 292
b2 146 380 180 433
b3 267 94 334 131
b4 164 341 183 370
b5 138 178 177 227
b6 47 0 65 40
b7 0 221 40 243
b8 0 50 62 100
b9 377 55 393 96
b10 295 33 313 85
b11 352 234 391 293
b12 313 33 341 94
b13 210 94 267 142
b14 188 261 231 324
b15 114 126 173 178
b16 145 0 181 57
b17 37 169 103 213
b18 393 0 441 51
b19 231 272 262 322
b20 0 202 37 221
b21 181 0 231 64
b22 242 395 291 429
b23 262 263 311 283
b24 262 235 307 263
b25 188 324 242 363
b26 0 389 55 429
b27 267 131 332 156
b28 55 396 94 442
b29 40 260 102 284
b30 334 100 360 124
b31 62 78 88 112
b32 61 126 114 169
b33 103 178 138 200
b34 376 179 403 233
b35 66 358 97 396
b36 357 335 424 374
b37 181 64 241 84
b38 299 386 356 409
b39 341 0 393 55
b40 311 211 340 237
b41 103 260 130 315
b42 242 333 295 395
b43 0 100 61 146
b44 395 238 442 303
b45 395 303 439 326
b46 393 51 432 73
b47 112 0 145 65
b48 105 200 132 257
b49 40 213 105 260
b50 231 0 298 32
b51 0 287 38 344
b52 241 49 295 94
b53 65 57 108 78
b54 424 326 442 387
b55 0 146 34 202
b56 231 32 294 49
b57 0 371 47 389
b58 130 334 164 380
b59 262 283 299 333
b60 311 297 351 320
b61 340 211 373 234
b62 177 242 237 261
b63 341 55 377 100
b64 0 0 47 50
b65 180 379 237 435
b66 177 175 238 242
b67 0 243 40 287
b68 40 284 103 336
b69 119 380 146 434
b70 130 292 172 334
b71 66 336 130 358
b72 112 65 173 126
b73 357 374 424 435
b74 357 293 395 335
b75 238 175 266 194
b76 88 78 110 111
b77 299 320 356 386
b78 173 140 209 172
b79 311 237 352 297
b80 172 261 188 319
b81 393 139 443 179
b82 65 0 112 57
b83 172 319 188 341
b84 97 358 119 425
b85 311 156 336 176
b86 173 84 210 140
b87 336 124 375 168
b88 238 235 262 272
b89 0 344 38 371
b90 266 156 299 195
b91 209 142 265 175
b92 183 363 209 379
b93 311 176 376 211
b94 403 179 444 238
b95 47 336 66 387
b96 238 195 304 235
b97 375 100 392 167
b98 295 409 357 431
b99 393 73 442 139
