1
443 443
300128
b0 345 352 388 385
b1 402 378 439 443
b2 276 327 310 380
b3 259 272 326 309
b4 230 141 259 160
b5 231 0 280 39
b6 375 64 393 104
b7 133 327 173 349
b8 0 256 50 318
b9 151 62 192 78
b10 319 70 371 88
b11 326 293 365 352
b12 377 163 438 191
b13 345 385 402 433
b14 0 89 63 132
b15 74 327 133 379
b16 179 295 236 331
b17 172 398 238 442
b18 121 387 172 435
b19 0 0 31 50
b20 161 222 198 241
b21 371 0 421 64
b22 328 158 377 192
b23 141 166 161 215
b24 84 278 112 323
b25 238 393 292 432
b26 159 78 199 133
b27 0 372 25 437
b28 280 0 326 39
b29 266 147 328 171
b30 174 38 200 62
b31 324 44 358 70
b32 31 0 84 43
b33 292 420 327 442
b34 322 192 376 219
b35 83 379 121 410
b36 112 288 179 327
b37 84 0 104 60
b38 266 124 323 147
b39 326 241 381 293
b40 414 191 443 217
b41 104 84 159 111
b42 266 62 319 124
b43 198 208 259 254
b44 27 318 74 383
b45 280 39 324 62
b46 230 160 252 199
b47 50 237 83 302
b48 17 193 44 250
b49 328 88 375 153
b50 198 141 230 208
b51 174 0 231 38
b52 388 333 442 378
b53 63 88 84 131
b54 259 309 320 327
b55 84 111 140 145
b56 0 193 17 256
b57 63 190 81 237
b58 104 50 150 84
b59 365 296 415 333
b60 151 0 174 40
b61 0 50 33 73
b62 421 0 440 60
b63 48 43 84 88
b64 104 0 151 50
b65 27 383 83 440
b66 199 80 266 141
b67 292 380 336 420
b68 259 171 322 223
b69 0 318 27 372
b70 399 121 441 163
b71 376 219 440 241
b72 0 132 61 193
b73 175 331 236 398
b74 133 349 175 387
b75 44 193 63 221
b76 415 296 437 329
b77 84 212 141 278
b78 83 410 119 442
b79 198 254 258 295
b80 61 132 77 190
b81 393 64 443 104
b82 141 241 198 288
b83 0 73 22 89
b84 119 145 141 212
b85 320 352 345 372
b86 161 166 198 222
b87 326 0 365 44
b88 375 121 399 158
b89 376 192 414 219
b90 159 133 198 166
b91 381 263 437 296
b92 22 73 48 89
b93 84 145 119 210
b94 200 39 259 80
b95 84 60 103 111
b96 236 327 276 393
b97 375 104 442 121
b98 381 241 443 263
b99 259 223 325 272
