1
433 438
557142
b0 123 347 139 383
b1 155 317 194 336
b2 317 98 358 133
b3 265 260 312 278
b4 403 87 429 119
b5 191 358 226 389
b6 31 259 44 288
b7 162 253 183 281
b8 130 0 162 15
b9 44 46 78 92
b10 0 158 32 203
b11 260 202 296 216
b12 0 322 42 358
b13 252 42 297 90
b14 162 228 177 253
b15 299 31 345 76
b16 385 61 403 83
b17 234 233 267 259
b18 27 225 46 259
b19 252 90 282 102
b20 344 217 377 245
b21 255 118 299 157
b22 214 0 253 26
b23 198 181 238 206
b24 116 397 131 422
b25 162 281 198 317
b26 378 267 421 292
b27 237 26 252 60
b28 62 292 100 338
b29 389 373 426 385
b30 85 217 112 234
b31 251 400 267 437
b32 308 220 340 243
b33 162 0 198 18
b34 121 197 159 216
b35 183 230 198 263
b36 208 389 220 417
b37 105 102 126 118
b38 164 82 190 115
b39 0 116 30 158
b40 345 25 386 53
b41 329 76 345 92
b42 280 157 299 201
b43 219 111 253 151
b44 46 304 62 331
b45 352 371 389 385
b46 198 310 246 325
b47 331 402 354 416
b48 403 61 427 87
b49 345 53 385 84
b50 79 234 121 267
b51 0 221 27 269
b52 238 326 265 363
b53 331 416 348 434
b54 172 417 215 433
b55 0 294 46 307
b56 402 221 427 243
b57 304 346 352 365
b58 171 35 212 54
b59 0 358 46 404
b60 267 399 297 434
b61 46 232 79 266
b62 267 354 304 399
b63 0 307 35 322
b64 127 115 174 163
b65 265 324 298 354
b66 220 405 251 436
b67 32 116 76 153
b68 198 206 233 230
b69 312 243 331 281
b70 344 203 380 217
b71 360 84 402 118
b72 139 348 172 382
b73 46 178 84 196
b74 299 98 317 127
b75 88 414 115 437
b76 299 127 313 139
b77 115 422 139 438
b78 84 143 127 169
b79 0 404 37 423
b80 258 216 273 230
b81 379 385 399 417
b82 194 325 226 358
b83 172 348 191 385
b84 309 291 346 334
b85 304 365 352 402
b86 402 243 426 267
b87 299 160 344 179
b88 164 54 207 82
b89 13 0 48 12
b90 37 92 82 116
b91 382 292 426 320
b92 226 363 250 405
b93 46 267 89 288
b94 46 288 61 304
b95 83 118 119 143
b96 341 0 386 25
b97 234 259 262 284
b98 399 422 425 438
b99 373 164 393 201
b100 130 317 155 344
b101 386 13 426 61
b102 370 333 395 371
b103 83 46 115 78
b104 172 163 197 199
b105 299 0 341 31
b106 388 119 427 153
b107 207 61 252 77
b108 358 332 370 365
b109 238 202 260 214
b110 198 287 242 310
b111 212 48 230 61
b112 393 153 411 199
b113 84 169 127 197
b114 130 278 149 317
b115 399 385 429 422
b116 0 74 37 116
b117 378 229 402 266
b118 46 197 85 232
b119 172 389 208 413
b120 345 133 360 178
b121 127 163 172 195
b122 100 292 130 335
b123 0 423 35 436
b124 149 278 162 317
b125 0 203 28 221
b126 126 85 164 113
b127 213 26 237 48
b128 89 267 125 292
b129 265 278 309 324
b130 174 115 219 159
b131 85 197 121 217
b132 348 419 386 435
b133 345 84 357 98
b134 162 199 178 228
b135 250 363 265 400
b136 121 216 145 235
b137 28 203 46 225
b138 299 76 329 98
b139 97 0 130 31
b140 296 220 308 236
b141 354 385 379 419
b142 70 0 97 46
b143 0 28 44 74
b144 344 178 373 203
b145 207 77 252 111
b146 131 383 165 416
b147 346 291 358 322
b148 190 82 207 107
b149 197 159 219 181
b150 386 0 416 13
b151 267 230 283 257
b152 198 230 231 263
b153 115 43 127 83
b154 253 0 297 42
b155 0 0 13 12
b156 246 284 265 326
b157 304 334 346 346
b158 88 397 116 414
b159 198 263 234 287
b160 62 338 98 350
b161 178 199 197 230
b162 100 335 130 347
b163 331 245 378 291
b164 313 133 345 160
b165 130 18 171 51
b166 226 325 238 361
b167 32 153 46 200
b168 46 153 83 178
b169 360 118 388 164
b170 258 157 280 202
b171 297 402 331 437
b172 0 269 31 294
b173 48 0 70 42
b174 238 176 258 201
b175 155 336 189 348
b176 198 0 214 20
b177 139 416 170 437
b178 145 216 161 236
b179 299 179 344 220
b180 105 83 126 102
b181 171 20 213 35
b182 97 31 130 43
b183 0 12 37 28
b184 238 214 258 233
b185 382 320 426 333
b186 411 153 424 201
b187 283 236 305 260
b188 358 292 382 332
b189 402 201 433 221
b190 127 51 164 85
b191 125 236 162 278
b192 380 201 402 229
b193 46 393 88 436
b194 46 350 88 393
b195 219 151 255 176
b196 253 102 292 118
b197 88 350 123 397
b198 83 78 105 118
b199 395 333 429 373
