1
440 447
296379
b0 211 159 254 192
b1 39 349 104 386
b2 0 303 34 356
b3 149 0 186 67
b4 0 356 29 375
b5 347 366 396 405
b6 422 344 440 384
b7 168 175 190 215
b8 270 0 332 50
b9 195 159 211 200
b10 362 195 380 247
b11 50 110 89 169
b12 332 0 360 61
b13 230 394 287 442
b14 290 308 333 371
b15 295 256 354 308
b16 254 290 290 347
b17 142 301 208 345
b18 122 76 170 127
b19 101 296 132 346
b20 89 22 108 59
b21 203 61 253 125
b22 122 132 171 166
b23 100 0 149 20
b24 308 118 353 146
b25 0 249 39 303
b26 354 293 409 333
b27 170 67 195 132
b28 96 257 142 296
b29 376 247 438 271
b30 398 344 422 370
b31 50 0 84 26
b32 0 130 43 183
b33 354 247 376 282
b34 308 195 362 222
b35 289 387 327 418
b36 0 375 39 442
b37 353 88 373 148
b38 287 418 344 441
b39 380 193 435 245
b40 323 92 352 118
b41 227 255 254 310
b42 39 296 101 349
b43 169 377 230 423
b44 308 148 373 195
b45 0 107 44 130
b46 259 132 298 154
b47 333 333 398 366
b48 142 378 169 435
b49 180 236 227 301
b50 165 345 232 377
b51 39 257 96 295
b52 254 186 308 231
b53 171 132 192 175
b54 169 423 230 441
b55 203 125 259 159
b56 237 192 254 255
b57 259 114 306 132
b58 308 222 354 256
b59 253 61 290 111
b60 104 346 127 386
b61 142 345 165 378
b62 415 384 434 444
b63 192 200 237 236
b64 0 0 50 47
b65 50 201 107 257
b66 107 166 168 233
b67 50 70 94 110
b68 373 141 436 193
b69 254 159 308 186
b70 290 50 332 92
b71 376 271 440 293
b72 79 386 140 447
b73 203 0 270 61
b74 142 233 180 275
b75 396 370 415 398
b76 290 92 323 114
b77 373 84 439 141
b78 50 169 86 201
b79 0 47 41 107
b80 289 371 347 387
b81 39 386 79 436
b82 232 347 289 394
b83 84 0 100 22
b84 360 22 427 44
b85 107 233 132 253
b86 108 20 145 76
b87 50 26 89 70
b88 142 275 179 299
b89 332 61 370 88
b90 208 310 247 343
b91 89 110 122 166
b92 94 76 110 102
b93 347 405 412 440
b94 254 231 295 290
b95 409 293 428 344
b96 373 44 439 84
b97 186 0 203 67
b98 360 0 422 22
b99 0 183 49 249
