1
534 552
842483
b0 37 531 64 546
b1 354 262 381 278
b2 361 111 383 137
b3 283 156 328 177
b4 487 317 532 357
b5 385 400 411 416
b6 355 73 382 111
b7 202 365 231 400
b8 138 367 174 388
b9 293 352 337 377
b10 305 420 320 451
b11 266 116 307 140
b12 190 535 209 552
b13 0 156 48 189
b14 331 52 375 73
b15 101 491 135 506
b16 236 276 281 318
b17 0 252 41 289
b18 45 290 88 334
b19 179 373 202 409
b20 374 343 387 360
b21 462 24 506 52
b22 131 166 160 201
b23 194 276 234 293
b24 131 235 155 253
b25 179 450 222 479
b26 233 351 251 378
b27 465 52 505 90
b28 88 285 100 309
b29 244 0 273 30
b30 307 128 327 156
b31 427 226 463 258
b32 266 42 288 61
b33 92 367 138 412
b34 221 226 250 238
b35 235 118 247 144
b36 37 504 67 531
b37 290 408 319 420
b38 222 439 243 458
b39 426 107 438 120
b40 394 437 413 484
b41 426 0 462 19
b42 506 129 531 175
b43 57 61 96 82
b44 320 484 347 508
b45 216 414 240 439
b46 200 194 219 207
b47 318 508 360 548
b48 262 376 290 410
b49 293 0 341 24
b50 372 324 386 343
b51 183 179 199 193
b52 184 41 221 59
b53 341 40 377 52
b54 0 476 30 510
b55 463 226 489 257
b56 259 462 305 493
b57 331 214 378 262
b58 158 215 183 240
b59 137 320 175 367
b60 458 494 497 510
b61 488 521 533 552
b62 331 178 377 214
b63 469 93 515 129
b64 45 334 60 367
b65 307 115 330 128
b66 221 184 266 226
b67 131 253 164 267
b68 0 290 45 318
b69 137 293 173 320
b70 221 238 266 254
b71 108 132 140 166
b72 477 431 509 446
b73 474 448 486 494
b74 432 301 475 335
b75 373 446 393 483
b76 427 190 466 226
b77 427 281 467 299
b78 458 448 474 490
b79 320 446 360 471
b80 259 493 274 529
b81 48 152 63 184
b82 177 334 201 373
b83 207 0 244 41
b84 100 457 138 491
b85 487 357 530 391
b86 98 323 137 367
b87 57 13 102 61
b88 274 523 318 552
b89 273 0 293 42
b90 462 0 508 24
b91 432 335 475 356
b92 378 190 423 237
b93 144 68 164 92
b94 175 303 194 334
b95 108 95 152 132
b96 197 61 243 94
b97 34 112 49 152
b98 320 471 355 484
b99 65 207 82 247
b100 0 318 44 363
b101 497 491 533 521
b102 452 510 488 550
b103 126 0 160 34
b104 387 314 429 328
b105 65 158 100 191
b106 0 0 12 33
b107 83 334 98 366
b108 138 457 175 495
b109 100 415 146 457
b110 160 121 202 160
b111 513 411 534 424
b112 305 217 330 247
b113 0 189 36 213
b114 0 112 34 156
b115 67 500 101 522
b116 467 273 486 301
b117 414 412 435 451
b118 41 252 85 290
b119 506 48 534 93
b120 377 153 413 189
b121 66 441 100 479
b122 221 41 264 61
b123 160 179 183 215
b124 324 80 355 115
b125 85 213 131 255
b126 172 73 194 85
b127 41 416 84 441
b128 12 0 56 28
b129 202 329 236 351
b130 305 247 331 277
b131 486 446 534 491
b132 47 210 65 249
b133 438 107 453 150
b134 160 0 207 34
b135 516 213 531 258
b136 475 317 487 354
b137 386 416 414 437
b138 435 420 477 448
b139 426 19 462 56
b140 126 34 169 46
b141 293 318 338 337
b142 489 221 516 258
b143 202 142 226 167
b144 293 337 333 352
b145 183 193 196 238
b146 202 94 235 142
b147 382 29 424 59
b148 331 262 351 280
b149 175 479 222 501
b150 427 258 458 281
b151 458 378 476 420
b152 487 391 506 407
b153 67 522 108 552
b154 85 255 107 272
b155 172 59 197 73
b156 65 191 93 207
b157 226 144 246 169
b158 85 272 108 285
b159 414 451 458 483
b160 200 167 216 194
b161 212 504 259 550
b162 199 207 217 238
b163 0 454 33 476
b164 266 80 307 116
b165 513 424 530 445
b166 194 293 228 329
b167 294 44 331 80
b168 0 430 41 454
b169 102 0 126 39
b170 152 92 197 121
b171 308 177 330 217
b172 137 280 164 293
b173 353 391 385 416
b174 49 100 65 143
b175 175 535 190 551
b176 305 280 338 318
b177 179 409 216 450
b178 64 334 83 351
b179 222 458 256 504
b180 160 160 200 179
b181 64 366 92 396
b182 12 28 57 52
b183 266 214 305 247
b184 354 278 379 324
b185 131 201 158 235
b186 293 377 326 408
b187 185 238 221 276
b188 341 0 378 40
b189 0 33 12 77
b190 0 522 37 549
b191 338 280 354 314
b192 378 0 426 29
b193 307 80 324 113
b194 131 267 159 280
b195 383 106 416 119
b196 243 414 284 455
b197 108 506 145 534
b198 41 397 89 416
b199 231 378 262 414
b200 415 375 458 412
b201 338 324 364 353
b202 251 342 290 376
b203 458 258 486 273
b204 0 397 41 430
b205 391 526 406 547
b206 266 179 308 214
b207 387 328 415 361
b208 44 367 64 394
b209 466 176 502 221
b210 374 360 387 384
b211 378 483 394 495
b212 284 420 305 462
b213 65 82 79 114
b214 415 328 432 355
b215 36 189 65 210
b216 394 484 413 526
b217 293 24 341 44
b218 426 92 469 107
b219 266 61 294 79
b220 145 495 175 532
b221 413 483 458 496
b222 338 353 372 378
b223 93 191 112 213
b224 486 258 531 279
b225 486 279 533 317
b226 108 534 147 550
b227 493 129 506 161
b228 513 391 534 411
b229 508 0 532 48
b230 353 416 386 446
b231 331 115 361 131
b232 243 61 266 103
b233 443 356 456 372
b234 140 132 158 165
b235 221 254 267 276
b236 387 361 414 400
b237 164 240 185 280
b238 138 388 177 415
b239 102 46 142 68
b240 175 280 194 303
b241 360 446 373 470
b242 406 530 446 552
b243 175 501 212 535
b244 305 451 318 488
b245 477 407 513 431
b246 108 255 131 299
b247 426 56 465 92
b248 360 506 391 549
b249 466 141 493 176
b250 383 119 414 153
b251 383 72 426 106
b252 415 356 443 375
b253 169 34 184 47
b254 95 95 108 119
b255 0 213 47 252
b256 353 378 374 391
b257 515 93 532 126
b258 0 363 44 397
b259 465 129 491 141
b260 0 510 19 522
b261 453 107 465 152
b262 96 68 144 95
b263 381 237 427 284
b264 326 378 349 423
b265 219 169 264 184
b266 12 52 57 100
b267 413 496 452 530
b268 458 356 483 378
b269 112 166 130 203
b270 84 416 99 439
b271 251 318 293 342
b272 100 299 135 323
b273 66 479 96 500
b274 320 423 353 444
b275 387 284 409 312
b276 202 351 233 365
b277 0 100 47 112
b278 56 0 98 13
b279 65 119 108 158
b280 347 484 378 506
b281 409 284 427 314
b282 274 493 318 523
b283 243 103 256 118
b284 142 47 172 68
b285 33 491 66 504
b286 331 137 367 178
b287 414 120 435 162
b288 267 247 303 275
b289 33 454 66 491
b290 79 82 95 109
b291 414 162 457 190
b292 281 275 305 314
b293 247 118 266 161
b294 266 153 283 179
b295 383 59 426 72
b296 147 532 174 548
b297 502 175 533 213
b298 146 415 179 455
b299 266 140 279 153
