1
436 447
306394
b0 364 121 397 164
b1 116 225 181 262
b2 271 167 305 220
b3 45 0 112 37
b4 0 110 19 139
b5 16 71 65 110
b6 225 40 265 58
b7 393 378 433 400
b8 0 229 62 279
b9 66 356 107 372
b10 371 275 389 327
b11 181 260 240 299
b12 105 123 166 151
b13 290 382 338 439
b14 112 0 155 63
b15 307 242 366 294
b16 79 173 115 230
b17 225 97 269 163
b18 61 372 112 420
b19 181 210 212 260
b20 319 294 338 331
b21 116 346 180 396
b22 288 0 337 34
b23 42 151 91 171
b24 237 400 282 428
b25 307 136 361 175
b26 170 118 225 158
b27 361 96 426 121
b28 225 58 271 97
b29 343 0 367 62
b30 265 321 291 345
b31 400 36 434 62
b32 237 357 290 400
b33 91 151 126 173
b34 265 294 319 321
b35 127 63 158 101
b36 0 190 67 229
b37 271 40 291 100
b38 225 17 282 40
b39 291 34 343 89
b40 16 0 45 26
b41 116 262 171 289
b42 338 382 391 444
b43 368 164 429 210
b44 66 267 113 332
b45 240 293 263 337
b46 105 101 144 123
b47 371 210 404 275
b48 307 175 364 202
b49 112 396 177 443
b50 404 210 436 277
b51 116 289 154 346
b52 181 336 235 381
b53 16 26 37 69
b54 307 202 368 220
b55 376 62 432 96
b56 225 0 288 17
b57 232 428 279 446
b58 37 37 83 71
b59 66 230 116 267
b60 19 126 42 166
b61 343 62 376 85
b62 19 171 79 190
b63 357 333 393 378
b64 181 163 231 210
b65 240 237 297 293
b66 158 57 225 118
b67 393 400 433 444
b68 180 381 232 444
b69 154 289 181 343
b70 393 277 435 319
b71 307 220 371 242
b72 0 319 61 380
b73 0 380 61 447
b74 397 121 435 163
b75 212 210 231 238
b76 83 37 105 70
b77 155 0 221 57
b78 400 0 432 36
b79 45 110 105 151
b80 0 0 16 58
b81 231 163 271 213
b82 293 89 350 136
b83 65 93 87 109
b84 271 100 293 167
b85 240 337 265 357
b86 181 299 237 336
b87 126 151 170 190
b88 66 332 103 356
b89 61 420 99 447
b90 338 294 371 333
b91 367 0 400 56
b92 19 110 45 126
b93 116 190 181 225
b94 393 319 434 378
b95 0 139 19 190
b96 0 279 66 319
b97 240 220 307 237
b98 65 71 127 93
b99 291 333 357 382
