1
447 449
576878
b0 388 231 404 267
b1 43 122 82 141
b2 138 70 179 105
b3 0 118 18 165
b4 213 206 245 232
b5 283 371 314 406
b6 421 414 434 443
b7 0 273 21 301
b8 198 191 230 206
b9 13 30 59 64
b10 232 58 277 90
b11 201 362 237 376
b12 0 76 36 118
b13 396 0 444 45
b14 70 204 95 219
b15 237 356 283 401
b16 54 268 76 286
b17 117 186 150 212
b18 188 268 207 302
b19 277 73 307 85
b20 225 114 253 147
b21 306 327 345 371
b22 138 31 164 70
b23 0 365 40 390
b24 129 158 144 183
b25 345 331 381 367
b26 225 147 250 190
b27 120 295 135 329
b28 348 90 394 128
b29 195 306 232 318
b30 284 156 301 183
b31 86 410 102 447
b32 273 406 296 438
b33 158 412 194 430
b34 82 136 101 174
b35 348 152 363 185
b36 82 35 110 47
b37 306 221 327 237
b38 21 268 54 294
b39 188 0 218 42
b40 404 143 432 184
b41 82 174 98 190
b42 67 391 111 410
b43 158 206 192 246
b44 86 356 113 372
b45 68 0 82 37
b46 277 58 325 73
b47 70 190 93 204
b48 159 326 183 352
b49 173 106 213 137
b50 18 167 51 209
b51 237 306 264 354
b52 102 105 129 142
b53 144 158 161 176
b54 138 142 181 158
b55 0 30 13 76
b56 12 334 37 356
b57 51 141 70 189
b58 306 202 347 221
b59 36 64 82 110
b60 33 0 68 30
b61 250 156 284 189
b62 259 0 304 37
b63 148 280 183 295
b64 213 401 261 448
b65 0 0 33 30
b66 152 295 183 326
b67 306 237 343 281
b68 381 318 405 353
b69 98 186 117 224
b70 52 232 66 268
b71 306 115 348 149
b72 104 47 138 80
b73 139 367 157 405
b74 102 427 131 445
b75 66 232 93 255
b76 118 80 132 92
b77 157 105 173 129
b78 158 362 201 388
b79 138 105 157 142
b80 86 311 101 325
b81 384 143 404 175
b82 0 390 33 422
b83 120 212 139 249
b84 296 407 339 444
b85 264 308 301 356
b86 385 294 409 318
b87 101 311 120 356
b88 376 45 404 88
b89 183 350 218 362
b90 164 0 188 45
b91 101 142 129 186
b92 213 90 255 114
b93 259 37 302 58
b94 381 353 397 368
b95 363 175 399 200
b96 18 122 43 167
b97 306 90 334 115
b98 192 252 218 268
b99 384 414 421 434
b100 404 87 431 112
b101 345 258 385 306
b102 120 342 158 367
b103 183 318 215 350
b104 82 80 118 105
b105 394 112 436 143
b106 261 189 295 228
b107 290 85 306 130
b108 36 110 69 122
b109 414 209 426 231
b110 76 255 120 278
b111 59 37 77 50
b112 195 206 213 252
b113 0 210 28 253
b114 255 137 294 156
b115 220 276 257 306
b116 388 372 425 414
b117 131 405 155 442
b118 264 273 303 308
b119 348 128 384 152
b120 0 165 15 210
b121 200 45 232 90
b122 409 307 439 350
b123 54 286 89 299
b124 120 329 159 342
b125 111 372 139 390
b126 306 149 344 177
b127 120 249 142 273
b128 345 306 381 331
b129 332 0 376 46
b130 262 228 306 273
b131 314 371 334 407
b132 339 426 377 442
b133 348 185 360 199
b134 245 190 261 219
b135 111 390 126 427
b136 28 232 47 256
b137 425 372 443 394
b138 82 47 104 77
b139 89 278 120 311
b140 183 302 195 318
b141 36 424 70 449
b142 318 281 345 327
b143 325 46 371 90
b144 414 184 443 209
b145 343 224 388 258
b146 33 391 67 424
b147 0 334 12 365
b148 181 159 198 184
b149 181 137 203 159
b150 207 268 220 298
b151 388 267 404 294
b152 0 301 33 334
b153 213 114 225 154
b154 220 232 262 276
b155 230 190 243 202
b156 194 388 213 430
b157 261 401 273 443
b158 135 295 152 323
b159 158 388 194 412
b160 201 376 237 388
b161 157 430 188 449
b162 179 76 191 106
b163 40 299 86 346
b164 198 159 225 191
b165 40 358 81 391
b166 40 346 76 358
b167 400 184 414 231
b168 306 177 343 202
b169 304 0 332 46
b170 150 184 195 206
b171 82 0 116 35
b172 138 0 163 31
b173 405 350 447 372
b174 376 0 396 25
b175 306 281 318 315
b176 161 158 181 174
b177 179 45 200 76
b178 81 372 101 388
b179 218 0 259 45
b180 139 212 158 233
b181 377 434 419 449
b182 19 256 52 268
b183 70 410 86 447
b184 0 253 19 273
b185 28 219 72 232
b186 434 394 447 442
b187 215 318 237 342
b188 360 200 400 224
b189 82 105 102 136
b190 409 273 446 307
b191 404 45 441 87
b192 120 273 148 295
b193 404 231 447 273
b194 345 368 388 410
b195 0 424 36 449
b196 345 410 384 426
b197 255 90 290 137
b198 116 0 138 40
b199 148 246 188 280
