1
442 450
554640
b0 264 433 300 449
b1 77 302 96 341
b2 401 87 442 122
b3 246 384 264 431
b4 316 357 342 389
b5 332 409 363 444
b6 173 97 202 110
b7 232 45 260 66
b8 335 259 350 291
b9 252 227 286 273
b10 290 265 335 297
b11 100 320 114 356
b12 92 106 128 148
b13 304 104 352 149
b14 56 142 71 167
b15 334 213 379 259
b16 0 119 18 141
b17 290 357 316 390
b18 266 320 285 354
b19 427 155 439 185
b20 0 141 28 174
b21 372 264 411 308
b22 114 332 140 371
b23 202 64 227 104
b24 373 425 388 450
b25 264 397 300 433
b26 187 298 230 323
b27 86 219 120 234
b28 392 387 430 433
b29 430 381 442 418
b30 0 92 17 119
b31 200 245 237 261
b32 18 92 41 124
b33 92 42 110 78
b34 114 12 133 50
b35 128 152 143 185
b36 414 242 442 254
b37 288 213 309 229
b38 0 312 26 345
b39 190 34 232 64
b40 325 0 366 28
b41 0 274 16 290
b42 335 45 379 64
b43 379 224 413 264
b44 252 211 279 227
b45 63 270 77 307
b46 75 204 123 219
b47 250 322 264 345
b48 416 355 440 381
b49 342 369 373 409
b50 136 0 178 33
b51 414 194 441 242
b52 174 110 201 147
b53 424 297 441 315
b54 109 285 152 301
b55 275 58 288 104
b56 332 149 354 174
b57 313 173 332 221
b58 0 428 41 447
b59 246 119 292 165
b60 0 393 30 428
b61 124 185 158 218
b62 403 42 440 87
b63 224 369 259 384
b64 0 0 47 48
b65 180 261 210 294
b66 143 152 174 183
b67 202 171 246 208
b68 379 200 414 224
b69 373 387 392 425
b70 203 0 239 14
b71 126 415 168 449
b72 290 297 323 331
b73 72 385 110 403
b74 203 14 232 32
b75 0 345 23 372
b76 150 331 162 345
b77 250 345 266 369
b78 290 331 333 357
b79 350 259 369 296
b80 370 98 384 113
b81 230 322 250 354
b82 47 0 79 33
b83 187 323 224 342
b84 373 350 416 387
b85 41 94 78 142
b86 406 320 430 344
b87 373 155 392 200
b88 413 254 441 297
b89 366 0 378 35
b90 31 351 76 375
b91 202 143 246 171
b92 174 147 198 189
b93 266 354 287 397
b94 426 433 441 449
b95 290 229 315 265
b96 28 167 73 192
b97 28 142 56 167
b98 90 234 116 250
b99 239 0 276 20
b100 63 245 90 270
b101 227 66 275 106
b102 0 249 38 274
b103 77 270 109 302
b104 114 50 150 75
b105 370 113 401 155
b106 156 34 190 73
b107 208 342 224 387
b108 128 140 161 152
b109 114 0 136 12
b110 77 341 100 385
b111 237 241 250 259
b112 40 227 86 245
b113 276 0 319 28
b114 334 194 373 213
b115 150 301 187 331
b116 169 387 211 424
b117 150 73 187 97
b118 392 155 427 194
b119 292 149 328 173
b120 193 342 208 387
b121 123 218 155 263
b122 126 385 169 415
b123 269 106 304 119
b124 79 0 92 39
b125 388 320 406 348
b126 0 186 28 224
b127 47 33 69 57
b128 252 273 288 298
b129 31 307 77 351
b130 79 148 124 192
b131 334 174 370 194
b132 388 433 426 449
b133 169 424 181 438
b134 323 297 339 326
b135 202 208 217 245
b136 315 221 334 245
b137 150 345 172 363
b138 150 363 180 385
b139 300 417 331 450
b140 16 274 32 286
b141 178 0 203 34
b142 252 165 279 211
b143 0 48 46 92
b144 41 420 66 449
b145 335 64 380 98
b146 140 97 173 131
b147 26 291 57 303
b148 38 249 63 266
b149 0 290 22 312
b150 114 371 144 384
b151 66 420 82 447
b152 217 208 250 241
b153 430 315 442 355
b154 82 404 126 446
b155 0 174 13 186
b156 161 256 180 298
b157 79 192 121 204
b158 335 28 363 45
b159 230 298 266 322
b160 114 320 150 332
b161 384 42 403 73
b162 268 28 280 58
b163 288 44 335 90
b164 300 390 332 417
b165 401 122 442 155
b166 388 308 424 320
b167 288 90 335 104
b168 47 57 72 94
b169 92 78 138 106
b170 116 263 161 285
b171 211 387 246 421
b172 342 324 373 349
b173 92 0 114 42
b174 38 266 58 291
b175 128 106 140 140
b176 110 384 126 404
b177 0 372 31 393
b178 136 33 156 49
b179 31 375 72 420
b180 109 301 130 320
b181 373 308 388 350
b182 236 106 269 118
b183 288 28 325 44
b184 90 250 110 269
b185 180 342 193 386
b186 354 98 367 146
b187 266 298 290 320
b188 158 189 198 213
b189 342 349 373 369
b190 202 106 236 143
b191 210 261 252 298
b192 350 296 372 324
b193 380 0 423 42
b194 158 213 200 256
b195 232 20 268 45
b196 211 431 250 447
b197 28 192 75 227
b198 0 227 40 249
b199 279 173 313 213
