1
439 454
300086
b0 127 328 160 371
b1 62 167 99 232
b2 222 143 256 196
b3 185 115 222 182
b4 123 59 152 78
b5 400 0 439 49
b6 338 96 378 114
b7 145 279 185 301
b8 123 121 185 171
b9 62 232 103 248
b10 109 249 161 267
b11 222 104 281 143
b12 62 121 123 149
b13 89 388 137 445
b14 321 290 384 333
b15 123 0 175 59
b16 183 388 219 445
b17 291 0 357 44
b18 0 273 51 321
b19 229 280 260 330
b20 314 147 351 166
b21 343 333 393 397
b22 161 230 195 279
b23 160 357 209 377
b24 338 68 383 96
b25 33 414 87 453
b26 0 87 55 127
b27 269 369 334 394
b28 351 142 390 188
b29 338 44 400 68
b30 145 301 171 325
b31 109 215 135 249
b32 118 78 171 121
b33 256 147 291 169
b34 0 22 27 76
b35 216 330 247 368
b36 247 330 314 369
b37 317 166 337 226
b38 281 124 338 147
b39 236 52 291 104
b40 314 333 343 359
b41 343 229 370 284
b42 0 193 62 246
b43 137 393 183 454
b44 0 367 65 414
b45 185 280 229 303
b46 149 191 171 230
b47 393 290 426 355
b48 0 246 57 273
b49 195 233 260 280
b50 402 161 434 228
b51 62 270 100 327
b52 171 303 216 357
b53 65 367 86 410
b54 260 308 321 326
b55 268 394 302 450
b56 203 52 220 115
b57 62 149 109 167
b58 392 115 426 161
b59 201 196 251 233
b60 0 321 23 361
b61 291 101 324 124
b62 209 369 269 388
b63 399 405 435 450
b64 383 68 433 115
b65 343 397 399 454
b66 260 241 321 308
b67 109 171 149 215
b68 197 0 260 52
b69 338 115 392 142
b70 103 267 145 309
b71 321 226 343 290
b72 370 229 431 290
b73 62 0 123 67
b74 89 328 127 370
b75 100 309 128 328
b76 62 248 95 270
b77 0 127 57 193
b78 171 67 203 103
b79 302 394 343 454
b80 256 169 314 185
b81 399 355 439 405
b82 291 44 338 101
b83 156 377 178 393
b84 175 0 197 67
b85 149 171 174 191
b86 280 185 317 241
b87 357 0 396 44
b88 256 185 280 222
b89 174 182 201 220
b90 0 414 33 453
b91 62 86 118 119
b92 220 52 236 78
b93 27 22 62 87
b94 343 188 402 229
b95 62 67 113 86
b96 23 327 89 367
b97 89 371 156 388
b98 0 0 62 22
b99 219 388 268 454
