1
440 441
308066
b0 233 352 276 385
b1 346 209 383 274
b2 355 20 389 73
b3 117 0 184 37
b4 54 422 83 441
b5 61 140 100 189
b6 52 233 92 251
b7 355 73 377 113
b8 281 351 343 401
b9 281 262 297 303
b10 0 261 52 279
b11 224 52 283 91
b12 281 323 342 351
b13 101 237 149 294
b14 168 293 211 356
b15 383 192 435 251
b16 0 61 57 97
b17 52 189 118 233
b18 311 126 359 177
b19 0 279 50 310
b20 332 416 369 435
b21 282 177 346 227
b22 54 373 88 422
b23 383 135 432 155
b24 0 139 28 184
b25 383 278 437 317
b26 184 0 224 55
b27 211 284 236 349
b28 290 0 329 46
b29 166 417 228 441
b30 88 413 114 437
b31 244 234 278 260
b32 183 241 236 284
b33 359 174 381 209
b34 0 396 54 423
b35 346 274 377 312
b36 166 378 233 417
b37 329 0 389 20
b38 94 0 117 57
b39 60 61 115 113
b40 233 406 262 432
b41 61 113 116 140
b42 383 73 436 135
b43 297 262 343 323
b44 289 79 354 126
b45 28 178 51 222
b46 0 97 22 136
b47 290 46 355 79
b48 383 251 440 278
b49 54 251 101 316
b50 250 135 282 202
b51 54 316 92 373
b52 236 262 281 316
b53 233 385 276 406
b54 359 113 377 174
b55 149 237 183 293
b56 224 118 287 135
b57 243 0 290 18
b58 243 18 289 52
b59 383 155 433 192
b60 158 155 181 195
b61 0 310 33 333
b62 149 293 168 353
b63 236 316 281 352
b64 116 394 166 441
b65 343 359 399 416
b66 116 94 183 155
b67 118 171 158 215
b68 0 333 52 396
b69 224 91 278 118
b70 346 317 388 359
b71 369 416 433 438
b72 0 0 61 61
b73 183 174 244 241
b74 22 97 60 139
b75 88 394 116 413
b76 118 215 151 237
b77 117 37 183 94
b78 244 202 280 234
b79 92 353 152 394
b80 100 155 158 171
b81 388 317 438 357
b82 101 294 148 351
b83 329 20 345 42
b84 183 152 250 174
b85 151 215 176 235
b86 276 401 332 438
b87 0 222 44 261
b88 287 126 311 163
b89 0 184 27 222
b90 28 139 61 178
b91 61 0 94 56
b92 0 423 26 439
b93 280 227 345 262
b94 399 357 440 416
b95 224 0 243 51
b96 184 55 224 121
b97 183 135 250 152
b98 152 356 214 378
b99 389 0 438 66
