1
439 439
572850
b0 316 337 352 353
b1 292 196 311 235
b2 0 197 41 232
b3 420 343 438 390
b4 234 407 260 439
b5 316 297 351 328
b6 356 191 369 220
b7 166 108 194 129
b8 272 21 287 53
b9 392 286 438 320
b10 228 179 260 224
b11 424 129 438 165
b12 39 356 81 392
b13 272 111 320 156
b14 174 0 189 25
b15 311 233 356 279
b16 143 270 165 288
b17 221 0 254 26
b18 159 289 193 308
b19 272 98 302 110
b20 89 24 122 52
b21 0 0 39 44
b22 0 269 39 295
b23 354 409 394 434
b24 228 285 253 300
b25 195 305 231 341
b26 36 331 79 356
b27 159 0 174 34
b28 53 123 91 169
b29 147 166 159 203
b30 356 272 383 289
b31 267 285 304 301
b32 351 314 383 337
b33 304 279 340 297
b34 252 26 271 64
b35 81 385 114 400
b36 208 71 236 83
b37 369 198 390 214
b38 316 353 349 379
b39 0 167 42 197
b40 61 95 102 123
b41 81 400 97 416
b42 228 134 272 153
b43 354 349 388 389
b44 337 141 353 168
b45 0 406 37 420
b46 61 43 76 91
b47 166 129 180 152
b48 171 188 197 212
b49 81 286 112 326
b50 401 87 434 129
b51 42 169 90 196
b52 39 249 66 286
b53 353 155 371 172
b54 351 98 367 141
b55 81 326 127 339
b56 118 58 143 80
b57 273 301 292 349
b58 0 89 19 130
b59 81 339 127 385
b60 390 251 420 286
b61 356 220 389 254
b62 0 44 37 89
b63 311 82 346 97
b64 390 204 438 251
b65 368 98 401 128
b66 320 168 351 199
b67 274 235 311 279
b68 42 196 66 231
b69 298 379 336 398
b70 66 225 102 239
b71 236 349 270 391
b72 195 238 228 272
b73 126 252 164 270
b74 20 232 38 261
b75 112 291 139 314
b76 372 186 386 198
b77 292 301 308 325
b78 228 153 271 179
b79 105 400 124 437
b80 353 141 368 155
b81 36 295 56 327
b82 307 0 339 33
b83 159 42 196 61
b84 127 361 170 398
b85 306 398 354 435
b86 141 142 165 166
b87 0 420 45 439
b88 61 0 89 43
b89 420 251 432 286
b90 12 314 36 359
b91 124 398 168 426
b92 231 325 273 349
b93 351 77 394 98
b94 174 25 189 41
b95 195 341 231 366
b96 56 286 81 331
b97 66 197 91 225
b98 143 288 159 314
b99 0 232 20 269
b100 245 93 270 120
b101 271 156 319 196
b102 90 172 128 197
b103 260 196 292 228
b104 170 358 195 394
b105 197 177 228 219
b106 0 359 39 393
b107 143 58 159 103
b108 390 164 423 176
b109 311 199 323 221
b110 392 320 436 343
b111 356 254 369 272
b112 270 349 316 367
b113 263 405 306 433
b114 332 97 351 136
b115 165 252 195 289
b116 128 203 170 240
b117 311 58 348 82
b118 102 95 141 130
b119 210 399 234 435
b120 66 239 111 254
b121 66 254 111 286
b122 228 255 271 285
b123 272 69 307 82
b124 394 424 433 437
b125 392 343 420 361
b126 270 367 298 405
b127 81 416 105 438
b128 170 212 195 248
b129 394 41 438 87
b130 208 26 252 71
b131 354 389 390 409
b132 287 31 303 69
b133 159 188 171 202
b134 33 129 49 158
b135 111 235 126 272
b136 12 295 36 314
b137 292 325 310 347
b138 89 0 119 22
b139 48 392 81 423
b140 372 170 384 186
b141 141 108 166 142
b142 228 228 274 255
b143 143 314 189 358
b144 0 130 29 155
b145 394 390 439 424
b146 323 199 356 233
b147 135 166 147 197
b148 320 136 337 161
b149 159 166 181 188
b150 302 98 332 111
b151 236 391 263 407
b152 195 272 228 305
b153 352 337 392 349
b154 91 130 135 172
b155 208 0 221 12
b156 189 0 208 42
b157 128 240 170 252
b158 38 232 66 249
b159 37 44 61 80
b160 344 22 380 34
b161 112 272 143 291
b162 196 42 208 72
b163 181 130 227 177
b164 388 361 420 388
b165 195 366 236 399
b166 124 426 160 438
b167 127 314 141 361
b168 307 33 344 58
b169 390 176 436 204
b170 194 83 239 105
b171 390 129 424 164
b172 194 105 225 130
b173 339 0 381 22
b174 351 289 371 314
b175 0 295 12 329
b176 225 105 245 121
b177 254 0 285 21
b178 371 289 391 305
b179 394 0 439 41
b180 351 172 372 191
b181 372 128 387 170
b182 0 155 33 167
b183 91 197 128 213
b184 195 219 215 238
b185 228 121 272 134
b186 0 393 48 406
b187 102 213 126 235
b188 119 0 159 24
b189 287 0 307 31
b190 122 24 159 58
b191 168 399 210 436
b192 239 71 267 93
b193 348 34 390 77
b194 76 52 118 95
b195 231 300 267 325
b196 272 82 311 98
b197 159 61 194 108
b198 39 0 61 40
b199 19 89 53 129
