1
544 545
850932
b0 242 61 269 76
b1 526 486 542 513
b2 341 185 363 211
b3 342 391 387 412
b4 74 229 119 269
b5 297 36 313 62
b6 341 214 379 241
b7 395 510 424 545
b8 462 219 498 240
b9 122 214 166 239
b10 82 367 113 382
b11 144 0 168 41
b12 406 64 423 83
b13 294 345 342 378
b14 18 39 39 83
b15 98 308 132 323
b16 411 364 453 409
b17 260 0 297 41
b18 195 402 239 445
b19 253 201 289 224
b20 294 481 307 498
b21 50 517 94 545
b22 0 116 35 145
b23 453 397 493 414
b24 426 144 450 162
b25 52 435 81 478
b26 166 279 193 297
b27 116 368 156 406
b28 168 127 192 139
b29 363 494 392 524
b30 301 150 321 178
b31 52 403 88 435
b32 448 439 470 458
b33 379 0 425 45
b34 48 350 60 379
b35 307 481 333 493
b36 405 409 432 439
b37 342 412 371 424
b38 297 62 316 83
b39 453 414 466 426
b40 113 41 160 60
b41 49 293 68 329
b42 168 43 193 89
b43 18 329 57 350
b44 227 452 251 479
b45 249 312 273 337
b46 0 402 19 415
b47 159 505 201 545
b48 41 211 69 245
b49 461 32 485 80
b50 70 20 89 34
b51 60 367 76 381
b52 452 154 489 172
b53 0 0 36 12
b54 343 45 377 75
b55 122 116 153 142
b56 39 25 70 71
b57 241 381 289 428
b58 211 219 236 244
b59 289 255 336 293
b60 0 305 16 344
b61 308 493 339 538
b62 426 222 462 268
b63 196 34 242 70
b64 269 54 284 87
b65 513 473 536 486
b66 116 323 158 368
b67 507 518 540 532
b68 122 142 167 170
b69 204 375 240 402
b70 289 329 334 345
b71 464 0 498 32
b72 33 350 48 382
b73 117 104 163 116
b74 70 38 113 72
b75 297 84 334 104
b76 387 324 423 363
b77 231 290 249 330
b78 457 340 499 356
b79 41 171 66 211
b80 356 424 371 460
b81 370 96 385 128
b82 60 343 99 367
b83 450 81 491 118
b84 371 414 405 452
b85 425 497 468 531
b86 127 60 166 104
b87 0 454 48 499
b88 500 280 544 309
b89 322 378 342 420
b90 339 481 363 527
b91 322 460 365 481
b92 342 344 387 391
b93 387 363 411 383
b94 168 208 187 239
b95 74 269 118 306
b96 498 0 544 33
b97 355 527 395 542
b98 452 206 487 219
b99 187 197 204 237
b100 122 170 167 214
b101 85 172 121 202
b102 167 239 203 279
b103 322 424 356 458
b104 375 282 389 324
b105 341 241 376 274
b106 508 358 541 370
b107 19 403 51 418
b108 107 0 144 38
b109 499 181 541 227
b110 159 466 201 505
b111 470 456 491 469
b112 493 440 518 470
b113 94 501 118 537
b114 418 178 452 222
b115 496 384 518 418
b116 428 301 456 320
b117 290 178 311 217
b118 168 89 212 127
b119 203 286 231 331
b120 272 505 308 541
b121 345 146 379 184
b122 0 499 20 542
b123 334 96 370 119
b124 251 245 286 276
b125 255 87 297 133
b126 241 344 253 366
b127 453 372 496 397
b128 122 239 166 267
b129 500 240 522 274
b130 15 218 41 248
b131 331 0 379 45
b132 425 0 464 18
b133 212 76 255 91
b134 379 144 426 178
b135 236 245 251 290
b136 253 189 290 201
b137 134 454 155 482
b138 88 382 116 424
b139 450 118 487 154
b140 499 346 542 358
b141 168 139 187 184
b142 331 119 368 146
b143 128 482 152 507
b144 0 164 40 179
b145 203 331 248 344
b146 485 33 518 81
b147 211 189 253 219
b148 493 470 513 488
b149 249 133 296 155
b150 518 419 541 450
b151 0 263 18 305
b152 193 70 212 86
b153 311 185 341 226
b154 48 381 65 403
b155 405 439 430 453
b156 273 312 289 340
b157 192 127 212 152
b158 518 450 531 473
b159 83 72 127 104
b160 466 273 493 289
b161 491 81 538 127
b162 387 383 405 414
b163 414 122 447 144
b164 289 293 330 329
b165 189 445 206 466
b166 297 0 331 36
b167 251 276 288 312
b168 253 345 294 369
b169 518 33 542 72
b170 385 93 414 138
b171 522 240 544 280
b172 530 127 543 154
b173 196 0 221 32
b174 487 127 530 143
b175 339 527 355 542
b176 414 84 447 122
b177 85 131 122 172
b178 65 381 82 400
b179 297 104 331 150
b180 0 145 40 164
b181 159 438 189 466
b182 187 152 211 197
b183 389 287 428 320
b184 336 298 361 344
b185 83 104 117 131
b186 0 83 31 116
b187 489 143 525 181
b188 500 309 540 346
b189 70 72 82 116
b190 212 126 249 153
b191 48 71 64 105
b192 290 226 338 255
b193 0 201 33 218
b194 508 370 536 383
b195 39 418 52 451
b196 384 453 425 494
b197 131 507 159 544
b198 377 45 425 64
b199 18 248 54 279
b200 381 178 418 221
b201 18 301 47 327
b202 221 0 260 34
b203 451 273 466 301
b204 289 418 322 459
b205 432 409 453 424
b206 212 91 254 126
b207 289 378 322 406
b208 423 64 450 84
b209 159 393 195 438
b210 88 466 112 479
b211 531 450 543 466
b212 86 480 128 501
b213 376 268 408 282
b214 242 34 259 61
b215 385 64 406 93
b216 88 424 107 466
b217 54 245 74 293
b218 99 323 114 366
b219 273 155 301 173
b220 68 306 98 343
b221 159 380 204 393
b222 36 0 70 25
b223 272 486 294 505
b224 236 224 281 245
b225 165 297 203 344
b226 457 356 496 372
b227 118 507 131 539
b228 70 0 91 20
b229 135 406 159 454
b230 493 488 526 518
b231 392 494 422 510
b232 470 414 493 456
b233 91 0 107 13
b234 212 153 230 186
b235 112 434 134 480
b236 316 45 343 84
b237 343 75 383 96
b238 468 518 507 545
b239 0 179 40 201
b240 365 460 384 483
b241 168 184 181 208
b242 282 459 322 481
b243 452 172 489 206
b244 260 41 297 54
b245 518 383 542 419
b246 425 453 448 497
b247 0 418 39 454
b248 40 140 83 171
b249 0 12 35 39
b250 251 452 282 486
b251 230 155 273 189
b252 116 406 135 434
b253 35 83 48 98
b254 70 116 83 140
b255 118 269 165 308
b256 56 105 69 126
b257 158 344 175 377
b258 423 320 457 364
b259 496 358 508 384
b260 289 406 308 418
b261 241 369 286 381
b262 74 202 122 229
b263 379 222 426 268
b264 470 469 493 514
b265 0 218 15 263
b266 224 500 272 545
b267 52 478 86 517
b268 493 418 518 440
b269 0 39 18 76
b270 201 500 224 515
b271 240 428 282 452
b272 321 150 345 185
b273 448 458 469 488
b274 206 445 227 478
b275 204 244 226 272
b276 204 272 235 286
b277 0 390 47 402
b278 500 227 542 240
b279 457 301 500 340
b280 18 279 49 301
b281 363 184 381 214
b282 20 499 50 543
b283 453 426 468 439
b284 201 515 222 545
b285 507 532 540 545
b286 425 18 461 59
b287 206 479 248 500
b288 175 344 203 380
b289 462 240 499 273
b290 40 105 56 132
b291 168 0 196 43
b292 336 274 375 298
b293 408 268 451 287
b294 525 154 542 180
b295 361 298 374 341
b296 69 171 85 198
b297 203 344 241 375
b298 0 350 33 390
b299 370 128 383 141
