1
436 443
561422
b0 118 189 134 225
b1 321 27 340 66
b2 0 156 41 191
b3 407 371 425 418
b4 352 207 384 233
b5 175 197 210 228
b6 37 191 50 220
b7 74 71 102 92
b8 233 361 248 393
b9 212 244 246 290
b10 0 124 45 156
b11 415 43 429 79
b12 285 340 321 382
b13 35 340 80 388
b14 143 0 158 25
b15 73 220 118 266
b16 0 235 22 253
b17 161 253 194 279
b18 90 399 109 433
b19 0 409 30 421
b20 369 365 402 393
b21 74 137 118 176
b22 321 349 360 375
b23 207 394 247 419
b24 185 36 210 51
b25 201 0 237 36
b26 394 0 419 43
b27 281 425 315 440
b28 247 188 293 226
b29 359 119 371 156
b30 358 250 375 277
b31 134 196 171 212
b32 321 247 344 279
b33 315 425 351 443
b34 121 71 140 109
b35 358 235 391 250
b36 210 197 222 225
b37 247 413 263 434
b38 207 361 233 394
b39 187 330 229 360
b40 401 177 429 218
b41 105 71 121 87
b42 371 158 415 177
b43 37 71 71 111
b44 0 87 27 103
b45 362 82 376 119
b46 197 228 212 276
b47 50 187 73 201
b48 360 323 384 349
b49 74 31 105 71
b50 175 164 217 197
b51 388 43 415 91
b52 321 322 358 349
b53 375 250 393 267
b54 271 25 287 68
b55 321 67 367 80
b56 300 162 322 187
b57 219 73 267 92
b58 224 136 265 155
b59 229 315 275 361
b60 70 266 105 296
b61 395 258 429 291
b62 0 42 37 87
b63 296 115 331 130
b64 175 116 222 164
b65 351 412 384 442
b66 74 0 105 31
b67 0 191 37 235
b68 0 346 35 370
b69 166 30 185 68
b70 285 382 321 396
b71 376 91 418 125
b72 126 385 160 418
b73 369 393 407 411
b74 331 184 360 202
b75 402 125 429 148
b76 252 169 264 183
b77 360 349 384 365
b78 149 137 175 180
b79 147 30 166 67
b80 264 173 278 188
b81 340 47 372 67
b82 296 130 329 162
b83 248 361 285 380
b84 358 280 395 323
b85 321 375 369 412
b86 271 149 295 173
b87 140 71 185 90
b88 31 0 74 28
b89 134 212 169 224
b90 384 418 429 442
b91 331 115 359 159
b92 198 419 240 443
b93 37 28 58 71
b94 109 413 124 429
b95 271 113 296 149
b96 402 326 427 371
b97 74 192 99 220
b98 210 36 236 52
b99 50 201 70 238
b100 222 181 247 208
b101 22 238 70 278
b102 237 0 275 25
b103 237 25 269 57
b104 45 124 70 160
b105 0 0 31 42
b106 0 370 34 409
b107 293 227 309 272
b108 126 418 159 430
b109 278 173 300 185
b110 247 226 291 249
b111 375 267 393 280
b112 418 79 436 125
b113 42 278 70 321
b114 185 97 224 116
b115 364 177 401 207
b116 321 280 358 322
b117 287 60 311 97
b118 323 80 362 115
b119 222 208 246 244
b120 271 68 286 113
b121 126 298 158 343
b122 158 0 201 30
b123 340 34 375 47
b124 310 412 349 425
b125 293 199 311 227
b126 105 0 143 28
b127 393 236 417 258
b128 161 228 197 253
b129 247 249 293 293
b130 74 92 118 137
b131 106 300 126 336
b132 74 176 112 192
b133 293 272 307 284
b134 35 321 64 337
b135 160 426 197 441
b136 179 402 198 426
b137 401 218 423 236
b138 118 109 140 139
b139 371 125 402 158
b140 263 413 279 425
b141 34 416 68 441
b142 311 0 357 27
b143 224 92 270 136
b144 285 396 310 425
b145 185 52 219 97
b146 287 27 321 60
b147 300 187 331 199
b148 384 326 401 351
b149 0 421 22 443
b150 125 430 155 443
b151 0 103 27 119
b152 248 380 281 413
b153 309 247 321 287
b154 163 360 207 402
b155 219 52 232 64
b156 64 321 106 340
b157 0 294 42 306
b158 384 207 401 235
b159 163 324 187 360
b160 287 97 323 109
b161 139 267 158 298
b162 222 169 252 181
b163 275 293 321 340
b164 41 160 73 187
b165 161 279 202 312
b166 158 312 194 324
b167 224 155 271 169
b168 81 362 106 399
b169 35 388 81 416
b170 81 340 126 362
b171 395 291 429 326
b172 118 139 149 164
b173 322 162 364 184
b174 118 164 138 189
b175 106 266 118 300
b176 22 278 42 294
b177 118 267 139 298
b178 109 393 125 413
b179 311 202 352 247
b180 99 192 118 213
b181 58 28 73 70
b182 344 247 356 280
b183 138 180 175 196
b184 160 402 179 422
b185 27 111 71 124
b186 375 34 388 82
b187 68 416 90 440
b188 202 290 226 330
b189 106 362 126 393
b190 357 0 394 34
b191 126 343 163 385
b192 0 253 22 281
b193 105 28 147 71
b194 118 225 161 267
b195 275 0 311 25
b196 232 57 271 73
b197 140 90 175 137
b198 226 293 266 315
b199 0 306 34 346
