1
455 452
312500
b0 282 0 315 43
b1 315 142 380 179
b2 65 88 99 141
b3 153 166 190 233
b4 306 247 325 276
b5 0 200 39 249
b6 331 406 349 446
b7 315 66 355 88
b8 191 216 241 278
b9 315 197 356 213
b10 315 179 367 197
b11 0 413 59 452
b12 420 199 448 260
b13 355 31 403 88
b14 362 317 405 380
b15 233 324 292 376
b16 0 75 57 111
b17 88 380 132 446
b18 0 303 48 354
b19 355 0 405 31
b20 0 354 37 373
b21 0 25 64 75
b22 39 202 73 251
b23 188 104 208 153
b24 405 0 433 45
b25 72 341 126 380
b26 193 278 233 333
b27 0 0 65 25
b28 258 108 304 147
b29 300 276 362 300
b30 48 341 72 367
b31 117 267 143 301
b32 352 380 405 423
b33 117 232 139 267
b34 170 375 224 402
b35 48 303 79 341
b36 362 278 429 317
b37 117 39 137 99
b38 0 111 57 134
b39 65 0 117 55
b40 153 233 179 262
b41 241 216 268 271
b42 362 200 415 262
b43 132 406 193 452
b44 305 341 352 406
b45 282 376 305 420
b46 282 422 321 444
b47 23 380 88 413
b48 424 322 451 379
b49 245 43 292 108
b50 268 215 300 282
b51 225 0 282 38
b52 315 88 360 142
b53 367 179 410 200
b54 170 58 188 119
b55 170 341 226 375
b56 292 43 309 106
b57 165 119 183 166
b58 315 213 361 247
b59 143 304 193 341
b60 0 373 23 413
b61 251 182 274 215
b62 405 317 424 377
b63 117 99 153 144
b64 208 108 258 155
b65 226 376 282 433
b66 49 141 116 202
b67 63 261 107 301
b68 0 251 63 303
b69 360 88 387 142
b70 241 282 283 324
b71 161 0 225 22
b72 190 155 251 216
b73 387 88 454 149
b74 153 262 191 304
b75 137 80 165 99
b76 137 58 170 80
b77 188 38 245 104
b78 117 144 153 176
b79 292 300 352 341
b80 362 262 420 278
b81 410 149 450 199
b82 405 379 452 436
b83 403 45 425 61
b84 433 0 455 67
b85 425 67 450 87
b86 79 301 135 338
b87 117 0 161 39
b88 325 247 362 271
b89 251 155 289 182
b90 65 55 104 88
b91 117 176 150 232
b92 305 406 331 422
b93 135 341 170 406
b94 73 202 114 261
b95 137 39 188 58
b96 315 0 355 66
b97 289 147 306 214
b98 429 260 451 322
b99 0 134 49 200
