1
444 444
290811
b0 77 169 120 202
b1 105 241 170 278
b2 170 219 223 253
b3 242 297 279 364
b4 223 255 252 274
b5 53 0 102 39
b6 369 175 387 215
b7 47 420 87 442
b8 345 0 395 62
b9 0 390 41 406
b10 259 142 311 160
b11 306 191 365 230
b12 409 66 437 127
b13 361 85 409 142
b14 103 278 166 321
b15 340 381 392 440
b16 17 0 53 57
b17 395 0 439 66
b18 47 372 98 420
b19 192 319 242 350
b20 17 87 36 124
b21 142 321 192 385
b22 327 93 361 142
b23 387 153 436 173
b24 293 0 321 45
b25 105 202 159 241
b26 104 27 144 82
b27 17 62 82 87
b28 39 124 85 163
b29 321 0 345 62
b30 409 127 433 153
b31 120 169 154 195
b32 270 386 313 439
b33 17 124 39 159
b34 313 386 340 440
b35 317 62 355 93
b36 314 230 381 269
b37 104 88 164 108
b38 142 385 199 408
b39 392 388 444 443
b40 170 253 199 279
b41 204 136 259 163
b42 17 204 70 266
b43 319 269 380 315
b44 319 315 384 362
b45 98 321 142 344
b46 267 217 306 239
b47 252 59 317 92
b48 102 0 159 27
b49 205 22 252 87
b50 136 408 203 440
b51 98 386 136 443
b52 159 165 204 219
b53 298 297 319 340
b54 86 39 104 100
b55 387 173 421 229
b56 0 0 17 63
b57 0 372 47 390
b58 404 342 438 388
b59 36 87 86 124
b60 355 62 395 85
b61 53 39 86 62
b62 279 297 298 357
b63 267 239 312 275
b64 17 266 64 316
b65 37 316 94 372
b66 203 382 270 443
b67 223 215 267 255
b68 204 163 267 215
b69 311 142 365 169
b70 98 344 140 386
b71 270 364 334 386
b72 144 27 205 88
b73 86 108 153 169
b74 0 406 42 444
b75 385 342 404 370
b76 365 142 387 175
b77 385 276 442 342
b78 192 350 228 382
b79 17 163 77 204
b80 311 175 369 191
b81 164 88 204 138
b82 385 229 442 276
b83 205 87 227 103
b84 179 0 246 22
b85 159 0 179 25
b86 0 316 37 372
b87 64 269 103 313
b88 267 193 304 217
b89 153 138 191 165
b90 267 160 306 193
b91 205 103 261 136
b92 0 63 16 89
b93 70 204 105 269
b94 252 0 293 59
b95 334 362 385 381
b96 170 279 236 319
b97 0 89 17 156
b98 252 275 314 297
b99 261 93 327 142
