1
440 442
300216
b0 185 102 228 135
b1 270 169 307 234
b2 111 179 145 232
b3 0 39 67 76
b4 61 387 90 406
b5 219 271 258 320
b6 236 102 254 142
b7 104 337 126 377
b8 389 85 439 147
b9 0 0 41 16
b10 258 389 276 441
b11 366 296 405 355
b12 412 147 440 208
b13 129 384 177 441
b14 0 246 63 289
b15 319 242 378 294
b16 55 298 112 334
b17 0 76 66 120
b18 254 84 302 135
b19 319 211 369 242
b20 66 179 85 216
b21 0 147 64 197
b22 270 135 319 169
b23 177 384 197 433
b24 337 312 365 357
b25 64 140 118 179
b26 330 395 385 435
b27 378 231 403 296
b28 66 216 105 262
b29 385 380 409 442
b30 85 179 111 203
b31 208 218 242 244
b32 61 334 104 387
b33 383 358 418 380
b34 192 244 246 271
b35 405 320 436 358
b36 41 0 108 39
b37 304 65 364 85
b38 378 208 435 231
b39 0 289 55 341
b40 236 142 262 171
b41 192 271 219 326
b42 336 85 389 147
b43 197 343 258 389
b44 145 228 192 293
b45 319 188 363 211
b46 67 39 89 78
b47 349 0 382 65
b48 0 120 57 147
b49 239 37 304 84
b50 259 357 326 389
b51 326 357 383 395
b52 276 395 330 440
b53 316 312 337 355
b54 135 108 153 169
b55 378 147 412 203
b56 135 44 198 61
b57 319 294 366 312
b58 302 85 336 131
b59 92 387 129 437
b60 112 297 135 337
b61 0 16 33 39
b62 197 416 257 435
b63 63 262 108 298
b64 135 61 185 108
b65 259 301 316 357
b66 258 234 319 301
b67 89 39 133 79
b68 145 176 208 228
b69 197 389 251 416
b70 174 0 216 42
b71 327 0 349 64
b72 66 79 127 140
b73 0 341 61 408
b74 208 176 246 218
b75 203 157 231 176
b76 203 135 236 157
b77 382 0 439 66
b78 56 408 92 440
b79 198 42 239 102
b80 311 0 327 58
b81 153 135 203 175
b82 135 297 192 344
b83 405 231 421 253
b84 405 253 427 320
b85 246 208 266 233
b86 255 0 311 37
b87 135 0 174 44
b88 246 171 270 208
b89 108 0 135 38
b90 216 0 255 33
b91 0 408 56 441
b92 118 140 134 166
b93 108 232 143 297
b94 319 147 378 188
b95 382 66 433 85
b96 126 344 192 384
b97 192 326 259 343
b98 409 380 431 442
b99 0 197 66 246
