1
433 444
312468
b0 334 300 377 333
b1 173 117 238 154
b2 129 313 163 366
b3 334 377 371 444
b4 245 416 274 435
b5 281 362 330 401
b6 111 234 151 252
b7 109 418 149 440
b8 49 121 111 171
b9 90 400 106 441
b10 149 373 201 391
b11 254 35 313 74
b12 244 184 272 245
b13 0 20 48 77
b14 313 41 376 84
b15 114 55 166 114
b16 168 32 225 68
b17 65 244 109 310
b18 163 325 214 373
b19 142 117 173 167
b20 46 268 65 305
b21 344 95 408 145
b22 0 119 49 153
b23 0 0 49 20
b24 0 175 45 203
b25 57 205 111 244
b26 377 234 432 274
b27 310 275 375 300
b28 0 268 46 307
b29 49 97 111 121
b30 149 391 175 415
b31 244 158 278 184
b32 379 0 432 43
b33 0 153 35 175
b34 190 187 244 214
b35 111 114 142 152
b36 394 167 433 234
b37 109 308 129 368
b38 241 359 264 416
b39 376 43 431 95
b40 85 65 111 94
b41 114 0 141 55
b42 281 300 334 362
b43 0 307 46 368
b44 49 0 114 47
b45 408 95 431 139
b46 169 415 208 437
b47 173 154 238 187
b48 214 340 241 397
b49 0 368 65 415
b50 168 0 235 32
b51 238 101 276 158
b52 377 331 431 376
b53 172 267 215 288
b54 146 252 164 313
b55 49 171 105 205
b56 173 187 190 250
b57 49 47 96 65
b58 309 106 343 152
b59 164 288 214 325
b60 67 400 90 440
b61 208 397 241 420
b62 235 0 254 60
b63 190 214 235 250
b64 344 167 394 214
b65 377 274 433 331
b66 371 377 432 444
b67 272 214 316 254
b68 46 310 109 362
b69 141 0 168 54
b70 0 77 42 119
b71 360 145 424 167
b72 316 214 377 275
b73 111 167 172 234
b74 65 362 107 400
b75 240 245 268 264
b76 309 84 342 106
b77 278 157 344 214
b78 49 65 85 97
b79 319 0 379 41
b80 0 252 58 268
b81 109 368 149 418
b82 0 205 57 252
b83 344 145 360 167
b84 0 415 67 437
b85 149 415 169 440
b86 109 252 146 308
b87 334 333 373 377
b88 208 420 245 444
b89 254 74 292 101
b90 277 254 310 293
b91 276 101 309 157
b92 238 60 254 86
b93 254 0 319 35
b94 274 401 333 442
b95 215 289 234 340
b96 241 293 281 359
b97 173 250 240 267
b98 215 267 277 289
b99 166 68 232 117
