1
444 447
299091
b0 311 380 344 423
b1 204 41 269 78
b2 351 0 385 53
b3 234 141 271 208
b4 303 332 322 361
b5 362 154 401 203
b6 223 258 263 276
b7 0 202 40 224
b8 205 277 255 339
b9 172 0 213 16
b10 229 339 247 391
b11 121 327 180 366
b12 85 0 113 61
b13 123 279 180 327
b14 401 135 444 198
b15 113 0 172 52
b16 271 178 307 235
b17 312 288 378 332
b18 385 0 433 51
b19 121 366 171 397
b20 362 135 399 154
b21 73 397 137 447
b22 180 362 229 396
b23 262 384 311 404
b24 224 208 269 236
b25 327 93 381 132
b26 327 53 382 93
b27 180 277 205 342
b28 312 242 351 288
b29 172 146 234 170
b30 360 332 386 356
b31 269 278 303 304
b32 44 138 97 181
b33 351 230 386 252
b34 347 203 401 230
b35 322 332 360 363
b36 401 198 440 265
b37 97 210 157 230
b38 273 0 296 57
b39 296 0 351 52
b40 97 279 123 308
b41 137 397 192 424
b42 22 17 75 79
b43 172 85 218 146
b44 0 228 47 293
b45 67 335 111 358
b46 269 235 308 257
b47 0 354 65 387
b48 270 95 327 122
b49 47 228 94 293
b50 344 380 376 447
b51 270 57 327 95
b52 308 132 362 177
b53 269 257 312 278
b54 382 117 443 135
b55 271 122 305 178
b56 22 0 85 17
b57 56 120 103 138
b58 192 396 226 442
b59 113 126 163 163
b60 137 424 177 447
b61 172 52 195 85
b62 163 258 223 277
b63 226 396 262 441
b64 44 181 94 228
b65 0 79 56 136
b66 0 293 67 354
b67 382 73 422 117
b68 218 78 270 141
b69 67 308 121 335
b70 247 342 289 384
b71 0 0 22 64
b72 163 170 224 231
b73 376 371 443 432
b74 255 304 297 342
b75 85 61 113 80
b76 51 403 73 436
b77 386 305 443 371
b78 172 16 204 52
b79 213 0 273 41
b80 0 387 58 403
b81 56 80 106 120
b82 103 163 160 210
b83 385 51 401 73
b84 179 236 246 258
b85 180 342 205 362
b86 65 358 121 395
b87 0 163 44 202
b88 295 423 332 447
b89 0 136 38 163
b90 262 404 295 443
b91 113 52 169 85
b92 163 231 179 257
b93 312 177 347 242
b94 113 85 172 126
b95 0 403 51 422
b96 378 265 444 305
b97 297 363 364 380
b98 422 51 444 113
b99 97 230 163 279
