1
437 443
572367
b0 320 0 336 36
b1 142 131 181 150
b2 0 195 35 236
b3 406 158 424 205
b4 411 315 437 347
b5 110 244 145 275
b6 192 92 221 105
b7 405 123 433 144
b8 314 224 346 239
b9 212 140 258 174
b10 0 329 45 361
b11 397 87 411 123
b12 117 0 159 36
b13 156 376 201 424
b14 116 173 141 188
b15 57 333 103 378
b16 79 145 97 167
b17 296 354 322 387
b18 265 25 299 44
b19 253 337 283 349
b20 98 305 131 333
b21 338 380 377 424
b22 145 271 184 297
b23 280 0 320 25
b24 67 423 92 438
b25 225 251 261 287
b26 201 387 226 430
b27 422 0 437 34
b28 0 130 38 176
b29 314 169 326 206
b30 356 37 373 64
b31 358 0 374 37
b32 275 113 307 136
b33 45 294 63 330
b34 0 176 38 195
b35 261 217 294 232
b36 117 36 145 48
b37 0 361 21 377
b38 186 0 212 33
b39 70 378 112 408
b40 346 214 374 255
b41 0 0 16 16
b42 164 150 208 169
b43 300 284 340 318
b44 65 250 92 266
b45 38 83 75 97
b46 311 121 326 169
b47 53 208 67 231
b48 411 291 437 315
b49 81 0 112 40
b50 364 87 397 129
b51 159 32 186 80
b52 274 86 311 113
b53 314 206 331 224
b54 326 173 369 189
b55 0 426 46 439
b56 43 241 65 266
b57 418 205 437 253
b58 239 0 280 19
b59 202 326 248 372
b60 110 275 145 305
b61 261 184 295 217
b62 0 73 37 118
b63 64 145 79 180
b64 311 74 359 121
b65 281 136 311 169
b66 145 240 176 271
b67 369 154 406 198
b68 411 87 435 122
b69 156 424 194 443
b70 221 65 235 101
b71 309 40 351 74
b72 326 121 359 155
b73 326 155 364 173
b74 225 287 254 305
b75 92 408 115 435
b76 406 144 418 158
b77 38 122 62 138
b78 287 412 330 438
b79 295 184 314 221
b80 213 233 228 247
b81 184 270 216 290
b82 90 111 123 143
b83 123 105 142 142
b84 0 269 43 306
b85 212 174 260 211
b86 377 384 401 408
b87 0 385 45 404
b88 38 180 81 208
b89 141 228 176 240
b90 382 299 406 344
b91 44 266 88 294
b92 296 330 338 354
b93 136 305 157 348
b94 62 122 78 137
b95 369 129 405 154
b96 72 40 117 65
b97 214 0 239 28
b98 38 138 64 154
b99 0 53 37 73
b100 116 188 141 215
b101 261 232 309 272
b102 45 385 70 423
b103 403 380 435 412
b104 0 28 36 53
b105 248 349 279 391
b106 119 48 153 87
b107 157 331 202 347
b108 98 250 110 283
b109 355 355 367 377
b110 0 306 44 329
b111 119 87 132 105
b112 214 28 260 46
b113 253 309 296 337
b114 202 307 241 326
b115 257 391 287 428
b116 272 44 309 86
b117 155 105 192 129
b118 63 294 98 333
b119 21 361 57 385
b120 201 372 246 387
b121 174 169 206 214
b122 97 143 140 173
b123 194 430 229 443
b124 235 87 274 100
b125 330 424 358 442
b126 229 403 257 441
b127 259 140 281 164
b128 400 412 436 437
b129 75 65 119 111
b130 374 210 418 255
b131 136 406 156 442
b132 279 349 295 387
b133 367 355 379 369
b134 65 0 81 29
b135 285 272 300 309
b136 186 33 210 52
b137 359 64 377 86
b138 343 255 365 285
b139 103 333 136 364
b140 241 305 253 321
b141 296 387 330 412
b142 38 0 65 46
b143 365 255 411 299
b144 110 215 135 244
b145 309 239 343 284
b146 403 347 437 380
b147 226 391 257 403
b148 338 355 355 380
b149 213 211 235 233
b150 247 211 260 241
b151 259 113 275 140
b152 141 195 174 228
b153 235 211 247 251
b154 340 299 382 343
b155 0 118 13 130
b156 358 424 400 443
b157 296 318 338 330
b158 197 290 225 307
b159 261 272 285 308
b160 340 343 376 355
b161 214 46 245 65
b162 322 354 334 384
b163 374 0 421 46
b164 159 0 186 32
b165 0 236 41 269
b166 370 198 406 210
b167 176 256 223 270
b168 38 97 75 122
b169 155 348 201 376
b170 142 150 164 195
b171 81 173 116 207
b172 155 80 186 105
b173 0 404 42 426
b174 245 46 265 71
b175 78 111 90 145
b176 336 24 356 40
b177 115 406 136 437
b178 192 105 212 121
b179 377 46 422 87
b180 46 423 67 442
b181 260 169 302 184
b182 41 208 53 241
b183 235 71 272 87
b184 38 154 58 173
b185 142 87 155 131
b186 422 34 435 82
b187 336 0 358 24
b188 379 344 403 384
b189 181 129 212 149
b190 38 46 72 83
b191 176 214 213 256
b192 16 0 38 28
b193 112 364 155 406
b194 67 208 110 250
b195 411 255 436 291
b196 331 198 370 214
b197 212 105 259 140
b198 192 52 214 92
b199 157 297 197 331
