1
436 437
565562
b0 362 400 378 436
b1 109 365 148 384
b2 265 62 306 97
b3 74 312 121 330
b4 17 223 43 255
b5 189 167 224 198
b6 296 392 325 405
b7 345 112 373 133
b8 310 214 342 229
b9 260 356 294 402
b10 39 352 71 397
b11 189 129 225 143
b12 352 178 394 214
b13 132 392 180 437
b14 160 192 185 207
b15 25 44 71 89
b16 310 275 332 293
b17 310 229 343 255
b18 253 167 272 201
b19 229 254 259 266
b20 398 377 431 405
b21 389 41 433 80
b22 49 190 75 229
b23 270 37 310 62
b24 25 89 40 114
b25 272 167 308 203
b26 172 104 215 129
b27 157 74 172 108
b28 71 0 109 46
b29 352 41 389 53
b30 0 231 17 258
b31 0 194 16 231
b32 161 331 193 354
b33 221 416 257 434
b34 185 82 223 101
b35 148 377 181 392
b36 175 255 203 267
b37 18 207 39 223
b38 227 357 260 383
b39 90 403 132 433
b40 225 163 253 204
b41 0 312 16 328
b42 87 384 131 403
b43 40 272 74 312
b44 111 231 127 258
b45 210 0 224 37
b46 333 377 348 425
b47 196 0 210 23
b48 81 105 107 129
b49 181 403 221 434
b50 162 289 195 331
b51 24 325 72 352
b52 0 410 37 437
b53 346 260 363 278
b54 224 204 267 220
b55 348 377 361 423
b56 232 266 254 291
b57 309 98 328 146
b58 0 125 19 166
b59 181 357 227 403
b60 225 128 255 163
b61 333 302 367 335
b62 270 0 315 37
b63 142 74 157 109
b64 107 114 155 161
b65 127 161 160 191
b66 296 405 327 436
b67 195 291 232 335
b68 310 146 345 170
b69 74 293 112 312
b70 52 397 66 433
b71 119 331 161 365
b72 315 0 349 33
b73 71 365 109 383
b74 206 226 224 255
b75 310 75 337 98
b76 25 114 37 128
b77 37 117 61 133
b78 407 334 433 377
b79 185 198 204 235
b80 141 289 155 304
b81 239 383 259 415
b82 25 133 58 165
b83 394 209 431 228
b84 68 235 111 272
b85 361 352 398 400
b86 255 143 279 167
b87 75 190 94 235
b88 387 111 430 139
b89 327 425 362 437
b90 196 37 220 82
b91 281 203 309 247
b92 25 165 49 207
b93 74 272 117 293
b94 71 383 87 398
b95 271 260 296 296
b96 0 0 25 45
b97 349 0 374 28
b98 232 291 248 317
b99 0 270 37 290
b100 411 139 436 166
b101 127 227 175 267
b102 43 229 68 267
b103 355 53 387 85
b104 0 89 25 125
b105 387 80 429 111
b106 0 352 39 386
b107 368 260 384 305
b108 148 365 181 377
b109 160 150 172 172
b110 0 45 23 89
b111 39 397 52 415
b112 384 257 402 303
b113 393 0 436 28
b114 240 317 259 356
b115 235 62 265 99
b116 315 33 352 75
b117 0 386 37 410
b118 368 317 407 352
b119 205 255 229 291
b120 224 47 269 62
b121 95 186 127 231
b122 395 166 425 209
b123 373 112 386 147
b124 271 247 310 260
b125 0 166 18 194
b126 398 405 436 433
b127 140 307 162 331
b128 111 44 136 80
b129 25 0 71 44
b130 109 0 154 44
b131 310 255 346 275
b132 328 98 344 136
b133 0 258 14 270
b134 160 176 189 192
b135 296 377 333 392
b136 62 105 81 129
b137 337 75 355 97
b138 279 143 309 165
b139 260 402 291 435
b140 136 44 152 56
b141 71 80 105 105
b142 215 101 261 128
b143 261 99 307 143
b144 374 228 399 257
b145 224 220 269 254
b146 402 228 436 261
b147 223 62 235 93
b148 107 161 124 186
b149 183 267 205 289
b150 172 74 185 104
b151 395 139 411 166
b152 127 191 160 224
b153 269 203 281 243
b154 310 170 352 214
b155 422 28 435 40
b156 254 296 296 315
b157 160 108 172 150
b158 204 198 221 226
b159 189 143 225 167
b160 259 254 271 290
b161 71 403 90 434
b162 333 290 363 302
b163 224 0 270 47
b164 355 85 387 112
b165 259 315 292 356
b166 332 278 368 290
b167 172 129 186 176
b168 345 133 370 170
b169 346 214 374 260
b170 195 335 240 357
b171 107 80 142 114
b172 370 147 395 178
b173 141 267 183 289
b174 160 207 185 227
b175 368 305 402 317
b176 378 416 394 436
b177 296 335 317 366
b178 378 400 398 416
b179 61 129 102 174
b180 121 307 140 328
b181 154 0 196 15
b182 227 383 239 416
b183 58 174 95 190
b184 374 0 393 20
b185 16 312 60 325
b186 374 28 422 41
b187 0 328 24 350
b188 117 267 141 307
b189 175 235 206 255
b190 402 261 436 298
b191 296 293 333 335
b192 40 89 62 117
b193 317 335 360 377
b194 154 31 196 74
b195 407 298 432 334
b196 154 15 193 31
b197 72 330 119 365
b198 0 290 40 312
b199 71 46 111 80
