1
433 439
553030
b0 114 186 150 202
b1 113 72 132 111
b2 398 33 433 74
b3 217 0 264 18
b4 0 254 26 286
b5 341 384 376 415
b6 216 381 245 394
b7 388 208 416 229
b8 87 345 119 360
b9 372 286 418 320
b10 44 299 76 344
b11 166 358 180 394
b12 34 118 70 160
b13 243 394 291 439
b14 35 413 50 438
b15 253 346 298 392
b16 226 104 248 122
b17 258 123 284 156
b18 219 362 253 381
b19 308 333 338 345
b20 120 290 153 318
b21 224 279 268 318
b22 268 200 294 239
b23 388 183 428 208
b24 341 369 366 384
b25 207 394 243 430
b26 16 201 59 226
b27 188 90 222 105
b28 70 72 108 118
b29 188 105 225 117
b30 153 341 180 358
b31 284 184 321 200
b32 340 311 372 334
b33 388 165 424 183
b34 412 321 431 359
b35 219 347 252 362
b36 47 344 75 356
b37 187 147 208 163
b38 90 312 116 345
b39 226 62 256 104
b40 389 258 430 286
b41 188 42 204 58
b42 70 148 114 167
b43 0 0 34 40
b44 324 226 351 242
b45 76 299 90 336
b46 352 0 400 15
b47 132 70 146 93
b48 284 320 308 346
b49 298 346 338 377
b50 271 28 313 61
b51 87 223 135 250
b52 117 363 154 390
b53 30 344 47 362
b54 388 77 404 120
b55 114 140 127 186
b56 362 77 387 99
b57 324 292 372 311
b58 248 104 289 123
b59 220 198 266 244
b60 153 289 183 324
b61 119 318 153 351
b62 324 255 369 292
b63 0 413 35 428
b64 0 365 47 413
b65 294 200 324 233
b66 401 408 432 439
b67 0 74 37 118
b68 47 358 82 382
b69 47 382 85 401
b70 180 380 216 394
b71 115 28 149 70
b72 141 241 175 274
b73 181 362 219 380
b74 389 229 407 258
b75 219 320 242 347
b76 296 303 308 317
b77 225 122 241 146
b78 61 200 87 243
b79 323 112 360 131
b80 183 320 198 334
b81 109 250 141 270
b82 85 360 117 393
b83 155 185 174 222
b84 50 401 93 438
b85 61 250 109 287
b86 45 160 69 184
b87 0 182 45 201
b88 110 0 153 28
b89 0 286 35 298
b90 70 48 115 72
b91 192 163 220 207
b92 289 0 331 24
b93 112 202 155 223
b94 127 140 142 156
b95 87 183 112 219
b96 142 146 187 171
b97 363 135 388 163
b98 70 167 96 183
b99 304 419 341 439
b100 296 233 323 258
b101 70 0 110 48
b102 140 392 165 430
b103 344 174 376 206
b104 34 12 70 37
b105 402 366 433 408
b106 27 226 61 265
b107 135 225 180 241
b108 376 163 388 196
b109 97 287 119 299
b110 226 18 249 62
b111 291 419 304 437
b112 352 59 398 77
b113 268 261 296 304
b114 324 155 363 174
b115 188 117 225 147
b116 313 24 350 66
b117 323 131 360 155
b118 323 77 362 112
b119 377 403 401 439
b120 0 167 45 182
b121 388 120 420 165
b122 70 118 113 148
b123 418 286 431 321
b124 324 242 363 255
b125 271 0 289 28
b126 181 334 219 362
b127 113 118 137 140
b128 40 37 65 73
b129 352 15 398 59
b130 0 298 44 343
b131 324 190 344 226
b132 416 208 432 246
b133 75 344 87 358
b134 45 184 74 200
b135 138 274 175 289
b136 301 90 320 114
b137 174 171 192 193
b138 0 343 30 365
b139 37 74 70 105
b140 284 304 296 320
b141 284 159 318 184
b142 142 119 188 146
b143 175 241 219 287
b144 404 74 433 99
b145 289 114 323 159
b146 149 42 183 75
b147 0 155 31 167
b148 241 123 258 148
b149 318 311 340 333
b150 90 299 120 312
b151 0 238 27 254
b152 400 0 433 33
b153 372 320 384 360
b154 239 156 283 198
b155 208 147 220 160
b156 220 147 239 189
b157 242 333 284 345
b158 153 324 181 341
b159 341 415 377 439
b160 34 0 70 12
b161 132 99 163 118
b162 119 351 149 363
b163 93 393 140 439
b164 153 0 180 32
b165 183 287 224 320
b166 61 287 97 299
b167 127 171 174 185
b168 377 366 402 403
b169 384 320 412 366
b170 296 258 318 303
b171 338 334 372 369
b172 188 58 213 89
b173 249 18 271 60
b174 163 99 188 119
b175 154 358 166 392
b176 174 193 190 213
b177 27 265 58 286
b178 324 174 344 190
b179 256 61 301 102
b180 331 0 352 19
b181 242 318 284 333
b182 174 213 207 225
b183 0 201 16 238
b184 119 270 138 290
b185 420 99 433 143
b186 213 42 226 90
b187 301 66 323 90
b188 146 75 186 99
b189 369 246 389 277
b190 0 118 34 155
b191 180 0 217 42
b192 268 239 296 261
b193 298 377 341 419
b194 165 394 207 437
b195 363 99 388 135
b196 180 225 219 241
b197 220 244 267 279
b198 363 206 385 246
b199 0 40 40 74
