1
443 455
300250
b0 0 285 43 318
b1 146 0 211 37
b2 320 0 373 34
b3 344 154 381 221
b4 279 362 298 391
b5 390 229 439 268
b6 135 313 175 331
b7 320 34 360 56
b8 153 390 203 452
b9 65 225 106 241
b10 66 0 118 18
b11 381 126 440 165
b12 0 318 28 379
b13 238 0 295 48
b14 66 162 109 225
b15 151 37 210 89
b16 348 348 405 384
b17 0 0 66 44
b18 272 67 323 115
b19 323 123 373 154
b20 238 48 275 67
b21 390 165 440 229
b22 0 225 49 259
b23 133 390 153 439
b24 118 0 146 45
b25 246 211 300 250
b26 0 379 40 434
b27 0 91 65 116
b28 395 268 434 314
b29 366 221 390 283
b30 61 241 87 265
b31 395 314 421 348
b32 166 89 209 142
b33 268 391 290 426
b34 225 362 279 389
b35 405 361 436 399
b36 40 361 79 428
b37 165 182 185 242
b38 185 224 242 247
b39 246 250 298 305
b40 0 259 29 285
b41 211 151 266 178
b42 290 402 352 455
b43 185 178 246 224
b44 0 44 65 91
b45 166 142 210 165
b46 176 324 198 363
b47 66 96 131 129
b48 211 0 238 57
b49 203 389 268 436
b50 323 56 355 123
b51 332 306 389 344
b52 79 374 133 419
b53 422 61 443 104
b54 203 436 264 454
b55 298 306 332 362
b56 122 165 185 182
b57 421 314 439 361
b58 49 265 83 311
b59 355 61 405 98
b60 211 67 251 90
b61 83 265 106 298
b62 173 286 233 305
b63 153 247 198 283
b64 55 311 102 361
b65 109 182 165 239
b66 373 0 440 61
b67 272 115 316 155
b68 303 230 366 282
b69 40 428 94 455
b70 0 116 42 158
b71 203 305 225 369
b72 211 90 272 151
b73 0 158 61 225
b74 66 18 108 56
b75 175 305 203 324
b76 102 352 135 374
b77 225 305 291 362
b78 94 419 126 455
b79 303 170 344 230
b80 337 283 395 299
b81 298 362 348 402
b82 106 239 153 296
b83 422 104 438 126
b84 355 98 422 120
b85 295 0 320 20
b86 266 155 303 211
b87 198 247 242 286
b88 300 282 337 306
b89 28 318 55 356
b90 102 313 135 352
b91 66 129 122 162
b92 316 154 342 170
b93 131 96 166 161
b94 135 331 176 390
b95 132 45 151 96
b96 66 56 132 96
b97 106 296 173 313
b98 352 384 374 446
b99 374 399 440 448
