1
452 455
306310
b0 294 340 337 373
b1 231 90 268 155
b2 185 415 238 449
b3 231 200 268 267
b4 349 269 378 288
b5 113 97 162 136
b6 91 293 109 333
b7 203 40 243 62
b8 249 0 299 62
b9 221 343 262 359
b10 403 332 421 384
b11 126 378 185 417
b12 238 62 299 90
b13 294 396 342 453
b14 359 350 402 413
b15 0 358 59 410
b16 327 91 384 127
b17 360 0 426 44
b18 301 269 349 320
b19 168 343 218 374
b20 64 160 101 179
b21 164 200 228 250
b22 67 179 116 213
b23 286 320 335 340
b24 0 303 45 331
b25 0 410 54 449
b26 228 267 268 322
b27 360 44 425 69
b28 45 288 91 327
b29 403 384 427 446
b30 179 40 203 66
b31 301 120 327 154
b32 178 96 231 139
b33 203 62 238 84
b34 164 316 218 343
b35 67 213 105 244
b36 0 214 67 253
b37 342 435 402 455
b38 111 355 168 378
b39 0 140 55 192
b40 301 91 327 120
b41 327 195 382 222
b42 111 293 164 355
b43 0 0 61 46
b44 321 222 386 269
b45 67 244 90 288
b46 349 288 388 310
b47 268 91 301 156
b48 0 331 57 358
b49 387 172 452 219
b50 54 418 121 450
b51 126 417 183 455
b52 61 0 115 45
b53 221 322 264 343
b54 268 282 286 343
b55 238 418 294 452
b56 59 347 76 410
b57 275 371 293 418
b58 268 197 302 243
b59 0 253 37 303
b60 294 373 334 396
b61 386 219 419 242
b62 302 197 321 257
b63 231 155 267 200
b64 116 136 163 186
b65 218 359 275 415
b66 164 139 231 200
b67 359 310 403 350
b68 61 97 113 160
b69 327 127 381 154
b70 384 88 426 130
b71 0 192 64 214
b72 0 79 61 140
b73 299 0 360 67
b74 387 130 425 172
b75 275 343 294 371
b76 359 413 392 435
b77 164 250 221 316
b78 386 242 422 274
b79 327 154 387 195
b80 403 274 419 332
b81 76 378 126 418
b82 116 186 163 243
b83 61 45 77 67
b84 337 320 359 387
b85 59 327 84 347
b86 142 40 179 96
b87 115 0 159 39
b88 225 0 249 37
b89 84 333 111 371
b90 268 243 301 282
b91 0 46 56 79
b92 162 96 178 122
b93 77 45 142 80
b94 268 156 327 197
b95 361 69 412 88
b96 159 0 225 40
b97 61 80 128 97
b98 299 69 361 91
b99 91 244 157 293
