1
439 439
562002
b0 351 420 387 436
b1 386 176 425 195
b2 99 267 140 302
b3 344 282 391 300
b4 98 93 124 125
b5 98 125 133 156
b6 263 111 276 140
b7 258 175 286 196
b8 258 279 273 311
b9 258 220 304 254
b10 149 99 181 144
b11 42 402 78 416
b12 64 317 100 359
b13 235 24 283 69
b14 124 67 149 82
b15 97 393 142 439
b16 89 245 111 263
b17 363 300 389 333
b18 90 201 124 220
b19 59 186 89 198
b20 391 325 419 358
b21 43 207 87 246
b22 0 300 39 326
b23 90 220 130 245
b24 258 254 273 279
b25 62 104 98 140
b26 175 213 200 256
b27 227 141 242 175
b28 150 53 188 99
b29 161 0 173 37
b30 37 22 64 39
b31 189 176 205 213
b32 319 415 351 438
b33 42 416 78 434
b34 367 174 386 212
b35 353 362 368 395
b36 100 41 128 53
b37 173 32 189 53
b38 149 204 175 237
b39 76 363 118 393
b40 37 39 78 67
b41 333 76 349 92
b42 387 420 431 439
b43 149 170 189 204
b44 37 353 64 369
b45 332 150 369 164
b46 133 100 148 148
b47 288 182 311 196
b48 258 196 284 220
b49 288 142 319 182
b50 142 397 175 439
b51 387 208 435 235
b52 188 75 225 102
b53 199 292 217 309
b54 391 358 434 374
b55 24 62 37 108
b56 333 54 358 76
b57 208 258 256 277
b58 188 56 229 75
b59 391 374 437 420
b60 227 187 257 222
b61 175 258 208 292
b62 90 156 127 201
b63 229 81 264 96
b64 150 323 198 370
b65 404 122 437 152
b66 272 347 303 378
b67 0 256 37 300
b68 369 125 404 149
b69 39 299 58 337
b70 0 48 36 62
b71 273 303 315 337
b72 175 403 208 437
b73 82 0 100 38
b74 207 123 236 141
b75 368 362 391 389
b76 235 0 249 12
b77 82 38 98 62
b78 181 102 207 145
b79 43 104 62 141
b80 258 333 273 347
b81 173 0 193 32
b82 188 370 220 403
b83 78 393 97 430
b84 320 300 363 337
b85 0 0 37 48
b86 320 276 344 300
b87 130 202 149 247
b88 411 14 439 57
b89 217 277 229 312
b90 0 62 24 107
b91 272 378 316 406
b92 0 415 42 439
b93 0 235 43 256
b94 39 337 54 353
b95 229 317 254 353
b96 149 145 194 170
b97 0 108 25 136
b98 242 139 258 165
b99 111 247 148 267
b100 376 0 403 25
b101 347 215 387 263
b102 394 97 432 122
b103 244 406 276 438
b104 333 125 369 150
b105 82 62 124 93
b106 140 271 174 310
b107 145 0 161 45
b108 229 69 262 81
b109 258 311 270 333
b110 323 164 367 187
b111 36 189 49 207
b112 127 156 145 202
b113 276 406 319 434
b114 288 103 307 142
b115 199 312 229 349
b116 0 326 37 368
b117 249 0 286 24
b118 0 176 35 215
b119 402 152 438 176
b120 58 302 103 317
b121 213 222 258 254
b122 229 376 272 406
b123 258 140 271 175
b124 386 195 425 208
b125 25 108 43 136
b126 323 187 361 215
b127 229 353 253 375
b128 208 406 244 431
b129 393 279 437 325
b130 287 59 332 103
b131 0 215 36 235
b132 205 176 221 214
b133 403 0 415 14
b134 254 347 270 376
b135 207 108 244 123
b136 320 247 339 271
b137 124 82 146 100
b138 311 29 333 59
b139 319 337 350 370
b140 227 175 243 187
b141 149 237 174 271
b142 142 370 188 397
b143 393 235 439 279
b144 286 29 311 58
b145 319 370 353 415
b146 333 92 367 125
b147 194 145 206 176
b148 385 149 402 174
b149 128 45 150 67
b150 381 95 394 125
b151 303 337 319 364
b152 376 25 409 58
b153 189 44 229 56
b154 193 0 235 44
b155 339 263 351 276
b156 351 263 393 282
b157 333 42 375 54
b158 271 147 288 175
b159 103 302 139 326
b160 229 96 265 108
b161 244 108 263 139
b162 369 95 381 125
b163 273 256 319 303
b164 320 215 347 247
b165 35 369 76 402
b166 276 111 288 147
b167 286 0 333 14
b168 350 337 387 362
b169 62 140 90 186
b170 37 0 82 22
b171 116 326 150 361
b172 174 292 199 323
b173 265 69 287 111
b174 34 141 59 161
b175 286 196 320 208
b176 369 149 385 169
b177 198 349 229 370
b178 207 141 227 157
b179 100 0 145 41
b180 206 157 227 176
b181 286 14 328 29
b182 139 310 172 322
b183 100 326 116 363
b184 419 325 439 344
b185 200 214 213 258
b186 304 208 317 256
b187 118 361 142 383
b188 411 57 435 97
b189 79 263 99 294
b190 37 67 71 104
b191 369 58 411 95
b192 35 161 57 189
b193 37 256 79 299
b194 333 0 376 42
b195 353 395 389 420
b196 307 103 323 142
b197 0 368 35 415
b198 229 277 251 317
b199 0 136 34 176
