1
428 450
552836
b0 360 289 396 305
b1 359 331 398 350
b2 136 118 177 153
b3 286 171 304 218
b4 131 308 157 340
b5 59 230 90 265
b6 338 174 351 203
b7 64 50 92 71
b8 148 30 163 62
b9 306 38 340 84
b10 203 122 235 167
b11 62 285 98 299
b12 0 412 42 448
b13 340 56 388 101
b14 163 42 188 57
b15 275 366 321 411
b16 173 261 195 279
b17 237 46 263 79
b18 264 299 298 318
b19 340 101 352 131
b20 64 0 92 33
b21 48 71 92 110
b22 26 373 52 412
b23 360 200 400 225
b24 298 298 313 323
b25 107 412 143 448
b26 174 236 217 261
b27 263 43 278 77
b28 204 412 250 450
b29 137 221 174 233
b30 121 39 148 56
b31 194 371 231 387
b32 239 124 271 147
b33 228 389 264 407
b34 184 154 203 192
b35 360 101 375 134
b36 331 348 359 360
b37 18 269 34 290
b38 57 152 90 178
b39 163 0 193 42
b40 195 293 236 321
b41 124 364 140 380
b42 360 136 404 155
b43 0 229 34 269
b44 32 357 59 373
b45 124 350 161 364
b46 0 92 48 107
b47 174 222 197 236
b48 360 305 384 331
b49 122 62 162 93
b50 392 370 425 412
b51 258 216 285 264
b52 285 260 312 297
b53 375 119 393 136
b54 263 0 279 43
b55 141 399 187 412
b56 188 42 213 64
b57 321 84 340 132
b58 0 338 41 357
b59 217 0 263 46
b60 184 192 219 222
b61 240 91 274 124
b62 388 0 425 45
b63 270 264 285 299
b64 312 251 360 298
b65 92 58 122 91
b66 131 277 162 308
b67 231 352 275 389
b68 137 253 172 277
b69 321 0 340 38
b70 203 167 239 181
b71 306 411 348 445
b72 388 45 422 78
b73 87 267 125 285
b74 398 306 427 324
b75 90 244 117 267
b76 344 298 356 312
b77 0 213 24 229
b78 227 264 270 290
b79 42 412 61 449
b80 62 337 76 352
b81 194 351 226 371
b82 58 178 91 210
b83 340 37 377 56
b84 16 301 59 338
b85 340 0 388 37
b86 213 46 237 70
b87 184 109 203 154
b88 321 366 364 394
b89 404 122 416 157
b90 34 232 58 277
b91 364 350 392 394
b92 285 218 309 260
b93 35 189 56 232
b94 35 152 51 167
b95 206 321 242 346
b96 62 410 107 435
b97 236 290 264 315
b98 0 395 26 411
b99 62 356 99 376
b100 136 93 163 118
b101 136 153 184 193
b102 62 299 87 337
b103 195 261 227 293
b104 240 147 276 172
b105 396 264 427 306
b106 107 0 141 39
b107 91 181 136 197
b108 388 78 400 111
b109 304 171 316 193
b110 400 78 423 122
b111 375 101 388 119
b112 99 354 117 400
b113 275 323 303 366
b114 239 216 258 255
b115 157 320 194 350
b116 279 0 321 37
b117 404 169 428 206
b118 0 174 35 213
b119 400 206 424 242
b120 62 435 107 450
b121 360 225 392 270
b122 278 96 321 126
b123 227 181 240 216
b124 28 13 41 52
b125 303 348 331 366
b126 137 193 175 221
b127 34 277 56 301
b128 309 202 334 238
b129 92 135 136 181
b130 360 155 404 200
b131 137 233 173 253
b132 0 357 16 395
b133 404 157 418 169
b134 92 42 121 58
b135 203 107 240 122
b136 340 323 359 347
b137 0 269 18 291
b138 141 0 163 30
b139 0 141 31 174
b140 16 357 32 369
b141 194 387 228 412
b142 279 37 306 83
b143 240 172 286 216
b144 199 70 228 95
b145 0 107 45 141
b146 242 318 275 352
b147 125 244 137 275
b148 64 33 89 50
b149 35 167 57 189
b150 12 0 42 13
b151 321 394 348 410
b152 98 285 131 318
b153 0 0 12 40
b154 92 93 136 135
b155 197 222 209 235
b156 348 431 390 450
b157 279 84 321 96
b158 124 380 141 408
b159 164 412 188 448
b160 227 216 239 252
b161 360 270 391 289
b162 194 321 206 351
b163 91 197 137 244
b164 392 412 424 439
b165 162 279 195 320
b166 228 79 264 91
b167 163 57 177 104
b168 303 323 340 348
b169 398 324 426 370
b170 177 64 199 109
b171 272 411 306 446
b172 313 298 344 323
b173 250 407 272 449
b174 62 265 87 285
b175 203 95 237 107
b176 41 40 57 60
b177 143 412 164 443
b178 12 13 28 33
b179 276 126 317 171
b180 41 338 62 357
b181 92 0 107 42
b182 161 350 194 362
b183 188 412 204 449
b184 76 337 96 356
b185 334 203 347 247
b186 347 203 360 251
b187 396 242 420 264
b188 193 0 217 40
b189 58 210 89 230
b190 62 376 99 410
b191 348 394 390 431
b192 316 174 338 202
b193 48 110 91 152
b194 317 132 360 174
b195 99 318 124 354
b196 0 291 16 330
b197 141 364 188 399
b198 42 0 64 40
b199 0 52 34 92
