1
438 455
312828
b0 112 343 145 386
b1 215 0 252 65
b2 271 341 305 394
b3 340 0 377 67
b4 361 125 380 154
b5 102 182 141 231
b6 0 235 18 275
b7 305 405 327 445
b8 0 50 50 112
b9 311 285 352 301
b10 372 234 424 252
b11 42 297 101 336
b12 197 185 225 246
b13 186 128 234 185
b14 22 112 65 175
b15 0 344 59 396
b16 313 67 370 103
b17 59 386 125 430
b18 102 231 153 279
b19 0 0 31 50
b20 292 223 311 260
b21 102 132 166 182
b22 397 166 431 215
b23 218 312 267 332
b24 191 404 236 432
b25 186 65 240 104
b26 325 166 380 206
b27 52 430 117 455
b28 172 311 218 350
b29 401 297 425 359
b30 186 104 212 128
b31 181 37 215 63
b32 59 343 112 386
b33 146 77 181 99
b34 18 181 72 208
b35 234 274 265 312
b36 18 208 57 275
b37 381 297 401 357
b38 302 166 325 223
b39 0 396 52 451
b40 188 246 214 275
b41 313 0 340 55
b42 240 127 302 180
b43 327 358 388 404
b44 102 296 167 343
b45 165 219 188 263
b46 321 301 343 340
b47 102 99 167 132
b48 145 343 172 400
b49 327 404 392 451
b50 167 279 234 311
b51 343 301 381 358
b52 372 252 426 297
b53 281 67 302 110
b54 0 174 18 235
b55 141 185 197 219
b56 102 279 165 296
b57 325 206 372 224
b58 397 120 431 166
b59 388 359 438 396
b60 158 37 181 77
b61 66 274 99 297
b62 372 215 432 234
b63 172 350 208 395
b64 125 400 175 447
b65 102 0 158 57
b66 252 0 313 67
b67 392 396 432 440
b68 380 57 432 120
b69 208 350 235 404
b70 0 302 42 344
b71 305 341 327 405
b72 311 224 372 285
b73 225 213 292 274
b74 64 0 102 42
b75 38 275 66 294
b76 191 432 224 454
b77 236 397 302 454
b78 65 108 101 140
b79 240 67 281 127
b80 175 395 191 453
b81 271 301 321 341
b82 377 0 424 57
b83 165 263 187 279
b84 313 103 380 125
b85 65 156 85 181
b86 158 0 214 37
b87 102 57 146 96
b88 265 274 302 298
b89 0 275 38 302
b90 31 0 64 39
b91 240 180 296 213
b92 65 140 91 156
b93 236 332 271 397
b94 302 125 361 166
b95 167 99 186 150
b96 57 208 97 274
b97 380 120 397 187
b98 0 112 22 174
b99 50 42 99 108
