1
437 437
555300
b0 156 383 192 399
b1 0 127 19 166
b2 34 329 75 364
b3 133 415 180 433
b4 249 261 281 287
b5 238 0 269 35
b6 124 0 137 29
b7 396 181 424 202
b8 234 333 266 348
b9 189 231 223 277
b10 24 388 56 433
b11 0 26 36 40
b12 138 237 174 279
b13 292 346 337 394
b14 362 91 387 106
b15 92 229 138 274
b16 361 184 383 202
b17 92 274 125 300
b18 215 328 234 362
b19 189 407 201 437
b20 0 360 33 388
b21 125 279 169 318
b22 174 69 200 108
b23 263 172 288 212
b24 170 307 195 322
b25 390 37 426 73
b26 43 51 68 94
b27 174 237 189 271
b28 78 0 124 38
b29 137 39 174 51
b30 336 0 353 27
b31 374 290 390 327
b32 337 374 369 397
b33 244 243 280 261
b34 137 0 175 19
b35 362 275 395 290
b36 156 355 168 383
b37 195 307 216 323
b38 391 155 424 181
b39 262 87 292 129
b40 56 378 97 406
b41 93 346 109 362
b42 65 143 109 162
b43 200 92 240 126
b44 114 128 141 144
b45 156 318 170 355
b46 201 145 216 193
b47 323 92 337 115
b48 355 202 381 226
b49 56 406 96 437
b50 0 166 42 199
b51 201 410 249 437
b52 96 410 133 437
b53 371 413 389 430
b54 146 399 189 415
b55 68 83 114 96
b56 330 220 355 242
b57 201 126 249 145
b58 372 143 391 184
b59 46 243 92 289
b60 12 56 42 91
b61 0 327 34 360
b62 390 0 435 37
b63 215 395 250 410
b64 111 144 159 191
b65 297 220 330 250
b66 80 162 111 193
b67 347 106 391 143
b68 396 202 431 226
b69 371 0 390 38
b70 396 226 432 240
b71 395 242 437 276
b72 359 242 393 275
b73 416 288 434 326
b74 353 0 371 29
b75 292 126 319 149
b76 360 143 372 157
b77 207 42 231 58
b78 0 0 43 26
b79 269 46 306 65
b80 235 261 249 276
b81 25 94 45 126
b82 338 29 370 62
b83 0 290 19 327
b84 176 194 219 231
b85 97 362 134 410
b86 323 115 347 139
b87 250 418 295 437
b88 170 279 213 307
b89 350 286 362 321
b90 0 388 24 433
b91 331 242 359 286
b92 292 65 316 107
b93 262 129 283 172
b94 381 202 396 218
b95 0 91 25 127
b96 114 103 159 128
b97 316 67 344 92
b98 395 276 411 302
b99 288 162 325 182
b100 0 199 25 226
b101 395 359 435 407
b102 42 164 80 189
b103 175 0 207 32
b104 288 182 313 218
b105 207 0 238 42
b106 337 397 371 436
b107 281 243 297 288
b108 25 126 37 159
b109 134 361 156 373
b110 114 38 137 82
b111 33 364 46 382
b112 114 85 160 103
b113 125 318 153 361
b114 73 193 92 232
b115 266 288 303 318
b116 295 394 337 431
b117 43 305 80 329
b118 104 193 143 228
b119 19 290 43 326
b120 0 247 45 262
b121 391 123 436 155
b122 219 145 249 188
b123 288 149 323 162
b124 424 155 437 194
b125 192 379 210 407
b126 37 126 65 164
b127 213 277 235 301
b128 325 158 361 183
b129 80 300 124 346
b130 68 38 112 83
b131 137 19 173 39
b132 0 40 38 56
b133 411 276 425 288
b134 46 289 75 305
b135 323 143 360 158
b136 239 188 263 207
b137 407 105 429 123
b138 387 73 409 103
b139 159 108 192 139
b140 143 191 159 203
b141 240 35 265 69
b142 235 287 262 333
b143 350 327 394 373
b144 362 62 387 91
b145 170 323 215 357
b146 143 203 176 237
b147 223 246 235 277
b148 43 34 68 51
b149 269 65 291 87
b150 337 344 350 374
b151 216 301 232 328
b152 215 362 248 395
b153 65 131 105 143
b154 31 199 73 243
b155 337 92 349 105
b156 250 399 292 418
b157 159 182 201 194
b158 291 318 308 346
b159 389 413 425 437
b160 92 193 104 229
b161 292 107 323 126
b162 297 250 327 262
b163 269 0 316 46
b164 409 73 436 105
b165 394 326 435 359
b166 134 373 146 409
b167 46 364 93 378
b168 175 32 200 69
b169 0 262 46 290
b170 170 357 215 379
b171 43 0 78 34
b172 244 212 269 243
b173 240 69 262 111
b174 269 218 289 243
b175 0 56 12 90
b176 391 103 407 123
b177 0 226 31 247
b178 370 38 390 54
b179 250 354 291 399
b180 223 227 244 246
b181 303 286 345 301
b182 362 290 374 323
b183 359 226 396 242
b184 316 0 336 19
b185 349 62 362 106
b186 249 111 262 159
b187 394 302 416 326
b188 371 373 395 413
b189 45 94 65 125
b190 137 51 174 85
b191 313 183 355 220
b192 303 262 331 284
b193 159 139 201 182
b194 308 301 350 344
b195 266 318 291 354
b196 223 188 239 227
b197 65 96 112 131
b198 316 27 338 67
b199 200 58 240 92
