1
443 443
558390
b0 141 70 177 86
b1 208 339 227 378
b2 119 380 160 415
b3 87 366 105 413
b4 351 342 383 368
b5 66 27 97 62
b6 0 429 29 442
b7 204 131 232 152
b8 0 390 32 405
b9 199 233 233 279
b10 273 384 318 416
b11 369 306 383 342
b12 119 338 155 380
b13 195 23 243 68
b14 44 381 69 396
b15 154 191 199 237
b16 252 61 270 83
b17 206 313 239 339
b18 416 172 435 206
b19 47 88 59 118
b20 233 195 261 228
b21 353 217 392 261
b22 128 217 154 256
b23 273 416 313 441
b24 0 118 25 133
b25 159 0 195 36
b26 39 416 82 441
b27 312 321 346 336
b28 66 163 104 209
b29 343 294 380 306
b30 383 351 410 368
b31 113 109 129 146
b32 113 86 145 109
b33 318 409 354 427
b34 379 45 398 83
b35 319 178 334 211
b36 180 89 192 117
b37 190 313 206 334
b38 145 86 178 112
b39 288 42 330 72
b40 44 340 72 381
b41 343 278 359 294
b42 180 70 224 89
b43 233 261 273 295
b44 16 91 32 118
b45 34 290 71 304
b46 43 242 58 290
b47 208 378 222 401
b48 353 193 379 217
b49 288 178 319 218
b50 142 146 184 179
b51 356 368 404 395
b52 243 0 280 27
b53 141 0 159 17
b54 337 193 353 236
b55 141 133 187 146
b56 0 24 22 49
b57 66 78 85 126
b58 154 237 195 256
b59 273 338 319 384
b60 398 137 428 172
b61 239 308 272 342
b62 128 256 173 293
b63 319 394 354 409
b64 288 86 335 134
b65 233 127 263 160
b66 312 290 343 321
b67 233 90 277 127
b68 233 160 257 195
b69 58 269 96 288
b70 428 136 442 172
b71 0 314 42 348
b72 28 171 61 205
b73 266 208 284 246
b74 270 61 288 90
b75 346 306 369 333
b76 379 120 393 132
b77 96 269 120 285
b78 398 94 424 137
b79 379 83 398 120
b80 72 366 87 380
b81 129 112 161 132
b82 319 336 351 369
b83 66 126 85 163
b84 12 205 55 242
b85 383 314 431 351
b86 0 0 24 24
b87 47 43 66 88
b88 119 415 162 443
b89 0 212 12 247
b90 204 152 228 197
b91 410 351 438 395
b92 118 175 142 217
b93 400 73 443 94
b94 343 263 359 278
b95 204 197 229 233
b96 263 163 288 208
b97 82 413 107 441
b98 0 91 16 117
b99 98 19 118 56
b100 58 244 85 269
b101 395 207 443 247
b102 312 252 337 290
b103 44 308 76 340
b104 76 341 112 366
b105 202 89 233 131
b106 243 27 282 61
b107 155 326 171 371
b108 357 132 390 144
b109 142 179 164 191
b110 195 0 239 23
b111 105 366 118 384
b112 341 0 359 46
b113 227 366 270 394
b114 273 299 292 338
b115 400 43 437 73
b116 400 247 442 284
b117 330 46 367 70
b118 273 264 312 299
b119 227 342 263 366
b120 32 72 47 117
b121 174 381 206 426
b122 0 247 43 277
b123 173 256 186 291
b124 0 416 39 429
b125 313 24 341 42
b126 28 143 66 171
b127 166 48 190 70
b128 263 127 288 163
b129 335 70 379 116
b130 288 134 333 178
b131 71 288 107 308
b132 97 56 113 94
b133 113 146 125 160
b134 66 62 95 78
b135 104 160 141 175
b136 85 133 104 157
b137 141 17 159 39
b138 335 116 357 146
b139 76 308 107 341
b140 320 0 332 16
b141 312 218 337 252
b142 0 133 27 179
b143 395 395 441 439
b144 22 43 47 72
b145 337 159 382 193
b146 156 293 190 326
b147 72 380 84 411
b148 288 24 313 41
b149 105 223 127 245
b150 239 295 269 308
b151 337 236 353 263
b152 233 228 266 261
b153 129 0 141 40
b154 0 348 44 390
b155 266 246 279 258
b156 424 94 443 136
b157 162 381 174 423
b158 383 286 400 314
b159 85 245 121 269
b160 354 428 390 440
b161 98 0 129 19
b162 400 284 412 314
b163 227 394 273 441
b164 66 0 98 27
b165 354 395 395 428
b166 159 36 195 48
b167 288 72 335 86
b168 319 369 356 394
b169 284 218 312 264
b170 118 40 140 85
b171 382 172 416 207
b172 27 118 58 143
b173 0 49 22 91
b174 141 48 166 68
b175 107 384 119 418
b176 12 179 28 199
b177 107 285 128 316
b178 184 159 204 175
b179 359 0 400 45
b180 161 112 180 133
b181 187 117 202 159
b182 0 179 12 212
b183 208 401 224 438
b184 233 68 252 88
b185 337 146 381 159
b186 105 175 118 223
b187 412 284 436 306
b188 280 0 320 24
b189 32 396 63 416
b190 0 277 34 314
b191 171 339 208 381
b192 128 293 156 315
b193 400 0 442 43
b194 24 0 66 43
b195 359 261 395 286
b196 95 94 111 133
b197 58 209 105 244
b198 112 316 152 338
b199 190 279 230 313
