1
540 544
832302
b0 74 112 101 127
b1 422 65 449 81
b2 154 390 180 412
b3 353 196 374 241
b4 73 504 118 544
b5 0 526 26 542
b6 184 0 211 38
b7 224 199 259 228
b8 133 390 154 426
b9 49 30 74 74
b10 0 481 31 496
b11 400 502 424 543
b12 445 182 462 201
b13 152 44 185 92
b14 310 414 354 435
b15 263 0 278 34
b16 185 38 230 80
b17 189 280 226 321
b18 300 242 343 286
b19 261 45 284 81
b20 34 212 47 229
b21 348 112 376 156
b22 74 77 103 112
b23 335 358 375 375
b24 379 146 397 170
b25 151 114 180 157
b26 435 44 462 62
b27 140 193 180 231
b28 410 0 422 24
b29 338 286 368 315
b30 251 401 271 429
b31 321 196 353 232
b32 211 0 230 22
b33 74 127 120 172
b34 255 81 284 93
b35 180 520 206 532
b36 0 496 27 526
b37 185 80 197 109
b38 460 146 479 167
b39 101 113 113 126
b40 306 435 353 454
b41 382 64 418 83
b42 134 243 180 268
b43 215 483 236 522
b44 240 517 267 541
b45 386 0 410 25
b46 354 42 373 55
b47 462 248 502 290
b48 503 386 537 414
b49 92 214 116 262
b50 384 379 398 398
b51 20 212 34 228
b52 118 505 136 542
b53 267 334 279 370
b54 180 388 214 418
b55 230 39 261 65
b56 306 488 352 519
b57 466 493 513 541
b58 272 134 297 159
b59 0 397 38 444
b60 224 183 263 199
b61 120 103 151 148
b62 398 381 434 427
b63 371 261 417 297
b64 215 453 248 468
b65 0 324 23 337
b66 494 69 539 111
b67 180 418 213 432
b68 48 316 76 361
b69 374 234 410 261
b70 73 300 118 316
b71 36 139 70 171
b72 397 167 429 182
b73 134 231 180 243
b74 180 432 214 475
b75 0 212 20 249
b76 456 0 495 36
b77 23 361 63 379
b78 486 290 502 332
b79 434 452 459 492
b80 522 451 537 487
b81 103 81 118 113
b82 271 405 310 429
b83 498 414 539 451
b84 417 347 455 381
b85 107 47 150 81
b86 459 454 503 493
b87 73 459 121 504
b88 226 271 255 315
b89 354 0 374 42
b90 0 52 46 76
b91 0 191 43 212
b92 76 316 123 361
b93 462 290 486 310
b94 480 111 511 130
b95 180 243 224 280
b96 40 442 73 488
b97 134 268 174 283
b98 421 321 456 334
b99 240 317 280 334
b100 136 484 180 529
b101 430 146 460 182
b102 440 110 480 146
b103 14 0 48 34
b104 348 529 390 543
b105 237 106 272 139
b106 80 230 92 263
b107 209 183 224 215
b108 263 195 300 233
b109 133 442 179 484
b110 81 172 120 214
b111 237 161 250 182
b112 154 412 179 442
b113 424 506 448 542
b114 309 44 353 78
b115 197 80 219 114
b116 120 148 139 176
b117 422 276 461 297
b118 462 204 500 248
b119 343 241 371 286
b120 0 137 36 173
b121 422 242 460 276
b122 0 275 20 318
b123 31 488 67 511
b124 180 357 215 388
b125 147 304 189 350
b126 513 493 535 505
b127 284 45 309 88
b128 326 0 354 44
b129 118 81 152 103
b130 48 0 74 30
b131 258 429 306 474
b132 375 331 414 349
b133 215 468 258 483
b134 500 188 534 235
b135 278 0 293 45
b136 219 80 231 117
b137 460 310 481 338
b138 46 97 74 139
b139 80 263 116 300
b140 363 315 375 358
b141 280 317 299 362
b142 106 422 133 459
b143 118 283 143 307
b144 348 315 363 355
b145 279 392 324 405
b146 462 36 510 69
b147 375 349 417 379
b148 181 157 201 175
b149 301 88 348 110
b150 346 173 377 196
b151 0 173 42 191
b152 371 398 387 417
b153 434 381 475 411
b154 237 139 254 161
b155 0 0 14 25
b156 215 437 243 453
b157 409 449 434 469
b158 397 154 420 167
b159 152 0 184 44
b160 510 171 537 187
b161 300 148 346 195
b162 422 110 440 141
b163 152 92 185 114
b164 140 157 181 193
b165 250 166 271 183
b166 503 276 539 310
b167 189 321 226 357
b168 231 65 255 106
b169 379 198 418 222
b170 180 475 209 520
b171 394 427 434 449
b172 300 215 313 242
b173 23 324 48 356
b174 0 381 43 397
b175 379 131 395 146
b176 396 469 434 502
b177 502 235 539 276
b178 30 34 49 51
b179 0 103 46 137
b180 422 223 462 242
b181 475 379 503 409
b182 102 361 147 385
b183 230 0 263 39
b184 181 175 206 221
b185 47 203 81 230
b186 43 172 76 203
b187 503 133 539 171
b188 0 444 40 481
b189 306 454 350 466
b190 106 385 133 422
b191 231 403 247 437
b192 455 350 503 379
b193 346 156 379 173
b194 353 435 366 463
b195 73 425 106 438
b196 434 411 475 452
b197 95 0 132 28
b198 95 28 143 47
b199 206 147 237 183
b200 503 343 540 386
b201 272 93 301 119
b202 386 25 420 64
b203 272 119 300 134
b204 293 0 326 41
b205 121 484 136 505
b206 38 400 73 442
b207 20 291 48 324
b208 132 0 152 27
b209 255 233 300 269
b210 422 81 446 94
b211 406 83 422 95
b212 145 283 187 304
b213 448 506 462 538
b214 254 139 271 166
b215 73 404 102 425
b216 503 451 522 493
b217 120 176 140 224
b218 379 183 422 198
b219 116 239 134 267
b220 200 117 237 147
b221 67 245 80 290
b222 236 483 261 517
b223 511 111 530 133
b224 27 511 72 532
b225 301 110 348 148
b226 261 491 300 507
b227 434 493 466 506
b228 300 195 321 215
b229 352 505 400 529
b230 74 47 107 77
b231 480 172 510 188
b232 480 130 503 172
b233 379 170 395 183
b234 228 370 261 388
b235 306 466 352 488
b236 0 76 39 103
b237 449 69 470 109
b238 513 505 540 544
b239 422 201 462 223
b240 422 182 445 201
b241 209 215 222 239
b242 123 307 145 347
b243 495 0 532 34
b244 418 334 455 347
b245 272 159 296 195
b246 0 337 23 381
b247 228 334 267 370
b248 224 228 255 271
b249 510 34 537 69
b250 348 78 379 112
b251 375 297 418 331
b252 354 55 382 74
b253 120 224 133 239
b254 335 317 348 341
b255 324 375 371 414
b256 422 44 435 65
b257 261 474 294 491
b258 422 0 456 44
b259 460 338 486 350
b260 228 315 240 334
b261 374 0 386 45
b262 379 83 406 131
b263 20 245 67 291
b264 475 409 498 454
b265 34 230 79 245
b266 255 269 300 317
b267 267 507 306 541
b268 48 291 73 313
b269 462 167 480 204
b270 228 388 251 403
b271 306 519 348 543
b272 470 69 494 104
b273 43 379 73 400
b274 73 438 106 459
b275 181 221 209 243
b276 261 370 275 401
b277 374 222 421 234
b278 215 357 228 399
b279 353 466 396 505
b280 209 522 240 544
b281 0 34 30 52
b282 280 362 324 392
b283 371 379 384 394
b284 39 76 69 97
b285 397 141 430 154
b286 299 317 335 358
b287 74 0 95 42
b288 366 417 394 453
b289 503 310 540 343
b290 422 94 449 110
b291 73 361 101 404
b292 421 297 460 321
b293 181 114 200 157
b294 0 249 17 275
b295 366 453 409 466
b296 215 403 231 430
b297 300 286 338 317
b298 147 350 180 390
b299 116 267 129 280
