1
449 442
579697
b0 311 28 327 64
b1 384 0 423 19
b2 0 233 41 268
b3 189 0 207 47
b4 193 155 225 181
b5 306 196 341 227
b6 115 0 128 29
b7 254 359 282 380
b8 24 268 39 300
b9 388 307 422 353
b10 128 72 173 104
b11 173 95 209 109
b12 86 37 128 73
b13 0 0 45 48
b14 275 130 300 145
b15 0 126 46 171
b16 283 55 305 73
b17 380 124 406 157
b18 264 297 283 331
b19 220 410 250 422
b20 43 218 71 251
b21 140 376 184 415
b22 45 0 71 39
b23 0 48 25 88
b24 214 136 239 151
b25 107 299 143 335
b26 341 0 384 25
b27 174 0 189 34
b28 0 361 46 399
b29 205 302 217 339
b30 212 285 239 302
b31 300 73 316 110
b32 297 384 329 407
b33 255 0 273 36
b34 334 375 353 413
b35 406 139 439 154
b36 255 285 283 297
b37 316 76 337 92
b38 422 344 448 377
b39 152 250 194 280
b40 226 173 267 201
b41 231 385 247 401
b42 140 415 184 434
b43 71 73 111 107
b44 46 327 73 343
b45 101 0 115 37
b46 268 37 283 85
b47 330 352 344 375
b48 343 161 369 185
b49 236 93 267 133
b50 226 40 268 73
b51 330 277 357 325
b52 341 25 368 62
b53 170 34 188 51
b54 173 51 189 94
b55 128 0 174 13
b56 209 385 231 410
b57 144 165 192 184
b58 357 277 376 318
b59 337 78 383 124
b60 71 0 101 35
b61 25 48 58 82
b62 267 181 304 226
b63 353 364 388 379
b64 90 354 138 401
b65 193 181 226 211
b66 384 234 415 265
b67 368 25 412 62
b68 46 126 70 161
b69 125 104 163 123
b70 384 62 420 76
b71 163 280 205 314
b72 91 401 124 435
b73 46 161 64 199
b74 194 247 212 276
b75 421 210 448 233
b76 193 235 207 247
b77 412 19 428 43
b78 193 110 236 136
b79 422 307 441 344
b80 209 95 223 110
b81 300 110 332 130
b82 100 198 132 231
b83 217 325 254 344
b84 337 124 380 161
b85 189 47 226 95
b86 397 210 421 234
b87 95 335 140 354
b88 0 171 43 199
b89 344 352 379 364
b90 41 251 65 296
b91 419 83 447 127
b92 142 123 166 165
b93 341 237 384 258
b94 92 126 108 141
b95 312 130 337 166
b96 395 411 440 436
b97 239 297 264 325
b98 124 401 140 427
b99 275 145 312 165
b100 0 101 27 126
b101 207 0 255 40
b102 71 223 96 261
b103 384 76 416 108
b104 96 231 132 256
b105 406 179 448 210
b106 415 234 449 273
b107 428 0 444 45
b108 353 422 386 434
b109 230 263 242 285
b110 282 262 326 285
b111 0 88 18 101
b112 283 285 329 303
b113 79 287 107 330
b114 326 258 365 277
b115 273 0 303 37
b116 341 195 378 237
b117 193 211 230 235
b118 243 226 282 261
b119 184 410 220 434
b120 0 399 45 414
b121 267 85 299 130
b122 254 384 297 414
b123 45 399 58 434
b124 65 274 104 287
b125 283 37 311 55
b126 303 0 341 28
b127 388 353 410 377
b128 406 154 442 179
b129 0 317 46 361
b130 132 187 177 231
b131 226 73 262 93
b132 243 261 281 277
b133 230 249 242 263
b134 267 165 296 181
b135 71 35 86 72
b136 0 298 24 317
b137 420 45 442 63
b138 0 268 22 298
b139 46 296 79 327
b140 243 277 255 293
b141 395 386 429 411
b142 330 325 376 352
b143 46 352 90 398
b144 71 198 100 223
b145 403 273 448 307
b146 58 401 91 435
b147 316 64 347 76
b148 166 141 191 158
b149 73 330 95 352
b150 58 39 71 69
b151 177 223 193 250
b152 168 339 201 372
b153 406 127 446 139
b154 27 82 69 126
b155 322 407 334 420
b156 71 107 113 126
b157 151 280 163 322
b158 264 331 281 359
b159 282 226 306 262
b160 383 108 419 120
b161 378 195 397 226
b162 263 133 275 163
b163 283 303 330 349
b164 166 109 193 141
b165 71 157 104 198
b166 113 73 125 109
b167 296 166 343 180
b168 143 339 168 376
b169 254 414 300 442
b170 0 414 45 436
b171 108 126 142 161
b172 184 372 209 403
b173 128 13 170 35
b174 420 63 445 83
b175 376 265 388 299
b176 132 231 152 247
b177 71 126 92 157
b178 304 180 324 196
b179 209 344 254 385
b180 193 136 214 155
b181 388 265 403 307
b182 410 353 422 386
b183 347 62 384 78
b184 46 199 66 218
b185 65 261 109 274
b186 230 201 243 249
b187 306 227 328 251
b188 239 133 263 173
b189 429 377 449 408
b190 369 161 406 195
b191 128 35 170 72
b192 300 407 322 435
b193 353 379 395 422
b194 109 256 151 299
b195 163 314 199 339
b196 177 184 193 223
b197 283 349 330 384
b198 104 165 144 187
b199 0 199 40 233
