1
437 436
573683
b0 268 369 304 385
b1 201 208 240 227
b2 169 67 210 102
b3 61 48 79 95
b4 211 55 243 81
b5 30 161 61 196
b6 60 19 73 48
b7 413 179 434 207
b8 388 387 403 419
b9 206 356 240 402
b10 94 0 126 45
b11 305 418 341 432
b12 164 351 206 387
b13 368 180 413 228
b14 306 130 331 145
b15 306 307 351 353
b16 72 0 94 18
b17 409 126 435 159
b18 124 412 158 431
b19 279 31 291 61
b20 260 299 288 332
b21 306 86 345 130
b22 376 276 415 302
b23 185 27 210 67
b24 240 394 265 409
b25 91 314 127 350
b26 110 101 135 144
b27 0 14 15 48
b28 15 61 61 99
b29 388 422 425 434
b30 268 385 295 402
b31 147 136 163 173
b32 248 332 280 355
b33 244 164 280 182
b34 30 123 49 161
b35 147 103 162 136
b36 292 201 304 229
b37 73 18 94 34
b38 211 81 244 107
b39 0 156 30 198
b40 304 213 332 254
b41 306 66 322 82
b42 31 346 75 365
b43 369 126 409 160
b44 61 100 88 116
b45 268 355 305 369
b46 163 152 211 167
b47 304 145 318 168
b48 222 332 248 356
b49 220 276 260 307
b50 403 84 436 126
b51 273 229 300 277
b52 41 212 78 239
b53 169 0 186 18
b54 318 150 361 166
b55 0 87 13 133
b56 262 111 284 136
b57 126 37 145 85
b58 0 214 41 233
b59 153 183 199 229
b60 291 31 321 66
b61 335 186 368 220
b62 61 116 106 153
b63 310 0 345 15
b64 159 387 206 435
b65 126 382 159 412
b66 279 0 310 31
b67 185 307 222 351
b68 91 350 126 374
b69 91 234 110 272
b70 389 88 403 124
b71 91 45 125 87
b72 211 174 244 208
b73 288 285 306 323
b74 265 77 294 95
b75 374 315 401 338
b76 169 55 183 67
b77 147 79 163 103
b78 110 178 153 204
b79 0 233 37 252
b80 0 0 15 14
b81 361 160 393 180
b82 206 402 238 435
b83 351 325 370 362
b84 126 0 169 37
b85 376 228 413 276
b86 0 332 24 356
b87 304 168 323 213
b88 261 136 304 164
b89 135 101 147 136
b90 413 207 437 252
b91 31 283 75 311
b92 145 37 169 79
b93 164 307 185 350
b94 75 376 90 392
b95 0 252 36 277
b96 248 229 273 274
b97 267 201 292 229
b98 280 332 306 348
b99 15 0 52 20
b100 186 0 211 27
b101 336 233 376 281
b102 222 307 260 332
b103 272 402 304 434
b104 128 357 164 382
b105 305 387 347 418
b106 306 353 345 387
b107 351 371 396 387
b108 211 141 223 174
b109 76 354 88 376
b110 351 281 374 325
b111 0 133 13 151
b112 146 229 192 247
b113 128 272 156 315
b114 223 111 262 130
b115 403 354 433 391
b116 91 272 128 314
b117 280 164 304 201
b118 401 315 436 354
b119 13 99 49 123
b120 21 409 66 424
b121 156 247 201 279
b122 0 289 30 332
b123 169 139 204 152
b124 0 48 13 87
b125 202 276 220 304
b126 240 356 268 394
b127 260 277 284 299
b128 75 407 111 432
b129 347 42 391 88
b130 37 239 82 283
b131 323 166 359 186
b132 0 198 38 214
b133 199 183 211 197
b134 75 283 91 312
b135 347 420 384 435
b136 223 149 242 173
b137 284 111 306 129
b138 126 250 156 272
b139 370 338 401 371
b140 279 61 291 77
b141 322 52 347 86
b142 83 188 110 234
b143 29 365 75 409
b144 0 378 29 403
b145 31 312 76 346
b146 245 0 279 33
b147 0 277 31 289
b148 128 315 153 332
b149 415 252 437 274
b150 335 220 365 233
b151 240 213 267 229
b152 91 374 124 407
b153 49 99 61 139
b154 346 0 390 42
b155 331 130 343 143
b156 393 160 435 179
b157 294 66 306 108
b158 244 130 261 158
b159 110 226 146 250
b160 300 273 336 285
b161 304 254 335 273
b162 79 34 91 64
b163 202 229 248 276
b164 240 409 272 436
b165 347 387 388 420
b166 79 64 91 100
b167 91 87 138 101
b168 321 15 346 52
b169 156 279 202 307
b170 306 285 351 307
b171 211 0 245 35
b172 403 391 428 422
b173 347 88 389 110
b174 245 73 265 98
b175 211 107 223 141
b176 211 35 227 55
b177 0 403 21 434
b178 110 250 126 270
b179 15 20 60 61
b180 223 130 244 149
b181 76 312 91 354
b182 13 123 25 156
b183 169 18 185 55
b184 52 0 72 19
b185 376 302 420 315
b186 245 98 293 111
b187 61 188 83 212
b188 345 110 369 150
b189 244 182 264 213
b190 110 144 147 178
b191 169 102 211 139
b192 0 356 28 378
b193 391 0 434 42
b194 391 42 434 84
b195 128 332 164 357
b196 163 167 202 183
b197 61 153 108 188
b198 110 204 150 226
b199 245 33 279 73
