1
436 437
569018
b0 419 324 435 360
b1 36 183 75 202
b2 304 182 345 217
b3 415 360 433 407
b4 55 274 87 300
b5 57 361 92 392
b6 188 281 201 310
b7 274 0 295 28
b8 92 96 124 111
b9 200 146 246 180
b10 117 195 162 227
b11 241 399 255 435
b12 74 392 110 434
b13 75 111 120 159
b14 0 254 15 279
b15 292 104 338 149
b16 364 157 386 175
b17 292 77 325 103
b18 201 221 220 255
b19 201 324 231 336
b20 166 0 199 28
b21 149 281 188 325
b22 75 159 114 185
b23 345 194 385 219
b24 421 195 436 220
b25 0 279 36 315
b26 0 411 43 436
b27 94 81 128 96
b28 0 81 46 119
b29 204 375 216 412
b30 338 120 365 137
b31 357 320 373 357
b32 410 117 433 149
b33 370 385 388 421
b34 303 39 322 77
b35 32 346 65 361
b36 0 49 12 77
b37 15 254 31 275
b38 87 312 113 345
b39 194 34 224 76
b40 0 213 28 254
b41 356 104 372 120
b42 259 47 303 66
b43 131 57 165 97
b44 36 167 63 183
b45 220 221 257 235
b46 369 421 417 436
b47 352 0 375 14
b48 348 296 374 320
b49 325 64 356 104
b50 216 357 249 399
b51 36 202 84 229
b52 149 325 186 352
b53 146 97 164 114
b54 113 312 129 355
b55 422 261 435 307
b56 72 37 94 62
b57 374 268 422 287
b58 201 255 220 296
b59 36 300 82 346
b60 327 330 357 365
b61 356 71 390 104
b62 110 390 147 435
b63 131 42 166 57
b64 220 248 267 296
b65 84 197 117 227
b66 283 371 314 402
b67 326 365 370 402
b68 224 44 259 68
b69 345 175 383 194
b70 24 42 60 56
b71 249 357 283 399
b72 199 0 232 34
b73 382 250 420 268
b74 36 242 65 260
b75 410 220 433 247
b76 422 247 434 261
b77 411 149 427 173
b78 46 98 72 141
b79 129 312 148 349
b80 149 371 164 385
b81 65 242 85 274
b82 311 217 344 249
b83 36 260 55 297
b84 100 269 137 312
b85 374 287 422 324
b86 25 143 49 167
b87 149 352 194 371
b88 267 255 295 298
b89 352 14 387 26
b90 246 169 270 214
b91 120 167 164 195
b92 386 208 410 250
b93 386 174 429 195
b94 82 345 97 361
b95 246 114 271 150
b96 0 143 25 188
b97 0 359 28 384
b98 314 0 330 26
b99 82 0 119 20
b100 166 71 193 96
b101 164 375 204 423
b102 12 56 50 81
b103 0 327 32 359
b104 216 399 241 435
b105 204 114 246 145
b106 283 402 322 436
b107 58 392 74 437
b108 84 185 117 197
b109 31 386 43 408
b110 265 332 309 355
b111 148 385 161 403
b112 373 324 419 342
b113 166 28 194 71
b114 295 0 314 39
b115 255 82 292 112
b116 30 0 67 42
b117 386 117 410 154
b118 97 355 136 390
b119 164 211 200 235
b120 43 392 58 437
b121 388 0 433 32
b122 164 168 194 211
b123 386 195 421 208
b124 87 269 100 308
b125 128 227 156 245
b126 166 118 204 146
b127 124 97 146 121
b128 0 188 36 213
b129 156 235 200 281
b130 390 72 434 117
b131 388 385 408 421
b132 344 234 382 250
b133 408 407 420 421
b134 259 66 288 82
b135 67 0 82 37
b136 246 150 270 169
b137 121 17 139 39
b138 72 62 94 92
b139 295 262 326 295
b140 311 249 327 261
b141 323 296 348 330
b142 228 68 255 114
b143 120 121 164 167
b144 28 361 57 386
b145 270 150 304 195
b146 231 324 265 357
b147 137 245 149 276
b148 310 332 327 357
b149 166 96 188 118
b150 0 0 30 13
b151 283 355 310 371
b152 270 195 303 228
b153 188 310 200 350
b154 232 0 274 44
b155 375 0 388 12
b156 147 0 166 42
b157 314 357 326 399
b158 119 0 147 17
b159 0 13 24 49
b160 322 28 334 64
b161 345 137 364 168
b162 63 141 75 171
b163 327 250 374 296
b164 267 228 299 255
b165 304 149 345 182
b166 137 276 149 312
b167 148 423 195 437
b168 255 399 280 436
b169 201 296 247 324
b170 356 26 378 71
b171 193 76 228 110
b172 0 386 31 411
b173 50 56 72 98
b174 386 154 411 174
b175 299 228 311 262
b176 334 28 354 44
b177 271 112 292 143
b178 72 92 92 108
b179 201 180 246 221
b180 274 28 295 47
b181 344 219 386 234
b182 0 315 33 327
b183 365 120 381 157
b184 194 356 214 375
b185 220 235 264 248
b186 36 229 84 242
b187 166 146 190 168
b188 0 119 40 143
b189 200 336 231 356
b190 378 32 412 69
b191 94 39 131 81
b192 330 0 352 28
b193 85 227 128 269
b194 373 342 415 385
b195 247 298 283 323
b196 82 20 121 36
b197 322 402 369 437
b198 412 32 434 72
b199 283 298 323 332
