1
425 443
557077
b0 293 65 329 81
b1 41 12 60 51
b2 244 85 279 126
b3 41 51 59 98
b4 272 415 304 441
b5 293 0 328 31
b6 59 131 72 160
b7 78 414 99 442
b8 374 256 389 288
b9 340 293 386 327
b10 27 98 59 143
b11 389 296 425 310
b12 158 356 194 398
b13 37 369 85 414
b14 253 200 268 225
b15 379 361 425 406
b16 184 398 206 416
b17 282 165 308 198
b18 0 389 34 408
b19 271 270 283 300
b20 118 260 151 288
b21 386 212 425 256
b22 282 211 321 237
b23 246 126 271 166
b24 63 414 78 439
b25 379 406 415 442
b26 27 283 52 326
b27 340 278 374 293
b28 294 285 340 323
b29 151 248 163 285
b30 0 121 27 138
b31 198 89 214 126
b32 224 166 247 198
b33 27 164 45 200
b34 120 340 158 359
b35 328 37 361 52
b36 113 199 125 227
b37 16 373 37 389
b38 243 52 269 85
b39 100 75 142 105
b40 132 288 173 316
b41 204 176 220 192
b42 88 299 132 318
b43 45 164 85 198
b44 198 43 225 59
b45 327 170 341 207
b46 283 270 331 285
b47 198 59 221 73
b48 242 0 268 24
b49 60 66 100 97
b50 197 316 230 358
b51 0 0 27 48
b52 0 48 27 85
b53 139 398 156 416
b54 198 0 214 43
b55 27 12 40 58
b56 268 17 293 39
b57 307 111 326 159
b58 319 365 338 406
b59 60 20 106 66
b60 197 281 227 316
b61 0 408 34 441
b62 225 406 270 443
b63 108 359 143 374
b64 225 358 272 406
b65 174 151 204 184
b66 137 193 168 224
b67 27 221 71 258
b68 0 154 24 189
b69 329 65 367 84
b70 27 58 41 94
b71 152 44 194 78
b72 361 178 394 212
b73 271 127 289 165
b74 345 256 374 274
b75 85 343 108 370
b76 108 343 120 357
b77 321 211 337 235
b78 99 416 142 442
b79 82 324 119 343
b80 159 316 174 330
b81 85 105 105 137
b82 105 105 138 137
b83 272 322 291 359
b84 137 150 174 193
b85 114 0 151 48
b86 132 374 156 398
b87 226 262 271 281
b88 214 0 242 43
b89 97 386 132 398
b90 58 324 82 369
b91 279 83 307 127
b92 71 198 113 222
b93 27 200 70 221
b94 0 373 16 388
b95 52 299 88 324
b96 208 231 253 256
b97 27 258 55 283
b98 37 414 63 430
b99 253 225 273 262
b100 179 416 206 441
b101 329 85 377 125
b102 159 331 197 356
b103 392 329 424 361
b104 0 85 25 121
b105 71 222 113 253
b106 163 248 197 287
b107 198 73 243 89
b108 118 248 151 260
b109 268 200 280 222
b110 174 287 197 331
b111 117 137 130 155
b112 363 132 381 178
b113 227 281 270 309
b114 308 159 327 198
b115 138 120 175 150
b116 343 0 385 37
b117 0 209 24 246
b118 334 327 373 362
b119 137 224 173 248
b120 272 400 317 415
b121 385 0 417 45
b122 214 89 244 132
b123 60 0 95 13
b124 326 52 365 65
b125 156 398 184 416
b126 197 358 225 396
b127 269 39 293 61
b128 85 159 110 195
b129 377 88 423 132
b130 341 212 386 256
b131 341 170 361 206
b132 289 127 305 165
b133 331 266 345 278
b134 214 132 243 148
b135 328 0 343 37
b136 389 310 413 329
b137 208 256 226 278
b138 307 81 329 111
b139 394 176 425 209
b140 34 430 50 442
b141 60 97 85 131
b142 106 48 152 75
b143 151 0 197 44
b144 175 126 204 151
b145 329 125 363 170
b146 293 31 326 65
b147 46 326 58 357
b148 268 0 293 17
b149 272 300 294 322
b150 0 282 13 312
b151 0 138 27 154
b152 208 198 241 231
b153 85 374 125 386
b154 381 132 423 176
b155 85 386 97 399
b156 206 396 225 438
b157 204 148 246 160
b158 225 43 242 71
b159 0 246 24 282
b160 230 346 266 358
b161 174 192 205 211
b162 241 200 253 230
b163 71 253 118 299
b164 304 415 336 442
b165 280 237 321 270
b166 125 199 137 235
b167 13 282 27 329
b168 142 416 179 441
b169 0 329 46 357
b170 72 137 117 159
b171 247 166 282 200
b172 173 223 204 248
b173 142 78 164 120
b174 0 189 25 209
b175 174 211 208 223
b176 204 160 224 176
b177 27 143 58 164
b178 363 362 379 382
b179 338 398 379 443
b180 373 329 392 350
b181 97 398 139 413
b182 27 0 60 12
b183 0 357 37 373
b184 95 0 114 20
b185 282 198 326 211
b186 367 37 380 85
b187 269 61 293 83
b188 113 159 137 199
b189 321 235 341 266
b190 164 78 198 115
b191 230 309 272 346
b192 242 24 264 52
b193 380 45 422 88
b194 291 323 334 365
b195 338 362 363 398
b196 55 258 71 297
b197 272 365 319 400
b198 119 318 159 340
b199 389 256 423 296
