1
442 444
301676
b0 138 0 171 43
b1 301 254 338 319
b2 390 339 424 392
b3 199 183 266 220
b4 170 220 199 239
b5 65 298 104 347
b6 322 319 340 359
b7 390 234 430 256
b8 315 0 377 50
b9 55 247 71 288
b10 256 388 308 406
b11 377 0 416 59
b12 171 239 199 300
b13 340 300 388 357
b14 146 134 209 177
b15 132 300 191 352
b16 199 220 256 256
b17 171 0 215 66
b18 199 276 247 327
b19 340 357 390 388
b20 256 369 293 388
b21 192 347 256 397
b22 299 220 348 254
b23 199 256 248 276
b24 404 392 432 437
b25 0 116 39 170
b26 127 94 182 134
b27 182 67 247 92
b28 59 203 105 242
b29 361 109 385 171
b30 0 225 26 249
b31 349 234 383 260
b32 276 67 319 120
b33 127 59 149 94
b34 105 298 132 352
b35 390 256 421 294
b36 215 0 254 67
b37 191 327 251 347
b38 308 388 365 411
b39 0 249 55 301
b40 338 260 367 286
b41 308 411 363 438
b42 299 120 361 173
b43 72 377 118 438
b44 145 374 192 439
b45 0 170 44 193
b46 105 56 127 95
b47 105 225 170 258
b48 42 348 99 375
b49 0 301 65 348
b50 234 406 301 438
b51 0 78 57 116
b52 256 266 301 320
b53 169 177 190 220
b54 105 185 166 203
b55 71 242 105 298
b56 319 50 336 113
b57 293 369 340 387
b58 44 169 90 203
b59 0 27 37 77
b60 367 260 390 300
b61 149 66 182 89
b62 416 0 435 60
b63 390 294 426 339
b64 299 173 349 220
b65 16 386 72 443
b66 254 0 315 67
b67 256 222 296 266
b68 247 120 299 183
b69 118 377 145 431
b70 192 397 234 439
b71 105 203 169 225
b72 38 17 99 78
b73 361 173 428 234
b74 0 348 42 386
b75 105 95 124 123
b76 26 225 59 247
b77 385 107 442 173
b78 0 193 36 225
b79 39 128 99 169
b80 0 386 16 444
b81 57 78 97 128
b82 377 60 434 107
b83 254 67 276 83
b84 125 352 192 374
b85 105 352 125 377
b86 209 127 246 183
b87 365 392 404 436
b88 247 83 271 120
b89 0 0 38 27
b90 266 183 299 222
b91 105 0 138 56
b92 138 43 164 59
b93 182 92 247 127
b94 336 50 377 109
b95 127 134 146 185
b96 105 258 171 298
b97 38 0 105 17
b98 105 123 127 185
b99 256 320 322 369
