1
444 437
300608
b0 392 94 435 127
b1 87 89 124 154
b2 197 219 231 272
b3 66 259 103 326
b4 380 240 409 259
b5 238 361 277 410
b6 342 261 382 279
b7 238 321 260 361
b8 40 0 90 62
b9 40 316 56 357
b10 359 65 377 117
b11 216 160 255 219
b12 105 308 133 369
b13 148 0 205 48
b14 316 102 359 165
b15 43 200 95 259
b16 161 210 197 267
b17 255 0 299 66
b18 161 299 212 347
b19 316 165 366 196
b20 342 341 361 378
b21 105 369 155 433
b22 38 119 87 153
b23 0 411 49 431
b24 299 0 327 45
b25 0 50 39 104
b26 0 316 40 371
b27 105 243 130 308
b28 216 47 255 93
b29 43 154 105 178
b30 419 196 443 222
b31 90 63 124 89
b32 0 204 43 257
b33 0 161 35 183
b34 161 347 215 374
b35 392 127 430 158
b36 216 93 255 160
b37 156 48 176 108
b38 90 0 113 57
b39 105 188 157 243
b40 366 133 392 162
b41 161 272 216 299
b42 155 374 208 436
b43 255 166 316 212
b44 232 219 279 284
b45 215 363 238 407
b46 342 302 364 341
b47 374 0 439 33
b48 215 410 272 437
b49 327 0 374 65
b50 124 63 156 130
b51 0 104 38 161
b52 342 378 387 432
b53 0 183 43 204
b54 130 0 148 61
b55 105 154 161 188
b56 113 0 130 63
b57 375 286 422 304
b58 320 196 354 242
b59 232 284 282 321
b60 260 321 300 344
b61 342 279 375 302
b62 320 242 380 261
b63 354 204 399 240
b64 205 0 255 47
b65 49 374 105 431
b66 364 304 425 371
b67 0 371 44 411
b68 161 147 213 210
b69 133 243 160 297
b70 366 162 408 204
b71 419 222 441 286
b72 255 105 316 166
b73 377 33 444 94
b74 300 290 342 328
b75 399 204 418 232
b76 216 330 238 363
b77 0 259 66 316
b78 56 326 92 358
b79 277 396 337 437
b80 216 272 232 330
b81 0 0 40 50
b82 40 62 87 119
b83 44 358 66 374
b84 133 297 155 364
b85 124 130 149 150
b86 299 65 355 102
b87 255 66 299 105
b88 382 259 419 283
b89 408 158 435 196
b90 300 328 339 361
b91 156 114 212 147
b92 366 117 392 133
b93 277 361 342 396
b94 279 212 320 271
b95 282 271 333 290
b96 176 48 216 114
b97 425 286 442 353
b98 43 178 105 200
b99 387 371 436 437
