1
421 450
555853
b0 79 364 95 400
b1 118 99 137 138
b2 37 125 78 160
b3 0 0 18 47
b4 168 374 194 406
b5 230 306 265 337
b6 305 175 334 188
b7 305 269 333 290
b8 37 67 69 82
b9 211 47 257 81
b10 223 0 255 45
b11 290 111 326 125
b12 0 117 36 159
b13 70 79 118 124
b14 334 171 349 196
b15 225 261 271 306
b16 349 278 367 300
b17 393 67 419 100
b18 137 66 156 100
b19 291 37 321 49
b20 76 172 109 200
b21 377 0 421 39
b22 109 177 148 203
b23 396 193 421 233
b24 0 47 15 72
b25 333 374 369 410
b26 80 0 123 25
b27 89 222 104 256
b28 369 369 415 407
b29 253 81 290 93
b30 184 47 211 64
b31 223 166 260 182
b32 311 143 334 175
b33 37 236 73 254
b34 137 100 156 138
b35 122 66 137 99
b36 397 233 409 261
b37 287 295 303 316
b38 162 275 188 308
b39 377 163 419 193
b40 335 44 376 72
b41 271 295 287 311
b42 183 125 227 144
b43 53 416 93 450
b44 186 311 202 338
b45 211 217 225 254
b46 116 219 164 234
b47 321 0 335 23
b48 138 426 164 450
b49 180 219 211 259
b50 95 414 137 447
b51 263 144 311 171
b52 188 259 225 286
b53 205 144 223 161
b54 333 241 349 284
b55 61 21 74 67
b56 352 347 377 369
b57 74 25 122 44
b58 230 430 271 449
b59 113 293 159 339
b60 391 264 421 299
b61 20 416 53 450
b62 0 72 37 117
b63 376 39 411 54
b64 367 299 414 347
b65 138 377 168 410
b66 0 159 31 190
b67 225 217 262 261
b68 123 42 158 66
b69 94 312 113 350
b70 335 318 349 354
b71 181 0 223 34
b72 44 254 78 287
b73 377 347 415 365
b74 273 125 302 143
b75 158 42 181 69
b76 241 93 253 107
b77 164 259 188 275
b78 168 407 211 433
b79 253 93 290 112
b80 349 264 364 278
b81 194 387 226 407
b82 137 138 169 171
b83 358 0 377 37
b84 95 377 138 414
b85 78 124 115 172
b86 367 264 391 288
b87 333 196 352 241
b88 156 69 184 112
b89 49 404 84 416
b90 37 21 61 66
b91 305 290 349 318
b92 326 86 350 128
b93 37 0 80 21
b94 262 171 278 186
b95 290 86 326 111
b96 352 239 397 264
b97 184 64 209 92
b98 138 410 164 426
b99 0 411 20 448
b100 156 112 183 137
b101 148 171 188 219
b102 113 339 138 377
b103 241 112 273 144
b104 188 286 224 311
b105 252 357 283 399
b106 123 234 162 268
b107 91 203 136 219
b108 37 113 70 125
b109 184 92 196 114
b110 335 0 358 44
b111 18 42 31 60
b112 349 300 367 346
b113 305 188 333 231
b114 115 138 134 177
b115 138 340 168 377
b116 276 0 318 37
b117 333 410 357 447
b118 221 182 260 217
b119 0 375 24 411
b120 302 128 347 143
b121 196 93 241 125
b122 262 187 305 217
b123 291 259 304 294
b124 181 34 220 47
b125 334 143 352 171
b126 305 231 333 269
b127 202 311 226 333
b128 123 268 159 293
b129 22 190 66 236
b130 0 270 44 315
b131 271 259 291 295
b132 164 433 202 449
b133 94 350 106 364
b134 73 222 89 251
b135 357 435 394 450
b136 230 402 249 426
b137 73 200 91 222
b138 48 287 78 309
b139 37 82 70 113
b140 255 0 271 12
b141 308 354 333 388
b142 374 407 420 434
b143 377 117 421 163
b144 49 375 74 404
b145 78 256 123 290
b146 257 43 291 76
b147 168 340 180 371
b148 357 410 374 435
b149 311 414 333 436
b150 49 362 79 375
b151 394 434 421 450
b152 265 316 298 349
b153 271 402 311 414
b154 352 197 396 239
b155 311 402 324 414
b156 18 0 37 42
b157 31 176 73 188
b158 393 100 421 117
b159 169 144 205 168
b160 323 318 335 354
b161 252 399 271 430
b162 123 0 135 30
b163 0 315 46 362
b164 159 308 186 340
b165 188 168 221 209
b166 194 375 230 387
b167 283 388 330 402
b168 283 349 308 386
b169 48 334 94 362
b170 230 357 252 402
b171 180 340 215 374
b172 298 318 323 349
b173 48 312 90 334
b174 352 117 377 137
b175 209 81 243 93
b176 352 177 368 197
b177 255 12 276 43
b178 278 171 298 187
b179 352 72 393 117
b180 0 190 19 211
b181 215 333 230 375
b182 104 219 116 252
b183 164 219 180 256
b184 333 354 352 374
b185 376 54 420 67
b186 0 362 48 375
b187 0 211 22 235
b188 352 137 376 177
b189 230 337 261 357
b190 0 236 37 270
b191 291 49 333 86
b192 78 290 106 312
b193 135 0 178 42
b194 262 217 305 259
b195 24 375 49 411
b196 37 160 76 176
b197 74 44 121 79
b198 223 144 263 166
b199 271 414 311 448
