1
545 543
826039
b0 43 394 70 409
b1 403 357 430 373
b2 296 168 322 190
b3 59 173 104 194
b4 427 264 472 304
b5 439 348 455 374
b6 138 258 176 285
b7 197 313 226 348
b8 387 291 423 312
b9 59 194 84 238
b10 89 465 104 496
b11 0 104 24 145
b12 279 145 296 164
b13 109 297 142 345
b14 519 243 540 287
b15 195 0 229 15
b16 421 24 466 66
b17 77 46 118 83
b18 104 176 147 220
b19 0 476 36 499
b20 354 347 371 360
b21 483 392 511 436
b22 322 168 357 197
b23 421 66 461 83
b24 380 203 404 221
b25 189 219 232 248
b26 387 234 414 252
b27 216 248 254 288
b28 516 80 528 104
b29 154 158 184 187
b30 130 121 150 149
b31 104 220 140 252
b32 511 330 533 349
b33 92 252 138 297
b34 450 221 462 250
b35 12 37 24 63
b36 150 121 180 148
b37 24 129 36 158
b38 269 164 290 183
b39 66 465 78 478
b40 469 93 516 112
b41 53 504 89 523
b42 439 479 485 504
b43 299 229 338 250
b44 33 159 57 186
b45 232 222 256 247
b46 322 210 335 229
b47 324 368 366 408
b48 194 449 228 477
b49 420 0 468 24
b50 0 0 19 14
b51 300 402 316 416
b52 142 485 179 503
b53 340 520 376 532
b54 424 83 454 117
b55 386 456 417 482
b56 68 419 99 465
b57 253 377 300 425
b58 396 67 421 92
b59 0 235 47 273
b60 240 148 279 164
b61 439 190 484 221
b62 0 273 36 319
b63 197 366 233 412
b64 357 68 372 101
b65 415 334 428 357
b66 106 0 148 45
b67 147 187 161 220
b68 157 46 202 74
b69 289 0 316 36
b70 145 390 161 435
b71 386 0 420 32
b72 451 145 466 177
b73 386 424 432 436
b74 270 506 313 540
b75 439 374 476 394
b76 229 28 265 67
b77 59 46 77 86
b78 59 86 75 128
b79 386 373 426 398
b80 179 357 194 393
b81 409 125 424 157
b82 521 475 545 514
b83 18 198 59 235
b84 75 297 109 335
b85 511 287 545 330
b86 430 304 469 348
b87 89 496 137 541
b88 77 83 106 127
b89 142 302 162 344
b90 70 395 116 419
b91 47 274 90 295
b92 266 36 311 83
b93 19 456 43 476
b94 514 141 545 160
b95 508 36 545 80
b96 266 88 312 121
b97 75 380 115 395
b98 194 477 229 490
b99 236 353 253 393
b100 145 441 190 485
b101 316 0 352 30
b102 494 350 530 390
b103 77 127 111 161
b104 305 416 319 458
b105 471 508 504 543
b106 177 194 189 227
b107 226 313 241 345
b108 38 356 75 394
b109 468 112 514 154
b110 299 321 338 363
b111 316 530 337 543
b112 164 332 194 357
b113 299 297 335 321
b114 511 392 545 436
b115 239 288 273 310
b116 111 83 130 111
b117 523 436 544 475
b118 0 348 38 392
b119 75 335 103 380
b120 485 472 521 508
b121 19 504 53 542
b122 84 194 104 237
b123 266 0 289 36
b124 355 408 386 443
b125 363 146 409 188
b126 351 197 363 219
b127 189 194 232 219
b128 424 117 468 145
b129 387 269 421 291
b130 273 285 299 315
b131 312 120 357 168
b132 197 348 236 366
b133 530 349 545 392
b134 163 285 197 332
b135 357 101 372 146
b136 77 161 114 173
b137 417 456 438 484
b138 409 161 451 189
b139 174 505 210 542
b140 241 310 253 353
b141 366 360 385 405
b142 504 514 541 541
b143 44 409 68 434
b144 360 307 375 347
b145 351 221 396 234
b146 161 393 194 441
b147 99 419 141 449
b148 385 353 403 373
b149 338 294 360 341
b150 324 408 355 431
b151 476 350 494 392
b152 350 268 366 287
b153 356 27 386 68
b154 387 252 409 269
b155 340 495 354 520
b156 514 112 542 128
b157 219 288 239 313
b158 514 128 537 141
b159 312 88 356 120
b160 461 75 488 91
b161 59 0 106 46
b162 53 523 84 541
b163 333 462 355 495
b164 482 436 523 472
b165 142 285 163 302
b166 184 158 218 194
b167 226 67 263 103
b168 0 63 24 104
b169 300 363 324 402
b170 116 365 145 410
b171 114 154 154 176
b172 189 248 216 261
b173 484 179 516 204
b174 462 221 478 264
b175 0 145 16 160
b176 0 160 33 198
b177 229 500 270 537
b178 24 91 43 108
b179 253 315 299 349
b180 375 334 415 353
b181 409 189 439 217
b182 36 480 81 504
b183 438 504 471 543
b184 466 154 512 179
b185 352 0 386 27
b186 484 204 515 237
b187 501 0 539 36
b188 19 0 59 37
b189 45 37 57 81
b190 256 227 293 254
b191 161 187 177 221
b192 0 319 48 348
b193 316 462 333 495
b194 116 345 144 358
b195 272 463 305 476
b196 478 243 519 284
b197 229 0 266 28
b198 0 428 19 476
b199 319 431 355 462
b200 248 185 291 222
b201 338 239 364 268
b202 130 82 164 121
b203 380 188 408 203
b204 385 498 418 539
b205 454 91 469 112
b206 466 40 508 75
b207 372 110 400 143
b208 202 46 229 66
b209 47 238 92 274
b210 488 80 512 93
b211 232 189 248 201
b212 366 265 387 307
b213 386 484 418 498
b214 528 80 545 107
b215 240 164 269 185
b216 0 499 19 541
b217 386 436 434 456
b218 253 362 296 377
b219 59 128 77 156
b220 291 190 321 227
b221 418 484 431 529
b222 145 365 179 390
b223 197 288 219 307
b224 238 103 259 148
b225 104 449 142 496
b226 28 417 44 456
b227 426 373 439 405
b228 144 344 164 365
b229 263 121 311 145
b230 355 443 385 476
b231 147 221 177 237
b232 439 456 481 479
b233 410 398 426 411
b234 253 425 271 458
b235 44 434 66 480
b236 472 284 511 311
b237 140 237 180 258
b238 48 317 75 356
b239 387 312 427 334
b240 210 505 229 528
b241 386 411 410 424
b242 218 149 240 189
b243 137 503 174 537
b244 253 349 290 362
b245 214 113 238 149
b246 355 476 378 520
b247 118 46 157 82
b248 256 254 299 285
b249 386 32 413 67
b250 195 15 229 46
b251 229 466 272 500
b252 233 393 252 421
b253 455 348 470 361
b254 386 398 410 411
b255 299 250 338 297
b256 470 311 483 332
b257 470 333 503 350
b258 439 394 483 428
b259 338 268 350 294
b260 24 79 43 91
b261 0 14 12 59
b262 516 174 543 222
b263 148 0 195 46
b264 230 421 253 466
b265 179 490 224 505
b266 164 74 212 119
b267 180 119 214 158
b268 36 295 61 317
b269 0 198 18 235
b270 28 394 43 417
b271 372 68 396 110
b272 316 495 340 530
b273 24 108 54 129
b274 400 92 421 125
b275 483 311 511 333
b276 514 160 545 174
b277 214 66 226 113
b278 338 197 351 239
b279 311 49 354 88
b280 364 234 386 265
b281 36 129 54 159
b282 272 476 316 506
b283 322 197 337 210
b284 515 222 545 243
b285 103 345 116 378
b286 414 221 450 262
b287 24 37 45 79
b288 0 392 28 428
b289 197 412 230 449
b290 424 145 451 161
b291 439 428 482 456
b292 176 261 215 285
b293 111 111 130 154
b294 363 188 380 214
b295 311 36 354 49
b296 338 341 354 368
b297 271 425 302 463
b298 468 0 501 40
b299 451 177 464 190
