1
544 561
845184
b0 251 227 278 242
b1 491 496 507 523
b2 229 186 251 212
b3 79 176 124 197
b4 242 515 282 560
b5 447 179 463 205
b6 162 136 200 163
b7 42 432 77 461
b8 348 387 369 423
b9 116 399 141 443
b10 234 148 249 179
b11 170 489 194 530
b12 477 303 494 322
b13 64 46 112 79
b14 366 225 387 269
b15 400 74 434 89
b16 193 68 238 110
b17 410 139 447 180
b18 244 472 288 515
b19 141 379 177 402
b20 223 110 240 123
b21 209 312 237 356
b22 267 390 302 419
b23 0 502 40 519
b24 123 443 141 467
b25 172 433 201 476
b26 477 444 504 462
b27 124 146 162 186
b28 336 387 348 411
b29 507 492 536 522
b30 385 0 405 28
b31 238 46 270 82
b32 41 523 63 542
b33 0 46 45 92
b34 477 224 489 253
b35 0 378 26 390
b36 162 163 192 190
b37 445 378 474 390
b38 514 0 533 21
b39 409 288 421 301
b40 304 0 323 47
b41 434 29 453 65
b42 77 443 123 468
b43 418 431 439 470
b44 74 468 101 492
b45 329 168 354 192
b46 366 56 379 75
b47 445 338 487 378
b48 329 140 363 168
b49 112 197 160 221
b50 507 460 521 479
b51 142 342 156 358
b52 140 361 177 379
b53 13 167 49 179
b54 496 83 530 113
b55 249 122 280 148
b56 387 470 433 501
b57 93 351 140 399
b58 315 288 340 313
b59 322 435 369 473
b60 239 296 278 312
b61 324 473 369 504
b62 447 133 483 179
b63 201 436 247 472
b64 209 356 224 389
b65 462 256 475 279
b66 76 134 121 176
b67 288 485 321 499
b68 478 21 523 49
b69 27 348 54 384
b70 112 83 128 128
b71 177 361 209 395
b72 521 460 536 492
b73 196 186 208 232
b74 42 0 76 43
b75 142 286 179 306
b76 329 192 365 231
b77 369 466 387 506
b78 520 377 536 419
b79 453 22 478 62
b80 370 546 406 561
b81 474 520 489 552
b82 298 432 322 471
b83 0 126 37 167
b84 439 431 477 465
b85 282 527 325 561
b86 399 365 443 404
b87 391 501 439 546
b88 80 298 109 342
b89 157 232 199 252
b90 0 332 24 378
b91 477 423 520 444
b92 310 55 357 100
b93 209 186 229 210
b94 365 25 384 56
b95 366 188 410 225
b96 13 197 59 230
b97 0 443 40 458
b98 66 121 101 134
b99 130 522 170 539
b100 401 95 446 139
b101 179 280 209 316
b102 329 100 365 140
b103 366 86 400 120
b104 0 429 42 443
b105 196 476 229 511
b106 79 197 112 209
b107 141 121 173 136
b108 240 85 278 122
b109 66 79 112 121
b110 345 273 387 312
b111 27 384 48 397
b112 193 110 223 135
b113 190 44 226 68
b114 366 154 410 188
b115 40 483 74 505
b116 45 43 64 71
b117 0 311 39 332
b118 237 312 275 356
b119 340 312 385 340
b120 439 465 475 501
b121 483 49 521 83
b122 281 203 301 246
b123 63 523 86 559
b124 78 263 109 298
b125 0 0 42 46
b126 74 492 86 514
b127 114 33 157 58
b128 88 399 116 443
b129 366 120 388 154
b130 369 408 395 438
b131 0 230 48 275
b132 270 46 288 85
b133 156 346 199 361
b134 428 304 475 338
b135 233 281 278 296
b136 332 423 369 435
b137 399 404 427 425
b138 209 212 251 240
b139 160 190 196 227
b140 0 458 12 501
b141 59 197 78 242
b142 477 380 514 407
b143 410 230 434 255
b144 229 472 244 512
b145 148 68 193 81
b146 247 437 295 470
b147 434 65 476 95
b148 121 128 141 146
b149 387 225 409 272
b150 142 0 165 31
b151 227 28 269 46
b152 324 504 343 520
b153 86 508 127 538
b154 141 402 158 424
b155 278 246 303 260
b156 492 173 508 201
b157 365 0 385 25
b158 0 204 13 227
b159 492 201 536 233
b160 475 322 502 338
b161 477 257 524 303
b162 267 419 298 437
b163 35 461 68 483
b164 323 0 364 36
b165 43 107 64 124
b166 142 306 176 342
b167 278 283 314 320
b168 201 395 225 436
b169 209 240 233 279
b170 112 269 141 314
b171 165 81 187 121
b172 427 404 440 431
b173 27 397 52 429
b174 86 492 129 508
b175 329 273 345 288
b176 267 357 305 390
b177 129 485 170 522
b178 209 279 228 296
b179 270 0 304 46
b180 223 512 242 552
b181 288 499 318 527
b182 402 29 426 74
b183 37 134 76 167
b184 76 0 101 46
b185 78 209 112 236
b186 439 525 472 556
b187 446 95 482 133
b188 275 320 315 357
b189 86 538 130 550
b190 0 390 27 427
b191 491 462 507 496
b192 405 0 453 29
b193 385 40 402 73
b194 434 224 462 237
b195 128 83 141 116
b196 0 519 41 560
b197 168 252 205 280
b198 423 205 471 224
b199 305 357 336 393
b200 224 356 267 393
b201 170 530 199 556
b202 443 390 477 429
b203 48 263 76 278
b204 101 0 142 33
b205 406 546 427 561
b206 225 393 267 428
b207 165 0 193 33
b208 387 272 407 299
b209 281 120 326 156
b210 172 476 196 489
b211 385 28 401 40
b212 472 0 514 21
b213 462 224 476 256
b214 428 338 445 365
b215 496 113 525 134
b216 323 36 365 55
b217 281 100 329 120
b218 233 266 276 281
b219 101 468 129 486
b220 329 231 366 261
b221 325 548 370 561
b222 114 58 148 83
b223 453 0 472 22
b224 471 179 492 224
b225 340 340 378 387
b226 477 407 516 423
b227 410 198 423 230
b228 90 236 111 256
b229 199 511 223 559
b230 176 316 209 346
b231 209 296 239 312
b232 192 163 234 186
b233 24 332 37 348
b234 41 505 74 523
b235 288 47 310 93
b236 387 301 426 328
b237 130 539 170 560
b238 305 393 332 432
b239 303 203 325 243
b240 200 135 223 154
b241 251 242 264 266
b242 491 523 531 545
b243 54 395 88 432
b244 0 167 13 204
b245 141 83 165 119
b246 12 458 35 502
b247 0 275 39 311
b248 385 328 428 359
b249 251 192 278 227
b250 502 343 533 377
b251 0 92 43 126
b252 399 425 418 453
b253 41 542 56 555
b254 483 83 496 107
b255 54 348 93 395
b256 379 73 400 86
b257 13 179 46 196
b258 193 0 227 44
b259 298 473 324 485
b260 329 261 348 273
b261 422 255 434 300
b262 434 237 461 285
b263 281 156 327 203
b264 278 260 323 283
b265 489 545 534 560
b266 112 221 157 269
b267 39 278 78 312
b268 223 123 245 148
b269 410 180 447 198
b270 43 92 66 107
b271 489 233 531 257
b272 439 501 474 525
b273 49 176 79 197
b274 157 33 190 54
b275 369 438 391 466
b276 477 462 491 493
b277 523 21 535 68
b278 487 338 500 380
b279 483 134 526 173
b280 369 506 391 537
b281 526 113 544 143
b282 251 148 281 192
b283 388 120 401 135
b284 369 387 399 408
b285 409 255 422 288
b286 39 312 80 348
b287 48 242 90 263
b288 325 520 361 548
b289 109 314 142 351
b290 504 444 531 460
b291 227 0 270 28
b292 141 433 165 472
b293 434 285 477 304
b294 142 269 168 286
b295 129 472 172 485
b296 475 493 491 520
b297 158 402 196 433
b298 502 303 535 343
b299 101 33 114 46
