1
442 443
573002
b0 12 0 28 36
b1 383 373 402 412
b2 277 213 312 254
b3 234 168 281 186
b4 34 414 66 440
b5 178 171 213 202
b6 304 108 333 121
b7 58 87 79 115
b8 310 331 342 346
b9 0 373 34 419
b10 0 199 32 244
b11 234 271 270 285
b12 318 198 360 234
b13 0 283 48 328
b14 356 236 381 251
b15 139 78 185 123
b16 213 180 231 202
b17 309 346 342 372
b18 31 43 65 62
b19 342 0 372 12
b20 408 403 441 431
b21 149 0 188 44
b22 355 322 381 361
b23 63 230 103 255
b24 126 123 151 138
b25 342 366 378 402
b26 360 193 385 236
b27 0 63 34 78
b28 188 46 234 84
b29 0 0 12 37
b30 281 153 308 170
b31 292 405 308 442
b32 110 408 133 440
b33 56 327 74 363
b34 32 199 70 218
b35 70 200 103 215
b36 213 221 225 249
b37 210 249 231 265
b38 408 377 441 403
b39 390 69 432 99
b40 390 0 418 41
b41 316 121 332 137
b42 188 111 232 130
b43 234 97 274 131
b44 74 345 101 361
b45 73 50 87 87
b46 293 48 341 63
b47 67 143 81 166
b48 141 195 165 221
b49 401 202 441 233
b50 108 185 141 227
b51 381 307 408 355
b52 233 285 270 312
b53 292 354 309 372
b54 385 202 401 245
b55 126 67 139 113
b56 353 282 378 304
b57 255 345 274 393
b58 233 326 274 345
b59 188 0 234 46
b60 274 94 304 129
b61 408 344 442 377
b62 0 328 37 373
b63 70 215 105 230
b64 295 0 342 48
b65 350 252 383 282
b66 32 218 63 249
b67 105 23 142 67
b68 281 129 316 153
b69 383 245 402 283
b70 233 312 269 326
b71 63 0 105 34
b72 121 332 155 365
b73 318 234 356 252
b74 0 419 29 437
b75 105 227 132 250
b76 178 202 190 216
b77 332 147 356 163
b78 234 226 277 252
b79 422 275 441 312
b80 333 402 347 417
b81 420 312 440 344
b82 89 312 121 345
b83 37 328 56 365
b84 0 162 43 199
b85 37 365 85 402
b86 141 221 165 245
b87 208 301 227 346
b88 67 255 110 283
b89 28 0 63 12
b90 85 384 130 408
b91 64 115 108 143
b92 34 92 58 134
b93 200 421 243 442
b94 170 156 186 171
b95 125 307 161 332
b96 185 130 230 155
b97 132 282 160 307
b98 383 291 409 307
b99 110 250 130 287
b100 332 163 359 188
b101 200 381 248 421
b102 70 175 108 200
b103 178 216 210 248
b104 89 287 125 312
b105 262 63 304 94
b106 0 78 34 117
b107 22 263 67 279
b108 312 252 345 264
b109 0 271 22 283
b110 105 0 149 23
b111 353 304 366 322
b112 108 97 126 143
b113 281 170 324 198
b114 151 156 170 195
b115 132 245 162 282
b116 402 233 439 275
b117 397 141 434 165
b118 133 377 168 416
b119 347 402 383 426
b120 74 283 89 328
b121 168 377 200 422
b122 359 150 389 193
b123 342 331 355 366
b124 165 195 178 234
b125 87 50 105 78
b126 390 41 428 69
b127 271 0 295 22
b128 208 265 233 301
b129 248 393 292 439
b130 342 12 386 57
b131 164 422 200 442
b132 192 339 208 377
b133 105 67 117 81
b134 334 96 350 125
b135 281 198 318 213
b136 418 0 437 24
b137 381 355 403 373
b138 34 62 56 92
b139 28 12 61 43
b140 105 81 117 97
b141 270 271 295 305
b142 188 84 234 111
b143 162 295 208 339
b144 321 264 350 289
b145 142 44 187 78
b146 304 63 338 96
b147 408 307 420 338
b148 56 62 73 87
b149 334 125 356 147
b150 342 57 372 70
b151 0 244 16 271
b152 151 123 184 156
b153 270 305 310 317
b154 397 99 441 141
b155 308 264 321 276
b156 234 252 276 271
b157 132 365 174 377
b158 234 80 262 97
b159 234 186 270 210
b160 34 402 70 414
b161 101 365 132 384
b162 304 96 334 108
b163 162 248 208 295
b164 81 143 108 175
b165 292 372 333 405
b166 403 431 439 443
b167 16 249 63 263
b168 308 405 333 442
b169 234 34 262 80
b170 0 117 22 162
b171 356 70 390 105
b172 133 416 164 441
b173 22 134 64 156
b174 213 155 233 180
b175 274 342 308 354
b176 402 275 422 291
b177 161 339 192 360
b178 338 70 354 90
b179 356 105 397 150
b180 213 202 234 221
b181 389 187 431 202
b182 428 24 440 57
b183 234 210 271 226
b184 383 412 402 432
b185 295 254 308 298
b186 48 279 61 327
b187 417 165 441 187
b188 43 156 67 196
b189 0 43 31 63
b190 234 0 271 34
b191 234 131 276 168
b192 389 165 417 187
b193 108 143 151 185
b194 310 289 353 331
b195 274 317 310 342
b196 65 34 104 50
b197 208 346 255 381
b198 271 22 293 62
b199 70 408 110 442
