370010.5
556181
183840
383 480
17.523342
b0 212 403 248 419
b1 18 166 37 205
b2 348 15 383 56
b3 272 334 319 352
b4 148 297 180 323
b5 241 72 276 103
b6 0 290 29 303
b7 64 366 92 387
b8 0 340 32 355
b9 15 421 49 467
b10 177 366 222 398
b11 248 419 284 433
b12 49 425 91 461
b13 140 431 185 479
b14 335 227 350 252
b15 201 0 247 45
b16 84 186 102 208
b17 148 271 181 297
b18 74 347 108 366
b19 37 166 67 178
b20 167 148 195 181
b21 18 206 62 245
b22 78 285 117 311
b23 181 262 206 302
b24 0 421 15 446
b25 212 444 248 480
b26 148 202 173 245
b27 348 0 382 15
b28 336 170 382 208
b29 250 254 287 266
b30 221 306 248 323
b31 143 323 180 339
b32 98 0 121 32
b33 0 369 36 387
b34 311 74 349 93
b35 0 446 15 479
b36 36 374 64 386
b37 152 36 168 57
b38 148 245 181 271
b39 250 224 292 254
b40 181 234 222 262
b41 160 101 176 117
b42 173 121 217 140
b43 127 148 167 182
b44 306 123 333 139
b45 78 311 115 325
b46 18 151 66 166
b47 168 57 191 71
b48 140 75 164 101
b49 146 364 177 404
b50 349 56 382 98
b51 140 404 188 431
b52 221 323 248 360
b53 0 221 17 239
b54 0 38 16 81
b55 291 254 304 300
b56 102 181 124 206
b57 248 352 267 400
b58 319 334 360 353
b59 302 0 348 46
b60 67 156 102 186
b61 277 46 310 80
b62 18 59 63 96
b63 241 57 276 72
b64 91 431 139 478
b65 350 227 383 257
b66 117 292 148 323
b67 254 145 291 189
b68 188 398 212 433
b69 36 336 74 355
b70 0 355 36 369
b71 104 369 146 403
b72 77 233 110 267
b73 0 0 18 38
b74 77 267 106 285
b75 360 332 383 359
b76 92 366 104 380
b77 0 197 16 221
b78 222 360 248 403
b79 49 461 86 480
b80 276 93 291 107
b81 18 128 50 148
b82 218 187 250 220
b83 102 32 121 69
b84 97 69 140 106
b85 312 353 349 401
b86 248 328 272 352
b87 45 387 90 406
b88 292 224 335 252
b89 64 25 76 60
b90 173 210 218 234
b91 173 182 217 210
b92 247 0 271 42
b93 217 101 238 144
b94 0 257 16 272
b95 146 339 182 364
b96 267 352 312 377
b97 37 178 62 206
b98 64 125 80 151
b99 106 325 143 345
b100 77 32 102 59
b101 222 266 270 306
b102 115 106 140 144
b103 18 96 50 128
b104 74 208 110 233
b105 18 28 60 59
b106 38 258 77 292
b107 364 287 380 332
b108 309 310 342 322
b109 92 380 104 402
b110 121 0 165 23
b111 0 239 13 257
b112 0 106 18 152
b113 222 220 250 263
b114 336 208 375 227
b115 341 257 378 287
b116 238 103 275 145
b117 272 310 309 334
b118 182 331 221 366
b119 165 0 201 24
b120 0 152 15 197
b121 248 433 280 478
b122 306 93 349 123
b123 276 80 311 93
b124 38 245 77 258
b125 140 57 168 75
b126 310 46 348 74
b127 124 182 146 206
b128 102 145 127 181
b129 323 436 369 480
b130 291 139 336 183
b131 180 101 216 121
b132 110 206 148 222
b133 248 400 260 414
b134 205 302 221 331
b135 291 93 306 130
b136 284 419 308 438
b137 110 263 132 281
b138 110 222 140 244
b139 140 117 173 148
b140 0 272 12 288
b141 64 0 98 25
b142 185 433 212 479
b143 193 57 239 101
b144 180 302 205 331
b145 0 387 45 421
b146 304 252 338 285
b147 62 208 74 239
b148 0 81 17 106
b149 62 186 84 208
b150 180 71 193 101
b151 286 0 302 27
b152 168 24 201 57
b153 201 45 241 57
b154 36 292 78 336
b155 64 60 77 72
b156 49 406 91 425
b157 369 434 381 476
b158 123 403 140 431
b159 108 345 144 369
b160 275 107 287 143
b161 80 125 99 156
b162 309 322 339 334
b163 336 123 382 170
b164 91 403 123 430
b165 64 72 97 113
b166 241 45 277 57
b167 50 96 64 143
b168 304 285 341 310
b169 18 0 64 28
b170 16 245 38 290
b171 349 359 383 394
b172 349 98 380 123
b173 195 140 217 182
b174 146 182 171 202
b175 15 467 49 479
b176 164 75 180 95
b177 270 266 291 297
b178 140 101 160 117
b179 291 183 336 224
b180 36 355 57 374
b181 271 0 286 42
b182 64 113 97 125
b183 206 262 222 299
b184 110 244 130 263
b185 121 23 165 36
b186 132 244 145 292
b187 248 306 272 328
b188 359 394 383 434
b189 121 36 152 56
b190 0 303 34 340
b191 217 145 254 187
b192 78 325 106 347
b193 267 377 310 419
b194 280 438 323 480
b195 212 419 248 444
b196 99 106 115 145
b197 312 401 359 436
b198 342 287 364 327
b199 250 189 290 223
