567863.75
848279.5
287448
472 609
29.955298
b0 412 268 439 283
b1 104 527 131 543
b2 369 67 391 93
b3 315 204 360 225
b4 330 164 375 204
b5 190 291 216 307
b6 398 163 436 190
b7 191 540 226 569
b8 351 353 387 374
b9 325 67 369 92
b10 294 225 325 240
b11 269 67 310 91
b12 365 105 384 122
b13 71 542 104 590
b14 371 432 392 476
b15 414 92 429 126
b16 282 349 327 391
b17 274 186 315 223
b18 147 530 191 573
b19 190 255 213 291
b20 130 595 147 608
b21 444 68 472 112
b22 351 38 386 67
b23 103 510 143 527
b24 110 192 134 210
b25 184 65 227 94
b26 165 289 183 316
b27 84 372 124 410
b28 0 0 12 24
b29 322 37 351 67
b30 276 0 304 20
b31 71 506 103 542
b32 57 45 76 67
b33 88 212 133 258
b34 369 93 398 105
b35 0 68 12 94
b36 384 105 414 132
b37 31 242 43 271
b38 109 353 130 372
b39 316 164 329 176
b40 400 538 419 585
b41 246 277 282 296
b42 263 501 309 526
b43 78 0 117 21
b44 0 261 24 288
b45 430 43 454 68
b46 212 402 225 421
b47 207 183 247 225
b48 310 512 338 546
b49 142 486 190 510
b50 207 309 221 328
b51 397 344 413 358
b52 216 146 234 183
b53 0 94 12 130
b54 227 452 261 482
b55 40 582 71 608
b56 153 0 199 31
b57 88 258 136 305
b58 37 344 62 369
b59 375 0 422 38
b60 42 460 81 476
b61 360 208 405 239
b62 84 317 130 353
b63 199 0 245 36
b64 149 88 182 103
b65 114 49 127 72
b66 12 141 57 183
b67 456 516 470 549
b68 416 475 444 520
b69 434 324 470 351
b70 371 476 416 492
b71 290 424 324 456
b72 436 178 468 193
b73 85 305 131 317
b74 263 458 297 501
b75 257 223 294 243
b76 387 358 426 394
b77 365 122 383 162
b78 429 113 471 129
b79 247 23 272 63
b80 12 93 27 129
b81 175 257 190 289
b82 284 243 323 267
b83 214 365 255 402
b84 227 418 265 452
b85 287 315 330 349
b86 346 552 385 596
b87 12 0 57 48
b88 272 23 301 67
b89 278 91 320 111
b90 255 365 279 411
b91 63 344 84 387
b92 43 237 88 284
b93 164 441 188 461
b94 0 242 31 261
b95 100 104 144 141
b96 380 492 413 538
b97 84 410 124 425
b98 271 526 284 561
b99 270 169 310 186
b100 392 431 437 475
b101 147 573 177 609
b102 84 425 124 461
b103 213 242 247 276
b104 100 141 142 155
b105 51 390 84 425
b106 214 569 226 602
b107 436 163 468 178
b108 0 327 37 365
b109 330 311 376 353
b110 0 457 42 496
b111 450 428 471 441
b112 182 177 207 207
b113 389 585 425 609
b114 170 368 214 402
b115 351 374 385 396
b116 325 225 353 244
b117 188 440 227 461
b118 0 543 38 587
b119 12 48 40 93
b120 117 0 153 36
b121 78 66 112 104
b122 379 267 399 310
b123 369 396 392 432
b124 176 207 207 242
b125 134 199 176 245
b126 39 390 51 412
b127 284 526 309 569
b128 373 239 417 267
b129 227 510 261 532
b130 405 205 435 231
b131 324 408 369 456
b132 43 195 82 213
b133 81 461 124 476
b134 162 334 209 368
b135 385 538 400 583
b136 444 516 456 553
b137 82 191 110 212
b138 338 500 380 528
b139 392 394 428 431
b140 444 473 456 516
b141 182 421 227 440
b142 117 155 144 192
b143 419 533 444 557
b144 130 383 170 398
b145 297 456 310 501
b146 38 506 71 554
b147 227 65 269 95
b148 164 421 182 441
b149 16 496 38 543
b150 245 0 276 23
b151 57 67 75 109
b152 229 95 248 111
b153 42 476 83 506
b154 142 441 164 458
b155 84 353 109 367
b156 267 566 283 594
b157 162 103 182 128
b158 190 242 213 255
b159 130 339 162 383
b160 456 462 472 489
b161 425 557 472 603
b162 156 316 187 334
b163 249 343 282 365
b164 436 224 472 265
b165 323 244 340 265
b166 182 141 216 177
b167 234 146 270 183
b168 0 197 41 221
b169 136 257 175 281
b170 287 267 332 296
b171 0 587 40 609
b172 149 103 162 130
b173 131 307 156 339
b174 0 496 16 539
b175 452 15 468 30
b176 144 166 182 199
b177 0 290 41 327
b178 399 283 416 302
b179 426 351 472 385
b180 227 566 267 585
b181 38 554 68 582
b182 43 213 88 237
b183 439 285 472 324
b184 142 461 188 486
b185 247 186 274 220
b186 338 469 371 500
b187 144 130 182 166
b188 209 328 249 365
b189 0 24 12 68
b190 190 461 227 488
b191 397 310 413 344
b192 199 36 247 65
b193 40 48 57 81
b194 310 499 338 512
b195 191 527 224 540
b196 43 303 84 344
b197 304 0 332 37
b198 164 402 212 421
b199 396 132 432 163
b200 332 0 375 37
b201 136 281 165 307
b202 103 476 142 510
b203 398 190 426 205
b204 279 391 320 424
b205 310 67 325 88
b206 42 425 84 460
b207 340 244 373 272
b208 439 265 466 285
b209 78 21 114 66
b210 416 520 440 533
b211 225 402 237 418
b212 0 221 42 242
b213 278 111 292 143
b214 190 307 207 334
b215 301 37 322 66
b216 43 284 85 303
b217 143 510 191 530
b218 422 0 465 15
b219 57 167 75 195
b220 112 74 149 104
b221 437 428 450 473
b222 265 424 290 458
b223 71 590 93 609
b224 57 0 78 45
b225 249 296 287 343
b226 22 417 38 456
b227 428 385 441 417
b228 450 441 470 462
b229 316 140 364 164
b230 216 276 246 309
b231 454 30 470 60
b232 75 168 117 191
b233 151 398 164 414
b234 0 365 33 383
b235 270 147 316 169
b236 283 569 310 608
b237 376 311 397 351
b238 0 390 39 417
b239 0 417 22 457
b240 221 309 244 328
b241 383 132 396 156
b242 227 585 267 607
b243 247 243 284 277
b244 93 595 130 608
b245 292 111 316 147
b246 386 38 430 61
b247 191 488 227 527
b248 441 385 472 428
b249 124 414 159 441
b250 436 193 470 224
b251 57 109 100 143
b252 83 476 102 504
b253 267 594 280 609
b254 207 225 231 238
b255 332 272 379 311
b256 104 543 125 556
b257 124 441 141 474
b258 227 532 271 566
b259 131 527 143 553
b260 31 271 43 290
b261 134 245 179 257
b262 27 93 54 141
b263 182 95 229 141
b264 375 163 398 208
b265 429 68 444 113
b266 320 92 365 140
b267 432 129 471 163
b268 127 49 149 74
b269 417 231 435 268
b270 315 176 330 199
b271 57 143 99 167
b272 149 64 184 88
b273 33 369 63 390
b274 413 314 434 347
b275 430 15 452 43
b276 12 183 43 197
b277 320 396 367 408
b278 117 36 159 49
b279 104 556 147 595
b280 416 283 438 314
b281 310 546 340 564
b282 229 116 273 146
b283 399 267 412 282
b284 248 95 278 116
b285 338 456 371 469
b286 310 564 346 605
b287 330 353 351 395
b288 227 482 263 510
b289 177 573 214 606
b290 124 398 151 414
b291 310 456 338 499
b292 340 528 379 552
b293 287 296 330 315
b294 231 225 257 242
b295 346 596 389 609
b296 456 489 472 516
b297 391 61 429 92
b298 159 31 199 64
b299 99 155 112 168
