221442.5
238135
204750
455 450
2.006622
b0 198 0 241 33
b1 138 184 203 221
b2 335 276 388 310
b3 0 147 67 184
b4 0 291 29 310
b5 381 67 420 116
b6 164 362 204 380
b7 138 239 178 261
b8 393 261 455 311
b9 365 67 381 108
b10 293 0 311 52
b11 48 53 107 92
b12 365 116 426 144
b13 256 55 304 112
b14 55 397 118 440
b15 276 264 335 316
b16 335 310 392 346
b17 160 42 204 108
b18 0 0 48 51
b19 203 161 234 211
b20 257 233 294 252
b21 226 266 276 330
b22 160 108 209 142
b23 221 377 270 397
b24 426 93 454 138
b25 408 168 447 222
b26 0 387 55 427
b27 160 261 185 326
b28 231 397 270 443
b29 388 144 450 168
b30 426 67 450 93
b31 84 108 110 142
b32 96 305 149 348
b33 295 208 330 230
b34 295 181 349 208
b35 294 233 332 264
b36 349 144 388 211
b37 333 346 393 366
b38 276 316 333 339
b39 241 0 293 55
b40 96 278 125 304
b41 57 92 84 147
b42 48 0 110 53
b43 0 51 46 112
b44 209 330 274 377
b45 137 261 160 305
b46 400 404 439 426
b47 335 211 368 276
b48 0 112 57 139
b49 367 20 432 67
b50 29 299 96 331
b51 164 380 221 418
b52 276 339 330 384
b53 256 112 299 133
b54 304 119 365 137
b55 311 0 367 34
b56 138 62 155 125
b57 138 221 185 239
b58 408 222 454 256
b59 185 275 222 325
b60 110 73 133 113
b61 234 233 257 266
b62 110 113 129 173
b63 164 326 209 362
b64 209 55 256 105
b65 0 331 57 387
b66 304 52 365 119
b67 304 137 344 181
b68 44 236 96 299
b69 110 19 137 73
b70 160 142 202 184
b71 204 211 226 275
b72 393 343 454 404
b73 234 166 295 233
b74 160 0 198 42
b75 110 0 138 19
b76 138 125 160 158
b77 270 384 327 450
b78 102 173 138 205
b79 0 184 60 225
b80 393 311 451 327
b81 368 211 408 261
b82 333 366 390 413
b83 393 327 415 343
b84 333 413 400 435
b85 367 0 392 20
b86 209 105 246 161
b87 0 252 44 291
b88 60 212 97 236
b89 0 225 38 252
b90 123 407 162 440
b91 246 133 302 166
b92 84 92 110 108
b93 67 147 102 212
b94 123 348 164 407
b95 185 221 204 272
b96 97 212 137 278
b97 164 418 231 435
b98 138 0 160 62
b99 57 348 123 397
