215134.25
223698.5
206570
454 455
3.265926
b0 262 98 295 141
b1 355 0 392 65
b2 107 199 160 233
b3 0 208 67 245
b4 67 288 96 307
b5 167 48 216 87
b6 67 208 107 226
b7 219 0 241 40
b8 91 95 141 157
b9 146 0 162 41
b10 143 350 195 368
b11 0 56 59 95
b12 217 173 245 234
b13 162 0 219 48
b14 295 85 358 128
b15 296 33 355 85
b16 257 238 314 274
b17 340 132 384 198
b18 390 310 441 358
b19 93 382 143 413
b20 305 341 324 378
b21 187 368 237 432
b22 0 95 34 144
b23 322 270 371 290
b24 337 242 382 270
b25 72 56 126 95
b26 212 326 267 366
b27 245 213 310 238
b28 257 274 303 313
b29 175 114 199 176
b30 299 187 323 213
b31 203 87 229 121
b32 46 165 99 208
b33 241 0 263 35
b34 305 415 359 442
b35 143 368 181 399
b36 229 40 296 79
b37 370 380 390 440
b38 146 91 203 114
b39 96 283 151 335
b40 161 399 187 428
b41 0 371 55 398
b42 0 261 62 314
b43 0 144 46 205
b44 384 126 449 173
b45 314 226 337 270
b46 217 304 256 326
b47 322 290 387 323
b48 0 314 27 371
b49 392 0 439 65
b50 267 141 299 208
b51 267 313 305 370
b52 46 111 91 165
b53 146 48 167 91
b54 387 231 448 249
b55 390 381 424 437
b56 55 341 72 404
b57 72 341 90 388
b58 141 114 175 160
b59 51 413 101 450
b60 390 358 430 381
b61 296 0 319 33
b62 229 79 289 98
b63 387 195 432 231
b64 93 335 143 382
b65 0 0 57 56
b66 387 249 454 310
b67 342 198 382 242
b68 199 121 262 173
b69 27 314 54 368
b70 99 157 141 199
b71 237 366 259 430
b72 151 289 212 350
b73 380 65 447 126
b74 0 417 42 455
b75 323 198 342 226
b76 245 173 267 206
b77 324 323 390 380
b78 319 0 355 32
b79 101 413 161 454
b80 0 245 58 261
b81 111 233 151 283
b82 160 242 217 289
b83 67 272 89 288
b84 358 65 380 132
b85 432 195 452 220
b86 57 0 113 37
b87 67 233 111 272
b88 141 160 165 197
b89 55 314 93 341
b90 259 370 298 403
b91 113 0 146 56
b92 46 95 72 111
b93 305 380 370 415
b94 299 128 340 187
b95 0 398 51 417
b96 217 238 257 304
b97 305 274 322 341
b98 384 173 446 195
b99 165 176 214 242
