213453.75
220337.5
206570
454 455
6.431677
b0 248 231 291 264
b1 266 47 331 84
b2 233 111 267 164
b3 200 345 237 412
b4 0 0 19 29
b5 267 110 306 159
b6 374 398 392 438
b7 75 231 97 271
b8 0 284 62 334
b9 358 350 374 391
b10 358 298 376 350
b11 155 140 194 199
b12 75 203 136 231
b13 374 350 431 398
b14 75 133 138 176
b15 396 215 448 274
b16 237 314 294 350
b17 182 0 226 66
b18 0 395 51 443
b19 303 241 353 272
b20 229 192 248 229
b21 294 298 358 348
b22 226 0 260 49
b23 376 234 396 283
b24 212 164 257 192
b25 237 350 291 389
b26 127 32 182 72
b27 429 61 454 126
b28 392 398 431 444
b29 203 283 227 345
b30 331 348 355 374
b31 266 84 300 110
b32 84 0 127 53
b33 300 84 335 106
b34 155 113 209 140
b35 130 284 161 322
b36 199 72 266 111
b37 80 72 140 92
b38 237 291 294 314
b39 19 179 74 231
b40 203 195 229 224
b41 248 264 303 291
b42 0 231 62 284
b43 19 76 80 122
b44 260 0 325 47
b45 303 272 347 295
b46 291 219 330 241
b47 19 0 84 33
b48 19 49 76 76
b49 392 150 439 215
b50 257 164 289 231
b51 289 162 327 219
b52 203 229 248 283
b53 177 321 198 364
b54 392 132 453 150
b55 376 283 432 317
b56 0 29 17 92
b57 194 148 212 195
b58 74 287 120 321
b59 294 348 331 398
b60 226 49 266 72
b61 343 80 366 113
b62 365 61 425 80
b63 343 132 388 168
b64 78 399 128 446
b65 19 122 75 179
b66 0 334 67 395
b67 325 0 365 44
b68 366 80 429 132
b69 51 399 78 453
b70 161 235 203 277
b71 353 234 375 298
b72 128 385 189 446
b73 365 0 432 61
b74 67 361 109 399
b75 163 0 182 28
b76 138 235 160 268
b77 286 398 352 455
b78 127 0 163 32
b79 80 92 140 133
b80 117 369 175 385
b81 67 321 117 361
b82 120 322 177 369
b83 138 268 160 284
b84 376 317 443 339
b85 331 44 351 69
b86 306 106 343 162
b87 161 277 200 321
b88 209 111 233 148
b89 75 176 113 203
b90 198 412 237 445
b91 97 231 130 287
b92 19 33 45 49
b93 138 200 203 235
b94 140 72 199 113
b95 355 391 374 442
b96 352 168 392 234
b97 138 133 155 200
b98 330 168 352 230
b99 237 389 286 455
