217107.75
229911.5
204304
452 452
3.318513
b0 267 370 300 413
b1 264 0 329 37
b2 16 90 69 124
b3 346 272 383 339
b4 34 234 63 253
b5 389 132 438 171
b6 329 61 369 79
b7 0 426 40 448
b8 116 47 166 109
b9 378 339 394 380
b10 212 39 230 91
b11 93 253 132 312
b12 239 354 267 415
b13 369 380 417 437
b14 199 311 262 354
b15 313 134 365 193
b16 394 250 430 307
b17 199 135 243 201
b18 0 321 51 369
b19 108 174 158 205
b20 369 61 388 98
b21 234 206 298 256
b22 81 88 115 137
b23 310 193 359 213
b24 267 342 312 370
b25 210 0 264 39
b26 0 369 55 409
b27 264 37 329 62
b28 323 379 369 418
b29 224 415 286 439
b30 182 73 208 97
b31 0 234 34 260
b32 138 294 191 337
b33 382 215 404 250
b34 62 42 116 69
b35 93 222 131 253
b36 307 272 346 339
b37 61 140 81 200
b38 166 97 189 154
b39 313 79 365 134
b40 163 212 192 238
b41 63 200 90 255
b42 0 37 62 90
b43 0 260 46 321
b44 116 109 163 174
b45 300 379 323 423
b46 16 151 55 173
b47 67 414 132 447
b48 81 137 108 194
b49 405 171 452 236
b50 234 256 301 288
b51 344 215 382 272
b52 262 288 307 342
b53 329 18 350 61
b54 430 236 448 297
b55 279 128 313 184
b56 93 205 156 222
b57 329 0 376 18
b58 166 39 212 73
b59 394 326 431 376
b60 115 312 138 352
b61 199 201 232 224
b62 388 61 448 80
b63 243 135 279 180
b64 116 0 166 47
b65 132 238 189 294
b66 67 353 134 414
b67 365 171 405 215
b68 389 80 452 132
b69 0 0 54 27
b70 51 255 93 297
b71 286 423 350 445
b72 0 173 61 234
b73 376 0 443 61
b74 78 0 116 42
b75 81 69 109 88
b76 166 154 199 176
b77 134 384 191 450
b78 166 176 198 212
b79 55 312 115 353
b80 0 90 16 148
b81 208 95 258 135
b82 138 337 195 384
b83 166 73 182 95
b84 243 184 310 206
b85 369 98 389 123
b86 307 213 344 269
b87 166 0 210 39
b88 54 0 78 37
b89 16 124 54 151
b90 191 413 224 452
b91 230 39 263 95
b92 54 124 80 140
b93 199 224 234 289
b94 198 354 239 413
b95 394 307 445 326
b96 312 339 378 379
b97 0 409 67 426
b98 199 289 261 311
b99 264 62 313 128
