217193.5
228272
206115
453 455
5.205593
b0 320 175 353 218
b1 387 270 452 307
b2 112 113 146 166
b3 181 0 218 67
b4 61 318 90 337
b5 348 67 397 106
b6 270 278 288 318
b7 222 218 244 258
b8 96 233 158 283
b9 112 50 153 66
b10 327 119 345 171
b11 0 397 59 436
b12 153 0 181 61
b13 221 39 278 87
b14 166 388 209 451
b15 387 307 446 359
b16 211 117 268 153
b17 100 411 166 455
b18 48 164 96 215
b19 288 278 338 309
b20 409 177 446 196
b21 48 0 112 50
b22 61 337 95 386
b23 353 209 373 258
b24 273 211 318 239
b25 277 239 331 278
b26 323 0 378 40
b27 188 360 253 385
b28 209 385 248 431
b29 211 93 273 117
b30 24 0 48 26
b31 187 67 221 93
b32 95 283 138 336
b33 348 106 383 128
b34 323 40 377 67
b35 61 280 92 318
b36 218 0 285 39
b37 387 359 447 379
b38 162 276 219 299
b39 48 50 103 102
b40 369 426 398 452
b41 338 258 365 313
b42 48 102 101 164
b43 0 295 61 341
b44 387 379 452 426
b45 174 316 218 339
b46 0 210 39 232
b47 146 114 211 147
b48 95 336 122 393
b49 345 128 410 175
b50 275 318 307 385
b51 253 388 310 426
b52 162 194 216 239
b53 285 0 306 43
b54 257 327 275 388
b55 353 175 409 209
b56 158 299 221 316
b57 169 67 187 114
b58 61 234 95 280
b59 162 239 212 276
b60 122 388 162 411
b61 430 88 453 121
b62 377 44 437 63
b63 307 313 352 349
b64 273 161 320 211
b65 0 341 57 397
b66 101 166 162 233
b67 378 0 418 44
b68 285 67 348 119
b69 16 114 43 168
b70 285 119 327 161
b71 248 426 312 448
b72 0 234 61 295
b73 373 209 440 270
b74 0 168 38 210
b75 418 0 437 28
b76 244 239 277 261
b77 312 371 369 437
b78 138 316 174 348
b79 162 153 222 194
b80 257 153 273 211
b81 112 0 152 50
b82 112 66 169 113
b83 257 211 273 233
b84 310 349 377 371
b85 430 63 450 88
b86 410 121 447 177
b87 0 37 44 76
b88 0 0 24 37
b89 16 76 43 114
b90 218 327 257 360
b91 397 63 430 119
b92 0 76 16 102
b93 222 153 257 218
b94 59 393 100 452
b95 44 215 95 234
b96 122 348 188 388
b97 306 0 323 67
b98 365 270 387 332
b99 221 261 270 327
