219178.25
232241.5
206115
455 453
6.411017
b0 316 63 349 106
b1 386 216 451 253
b2 142 206 176 259
b3 0 55 37 122
b4 27 156 56 175
b5 263 297 302 346
b6 430 305 448 345
b7 117 145 139 185
b8 220 202 270 264
b9 27 277 68 293
b10 364 196 416 214
b11 233 163 292 202
b12 56 151 117 179
b13 27 179 75 236
b14 142 0 205 43
b15 386 253 445 305
b16 398 92 434 149
b17 205 0 249 66
b18 168 321 216 372
b19 292 203 342 234
b20 302 291 339 310
b21 78 0 142 50
b22 0 122 49 156
b23 281 364 330 384
b24 52 91 80 136
b25 248 124 302 163
b26 361 0 401 55
b27 390 67 455 92
b28 415 374 454 420
b29 80 89 104 151
b30 204 66 228 92
b31 52 0 78 34
b32 97 185 140 238
b33 270 202 292 237
b34 302 310 329 364
b35 202 157 233 195
b36 75 50 142 89
b37 355 305 415 325
b38 52 34 75 91
b39 0 0 52 55
b40 329 310 355 339
b41 0 213 27 268
b42 0 293 53 355
b43 80 278 141 324
b44 277 406 342 453
b45 418 0 441 44
b46 75 179 97 218
b47 209 264 274 297
b48 0 156 27 213
b49 339 234 386 299
b50 420 149 452 216
b51 42 355 80 412
b52 290 237 335 291
b53 142 43 163 86
b54 216 419 277 437
b55 364 107 398 163
b56 142 86 159 149
b57 397 374 415 421
b58 316 106 362 140
b59 216 382 266 419
b60 204 92 244 115
b61 361 55 384 88
b62 301 0 361 19
b63 342 413 387 449
b64 216 297 263 347
b65 142 149 198 206
b66 142 260 209 321
b67 301 19 341 63
b68 249 0 301 63
b69 141 321 168 375
b70 204 115 246 157
b71 342 339 364 403
b72 80 324 141 385
b73 249 63 316 124
b74 0 355 42 393
b75 362 88 390 107
b76 198 195 220 228
b77 80 385 146 442
b78 176 228 212 260
b79 27 236 87 277
b80 274 237 290 295
b81 87 238 137 278
b82 146 375 193 432
b83 0 268 22 284
b84 266 384 333 406
b85 228 66 248 91
b86 104 89 141 145
b87 163 102 202 146
b88 0 393 37 417
b89 53 293 80 331
b90 364 374 397 413
b91 364 163 420 196
b92 358 214 384 230
b93 216 347 281 382
b94 163 43 204 102
b95 193 372 212 423
b96 292 163 358 203
b97 401 0 418 67
b98 302 140 364 162
b99 364 325 430 374
