218745.75
231829.5
205662
453 454
3.699971
b0 409 227 452 260
b1 357 267 394 332
b2 293 129 327 182
b3 118 282 185 319
b4 99 277 118 306
b5 398 65 447 104
b6 427 331 445 371
b7 293 276 315 316
b8 261 316 311 378
b9 105 0 121 41
b10 215 44 267 62
b11 61 100 120 139
b12 24 139 52 200
b13 40 392 88 449
b14 364 168 407 231
b15 394 279 453 331
b16 352 231 409 267
b17 61 0 105 66
b18 50 344 101 392
b19 321 231 352 281
b20 409 260 446 279
b21 193 243 243 307
b22 61 66 110 100
b23 378 65 398 114
b24 293 231 321 276
b25 381 114 420 168
b26 0 391 40 446
b27 268 190 293 255
b28 377 398 416 444
b29 0 139 24 201
b30 195 93 219 119
b31 293 0 319 34
b32 319 25 372 68
b33 293 34 315 69
b34 165 141 192 195
b35 70 223 108 254
b36 223 62 290 101
b37 293 69 313 129
b38 101 336 124 393
b39 138 195 193 247
b40 108 196 137 222
b41 293 182 348 209
b42 193 181 246 243
b43 0 0 61 46
b44 194 368 259 415
b45 171 319 194 363
b46 257 415 279 454
b47 0 201 33 266
b48 0 70 57 97
b49 372 0 419 65
b50 248 123 280 190
b51 167 415 224 453
b52 327 120 381 165
b53 195 123 238 144
b54 52 155 70 216
b55 177 0 233 34
b56 32 266 95 283
b57 120 85 138 132
b58 311 323 357 357
b59 279 379 316 429
b60 38 97 61 137
b61 95 254 128 277
b62 273 0 292 60
b63 33 216 69 261
b64 0 344 50 391
b65 138 85 195 141
b66 32 283 99 344
b67 233 0 273 44
b68 315 68 378 120
b69 138 141 165 195
b70 315 281 357 323
b71 246 190 268 254
b72 316 379 377 440
b73 194 307 261 368
b74 0 97 38 139
b75 195 74 223 93
b76 309 209 342 231
b77 101 393 167 450
b78 0 266 32 302
b79 70 155 130 196
b80 348 165 364 223
b81 243 255 283 305
b82 124 336 171 393
b83 293 209 309 231
b84 311 357 378 379
b85 319 0 339 25
b86 192 144 248 181
b87 110 41 149 85
b88 0 46 37 70
b89 70 196 108 223
b90 224 415 257 454
b91 121 0 177 33
b92 61 139 87 155
b93 128 247 193 282
b94 409 168 450 227
b95 171 363 190 414
b96 149 34 215 74
b97 99 319 166 336
b98 223 101 285 123
b99 378 332 427 398
