218801
232852
204750
450 455
2.578851
b0 282 22 315 65
b1 183 0 248 37
b2 62 311 96 364
b3 178 283 215 350
b4 0 184 19 213
b5 76 232 125 271
b6 157 319 175 359
b7 27 141 49 181
b8 65 98 127 148
b9 27 288 68 304
b10 228 37 246 89
b11 207 89 246 148
b12 371 110 432 138
b13 100 346 157 394
b14 315 0 378 43
b15 126 241 178 300
b16 355 410 412 446
b17 339 277 383 343
b18 308 65 356 116
b19 39 424 89 455
b20 43 304 62 341
b21 216 300 280 350
b22 27 254 76 288
b23 246 118 295 138
b24 246 138 291 166
b25 127 157 181 196
b26 81 0 136 40
b27 168 92 193 157
b28 283 405 322 451
b29 371 138 433 162
b30 0 213 26 237
b31 126 394 160 420
b32 0 304 43 357
b33 339 375 374 397
b34 125 214 179 241
b35 62 364 100 395
b36 383 303 422 370
b37 238 191 258 251
b38 282 235 339 258
b39 282 258 337 310
b40 61 395 87 424
b41 96 319 151 346
b42 246 65 308 118
b43 27 193 73 254
b44 266 170 313 235
b45 193 148 237 171
b46 0 418 39 440
b47 371 162 436 195
b48 0 64 27 121
b49 383 256 448 303
b50 339 170 371 237
b51 282 310 339 348
b52 49 148 103 193
b53 207 37 228 80
b54 422 303 440 364
b55 248 0 282 56
b56 0 121 17 184
b57 126 196 173 214
b58 77 64 123 98
b59 89 395 126 445
b60 332 397 355 437
b61 103 148 126 181
b62 356 43 375 103
b63 249 350 285 395
b64 136 0 183 50
b65 181 171 238 227
b66 375 43 436 110
b67 339 237 383 277
b68 295 118 358 170
b69 27 0 81 27
b70 127 50 169 92
b71 195 389 217 453
b72 0 357 61 418
b73 383 195 450 256
b74 169 50 207 92
b75 315 43 343 62
b76 282 0 315 22
b77 217 395 283 452
b78 339 343 375 375
b79 127 92 168 152
b80 27 83 43 141
b81 76 271 126 311
b82 285 348 332 405
b83 49 94 65 116
b84 126 424 193 446
b85 246 166 266 191
b86 179 227 216 283
b87 73 193 117 232
b88 81 40 118 64
b89 0 0 27 38
b90 216 350 249 389
b91 27 27 60 83
b92 0 38 16 64
b93 160 359 195 424
b94 378 0 437 41
b95 126 300 177 319
b96 375 370 441 410
b97 60 27 77 94
b98 313 170 335 232
b99 216 251 282 300
