1224478
1839688
609268
227 2684
145.292877
b0 25 1441 61 1457
b1 49 1630 68 1669
b2 175 1574 216 1609
b3 33 1978 51 2025
b4 129 372 155 404
b5 59 2488 94 2519
b6 98 20 127 33
b7 126 404 154 425
b8 185 1267 217 1282
b9 155 1540 201 1574
b10 133 968 178 1000
b11 62 1884 76 1920
b12 124 266 160 308
b13 40 923 88 968
b14 154 404 169 429
b15 134 35 179 81
b16 133 1224 151 1246
b17 51 1978 84 2004
b18 25 1764 59 1783
b19 90 1142 120 1154
b20 98 1859 126 1892
b21 50 1382 94 1421
b22 0 1830 26 1869
b23 123 1493 163 1518
b24 82 538 107 553
b25 39 2384 75 2420
b26 90 1224 133 1249
b27 52 674 86 689
b28 134 1614 180 1652
b29 85 994 97 1031
b30 45 2597 62 2624
b31 126 429 163 445
b32 98 215 121 247
b33 41 2332 59 2368
b34 59 1762 78 1800
b35 25 0 40 33
b36 102 1465 130 1477
b37 172 229 188 250
b38 84 1978 117 2004
b39 79 2519 109 2561
b40 65 2094 93 2135
b41 41 2368 57 2384
b42 61 1476 80 1520
b43 94 1772 134 1806
b44 52 689 79 705
b45 92 1587 106 1624
b46 97 1046 145 1061
b47 65 620 88 634
b48 181 0 205 26
b49 50 1142 90 1173
b50 127 126 160 168
b51 87 396 114 444
b52 68 444 95 481
b53 133 1596 150 1614
b54 86 705 129 721
b55 26 2332 39 2378
b56 135 1465 157 1490
b57 56 2163 75 2211
b58 40 2454 59 2495
b59 64 829 110 875
b60 68 0 98 35
b61 117 1920 150 1954
b62 134 81 171 126
b63 80 1552 95 1587
b64 90 1249 137 1297
b65 82 505 112 538
b66 51 2063 82 2094
b67 102 1428 146 1465
b68 50 968 85 992
b69 95 444 114 482
b70 68 1654 104 1668
b71 97 1012 139 1046
b72 139 1000 173 1033
b73 77 790 95 828
b74 40 2554 69 2572
b75 33 2114 56 2141
b76 51 2004 65 2016
b77 87 1297 111 1313
b78 61 1587 87 1630
b79 68 263 87 300
b80 112 505 126 520
b81 33 2094 65 2114
b82 145 591 177 624
b83 98 642 117 679
b84 49 1669 92 1706
b85 124 229 172 266
b86 68 1630 92 1654
b87 77 554 122 573
b88 92 1668 120 1711
b89 181 250 193 285
b90 48 1920 93 1944
b91 93 1892 137 1920
b92 87 372 129 396
b93 146 1246 189 1267
b94 94 1843 109 1859
b95 62 1859 98 1884
b96 111 1297 136 1342
b97 0 0 25 28
b98 85 968 101 994
b99 50 1173 87 1193
b100 160 126 187 151
b101 71 875 111 923
b102 25 968 50 1006
b103 65 642 97 674
b104 154 1073 190 1098
b105 81 1505 123 1536
b106 120 1142 154 1181
b107 90 1477 135 1493
b108 101 1000 134 1012
b109 88 620 100 642
b110 82 482 126 505
b111 106 247 124 260
b112 94 1382 112 1428
b113 65 2035 108 2063
b114 98 196 137 215
b115 106 308 143 338
b116 52 748 89 790
b117 94 1806 118 1843
b118 40 2519 79 2554
b119 181 26 205 62
b120 26 2287 41 2332
b121 99 1711 131 1756
b122 93 2063 136 2093
b123 134 1652 147 1687
b124 64 790 77 829
b125 118 1806 136 1834
b126 65 2135 103 2163
b127 40 790 64 812
b128 145 566 181 591
b129 122 520 166 566
b130 101 923 145 968
b131 98 0 134 20
b132 68 247 106 263
b133 48 1828 62 1840
b134 61 1441 90 1457
b135 33 1799 48 1836
b136 45 2289 69 2308
b137 133 1518 155 1536
b138 155 1518 185 1540
b139 0 1799 33 1830
b140 40 46 52 62
b141 33 2211 58 2245
b142 25 1718 52 1764
b143 85 1098 131 1142
b144 40 17 65 46
b145 59 2454 104 2488
b146 106 338 139 372
b147 86 674 98 705
b148 65 529 82 554
b149 126 1834 148 1856
b150 52 1732 65 1762
b151 79 721 95 748
b152 69 2274 102 2307
b153 0 2454 40 2466
b154 24 2624 66 2668
b155 65 554 77 567
b156 26 2245 45 2287
b157 127 1061 169 1073
b158 40 0 68 17
b159 25 1457 49 1493
b160 90 1428 102 1464
b161 84 2004 103 2035
b162 90 1493 120 1505
b163 77 573 123 620
b164 101 968 133 995
b165 137 196 178 229
b166 143 308 179 320
b167 52 1718 99 1732
b168 45 2572 82 2597
b169 48 1800 94 1828
b170 205 0 227 45
b171 26 2420 61 2454
b172 40 875 71 900
b173 133 1574 175 1596
b174 50 1421 75 1441
b175 49 1706 83 1718
b176 179 62 199 78
b177 0 2653 21 2684
b178 25 1783 45 1799
b179 0 2572 45 2613
b180 104 2199 123 2220
b181 59 2332 74 2374
b182 82 2561 115 2573
b183 81 1536 118 1552
b184 61 1457 81 1476
b185 45 2245 58 2289
b186 68 481 81 529
b187 45 2308 67 2332
b188 0 2613 24 2653
b189 58 2211 89 2231
b190 48 1944 85 1978
b191 85 1061 127 1098
b192 127 168 149 196
b193 120 1181 162 1224
b194 58 2231 100 2274
b195 89 2163 114 2199
b196 94 1756 133 1772
b197 134 0 181 35
b198 180 1609 202 1649
b199 87 1342 121 1382
