214849.25
225403.5
204295
455 449
6.059011
b0 248 222 291 255
b1 311 47 376 84
b2 210 105 244 158
b3 173 136 210 203
b4 0 0 19 29
b5 268 106 307 155
b6 375 401 393 441
b7 75 227 97 267
b8 0 284 62 334
b9 383 238 399 279
b10 353 221 371 273
b11 210 158 249 217
b12 75 172 136 200
b13 383 331 440 379
b14 75 129 138 172
b15 399 238 451 297
b16 238 282 295 318
b17 186 0 230 66
b18 0 395 51 443
b19 303 238 353 269
b20 229 217 248 254
b21 295 292 359 342
b22 230 0 279 34
b23 359 335 379 384
b24 203 254 248 282
b25 238 341 292 380
b26 127 28 182 68
b27 430 81 455 146
b28 393 401 432 447
b29 359 273 383 335
b30 332 342 356 368
b31 266 80 300 106
b32 84 0 127 53
b33 300 84 335 106
b34 156 109 210 136
b35 130 287 161 325
b36 199 66 266 105
b37 80 68 140 88
b38 238 318 295 341
b39 19 179 74 231
b40 203 217 229 246
b41 248 255 303 282
b42 0 231 62 284
b43 19 76 80 122
b44 319 0 384 47
b45 303 269 347 292
b46 291 216 330 238
b47 19 0 84 33
b48 19 49 76 76
b49 392 155 439 220
b50 249 155 281 222
b51 200 346 238 403
b52 281 162 326 216
b53 178 324 199 367
b54 392 220 453 238
b55 383 297 439 331
b56 0 29 17 92
b57 138 129 156 176
b58 74 283 120 317
b59 295 342 332 392
b60 127 0 167 23
b61 407 81 430 114
b62 344 136 404 155
b63 266 44 311 80
b64 78 395 128 442
b65 19 122 75 179
b66 0 334 67 395
b67 279 0 319 44
b68 344 84 407 136
b69 51 395 78 449
b70 161 238 203 280
b71 203 282 225 346
b72 128 388 189 449
b73 384 20 451 81
b74 67 357 109 395
b75 167 0 186 28
b76 138 238 160 271
b77 287 392 353 449
b78 230 34 266 66
b79 80 88 140 129
b80 120 325 178 341
b81 67 317 117 357
b82 117 341 174 388
b83 138 271 160 287
b84 379 379 446 401
b85 384 0 409 20
b86 307 106 344 162
b87 161 280 200 324
b88 244 106 268 143
b89 75 200 113 227
b90 199 403 238 436
b91 97 227 130 283
b92 19 33 45 49
b93 138 203 203 238
b94 140 68 199 109
b95 356 384 375 435
b96 352 155 392 221
b97 156 136 173 203
b98 330 162 352 224
b99 238 380 287 446
