255592.5
312305
198880
440 452
1.949694
b0 47 0 80 43
b1 39 91 104 128
b2 405 0 439 53
b3 101 180 138 247
b4 104 97 123 126
b5 0 282 39 331
b6 285 434 325 452
b7 124 0 146 40
b8 264 61 326 111
b9 97 247 138 263
b10 0 150 18 202
b11 220 209 279 248
b12 0 421 61 449
b13 47 43 104 91
b14 47 295 110 338
b15 115 295 167 354
b16 104 40 140 97
b17 0 207 66 251
b18 388 300 436 351
b19 66 205 97 255
b20 368 0 387 37
b21 338 343 388 407
b22 167 364 201 413
b23 115 354 164 374
b24 261 175 306 203
b25 326 69 380 108
b26 383 115 438 155
b27 0 396 65 421
b28 181 209 220 255
b29 285 309 309 371
b30 150 251 174 277
b31 319 268 353 294
b32 388 351 431 404
b33 236 102 258 137
b34 326 42 380 69
b35 0 251 38 282
b36 279 219 318 286
b37 318 208 338 268
b38 18 150 41 207
b39 81 128 136 180
b40 309 343 338 369
b41 353 237 380 292
b42 146 38 199 100
b43 203 0 264 46
b44 0 349 65 396
b45 80 0 124 23
b46 223 344 262 366
b47 350 172 383 237
b48 380 61 437 88
b49 65 385 112 450
b50 83 263 150 295
b51 146 0 203 38
b52 338 407 392 452
b53 388 279 431 300
b54 387 0 405 61
b55 203 156 259 190
b56 281 111 298 174
b57 0 331 47 349
b58 392 404 438 438
b59 383 221 420 271
b60 279 286 319 309
b61 203 102 236 125
b62 201 190 261 209
b63 173 413 218 449
b64 65 338 115 385
b65 203 46 260 102
b66 140 100 201 167
b67 167 320 207 364
b68 285 371 337 434
b69 383 88 437 115
b70 326 0 368 42
b71 259 111 281 175
b72 264 0 325 61
b73 306 111 373 172
b74 131 414 173 452
b75 112 414 131 442
b76 0 90 33 112
b77 383 155 440 221
b78 318 172 350 208
b79 140 167 181 227
b80 420 221 436 279
b81 115 374 165 414
b82 0 0 47 57
b83 207 320 223 342
b84 218 420 285 442
b85 81 180 101 205
b86 207 366 263 403
b87 39 255 83 294
b88 138 227 175 251
b89 0 112 27 150
b90 0 57 39 90
b91 223 289 279 322
b92 279 203 305 219
b93 174 255 209 320
b94 220 248 279 289
b95 203 137 254 156
b96 41 128 81 194
b97 218 403 285 420
b98 223 322 285 344
b99 319 294 385 343
