255072.25
308124.5
202020
455 444
2.474895
b0 117 131 160 164
b1 262 52 327 89
b2 287 391 340 425
b3 305 210 342 277
b4 61 184 80 213
b5 305 277 354 316
b6 134 366 174 384
b7 327 52 367 74
b8 108 164 158 226
b9 176 366 192 407
b10 313 316 331 368
b11 262 89 301 148
b12 233 39 261 100
b13 394 304 451 352
b14 331 316 394 359
b15 396 371 455 423
b16 47 250 83 307
b17 117 65 161 131
b18 367 40 415 91
b19 164 182 195 232
b20 327 33 364 52
b21 200 294 264 344
b22 81 71 115 120
b23 249 193 298 213
b24 64 43 109 71
b25 208 0 262 39
b26 390 0 445 40
b27 67 408 132 433
b28 200 219 239 265
b29 200 270 262 294
b30 263 391 287 417
b31 55 71 81 105
b32 64 0 117 43
b33 195 344 217 379
b34 80 316 134 343
b35 223 100 261 131
b36 415 40 454 107
b37 0 124 20 184
b38 210 39 233 96
b39 301 89 353 144
b40 385 91 414 117
b41 394 249 421 304
b42 0 379 62 432
b43 217 344 263 405
b44 0 250 47 315
b45 0 184 23 228
b46 16 85 55 107
b47 325 0 390 33
b48 81 159 108 216
b49 117 0 164 65
b50 83 226 150 258
b51 323 144 361 201
b52 342 204 396 249
b53 164 73 207 94
b54 367 91 385 152
b55 421 247 455 303
b56 239 213 302 230
b57 83 258 130 276
b58 164 39 210 73
b59 361 154 398 204
b60 57 307 80 347
b61 160 232 193 255
b62 254 425 314 444
b63 249 148 285 193
b64 263 344 313 391
b65 340 371 396 428
b66 67 347 134 408
b67 0 0 40 44
b68 262 0 325 52
b69 396 220 450 247
b70 134 384 176 426
b71 0 44 64 66
b72 20 123 81 184
b73 134 299 195 366
b74 285 148 323 190
b75 16 66 44 85
b76 200 197 233 219
b77 398 154 455 220
b78 164 150 200 182
b79 133 258 193 299
b80 0 66 16 124
b81 83 276 133 316
b82 0 315 57 362
b83 207 96 223 118
b84 0 228 67 250
b85 298 190 323 210
b86 385 117 441 154
b87 164 0 208 39
b88 40 0 64 37
b89 23 184 61 211
b90 81 120 114 159
b91 164 94 197 150
b92 16 107 42 123
b93 354 249 389 314
b94 264 270 305 329
b95 394 352 445 371
b96 239 230 305 270
b97 0 362 67 379
b98 192 405 254 427
b99 200 131 249 197
