383661.5
571123
196200
436 450
24.898802
b0 120 137 136 173
b1 77 370 116 389
b2 33 117 74 152
b3 417 366 435 413
b4 254 391 286 417
b5 43 28 78 59
b6 95 279 124 292
b7 143 197 171 218
b8 339 64 371 79
b9 185 140 219 186
b10 119 375 151 420
b11 336 432 372 446
b12 357 219 399 255
b13 0 255 48 300
b14 207 368 232 383
b15 357 174 403 219
b16 416 160 434 182
b17 0 424 33 450
b18 381 361 400 395
b19 120 43 150 55
b20 45 0 78 28
b21 261 229 305 268
b22 78 27 104 66
b23 37 385 77 410
b24 260 125 275 150
b25 255 0 291 36
b26 161 425 204 450
b27 288 126 322 141
b28 390 122 436 160
b29 270 36 282 73
b30 77 315 94 342
b31 417 413 433 450
b32 358 361 381 393
b33 77 279 95 315
b34 259 73 297 92
b35 185 76 218 91
b36 0 141 28 153
b37 120 116 136 137
b38 0 65 33 91
b39 403 226 433 268
b40 185 186 213 227
b41 222 295 238 311
b42 372 430 416 449
b43 151 12 185 52
b44 401 403 417 430
b45 48 218 62 255
b46 211 383 226 431
b47 339 0 362 14
b48 254 417 280 441
b49 393 48 433 79
b50 297 57 339 90
b51 95 292 122 340
b52 0 16 27 53
b53 416 348 433 366
b54 104 27 120 70
b55 306 232 352 245
b56 371 48 393 73
b57 0 153 48 172
b58 100 236 141 255
b59 344 104 390 150
b60 143 167 178 197
b61 222 0 255 34
b62 138 295 175 340
b63 33 59 48 94
b64 175 278 222 326
b65 150 243 180 276
b66 257 341 288 372
b67 79 161 116 205
b68 371 24 406 48
b69 291 431 329 450
b70 39 300 53 336
b71 77 389 119 423
b72 222 229 256 262
b73 367 299 405 317
b74 48 189 66 218
b75 305 245 332 268
b76 355 299 367 313
b77 291 13 307 37
b78 48 255 74 298
b79 222 73 259 92
b80 282 57 296 72
b81 288 183 320 203
b82 185 43 217 76
b83 175 326 194 363
b84 185 0 222 43
b85 222 36 270 73
b86 398 0 422 24
b87 269 150 288 195
b88 123 0 151 43
b89 27 300 39 335
b90 261 205 306 229
b91 405 268 433 312
b92 219 205 261 229
b93 0 381 21 424
b94 48 173 63 189
b95 144 97 180 122
b96 41 340 66 385
b97 69 423 97 448
b98 222 92 238 118
b99 297 90 334 110
b100 0 300 27 325
b101 307 14 355 54
b102 142 218 180 243
b103 328 325 360 357
b104 33 424 69 449
b105 100 205 142 236
b106 336 393 370 432
b107 0 0 45 16
b108 233 262 245 295
b109 245 304 257 326
b110 151 379 174 423
b111 122 319 135 337
b112 337 267 355 313
b113 0 227 43 255
b114 79 142 118 161
b115 136 122 173 152
b116 174 383 211 425
b117 94 255 131 279
b118 294 290 333 325
b119 120 55 144 91
b120 78 0 123 15
b121 48 66 93 98
b122 291 367 334 397
b123 194 326 207 361
b124 0 214 39 227
b125 326 110 344 138
b126 77 342 115 370
b127 306 203 330 225
b128 339 79 375 104
b129 364 317 410 361
b130 75 98 120 142
b131 261 268 297 288
b132 256 288 294 304
b133 185 126 197 140
b134 297 110 326 126
b135 136 152 173 167
b136 334 357 358 376
b137 97 423 115 445
b138 288 161 318 183
b139 370 395 401 428
b140 21 381 37 393
b141 319 141 344 175
b142 115 423 161 450
b143 357 255 403 299
b144 118 173 143 202
b145 291 397 336 431
b146 260 92 294 125
b147 333 313 364 325
b148 120 91 137 116
b149 238 92 260 114
b150 403 193 416 223
b151 122 292 138 319
b152 0 108 33 141
b153 355 24 367 64
b154 0 172 44 214
b155 221 262 233 275
b156 33 98 75 117
b157 78 15 120 27
b158 0 91 28 108
b159 362 0 398 24
b160 185 266 221 278
b161 131 255 150 286
b162 0 53 30 65
b163 222 159 269 205
b164 330 200 357 232
b165 222 118 255 159
b166 185 254 221 266
b167 21 410 68 424
b168 185 229 222 254
b169 226 384 254 430
b170 151 52 173 97
b171 185 91 219 126
b172 320 175 351 200
b173 53 298 75 340
b174 74 245 94 270
b175 151 0 185 12
b176 291 37 307 57
b177 48 152 79 173
b178 232 368 252 384
b179 0 336 41 381
b180 257 372 278 391
b181 401 361 416 403
b182 403 160 415 193
b183 27 16 43 53
b184 150 276 170 295
b185 416 182 429 226
b186 291 0 339 13
b187 332 245 356 267
b188 344 150 384 174
b189 288 141 319 161
b190 257 304 291 341
b191 291 325 328 367
b192 406 24 434 46
b193 207 326 250 368
b194 393 79 435 122
b195 410 312 435 348
b196 163 363 202 379
b197 116 340 163 375
b198 297 268 337 290
b199 66 205 100 245
