585020.5
860930
309111
551 561
584.587951
b0 531 0 546 27
b1 408 42 435 58
b2 449 152 471 178
b3 523 217 544 262
b4 450 19 495 59
b5 450 59 476 75
b6 276 307 303 345
b7 163 412 198 441
b8 359 0 380 36
b9 115 499 159 524
b10 62 48 77 79
b11 175 265 216 289
b12 330 462 349 479
b13 250 81 283 129
b14 342 256 363 300
b15 280 384 314 399
b16 0 339 45 381
b17 408 71 449 108
b18 93 103 137 146
b19 508 123 531 159
b20 408 190 425 203
b21 471 377 499 421
b22 159 137 194 166
b23 408 231 425 271
b24 256 384 280 402
b25 138 28 167 71
b26 54 278 81 296
b27 278 157 316 197
b28 168 0 180 24
b29 326 85 355 115
b30 235 240 255 268
b31 217 70 249 106
b32 47 533 66 555
b33 243 407 289 452
b34 423 115 452 127
b35 196 535 208 561
b36 380 0 407 30
b37 0 138 12 167
b38 33 381 54 400
b39 146 163 159 175
b40 446 0 493 19
b41 420 272 456 291
b42 236 494 282 519
b43 478 513 517 534
b44 54 296 81 320
b45 35 442 59 467
b46 35 186 54 199
b47 363 196 403 238
b48 209 0 243 28
b49 68 0 92 48
b50 141 295 160 309
b51 517 546 533 560
b52 437 235 455 272
b53 471 278 483 314
b54 435 371 465 405
b55 88 316 119 342
b56 168 28 214 59
b57 363 305 411 352
b58 251 152 276 177
b59 59 495 106 533
b60 0 294 16 333
b61 115 428 160 459
b62 198 450 234 496
b63 92 0 138 36
b64 235 124 250 157
b65 408 58 431 71
b66 497 425 542 467
b67 463 454 477 487
b68 256 519 301 547
b69 54 356 90 383
b70 214 34 259 50
b71 360 427 392 461
b72 355 85 370 117
b73 141 309 187 321
b74 219 190 262 224
b75 215 306 235 343
b76 13 255 49 294
b77 359 352 399 370
b78 390 519 432 535
b79 450 75 490 100
b80 183 441 198 477
b81 262 197 294 212
b82 287 38 311 77
b83 66 200 107 237
b84 493 312 531 346
b85 0 0 43 34
b86 495 60 539 99
b87 44 95 92 140
b88 163 368 192 412
b89 93 146 135 166
b90 307 483 331 529
b91 349 461 392 482
b92 198 403 243 450
b93 339 232 359 256
b94 43 24 62 55
b95 159 489 196 533
b96 92 36 138 69
b97 175 328 215 343
b98 395 435 430 448
b99 14 238 54 255
b100 326 40 370 85
b101 333 196 363 232
b102 115 459 151 499
b103 160 166 194 200
b104 289 399 303 441
b105 325 117 358 152
b106 396 238 408 271
b107 536 393 551 425
b108 0 100 37 138
b109 283 81 325 127
b110 347 522 389 561
b111 180 0 193 21
b112 516 159 546 184
b113 471 199 507 223
b114 76 237 120 271
b115 115 524 137 558
b116 0 429 19 457
b117 407 0 446 21
b118 107 190 145 234
b119 137 533 182 561
b120 359 391 395 427
b121 452 118 490 152
b122 262 212 282 255
b123 147 200 183 223
b124 436 340 471 371
b125 234 452 280 494
b126 389 535 401 557
b127 380 128 423 153
b128 304 262 332 306
b129 471 314 493 348
b130 401 535 431 561
b131 314 342 359 390
b132 197 496 236 514
b133 531 302 546 345
b134 243 0 290 34
b135 100 444 115 489
b136 160 477 197 489
b137 477 534 505 555
b138 262 262 304 290
b139 331 482 368 518
b140 311 38 323 81
b141 478 421 497 466
b142 192 228 219 265
b143 43 0 68 24
b144 282 247 322 262
b145 194 159 207 204
b146 0 381 33 429
b147 226 519 256 561
b148 393 271 413 289
b149 265 34 287 81
b150 429 461 460 484
b151 303 399 345 417
b152 193 0 209 19
b153 176 107 217 137
b154 264 290 286 307
b155 0 167 14 192
b156 137 135 153 163
b157 411 340 436 360
b158 429 448 452 461
b159 338 152 370 196
b160 219 240 235 267
b161 0 502 47 548
b162 463 100 494 118
b163 523 184 545 217
b164 289 447 330 483
b165 33 400 50 421
b166 54 320 88 356
b167 399 360 435 397
b168 59 444 100 468
b169 85 404 124 428
b170 16 294 45 339
b171 316 152 338 192
b172 219 177 246 190
b173 282 483 307 515
b174 219 224 262 240
b175 455 235 471 250
b176 399 397 432 435
b177 408 153 449 190
b178 208 535 225 554
b179 478 467 512 513
b180 42 55 61 95
b181 138 0 168 28
b182 81 271 105 316
b183 230 350 269 383
b184 301 531 347 556
b185 59 468 93 495
b186 432 405 463 438
b187 290 0 326 38
b188 433 487 470 527
b189 425 190 437 234
b190 392 461 429 488
b191 512 467 546 483
b192 517 498 546 546
b193 219 268 252 285
b194 408 203 421 231
b195 465 421 478 454
b196 235 309 276 350
b197 138 71 166 108
b198 495 41 543 60
b199 54 383 85 419
b200 0 34 37 77
b201 471 348 497 377
b202 294 197 333 231
b203 148 355 163 383
b204 437 194 470 235
b205 512 483 533 498
b206 0 457 35 499
b207 90 376 123 404
b208 163 441 183 468
b209 105 271 141 316
b210 54 419 78 432
b211 431 58 447 70
b212 342 300 363 342
b213 219 163 251 177
b214 175 228 192 255
b215 517 262 546 283
b216 471 152 490 194
b217 217 50 265 70
b218 508 199 523 242
b219 380 153 408 171
b220 303 417 340 447
b221 495 123 508 168
b222 90 342 115 376
b223 514 283 536 302
b224 14 186 35 231
b225 192 356 230 403
b226 219 124 235 163
b227 246 177 278 190
b228 33 421 53 442
b229 167 59 191 107
b230 14 156 47 186
b231 85 428 115 444
b232 0 77 42 100
b233 449 178 462 194
b234 217 106 250 124
b235 471 256 517 278
b236 137 108 176 135
b237 359 370 399 391
b238 187 289 214 328
b239 54 238 76 278
b240 241 290 264 309
b241 243 383 256 407
b242 368 482 390 522
b243 141 258 175 295
b244 392 448 429 461
b245 183 204 219 228
b246 251 129 295 152
b247 303 306 342 342
b248 390 488 433 519
b249 147 223 174 258
b250 483 278 514 312
b251 92 69 135 103
b252 380 171 408 190
b253 450 100 463 115
b254 147 175 160 199
b255 54 153 93 200
b256 0 192 13 213
b257 115 355 148 372
b258 119 321 163 355
b259 61 79 87 91
b260 330 450 349 462
b261 256 547 301 559
b262 66 533 114 560
b263 499 346 545 393
b264 432 527 477 550
b265 294 232 339 247
b266 420 292 465 340
b267 269 350 308 384
b268 194 137 219 159
b269 499 393 536 411
b270 345 427 360 450
b271 495 99 537 123
b272 35 467 59 502
b273 196 514 226 535
b274 363 238 396 259
b275 423 127 451 149
b276 531 123 545 154
b277 163 321 175 368
b278 456 250 469 292
b279 124 383 163 426
b280 494 168 516 199
b281 14 138 44 156
b282 363 259 393 303
b283 215 343 230 356
b284 295 127 316 157
b285 0 548 33 561
b286 495 0 531 41
b287 408 21 450 42
b288 380 30 408 66
b289 471 223 508 256
b290 393 289 420 305
b291 380 66 408 109
b292 107 166 146 190
b293 380 109 423 128
b294 215 289 241 306
b295 47 140 90 153
b296 120 234 147 250
b297 35 200 66 238
b298 326 0 359 40
b299 331 518 344 531
