2109175.75
3068466.5
1149885
303 3795
955.837468
b0 108 2313 135 2328
b1 46 2873 73 2889
b2 141 672 163 698
b3 50 3157 71 3202
b4 188 1119 228 1164
b5 175 1471 191 1497
b6 158 888 196 915
b7 179 389 214 418
b8 64 3534 85 3570
b9 218 437 262 462
b10 80 1445 95 1476
b11 34 2192 75 2216
b12 110 1681 127 1700
b13 33 2957 66 3005
b14 130 2893 174 2914
b15 138 1004 172 1019
b16 0 3753 45 3795
b17 262 213 303 250
b18 215 694 258 738
b19 110 1658 146 1681
b20 174 0 187 17
b21 80 852 108 896
b22 122 2864 157 2893
b23 156 655 196 672
b24 158 400 176 424
b25 102 1338 131 1381
b26 121 3053 148 3071
b27 94 3321 132 3361
b28 155 1658 179 1670
b29 118 2420 147 2450
b30 104 2685 124 2713
b31 112 1948 144 1984
b32 75 2076 94 2098
b33 172 1290 217 1336
b34 132 1869 161 1881
b35 146 795 158 821
b36 179 1901 206 1931
b37 121 1881 133 1910
b38 28 3351 49 3370
b39 33 2788 45 2801
b40 83 2793 102 2840
b41 236 194 272 213
b42 146 770 192 795
b43 37 3005 76 3026
b44 136 1245 163 1269
b45 191 276 215 301
b46 184 490 203 503
b47 192 848 234 888
b48 152 504 180 538
b49 37 3202 61 3250
b50 236 213 255 227
b51 148 2081 162 2097
b52 68 3603 105 3621
b53 62 2726 98 2738
b54 111 624 141 658
b55 38 3534 64 3565
b56 76 2906 122 2937
b57 215 646 262 694
b58 141 2737 166 2762
b59 207 131 254 169
b60 28 3518 67 3534
b61 148 2036 179 2081
b62 172 1039 218 1075
b63 49 3472 85 3518
b64 174 193 207 208
b65 185 301 198 324
b66 27 3708 69 3753
b67 45 2924 59 2957
b68 0 3017 28 3062
b69 119 2585 155 2612
b70 214 301 230 346
b71 157 208 191 240
b72 73 2379 105 2394
b73 78 1811 90 1857
b74 167 2914 210 2948
b75 132 399 152 436
b76 71 1624 110 1660
b77 73 2565 113 2583
b78 90 1839 132 1855
b79 146 958 186 983
b80 34 2162 70 2177
b81 108 2228 123 2260
b82 105 2713 144 2737
b83 23 3667 60 3708
b84 141 1549 175 1587
b85 78 1903 112 1946
b86 165 1857 204 1901
b87 207 83 252 131
b88 33 2231 62 2275
b89 71 1476 91 1518
b90 111 0 157 24
b91 93 2021 136 2042
b92 132 1780 177 1827
b93 198 563 218 587
b94 80 0 111 19
b95 34 1811 78 1848
b96 117 1747 163 1780
b97 33 2216 73 2231
b98 46 2889 59 2924
b99 89 2098 129 2115
b100 172 1245 216 1290
b101 89 2583 119 2619
b102 108 2192 148 2228
b103 59 2021 93 2055
b104 62 2664 104 2678
b105 141 698 176 731
b106 90 1855 102 1888
b107 113 3013 145 3028
b108 76 3013 113 3051
b109 79 3090 121 3136
b110 70 2150 109 2192
b111 104 2664 117 2685
b112 210 169 240 194
b113 174 169 210 193
b114 171 1075 205 1119
b115 203 0 237 22
b116 136 2394 164 2413
b117 91 1476 130 1497
b118 186 930 230 968
b119 111 770 139 815
b120 158 454 194 490
b121 118 2343 152 2381
b122 109 3211 152 3231
b123 64 3372 87 3408
b124 22 3605 53 3640
b125 71 1747 117 1789
b126 80 896 102 908
b127 34 1848 59 1891
b128 79 3183 123 3211
b129 0 0 34 22
b130 122 2793 152 2819
b131 80 1400 128 1445
b132 118 2381 136 2420
b133 123 830 138 873
b134 123 1182 157 1229
b135 111 609 156 624
b136 0 3005 37 3017
b137 118 1549 139 1577
b138 90 1811 132 1839
b139 61 3256 97 3293
b140 158 915 170 958
b141 64 2759 83 2804
b142 125 3071 152 3108
b143 157 349 181 374
b144 38 3565 53 3605
b145 79 3211 92 3256
b146 64 2840 112 2873
b147 64 3330 94 3372
b148 150 2413 168 2433
b149 156 633 203 655
b150 199 2159 222 2190
b151 132 1827 150 1869
b152 163 672 179 691
b153 71 1700 112 1730
b154 0 3062 22 3079
b155 37 3293 62 3307
b156 152 1229 180 1245
b157 172 324 192 349
b158 228 738 251 751
b159 141 1587 185 1619
b160 62 2583 89 2599
b161 79 3136 125 3183
b162 33 2738 64 2756
b163 138 1019 171 1041
b164 177 1670 213 1711
b165 111 24 132 41
b166 122 2823 156 2859
b167 108 1301 144 1338
b168 203 605 227 646
b169 123 2274 147 2313
b170 191 231 220 276
b171 91 1584 113 1624
b172 0 3708 27 3721
b173 170 2081 195 2113
b174 112 1700 155 1716
b175 157 240 172 256
b176 220 231 253 269
b177 78 1984 119 2021
b178 102 1381 119 1400
b179 34 0 80 34
b180 152 2354 171 2394
b181 134 1272 164 1300
b182 138 1119 183 1143
b183 149 1432 182 1471
b184 121 3028 167 3053
b185 224 40 251 74
b186 73 2873 104 2906
b187 192 810 228 848
b188 118 1497 155 1537
b189 118 1537 162 1549
b190 119 2612 156 2639
b191 187 0 203 34
b192 50 3109 79 3157
b193 176 437 209 454
b194 61 2123 89 2136
b195 174 110 207 123
b196 156 2823 197 2864
b197 105 2498 142 2526
b198 179 418 227 437
b199 157 1143 188 1179
b200 80 815 123 852
b201 108 1272 134 1301
b202 73 2526 107 2565
b203 94 3293 109 3321
b204 53 3570 94 3603
b205 108 2328 129 2343
b206 158 731 200 766
b207 94 3361 127 3389
b208 135 2313 162 2333
b209 73 2343 118 2379
b210 117 2652 130 2676
b211 89 2652 105 2664
b212 93 2971 114 3013
b213 152 490 184 504
b214 76 2937 93 2964
b215 146 983 175 1004
b216 37 3090 79 3109
b217 203 22 223 70
b218 78 1888 121 1903
b219 107 2526 135 2544
b220 64 3293 94 3330
b221 172 240 185 285
b222 175 538 209 563
b223 136 1984 158 2003
b224 97 2772 142 2793
b225 152 2762 199 2800
b226 64 3408 103 3424
b227 33 2756 46 2788
b228 28 3331 49 3351
b229 49 3424 73 3472
b230 89 2619 119 2652
b231 22 3534 38 3564
b232 152 2800 194 2823
b233 136 1229 152 1242
b234 198 587 231 605
b235 182 2113 204 2159
b236 91 1545 118 1584
b237 181 349 202 389
b238 34 2123 61 2162
b239 71 1789 111 1811
b240 0 3652 23 3671
b241 186 1711 199 1735
b242 237 0 259 40
b243 93 2937 130 2971
b244 187 70 224 83
b245 28 3307 64 3331
b246 192 766 215 810
b247 146 1619 182 1658
b248 132 538 175 569
b249 73 2216 108 2243
b250 110 1624 141 1658
b251 93 2042 136 2076
b252 130 1432 149 1460
b253 49 3331 64 3344
b254 157 374 181 387
b255 111 731 158 770
b256 158 387 179 400
b257 148 2003 165 2036
b258 97 2738 141 2772
b259 132 387 158 399
b260 22 3640 41 3652
b261 133 1881 145 1926
b262 91 1497 118 1545
b263 123 2228 170 2274
b264 191 208 236 231
b265 23 3652 68 3667
b266 105 2450 150 2498
b267 123 1143 157 1182
b268 59 2098 81 2123
b269 34 34 71 52
b270 123 815 146 830
b271 156 609 198 633
b272 172 1004 196 1039
b273 165 1827 186 1857
b274 64 2738 97 2759
b275 131 1338 153 1366
b276 61 2136 92 2150
b277 155 1471 167 1518
b278 196 888 209 930
b279 196 968 235 1011
b280 121 1926 152 1948
b281 272 76 302 94
b282 128 1381 172 1411
b283 37 3109 50 3124
b284 152 2333 182 2354
b285 130 1460 143 1493
b286 119 2544 155 2585
b287 130 1411 172 1432
b288 252 40 280 76
b289 0 22 33 59
b290 187 83 203 110
b291 108 1229 136 1272
b292 76 3051 100 3090
b293 155 2433 198 2452
b294 157 0 174 26
b295 62 2713 105 2726
b296 59 2055 75 2082
b297 112 1716 150 1747
b298 132 569 165 609
b299 216 1164 229 1177
