1214440.75
1747943.5
680938
262 2599
145.71801
b0 203 353 239 369
b1 0 2560 19 2599
b2 42 1779 83 1814
b3 133 1130 151 1177
b4 51 1496 77 1528
b5 102 687 137 718
b6 119 921 148 934
b7 43 2178 71 2199
b8 89 1270 121 1285
b9 184 319 230 353
b10 130 534 175 566
b11 28 1615 42 1651
b12 27 1573 63 1615
b13 47 1876 95 1921
b14 118 1130 133 1155
b15 39 1343 84 1389
b16 148 344 166 366
b17 0 2534 33 2560
b18 73 1989 107 2008
b19 137 687 167 699
b20 0 1615 28 1648
b21 39 1457 83 1496
b22 124 648 150 687
b23 133 934 173 959
b24 147 12 172 27
b25 88 1627 124 1663
b26 157 394 200 419
b27 109 906 143 921
b28 118 1177 164 1215
b29 27 1275 39 1312
b30 115 1743 132 1770
b31 172 174 209 190
b32 61 1135 84 1167
b33 113 1591 131 1627
b34 114 988 133 1026
b35 86 1115 101 1148
b36 0 1648 28 1660
b37 115 1722 131 1743
b38 85 769 118 795
b39 175 534 205 576
b40 172 133 200 174
b41 46 2077 62 2093
b42 71 2178 90 2222
b43 74 988 114 1022
b44 167 303 194 319
b45 75 1226 89 1263
b46 148 519 196 534
b47 130 753 153 767
b48 114 1026 138 1052
b49 75 1711 115 1742
b50 77 1496 110 1538
b51 47 883 74 931
b52 0 0 27 37
b53 84 795 101 813
b54 75 1210 118 1226
b55 126 1309 139 1355
b56 102 636 124 661
b57 167 255 186 303
b58 111 498 130 539
b59 46 2253 92 2299
b60 27 2474 57 2509
b61 118 1096 151 1130
b62 140 858 177 903
b63 111 601 126 636
b64 132 1722 179 1770
b65 84 1377 114 1410
b66 151 959 182 990
b67 81 2040 125 2077
b68 47 859 82 883
b69 148 255 167 293
b70 0 2364 36 2378
b71 84 1343 126 1377
b72 33 2534 67 2567
b73 114 410 132 448
b74 148 456 177 474
b75 28 2123 51 2150
b76 47 931 61 943
b77 130 566 154 582
b78 147 190 173 233
b79 143 419 162 456
b80 13 2378 27 2393
b81 186 226 218 246
b82 83 1779 115 1812
b83 75 1742 94 1779
b84 183 61 226 98
b85 27 1238 75 1275
b86 114 795 138 819
b87 111 582 156 601
b88 41 2034 69 2077
b89 183 98 195 133
b90 102 1285 147 1309
b91 177 419 221 447
b92 95 1909 137 1933
b93 42 1843 85 1864
b94 81 2330 96 2346
b95 148 319 184 344
b96 148 474 173 519
b97 47 1210 72 1238
b98 36 2398 52 2424
b99 27 1553 64 1573
b100 82 886 109 911
b101 75 1663 115 1711
b102 132 820 157 858
b103 93 2008 125 2040
b104 126 1355 162 1380
b105 68 2299 110 2330
b106 52 2399 86 2438
b107 85 753 130 769
b108 114 0 147 12
b109 177 447 189 469
b110 166 604 210 627
b111 114 819 132 832
b112 28 2077 46 2123
b113 114 366 157 394
b114 74 1096 113 1115
b115 157 1380 194 1410
b116 111 456 148 498
b117 115 1685 139 1722
b118 95 1874 134 1909
b119 173 190 197 226
b120 64 1553 79 1598
b121 41 1989 73 2034
b122 92 2077 135 2107
b123 28 1897 41 1932
b124 0 2378 13 2417
b125 28 2253 46 2281
b126 43 2150 81 2178
b127 138 798 162 820
b128 195 0 231 25
b129 69 813 113 859
b130 134 1770 178 1815
b131 200 98 236 118
b132 221 369 259 385
b133 75 1331 89 1343
b134 114 394 143 410
b135 28 2150 43 2187
b136 101 1572 125 1591
b137 151 990 173 1008
b138 147 233 177 255
b139 43 2222 76 2253
b140 81 2008 93 2024
b141 101 1538 126 1572
b142 75 1285 102 1331
b143 111 1226 157 1270
b144 88 1591 113 1620
b145 36 2364 81 2398
b146 69 78 102 112
b147 83 1812 95 1843
b148 51 1528 68 1553
b149 89 1226 111 1248
b150 88 1538 101 1568
b151 69 112 85 139
b152 159 699 192 732
b153 28 2335 68 2347
b154 104 1052 146 1096
b155 183 0 195 13
b156 39 1389 58 1431
b157 124 636 166 648
b158 28 2347 56 2364
b159 36 2438 60 2474
b160 46 2299 58 2335
b161 85 1843 104 1874
b162 74 1022 104 1034
b163 58 1410 104 1457
b164 82 859 114 886
b165 82 955 123 988
b166 147 0 183 12
b167 173 474 220 488
b168 13 2509 50 2534
b169 157 366 203 394
b170 96 2330 118 2375
b171 182 732 217 766
b172 231 0 262 25
b173 115 1663 157 1685
b174 61 1115 86 1135
b175 42 1864 76 1876
b176 27 43 47 59
b177 138 767 159 798
b178 226 25 246 41
b179 69 0 114 41
b180 28 1876 47 1897
b181 69 139 84 181
b182 42 1615 75 1627
b183 47 1921 84 1937
b184 114 858 134 877
b185 75 1598 88 1642
b186 47 943 60 991
b187 81 2375 103 2399
b188 27 1496 51 1536
b189 109 886 140 906
b190 82 921 119 955
b191 69 41 111 78
b192 156 576 178 604
b193 60 1167 102 1210
b194 27 0 69 43
b195 195 25 220 61
b196 47 1973 86 1989
b197 102 718 149 753
b198 84 1933 106 1973
b199 114 255 148 295
