378812
561424
196200
436 450
24.401712
b0 304 411 320 447
b1 0 348 19 387
b2 352 0 393 35
b3 97 257 144 275
b4 366 87 392 119
b5 91 57 126 88
b6 345 164 374 177
b7 145 389 173 410
b8 383 274 415 289
b9 145 226 179 272
b10 345 119 377 164
b11 145 291 159 327
b12 179 174 215 216
b13 391 402 436 450
b14 132 197 157 212
b15 381 133 427 178
b16 83 342 105 360
b17 269 122 302 148
b18 302 362 321 396
b19 333 140 345 170
b20 255 0 283 33
b21 103 213 142 257
b22 232 45 258 84
b23 22 164 47 204
b24 90 317 105 342
b25 258 310 294 346
b26 347 210 390 235
b27 47 260 81 275
b28 345 405 391 443
b29 321 140 333 177
b30 352 352 379 369
b31 105 330 121 367
b32 294 294 326 317
b33 285 238 303 274
b34 269 103 307 122
b35 390 228 423 243
b36 187 318 215 330
b37 25 143 41 164
b38 223 366 256 392
b39 86 0 128 30
b40 215 338 256 366
b41 81 256 97 272
b42 383 289 427 308
b43 128 18 162 58
b44 336 352 352 379
b45 334 0 348 37
b46 0 0 15 48
b47 164 318 187 332
b48 38 417 62 443
b49 389 243 429 274
b50 41 341 83 374
b51 173 395 221 422
b52 91 30 128 57
b53 330 205 347 223
b54 89 197 132 213
b55 287 349 333 362
b56 68 316 90 341
b57 145 327 164 375
b58 352 35 393 54
b59 15 0 61 46
b60 145 109 175 144
b61 129 144 162 178
b62 259 66 304 103
b63 287 362 302 397
b64 304 37 352 84
b65 179 144 212 174
b66 256 346 287 377
b67 0 204 44 241
b68 338 317 362 352
b69 345 291 383 310
b70 0 387 14 423
b71 47 148 89 182
b72 352 54 386 87
b73 128 58 166 76
b74 390 178 419 196
b75 119 370 142 397
b76 128 109 140 123
b77 75 45 91 69
b78 391 376 434 402
b79 19 370 38 407
b80 0 423 15 437
b81 41 397 73 417
b82 91 88 124 120
b83 267 430 304 449
b84 307 84 344 127
b85 392 85 429 133
b86 261 252 285 276
b87 326 272 345 317
b88 215 310 258 338
b89 164 332 199 344
b90 187 0 211 45
b91 40 278 68 322
b92 305 223 347 247
b93 15 407 36 450
b94 216 74 232 89
b95 223 392 248 428
b96 61 0 86 45
b97 198 367 223 395
b98 257 226 273 252
b99 285 274 322 294
b100 257 201 284 226
b101 0 278 40 326
b102 345 266 383 291
b103 294 317 326 349
b104 303 247 339 272
b105 347 235 389 266
b106 295 0 334 34
b107 0 127 45 143
b108 290 397 302 430
b109 97 392 119 404
b110 41 374 85 397
b111 73 433 91 446
b112 221 428 267 446
b113 81 120 124 148
b114 128 76 167 95
b115 284 148 321 178
b116 0 241 42 278
b117 159 294 196 318
b118 179 228 214 267
b119 352 369 376 405
b120 197 267 212 312
b121 258 34 303 66
b122 216 89 259 119
b123 105 317 140 330
b124 302 127 341 140
b125 40 322 68 340
b126 215 174 253 202
b127 261 276 283 300
b128 179 104 215 129
b129 284 178 330 222
b130 211 0 255 45
b131 362 310 382 346
b132 390 196 428 212
b133 89 213 103 225
b134 216 45 232 74
b135 321 362 336 399
b136 145 272 169 291
b137 140 0 162 18
b138 212 144 234 174
b139 253 152 284 185
b140 128 0 140 16
b141 320 412 345 446
b142 171 422 217 449
b143 382 310 428 354
b144 142 410 171 435
b145 164 344 198 389
b146 347 177 381 210
b147 302 399 333 411
b148 0 143 25 160
b149 19 348 41 370
b150 393 60 423 73
b151 257 185 284 201
b152 393 27 426 60
b153 162 144 174 184
b154 101 275 145 317
b155 333 399 345 412
b156 62 93 81 135
b157 179 132 221 144
b158 330 177 347 205
b159 73 397 97 433
b160 386 73 422 85
b161 234 132 253 163
b162 326 317 338 347
b163 15 46 62 92
b164 393 0 425 27
b165 68 275 101 316
b166 179 216 215 228
b167 128 95 175 109
b168 179 45 216 70
b169 215 282 261 310
b170 382 354 427 376
b171 47 225 81 260
b172 85 367 116 392
b173 248 402 290 424
b174 256 377 276 402
b175 283 0 295 34
b176 285 222 305 238
b177 345 87 366 118
b178 253 132 269 152
b179 97 404 138 449
b180 124 123 145 142
b181 157 184 172 226
b182 138 435 171 447
b183 199 330 215 367
b184 129 178 149 197
b185 215 119 259 132
b186 62 45 75 93
b187 0 160 22 184
b188 121 330 145 370
b189 81 225 101 256
b190 179 70 216 104
b191 215 202 257 239
b192 169 272 197 294
b193 215 239 257 282
b194 47 182 89 225
b195 162 0 187 36
b196 390 212 429 228
b197 15 92 62 127
b198 0 326 40 348
b199 89 148 129 182
