520147.578125
867653.5
288477
399 723
40.101927
b0 327 296 342 323
b1 196 512 212 539
b2 283 15 305 41
b3 199 641 220 686
b4 151 0 196 40
b5 0 696 16 722
b6 19 695 57 722
b7 362 34 397 63
b8 48 72 84 93
b9 236 230 280 255
b10 35 197 66 212
b11 120 363 161 387
b12 42 288 59 307
b13 146 222 194 255
b14 286 378 330 399
b15 123 109 157 124
b16 47 395 89 440
b17 0 598 41 635
b18 120 319 163 363
b19 331 70 367 93
b20 129 242 146 255
b21 371 164 399 208
b22 309 447 338 482
b23 198 135 238 152
b24 47 493 71 511
b25 253 636 282 679
b26 366 667 393 685
b27 276 482 316 520
b28 0 88 12 112
b29 327 181 356 211
b30 241 436 261 464
b31 95 254 127 290
b32 84 151 103 173
b33 257 556 303 601
b34 100 242 129 254
b35 12 118 38 130
b36 367 296 397 323
b37 311 344 323 373
b38 132 56 153 75
b39 209 334 221 347
b40 210 550 257 569
b41 238 569 257 605
b42 163 296 209 321
b43 273 49 294 88
b44 74 173 101 197
b45 92 413 117 437
b46 0 683 19 696
b47 325 625 367 665
b48 175 74 209 102
b49 282 640 306 688
b50 139 202 153 221
b51 141 635 157 649
b52 294 71 331 89
b53 0 210 12 246
b54 163 359 197 389
b55 112 500 138 531
b56 298 132 329 178
b57 280 201 327 249
b58 59 288 84 313
b59 53 212 100 250
b60 112 531 151 547
b61 354 503 399 534
b62 0 274 36 320
b63 196 466 232 512
b64 66 197 99 212
b65 182 492 195 515
b66 327 251 369 296
b67 151 533 165 566
b68 367 622 395 667
b69 84 290 120 317
b70 0 449 45 465
b71 367 63 399 97
b72 48 33 80 48
b73 0 164 12 210
b74 248 255 282 298
b75 240 148 260 185
b76 322 34 361 70
b77 260 177 278 217
b78 257 514 273 556
b79 261 335 286 375
b80 153 447 189 462
b81 238 49 270 64
b82 224 257 248 296
b83 12 212 53 249
b84 115 559 149 597
b85 278 89 312 132
b86 180 257 224 296
b87 261 436 309 481
b88 303 549 347 578
b89 324 665 366 685
b90 88 513 112 559
b91 139 494 182 515
b92 65 604 112 649
b93 41 623 65 643
b94 165 580 196 599
b95 329 124 366 168
b96 0 465 46 498
b97 282 688 322 703
b98 356 211 391 224
b99 42 307 59 347
b100 112 656 156 701
b101 273 520 303 556
b102 0 498 40 534
b103 362 0 396 34
b104 53 250 95 264
b105 12 36 47 69
b106 0 112 12 145
b107 283 0 315 15
b108 200 0 238 37
b109 240 375 286 417
b110 157 641 199 680
b111 12 176 33 189
b112 12 249 42 274
b113 48 48 84 72
b114 286 399 330 433
b115 120 387 154 409
b116 132 0 151 28
b117 100 197 139 218
b118 235 684 279 722
b119 197 389 225 434
b120 12 0 48 36
b121 165 173 203 207
b122 282 703 325 723
b123 215 569 238 605
b124 272 601 303 636
b125 350 395 396 437
b126 41 656 63 668
b127 154 389 197 414
b128 366 550 394 594
b129 163 337 197 359
b130 369 224 399 250
b131 282 249 327 297
b132 159 599 177 638
b133 356 168 371 211
b134 315 0 362 34
b135 283 132 298 177
b136 112 547 149 559
b137 157 109 178 137
b138 92 354 120 396
b139 48 93 84 130
b140 0 0 12 43
b141 226 417 271 436
b142 37 170 74 197
b143 206 198 231 222
b144 38 130 53 170
b145 238 0 283 13
b146 220 636 253 684
b147 0 534 42 564
b148 381 437 399 457
b149 153 52 200 74
b150 216 605 239 636
b151 306 640 324 682
b152 303 591 322 607
b153 153 462 194 492
b154 67 524 84 546
b155 153 207 178 221
b156 132 28 148 56
b157 349 224 369 249
b158 153 414 166 437
b159 366 120 398 164
b160 303 522 319 549
b161 0 357 47 403
b162 53 130 84 148
b163 303 607 325 640
b164 157 137 198 173
b165 163 270 180 291
b166 365 685 399 721
b167 254 298 290 335
b168 186 539 210 580
b169 100 218 139 242
b170 47 366 92 395
b171 327 211 349 251
b172 329 168 356 181
b173 203 173 235 198
b174 354 534 397 550
b175 351 380 367 395
b176 0 635 38 668
b177 0 320 41 357
b178 335 503 354 520
b179 209 68 255 102
b180 316 482 335 522
b181 294 41 322 71
b182 236 185 260 230
b183 48 0 87 33
b184 12 130 37 176
b185 23 668 57 695
b186 239 605 272 636
b187 238 13 276 49
b188 325 685 365 722
b189 131 75 175 87
b190 112 463 139 500
b191 197 347 213 381
b192 367 342 396 390
b193 97 128 130 145
b194 290 331 318 344
b195 303 578 336 591
b196 71 459 112 500
b197 323 335 351 372
b198 71 440 119 459
b199 119 409 150 445
b200 77 317 120 354
b201 139 173 165 202
b202 196 686 235 720
b203 178 207 206 222
b204 325 592 366 625
b205 73 500 88 521
b206 194 222 236 257
b207 366 594 399 622
b208 130 124 157 144
b209 209 298 254 334
b210 88 500 112 513
b211 139 515 155 527
b212 165 533 186 575
b213 226 375 240 407
b214 92 396 119 413
b215 112 635 141 656
b216 347 550 366 592
b217 330 372 350 420
b218 129 255 172 270
b219 255 64 273 92
b220 369 250 399 287
b221 0 564 45 577
b222 286 344 311 378
b223 196 580 215 602
b224 0 577 45 598
b225 112 597 159 635
b226 163 321 202 337
b227 238 135 270 148
b228 57 701 78 721
b229 64 580 112 604
b230 166 414 196 447
b231 149 566 165 596
b232 255 92 278 134
b233 59 350 72 366
b234 155 515 188 533
b235 101 82 123 128
b236 103 145 142 172
b237 47 440 68 480
b238 372 464 399 503
b239 239 335 261 375
b240 12 189 35 208
b241 41 643 65 656
b242 131 87 171 109
b243 290 297 327 331
b244 226 334 239 371
b245 103 172 139 196
b246 355 97 399 120
b247 177 605 216 641
b248 312 93 355 124
b249 346 437 381 464
b250 78 688 112 719
b251 45 546 88 580
b252 367 323 395 342
b253 260 217 275 230
b254 47 480 71 493
b255 65 649 112 688
b256 309 433 330 446
b257 259 481 276 514
b258 87 48 131 82
b259 0 246 12 272
b260 0 145 12 164
b261 0 43 12 88
b262 232 466 259 514
b263 0 403 47 449
b264 282 178 327 201
b265 351 335 366 380
b266 87 0 132 48
b267 338 464 372 503
b268 42 524 67 546
b269 59 313 77 350
b270 0 668 23 683
b271 53 264 95 288
b272 319 522 354 546
b273 53 148 83 169
b274 12 97 45 118
b275 260 149 282 177
b276 139 463 153 494
b277 153 40 200 52
b278 213 347 226 389
b279 157 680 196 723
b280 112 701 143 723
b281 119 445 149 463
b282 197 436 241 466
b283 270 134 283 149
b284 127 270 157 291
b285 40 511 73 524
b286 212 514 253 550
b287 198 152 240 173
b288 12 69 48 97
b289 218 102 255 135
b290 88 559 115 575
b291 120 291 163 319
b292 342 296 366 335
b293 45 580 64 623
b294 84 82 101 108
b295 84 108 97 151
b296 330 420 346 447
b297 200 37 238 68
b298 178 102 218 135
b299 63 688 76 701
