537834.453125
841138
289677
433 669
41.611479
b0 132 257 159 272
b1 114 600 141 616
b2 410 501 432 527
b3 388 283 433 304
b4 218 536 263 576
b5 393 0 409 26
b6 91 328 129 355
b7 243 0 278 29
b8 177 268 198 304
b9 205 325 230 369
b10 177 237 192 268
b11 388 304 429 328
b12 262 388 279 407
b13 171 631 219 664
b14 233 63 254 107
b15 129 305 163 320
b16 388 345 433 387
b17 326 377 367 414
b18 315 0 358 44
b19 0 544 36 567
b20 303 347 316 364
b21 293 533 337 561
b22 358 0 393 29
b23 0 567 17 607
b24 296 66 314 90
b25 28 272 71 301
b26 106 111 124 138
b27 295 631 335 669
b28 370 593 382 617
b29 170 191 199 221
b30 356 222 384 242
b31 334 593 370 625
b32 246 279 268 298
b33 388 237 433 283
b34 189 474 218 486
b35 211 42 237 54
b36 0 638 30 665
b37 187 591 216 603
b38 223 620 242 641
b39 76 279 89 291
b40 261 186 308 205
b41 116 437 135 473
b42 263 161 309 186
b43 166 336 187 375
b44 72 408 96 435
b45 89 537 113 562
b46 303 396 322 409
b47 356 626 396 668
b48 374 439 408 467
b49 198 279 246 303
b50 412 220 431 234
b51 185 221 199 237
b52 226 131 263 149
b53 0 482 36 494
b54 307 262 341 292
b55 314 84 340 115
b56 12 154 43 200
b57 308 214 355 262
b58 278 330 303 355
b59 17 568 64 606
b60 226 408 242 447
b61 0 607 45 638
b62 154 500 200 536
b63 180 110 226 146
b64 187 603 220 618
b65 163 265 176 288
b66 29 301 71 346
b67 190 376 204 409
b68 154 536 182 581
b69 232 303 268 330
b70 132 289 177 305
b71 242 29 274 63
b72 374 510 406 525
b73 0 73 12 119
b74 200 502 243 536
b75 71 305 91 342
b76 182 536 218 575
b77 130 192 170 210
b78 356 83 372 125
b79 408 461 433 501
b80 187 576 223 591
b81 91 111 106 143
b82 187 412 226 436
b83 274 588 315 625
b84 338 486 372 524
b85 374 467 408 510
b86 72 437 116 476
b87 132 85 177 133
b88 0 308 29 352
b89 149 0 169 42
b90 282 247 306 293
b91 335 625 356 668
b92 46 159 91 206
b93 213 81 233 105
b94 211 23 242 42
b95 278 0 315 44
b96 342 343 388 376
b97 190 336 205 376
b98 76 244 89 279
b99 132 0 149 40
b100 338 548 382 593
b101 205 372 235 408
b102 0 442 36 482
b103 12 200 46 234
b104 138 616 180 630
b105 36 390 71 423
b106 0 352 33 364
b107 393 61 425 76
b108 46 121 83 159
b109 230 330 276 372
b110 129 630 171 669
b111 71 292 92 305
b112 12 80 42 105
b113 226 149 262 173
b114 344 275 388 309
b115 198 303 232 325
b116 356 203 384 222
b117 72 476 111 497
b118 46 206 90 244
b119 198 250 243 278
b120 36 423 72 459
b121 189 436 223 474
b122 91 213 134 233
b123 353 525 389 548
b124 163 305 198 336
b125 261 205 307 247
b126 49 375 71 387
b127 96 412 139 437
b128 293 483 321 527
b129 12 132 46 154
b130 372 105 402 131
b131 46 36 91 84
b132 91 93 130 111
b133 243 620 258 663
b134 356 169 403 203
b135 36 360 81 375
b136 129 336 166 348
b137 384 203 412 224
b138 90 233 132 261
b139 224 173 261 209
b140 177 67 220 79
b141 280 409 325 428
b142 263 551 290 588
b143 219 641 243 666
b144 309 163 349 178
b145 340 44 353 89
b146 367 391 400 439
b147 254 66 296 96
b148 191 44 211 62
b149 279 355 301 402
b150 132 234 163 257
b151 65 497 107 515
b152 403 76 419 95
b153 91 0 132 30
b154 321 511 338 533
b155 189 486 214 500
b156 0 515 28 531
b157 72 388 97 408
b158 419 76 432 99
b159 58 637 102 669
b160 28 105 44 132
b161 243 441 289 488
b162 0 364 18 395
b163 305 456 338 478
b164 0 401 36 442
b165 121 577 138 598
b166 78 600 114 634
b167 92 292 129 328
b168 46 97 87 121
b169 199 226 238 250
b170 36 487 65 532
b171 315 44 337 84
b172 220 54 233 81
b173 97 375 122 407
b174 235 372 278 388
b175 261 247 276 263
b176 242 408 280 441
b177 268 293 309 330
b178 243 242 260 261
b179 141 581 187 615
b180 223 447 242 487
b181 30 638 58 668
b182 309 139 354 163
b183 393 28 432 61
b184 408 415 433 461
b185 399 600 433 627
b186 45 606 78 637
b187 353 45 389 83
b188 130 152 167 192
b189 0 532 44 544
b190 403 99 430 136
b191 358 29 392 45
b192 382 571 430 600
b193 321 478 338 511
b194 384 224 412 237
b195 129 320 162 333
b196 91 52 132 93
b197 289 428 326 456
b198 132 133 180 152
b199 177 79 213 110
b200 258 625 295 668
b201 194 146 223 172
b202 136 457 170 496
b203 214 487 242 502
b204 326 414 367 447
b205 367 376 388 391
b206 309 292 344 334
b207 400 387 433 415
b208 235 388 262 408
b209 46 0 91 36
b210 114 616 138 629
b211 169 221 185 233
b212 396 627 417 669
b213 33 346 65 360
b214 132 272 159 289
b215 169 0 198 21
b216 170 457 189 499
b217 81 355 129 375
b218 265 96 280 139
b219 149 67 177 85
b220 129 348 166 378
b221 46 84 91 97
b222 199 172 224 206
b223 303 377 325 396
b224 68 566 113 587
b225 356 131 403 169
b226 243 263 282 279
b227 417 627 430 659
b228 199 206 220 226
b229 0 260 24 308
b230 357 242 387 275
b231 263 535 293 551
b232 149 44 191 67
b233 12 247 28 260
b234 238 209 256 242
b235 263 139 309 161
b236 91 143 130 170
b237 412 180 433 220
b238 167 152 194 191
b239 274 44 314 66
b240 389 525 408 548
b241 318 334 342 347
b242 91 30 131 52
b243 122 378 159 412
b244 223 607 260 620
b245 44 532 68 568
b246 410 527 433 571
b247 338 447 374 486
b248 89 261 132 292
b249 102 634 129 669
b250 159 378 190 412
b251 12 0 46 43
b252 382 548 410 567
b253 36 375 49 390
b254 71 375 95 388
b255 107 498 154 537
b256 12 234 33 247
b257 388 328 421 345
b258 344 309 388 343
b259 0 0 12 26
b260 64 587 76 606
b261 0 119 12 164
b262 290 561 338 588
b263 243 488 289 535
b264 198 0 243 23
b265 132 40 147 85
b266 139 412 187 457
b267 280 96 314 135
b268 111 476 136 498
b269 18 364 36 401
b270 338 524 353 547
b271 314 115 356 139
b272 134 210 169 234
b273 68 515 98 536
b274 0 494 33 515
b275 409 0 431 28
b276 163 234 177 265
b277 0 26 12 73
b278 180 618 222 631
b279 91 170 130 213
b280 372 83 403 105
b281 318 347 336 377
b282 403 136 433 180
b283 303 334 318 347
b284 68 536 89 566
b285 261 588 274 621
b286 309 178 350 214
b287 169 23 211 44
b288 36 459 72 487
b289 12 43 45 80
b290 289 456 305 483
b291 33 244 76 272
b292 226 107 265 131
b293 315 588 334 631
b294 382 600 399 626
b295 78 587 121 600
b296 12 105 28 132
b297 223 576 261 607
b298 121 537 154 577
b299 344 262 357 275
