525393.78125
879834.5
289100
413 700
30.143184
b0 218 71 233 98
b1 63 76 79 103
b2 134 392 156 418
b3 79 62 124 83
b4 103 256 148 296
b5 93 531 109 557
b6 296 226 334 253
b7 298 173 333 202
b8 0 286 21 322
b9 244 483 288 508
b10 235 229 266 244
b11 275 307 316 331
b12 13 421 32 438
b13 0 667 48 700
b14 173 602 217 623
b15 315 486 330 520
b16 215 172 257 217
b17 167 207 208 244
b18 321 332 365 375
b19 79 21 115 44
b20 316 316 333 329
b21 129 597 173 625
b22 88 472 117 507
b23 63 225 80 265
b24 298 202 316 226
b25 219 670 262 699
b26 235 415 262 433
b27 211 98 251 136
b28 301 394 325 406
b29 238 0 267 30
b30 393 110 413 138
b31 25 261 57 297
b32 148 204 167 226
b33 158 457 204 502
b34 269 174 298 186
b35 121 531 147 543
b36 126 418 153 448
b37 321 304 350 316
b38 80 267 101 286
b39 164 30 177 42
b40 239 575 258 622
b41 210 136 229 172
b42 88 648 134 673
b43 268 367 289 406
b44 0 151 27 175
b45 124 543 149 567
b46 0 378 13 397
b47 48 632 88 674
b48 103 360 137 388
b49 308 0 356 24
b50 93 575 112 589
b51 0 322 16 336
b52 121 481 158 499
b53 369 202 405 214
b54 103 296 137 326
b55 13 395 44 421
b56 126 173 172 204
b57 171 652 218 700
b58 63 480 88 505
b59 25 34 63 81
b60 82 456 121 472
b61 283 65 328 96
b62 237 331 283 367
b63 330 572 376 608
b64 335 238 368 253
b65 349 474 372 487
b66 330 503 372 548
b67 298 29 312 62
b68 63 155 108 183
b69 368 374 395 410
b70 238 80 283 96
b71 236 367 268 401
b72 289 361 321 376
b73 321 253 367 265
b74 172 173 215 207
b75 121 461 158 481
b76 291 593 330 629
b77 62 507 102 525
b78 63 34 79 76
b79 22 540 62 565
b80 283 29 298 65
b81 333 317 365 332
b82 269 135 293 174
b83 369 150 410 187
b84 25 0 63 34
b85 376 610 410 653
b86 285 96 329 135
b87 148 244 196 289
b88 194 0 238 29
b89 218 29 238 71
b90 102 507 148 531
b91 79 0 122 21
b92 189 350 236 395
b93 78 674 98 698
b94 381 681 412 700
b95 242 508 286 545
b96 365 296 411 329
b97 182 502 197 542
b98 233 282 268 295
b99 109 183 126 223
b100 365 329 409 374
b101 46 422 82 452
b102 229 136 269 172
b103 251 96 285 130
b104 189 442 231 456
b105 341 62 376 95
b106 258 635 291 647
b107 267 0 282 32
b108 376 50 413 88
b109 63 183 109 225
b110 172 82 211 124
b111 170 60 183 81
b112 48 674 78 699
b113 169 124 205 148
b114 82 422 126 456
b115 183 60 217 82
b116 288 679 316 698
b117 0 130 39 151
b118 369 214 413 252
b119 37 452 82 480
b120 173 566 209 602
b121 21 565 59 599
b122 329 443 349 486
b123 39 504 62 540
b124 322 408 353 443
b125 55 380 101 422
b126 122 0 134 22
b127 167 148 210 173
b128 286 520 330 548
b129 0 46 22 80
b130 124 567 150 597
b131 238 32 283 80
b132 262 415 301 433
b133 369 252 412 267
b134 122 102 169 136
b135 0 336 45 351
b136 235 217 272 229
b137 0 487 21 515
b138 161 354 189 396
b139 291 629 328 665
b140 359 19 371 62
b141 244 464 289 483
b142 204 475 241 502
b143 38 480 63 504
b144 378 110 393 150
b145 0 397 13 442
b146 48 599 96 632
b147 175 289 205 331
b148 219 603 239 621
b149 78 313 100 360
b150 124 54 155 77
b151 395 374 413 416
b152 134 0 150 19
b153 177 30 218 60
b154 149 541 171 558
b155 291 665 316 679
b156 349 458 377 474
b157 78 360 103 380
b158 175 331 188 354
b159 333 109 365 153
b160 106 111 122 138
b161 330 608 376 655
b162 244 433 262 464
b163 264 647 286 680
b164 0 216 41 252
b165 57 359 78 376
b166 101 326 137 360
b167 134 625 171 661
b168 330 548 371 572
b169 242 545 281 569
b170 365 267 410 296
b171 22 194 62 216
b172 79 111 106 124
b173 28 81 60 106
b174 330 487 373 503
b175 22 487 38 502
b176 373 474 411 507
b177 284 266 321 307
b178 126 204 143 223
b179 238 248 284 282
b180 204 456 244 475
b181 0 81 28 111
b182 137 347 161 392
b183 329 375 368 408
b184 0 0 25 46
b185 288 486 315 520
b186 258 604 291 635
b187 237 295 275 331
b188 376 570 413 610
b189 109 531 121 575
b190 0 460 37 487
b191 63 0 79 34
b192 0 599 48 628
b193 22 504 39 537
b194 222 575 235 603
b195 349 445 382 458
b196 372 507 413 548
b197 205 273 233 310
b198 189 331 237 350
b199 21 297 57 328
b200 124 136 167 173
b201 282 0 308 29
b202 148 502 182 541
b203 155 54 170 82
b204 333 153 366 194
b205 360 681 381 696
b206 353 410 395 445
b207 262 433 295 461
b208 269 186 296 206
b209 197 502 242 538
b210 264 680 288 693
b211 93 557 105 573
b212 196 252 238 273
b213 235 401 267 415
b214 148 289 175 306
b215 382 445 403 474
b216 0 111 42 130
b217 124 82 172 102
b218 369 187 412 202
b219 301 376 329 394
b220 283 331 320 361
b221 103 225 148 238
b222 0 252 25 286
b223 356 0 378 19
b224 41 216 62 261
b225 312 24 359 62
b226 293 157 332 173
b227 62 265 75 297
b228 57 297 78 317
b229 116 30 164 54
b230 101 388 134 418
b231 76 124 92 154
b232 80 225 103 267
b233 148 226 161 242
b234 0 442 33 460
b235 330 655 376 677
b236 98 673 137 700
b237 0 543 21 583
b238 16 351 55 378
b239 0 175 22 215
b240 316 202 335 225
b241 209 575 222 599
b242 293 135 333 157
b243 378 0 412 37
b244 371 37 408 50
b245 173 542 209 566
b246 316 677 360 700
b247 153 418 189 457
b248 27 151 58 194
b249 208 217 235 252
b250 59 565 93 596
b251 295 443 329 486
b252 96 589 124 608
b253 133 238 146 253
b254 33 421 46 445
b255 0 628 47 667
b256 296 253 317 266
b257 13 378 46 395
b258 335 194 369 238
b259 289 376 301 402
b260 393 138 412 150
b261 257 172 269 217
b262 171 625 219 652
b263 189 395 235 442
b264 219 647 264 670
b265 109 138 124 183
b266 282 548 330 593
b267 137 661 171 700
b268 384 88 409 110
b269 79 44 116 62
b270 395 416 410 439
b271 272 206 296 248
b272 258 569 282 604
b273 205 310 235 331
b274 301 406 322 439
b275 0 515 22 543
b276 92 124 106 155
b277 329 62 341 109
b278 63 103 76 145
b279 321 265 364 304
b280 376 548 407 570
b281 103 238 133 256
b282 150 0 194 30
b283 350 304 365 317
b284 150 558 171 588
b285 365 108 378 141
b286 137 306 173 347
b287 57 317 78 359
b288 376 653 412 681
b289 209 538 242 575
b290 78 286 94 313
b291 79 83 122 111
b292 219 622 258 646
b293 42 106 61 149
b294 156 396 182 413
b295 341 95 384 108
b296 0 351 16 378
b297 62 525 93 563
b298 96 608 129 648
b299 126 448 139 461
