565960.5
844719
287202
453 634
25.157451
b0 210 476 237 491
b1 423 120 439 147
b2 315 245 337 271
b3 83 407 128 428
b4 114 274 154 319
b5 204 491 220 517
b6 131 491 158 529
b7 28 242 57 277
b8 405 250 426 286
b9 224 517 268 542
b10 13 215 28 246
b11 68 574 109 598
b12 193 463 210 482
b13 67 491 115 524
b14 13 194 57 215
b15 158 510 192 525
b16 195 82 240 124
b17 203 160 240 201
b18 13 121 57 164
b19 355 121 378 157
b20 282 339 295 356
b21 284 0 312 44
b22 155 289 190 318
b23 295 339 335 356
b24 71 227 95 245
b25 38 479 67 522
b26 426 265 453 283
b27 155 431 193 471
b28 57 186 69 210
b29 192 264 222 293
b30 186 562 214 582
b31 370 391 406 423
b32 268 514 290 533
b33 406 391 452 436
b34 0 183 12 212
b35 13 246 25 272
b36 28 215 58 242
b37 0 240 12 269
b38 256 160 275 181
b39 234 458 247 470
b40 0 272 19 319
b41 0 348 36 367
b42 309 159 355 184
b43 202 139 241 160
b44 169 369 193 396
b45 238 22 263 46
b46 0 334 19 347
b47 0 436 42 476
b48 28 293 56 327
b49 220 493 268 517
b50 157 405 171 424
b51 145 81 161 95
b52 155 271 192 289
b53 239 46 251 82
b54 0 527 30 561
b55 34 606 65 632
b56 190 0 236 31
b57 240 181 288 228
b58 371 46 396 71
b59 147 31 194 69
b60 236 397 252 436
b61 378 160 423 191
b62 279 228 315 274
b63 150 598 196 634
b64 95 261 110 294
b65 349 588 372 601
b66 57 61 99 106
b67 214 553 228 586
b68 237 308 282 336
b69 370 423 406 450
b70 373 0 389 45
b71 371 250 405 282
b72 120 174 152 189
b73 0 23 12 69
b74 275 137 309 180
b75 360 610 397 630
b76 193 427 232 463
b77 365 282 405 300
b78 163 582 205 598
b79 210 364 235 404
b80 13 106 49 121
b81 0 512 32 527
b82 280 358 304 397
b83 109 597 150 634
b84 345 87 383 121
b85 241 89 275 132
b86 236 358 280 397
b87 289 401 334 449
b88 13 0 57 29
b89 109 577 151 597
b90 389 0 413 46
b91 179 243 222 264
b92 115 530 160 577
b93 355 191 379 211
b94 417 324 448 343
b95 13 69 57 106
b96 303 555 349 588
b97 57 46 97 61
b98 237 267 250 302
b99 193 364 210 404
b100 362 300 406 345
b101 228 542 264 572
b102 348 211 388 247
b103 337 247 371 281
b104 156 131 198 145
b105 374 575 407 610
b106 192 482 204 515
b107 413 44 445 59
b108 166 201 203 239
b109 99 48 145 90
b110 264 555 303 597
b111 268 533 281 554
b112 118 339 143 369
b113 200 517 224 553
b114 194 31 238 65
b115 374 553 408 575
b116 337 281 365 300
b117 83 428 122 449
b118 413 0 451 44
b119 80 189 125 217
b120 334 449 370 485
b121 57 278 95 312
b122 378 125 421 145
b123 83 384 119 407
b124 83 524 114 559
b125 57 0 99 46
b126 439 180 451 202
b127 337 315 362 358
b128 24 578 68 606
b129 98 150 120 184
b130 316 52 342 82
b131 408 563 453 611
b132 238 228 277 246
b133 198 124 241 139
b134 196 600 243 634
b135 378 145 423 160
b136 304 44 316 81
b137 288 180 309 208
b138 0 408 42 436
b139 334 412 370 449
b140 325 356 337 399
b141 433 518 452 563
b142 46 524 83 551
b143 165 318 190 342
b144 41 348 81 363
b145 439 120 452 165
b146 275 89 308 137
b147 190 293 220 335
b148 65 551 83 571
b149 236 0 283 22
b150 125 228 148 259
b151 379 191 421 209
b152 162 239 178 258
b153 13 164 54 194
b154 58 210 80 227
b155 148 232 162 257
b156 28 277 56 293
b157 290 530 310 555
b158 0 0 13 23
b159 247 461 291 493
b160 303 588 330 604
b161 370 345 417 391
b162 330 485 361 503
b163 171 396 193 429
b164 57 150 98 186
b165 426 248 447 265
b166 261 597 297 631
b167 132 369 169 405
b168 0 367 24 408
b169 250 267 274 306
b170 315 604 360 633
b171 35 29 57 69
b172 440 482 453 509
b173 298 482 330 507
b174 191 348 234 364
b175 187 173 203 188
b176 57 245 95 278
b177 388 209 425 250
b178 95 294 112 313
b179 309 125 355 159
b180 333 0 373 19
b181 260 431 288 461
b182 120 150 165 174
b183 315 206 348 245
b184 346 41 371 87
b185 0 606 34 633
b186 42 431 75 462
b187 0 476 38 512
b188 160 525 200 562
b189 195 65 239 77
b190 81 357 118 384
b191 80 313 114 329
b192 99 0 147 29
b193 24 367 41 400
b194 0 212 13 240
b195 333 19 346 52
b196 42 390 83 431
b197 165 145 202 173
b198 99 29 147 48
b199 409 482 440 518
b200 308 82 345 125
b201 128 405 157 431
b202 274 274 313 308
b203 222 243 237 271
b204 57 106 90 147
b205 0 319 21 334
b206 203 201 238 243
b207 228 572 261 600
b208 288 208 315 228
b209 370 450 406 495
b210 155 258 179 271
b211 145 69 161 81
b212 316 271 337 313
b213 423 177 437 209
b214 42 462 69 479
b215 99 90 128 111
b216 137 108 156 150
b217 117 319 165 339
b218 371 72 414 87
b219 297 604 315 632
b220 112 461 149 491
b221 191 335 236 348
b222 349 554 374 588
b223 316 313 335 335
b224 304 356 325 401
b225 406 286 453 324
b226 115 491 131 530
b227 0 151 13 183
b228 263 22 284 42
b229 310 530 358 554
b230 122 431 155 461
b231 423 147 439 177
b232 193 404 235 427
b233 58 227 71 243
b234 161 113 194 131
b235 236 336 282 358
b236 42 363 81 390
b237 312 0 333 40
b238 125 189 152 228
b239 13 29 35 69
b240 163 562 186 581
b241 210 463 234 476
b242 315 184 355 206
b243 252 397 289 431
b244 0 69 13 106
b245 409 518 433 554
b246 317 507 361 530
b247 417 343 453 382
b248 147 0 190 31
b249 152 174 187 201
b250 282 308 316 339
b251 251 46 285 89
b252 256 132 275 160
b253 439 165 452 180
b254 222 271 235 295
b255 90 111 137 150
b256 205 586 226 599
b257 337 358 370 375
b258 161 69 195 113
b259 222 295 234 321
b260 151 577 163 596
b261 0 106 12 151
b262 143 342 191 369
b263 406 436 453 482
b264 407 611 452 634
b265 241 132 256 177
b266 361 495 409 540
b267 158 471 192 510
b268 346 19 371 41
b269 414 59 451 77
b270 337 300 360 315
b271 0 561 24 603
b272 30 554 65 578
b273 268 493 298 514
b274 25 327 58 348
b275 232 436 260 458
b276 152 201 166 232
b277 75 449 122 461
b278 358 540 400 553
b279 414 77 453 120
b280 58 312 80 343
b281 243 600 261 630
b282 95 217 125 261
b283 83 559 96 574
b284 355 157 376 187
b285 128 95 161 108
b286 68 598 109 634
b287 237 246 279 267
b288 81 329 117 357
b289 337 375 370 412
b290 30 527 46 554
b291 69 462 112 490
b292 425 209 449 248
b293 285 44 304 87
b294 396 46 413 72
b295 112 261 155 274
b296 290 514 317 530
b297 383 87 414 125
b298 291 449 331 482
b299 119 369 132 382
