570714
853224
288204
438 658
36.033089
b0 331 617 358 632
b1 230 424 257 440
b2 248 0 274 22
b3 0 0 21 45
b4 360 504 400 549
b5 272 106 288 132
b6 230 440 257 478
b7 103 568 138 597
b8 206 36 242 57
b9 191 611 216 655
b10 74 51 89 82
b11 311 461 352 485
b12 114 517 133 534
b13 340 324 388 357
b14 0 331 21 375
b15 296 24 311 58
b16 340 357 385 399
b17 400 130 437 171
b18 356 0 399 44
b19 103 366 139 389
b20 21 179 38 192
b21 0 375 44 403
b22 264 554 299 583
b23 245 89 285 106
b24 257 424 275 448
b25 333 197 362 240
b26 163 0 181 27
b27 205 247 245 285
b28 114 505 138 517
b29 60 490 89 520
b30 60 584 80 612
b31 363 44 399 76
b32 277 204 296 226
b33 145 613 191 658
b34 0 478 29 490
b35 245 120 271 132
b36 40 193 67 223
b37 171 383 183 412
b38 118 425 139 444
b39 326 282 339 294
b40 21 192 40 239
b41 145 498 181 517
b42 251 583 297 608
b43 0 45 21 84
b44 33 601 60 625
b45 299 576 324 600
b46 0 263 19 276
b47 202 100 244 140
b48 330 169 364 197
b49 101 597 125 645
b50 245 106 264 120
b51 251 301 265 317
b52 166 572 184 609
b53 106 444 142 456
b54 356 264 390 294
b55 140 366 171 392
b56 242 336 273 382
b57 174 525 222 572
b58 356 632 381 657
b59 191 164 238 202
b60 251 262 267 301
b61 157 133 202 164
b62 390 294 436 330
b63 276 393 312 439
b64 389 412 404 445
b65 80 568 103 581
b66 85 223 130 265
b67 360 411 374 444
b68 244 132 272 177
b69 21 330 57 357
b70 220 202 236 247
b71 167 99 199 133
b72 374 411 389 443
b73 64 646 110 658
b74 211 57 245 100
b75 0 84 20 121
b76 65 304 104 340
b77 163 27 181 67
b78 206 20 248 36
b79 181 26 206 66
b80 22 532 58 547
b81 125 613 140 645
b82 102 182 126 221
b83 115 145 156 182
b84 400 519 434 557
b85 404 476 438 519
b86 186 458 230 497
b87 115 39 163 84
b88 186 429 230 458
b89 0 289 20 331
b90 316 310 340 356
b91 312 440 355 461
b92 390 201 437 246
b93 74 0 98 20
b94 74 20 93 51
b95 21 281 65 318
b96 57 340 103 373
b97 0 575 40 590
b98 110 645 145 658
b99 60 175 100 192
b100 71 118 115 163
b101 173 353 209 383
b102 143 317 183 353
b103 49 451 83 485
b104 115 131 157 145
b105 0 590 33 625
b106 296 645 329 657
b107 134 540 166 555
b108 360 549 398 586
b109 245 43 287 89
b110 397 614 436 656
b111 326 66 339 87
b112 139 392 169 417
b113 399 106 435 130
b114 286 170 330 204
b115 40 46 74 68
b116 311 47 339 66
b117 0 196 21 235
b118 360 445 404 483
b119 0 547 45 575
b120 275 466 311 502
b121 399 72 437 106
b122 273 502 316 522
b123 138 517 174 540
b124 67 192 102 223
b125 230 382 276 424
b126 22 490 44 502
b127 228 519 271 544
b128 245 234 289 262
b129 0 490 22 524
b130 57 403 87 429
b131 390 246 435 294
b132 216 639 255 657
b133 340 277 355 320
b134 322 0 356 47
b135 271 522 316 537
b136 193 248 205 285
b137 0 235 21 263
b138 216 611 258 639
b139 363 76 399 113
b140 359 399 402 411
b141 0 151 19 196
b142 45 547 72 584
b143 331 632 356 656
b144 288 106 328 121
b145 362 213 375 258
b146 330 120 378 153
b147 57 373 99 403
b148 40 175 60 193
b149 341 47 363 94
b150 414 557 437 588
b151 290 264 332 282
b152 87 439 106 455
b153 236 204 277 234
b154 58 520 75 542
b155 142 256 156 281
b156 212 497 228 525
b157 80 581 100 606
b158 41 638 64 651
b159 167 67 211 99
b160 138 555 165 571
b161 157 202 204 248
b162 21 357 52 375
b163 209 360 242 382
b164 288 121 329 157
b165 21 239 38 260
b166 65 612 101 646
b167 74 82 111 118
b168 335 399 359 440
b169 276 352 300 391
b170 315 547 360 576
b171 142 417 182 439
b172 402 399 429 412
b173 111 84 143 109
b174 204 202 220 245
b175 398 557 414 572
b176 289 231 327 264
b177 399 31 436 72
b178 40 584 59 601
b179 40 0 74 46
b180 21 0 40 40
b181 182 497 212 525
b182 143 84 167 129
b183 109 265 142 304
b184 360 586 385 632
b185 276 439 310 466
b186 213 300 246 331
b187 157 248 193 286
b188 300 356 340 393
b189 21 318 65 330
b190 296 204 333 231
b191 109 489 143 505
b192 40 68 69 116
b193 21 146 38 179
b194 328 87 341 115
b195 140 353 173 366
b196 145 439 186 480
b197 40 138 68 175
b198 248 24 296 43
b199 0 447 36 478
b200 273 315 316 352
b201 213 331 239 360
b202 104 304 143 338
b203 316 617 331 645
b204 0 625 41 658
b205 364 198 385 213
b206 222 544 264 579
b207 218 579 251 607
b208 89 490 109 517
b209 364 153 400 198
b210 41 625 65 638
b211 35 502 47 518
b212 72 547 114 568
b213 22 518 54 532
b214 271 537 298 554
b215 177 286 206 307
b216 21 104 40 146
b217 198 0 246 20
b218 375 213 390 256
b219 257 448 275 476
b220 400 171 437 201
b221 272 132 285 177
b222 83 456 108 490
b223 0 524 22 543
b224 21 260 66 281
b225 258 608 296 655
b226 299 537 315 576
b227 47 485 60 517
b228 114 534 134 555
b229 274 0 322 24
b230 355 294 388 324
b231 330 153 360 169
b232 138 571 161 613
b233 22 502 35 518
b234 98 0 116 33
b235 93 33 115 79
b236 130 217 157 256
b237 378 113 399 153
b238 75 520 114 547
b239 43 429 83 451
b240 246 317 269 336
b241 332 264 356 277
b242 304 66 326 106
b243 157 164 191 201
b244 21 67 34 104
b245 40 223 64 259
b246 230 478 274 501
b247 99 389 138 425
b248 0 416 43 447
b249 126 182 153 217
b250 143 286 177 317
b251 404 412 438 455
b252 307 282 326 310
b253 125 597 138 612
b254 114 555 138 568
b255 116 0 163 39
b256 0 276 21 289
b257 287 58 304 91
b258 316 513 360 547
b259 341 94 353 120
b260 285 91 304 103
b261 385 613 397 658
b262 238 177 286 204
b263 183 383 230 429
b264 312 393 335 438
b265 206 285 251 300
b266 390 330 438 375
b267 184 572 218 611
b268 414 588 436 613
b269 145 480 182 498
b270 267 264 290 279
b271 388 375 430 399
b272 327 240 362 264
b273 404 455 434 476
b274 64 223 85 256
b275 115 109 143 131
b276 87 425 118 439
b277 68 163 115 175
b278 401 572 414 614
b279 66 265 109 304
b280 40 116 71 138
b281 243 501 273 519
b282 183 307 213 351
b283 230 501 243 516
b284 0 121 21 151
b285 285 157 318 170
b286 324 576 360 617
b287 360 483 402 504
b288 104 338 140 366
b289 108 456 145 489
b290 21 40 37 67
b291 316 485 359 513
b292 202 140 241 164
b293 297 600 316 643
b294 181 0 198 26
b295 0 403 43 416
b296 385 586 401 613
b297 399 0 437 31
b298 267 282 307 315
b299 36 451 49 464
