556206.75
823663.5
288750
462 625
32.325391
b0 133 541 148 568
b1 230 544 257 560
b2 437 84 459 110
b3 417 278 462 299
b4 0 434 40 479
b5 334 439 360 455
b6 291 481 318 519
b7 0 300 35 329
b8 435 0 456 36
b9 172 247 216 272
b10 405 559 436 574
b11 354 466 378 507
b12 435 52 452 71
b13 47 374 80 422
b14 394 481 415 525
b15 36 212 51 246
b16 47 422 92 464
b17 340 583 377 624
b18 417 299 460 343
b19 347 287 383 310
b20 203 401 216 418
b21 0 347 44 375
b22 420 375 449 410
b23 47 585 64 625
b24 272 444 296 462
b25 382 102 425 131
b26 360 439 378 466
b27 64 585 104 623
b28 343 93 367 105
b29 252 20 281 50
b30 327 69 355 89
b31 158 0 194 32
b32 438 110 460 129
b33 360 171 406 216
b34 36 246 48 275
b35 222 329 248 341
b36 136 120 166 147
b37 318 287 347 299
b38 350 216 371 235
b39 425 110 438 122
b40 300 174 319 221
b41 158 32 177 68
b42 0 409 46 434
b43 88 86 127 107
b44 355 69 382 93
b45 436 559 461 583
b46 264 229 277 248
b47 76 499 116 541
b48 131 368 165 396
b49 353 507 377 555
b50 320 371 334 390
b51 416 604 432 618
b52 241 429 259 466
b53 48 261 84 273
b54 270 185 300 219
b55 0 116 31 142
b56 415 411 461 442
b57 36 73 84 120
b58 313 326 338 351
b59 296 421 334 468
b60 167 348 206 364
b61 37 315 82 346
b62 230 564 276 600
b63 92 419 128 465
b64 131 396 164 411
b65 406 186 419 209
b66 273 252 318 294
b67 147 611 180 625
b68 377 551 405 596
b69 313 519 340 555
b70 378 481 394 526
b71 413 343 447 375
b72 447 343 462 375
b73 109 290 121 336
b74 220 164 263 198
b75 194 227 231 247
b76 0 190 36 229
b77 179 173 219 191
b78 382 86 424 102
b79 104 584 129 624
b80 259 121 295 136
b81 323 555 338 587
b82 148 587 187 611
b83 370 0 411 37
b84 379 336 413 374
b85 71 465 114 499
b86 119 0 158 44
b87 415 442 460 490
b88 281 0 325 29
b89 374 246 416 266
b90 230 600 276 624
b91 135 186 156 229
b92 88 163 135 208
b93 216 247 236 271
b94 398 131 417 162
b95 203 364 247 401
b96 0 54 33 100
b97 276 479 291 519
b98 377 612 412 625
b99 327 27 344 67
b100 47 541 92 585
b101 131 338 167 368
b102 36 0 76 36
b103 0 229 34 263
b104 434 583 448 625
b105 219 20 252 55
b106 108 541 120 574
b107 83 362 115 377
b108 283 351 320 389
b109 230 479 276 521
b110 338 337 377 379
b111 406 165 419 186
b112 165 275 195 300
b113 167 398 203 422
b114 36 120 70 164
b115 161 524 195 546
b116 439 165 458 193
b117 344 266 383 287
b118 121 300 165 338
b119 334 379 379 407
b120 51 225 87 261
b121 42 501 76 539
b122 216 0 259 20
b123 318 481 341 517
b124 298 390 333 421
b125 0 501 42 547
b126 167 315 189 327
b127 88 43 113 86
b128 271 294 315 322
b129 194 0 216 34
b130 193 445 219 475
b131 171 95 219 140
b132 153 81 171 120
b133 214 550 229 593
b134 276 560 323 594
b135 325 12 370 27
b136 128 457 165 469
b137 165 465 193 486
b138 177 34 219 62
b139 253 51 289 88
b140 261 521 273 564
b141 36 275 81 294
b142 82 301 109 338
b143 320 256 344 281
b144 189 596 229 611
b145 296 468 341 481
b146 0 142 33 190
b147 276 594 318 624
b148 320 351 338 371
b149 0 479 47 501
b150 230 521 261 544
b151 70 120 88 162
b152 248 350 267 366
b153 80 377 110 418
b154 109 273 131 290
b155 133 568 147 593
b156 81 285 109 301
b157 236 247 256 272
b158 449 375 462 398
b159 334 407 378 439
b160 0 100 27 116
b161 88 208 135 254
b162 129 593 147 624
b163 55 203 88 225
b164 379 375 420 411
b165 155 254 172 275
b166 167 364 203 398
b167 0 263 36 300
b168 411 45 435 86
b169 119 44 158 68
b170 416 213 461 242
b171 156 186 178 226
b172 283 417 296 444
b173 378 526 410 551
b174 92 541 108 584
b175 219 445 235 460
b176 196 512 229 550
b177 276 519 313 560
b178 259 0 276 19
b179 131 411 165 457
b180 234 55 253 95
b181 320 212 350 240
b182 411 0 435 45
b183 55 164 88 203
b184 189 550 214 596
b185 383 287 417 314
b186 116 508 147 541
b187 289 51 327 87
b188 319 136 356 176
b189 76 0 88 44
b190 338 310 375 337
b191 263 169 297 185
b192 88 107 136 136
b193 163 486 196 503
b194 156 226 169 254
b195 285 136 298 169
b196 148 546 189 587
b197 340 555 377 583
b198 36 164 55 212
b199 247 366 283 397
b200 378 438 415 481
b201 287 322 313 351
b202 12 547 46 586
b203 283 389 298 417
b204 179 140 220 173
b205 189 301 210 316
b206 356 136 398 171
b207 216 272 249 300
b208 315 299 335 326
b209 416 242 461 278
b210 350 248 374 261
b211 87 273 103 285
b212 110 377 131 419
b213 448 583 462 615
b214 382 67 409 84
b215 195 272 216 301
b216 88 254 130 273
b217 419 165 439 213
b218 219 55 234 98
b219 241 401 259 429
b220 368 37 405 67
b221 180 611 225 624
b222 131 275 165 300
b223 439 193 461 212
b224 36 294 81 315
b225 0 586 47 624
b226 377 596 416 612
b227 150 68 182 81
b228 135 252 155 273
b229 83 338 131 362
b230 0 24 33 54
b231 320 240 350 256
b232 229 300 271 323
b233 206 329 222 342
b234 231 229 264 247
b235 281 29 327 51
b236 248 323 287 350
b237 298 134 319 174
b238 220 137 259 164
b239 36 36 76 58
b240 135 229 154 252
b241 249 274 273 287
b242 377 314 417 336
b243 196 475 230 512
b244 120 541 133 578
b245 0 0 36 24
b246 218 401 241 445
b247 179 191 218 227
b248 88 0 119 43
b249 379 411 414 438
b250 236 198 270 229
b251 417 131 460 165
b252 210 301 229 329
b253 350 235 365 248
b254 435 71 459 84
b255 116 469 163 508
b256 259 436 272 457
b257 136 82 153 115
b258 0 375 44 409
b259 0 547 12 573
b260 300 221 319 233
b261 325 0 370 12
b262 88 136 136 163
b263 415 490 462 536
b264 415 536 460 559
b265 36 58 81 73
b266 295 89 343 134
b267 219 98 253 137
b268 193 422 218 444
b269 0 329 37 347
b270 165 300 188 315
b271 344 27 368 69
b272 47 464 71 499
b273 167 327 197 348
b274 383 266 416 287
b275 263 136 285 164
b276 119 68 150 82
b277 341 497 353 544
b278 341 455 354 497
b279 136 147 179 186
b280 318 594 340 625
b281 416 574 434 604
b282 371 216 415 246
b283 179 227 194 240
b284 163 503 193 524
b285 148 508 161 541
b286 319 176 360 212
b287 206 342 248 363
b288 47 346 83 374
b289 182 62 219 95
b290 435 36 462 52
b291 165 422 193 465
b292 259 397 283 436
b293 277 233 320 252
b294 256 248 273 274
b295 235 466 278 479
b296 220 198 236 225
b297 343 105 381 136
b298 253 88 293 121
b299 424 86 437 99
