517772.390625
863299.5
287421
447 643
40.333423
b0 153 107 180 122
b1 12 382 39 398
b2 45 332 71 354
b3 189 481 234 502
b4 309 418 354 458
b5 0 560 26 576
b6 254 338 292 365
b7 149 311 184 340
b8 300 93 321 129
b9 364 333 389 377
b10 378 377 393 408
b11 47 537 71 578
b12 108 295 127 312
b13 105 0 153 33
b14 162 184 183 228
b15 185 608 200 642
b16 153 65 198 107
b17 140 384 181 421
b18 47 493 90 537
b19 81 249 104 285
b20 43 420 56 437
b21 292 338 320 382
b22 12 347 41 382
b23 150 276 190 293
b24 344 524 368 542
b25 124 503 167 532
b26 292 382 310 409
b27 305 506 343 546
b28 0 163 12 187
b29 190 276 220 305
b30 208 183 228 211
b31 247 272 279 308
b32 12 286 31 308
b33 153 19 198 65
b34 0 232 12 261
b35 0 137 12 163
b36 351 380 378 410
b37 0 261 12 290
b38 223 305 242 326
b39 187 331 200 343
b40 165 0 212 19
b41 427 366 446 402
b42 48 617 94 642
b43 50 578 71 617
b44 0 576 24 603
b45 71 537 95 562
b46 12 273 31 286
b47 82 450 124 490
b48 315 277 343 311
b49 296 616 344 640
b50 263 19 277 38
b51 86 388 100 404
b52 350 487 368 524
b53 68 125 104 137
b54 113 33 143 67
b55 181 399 212 425
b56 107 597 138 643
b57 208 135 255 183
b58 228 183 253 208
b59 0 501 47 539
b60 100 388 139 404
b61 255 104 300 135
b62 216 424 262 460
b63 217 65 263 101
b64 12 332 45 347
b65 27 62 50 75
b66 89 139 134 181
b67 190 317 223 331
b68 68 36 113 64
b69 279 280 315 307
b70 95 537 140 553
b71 49 249 81 283
b72 36 234 68 249
b73 0 91 12 137
b74 280 0 314 43
b75 250 497 270 534
b76 408 330 447 366
b77 218 574 236 614
b78 38 443 80 459
b79 336 161 361 201
b80 140 574 176 589
b81 12 43 27 75
b82 408 561 447 585
b83 212 383 249 424
b84 337 201 371 239
b85 39 459 82 493
b86 155 535 199 574
b87 114 181 162 226
b88 272 559 301 603
b89 68 64 110 84
b90 183 184 207 230
b91 411 36 432 79
b92 360 0 407 45
b93 12 308 32 332
b94 181 380 212 399
b95 210 223 247 267
b96 175 138 208 184
b97 140 532 155 572
b98 36 249 49 284
b99 304 546 344 563
b100 253 211 298 255
b101 273 308 309 338
b102 407 0 447 36
b103 270 497 304 531
b104 108 281 150 295
b105 411 276 446 309
b106 190 305 223 317
b107 71 336 103 351
b108 408 167 446 204
b109 401 404 447 446
b110 212 344 254 383
b111 393 361 406 382
b112 151 466 176 496
b113 309 311 345 335
b114 413 517 447 561
b115 393 382 427 404
b116 389 333 408 361
b117 198 19 219 58
b118 51 137 89 181
b119 227 537 272 565
b120 12 182 48 218
b121 408 204 446 238
b122 0 421 43 441
b123 301 593 337 616
b124 300 154 335 185
b125 314 0 360 42
b126 119 323 141 335
b127 325 458 350 501
b128 219 19 263 47
b129 201 101 223 135
b130 24 578 50 608
b131 140 595 185 643
b132 156 340 174 379
b133 432 36 447 79
b134 90 490 124 537
b135 320 335 335 380
b136 113 67 150 79
b137 300 65 321 93
b138 344 611 386 639
b139 371 196 408 232
b140 207 211 250 223
b141 253 192 298 211
b142 124 466 151 503
b143 279 255 303 280
b144 25 218 65 233
b145 41 387 86 400
b146 0 608 48 641
b147 405 446 447 476
b148 103 336 121 356
b149 361 174 408 196
b150 77 285 108 308
b151 219 47 261 65
b152 176 458 192 477
b153 303 563 344 593
b154 292 409 309 431
b155 397 276 411 301
b156 262 426 290 442
b157 31 400 56 420
b158 355 58 378 71
b159 96 356 140 388
b160 220 267 247 283
b161 163 230 210 276
b162 324 246 342 277
b163 236 589 269 611
b164 310 382 351 418
b165 253 255 274 272
b166 174 344 208 380
b167 68 0 105 36
b168 300 130 341 154
b169 12 158 51 182
b170 335 335 364 380
b171 278 150 300 190
b172 94 614 107 641
b173 234 460 259 492
b174 344 595 387 611
b175 51 202 66 218
b176 0 441 38 474
b177 408 476 445 517
b178 27 43 44 62
b179 90 404 124 450
b180 66 202 106 221
b181 245 308 273 338
b182 387 96 411 141
b183 321 97 360 130
b184 372 232 397 278
b185 71 587 105 614
b186 236 611 269 642
b187 12 122 50 158
b188 368 487 408 524
b189 0 47 12 91
b190 364 306 401 333
b191 124 404 140 438
b192 104 110 152 139
b193 51 0 68 33
b194 127 295 140 323
b195 185 595 218 608
b196 134 139 175 180
b197 199 537 227 574
b198 144 228 163 276
b199 411 112 447 143
b200 410 600 447 643
b201 382 45 408 74
b202 321 58 355 97
b203 309 43 337 58
b204 167 502 208 535
b205 406 366 427 381
b206 208 502 250 537
b207 364 278 397 306
b208 343 276 363 303
b209 140 421 176 466
b210 290 531 303 555
b211 298 241 314 253
b212 176 574 218 595
b213 51 76 65 108
b214 350 458 367 485
b215 180 107 201 136
b216 238 0 280 19
b217 305 458 325 506
b218 51 33 66 76
b219 272 531 290 559
b220 342 239 372 276
b221 337 45 382 58
b222 71 562 105 587
b223 345 303 364 325
b224 401 309 446 330
b225 397 238 444 276
b226 30 539 46 578
b227 65 221 97 234
b228 303 253 324 273
b229 363 96 387 144
b230 411 79 441 112
b231 140 354 156 384
b232 255 150 278 192
b233 12 218 25 234
b234 110 226 143 244
b235 263 43 309 65
b236 269 603 296 642
b237 262 476 302 497
b238 0 474 39 501
b239 368 74 408 96
b240 12 398 31 421
b241 355 71 368 95
b242 344 542 366 582
b243 110 244 144 281
b244 395 547 408 584
b245 236 565 272 589
b246 387 598 410 642
b247 263 65 299 104
b248 110 79 153 110
b249 200 614 235 641
b250 223 101 254 135
b251 262 442 305 476
b252 121 335 149 354
b253 395 585 410 598
b254 344 582 368 595
b255 12 75 51 122
b256 176 477 189 498
b257 320 213 337 246
b258 105 553 139 597
b259 124 438 136 464
b260 153 0 165 19
b261 0 187 12 232
b262 368 547 395 595
b263 354 410 401 456
b264 368 524 413 547
b265 255 135 300 150
b266 32 284 77 332
b267 56 404 90 443
b268 220 283 245 305
b269 150 293 187 311
b270 410 585 433 600
b271 77 312 119 336
b272 407 143 442 167
b273 51 181 81 202
b274 81 181 114 202
b275 298 213 320 241
b276 82 351 96 382
b277 0 0 12 47
b278 68 236 110 249
b279 12 0 51 43
b280 341 130 363 161
b281 254 365 284 383
b282 363 144 407 174
b283 97 221 110 236
b284 0 539 30 560
b285 249 383 262 416
b286 68 84 104 125
b287 192 460 234 481
b288 300 185 336 213
b289 45 354 82 387
b290 152 122 179 138
b291 262 383 290 426
b292 12 234 36 273
b293 198 58 217 101
b294 212 0 238 17
b295 200 331 243 344
b296 51 108 67 135
b297 367 456 405 487
b298 176 425 216 458
b299 433 585 446 598
