570256.75
851163.5
289350
450 643
39.052271
b0 286 247 313 262
b1 373 183 400 199
b2 40 116 62 142
b3 135 43 156 88
b4 0 325 45 365
b5 181 287 207 303
b6 412 247 450 274
b7 262 188 291 223
b8 384 622 420 643
b9 86 201 130 226
b10 50 84 65 115
b11 426 316 450 357
b12 156 74 175 91
b13 97 519 145 552
b14 405 534 449 555
b15 193 527 208 561
b16 45 290 90 332
b17 198 422 239 459
b18 275 511 318 555
b19 168 333 204 356
b20 193 601 210 614
b21 207 288 251 316
b22 73 556 108 585
b23 193 561 210 601
b24 45 520 63 544
b25 18 144 47 187
b26 0 61 18 88
b27 65 84 103 124
b28 312 380 324 404
b29 18 187 47 217
b30 91 619 119 639
b31 380 235 412 271
b32 18 290 37 312
b33 243 452 289 497
b34 396 422 408 451
b35 322 465 348 477
b36 420 612 447 642
b37 152 608 181 620
b38 196 126 217 145
b39 18 251 30 264
b40 210 600 257 619
b41 46 586 65 622
b42 262 142 287 188
b43 47 214 68 253
b44 375 529 402 553
b45 287 380 312 404
b46 342 576 361 589
b47 408 69 450 109
b48 302 114 336 142
b49 51 0 99 24
b50 400 190 419 204
b51 371 199 385 215
b52 225 234 262 252
b53 119 437 155 449
b54 337 40 371 70
b55 374 461 405 487
b56 103 74 134 120
b57 70 238 118 285
b58 94 144 119 169
b59 342 595 380 642
b60 349 244 365 283
b61 244 509 275 554
b62 147 498 193 534
b63 0 423 46 459
b64 216 92 231 125
b65 361 582 384 595
b66 255 29 300 71
b67 226 27 240 60
b68 422 357 450 402
b69 99 0 135 27
b70 318 509 334 554
b71 18 57 50 91
b72 251 290 283 305
b73 70 332 82 378
b74 90 289 124 332
b75 156 555 193 575
b76 328 393 364 432
b77 30 253 70 271
b78 414 274 430 316
b79 135 156 175 181
b80 119 141 134 177
b81 338 118 370 133
b82 231 76 255 115
b83 51 24 92 61
b84 178 92 216 126
b85 205 376 239 419
b86 135 112 174 156
b87 0 459 48 504
b88 108 568 152 597
b89 121 374 163 394
b90 251 554 275 600
b91 135 91 178 112
b92 287 142 334 187
b93 318 577 342 597
b94 156 43 175 74
b95 48 476 85 520
b96 404 501 450 534
b97 0 272 15 312
b98 0 204 13 239
b99 95 57 135 74
b100 405 457 450 501
b101 204 346 240 376
b102 150 456 186 496
b103 303 31 337 65
b104 46 544 60 586
b105 338 170 371 205
b106 148 223 181 235
b107 324 378 356 393
b108 181 250 219 287
b109 135 181 181 223
b110 374 0 413 42
b111 365 220 386 233
b112 18 91 48 116
b113 94 177 130 201
b114 374 69 408 113
b115 348 445 370 479
b116 18 38 46 57
b117 160 289 181 328
b118 290 597 328 641
b119 419 202 447 247
b120 240 358 276 394
b121 337 542 375 576
b122 62 124 105 144
b123 413 0 449 23
b124 251 305 286 336
b125 126 328 168 374
b126 419 190 441 202
b127 119 394 162 419
b128 82 332 126 360
b129 83 597 117 619
b130 181 303 207 333
b131 0 378 48 423
b132 186 459 204 498
b133 262 247 277 290
b134 175 145 222 179
b135 365 233 380 278
b136 135 0 147 37
b137 105 120 133 141
b138 48 448 90 476
b139 190 27 226 64
b140 328 597 340 640
b141 0 593 45 612
b142 385 382 422 409
b143 234 619 259 643
b144 331 205 371 220
b145 243 439 288 452
b146 48 379 81 427
b147 374 487 404 529
b148 147 25 167 43
b149 48 332 70 379
b150 119 619 150 642
b151 272 600 290 642
b152 235 316 251 335
b153 92 27 133 57
b154 374 444 396 461
b155 356 348 381 362
b156 122 449 150 465
b157 422 402 447 422
b158 348 432 371 445
b159 303 477 347 509
b160 108 552 135 568
b161 47 144 94 190
b162 0 0 18 31
b163 381 274 414 296
b164 219 252 260 288
b165 156 587 173 608
b166 63 520 97 556
b167 225 157 262 193
b168 193 619 234 643
b169 47 190 86 214
b170 0 517 45 546
b171 262 93 302 115
b172 217 129 244 142
b173 90 460 122 485
b174 0 116 16 159
b175 148 248 163 264
b176 18 0 51 38
b177 210 558 251 595
b178 321 94 338 113
b179 82 393 116 439
b180 286 262 305 302
b181 207 316 235 346
b182 193 503 238 527
b183 82 360 121 393
b184 147 0 193 25
b185 18 217 45 251
b186 386 204 419 235
b187 168 356 204 394
b188 288 404 328 441
b189 204 459 216 503
b190 216 459 243 496
b191 340 362 374 378
b192 255 0 303 29
b193 305 187 338 204
b194 289 441 302 469
b195 0 365 33 378
b196 275 555 316 596
b197 110 487 147 515
b198 18 271 66 290
b199 373 113 409 144
b200 413 23 450 66
b201 375 553 401 582
b202 126 289 160 328
b203 334 527 362 542
b204 381 349 422 382
b205 222 142 243 157
b206 408 422 450 457
b207 348 283 381 311
b208 228 0 248 27
b209 405 576 450 612
b210 60 556 73 580
b211 340 348 356 360
b212 147 534 189 555
b213 291 187 305 219
b214 244 129 261 156
b215 90 439 119 460
b216 430 274 449 316
b217 43 622 91 642
b218 175 40 190 83
b219 0 88 18 116
b220 181 213 211 250
b221 0 504 45 517
b222 85 485 110 519
b223 174 126 196 145
b224 405 555 450 576
b225 286 308 333 346
b226 163 248 179 287
b227 148 235 180 248
b228 371 424 392 444
b229 262 223 310 247
b230 381 296 414 326
b231 338 133 368 149
b232 323 221 365 244
b233 334 509 347 525
b234 119 419 152 437
b235 240 336 286 358
b236 262 115 301 142
b237 384 582 405 622
b238 374 42 413 69
b239 262 71 302 93
b240 318 554 337 577
b241 17 312 41 325
b242 150 620 190 642
b243 286 346 323 380
b244 366 311 379 348
b245 313 245 349 269
b246 51 61 95 84
b247 373 144 409 183
b248 0 612 43 643
b249 193 0 228 27
b250 210 527 244 558
b251 155 422 198 456
b252 302 86 321 114
b253 173 587 186 602
b254 310 221 323 245
b255 409 109 448 156
b256 135 555 156 568
b257 0 239 17 272
b258 181 179 225 213
b259 156 575 182 587
b260 303 465 322 477
b261 68 226 113 238
b262 347 479 374 527
b263 0 546 46 593
b264 381 326 426 349
b265 0 159 15 204
b266 239 394 287 439
b267 409 156 448 190
b268 122 465 147 487
b269 65 585 83 622
b270 167 25 190 40
b271 303 441 345 465
b272 338 94 373 118
b273 48 427 78 448
b274 302 65 335 86
b275 18 116 40 144
b276 231 115 262 129
b277 243 497 290 509
b278 290 469 303 511
b279 305 269 348 308
b280 117 597 148 619
b281 0 31 18 61
b282 118 226 148 270
b283 240 27 255 40
b284 334 149 364 170
b285 211 213 224 246
b286 225 193 261 234
b287 364 382 385 424
b288 190 64 226 92
b289 333 311 366 348
b290 226 60 253 76
b291 162 394 205 422
b292 335 70 374 94
b293 118 270 161 289
b294 305 204 331 221
b295 259 600 272 643
b296 324 348 340 375
b297 303 0 341 31
b298 341 0 374 40
b299 385 409 398 422
