532237.796875
899995.5
287066
362 793
36.326858
b0 30 141 45 168
b1 0 713 27 729
b2 270 273 296 295
b3 230 233 251 278
b4 122 0 167 40
b5 83 374 109 390
b6 167 134 205 161
b7 325 280 360 309
b8 285 237 306 273
b9 158 161 202 186
b10 253 0 268 31
b11 17 298 41 339
b12 297 434 314 453
b13 12 93 45 141
b14 314 113 358 134
b15 197 200 231 215
b16 111 242 153 287
b17 167 0 208 37
b18 33 749 76 793
b19 291 454 314 490
b20 109 373 126 386
b21 201 686 229 730
b22 49 653 84 682
b23 275 66 315 83
b24 52 718 76 736
b25 232 66 275 95
b26 149 134 167 161
b27 319 0 359 38
b28 258 273 270 297
b29 113 308 143 337
b30 294 773 322 793
b31 323 212 359 244
b32 85 465 104 487
b33 252 189 298 234
b34 0 111 12 140
b35 64 185 90 197
b36 217 492 247 519
b37 139 373 151 402
b38 88 224 107 245
b39 201 673 213 686
b40 205 147 252 166
b41 160 58 196 77
b42 294 711 340 736
b43 186 287 225 308
b44 160 77 184 104
b45 150 551 174 576
b46 174 597 193 610
b47 94 753 136 793
b48 252 579 286 607
b49 177 648 201 696
b50 268 0 282 19
b51 45 260 59 276
b52 76 753 94 790
b53 12 0 24 36
b54 218 166 252 196
b55 327 309 358 335
b56 283 83 314 129
b57 271 19 319 66
b58 288 295 313 320
b59 256 746 294 793
b60 316 650 355 666
b61 0 504 45 535
b62 47 375 83 421
b63 77 696 123 732
b64 55 584 88 599
b65 25 650 48 663
b66 318 666 360 711
b67 74 45 107 59
b68 0 580 28 625
b69 110 666 146 693
b70 0 448 45 464
b71 225 300 257 334
b72 282 0 314 15
b73 252 607 298 619
b74 260 688 294 731
b75 231 196 251 233
b76 319 38 358 74
b77 322 775 362 793
b78 187 776 229 792
b79 298 197 323 237
b80 196 58 232 73
b81 59 275 74 307
b82 45 236 84 260
b83 294 736 335 773
b84 47 465 85 499
b85 115 162 158 196
b86 315 74 359 113
b87 74 0 122 45
b88 0 198 44 227
b89 257 318 277 360
b90 314 407 338 453
b91 214 641 235 684
b92 235 619 282 664
b93 229 731 249 755
b94 104 733 135 752
b95 186 250 230 287
b96 107 209 153 242
b97 160 104 200 119
b98 321 152 356 165
b99 0 298 17 338
b100 317 606 362 650
b101 277 320 313 350
b102 218 440 258 476
b103 47 341 81 375
b104 160 618 174 660
b105 178 402 213 435
b106 12 36 24 69
b107 82 306 97 338
b108 174 517 212 554
b109 252 518 298 560
b110 135 576 174 618
b111 24 43 37 64
b112 174 618 199 648
b113 337 244 361 280
b114 186 216 230 250
b115 251 251 285 273
b116 187 435 215 454
b117 335 736 356 775
b118 68 427 112 465
b119 0 535 28 580
b120 107 337 143 373
b121 115 124 149 162
b122 314 453 357 473
b123 199 618 235 641
b124 98 552 133 583
b125 73 59 115 105
b126 219 334 241 346
b127 174 492 217 517
b128 314 379 358 407
b129 209 36 243 58
b130 84 666 110 696
b131 115 53 160 101
b132 298 134 337 152
b133 67 150 110 165
b134 136 759 183 793
b135 160 119 205 134
b136 313 292 325 329
b137 257 360 278 388
b138 187 748 229 776
b139 123 696 159 733
b140 24 68 67 80
b141 131 287 176 306
b142 151 402 178 439
b143 294 686 318 711
b144 297 394 312 434
b145 122 40 167 53
b146 0 729 33 777
b147 159 696 201 726
b148 133 402 151 422
b149 45 80 67 127
b150 196 308 219 339
b151 187 730 229 748
b152 337 134 356 150
b153 68 543 98 584
b154 235 595 252 617
b155 132 489 146 514
b156 97 308 113 336
b157 0 642 25 662
b158 52 736 75 749
b159 100 487 132 531
b160 215 406 231 433
b161 0 341 47 387
b162 56 599 87 617
b163 165 726 187 759
b164 94 584 135 620
b165 133 551 150 572
b166 298 520 332 556
b167 0 663 36 700
b168 242 95 283 119
b169 242 119 281 143
b170 0 169 45 198
b171 45 499 85 521
b172 319 556 346 569
b173 258 454 290 479
b174 24 0 40 43
b175 59 260 75 275
b176 153 216 186 254
b177 0 261 41 298
b178 297 375 314 394
b179 75 260 109 306
b180 141 618 160 658
b181 0 141 30 169
b182 338 407 362 452
b183 133 518 172 551
b184 143 306 168 352
b185 286 579 320 606
b186 306 244 337 277
b187 56 617 94 653
b188 0 464 37 504
b189 247 479 291 491
b190 229 755 256 792
b191 202 166 218 200
b192 268 406 297 454
b193 45 521 78 538
b194 28 604 56 617
b195 0 777 33 790
b196 214 346 255 387
b197 83 390 111 427
b198 252 560 300 579
b199 146 660 177 696
b200 205 104 242 147
b201 146 489 172 518
b202 212 561 251 595
b203 296 277 324 292
b204 41 308 82 341
b205 89 732 104 753
b206 320 569 362 604
b207 28 617 56 650
b208 28 584 55 604
b209 208 0 253 36
b210 90 185 114 198
b211 298 606 314 618
b212 167 37 209 58
b213 45 276 59 308
b214 0 625 27 642
b215 136 733 165 754
b216 230 519 249 561
b217 67 165 115 185
b218 85 500 100 543
b219 243 36 271 54
b220 160 186 197 216
b221 115 196 160 209
b222 278 350 312 375
b223 45 173 64 195
b224 0 227 45 248
b225 0 410 47 448
b226 346 520 362 559
b227 201 641 214 673
b228 111 287 131 308
b229 235 664 283 688
b230 153 254 186 284
b231 252 143 282 159
b232 115 101 157 124
b233 36 663 49 679
b234 257 388 290 406
b235 45 127 67 173
b236 175 375 214 402
b237 47 421 68 461
b238 249 491 288 518
b239 28 538 68 560
b240 300 556 319 579
b241 151 382 175 395
b242 134 467 174 489
b243 231 406 268 440
b244 0 248 37 261
b245 83 338 107 374
b246 0 387 44 410
b247 112 422 151 458
b248 229 688 260 731
b249 282 619 317 646
b250 40 0 74 31
b251 174 554 208 597
b252 33 718 52 746
b253 85 487 100 500
b254 174 467 187 491
b255 323 165 362 212
b256 24 80 45 93
b257 252 234 285 251
b258 327 335 361 379
b259 243 54 269 66
b260 0 0 12 19
b261 0 19 12 64
b262 184 77 232 104
b263 94 620 141 666
b264 298 152 321 197
b265 249 731 294 746
b266 67 105 115 150
b267 323 486 362 520
b268 340 711 362 736
b269 212 519 230 556
b270 88 245 111 260
b271 172 351 214 375
b272 288 491 323 515
b273 151 352 172 382
b274 100 531 133 552
b275 230 278 258 300
b276 332 520 346 551
b277 0 64 12 111
b278 314 473 356 486
b279 45 197 88 236
b280 111 388 133 419
b281 104 465 134 483
b282 252 159 296 189
b283 126 373 139 388
b284 258 297 288 318
b285 0 700 33 713
b286 36 682 77 718
b287 193 597 235 618
b288 151 439 187 467
b289 40 31 73 68
b290 282 129 298 156
b291 168 308 196 351
b292 28 560 67 584
b293 214 387 257 406
b294 90 198 107 224
b295 314 329 327 372
b296 218 476 245 492
b297 187 454 218 492
b298 283 646 316 686
b299 76 732 89 745
