550110.328125
869890.5
288472
428 674
38.118404
b0 331 531 346 558
b1 173 27 200 43
b2 99 320 125 342
b3 334 408 379 429
b4 242 24 282 69
b5 152 37 168 63
b6 346 531 384 558
b7 357 639 392 668
b8 321 643 357 664
b9 114 69 139 113
b10 270 106 285 137
b11 335 348 376 372
b12 280 567 297 586
b13 380 458 428 491
b14 287 470 331 491
b15 229 377 263 392
b16 0 263 42 308
b17 86 451 127 488
b18 37 120 81 163
b19 0 53 23 89
b20 294 321 311 334
b21 380 402 424 430
b22 283 397 312 432
b23 37 76 54 116
b24 73 582 91 606
b25 84 422 127 451
b26 0 605 27 623
b27 48 380 86 420
b28 103 205 127 217
b29 119 227 149 256
b30 259 507 287 527
b31 348 591 384 623
b32 312 397 331 419
b33 61 219 107 264
b34 107 217 119 246
b35 86 410 112 422
b36 0 308 30 335
b37 380 390 409 402
b38 340 212 361 231
b39 297 567 309 580
b40 247 332 294 351
b41 79 0 98 36
b42 321 597 346 643
b43 403 516 424 555
b44 30 308 57 332
b45 0 220 24 245
b46 24 250 43 263
b47 61 280 103 320
b48 96 488 124 522
b49 97 543 145 567
b50 239 463 258 477
b51 82 566 96 582
b52 138 149 175 167
b53 98 0 110 36
b54 380 77 414 107
b55 388 247 419 273
b56 105 642 151 673
b57 0 465 48 512
b58 134 167 159 192
b59 153 239 191 286
b60 185 559 224 575
b61 239 432 284 463
b62 392 627 428 673
b63 392 30 428 76
b64 299 72 314 105
b65 36 568 59 581
b66 298 216 340 261
b67 384 594 398 627
b68 380 430 425 458
b69 127 352 163 379
b70 61 264 106 280
b71 38 642 72 674
b72 347 77 379 92
b73 334 396 380 408
b74 287 586 321 629
b75 16 568 36 605
b76 196 249 235 285
b77 116 165 134 205
b78 143 576 185 592
b79 127 456 167 481
b80 157 87 193 102
b81 331 503 363 518
b82 157 63 196 87
b83 164 325 205 362
b84 165 412 203 446
b85 107 272 150 306
b86 207 210 251 249
b87 380 107 428 152
b88 314 72 343 116
b89 37 41 79 61
b90 97 567 143 591
b91 221 578 242 621
b92 347 30 392 77
b93 0 130 24 150
b94 0 623 31 642
b95 255 69 299 106
b96 0 432 46 465
b97 224 498 239 538
b98 103 165 116 200
b99 339 195 379 212
b100 242 586 287 630
b101 287 510 323 540
b102 16 528 52 568
b103 301 155 335 189
b104 380 376 422 390
b105 79 81 114 114
b106 103 306 136 318
b107 46 332 78 347
b108 163 375 201 412
b109 251 219 297 261
b110 196 285 238 324
b111 96 591 109 612
b112 0 335 25 365
b113 103 114 139 138
b114 287 629 321 673
b115 127 205 161 227
b116 259 527 287 546
b117 220 477 259 498
b118 239 394 283 432
b119 0 365 45 393
b120 149 592 185 628
b121 48 454 86 488
b122 209 354 252 374
b123 185 575 221 598
b124 339 160 370 195
b125 110 23 152 69
b126 217 538 239 550
b127 269 351 294 394
b128 259 463 287 507
b129 364 507 398 529
b130 398 594 428 620
b131 177 107 222 155
b132 269 630 287 669
b133 298 306 341 321
b134 148 481 182 528
b135 363 462 378 507
b136 24 103 36 140
b137 25 335 46 363
b138 37 163 79 191
b139 203 392 239 429
b140 346 627 389 639
b141 24 205 43 250
b142 127 325 164 352
b143 376 348 401 372
b144 37 61 77 76
b145 164 362 209 375
b146 48 488 96 521
b147 205 324 247 354
b148 82 199 102 217
b149 195 622 242 644
b150 110 0 141 23
b151 37 23 79 41
b152 0 245 19 261
b153 228 644 269 674
b154 251 202 273 219
b155 24 191 49 205
b156 201 375 229 391
b157 361 212 386 232
b158 317 447 330 470
b159 314 0 346 44
b160 235 249 251 276
b161 251 261 298 307
b162 139 69 157 100
b163 141 0 174 22
b164 125 379 161 420
b165 78 320 99 337
b166 48 420 84 454
b167 343 92 379 129
b168 0 89 24 130
b169 124 488 148 527
b170 79 36 108 81
b171 294 375 334 397
b172 398 503 425 516
b173 86 378 111 410
b174 0 556 16 599
b175 43 282 59 297
b176 182 474 220 507
b177 341 311 382 348
b178 0 36 19 53
b179 161 205 207 239
b180 344 463 363 503
b181 264 137 294 165
b182 0 175 24 220
b183 46 347 85 380
b184 191 0 237 25
b185 287 540 321 567
b186 220 156 251 189
b187 127 420 165 456
b188 251 165 291 202
b189 151 628 195 640
b190 36 581 73 608
b191 107 256 141 272
b192 152 528 181 576
b193 362 429 379 462
b194 0 528 13 556
b195 31 608 44 641
b196 386 167 427 208
b197 191 644 228 672
b198 136 306 184 325
b199 181 528 217 559
b200 385 557 428 594
b201 222 107 248 136
b202 246 546 280 585
b203 124 528 152 543
b204 294 342 335 375
b205 152 22 173 37
b206 200 25 242 60
b207 49 191 82 219
b208 97 522 124 542
b209 203 429 239 474
b210 414 76 427 100
b211 141 256 153 272
b212 298 285 340 306
b213 168 43 200 57
b214 174 0 191 27
b215 237 0 266 21
b216 222 137 264 156
b217 239 498 259 546
b218 380 152 423 167
b219 150 286 178 304
b220 391 0 428 30
b221 175 155 220 168
b222 251 307 285 332
b223 81 114 103 133
b224 52 545 97 566
b225 139 102 177 149
b226 110 592 149 608
b227 242 69 255 101
b228 82 179 103 199
b229 266 0 314 24
b230 72 644 105 674
b231 0 512 30 528
b232 37 0 79 23
b233 24 66 37 82
b234 43 219 61 252
b235 81 133 103 179
b236 388 273 427 300
b237 211 189 251 210
b238 321 558 348 597
b239 282 24 304 64
b240 87 612 110 631
b241 134 192 158 205
b242 388 225 428 247
b243 159 168 193 205
b244 331 463 344 500
b245 0 0 24 36
b246 54 76 77 120
b247 301 116 337 155
b248 337 129 380 160
b249 103 138 138 165
b250 331 429 362 463
b251 44 608 87 642
b252 384 529 403 557
b253 87 631 102 644
b254 24 42 37 66
b255 0 393 47 432
b256 24 82 37 103
b257 386 208 419 225
b258 341 277 385 311
b259 184 286 196 312
b260 309 567 321 586
b261 379 491 424 503
b262 291 189 339 216
b263 196 60 242 107
b264 52 522 97 545
b265 284 432 329 447
b266 340 232 388 277
b267 110 608 149 642
b268 0 150 22 175
b269 193 168 211 205
b270 59 566 82 581
b271 298 261 340 285
b272 185 598 220 622
b273 287 447 317 468
b274 401 343 422 376
b275 224 550 246 578
b276 111 378 125 409
b277 238 276 250 323
b278 24 0 37 42
b279 388 300 427 343
b280 248 106 270 137
b281 43 252 61 282
b282 347 0 391 30
b283 312 419 327 432
b284 311 321 341 342
b285 331 518 364 531
b286 86 342 127 378
b287 182 507 224 528
b288 167 446 203 474
b289 348 558 385 591
b290 285 106 301 133
b291 304 44 347 72
b292 335 372 374 396
b293 287 491 330 510
b294 252 351 269 377
b295 24 140 37 183
b296 370 167 386 194
b297 0 642 38 673
b298 151 640 191 673
b299 112 409 125 422
