511894.796875
848680.5
287371
427 673
27.499221
b0 239 291 266 306
b1 206 484 233 500
b2 298 297 320 323
b3 404 260 425 305
b4 219 0 264 40
b5 184 323 200 349
b6 336 486 374 513
b7 340 159 375 188
b8 285 460 306 496
b9 276 333 301 377
b10 0 324 15 355
b11 70 439 111 463
b12 363 45 382 62
b13 0 397 48 430
b14 100 330 144 351
b15 163 308 197 323
b16 85 0 127 45
b17 345 633 386 670
b18 383 342 426 386
b19 164 0 200 23
b20 363 62 380 75
b21 264 0 308 28
b22 302 186 337 215
b23 340 114 380 131
b24 92 497 110 521
b25 127 42 156 85
b26 85 154 112 172
b27 386 634 426 672
b28 98 296 122 308
b29 310 113 339 143
b30 359 131 379 159
b31 306 444 338 480
b32 61 97 83 116
b33 84 251 130 296
b34 81 521 93 550
b35 395 0 421 12
b36 161 78 191 105
b37 82 584 94 613
b38 276 528 295 549
b39 158 159 170 172
b40 200 272 247 291
b41 380 142 416 161
b42 113 517 159 542
b43 339 382 378 403
b44 354 188 378 215
b45 61 613 85 638
b46 124 615 143 628
b47 16 259 58 299
b48 125 461 153 495
b49 173 648 221 672
b50 358 551 377 565
b51 0 368 16 382
b52 332 231 369 249
b53 85 172 121 184
b54 302 215 332 249
b55 270 642 296 673
b56 349 403 380 449
b57 0 466 48 513
b58 310 143 335 168
b59 379 471 426 509
b60 0 175 16 214
b61 169 263 200 308
b62 0 430 46 466
b63 345 597 391 633
b64 0 99 15 132
b65 0 256 13 279
b66 240 448 285 490
b67 375 161 408 175
b68 224 627 252 672
b69 71 296 98 332
b70 0 601 45 617
b71 93 463 125 497
b72 45 584 60 616
b73 112 159 158 171
b74 191 116 234 150
b75 172 41 192 78
b76 207 233 243 272
b77 247 266 287 284
b78 0 214 16 256
b79 183 530 223 555
b80 205 193 220 229
b81 270 627 302 642
b82 159 517 183 556
b83 338 449 379 486
b84 239 306 273 344
b85 243 223 277 266
b86 237 555 276 599
b87 347 0 395 45
b88 16 131 60 160
b89 16 212 58 232
b90 320 285 344 331
b91 380 99 423 120
b92 300 553 345 600
b93 93 521 113 545
b94 244 187 275 206
b95 192 354 236 391
b96 53 405 99 438
b97 153 481 193 496
b98 127 0 140 35
b99 241 206 281 223
b100 48 475 92 520
b101 280 137 310 173
b102 340 78 380 114
b103 125 542 159 576
b104 264 28 306 42
b105 245 141 280 174
b106 80 197 92 230
b107 152 323 184 338
b108 132 205 169 243
b109 119 85 161 131
b110 200 291 239 333
b111 244 174 265 187
b112 306 480 336 505
b113 61 0 85 36
b114 0 513 44 547
b115 276 299 298 333
b116 200 0 219 28
b117 200 333 239 354
b118 380 386 424 424
b119 119 131 164 159
b120 159 556 195 592
b121 169 229 207 263
b122 18 617 61 637
b123 16 324 52 347
b124 234 110 269 141
b125 195 555 237 601
b126 153 459 165 481
b127 16 299 59 324
b128 16 103 60 131
b129 61 158 83 192
b130 295 522 321 552
b131 16 0 61 48
b132 85 45 103 84
b133 302 600 345 615
b134 53 332 100 366
b135 16 160 61 175
b136 59 293 71 330
b137 153 496 181 517
b138 192 41 234 69
b139 240 344 276 381
b140 240 490 283 502
b141 200 150 245 169
b142 16 232 53 259
b143 277 600 302 624
b144 387 327 427 342
b145 0 279 13 324
b146 287 249 320 297
b147 94 584 124 626
b148 0 617 18 637
b149 100 308 147 330
b150 100 351 131 374
b151 252 627 270 669
b152 143 615 159 634
b153 0 547 41 577
b154 159 592 181 609
b155 23 383 48 397
b156 116 193 132 221
b157 345 572 365 597
b158 0 383 23 396
b159 372 260 404 304
b160 0 0 16 27
b161 240 381 287 427
b162 395 566 426 584
b163 203 448 236 470
b164 320 249 361 285
b165 290 505 311 522
b166 45 520 81 554
b167 16 347 53 383
b168 203 169 244 193
b169 308 0 347 24
b170 234 40 263 85
b171 321 513 343 553
b172 152 338 179 351
b173 147 394 172 426
b174 181 601 224 617
b175 147 307 163 322
b176 306 367 339 405
b177 382 62 423 99
b178 164 23 183 40
b179 42 638 88 672
b180 287 377 306 417
b181 310 85 340 113
b182 0 577 45 601
b183 125 576 158 615
b184 264 79 310 104
b185 85 127 119 154
b186 170 174 203 205
b187 343 513 379 551
b188 152 351 192 388
b189 379 554 423 566
b190 132 280 169 307
b191 156 42 172 76
b192 296 642 344 671
b193 153 426 170 459
b194 263 42 276 70
b195 183 28 216 41
b196 342 341 383 382
b197 395 12 423 49
b198 378 197 426 216
b199 29 175 60 211
b200 344 304 387 341
b201 224 601 253 627
b202 191 82 230 116
b203 61 234 89 249
b204 269 104 310 137
b205 266 284 287 299
b206 0 637 42 672
b207 170 434 203 462
b208 275 186 302 206
b209 88 626 124 671
b210 308 24 332 37
b211 0 132 12 148
b212 239 427 281 448
b213 195 470 227 484
b214 337 188 354 215
b215 310 64 339 85
b216 61 192 80 234
b217 223 535 271 555
b218 110 497 153 512
b219 312 168 340 186
b220 45 554 82 584
b221 376 216 421 229
b222 230 85 264 110
b223 121 171 140 193
b224 16 82 61 103
b225 100 401 147 439
b226 337 215 376 231
b227 192 69 224 82
b228 339 131 359 152
b229 61 36 85 84
b230 140 172 170 205
b231 165 462 195 478
b232 61 116 84 158
b233 0 355 16 368
b234 345 45 363 78
b235 378 175 424 197
b236 302 615 341 642
b237 220 193 241 233
b238 100 374 139 401
b239 380 120 420 142
b240 369 231 388 254
b241 253 599 277 612
b242 111 439 151 461
b243 276 42 310 79
b244 16 175 29 212
b245 169 205 205 229
b246 61 249 84 293
b247 203 409 239 448
b248 181 617 224 648
b249 310 37 345 64
b250 85 84 119 115
b251 82 550 125 584
b252 344 285 372 304
b253 332 24 347 37
b254 61 84 85 97
b255 53 366 100 405
b256 345 551 358 572
b257 159 609 176 642
b258 16 48 60 82
b259 85 115 111 127
b260 383 566 395 585
b261 48 463 93 475
b262 164 105 191 153
b263 380 424 426 471
b264 277 552 300 597
b265 0 54 15 99
b266 379 509 427 554
b267 124 634 158 673
b268 48 438 70 463
b269 203 391 240 409
b270 253 612 276 627
b271 140 0 164 42
b272 92 197 116 232
b273 391 613 421 634
b274 285 427 306 460
b275 60 584 82 612
b276 159 642 173 673
b277 265 174 312 186
b278 382 49 424 62
b279 306 405 349 444
b280 387 305 418 327
b281 365 566 383 596
b282 183 500 227 530
b283 193 484 206 499
b284 170 153 200 174
b285 83 184 116 197
b286 301 331 342 367
b287 281 206 302 248
b288 391 585 427 613
b289 132 243 165 280
b290 0 148 16 175
b291 172 391 200 434
b292 103 45 127 84
b293 89 232 132 251
b294 273 502 290 528
b295 139 351 152 394
b296 0 27 16 54
b297 388 229 426 260
b298 233 502 273 535
b299 227 470 240 483
