526973.375
883800
289089
387 747
20.180109
b0 109 710 124 737
b1 0 550 27 566
b2 200 242 226 264
b3 25 74 70 95
b4 162 438 202 483
b5 246 539 272 555
b6 151 203 189 230
b7 85 469 120 498
b8 25 95 61 116
b9 275 35 300 79
b10 121 523 136 554
b11 126 656 167 680
b12 167 663 186 680
b13 336 519 384 552
b14 47 267 68 311
b15 200 151 215 185
b16 109 181 151 226
b17 160 680 201 717
b18 162 108 206 151
b19 286 587 322 610
b20 27 550 40 567
b21 138 260 182 288
b22 288 0 317 35
b23 226 258 266 275
b24 218 341 236 365
b25 186 312 229 341
b26 338 110 356 137
b27 292 250 332 288
b28 43 322 55 346
b29 45 520 74 550
b30 82 416 110 436
b31 115 0 147 36
b32 208 643 230 662
b33 159 507 205 552
b34 375 281 387 310
b35 186 341 212 353
b36 333 283 363 310
b37 12 83 24 112
b38 259 451 280 470
b39 0 595 12 608
b40 164 552 211 571
b41 351 0 370 36
b42 275 672 321 697
b43 206 125 245 146
b44 147 21 174 45
b45 13 649 38 673
b46 111 697 130 710
b47 131 45 171 87
b48 272 402 300 436
b49 110 141 158 165
b50 235 294 249 313
b51 112 420 126 436
b52 201 663 238 681
b53 336 483 348 519
b54 258 0 288 34
b55 246 402 272 433
b56 0 673 46 704
b57 340 310 387 358
b58 245 555 270 580
b59 151 165 198 203
b60 156 294 195 310
b61 0 412 45 443
b62 25 38 71 74
b63 116 105 162 141
b64 102 280 135 295
b65 208 630 231 643
b66 76 500 121 542
b67 219 39 233 72
b68 60 141 105 169
b69 45 465 72 501
b70 25 22 70 38
b71 353 36 387 68
b72 82 648 114 663
b73 275 697 321 709
b74 85 605 119 648
b75 199 369 236 389
b76 0 443 39 479
b77 195 294 235 312
b78 109 165 151 181
b79 335 703 360 743
b80 102 251 138 266
b81 111 663 126 695
b82 251 515 290 539
b83 299 328 340 365
b84 300 35 338 69
b85 295 216 338 250
b86 231 617 275 656
b87 245 125 293 170
b88 155 360 199 389
b89 321 659 363 679
b90 93 345 139 369
b91 321 614 342 657
b92 139 315 186 360
b93 336 402 356 426
b94 45 501 76 520
b95 55 312 92 356
b96 238 699 271 745
b97 281 79 296 119
b98 72 465 85 500
b99 155 389 195 406
b100 174 22 219 66
b101 242 170 278 200
b102 122 454 162 490
b103 317 0 351 34
b104 158 151 200 165
b105 126 421 161 454
b106 118 70 130 103
b107 295 497 327 512
b108 248 580 286 617
b109 239 79 281 125
b110 233 39 275 78
b111 236 381 249 402
b112 130 697 160 722
b113 331 459 367 483
b114 71 0 115 34
b115 211 548 245 570
b116 267 231 295 250
b117 12 160 51 181
b118 293 149 337 187
b119 338 229 383 257
b120 300 69 336 105
b121 40 550 74 588
b122 0 322 43 342
b123 300 365 336 388
b124 300 427 335 458
b125 338 68 384 110
b126 363 281 375 303
b127 255 354 298 379
b128 65 718 109 746
b129 265 318 299 340
b130 332 257 362 283
b131 246 470 294 515
b132 130 87 169 105
b133 34 212 49 255
b134 0 237 34 284
b135 342 552 387 567
b136 0 0 12 37
b137 295 566 323 587
b138 182 266 224 294
b139 49 588 85 625
b140 0 126 12 169
b141 63 625 82 670
b142 215 146 242 183
b143 362 257 387 281
b144 155 406 195 421
b145 12 38 25 83
b146 45 383 93 416
b147 189 212 231 242
b148 367 458 387 476
b149 74 542 121 564
b150 136 523 159 554
b151 12 181 54 199
b152 199 353 218 369
b153 295 512 336 542
b154 83 696 100 718
b155 221 534 246 548
b156 205 518 221 546
b157 270 558 295 578
b158 12 0 25 23
b159 0 479 44 511
b160 204 614 231 630
b161 119 610 166 656
b162 300 458 331 476
b163 45 443 78 465
b164 85 564 121 605
b165 147 0 164 21
b166 13 595 49 629
b167 46 670 83 706
b168 161 573 202 597
b169 164 483 203 507
b170 293 187 338 216
b171 224 402 246 442
b172 83 128 110 141
b173 267 250 292 282
b174 112 369 155 385
b175 38 649 54 664
b176 166 597 204 630
b177 349 358 386 399
b178 224 275 241 294
b179 70 94 116 128
b180 236 341 255 381
b181 356 110 386 138
b182 342 567 366 612
b183 225 0 258 39
b184 360 695 385 741
b185 198 185 232 212
b186 260 200 293 231
b187 271 709 307 747
b188 121 573 161 610
b189 0 37 12 81
b190 45 416 82 443
b191 71 60 87 94
b192 195 389 224 437
b193 162 421 195 438
b194 0 608 13 636
b195 370 0 383 33
b196 24 706 65 747
b197 307 709 335 746
b198 323 566 342 614
b199 348 427 384 458
b200 238 656 275 699
b201 222 584 248 613
b202 342 625 381 659
b203 278 170 293 198
b204 167 630 208 663
b205 338 36 353 57
b206 112 385 154 420
b207 83 663 111 696
b208 36 629 63 649
b209 0 376 45 412
b210 187 242 200 266
b211 0 636 12 652
b212 293 128 335 149
b213 102 266 134 280
b214 139 288 156 315
b215 0 566 21 595
b216 93 369 112 411
b217 12 140 60 160
b218 121 490 164 505
b219 82 249 100 277
b220 201 715 238 745
b221 342 612 387 625
b222 109 226 143 251
b223 272 539 294 558
b224 366 567 387 612
b225 0 284 47 322
b226 171 66 187 105
b227 335 427 348 459
b228 164 0 185 20
b229 12 116 60 140
b230 168 717 201 747
b231 221 518 251 534
b232 296 105 338 128
b233 280 451 296 464
b234 49 249 82 267
b235 25 0 71 22
b236 45 356 84 383
b237 203 437 224 477
b238 232 219 259 258
b239 185 0 225 22
b240 13 629 36 648
b241 85 208 109 221
b242 224 442 246 482
b243 201 681 238 715
b244 336 365 349 402
b245 363 659 387 695
b246 124 722 168 745
b247 300 388 336 427
b248 92 314 135 345
b249 68 277 95 312
b250 290 610 321 644
b251 0 342 43 376
b252 232 200 260 219
b253 12 23 25 38
b254 34 255 47 279
b255 60 169 107 208
b256 0 652 13 673
b257 126 680 159 697
b258 87 36 131 70
b259 71 34 83 60
b260 100 295 112 314
b261 0 81 12 126
b262 54 222 102 249
b263 338 183 385 229
b264 255 379 300 402
b265 246 436 291 451
b266 338 138 386 183
b267 348 483 387 517
b268 12 212 34 237
b269 121 505 158 523
b270 275 617 290 640
b271 0 704 24 746
b272 321 679 356 703
b273 279 288 300 318
b274 294 476 327 497
b275 356 399 378 427
b276 54 208 85 222
b277 0 169 12 216
b278 255 341 297 354
b279 0 511 43 550
b280 87 70 118 92
b281 204 584 222 614
b282 143 230 187 260
b283 246 451 259 466
b284 249 292 279 313
b285 12 199 45 212
b286 205 482 246 518
b287 187 66 208 108
b288 229 313 265 341
b289 85 436 122 469
b290 112 295 139 311
b291 275 644 318 672
b292 295 542 334 566
b293 121 554 164 573
b294 241 275 267 292
b295 202 571 245 584
b296 21 567 37 594
b297 208 78 239 116
b298 300 288 333 328
b299 70 128 83 141
