543254.390625
856706
286794
423 678
34.64537
b0 208 348 223 375
b1 251 126 267 153
b2 376 434 402 456
b3 96 238 117 283
b4 172 610 212 655
b5 34 505 50 531
b6 267 126 305 153
b7 189 118 218 153
b8 290 356 326 377
b9 256 195 300 220
b10 103 324 118 355
b11 335 328 376 352
b12 87 654 104 673
b13 219 153 267 186
b14 378 306 422 327
b15 250 308 284 323
b16 378 222 423 264
b17 337 255 378 292
b18 379 144 422 188
b19 336 69 372 92
b20 140 102 157 115
b21 71 536 99 580
b22 247 0 276 35
b23 166 468 206 485
b24 32 233 50 257
b25 393 613 422 656
b26 273 244 300 262
b27 12 44 52 82
b28 181 274 193 298
b29 125 406 155 435
b30 12 252 32 280
b31 340 92 376 124
b32 104 659 126 678
b33 275 408 320 454
b34 371 501 383 530
b35 383 503 409 515
b36 142 637 172 664
b37 0 258 12 287
b38 161 155 180 176
b39 100 179 112 192
b40 52 28 71 75
b41 36 605 72 624
b42 212 610 237 656
b43 155 376 176 415
b44 273 220 300 244
b45 384 478 408 503
b46 300 197 319 210
b47 139 274 181 314
b48 276 0 310 28
b49 305 28 353 52
b50 319 197 338 211
b51 84 179 100 193
b52 300 254 337 272
b53 0 612 36 624
b54 0 467 34 497
b55 397 104 423 135
b56 261 377 307 408
b57 71 132 119 179
b58 141 493 166 518
b59 123 132 161 179
b60 91 615 107 654
b61 252 262 297 293
b62 118 360 154 406
b63 12 119 58 155
b64 407 580 422 613
b65 133 606 146 629
b66 119 179 161 224
b67 379 613 393 646
b68 205 276 250 304
b69 55 319 82 355
b70 319 575 335 620
b71 179 51 211 85
b72 340 382 372 397
b73 0 76 12 122
b74 146 0 189 34
b75 338 422 375 442
b76 383 544 422 580
b77 379 104 397 144
b78 102 17 118 59
b79 383 519 423 544
b80 34 490 70 505
b81 179 36 211 51
b82 121 469 160 493
b83 34 564 71 605
b84 12 199 50 233
b85 213 0 247 43
b86 194 304 233 348
b87 73 463 121 508
b88 165 224 209 253
b89 242 80 262 122
b90 376 47 422 71
b91 139 253 182 274
b92 157 519 204 564
b93 34 437 58 457
b94 15 646 34 677
b95 335 613 379 650
b96 376 71 422 104
b97 206 496 246 511
b98 246 500 281 513
b99 336 52 376 69
b100 73 193 117 238
b101 340 352 376 382
b102 297 272 337 308
b103 121 435 155 469
b104 326 356 340 398
b105 72 580 105 615
b106 0 43 12 76
b107 0 646 15 678
b108 155 338 192 376
b109 267 153 313 195
b110 96 285 138 324
b111 212 656 225 677
b112 62 648 87 678
b113 189 0 213 36
b114 0 568 34 612
b115 117 251 139 285
b116 52 0 71 28
b117 180 155 219 176
b118 12 155 50 199
b119 331 650 376 678
b120 237 621 273 657
b121 0 407 34 445
b122 137 518 157 561
b123 50 201 73 237
b124 305 122 340 153
b125 337 542 383 584
b126 193 274 205 296
b127 310 0 353 25
b128 283 513 311 557
b129 103 511 137 533
b130 107 605 133 635
b131 161 176 206 224
b132 52 75 70 114
b133 336 499 351 542
b134 71 59 118 93
b135 275 454 320 469
b136 0 287 12 324
b137 161 134 189 155
b138 206 468 248 496
b139 283 570 319 607
b140 0 0 12 43
b141 283 646 328 665
b142 219 186 256 213
b143 98 105 123 129
b144 237 606 277 621
b145 58 114 71 159
b146 204 511 237 559
b147 248 346 290 376
b148 121 493 141 511
b149 118 31 140 78
b150 155 415 186 438
b151 403 434 421 476
b152 378 327 394 346
b153 80 433 121 463
b154 138 115 160 132
b155 251 293 276 307
b156 192 348 208 376
b157 223 349 248 369
b158 371 478 384 501
b159 282 469 314 513
b160 80 238 96 265
b161 376 388 423 434
b162 128 0 146 31
b163 0 445 33 467
b164 337 292 378 328
b165 336 482 357 499
b166 118 324 152 360
b167 12 82 48 119
b168 338 158 379 182
b169 205 559 244 583
b170 378 277 423 306
b171 12 22 52 44
b172 80 292 93 319
b173 311 513 336 545
b174 82 417 125 433
b175 394 327 410 342
b176 82 379 115 417
b177 211 43 252 80
b178 12 233 29 252
b179 237 513 283 547
b180 262 79 302 98
b181 34 648 62 678
b182 46 624 91 648
b183 176 85 215 118
b184 34 412 80 437
b185 99 536 133 563
b186 0 497 33 528
b187 338 219 376 255
b188 338 182 378 219
b189 0 167 12 211
b190 215 80 242 117
b191 46 355 80 371
b192 359 584 407 613
b193 338 442 371 459
b194 307 377 320 405
b195 283 557 316 570
b196 41 371 82 412
b197 66 508 103 536
b198 286 28 305 76
b199 215 245 251 276
b200 300 211 337 254
b201 32 257 61 283
b202 244 547 283 581
b203 161 81 176 109
b204 153 564 186 605
b205 276 293 297 308
b206 105 563 140 605
b207 176 376 204 409
b208 118 78 138 105
b209 227 432 272 468
b210 314 469 338 482
b211 410 327 422 343
b212 50 159 71 201
b213 357 459 371 491
b214 351 499 368 526
b215 71 38 100 59
b216 376 346 395 388
b217 204 376 224 424
b218 199 424 214 467
b219 61 256 79 284
b220 224 376 261 406
b221 140 561 153 606
b222 55 284 80 318
b223 338 459 357 481
b224 225 657 270 678
b225 384 0 422 47
b226 368 0 384 39
b227 283 665 315 678
b228 140 81 160 102
b229 227 408 275 432
b230 218 122 251 152
b231 50 505 66 535
b232 248 323 290 346
b233 176 118 189 134
b234 186 592 219 610
b235 0 624 46 646
b236 71 93 98 132
b237 172 655 212 676
b238 395 343 422 382
b239 12 0 52 22
b240 50 237 73 256
b241 206 176 219 200
b242 379 656 419 678
b243 166 485 203 519
b244 214 424 227 461
b245 82 355 118 379
b246 313 153 336 197
b247 283 607 319 646
b248 305 52 336 95
b249 305 95 340 122
b250 248 469 282 500
b251 379 188 422 222
b252 186 564 205 592
b253 58 437 73 450
b254 219 213 243 226
b255 140 34 179 81
b256 270 657 283 678
b257 320 398 337 431
b258 252 35 286 79
b259 319 620 331 646
b260 123 105 135 124
b261 0 122 12 167
b262 117 224 165 251
b263 0 324 46 371
b264 235 583 280 606
b265 233 304 248 349
b266 290 308 335 356
b267 340 124 379 158
b268 337 584 359 609
b269 320 431 338 468
b270 161 109 176 132
b271 152 314 194 338
b272 107 635 142 659
b273 314 482 335 512
b274 182 253 215 274
b275 375 456 403 478
b276 126 664 157 678
b277 0 211 12 258
b278 378 264 420 277
b279 12 283 55 322
b280 146 606 168 637
b281 319 545 337 575
b282 155 438 199 468
b283 353 0 368 13
b284 82 324 103 354
b285 353 13 366 46
b286 0 371 41 407
b287 252 220 273 262
b288 33 536 69 564
b289 34 457 71 490
b290 219 583 235 610
b291 262 98 305 126
b292 337 398 376 422
b293 209 226 252 245
b294 102 0 128 17
b295 409 476 422 519
b296 80 265 96 292
b297 71 0 102 38
b298 0 528 33 568
b299 71 179 84 192
