556401.28125
885144
287430
402 715
34.848352
b0 75 248 90 275
b1 204 253 220 280
b2 209 487 235 509
b3 266 292 311 313
b4 308 324 353 364
b5 226 436 242 462
b6 0 474 27 512
b7 277 537 312 566
b8 82 423 103 459
b9 285 206 310 250
b10 206 137 221 168
b11 291 138 315 179
b12 231 561 248 580
b13 369 210 402 258
b14 48 279 69 323
b15 91 389 106 423
b16 220 670 265 712
b17 12 46 53 83
b18 234 517 277 561
b19 48 345 84 368
b20 318 65 331 82
b21 110 276 138 320
b22 265 644 294 679
b23 352 407 392 424
b24 186 253 204 277
b25 86 202 129 231
b26 48 261 75 279
b27 0 614 40 652
b28 194 137 206 161
b29 77 484 106 514
b30 197 0 217 28
b31 0 582 36 614
b32 379 25 401 44
b33 217 0 262 46
b34 254 290 266 319
b35 181 148 193 174
b36 291 65 318 95
b37 56 686 68 715
b38 67 324 88 343
b39 254 374 267 386
b40 192 618 239 637
b41 195 564 231 583
b42 146 504 192 529
b43 118 236 139 275
b44 248 561 272 588
b45 74 460 99 484
b46 197 65 216 78
b47 361 424 401 466
b48 257 213 285 247
b49 122 529 170 553
b50 149 163 163 182
b51 131 626 145 642
b52 211 393 248 411
b53 0 0 12 36
b54 131 575 161 609
b55 138 354 164 385
b56 12 0 43 46
b57 142 445 190 492
b58 218 411 243 436
b59 0 332 47 370
b60 325 491 364 507
b61 161 589 192 634
b62 310 206 356 242
b63 356 258 402 294
b64 220 261 253 276
b65 195 605 218 618
b66 354 294 399 336
b67 97 130 111 163
b68 334 25 379 53
b69 57 107 93 134
b70 277 455 322 471
b71 92 168 124 202
b72 134 642 149 674
b73 304 416 350 428
b74 54 134 97 168
b75 197 28 217 65
b76 158 0 197 36
b77 27 474 45 514
b78 266 313 308 329
b79 58 20 83 60
b80 12 151 48 166
b81 149 148 181 163
b82 0 558 39 582
b83 360 520 401 557
b84 111 129 149 163
b85 83 0 117 43
b86 363 618 402 662
b87 12 83 57 131
b88 123 41 167 70
b89 12 131 54 151
b90 144 387 190 411
b91 320 588 363 609
b92 91 323 138 368
b93 36 690 56 714
b94 124 163 143 194
b95 176 670 220 707
b96 0 254 46 287
b97 221 121 236 161
b98 334 53 369 66
b99 0 514 40 531
b100 150 103 194 148
b101 167 36 197 72
b102 217 58 253 98
b103 106 480 140 514
b104 129 194 143 236
b105 230 637 265 670
b106 0 80 12 113
b107 272 629 304 644
b108 292 28 330 65
b109 313 546 359 588
b110 270 250 309 292
b111 33 452 46 473
b112 370 0 400 25
b113 0 690 36 714
b114 144 411 188 445
b115 186 231 220 253
b116 211 637 230 665
b117 149 634 170 673
b118 106 389 144 433
b119 90 231 118 276
b120 325 455 361 491
b121 364 148 402 182
b122 310 242 330 285
b123 334 0 370 23
b124 324 646 359 677
b125 0 370 46 412
b126 277 508 299 520
b127 143 231 186 256
b128 175 280 219 308
b129 137 692 171 714
b130 353 66 383 92
b131 0 287 48 332
b132 137 674 176 692
b133 43 0 58 43
b134 236 132 270 179
b135 40 514 85 529
b136 315 508 327 545
b137 190 414 218 435
b138 292 0 334 28
b139 322 677 358 714
b140 140 492 183 504
b141 69 279 88 324
b142 85 514 122 541
b143 170 530 195 554
b144 40 529 80 544
b145 190 474 235 487
b146 272 596 320 629
b147 262 21 292 63
b148 197 78 217 96
b149 88 276 110 323
b150 221 98 252 121
b151 143 256 185 274
b152 112 578 131 594
b153 272 566 313 596
b154 277 520 299 537
b155 145 609 159 634
b156 304 629 320 657
b157 58 0 83 20
b158 48 248 71 261
b159 210 331 254 363
b160 294 686 321 702
b161 173 185 220 231
b162 383 77 401 108
b163 0 452 33 474
b164 90 627 131 663
b165 332 66 353 83
b166 195 530 231 564
b167 220 192 257 228
b168 278 329 302 370
b169 361 466 400 490
b170 46 390 91 419
b171 48 368 88 390
b172 113 116 140 129
b173 334 136 359 168
b174 111 70 154 86
b175 163 163 179 178
b176 253 63 291 96
b177 323 168 364 205
b178 192 397 211 414
b179 78 581 112 627
b180 27 412 46 452
b181 291 95 319 125
b182 254 329 278 374
b183 327 507 360 546
b184 58 60 83 106
b185 0 531 34 558
b186 239 605 272 636
b187 190 436 226 474
b188 40 544 80 581
b189 0 36 12 80
b190 286 179 323 206
b191 249 387 283 403
b192 138 306 167 354
b193 383 44 400 77
b194 294 673 322 686
b195 242 436 255 469
b196 117 0 158 41
b197 297 471 325 508
b198 235 469 254 517
b199 358 684 394 715
b200 320 609 363 646
b201 334 110 363 136
b202 363 584 402 618
b203 221 161 236 189
b204 170 637 211 670
b205 63 202 84 217
b206 219 289 254 331
b207 364 182 397 210
b208 332 83 352 110
b209 45 628 90 664
b210 122 514 146 527
b211 112 594 128 606
b212 255 436 276 478
b213 192 365 206 397
b214 193 168 220 185
b215 265 679 294 700
b216 315 125 334 167
b217 0 211 48 231
b218 337 364 352 407
b219 257 195 285 213
b220 113 86 150 116
b221 265 702 310 715
b222 243 411 277 436
b223 48 323 67 345
b224 91 368 136 389
b225 40 581 78 628
b226 98 699 137 715
b227 45 496 77 509
b228 254 497 275 517
b229 353 383 401 407
b230 364 490 397 520
b231 294 657 324 673
b232 0 231 42 254
b233 257 179 270 195
b234 304 364 337 382
b235 195 583 241 605
b236 359 557 398 584
b237 283 387 304 427
b238 0 412 27 451
b239 83 43 123 65
b240 145 553 168 572
b241 291 125 315 138
b242 359 662 399 684
b243 80 541 114 578
b244 138 293 175 306
b245 110 663 134 699
b246 167 308 211 331
b247 363 109 399 148
b248 154 72 197 103
b249 325 428 360 455
b250 304 382 335 416
b251 167 331 210 365
b252 83 65 111 84
b253 291 370 304 385
b254 267 374 291 387
b255 103 433 142 480
b256 236 179 257 192
b257 112 609 145 626
b258 48 168 92 202
b259 319 95 331 121
b260 190 487 209 499
b261 217 46 262 58
b262 277 428 325 455
b263 354 336 400 383
b264 0 667 45 690
b265 0 652 45 667
b266 0 166 48 211
b267 252 98 291 132
b268 45 664 70 686
b269 138 275 175 293
b270 93 107 108 130
b271 330 242 354 284
b272 168 554 192 589
b273 83 86 113 107
b274 270 132 291 165
b275 164 365 192 387
b276 241 588 272 602
b277 0 113 12 160
b278 356 210 369 252
b279 311 285 354 324
b280 114 553 145 575
b281 68 697 98 715
b282 143 182 173 226
b283 48 202 63 215
b284 262 0 292 21
b285 220 276 253 289
b286 46 419 82 460
b287 192 509 234 530
b288 46 460 74 496
b289 220 228 257 261
b290 270 165 286 192
b291 206 365 249 393
b292 197 98 221 137
b293 254 478 297 497
b294 353 92 379 109
b295 257 247 270 290
b296 299 508 315 535
b297 48 217 86 248
b298 70 664 110 697
b299 319 82 332 95
