543176.453125
856129.5
287124
426 674
37.390166
b0 43 401 70 416
b1 321 210 337 237
b2 115 488 137 514
b3 342 473 387 494
b4 319 108 364 148
b5 293 177 319 193
b6 0 156 38 183
b7 288 70 317 105
b8 53 18 89 39
b9 100 62 144 87
b10 371 335 386 366
b11 359 169 383 210
b12 0 365 19 382
b13 118 155 151 203
b14 217 123 261 144
b15 408 167 423 201
b16 364 77 409 119
b17 215 216 256 253
b18 181 0 225 43
b19 296 108 319 144
b20 123 352 140 365
b21 43 474 71 518
b22 117 417 146 452
b23 123 255 140 295
b24 92 12 116 30
b25 244 527 287 556
b26 178 574 196 601
b27 387 481 425 521
b28 40 24 52 48
b29 0 274 30 303
b30 53 110 81 130
b31 359 45 395 77
b32 81 110 103 129
b33 241 556 287 601
b34 118 50 147 62
b35 263 454 275 480
b36 181 43 208 73
b37 326 539 355 551
b38 201 77 220 98
b39 98 30 111 42
b40 226 435 273 454
b41 128 236 164 255
b42 240 648 286 673
b43 57 295 78 334
b44 78 369 102 396
b45 363 310 387 335
b46 258 311 277 324
b47 148 449 188 491
b48 84 129 118 157
b49 19 334 43 382
b50 179 526 198 540
b51 287 569 301 585
b52 260 416 297 434
b53 40 128 52 164
b54 388 312 422 342
b55 175 73 201 104
b56 106 205 152 236
b57 274 480 322 527
b58 322 500 347 525
b59 162 291 209 329
b60 258 295 297 311
b61 213 253 258 284
b62 0 582 36 628
b63 63 609 109 645
b64 288 208 321 223
b65 103 112 126 125
b66 225 0 270 42
b67 36 593 50 626
b68 367 0 395 45
b69 37 249 73 276
b70 217 107 262 123
b71 188 494 222 526
b72 411 201 426 233
b73 307 39 353 51
b74 328 351 371 385
b75 173 359 210 379
b76 0 462 39 498
b77 380 555 420 573
b78 109 602 151 618
b79 173 218 213 243
b80 171 659 207 674
b81 377 119 409 134
b82 33 295 57 334
b83 270 0 307 41
b84 40 215 78 249
b85 383 413 426 447
b86 298 291 342 330
b87 91 518 136 566
b88 140 329 169 373
b89 308 361 328 403
b90 264 181 288 227
b91 152 155 173 198
b92 378 368 425 413
b93 161 43 181 67
b94 0 334 19 365
b95 71 481 115 518
b96 242 74 288 107
b97 78 254 118 269
b98 40 93 53 128
b99 258 242 298 259
b100 196 565 240 610
b101 329 643 365 673
b102 0 0 40 36
b103 208 43 242 77
b104 367 660 409 674
b105 391 134 426 167
b106 78 306 111 318
b107 256 227 288 242
b108 0 545 38 582
b109 137 504 179 550
b110 287 527 326 569
b111 388 255 409 268
b112 113 87 143 112
b113 173 379 197 415
b114 382 521 426 555
b115 333 593 367 615
b116 78 205 106 224
b117 140 277 161 316
b118 388 268 426 312
b119 286 612 331 640
b120 0 120 36 156
b121 0 86 38 120
b122 161 0 181 43
b123 77 74 100 110
b124 50 554 81 589
b125 21 628 63 674
b126 140 316 162 328
b127 383 168 408 211
b128 395 0 423 44
b129 43 334 77 356
b130 174 633 204 659
b131 216 144 261 192
b132 53 0 92 18
b133 94 566 109 609
b134 146 415 193 449
b135 209 304 254 319
b136 296 331 308 368
b137 401 586 422 614
b138 317 51 359 79
b139 307 0 343 37
b140 136 550 179 562
b141 109 618 154 637
b142 174 104 201 141
b143 342 270 366 295
b144 77 429 117 444
b145 78 269 123 282
b146 228 341 261 389
b147 174 165 216 195
b148 154 620 174 638
b149 222 481 244 528
b150 351 516 382 539
b151 50 589 92 607
b152 111 637 130 653
b153 169 329 210 359
b154 106 236 128 253
b155 326 525 351 539
b156 147 67 175 83
b157 371 143 391 168
b158 100 87 113 110
b159 379 211 411 255
b160 288 223 315 239
b161 332 385 378 432
b162 53 146 84 164
b163 296 144 318 177
b164 78 318 119 354
b165 152 210 169 231
b166 43 416 77 452
b167 258 259 295 295
b168 174 141 215 165
b169 343 0 367 39
b170 317 79 362 108
b171 347 494 387 516
b172 153 491 180 504
b173 395 44 420 76
b174 118 34 161 50
b175 53 130 68 146
b176 193 419 226 457
b177 136 373 173 414
b178 111 653 130 670
b179 275 434 309 480
b180 242 42 282 61
b181 78 224 106 254
b182 78 282 123 306
b183 77 396 116 429
b184 354 210 379 256
b185 298 403 332 430
b186 0 303 33 334
b187 53 518 91 554
b188 77 444 117 481
b189 38 549 50 593
b190 319 148 356 175
b191 179 540 195 574
b192 87 157 116 205
b193 228 324 261 341
b194 261 373 289 386
b195 204 633 237 646
b196 309 432 350 473
b197 0 36 37 64
b198 30 276 78 295
b199 117 452 148 488
b200 198 528 241 565
b201 387 342 416 368
b202 139 116 173 155
b203 226 420 254 435
b204 0 429 41 462
b205 356 148 371 169
b206 261 331 296 373
b207 207 646 240 674
b208 322 473 342 500
b209 109 566 154 602
b210 401 573 425 586
b211 152 198 168 210
b212 0 628 21 670
b213 261 151 293 165
b214 363 539 380 566
b215 282 41 303 70
b216 367 614 409 633
b217 210 284 258 304
b218 409 76 424 119
b219 210 319 228 347
b220 261 386 298 416
b221 295 278 340 291
b222 102 369 136 394
b223 154 601 176 620
b224 43 356 64 401
b225 40 164 87 202
b226 201 98 217 137
b227 319 175 332 207
b228 277 311 298 331
b229 216 192 264 216
b230 144 83 174 116
b231 261 165 291 181
b232 173 195 215 218
b233 137 491 153 504
b234 210 347 228 380
b235 287 590 333 612
b236 367 633 406 660
b237 342 295 363 335
b238 197 380 224 419
b239 0 64 40 86
b240 117 394 136 417
b241 364 119 377 143
b242 366 270 388 310
b243 0 240 37 274
b244 242 61 279 74
b245 334 569 370 593
b246 194 610 238 633
b247 0 183 39 219
b248 286 640 329 671
b249 332 175 359 210
b250 226 389 260 420
b251 118 0 161 34
b252 308 330 336 349
b253 81 566 94 581
b254 40 0 53 24
b255 0 498 39 545
b256 341 236 354 257
b257 409 614 426 647
b258 262 107 296 151
b259 92 0 118 12
b260 308 349 327 361
b261 40 48 52 93
b262 63 645 111 672
b263 240 601 286 648
b264 53 39 98 62
b265 78 354 123 369
b266 165 243 210 291
b267 387 447 426 481
b268 140 255 165 277
b269 326 551 363 569
b270 293 193 316 208
b271 221 457 263 481
b272 53 74 77 109
b273 0 219 30 240
b274 301 569 334 590
b275 220 77 242 105
b276 39 518 53 549
b277 53 62 100 74
b278 64 356 77 398
b279 298 239 341 278
b280 43 452 74 474
b281 176 601 194 631
b282 244 481 274 525
b283 123 295 136 310
b284 118 125 139 155
b285 40 202 73 215
b286 130 638 171 674
b287 119 310 140 352
b288 331 615 367 643
b289 188 457 221 494
b290 336 335 363 351
b291 0 382 43 410
b292 154 562 178 601
b293 0 410 43 429
b294 337 210 354 236
b295 341 257 384 270
b296 409 647 425 674
b297 370 573 401 611
b298 350 432 383 472
b299 68 130 81 143
