525493.390625
882699.5
287356
398 722
34.497644
b0 245 66 272 81
b1 146 667 162 694
b2 232 128 254 154
b3 217 377 262 398
b4 46 308 86 353
b5 40 615 66 631
b6 226 591 264 618
b7 177 269 206 304
b8 118 333 139 369
b9 188 244 232 269
b10 0 632 15 663
b11 294 0 335 24
b12 311 437 330 454
b13 298 389 331 437
b14 160 355 181 399
b15 61 527 76 561
b16 282 306 327 348
b17 201 37 242 74
b18 235 203 279 246
b19 370 453 393 489
b20 342 197 355 214
b21 265 625 309 653
b22 90 405 119 440
b23 357 705 397 722
b24 60 662 78 686
b25 317 217 360 246
b26 331 435 358 453
b27 0 377 40 415
b28 281 348 293 372
b29 206 269 235 299
b30 0 507 20 535
b31 189 0 225 32
b32 276 248 295 270
b33 123 499 169 544
b34 94 134 106 163
b35 188 189 214 201
b36 130 54 160 81
b37 0 153 12 182
b38 224 307 243 328
b39 138 248 151 260
b40 43 431 90 450
b41 213 128 232 164
b42 40 566 65 612
b43 272 443 311 464
b44 66 693 90 720
b45 317 193 342 217
b46 213 164 232 177
b47 357 523 397 565
b48 137 260 165 294
b49 265 585 313 609
b50 130 40 149 54
b51 134 694 148 710
b52 225 0 243 37
b53 107 102 143 114
b54 166 459 200 489
b55 245 15 276 41
b56 61 90 107 121
b57 0 236 48 283
b58 327 282 352 307
b59 188 206 235 244
b60 333 152 349 191
b61 13 151 58 182
b62 193 503 239 539
b63 257 157 293 203
b64 277 609 310 624
b65 186 654 199 677
b66 90 456 135 498
b67 296 375 329 389
b68 346 366 391 394
b69 13 182 40 218
b70 378 201 394 246
b71 155 400 189 432
b72 139 325 154 357
b73 294 100 340 112
b74 92 634 135 668
b75 294 151 314 188
b76 226 539 265 575
b77 137 307 177 325
b78 200 461 216 503
b79 130 0 155 40
b80 138 212 153 248
b81 193 539 225 554
b82 106 0 130 39
b83 189 613 226 654
b84 99 299 137 333
b85 354 489 397 523
b86 0 588 39 632
b87 61 0 106 48
b88 73 165 102 209
b89 107 39 127 81
b90 13 127 59 151
b91 98 585 141 606
b92 251 398 298 443
b93 189 399 209 423
b94 262 343 281 374
b95 314 454 351 498
b96 0 325 46 358
b97 295 248 310 288
b98 0 72 13 107
b99 186 596 226 613
b100 313 620 357 665
b101 119 402 155 432
b102 314 498 354 534
b103 310 248 344 282
b104 279 203 293 245
b105 273 689 308 722
b106 155 27 188 39
b107 243 0 275 15
b108 176 151 213 189
b109 61 48 107 90
b110 294 58 333 100
b111 162 684 183 697
b112 154 325 179 355
b113 110 668 146 692
b114 364 394 398 438
b115 262 375 296 397
b116 71 450 90 478
b117 107 81 146 102
b118 314 546 352 590
b119 151 86 196 114
b120 361 34 397 70
b121 155 616 189 654
b122 43 387 86 407
b123 181 355 217 378
b124 59 134 94 165
b125 0 283 46 325
b126 15 649 37 661
b127 143 591 186 616
b128 90 693 134 721
b129 63 493 85 527
b130 143 563 173 589
b131 13 62 61 107
b132 276 0 294 39
b133 212 446 255 461
b134 364 154 398 201
b135 299 495 314 540
b136 143 616 155 653
b137 189 378 217 399
b138 97 606 139 634
b139 86 498 123 534
b140 314 534 357 546
b141 0 358 45 377
b142 293 348 330 375
b143 183 696 208 720
b144 358 438 398 453
b145 141 654 186 667
b146 155 210 188 258
b147 313 590 355 620
b148 43 489 63 507
b149 335 0 357 47
b150 357 624 388 647
b151 360 201 378 243
b152 136 196 155 212
b153 160 39 201 69
b154 162 667 184 684
b155 343 665 357 690
b156 224 328 240 356
b157 151 151 176 171
b158 137 294 160 307
b159 86 333 118 377
b160 90 440 117 456
b161 91 252 137 299
b162 214 110 245 128
b163 119 369 141 402
b164 269 653 310 689
b165 340 96 361 113
b166 179 114 213 150
b167 0 685 36 722
b168 235 283 276 307
b169 357 647 396 671
b170 270 495 299 540
b171 21 544 61 566
b172 0 45 13 72
b173 78 668 110 693
b174 237 477 280 493
b175 70 478 86 493
b176 13 29 51 62
b177 235 246 276 283
b178 255 443 272 462
b179 352 246 398 280
b180 119 432 159 451
b181 370 111 398 141
b182 169 489 193 534
b183 337 113 370 152
b184 308 697 354 722
b185 155 0 189 27
b186 40 182 73 213
b187 226 618 264 654
b188 21 507 61 544
b189 76 552 120 564
b190 54 213 91 240
b191 208 706 242 722
b192 13 0 61 29
b193 310 680 343 697
b194 370 141 398 154
b195 79 631 92 664
b196 48 267 89 308
b197 151 114 179 151
b198 120 544 168 563
b199 214 74 245 110
b200 0 470 43 507
b201 135 451 164 477
b202 357 671 396 705
b203 310 665 338 680
b204 331 394 364 435
b205 272 66 293 81
b206 355 565 397 600
b207 86 377 119 405
b208 43 469 70 489
b209 179 304 224 340
b210 254 144 278 157
b211 265 609 277 625
b212 216 461 237 503
b213 65 601 97 615
b214 208 689 235 706
b215 214 177 235 206
b216 314 151 333 193
b217 13 107 61 127
b218 181 340 224 355
b219 13 218 41 236
b220 173 554 203 591
b221 0 0 13 45
b222 245 41 279 66
b223 184 677 206 696
b224 98 564 143 585
b225 91 214 138 252
b226 226 575 265 591
b227 385 0 398 32
b228 294 188 314 209
b229 245 654 269 702
b230 36 686 66 719
b231 330 347 346 377
b232 203 554 226 596
b233 240 343 256 356
b234 86 534 119 552
b235 199 654 245 676
b236 0 415 39 442
b237 327 307 348 347
b238 212 419 251 446
b239 235 157 257 197
b240 169 534 192 553
b241 276 282 289 306
b242 0 566 40 588
b243 294 24 331 58
b244 208 676 245 689
b245 357 600 393 624
b246 106 148 150 171
b247 243 307 282 343
b248 239 493 270 536
b249 54 240 89 267
b250 280 464 314 495
b251 102 171 136 214
b252 43 450 71 469
b253 41 213 54 228
b254 86 308 99 332
b255 348 327 395 366
b256 340 83 361 96
b257 160 69 193 86
b258 107 114 151 148
b259 357 22 383 34
b260 276 270 295 282
b261 165 258 177 303
b262 164 432 212 459
b263 352 280 398 327
b264 15 662 60 685
b265 349 152 364 197
b266 265 540 313 585
b267 46 353 85 387
b268 136 171 158 196
b269 196 74 214 111
b270 279 39 294 62
b271 43 407 85 431
b272 148 697 183 721
b273 158 189 188 210
b274 217 398 250 419
b275 357 0 385 22
b276 242 702 273 716
b277 0 182 12 229
b278 237 464 279 477
b279 294 112 337 151
b280 135 477 166 499
b281 295 288 325 306
b282 245 81 289 111
b283 0 663 15 676
b284 0 535 21 565
b285 0 120 13 153
b286 361 70 397 111
b287 217 356 259 377
b288 333 47 361 83
b289 65 564 98 601
b290 66 615 93 631
b291 0 442 43 470
b292 293 209 317 248
b293 141 357 160 400
b294 15 632 41 649
b295 61 121 104 134
b296 354 453 370 480
b297 41 631 79 662
b298 254 111 294 144
b299 0 107 13 120
