577670.25
866272.5
289068
442 654
39.984117
b0 280 439 307 454
b1 335 412 362 428
b2 84 207 106 233
b3 179 291 200 336
b4 402 16 442 61
b5 20 574 46 590
b6 387 109 425 136
b7 145 192 180 221
b8 290 629 326 650
b9 371 206 396 250
b10 249 0 280 15
b11 380 347 421 371
b12 358 0 375 19
b13 145 498 193 531
b14 205 0 249 21
b15 66 514 100 529
b16 274 587 319 629
b17 104 365 141 406
b18 60 383 103 427
b19 155 131 191 154
b20 42 420 59 433
b21 293 322 337 350
b22 100 38 129 73
b23 53 145 93 162
b24 12 271 36 289
b25 57 41 100 70
b26 402 398 429 416
b27 238 58 276 98
b28 178 236 190 260
b29 409 280 439 309
b30 419 470 439 498
b31 410 73 442 109
b32 326 0 345 22
b33 154 607 199 653
b34 403 61 432 73
b35 0 33 12 59
b36 414 226 441 256
b37 0 126 12 155
b38 261 433 280 454
b39 369 268 382 280
b40 46 575 93 594
b41 273 223 309 242
b42 42 329 67 375
b43 276 89 315 110
b44 166 104 190 131
b45 314 197 339 221
b46 63 556 76 575
b47 137 456 179 496
b48 377 172 405 206
b49 377 386 401 434
b50 274 320 293 334
b51 57 0 73 14
b52 100 481 137 499
b53 67 450 103 462
b54 44 622 78 652
b55 393 470 419 501
b56 349 588 395 619
b57 269 539 316 587
b58 265 629 290 654
b59 53 98 91 145
b60 397 454 436 470
b61 191 127 236 158
b62 377 136 423 172
b63 238 98 274 144
b64 93 131 126 146
b65 323 47 336 70
b66 180 375 222 420
b67 164 591 197 605
b68 12 189 57 217
b69 138 298 174 325
b70 335 350 380 366
b71 35 433 67 467
b72 55 70 87 85
b73 0 198 12 244
b74 103 438 137 481
b75 221 244 241 281
b76 250 397 289 433
b77 336 49 376 67
b78 223 359 265 375
b79 71 274 111 299
b80 396 206 411 242
b81 369 371 401 386
b82 222 433 261 457
b83 273 186 314 223
b84 150 59 184 97
b85 334 149 377 183
b86 183 158 227 197
b87 227 162 272 210
b88 240 551 269 595
b89 314 155 334 197
b90 219 629 265 653
b91 255 15 276 58
b92 100 499 145 546
b93 421 256 441 280
b94 0 368 31 387
b95 150 15 187 59
b96 179 465 225 498
b97 73 0 88 40
b98 137 443 172 456
b99 425 109 442 149
b100 0 609 44 654
b101 148 221 178 257
b102 225 457 261 497
b103 368 507 402 541
b104 106 223 148 237
b105 0 428 35 461
b106 0 0 12 33
b107 46 607 78 622
b108 67 345 104 383
b109 241 244 287 286
b110 323 70 365 109
b111 429 397 442 418
b112 319 583 349 608
b113 93 107 129 131
b114 203 83 237 127
b115 335 366 369 388
b116 203 436 222 464
b117 12 250 51 271
b118 88 0 132 38
b119 261 454 289 499
b120 12 36 48 72
b121 337 294 375 328
b122 397 584 440 604
b123 67 427 103 450
b124 67 314 102 345
b125 347 465 393 507
b126 0 59 12 81
b127 111 322 136 365
b128 397 556 441 584
b129 402 534 436 556
b130 248 595 274 625
b131 58 162 106 207
b132 223 320 241 359
b133 337 328 380 343
b134 363 541 397 588
b135 53 235 98 250
b136 115 642 152 654
b137 0 503 21 531
b138 0 289 42 317
b139 268 503 305 539
b140 0 155 12 198
b141 184 59 203 104
b142 340 22 377 49
b143 233 497 258 521
b144 71 299 111 314
b145 46 594 91 607
b146 155 531 203 564
b147 326 507 368 537
b148 0 571 20 589
b149 293 25 340 47
b150 178 260 201 291
b151 289 397 307 439
b152 12 72 31 88
b153 411 172 441 213
b154 188 0 205 22
b155 150 0 175 14
b156 68 207 84 235
b157 199 629 219 654
b158 374 452 397 465
b159 103 406 147 438
b160 175 436 202 452
b161 21 467 67 514
b162 132 0 150 31
b163 67 462 100 484
b164 142 156 183 192
b165 321 234 342 251
b166 257 286 293 320
b167 402 418 439 454
b168 380 323 421 347
b169 106 199 145 223
b170 203 600 248 629
b171 193 498 233 520
b172 314 221 341 234
b173 377 35 402 67
b174 175 420 218 436
b175 231 521 247 536
b176 93 571 126 609
b177 22 537 63 574
b178 369 251 388 268
b179 349 619 395 653
b180 0 590 40 609
b181 227 21 255 51
b182 365 84 410 108
b183 115 609 154 642
b184 280 0 326 25
b185 66 529 100 556
b186 274 155 307 186
b187 126 571 164 607
b188 267 360 307 397
b189 0 244 12 288
b190 347 428 374 465
b191 287 242 321 258
b192 342 203 371 251
b193 388 262 421 279
b194 203 520 231 533
b195 336 281 369 294
b196 0 387 41 428
b197 147 406 175 443
b198 129 38 148 86
b199 203 569 239 600
b200 78 609 115 652
b201 129 127 155 156
b202 180 197 214 236
b203 214 210 229 238
b204 12 217 53 250
b205 326 453 347 468
b206 397 604 439 639
b207 222 396 250 429
b208 401 371 421 398
b209 12 0 57 36
b210 31 72 55 85
b211 42 375 58 387
b212 0 461 21 503
b213 19 336 33 368
b214 376 67 403 84
b215 42 274 71 295
b216 0 317 42 336
b217 421 309 441 357
b218 395 639 438 654
b219 374 434 402 452
b220 129 97 166 127
b221 12 122 25 167
b222 42 295 67 329
b223 271 341 293 360
b224 222 375 267 396
b225 276 51 323 89
b226 401 0 440 16
b227 76 556 108 569
b228 350 183 371 203
b229 51 250 99 274
b230 67 484 100 514
b231 241 286 257 316
b232 323 109 365 132
b233 334 183 350 196
b234 42 387 60 420
b235 12 167 58 189
b236 111 268 138 307
b237 421 357 442 397
b238 164 564 203 591
b239 293 300 333 322
b240 0 336 19 359
b241 179 452 203 465
b242 0 531 22 571
b243 91 73 128 107
b244 289 454 326 467
b245 289 467 313 503
b246 22 514 66 537
b247 106 160 142 199
b248 99 237 142 268
b249 203 56 238 83
b250 12 88 43 122
b251 136 325 179 359
b252 307 434 335 453
b253 175 0 188 15
b254 414 213 438 226
b255 141 359 180 406
b256 345 0 358 21
b257 322 132 355 149
b258 229 210 273 244
b259 388 250 414 262
b260 335 428 347 447
b261 0 81 12 126
b262 307 350 334 398
b263 316 537 363 583
b264 326 608 349 653
b265 201 287 216 332
b266 274 110 322 155
b267 188 22 227 56
b268 287 258 312 280
b269 236 144 273 162
b270 111 307 134 322
b271 335 388 377 412
b272 377 0 401 35
b273 247 521 268 551
b274 241 320 274 341
b275 365 108 387 136
b276 93 146 124 160
b277 108 546 155 558
b278 108 558 150 571
b279 180 336 223 375
b280 190 238 221 260
b281 241 341 271 359
b282 321 251 365 281
b283 53 217 68 230
b284 305 506 326 536
b285 43 85 76 98
b286 142 257 178 298
b287 388 279 409 321
b288 307 398 335 434
b289 203 536 240 569
b290 57 14 73 41
b291 25 122 53 165
b292 217 281 241 320
b293 293 281 336 300
b294 276 25 293 51
b295 375 280 388 323
b296 201 260 217 287
b297 313 468 344 506
b298 402 501 442 534
b299 355 136 368 149
