551451.140625
876109
285822
402 711
49.100529
b0 293 578 320 593
b1 334 0 350 27
b2 352 445 374 471
b3 0 675 45 696
b4 89 605 134 645
b5 81 111 107 127
b6 98 548 125 586
b7 198 549 227 584
b8 37 290 73 311
b9 78 276 122 301
b10 349 77 380 92
b11 0 597 41 621
b12 239 254 256 273
b13 323 544 356 592
b14 354 382 398 403
b15 216 106 231 140
b16 283 187 325 232
b17 318 28 355 69
b18 43 383 86 427
b19 123 303 159 326
b20 0 88 13 105
b21 147 52 191 80
b22 245 284 274 319
b23 312 169 352 186
b24 134 246 158 264
b25 354 329 397 358
b26 131 356 158 374
b27 107 52 147 90
b28 256 188 268 212
b29 365 0 395 29
b30 103 90 131 110
b31 245 0 281 32
b32 107 143 126 165
b33 268 665 314 710
b34 13 35 25 64
b35 107 26 119 52
b36 0 478 30 505
b37 277 175 306 187
b38 116 586 137 605
b39 266 90 278 103
b40 314 677 361 696
b41 191 39 210 75
b42 329 336 354 382
b43 215 18 236 57
b44 162 80 189 104
b45 95 187 120 211
b46 139 227 152 246
b47 39 500 79 542
b48 238 593 272 621
b49 377 448 401 496
b50 385 267 399 286
b51 119 339 135 353
b52 113 419 131 456
b53 13 64 25 100
b54 284 46 318 76
b55 372 208 398 239
b56 159 256 205 287
b57 355 29 402 77
b58 352 471 377 496
b59 243 621 290 659
b60 0 505 39 521
b61 62 0 107 31
b62 307 300 353 336
b63 306 438 352 474
b64 86 337 119 352
b65 218 616 231 639
b66 117 484 162 526
b67 134 37 167 51
b68 86 456 131 484
b69 241 161 277 188
b70 47 257 92 273
b71 232 427 266 459
b72 46 273 78 288
b73 50 0 62 46
b74 0 376 43 410
b75 312 132 332 169
b76 68 127 107 163
b77 354 199 372 239
b78 251 212 267 254
b79 191 640 231 665
b80 262 106 277 142
b81 144 129 176 144
b82 135 264 159 303
b83 365 92 402 133
b84 271 382 309 416
b85 96 211 139 245
b86 39 311 83 350
b87 352 496 400 541
b88 188 185 217 229
b89 54 223 96 243
b90 354 358 400 382
b91 272 578 293 621
b92 86 353 131 400
b93 188 229 212 249
b94 85 586 116 605
b95 180 447 224 484
b96 43 615 89 648
b97 30 485 70 500
b98 13 0 26 35
b99 0 521 17 561
b100 227 549 272 593
b101 134 610 170 640
b102 203 335 243 371
b103 199 484 233 518
b104 54 243 96 257
b105 277 130 312 163
b106 231 621 243 654
b107 271 416 303 431
b108 131 384 169 421
b109 310 474 352 520
b110 0 621 42 660
b111 122 276 135 297
b112 186 105 216 130
b113 180 411 204 447
b114 357 565 401 599
b115 138 526 172 548
b116 103 400 131 419
b117 266 361 305 382
b118 201 297 245 335
b119 357 599 402 627
b120 270 325 306 361
b121 272 477 310 511
b122 170 19 213 39
b123 267 232 303 255
b124 272 511 307 542
b125 123 166 169 208
b126 377 133 399 145
b127 0 351 43 376
b128 354 239 398 267
b129 281 0 315 22
b130 172 559 198 589
b131 131 439 179 484
b132 202 167 241 185
b133 0 660 43 675
b134 205 250 239 297
b135 309 384 354 399
b136 332 132 344 169
b137 76 556 97 584
b138 352 403 380 445
b139 86 301 123 337
b140 26 48 69 60
b141 170 0 215 19
b142 86 419 113 456
b143 193 616 218 640
b144 314 696 354 711
b145 0 166 13 211
b146 45 678 93 711
b147 314 647 356 677
b148 243 360 261 380
b149 307 278 354 300
b150 354 267 385 290
b151 159 300 201 318
b152 39 542 58 558
b153 159 318 200 348
b154 135 339 157 356
b155 33 221 47 246
b156 318 0 334 28
b157 161 108 186 128
b158 385 158 398 181
b159 222 74 266 106
b160 385 181 401 208
b161 198 665 245 711
b162 131 90 162 108
b163 217 212 250 234
b164 361 675 402 711
b165 144 108 161 129
b166 272 542 306 578
b167 162 484 199 520
b168 357 541 398 565
b169 172 520 196 559
b170 242 382 271 427
b171 98 526 138 548
b172 158 243 185 256
b173 145 640 170 672
b174 150 589 193 605
b175 58 542 73 558
b176 278 92 311 130
b177 13 184 54 221
b178 86 400 103 419
b179 208 371 242 417
b180 237 142 277 161
b181 204 417 232 447
b182 307 520 352 544
b183 43 350 82 383
b184 99 645 145 670
b185 42 558 76 585
b186 352 168 385 199
b187 69 31 107 67
b188 46 448 86 485
b189 0 211 12 255
b190 0 290 37 317
b191 278 76 312 92
b192 256 255 304 284
b193 306 544 323 577
b194 0 105 13 133
b195 0 133 13 166
b196 93 670 134 711
b197 325 225 353 262
b198 139 208 187 227
b199 231 106 262 142
b200 13 147 56 184
b201 107 0 136 26
b202 233 477 272 511
b203 350 0 365 28
b204 274 284 307 325
b205 131 421 152 436
b206 26 81 68 116
b207 13 248 46 276
b208 13 221 33 248
b209 158 348 203 384
b210 123 326 147 339
b211 266 74 278 90
b212 26 60 68 81
b213 13 276 45 290
b214 348 104 365 131
b215 327 592 356 613
b216 98 484 117 526
b217 309 336 329 384
b218 268 188 283 231
b219 152 421 180 439
b220 242 511 272 548
b221 0 696 45 709
b222 203 142 237 167
b223 169 184 188 206
b224 380 403 401 448
b225 125 548 172 586
b226 212 234 251 250
b227 13 100 26 132
b228 78 648 99 668
b229 26 0 50 48
b230 45 648 78 678
b231 321 262 351 278
b232 0 561 42 584
b233 314 593 327 609
b234 169 166 202 184
b235 126 144 172 166
b236 325 186 352 225
b237 46 427 86 448
b238 169 384 208 411
b239 17 521 39 561
b240 243 341 266 360
b241 137 586 150 610
b242 344 146 384 168
b243 136 0 170 37
b244 0 584 37 597
b245 281 22 317 46
b246 245 659 268 703
b247 134 672 170 711
b248 199 518 242 549
b249 176 130 203 165
b250 26 116 60 147
b251 314 613 357 647
b252 79 528 98 556
b253 384 145 399 158
b254 167 39 191 52
b255 354 290 401 329
b256 0 255 13 276
b257 304 232 321 265
b258 69 67 103 111
b259 277 163 303 175
b260 174 287 193 299
b261 0 43 12 88
b262 236 47 284 74
b263 0 431 46 478
b264 193 593 238 616
b265 236 32 281 47
b266 357 627 402 675
b267 0 317 39 351
b268 245 319 270 341
b269 224 459 261 477
b270 119 26 134 49
b271 290 623 314 665
b272 60 163 95 187
b273 170 605 191 635
b274 170 635 191 668
b275 95 165 123 187
b276 191 75 222 89
b277 318 92 365 104
b278 261 464 303 477
b279 309 399 352 438
b280 318 69 349 91
b281 215 0 245 18
b282 41 585 85 615
b283 159 287 174 300
b284 293 593 314 623
b285 344 133 377 146
b286 54 187 95 223
b287 0 410 42 431
b288 312 104 348 132
b289 107 110 144 143
b290 158 227 185 243
b291 170 668 198 711
b292 217 188 256 212
b293 79 485 98 528
b294 210 57 236 74
b295 0 0 13 43
b296 189 89 216 105
b297 96 245 134 276
b298 266 431 306 464
b299 68 111 81 124
