574062
859045
289079
427 677
32.729601
b0 125 647 140 674
b1 330 84 346 111
b2 227 356 253 378
b3 380 187 425 208
b4 289 550 329 595
b5 43 131 59 157
b6 19 534 57 561
b7 16 91 45 126
b8 0 638 21 674
b9 378 483 422 508
b10 0 43 15 74
b11 16 227 40 268
b12 0 533 19 550
b13 0 575 48 608
b14 67 582 88 626
b15 242 322 257 356
b16 129 313 174 355
b17 349 108 386 149
b18 255 264 298 308
b19 388 508 424 531
b20 111 164 124 181
b21 199 590 227 634
b22 39 505 74 534
b23 50 566 67 606
b24 373 0 391 24
b25 178 223 207 266
b26 16 33 43 51
b27 254 595 292 635
b28 291 450 303 474
b29 0 608 29 638
b30 329 132 349 160
b31 195 349 227 385
b32 289 226 308 248
b33 300 357 345 403
b34 131 226 143 255
b35 174 301 200 313
b36 227 378 254 408
b37 296 155 325 167
b38 330 111 349 132
b39 245 408 258 420
b40 327 307 346 354
b41 278 499 297 535
b42 227 631 252 677
b43 261 0 300 21
b44 302 512 329 536
b45 344 27 368 52
b46 288 437 307 450
b47 159 533 199 575
b48 172 423 200 457
b49 143 608 191 632
b50 407 531 426 545
b51 242 308 258 322
b52 183 205 220 223
b53 225 97 261 109
b54 391 0 425 30
b55 99 433 125 464
b56 200 531 231 577
b57 375 545 423 592
b58 40 210 65 235
b59 170 130 217 168
b60 346 591 362 630
b61 308 203 353 234
b62 348 309 384 355
b63 213 0 259 36
b64 75 360 108 375
b65 278 476 291 499
b66 381 396 426 438
b67 301 36 315 69
b68 369 438 397 483
b69 300 0 327 36
b70 373 24 389 69
b71 111 582 143 616
b72 123 496 155 511
b73 288 382 300 428
b74 46 47 89 81
b75 0 418 20 455
b76 353 209 392 245
b77 90 42 108 82
b78 330 591 346 633
b79 64 256 104 281
b80 0 292 15 328
b81 57 534 72 566
b82 87 140 126 164
b83 200 289 241 326
b84 20 415 54 453
b85 182 75 225 109
b86 217 36 261 75
b87 101 385 146 433
b88 308 234 352 263
b89 64 281 106 301
b90 21 653 67 677
b91 306 313 327 356
b92 284 108 329 155
b93 99 464 123 484
b94 265 108 284 139
b95 133 93 177 130
b96 329 543 375 576
b97 90 82 105 122
b98 275 426 288 461
b99 177 109 217 126
b100 56 379 101 423
b101 123 466 159 496
b102 16 379 56 415
b103 146 388 180 422
b104 200 275 242 289
b105 180 0 213 35
b106 327 0 339 33
b107 143 433 158 465
b108 362 592 400 629
b109 348 263 390 309
b110 117 535 159 574
b111 111 616 132 629
b112 248 504 278 529
b113 183 168 219 192
b114 392 208 426 252
b115 178 266 200 300
b116 154 73 182 92
b117 291 474 330 495
b118 329 633 367 677
b119 219 163 264 191
b120 258 346 294 382
b121 292 595 330 629
b122 108 340 128 383
b123 271 203 307 226
b124 231 531 262 566
b125 141 632 187 674
b126 386 146 398 168
b127 106 263 131 306
b128 46 0 90 28
b129 82 512 116 534
b130 81 164 111 190
b131 72 534 117 582
b132 88 122 127 140
b133 329 576 372 591
b134 217 129 264 163
b135 0 373 15 418
b136 133 130 170 142
b137 16 163 37 191
b138 46 81 88 109
b139 43 158 80 194
b140 131 301 174 313
b141 226 204 271 223
b142 104 226 131 263
b143 353 483 378 507
b144 262 535 302 550
b145 226 191 271 204
b146 16 268 64 301
b147 397 438 427 480
b148 312 84 330 104
b149 225 75 272 97
b150 40 235 63 266
b151 90 0 108 42
b152 229 408 245 427
b153 129 355 170 385
b154 380 168 402 185
b155 65 626 90 640
b156 43 194 71 210
b157 329 523 354 543
b158 200 577 223 590
b159 126 142 170 174
b160 0 265 16 292
b161 131 255 178 301
b162 229 474 247 505
b163 143 575 165 608
b164 386 110 427 146
b165 278 660 299 677
b166 144 0 180 34
b167 67 640 104 676
b168 402 146 426 187
b169 119 511 158 535
b170 200 462 229 507
b171 404 30 426 70
b172 346 374 373 387
b173 108 64 133 96
b174 0 0 16 43
b175 289 248 304 264
b176 261 21 299 54
b177 390 331 427 372
b178 0 550 19 567
b179 335 437 369 483
b180 46 28 86 47
b181 247 474 275 504
b182 356 149 380 194
b183 394 636 427 675
b184 108 39 154 64
b185 339 0 373 27
b186 0 455 33 486
b187 80 190 118 226
b188 390 252 427 292
b189 294 313 306 357
b190 16 126 43 163
b191 180 388 196 422
b192 315 36 344 84
b193 174 313 191 346
b194 307 437 335 450
b195 72 301 85 334
b196 159 457 200 498
b197 82 484 119 512
b198 16 328 35 376
b199 293 629 329 660
b200 246 226 289 263
b201 298 287 327 313
b202 207 223 246 257
b203 0 156 15 184
b204 191 634 224 675
b205 0 231 15 252
b206 158 498 200 533
b207 165 575 198 603
b208 80 340 107 360
b209 29 608 65 653
b210 299 660 323 673
b211 280 155 296 167
b212 268 550 289 592
b213 158 422 172 454
b214 16 301 33 328
b215 133 64 154 93
b216 348 355 390 374
b217 217 109 265 129
b218 389 30 404 73
b219 303 450 331 468
b220 65 226 102 256
b221 54 471 99 484
b222 258 321 292 346
b223 16 51 38 70
b224 90 582 111 627
b225 154 35 201 73
b226 201 36 217 75
b227 170 168 183 200
b228 327 287 348 307
b229 200 507 248 531
b230 16 0 46 33
b231 353 245 383 261
b232 200 326 242 349
b233 0 252 16 265
b234 125 433 143 466
b235 376 374 422 396
b236 200 423 227 462
b237 261 54 301 75
b238 227 592 254 631
b239 35 357 75 379
b240 161 200 180 223
b241 74 109 87 133
b242 331 483 353 523
b243 389 73 423 110
b244 0 119 13 156
b245 16 191 40 227
b246 400 592 423 636
b247 108 0 144 39
b248 325 160 356 203
b249 143 226 178 253
b250 354 508 388 539
b251 300 403 343 437
b252 105 96 133 115
b253 278 461 291 476
b254 231 579 255 592
b255 0 486 39 533
b256 258 308 279 321
b257 297 495 330 512
b258 85 306 129 340
b259 312 167 324 193
b260 388 531 407 543
b261 0 74 12 119
b262 367 629 394 677
b263 229 427 275 474
b264 35 334 80 357
b265 0 328 15 373
b266 54 423 99 471
b267 390 292 424 331
b268 59 133 81 158
b269 104 629 141 647
b270 356 194 379 209
b271 304 263 346 287
b272 124 174 159 198
b273 16 70 46 91
b274 33 453 54 486
b275 46 109 74 131
b276 19 561 50 575
b277 0 184 12 231
b278 242 263 255 305
b279 346 69 389 108
b280 345 387 376 409
b281 207 257 237 275
b282 258 382 288 426
b283 255 579 268 594
b284 104 647 125 677
b285 231 566 264 579
b286 271 167 312 203
b287 174 346 195 388
b288 345 409 381 437
b289 35 301 72 334
b290 264 139 280 166
b291 118 198 161 226
b292 254 635 293 659
b293 39 486 82 505
b294 252 659 278 676
b295 183 192 226 205
b296 346 52 373 68
b297 196 385 227 423
b298 272 75 312 108
b299 90 627 103 640
