524128.1875
878689.5
287754
398 723
43.626833
b0 285 622 312 637
b1 72 686 88 713
b2 86 424 108 450
b3 285 543 330 564
b4 127 157 172 197
b5 366 464 392 480
b6 161 320 199 347
b7 104 592 139 621
b8 236 618 272 639
b9 0 502 25 546
b10 88 450 103 481
b11 139 633 180 657
b12 66 504 85 521
b13 203 583 236 631
b14 241 372 285 393
b15 260 210 294 225
b16 161 278 206 320
b17 90 196 127 237
b18 0 132 43 176
b19 163 514 199 537
b20 312 564 325 581
b21 308 217 352 245
b22 147 239 176 274
b23 308 288 325 328
b24 236 81 254 105
b25 0 0 43 29
b26 307 148 325 175
b27 197 143 237 181
b28 384 45 396 69
b29 178 693 207 723
b30 274 148 294 176
b31 330 537 366 569
b32 153 455 175 474
b33 240 517 285 563
b34 37 488 66 500
b35 220 250 232 276
b36 213 390 240 420
b37 182 627 194 656
b38 241 393 260 414
b39 330 569 343 581
b40 16 378 63 397
b41 285 443 321 462
b42 120 353 166 378
b43 309 637 348 658
b44 285 637 309 664
b45 194 631 218 656
b46 360 346 379 359
b47 220 208 260 250
b48 212 505 240 539
b49 115 511 163 535
b50 325 305 344 319
b51 66 488 80 504
b52 380 325 398 362
b53 91 98 103 134
b54 91 134 121 168
b55 116 239 147 265
b56 39 616 85 647
b57 350 652 397 700
b58 237 24 262 49
b59 348 614 395 652
b60 120 407 159 423
b61 366 495 397 540
b62 188 0 224 46
b63 88 686 134 722
b64 204 420 237 435
b65 63 438 86 451
b66 127 197 172 239
b67 207 491 240 505
b68 321 443 366 471
b69 233 270 260 306
b70 47 397 63 442
b71 277 176 309 210
b72 83 293 98 325
b73 175 455 187 501
b74 0 273 43 307
b75 0 482 37 502
b76 285 507 324 543
b77 0 72 40 90
b78 162 657 178 699
b79 43 273 83 298
b80 21 687 36 723
b81 294 664 309 696
b82 224 0 263 24
b83 47 451 88 488
b84 330 409 368 443
b85 104 621 138 664
b86 60 647 104 686
b87 159 407 204 455
b88 176 215 220 244
b89 43 61 85 81
b90 241 325 265 371
b91 0 680 21 723
b92 43 94 90 139
b93 0 660 24 680
b94 329 388 360 407
b95 280 69 317 113
b96 113 0 146 46
b97 269 336 309 351
b98 0 195 35 208
b99 220 639 260 656
b100 108 424 153 468
b101 202 455 232 491
b102 339 0 379 36
b103 325 245 359 279
b104 294 210 308 252
b105 293 34 326 69
b106 260 270 272 303
b107 260 664 292 679
b108 237 145 274 183
b109 309 175 355 217
b110 0 90 39 132
b111 224 24 237 45
b112 366 540 391 570
b113 360 301 396 325
b114 285 462 319 506
b115 169 112 203 134
b116 341 333 360 361
b117 269 351 308 372
b118 150 46 194 84
b119 43 161 88 189
b120 36 687 72 723
b121 0 344 38 378
b122 135 699 178 719
b123 220 656 256 679
b124 312 605 347 636
b125 146 0 188 46
b126 91 86 113 98
b127 332 94 357 137
b128 43 33 87 61
b129 43 139 77 161
b130 85 528 115 554
b131 121 112 169 157
b132 339 36 378 54
b133 317 71 332 114
b134 278 114 325 148
b135 352 228 397 243
b136 326 34 338 71
b137 338 66 359 94
b138 43 588 85 616
b139 27 502 63 539
b140 0 208 43 220
b141 379 0 398 45
b142 368 409 395 446
b143 254 81 278 106
b144 43 189 83 204
b145 0 562 45 575
b146 43 0 91 33
b147 194 46 236 76
b148 332 699 350 719
b149 139 299 161 346
b150 24 664 55 687
b151 290 699 332 717
b152 41 356 60 372
b153 324 507 365 537
b154 263 21 280 43
b155 147 274 161 299
b156 344 305 360 333
b157 260 639 285 659
b158 199 514 212 537
b159 236 49 280 81
b160 0 546 27 562
b161 166 360 213 406
b162 323 328 341 359
b163 27 539 60 561
b164 98 298 139 334
b165 39 647 60 664
b166 203 109 239 143
b167 113 64 150 100
b168 19 575 43 616
b169 251 696 290 720
b170 120 378 165 407
b171 63 521 85 561
b172 84 325 97 352
b173 211 183 243 208
b174 309 245 325 288
b175 115 535 131 550
b176 279 584 312 622
b177 0 307 41 344
b178 0 575 17 594
b179 293 0 339 34
b180 232 251 272 270
b181 213 360 241 390
b182 43 204 88 228
b183 269 303 308 336
b184 172 134 197 180
b185 86 381 120 408
b186 116 265 147 298
b187 359 69 397 105
b188 180 656 220 693
b189 294 372 306 416
b190 325 137 352 174
b191 86 408 120 424
b192 173 537 202 585
b193 85 591 102 624
b194 280 21 293 49
b195 174 501 207 514
b196 309 658 350 699
b197 150 84 187 112
b198 350 700 398 719
b199 130 474 161 510
b200 0 29 37 72
b201 325 279 354 305
b202 359 243 398 277
b203 355 213 383 228
b204 194 76 235 109
b205 285 287 306 302
b206 140 598 182 633
b207 84 353 117 381
b208 285 564 312 584
b209 321 471 366 507
b210 294 148 307 172
b211 282 679 294 695
b212 182 585 203 627
b213 209 346 241 360
b214 355 141 382 158
b215 220 679 249 700
b216 97 334 139 353
b217 347 594 395 614
b218 187 455 202 498
b219 241 424 269 442
b220 43 228 80 258
b221 43 81 88 94
b222 243 183 277 208
b223 85 624 104 646
b224 240 563 285 584
b225 360 362 398 409
b226 85 575 124 591
b227 67 298 80 330
b228 360 325 380 346
b229 347 570 395 594
b230 206 313 236 346
b231 68 330 84 360
b232 306 388 329 430
b233 0 378 16 391
b234 113 46 146 64
b235 91 0 113 46
b236 45 561 84 588
b237 91 46 112 86
b238 88 484 127 511
b239 0 251 40 273
b240 0 594 19 617
b241 306 430 330 443
b242 355 191 395 213
b243 272 253 309 287
b244 161 474 174 511
b245 43 298 67 334
b246 207 700 251 723
b247 239 106 275 145
b248 0 220 43 251
b249 206 278 233 313
b250 260 393 294 424
b251 236 584 279 618
b252 241 306 269 325
b253 382 141 397 154
b254 88 280 112 293
b255 0 443 47 482
b256 103 112 116 133
b257 249 679 282 696
b258 176 244 220 278
b259 260 225 272 251
b260 77 139 89 158
b261 339 54 384 66
b262 308 361 356 388
b263 0 397 47 443
b264 63 393 86 438
b265 43 258 88 273
b266 237 442 285 487
b267 172 181 211 215
b268 43 334 68 356
b269 269 424 306 442
b270 366 480 389 495
b271 138 657 162 699
b272 312 581 347 605
b273 140 577 170 598
b274 63 360 84 393
b275 272 225 294 253
b276 309 328 323 359
b277 103 100 150 112
b278 127 550 140 592
b279 0 617 39 660
b280 104 664 135 686
b281 368 446 398 464
b282 240 487 284 517
b283 272 287 285 302
b284 263 0 293 21
b285 203 570 236 583
b286 357 105 398 141
b287 85 554 127 575
b288 91 168 127 196
b289 355 158 392 191
b290 103 468 130 484
b291 88 237 116 280
b292 359 277 398 301
b293 0 176 43 195
b294 88 511 114 528
b295 166 347 209 360
b296 204 435 231 451
b297 202 539 240 570
b298 140 537 173 577
b299 272 622 285 635
