573285.25
857092.5
289478
406 713
29.519723
b0 48 484 75 499
b1 366 164 382 191
b2 331 343 357 365
b3 125 314 170 335
b4 218 511 263 551
b5 184 245 210 261
b6 270 195 308 222
b7 232 143 267 172
b8 139 272 175 293
b9 124 462 168 487
b10 231 496 262 511
b11 355 44 379 85
b12 184 261 203 278
b13 220 110 268 143
b14 140 231 184 252
b15 140 216 174 231
b16 306 611 348 656
b17 88 586 125 627
b18 361 633 405 676
b19 293 690 329 713
b20 144 651 157 668
b21 218 581 262 609
b22 291 298 320 333
b23 262 473 302 490
b24 96 544 114 568
b25 96 276 139 305
b26 36 147 63 165
b27 363 559 401 599
b28 336 656 348 680
b29 202 44 231 74
b30 20 461 48 481
b31 148 106 184 138
b32 290 45 312 64
b33 262 64 307 110
b34 203 288 232 300
b35 0 129 12 155
b36 351 599 378 629
b37 291 333 320 345
b38 306 279 327 298
b39 350 211 363 223
b40 125 335 172 354
b41 165 169 184 205
b42 231 28 256 74
b43 0 350 39 371
b44 148 14 175 38
b45 236 471 260 496
b46 113 49 132 62
b47 316 365 358 405
b48 378 599 406 633
b49 382 511 406 559
b50 146 0 165 14
b51 350 164 366 178
b52 82 568 119 586
b53 0 93 12 129
b54 236 206 270 236
b55 174 205 205 231
b56 204 682 250 713
b57 358 417 405 465
b58 359 275 384 300
b59 263 490 301 537
b60 306 263 345 279
b61 268 164 313 195
b62 358 345 404 381
b63 358 381 404 417
b64 76 490 109 505
b65 12 86 35 99
b66 0 582 45 624
b67 178 13 192 46
b68 251 0 296 28
b69 379 44 406 80
b70 36 44 52 89
b71 168 355 202 387
b72 387 310 402 342
b73 0 47 12 93
b74 86 428 129 462
b75 54 260 91 280
b76 223 74 262 110
b77 36 89 54 129
b78 0 527 42 543
b79 302 427 327 467
b80 132 589 168 604
b81 54 48 69 80
b82 132 487 171 511
b83 76 675 117 712
b84 193 471 231 505
b85 91 305 125 348
b86 367 0 406 44
b87 0 482 48 527
b88 262 561 306 590
b89 140 252 182 272
b90 380 208 404 254
b91 350 121 371 164
b92 0 624 45 671
b93 12 144 36 164
b94 307 118 338 137
b95 193 0 230 44
b96 236 270 269 316
b97 222 380 237 420
b98 350 555 363 590
b99 0 333 40 350
b100 56 195 101 239
b101 352 85 382 121
b102 202 340 238 380
b103 256 28 290 62
b104 12 259 54 273
b105 187 387 222 420
b106 210 233 222 266
b107 236 191 268 206
b108 263 436 301 473
b109 207 640 253 682
b110 0 543 42 582
b111 363 191 376 212
b112 198 75 223 105
b113 129 425 153 461
b114 12 198 56 232
b115 182 668 204 702
b116 39 357 67 376
b117 268 110 307 131
b118 262 590 306 628
b119 137 171 165 216
b120 0 371 36 407
b121 48 431 86 465
b122 315 405 358 425
b123 270 222 306 245
b124 327 425 358 460
b125 364 465 406 511
b126 384 167 396 189
b127 312 45 355 70
b128 262 628 306 656
b129 171 470 193 504
b130 236 551 262 581
b131 296 0 344 45
b132 67 335 85 374
b133 205 420 248 435
b134 222 236 269 270
b135 243 345 288 360
b136 105 507 117 544
b137 230 0 251 28
b138 165 640 207 668
b139 313 161 349 198
b140 157 668 169 711
b141 132 570 177 589
b142 111 144 148 171
b143 306 559 330 584
b144 144 60 159 100
b145 70 0 115 13
b146 111 96 144 144
b147 71 49 113 79
b148 137 668 157 686
b149 384 120 406 167
b150 329 690 360 713
b151 308 198 350 216
b152 129 19 148 35
b153 195 441 236 471
b154 380 191 402 208
b155 82 531 96 556
b156 203 300 231 316
b157 382 80 402 105
b158 152 628 165 651
b159 350 511 382 555
b160 125 628 152 644
b161 171 505 218 551
b162 36 0 54 31
b163 12 13 34 46
b164 237 381 278 417
b165 54 80 71 101
b166 103 187 137 223
b167 92 13 129 49
b168 202 316 243 340
b169 263 537 302 561
b170 88 627 117 672
b171 253 690 293 712
b172 184 191 211 204
b173 12 273 44 298
b174 132 554 175 570
b175 54 0 70 15
b176 54 15 92 48
b177 361 676 402 713
b178 129 0 146 19
b179 44 280 90 314
b180 384 270 403 310
b181 357 317 387 345
b182 36 376 81 400
b183 71 79 110 112
b184 302 467 327 513
b185 320 316 354 343
b186 268 131 299 164
b187 269 245 305 283
b188 42 535 82 572
b189 306 587 350 599
b190 327 465 364 492
b191 103 171 137 187
b192 243 316 291 345
b193 327 492 360 509
b194 165 0 193 13
b195 119 549 132 582
b196 0 671 41 712
b197 125 388 153 425
b198 184 145 232 164
b199 148 138 184 169
b200 96 239 139 276
b201 76 505 105 531
b202 153 420 192 454
b203 208 551 236 566
b204 45 606 86 639
b205 359 260 380 275
b206 0 298 42 333
b207 175 278 203 311
b208 117 644 144 664
b209 173 604 218 640
b210 12 0 36 13
b211 380 254 392 270
b212 0 419 21 461
b213 36 133 68 147
b214 357 300 384 317
b215 181 46 202 75
b216 248 417 290 436
b217 117 664 137 712
b218 45 660 88 675
b219 330 559 348 587
b220 350 223 380 260
b221 169 668 182 713
b222 75 465 109 490
b223 159 60 181 79
b224 44 314 89 335
b225 308 216 346 263
b226 101 223 140 239
b227 54 101 67 133
b228 0 461 20 482
b229 125 604 173 628
b230 12 165 42 198
b231 110 80 140 96
b232 21 407 44 449
b233 218 566 234 579
b234 203 270 236 288
b235 132 38 178 60
b236 159 79 198 106
b237 56 239 96 260
b238 12 232 51 259
b239 68 140 108 162
b240 48 465 71 484
b241 45 675 69 688
b242 12 46 34 86
b243 45 572 82 606
b244 348 642 361 679
b245 280 364 316 388
b246 344 0 367 44
b247 184 106 220 145
b248 218 609 261 640
b249 236 436 263 471
b250 153 388 187 419
b251 125 354 168 388
b252 232 172 260 191
b253 36 31 51 44
b254 278 388 291 412
b255 86 381 125 428
b256 192 420 205 441
b257 175 551 208 568
b258 292 656 336 690
b259 184 233 210 245
b260 0 407 19 419
b261 306 599 351 611
b262 184 164 232 191
b263 302 513 349 559
b264 12 99 35 144
b265 109 462 124 507
b266 307 70 352 118
b267 253 656 292 690
b268 40 335 65 357
b269 320 298 357 316
b270 382 105 405 120
b271 299 137 341 161
b272 41 688 76 712
b273 45 639 75 660
b274 139 293 172 314
b275 211 191 233 219
b276 205 219 236 233
b277 0 0 12 47
b278 119 507 132 549
b279 132 511 171 554
b280 269 283 291 314
b281 113 62 143 80
b282 172 311 202 355
b283 346 260 359 275
b284 42 165 63 195
b285 350 178 363 211
b286 177 568 218 604
b287 238 360 280 381
b288 48 499 76 535
b289 85 348 122 381
b290 137 686 153 713
b291 68 112 111 140
b292 291 388 315 427
b293 288 345 331 364
b294 327 279 353 296
b295 371 121 384 164
b296 168 454 195 470
b297 48 400 86 431
b298 63 162 103 195
b299 348 629 361 642
