520448.59375
868149.5
288648
422 684
52.126282
b0 198 67 213 94
b1 28 93 44 120
b2 88 431 114 453
b3 0 394 45 415
b4 213 89 258 129
b5 160 158 186 174
b6 25 66 63 93
b7 335 415 364 450
b8 401 379 422 415
b9 160 133 204 158
b10 149 555 164 586
b11 21 433 45 474
b12 28 279 45 298
b13 153 174 186 222
b14 397 485 418 529
b15 222 240 237 274
b16 140 264 185 306
b17 45 484 86 521
b18 45 375 89 418
b19 365 316 388 352
b20 12 66 25 83
b21 229 559 273 587
b22 335 380 364 415
b23 139 222 179 239
b24 21 415 45 433
b25 57 584 86 627
b26 12 0 39 18
b27 170 360 210 398
b28 245 129 257 153
b29 350 654 380 683
b30 0 279 28 299
b31 63 97 99 129
b32 124 408 146 427
b33 307 597 352 643
b34 88 453 117 465
b35 239 469 265 481
b36 303 0 333 27
b37 0 70 12 99
b38 75 292 94 313
b39 252 457 265 469
b40 375 0 422 19
b41 220 405 239 441
b42 61 438 86 484
b43 331 188 352 227
b44 395 415 419 442
b45 45 557 69 582
b46 239 442 252 461
b47 0 515 42 555
b48 274 550 308 578
b49 99 133 147 157
b50 342 227 356 246
b51 137 177 153 191
b52 58 216 95 234
b53 0 191 12 227
b54 114 648 144 682
b55 264 607 290 638
b56 191 585 222 631
b57 281 216 329 263
b58 370 448 395 473
b59 276 475 323 513
b60 337 159 376 175
b61 377 213 422 244
b62 210 359 246 405
b63 124 372 170 408
b64 58 234 91 249
b65 175 47 198 60
b66 197 447 239 492
b67 123 177 137 210
b68 95 278 140 306
b69 147 408 174 444
b70 45 438 61 483
b71 339 125 371 159
b72 171 118 203 133
b73 56 204 102 216
b74 46 249 80 292
b75 221 203 241 240
b76 299 379 335 418
b77 265 457 305 475
b78 12 139 54 155
b79 353 602 378 642
b80 322 117 337 153
b81 45 668 77 683
b82 39 0 63 39
b83 267 32 308 69
b84 308 55 346 89
b85 376 86 419 120
b86 306 643 350 682
b87 149 444 197 489
b88 45 346 89 375
b89 149 586 191 606
b90 12 222 58 246
b91 353 538 374 581
b92 0 347 45 394
b93 252 69 276 89
b94 259 342 290 361
b95 276 513 320 550
b96 0 246 46 279
b97 282 117 322 132
b98 89 387 124 400
b99 185 256 202 296
b100 375 529 420 573
b101 164 555 200 585
b102 45 521 85 557
b103 186 192 220 226
b104 15 583 57 597
b105 233 526 268 559
b106 0 37 12 70
b107 252 36 267 68
b108 75 627 112 665
b109 308 551 350 597
b110 222 587 264 626
b111 147 129 160 150
b112 45 292 75 317
b113 299 355 335 379
b114 225 315 259 359
b115 239 408 261 442
b116 258 126 277 154
b117 204 315 225 354
b118 126 334 170 372
b119 118 71 163 99
b120 365 379 401 415
b121 388 341 422 379
b122 45 418 88 438
b123 241 154 277 177
b124 299 418 330 453
b125 378 602 420 648
b126 408 19 420 41
b127 397 442 422 485
b128 126 306 170 334
b129 96 63 118 97
b130 145 99 171 129
b131 0 299 45 347
b132 235 508 274 526
b133 329 299 372 314
b134 295 263 329 310
b135 284 361 299 406
b136 0 0 12 37
b137 356 220 377 248
b138 297 89 339 117
b139 259 266 295 303
b140 133 557 145 600
b141 202 244 221 289
b142 102 210 139 237
b143 39 39 63 64
b144 241 251 281 266
b145 0 502 45 515
b146 112 600 145 648
b147 335 338 365 380
b148 110 578 128 598
b149 176 0 198 47
b150 397 55 420 86
b151 333 0 375 18
b152 133 495 149 514
b153 323 492 353 533
b154 94 306 116 323
b155 208 289 222 314
b156 148 640 176 656
b157 127 157 152 177
b158 294 578 307 601
b159 259 0 303 32
b160 370 473 397 489
b161 86 532 133 578
b162 320 533 351 551
b163 75 0 108 22
b164 218 0 259 36
b165 228 129 245 150
b166 186 158 222 192
b167 339 89 376 125
b168 194 492 235 516
b169 258 89 297 113
b170 45 317 90 346
b171 149 512 189 534
b172 139 191 152 218
b173 388 316 420 341
b174 133 452 149 495
b175 177 241 193 256
b176 12 155 50 188
b177 222 274 259 315
b178 191 296 208 315
b179 99 99 145 133
b180 56 627 75 667
b181 93 176 123 204
b182 352 175 376 220
b183 259 303 292 342
b184 131 239 177 264
b185 96 22 130 49
b186 89 400 122 431
b187 261 408 299 444
b188 19 597 56 637
b189 63 0 75 44
b190 239 481 276 508
b191 180 60 196 94
b192 374 573 422 602
b193 290 607 307 640
b194 346 55 359 83
b195 130 58 163 71
b196 181 640 222 681
b197 144 656 181 684
b198 222 155 241 203
b199 19 637 55 668
b200 86 495 129 532
b201 200 559 229 585
b202 222 626 261 660
b203 63 52 91 67
b204 377 180 418 213
b205 170 306 191 321
b206 335 450 370 492
b207 63 67 96 95
b208 295 310 322 330
b209 130 22 175 58
b210 258 113 282 126
b211 277 159 289 175
b212 149 534 191 555
b213 96 49 128 63
b214 69 557 86 584
b215 273 578 294 607
b216 264 638 283 680
b217 198 0 218 48
b218 133 514 148 557
b219 193 226 221 244
b220 339 18 369 55
b221 0 671 45 684
b222 295 330 329 355
b223 12 120 34 139
b224 0 428 21 473
b225 246 361 284 408
b226 217 516 233 555
b227 191 516 204 548
b228 353 581 373 602
b229 86 578 110 626
b230 364 415 394 448
b231 290 640 306 670
b232 197 405 220 447
b233 0 415 16 428
b234 44 93 62 126
b235 353 492 375 538
b236 241 177 280 204
b237 375 489 396 529
b238 277 132 316 159
b239 289 180 329 202
b240 365 352 384 375
b241 204 129 228 142
b242 136 0 176 22
b243 56 168 93 202
b244 252 444 289 457
b245 90 323 126 347
b246 174 398 197 442
b247 369 19 408 55
b248 329 268 372 299
b249 387 244 422 271
b250 218 58 252 89
b251 148 606 191 640
b252 99 157 127 176
b253 290 670 305 683
b254 204 142 228 155
b255 241 204 280 251
b256 331 175 352 188
b257 354 248 387 265
b258 12 188 56 222
b259 352 642 378 654
b260 198 48 210 67
b261 0 99 12 144
b262 12 18 39 66
b263 376 133 422 180
b264 149 489 194 512
b265 0 583 15 628
b266 372 271 420 316
b267 170 321 204 360
b268 329 246 354 268
b269 77 665 114 683
b270 324 27 339 50
b271 171 94 213 118
b272 329 314 364 338
b273 305 453 335 474
b274 114 431 147 452
b275 108 0 136 22
b276 281 202 312 216
b277 0 144 12 191
b278 376 120 418 133
b279 54 129 97 168
b280 218 36 249 58
b281 276 69 306 87
b282 88 465 132 495
b283 179 226 192 241
b284 75 22 96 52
b285 80 249 93 282
b286 95 237 131 278
b287 289 159 331 180
b288 0 555 36 583
b289 380 648 417 681
b290 308 27 324 54
b291 0 474 43 502
b292 222 660 261 684
b293 0 628 19 671
b294 163 60 180 86
b295 204 516 217 559
b296 12 93 28 120
b297 359 55 397 86
b298 90 347 123 387
b299 329 227 342 240
