572433.75
853147.5
291720
442 660
25.893982
b0 46 570 73 585
b1 222 38 238 65
b2 212 207 238 229
b3 158 157 179 202
b4 84 353 129 393
b5 247 456 263 482
b6 12 228 50 255
b7 238 38 273 67
b8 211 474 247 495
b9 262 521 287 565
b10 381 539 396 570
b11 57 210 81 251
b12 387 464 404 483
b13 409 340 442 388
b14 204 299 225 343
b15 331 473 365 488
b16 396 577 438 622
b17 397 622 438 659
b18 210 569 253 613
b19 50 315 73 351
b20 211 457 224 474
b21 48 68 92 96
b22 380 349 409 384
b23 365 187 405 204
b24 74 169 98 187
b25 83 118 126 147
b26 24 501 42 528
b27 402 113 440 153
b28 378 452 402 464
b29 271 297 300 327
b30 376 485 404 505
b31 104 317 136 353
b32 331 0 350 22
b33 149 0 194 46
b34 128 46 157 58
b35 188 519 214 531
b36 378 422 405 452
b37 0 26 12 55
b38 168 414 189 433
b39 157 46 169 59
b40 222 0 269 19
b41 179 174 215 193
b42 396 552 442 577
b43 292 0 331 21
b44 23 325 50 349
b45 260 237 284 262
b46 61 155 74 174
b47 356 13 396 55
b48 130 386 164 414
b49 0 485 24 533
b50 98 169 112 188
b51 328 137 342 153
b52 165 623 183 660
b53 295 436 331 448
b54 274 606 308 636
b55 354 350 380 381
b56 47 417 93 448
b57 348 575 396 622
b58 329 96 354 121
b59 280 448 327 486
b60 189 395 228 411
b61 173 344 204 389
b62 112 154 158 190
b63 238 201 284 237
b64 280 404 295 437
b65 133 548 146 571
b66 0 379 45 421
b67 46 556 79 570
b68 282 265 327 293
b69 12 0 48 27
b70 354 106 399 122
b71 126 120 158 154
b72 315 561 347 576
b73 225 315 271 327
b74 12 107 46 150
b75 405 422 442 442
b76 342 122 381 158
b77 280 386 320 404
b78 258 606 274 648
b79 253 404 278 444
b80 366 539 381 575
b81 180 124 212 139
b82 85 592 124 616
b83 81 210 118 251
b84 12 255 50 289
b85 92 38 126 81
b86 300 293 344 332
b87 210 613 258 658
b88 129 357 173 386
b89 113 548 133 590
b90 84 393 130 417
b91 381 122 402 165
b92 0 421 47 466
b93 209 229 233 249
b94 295 404 326 423
b95 48 0 92 37
b96 372 252 405 298
b97 141 506 156 546
b98 295 423 330 436
b99 287 520 327 537
b100 331 488 376 532
b101 79 532 109 568
b102 280 350 320 386
b103 320 46 354 80
b104 427 489 441 531
b105 249 262 282 297
b106 48 96 81 108
b107 241 495 256 527
b108 146 551 183 589
b109 396 0 442 42
b110 327 243 366 285
b111 204 343 225 356
b112 47 392 77 417
b113 320 22 356 46
b114 0 533 44 567
b115 376 505 398 539
b116 12 88 40 107
b117 204 356 225 395
b118 130 414 168 458
b119 194 0 222 45
b120 284 179 320 215
b121 0 626 38 660
b122 168 455 211 475
b123 215 152 238 188
b124 180 139 211 174
b125 80 616 126 658
b126 365 473 387 485
b127 124 590 167 615
b128 398 505 426 549
b129 252 67 286 89
b130 378 396 408 422
b131 12 150 57 198
b132 46 598 85 616
b133 274 643 317 658
b134 405 442 439 489
b135 366 204 381 249
b136 0 99 12 136
b137 151 202 179 223
b138 362 78 404 106
b139 12 27 48 64
b140 365 384 408 396
b141 228 361 247 406
b142 47 448 84 475
b143 416 42 440 67
b144 0 364 40 379
b145 204 253 249 266
b146 165 91 213 124
b147 38 629 80 659
b148 363 331 383 349
b149 61 108 83 155
b150 367 55 398 78
b151 323 198 365 216
b152 224 456 243 472
b153 12 198 53 228
b154 225 344 247 361
b155 136 269 150 294
b156 405 248 433 264
b157 164 389 184 414
b158 404 489 427 502
b159 218 532 262 564
b160 233 237 260 253
b161 273 21 320 67
b162 116 251 147 269
b163 158 124 180 157
b164 0 289 41 325
b165 320 375 337 396
b166 405 186 441 220
b167 238 152 275 188
b168 287 128 328 152
b169 93 458 132 482
b170 224 411 253 456
b171 363 165 403 187
b172 46 585 73 598
b173 176 298 201 330
b174 319 80 362 96
b175 24 485 39 501
b176 204 266 242 299
b177 47 351 84 392
b178 235 67 252 86
b179 0 567 46 601
b180 308 604 348 623
b181 136 327 164 357
b182 242 128 287 152
b183 286 67 319 106
b184 0 601 46 626
b185 329 623 356 657
b186 73 317 104 350
b187 92 0 128 38
b188 93 417 130 457
b189 0 55 12 99
b190 214 495 241 532
b191 130 223 164 239
b192 213 104 242 152
b193 247 350 280 367
b194 337 381 365 394
b195 97 482 130 495
b196 150 253 191 294
b197 327 532 364 560
b198 222 19 270 38
b199 406 309 442 340
b200 404 70 441 113
b201 68 482 97 508
b202 284 231 323 265
b203 53 251 68 279
b204 253 565 286 606
b205 427 531 442 552
b206 44 514 79 556
b207 344 285 372 318
b208 121 507 141 534
b209 406 264 442 309
b210 211 433 224 457
b211 121 495 137 507
b212 287 583 329 604
b213 109 534 141 548
b214 183 569 210 586
b215 137 477 158 506
b216 0 466 42 485
b217 68 251 116 271
b218 263 444 278 487
b219 398 42 416 70
b220 247 367 277 404
b221 191 253 204 298
b222 320 350 354 375
b223 216 188 238 207
b224 61 189 106 210
b225 331 435 378 473
b226 225 299 264 315
b227 48 108 61 140
b228 308 623 329 643
b229 381 204 405 252
b230 158 518 188 551
b231 188 532 218 548
b232 251 327 293 350
b233 329 121 342 137
b234 293 332 326 350
b235 283 106 329 128
b236 327 216 366 243
b237 314 158 354 179
b238 275 152 314 179
b239 168 433 208 455
b240 269 0 292 19
b241 359 318 383 331
b242 73 570 113 592
b243 92 81 126 118
b244 179 193 216 206
b245 12 64 48 88
b246 188 475 211 519
b247 50 279 89 315
b248 48 37 91 68
b249 183 623 210 658
b250 256 487 287 521
b251 167 589 210 623
b252 132 458 160 477
b253 344 318 359 331
b254 408 409 432 422
b255 331 396 378 435
b256 354 55 367 76
b257 179 206 212 223
b258 287 486 331 520
b259 0 0 12 26
b260 347 560 366 572
b261 118 190 130 235
b262 126 59 174 86
b263 89 271 136 317
b264 383 298 406 343
b265 0 349 45 364
b266 174 46 222 91
b267 126 86 165 120
b268 83 147 108 169
b269 326 332 363 350
b270 0 325 23 340
b271 79 508 121 532
b272 287 537 322 561
b273 188 548 218 569
b274 409 388 442 409
b275 287 561 315 583
b276 173 330 204 344
b277 118 239 165 251
b278 238 188 280 201
b279 126 615 165 658
b280 189 411 220 433
b281 222 86 252 104
b282 165 223 209 253
b283 61 174 74 189
b284 130 190 151 220
b285 46 616 79 629
b286 356 622 397 658
b287 128 0 149 42
b288 405 220 441 248
b289 405 153 442 186
b290 284 215 311 231
b291 160 475 188 518
b292 44 475 68 514
b293 320 179 363 198
b294 225 327 251 344
b295 350 0 393 13
b296 329 576 345 603
b297 252 89 283 127
b298 136 294 176 327
b299 222 65 235 78
