542175.34375
850573
289850
425 682
39.640278
b0 71 360 98 375
b1 138 430 165 446
b2 55 530 81 552
b3 81 379 126 400
b4 98 250 138 295
b5 272 36 298 52
b6 142 390 180 417
b7 13 147 48 176
b8 307 215 343 236
b9 377 657 421 682
b10 345 38 376 53
b11 50 110 91 134
b12 380 317 397 336
b13 202 193 235 241
b14 48 656 92 677
b15 378 234 412 249
b16 213 476 255 521
b17 139 645 180 682
b18 381 274 425 317
b19 286 263 322 286
b20 0 493 13 510
b21 202 165 246 193
b22 173 165 202 200
b23 197 125 214 165
b24 375 249 393 273
b25 0 332 43 361
b26 343 182 370 200
b27 333 390 373 428
b28 373 415 397 427
b29 98 295 128 324
b30 272 81 300 101
b31 254 269 286 305
b32 98 360 120 379
b33 329 94 375 139
b34 213 566 242 578
b35 41 622 53 648
b36 258 101 285 131
b37 0 57 12 86
b38 323 304 344 323
b39 42 567 55 579
b40 265 189 284 236
b41 404 156 423 192
b42 97 503 143 528
b43 155 258 194 279
b44 231 426 258 450
b45 204 656 229 680
b46 174 362 187 381
b47 13 0 55 40
b48 139 154 173 182
b49 0 656 48 680
b50 301 142 320 156
b51 126 390 142 404
b52 187 627 224 645
b53 0 167 12 203
b54 304 463 338 493
b55 314 576 340 607
b56 234 318 265 364
b57 375 109 423 156
b58 233 101 258 126
b59 157 279 195 326
b60 12 551 51 567
b61 94 651 139 682
b62 258 477 304 513
b63 141 609 187 645
b64 316 164 349 179
b65 129 404 142 427
b66 48 179 90 224
b67 315 109 329 142
b68 379 387 424 415
b69 167 0 194 36
b70 409 415 425 460
b71 348 321 380 355
b72 59 255 91 270
b73 0 121 12 167
b74 13 40 47 83
b75 307 236 344 256
b76 117 214 156 250
b77 242 560 260 600
b78 340 594 382 610
b79 0 396 40 421
b80 125 61 140 97
b81 128 295 143 327
b82 138 37 177 61
b83 44 376 81 417
b84 303 429 341 463
b85 370 156 404 199
b86 0 512 44 551
b87 258 429 303 477
b88 0 464 44 493
b89 101 528 143 548
b90 51 506 97 530
b91 143 520 186 541
b92 55 557 100 604
b93 266 305 286 329
b94 13 493 44 512
b95 289 637 326 681
b96 241 635 274 681
b97 0 381 40 396
b98 0 86 13 121
b99 94 166 134 183
b100 94 607 139 651
b101 341 629 377 659
b102 214 126 254 162
b103 108 469 142 503
b104 143 283 157 325
b105 308 179 341 214
b106 143 250 155 283
b107 326 629 341 661
b108 286 286 323 324
b109 0 235 46 277
b110 261 544 300 586
b111 190 570 211 583
b112 344 296 374 321
b113 265 165 301 189
b114 143 575 187 609
b115 138 182 172 204
b116 301 81 320 109
b117 181 200 202 239
b118 196 305 234 349
b119 0 207 45 235
b120 65 426 101 462
b121 258 131 296 165
b122 0 361 43 381
b123 264 0 287 36
b124 378 427 409 462
b125 378 508 424 550
b126 220 349 232 371
b127 54 292 97 317
b128 377 550 421 578
b129 344 224 378 246
b130 43 330 69 360
b131 185 80 233 125
b132 59 237 98 255
b133 274 637 289 680
b134 143 541 190 575
b135 213 521 228 566
b136 321 390 333 427
b137 286 324 307 352
b138 13 421 41 463
b139 13 83 50 119
b140 42 579 54 622
b141 140 93 185 112
b142 341 471 378 498
b143 287 0 311 25
b144 406 192 421 232
b145 43 317 88 330
b146 344 546 377 594
b147 283 607 325 637
b148 216 287 236 305
b149 298 30 345 52
b150 190 539 213 570
b151 0 597 42 615
b152 173 239 189 258
b153 0 302 41 332
b154 78 483 95 505
b155 268 357 282 382
b156 304 493 332 509
b157 186 514 206 539
b158 142 417 165 430
b159 140 61 184 93
b160 348 139 375 155
b161 167 433 213 480
b162 181 415 212 433
b163 96 404 129 426
b164 232 364 268 405
b165 224 635 241 656
b166 125 327 159 363
b167 159 326 196 362
b168 143 446 167 487
b169 343 200 382 224
b170 375 64 420 93
b171 46 270 86 292
b172 46 237 59 264
b173 156 204 181 236
b174 375 93 418 109
b175 165 417 181 432
b176 305 357 343 390
b177 126 0 167 37
b178 156 236 173 255
b179 94 97 140 131
b180 274 586 314 605
b181 235 193 265 221
b182 213 452 258 476
b183 228 521 261 560
b184 0 277 46 302
b185 235 221 262 255
b186 143 487 174 520
b187 228 0 264 38
b188 304 509 344 546
b189 284 189 296 233
b190 98 59 125 96
b191 101 426 117 460
b192 272 52 320 81
b193 187 362 220 379
b194 320 151 348 164
b195 0 24 13 57
b196 0 615 41 656
b197 98 0 126 37
b198 323 256 342 304
b199 389 0 425 31
b200 341 428 378 471
b201 345 53 374 79
b202 53 622 92 656
b203 13 119 28 147
b204 307 324 348 357
b205 301 156 316 177
b206 140 112 175 154
b207 344 498 377 526
b208 81 530 101 557
b209 187 379 232 415
b210 196 349 220 362
b211 329 139 345 151
b212 117 427 138 469
b213 301 109 315 141
b214 349 155 366 182
b215 284 352 305 381
b216 184 61 226 80
b217 196 256 216 304
b218 345 23 388 38
b219 50 161 78 179
b220 71 330 108 360
b221 94 153 139 166
b222 91 183 116 217
b223 393 249 412 271
b224 44 417 65 462
b225 55 39 93 86
b226 342 280 381 296
b227 234 305 266 318
b228 357 526 378 546
b229 177 37 225 61
b230 311 0 344 30
b231 285 101 301 131
b232 101 548 143 571
b233 78 161 91 177
b234 13 176 46 194
b235 94 131 140 153
b236 50 134 89 161
b237 326 661 366 682
b238 233 74 272 101
b239 98 37 138 59
b240 246 165 265 188
b241 0 0 13 24
b242 175 125 197 165
b243 194 0 228 37
b244 48 224 85 237
b245 180 645 204 681
b246 187 583 210 627
b247 228 38 267 74
b248 261 513 304 544
b249 213 578 240 613
b250 344 246 375 280
b251 382 578 425 612
b252 265 329 284 357
b253 55 604 68 619
b254 211 613 235 626
b255 274 390 321 429
b256 261 586 274 607
b257 108 324 125 357
b258 44 462 78 506
b259 296 189 308 215
b260 86 270 98 289
b261 0 551 12 596
b262 126 363 174 390
b263 378 462 425 508
b264 344 0 389 23
b265 189 241 234 256
b266 380 339 425 387
b267 174 480 213 514
b268 28 119 50 144
b269 213 415 231 452
b270 81 400 96 423
b271 320 52 344 94
b272 382 199 406 234
b273 286 233 307 263
b274 265 236 286 269
b275 397 317 425 339
b276 344 79 375 93
b277 377 612 424 624
b278 412 232 425 274
b279 55 0 98 39
b280 116 183 138 214
b281 12 567 30 597
b282 300 546 344 576
b283 344 526 357 541
b284 78 462 108 483
b285 13 194 46 207
b286 100 571 141 607
b287 232 405 274 426
b288 343 357 379 385
b289 388 31 425 64
b290 90 217 117 233
b291 240 607 283 635
b292 55 86 94 110
b293 325 610 368 629
b294 68 604 94 621
b295 0 421 13 464
b296 44 360 71 376
b297 216 256 254 287
b298 377 624 417 657
b299 41 302 54 315
