526362.984375
878483.5
291616
416 701
19.773469
b0 61 531 76 558
b1 0 250 27 266
b2 73 339 99 361
b3 199 222 244 243
b4 0 334 45 374
b5 296 126 312 152
b6 0 212 27 250
b7 181 19 216 48
b8 140 425 176 446
b9 137 244 162 288
b10 244 231 259 262
b11 271 631 312 655
b12 325 352 342 371
b13 260 260 293 308
b14 247 376 268 420
b15 0 58 34 73
b16 372 635 414 680
b17 331 127 372 164
b18 0 473 44 516
b19 379 225 415 248
b20 336 444 349 461
b21 45 378 89 406
b22 260 231 295 260
b23 79 47 96 87
b24 297 488 315 512
b25 293 278 322 321
b26 192 243 210 270
b27 199 182 237 222
b28 390 507 402 531
b29 342 303 372 332
b30 138 0 166 20
b31 326 498 358 534
b32 73 569 95 588
b33 82 487 127 533
b34 91 475 120 487
b35 313 579 339 591
b36 336 461 363 491
b37 297 52 309 81
b38 210 638 231 657
b39 301 579 313 592
b40 79 0 98 47
b41 0 619 36 638
b42 96 70 142 95
b43 297 449 336 470
b44 0 13 24 40
b45 134 196 158 221
b46 58 30 77 43
b47 87 661 129 701
b48 45 307 73 341
b49 175 182 199 230
b50 342 357 356 376
b51 166 685 180 701
b52 308 170 326 207
b53 39 101 75 113
b54 43 558 73 592
b55 182 117 208 148
b56 138 446 184 477
b57 367 0 414 48
b58 237 191 262 216
b59 45 406 92 444
b60 328 625 367 641
b61 336 0 367 45
b62 336 654 372 700
b63 45 444 91 480
b64 73 324 106 339
b65 279 341 292 364
b66 0 516 45 558
b67 279 308 293 341
b68 370 164 415 192
b69 224 463 260 490
b70 0 266 45 282
b71 271 599 305 631
b72 312 93 327 125
b73 139 56 185 68
b74 327 93 370 127
b75 77 144 114 164
b76 99 339 135 378
b77 184 358 224 376
b78 139 20 181 36
b79 297 381 337 406
b80 77 129 113 144
b81 328 609 360 624
b82 377 611 416 635
b83 0 73 37 114
b84 175 286 213 320
b85 0 558 43 592
b86 132 632 176 671
b87 0 406 45 454
b88 230 149 274 178
b89 139 36 181 56
b90 273 427 297 473
b91 153 288 174 331
b92 39 628 86 673
b93 390 487 414 507
b94 322 321 341 352
b95 372 122 416 159
b96 86 628 132 661
b97 207 384 247 399
b98 265 178 278 213
b99 257 52 297 69
b100 163 538 208 582
b101 271 563 301 599
b102 309 45 349 81
b103 39 592 73 626
b104 128 477 170 491
b105 140 331 175 364
b106 403 507 415 540
b107 24 0 39 32
b108 366 531 403 569
b109 142 68 188 110
b110 188 51 227 93
b111 134 221 147 242
b112 275 0 300 30
b113 188 93 224 117
b114 342 379 386 413
b115 0 178 22 212
b116 39 0 58 28
b117 236 0 275 21
b118 140 387 184 425
b119 281 512 326 540
b120 0 114 36 150
b121 176 647 210 685
b122 322 278 342 321
b123 224 348 247 384
b124 342 192 373 227
b125 294 655 336 701
b126 208 538 220 560
b127 224 420 249 463
b128 138 110 182 138
b129 393 296 415 330
b130 363 465 389 495
b131 367 48 415 93
b132 0 40 39 58
b133 193 490 208 533
b134 175 582 222 616
b135 342 288 387 303
b136 309 81 346 93
b137 114 140 142 161
b138 220 538 262 566
b139 75 239 112 275
b140 324 406 336 449
b141 0 454 45 473
b142 297 406 324 443
b143 273 402 297 427
b144 142 138 182 153
b145 327 641 372 654
b146 182 149 230 182
b147 278 170 308 212
b148 297 470 317 488
b149 253 30 300 52
b150 184 376 207 407
b151 75 164 93 206
b152 312 609 328 628
b153 45 253 75 294
b154 224 96 241 118
b155 175 320 200 334
b156 45 518 61 546
b157 337 534 362 554
b158 39 88 62 101
b159 0 374 44 406
b160 293 321 309 348
b161 295 232 342 278
b162 27 235 58 253
b163 210 616 243 638
b164 98 34 139 70
b165 360 604 377 625
b166 380 413 416 447
b167 75 288 112 324
b168 208 514 249 538
b169 255 308 279 347
b170 370 93 415 122
b171 184 407 206 447
b172 403 540 416 567
b173 310 207 342 232
b174 278 365 321 381
b175 0 319 16 334
b176 373 192 411 225
b177 257 659 294 700
b178 147 227 166 244
b179 92 423 138 457
b180 93 164 112 204
b181 0 150 30 178
b182 114 95 138 140
b183 304 540 337 579
b184 112 250 137 296
b185 111 0 138 34
b186 208 118 241 149
b187 45 480 81 518
b188 222 566 262 603
b189 130 539 142 583
b190 342 227 379 254
b191 162 270 196 286
b192 387 248 416 296
b193 305 592 338 609
b194 237 178 265 191
b195 98 0 111 33
b196 214 307 255 348
b197 129 671 166 699
b198 241 96 260 144
b199 76 533 107 569
b200 0 282 43 319
b201 386 364 415 390
b202 260 473 294 512
b203 317 470 332 498
b204 112 296 153 329
b205 312 628 327 649
b206 378 569 413 611
b207 142 604 175 632
b208 184 447 211 467
b209 39 43 75 88
b210 180 685 204 698
b211 211 416 223 432
b212 142 539 163 581
b213 60 219 74 251
b214 158 153 175 180
b215 268 381 297 402
b216 194 0 236 19
b217 127 491 147 539
b218 244 216 287 231
b219 363 447 391 465
b220 216 21 253 51
b221 222 603 267 616
b222 210 243 244 268
b223 390 333 412 352
b224 130 583 175 604
b225 210 659 257 697
b226 0 681 39 697
b227 293 352 325 365
b228 260 512 281 532
b229 212 490 260 514
b230 27 205 60 235
b231 162 252 192 268
b232 262 540 304 563
b233 129 604 142 620
b234 274 152 307 170
b235 112 204 134 250
b236 0 592 39 619
b237 391 447 412 487
b238 331 164 370 191
b239 22 183 62 205
b240 287 212 310 231
b241 307 157 331 170
b242 73 588 95 628
b243 77 95 114 129
b244 75 275 112 288
b245 342 333 378 357
b246 140 364 184 387
b247 260 69 296 108
b248 337 413 380 444
b249 45 341 72 376
b250 176 616 210 647
b251 342 254 385 288
b252 166 0 194 19
b253 56 294 71 307
b254 0 0 24 13
b255 213 268 260 307
b256 61 518 82 531
b257 211 399 244 416
b258 95 584 129 628
b259 384 352 410 364
b260 378 333 390 352
b261 212 432 224 477
b262 39 673 87 700
b263 147 491 193 538
b264 107 539 130 584
b265 349 45 364 90
b266 92 378 140 423
b267 339 570 378 604
b268 166 230 191 252
b269 91 457 128 475
b270 16 319 39 334
b271 249 420 273 462
b272 133 161 157 196
b273 58 0 79 30
b274 30 150 51 183
b275 356 357 384 379
b276 247 362 278 376
b277 158 180 170 227
b278 170 477 212 490
b279 0 638 39 681
b280 51 145 73 176
b281 312 127 330 157
b282 227 52 257 96
b283 255 347 268 362
b284 372 303 393 333
b285 297 93 310 126
b286 300 0 336 41
b287 372 680 414 701
b288 362 495 390 531
b289 75 206 112 239
b290 386 390 413 406
b291 243 616 271 659
b292 175 334 214 358
b293 114 161 133 204
b294 73 361 99 378
b295 62 176 75 219
b296 339 554 366 570
b297 36 114 74 145
b298 260 108 293 148
b299 43 294 56 307
