555628.25
822896.5
288360
445 648
23.030559
b0 351 418 366 445
b1 414 573 441 589
b2 17 625 43 647
b3 397 626 442 647
b4 0 535 45 575
b5 397 328 413 354
b6 184 579 211 617
b7 333 87 362 122
b8 199 135 235 156
b9 46 360 71 404
b10 235 130 266 145
b11 40 286 64 327
b12 314 187 333 204
b13 365 518 398 566
b14 0 421 44 442
b15 104 42 138 57
b16 28 108 73 150
b17 160 162 201 199
b18 88 551 131 595
b19 291 538 314 574
b20 258 56 275 69
b21 282 281 326 309
b22 333 52 362 87
b23 250 169 290 186
b24 389 257 413 275
b25 254 579 297 608
b26 108 485 135 503
b27 92 218 132 256
b28 0 255 12 279
b29 74 42 104 71
b30 203 465 223 493
b31 132 221 164 257
b32 155 346 174 368
b33 143 0 188 46
b34 285 50 314 62
b35 132 310 158 322
b36 132 257 162 284
b37 314 212 343 224
b38 191 278 210 299
b39 274 91 287 103
b40 55 44 74 91
b41 315 418 351 437
b42 0 396 46 421
b43 402 355 441 376
b44 190 299 217 323
b45 372 349 397 373
b46 314 50 333 63
b47 218 315 258 357
b48 136 106 164 140
b49 363 116 411 140
b50 313 463 332 477
b51 389 236 403 252
b52 333 0 370 18
b53 109 611 121 647
b54 245 271 279 301
b55 177 465 203 496
b56 131 549 177 580
b57 398 525 445 573
b58 166 253 191 278
b59 290 140 328 187
b60 188 0 227 16
b61 71 360 116 391
b62 174 395 220 431
b63 242 611 288 647
b64 385 181 400 214
b65 13 81 26 104
b66 400 161 442 206
b67 46 484 60 517
b68 217 270 245 315
b69 258 20 285 56
b70 28 92 73 108
b71 408 41 442 73
b72 223 435 238 467
b73 0 209 12 255
b74 49 243 92 277
b75 116 377 153 397
b76 361 609 397 648
b77 85 426 125 444
b78 90 202 132 218
b79 181 61 206 101
b80 13 0 28 36
b81 235 145 250 177
b82 266 129 290 168
b83 408 0 445 41
b84 206 63 240 101
b85 211 577 254 611
b86 46 404 85 448
b87 28 150 73 198
b88 326 262 370 291
b89 276 502 318 522
b90 74 71 98 117
b91 372 401 415 422
b92 318 504 365 549
b93 179 617 199 641
b94 332 122 363 141
b95 174 358 218 395
b96 73 118 119 151
b97 336 572 351 612
b98 155 333 190 346
b99 49 202 89 219
b100 0 352 45 396
b101 413 319 443 355
b102 288 608 324 648
b103 253 401 287 435
b104 366 18 408 32
b105 166 218 199 253
b106 73 151 106 163
b107 13 104 28 136
b108 218 357 255 395
b109 0 493 46 535
b110 375 479 417 518
b111 320 0 333 21
b112 299 477 329 502
b113 357 291 381 327
b114 199 218 243 252
b115 277 334 311 356
b116 393 275 421 294
b117 135 140 174 161
b118 313 325 357 363
b119 275 63 320 91
b120 143 608 179 644
b121 206 183 244 217
b122 256 435 276 478
b123 315 549 351 572
b124 283 187 314 222
b125 97 0 143 42
b126 85 410 107 422
b127 417 232 442 275
b128 140 580 184 608
b129 132 199 166 221
b130 132 284 162 310
b131 136 58 181 106
b132 371 236 389 275
b133 13 168 28 211
b134 174 431 221 465
b135 227 0 272 15
b136 0 82 12 119
b137 287 416 315 437
b138 366 32 408 60
b139 13 211 49 248
b140 138 46 181 58
b141 326 243 371 262
b142 0 325 37 352
b143 20 598 44 623
b144 223 395 238 435
b145 0 0 13 45
b146 60 485 108 518
b147 375 449 417 479
b148 181 122 199 142
b149 356 214 403 236
b150 368 422 399 445
b151 332 437 350 479
b152 107 410 126 426
b153 279 356 309 397
b154 333 18 350 40
b155 403 232 417 257
b156 112 595 140 611
b157 174 142 199 162
b158 98 397 121 410
b159 46 328 90 360
b160 399 422 415 449
b161 212 16 258 63
b162 350 445 368 476
b163 121 611 143 644
b164 68 612 109 648
b165 0 625 17 646
b166 240 69 274 105
b167 324 612 361 648
b168 49 219 90 243
b169 405 73 444 97
b170 415 400 444 445
b171 259 478 299 500
b172 71 391 98 404
b173 212 105 244 130
b174 119 118 135 161
b175 398 573 414 588
b176 244 186 282 219
b177 119 161 160 198
b178 68 593 85 612
b179 311 363 357 397
b180 166 199 206 218
b181 372 373 402 401
b182 188 16 212 61
b183 86 163 119 202
b184 329 479 375 504
b185 201 156 235 183
b186 223 468 254 501
b187 13 248 49 286
b188 276 437 313 477
b189 320 63 332 107
b190 287 91 314 128
b191 350 18 366 52
b192 285 21 333 50
b193 259 500 276 533
b194 104 57 132 70
b195 223 501 256 514
b196 91 444 132 485
b197 90 321 118 358
b198 363 97 411 116
b199 64 277 95 313
b200 283 244 326 281
b201 403 206 432 232
b202 366 60 405 94
b203 417 510 445 525
b204 258 538 291 579
b205 13 60 28 81
b206 132 443 174 478
b207 182 496 210 529
b208 0 598 20 625
b209 46 448 91 484
b210 250 145 263 169
b211 398 588 414 600
b212 315 397 357 418
b213 13 136 27 168
b214 95 256 112 283
b215 118 356 147 377
b216 314 224 356 243
b217 272 0 320 20
b218 238 395 253 438
b219 217 252 245 270
b220 245 241 282 271
b221 0 164 13 209
b222 381 294 406 328
b223 258 334 277 356
b224 258 356 279 401
b225 98 71 136 118
b226 276 522 315 538
b227 73 163 86 195
b228 112 256 132 277
b229 211 514 259 538
b230 352 181 385 211
b231 370 0 400 16
b232 74 0 97 42
b233 357 349 370 365
b234 314 107 332 140
b235 28 0 74 22
b236 13 286 40 325
b237 357 328 397 349
b238 162 294 189 333
b239 28 22 68 44
b240 45 593 68 612
b241 13 36 26 60
b242 243 219 283 241
b243 118 322 155 356
b244 0 45 13 82
b245 402 376 438 400
b246 421 275 444 319
b247 46 518 85 554
b248 199 617 242 648
b249 190 323 217 358
b250 326 291 357 325
b251 411 118 445 161
b252 287 397 315 416
b253 258 315 271 330
b254 432 206 445 230
b255 211 538 258 577
b256 28 198 49 211
b257 164 106 181 139
b258 177 535 211 579
b259 398 600 410 626
b260 381 275 393 294
b261 0 119 12 164
b262 28 44 55 92
b263 122 503 169 549
b264 0 575 45 598
b265 357 365 372 410
b266 126 398 174 443
b267 297 574 336 608
b268 191 253 213 278
b269 414 589 432 626
b270 64 313 87 328
b271 135 478 177 502
b272 44 612 68 647
b273 153 368 174 398
b274 411 97 444 118
b275 417 445 445 467
b276 245 301 276 315
b277 279 309 326 321
b278 271 321 313 334
b279 45 554 88 593
b280 283 222 314 244
b281 238 438 256 468
b282 0 463 44 493
b283 210 493 223 508
b284 181 101 211 122
b285 169 502 182 535
b286 364 140 400 181
b287 0 442 42 463
b288 328 141 364 169
b289 85 518 122 551
b290 164 278 191 294
b291 417 467 445 510
b292 244 105 283 129
b293 333 169 352 212
b294 315 437 332 463
b295 384 566 397 609
b296 85 595 112 611
b297 95 283 126 321
b298 351 566 384 606
b299 199 122 212 135
