509523.96875
839740
289380
455 636
32.740229
b0 26 561 41 588
b1 48 367 75 383
b2 0 561 26 583
b3 80 399 125 420
b4 40 74 85 114
b5 359 308 385 324
b6 252 379 290 406
b7 134 312 163 347
b8 321 64 342 100
b9 0 588 44 613
b10 40 29 71 44
b11 37 481 78 505
b12 36 294 53 313
b13 234 94 282 127
b14 0 613 44 634
b15 367 197 401 212
b16 359 324 401 369
b17 81 249 118 290
b18 80 420 123 464
b19 415 43 451 66
b20 122 124 135 141
b21 293 453 321 497
b22 387 564 416 599
b23 211 286 251 303
b24 256 544 280 562
b25 0 0 43 29
b26 428 295 455 313
b27 344 135 382 175
b28 37 448 49 472
b29 133 183 162 213
b30 224 380 252 400
b31 183 305 215 341
b32 0 225 19 247
b33 293 376 338 422
b34 312 279 324 308
b35 350 553 376 565
b36 61 315 91 342
b37 80 370 92 399
b38 0 204 19 225
b39 385 308 398 320
b40 289 45 336 64
b41 383 161 402 197
b42 133 158 179 183
b43 140 109 179 130
b44 428 444 455 468
b45 231 157 255 182
b46 306 64 319 83
b47 317 336 359 376
b48 249 406 277 440
b49 324 254 348 302
b50 196 486 210 505
b51 236 617 252 631
b52 216 90 234 127
b53 87 0 99 36
b54 163 255 193 289
b55 256 500 287 526
b56 210 510 256 541
b57 176 342 224 389
b58 118 25 143 50
b59 402 172 449 210
b60 277 406 293 445
b61 0 420 31 465
b62 117 509 163 545
b63 412 509 448 555
b64 291 246 324 261
b65 99 50 122 63
b66 44 568 86 613
b67 158 33 172 66
b68 224 335 252 380
b69 92 370 128 397
b70 351 292 396 308
b71 256 562 290 594
b72 195 219 210 251
b73 298 166 344 178
b74 86 568 120 611
b75 163 305 183 342
b76 416 599 455 635
b77 337 212 355 252
b78 252 324 294 340
b79 118 0 158 25
b80 195 389 210 425
b81 48 383 80 398
b82 192 195 231 219
b83 348 595 385 636
b84 0 146 38 180
b85 324 178 367 212
b86 210 427 249 471
b87 278 0 326 45
b88 336 431 380 460
b89 252 340 294 360
b90 298 178 322 224
b91 53 294 96 315
b92 40 204 87 249
b93 265 224 289 244
b94 421 490 452 509
b95 260 127 304 164
b96 219 0 265 33
b97 210 495 250 510
b98 139 443 174 456
b99 342 460 382 477
b100 40 114 85 158
b101 131 606 167 636
b102 304 130 344 166
b103 418 101 452 135
b104 31 382 45 424
b105 265 189 298 224
b106 253 212 265 245
b107 237 303 252 335
b108 194 157 231 195
b109 210 541 256 583
b110 140 70 182 109
b111 118 286 131 307
b112 0 247 30 272
b113 0 180 36 204
b114 37 505 81 539
b115 96 290 118 324
b116 243 33 262 61
b117 321 460 342 499
b118 121 213 159 257
b119 261 64 306 92
b120 211 250 247 286
b121 274 284 312 318
b122 155 456 198 476
b123 383 468 406 504
b124 182 72 213 107
b125 355 212 401 254
b126 99 28 111 50
b127 255 164 298 189
b128 303 565 347 593
b129 421 468 455 490
b130 43 0 73 26
b131 380 398 425 446
b132 293 594 311 633
b133 19 204 34 247
b134 163 509 210 543
b135 143 25 158 70
b136 387 254 399 291
b137 418 80 446 101
b138 425 402 453 444
b139 0 465 37 501
b140 79 485 122 497
b141 435 210 454 255
b142 0 109 27 146
b143 393 116 417 141
b144 406 468 421 508
b145 36 281 81 294
b146 171 0 219 33
b147 373 46 415 76
b148 193 285 211 305
b149 84 613 131 635
b150 48 398 79 421
b151 125 545 167 563
b152 367 175 383 194
b153 162 183 192 224
b154 122 489 144 506
b155 292 360 317 374
b156 426 313 454 329
b157 310 499 330 524
b158 252 189 265 212
b159 36 249 80 281
b160 262 45 289 61
b161 87 161 133 208
b162 213 72 244 90
b163 289 224 322 246
b164 314 524 350 565
b165 293 497 310 518
b166 128 366 162 402
b167 99 87 135 124
b168 99 63 140 87
b169 326 0 350 39
b170 118 257 163 286
b171 44 613 84 635
b172 158 0 171 27
b173 48 342 80 367
b174 71 31 87 74
b175 123 433 139 448
b176 402 210 435 248
b177 256 594 293 635
b178 414 248 431 267
b179 210 583 256 617
b180 252 360 292 379
b181 399 267 429 295
b182 210 471 255 495
b183 157 476 196 509
b184 401 321 426 367
b185 324 302 351 336
b186 125 402 158 433
b187 351 254 387 292
b188 167 558 207 595
b189 439 555 451 599
b190 0 501 37 528
b191 195 251 211 285
b192 379 369 427 398
b193 244 61 261 94
b194 398 308 426 321
b195 162 430 195 443
b196 167 595 208 636
b197 370 18 407 46
b198 128 347 176 366
b199 159 224 195 255
b200 311 593 348 636
b201 344 106 370 135
b202 282 92 321 126
b203 403 141 418 169
b204 162 389 195 430
b205 179 153 194 174
b206 345 477 380 519
b207 140 130 173 158
b208 373 76 393 103
b209 81 497 117 542
b210 125 461 138 485
b211 195 425 207 441
b212 249 445 291 466
b213 418 66 450 80
b214 280 544 307 561
b215 383 508 412 529
b216 338 412 380 431
b217 350 0 370 48
b218 167 543 210 558
b219 208 617 236 635
b220 418 135 448 172
b221 265 0 278 45
b222 182 107 216 132
b223 215 303 237 322
b224 80 464 125 485
b225 120 568 167 606
b226 342 61 358 100
b227 396 295 428 308
b228 382 141 403 161
b229 31 424 79 448
b230 49 448 79 481
b231 350 565 366 595
b232 294 318 317 360
b233 401 248 414 264
b234 291 261 324 279
b235 382 446 428 468
b236 41 539 80 566
b237 231 182 252 222
b238 210 400 249 427
b239 393 76 415 116
b240 370 106 393 125
b241 27 109 40 133
b242 252 284 274 324
b243 256 466 293 500
b244 336 48 373 61
b245 0 272 36 296
b246 416 555 439 599
b247 0 296 36 335
b248 293 422 336 453
b249 383 529 410 564
b250 385 599 416 633
b251 420 0 454 43
b252 99 0 118 28
b253 144 489 157 504
b254 350 540 374 553
b255 0 29 39 76
b256 174 443 195 456
b257 138 456 155 489
b258 247 250 291 284
b259 134 286 146 312
b260 100 124 119 136
b261 198 441 210 486
b262 80 343 128 370
b263 40 158 87 204
b264 80 545 125 568
b265 358 61 373 106
b266 0 337 48 382
b267 87 208 121 247
b268 36 315 61 337
b269 370 0 407 18
b270 330 499 345 522
b271 427 360 451 402
b272 87 137 122 161
b273 321 100 342 130
b274 350 519 383 540
b275 40 44 62 72
b276 73 0 87 31
b277 87 36 99 83
b278 324 212 337 254
b279 200 33 243 72
b280 426 329 448 360
b281 256 526 286 544
b282 216 127 260 157
b283 123 448 138 461
b284 366 565 387 595
b285 290 561 303 594
b286 338 376 379 412
b287 173 132 215 153
b288 172 33 200 69
b289 0 528 37 561
b290 163 289 190 305
b291 210 222 253 250
b292 431 255 455 294
b293 91 324 134 343
b294 146 286 163 312
b295 407 0 420 43
b296 287 524 314 540
b297 0 382 31 420
b298 0 76 40 109
b299 87 124 100 137
