565765.5
843891
287640
470 612
52.990839
b0 296 523 323 538
b1 145 545 161 572
b2 223 129 245 155
b3 260 163 281 208
b4 359 567 399 612
b5 315 441 331 467
b6 291 267 329 294
b7 220 222 249 257
b8 245 457 266 493
b9 194 422 219 466
b10 146 208 177 223
b11 427 374 468 398
b12 46 235 63 254
b13 307 564 340 612
b14 120 446 164 467
b15 326 71 341 105
b16 57 111 102 153
b17 389 122 426 163
b18 427 568 470 612
b19 254 351 290 374
b20 288 123 305 136
b21 399 568 427 612
b22 208 257 243 286
b23 349 19 389 36
b24 318 138 342 156
b25 165 422 194 465
b26 374 36 392 63
b27 0 398 38 438
b28 277 239 301 251
b29 103 121 132 151
b30 245 129 265 157
b31 66 242 102 274
b32 451 342 470 364
b33 260 51 305 97
b34 303 443 315 472
b35 243 289 269 301
b36 392 33 422 60
b37 165 465 194 477
b38 213 0 234 19
b39 91 51 104 63
b40 118 354 165 373
b41 310 369 346 388
b42 203 562 249 587
b43 221 157 260 178
b44 234 34 258 61
b45 343 223 368 247
b46 323 522 342 535
b47 385 163 427 203
b48 208 286 242 314
b49 27 0 75 24
b50 132 121 146 140
b51 177 208 191 224
b52 185 574 203 611
b53 66 274 102 286
b54 94 542 128 572
b55 76 211 102 242
b56 403 477 434 523
b57 98 153 145 201
b58 46 474 71 499
b59 207 336 254 374
b60 71 474 87 513
b61 108 22 153 53
b62 0 480 46 516
b63 0 529 46 565
b64 208 314 241 329
b65 395 312 418 325
b66 165 291 207 336
b67 303 472 336 486
b68 193 163 221 208
b69 421 417 457 444
b70 120 394 165 410
b71 373 90 407 122
b72 243 257 258 289
b73 297 355 309 401
b74 0 355 34 398
b75 390 370 427 390
b76 307 486 346 522
b77 310 323 328 363
b78 301 230 343 246
b79 293 160 318 200
b80 310 388 346 403
b81 129 312 161 327
b82 382 288 421 312
b83 266 486 307 523
b84 312 403 346 441
b85 165 257 208 291
b86 426 95 470 134
b87 403 523 451 568
b88 346 369 390 398
b89 46 254 66 296
b90 424 245 470 269
b91 38 48 59 91
b92 146 163 193 208
b93 153 85 173 109
b94 46 575 65 606
b95 102 268 139 312
b96 386 204 432 237
b97 138 77 153 117
b98 296 538 331 551
b99 260 34 300 51
b100 59 65 103 110
b101 155 574 185 610
b102 119 572 155 612
b103 249 562 283 596
b104 13 0 27 42
b105 389 0 424 33
b106 342 72 375 84
b107 395 355 427 370
b108 266 448 303 486
b109 343 161 385 207
b110 207 523 249 562
b111 297 334 310 355
b112 13 80 38 110
b113 350 36 374 72
b114 13 148 57 182
b115 234 0 256 34
b116 451 314 470 342
b117 305 71 326 110
b118 46 513 90 551
b119 305 43 350 71
b120 187 104 223 140
b121 153 47 187 85
b122 424 37 444 80
b123 83 572 119 595
b124 342 84 373 119
b125 328 327 374 369
b126 208 224 220 246
b127 203 587 246 612
b128 426 134 470 162
b129 46 183 68 217
b130 395 60 421 90
b131 219 374 267 419
b132 165 404 204 422
b133 70 313 113 328
b134 86 425 120 472
b135 204 374 219 419
b136 281 163 293 200
b137 260 97 288 118
b138 0 252 42 280
b139 424 0 460 37
b140 258 251 301 263
b141 168 0 213 19
b142 306 296 343 323
b143 390 428 414 453
b144 297 403 312 443
b145 368 223 381 268
b146 421 444 469 477
b147 300 200 342 230
b148 276 523 296 541
b149 285 565 307 612
b150 343 296 366 327
b151 253 208 295 226
b152 407 95 426 111
b153 230 88 260 129
b154 266 431 288 448
b155 173 85 187 110
b156 366 296 382 324
b157 375 63 395 88
b158 277 226 300 239
b159 221 178 253 222
b160 346 501 362 528
b161 38 393 85 439
b162 444 64 462 95
b163 139 257 161 290
b164 34 352 70 393
b165 139 290 156 311
b166 139 223 175 257
b167 346 446 382 483
b168 362 505 403 529
b169 382 453 421 477
b170 0 223 45 252
b171 318 156 340 196
b172 0 179 13 206
b173 13 48 38 80
b174 343 207 386 223
b175 113 312 129 327
b176 0 317 33 355
b177 162 537 203 574
b178 219 469 238 486
b179 434 477 468 523
b180 349 0 389 19
b181 68 183 98 211
b182 162 513 207 537
b183 165 371 204 404
b184 0 587 46 612
b185 66 286 100 313
b186 153 110 186 141
b187 362 529 398 567
b188 269 294 306 334
b189 0 114 12 158
b190 13 111 40 148
b191 346 528 362 562
b192 70 362 118 391
b193 129 528 162 545
b194 296 551 324 564
b195 457 398 470 431
b196 0 439 41 480
b197 305 110 342 138
b198 340 562 359 610
b199 162 477 193 513
b200 0 280 43 317
b201 240 493 266 522
b202 258 0 297 34
b203 249 226 277 241
b204 418 314 451 355
b205 301 246 316 267
b206 165 336 207 371
b207 13 195 46 223
b208 444 37 464 64
b209 120 410 165 446
b210 283 541 296 565
b211 193 501 209 513
b212 374 324 395 366
b213 59 51 91 65
b214 234 61 251 88
b215 300 0 321 29
b216 427 162 446 204
b217 368 268 416 288
b218 254 336 297 351
b219 359 428 387 446
b220 57 153 94 183
b221 0 516 45 529
b222 153 22 187 47
b223 427 398 449 417
b224 118 373 163 394
b225 219 419 266 457
b226 246 596 285 612
b227 33 317 46 349
b228 38 91 59 111
b229 104 53 152 77
b230 175 224 208 254
b231 395 325 411 355
b232 446 162 469 204
b233 46 296 62 309
b234 346 483 379 501
b235 0 565 46 587
b236 249 523 276 562
b237 88 0 128 21
b238 69 24 108 51
b239 128 0 168 22
b240 427 355 450 374
b241 75 0 88 24
b242 181 141 221 163
b243 102 234 139 268
b244 40 111 53 148
b245 46 551 82 575
b246 41 451 85 474
b247 90 506 129 542
b248 381 237 424 268
b249 242 301 269 336
b250 85 391 116 425
b251 70 328 113 362
b252 382 477 401 505
b253 0 206 13 221
b254 0 0 13 24
b255 342 122 389 161
b256 0 158 13 179
b257 83 595 116 612
b258 104 77 138 121
b259 219 457 245 469
b260 82 551 94 570
b261 41 439 86 451
b262 113 327 161 354
b263 187 19 234 65
b264 265 118 288 163
b265 316 247 361 262
b266 421 269 469 314
b267 329 262 368 296
b268 293 138 318 160
b269 65 575 83 612
b270 421 80 444 95
b271 27 24 69 48
b272 194 466 218 501
b273 129 507 159 528
b274 258 263 291 284
b275 153 141 181 163
b276 331 441 345 472
b277 0 24 12 71
b278 87 493 129 506
b279 187 65 230 104
b280 209 501 240 523
b281 46 217 76 235
b282 346 398 390 428
b283 324 551 339 564
b284 267 374 297 395
b285 13 182 46 195
b286 432 204 468 245
b287 87 472 129 493
b288 267 395 295 431
b289 102 201 139 234
b290 193 208 220 224
b291 321 0 349 43
b292 46 313 70 352
b293 451 523 470 566
b294 288 97 305 123
b295 0 71 13 114
b296 129 545 145 572
b297 390 390 421 428
b298 129 467 162 507
b299 346 428 359 441
