512053
844190.5
290628
414 702
21.626709
b0 62 164 89 179
b1 287 330 314 346
b2 43 361 65 387
b3 226 354 247 399
b4 372 120 412 165
b5 110 150 136 166
b6 88 432 126 459
b7 286 346 321 375
b8 106 274 127 310
b9 118 672 162 697
b10 246 575 261 606
b11 184 13 208 54
b12 389 404 408 421
b13 247 354 280 402
b14 14 311 58 332
b15 162 303 196 318
b16 277 85 319 130
b17 331 245 372 282
b18 365 658 409 701
b19 87 251 123 274
b20 208 352 221 369
b21 14 50 42 94
b22 144 363 179 392
b23 37 539 54 579
b24 274 0 292 24
b25 276 437 319 466
b26 343 426 370 444
b27 321 388 361 426
b28 159 598 171 622
b29 286 548 315 578
b30 211 33 231 61
b31 78 104 110 140
b32 204 602 226 621
b33 274 27 319 73
b34 71 484 83 513
b35 172 55 198 67
b36 321 348 351 375
b37 353 672 365 701
b38 183 615 202 636
b39 319 129 332 141
b40 272 130 319 149
b41 359 508 378 544
b42 132 430 178 455
b43 0 363 39 384
b44 62 179 86 206
b45 389 380 414 404
b46 214 108 227 127
b47 372 165 414 205
b48 43 484 71 518
b49 14 202 62 226
b50 325 499 344 513
b51 89 164 105 178
b52 190 507 208 544
b53 351 365 387 377
b54 188 222 222 252
b55 61 244 87 275
b56 138 0 184 31
b57 246 620 293 668
b58 100 329 125 354
b59 59 275 106 313
b60 310 179 326 218
b61 146 318 177 363
b62 316 578 362 614
b63 74 0 120 36
b64 188 252 221 267
b65 321 375 344 388
b66 365 577 410 619
b67 0 223 14 256
b68 14 283 59 311
b69 338 614 365 650
b70 232 101 277 117
b71 221 320 253 354
b72 114 71 146 86
b73 142 500 154 546
b74 267 240 301 283
b75 201 267 221 304
b76 118 565 157 601
b77 211 682 251 700
b78 68 442 84 484
b79 93 590 118 630
b80 231 563 246 599
b81 246 505 261 537
b82 207 563 231 602
b83 125 631 162 672
b84 372 205 410 239
b85 256 403 299 437
b86 338 38 382 77
b87 0 437 48 482
b88 179 352 208 396
b89 48 442 68 484
b90 138 31 184 55
b91 138 240 181 261
b92 93 194 140 239
b93 20 588 44 608
b94 282 466 313 485
b95 168 470 212 507
b96 188 163 221 209
b97 230 602 245 642
b98 154 83 167 118
b99 397 340 414 380
b100 293 619 338 663
b101 174 579 204 615
b102 114 86 154 122
b103 212 472 246 506
b104 0 181 14 223
b105 127 264 162 297
b106 174 567 207 579
b107 310 218 325 250
b108 208 526 246 563
b109 0 656 42 702
b110 372 81 414 120
b111 151 55 172 68
b112 222 220 247 250
b113 89 631 125 655
b114 100 357 144 391
b115 44 106 78 128
b116 293 375 321 394
b117 323 557 362 578
b118 321 310 365 348
b119 127 122 172 150
b120 335 121 371 157
b121 232 33 270 67
b122 14 250 57 270
b123 132 477 168 500
b124 18 625 53 656
b125 326 179 372 221
b126 264 437 276 459
b127 325 474 368 499
b128 178 442 222 470
b129 14 226 48 248
b130 172 129 198 159
b131 140 195 188 240
b132 120 20 138 59
b133 344 499 359 542
b134 287 283 321 330
b135 159 553 174 598
b136 114 59 151 71
b137 162 622 183 650
b138 361 377 389 419
b139 286 512 323 548
b140 69 92 112 104
b141 261 575 280 620
b142 292 0 329 27
b143 84 507 108 532
b144 93 179 133 194
b145 14 270 59 283
b146 14 169 62 202
b147 266 210 308 240
b148 120 0 138 20
b149 325 157 372 179
b150 65 383 88 414
b151 0 613 18 655
b152 337 672 353 691
b153 118 601 159 631
b154 338 650 355 672
b155 0 0 14 25
b156 202 621 230 637
b157 0 588 20 613
b158 0 25 13 48
b159 338 77 370 121
b160 319 102 335 129
b161 71 656 118 702
b162 77 532 108 550
b163 132 455 165 477
b164 55 550 96 586
b165 14 33 35 50
b166 0 519 34 555
b167 53 619 89 656
b168 38 128 62 169
b169 331 221 370 245
b170 42 656 71 701
b171 329 0 369 22
b172 184 0 211 13
b173 365 340 397 365
b174 335 22 378 38
b175 214 92 229 108
b176 59 313 97 346
b177 370 421 411 458
b178 127 297 146 314
b179 221 252 267 286
b180 118 546 158 565
b181 301 250 331 278
b182 225 167 270 191
b183 54 586 93 619
b184 44 60 69 106
b185 198 129 225 163
b186 382 0 413 33
b187 378 508 414 546
b188 246 538 286 575
b189 93 239 137 251
b190 162 664 189 701
b191 253 286 287 302
b192 319 445 367 474
b193 20 608 53 625
b194 280 375 293 403
b195 110 166 143 179
b196 88 391 129 432
b197 321 282 358 310
b198 319 54 338 102
b199 365 546 401 577
b200 0 482 43 519
b201 194 651 223 677
b202 232 67 271 101
b203 358 282 373 310
b204 0 384 41 417
b205 146 297 161 318
b206 370 458 412 493
b207 14 94 42 127
b208 212 506 239 526
b209 272 149 308 194
b210 188 209 212 222
b211 319 141 335 153
b212 211 0 253 21
b213 162 650 194 664
b214 110 122 127 149
b215 221 191 242 220
b216 247 191 266 233
b217 0 417 48 437
b218 154 68 197 83
b219 264 466 282 494
b220 226 412 256 449
b221 0 48 13 93
b222 221 286 246 320
b223 321 426 343 445
b224 143 150 164 195
b225 132 392 179 430
b226 271 194 310 210
b227 0 256 13 288
b228 34 519 55 539
b229 62 140 110 164
b230 14 0 44 33
b231 44 0 74 16
b232 222 449 264 472
b233 226 399 242 412
b234 253 323 286 341
b235 225 145 271 167
b236 48 415 87 442
b237 225 642 246 682
b238 286 485 325 512
b239 96 550 118 590
b240 188 544 207 567
b241 0 303 13 327
b242 299 394 321 434
b243 66 346 100 383
b244 323 544 360 557
b245 164 159 188 195
b246 263 494 286 538
b247 162 267 201 303
b248 0 332 43 363
b249 386 305 413 340
b250 198 61 232 92
b251 251 668 294 702
b252 325 513 344 541
b253 0 288 13 303
b254 48 226 61 250
b255 365 619 412 658
b256 369 0 382 21
b257 246 472 263 505
b258 177 318 221 352
b259 401 546 413 572
b260 211 21 230 33
b261 0 93 12 138
b262 382 33 409 81
b263 179 396 226 442
b264 74 36 119 59
b265 368 493 413 508
b266 87 459 132 507
b267 108 507 142 546
b268 189 677 211 702
b269 373 263 391 300
b270 43 346 66 361
b271 167 92 209 116
b272 14 127 38 162
b273 253 302 283 323
b274 253 0 274 33
b275 43 387 65 415
b276 194 637 225 651
b277 271 73 318 85
b278 172 116 214 129
b279 294 663 337 702
b280 55 518 77 549
b281 158 535 188 553
b282 44 16 74 60
b283 123 251 138 264
b284 365 310 386 340
b285 253 341 286 354
b286 280 578 316 619
b287 391 263 412 305
b288 154 507 190 535
b289 0 555 37 588
b290 319 27 335 54
b291 229 117 272 145
b292 373 239 412 263
b293 125 314 144 357
b294 308 153 325 179
b295 0 138 13 181
b296 97 313 124 329
b297 62 206 93 244
b298 74 59 114 92
b299 201 304 214 317
