536015.6875
840521
286875
459 625
44.668794
b0 37 169 64 184
b1 430 74 457 90
b2 66 120 88 146
b3 167 603 212 624
b4 315 413 360 453
b5 37 153 63 169
b6 37 386 64 424
b7 179 516 214 545
b8 305 215 341 236
b9 201 260 226 304
b10 249 361 264 392
b11 348 500 389 524
b12 380 230 397 249
b13 390 446 438 479
b14 398 193 419 237
b15 388 550 422 565
b16 346 579 388 624
b17 106 259 143 300
b18 285 253 329 296
b19 101 602 137 625
b20 431 104 448 117
b21 37 184 65 228
b22 193 381 222 416
b23 156 320 196 337
b24 397 87 421 105
b25 259 478 302 507
b26 287 146 305 173
b27 382 339 420 379
b28 332 514 344 538
b29 37 78 66 108
b30 205 545 225 573
b31 294 296 326 332
b32 435 420 457 439
b33 31 578 76 624
b34 423 553 452 565
b35 196 320 208 346
b36 232 478 259 508
b37 446 45 458 74
b38 249 415 270 434
b39 423 479 436 491
b40 66 48 85 95
b41 0 65 36 84
b42 270 428 295 474
b43 420 235 459 256
b44 405 595 432 619
b45 66 95 90 120
b46 24 40 37 59
b47 357 45 397 87
b48 293 0 327 28
b49 281 204 305 252
b50 85 64 104 78
b51 249 392 263 408
b52 235 508 253 545
b53 247 282 283 294
b54 388 565 422 595
b55 134 563 165 589
b56 151 200 197 231
b57 149 102 197 149
b58 76 600 101 625
b59 198 222 245 260
b60 224 163 240 202
b61 0 578 31 623
b62 0 425 36 471
b63 37 280 73 326
b64 397 72 430 87
b65 330 48 353 61
b66 253 556 298 598
b67 293 610 326 624
b68 390 395 435 423
b69 257 36 293 63
b70 76 351 121 367
b71 298 514 332 546
b72 295 428 310 460
b73 201 306 247 318
b74 40 489 74 532
b75 422 565 459 585
b76 160 477 196 516
b77 329 305 369 323
b78 37 424 79 440
b79 0 511 40 536
b80 245 200 281 215
b81 370 0 402 15
b82 37 338 76 362
b83 0 171 37 212
b84 211 346 249 380
b85 322 104 356 147
b86 356 109 395 153
b87 253 508 298 556
b88 37 0 66 44
b89 438 439 458 481
b90 177 261 201 307
b91 37 440 80 461
b92 264 346 309 393
b93 225 417 249 437
b94 117 461 136 492
b95 0 84 37 128
b96 0 348 33 394
b97 387 379 427 394
b98 344 373 357 408
b99 165 558 205 575
b100 112 302 156 347
b101 137 589 167 625
b102 196 475 232 515
b103 309 349 343 383
b104 79 367 121 381
b105 0 272 33 307
b106 244 154 277 166
b107 315 28 330 60
b108 419 198 457 235
b109 0 536 46 578
b110 111 161 153 200
b111 189 368 210 381
b112 82 326 112 351
b113 37 256 73 280
b114 305 147 349 181
b115 177 346 211 368
b116 137 347 156 375
b117 156 337 177 376
b118 214 437 258 475
b119 431 117 459 162
b120 216 0 252 36
b121 342 187 380 221
b122 75 518 95 561
b123 0 307 36 330
b124 141 405 176 436
b125 244 108 286 154
b126 228 63 240 85
b127 210 578 253 603
b128 344 551 388 579
b129 212 603 246 625
b130 37 123 63 153
b131 398 15 446 60
b132 151 62 169 101
b133 65 241 108 256
b134 240 166 287 200
b135 240 63 285 78
b136 342 221 379 233
b137 214 515 235 543
b138 128 0 170 28
b139 286 109 322 146
b140 143 259 155 302
b141 90 91 109 136
b142 222 380 249 417
b143 0 40 24 65
b144 249 321 264 361
b145 156 307 201 320
b146 73 278 106 326
b147 156 231 198 261
b148 332 254 352 272
b149 264 393 311 415
b150 88 165 111 196
b151 72 461 114 479
b152 330 593 346 612
b153 357 15 398 45
b154 388 595 405 617
b155 421 90 446 104
b156 204 86 232 102
b157 395 168 415 193
b158 179 545 202 558
b159 153 149 197 181
b160 264 321 291 337
b161 298 546 344 593
b162 287 173 305 204
b163 73 256 106 278
b164 286 68 322 109
b165 106 44 127 61
b166 128 28 164 62
b167 104 386 141 422
b168 95 519 119 560
b169 66 217 105 241
b170 46 532 75 577
b171 357 87 397 109
b172 117 492 130 519
b173 357 381 382 413
b174 105 219 148 235
b175 37 108 53 123
b176 111 128 149 161
b177 420 332 457 373
b178 298 593 317 610
b179 349 153 395 187
b180 111 200 151 219
b181 180 575 210 603
b182 170 0 194 45
b183 329 272 368 305
b184 248 296 294 321
b185 344 524 378 551
b186 390 479 423 510
b187 423 515 459 553
b188 0 0 37 40
b189 258 434 270 478
b190 0 212 37 239
b191 170 86 204 102
b192 141 376 189 405
b193 390 510 423 527
b194 0 471 28 484
b195 423 0 456 13
b196 136 436 177 477
b197 211 318 248 346
b198 66 0 85 48
b199 0 394 36 425
b200 0 128 37 171
b201 256 256 285 282
b202 101 422 135 461
b203 50 228 65 256
b204 245 215 278 256
b205 37 63 58 78
b206 109 62 151 97
b207 225 545 253 578
b208 237 36 257 63
b209 395 123 431 168
b210 167 575 180 599
b211 326 612 342 624
b212 156 261 177 303
b213 193 417 225 431
b214 305 236 332 253
b215 88 136 109 165
b216 37 367 79 386
b217 197 202 245 222
b218 119 519 134 562
b219 397 105 425 123
b220 419 168 456 198
b221 270 415 315 428
b222 343 339 368 373
b223 398 237 420 256
b224 66 196 111 217
b225 368 256 415 294
b226 121 347 137 386
b227 446 13 459 45
b228 85 44 106 64
b229 108 235 156 259
b230 311 383 344 413
b231 226 260 256 276
b232 418 290 441 332
b233 317 593 330 609
b234 441 290 459 323
b235 302 492 348 514
b236 360 413 387 452
b237 170 45 191 85
b238 197 163 224 202
b239 112 562 134 602
b240 37 44 60 63
b241 37 228 50 252
b242 293 28 315 68
b243 305 181 342 215
b244 201 431 214 468
b245 423 491 459 515
b246 378 527 422 550
b247 76 561 112 600
b248 85 0 128 31
b249 0 484 35 511
b250 194 55 228 86
b251 322 61 356 104
b252 253 598 281 617
b253 66 179 81 192
b254 85 78 109 91
b255 351 453 390 500
b256 402 0 423 13
b257 153 181 186 198
b258 415 256 459 290
b259 281 598 293 624
b260 134 544 146 563
b261 37 326 82 338
b262 330 0 357 48
b263 197 117 244 163
b264 390 423 435 446
b265 197 102 242 117
b266 370 294 418 339
b267 317 453 351 492
b268 435 395 457 420
b269 380 193 398 230
b270 302 460 317 483
b271 177 432 201 474
b272 432 585 456 620
b273 341 233 371 254
b274 66 146 87 179
b275 194 0 216 28
b276 291 332 322 346
b277 398 60 445 72
b278 368 339 381 381
b279 74 479 117 518
b280 427 373 458 395
b281 0 330 30 348
b282 242 78 286 108
b283 357 0 370 15
b284 226 276 247 306
b285 146 544 179 557
b286 252 0 293 36
b287 80 419 101 461
b288 36 461 72 489
b289 0 239 37 272
b290 177 405 193 432
b291 136 516 179 544
b292 136 477 160 516
b293 194 36 237 55
b294 326 323 343 349
b295 85 31 128 44
b296 343 323 370 339
b297 111 97 149 128
b298 64 386 104 419
b299 446 90 459 103
