563092.75
838199.5
287986
463 622
54.834621
b0 0 574 27 589
b1 225 275 252 291
b2 436 390 462 412
b3 168 575 189 620
b4 414 208 459 248
b5 387 249 403 275
b6 433 583 460 621
b7 403 457 432 492
b8 128 227 164 248
b9 436 412 461 456
b10 312 567 343 582
b11 420 492 461 516
b12 396 65 413 84
b13 85 364 118 412
b14 13 223 57 244
b15 217 105 232 139
b16 197 419 242 461
b17 244 294 281 335
b18 44 484 87 528
b19 353 176 376 212
b20 403 492 420 505
b21 268 253 312 281
b22 383 386 412 421
b23 397 207 414 247
b24 329 332 347 356
b25 308 383 351 412
b26 362 338 389 356
b27 422 73 462 111
b28 0 76 12 100
b29 390 297 420 326
b30 123 490 151 510
b31 96 223 128 259
b32 62 465 84 484
b33 416 112 462 157
b34 238 97 267 109
b35 158 290 184 302
b36 197 461 224 491
b37 350 544 379 556
b38 370 275 389 296
b39 110 530 123 542
b40 339 0 358 47
b41 377 47 396 83
b42 224 461 249 507
b43 120 333 159 354
b44 312 598 339 622
b45 140 416 164 441
b46 46 59 65 72
b47 140 0 180 42
b48 98 168 132 196
b49 412 390 436 438
b50 392 182 406 201
b51 164 227 180 241
b52 353 320 390 338
b53 382 529 418 541
b54 282 211 312 245
b55 146 119 177 145
b56 286 83 317 129
b57 58 72 106 119
b58 304 330 329 355
b59 358 0 396 47
b60 334 160 373 176
b61 418 516 463 547
b62 329 413 375 449
b63 0 332 46 368
b64 125 0 140 33
b65 281 294 304 307
b66 0 368 45 410
b67 0 560 33 574
b68 52 528 97 556
b69 96 196 132 223
b70 29 26 45 71
b71 351 379 383 413
b72 350 529 382 544
b73 0 159 12 205
b74 46 0 89 34
b75 244 335 281 355
b76 163 302 202 338
b77 45 368 85 386
b78 280 174 322 190
b79 396 25 421 65
b80 154 539 169 575
b81 157 462 189 477
b82 423 332 462 356
b83 420 276 461 313
b84 47 306 85 340
b85 13 244 47 287
b86 164 338 203 382
b87 232 109 280 154
b88 249 458 278 502
b89 191 543 211 585
b90 298 461 322 507
b91 63 422 84 465
b92 0 287 47 332
b93 411 157 431 181
b94 322 176 353 195
b95 353 212 397 249
b96 28 574 61 620
b97 13 59 28 99
b98 97 512 110 547
b99 228 243 268 260
b100 0 480 44 525
b101 193 491 223 527
b102 45 386 85 422
b103 274 370 308 404
b104 268 211 282 253
b105 57 212 92 245
b106 0 205 12 238
b107 321 195 353 210
b108 120 263 158 300
b109 126 576 168 622
b110 108 62 147 104
b111 141 469 154 490
b112 406 182 436 207
b113 353 296 389 320
b114 13 189 57 223
b115 169 539 191 573
b116 85 412 104 440
b117 154 477 193 498
b118 56 119 100 157
b119 377 84 422 112
b120 239 28 275 64
b121 423 356 461 390
b122 350 475 370 518
b123 347 356 383 379
b124 0 525 31 560
b125 261 541 307 583
b126 0 100 12 122
b127 242 415 267 458
b128 47 245 91 273
b129 189 585 211 619
b130 358 556 384 586
b131 211 554 259 599
b132 61 569 79 608
b133 225 260 268 275
b134 389 339 423 386
b135 239 355 284 370
b136 142 539 154 576
b137 232 154 253 182
b138 56 157 98 185
b139 426 547 463 583
b140 135 145 147 188
b141 33 528 52 573
b142 190 105 217 142
b143 396 0 420 25
b144 135 190 175 205
b145 68 37 113 50
b146 238 64 286 97
b147 196 31 238 61
b148 211 599 231 617
b149 317 0 339 47
b150 353 47 376 78
b151 110 512 152 530
b152 312 582 331 598
b153 421 43 462 73
b154 147 173 169 190
b155 46 340 60 365
b156 180 0 196 28
b157 158 263 178 288
b158 164 418 187 431
b159 178 180 210 224
b160 376 182 392 209
b161 118 369 164 416
b162 278 474 296 505
b163 325 449 358 471
b164 203 343 239 384
b165 102 311 119 332
b166 375 421 411 455
b167 89 0 125 37
b168 203 319 244 343
b169 60 340 99 364
b170 97 547 142 576
b171 68 50 108 72
b172 436 179 463 192
b173 253 154 278 186
b174 13 0 29 43
b175 141 454 157 469
b176 284 0 317 38
b177 312 211 353 248
b178 353 274 370 293
b179 261 507 307 541
b180 423 313 463 332
b181 0 589 28 619
b182 290 38 314 83
b183 377 112 416 145
b184 304 284 329 330
b185 298 427 325 461
b186 241 370 274 401
b187 104 416 140 454
b188 106 104 146 141
b189 0 32 12 76
b190 13 150 40 187
b191 113 46 147 62
b192 384 541 413 589
b193 380 589 397 622
b194 268 281 296 294
b195 164 431 197 444
b196 152 498 193 539
b197 202 291 239 319
b198 284 320 303 368
b199 397 589 433 620
b200 185 143 228 180
b201 29 72 58 98
b202 178 384 217 418
b203 343 556 358 584
b204 339 586 380 619
b205 308 412 329 427
b206 13 115 55 150
b207 403 248 436 276
b208 436 248 463 268
b209 341 81 377 126
b210 413 563 426 587
b211 13 43 25 59
b212 196 61 238 82
b213 164 382 178 414
b214 29 98 56 115
b215 99 332 120 361
b216 421 24 463 43
b217 329 284 349 332
b218 120 354 163 369
b219 44 452 62 480
b220 165 42 195 79
b221 52 556 97 569
b222 353 249 387 274
b223 412 438 434 457
b224 147 79 192 100
b225 223 507 261 554
b226 40 150 56 189
b227 0 0 13 32
b228 278 453 298 474
b229 231 186 279 210
b230 370 476 403 506
b231 169 145 185 175
b232 231 599 273 622
b233 413 547 426 563
b234 164 444 197 462
b235 132 205 178 227
b236 308 356 347 383
b237 210 180 231 220
b238 57 185 96 212
b239 0 440 22 480
b240 147 100 170 119
b241 85 306 98 330
b242 22 440 44 480
b243 377 145 411 182
b244 0 122 13 159
b245 87 488 123 512
b246 370 506 414 529
b247 273 583 312 619
b248 120 302 163 333
b249 100 141 135 168
b250 432 457 463 491
b251 334 126 377 160
b252 92 259 120 278
b253 347 338 362 351
b254 140 441 164 454
b255 178 251 225 290
b256 281 307 302 320
b257 102 278 119 311
b258 97 454 141 488
b259 358 449 370 475
b260 267 97 286 109
b261 196 0 241 12
b262 180 224 228 251
b263 79 576 126 622
b264 192 82 237 105
b265 128 248 173 263
b266 286 129 334 174
b267 314 47 353 81
b268 46 34 68 59
b269 147 42 165 79
b270 87 278 102 301
b271 420 0 462 24
b272 217 384 241 419
b273 307 546 337 567
b274 370 455 403 476
b275 147 145 169 173
b276 242 401 273 415
b277 0 238 12 285
b278 84 440 97 482
b279 307 507 350 546
b280 431 157 462 179
b281 45 422 63 452
b282 0 410 44 440
b283 275 38 290 51
b284 390 276 420 297
b285 390 326 423 339
b286 312 248 353 284
b287 279 190 321 211
b288 322 471 350 507
b289 231 210 268 243
b290 193 527 220 543
b291 241 0 284 28
b292 317 81 341 120
b293 196 12 239 31
b294 29 0 46 26
b295 177 100 190 143
b296 436 192 463 208
b297 267 415 298 453
b298 47 273 87 306
b299 125 33 138 46
