559845.75
830215.5
289476
473 612
38.845886
b0 82 148 97 175
b1 415 0 431 27
b2 194 107 216 133
b3 383 200 428 221
b4 148 276 193 316
b5 356 376 372 402
b6 167 83 194 121
b7 211 310 240 345
b8 82 175 103 211
b9 178 39 203 83
b10 13 189 44 204
b11 255 475 296 499
b12 63 188 82 205
b13 0 564 33 612
b14 237 240 258 284
b15 320 97 354 112
b16 0 309 42 354
b17 40 151 81 188
b18 377 497 420 541
b19 144 79 167 115
b20 427 483 444 496
b21 405 290 433 334
b22 238 84 273 113
b23 212 490 252 507
b24 194 83 212 107
b25 337 583 380 612
b26 268 594 295 612
b27 146 205 186 243
b28 299 507 323 519
b29 296 446 325 476
b30 40 131 68 151
b31 47 350 79 386
b32 239 453 258 475
b33 0 354 46 399
b34 259 364 271 393
b35 13 91 25 117
b36 13 159 40 189
b37 13 117 25 146
b38 376 478 397 497
b39 445 484 457 497
b40 125 267 144 314
b41 349 313 385 332
b42 52 106 98 131
b43 401 564 440 585
b44 399 585 423 612
b45 68 542 93 566
b46 454 310 473 323
b47 104 75 144 117
b48 222 31 256 59
b49 325 37 373 61
b50 268 580 287 594
b51 297 306 313 320
b52 349 295 386 313
b53 313 309 349 321
b54 66 225 100 255
b55 299 476 325 507
b56 426 143 472 174
b57 138 497 186 544
b58 233 428 258 453
b59 273 76 320 114
b60 268 564 307 580
b61 222 0 267 31
b62 303 341 349 377
b63 79 294 125 330
b64 433 261 466 276
b65 125 254 148 267
b66 13 0 55 45
b67 222 212 236 245
b68 85 442 130 470
b69 325 61 352 97
b70 377 332 393 377
b71 271 393 303 427
b72 345 531 377 546
b73 380 188 426 200
b74 0 470 43 504
b75 394 382 431 402
b76 47 386 83 425
b77 83 366 123 384
b78 118 410 160 426
b79 300 36 325 76
b80 85 470 121 485
b81 146 190 178 205
b82 245 113 269 152
b83 358 107 399 144
b84 47 440 85 474
b85 103 117 146 151
b86 325 487 364 531
b87 394 334 439 382
b88 329 218 373 247
b89 132 548 152 590
b90 321 247 345 293
b91 25 543 68 564
b92 93 501 138 548
b93 376 0 400 20
b94 454 34 473 65
b95 268 527 312 564
b96 0 437 46 470
b97 80 566 95 606
b98 125 361 160 374
b99 0 526 40 543
b100 125 316 169 361
b101 237 152 267 188
b102 107 39 147 75
b103 13 233 47 267
b104 0 295 42 309
b105 195 577 228 612
b106 130 484 163 496
b107 47 425 79 440
b108 363 546 401 583
b109 426 101 472 143
b110 55 0 94 42
b111 0 259 13 280
b112 237 210 262 240
b113 42 326 78 350
b114 70 42 104 86
b115 303 0 325 34
b116 278 297 297 325
b117 193 289 232 310
b118 256 36 300 74
b119 192 246 237 274
b120 267 0 303 36
b121 433 276 471 310
b122 39 205 82 225
b123 28 267 64 290
b124 358 144 393 175
b125 13 45 55 91
b126 250 342 262 364
b127 376 57 401 100
b128 349 332 377 376
b129 297 167 331 189
b130 186 497 212 527
b131 146 121 194 166
b132 345 277 384 295
b133 193 274 236 289
b134 221 543 268 577
b135 212 507 257 522
b136 259 393 271 430
b137 150 39 178 60
b138 257 499 299 527
b139 42 290 79 326
b140 0 171 12 214
b141 203 38 222 83
b142 295 585 332 612
b143 332 377 356 402
b144 400 0 415 40
b145 40 529 85 542
b146 169 346 217 379
b147 169 316 211 346
b148 223 522 241 542
b149 33 564 55 611
b150 404 221 435 244
b151 103 202 145 220
b152 44 188 63 204
b153 345 247 386 277
b154 316 425 338 442
b155 331 202 356 216
b156 211 459 239 475
b157 0 543 25 563
b158 309 293 332 306
b159 393 144 425 188
b160 356 202 383 218
b161 386 244 433 290
b162 258 257 289 275
b163 216 84 238 117
b164 124 374 165 410
b165 377 377 394 398
b166 186 212 222 246
b167 95 548 132 584
b168 448 443 472 484
b169 163 473 202 497
b170 312 138 357 167
b171 433 79 473 101
b172 0 45 13 72
b173 218 345 250 370
b174 87 485 130 501
b175 397 478 412 494
b176 85 384 118 422
b177 386 441 427 478
b178 386 311 405 328
b179 79 260 125 294
b180 100 220 119 260
b181 95 584 125 612
b182 420 496 444 541
b183 262 327 301 360
b184 55 566 80 612
b185 119 220 146 254
b186 312 532 345 563
b187 186 0 222 38
b188 194 138 234 175
b189 364 487 376 531
b190 372 402 399 439
b191 277 185 293 219
b192 303 377 332 425
b193 68 131 101 148
b194 373 439 386 467
b195 401 57 414 90
b196 218 370 259 411
b197 130 447 158 484
b198 55 87 103 106
b199 293 207 329 238
b200 194 175 237 212
b201 13 204 39 233
b202 273 133 312 167
b203 0 280 28 295
b204 177 379 218 412
b205 386 290 401 311
b206 152 544 187 586
b207 103 174 136 202
b208 440 564 467 584
b209 79 330 124 366
b210 13 146 37 159
b211 454 65 470 77
b212 240 300 261 342
b213 179 459 211 473
b214 261 300 278 327
b215 216 117 245 138
b216 47 225 66 267
b217 301 321 349 341
b218 212 475 255 490
b219 345 546 363 574
b220 338 402 368 439
b221 0 0 13 45
b222 222 59 256 84
b223 380 583 399 605
b224 433 34 454 79
b225 0 399 47 437
b226 85 426 124 442
b227 0 72 13 104
b228 158 451 179 471
b229 146 166 194 190
b230 271 360 301 393
b231 264 275 294 291
b232 153 586 195 609
b233 332 293 345 309
b234 297 189 330 207
b235 354 61 376 107
b236 160 412 187 451
b237 427 443 448 483
b238 25 91 52 130
b239 237 188 277 210
b240 147 60 170 79
b241 444 174 468 187
b242 0 504 40 526
b243 187 540 221 577
b244 186 527 223 540
b245 399 104 423 140
b246 401 541 445 564
b247 150 0 186 39
b248 428 187 471 218
b249 331 167 358 202
b250 439 337 473 368
b251 435 218 469 261
b252 445 497 473 516
b253 25 130 38 145
b254 0 147 13 171
b255 399 402 446 441
b256 303 425 316 446
b257 400 40 433 57
b258 43 495 87 529
b259 165 379 177 405
b260 425 174 444 186
b261 0 214 12 259
b262 423 585 471 612
b263 187 412 233 459
b264 101 151 146 174
b265 55 42 70 87
b266 325 442 373 487
b267 431 0 470 34
b268 358 175 380 200
b269 358 0 376 37
b270 294 274 309 297
b271 446 401 470 443
b272 376 20 400 55
b273 307 564 337 585
b274 439 368 460 401
b275 125 590 153 612
b276 439 323 470 337
b277 414 57 426 104
b278 94 0 107 42
b279 107 0 150 39
b280 373 221 404 243
b281 267 167 297 185
b282 148 246 192 276
b283 439 310 454 323
b284 130 426 160 447
b285 66 255 79 288
b286 258 430 294 471
b287 43 474 85 495
b288 293 238 321 274
b289 325 0 358 37
b290 241 527 268 543
b291 445 516 473 559
b292 316 114 355 138
b293 273 114 316 133
b294 233 411 259 428
b295 0 104 13 147
b296 237 284 264 300
b297 262 219 293 257
b298 228 577 268 610
b299 312 519 325 532
