525489.59375
879048
289784
407 712
26.620163
b0 191 649 218 664
b1 352 403 368 430
b2 280 0 306 22
b3 108 38 153 59
b4 206 64 246 109
b5 167 192 183 218
b6 234 405 272 432
b7 231 600 260 635
b8 290 338 326 359
b9 0 416 44 441
b10 147 578 178 593
b11 52 191 93 215
b12 226 189 243 208
b13 93 190 126 238
b14 48 147 92 168
b15 126 531 160 546
b16 147 633 189 678
b17 155 0 192 41
b18 46 667 90 710
b19 306 438 329 474
b20 280 92 293 109
b21 0 684 44 712
b22 371 155 406 184
b23 90 667 107 707
b24 188 89 206 113
b25 48 506 77 549
b26 76 425 103 443
b27 67 627 105 667
b28 0 0 12 24
b29 150 260 179 290
b30 226 131 246 159
b31 0 624 36 656
b32 361 112 380 134
b33 94 448 140 493
b34 0 154 12 183
b35 0 656 12 682
b36 135 59 162 89
b37 0 245 12 274
b38 371 134 390 155
b39 272 208 285 220
b40 45 550 92 569
b41 325 62 361 81
b42 300 359 325 405
b43 368 428 407 449
b44 383 224 407 251
b45 126 546 150 571
b46 177 515 190 534
b47 147 593 189 633
b48 12 656 46 684
b49 382 560 406 608
b50 197 352 216 366
b51 188 41 202 57
b52 140 430 177 448
b53 0 183 12 219
b54 285 47 319 77
b55 213 557 239 588
b56 376 382 407 428
b57 238 266 285 314
b58 280 22 305 47
b59 108 0 155 38
b60 260 571 276 610
b61 12 146 43 191
b62 0 441 46 477
b63 326 334 362 380
b64 48 60 63 93
b65 180 116 193 139
b66 0 522 45 564
b67 179 260 193 293
b68 286 141 331 169
b69 183 404 219 431
b70 156 244 201 260
b71 12 284 46 316
b72 298 613 313 645
b73 306 426 352 438
b74 76 369 119 403
b75 140 410 177 430
b76 246 120 285 156
b77 296 645 314 685
b78 218 649 260 665
b79 140 116 180 141
b80 161 352 197 367
b81 135 260 150 292
b82 101 93 140 117
b83 189 612 230 649
b84 12 58 46 96
b85 319 176 362 210
b86 94 151 138 190
b87 193 267 238 315
b88 104 339 148 368
b89 189 592 231 612
b90 315 81 361 105
b91 350 691 393 712
b92 362 307 407 354
b93 328 399 348 423
b94 325 380 356 399
b95 140 487 177 531
b96 63 293 96 339
b97 93 278 133 293
b98 193 113 206 148
b99 286 533 303 573
b100 214 222 259 266
b101 0 386 36 416
b102 104 408 140 448
b103 101 59 135 93
b104 393 655 407 697
b105 286 169 319 204
b106 12 134 45 146
b107 260 332 275 364
b108 216 434 253 472
b109 183 176 225 222
b110 51 252 93 291
b111 362 184 375 205
b112 117 571 147 596
b113 314 688 350 712
b114 147 678 191 712
b115 126 222 160 244
b116 183 148 202 176
b117 276 573 297 612
b118 367 449 405 493
b119 317 224 362 252
b120 303 533 339 569
b121 277 474 315 508
b122 362 287 405 307
b123 275 405 298 441
b124 162 58 197 89
b125 190 515 236 557
b126 0 24 12 46
b127 275 362 300 405
b128 325 34 369 62
b129 92 534 126 556
b130 110 493 140 519
b131 361 64 406 112
b132 238 314 277 332
b133 362 209 405 224
b134 325 0 372 34
b135 219 389 234 434
b136 279 521 316 533
b137 119 368 147 389
b138 362 354 404 382
b139 12 0 48 37
b140 286 210 329 222
b141 306 0 325 45
b142 206 0 243 27
b143 191 686 215 711
b144 331 134 371 149
b145 193 315 238 328
b146 372 0 405 48
b147 148 322 190 352
b148 232 43 250 63
b149 383 608 405 655
b150 330 105 361 128
b151 93 260 135 278
b152 119 389 135 408
b153 126 192 167 222
b154 229 109 246 131
b155 192 0 206 25
b156 160 534 188 550
b157 206 128 226 153
b158 392 251 405 274
b159 286 109 330 141
b160 296 685 312 712
b161 48 459 94 506
b162 177 497 208 515
b163 234 678 256 711
b164 352 655 393 691
b165 48 26 65 47
b166 260 645 296 679
b167 0 564 36 601
b168 191 328 232 352
b169 12 260 51 284
b170 48 93 93 122
b171 160 222 200 244
b172 230 635 257 648
b173 375 184 407 209
b174 140 394 183 410
b175 45 318 61 333
b176 260 612 298 645
b177 51 215 92 252
b178 215 686 234 703
b179 94 117 140 151
b180 246 189 286 208
b181 48 414 76 444
b182 36 569 81 593
b183 107 679 146 712
b184 48 122 94 147
b185 260 679 294 706
b186 275 441 306 474
b187 12 96 48 134
b188 107 639 144 679
b189 0 46 12 90
b190 313 614 350 641
b191 372 48 406 64
b192 143 293 191 322
b193 12 316 45 333
b194 239 534 252 562
b195 54 627 67 660
b196 234 364 275 405
b197 216 485 253 513
b198 12 353 60 372
b199 286 222 317 258
b200 243 0 280 43
b201 234 332 260 361
b202 44 593 83 627
b203 246 90 261 118
b204 364 527 405 560
b205 12 37 27 58
b206 177 455 212 497
b207 77 506 110 534
b208 150 172 177 192
b209 313 267 358 303
b210 148 352 161 376
b211 138 172 150 188
b212 259 220 280 262
b213 12 372 44 386
b214 46 291 63 318
b215 239 571 260 600
b216 298 573 340 592
b217 12 333 60 353
b218 48 444 91 459
b219 36 627 54 655
b220 202 27 232 64
b221 201 222 214 267
b222 83 593 108 627
b223 380 112 402 131
b224 298 592 343 613
b225 314 641 352 688
b226 60 369 76 408
b227 216 472 248 485
b228 356 382 376 403
b229 340 531 364 579
b230 362 254 392 287
b231 126 244 156 260
b232 316 484 358 507
b233 77 534 90 550
b234 148 376 181 394
b235 253 432 275 478
b236 331 149 370 176
b237 239 513 279 534
b238 343 587 382 614
b239 285 316 325 338
b240 206 109 229 128
b241 277 338 290 362
b242 12 191 52 213
b243 252 534 286 571
b244 279 508 316 521
b245 81 569 117 593
b246 0 601 44 624
b247 65 53 101 92
b248 140 141 183 172
b249 250 47 285 74
b250 328 303 362 334
b251 65 19 108 53
b252 261 92 280 120
b253 352 430 367 443
b254 233 665 257 678
b255 12 213 51 260
b256 178 579 199 592
b257 155 41 188 58
b258 358 493 402 527
b259 0 219 12 245
b260 0 90 12 109
b261 0 109 12 154
b262 140 89 188 116
b263 96 293 143 339
b264 48 168 93 191
b265 317 252 362 267
b266 0 477 48 522
b267 140 448 174 487
b268 188 557 213 579
b269 216 352 234 389
b270 206 153 221 176
b271 316 507 358 531
b272 253 478 277 513
b273 362 224 383 254
b274 93 238 126 259
b275 76 403 104 425
b276 329 210 360 224
b277 225 208 272 220
b278 44 372 57 414
b279 108 596 147 639
b280 293 77 315 108
b281 226 159 244 189
b282 60 339 104 369
b283 277 77 290 92
b284 298 405 328 426
b285 92 556 125 569
b286 329 443 365 484
b287 191 665 233 686
b288 150 550 186 578
b289 183 367 216 404
b290 250 74 277 90
b291 285 258 313 301
b292 177 431 216 455
b293 65 0 108 19
b294 48 0 65 26
b295 285 303 328 316
b296 364 560 380 587
b297 352 614 383 652
b298 246 156 286 189
b299 48 47 61 60
