559805.859375
888515
290862
429 678
22.714059
b0 256 92 271 119
b1 0 42 27 58
b2 387 19 413 41
b3 256 119 301 140
b4 178 98 223 138
b5 196 354 212 380
b6 0 119 27 157
b7 223 100 252 135
b8 0 471 36 492
b9 27 344 71 369
b10 13 0 28 31
b11 226 361 267 385
b12 159 121 178 138
b13 301 163 349 196
b14 0 219 21 263
b15 276 566 291 600
b16 304 14 349 56
b17 384 220 425 257
b18 301 308 345 351
b19 221 654 257 677
b20 0 600 17 613
b21 399 151 427 195
b22 76 454 111 483
b23 370 0 387 40
b24 139 214 163 232
b25 30 369 73 398
b26 217 35 244 53
b27 388 372 426 412
b28 257 654 269 678
b29 94 421 124 450
b30 348 231 368 259
b31 68 259 104 291
b32 0 200 22 219
b33 255 305 301 350
b34 317 0 346 12
b35 416 600 428 626
b36 152 39 179 69
b37 119 62 148 74
b38 407 659 428 678
b39 284 638 297 650
b40 60 634 107 653
b41 139 102 175 121
b42 172 403 197 449
b43 139 81 178 102
b44 111 450 135 477
b45 197 652 221 677
b46 73 400 86 419
b47 308 196 348 238
b48 237 592 271 620
b49 0 263 24 311
b50 249 571 263 590
b51 154 527 168 543
b52 410 53 428 90
b53 178 20 214 32
b54 307 351 341 381
b55 345 387 376 413
b56 289 505 335 536
b57 301 116 349 163
b58 0 311 25 336
b59 199 592 237 639
b60 162 0 178 39
b61 28 181 73 212
b62 157 556 203 592
b63 383 496 429 532
b64 153 449 186 464
b65 387 555 410 568
b66 71 70 116 112
b67 284 0 317 14
b68 247 449 292 477
b69 0 492 36 519
b70 222 53 267 69
b71 351 599 383 633
b72 186 449 201 481
b73 113 182 159 194
b74 212 305 255 339
b75 36 435 73 455
b76 28 78 67 114
b77 243 211 261 251
b78 371 580 413 596
b79 36 493 76 518
b80 104 305 119 341
b81 154 464 186 479
b82 136 291 175 315
b83 27 279 64 320
b84 0 519 34 557
b85 96 194 139 228
b86 115 477 154 521
b87 166 138 214 183
b88 327 634 356 678
b89 178 0 220 20
b90 72 212 96 258
b91 86 400 129 421
b92 286 384 331 431
b93 212 279 232 303
b94 140 382 171 401
b95 0 398 44 435
b96 117 149 163 182
b97 232 290 272 305
b98 39 585 74 598
b99 64 291 104 308
b100 199 210 243 255
b101 292 431 328 461
b102 114 521 154 557
b103 237 620 271 654
b104 28 49 70 63
b105 313 83 348 116
b106 156 666 189 678
b107 271 384 286 416
b108 308 271 346 308
b109 73 0 119 42
b110 346 413 388 452
b111 205 505 226 518
b112 0 370 30 395
b113 172 367 196 403
b114 168 320 212 354
b115 154 505 188 527
b116 180 592 199 620
b117 104 259 143 280
b118 28 143 72 181
b119 88 112 116 157
b120 0 435 36 471
b121 119 557 157 591
b122 384 257 427 277
b123 348 259 384 282
b124 191 63 222 98
b125 203 550 249 592
b126 348 58 370 70
b127 379 195 422 220
b128 73 42 117 70
b129 248 477 282 499
b130 292 461 322 487
b131 384 277 429 325
b132 388 412 427 430
b133 28 63 71 78
b134 389 325 423 372
b135 73 112 88 157
b136 295 536 307 573
b137 249 533 277 554
b138 117 121 159 149
b139 362 159 399 195
b140 148 69 191 81
b141 256 140 301 159
b142 388 430 425 457
b143 60 653 84 678
b144 13 157 28 197
b145 28 0 73 13
b146 120 328 168 361
b147 242 419 284 449
b148 120 382 140 400
b149 117 74 139 121
b150 269 654 300 677
b151 285 14 303 56
b152 388 659 407 675
b153 226 135 256 176
b154 267 0 284 22
b155 212 361 226 386
b156 0 613 28 629
b157 228 497 248 522
b158 328 599 351 612
b159 356 633 388 677
b160 201 462 228 478
b161 73 354 120 400
b162 282 487 313 505
b163 244 257 266 290
b164 120 637 156 678
b165 188 505 205 526
b166 370 83 406 117
b167 267 56 304 92
b168 175 229 199 270
b169 64 308 103 332
b170 28 114 73 143
b171 212 339 252 361
b172 197 432 224 445
b173 104 280 136 305
b174 168 527 211 543
b175 371 565 387 580
b176 388 626 426 659
b177 78 563 119 600
b178 124 429 141 448
b179 80 517 114 563
b180 387 0 427 19
b181 399 123 429 151
b182 183 481 228 505
b183 141 592 180 625
b184 197 386 222 432
b185 0 336 27 370
b186 223 69 256 100
b187 36 455 72 493
b188 28 242 68 279
b189 220 23 264 35
b190 44 398 71 435
b191 413 19 429 53
b192 349 117 397 146
b193 406 90 423 123
b194 168 543 196 556
b195 313 487 346 500
b196 156 625 197 666
b197 211 522 248 550
b198 228 449 247 497
b199 143 255 174 291
b200 256 174 299 211
b201 154 479 183 505
b202 332 565 371 599
b203 141 429 169 444
b204 214 176 255 209
b205 227 419 242 440
b206 284 603 326 638
b207 119 34 152 62
b208 139 194 166 214
b209 28 13 73 49
b210 248 499 272 512
b211 178 81 190 97
b212 348 70 369 112
b213 28 619 60 633
b214 249 554 276 571
b215 120 361 149 382
b216 28 600 70 619
b217 335 545 383 565
b218 256 159 299 174
b219 135 448 153 476
b220 291 573 328 603
b221 271 600 284 645
b222 307 536 332 570
b223 0 58 22 77
b224 349 13 370 58
b225 346 282 384 329
b226 345 348 361 387
b227 136 315 168 328
b228 149 361 169 382
b229 0 629 24 677
b230 383 596 416 626
b231 175 270 205 286
b232 220 0 262 23
b233 104 341 120 354
b234 267 22 285 55
b235 119 591 141 637
b236 300 638 327 677
b237 249 512 289 533
b238 361 348 388 387
b239 370 61 410 83
b240 322 461 341 484
b241 349 159 362 183
b242 73 169 113 191
b243 175 286 212 320
b244 199 639 236 652
b245 84 653 120 677
b246 383 532 427 555
b247 39 549 78 585
b248 346 452 377 495
b249 313 56 348 83
b250 96 228 130 259
b251 119 0 162 34
b252 166 210 194 229
b253 169 354 184 367
b254 346 0 370 13
b255 377 457 424 496
b256 370 40 383 61
b257 266 257 299 274
b258 227 385 271 419
b259 88 157 114 169
b260 214 138 226 157
b261 416 555 428 600
b262 166 183 214 210
b263 261 211 308 257
b264 130 232 175 255
b265 60 619 105 634
b266 335 500 383 545
b267 76 483 115 517
b268 326 612 351 634
b269 70 600 107 618
b270 244 35 267 50
b271 0 77 24 119
b272 27 320 62 344
b273 348 210 378 231
b274 73 421 94 454
b275 58 518 80 546
b276 348 196 379 210
b277 107 600 119 647
b278 0 0 13 42
b279 0 557 39 600
b280 36 518 58 549
b281 277 536 295 566
b282 28 212 72 242
b283 119 305 132 320
b284 73 332 103 353
b285 362 146 395 159
b286 24 633 60 674
b287 271 92 313 113
b288 272 274 308 302
b289 308 238 345 271
b290 328 431 344 458
b291 129 401 172 429
b292 205 255 244 279
b293 346 329 389 348
b294 201 445 227 462
b295 0 157 13 200
b296 368 231 384 258
b297 179 32 217 63
b298 267 351 307 384
b299 349 146 362 159
