544715.25
852256
293091
453 647
38.460395
b0 420 128 447 143
b1 314 136 330 163
b2 167 43 189 69
b3 343 0 364 45
b4 78 409 123 449
b5 30 495 46 521
b6 344 453 371 491
b7 109 511 144 540
b8 12 285 48 306
b9 64 0 108 25
b10 364 422 379 453
b11 371 453 412 477
b12 189 524 208 541
b13 85 614 133 647
b14 126 198 170 219
b15 168 613 183 647
b16 63 87 105 132
b17 48 281 89 318
b18 364 0 407 44
b19 0 352 36 375
b20 143 563 160 576
b21 408 563 452 591
b22 242 140 277 169
b23 138 409 178 426
b24 226 226 250 244
b25 163 584 206 613
b26 170 162 197 180
b27 170 180 208 220
b28 300 170 324 182
b29 330 141 360 170
b30 422 591 450 611
b31 118 246 150 282
b32 121 104 140 126
b33 346 298 392 343
b34 322 503 351 515
b35 119 383 131 409
b36 0 516 30 543
b37 261 61 290 73
b38 322 482 341 503
b39 72 245 84 258
b40 373 148 420 167
b41 172 69 208 88
b42 294 61 340 86
b43 251 591 290 612
b44 134 171 158 198
b45 64 25 89 49
b46 81 482 100 495
b47 206 602 246 644
b48 108 0 142 28
b49 12 81 60 105
b50 286 170 300 189
b51 412 214 428 228
b52 293 607 330 625
b53 396 529 408 565
b54 225 415 255 449
b55 142 0 168 31
b56 0 543 31 589
b57 295 400 343 447
b58 0 474 25 499
b59 275 475 322 513
b60 406 371 445 387
b61 408 532 453 563
b62 379 416 425 452
b63 12 210 58 246
b64 435 0 450 33
b65 62 178 75 201
b66 144 521 189 563
b67 381 343 414 357
b68 81 495 109 540
b69 260 97 287 133
b70 121 28 137 73
b71 224 381 256 415
b72 214 266 246 281
b73 366 241 412 253
b74 47 476 81 519
b75 205 445 225 482
b76 275 513 311 552
b77 208 226 226 266
b78 407 33 449 49
b79 381 357 406 397
b80 414 611 429 647
b81 367 574 399 589
b82 311 515 350 539
b83 0 437 41 474
b84 189 490 227 524
b85 344 379 378 422
b86 412 452 451 496
b87 253 277 298 325
b88 109 482 153 511
b89 255 442 275 484
b90 131 333 177 357
b91 78 449 121 470
b92 177 333 224 378
b93 386 44 406 68
b94 378 397 409 416
b95 41 396 78 440
b96 373 68 406 114
b97 94 179 134 194
b98 84 383 119 396
b99 132 75 172 92
b100 227 512 271 557
b101 26 154 62 184
b102 184 286 224 322
b103 418 180 452 214
b104 324 189 366 203
b105 133 614 168 647
b106 62 206 95 218
b107 133 156 165 171
b108 299 256 336 294
b109 366 199 412 241
b110 140 92 179 134
b111 286 256 299 277
b112 12 327 42 352
b113 119 540 143 576
b114 309 16 343 60
b115 296 625 330 647
b116 391 270 410 298
b117 12 246 33 285
b118 119 576 163 614
b119 168 0 213 28
b120 41 440 77 476
b121 330 607 364 645
b122 189 47 232 67
b123 253 325 289 348
b124 369 168 404 199
b125 178 378 224 420
b126 158 171 170 193
b127 89 281 114 324
b128 180 134 224 162
b129 84 247 118 269
b130 343 64 373 90
b131 261 16 309 61
b132 410 282 449 300
b133 245 97 260 140
b134 319 222 366 256
b135 251 632 296 647
b136 0 0 12 37
b137 181 563 209 584
b138 42 318 84 346
b139 344 343 381 379
b140 81 470 124 482
b141 324 170 369 189
b142 118 219 155 246
b143 297 447 321 472
b144 438 49 453 89
b145 178 420 223 433
b146 71 540 119 573
b147 131 379 173 409
b148 163 563 181 583
b149 133 134 180 156
b150 109 73 132 104
b151 233 557 251 599
b152 351 519 367 538
b153 371 477 412 507
b154 197 162 219 179
b155 428 214 453 228
b156 351 491 367 519
b157 101 194 126 214
b158 399 591 422 604
b159 366 602 398 646
b160 253 348 269 375
b161 213 0 259 47
b162 0 589 31 607
b163 429 611 451 644
b164 412 496 453 532
b165 391 253 412 270
b166 373 114 409 148
b167 25 45 62 81
b168 253 73 294 97
b169 114 282 138 321
b170 367 529 396 574
b171 371 507 411 529
b172 360 141 373 168
b173 89 28 121 53
b174 259 0 302 16
b175 278 612 293 628
b176 124 442 157 480
b177 204 94 245 131
b178 30 476 47 495
b179 63 132 97 178
b180 336 256 355 296
b181 251 210 281 238
b182 209 557 233 602
b183 253 238 286 277
b184 179 88 204 134
b185 418 89 452 116
b186 407 49 438 82
b187 47 609 85 645
b188 42 359 82 396
b189 409 116 453 128
b190 294 86 331 113
b191 138 426 172 442
b192 224 281 253 329
b193 304 352 321 385
b194 12 0 25 28
b195 82 396 115 409
b196 0 375 41 416
b197 414 343 451 371
b198 31 521 79 540
b199 153 490 189 521
b200 323 570 366 607
b201 232 47 261 73
b202 33 246 72 280
b203 48 12 63 40
b204 31 562 64 603
b205 238 73 253 94
b206 89 348 131 383
b207 407 0 435 33
b208 251 612 278 632
b209 97 134 133 179
b210 34 603 47 627
b211 48 0 64 12
b212 392 300 413 342
b213 12 154 26 186
b214 0 499 27 516
b215 343 422 364 451
b216 324 203 366 222
b217 256 376 304 396
b218 12 105 55 120
b219 224 131 242 159
b220 336 111 373 141
b221 208 179 253 192
b222 251 557 276 591
b223 299 333 321 352
b224 64 53 109 74
b225 155 220 202 258
b226 299 294 315 333
b227 367 589 399 602
b228 193 266 214 286
b229 12 186 60 210
b230 286 189 319 219
b231 105 104 121 134
b232 294 113 336 136
b233 398 631 414 644
b234 412 264 445 282
b235 131 357 177 379
b236 224 342 251 381
b237 0 416 40 437
b238 62 218 101 245
b239 255 420 295 442
b240 226 244 249 263
b241 321 330 345 343
b242 31 540 71 562
b243 277 136 314 170
b244 304 387 341 400
b245 64 573 88 609
b246 321 343 344 387
b247 412 228 451 264
b248 323 539 366 570
b249 425 417 452 452
b250 315 296 346 330
b251 208 192 251 226
b252 75 178 94 206
b253 189 541 202 556
b254 290 591 314 604
b255 276 552 323 591
b256 224 329 245 342
b257 101 214 118 247
b258 12 120 56 154
b259 406 82 418 108
b260 0 37 12 56
b261 72 269 117 281
b262 227 485 275 512
b263 138 286 184 333
b264 25 0 48 45
b265 168 28 213 43
b266 157 445 205 490
b267 0 607 34 646
b268 409 387 431 412
b269 286 219 304 256
b270 123 409 138 432
b271 89 324 131 348
b272 269 352 304 376
b273 12 306 42 327
b274 183 613 204 646
b275 275 447 297 475
b276 404 167 418 198
b277 178 433 225 445
b278 42 346 84 359
b279 413 300 452 343
b280 322 451 344 482
b281 431 387 449 417
b282 137 31 167 75
b283 304 219 319 232
b284 208 73 238 94
b285 64 74 97 87
b286 355 256 391 297
b287 331 90 373 111
b288 225 449 253 485
b289 420 143 453 180
b290 398 604 414 631
b291 150 258 193 286
b292 256 396 295 420
b293 343 45 386 64
b294 208 524 225 550
b295 12 28 25 71
b296 302 0 329 16
b297 88 573 119 611
b298 253 170 286 210
b299 219 162 232 175
