537453
839436
290376
444 654
38.720993
b0 112 220 139 235
b1 206 466 233 482
b2 115 566 137 592
b3 55 117 100 138
b4 206 384 251 424
b5 82 546 108 562
b6 188 626 226 653
b7 270 0 305 29
b8 300 253 336 274
b9 12 204 37 248
b10 145 160 176 175
b11 165 498 189 539
b12 121 494 138 513
b13 396 502 444 535
b14 256 33 277 77
b15 114 36 148 51
b16 214 571 259 613
b17 201 214 242 251
b18 187 25 231 68
b19 55 138 91 161
b20 132 160 145 177
b21 322 435 366 463
b22 148 62 183 91
b23 40 491 80 508
b24 298 440 316 464
b25 112 177 141 220
b26 141 392 168 410
b27 168 290 206 330
b28 0 224 12 248
b29 377 582 406 612
b30 31 404 59 424
b31 259 574 295 606
b32 379 260 398 282
b33 243 208 288 254
b34 231 339 260 351
b35 0 198 12 224
b36 31 424 58 454
b37 0 125 12 154
b38 357 500 376 521
b39 201 571 214 583
b40 137 545 156 592
b41 0 491 36 510
b42 187 0 233 25
b43 42 559 81 580
b44 365 140 392 164
b45 59 277 84 301
b46 25 76 38 95
b47 113 614 155 654
b48 12 332 46 360
b49 105 328 153 352
b50 151 277 165 296
b51 27 529 41 545
b52 111 92 148 110
b53 153 296 165 332
b54 336 279 370 309
b55 336 253 367 279
b56 50 358 81 404
b57 211 126 258 174
b58 140 367 165 392
b59 12 248 59 286
b60 141 217 180 233
b61 396 535 441 566
b62 408 285 444 331
b63 256 369 302 405
b64 241 351 256 384
b65 275 285 288 308
b66 270 532 315 574
b67 176 160 209 174
b68 363 319 408 347
b69 0 529 27 565
b70 168 357 184 402
b71 243 276 275 310
b72 189 497 204 529
b73 318 352 364 364
b74 365 366 408 400
b75 0 360 20 397
b76 329 364 365 403
b77 379 220 397 260
b78 291 464 307 506
b79 46 333 86 358
b80 115 530 151 545
b81 211 199 243 214
b82 398 140 422 179
b83 104 453 141 494
b84 406 100 444 134
b85 187 68 230 102
b86 396 61 440 100
b87 163 115 211 160
b88 41 625 85 654
b89 400 213 442 233
b90 105 304 151 328
b91 422 134 443 177
b92 156 539 201 586
b93 358 69 378 93
b94 175 439 206 458
b95 150 0 187 44
b96 277 63 310 109
b97 199 586 214 626
b98 12 129 25 164
b99 391 400 408 440
b100 119 115 163 160
b101 85 500 121 530
b102 337 579 377 615
b103 300 274 334 308
b104 40 545 82 559
b105 206 351 241 384
b106 307 484 340 496
b107 292 154 307 186
b108 370 282 408 319
b109 201 529 247 571
b110 315 496 357 535
b111 80 604 93 625
b112 281 344 311 369
b113 397 233 433 257
b114 146 233 180 277
b115 25 96 47 130
b116 379 164 398 192
b117 358 177 379 216
b118 42 580 80 624
b119 65 190 110 218
b120 114 0 150 36
b121 81 566 115 604
b122 38 76 81 96
b123 104 352 140 375
b124 0 402 31 437
b125 400 456 442 502
b126 406 606 428 618
b127 231 33 256 76
b128 37 204 65 248
b129 243 254 277 276
b130 311 126 337 156
b131 59 406 104 454
b132 148 44 187 62
b133 121 514 164 529
b134 230 77 277 111
b135 321 33 366 48
b136 0 45 12 82
b137 379 192 400 220
b138 206 424 234 466
b139 206 297 243 333
b140 0 82 12 125
b141 318 309 363 328
b142 272 111 309 138
b143 180 252 204 277
b144 258 142 273 182
b145 12 37 25 82
b146 310 63 358 96
b147 20 360 50 402
b148 269 310 287 330
b149 257 186 304 208
b150 322 404 345 435
b151 86 333 104 375
b152 292 138 311 154
b153 366 28 396 69
b154 184 382 206 399
b155 326 16 351 30
b156 91 152 119 168
b157 288 208 313 228
b158 340 479 363 492
b159 368 456 400 500
b160 0 437 27 453
b161 12 286 59 332
b162 81 375 99 406
b163 64 168 97 190
b164 104 412 140 453
b165 236 511 257 528
b166 400 179 436 213
b167 104 375 140 412
b168 0 611 41 635
b169 141 193 180 217
b170 141 453 170 498
b171 336 231 376 253
b172 211 284 238 297
b173 59 301 84 333
b174 392 566 435 582
b175 97 168 112 184
b176 406 618 444 651
b177 111 51 148 92
b178 23 510 40 529
b179 408 410 442 456
b180 0 635 40 654
b181 310 96 338 126
b182 233 466 257 511
b183 75 0 114 33
b184 211 174 257 199
b185 206 482 233 516
b186 211 251 242 284
b187 110 235 146 273
b188 306 615 346 652
b189 0 154 12 198
b190 377 612 404 649
b191 334 463 368 479
b192 307 177 355 206
b193 198 333 231 350
b194 307 156 335 169
b195 155 638 188 651
b196 70 33 111 74
b197 38 0 75 28
b198 273 138 292 186
b199 287 308 318 344
b200 31 454 74 491
b201 243 310 269 339
b202 257 462 291 501
b203 140 352 168 367
b204 0 578 41 611
b205 358 216 379 231
b206 338 96 373 138
b207 408 257 441 285
b208 307 464 334 484
b209 65 218 110 254
b210 80 487 104 500
b211 288 285 300 301
b212 180 210 201 252
b213 234 424 248 456
b214 168 330 185 357
b215 84 304 105 333
b216 248 443 290 462
b217 376 500 396 548
b218 321 48 364 63
b219 185 354 203 382
b220 25 130 55 167
b221 270 519 315 532
b222 366 422 391 456
b223 357 521 376 543
b224 12 183 57 204
b225 251 405 298 443
b226 25 167 64 183
b227 204 516 236 529
b228 108 546 129 566
b229 288 229 336 253
b230 74 454 104 487
b231 85 530 115 546
b232 247 528 270 570
b233 27 545 40 561
b234 295 574 313 607
b235 396 0 442 22
b236 346 615 373 654
b237 184 399 205 439
b238 338 138 365 177
b239 315 572 337 612
b240 100 114 119 137
b241 25 0 38 24
b242 115 592 155 614
b243 315 535 349 572
b244 12 0 25 37
b245 406 582 442 606
b246 59 254 103 277
b247 170 458 206 497
b248 349 548 392 579
b249 302 369 329 404
b250 0 453 31 487
b251 141 410 175 453
b252 85 625 113 644
b253 100 137 113 152
b254 185 330 198 354
b255 396 22 443 61
b256 291 506 312 519
b257 257 501 290 518
b258 41 508 85 542
b259 187 102 213 114
b260 81 74 100 86
b261 0 0 12 45
b262 103 277 151 304
b263 260 607 306 654
b264 313 206 358 229
b265 213 111 258 126
b266 25 28 70 76
b267 226 613 260 652
b268 366 400 391 422
b269 145 175 182 193
b270 0 510 23 525
b271 318 328 360 352
b272 298 405 322 440
b273 260 339 281 369
b274 305 0 326 33
b275 89 86 111 114
b276 258 111 272 142
b277 12 82 24 129
b278 0 565 42 578
b279 156 586 199 625
b280 277 254 299 285
b281 378 69 396 99
b282 277 33 321 63
b283 391 440 406 453
b284 345 403 366 433
b285 155 625 188 638
b286 408 331 444 372
b287 47 96 89 117
b288 182 174 210 210
b289 233 0 270 33
b290 138 498 165 514
b291 353 0 396 28
b292 148 91 187 115
b293 365 347 408 366
b294 84 277 101 303
b295 168 277 211 290
b296 326 0 353 16
b297 408 372 439 410
b298 373 100 406 140
b299 119 160 132 173
