528142.953125
821343
288252
471 612
48.485724
b0 98 282 125 297
b1 136 445 163 461
b2 271 472 297 494
b3 413 0 434 45
b4 88 446 133 486
b5 158 394 184 410
b6 383 456 410 494
b7 405 527 434 562
b8 42 209 63 245
b9 283 58 308 102
b10 308 132 323 163
b11 111 143 152 167
b12 358 491 377 508
b13 150 107 198 140
b14 155 173 199 194
b15 156 410 171 444
b16 249 235 294 277
b17 111 81 148 122
b18 370 0 413 44
b19 331 588 367 611
b20 288 0 305 13
b21 111 167 155 195
b22 0 125 29 160
b23 198 53 238 70
b24 417 161 435 185
b25 0 312 29 355
b26 444 505 471 523
b27 353 118 391 158
b28 435 160 447 184
b29 161 336 191 365
b30 338 335 366 355
b31 210 366 246 398
b32 366 335 385 357
b33 312 406 358 451
b34 459 303 471 332
b35 445 263 471 275
b36 129 254 156 284
b37 49 489 78 501
b38 152 140 171 161
b39 102 242 114 255
b40 91 376 138 395
b41 168 280 187 316
b42 242 0 288 25
b43 25 90 64 111
b44 334 91 358 118
b45 171 140 195 165
b46 68 541 81 560
b47 358 385 400 425
b48 167 505 201 533
b49 447 97 471 145
b50 328 235 342 254
b51 413 282 427 298
b52 375 524 393 561
b53 342 240 378 252
b54 16 391 50 421
b55 445 232 471 263
b56 327 360 358 406
b57 110 195 158 242
b58 0 86 25 111
b59 210 319 248 366
b60 296 431 312 470
b61 291 499 336 530
b62 29 245 65 291
b63 203 198 249 234
b64 343 451 358 484
b65 263 570 276 593
b66 249 319 294 361
b67 308 58 322 91
b68 105 297 150 325
b69 201 540 237 567
b70 336 508 381 524
b71 136 461 168 495
b72 216 411 231 443
b73 100 325 146 337
b74 406 562 449 596
b75 338 295 358 332
b76 310 199 349 235
b77 383 264 423 282
b78 0 419 16 461
b79 358 295 383 335
b80 281 432 296 468
b81 108 574 140 589
b82 382 567 406 606
b83 198 136 239 173
b84 49 451 83 489
b85 111 0 154 34
b86 297 530 336 574
b87 158 196 203 244
b88 419 424 448 468
b89 198 70 240 90
b90 40 163 64 209
b91 197 567 218 610
b92 421 185 466 232
b93 138 378 158 402
b94 0 67 31 86
b95 211 275 248 319
b96 168 459 201 505
b97 0 200 40 215
b98 246 395 281 408
b99 0 163 40 180
b100 241 107 285 152
b101 305 0 341 30
b102 322 51 358 91
b103 65 0 99 34
b104 83 486 97 528
b105 424 306 459 339
b106 125 284 158 296
b107 429 128 444 160
b108 391 124 429 161
b109 198 90 240 136
b110 385 309 424 351
b111 29 329 42 350
b112 358 461 383 491
b113 358 425 382 461
b114 248 361 292 395
b115 187 366 209 400
b116 445 275 464 303
b117 240 451 279 472
b118 0 574 44 612
b119 355 158 383 203
b120 29 127 65 163
b121 50 417 88 451
b122 136 402 156 445
b123 199 173 235 196
b124 434 62 465 97
b125 19 0 65 42
b126 447 145 469 157
b127 443 339 468 382
b128 91 395 135 423
b129 65 34 99 56
b130 214 448 240 478
b131 0 499 48 544
b132 150 318 189 336
b133 410 484 425 527
b134 308 165 355 199
b135 158 244 203 259
b136 231 411 243 448
b137 0 243 28 264
b138 0 215 42 243
b139 65 211 102 247
b140 114 242 157 254
b141 0 0 19 45
b142 65 247 92 284
b143 258 44 283 68
b144 257 533 297 548
b145 41 560 86 573
b146 31 42 64 90
b147 323 123 353 165
b148 150 296 168 316
b149 423 232 445 279
b150 312 451 343 474
b151 44 594 86 612
b152 425 505 444 521
b153 0 544 41 574
b154 172 259 194 276
b155 383 282 397 307
b156 0 391 16 419
b157 12 180 37 200
b158 369 561 382 584
b159 294 328 338 360
b160 41 544 68 560
b161 240 152 287 198
b162 429 97 447 128
b163 358 96 391 118
b164 242 71 283 107
b165 166 365 187 382
b166 434 28 470 62
b167 0 462 36 499
b168 201 0 242 24
b169 401 351 425 390
b170 203 234 248 263
b171 86 564 108 604
b172 427 279 440 306
b173 184 400 216 425
b174 297 262 340 278
b175 410 468 425 484
b176 383 200 421 233
b177 297 291 338 328
b178 447 157 466 174
b179 201 494 235 540
b180 242 25 282 44
b181 283 30 313 58
b182 425 481 470 505
b183 97 486 136 519
b184 297 474 343 499
b185 294 235 328 262
b186 277 204 310 235
b187 29 291 65 329
b188 391 84 428 124
b189 203 263 247 275
b190 92 255 129 282
b191 31 111 65 127
b192 0 264 29 312
b193 358 65 391 82
b194 216 398 244 411
b195 65 284 98 297
b196 50 376 91 417
b197 249 198 277 235
b198 191 318 210 366
b199 383 425 419 456
b200 65 139 108 176
b201 381 494 410 520
b202 383 161 417 200
b203 146 336 161 364
b204 16 421 49 462
b205 157 259 172 280
b206 65 176 107 211
b207 434 0 467 28
b208 244 472 271 492
b209 65 103 110 139
b210 142 365 166 378
b211 0 180 12 196
b212 276 570 297 612
b213 358 82 390 96
b214 81 528 108 545
b215 341 0 370 21
b216 287 162 306 204
b217 449 562 469 610
b218 406 596 449 611
b219 294 403 312 431
b220 244 421 281 451
b221 297 574 342 587
b222 297 587 331 612
b223 86 545 108 564
b224 218 567 239 612
b225 154 0 201 38
b226 201 24 240 40
b227 294 390 326 403
b228 342 568 363 588
b229 150 38 198 62
b230 294 360 327 390
b231 214 478 244 494
b232 448 410 471 452
b233 201 459 214 475
b234 425 339 443 372
b235 42 329 64 375
b236 336 524 375 551
b237 425 382 446 422
b238 140 538 167 577
b239 257 548 297 570
b240 401 390 424 409
b241 244 408 268 421
b242 65 297 105 319
b243 349 203 383 240
b244 281 395 294 432
b245 285 108 321 132
b246 88 423 132 446
b247 434 523 470 562
b248 136 495 167 538
b249 65 319 100 346
b250 167 533 201 564
b251 171 425 214 459
b252 108 555 136 574
b253 321 108 334 123
b254 369 584 382 608
b255 111 34 150 81
b256 313 30 326 51
b257 336 551 369 568
b258 153 577 197 611
b259 158 382 184 394
b260 36 462 48 481
b261 99 0 111 45
b262 249 277 297 304
b263 65 56 111 103
b264 108 589 153 612
b265 249 304 294 319
b266 150 62 198 107
b267 235 494 269 533
b268 269 494 291 519
b269 239 533 257 570
b270 400 409 423 424
b271 187 276 211 318
b272 239 570 263 605
b273 287 132 308 162
b274 358 44 391 65
b275 448 382 470 410
b276 0 111 31 125
b277 393 520 405 567
b278 297 278 339 291
b279 391 45 434 84
b280 0 45 31 67
b281 326 30 356 48
b282 65 346 109 376
b283 263 593 276 608
b284 111 122 141 143
b285 425 468 458 481
b286 0 355 41 391
b287 44 573 86 594
b288 108 519 136 555
b289 109 337 142 374
b290 242 44 258 71
b291 358 357 401 385
b292 342 252 381 276
b293 340 276 383 295
b294 308 91 334 108
b295 198 40 241 53
b296 397 282 413 309
b297 383 233 421 264
b298 48 501 81 541
b299 268 408 281 421
