548486.8125
867029.5
287861
413 697
37.055321
b0 206 486 221 513
b1 171 271 198 287
b2 69 381 95 403
b3 303 449 324 494
b4 206 546 246 591
b5 385 655 411 671
b6 13 216 51 243
b7 13 138 48 167
b8 376 34 412 55
b9 213 108 257 133
b10 235 408 266 423
b11 343 610 367 651
b12 102 49 119 68
b13 363 132 411 165
b14 185 546 206 590
b15 202 387 236 402
b16 261 449 303 494
b17 267 375 304 416
b18 209 43 253 86
b19 340 89 363 125
b20 301 214 318 227
b21 40 313 68 357
b22 57 607 92 636
b23 368 528 385 568
b24 388 114 412 132
b25 39 475 68 518
b26 260 91 278 118
b27 133 236 171 276
b28 325 179 349 191
b29 47 99 77 128
b30 267 347 287 375
b31 135 184 171 216
b32 391 95 413 114
b33 163 649 208 695
b34 0 227 12 256
b35 307 542 319 568
b36 333 62 363 89
b37 143 137 155 166
b38 198 271 219 290
b39 354 261 367 273
b40 48 128 95 147
b41 314 44 333 80
b42 114 546 139 592
b43 300 649 339 670
b44 335 673 362 697
b45 363 106 388 130
b46 339 651 352 670
b47 93 159 135 199
b48 95 123 123 157
b49 92 648 116 696
b50 313 321 332 335
b51 43 618 57 634
b52 135 166 172 184
b53 0 357 36 369
b54 337 576 367 610
b55 203 137 229 168
b56 13 185 59 216
b57 116 649 163 697
b58 282 548 307 573
b59 223 463 261 510
b60 214 168 230 207
b61 178 515 223 546
b62 139 589 185 625
b63 24 568 70 604
b64 59 174 92 189
b65 146 402 159 425
b66 172 168 214 213
b67 24 604 57 618
b68 204 591 249 619
b69 284 294 320 321
b70 57 48 102 64
b71 202 423 236 455
b72 68 403 83 435
b73 255 436 301 448
b74 110 444 144 487
b75 135 216 172 236
b76 0 296 39 332
b77 261 530 301 548
b78 242 312 284 328
b79 0 332 40 357
b80 34 553 70 568
b81 323 386 338 418
b82 43 636 82 660
b83 283 257 324 294
b84 208 619 242 657
b85 0 623 43 657
b86 13 0 57 39
b87 57 0 102 48
b88 93 592 137 621
b89 331 344 351 386
b90 130 625 176 649
b91 333 41 376 62
b92 366 273 413 318
b93 263 218 283 242
b94 236 389 267 408
b95 195 350 239 387
b96 324 439 370 472
b97 62 435 77 475
b98 0 0 13 35
b99 121 0 138 40
b100 368 573 413 617
b101 379 390 409 426
b102 278 44 314 84
b103 332 508 366 542
b104 366 514 408 528
b105 157 448 190 483
b106 106 534 139 546
b107 364 318 379 350
b108 163 290 201 327
b109 366 216 412 258
b110 295 573 337 612
b111 0 206 13 227
b112 107 265 132 295
b113 299 670 335 694
b114 13 39 47 83
b115 108 383 142 405
b116 102 0 121 28
b117 260 649 299 670
b118 367 617 411 655
b119 385 528 413 573
b120 318 218 354 254
b121 270 170 308 204
b122 139 25 182 45
b123 246 548 282 571
b124 39 518 70 553
b125 249 573 295 615
b126 308 192 320 214
b127 184 42 209 85
b128 363 62 391 106
b129 223 86 257 108
b130 314 97 340 127
b131 61 255 106 303
b132 121 40 139 79
b133 124 122 167 137
b134 0 506 34 553
b135 139 73 184 88
b136 0 256 12 293
b137 51 232 79 253
b138 144 487 186 515
b139 261 494 298 530
b140 354 218 366 261
b141 102 343 147 362
b142 0 385 37 412
b143 256 282 280 307
b144 242 619 257 659
b145 89 223 134 236
b146 314 146 362 179
b147 370 484 412 514
b148 319 553 337 573
b149 83 407 105 454
b150 229 133 260 156
b151 324 275 366 293
b152 301 523 317 542
b153 160 387 201 417
b154 301 432 323 449
b155 133 313 158 327
b156 314 127 342 143
b157 186 486 206 511
b158 293 419 316 432
b159 287 339 331 371
b160 332 328 359 344
b161 172 225 219 271
b162 26 167 57 185
b163 371 426 404 448
b164 70 482 106 523
b165 102 28 119 49
b166 374 0 410 34
b167 219 243 256 279
b168 0 553 24 594
b169 0 657 24 696
b170 39 385 68 430
b171 230 187 270 209
b172 400 363 413 390
b173 138 0 170 25
b174 363 200 406 216
b175 298 494 313 510
b176 69 343 102 381
b177 105 407 146 444
b178 314 80 333 97
b179 167 103 213 137
b180 236 423 255 463
b181 39 357 69 385
b182 90 199 135 223
b183 216 0 249 39
b184 170 0 216 25
b185 59 147 93 174
b186 190 455 223 486
b187 223 510 261 546
b188 24 660 64 697
b189 0 59 12 103
b190 93 621 130 648
b191 12 280 46 296
b192 155 137 203 166
b193 201 290 218 323
b194 0 103 13 131
b195 0 131 13 164
b196 333 0 374 41
b197 64 660 92 697
b198 304 371 323 419
b199 230 156 266 187
b200 300 612 343 649
b201 107 236 133 265
b202 13 83 47 122
b203 163 88 191 103
b204 338 386 379 419
b205 257 76 278 91
b206 363 165 405 200
b207 77 454 110 482
b208 266 416 293 436
b209 324 472 369 508
b210 218 312 242 325
b211 133 327 145 343
b212 93 546 114 588
b213 370 470 402 484
b214 320 294 337 321
b215 0 594 21 623
b216 70 523 89 565
b217 323 419 371 439
b218 249 0 264 43
b219 285 321 313 339
b220 133 276 163 313
b221 319 508 332 553
b222 208 325 242 350
b223 124 137 143 159
b224 139 546 184 567
b225 0 459 38 506
b226 0 369 39 385
b227 191 86 223 99
b228 342 125 362 146
b229 362 673 410 697
b230 283 227 316 257
b231 106 518 136 534
b232 70 565 93 607
b233 13 167 26 183
b234 352 655 385 673
b235 139 567 185 589
b236 139 518 178 545
b237 102 362 142 383
b238 256 243 283 282
b239 391 55 413 95
b240 320 192 339 215
b241 0 35 13 59
b242 371 448 411 470
b243 13 243 47 280
b244 47 253 60 290
b245 351 350 375 386
b246 57 64 101 87
b247 278 84 314 123
b248 159 417 202 448
b249 337 293 364 328
b250 337 542 368 576
b251 257 615 300 649
b252 79 236 107 255
b253 195 327 208 342
b254 95 383 108 407
b255 0 412 39 459
b256 89 523 102 544
b257 202 402 235 419
b258 219 209 263 243
b259 57 87 83 99
b260 101 68 120 80
b261 400 318 412 363
b262 106 295 133 343
b263 266 123 312 170
b264 39 430 62 475
b265 367 258 412 273
b266 147 327 195 372
b267 124 88 163 122
b268 375 360 400 382
b269 185 590 203 627
b270 46 290 61 313
b271 242 347 266 389
b272 260 670 295 694
b273 324 254 354 275
b274 257 43 278 76
b275 176 627 204 649
b276 270 204 301 218
b277 172 213 219 225
b278 0 164 13 206
b279 264 0 303 43
b280 59 189 90 211
b281 142 372 160 402
b282 303 0 333 44
b283 301 510 316 523
b284 59 211 89 232
b285 160 372 193 385
b286 83 87 124 123
b287 379 318 400 360
b288 232 659 260 695
b289 219 279 256 312
b290 13 122 40 138
b291 139 45 182 73
b292 208 657 232 696
b293 242 328 285 347
b294 182 25 208 42
b295 144 444 157 487
b296 339 191 355 218
b297 106 487 144 518
b298 69 303 102 343
b299 312 179 325 192
