546550.625
862887
287730
417 690
39.30562
b0 28 73 43 100
b1 59 310 86 326
b2 77 0 99 26
b3 165 599 210 620
b4 356 418 401 458
b5 87 266 103 292
b6 212 579 250 606
b7 84 460 119 489
b8 130 0 166 21
b9 201 0 245 25
b10 99 0 130 15
b11 28 128 69 152
b12 165 620 184 637
b13 77 583 125 616
b14 38 460 82 481
b15 305 70 320 104
b16 157 647 202 689
b17 380 538 417 579
b18 0 529 43 573
b19 249 532 285 555
b20 166 19 183 32
b21 58 350 102 378
b22 321 430 356 459
b23 292 256 309 296
b24 298 605 316 629
b25 249 489 278 532
b26 77 442 104 460
b27 239 652 279 690
b28 285 528 297 552
b29 161 386 191 415
b30 103 269 131 289
b31 344 608 376 644
b32 208 304 227 326
b33 74 616 119 662
b34 0 129 12 158
b35 0 71 12 97
b36 323 294 350 324
b37 0 227 12 256
b38 211 121 232 140
b39 368 564 380 577
b40 38 423 85 442
b41 369 492 405 511
b42 13 279 59 304
b43 377 603 398 642
b44 43 550 70 574
b45 266 337 291 361
b46 170 367 183 386
b47 61 226 103 266
b48 43 522 77 550
b49 113 120 161 144
b50 190 456 204 475
b51 401 418 417 432
b52 221 652 239 689
b53 46 338 58 374
b54 103 239 137 269
b55 132 437 163 463
b56 223 606 254 652
b57 370 0 417 48
b58 249 464 274 489
b59 165 561 212 599
b60 291 337 307 376
b61 205 259 236 304
b62 43 61 79 107
b63 194 410 230 456
b64 28 0 43 33
b65 0 21 13 44
b66 235 63 277 108
b67 88 292 102 325
b68 365 85 410 113
b69 278 70 305 106
b70 361 644 377 689
b71 355 248 389 280
b72 375 214 390 246
b73 160 91 206 103
b74 171 255 205 298
b75 241 43 278 63
b76 152 205 191 241
b77 201 25 241 43
b78 401 643 417 685
b79 73 117 113 142
b80 337 528 352 564
b81 248 108 280 123
b82 0 666 39 690
b83 0 380 37 421
b84 227 373 265 407
b85 37 380 71 423
b86 119 463 163 502
b87 13 234 61 279
b88 123 53 167 82
b89 350 325 370 367
b90 266 393 290 439
b91 165 319 208 340
b92 209 212 254 259
b93 99 55 123 75
b94 266 296 297 315
b95 365 48 409 85
b96 119 502 165 535
b97 28 33 43 73
b98 170 242 205 255
b99 399 178 416 218
b100 276 445 321 489
b101 13 198 43 234
b102 34 630 74 666
b103 366 458 400 492
b104 309 294 323 336
b105 257 262 292 295
b106 206 43 239 55
b107 316 608 331 640
b108 125 604 162 642
b109 309 252 355 294
b110 284 0 323 42
b111 254 241 267 262
b112 298 580 328 605
b113 141 292 165 328
b114 69 142 113 176
b115 0 627 34 649
b116 85 412 104 440
b117 167 70 206 91
b118 370 342 414 380
b119 104 413 132 458
b120 304 640 340 676
b121 0 495 38 529
b122 117 82 160 102
b123 376 178 399 214
b124 0 596 35 627
b125 0 338 46 380
b126 291 315 303 337
b127 279 643 304 686
b128 233 135 277 163
b129 77 544 111 566
b130 321 48 351 74
b131 103 191 148 239
b132 38 442 77 460
b133 13 0 28 43
b134 123 346 170 380
b135 355 280 370 325
b136 71 378 83 415
b137 102 346 123 374
b138 75 662 117 690
b139 298 544 335 580
b140 373 166 416 178
b141 80 26 99 71
b142 170 340 207 367
b143 390 218 415 242
b144 165 521 180 561
b145 0 182 13 227
b146 321 495 369 528
b147 254 211 296 241
b148 141 328 161 346
b149 44 152 66 199
b150 337 564 368 587
b151 280 106 322 124
b152 306 124 322 143
b153 257 596 298 626
b154 92 566 114 583
b155 402 380 416 405
b156 278 124 306 140
b157 254 626 279 646
b158 351 48 364 71
b159 121 21 165 53
b160 311 170 327 197
b161 165 475 212 521
b162 13 180 44 198
b163 389 246 411 279
b164 230 407 266 448
b165 363 113 380 134
b166 85 378 121 412
b167 227 337 264 373
b168 60 481 84 522
b169 59 326 98 350
b170 163 127 208 156
b171 125 582 165 604
b172 0 44 13 71
b173 266 361 291 393
b174 401 432 417 475
b175 193 169 208 185
b176 103 289 141 322
b177 307 344 344 385
b178 279 626 298 643
b179 370 280 416 314
b180 398 603 417 643
b181 13 152 43 180
b182 377 643 401 688
b183 227 304 266 337
b184 208 140 233 186
b185 69 176 103 203
b186 163 415 194 448
b187 296 214 332 252
b188 212 456 249 496
b189 278 198 322 210
b190 212 529 249 556
b191 206 374 222 408
b192 206 55 235 103
b193 130 103 163 120
b194 331 608 344 636
b195 188 0 201 33
b196 257 555 298 596
b197 284 42 321 70
b198 208 326 227 374
b199 0 421 36 452
b200 0 452 37 495
b201 61 266 87 295
b202 363 384 402 418
b203 267 241 295 256
b204 322 104 363 137
b205 28 100 43 121
b206 84 489 119 531
b207 278 170 311 198
b208 323 324 350 344
b209 321 459 366 495
b210 39 666 52 690
b211 72 295 88 307
b212 236 262 257 304
b213 304 676 336 690
b214 313 143 330 170
b215 291 385 320 406
b216 202 647 221 689
b217 350 0 370 48
b218 191 367 206 410
b219 99 75 117 103
b220 43 31 80 61
b221 0 289 13 334
b222 380 113 414 138
b223 166 0 188 19
b224 340 644 361 689
b225 119 642 157 689
b226 298 528 337 544
b227 0 97 13 129
b228 352 528 372 549
b229 163 103 211 127
b230 141 259 171 292
b231 43 199 59 229
b232 0 573 42 596
b233 400 475 413 491
b234 137 241 170 259
b235 330 137 376 159
b236 184 620 223 647
b237 328 587 368 608
b238 375 511 414 538
b239 38 481 60 521
b240 52 666 75 685
b241 0 158 13 182
b242 99 15 121 55
b243 167 33 201 70
b244 211 108 248 121
b245 340 190 376 214
b246 59 203 103 226
b247 285 489 321 528
b248 330 159 373 190
b249 278 143 313 170
b250 43 0 77 31
b251 332 214 375 248
b252 193 186 221 205
b253 59 295 72 310
b254 327 190 340 214
b255 113 144 152 191
b256 0 0 13 21
b257 0 649 33 666
b258 13 304 57 338
b259 221 186 233 212
b260 297 296 309 315
b261 233 123 278 135
b262 323 0 350 48
b263 119 535 165 582
b264 212 556 257 579
b265 13 43 28 88
b266 233 163 278 211
b267 35 596 74 630
b268 266 315 291 337
b269 191 205 209 242
b270 352 549 375 564
b271 368 579 410 603
b272 321 406 356 430
b273 43 107 73 128
b274 171 298 204 319
b275 42 574 70 596
b276 99 103 130 117
b277 13 88 25 135
b278 77 531 119 544
b279 245 0 284 43
b280 132 415 163 437
b281 291 406 321 424
b282 321 74 365 104
b283 77 566 92 579
b284 290 424 320 445
b285 0 256 13 289
b286 152 169 193 205
b287 321 385 363 406
b288 376 138 412 166
b289 212 496 249 529
b290 163 448 190 464
b291 370 314 413 342
b292 102 322 141 346
b293 79 71 98 114
b294 344 367 370 384
b295 161 156 204 169
b296 249 448 276 464
b297 180 521 211 559
b298 121 380 161 413
b299 402 405 415 418
