548862.8125
868098.5
287670
430 669
41.161197
b0 386 134 401 161
b1 307 419 334 435
b2 334 353 356 379
b3 220 121 265 142
b4 0 393 45 433
b5 69 256 85 282
b6 307 379 345 406
b7 124 221 159 250
b8 91 366 112 402
b9 35 0 79 25
b10 249 391 280 406
b11 404 502 428 543
b12 343 37 362 54
b13 113 622 161 655
b14 363 573 407 594
b15 356 327 390 342
b16 336 627 381 669
b17 151 334 192 371
b18 0 326 44 369
b19 219 98 255 121
b20 265 172 278 189
b21 178 58 222 86
b22 349 244 384 273
b23 187 0 204 40
b24 52 143 76 161
b25 299 120 342 149
b26 318 618 336 645
b27 347 187 385 227
b28 258 630 282 642
b29 91 200 120 230
b30 133 602 161 622
b31 140 34 176 66
b32 46 471 68 490
b33 135 482 181 527
b34 362 37 391 49
b35 0 117 12 143
b36 190 123 220 150
b37 255 108 284 120
b38 220 184 241 203
b39 46 490 58 503
b40 265 61 284 108
b41 12 108 31 144
b42 231 300 256 346
b43 0 630 21 669
b44 232 0 256 27
b45 161 602 186 626
b46 175 238 188 257
b47 385 240 427 280
b48 247 406 281 434
b49 166 149 190 197
b50 178 86 192 105
b51 121 67 135 83
b52 386 97 404 134
b53 151 371 163 407
b54 140 80 174 110
b55 192 271 218 302
b56 0 585 46 616
b57 382 280 430 327
b58 12 144 37 169
b59 100 406 138 453
b60 218 284 257 300
b61 45 336 90 367
b62 286 537 332 573
b63 135 554 181 590
b64 68 459 101 474
b65 307 406 330 419
b66 220 142 265 184
b67 121 110 154 124
b68 204 0 232 45
b69 282 618 318 645
b70 291 0 336 16
b71 228 250 260 284
b72 396 37 428 52
b73 284 108 330 120
b74 293 311 336 345
b75 131 297 151 334
b76 12 169 51 205
b77 0 205 18 245
b78 0 245 42 261
b79 184 381 209 421
b80 414 0 429 36
b81 189 220 221 235
b82 404 88 428 127
b83 46 503 87 540
b84 112 372 150 406
b85 222 64 265 98
b86 35 70 79 109
b87 88 542 133 590
b88 46 593 90 622
b89 222 527 242 569
b90 207 302 231 348
b91 25 542 46 585
b92 286 573 333 618
b93 280 272 304 292
b94 343 0 374 19
b95 367 502 404 546
b96 120 188 166 221
b97 387 396 427 411
b98 369 273 382 308
b99 52 256 69 296
b100 386 411 430 456
b101 356 342 386 378
b102 331 54 367 94
b103 153 0 187 34
b104 0 616 42 630
b105 52 221 85 256
b106 134 590 167 602
b107 227 500 259 515
b108 210 382 247 420
b109 0 471 46 513
b110 199 421 241 460
b111 45 458 66 471
b112 70 434 100 459
b113 96 121 120 157
b114 342 138 386 172
b115 200 527 222 561
b116 166 197 185 225
b117 48 315 87 336
b118 55 622 93 666
b119 190 150 218 195
b120 192 235 228 271
b121 18 205 52 243
b122 93 621 113 664
b123 12 0 35 36
b124 311 149 342 184
b125 181 485 227 527
b126 12 96 34 108
b127 0 542 25 585
b128 186 604 230 632
b129 404 127 426 161
b130 241 434 267 464
b131 0 281 48 326
b132 355 418 373 457
b133 35 25 78 40
b134 79 28 113 75
b135 192 302 207 347
b136 33 433 45 470
b137 355 397 383 418
b138 386 349 428 377
b139 256 310 293 346
b140 0 143 12 186
b141 287 518 332 537
b142 192 86 219 123
b143 45 434 70 458
b144 411 591 426 631
b145 385 196 430 209
b146 336 594 384 627
b147 46 563 88 593
b148 287 499 307 517
b149 282 645 329 667
b150 405 209 428 240
b151 345 379 387 397
b152 121 83 140 99
b153 317 187 347 228
b154 185 197 202 219
b155 202 195 216 220
b156 259 500 287 516
b157 260 272 280 297
b158 166 225 189 238
b159 242 538 286 570
b160 265 145 281 172
b161 284 62 331 108
b162 78 126 96 157
b163 268 477 301 499
b164 227 464 268 500
b165 96 281 117 298
b166 396 52 430 88
b167 186 632 223 668
b168 273 346 297 387
b169 0 369 39 393
b170 0 513 45 542
b171 246 516 286 538
b172 69 282 96 295
b173 90 334 115 366
b174 385 180 428 196
b175 76 157 91 173
b176 0 433 33 471
b177 138 445 179 482
b178 138 428 157 445
b179 45 367 91 401
b180 386 161 426 180
b181 181 561 211 589
b182 249 346 273 391
b183 85 230 124 263
b184 181 460 227 485
b185 367 546 401 573
b186 228 219 261 250
b187 115 334 151 372
b188 374 0 414 37
b189 0 73 12 117
b190 116 0 153 27
b191 183 421 199 455
b192 367 49 396 97
b193 349 227 382 244
b194 333 560 346 588
b195 117 263 150 276
b196 344 97 385 138
b197 79 0 116 28
b198 411 543 430 591
b199 307 487 343 518
b200 262 24 305 61
b201 246 189 272 218
b202 21 630 55 669
b203 258 570 286 585
b204 151 301 192 334
b205 37 143 52 164
b206 332 518 367 560
b207 121 124 154 152
b208 385 209 405 236
b209 121 152 166 188
b210 52 161 76 174
b211 343 434 355 450
b212 230 626 251 668
b213 317 228 349 242
b214 79 99 96 126
b215 307 435 336 456
b216 336 311 355 353
b217 0 261 48 281
b218 342 172 385 187
b219 343 19 371 37
b220 232 27 262 64
b221 113 655 158 668
b222 265 120 299 145
b223 52 296 74 315
b224 258 585 279 630
b225 381 631 428 669
b226 268 461 307 477
b227 245 570 258 602
b228 12 76 33 96
b229 87 496 135 520
b230 281 149 311 182
b231 216 203 246 219
b232 46 540 88 563
b233 159 238 175 251
b234 192 348 210 381
b235 88 520 134 542
b236 113 28 140 67
b237 343 481 383 502
b238 268 434 307 461
b239 12 36 34 76
b240 355 308 378 327
b241 373 418 386 442
b242 390 327 430 349
b243 297 345 334 379
b244 270 297 307 310
b245 161 626 185 662
b246 169 257 192 301
b247 154 110 190 149
b248 90 590 133 621
b249 384 594 411 629
b250 214 570 245 604
b251 101 453 135 496
b252 336 406 355 434
b253 305 47 318 62
b254 343 502 367 515
b255 52 174 91 221
b256 331 94 344 115
b257 346 560 363 593
b258 34 109 78 143
b259 0 0 12 26
b260 227 515 246 527
b261 124 251 169 263
b262 152 527 200 554
b263 383 456 430 502
b264 281 387 304 432
b265 138 413 183 428
b266 261 227 309 272
b267 210 348 249 382
b268 96 99 121 121
b269 151 263 169 300
b270 157 428 180 443
b271 79 75 121 99
b272 256 0 291 24
b273 348 275 369 305
b274 68 474 101 495
b275 230 604 258 626
b276 307 456 321 487
b277 0 26 12 73
b278 187 45 229 58
b279 278 184 317 227
b280 321 456 343 487
b281 85 263 115 281
b282 35 40 79 70
b283 258 642 273 655
b284 117 276 147 297
b285 181 589 214 602
b286 307 275 348 311
b287 163 371 184 413
b288 103 298 131 334
b289 45 401 82 434
b290 87 298 103 325
b291 91 157 119 200
b292 343 457 382 481
b293 387 377 430 396
b294 135 527 152 553
b295 135 67 178 80
b296 82 402 98 429
b297 305 16 343 47
b298 309 242 349 275
b299 257 297 270 310
