526843.609375
882829
289520
385 752
42.501706
b0 196 349 223 364
b1 108 405 124 432
b2 85 0 107 26
b3 84 566 129 587
b4 156 425 196 470
b5 92 381 108 407
b6 196 384 234 411
b7 93 190 128 219
b8 58 156 94 177
b9 242 707 267 751
b10 234 431 265 446
b11 95 265 136 289
b12 87 481 106 498
b13 350 641 383 689
b14 180 507 201 551
b15 48 476 82 491
b16 12 49 57 91
b17 141 29 178 70
b18 50 177 93 221
b19 189 689 225 712
b20 336 406 353 419
b21 241 108 269 152
b22 190 660 225 689
b23 127 113 144 153
b24 153 70 177 88
b25 12 91 55 120
b26 36 648 63 666
b27 12 151 50 191
b28 85 26 109 38
b29 126 435 155 465
b30 342 344 362 372
b31 240 524 272 560
b32 270 407 289 429
b33 49 312 94 358
b34 95 232 124 244
b35 0 47 12 73
b36 150 687 177 717
b37 152 261 181 273
b38 269 181 290 200
b39 259 639 271 652
b40 106 70 153 89
b41 107 0 143 19
b42 49 287 95 312
b43 45 548 84 569
b44 300 522 327 546
b45 267 727 292 751
b46 207 107 220 126
b47 310 546 352 586
b48 139 353 173 381
b49 58 53 106 77
b50 211 142 225 161
b51 211 126 225 142
b52 197 470 234 488
b53 0 116 12 152
b54 323 372 353 406
b55 238 170 269 196
b56 110 465 156 496
b57 338 58 385 106
b58 83 407 108 432
b59 336 420 383 458
b60 227 0 243 39
b61 144 89 175 134
b62 175 142 211 188
b63 104 652 150 688
b64 25 13 58 28
b65 217 548 240 561
b66 50 221 95 263
b67 137 264 151 297
b68 352 528 380 573
b69 193 587 229 614
b70 225 125 241 170
b71 275 278 307 312
b72 169 492 201 507
b73 0 152 12 198
b74 0 302 34 345
b75 45 593 82 613
b76 292 698 331 734
b77 269 234 287 274
b78 0 471 42 487
b79 48 432 88 457
b80 303 115 318 151
b81 370 607 385 639
b82 341 106 380 130
b83 217 70 258 107
b84 157 297 195 331
b85 49 389 83 432
b86 0 609 44 648
b87 104 704 149 752
b88 46 506 90 535
b89 134 587 154 629
b90 0 487 46 511
b91 186 566 229 587
b92 223 196 268 243
b93 107 542 127 566
b94 239 316 270 335
b95 154 381 191 425
b96 350 705 383 751
b97 156 551 196 566
b98 204 70 217 105
b99 156 221 173 261
b100 341 130 385 175
b101 341 477 377 507
b102 150 651 190 687
b103 196 411 230 445
b104 34 302 48 344
b105 58 110 93 143
b106 239 335 272 347
b107 254 262 269 294
b108 258 70 295 108
b109 110 496 152 542
b110 341 200 383 239
b111 262 362 275 383
b112 285 548 310 578
b113 45 569 81 593
b114 95 347 139 381
b115 348 607 370 641
b116 307 278 335 297
b117 309 613 348 634
b118 347 273 385 317
b119 0 545 45 573
b120 0 671 36 707
b121 212 282 250 316
b122 342 587 385 607
b123 0 648 36 671
b124 297 0 332 31
b125 88 587 134 629
b126 177 687 189 709
b127 341 175 384 200
b128 76 663 104 707
b129 288 591 322 613
b130 12 120 38 150
b131 252 446 300 491
b132 292 734 331 752
b133 247 347 262 390
b134 173 221 220 255
b135 58 38 103 53
b136 0 243 12 280
b137 352 507 380 528
b138 95 319 137 347
b139 12 191 49 227
b140 0 73 12 116
b141 85 707 104 752
b142 58 0 85 37
b143 223 349 247 374
b144 47 491 87 506
b145 272 548 285 593
b146 0 345 48 378
b147 95 289 137 319
b148 220 107 240 125
b149 338 36 385 58
b150 144 155 175 178
b151 49 371 91 389
b152 88 629 104 648
b153 300 479 341 509
b154 157 331 174 353
b155 75 77 89 102
b156 241 152 269 168
b157 322 586 342 611
b158 284 0 297 23
b159 109 19 141 63
b160 211 170 238 186
b161 0 425 47 471
b162 38 120 56 151
b163 269 159 302 181
b164 0 573 41 609
b165 195 297 212 318
b166 12 268 48 302
b167 191 0 227 37
b168 108 381 149 405
b169 271 639 310 663
b170 278 350 323 379
b171 270 663 310 685
b172 300 337 327 350
b173 229 600 261 625
b174 295 83 338 99
b175 262 347 278 362
b176 201 515 239 548
b177 243 0 284 37
b178 133 178 152 195
b179 0 511 46 545
b180 331 698 350 738
b181 126 405 154 435
b182 50 263 95 287
b183 240 491 279 524
b184 200 614 225 660
b185 93 113 127 140
b186 300 446 331 479
b187 206 712 242 750
b188 310 661 350 698
b189 335 273 347 317
b190 310 634 347 661
b191 350 689 384 705
b192 143 0 191 29
b193 90 525 107 558
b194 300 509 328 522
b195 89 77 102 110
b196 299 199 340 240
b197 12 227 49 255
b198 331 458 379 477
b199 218 39 254 70
b200 48 707 85 750
b201 171 623 200 649
b202 94 156 133 190
b203 272 328 300 343
b204 254 37 295 70
b205 196 551 217 566
b206 150 717 192 752
b207 128 195 156 228
b208 196 364 223 384
b209 338 0 383 36
b210 95 219 119 232
b211 73 647 85 663
b212 270 685 291 727
b213 352 573 384 587
b214 90 498 107 525
b215 95 244 124 265
b216 187 255 206 297
b217 206 262 254 282
b218 270 313 313 328
b219 82 463 110 481
b220 177 105 207 142
b221 12 0 25 45
b222 196 445 230 470
b223 323 350 342 372
b224 129 542 150 587
b225 287 240 334 278
b226 324 159 340 198
b227 58 143 90 156
b228 288 613 309 633
b229 270 383 318 407
b230 156 188 186 221
b231 93 140 123 156
b232 104 629 146 652
b233 295 99 308 115
b234 234 446 252 479
b235 174 331 196 377
b236 261 600 288 639
b237 303 159 324 199
b238 201 488 240 515
b239 36 684 76 706
b240 295 59 314 82
b241 156 470 169 494
b242 313 297 335 337
b243 225 625 259 662
b244 12 255 49 268
b245 151 273 187 297
b246 318 115 341 159
b247 154 587 193 623
b248 196 318 239 349
b249 177 70 204 105
b250 268 200 299 234
b251 340 239 383 273
b252 48 457 76 476
b253 290 181 303 196
b254 314 59 327 83
b255 289 407 336 446
b256 250 294 263 315
b257 58 77 75 110
b258 44 613 88 647
b259 269 108 295 120
b260 263 294 275 313
b261 0 198 12 243
b262 335 317 383 344
b263 0 378 46 425
b264 353 375 376 420
b265 225 662 270 677
b266 0 707 48 752
b267 269 120 303 159
b268 146 629 171 651
b269 36 666 73 684
b270 272 533 295 548
b271 102 89 144 113
b272 328 509 352 544
b273 144 134 174 155
b274 25 28 58 49
b275 169 470 197 492
b276 192 712 206 743
b277 0 0 12 47
b278 46 535 88 548
b279 229 561 272 600
b280 362 344 384 375
b281 139 323 157 353
b282 225 677 269 707
b283 285 578 300 591
b284 156 566 186 587
b285 25 0 58 13
b286 234 390 270 431
b287 279 491 300 533
b288 124 228 152 264
b289 186 188 223 221
b290 308 99 335 115
b291 295 31 338 59
b292 156 507 180 546
b293 220 243 263 262
b294 137 297 154 323
b295 49 358 92 371
b296 104 688 131 704
b297 88 432 126 463
b298 178 37 218 70
b299 270 429 283 442
