519873.78125
872454.5
284820
404 705
37.087824
b0 210 136 237 151
b1 325 93 352 109
b2 294 191 320 213
b3 149 431 194 452
b4 69 621 114 661
b5 251 540 267 566
b6 0 565 38 592
b7 375 407 404 442
b8 279 250 300 286
b9 0 503 44 528
b10 0 528 31 543
b11 83 0 124 24
b12 300 371 319 388
b13 46 36 94 69
b14 74 81 118 102
b15 25 629 40 663
b16 149 100 191 145
b17 71 142 112 179
b18 106 412 149 456
b19 114 641 150 664
b20 90 361 103 378
b21 327 624 355 668
b22 118 71 153 100
b23 48 481 88 498
b24 357 445 375 469
b25 226 642 269 671
b26 273 371 300 389
b27 164 23 204 61
b28 391 630 403 654
b29 325 64 355 93
b30 46 81 74 101
b31 48 301 84 333
b32 344 153 363 175
b33 255 65 301 110
b34 114 693 143 705
b35 300 287 312 313
b36 300 629 327 659
b37 40 534 69 546
b38 25 0 46 19
b39 82 517 94 530
b40 147 176 194 195
b41 38 601 74 620
b42 0 163 25 209
b43 25 61 46 100
b44 319 365 346 389
b45 201 512 225 537
b46 238 104 251 123
b47 107 102 149 142
b48 21 267 49 301
b49 318 0 342 48
b50 0 267 19 281
b51 150 646 164 662
b52 231 371 268 389
b53 379 597 391 633
b54 38 567 68 601
b55 300 659 326 690
b56 116 172 147 218
b57 0 352 48 399
b58 0 106 25 131
b59 191 98 238 136
b60 40 123 56 162
b61 269 639 300 684
b62 356 654 402 690
b63 197 250 243 286
b64 306 423 321 456
b65 85 530 98 553
b66 311 508 356 550
b67 123 57 156 71
b68 240 291 268 336
b69 116 576 152 603
b70 90 378 106 423
b71 323 439 357 471
b72 196 61 211 93
b73 0 435 46 447
b74 226 671 269 705
b75 300 267 337 287
b76 88 456 127 492
b77 71 102 89 142
b78 388 0 404 42
b79 0 0 25 40
b80 355 42 370 78
b81 0 447 15 479
b82 364 160 403 184
b83 48 333 89 370
b84 370 42 404 80
b85 106 378 149 412
b86 71 207 115 246
b87 149 195 194 243
b88 94 24 123 68
b89 25 19 45 61
b90 301 65 325 111
b91 255 19 276 62
b92 357 479 404 524
b93 188 575 208 599
b94 269 684 300 703
b95 120 341 164 378
b96 273 338 319 371
b97 149 301 164 341
b98 346 365 359 400
b99 231 433 271 450
b100 45 661 90 705
b101 159 539 189 575
b102 368 251 404 291
b103 115 218 149 252
b104 231 357 273 371
b105 149 398 184 431
b106 364 100 376 133
b107 254 566 269 598
b108 0 592 38 629
b109 317 111 363 153
b110 98 517 140 556
b111 114 680 135 693
b112 379 365 404 395
b113 58 498 82 534
b114 272 457 306 501
b115 269 389 303 411
b116 210 151 238 170
b117 143 664 164 703
b118 231 389 269 433
b119 71 179 116 207
b120 325 209 361 245
b121 116 603 150 641
b122 116 556 159 576
b123 356 597 379 633
b124 197 219 232 250
b125 342 0 388 42
b126 266 110 288 122
b127 88 492 131 517
b128 164 661 192 705
b129 49 266 71 300
b130 269 613 299 639
b131 356 552 404 597
b132 89 102 107 141
b133 25 123 40 166
b134 184 382 231 416
b135 345 690 390 705
b136 185 649 222 661
b137 40 546 68 567
b138 215 598 257 626
b139 164 319 201 355
b140 303 389 346 401
b141 236 33 255 78
b142 164 355 201 382
b143 131 486 156 510
b144 238 126 253 166
b145 355 251 368 296
b146 205 0 253 33
b147 252 200 294 230
b148 359 372 379 390
b149 0 330 47 352
b150 205 33 236 56
b151 197 201 239 219
b152 69 534 85 553
b153 123 27 164 57
b154 306 401 323 423
b155 0 629 25 643
b156 299 613 327 629
b157 0 53 25 73
b158 0 479 13 502
b159 268 291 300 335
b160 359 418 375 445
b161 25 166 71 213
b162 337 267 355 298
b163 0 73 22 106
b164 361 215 402 251
b165 0 281 21 298
b166 334 298 370 332
b167 46 0 83 36
b168 45 620 69 661
b169 90 661 114 700
b170 311 550 356 579
b171 0 543 40 565
b172 120 299 133 326
b173 0 131 25 163
b174 311 492 354 508
b175 251 110 266 126
b176 48 448 86 481
b177 253 126 290 167
b178 315 315 334 332
b179 272 411 306 457
b180 360 332 379 372
b181 127 456 155 486
b182 0 222 24 267
b183 370 291 403 330
b184 208 572 254 597
b185 188 599 215 633
b186 89 328 120 361
b187 323 401 359 439
b188 156 61 196 98
b189 257 598 269 642
b190 124 0 161 27
b191 188 633 222 649
b192 0 301 48 330
b193 306 456 323 489
b194 327 611 355 624
b195 391 597 404 630
b196 269 538 310 579
b197 375 442 403 479
b198 68 580 116 599
b199 364 184 400 215
b200 281 0 318 43
b201 201 333 230 359
b202 325 175 364 209
b203 359 390 374 418
b204 319 332 360 365
b205 312 287 333 302
b206 24 213 66 248
b207 189 539 217 572
b208 86 423 106 450
b209 0 399 45 435
b210 0 209 24 222
b211 48 370 64 382
b212 230 336 272 357
b213 44 498 58 530
b214 0 688 27 705
b215 355 633 384 654
b216 194 170 236 189
b217 250 230 298 250
b218 75 370 90 413
b219 37 248 65 266
b220 112 142 149 172
b221 184 416 229 429
b222 300 213 325 247
b223 300 247 322 266
b224 164 615 185 660
b225 120 252 158 299
b226 316 48 355 64
b227 335 579 348 611
b228 355 80 376 100
b229 68 556 116 580
b230 155 452 188 482
b231 133 299 149 329
b232 159 516 201 539
b233 27 688 43 701
b234 192 136 210 169
b235 25 101 71 123
b236 364 133 403 160
b237 304 153 344 174
b238 290 111 317 150
b239 74 599 114 621
b240 15 484 38 503
b241 94 68 118 81
b242 276 43 316 65
b243 159 482 196 516
b244 239 183 252 220
b245 158 277 194 301
b246 161 0 205 23
b247 152 576 188 615
b248 149 145 192 176
b249 48 382 75 417
b250 217 540 251 571
b251 192 661 226 704
b252 253 0 281 19
b253 236 170 251 183
b254 0 40 24 53
b255 201 286 240 333
b256 312 302 333 315
b257 292 174 325 191
b258 269 579 313 613
b259 374 395 400 407
b260 292 150 304 169
b261 194 189 239 201
b262 376 80 403 128
b263 226 450 272 497
b264 0 665 45 688
b265 300 690 345 705
b266 71 252 116 300
b267 158 243 197 277
b268 0 643 25 665
b269 164 301 201 319
b270 300 315 315 338
b271 269 514 311 538
b272 379 330 403 365
b273 326 668 356 689
b274 323 471 356 492
b275 325 245 353 267
b276 150 615 164 646
b277 46 69 93 81
b278 56 123 69 165
b279 226 497 265 540
b280 313 579 335 610
b281 232 220 250 250
b282 196 468 226 512
b283 24 248 37 263
b284 201 359 231 380
b285 222 626 255 639
b286 243 250 279 291
b287 211 56 232 98
b288 84 300 120 328
b289 15 447 48 484
b290 114 664 141 680
b291 356 524 399 552
b292 194 429 218 468
b293 140 510 159 553
b294 238 78 255 104
b295 265 501 308 514
b296 149 382 176 398
b297 48 417 86 448
b298 252 167 292 200
b299 218 429 231 442
