523463
874560.5
289398
417 694
30.224468
b0 267 110 282 137
b1 396 645 412 672
b2 121 183 147 205
b3 133 33 178 54
b4 142 648 182 693
b5 214 0 230 26
b6 14 656 41 694
b7 349 430 378 465
b8 106 284 142 305
b9 225 467 269 492
b10 178 551 193 582
b11 217 370 258 394
b12 254 222 273 239
b13 85 0 133 33
b14 360 672 404 693
b15 338 19 372 34
b16 370 321 415 363
b17 325 159 366 196
b18 180 493 224 536
b19 24 23 60 46
b20 282 114 295 131
b21 251 340 295 368
b22 213 72 242 107
b23 200 368 217 408
b24 0 98 24 116
b25 313 508 342 551
b26 399 618 417 645
b27 378 281 416 321
b28 175 379 199 391
b29 146 344 175 374
b30 305 553 325 581
b31 334 196 366 232
b32 315 205 334 227
b33 295 649 341 694
b34 366 193 378 222
b35 342 394 354 420
b36 298 0 325 30
b37 111 682 140 694
b38 397 240 416 261
b39 146 332 159 344
b40 365 262 412 281
b41 207 165 243 184
b42 24 365 49 411
b43 256 254 295 275
b44 0 319 24 346
b45 0 0 24 25
b46 243 165 256 184
b47 106 223 148 263
b48 270 444 304 472
b49 295 625 343 649
b50 244 110 263 124
b51 24 319 38 335
b52 350 556 368 593
b53 134 305 146 341
b54 72 664 106 694
b55 347 283 378 309
b56 58 448 104 479
b57 325 35 372 83
b58 325 556 350 581
b59 190 285 228 332
b60 147 183 163 222
b61 230 0 275 31
b62 334 311 370 357
b63 43 576 79 622
b64 354 467 387 482
b65 384 482 407 495
b66 79 569 124 611
b67 60 174 93 188
b68 106 305 134 350
b69 199 332 226 368
b70 300 349 316 394
b71 385 363 417 397
b72 178 536 210 551
b73 60 265 106 277
b74 244 553 287 587
b75 86 316 106 353
b76 0 463 36 502
b77 0 599 40 617
b78 121 495 137 537
b79 60 0 85 40
b80 259 637 295 652
b81 60 225 92 240
b82 24 295 63 319
b83 260 403 297 444
b84 285 80 323 114
b85 211 231 254 265
b86 372 54 416 93
b87 107 432 152 480
b88 159 119 203 148
b89 280 605 322 625
b90 224 493 270 517
b91 325 581 346 624
b92 304 424 349 471
b93 0 174 24 194
b94 378 193 397 224
b95 63 411 107 448
b96 88 495 121 541
b97 300 394 340 409
b98 325 0 338 35
b99 93 206 133 223
b100 76 130 121 174
b101 24 109 60 139
b102 256 182 292 222
b103 168 85 202 119
b104 207 151 249 165
b105 0 430 35 463
b106 187 273 220 285
b107 273 222 288 254
b108 378 430 416 467
b109 182 647 224 693
b110 252 652 294 691
b111 213 31 234 44
b112 226 340 251 370
b113 0 283 24 319
b114 85 33 129 67
b115 0 64 22 98
b116 0 207 19 235
b117 148 273 187 294
b118 146 294 190 332
b119 228 265 256 310
b120 24 175 60 211
b121 210 552 244 590
b122 295 205 315 248
b123 24 0 60 23
b124 41 659 72 694
b125 325 113 367 159
b126 404 672 416 694
b127 60 60 85 103
b128 216 107 244 151
b129 122 624 156 646
b130 354 482 384 508
b131 342 508 387 556
b132 217 394 256 412
b133 104 480 147 495
b134 164 239 211 273
b135 297 409 342 424
b136 271 68 308 80
b137 217 44 238 72
b138 165 148 207 176
b139 41 622 77 659
b140 58 479 101 491
b141 397 195 416 240
b142 372 595 399 632
b143 287 472 311 497
b144 193 551 208 591
b145 49 365 62 410
b146 196 412 244 445
b147 325 83 367 113
b148 287 553 305 573
b149 36 443 58 490
b150 275 0 298 31
b151 62 354 104 372
b152 210 536 229 552
b153 367 152 397 193
b154 315 227 332 249
b155 175 391 200 405
b156 60 130 76 158
b157 60 40 85 60
b158 270 493 283 516
b159 372 0 416 32
b160 35 411 62 427
b161 208 184 254 231
b162 256 275 287 293
b163 350 595 372 628
b164 127 83 168 119
b165 270 472 287 493
b166 24 139 58 175
b167 159 405 196 441
b168 244 86 285 110
b169 368 556 392 595
b170 387 495 416 540
b171 106 350 146 372
b172 127 70 154 83
b173 93 174 118 206
b174 148 222 164 265
b175 341 661 357 676
b176 133 0 171 33
b177 0 547 41 584
b178 244 619 263 636
b179 178 613 224 647
b180 256 163 296 182
b181 228 310 256 340
b182 0 129 24 174
b183 354 397 393 430
b184 60 240 106 265
b185 124 542 151 576
b186 354 363 385 396
b187 360 632 396 670
b188 279 31 319 68
b189 244 139 288 151
b190 24 338 61 365
b191 244 412 260 446
b192 296 114 325 162
b193 343 628 360 661
b194 334 283 347 311
b195 180 31 213 44
b196 137 501 178 542
b197 180 44 217 72
b198 38 319 86 338
b199 111 646 142 682
b200 311 471 354 508
b201 334 254 360 283
b202 295 310 329 349
b203 175 332 190 360
b204 229 517 270 550
b205 159 54 180 69
b206 258 368 300 403
b207 152 441 180 474
b208 124 588 151 608
b209 0 502 36 547
b210 0 116 24 129
b211 154 70 170 82
b212 0 346 21 388
b213 0 662 14 694
b214 257 587 284 604
b215 242 65 271 86
b216 85 67 127 86
b217 224 590 244 638
b218 0 584 43 599
b219 224 674 252 692
b220 63 372 93 409
b221 234 31 279 44
b222 77 639 111 664
b223 107 411 129 430
b224 225 446 270 467
b225 256 293 294 340
b226 124 608 163 624
b227 244 587 257 619
b228 393 397 414 417
b229 0 235 24 283
b230 36 491 66 524
b231 129 54 159 70
b232 85 86 127 109
b233 62 338 75 354
b234 90 109 123 127
b235 178 591 224 613
b236 294 283 333 310
b237 238 44 278 65
b238 12 617 39 656
b239 24 255 46 295
b240 175 360 198 379
b241 0 194 24 207
b242 372 32 412 54
b243 316 357 350 394
b244 203 107 216 144
b245 287 581 323 605
b246 121 160 165 183
b247 24 46 60 85
b248 171 0 214 31
b249 140 374 175 401
b250 41 542 72 576
b251 270 519 313 553
b252 338 0 366 19
b253 244 636 259 649
b254 156 624 169 648
b255 93 372 140 411
b256 387 467 408 480
b257 263 604 280 637
b258 24 211 58 255
b259 124 576 150 588
b260 296 162 315 174
b261 0 617 12 662
b262 151 542 178 590
b263 367 93 414 139
b264 392 540 415 585
b265 73 517 88 562
b266 180 445 225 493
b267 295 249 334 283
b268 224 649 246 674
b269 36 524 73 542
b270 244 124 267 139
b271 0 388 24 430
b272 24 85 59 109
b273 60 109 90 130
b274 147 480 180 501
b275 283 497 311 519
b276 46 255 60 286
b277 249 151 296 163
b278 367 139 409 152
b279 63 277 106 316
b280 334 232 365 254
b281 295 187 325 205
b282 164 209 208 239
b283 60 158 73 173
b284 129 411 159 432
b285 399 585 412 618
b286 123 119 159 160
b287 106 263 148 284
b288 88 541 124 569
b289 60 188 93 225
b290 151 590 178 606
b291 79 611 122 639
b292 0 25 24 64
b293 397 152 416 195
b294 66 491 83 517
b295 170 72 213 85
b296 36 427 63 443
b297 366 224 397 262
b298 165 176 205 209
b299 296 174 309 187
