561714.5
835909
287520
480 599
37.131331
b0 190 462 217 477
b1 394 195 421 211
b2 97 0 123 22
b3 326 0 347 45
b4 228 517 273 557
b5 350 373 366 399
b6 366 321 393 359
b7 331 344 366 373
b8 392 244 413 280
b9 231 224 256 268
b10 393 321 408 352
b11 164 386 188 427
b12 150 0 167 19
b13 30 200 78 233
b14 221 39 242 83
b15 130 392 164 407
b16 433 455 478 497
b17 235 289 272 330
b18 390 528 433 572
b19 63 233 86 269
b20 248 488 265 501
b21 0 525 44 553
b22 299 190 334 219
b23 373 431 390 471
b24 146 407 164 431
b25 293 119 322 162
b26 107 22 125 49
b27 86 227 126 265
b28 234 455 258 467
b29 186 212 215 242
b30 79 22 107 42
b31 235 388 271 420
b32 331 373 350 395
b33 280 0 326 45
b34 265 505 294 517
b35 43 43 55 69
b36 0 165 30 192
b37 321 545 333 574
b38 164 427 183 448
b39 30 0 43 12
b40 413 211 432 258
b41 91 494 127 513
b42 433 190 479 215
b43 436 39 475 60
b44 0 97 24 124
b45 190 438 215 462
b46 398 73 417 86
b47 322 67 362 109
b48 390 467 418 501
b49 78 203 126 227
b50 186 177 200 196
b51 0 364 14 380
b52 309 268 346 286
b53 235 376 271 388
b54 216 557 246 591
b55 164 448 190 479
b56 16 553 47 599
b57 0 421 47 469
b58 272 271 297 296
b59 408 319 446 366
b60 397 280 413 319
b61 401 104 432 149
b62 0 489 46 525
b63 126 191 162 237
b64 43 163 76 178
b65 119 167 142 180
b66 43 73 88 115
b67 334 186 348 219
b68 277 162 322 190
b69 390 431 417 467
b70 347 0 363 45
b71 331 310 363 344
b72 279 346 311 361
b73 246 559 292 571
b74 143 319 186 353
b75 13 469 50 489
b76 143 479 182 515
b77 88 110 128 128
b78 366 359 408 375
b79 63 299 103 324
b80 221 0 257 15
b81 465 423 480 455
b82 325 286 364 310
b83 177 55 218 92
b84 28 285 62 323
b85 256 190 299 224
b86 428 60 467 104
b87 43 115 88 163
b88 432 215 476 244
b89 294 523 314 565
b90 322 140 346 186
b91 172 34 215 55
b92 433 522 480 567
b93 373 139 393 163
b94 354 442 373 473
b95 442 244 479 288
b96 47 553 80 599
b97 235 330 275 345
b98 467 60 480 95
b99 354 510 394 527
b100 80 553 124 598
b101 91 426 127 456
b102 146 283 186 319
b103 402 0 436 34
b104 44 539 86 553
b105 234 420 267 455
b106 30 127 42 160
b107 144 86 176 101
b108 91 456 128 494
b109 186 271 232 313
b110 199 128 241 167
b111 128 107 149 120
b112 153 101 183 126
b113 126 237 150 273
b114 47 430 91 464
b115 326 45 360 67
b116 142 163 161 191
b117 86 532 125 553
b118 267 426 305 470
b119 171 549 216 577
b120 365 103 401 139
b121 103 353 137 391
b122 350 399 370 442
b123 362 58 398 81
b124 182 479 217 510
b125 348 194 394 236
b126 431 497 443 519
b127 112 55 155 80
b128 0 192 28 236
b129 110 85 144 107
b130 435 426 465 452
b131 305 430 350 478
b132 394 177 433 195
b133 43 0 58 43
b134 83 392 130 426
b135 235 361 280 376
b136 0 55 12 92
b137 0 278 28 299
b138 280 45 322 73
b139 150 246 186 283
b140 217 461 229 504
b141 80 513 125 532
b142 394 501 431 528
b143 280 361 304 386
b144 387 0 402 40
b145 30 12 43 57
b146 446 288 479 336
b147 0 236 30 278
b148 404 86 424 104
b149 125 33 172 55
b150 403 34 434 57
b151 12 55 30 97
b152 333 545 352 561
b153 0 124 30 165
b154 362 81 379 103
b155 379 86 404 100
b156 186 196 214 212
b157 377 572 397 597
b158 0 341 13 364
b159 436 567 480 599
b160 130 407 146 434
b161 433 144 480 190
b162 272 296 290 327
b163 30 233 63 255
b164 50 464 91 500
b165 14 345 31 366
b166 354 527 390 561
b167 354 473 390 510
b168 410 366 451 390
b169 162 162 186 201
b170 186 242 231 271
b171 19 323 59 345
b172 360 45 387 58
b173 309 243 341 268
b174 228 83 244 126
b175 387 40 403 55
b176 201 400 234 438
b177 187 510 228 547
b178 275 327 292 346
b179 125 515 171 549
b180 103 306 143 325
b181 58 45 88 73
b182 162 201 186 246
b183 315 478 354 511
b184 124 572 170 597
b185 244 120 271 154
b186 361 163 394 194
b187 47 392 83 430
b188 271 386 308 426
b189 235 346 279 358
b190 31 345 58 382
b191 171 515 187 549
b192 413 258 442 306
b193 88 150 121 167
b194 30 57 43 85
b195 130 479 143 512
b196 194 347 235 388
b197 242 42 279 70
b198 186 313 234 332
b199 88 167 119 203
b200 334 561 377 598
b201 137 353 166 379
b202 46 500 80 539
b203 244 154 272 169
b204 215 191 256 224
b205 297 288 312 309
b206 308 395 350 430
b207 166 353 194 386
b208 123 0 150 20
b209 183 92 228 128
b210 413 306 437 319
b211 0 553 16 565
b212 273 517 294 559
b213 153 126 167 158
b214 292 581 319 598
b215 58 16 79 45
b216 0 299 19 341
b217 311 346 331 394
b218 418 452 433 495
b219 413 149 431 177
b220 0 18 30 55
b221 130 434 143 479
b222 443 497 477 522
b223 69 178 88 200
b224 294 478 315 523
b225 256 224 294 271
b226 58 0 97 16
b227 0 565 13 597
b228 49 178 69 199
b229 299 219 347 243
b230 30 255 63 285
b231 398 57 428 73
b232 257 0 280 42
b233 14 366 30 379
b234 128 273 146 306
b235 88 128 134 150
b236 397 572 436 599
b237 143 434 164 474
b238 451 384 478 423
b239 455 104 477 144
b240 229 488 248 511
b241 312 286 325 310
b242 433 104 455 144
b243 315 511 352 545
b244 188 400 201 437
b245 88 49 112 85
b246 366 375 410 398
b247 292 310 331 346
b248 322 109 365 140
b249 267 470 294 505
b250 167 128 198 162
b251 59 358 102 392
b252 394 149 413 177
b253 319 581 334 594
b254 137 379 161 392
b255 0 382 47 421
b256 30 160 43 181
b257 394 211 411 244
b258 59 324 103 358
b259 242 70 268 82
b260 30 181 49 193
b261 297 243 309 288
b262 451 336 478 384
b263 275 73 322 119
b264 125 549 170 572
b265 186 332 231 347
b266 347 236 392 284
b267 182 0 221 34
b268 88 85 110 110
b269 234 271 271 289
b270 215 438 230 461
b271 200 167 242 191
b272 221 15 256 39
b273 107 273 128 303
b274 244 169 277 190
b275 271 120 293 148
b276 168 0 182 31
b277 188 388 235 400
b278 30 85 43 127
b279 436 0 479 39
b280 155 55 177 86
b281 0 0 30 18
b282 63 269 107 299
b283 186 162 199 177
b284 230 467 260 488
b285 348 156 361 189
b286 410 390 451 426
b287 170 577 212 598
b288 103 325 139 353
b289 364 284 397 321
b290 346 140 373 156
b291 246 571 289 599
b292 363 0 387 39
b293 134 120 153 163
b294 418 426 435 452
b295 125 20 168 33
b296 294 565 321 581
b297 244 82 275 120
b298 370 398 410 431
b299 0 469 13 482
