569132
849250
289014
453 638
44.91585
b0 34 367 61 382
b1 401 276 417 303
b2 101 232 127 254
b3 91 498 112 543
b4 181 125 226 165
b5 260 595 286 611
b6 100 393 138 420
b7 13 170 48 199
b8 13 106 49 127
b9 13 62 38 106
b10 363 227 394 242
b11 72 329 96 370
b12 415 107 434 124
b13 405 440 453 473
b14 164 0 208 21
b15 417 547 451 562
b16 0 425 45 467
b17 108 102 149 139
b18 245 517 289 560
b19 72 139 108 162
b20 438 86 451 103
b21 157 574 201 602
b22 259 246 288 281
b23 143 402 183 419
b24 394 209 412 233
b25 95 254 138 283
b26 73 442 100 460
b27 376 0 416 38
b28 68 317 92 329
b29 371 276 401 305
b30 112 474 140 494
b31 39 543 71 579
b32 368 471 387 493
b33 49 227 95 272
b34 186 369 215 381
b35 308 317 334 329
b36 230 413 260 440
b37 89 198 101 227
b38 419 86 438 107
b39 13 49 25 62
b40 249 369 296 388
b41 13 151 49 170
b42 203 464 228 510
b43 0 386 21 425
b44 355 401 379 428
b45 194 100 218 125
b46 0 67 13 86
b47 347 429 387 471
b48 417 276 451 304
b49 0 467 48 491
b50 34 215 48 234
b51 34 199 48 215
b52 112 420 130 457
b53 413 240 425 276
b54 198 602 228 636
b55 226 115 257 141
b56 369 120 415 151
b57 0 491 48 538
b58 73 573 98 598
b59 308 344 355 382
b60 147 16 163 55
b61 292 480 323 525
b62 157 472 203 508
b63 134 202 180 238
b64 215 371 230 404
b65 362 558 375 581
b66 47 272 89 317
b67 0 199 33 213
b68 247 489 292 517
b69 416 126 443 162
b70 23 317 68 333
b71 0 333 34 365
b72 164 83 196 98
b73 140 450 152 496
b74 300 129 343 163
b75 51 88 71 125
b76 186 330 222 369
b77 288 268 328 286
b78 369 76 411 92
b79 48 442 73 482
b80 230 440 266 455
b81 417 562 449 577
b82 345 78 369 117
b83 222 258 259 299
b84 34 333 72 367
b85 198 530 241 564
b86 324 206 363 250
b87 112 568 157 616
b88 101 45 130 89
b89 288 596 308 638
b90 339 32 363 78
b91 110 616 153 637
b92 369 495 416 540
b93 317 429 341 449
b94 149 129 180 148
b95 157 274 201 311
b96 295 164 341 197
b97 164 21 179 61
b98 88 45 101 80
b99 375 586 415 603
b100 185 404 230 448
b101 222 299 258 329
b102 269 443 309 479
b103 419 52 453 86
b104 58 0 72 42
b105 306 525 339 560
b106 13 13 46 25
b107 95 283 127 298
b108 61 370 98 408
b109 375 540 417 586
b110 308 560 347 602
b111 364 339 377 360
b112 334 305 364 330
b113 13 127 49 151
b114 243 66 287 100
b115 419 30 453 52
b116 268 349 296 368
b117 159 148 180 187
b118 375 38 419 76
b119 369 92 414 120
b120 201 564 237 600
b121 0 604 38 638
b122 135 346 178 366
b123 237 564 260 600
b124 42 579 73 614
b125 400 164 446 206
b126 359 283 371 305
b127 379 378 404 421
b128 157 530 185 574
b129 247 455 269 489
b130 127 284 157 310
b131 112 496 157 544
b132 21 386 60 404
b133 133 187 176 202
b134 308 603 355 637
b135 347 558 362 603
b136 100 420 112 457
b137 186 381 214 402
b138 287 66 315 108
b139 98 330 135 366
b140 363 30 375 73
b141 177 311 222 330
b142 227 0 264 27
b143 23 286 47 311
b144 72 43 87 83
b145 0 86 13 131
b146 399 603 447 636
b147 339 516 369 558
b148 113 186 133 204
b149 387 473 434 495
b150 345 132 368 163
b151 288 250 330 268
b152 315 71 334 87
b153 71 543 112 573
b154 164 61 181 83
b155 308 329 333 343
b156 226 200 254 216
b157 280 108 300 133
b158 134 16 147 39
b159 258 202 290 246
b160 203 448 230 464
b161 406 333 453 379
b162 363 209 394 227
b163 249 388 282 410
b164 145 366 186 402
b165 72 83 93 100
b166 290 213 324 249
b167 72 102 108 139
b168 355 360 379 401
b169 315 32 339 71
b170 284 0 329 29
b171 246 329 268 369
b172 25 49 52 62
b173 417 577 449 602
b174 72 0 88 43
b175 112 298 127 314
b176 79 460 112 498
b177 247 29 288 66
b178 434 107 451 126
b179 113 152 159 186
b180 228 464 247 504
b181 133 55 161 85
b182 13 25 58 49
b183 208 28 247 61
b184 226 141 251 187
b185 0 213 34 240
b186 48 482 79 515
b187 259 164 295 202
b188 73 598 110 638
b189 296 349 308 393
b190 288 29 315 66
b191 45 404 61 438
b192 401 304 449 333
b193 263 100 280 133
b194 96 317 124 330
b195 101 89 134 102
b196 259 286 300 327
b197 148 419 185 447
b198 51 125 70 173
b199 228 600 259 636
b200 363 166 400 209
b201 259 611 288 637
b202 412 206 451 240
b203 369 151 397 166
b204 157 602 198 635
b205 345 117 366 132
b206 135 311 177 346
b207 101 204 134 232
b208 264 0 284 27
b209 323 480 368 516
b210 127 238 151 251
b211 292 525 304 541
b212 216 216 237 258
b213 329 0 343 32
b214 112 457 139 474
b215 287 567 308 596
b216 230 371 249 413
b217 197 510 245 530
b218 100 378 143 393
b219 417 529 445 547
b220 416 0 453 30
b221 13 0 58 13
b222 416 495 441 529
b223 21 404 43 423
b224 300 108 345 129
b225 317 382 355 429
b226 52 49 68 88
b227 149 116 181 129
b228 201 274 221 295
b229 152 448 200 472
b230 343 0 376 30
b231 134 0 164 16
b232 0 581 42 604
b233 400 151 416 164
b234 161 98 194 116
b235 88 0 134 22
b236 179 21 206 60
b237 49 203 89 224
b238 379 339 406 378
b239 157 508 197 530
b240 89 298 112 317
b241 0 43 13 67
b242 268 327 308 349
b243 364 305 401 339
b244 38 62 51 99
b245 155 238 179 274
b246 0 286 23 330
b247 180 213 216 252
b248 257 133 300 164
b249 260 560 287 595
b250 300 286 334 317
b251 370 242 413 276
b252 208 0 227 28
b253 0 131 13 146
b254 0 146 13 170
b255 196 61 243 100
b256 296 393 317 406
b257 138 251 155 284
b258 405 406 449 440
b259 0 170 12 196
b260 98 573 110 592
b261 100 366 145 378
b262 404 379 452 406
b263 0 240 47 286
b264 88 22 133 45
b265 218 100 263 115
b266 181 165 226 213
b267 61 408 100 442
b268 334 283 359 305
b269 387 421 405 458
b270 181 60 196 83
b271 222 329 246 371
b272 38 614 73 638
b273 315 87 345 108
b274 0 365 33 386
b275 260 410 282 438
b276 333 330 364 344
b277 441 473 453 520
b278 185 530 198 572
b279 0 538 39 581
b280 180 252 211 274
b281 130 420 148 450
b282 355 603 399 633
b283 387 458 402 471
b284 51 173 72 203
b285 226 187 259 200
b286 72 162 113 198
b287 237 216 258 258
b288 425 240 453 276
b289 282 406 315 443
b290 134 85 161 101
b291 48 515 91 543
b292 112 544 151 568
b293 341 163 360 206
b294 289 541 306 567
b295 0 0 13 43
b296 295 197 322 213
b297 309 449 347 480
b298 330 250 370 283
b299 108 139 121 152
