549800.3125
861814.5
294516
404 729
32.847933
b0 0 593 15 620
b1 158 669 174 696
b2 253 388 275 414
b3 0 670 45 691
b4 12 270 57 310
b5 257 414 273 440
b6 294 506 332 533
b7 66 0 95 35
b8 318 266 339 302
b9 260 344 285 388
b10 122 222 137 253
b11 248 132 272 173
b12 223 272 240 291
b13 253 0 301 33
b14 163 380 207 401
b15 88 199 103 233
b16 353 686 398 728
b17 106 119 147 156
b18 45 484 89 527
b19 150 414 173 450
b20 215 34 232 47
b21 232 328 260 372
b22 225 554 254 589
b23 199 534 239 551
b24 379 409 403 427
b25 104 156 147 185
b26 52 326 79 344
b27 277 249 317 287
b28 273 552 297 564
b29 66 35 95 65
b30 337 400 357 428
b31 148 100 184 132
b32 26 382 45 404
b33 288 302 334 347
b34 333 576 345 605
b35 57 314 83 326
b36 148 697 175 727
b37 345 576 357 605
b38 339 266 360 285
b39 333 605 346 617
b40 137 232 156 279
b41 0 427 36 446
b42 357 622 403 647
b43 382 36 403 75
b44 173 452 200 476
b45 333 617 357 642
b46 337 387 356 400
b47 305 121 345 163
b48 57 264 91 292
b49 66 358 114 382
b50 12 367 26 386
b51 156 274 170 290
b52 386 249 404 286
b53 0 0 12 36
b54 269 33 299 67
b55 40 696 66 727
b56 194 551 225 597
b57 48 563 95 611
b58 124 549 149 574
b59 176 652 223 690
b60 320 236 359 252
b61 66 696 111 727
b62 257 631 293 677
b63 150 511 196 547
b64 299 36 332 51
b65 297 633 320 646
b66 0 485 45 527
b67 90 528 104 561
b68 106 70 151 98
b69 269 67 305 94
b70 194 168 239 184
b71 254 564 288 596
b72 12 118 44 133
b73 260 298 272 344
b74 205 134 248 168
b75 126 343 163 363
b76 132 34 171 70
b77 332 29 350 69
b78 127 327 169 343
b79 0 386 25 426
b80 91 296 127 311
b81 171 27 186 59
b82 292 463 331 487
b83 251 443 292 480
b84 173 414 207 452
b85 91 253 125 296
b86 199 495 243 534
b87 190 47 235 95
b88 186 0 215 44
b89 130 507 150 549
b90 208 328 232 374
b91 45 675 88 696
b92 57 84 104 129
b93 167 587 191 607
b94 345 100 364 131
b95 216 291 260 328
b96 246 480 292 513
b97 90 513 130 528
b98 56 251 91 264
b99 120 490 160 507
b100 360 159 404 204
b101 301 0 331 36
b102 0 691 40 727
b103 136 0 170 34
b104 317 252 359 266
b105 193 597 228 630
b106 125 253 137 286
b107 297 600 329 615
b108 275 169 313 206
b109 48 611 94 653
b110 0 446 42 485
b111 347 159 360 180
b112 120 425 150 450
b113 28 310 52 346
b114 12 236 56 270
b115 46 653 80 675
b116 90 494 118 513
b117 273 513 294 552
b118 172 290 216 328
b119 194 200 239 228
b120 259 690 295 726
b121 215 0 253 34
b122 118 392 161 412
b123 95 42 131 65
b124 145 618 180 649
b125 42 160 88 202
b126 186 262 208 274
b127 281 206 306 249
b128 354 56 382 100
b129 382 588 404 622
b130 340 477 370 503
b131 0 527 48 572
b132 172 59 190 98
b133 88 156 103 199
b134 235 34 269 81
b135 273 287 318 302
b136 0 36 12 73
b137 94 638 122 659
b138 208 374 250 402
b139 223 691 259 728
b140 111 686 123 729
b141 127 290 172 309
b142 88 659 125 686
b143 36 202 60 227
b144 273 302 288 342
b145 180 607 193 652
b146 125 649 158 697
b147 156 232 186 274
b148 158 649 176 669
b149 147 171 194 193
b150 307 347 330 378
b151 127 309 169 327
b152 297 646 316 662
b153 243 513 273 554
b154 357 409 379 426
b155 123 697 148 711
b156 12 181 40 197
b157 60 202 80 227
b158 136 477 159 490
b159 79 326 123 358
b160 170 0 186 27
b161 0 623 46 670
b162 149 587 167 618
b163 24 35 57 57
b164 337 428 378 464
b165 275 388 292 409
b166 172 346 208 380
b167 239 173 275 210
b168 95 0 136 24
b169 12 197 36 236
b170 331 0 376 29
b171 150 547 172 587
b172 119 412 146 425
b173 357 588 382 620
b174 194 184 237 200
b175 384 143 399 159
b176 15 572 48 610
b177 104 185 145 222
b178 240 424 257 443
b179 235 81 269 127
b180 66 65 106 84
b181 88 392 118 420
b182 292 439 337 463
b183 145 193 178 232
b184 295 683 320 729
b185 223 664 257 691
b186 371 477 404 508
b187 269 94 305 132
b188 305 84 345 121
b189 12 0 24 44
b190 136 450 173 477
b191 120 450 136 484
b192 114 363 162 392
b193 305 51 322 84
b194 363 464 391 477
b195 178 193 191 226
b196 45 410 86 451
b197 347 131 384 159
b198 292 487 340 506
b199 297 569 333 600
b200 12 81 55 118
b201 95 576 124 602
b202 160 477 199 511
b203 190 134 205 162
b204 339 285 372 326
b205 0 572 15 593
b206 24 0 66 35
b207 223 631 251 664
b208 56 227 83 247
b209 357 373 402 409
b210 209 262 222 286
b211 12 310 28 322
b212 124 574 145 616
b213 12 133 44 147
b214 350 29 367 56
b215 124 616 145 645
b216 239 210 281 229
b217 337 339 357 387
b218 176 690 219 705
b219 297 615 325 633
b220 320 206 357 236
b221 292 378 337 391
b222 378 427 403 461
b223 278 596 297 618
b224 359 228 404 249
b225 357 647 404 685
b226 170 274 209 290
b227 322 69 354 82
b228 297 662 317 683
b229 175 705 223 729
b230 86 420 119 450
b231 184 98 200 128
b232 228 589 251 631
b233 12 147 28 160
b234 172 328 205 346
b235 207 402 253 424
b236 207 468 246 495
b237 45 463 85 484
b238 332 506 371 533
b239 172 547 194 587
b240 273 414 292 437
b241 260 274 273 298
b242 382 75 404 115
b243 186 228 223 262
b244 257 677 294 690
b245 380 0 404 36
b246 207 445 251 468
b247 48 527 87 563
b248 223 229 254 272
b249 251 596 278 631
b250 371 508 402 542
b251 313 163 347 206
b252 384 115 403 143
b253 334 326 349 339
b254 359 249 383 262
b255 357 334 404 373
b256 104 555 117 576
b257 83 234 116 251
b258 320 642 354 686
b259 337 464 363 476
b260 103 222 122 234
b261 45 451 90 463
b262 372 286 399 334
b263 357 542 404 588
b264 254 229 277 274
b265 12 322 27 367
b266 292 391 337 439
b267 200 95 234 134
b268 57 292 82 314
b269 95 24 132 42
b270 25 404 40 427
b271 357 204 399 228
b272 12 57 47 81
b273 151 70 172 100
b274 207 424 240 445
b275 193 630 221 652
b276 306 206 320 237
b277 28 346 75 358
b278 162 401 204 414
b279 147 132 190 171
b280 285 347 307 378
b281 364 100 382 130
b282 90 450 120 494
b283 123 711 138 724
b284 12 160 42 181
b285 15 610 48 623
b286 297 533 338 569
b287 106 98 148 119
b288 95 602 123 638
b289 272 132 305 169
b290 82 129 98 156
b291 45 382 88 410
b292 27 358 66 382
b293 338 533 357 576
b294 360 262 386 279
b295 83 311 126 324
b296 104 528 120 555
b297 44 129 82 160
b298 320 686 353 726
b299 367 29 380 42
