560673.25
832121.5
289225
503 575
26.813918
b0 110 358 125 385
b1 482 44 498 71
b2 253 305 279 327
b3 252 284 297 305
b4 105 533 150 573
b5 361 180 387 196
b6 312 344 350 371
b7 405 325 440 354
b8 296 0 317 36
b9 295 240 339 265
b10 95 343 126 358
b11 95 302 119 343
b12 172 179 191 196
b13 279 325 312 373
b14 458 447 502 468
b15 398 560 432 575
b16 458 468 503 510
b17 0 283 41 320
b18 29 228 73 271
b19 447 169 483 192
b20 260 139 273 156
b21 251 63 295 91
b22 132 189 167 218
b23 213 316 253 333
b24 262 447 280 471
b25 43 299 72 342
b26 45 397 72 415
b27 0 416 40 454
b28 246 362 258 386
b29 249 333 279 362
b30 54 271 74 299
b31 220 280 252 316
b32 483 171 502 193
b33 37 137 83 182
b34 490 105 502 134
b35 208 198 220 224
b36 183 360 210 390
b37 491 276 503 305
b38 163 404 184 423
b39 225 530 237 543
b40 273 139 320 158
b41 83 235 119 254
b42 37 45 62 91
b43 111 492 132 531
b44 108 73 132 100
b45 258 194 282 219
b46 197 332 210 351
b47 297 265 339 305
b48 185 0 213 34
b49 434 45 482 69
b50 227 393 241 412
b51 420 384 434 400
b52 279 373 316 391
b53 126 412 162 424
b54 471 71 501 105
b55 294 513 325 539
b56 403 36 434 82
b57 138 64 185 112
b58 336 103 361 128
b59 365 91 403 138
b60 96 57 135 73
b61 296 57 341 88
b62 62 77 108 113
b63 325 145 361 191
b64 138 112 171 127
b65 316 386 339 399
b66 361 138 406 180
b67 237 524 251 557
b68 411 440 456 468
b69 215 0 251 27
b70 487 193 503 238
b71 0 36 34 68
b72 262 471 294 486
b73 83 223 129 235
b74 0 454 43 488
b75 109 100 129 137
b76 258 158 297 194
b77 320 39 360 57
b78 322 310 364 326
b79 296 112 336 137
b80 225 557 261 572
b81 446 216 461 248
b82 463 193 487 232
b83 0 142 37 183
b84 215 27 249 65
b85 62 34 96 77
b86 325 465 364 509
b87 74 254 119 302
b88 82 429 126 458
b89 183 554 225 574
b90 341 57 365 103
b91 0 320 43 341
b92 456 400 501 447
b93 203 393 227 413
b94 445 248 464 279
b95 0 68 37 112
b96 469 354 502 400
b97 448 279 488 294
b98 405 312 440 325
b99 183 462 223 479
b100 251 0 296 44
b101 101 27 137 57
b102 409 238 445 278
b103 334 540 368 574
b104 364 465 378 507
b105 163 423 196 458
b106 406 147 418 180
b107 98 183 130 198
b108 367 363 405 400
b109 33 524 75 570
b110 368 507 407 549
b111 407 547 428 560
b112 185 50 215 75
b113 33 342 69 366
b114 0 488 44 522
b115 432 520 454 554
b116 178 332 197 360
b117 219 144 258 165
b118 464 0 502 44
b119 411 400 456 428
b120 210 357 246 393
b121 72 358 110 392
b122 279 305 322 325
b123 185 93 221 116
b124 126 334 161 365
b125 339 234 385 276
b126 161 367 183 379
b127 168 277 193 320
b128 403 82 431 126
b129 62 113 96 135
b130 368 549 398 575
b131 453 309 501 354
b132 312 326 351 344
b133 448 294 491 309
b134 82 458 129 492
b135 405 354 420 399
b136 0 271 37 283
b137 132 161 153 189
b138 126 306 168 334
b139 0 0 37 36
b140 411 428 454 440
b141 251 44 296 63
b142 101 0 138 27
b143 385 255 409 280
b144 83 183 98 223
b145 418 203 463 216
b146 0 522 33 570
b147 75 533 105 575
b148 241 393 259 413
b149 464 232 486 279
b150 261 550 292 573
b151 325 522 367 540
b152 351 326 370 342
b153 171 116 212 146
b154 336 128 358 145
b155 488 238 502 263
b156 422 468 450 484
b157 162 379 182 404
b158 72 302 95 315
b159 305 194 349 226
b160 220 198 236 225
b161 83 137 130 183
b162 287 194 305 225
b163 0 381 33 403
b164 40 416 81 452
b165 407 504 424 525
b166 424 484 458 520
b167 403 0 440 36
b168 251 526 292 550
b169 210 333 249 357
b170 0 224 29 269
b171 247 219 287 241
b172 41 271 54 298
b173 213 166 238 198
b174 367 431 410 447
b175 193 193 208 209
b176 370 303 403 341
b177 130 218 167 259
b178 153 164 172 181
b179 183 496 229 530
b180 419 126 438 166
b181 383 447 411 477
b182 440 0 464 45
b183 409 279 448 312
b184 37 91 62 137
b185 148 458 182 485
b186 33 366 66 397
b187 349 196 385 234
b188 85 392 125 429
b189 406 180 418 224
b190 455 132 482 169
b191 183 479 217 495
b192 221 91 269 120
b193 385 222 402 255
b194 132 517 160 530
b195 149 379 162 412
b196 167 213 208 254
b197 419 166 447 203
b198 238 165 257 213
b199 44 488 75 524
b200 279 391 316 434
b201 262 500 291 526
b202 431 82 470 116
b203 98 198 126 213
b204 0 183 33 224
b205 172 164 193 179
b206 292 540 334 575
b207 229 496 262 524
b208 193 166 213 193
b209 280 434 325 470
b210 296 39 320 52
b211 287 225 303 237
b212 432 554 474 575
b213 262 486 294 500
b214 438 132 455 159
b215 325 421 346 450
b216 387 180 406 222
b217 259 362 279 410
b218 340 450 383 465
b219 454 520 472 548
b220 0 112 37 142
b221 0 403 45 416
b222 339 276 364 310
b223 239 447 258 469
b224 37 0 58 45
b225 365 0 403 47
b226 132 458 148 497
b227 148 485 180 498
b228 198 146 219 166
b229 212 120 260 144
b230 150 538 183 568
b231 185 34 215 50
b232 168 254 210 277
b233 402 224 418 237
b234 185 75 218 93
b235 210 258 256 280
b236 383 477 422 504
b237 160 498 181 538
b238 223 469 262 496
b239 325 399 365 421
b240 184 390 203 413
b241 350 344 363 368
b242 72 315 94 355
b243 126 424 163 458
b244 434 69 471 82
b245 296 88 332 112
b246 126 365 149 409
b247 43 452 82 488
b248 367 400 410 431
b249 193 280 220 315
b250 137 127 168 161
b251 58 0 101 34
b252 132 498 160 517
b253 488 263 503 276
b254 96 113 109 137
b255 138 12 185 51
b256 406 126 419 147
b257 161 334 178 367
b258 365 47 399 91
b259 339 371 351 397
b260 471 105 490 117
b261 168 320 213 332
b262 269 91 296 139
b263 119 259 165 306
b264 364 280 409 303
b265 438 117 483 132
b266 33 183 81 228
b267 240 413 279 447
b268 407 525 432 547
b269 483 134 501 171
b270 316 371 339 386
b271 183 530 225 554
b272 341 0 365 35
b273 420 354 441 384
b274 218 65 251 86
b275 418 216 446 238
b276 303 226 334 240
b277 138 0 185 12
b278 440 312 453 354
b279 256 241 295 284
b280 294 491 325 513
b281 168 146 198 164
b282 196 413 240 443
b283 325 450 340 463
b284 294 470 324 491
b285 138 51 171 64
b286 75 492 111 533
b287 363 342 405 363
b288 297 158 325 194
b289 210 225 247 258
b290 351 368 367 395
b291 441 354 469 397
b292 317 0 341 39
b293 196 443 239 462
b294 167 196 193 213
b295 325 509 368 522
b296 346 421 362 448
b297 472 510 503 548
b298 0 341 33 381
b299 72 392 85 405
