568294.25
845697.5
290891
461 631
34.69188
b0 125 341 152 356
b1 337 576 364 592
b2 279 173 305 195
b3 252 586 297 607
b4 47 408 87 453
b5 257 533 273 559
b6 433 465 460 503
b7 191 134 220 169
b8 436 551 457 587
b9 279 222 323 247
b10 50 27 65 58
b11 352 300 393 324
b12 134 445 151 464
b13 181 363 214 411
b14 177 89 198 133
b15 418 515 433 549
b16 419 84 461 129
b17 0 96 37 137
b18 418 587 461 631
b19 235 0 271 23
b20 134 378 151 391
b21 415 22 459 50
b22 380 0 415 29
b23 140 243 157 283
b24 214 363 232 387
b25 200 62 229 105
b26 344 135 371 153
b27 355 373 395 411
b28 447 50 459 74
b29 37 291 66 321
b30 211 568 239 588
b31 276 342 312 374
b32 393 29 415 48
b33 220 126 265 172
b34 122 378 134 407
b35 191 278 217 290
b36 298 127 328 154
b37 191 237 220 249
b38 431 221 452 240
b39 377 169 390 181
b40 142 494 189 513
b41 421 150 457 169
b42 211 543 257 568
b43 188 543 209 582
b44 238 102 265 126
b45 157 378 181 403
b46 315 593 328 612
b47 313 369 355 409
b48 114 23 142 57
b49 370 515 418 539
b50 249 408 268 422
b51 73 248 87 264
b52 328 612 365 630
b53 50 83 86 95
b54 121 57 155 87
b55 90 58 121 84
b56 414 434 460 465
b57 395 367 442 415
b58 131 283 156 308
b59 43 556 81 603
b60 83 166 99 205
b61 312 338 357 369
b62 224 473 270 509
b63 372 594 418 630
b64 313 284 346 299
b65 134 391 157 404
b66 389 199 431 244
b67 244 311 277 325
b68 47 498 92 526
b69 273 519 300 555
b70 367 455 412 471
b71 429 330 461 364
b72 362 183 394 198
b73 268 408 280 454
b74 0 487 43 521
b75 382 84 419 104
b76 0 521 39 557
b77 265 155 305 173
b78 211 588 227 630
b79 50 58 90 83
b80 0 173 36 188
b81 358 285 390 300
b82 346 50 370 89
b83 0 231 37 272
b84 157 216 191 254
b85 0 272 34 315
b86 37 321 81 360
b87 47 453 95 498
b88 220 172 264 201
b89 193 0 235 20
b90 224 509 270 533
b91 157 195 200 216
b92 0 396 47 441
b93 409 343 429 367
b94 297 612 328 631
b95 156 52 200 89
b96 119 538 152 584
b97 162 89 177 129
b98 344 122 379 135
b99 198 105 238 122
b100 388 471 433 515
b101 280 422 316 452
b102 239 201 279 237
b103 235 23 269 57
b104 47 394 89 408
b105 152 538 187 571
b106 448 169 460 202
b107 273 504 305 519
b108 233 273 270 311
b109 169 584 211 630
b110 358 246 400 285
b111 244 325 265 338
b112 86 84 111 114
b113 357 337 381 373
b114 170 411 214 445
b115 339 529 361 563
b116 174 24 193 52
b117 421 129 460 150
b118 81 534 119 578
b119 111 87 156 115
b120 0 315 36 351
b121 99 166 133 204
b122 86 146 129 166
b123 321 247 357 270
b124 311 56 346 87
b125 127 584 169 630
b126 198 122 220 134
b127 227 588 252 631
b128 377 141 421 169
b129 433 517 455 551
b130 35 603 65 629
b131 229 57 277 102
b132 214 387 232 426
b133 270 271 313 286
b134 157 254 191 301
b135 125 363 170 378
b136 214 427 251 439
b137 365 29 393 50
b138 338 0 380 28
b139 0 137 37 173
b140 97 250 140 262
b141 89 434 134 453
b142 0 28 37 55
b143 423 50 447 75
b144 251 422 266 462
b145 37 0 50 45
b146 101 308 149 341
b147 39 526 81 556
b148 349 411 369 429
b149 95 512 142 534
b150 114 0 145 23
b151 370 471 388 513
b152 217 273 233 292
b153 407 169 448 199
b154 80 226 97 248
b155 433 503 458 517
b156 370 50 386 78
b157 349 429 369 454
b158 361 232 384 245
b159 232 342 276 374
b160 37 258 64 274
b161 0 441 47 487
b162 191 525 222 543
b163 277 91 299 124
b164 37 217 73 258
b165 351 592 372 609
b166 248 374 284 408
b167 382 104 418 141
b168 97 226 138 250
b169 133 171 172 195
b170 157 301 186 346
b171 21 557 43 597
b172 231 315 244 342
b173 142 24 174 49
b174 265 326 308 342
b175 66 264 82 279
b176 344 89 382 122
b177 0 55 37 96
b178 232 408 249 427
b179 305 504 339 550
b180 154 445 194 464
b181 314 28 344 56
b182 413 244 437 289
b183 270 471 309 504
b184 142 513 188 538
b185 224 439 251 473
b186 265 124 298 155
b187 376 539 414 575
b188 309 452 349 489
b189 95 500 139 512
b190 287 15 314 52
b191 232 374 248 408
b192 284 374 313 422
b193 270 454 303 471
b194 309 489 337 502
b195 299 286 312 319
b196 417 289 458 330
b197 0 0 37 28
b198 138 195 157 243
b199 66 27 102 58
b200 0 188 37 231
b201 191 249 217 278
b202 133 132 167 171
b203 381 337 396 365
b204 191 484 224 525
b205 87 262 108 277
b206 37 113 79 148
b207 361 199 389 232
b208 134 464 154 491
b209 299 91 344 127
b210 65 603 78 627
b211 80 378 92 394
b212 437 240 458 282
b213 206 169 220 201
b214 37 274 64 291
b215 200 41 229 62
b216 372 575 414 594
b217 81 330 101 378
b218 308 323 351 338
b219 269 23 287 51
b220 154 464 191 494
b221 313 271 358 284
b222 172 169 206 194
b223 87 277 106 299
b224 0 557 21 602
b225 323 199 361 246
b226 442 364 458 403
b227 152 571 184 584
b228 344 28 365 48
b229 145 0 193 24
b230 344 153 377 183
b231 332 183 362 199
b232 191 292 233 315
b233 409 330 425 343
b234 50 95 83 113
b235 415 0 461 22
b236 305 154 332 193
b237 66 279 87 319
b238 279 195 318 222
b239 252 607 292 629
b240 328 593 351 612
b241 257 559 281 572
b242 277 286 299 326
b243 386 50 423 84
b244 400 244 413 281
b245 167 133 191 169
b246 108 262 131 306
b247 200 201 239 237
b248 86 115 129 146
b249 0 602 35 629
b250 248 237 279 271
b251 303 550 337 593
b252 431 202 459 221
b253 396 319 409 334
b254 257 572 281 585
b255 95 453 134 500
b256 114 204 127 225
b257 129 115 162 132
b258 36 360 80 394
b259 102 27 114 53
b260 303 593 315 612
b261 369 443 414 455
b262 66 0 114 27
b263 81 584 127 631
b264 0 351 23 396
b265 271 0 316 15
b266 186 315 231 363
b267 277 52 311 91
b268 316 0 338 25
b269 349 454 367 491
b270 361 539 376 562
b271 279 247 321 271
b272 101 341 125 376
b273 396 289 417 319
b274 81 205 114 226
b275 414 551 436 579
b276 87 299 101 330
b277 332 127 344 174
b278 352 324 394 337
b279 37 178 80 217
b280 281 555 303 586
b281 194 445 224 463
b282 37 148 81 178
b283 396 334 409 349
b284 194 463 224 484
b285 339 563 372 576
b286 134 404 170 445
b287 193 20 235 41
b288 220 237 248 273
b289 316 409 349 446
b290 50 0 66 27
b291 369 415 412 443
b292 313 299 352 323
b293 414 415 457 434
b294 156 346 182 363
b295 23 351 36 394
b296 92 378 119 394
b297 339 491 370 529
b298 89 394 122 434
b299 394 169 407 182
